2015-12-21 15:37:01: running: "make" "-k" "TARGET_LLVMGCC=/usr/bin/clang" "TARGET_CXX=None" "LLI_OPTFLAGS=-O3" "TARGET_CC=None" "TARGET_LLVMGXX=/usr/bin/clang++" "TEST=simple" "TARGET_FLAGS=" "USE_REFERENCE_OUTPUT=1" "CC_UNDER_TEST_TARGET_IS_X86_64=1" "OPTFLAGS=-O3" "LLC_OPTFLAGS=-O3" "ENABLE_OPTIMIZED=1" "ARCH=x86_64" "ENABLE_HASHED_PROGRAM_OUTPUT=1" "DISABLE_JIT=1" "-j" "1" "report" "report.simple.csv"
make -C /home/ed/mcsema-testing/SANDBOX/test-2015-12-21_15-36-50/tools all \
	  ORIGINAL_CC="cc" \
	  ORIGINAL_CXX="cc"
make[1]: Entering directory `/home/ed/mcsema-testing/SANDBOX/test-2015-12-21_15-36-50/tools'
make[1]: Nothing to be done for `all'.
make[1]: Leaving directory `/home/ed/mcsema-testing/SANDBOX/test-2015-12-21_15-36-50/tools'
make -j1 TEST=simple
make[1]: Entering directory `/home/ed/mcsema-testing/SANDBOX/test-2015-12-21_15-36-50'
make[2]: Entering directory `/home/ed/mcsema-testing/SANDBOX/test-2015-12-21_15-36-50/SingleSource'
make[3]: Entering directory `/home/ed/mcsema-testing/SANDBOX/test-2015-12-21_15-36-50/SingleSource/Regression'
make[4]: Entering directory `/home/ed/mcsema-testing/SANDBOX/test-2015-12-21_15-36-50/SingleSource/Regression/C++'
make[5]: Entering directory `/home/ed/mcsema-testing/SANDBOX/test-2015-12-21_15-36-50/SingleSource/Regression/C++/EH'
/home/ed/mcsema-testing/llvm-test-suite/RunSafely.sh --show-errors -t "/home/ed/mcsema-testing/SANDBOX/test-2015-12-21_15-36-50/tools/timeit" 500 /dev/null Output/class_hierarchy.llvm.o.compile \
	  /usr/bin/clang++ -I/home/ed/mcsema-testing/SANDBOX/test-2015-12-21_15-36-50/SingleSource/Regression/C++/EH -I/home/ed/mcsema-testing/llvm-test-suite/SingleSource/Regression/C++/EH -I/home/ed/mcsema-testing/llvm-test-suite/include -I../../../../include -D_GNU_SOURCE -D__STDC_LIMIT_MACROS -DNDEBUG  -O3  -m64 -fomit-frame-pointer -c /home/ed/mcsema-testing/llvm-test-suite/SingleSource/Regression/C++/EH/class_hierarchy.cpp -o Output/class_hierarchy.llvm.o
cp Output/class_hierarchy.llvm.o.compile.time Output/class_hierarchy.simple.compile.time
/usr/bin/clang++ -o Output/class_hierarchy.simple Output/class_hierarchy.llvm.o -lstdc++   -m64 -fomit-frame-pointer
/home/ed/mcsema-testing/llvm-test-suite/RunSafely.sh -t "/home/ed/mcsema-testing/SANDBOX/test-2015-12-21_15-36-50/tools/timeit-target" 500 /dev/null Output/class_hierarchy.out-simple Output/class_hierarchy.simple 
cp Output/class_hierarchy.simple Output/class_hierarchy.simple-hash; \
	strip --remove-section=.comment --remove-section='.note*' Output/class_hierarchy.simple-hash; \
	/home/ed/mcsema-testing/llvm-test-suite/HashProgramOutput.sh Output/class_hierarchy.simple-hash
if [ -f "/home/ed/mcsema-testing/llvm-test-suite/SingleSource/Regression/C++/EH/class_hierarchy.reference_output.little-endian." ]; then \
	  cp /home/ed/mcsema-testing/llvm-test-suite/SingleSource/Regression/C++/EH/class_hierarchy.reference_output.little-endian. Output/class_hierarchy.out-nat; \
	elif [ -f "/home/ed/mcsema-testing/llvm-test-suite/SingleSource/Regression/C++/EH/class_hierarchy.reference_output." ]; then \
	  cp /home/ed/mcsema-testing/llvm-test-suite/SingleSource/Regression/C++/EH/class_hierarchy.reference_output. Output/class_hierarchy.out-nat; \
	elif [ -f "/home/ed/mcsema-testing/llvm-test-suite/SingleSource/Regression/C++/EH/class_hierarchy.reference_output.little-endian" ]; then \
	  cp /home/ed/mcsema-testing/llvm-test-suite/SingleSource/Regression/C++/EH/class_hierarchy.reference_output.little-endian Output/class_hierarchy.out-nat; \
	elif [ -f "/home/ed/mcsema-testing/llvm-test-suite/SingleSource/Regression/C++/EH/class_hierarchy.reference_output" ]; then \
	  cp /home/ed/mcsema-testing/llvm-test-suite/SingleSource/Regression/C++/EH/class_hierarchy.reference_output Output/class_hierarchy.out-nat; \
	else \
	  printf "WARNING: %s: %s\n" "NO REFERENCE OUTPUT (using default)" "/home/ed/mcsema-testing/llvm-test-suite/SingleSource/Regression/C++/EH/class_hierarchy.reference_output" > Output/class_hierarchy.out-nat; \
	  cp /home/ed/mcsema-testing/llvm-test-suite/default.reference_output Output/class_hierarchy.out-nat; \
	  cat Output/class_hierarchy.out-nat; \
	fi
# Pretend that the reference output was produced instantaneously.
cp /home/ed/mcsema-testing/llvm-test-suite/instant.txt Output/class_hierarchy.out-nat.time
/home/ed/mcsema-testing/llvm-test-suite/DiffOutput.sh "/home/ed/mcsema-testing/SANDBOX/test-2015-12-21_15-36-50/tools/fpcmp " simple class_hierarchy 
rm -f Output/class_hierarchy.exe-simple
cp Output/class_hierarchy.diff-simple Output/class_hierarchy.exe-simple
if test -f Output/class_hierarchy.extra-results.txt; then \
	  /home/ed/mcsema-testing/llvm-test-suite/ParseMultipleResults /home/ed/mcsema-testing/SANDBOX/test-2015-12-21_15-36-50/SingleSource/Regression/C++/EH/class_hierarchy Output/class_hierarchy.extra-results.txt >> Output/class_hierarchy.simple.exec.report.txt; \
	fi
cat Output/class_hierarchy.simple.compile.report.txt Output/class_hierarchy.simple.exec.report.txt >> Output/class_hierarchy.simple.report.txt
---------------------------------------------------------------
>>> ========= '/home/ed/mcsema-testing/SANDBOX/test-2015-12-21_15-36-50/SingleSource/Regression/C++/EH/class_hierarchy' Program
---------------------------------------------------------------

TEST-PASS: compile /home/ed/mcsema-testing/SANDBOX/test-2015-12-21_15-36-50/SingleSource/Regression/C++/EH/class_hierarchy
TEST-RESULT-compile-success: pass
TEST-RESULT-compile-hash: 7d926d89649716e6a980ab348e314b1d
TEST-RESULT-compile-time: user       0.0407
TEST-RESULT-compile-real-time: real       0.1412

TEST-PASS: exec /home/ed/mcsema-testing/SANDBOX/test-2015-12-21_15-36-50/SingleSource/Regression/C++/EH/class_hierarchy
TEST-RESULT-exec-success: pass
TEST-RESULT-exec-time: user       0.0011
TEST-RESULT-exec-real-time: real       0.0204
/home/ed/mcsema-testing/llvm-test-suite/RunSafely.sh --show-errors -t "/home/ed/mcsema-testing/SANDBOX/test-2015-12-21_15-36-50/tools/timeit" 500 /dev/null Output/ConditionalExpr.llvm.o.compile \
	  /usr/bin/clang++ -I/home/ed/mcsema-testing/SANDBOX/test-2015-12-21_15-36-50/SingleSource/Regression/C++/EH -I/home/ed/mcsema-testing/llvm-test-suite/SingleSource/Regression/C++/EH -I/home/ed/mcsema-testing/llvm-test-suite/include -I../../../../include -D_GNU_SOURCE -D__STDC_LIMIT_MACROS -DNDEBUG  -O3  -m64 -fomit-frame-pointer -c /home/ed/mcsema-testing/llvm-test-suite/SingleSource/Regression/C++/EH/ConditionalExpr.cpp -o Output/ConditionalExpr.llvm.o
cp Output/ConditionalExpr.llvm.o.compile.time Output/ConditionalExpr.simple.compile.time
/usr/bin/clang++ -o Output/ConditionalExpr.simple Output/ConditionalExpr.llvm.o -lstdc++   -m64 -fomit-frame-pointer
/home/ed/mcsema-testing/llvm-test-suite/RunSafely.sh -t "/home/ed/mcsema-testing/SANDBOX/test-2015-12-21_15-36-50/tools/timeit-target" 500 /dev/null Output/ConditionalExpr.out-simple Output/ConditionalExpr.simple 
cp Output/ConditionalExpr.simple Output/ConditionalExpr.simple-hash; \
	strip --remove-section=.comment --remove-section='.note*' Output/ConditionalExpr.simple-hash; \
	/home/ed/mcsema-testing/llvm-test-suite/HashProgramOutput.sh Output/ConditionalExpr.simple-hash
if [ -f "/home/ed/mcsema-testing/llvm-test-suite/SingleSource/Regression/C++/EH/ConditionalExpr.reference_output.little-endian." ]; then \
	  cp /home/ed/mcsema-testing/llvm-test-suite/SingleSource/Regression/C++/EH/ConditionalExpr.reference_output.little-endian. Output/ConditionalExpr.out-nat; \
	elif [ -f "/home/ed/mcsema-testing/llvm-test-suite/SingleSource/Regression/C++/EH/ConditionalExpr.reference_output." ]; then \
	  cp /home/ed/mcsema-testing/llvm-test-suite/SingleSource/Regression/C++/EH/ConditionalExpr.reference_output. Output/ConditionalExpr.out-nat; \
	elif [ -f "/home/ed/mcsema-testing/llvm-test-suite/SingleSource/Regression/C++/EH/ConditionalExpr.reference_output.little-endian" ]; then \
	  cp /home/ed/mcsema-testing/llvm-test-suite/SingleSource/Regression/C++/EH/ConditionalExpr.reference_output.little-endian Output/ConditionalExpr.out-nat; \
	elif [ -f "/home/ed/mcsema-testing/llvm-test-suite/SingleSource/Regression/C++/EH/ConditionalExpr.reference_output" ]; then \
	  cp /home/ed/mcsema-testing/llvm-test-suite/SingleSource/Regression/C++/EH/ConditionalExpr.reference_output Output/ConditionalExpr.out-nat; \
	else \
	  printf "WARNING: %s: %s\n" "NO REFERENCE OUTPUT (using default)" "/home/ed/mcsema-testing/llvm-test-suite/SingleSource/Regression/C++/EH/ConditionalExpr.reference_output" > Output/ConditionalExpr.out-nat; \
	  cp /home/ed/mcsema-testing/llvm-test-suite/default.reference_output Output/ConditionalExpr.out-nat; \
	  cat Output/ConditionalExpr.out-nat; \
	fi
# Pretend that the reference output was produced instantaneously.
cp /home/ed/mcsema-testing/llvm-test-suite/instant.txt Output/ConditionalExpr.out-nat.time
/home/ed/mcsema-testing/llvm-test-suite/DiffOutput.sh "/home/ed/mcsema-testing/SANDBOX/test-2015-12-21_15-36-50/tools/fpcmp " simple ConditionalExpr 
rm -f Output/ConditionalExpr.exe-simple
cp Output/ConditionalExpr.diff-simple Output/ConditionalExpr.exe-simple
if test -f Output/ConditionalExpr.extra-results.txt; then \
	  /home/ed/mcsema-testing/llvm-test-suite/ParseMultipleResults /home/ed/mcsema-testing/SANDBOX/test-2015-12-21_15-36-50/SingleSource/Regression/C++/EH/ConditionalExpr Output/ConditionalExpr.extra-results.txt >> Output/ConditionalExpr.simple.exec.report.txt; \
	fi
cat Output/ConditionalExpr.simple.compile.report.txt Output/ConditionalExpr.simple.exec.report.txt >> Output/ConditionalExpr.simple.report.txt
---------------------------------------------------------------
>>> ========= '/home/ed/mcsema-testing/SANDBOX/test-2015-12-21_15-36-50/SingleSource/Regression/C++/EH/ConditionalExpr' Program
---------------------------------------------------------------

TEST-PASS: compile /home/ed/mcsema-testing/SANDBOX/test-2015-12-21_15-36-50/SingleSource/Regression/C++/EH/ConditionalExpr
TEST-RESULT-compile-success: pass
TEST-RESULT-compile-hash: 07c1ea0f3d9ebac5cfeebcc88b19c783
TEST-RESULT-compile-time: user       0.0262
TEST-RESULT-compile-real-time: real       0.0397

TEST-PASS: exec /home/ed/mcsema-testing/SANDBOX/test-2015-12-21_15-36-50/SingleSource/Regression/C++/EH/ConditionalExpr
TEST-RESULT-exec-success: pass
TEST-RESULT-exec-time: user       0.0008
TEST-RESULT-exec-real-time: real       0.0016
/home/ed/mcsema-testing/llvm-test-suite/RunSafely.sh --show-errors -t "/home/ed/mcsema-testing/SANDBOX/test-2015-12-21_15-36-50/tools/timeit" 500 /dev/null Output/ctor_dtor_count-2.llvm.o.compile \
	  /usr/bin/clang++ -I/home/ed/mcsema-testing/SANDBOX/test-2015-12-21_15-36-50/SingleSource/Regression/C++/EH -I/home/ed/mcsema-testing/llvm-test-suite/SingleSource/Regression/C++/EH -I/home/ed/mcsema-testing/llvm-test-suite/include -I../../../../include -D_GNU_SOURCE -D__STDC_LIMIT_MACROS -DNDEBUG  -O3  -m64 -fomit-frame-pointer -c /home/ed/mcsema-testing/llvm-test-suite/SingleSource/Regression/C++/EH/ctor_dtor_count-2.cpp -o Output/ctor_dtor_count-2.llvm.o
cp Output/ctor_dtor_count-2.llvm.o.compile.time Output/ctor_dtor_count-2.simple.compile.time
/usr/bin/clang++ -o Output/ctor_dtor_count-2.simple Output/ctor_dtor_count-2.llvm.o -lstdc++   -m64 -fomit-frame-pointer
/home/ed/mcsema-testing/llvm-test-suite/RunSafely.sh -t "/home/ed/mcsema-testing/SANDBOX/test-2015-12-21_15-36-50/tools/timeit-target" 500 /dev/null Output/ctor_dtor_count-2.out-simple Output/ctor_dtor_count-2.simple 
cp Output/ctor_dtor_count-2.simple Output/ctor_dtor_count-2.simple-hash; \
	strip --remove-section=.comment --remove-section='.note*' Output/ctor_dtor_count-2.simple-hash; \
	/home/ed/mcsema-testing/llvm-test-suite/HashProgramOutput.sh Output/ctor_dtor_count-2.simple-hash
if [ -f "/home/ed/mcsema-testing/llvm-test-suite/SingleSource/Regression/C++/EH/ctor_dtor_count-2.reference_output.little-endian." ]; then \
	  cp /home/ed/mcsema-testing/llvm-test-suite/SingleSource/Regression/C++/EH/ctor_dtor_count-2.reference_output.little-endian. Output/ctor_dtor_count-2.out-nat; \
	elif [ -f "/home/ed/mcsema-testing/llvm-test-suite/SingleSource/Regression/C++/EH/ctor_dtor_count-2.reference_output." ]; then \
	  cp /home/ed/mcsema-testing/llvm-test-suite/SingleSource/Regression/C++/EH/ctor_dtor_count-2.reference_output. Output/ctor_dtor_count-2.out-nat; \
	elif [ -f "/home/ed/mcsema-testing/llvm-test-suite/SingleSource/Regression/C++/EH/ctor_dtor_count-2.reference_output.little-endian" ]; then \
	  cp /home/ed/mcsema-testing/llvm-test-suite/SingleSource/Regression/C++/EH/ctor_dtor_count-2.reference_output.little-endian Output/ctor_dtor_count-2.out-nat; \
	elif [ -f "/home/ed/mcsema-testing/llvm-test-suite/SingleSource/Regression/C++/EH/ctor_dtor_count-2.reference_output" ]; then \
	  cp /home/ed/mcsema-testing/llvm-test-suite/SingleSource/Regression/C++/EH/ctor_dtor_count-2.reference_output Output/ctor_dtor_count-2.out-nat; \
	else \
	  printf "WARNING: %s: %s\n" "NO REFERENCE OUTPUT (using default)" "/home/ed/mcsema-testing/llvm-test-suite/SingleSource/Regression/C++/EH/ctor_dtor_count-2.reference_output" > Output/ctor_dtor_count-2.out-nat; \
	  cp /home/ed/mcsema-testing/llvm-test-suite/default.reference_output Output/ctor_dtor_count-2.out-nat; \
	  cat Output/ctor_dtor_count-2.out-nat; \
	fi
# Pretend that the reference output was produced instantaneously.
cp /home/ed/mcsema-testing/llvm-test-suite/instant.txt Output/ctor_dtor_count-2.out-nat.time
/home/ed/mcsema-testing/llvm-test-suite/DiffOutput.sh "/home/ed/mcsema-testing/SANDBOX/test-2015-12-21_15-36-50/tools/fpcmp " simple ctor_dtor_count-2 
rm -f Output/ctor_dtor_count-2.exe-simple
cp Output/ctor_dtor_count-2.diff-simple Output/ctor_dtor_count-2.exe-simple
if test -f Output/ctor_dtor_count-2.extra-results.txt; then \
	  /home/ed/mcsema-testing/llvm-test-suite/ParseMultipleResults /home/ed/mcsema-testing/SANDBOX/test-2015-12-21_15-36-50/SingleSource/Regression/C++/EH/ctor_dtor_count-2 Output/ctor_dtor_count-2.extra-results.txt >> Output/ctor_dtor_count-2.simple.exec.report.txt; \
	fi
cat Output/ctor_dtor_count-2.simple.compile.report.txt Output/ctor_dtor_count-2.simple.exec.report.txt >> Output/ctor_dtor_count-2.simple.report.txt
---------------------------------------------------------------
>>> ========= '/home/ed/mcsema-testing/SANDBOX/test-2015-12-21_15-36-50/SingleSource/Regression/C++/EH/ctor_dtor_count-2' Program
---------------------------------------------------------------

TEST-PASS: compile /home/ed/mcsema-testing/SANDBOX/test-2015-12-21_15-36-50/SingleSource/Regression/C++/EH/ctor_dtor_count-2
TEST-RESULT-compile-success: pass
TEST-RESULT-compile-hash: d1f416a3385aa709618f0a6602413956
TEST-RESULT-compile-time: user       0.0268
TEST-RESULT-compile-real-time: real       0.0408

TEST-PASS: exec /home/ed/mcsema-testing/SANDBOX/test-2015-12-21_15-36-50/SingleSource/Regression/C++/EH/ctor_dtor_count-2
TEST-RESULT-exec-success: pass
TEST-RESULT-exec-time: user       0.0009
TEST-RESULT-exec-real-time: real       0.0020
/home/ed/mcsema-testing/llvm-test-suite/RunSafely.sh --show-errors -t "/home/ed/mcsema-testing/SANDBOX/test-2015-12-21_15-36-50/tools/timeit" 500 /dev/null Output/ctor_dtor_count.llvm.o.compile \
	  /usr/bin/clang++ -I/home/ed/mcsema-testing/SANDBOX/test-2015-12-21_15-36-50/SingleSource/Regression/C++/EH -I/home/ed/mcsema-testing/llvm-test-suite/SingleSource/Regression/C++/EH -I/home/ed/mcsema-testing/llvm-test-suite/include -I../../../../include -D_GNU_SOURCE -D__STDC_LIMIT_MACROS -DNDEBUG  -O3  -m64 -fomit-frame-pointer -c /home/ed/mcsema-testing/llvm-test-suite/SingleSource/Regression/C++/EH/ctor_dtor_count.cpp -o Output/ctor_dtor_count.llvm.o
cp Output/ctor_dtor_count.llvm.o.compile.time Output/ctor_dtor_count.simple.compile.time
/usr/bin/clang++ -o Output/ctor_dtor_count.simple Output/ctor_dtor_count.llvm.o -lstdc++   -m64 -fomit-frame-pointer
/home/ed/mcsema-testing/llvm-test-suite/RunSafely.sh -t "/home/ed/mcsema-testing/SANDBOX/test-2015-12-21_15-36-50/tools/timeit-target" 500 /dev/null Output/ctor_dtor_count.out-simple Output/ctor_dtor_count.simple 
cp Output/ctor_dtor_count.simple Output/ctor_dtor_count.simple-hash; \
	strip --remove-section=.comment --remove-section='.note*' Output/ctor_dtor_count.simple-hash; \
	/home/ed/mcsema-testing/llvm-test-suite/HashProgramOutput.sh Output/ctor_dtor_count.simple-hash
if [ -f "/home/ed/mcsema-testing/llvm-test-suite/SingleSource/Regression/C++/EH/ctor_dtor_count.reference_output.little-endian." ]; then \
	  cp /home/ed/mcsema-testing/llvm-test-suite/SingleSource/Regression/C++/EH/ctor_dtor_count.reference_output.little-endian. Output/ctor_dtor_count.out-nat; \
	elif [ -f "/home/ed/mcsema-testing/llvm-test-suite/SingleSource/Regression/C++/EH/ctor_dtor_count.reference_output." ]; then \
	  cp /home/ed/mcsema-testing/llvm-test-suite/SingleSource/Regression/C++/EH/ctor_dtor_count.reference_output. Output/ctor_dtor_count.out-nat; \
	elif [ -f "/home/ed/mcsema-testing/llvm-test-suite/SingleSource/Regression/C++/EH/ctor_dtor_count.reference_output.little-endian" ]; then \
	  cp /home/ed/mcsema-testing/llvm-test-suite/SingleSource/Regression/C++/EH/ctor_dtor_count.reference_output.little-endian Output/ctor_dtor_count.out-nat; \
	elif [ -f "/home/ed/mcsema-testing/llvm-test-suite/SingleSource/Regression/C++/EH/ctor_dtor_count.reference_output" ]; then \
	  cp /home/ed/mcsema-testing/llvm-test-suite/SingleSource/Regression/C++/EH/ctor_dtor_count.reference_output Output/ctor_dtor_count.out-nat; \
	else \
	  printf "WARNING: %s: %s\n" "NO REFERENCE OUTPUT (using default)" "/home/ed/mcsema-testing/llvm-test-suite/SingleSource/Regression/C++/EH/ctor_dtor_count.reference_output" > Output/ctor_dtor_count.out-nat; \
	  cp /home/ed/mcsema-testing/llvm-test-suite/default.reference_output Output/ctor_dtor_count.out-nat; \
	  cat Output/ctor_dtor_count.out-nat; \
	fi
# Pretend that the reference output was produced instantaneously.
cp /home/ed/mcsema-testing/llvm-test-suite/instant.txt Output/ctor_dtor_count.out-nat.time
/home/ed/mcsema-testing/llvm-test-suite/DiffOutput.sh "/home/ed/mcsema-testing/SANDBOX/test-2015-12-21_15-36-50/tools/fpcmp " simple ctor_dtor_count 
rm -f Output/ctor_dtor_count.exe-simple
cp Output/ctor_dtor_count.diff-simple Output/ctor_dtor_count.exe-simple
if test -f Output/ctor_dtor_count.extra-results.txt; then \
	  /home/ed/mcsema-testing/llvm-test-suite/ParseMultipleResults /home/ed/mcsema-testing/SANDBOX/test-2015-12-21_15-36-50/SingleSource/Regression/C++/EH/ctor_dtor_count Output/ctor_dtor_count.extra-results.txt >> Output/ctor_dtor_count.simple.exec.report.txt; \
	fi
cat Output/ctor_dtor_count.simple.compile.report.txt Output/ctor_dtor_count.simple.exec.report.txt >> Output/ctor_dtor_count.simple.report.txt
---------------------------------------------------------------
>>> ========= '/home/ed/mcsema-testing/SANDBOX/test-2015-12-21_15-36-50/SingleSource/Regression/C++/EH/ctor_dtor_count' Program
---------------------------------------------------------------

TEST-PASS: compile /home/ed/mcsema-testing/SANDBOX/test-2015-12-21_15-36-50/SingleSource/Regression/C++/EH/ctor_dtor_count
TEST-RESULT-compile-success: pass
TEST-RESULT-compile-hash: 2d8ce47d792da7aa6a1aa9256b5e0f18
TEST-RESULT-compile-time: user       0.0368
TEST-RESULT-compile-real-time: real       0.0523

TEST-PASS: exec /home/ed/mcsema-testing/SANDBOX/test-2015-12-21_15-36-50/SingleSource/Regression/C++/EH/ctor_dtor_count
TEST-RESULT-exec-success: pass
TEST-RESULT-exec-time: user       0.0009
TEST-RESULT-exec-real-time: real       0.0017
/home/ed/mcsema-testing/llvm-test-suite/RunSafely.sh --show-errors -t "/home/ed/mcsema-testing/SANDBOX/test-2015-12-21_15-36-50/tools/timeit" 500 /dev/null Output/dead_try_block.llvm.o.compile \
	  /usr/bin/clang++ -I/home/ed/mcsema-testing/SANDBOX/test-2015-12-21_15-36-50/SingleSource/Regression/C++/EH -I/home/ed/mcsema-testing/llvm-test-suite/SingleSource/Regression/C++/EH -I/home/ed/mcsema-testing/llvm-test-suite/include -I../../../../include -D_GNU_SOURCE -D__STDC_LIMIT_MACROS -DNDEBUG  -O3  -m64 -fomit-frame-pointer -c /home/ed/mcsema-testing/llvm-test-suite/SingleSource/Regression/C++/EH/dead_try_block.cpp -o Output/dead_try_block.llvm.o
cp Output/dead_try_block.llvm.o.compile.time Output/dead_try_block.simple.compile.time
/usr/bin/clang++ -o Output/dead_try_block.simple Output/dead_try_block.llvm.o -lstdc++   -m64 -fomit-frame-pointer
/home/ed/mcsema-testing/llvm-test-suite/RunSafely.sh -t "/home/ed/mcsema-testing/SANDBOX/test-2015-12-21_15-36-50/tools/timeit-target" 500 /dev/null Output/dead_try_block.out-simple Output/dead_try_block.simple 
cp Output/dead_try_block.simple Output/dead_try_block.simple-hash; \
	strip --remove-section=.comment --remove-section='.note*' Output/dead_try_block.simple-hash; \
	/home/ed/mcsema-testing/llvm-test-suite/HashProgramOutput.sh Output/dead_try_block.simple-hash
if [ -f "/home/ed/mcsema-testing/llvm-test-suite/SingleSource/Regression/C++/EH/dead_try_block.reference_output.little-endian." ]; then \
	  cp /home/ed/mcsema-testing/llvm-test-suite/SingleSource/Regression/C++/EH/dead_try_block.reference_output.little-endian. Output/dead_try_block.out-nat; \
	elif [ -f "/home/ed/mcsema-testing/llvm-test-suite/SingleSource/Regression/C++/EH/dead_try_block.reference_output." ]; then \
	  cp /home/ed/mcsema-testing/llvm-test-suite/SingleSource/Regression/C++/EH/dead_try_block.reference_output. Output/dead_try_block.out-nat; \
	elif [ -f "/home/ed/mcsema-testing/llvm-test-suite/SingleSource/Regression/C++/EH/dead_try_block.reference_output.little-endian" ]; then \
	  cp /home/ed/mcsema-testing/llvm-test-suite/SingleSource/Regression/C++/EH/dead_try_block.reference_output.little-endian Output/dead_try_block.out-nat; \
	elif [ -f "/home/ed/mcsema-testing/llvm-test-suite/SingleSource/Regression/C++/EH/dead_try_block.reference_output" ]; then \
	  cp /home/ed/mcsema-testing/llvm-test-suite/SingleSource/Regression/C++/EH/dead_try_block.reference_output Output/dead_try_block.out-nat; \
	else \
	  printf "WARNING: %s: %s\n" "NO REFERENCE OUTPUT (using default)" "/home/ed/mcsema-testing/llvm-test-suite/SingleSource/Regression/C++/EH/dead_try_block.reference_output" > Output/dead_try_block.out-nat; \
	  cp /home/ed/mcsema-testing/llvm-test-suite/default.reference_output Output/dead_try_block.out-nat; \
	  cat Output/dead_try_block.out-nat; \
	fi
# Pretend that the reference output was produced instantaneously.
cp /home/ed/mcsema-testing/llvm-test-suite/instant.txt Output/dead_try_block.out-nat.time
/home/ed/mcsema-testing/llvm-test-suite/DiffOutput.sh "/home/ed/mcsema-testing/SANDBOX/test-2015-12-21_15-36-50/tools/fpcmp " simple dead_try_block 
rm -f Output/dead_try_block.exe-simple
cp Output/dead_try_block.diff-simple Output/dead_try_block.exe-simple
if test -f Output/dead_try_block.extra-results.txt; then \
	  /home/ed/mcsema-testing/llvm-test-suite/ParseMultipleResults /home/ed/mcsema-testing/SANDBOX/test-2015-12-21_15-36-50/SingleSource/Regression/C++/EH/dead_try_block Output/dead_try_block.extra-results.txt >> Output/dead_try_block.simple.exec.report.txt; \
	fi
cat Output/dead_try_block.simple.compile.report.txt Output/dead_try_block.simple.exec.report.txt >> Output/dead_try_block.simple.report.txt
---------------------------------------------------------------
>>> ========= '/home/ed/mcsema-testing/SANDBOX/test-2015-12-21_15-36-50/SingleSource/Regression/C++/EH/dead_try_block' Program
---------------------------------------------------------------

TEST-PASS: compile /home/ed/mcsema-testing/SANDBOX/test-2015-12-21_15-36-50/SingleSource/Regression/C++/EH/dead_try_block
TEST-RESULT-compile-success: pass
TEST-RESULT-compile-hash: 129c982c8be1c47eec36f1ec3d95b100
TEST-RESULT-compile-time: user       0.0221
TEST-RESULT-compile-real-time: real       0.0372

TEST-PASS: exec /home/ed/mcsema-testing/SANDBOX/test-2015-12-21_15-36-50/SingleSource/Regression/C++/EH/dead_try_block
TEST-RESULT-exec-success: pass
TEST-RESULT-exec-time: user       0.0009
TEST-RESULT-exec-real-time: real       0.0018
/home/ed/mcsema-testing/llvm-test-suite/RunSafely.sh --show-errors -t "/home/ed/mcsema-testing/SANDBOX/test-2015-12-21_15-36-50/tools/timeit" 500 /dev/null Output/exception_spec_test.llvm.o.compile \
	  /usr/bin/clang++ -I/home/ed/mcsema-testing/SANDBOX/test-2015-12-21_15-36-50/SingleSource/Regression/C++/EH -I/home/ed/mcsema-testing/llvm-test-suite/SingleSource/Regression/C++/EH -I/home/ed/mcsema-testing/llvm-test-suite/include -I../../../../include -D_GNU_SOURCE -D__STDC_LIMIT_MACROS -DNDEBUG  -O3  -m64 -fomit-frame-pointer -c /home/ed/mcsema-testing/llvm-test-suite/SingleSource/Regression/C++/EH/exception_spec_test.cpp -o Output/exception_spec_test.llvm.o
cp Output/exception_spec_test.llvm.o.compile.time Output/exception_spec_test.simple.compile.time
/usr/bin/clang++ -o Output/exception_spec_test.simple Output/exception_spec_test.llvm.o -lstdc++   -m64 -fomit-frame-pointer
/home/ed/mcsema-testing/llvm-test-suite/RunSafely.sh -t "/home/ed/mcsema-testing/SANDBOX/test-2015-12-21_15-36-50/tools/timeit-target" 500 /dev/null Output/exception_spec_test.out-simple Output/exception_spec_test.simple 
cp Output/exception_spec_test.simple Output/exception_spec_test.simple-hash; \
	strip --remove-section=.comment --remove-section='.note*' Output/exception_spec_test.simple-hash; \
	/home/ed/mcsema-testing/llvm-test-suite/HashProgramOutput.sh Output/exception_spec_test.simple-hash
if [ -f "/home/ed/mcsema-testing/llvm-test-suite/SingleSource/Regression/C++/EH/exception_spec_test.reference_output.little-endian." ]; then \
	  cp /home/ed/mcsema-testing/llvm-test-suite/SingleSource/Regression/C++/EH/exception_spec_test.reference_output.little-endian. Output/exception_spec_test.out-nat; \
	elif [ -f "/home/ed/mcsema-testing/llvm-test-suite/SingleSource/Regression/C++/EH/exception_spec_test.reference_output." ]; then \
	  cp /home/ed/mcsema-testing/llvm-test-suite/SingleSource/Regression/C++/EH/exception_spec_test.reference_output. Output/exception_spec_test.out-nat; \
	elif [ -f "/home/ed/mcsema-testing/llvm-test-suite/SingleSource/Regression/C++/EH/exception_spec_test.reference_output.little-endian" ]; then \
	  cp /home/ed/mcsema-testing/llvm-test-suite/SingleSource/Regression/C++/EH/exception_spec_test.reference_output.little-endian Output/exception_spec_test.out-nat; \
	elif [ -f "/home/ed/mcsema-testing/llvm-test-suite/SingleSource/Regression/C++/EH/exception_spec_test.reference_output" ]; then \
	  cp /home/ed/mcsema-testing/llvm-test-suite/SingleSource/Regression/C++/EH/exception_spec_test.reference_output Output/exception_spec_test.out-nat; \
	else \
	  printf "WARNING: %s: %s\n" "NO REFERENCE OUTPUT (using default)" "/home/ed/mcsema-testing/llvm-test-suite/SingleSource/Regression/C++/EH/exception_spec_test.reference_output" > Output/exception_spec_test.out-nat; \
	  cp /home/ed/mcsema-testing/llvm-test-suite/default.reference_output Output/exception_spec_test.out-nat; \
	  cat Output/exception_spec_test.out-nat; \
	fi
# Pretend that the reference output was produced instantaneously.
cp /home/ed/mcsema-testing/llvm-test-suite/instant.txt Output/exception_spec_test.out-nat.time
/home/ed/mcsema-testing/llvm-test-suite/DiffOutput.sh "/home/ed/mcsema-testing/SANDBOX/test-2015-12-21_15-36-50/tools/fpcmp " simple exception_spec_test 
rm -f Output/exception_spec_test.exe-simple
cp Output/exception_spec_test.diff-simple Output/exception_spec_test.exe-simple
if test -f Output/exception_spec_test.extra-results.txt; then \
	  /home/ed/mcsema-testing/llvm-test-suite/ParseMultipleResults /home/ed/mcsema-testing/SANDBOX/test-2015-12-21_15-36-50/SingleSource/Regression/C++/EH/exception_spec_test Output/exception_spec_test.extra-results.txt >> Output/exception_spec_test.simple.exec.report.txt; \
	fi
cat Output/exception_spec_test.simple.compile.report.txt Output/exception_spec_test.simple.exec.report.txt >> Output/exception_spec_test.simple.report.txt
---------------------------------------------------------------
>>> ========= '/home/ed/mcsema-testing/SANDBOX/test-2015-12-21_15-36-50/SingleSource/Regression/C++/EH/exception_spec_test' Program
---------------------------------------------------------------

TEST-PASS: compile /home/ed/mcsema-testing/SANDBOX/test-2015-12-21_15-36-50/SingleSource/Regression/C++/EH/exception_spec_test
TEST-RESULT-compile-success: pass
TEST-RESULT-compile-hash: 387d8783b9a33112d83d350b4991e641
TEST-RESULT-compile-time: user       0.0351
TEST-RESULT-compile-real-time: real       0.0505

TEST-PASS: exec /home/ed/mcsema-testing/SANDBOX/test-2015-12-21_15-36-50/SingleSource/Regression/C++/EH/exception_spec_test
TEST-RESULT-exec-success: pass
TEST-RESULT-exec-time: user       0.0010
TEST-RESULT-exec-real-time: real       0.0018
/home/ed/mcsema-testing/llvm-test-suite/RunSafely.sh --show-errors -t "/home/ed/mcsema-testing/SANDBOX/test-2015-12-21_15-36-50/tools/timeit" 500 /dev/null Output/function_try_block.llvm.o.compile \
	  /usr/bin/clang++ -I/home/ed/mcsema-testing/SANDBOX/test-2015-12-21_15-36-50/SingleSource/Regression/C++/EH -I/home/ed/mcsema-testing/llvm-test-suite/SingleSource/Regression/C++/EH -I/home/ed/mcsema-testing/llvm-test-suite/include -I../../../../include -D_GNU_SOURCE -D__STDC_LIMIT_MACROS -DNDEBUG  -O3  -m64 -fomit-frame-pointer -c /home/ed/mcsema-testing/llvm-test-suite/SingleSource/Regression/C++/EH/function_try_block.cpp -o Output/function_try_block.llvm.o
cp Output/function_try_block.llvm.o.compile.time Output/function_try_block.simple.compile.time
/usr/bin/clang++ -o Output/function_try_block.simple Output/function_try_block.llvm.o -lstdc++   -m64 -fomit-frame-pointer
/home/ed/mcsema-testing/llvm-test-suite/RunSafely.sh -t "/home/ed/mcsema-testing/SANDBOX/test-2015-12-21_15-36-50/tools/timeit-target" 500 /dev/null Output/function_try_block.out-simple Output/function_try_block.simple 
cp Output/function_try_block.simple Output/function_try_block.simple-hash; \
	strip --remove-section=.comment --remove-section='.note*' Output/function_try_block.simple-hash; \
	/home/ed/mcsema-testing/llvm-test-suite/HashProgramOutput.sh Output/function_try_block.simple-hash
if [ -f "/home/ed/mcsema-testing/llvm-test-suite/SingleSource/Regression/C++/EH/function_try_block.reference_output.little-endian." ]; then \
	  cp /home/ed/mcsema-testing/llvm-test-suite/SingleSource/Regression/C++/EH/function_try_block.reference_output.little-endian. Output/function_try_block.out-nat; \
	elif [ -f "/home/ed/mcsema-testing/llvm-test-suite/SingleSource/Regression/C++/EH/function_try_block.reference_output." ]; then \
	  cp /home/ed/mcsema-testing/llvm-test-suite/SingleSource/Regression/C++/EH/function_try_block.reference_output. Output/function_try_block.out-nat; \
	elif [ -f "/home/ed/mcsema-testing/llvm-test-suite/SingleSource/Regression/C++/EH/function_try_block.reference_output.little-endian" ]; then \
	  cp /home/ed/mcsema-testing/llvm-test-suite/SingleSource/Regression/C++/EH/function_try_block.reference_output.little-endian Output/function_try_block.out-nat; \
	elif [ -f "/home/ed/mcsema-testing/llvm-test-suite/SingleSource/Regression/C++/EH/function_try_block.reference_output" ]; then \
	  cp /home/ed/mcsema-testing/llvm-test-suite/SingleSource/Regression/C++/EH/function_try_block.reference_output Output/function_try_block.out-nat; \
	else \
	  printf "WARNING: %s: %s\n" "NO REFERENCE OUTPUT (using default)" "/home/ed/mcsema-testing/llvm-test-suite/SingleSource/Regression/C++/EH/function_try_block.reference_output" > Output/function_try_block.out-nat; \
	  cp /home/ed/mcsema-testing/llvm-test-suite/default.reference_output Output/function_try_block.out-nat; \
	  cat Output/function_try_block.out-nat; \
	fi
# Pretend that the reference output was produced instantaneously.
cp /home/ed/mcsema-testing/llvm-test-suite/instant.txt Output/function_try_block.out-nat.time
/home/ed/mcsema-testing/llvm-test-suite/DiffOutput.sh "/home/ed/mcsema-testing/SANDBOX/test-2015-12-21_15-36-50/tools/fpcmp " simple function_try_block 
rm -f Output/function_try_block.exe-simple
cp Output/function_try_block.diff-simple Output/function_try_block.exe-simple
if test -f Output/function_try_block.extra-results.txt; then \
	  /home/ed/mcsema-testing/llvm-test-suite/ParseMultipleResults /home/ed/mcsema-testing/SANDBOX/test-2015-12-21_15-36-50/SingleSource/Regression/C++/EH/function_try_block Output/function_try_block.extra-results.txt >> Output/function_try_block.simple.exec.report.txt; \
	fi
cat Output/function_try_block.simple.compile.report.txt Output/function_try_block.simple.exec.report.txt >> Output/function_try_block.simple.report.txt
---------------------------------------------------------------
>>> ========= '/home/ed/mcsema-testing/SANDBOX/test-2015-12-21_15-36-50/SingleSource/Regression/C++/EH/function_try_block' Program
---------------------------------------------------------------

TEST-PASS: compile /home/ed/mcsema-testing/SANDBOX/test-2015-12-21_15-36-50/SingleSource/Regression/C++/EH/function_try_block
TEST-RESULT-compile-success: pass
TEST-RESULT-compile-hash: 0f4592eebd360d00dca808212f36101d
TEST-RESULT-compile-time: user       0.0308
TEST-RESULT-compile-real-time: real       0.0453

TEST-PASS: exec /home/ed/mcsema-testing/SANDBOX/test-2015-12-21_15-36-50/SingleSource/Regression/C++/EH/function_try_block
TEST-RESULT-exec-success: pass
TEST-RESULT-exec-time: user       0.0009
TEST-RESULT-exec-real-time: real       0.0018
/home/ed/mcsema-testing/llvm-test-suite/RunSafely.sh --show-errors -t "/home/ed/mcsema-testing/SANDBOX/test-2015-12-21_15-36-50/tools/timeit" 500 /dev/null Output/inlined_cleanup.llvm.o.compile \
	  /usr/bin/clang++ -I/home/ed/mcsema-testing/SANDBOX/test-2015-12-21_15-36-50/SingleSource/Regression/C++/EH -I/home/ed/mcsema-testing/llvm-test-suite/SingleSource/Regression/C++/EH -I/home/ed/mcsema-testing/llvm-test-suite/include -I../../../../include -D_GNU_SOURCE -D__STDC_LIMIT_MACROS -DNDEBUG  -O3  -m64 -fomit-frame-pointer -c /home/ed/mcsema-testing/llvm-test-suite/SingleSource/Regression/C++/EH/inlined_cleanup.cpp -o Output/inlined_cleanup.llvm.o
cp Output/inlined_cleanup.llvm.o.compile.time Output/inlined_cleanup.simple.compile.time
/usr/bin/clang++ -o Output/inlined_cleanup.simple Output/inlined_cleanup.llvm.o -lstdc++   -m64 -fomit-frame-pointer
/home/ed/mcsema-testing/llvm-test-suite/RunSafely.sh -t "/home/ed/mcsema-testing/SANDBOX/test-2015-12-21_15-36-50/tools/timeit-target" 500 /dev/null Output/inlined_cleanup.out-simple Output/inlined_cleanup.simple 
cp Output/inlined_cleanup.simple Output/inlined_cleanup.simple-hash; \
	strip --remove-section=.comment --remove-section='.note*' Output/inlined_cleanup.simple-hash; \
	/home/ed/mcsema-testing/llvm-test-suite/HashProgramOutput.sh Output/inlined_cleanup.simple-hash
if [ -f "/home/ed/mcsema-testing/llvm-test-suite/SingleSource/Regression/C++/EH/inlined_cleanup.reference_output.little-endian." ]; then \
	  cp /home/ed/mcsema-testing/llvm-test-suite/SingleSource/Regression/C++/EH/inlined_cleanup.reference_output.little-endian. Output/inlined_cleanup.out-nat; \
	elif [ -f "/home/ed/mcsema-testing/llvm-test-suite/SingleSource/Regression/C++/EH/inlined_cleanup.reference_output." ]; then \
	  cp /home/ed/mcsema-testing/llvm-test-suite/SingleSource/Regression/C++/EH/inlined_cleanup.reference_output. Output/inlined_cleanup.out-nat; \
	elif [ -f "/home/ed/mcsema-testing/llvm-test-suite/SingleSource/Regression/C++/EH/inlined_cleanup.reference_output.little-endian" ]; then \
	  cp /home/ed/mcsema-testing/llvm-test-suite/SingleSource/Regression/C++/EH/inlined_cleanup.reference_output.little-endian Output/inlined_cleanup.out-nat; \
	elif [ -f "/home/ed/mcsema-testing/llvm-test-suite/SingleSource/Regression/C++/EH/inlined_cleanup.reference_output" ]; then \
	  cp /home/ed/mcsema-testing/llvm-test-suite/SingleSource/Regression/C++/EH/inlined_cleanup.reference_output Output/inlined_cleanup.out-nat; \
	else \
	  printf "WARNING: %s: %s\n" "NO REFERENCE OUTPUT (using default)" "/home/ed/mcsema-testing/llvm-test-suite/SingleSource/Regression/C++/EH/inlined_cleanup.reference_output" > Output/inlined_cleanup.out-nat; \
	  cp /home/ed/mcsema-testing/llvm-test-suite/default.reference_output Output/inlined_cleanup.out-nat; \
	  cat Output/inlined_cleanup.out-nat; \
	fi
# Pretend that the reference output was produced instantaneously.
cp /home/ed/mcsema-testing/llvm-test-suite/instant.txt Output/inlined_cleanup.out-nat.time
/home/ed/mcsema-testing/llvm-test-suite/DiffOutput.sh "/home/ed/mcsema-testing/SANDBOX/test-2015-12-21_15-36-50/tools/fpcmp " simple inlined_cleanup 
rm -f Output/inlined_cleanup.exe-simple
cp Output/inlined_cleanup.diff-simple Output/inlined_cleanup.exe-simple
if test -f Output/inlined_cleanup.extra-results.txt; then \
	  /home/ed/mcsema-testing/llvm-test-suite/ParseMultipleResults /home/ed/mcsema-testing/SANDBOX/test-2015-12-21_15-36-50/SingleSource/Regression/C++/EH/inlined_cleanup Output/inlined_cleanup.extra-results.txt >> Output/inlined_cleanup.simple.exec.report.txt; \
	fi
cat Output/inlined_cleanup.simple.compile.report.txt Output/inlined_cleanup.simple.exec.report.txt >> Output/inlined_cleanup.simple.report.txt
---------------------------------------------------------------
>>> ========= '/home/ed/mcsema-testing/SANDBOX/test-2015-12-21_15-36-50/SingleSource/Regression/C++/EH/inlined_cleanup' Program
---------------------------------------------------------------

TEST-PASS: compile /home/ed/mcsema-testing/SANDBOX/test-2015-12-21_15-36-50/SingleSource/Regression/C++/EH/inlined_cleanup
TEST-RESULT-compile-success: pass
TEST-RESULT-compile-hash: 97d109771248bdf8712542f9face6f56
TEST-RESULT-compile-time: user       0.0321
TEST-RESULT-compile-real-time: real       0.0467

TEST-PASS: exec /home/ed/mcsema-testing/SANDBOX/test-2015-12-21_15-36-50/SingleSource/Regression/C++/EH/inlined_cleanup
TEST-RESULT-exec-success: pass
TEST-RESULT-exec-time: user       0.0009
TEST-RESULT-exec-real-time: real       0.0019
/home/ed/mcsema-testing/llvm-test-suite/RunSafely.sh --show-errors -t "/home/ed/mcsema-testing/SANDBOX/test-2015-12-21_15-36-50/tools/timeit" 500 /dev/null Output/recursive-throw.llvm.o.compile \
	  /usr/bin/clang++ -I/home/ed/mcsema-testing/SANDBOX/test-2015-12-21_15-36-50/SingleSource/Regression/C++/EH -I/home/ed/mcsema-testing/llvm-test-suite/SingleSource/Regression/C++/EH -I/home/ed/mcsema-testing/llvm-test-suite/include -I../../../../include -D_GNU_SOURCE -D__STDC_LIMIT_MACROS -DNDEBUG  -O3  -m64 -fomit-frame-pointer -c /home/ed/mcsema-testing/llvm-test-suite/SingleSource/Regression/C++/EH/recursive-throw.cpp -o Output/recursive-throw.llvm.o
cp Output/recursive-throw.llvm.o.compile.time Output/recursive-throw.simple.compile.time
/usr/bin/clang++ -o Output/recursive-throw.simple Output/recursive-throw.llvm.o -lstdc++   -m64 -fomit-frame-pointer
/home/ed/mcsema-testing/llvm-test-suite/RunSafely.sh -t "/home/ed/mcsema-testing/SANDBOX/test-2015-12-21_15-36-50/tools/timeit-target" 500 /dev/null Output/recursive-throw.out-simple Output/recursive-throw.simple 
cp Output/recursive-throw.simple Output/recursive-throw.simple-hash; \
	strip --remove-section=.comment --remove-section='.note*' Output/recursive-throw.simple-hash; \
	/home/ed/mcsema-testing/llvm-test-suite/HashProgramOutput.sh Output/recursive-throw.simple-hash
if [ -f "/home/ed/mcsema-testing/llvm-test-suite/SingleSource/Regression/C++/EH/recursive-throw.reference_output.little-endian." ]; then \
	  cp /home/ed/mcsema-testing/llvm-test-suite/SingleSource/Regression/C++/EH/recursive-throw.reference_output.little-endian. Output/recursive-throw.out-nat; \
	elif [ -f "/home/ed/mcsema-testing/llvm-test-suite/SingleSource/Regression/C++/EH/recursive-throw.reference_output." ]; then \
	  cp /home/ed/mcsema-testing/llvm-test-suite/SingleSource/Regression/C++/EH/recursive-throw.reference_output. Output/recursive-throw.out-nat; \
	elif [ -f "/home/ed/mcsema-testing/llvm-test-suite/SingleSource/Regression/C++/EH/recursive-throw.reference_output.little-endian" ]; then \
	  cp /home/ed/mcsema-testing/llvm-test-suite/SingleSource/Regression/C++/EH/recursive-throw.reference_output.little-endian Output/recursive-throw.out-nat; \
	elif [ -f "/home/ed/mcsema-testing/llvm-test-suite/SingleSource/Regression/C++/EH/recursive-throw.reference_output" ]; then \
	  cp /home/ed/mcsema-testing/llvm-test-suite/SingleSource/Regression/C++/EH/recursive-throw.reference_output Output/recursive-throw.out-nat; \
	else \
	  printf "WARNING: %s: %s\n" "NO REFERENCE OUTPUT (using default)" "/home/ed/mcsema-testing/llvm-test-suite/SingleSource/Regression/C++/EH/recursive-throw.reference_output" > Output/recursive-throw.out-nat; \
	  cp /home/ed/mcsema-testing/llvm-test-suite/default.reference_output Output/recursive-throw.out-nat; \
	  cat Output/recursive-throw.out-nat; \
	fi
# Pretend that the reference output was produced instantaneously.
cp /home/ed/mcsema-testing/llvm-test-suite/instant.txt Output/recursive-throw.out-nat.time
/home/ed/mcsema-testing/llvm-test-suite/DiffOutput.sh "/home/ed/mcsema-testing/SANDBOX/test-2015-12-21_15-36-50/tools/fpcmp " simple recursive-throw 
rm -f Output/recursive-throw.exe-simple
cp Output/recursive-throw.diff-simple Output/recursive-throw.exe-simple
if test -f Output/recursive-throw.extra-results.txt; then \
	  /home/ed/mcsema-testing/llvm-test-suite/ParseMultipleResults /home/ed/mcsema-testing/SANDBOX/test-2015-12-21_15-36-50/SingleSource/Regression/C++/EH/recursive-throw Output/recursive-throw.extra-results.txt >> Output/recursive-throw.simple.exec.report.txt; \
	fi
cat Output/recursive-throw.simple.compile.report.txt Output/recursive-throw.simple.exec.report.txt >> Output/recursive-throw.simple.report.txt
---------------------------------------------------------------
>>> ========= '/home/ed/mcsema-testing/SANDBOX/test-2015-12-21_15-36-50/SingleSource/Regression/C++/EH/recursive-throw' Program
---------------------------------------------------------------

TEST-PASS: compile /home/ed/mcsema-testing/SANDBOX/test-2015-12-21_15-36-50/SingleSource/Regression/C++/EH/recursive-throw
TEST-RESULT-compile-success: pass
TEST-RESULT-compile-hash: 6d62ba111c46c018edcc9945e755dc53
TEST-RESULT-compile-time: user       0.0286
TEST-RESULT-compile-real-time: real       0.0433

TEST-PASS: exec /home/ed/mcsema-testing/SANDBOX/test-2015-12-21_15-36-50/SingleSource/Regression/C++/EH/recursive-throw
TEST-RESULT-exec-success: pass
TEST-RESULT-exec-time: user       0.0009
TEST-RESULT-exec-real-time: real       0.0017
/home/ed/mcsema-testing/llvm-test-suite/RunSafely.sh --show-errors -t "/home/ed/mcsema-testing/SANDBOX/test-2015-12-21_15-36-50/tools/timeit" 500 /dev/null Output/simple_rethrow.llvm.o.compile \
	  /usr/bin/clang++ -I/home/ed/mcsema-testing/SANDBOX/test-2015-12-21_15-36-50/SingleSource/Regression/C++/EH -I/home/ed/mcsema-testing/llvm-test-suite/SingleSource/Regression/C++/EH -I/home/ed/mcsema-testing/llvm-test-suite/include -I../../../../include -D_GNU_SOURCE -D__STDC_LIMIT_MACROS -DNDEBUG  -O3  -m64 -fomit-frame-pointer -c /home/ed/mcsema-testing/llvm-test-suite/SingleSource/Regression/C++/EH/simple_rethrow.cpp -o Output/simple_rethrow.llvm.o
cp Output/simple_rethrow.llvm.o.compile.time Output/simple_rethrow.simple.compile.time
/usr/bin/clang++ -o Output/simple_rethrow.simple Output/simple_rethrow.llvm.o -lstdc++   -m64 -fomit-frame-pointer
/home/ed/mcsema-testing/llvm-test-suite/RunSafely.sh -t "/home/ed/mcsema-testing/SANDBOX/test-2015-12-21_15-36-50/tools/timeit-target" 500 /dev/null Output/simple_rethrow.out-simple Output/simple_rethrow.simple 
cp Output/simple_rethrow.simple Output/simple_rethrow.simple-hash; \
	strip --remove-section=.comment --remove-section='.note*' Output/simple_rethrow.simple-hash; \
	/home/ed/mcsema-testing/llvm-test-suite/HashProgramOutput.sh Output/simple_rethrow.simple-hash
if [ -f "/home/ed/mcsema-testing/llvm-test-suite/SingleSource/Regression/C++/EH/simple_rethrow.reference_output.little-endian." ]; then \
	  cp /home/ed/mcsema-testing/llvm-test-suite/SingleSource/Regression/C++/EH/simple_rethrow.reference_output.little-endian. Output/simple_rethrow.out-nat; \
	elif [ -f "/home/ed/mcsema-testing/llvm-test-suite/SingleSource/Regression/C++/EH/simple_rethrow.reference_output." ]; then \
	  cp /home/ed/mcsema-testing/llvm-test-suite/SingleSource/Regression/C++/EH/simple_rethrow.reference_output. Output/simple_rethrow.out-nat; \
	elif [ -f "/home/ed/mcsema-testing/llvm-test-suite/SingleSource/Regression/C++/EH/simple_rethrow.reference_output.little-endian" ]; then \
	  cp /home/ed/mcsema-testing/llvm-test-suite/SingleSource/Regression/C++/EH/simple_rethrow.reference_output.little-endian Output/simple_rethrow.out-nat; \
	elif [ -f "/home/ed/mcsema-testing/llvm-test-suite/SingleSource/Regression/C++/EH/simple_rethrow.reference_output" ]; then \
	  cp /home/ed/mcsema-testing/llvm-test-suite/SingleSource/Regression/C++/EH/simple_rethrow.reference_output Output/simple_rethrow.out-nat; \
	else \
	  printf "WARNING: %s: %s\n" "NO REFERENCE OUTPUT (using default)" "/home/ed/mcsema-testing/llvm-test-suite/SingleSource/Regression/C++/EH/simple_rethrow.reference_output" > Output/simple_rethrow.out-nat; \
	  cp /home/ed/mcsema-testing/llvm-test-suite/default.reference_output Output/simple_rethrow.out-nat; \
	  cat Output/simple_rethrow.out-nat; \
	fi
# Pretend that the reference output was produced instantaneously.
cp /home/ed/mcsema-testing/llvm-test-suite/instant.txt Output/simple_rethrow.out-nat.time
/home/ed/mcsema-testing/llvm-test-suite/DiffOutput.sh "/home/ed/mcsema-testing/SANDBOX/test-2015-12-21_15-36-50/tools/fpcmp " simple simple_rethrow 
rm -f Output/simple_rethrow.exe-simple
cp Output/simple_rethrow.diff-simple Output/simple_rethrow.exe-simple
if test -f Output/simple_rethrow.extra-results.txt; then \
	  /home/ed/mcsema-testing/llvm-test-suite/ParseMultipleResults /home/ed/mcsema-testing/SANDBOX/test-2015-12-21_15-36-50/SingleSource/Regression/C++/EH/simple_rethrow Output/simple_rethrow.extra-results.txt >> Output/simple_rethrow.simple.exec.report.txt; \
	fi
cat Output/simple_rethrow.simple.compile.report.txt Output/simple_rethrow.simple.exec.report.txt >> Output/simple_rethrow.simple.report.txt
---------------------------------------------------------------
>>> ========= '/home/ed/mcsema-testing/SANDBOX/test-2015-12-21_15-36-50/SingleSource/Regression/C++/EH/simple_rethrow' Program
---------------------------------------------------------------

TEST-PASS: compile /home/ed/mcsema-testing/SANDBOX/test-2015-12-21_15-36-50/SingleSource/Regression/C++/EH/simple_rethrow
TEST-RESULT-compile-success: pass
TEST-RESULT-compile-hash: 28bc917e42c649fdaeacf2ed2aaeb7ed
TEST-RESULT-compile-time: user       0.0252
TEST-RESULT-compile-real-time: real       0.0392

TEST-PASS: exec /home/ed/mcsema-testing/SANDBOX/test-2015-12-21_15-36-50/SingleSource/Regression/C++/EH/simple_rethrow
TEST-RESULT-exec-success: pass
TEST-RESULT-exec-time: user       0.0009
TEST-RESULT-exec-real-time: real       0.0018
/home/ed/mcsema-testing/llvm-test-suite/RunSafely.sh --show-errors -t "/home/ed/mcsema-testing/SANDBOX/test-2015-12-21_15-36-50/tools/timeit" 500 /dev/null Output/simple_throw.llvm.o.compile \
	  /usr/bin/clang++ -I/home/ed/mcsema-testing/SANDBOX/test-2015-12-21_15-36-50/SingleSource/Regression/C++/EH -I/home/ed/mcsema-testing/llvm-test-suite/SingleSource/Regression/C++/EH -I/home/ed/mcsema-testing/llvm-test-suite/include -I../../../../include -D_GNU_SOURCE -D__STDC_LIMIT_MACROS -DNDEBUG  -O3  -m64 -fomit-frame-pointer -c /home/ed/mcsema-testing/llvm-test-suite/SingleSource/Regression/C++/EH/simple_throw.cpp -o Output/simple_throw.llvm.o
cp Output/simple_throw.llvm.o.compile.time Output/simple_throw.simple.compile.time
/usr/bin/clang++ -o Output/simple_throw.simple Output/simple_throw.llvm.o -lstdc++   -m64 -fomit-frame-pointer
/home/ed/mcsema-testing/llvm-test-suite/RunSafely.sh -t "/home/ed/mcsema-testing/SANDBOX/test-2015-12-21_15-36-50/tools/timeit-target" 500 /dev/null Output/simple_throw.out-simple Output/simple_throw.simple 
cp Output/simple_throw.simple Output/simple_throw.simple-hash; \
	strip --remove-section=.comment --remove-section='.note*' Output/simple_throw.simple-hash; \
	/home/ed/mcsema-testing/llvm-test-suite/HashProgramOutput.sh Output/simple_throw.simple-hash
if [ -f "/home/ed/mcsema-testing/llvm-test-suite/SingleSource/Regression/C++/EH/simple_throw.reference_output.little-endian." ]; then \
	  cp /home/ed/mcsema-testing/llvm-test-suite/SingleSource/Regression/C++/EH/simple_throw.reference_output.little-endian. Output/simple_throw.out-nat; \
	elif [ -f "/home/ed/mcsema-testing/llvm-test-suite/SingleSource/Regression/C++/EH/simple_throw.reference_output." ]; then \
	  cp /home/ed/mcsema-testing/llvm-test-suite/SingleSource/Regression/C++/EH/simple_throw.reference_output. Output/simple_throw.out-nat; \
	elif [ -f "/home/ed/mcsema-testing/llvm-test-suite/SingleSource/Regression/C++/EH/simple_throw.reference_output.little-endian" ]; then \
	  cp /home/ed/mcsema-testing/llvm-test-suite/SingleSource/Regression/C++/EH/simple_throw.reference_output.little-endian Output/simple_throw.out-nat; \
	elif [ -f "/home/ed/mcsema-testing/llvm-test-suite/SingleSource/Regression/C++/EH/simple_throw.reference_output" ]; then \
	  cp /home/ed/mcsema-testing/llvm-test-suite/SingleSource/Regression/C++/EH/simple_throw.reference_output Output/simple_throw.out-nat; \
	else \
	  printf "WARNING: %s: %s\n" "NO REFERENCE OUTPUT (using default)" "/home/ed/mcsema-testing/llvm-test-suite/SingleSource/Regression/C++/EH/simple_throw.reference_output" > Output/simple_throw.out-nat; \
	  cp /home/ed/mcsema-testing/llvm-test-suite/default.reference_output Output/simple_throw.out-nat; \
	  cat Output/simple_throw.out-nat; \
	fi
# Pretend that the reference output was produced instantaneously.
cp /home/ed/mcsema-testing/llvm-test-suite/instant.txt Output/simple_throw.out-nat.time
/home/ed/mcsema-testing/llvm-test-suite/DiffOutput.sh "/home/ed/mcsema-testing/SANDBOX/test-2015-12-21_15-36-50/tools/fpcmp " simple simple_throw 
rm -f Output/simple_throw.exe-simple
cp Output/simple_throw.diff-simple Output/simple_throw.exe-simple
if test -f Output/simple_throw.extra-results.txt; then \
	  /home/ed/mcsema-testing/llvm-test-suite/ParseMultipleResults /home/ed/mcsema-testing/SANDBOX/test-2015-12-21_15-36-50/SingleSource/Regression/C++/EH/simple_throw Output/simple_throw.extra-results.txt >> Output/simple_throw.simple.exec.report.txt; \
	fi
cat Output/simple_throw.simple.compile.report.txt Output/simple_throw.simple.exec.report.txt >> Output/simple_throw.simple.report.txt
---------------------------------------------------------------
>>> ========= '/home/ed/mcsema-testing/SANDBOX/test-2015-12-21_15-36-50/SingleSource/Regression/C++/EH/simple_throw' Program
---------------------------------------------------------------

TEST-PASS: compile /home/ed/mcsema-testing/SANDBOX/test-2015-12-21_15-36-50/SingleSource/Regression/C++/EH/simple_throw
TEST-RESULT-compile-success: pass
TEST-RESULT-compile-hash: cfd1dde133cf85223819843421678593
TEST-RESULT-compile-time: user       0.0230
TEST-RESULT-compile-real-time: real       0.0369

TEST-PASS: exec /home/ed/mcsema-testing/SANDBOX/test-2015-12-21_15-36-50/SingleSource/Regression/C++/EH/simple_throw
TEST-RESULT-exec-success: pass
TEST-RESULT-exec-time: user       0.0009
TEST-RESULT-exec-real-time: real       0.0019
/home/ed/mcsema-testing/llvm-test-suite/RunSafely.sh --show-errors -t "/home/ed/mcsema-testing/SANDBOX/test-2015-12-21_15-36-50/tools/timeit" 500 /dev/null Output/throw_rethrow_test.llvm.o.compile \
	  /usr/bin/clang++ -I/home/ed/mcsema-testing/SANDBOX/test-2015-12-21_15-36-50/SingleSource/Regression/C++/EH -I/home/ed/mcsema-testing/llvm-test-suite/SingleSource/Regression/C++/EH -I/home/ed/mcsema-testing/llvm-test-suite/include -I../../../../include -D_GNU_SOURCE -D__STDC_LIMIT_MACROS -DNDEBUG  -O3  -m64 -fomit-frame-pointer -c /home/ed/mcsema-testing/llvm-test-suite/SingleSource/Regression/C++/EH/throw_rethrow_test.cpp -o Output/throw_rethrow_test.llvm.o
cp Output/throw_rethrow_test.llvm.o.compile.time Output/throw_rethrow_test.simple.compile.time
/usr/bin/clang++ -o Output/throw_rethrow_test.simple Output/throw_rethrow_test.llvm.o -lstdc++   -m64 -fomit-frame-pointer
/home/ed/mcsema-testing/llvm-test-suite/RunSafely.sh -t "/home/ed/mcsema-testing/SANDBOX/test-2015-12-21_15-36-50/tools/timeit-target" 500 /dev/null Output/throw_rethrow_test.out-simple Output/throw_rethrow_test.simple 
cp Output/throw_rethrow_test.simple Output/throw_rethrow_test.simple-hash; \
	strip --remove-section=.comment --remove-section='.note*' Output/throw_rethrow_test.simple-hash; \
	/home/ed/mcsema-testing/llvm-test-suite/HashProgramOutput.sh Output/throw_rethrow_test.simple-hash
if [ -f "/home/ed/mcsema-testing/llvm-test-suite/SingleSource/Regression/C++/EH/throw_rethrow_test.reference_output.little-endian." ]; then \
	  cp /home/ed/mcsema-testing/llvm-test-suite/SingleSource/Regression/C++/EH/throw_rethrow_test.reference_output.little-endian. Output/throw_rethrow_test.out-nat; \
	elif [ -f "/home/ed/mcsema-testing/llvm-test-suite/SingleSource/Regression/C++/EH/throw_rethrow_test.reference_output." ]; then \
	  cp /home/ed/mcsema-testing/llvm-test-suite/SingleSource/Regression/C++/EH/throw_rethrow_test.reference_output. Output/throw_rethrow_test.out-nat; \
	elif [ -f "/home/ed/mcsema-testing/llvm-test-suite/SingleSource/Regression/C++/EH/throw_rethrow_test.reference_output.little-endian" ]; then \
	  cp /home/ed/mcsema-testing/llvm-test-suite/SingleSource/Regression/C++/EH/throw_rethrow_test.reference_output.little-endian Output/throw_rethrow_test.out-nat; \
	elif [ -f "/home/ed/mcsema-testing/llvm-test-suite/SingleSource/Regression/C++/EH/throw_rethrow_test.reference_output" ]; then \
	  cp /home/ed/mcsema-testing/llvm-test-suite/SingleSource/Regression/C++/EH/throw_rethrow_test.reference_output Output/throw_rethrow_test.out-nat; \
	else \
	  printf "WARNING: %s: %s\n" "NO REFERENCE OUTPUT (using default)" "/home/ed/mcsema-testing/llvm-test-suite/SingleSource/Regression/C++/EH/throw_rethrow_test.reference_output" > Output/throw_rethrow_test.out-nat; \
	  cp /home/ed/mcsema-testing/llvm-test-suite/default.reference_output Output/throw_rethrow_test.out-nat; \
	  cat Output/throw_rethrow_test.out-nat; \
	fi
# Pretend that the reference output was produced instantaneously.
cp /home/ed/mcsema-testing/llvm-test-suite/instant.txt Output/throw_rethrow_test.out-nat.time
/home/ed/mcsema-testing/llvm-test-suite/DiffOutput.sh "/home/ed/mcsema-testing/SANDBOX/test-2015-12-21_15-36-50/tools/fpcmp " simple throw_rethrow_test 
rm -f Output/throw_rethrow_test.exe-simple
cp Output/throw_rethrow_test.diff-simple Output/throw_rethrow_test.exe-simple
if test -f Output/throw_rethrow_test.extra-results.txt; then \
	  /home/ed/mcsema-testing/llvm-test-suite/ParseMultipleResults /home/ed/mcsema-testing/SANDBOX/test-2015-12-21_15-36-50/SingleSource/Regression/C++/EH/throw_rethrow_test Output/throw_rethrow_test.extra-results.txt >> Output/throw_rethrow_test.simple.exec.report.txt; \
	fi
cat Output/throw_rethrow_test.simple.compile.report.txt Output/throw_rethrow_test.simple.exec.report.txt >> Output/throw_rethrow_test.simple.report.txt
---------------------------------------------------------------
>>> ========= '/home/ed/mcsema-testing/SANDBOX/test-2015-12-21_15-36-50/SingleSource/Regression/C++/EH/throw_rethrow_test' Program
---------------------------------------------------------------

TEST-PASS: compile /home/ed/mcsema-testing/SANDBOX/test-2015-12-21_15-36-50/SingleSource/Regression/C++/EH/throw_rethrow_test
TEST-RESULT-compile-success: pass
TEST-RESULT-compile-hash: c996dc01fb4731f9944cc46648c94879
TEST-RESULT-compile-time: user       0.0283
TEST-RESULT-compile-real-time: real       0.0426

TEST-PASS: exec /home/ed/mcsema-testing/SANDBOX/test-2015-12-21_15-36-50/SingleSource/Regression/C++/EH/throw_rethrow_test
TEST-RESULT-exec-success: pass
TEST-RESULT-exec-time: user       0.0010
TEST-RESULT-exec-real-time: real       0.0019
make[5]: Leaving directory `/home/ed/mcsema-testing/SANDBOX/test-2015-12-21_15-36-50/SingleSource/Regression/C++/EH'
/home/ed/mcsema-testing/llvm-test-suite/RunSafely.sh --show-errors -t "/home/ed/mcsema-testing/SANDBOX/test-2015-12-21_15-36-50/tools/timeit" 500 /dev/null Output/2003-05-14-array-init.llvm.o.compile \
	  /usr/bin/clang++ -I/home/ed/mcsema-testing/SANDBOX/test-2015-12-21_15-36-50/SingleSource/Regression/C++ -I/home/ed/mcsema-testing/llvm-test-suite/SingleSource/Regression/C++ -I/home/ed/mcsema-testing/llvm-test-suite/include -I../../../include -D_GNU_SOURCE -D__STDC_LIMIT_MACROS -DNDEBUG  -O3  -m64 -fomit-frame-pointer -c /home/ed/mcsema-testing/llvm-test-suite/SingleSource/Regression/C++/2003-05-14-array-init.cpp -o Output/2003-05-14-array-init.llvm.o
cp Output/2003-05-14-array-init.llvm.o.compile.time Output/2003-05-14-array-init.simple.compile.time
/usr/bin/clang++ -o Output/2003-05-14-array-init.simple Output/2003-05-14-array-init.llvm.o -lstdc++   -m64 -fomit-frame-pointer
/home/ed/mcsema-testing/llvm-test-suite/RunSafely.sh -t "/home/ed/mcsema-testing/SANDBOX/test-2015-12-21_15-36-50/tools/timeit-target" 500 /dev/null Output/2003-05-14-array-init.out-simple Output/2003-05-14-array-init.simple 
cp Output/2003-05-14-array-init.simple Output/2003-05-14-array-init.simple-hash; \
	strip --remove-section=.comment --remove-section='.note*' Output/2003-05-14-array-init.simple-hash; \
	/home/ed/mcsema-testing/llvm-test-suite/HashProgramOutput.sh Output/2003-05-14-array-init.simple-hash
if [ -f "/home/ed/mcsema-testing/llvm-test-suite/SingleSource/Regression/C++/2003-05-14-array-init.reference_output.little-endian." ]; then \
	  cp /home/ed/mcsema-testing/llvm-test-suite/SingleSource/Regression/C++/2003-05-14-array-init.reference_output.little-endian. Output/2003-05-14-array-init.out-nat; \
	elif [ -f "/home/ed/mcsema-testing/llvm-test-suite/SingleSource/Regression/C++/2003-05-14-array-init.reference_output." ]; then \
	  cp /home/ed/mcsema-testing/llvm-test-suite/SingleSource/Regression/C++/2003-05-14-array-init.reference_output. Output/2003-05-14-array-init.out-nat; \
	elif [ -f "/home/ed/mcsema-testing/llvm-test-suite/SingleSource/Regression/C++/2003-05-14-array-init.reference_output.little-endian" ]; then \
	  cp /home/ed/mcsema-testing/llvm-test-suite/SingleSource/Regression/C++/2003-05-14-array-init.reference_output.little-endian Output/2003-05-14-array-init.out-nat; \
	elif [ -f "/home/ed/mcsema-testing/llvm-test-suite/SingleSource/Regression/C++/2003-05-14-array-init.reference_output" ]; then \
	  cp /home/ed/mcsema-testing/llvm-test-suite/SingleSource/Regression/C++/2003-05-14-array-init.reference_output Output/2003-05-14-array-init.out-nat; \
	else \
	  printf "WARNING: %s: %s\n" "NO REFERENCE OUTPUT (using default)" "/home/ed/mcsema-testing/llvm-test-suite/SingleSource/Regression/C++/2003-05-14-array-init.reference_output" > Output/2003-05-14-array-init.out-nat; \
	  cp /home/ed/mcsema-testing/llvm-test-suite/default.reference_output Output/2003-05-14-array-init.out-nat; \
	  cat Output/2003-05-14-array-init.out-nat; \
	fi
# Pretend that the reference output was produced instantaneously.
cp /home/ed/mcsema-testing/llvm-test-suite/instant.txt Output/2003-05-14-array-init.out-nat.time
/home/ed/mcsema-testing/llvm-test-suite/DiffOutput.sh "/home/ed/mcsema-testing/SANDBOX/test-2015-12-21_15-36-50/tools/fpcmp " simple 2003-05-14-array-init 
rm -f Output/2003-05-14-array-init.exe-simple
cp Output/2003-05-14-array-init.diff-simple Output/2003-05-14-array-init.exe-simple
if test -f Output/2003-05-14-array-init.extra-results.txt; then \
	  /home/ed/mcsema-testing/llvm-test-suite/ParseMultipleResults /home/ed/mcsema-testing/SANDBOX/test-2015-12-21_15-36-50/SingleSource/Regression/C++/2003-05-14-array-init Output/2003-05-14-array-init.extra-results.txt >> Output/2003-05-14-array-init.simple.exec.report.txt; \
	fi
cat Output/2003-05-14-array-init.simple.compile.report.txt Output/2003-05-14-array-init.simple.exec.report.txt >> Output/2003-05-14-array-init.simple.report.txt
---------------------------------------------------------------
>>> ========= '/home/ed/mcsema-testing/SANDBOX/test-2015-12-21_15-36-50/SingleSource/Regression/C++/2003-05-14-array-init' Program
---------------------------------------------------------------

TEST-PASS: compile /home/ed/mcsema-testing/SANDBOX/test-2015-12-21_15-36-50/SingleSource/Regression/C++/2003-05-14-array-init
TEST-RESULT-compile-success: pass
TEST-RESULT-compile-hash: f55d16dde1c3ef1302c6e9f222202e97
TEST-RESULT-compile-time: user       0.0223
TEST-RESULT-compile-real-time: real       0.0358

TEST-PASS: exec /home/ed/mcsema-testing/SANDBOX/test-2015-12-21_15-36-50/SingleSource/Regression/C++/2003-05-14-array-init
TEST-RESULT-exec-success: pass
TEST-RESULT-exec-time: user       0.0008
TEST-RESULT-exec-real-time: real       0.0019
/home/ed/mcsema-testing/llvm-test-suite/RunSafely.sh --show-errors -t "/home/ed/mcsema-testing/SANDBOX/test-2015-12-21_15-36-50/tools/timeit" 500 /dev/null Output/2003-05-14-expr_stmt.llvm.o.compile \
	  /usr/bin/clang++ -I/home/ed/mcsema-testing/SANDBOX/test-2015-12-21_15-36-50/SingleSource/Regression/C++ -I/home/ed/mcsema-testing/llvm-test-suite/SingleSource/Regression/C++ -I/home/ed/mcsema-testing/llvm-test-suite/include -I../../../include -D_GNU_SOURCE -D__STDC_LIMIT_MACROS -DNDEBUG  -O3  -m64 -fomit-frame-pointer -c /home/ed/mcsema-testing/llvm-test-suite/SingleSource/Regression/C++/2003-05-14-expr_stmt.cpp -o Output/2003-05-14-expr_stmt.llvm.o
cp Output/2003-05-14-expr_stmt.llvm.o.compile.time Output/2003-05-14-expr_stmt.simple.compile.time
/usr/bin/clang++ -o Output/2003-05-14-expr_stmt.simple Output/2003-05-14-expr_stmt.llvm.o -lstdc++   -m64 -fomit-frame-pointer
/home/ed/mcsema-testing/llvm-test-suite/RunSafely.sh -t "/home/ed/mcsema-testing/SANDBOX/test-2015-12-21_15-36-50/tools/timeit-target" 500 /dev/null Output/2003-05-14-expr_stmt.out-simple Output/2003-05-14-expr_stmt.simple 
cp Output/2003-05-14-expr_stmt.simple Output/2003-05-14-expr_stmt.simple-hash; \
	strip --remove-section=.comment --remove-section='.note*' Output/2003-05-14-expr_stmt.simple-hash; \
	/home/ed/mcsema-testing/llvm-test-suite/HashProgramOutput.sh Output/2003-05-14-expr_stmt.simple-hash
if [ -f "/home/ed/mcsema-testing/llvm-test-suite/SingleSource/Regression/C++/2003-05-14-expr_stmt.reference_output.little-endian." ]; then \
	  cp /home/ed/mcsema-testing/llvm-test-suite/SingleSource/Regression/C++/2003-05-14-expr_stmt.reference_output.little-endian. Output/2003-05-14-expr_stmt.out-nat; \
	elif [ -f "/home/ed/mcsema-testing/llvm-test-suite/SingleSource/Regression/C++/2003-05-14-expr_stmt.reference_output." ]; then \
	  cp /home/ed/mcsema-testing/llvm-test-suite/SingleSource/Regression/C++/2003-05-14-expr_stmt.reference_output. Output/2003-05-14-expr_stmt.out-nat; \
	elif [ -f "/home/ed/mcsema-testing/llvm-test-suite/SingleSource/Regression/C++/2003-05-14-expr_stmt.reference_output.little-endian" ]; then \
	  cp /home/ed/mcsema-testing/llvm-test-suite/SingleSource/Regression/C++/2003-05-14-expr_stmt.reference_output.little-endian Output/2003-05-14-expr_stmt.out-nat; \
	elif [ -f "/home/ed/mcsema-testing/llvm-test-suite/SingleSource/Regression/C++/2003-05-14-expr_stmt.reference_output" ]; then \
	  cp /home/ed/mcsema-testing/llvm-test-suite/SingleSource/Regression/C++/2003-05-14-expr_stmt.reference_output Output/2003-05-14-expr_stmt.out-nat; \
	else \
	  printf "WARNING: %s: %s\n" "NO REFERENCE OUTPUT (using default)" "/home/ed/mcsema-testing/llvm-test-suite/SingleSource/Regression/C++/2003-05-14-expr_stmt.reference_output" > Output/2003-05-14-expr_stmt.out-nat; \
	  cp /home/ed/mcsema-testing/llvm-test-suite/default.reference_output Output/2003-05-14-expr_stmt.out-nat; \
	  cat Output/2003-05-14-expr_stmt.out-nat; \
	fi
# Pretend that the reference output was produced instantaneously.
cp /home/ed/mcsema-testing/llvm-test-suite/instant.txt Output/2003-05-14-expr_stmt.out-nat.time
/home/ed/mcsema-testing/llvm-test-suite/DiffOutput.sh "/home/ed/mcsema-testing/SANDBOX/test-2015-12-21_15-36-50/tools/fpcmp " simple 2003-05-14-expr_stmt 
rm -f Output/2003-05-14-expr_stmt.exe-simple
cp Output/2003-05-14-expr_stmt.diff-simple Output/2003-05-14-expr_stmt.exe-simple
if test -f Output/2003-05-14-expr_stmt.extra-results.txt; then \
	  /home/ed/mcsema-testing/llvm-test-suite/ParseMultipleResults /home/ed/mcsema-testing/SANDBOX/test-2015-12-21_15-36-50/SingleSource/Regression/C++/2003-05-14-expr_stmt Output/2003-05-14-expr_stmt.extra-results.txt >> Output/2003-05-14-expr_stmt.simple.exec.report.txt; \
	fi
cat Output/2003-05-14-expr_stmt.simple.compile.report.txt Output/2003-05-14-expr_stmt.simple.exec.report.txt >> Output/2003-05-14-expr_stmt.simple.report.txt
---------------------------------------------------------------
>>> ========= '/home/ed/mcsema-testing/SANDBOX/test-2015-12-21_15-36-50/SingleSource/Regression/C++/2003-05-14-expr_stmt' Program
---------------------------------------------------------------

TEST-PASS: compile /home/ed/mcsema-testing/SANDBOX/test-2015-12-21_15-36-50/SingleSource/Regression/C++/2003-05-14-expr_stmt
TEST-RESULT-compile-success: pass
TEST-RESULT-compile-hash: fba41117093992aa49dfa440528e34ed
TEST-RESULT-compile-time: user       0.0161
TEST-RESULT-compile-real-time: real       0.0554

TEST-PASS: exec /home/ed/mcsema-testing/SANDBOX/test-2015-12-21_15-36-50/SingleSource/Regression/C++/2003-05-14-expr_stmt
TEST-RESULT-exec-success: pass
TEST-RESULT-exec-time: user       0.0008
TEST-RESULT-exec-real-time: real       0.0018
/home/ed/mcsema-testing/llvm-test-suite/RunSafely.sh --show-errors -t "/home/ed/mcsema-testing/SANDBOX/test-2015-12-21_15-36-50/tools/timeit" 500 /dev/null Output/2003-06-08-BaseType.llvm.o.compile \
	  /usr/bin/clang++ -I/home/ed/mcsema-testing/SANDBOX/test-2015-12-21_15-36-50/SingleSource/Regression/C++ -I/home/ed/mcsema-testing/llvm-test-suite/SingleSource/Regression/C++ -I/home/ed/mcsema-testing/llvm-test-suite/include -I../../../include -D_GNU_SOURCE -D__STDC_LIMIT_MACROS -DNDEBUG  -O3  -m64 -fomit-frame-pointer -c /home/ed/mcsema-testing/llvm-test-suite/SingleSource/Regression/C++/2003-06-08-BaseType.cpp -o Output/2003-06-08-BaseType.llvm.o
cp Output/2003-06-08-BaseType.llvm.o.compile.time Output/2003-06-08-BaseType.simple.compile.time
/usr/bin/clang++ -o Output/2003-06-08-BaseType.simple Output/2003-06-08-BaseType.llvm.o -lstdc++   -m64 -fomit-frame-pointer
/home/ed/mcsema-testing/llvm-test-suite/RunSafely.sh -t "/home/ed/mcsema-testing/SANDBOX/test-2015-12-21_15-36-50/tools/timeit-target" 500 /dev/null Output/2003-06-08-BaseType.out-simple Output/2003-06-08-BaseType.simple 
cp Output/2003-06-08-BaseType.simple Output/2003-06-08-BaseType.simple-hash; \
	strip --remove-section=.comment --remove-section='.note*' Output/2003-06-08-BaseType.simple-hash; \
	/home/ed/mcsema-testing/llvm-test-suite/HashProgramOutput.sh Output/2003-06-08-BaseType.simple-hash
if [ -f "/home/ed/mcsema-testing/llvm-test-suite/SingleSource/Regression/C++/2003-06-08-BaseType.reference_output.little-endian." ]; then \
	  cp /home/ed/mcsema-testing/llvm-test-suite/SingleSource/Regression/C++/2003-06-08-BaseType.reference_output.little-endian. Output/2003-06-08-BaseType.out-nat; \
	elif [ -f "/home/ed/mcsema-testing/llvm-test-suite/SingleSource/Regression/C++/2003-06-08-BaseType.reference_output." ]; then \
	  cp /home/ed/mcsema-testing/llvm-test-suite/SingleSource/Regression/C++/2003-06-08-BaseType.reference_output. Output/2003-06-08-BaseType.out-nat; \
	elif [ -f "/home/ed/mcsema-testing/llvm-test-suite/SingleSource/Regression/C++/2003-06-08-BaseType.reference_output.little-endian" ]; then \
	  cp /home/ed/mcsema-testing/llvm-test-suite/SingleSource/Regression/C++/2003-06-08-BaseType.reference_output.little-endian Output/2003-06-08-BaseType.out-nat; \
	elif [ -f "/home/ed/mcsema-testing/llvm-test-suite/SingleSource/Regression/C++/2003-06-08-BaseType.reference_output" ]; then \
	  cp /home/ed/mcsema-testing/llvm-test-suite/SingleSource/Regression/C++/2003-06-08-BaseType.reference_output Output/2003-06-08-BaseType.out-nat; \
	else \
	  printf "WARNING: %s: %s\n" "NO REFERENCE OUTPUT (using default)" "/home/ed/mcsema-testing/llvm-test-suite/SingleSource/Regression/C++/2003-06-08-BaseType.reference_output" > Output/2003-06-08-BaseType.out-nat; \
	  cp /home/ed/mcsema-testing/llvm-test-suite/default.reference_output Output/2003-06-08-BaseType.out-nat; \
	  cat Output/2003-06-08-BaseType.out-nat; \
	fi
# Pretend that the reference output was produced instantaneously.
cp /home/ed/mcsema-testing/llvm-test-suite/instant.txt Output/2003-06-08-BaseType.out-nat.time
/home/ed/mcsema-testing/llvm-test-suite/DiffOutput.sh "/home/ed/mcsema-testing/SANDBOX/test-2015-12-21_15-36-50/tools/fpcmp " simple 2003-06-08-BaseType 
rm -f Output/2003-06-08-BaseType.exe-simple
cp Output/2003-06-08-BaseType.diff-simple Output/2003-06-08-BaseType.exe-simple
if test -f Output/2003-06-08-BaseType.extra-results.txt; then \
	  /home/ed/mcsema-testing/llvm-test-suite/ParseMultipleResults /home/ed/mcsema-testing/SANDBOX/test-2015-12-21_15-36-50/SingleSource/Regression/C++/2003-06-08-BaseType Output/2003-06-08-BaseType.extra-results.txt >> Output/2003-06-08-BaseType.simple.exec.report.txt; \
	fi
cat Output/2003-06-08-BaseType.simple.compile.report.txt Output/2003-06-08-BaseType.simple.exec.report.txt >> Output/2003-06-08-BaseType.simple.report.txt
---------------------------------------------------------------
>>> ========= '/home/ed/mcsema-testing/SANDBOX/test-2015-12-21_15-36-50/SingleSource/Regression/C++/2003-06-08-BaseType' Program
---------------------------------------------------------------

TEST-PASS: compile /home/ed/mcsema-testing/SANDBOX/test-2015-12-21_15-36-50/SingleSource/Regression/C++/2003-06-08-BaseType
TEST-RESULT-compile-success: pass
TEST-RESULT-compile-hash: 29ad544af4347bcb3e861e1d6b964eaf
TEST-RESULT-compile-time: user       0.0163
TEST-RESULT-compile-real-time: real       0.0282

TEST-PASS: exec /home/ed/mcsema-testing/SANDBOX/test-2015-12-21_15-36-50/SingleSource/Regression/C++/2003-06-08-BaseType
TEST-RESULT-exec-success: pass
TEST-RESULT-exec-time: user       0.0009
TEST-RESULT-exec-real-time: real       0.0019
/home/ed/mcsema-testing/llvm-test-suite/RunSafely.sh --show-errors -t "/home/ed/mcsema-testing/SANDBOX/test-2015-12-21_15-36-50/tools/timeit" 500 /dev/null Output/2003-06-08-VirtualFunctions.llvm.o.compile \
	  /usr/bin/clang++ -I/home/ed/mcsema-testing/SANDBOX/test-2015-12-21_15-36-50/SingleSource/Regression/C++ -I/home/ed/mcsema-testing/llvm-test-suite/SingleSource/Regression/C++ -I/home/ed/mcsema-testing/llvm-test-suite/include -I../../../include -D_GNU_SOURCE -D__STDC_LIMIT_MACROS -DNDEBUG  -O3  -m64 -fomit-frame-pointer -c /home/ed/mcsema-testing/llvm-test-suite/SingleSource/Regression/C++/2003-06-08-VirtualFunctions.cpp -o Output/2003-06-08-VirtualFunctions.llvm.o
cp Output/2003-06-08-VirtualFunctions.llvm.o.compile.time Output/2003-06-08-VirtualFunctions.simple.compile.time
/usr/bin/clang++ -o Output/2003-06-08-VirtualFunctions.simple Output/2003-06-08-VirtualFunctions.llvm.o -lstdc++   -m64 -fomit-frame-pointer
/home/ed/mcsema-testing/llvm-test-suite/RunSafely.sh -t "/home/ed/mcsema-testing/SANDBOX/test-2015-12-21_15-36-50/tools/timeit-target" 500 /dev/null Output/2003-06-08-VirtualFunctions.out-simple Output/2003-06-08-VirtualFunctions.simple 
cp Output/2003-06-08-VirtualFunctions.simple Output/2003-06-08-VirtualFunctions.simple-hash; \
	strip --remove-section=.comment --remove-section='.note*' Output/2003-06-08-VirtualFunctions.simple-hash; \
	/home/ed/mcsema-testing/llvm-test-suite/HashProgramOutput.sh Output/2003-06-08-VirtualFunctions.simple-hash
if [ -f "/home/ed/mcsema-testing/llvm-test-suite/SingleSource/Regression/C++/2003-06-08-VirtualFunctions.reference_output.little-endian." ]; then \
	  cp /home/ed/mcsema-testing/llvm-test-suite/SingleSource/Regression/C++/2003-06-08-VirtualFunctions.reference_output.little-endian. Output/2003-06-08-VirtualFunctions.out-nat; \
	elif [ -f "/home/ed/mcsema-testing/llvm-test-suite/SingleSource/Regression/C++/2003-06-08-VirtualFunctions.reference_output." ]; then \
	  cp /home/ed/mcsema-testing/llvm-test-suite/SingleSource/Regression/C++/2003-06-08-VirtualFunctions.reference_output. Output/2003-06-08-VirtualFunctions.out-nat; \
	elif [ -f "/home/ed/mcsema-testing/llvm-test-suite/SingleSource/Regression/C++/2003-06-08-VirtualFunctions.reference_output.little-endian" ]; then \
	  cp /home/ed/mcsema-testing/llvm-test-suite/SingleSource/Regression/C++/2003-06-08-VirtualFunctions.reference_output.little-endian Output/2003-06-08-VirtualFunctions.out-nat; \
	elif [ -f "/home/ed/mcsema-testing/llvm-test-suite/SingleSource/Regression/C++/2003-06-08-VirtualFunctions.reference_output" ]; then \
	  cp /home/ed/mcsema-testing/llvm-test-suite/SingleSource/Regression/C++/2003-06-08-VirtualFunctions.reference_output Output/2003-06-08-VirtualFunctions.out-nat; \
	else \
	  printf "WARNING: %s: %s\n" "NO REFERENCE OUTPUT (using default)" "/home/ed/mcsema-testing/llvm-test-suite/SingleSource/Regression/C++/2003-06-08-VirtualFunctions.reference_output" > Output/2003-06-08-VirtualFunctions.out-nat; \
	  cp /home/ed/mcsema-testing/llvm-test-suite/default.reference_output Output/2003-06-08-VirtualFunctions.out-nat; \
	  cat Output/2003-06-08-VirtualFunctions.out-nat; \
	fi
# Pretend that the reference output was produced instantaneously.
cp /home/ed/mcsema-testing/llvm-test-suite/instant.txt Output/2003-06-08-VirtualFunctions.out-nat.time
/home/ed/mcsema-testing/llvm-test-suite/DiffOutput.sh "/home/ed/mcsema-testing/SANDBOX/test-2015-12-21_15-36-50/tools/fpcmp " simple 2003-06-08-VirtualFunctions 
rm -f Output/2003-06-08-VirtualFunctions.exe-simple
cp Output/2003-06-08-VirtualFunctions.diff-simple Output/2003-06-08-VirtualFunctions.exe-simple
if test -f Output/2003-06-08-VirtualFunctions.extra-results.txt; then \
	  /home/ed/mcsema-testing/llvm-test-suite/ParseMultipleResults /home/ed/mcsema-testing/SANDBOX/test-2015-12-21_15-36-50/SingleSource/Regression/C++/2003-06-08-VirtualFunctions Output/2003-06-08-VirtualFunctions.extra-results.txt >> Output/2003-06-08-VirtualFunctions.simple.exec.report.txt; \
	fi
cat Output/2003-06-08-VirtualFunctions.simple.compile.report.txt Output/2003-06-08-VirtualFunctions.simple.exec.report.txt >> Output/2003-06-08-VirtualFunctions.simple.report.txt
---------------------------------------------------------------
>>> ========= '/home/ed/mcsema-testing/SANDBOX/test-2015-12-21_15-36-50/SingleSource/Regression/C++/2003-06-08-VirtualFunctions' Program
---------------------------------------------------------------

TEST-PASS: compile /home/ed/mcsema-testing/SANDBOX/test-2015-12-21_15-36-50/SingleSource/Regression/C++/2003-06-08-VirtualFunctions
TEST-RESULT-compile-success: pass
TEST-RESULT-compile-hash: 28ec86388232d85f53b241201b5110f2
TEST-RESULT-compile-time: user       0.0177
TEST-RESULT-compile-real-time: real       0.0300

TEST-PASS: exec /home/ed/mcsema-testing/SANDBOX/test-2015-12-21_15-36-50/SingleSource/Regression/C++/2003-06-08-VirtualFunctions
TEST-RESULT-exec-success: pass
TEST-RESULT-exec-time: user       0.0008
TEST-RESULT-exec-real-time: real       0.0018
/home/ed/mcsema-testing/llvm-test-suite/RunSafely.sh --show-errors -t "/home/ed/mcsema-testing/SANDBOX/test-2015-12-21_15-36-50/tools/timeit" 500 /dev/null Output/2003-06-13-Crasher.llvm.o.compile \
	  /usr/bin/clang++ -I/home/ed/mcsema-testing/SANDBOX/test-2015-12-21_15-36-50/SingleSource/Regression/C++ -I/home/ed/mcsema-testing/llvm-test-suite/SingleSource/Regression/C++ -I/home/ed/mcsema-testing/llvm-test-suite/include -I../../../include -D_GNU_SOURCE -D__STDC_LIMIT_MACROS -DNDEBUG  -O3  -m64 -fomit-frame-pointer -c /home/ed/mcsema-testing/llvm-test-suite/SingleSource/Regression/C++/2003-06-13-Crasher.cpp -o Output/2003-06-13-Crasher.llvm.o
cp Output/2003-06-13-Crasher.llvm.o.compile.time Output/2003-06-13-Crasher.simple.compile.time
/usr/bin/clang++ -o Output/2003-06-13-Crasher.simple Output/2003-06-13-Crasher.llvm.o -lstdc++   -m64 -fomit-frame-pointer
/home/ed/mcsema-testing/llvm-test-suite/RunSafely.sh -t "/home/ed/mcsema-testing/SANDBOX/test-2015-12-21_15-36-50/tools/timeit-target" 500 /dev/null Output/2003-06-13-Crasher.out-simple Output/2003-06-13-Crasher.simple 
cp Output/2003-06-13-Crasher.simple Output/2003-06-13-Crasher.simple-hash; \
	strip --remove-section=.comment --remove-section='.note*' Output/2003-06-13-Crasher.simple-hash; \
	/home/ed/mcsema-testing/llvm-test-suite/HashProgramOutput.sh Output/2003-06-13-Crasher.simple-hash
if [ -f "/home/ed/mcsema-testing/llvm-test-suite/SingleSource/Regression/C++/2003-06-13-Crasher.reference_output.little-endian." ]; then \
	  cp /home/ed/mcsema-testing/llvm-test-suite/SingleSource/Regression/C++/2003-06-13-Crasher.reference_output.little-endian. Output/2003-06-13-Crasher.out-nat; \
	elif [ -f "/home/ed/mcsema-testing/llvm-test-suite/SingleSource/Regression/C++/2003-06-13-Crasher.reference_output." ]; then \
	  cp /home/ed/mcsema-testing/llvm-test-suite/SingleSource/Regression/C++/2003-06-13-Crasher.reference_output. Output/2003-06-13-Crasher.out-nat; \
	elif [ -f "/home/ed/mcsema-testing/llvm-test-suite/SingleSource/Regression/C++/2003-06-13-Crasher.reference_output.little-endian" ]; then \
	  cp /home/ed/mcsema-testing/llvm-test-suite/SingleSource/Regression/C++/2003-06-13-Crasher.reference_output.little-endian Output/2003-06-13-Crasher.out-nat; \
	elif [ -f "/home/ed/mcsema-testing/llvm-test-suite/SingleSource/Regression/C++/2003-06-13-Crasher.reference_output" ]; then \
	  cp /home/ed/mcsema-testing/llvm-test-suite/SingleSource/Regression/C++/2003-06-13-Crasher.reference_output Output/2003-06-13-Crasher.out-nat; \
	else \
	  printf "WARNING: %s: %s\n" "NO REFERENCE OUTPUT (using default)" "/home/ed/mcsema-testing/llvm-test-suite/SingleSource/Regression/C++/2003-06-13-Crasher.reference_output" > Output/2003-06-13-Crasher.out-nat; \
	  cp /home/ed/mcsema-testing/llvm-test-suite/default.reference_output Output/2003-06-13-Crasher.out-nat; \
	  cat Output/2003-06-13-Crasher.out-nat; \
	fi
# Pretend that the reference output was produced instantaneously.
cp /home/ed/mcsema-testing/llvm-test-suite/instant.txt Output/2003-06-13-Crasher.out-nat.time
/home/ed/mcsema-testing/llvm-test-suite/DiffOutput.sh "/home/ed/mcsema-testing/SANDBOX/test-2015-12-21_15-36-50/tools/fpcmp " simple 2003-06-13-Crasher 
rm -f Output/2003-06-13-Crasher.exe-simple
cp Output/2003-06-13-Crasher.diff-simple Output/2003-06-13-Crasher.exe-simple
if test -f Output/2003-06-13-Crasher.extra-results.txt; then \
	  /home/ed/mcsema-testing/llvm-test-suite/ParseMultipleResults /home/ed/mcsema-testing/SANDBOX/test-2015-12-21_15-36-50/SingleSource/Regression/C++/2003-06-13-Crasher Output/2003-06-13-Crasher.extra-results.txt >> Output/2003-06-13-Crasher.simple.exec.report.txt; \
	fi
cat Output/2003-06-13-Crasher.simple.compile.report.txt Output/2003-06-13-Crasher.simple.exec.report.txt >> Output/2003-06-13-Crasher.simple.report.txt
---------------------------------------------------------------
>>> ========= '/home/ed/mcsema-testing/SANDBOX/test-2015-12-21_15-36-50/SingleSource/Regression/C++/2003-06-13-Crasher' Program
---------------------------------------------------------------

TEST-PASS: compile /home/ed/mcsema-testing/SANDBOX/test-2015-12-21_15-36-50/SingleSource/Regression/C++/2003-06-13-Crasher
TEST-RESULT-compile-success: pass
TEST-RESULT-compile-hash: 29ad544af4347bcb3e861e1d6b964eaf
TEST-RESULT-compile-time: user       0.0166
TEST-RESULT-compile-real-time: real       0.0293

TEST-PASS: exec /home/ed/mcsema-testing/SANDBOX/test-2015-12-21_15-36-50/SingleSource/Regression/C++/2003-06-13-Crasher
TEST-RESULT-exec-success: pass
TEST-RESULT-exec-time: user       0.0008
TEST-RESULT-exec-real-time: real       0.0016
/home/ed/mcsema-testing/llvm-test-suite/RunSafely.sh --show-errors -t "/home/ed/mcsema-testing/SANDBOX/test-2015-12-21_15-36-50/tools/timeit" 500 /dev/null Output/2003-08-20-EnumSizeProblem.llvm.o.compile \
	  /usr/bin/clang++ -I/home/ed/mcsema-testing/SANDBOX/test-2015-12-21_15-36-50/SingleSource/Regression/C++ -I/home/ed/mcsema-testing/llvm-test-suite/SingleSource/Regression/C++ -I/home/ed/mcsema-testing/llvm-test-suite/include -I../../../include -D_GNU_SOURCE -D__STDC_LIMIT_MACROS -DNDEBUG  -O3  -m64 -fomit-frame-pointer -c /home/ed/mcsema-testing/llvm-test-suite/SingleSource/Regression/C++/2003-08-20-EnumSizeProblem.cpp -o Output/2003-08-20-EnumSizeProblem.llvm.o
cp Output/2003-08-20-EnumSizeProblem.llvm.o.compile.time Output/2003-08-20-EnumSizeProblem.simple.compile.time
/usr/bin/clang++ -o Output/2003-08-20-EnumSizeProblem.simple Output/2003-08-20-EnumSizeProblem.llvm.o -lstdc++   -m64 -fomit-frame-pointer
/home/ed/mcsema-testing/llvm-test-suite/RunSafely.sh -t "/home/ed/mcsema-testing/SANDBOX/test-2015-12-21_15-36-50/tools/timeit-target" 500 /dev/null Output/2003-08-20-EnumSizeProblem.out-simple Output/2003-08-20-EnumSizeProblem.simple 
cp Output/2003-08-20-EnumSizeProblem.simple Output/2003-08-20-EnumSizeProblem.simple-hash; \
	strip --remove-section=.comment --remove-section='.note*' Output/2003-08-20-EnumSizeProblem.simple-hash; \
	/home/ed/mcsema-testing/llvm-test-suite/HashProgramOutput.sh Output/2003-08-20-EnumSizeProblem.simple-hash
if [ -f "/home/ed/mcsema-testing/llvm-test-suite/SingleSource/Regression/C++/2003-08-20-EnumSizeProblem.reference_output.little-endian." ]; then \
	  cp /home/ed/mcsema-testing/llvm-test-suite/SingleSource/Regression/C++/2003-08-20-EnumSizeProblem.reference_output.little-endian. Output/2003-08-20-EnumSizeProblem.out-nat; \
	elif [ -f "/home/ed/mcsema-testing/llvm-test-suite/SingleSource/Regression/C++/2003-08-20-EnumSizeProblem.reference_output." ]; then \
	  cp /home/ed/mcsema-testing/llvm-test-suite/SingleSource/Regression/C++/2003-08-20-EnumSizeProblem.reference_output. Output/2003-08-20-EnumSizeProblem.out-nat; \
	elif [ -f "/home/ed/mcsema-testing/llvm-test-suite/SingleSource/Regression/C++/2003-08-20-EnumSizeProblem.reference_output.little-endian" ]; then \
	  cp /home/ed/mcsema-testing/llvm-test-suite/SingleSource/Regression/C++/2003-08-20-EnumSizeProblem.reference_output.little-endian Output/2003-08-20-EnumSizeProblem.out-nat; \
	elif [ -f "/home/ed/mcsema-testing/llvm-test-suite/SingleSource/Regression/C++/2003-08-20-EnumSizeProblem.reference_output" ]; then \
	  cp /home/ed/mcsema-testing/llvm-test-suite/SingleSource/Regression/C++/2003-08-20-EnumSizeProblem.reference_output Output/2003-08-20-EnumSizeProblem.out-nat; \
	else \
	  printf "WARNING: %s: %s\n" "NO REFERENCE OUTPUT (using default)" "/home/ed/mcsema-testing/llvm-test-suite/SingleSource/Regression/C++/2003-08-20-EnumSizeProblem.reference_output" > Output/2003-08-20-EnumSizeProblem.out-nat; \
	  cp /home/ed/mcsema-testing/llvm-test-suite/default.reference_output Output/2003-08-20-EnumSizeProblem.out-nat; \
	  cat Output/2003-08-20-EnumSizeProblem.out-nat; \
	fi
# Pretend that the reference output was produced instantaneously.
cp /home/ed/mcsema-testing/llvm-test-suite/instant.txt Output/2003-08-20-EnumSizeProblem.out-nat.time
/home/ed/mcsema-testing/llvm-test-suite/DiffOutput.sh "/home/ed/mcsema-testing/SANDBOX/test-2015-12-21_15-36-50/tools/fpcmp " simple 2003-08-20-EnumSizeProblem 
rm -f Output/2003-08-20-EnumSizeProblem.exe-simple
cp Output/2003-08-20-EnumSizeProblem.diff-simple Output/2003-08-20-EnumSizeProblem.exe-simple
if test -f Output/2003-08-20-EnumSizeProblem.extra-results.txt; then \
	  /home/ed/mcsema-testing/llvm-test-suite/ParseMultipleResults /home/ed/mcsema-testing/SANDBOX/test-2015-12-21_15-36-50/SingleSource/Regression/C++/2003-08-20-EnumSizeProblem Output/2003-08-20-EnumSizeProblem.extra-results.txt >> Output/2003-08-20-EnumSizeProblem.simple.exec.report.txt; \
	fi
cat Output/2003-08-20-EnumSizeProblem.simple.compile.report.txt Output/2003-08-20-EnumSizeProblem.simple.exec.report.txt >> Output/2003-08-20-EnumSizeProblem.simple.report.txt
---------------------------------------------------------------
>>> ========= '/home/ed/mcsema-testing/SANDBOX/test-2015-12-21_15-36-50/SingleSource/Regression/C++/2003-08-20-EnumSizeProblem' Program
---------------------------------------------------------------

TEST-PASS: compile /home/ed/mcsema-testing/SANDBOX/test-2015-12-21_15-36-50/SingleSource/Regression/C++/2003-08-20-EnumSizeProblem
TEST-RESULT-compile-success: pass
TEST-RESULT-compile-hash: af69a0761e10864ba0419a799c96aa3a
TEST-RESULT-compile-time: user       0.0164
TEST-RESULT-compile-real-time: real       0.0283

TEST-PASS: exec /home/ed/mcsema-testing/SANDBOX/test-2015-12-21_15-36-50/SingleSource/Regression/C++/2003-08-20-EnumSizeProblem
TEST-RESULT-exec-success: pass
TEST-RESULT-exec-time: user       0.0009
TEST-RESULT-exec-real-time: real       0.0017
/home/ed/mcsema-testing/llvm-test-suite/RunSafely.sh --show-errors -t "/home/ed/mcsema-testing/SANDBOX/test-2015-12-21_15-36-50/tools/timeit" 500 /dev/null Output/2003-09-29-NonPODsByValue.llvm.o.compile \
	  /usr/bin/clang++ -I/home/ed/mcsema-testing/SANDBOX/test-2015-12-21_15-36-50/SingleSource/Regression/C++ -I/home/ed/mcsema-testing/llvm-test-suite/SingleSource/Regression/C++ -I/home/ed/mcsema-testing/llvm-test-suite/include -I../../../include -D_GNU_SOURCE -D__STDC_LIMIT_MACROS -DNDEBUG  -O3  -m64 -fomit-frame-pointer -c /home/ed/mcsema-testing/llvm-test-suite/SingleSource/Regression/C++/2003-09-29-NonPODsByValue.cpp -o Output/2003-09-29-NonPODsByValue.llvm.o
cp Output/2003-09-29-NonPODsByValue.llvm.o.compile.time Output/2003-09-29-NonPODsByValue.simple.compile.time
/usr/bin/clang++ -o Output/2003-09-29-NonPODsByValue.simple Output/2003-09-29-NonPODsByValue.llvm.o -lstdc++   -m64 -fomit-frame-pointer
/home/ed/mcsema-testing/llvm-test-suite/RunSafely.sh -t "/home/ed/mcsema-testing/SANDBOX/test-2015-12-21_15-36-50/tools/timeit-target" 500 /dev/null Output/2003-09-29-NonPODsByValue.out-simple Output/2003-09-29-NonPODsByValue.simple 
cp Output/2003-09-29-NonPODsByValue.simple Output/2003-09-29-NonPODsByValue.simple-hash; \
	strip --remove-section=.comment --remove-section='.note*' Output/2003-09-29-NonPODsByValue.simple-hash; \
	/home/ed/mcsema-testing/llvm-test-suite/HashProgramOutput.sh Output/2003-09-29-NonPODsByValue.simple-hash
if [ -f "/home/ed/mcsema-testing/llvm-test-suite/SingleSource/Regression/C++/2003-09-29-NonPODsByValue.reference_output.little-endian." ]; then \
	  cp /home/ed/mcsema-testing/llvm-test-suite/SingleSource/Regression/C++/2003-09-29-NonPODsByValue.reference_output.little-endian. Output/2003-09-29-NonPODsByValue.out-nat; \
	elif [ -f "/home/ed/mcsema-testing/llvm-test-suite/SingleSource/Regression/C++/2003-09-29-NonPODsByValue.reference_output." ]; then \
	  cp /home/ed/mcsema-testing/llvm-test-suite/SingleSource/Regression/C++/2003-09-29-NonPODsByValue.reference_output. Output/2003-09-29-NonPODsByValue.out-nat; \
	elif [ -f "/home/ed/mcsema-testing/llvm-test-suite/SingleSource/Regression/C++/2003-09-29-NonPODsByValue.reference_output.little-endian" ]; then \
	  cp /home/ed/mcsema-testing/llvm-test-suite/SingleSource/Regression/C++/2003-09-29-NonPODsByValue.reference_output.little-endian Output/2003-09-29-NonPODsByValue.out-nat; \
	elif [ -f "/home/ed/mcsema-testing/llvm-test-suite/SingleSource/Regression/C++/2003-09-29-NonPODsByValue.reference_output" ]; then \
	  cp /home/ed/mcsema-testing/llvm-test-suite/SingleSource/Regression/C++/2003-09-29-NonPODsByValue.reference_output Output/2003-09-29-NonPODsByValue.out-nat; \
	else \
	  printf "WARNING: %s: %s\n" "NO REFERENCE OUTPUT (using default)" "/home/ed/mcsema-testing/llvm-test-suite/SingleSource/Regression/C++/2003-09-29-NonPODsByValue.reference_output" > Output/2003-09-29-NonPODsByValue.out-nat; \
	  cp /home/ed/mcsema-testing/llvm-test-suite/default.reference_output Output/2003-09-29-NonPODsByValue.out-nat; \
	  cat Output/2003-09-29-NonPODsByValue.out-nat; \
	fi
# Pretend that the reference output was produced instantaneously.
cp /home/ed/mcsema-testing/llvm-test-suite/instant.txt Output/2003-09-29-NonPODsByValue.out-nat.time
/home/ed/mcsema-testing/llvm-test-suite/DiffOutput.sh "/home/ed/mcsema-testing/SANDBOX/test-2015-12-21_15-36-50/tools/fpcmp " simple 2003-09-29-NonPODsByValue 
rm -f Output/2003-09-29-NonPODsByValue.exe-simple
cp Output/2003-09-29-NonPODsByValue.diff-simple Output/2003-09-29-NonPODsByValue.exe-simple
if test -f Output/2003-09-29-NonPODsByValue.extra-results.txt; then \
	  /home/ed/mcsema-testing/llvm-test-suite/ParseMultipleResults /home/ed/mcsema-testing/SANDBOX/test-2015-12-21_15-36-50/SingleSource/Regression/C++/2003-09-29-NonPODsByValue Output/2003-09-29-NonPODsByValue.extra-results.txt >> Output/2003-09-29-NonPODsByValue.simple.exec.report.txt; \
	fi
cat Output/2003-09-29-NonPODsByValue.simple.compile.report.txt Output/2003-09-29-NonPODsByValue.simple.exec.report.txt >> Output/2003-09-29-NonPODsByValue.simple.report.txt
---------------------------------------------------------------
>>> ========= '/home/ed/mcsema-testing/SANDBOX/test-2015-12-21_15-36-50/SingleSource/Regression/C++/2003-09-29-NonPODsByValue' Program
---------------------------------------------------------------

TEST-PASS: compile /home/ed/mcsema-testing/SANDBOX/test-2015-12-21_15-36-50/SingleSource/Regression/C++/2003-09-29-NonPODsByValue
TEST-RESULT-compile-success: pass
TEST-RESULT-compile-hash: 3ed160514ceec931607747d120aa344c
TEST-RESULT-compile-time: user       0.0228
TEST-RESULT-compile-real-time: real       0.0366

TEST-PASS: exec /home/ed/mcsema-testing/SANDBOX/test-2015-12-21_15-36-50/SingleSource/Regression/C++/2003-09-29-NonPODsByValue
TEST-RESULT-exec-success: pass
TEST-RESULT-exec-time: user       0.0008
TEST-RESULT-exec-real-time: real       0.0017
/home/ed/mcsema-testing/llvm-test-suite/RunSafely.sh --show-errors -t "/home/ed/mcsema-testing/SANDBOX/test-2015-12-21_15-36-50/tools/timeit" 500 /dev/null Output/2008-01-29-ParamAliasesReturn.llvm.o.compile \
	  /usr/bin/clang++ -I/home/ed/mcsema-testing/SANDBOX/test-2015-12-21_15-36-50/SingleSource/Regression/C++ -I/home/ed/mcsema-testing/llvm-test-suite/SingleSource/Regression/C++ -I/home/ed/mcsema-testing/llvm-test-suite/include -I../../../include -D_GNU_SOURCE -D__STDC_LIMIT_MACROS -DNDEBUG  -O3  -m64 -fomit-frame-pointer -c /home/ed/mcsema-testing/llvm-test-suite/SingleSource/Regression/C++/2008-01-29-ParamAliasesReturn.cpp -o Output/2008-01-29-ParamAliasesReturn.llvm.o
cp Output/2008-01-29-ParamAliasesReturn.llvm.o.compile.time Output/2008-01-29-ParamAliasesReturn.simple.compile.time
/usr/bin/clang++ -o Output/2008-01-29-ParamAliasesReturn.simple Output/2008-01-29-ParamAliasesReturn.llvm.o -lstdc++   -m64 -fomit-frame-pointer
/home/ed/mcsema-testing/llvm-test-suite/RunSafely.sh -t "/home/ed/mcsema-testing/SANDBOX/test-2015-12-21_15-36-50/tools/timeit-target" 500 /dev/null Output/2008-01-29-ParamAliasesReturn.out-simple Output/2008-01-29-ParamAliasesReturn.simple 
cp Output/2008-01-29-ParamAliasesReturn.simple Output/2008-01-29-ParamAliasesReturn.simple-hash; \
	strip --remove-section=.comment --remove-section='.note*' Output/2008-01-29-ParamAliasesReturn.simple-hash; \
	/home/ed/mcsema-testing/llvm-test-suite/HashProgramOutput.sh Output/2008-01-29-ParamAliasesReturn.simple-hash
if [ -f "/home/ed/mcsema-testing/llvm-test-suite/SingleSource/Regression/C++/2008-01-29-ParamAliasesReturn.reference_output.little-endian." ]; then \
	  cp /home/ed/mcsema-testing/llvm-test-suite/SingleSource/Regression/C++/2008-01-29-ParamAliasesReturn.reference_output.little-endian. Output/2008-01-29-ParamAliasesReturn.out-nat; \
	elif [ -f "/home/ed/mcsema-testing/llvm-test-suite/SingleSource/Regression/C++/2008-01-29-ParamAliasesReturn.reference_output." ]; then \
	  cp /home/ed/mcsema-testing/llvm-test-suite/SingleSource/Regression/C++/2008-01-29-ParamAliasesReturn.reference_output. Output/2008-01-29-ParamAliasesReturn.out-nat; \
	elif [ -f "/home/ed/mcsema-testing/llvm-test-suite/SingleSource/Regression/C++/2008-01-29-ParamAliasesReturn.reference_output.little-endian" ]; then \
	  cp /home/ed/mcsema-testing/llvm-test-suite/SingleSource/Regression/C++/2008-01-29-ParamAliasesReturn.reference_output.little-endian Output/2008-01-29-ParamAliasesReturn.out-nat; \
	elif [ -f "/home/ed/mcsema-testing/llvm-test-suite/SingleSource/Regression/C++/2008-01-29-ParamAliasesReturn.reference_output" ]; then \
	  cp /home/ed/mcsema-testing/llvm-test-suite/SingleSource/Regression/C++/2008-01-29-ParamAliasesReturn.reference_output Output/2008-01-29-ParamAliasesReturn.out-nat; \
	else \
	  printf "WARNING: %s: %s\n" "NO REFERENCE OUTPUT (using default)" "/home/ed/mcsema-testing/llvm-test-suite/SingleSource/Regression/C++/2008-01-29-ParamAliasesReturn.reference_output" > Output/2008-01-29-ParamAliasesReturn.out-nat; \
	  cp /home/ed/mcsema-testing/llvm-test-suite/default.reference_output Output/2008-01-29-ParamAliasesReturn.out-nat; \
	  cat Output/2008-01-29-ParamAliasesReturn.out-nat; \
	fi
# Pretend that the reference output was produced instantaneously.
cp /home/ed/mcsema-testing/llvm-test-suite/instant.txt Output/2008-01-29-ParamAliasesReturn.out-nat.time
/home/ed/mcsema-testing/llvm-test-suite/DiffOutput.sh "/home/ed/mcsema-testing/SANDBOX/test-2015-12-21_15-36-50/tools/fpcmp " simple 2008-01-29-ParamAliasesReturn 
rm -f Output/2008-01-29-ParamAliasesReturn.exe-simple
cp Output/2008-01-29-ParamAliasesReturn.diff-simple Output/2008-01-29-ParamAliasesReturn.exe-simple
if test -f Output/2008-01-29-ParamAliasesReturn.extra-results.txt; then \
	  /home/ed/mcsema-testing/llvm-test-suite/ParseMultipleResults /home/ed/mcsema-testing/SANDBOX/test-2015-12-21_15-36-50/SingleSource/Regression/C++/2008-01-29-ParamAliasesReturn Output/2008-01-29-ParamAliasesReturn.extra-results.txt >> Output/2008-01-29-ParamAliasesReturn.simple.exec.report.txt; \
	fi
cat Output/2008-01-29-ParamAliasesReturn.simple.compile.report.txt Output/2008-01-29-ParamAliasesReturn.simple.exec.report.txt >> Output/2008-01-29-ParamAliasesReturn.simple.report.txt
---------------------------------------------------------------
>>> ========= '/home/ed/mcsema-testing/SANDBOX/test-2015-12-21_15-36-50/SingleSource/Regression/C++/2008-01-29-ParamAliasesReturn' Program
---------------------------------------------------------------

TEST-PASS: compile /home/ed/mcsema-testing/SANDBOX/test-2015-12-21_15-36-50/SingleSource/Regression/C++/2008-01-29-ParamAliasesReturn
TEST-RESULT-compile-success: pass
TEST-RESULT-compile-hash: 44ce4d0e7546c8f58405e68cbe250749
TEST-RESULT-compile-time: user       0.0251
TEST-RESULT-compile-real-time: real       0.0387

TEST-PASS: exec /home/ed/mcsema-testing/SANDBOX/test-2015-12-21_15-36-50/SingleSource/Regression/C++/2008-01-29-ParamAliasesReturn
TEST-RESULT-exec-success: pass
TEST-RESULT-exec-time: user       0.0008
TEST-RESULT-exec-real-time: real       0.0017
/home/ed/mcsema-testing/llvm-test-suite/RunSafely.sh --show-errors -t "/home/ed/mcsema-testing/SANDBOX/test-2015-12-21_15-36-50/tools/timeit" 500 /dev/null Output/2011-03-28-Bitfield.llvm.o.compile \
	  /usr/bin/clang++ -I/home/ed/mcsema-testing/SANDBOX/test-2015-12-21_15-36-50/SingleSource/Regression/C++ -I/home/ed/mcsema-testing/llvm-test-suite/SingleSource/Regression/C++ -I/home/ed/mcsema-testing/llvm-test-suite/include -I../../../include -D_GNU_SOURCE -D__STDC_LIMIT_MACROS -DNDEBUG  -O3  -m64 -fomit-frame-pointer -c /home/ed/mcsema-testing/llvm-test-suite/SingleSource/Regression/C++/2011-03-28-Bitfield.cpp -o Output/2011-03-28-Bitfield.llvm.o
cp Output/2011-03-28-Bitfield.llvm.o.compile.time Output/2011-03-28-Bitfield.simple.compile.time
/usr/bin/clang++ -o Output/2011-03-28-Bitfield.simple Output/2011-03-28-Bitfield.llvm.o -lstdc++   -m64 -fomit-frame-pointer
/home/ed/mcsema-testing/llvm-test-suite/RunSafely.sh -t "/home/ed/mcsema-testing/SANDBOX/test-2015-12-21_15-36-50/tools/timeit-target" 500 /dev/null Output/2011-03-28-Bitfield.out-simple Output/2011-03-28-Bitfield.simple 
cp Output/2011-03-28-Bitfield.simple Output/2011-03-28-Bitfield.simple-hash; \
	strip --remove-section=.comment --remove-section='.note*' Output/2011-03-28-Bitfield.simple-hash; \
	/home/ed/mcsema-testing/llvm-test-suite/HashProgramOutput.sh Output/2011-03-28-Bitfield.simple-hash
if [ -f "/home/ed/mcsema-testing/llvm-test-suite/SingleSource/Regression/C++/2011-03-28-Bitfield.reference_output.little-endian." ]; then \
	  cp /home/ed/mcsema-testing/llvm-test-suite/SingleSource/Regression/C++/2011-03-28-Bitfield.reference_output.little-endian. Output/2011-03-28-Bitfield.out-nat; \
	elif [ -f "/home/ed/mcsema-testing/llvm-test-suite/SingleSource/Regression/C++/2011-03-28-Bitfield.reference_output." ]; then \
	  cp /home/ed/mcsema-testing/llvm-test-suite/SingleSource/Regression/C++/2011-03-28-Bitfield.reference_output. Output/2011-03-28-Bitfield.out-nat; \
	elif [ -f "/home/ed/mcsema-testing/llvm-test-suite/SingleSource/Regression/C++/2011-03-28-Bitfield.reference_output.little-endian" ]; then \
	  cp /home/ed/mcsema-testing/llvm-test-suite/SingleSource/Regression/C++/2011-03-28-Bitfield.reference_output.little-endian Output/2011-03-28-Bitfield.out-nat; \
	elif [ -f "/home/ed/mcsema-testing/llvm-test-suite/SingleSource/Regression/C++/2011-03-28-Bitfield.reference_output" ]; then \
	  cp /home/ed/mcsema-testing/llvm-test-suite/SingleSource/Regression/C++/2011-03-28-Bitfield.reference_output Output/2011-03-28-Bitfield.out-nat; \
	else \
	  printf "WARNING: %s: %s\n" "NO REFERENCE OUTPUT (using default)" "/home/ed/mcsema-testing/llvm-test-suite/SingleSource/Regression/C++/2011-03-28-Bitfield.reference_output" > Output/2011-03-28-Bitfield.out-nat; \
	  cp /home/ed/mcsema-testing/llvm-test-suite/default.reference_output Output/2011-03-28-Bitfield.out-nat; \
	  cat Output/2011-03-28-Bitfield.out-nat; \
	fi
# Pretend that the reference output was produced instantaneously.
cp /home/ed/mcsema-testing/llvm-test-suite/instant.txt Output/2011-03-28-Bitfield.out-nat.time
/home/ed/mcsema-testing/llvm-test-suite/DiffOutput.sh "/home/ed/mcsema-testing/SANDBOX/test-2015-12-21_15-36-50/tools/fpcmp " simple 2011-03-28-Bitfield 
rm -f Output/2011-03-28-Bitfield.exe-simple
cp Output/2011-03-28-Bitfield.diff-simple Output/2011-03-28-Bitfield.exe-simple
if test -f Output/2011-03-28-Bitfield.extra-results.txt; then \
	  /home/ed/mcsema-testing/llvm-test-suite/ParseMultipleResults /home/ed/mcsema-testing/SANDBOX/test-2015-12-21_15-36-50/SingleSource/Regression/C++/2011-03-28-Bitfield Output/2011-03-28-Bitfield.extra-results.txt >> Output/2011-03-28-Bitfield.simple.exec.report.txt; \
	fi
cat Output/2011-03-28-Bitfield.simple.compile.report.txt Output/2011-03-28-Bitfield.simple.exec.report.txt >> Output/2011-03-28-Bitfield.simple.report.txt
---------------------------------------------------------------
>>> ========= '/home/ed/mcsema-testing/SANDBOX/test-2015-12-21_15-36-50/SingleSource/Regression/C++/2011-03-28-Bitfield' Program
---------------------------------------------------------------

TEST-PASS: compile /home/ed/mcsema-testing/SANDBOX/test-2015-12-21_15-36-50/SingleSource/Regression/C++/2011-03-28-Bitfield
TEST-RESULT-compile-success: pass
TEST-RESULT-compile-hash: 268ff3d904dee132d205c4be2a2ff57c
TEST-RESULT-compile-time: user       0.0243
TEST-RESULT-compile-real-time: real       0.0381

TEST-PASS: exec /home/ed/mcsema-testing/SANDBOX/test-2015-12-21_15-36-50/SingleSource/Regression/C++/2011-03-28-Bitfield
TEST-RESULT-exec-success: pass
TEST-RESULT-exec-time: user       0.0008
TEST-RESULT-exec-real-time: real       0.0017
/home/ed/mcsema-testing/llvm-test-suite/RunSafely.sh --show-errors -t "/home/ed/mcsema-testing/SANDBOX/test-2015-12-21_15-36-50/tools/timeit" 500 /dev/null Output/BuiltinTypeInfo.llvm.o.compile \
	  /usr/bin/clang++ -I/home/ed/mcsema-testing/SANDBOX/test-2015-12-21_15-36-50/SingleSource/Regression/C++ -I/home/ed/mcsema-testing/llvm-test-suite/SingleSource/Regression/C++ -I/home/ed/mcsema-testing/llvm-test-suite/include -I../../../include -D_GNU_SOURCE -D__STDC_LIMIT_MACROS -DNDEBUG  -O3  -m64 -fomit-frame-pointer -c /home/ed/mcsema-testing/llvm-test-suite/SingleSource/Regression/C++/BuiltinTypeInfo.cpp -o Output/BuiltinTypeInfo.llvm.o
cp Output/BuiltinTypeInfo.llvm.o.compile.time Output/BuiltinTypeInfo.simple.compile.time
/usr/bin/clang++ -o Output/BuiltinTypeInfo.simple Output/BuiltinTypeInfo.llvm.o -lstdc++   -m64 -fomit-frame-pointer
/home/ed/mcsema-testing/llvm-test-suite/RunSafely.sh -t "/home/ed/mcsema-testing/SANDBOX/test-2015-12-21_15-36-50/tools/timeit-target" 500 /dev/null Output/BuiltinTypeInfo.out-simple Output/BuiltinTypeInfo.simple 
cp Output/BuiltinTypeInfo.simple Output/BuiltinTypeInfo.simple-hash; \
	strip --remove-section=.comment --remove-section='.note*' Output/BuiltinTypeInfo.simple-hash; \
	/home/ed/mcsema-testing/llvm-test-suite/HashProgramOutput.sh Output/BuiltinTypeInfo.simple-hash
if [ -f "/home/ed/mcsema-testing/llvm-test-suite/SingleSource/Regression/C++/BuiltinTypeInfo.reference_output.little-endian." ]; then \
	  cp /home/ed/mcsema-testing/llvm-test-suite/SingleSource/Regression/C++/BuiltinTypeInfo.reference_output.little-endian. Output/BuiltinTypeInfo.out-nat; \
	elif [ -f "/home/ed/mcsema-testing/llvm-test-suite/SingleSource/Regression/C++/BuiltinTypeInfo.reference_output." ]; then \
	  cp /home/ed/mcsema-testing/llvm-test-suite/SingleSource/Regression/C++/BuiltinTypeInfo.reference_output. Output/BuiltinTypeInfo.out-nat; \
	elif [ -f "/home/ed/mcsema-testing/llvm-test-suite/SingleSource/Regression/C++/BuiltinTypeInfo.reference_output.little-endian" ]; then \
	  cp /home/ed/mcsema-testing/llvm-test-suite/SingleSource/Regression/C++/BuiltinTypeInfo.reference_output.little-endian Output/BuiltinTypeInfo.out-nat; \
	elif [ -f "/home/ed/mcsema-testing/llvm-test-suite/SingleSource/Regression/C++/BuiltinTypeInfo.reference_output" ]; then \
	  cp /home/ed/mcsema-testing/llvm-test-suite/SingleSource/Regression/C++/BuiltinTypeInfo.reference_output Output/BuiltinTypeInfo.out-nat; \
	else \
	  printf "WARNING: %s: %s\n" "NO REFERENCE OUTPUT (using default)" "/home/ed/mcsema-testing/llvm-test-suite/SingleSource/Regression/C++/BuiltinTypeInfo.reference_output" > Output/BuiltinTypeInfo.out-nat; \
	  cp /home/ed/mcsema-testing/llvm-test-suite/default.reference_output Output/BuiltinTypeInfo.out-nat; \
	  cat Output/BuiltinTypeInfo.out-nat; \
	fi
# Pretend that the reference output was produced instantaneously.
cp /home/ed/mcsema-testing/llvm-test-suite/instant.txt Output/BuiltinTypeInfo.out-nat.time
/home/ed/mcsema-testing/llvm-test-suite/DiffOutput.sh "/home/ed/mcsema-testing/SANDBOX/test-2015-12-21_15-36-50/tools/fpcmp " simple BuiltinTypeInfo 
rm -f Output/BuiltinTypeInfo.exe-simple
cp Output/BuiltinTypeInfo.diff-simple Output/BuiltinTypeInfo.exe-simple
if test -f Output/BuiltinTypeInfo.extra-results.txt; then \
	  /home/ed/mcsema-testing/llvm-test-suite/ParseMultipleResults /home/ed/mcsema-testing/SANDBOX/test-2015-12-21_15-36-50/SingleSource/Regression/C++/BuiltinTypeInfo Output/BuiltinTypeInfo.extra-results.txt >> Output/BuiltinTypeInfo.simple.exec.report.txt; \
	fi
cat Output/BuiltinTypeInfo.simple.compile.report.txt Output/BuiltinTypeInfo.simple.exec.report.txt >> Output/BuiltinTypeInfo.simple.report.txt
---------------------------------------------------------------
>>> ========= '/home/ed/mcsema-testing/SANDBOX/test-2015-12-21_15-36-50/SingleSource/Regression/C++/BuiltinTypeInfo' Program
---------------------------------------------------------------

TEST-PASS: compile /home/ed/mcsema-testing/SANDBOX/test-2015-12-21_15-36-50/SingleSource/Regression/C++/BuiltinTypeInfo
TEST-RESULT-compile-success: pass
TEST-RESULT-compile-hash: 25cbeae41bae0f1508b360eb02a9b450
TEST-RESULT-compile-time: user       0.0252
TEST-RESULT-compile-real-time: real       0.0488

TEST-PASS: exec /home/ed/mcsema-testing/SANDBOX/test-2015-12-21_15-36-50/SingleSource/Regression/C++/BuiltinTypeInfo
TEST-RESULT-exec-success: pass
TEST-RESULT-exec-time: user       0.0008
TEST-RESULT-exec-real-time: real       0.0017
/home/ed/mcsema-testing/llvm-test-suite/RunSafely.sh --show-errors -t "/home/ed/mcsema-testing/SANDBOX/test-2015-12-21_15-36-50/tools/timeit" 500 /dev/null Output/fixups.llvm.o.compile \
	  /usr/bin/clang++ -I/home/ed/mcsema-testing/SANDBOX/test-2015-12-21_15-36-50/SingleSource/Regression/C++ -I/home/ed/mcsema-testing/llvm-test-suite/SingleSource/Regression/C++ -I/home/ed/mcsema-testing/llvm-test-suite/include -I../../../include -D_GNU_SOURCE -D__STDC_LIMIT_MACROS -DNDEBUG  -O3  -m64 -fomit-frame-pointer -c /home/ed/mcsema-testing/llvm-test-suite/SingleSource/Regression/C++/fixups.cpp -o Output/fixups.llvm.o
cp Output/fixups.llvm.o.compile.time Output/fixups.simple.compile.time
/usr/bin/clang++ -o Output/fixups.simple Output/fixups.llvm.o -lstdc++   -m64 -fomit-frame-pointer
/home/ed/mcsema-testing/llvm-test-suite/RunSafely.sh -t "/home/ed/mcsema-testing/SANDBOX/test-2015-12-21_15-36-50/tools/timeit-target" 500 /dev/null Output/fixups.out-simple Output/fixups.simple 
cp Output/fixups.simple Output/fixups.simple-hash; \
	strip --remove-section=.comment --remove-section='.note*' Output/fixups.simple-hash; \
	/home/ed/mcsema-testing/llvm-test-suite/HashProgramOutput.sh Output/fixups.simple-hash
if [ -f "/home/ed/mcsema-testing/llvm-test-suite/SingleSource/Regression/C++/fixups.reference_output.little-endian." ]; then \
	  cp /home/ed/mcsema-testing/llvm-test-suite/SingleSource/Regression/C++/fixups.reference_output.little-endian. Output/fixups.out-nat; \
	elif [ -f "/home/ed/mcsema-testing/llvm-test-suite/SingleSource/Regression/C++/fixups.reference_output." ]; then \
	  cp /home/ed/mcsema-testing/llvm-test-suite/SingleSource/Regression/C++/fixups.reference_output. Output/fixups.out-nat; \
	elif [ -f "/home/ed/mcsema-testing/llvm-test-suite/SingleSource/Regression/C++/fixups.reference_output.little-endian" ]; then \
	  cp /home/ed/mcsema-testing/llvm-test-suite/SingleSource/Regression/C++/fixups.reference_output.little-endian Output/fixups.out-nat; \
	elif [ -f "/home/ed/mcsema-testing/llvm-test-suite/SingleSource/Regression/C++/fixups.reference_output" ]; then \
	  cp /home/ed/mcsema-testing/llvm-test-suite/SingleSource/Regression/C++/fixups.reference_output Output/fixups.out-nat; \
	else \
	  printf "WARNING: %s: %s\n" "NO REFERENCE OUTPUT (using default)" "/home/ed/mcsema-testing/llvm-test-suite/SingleSource/Regression/C++/fixups.reference_output" > Output/fixups.out-nat; \
	  cp /home/ed/mcsema-testing/llvm-test-suite/default.reference_output Output/fixups.out-nat; \
	  cat Output/fixups.out-nat; \
	fi
# Pretend that the reference output was produced instantaneously.
cp /home/ed/mcsema-testing/llvm-test-suite/instant.txt Output/fixups.out-nat.time
/home/ed/mcsema-testing/llvm-test-suite/DiffOutput.sh "/home/ed/mcsema-testing/SANDBOX/test-2015-12-21_15-36-50/tools/fpcmp " simple fixups 
rm -f Output/fixups.exe-simple
cp Output/fixups.diff-simple Output/fixups.exe-simple
if test -f Output/fixups.extra-results.txt; then \
	  /home/ed/mcsema-testing/llvm-test-suite/ParseMultipleResults /home/ed/mcsema-testing/SANDBOX/test-2015-12-21_15-36-50/SingleSource/Regression/C++/fixups Output/fixups.extra-results.txt >> Output/fixups.simple.exec.report.txt; \
	fi
cat Output/fixups.simple.compile.report.txt Output/fixups.simple.exec.report.txt >> Output/fixups.simple.report.txt
---------------------------------------------------------------
>>> ========= '/home/ed/mcsema-testing/SANDBOX/test-2015-12-21_15-36-50/SingleSource/Regression/C++/fixups' Program
---------------------------------------------------------------

TEST-PASS: compile /home/ed/mcsema-testing/SANDBOX/test-2015-12-21_15-36-50/SingleSource/Regression/C++/fixups
TEST-RESULT-compile-success: pass
TEST-RESULT-compile-hash: 8351e46411bf84773ce7202da7268825
TEST-RESULT-compile-time: user       0.0281
TEST-RESULT-compile-real-time: real       0.0431

TEST-PASS: exec /home/ed/mcsema-testing/SANDBOX/test-2015-12-21_15-36-50/SingleSource/Regression/C++/fixups
TEST-RESULT-exec-success: pass
TEST-RESULT-exec-time: user       0.0009
TEST-RESULT-exec-real-time: real       0.0018
/home/ed/mcsema-testing/llvm-test-suite/RunSafely.sh --show-errors -t "/home/ed/mcsema-testing/SANDBOX/test-2015-12-21_15-36-50/tools/timeit" 500 /dev/null Output/global_ctor.llvm.o.compile \
	  /usr/bin/clang++ -I/home/ed/mcsema-testing/SANDBOX/test-2015-12-21_15-36-50/SingleSource/Regression/C++ -I/home/ed/mcsema-testing/llvm-test-suite/SingleSource/Regression/C++ -I/home/ed/mcsema-testing/llvm-test-suite/include -I../../../include -D_GNU_SOURCE -D__STDC_LIMIT_MACROS -DNDEBUG  -O3  -m64 -fomit-frame-pointer -c /home/ed/mcsema-testing/llvm-test-suite/SingleSource/Regression/C++/global_ctor.cpp -o Output/global_ctor.llvm.o
cp Output/global_ctor.llvm.o.compile.time Output/global_ctor.simple.compile.time
/usr/bin/clang++ -o Output/global_ctor.simple Output/global_ctor.llvm.o -lstdc++   -m64 -fomit-frame-pointer
/home/ed/mcsema-testing/llvm-test-suite/RunSafely.sh -t "/home/ed/mcsema-testing/SANDBOX/test-2015-12-21_15-36-50/tools/timeit-target" 500 /dev/null Output/global_ctor.out-simple Output/global_ctor.simple 
cp Output/global_ctor.simple Output/global_ctor.simple-hash; \
	strip --remove-section=.comment --remove-section='.note*' Output/global_ctor.simple-hash; \
	/home/ed/mcsema-testing/llvm-test-suite/HashProgramOutput.sh Output/global_ctor.simple-hash
if [ -f "/home/ed/mcsema-testing/llvm-test-suite/SingleSource/Regression/C++/global_ctor.reference_output.little-endian." ]; then \
	  cp /home/ed/mcsema-testing/llvm-test-suite/SingleSource/Regression/C++/global_ctor.reference_output.little-endian. Output/global_ctor.out-nat; \
	elif [ -f "/home/ed/mcsema-testing/llvm-test-suite/SingleSource/Regression/C++/global_ctor.reference_output." ]; then \
	  cp /home/ed/mcsema-testing/llvm-test-suite/SingleSource/Regression/C++/global_ctor.reference_output. Output/global_ctor.out-nat; \
	elif [ -f "/home/ed/mcsema-testing/llvm-test-suite/SingleSource/Regression/C++/global_ctor.reference_output.little-endian" ]; then \
	  cp /home/ed/mcsema-testing/llvm-test-suite/SingleSource/Regression/C++/global_ctor.reference_output.little-endian Output/global_ctor.out-nat; \
	elif [ -f "/home/ed/mcsema-testing/llvm-test-suite/SingleSource/Regression/C++/global_ctor.reference_output" ]; then \
	  cp /home/ed/mcsema-testing/llvm-test-suite/SingleSource/Regression/C++/global_ctor.reference_output Output/global_ctor.out-nat; \
	else \
	  printf "WARNING: %s: %s\n" "NO REFERENCE OUTPUT (using default)" "/home/ed/mcsema-testing/llvm-test-suite/SingleSource/Regression/C++/global_ctor.reference_output" > Output/global_ctor.out-nat; \
	  cp /home/ed/mcsema-testing/llvm-test-suite/default.reference_output Output/global_ctor.out-nat; \
	  cat Output/global_ctor.out-nat; \
	fi
# Pretend that the reference output was produced instantaneously.
cp /home/ed/mcsema-testing/llvm-test-suite/instant.txt Output/global_ctor.out-nat.time
/home/ed/mcsema-testing/llvm-test-suite/DiffOutput.sh "/home/ed/mcsema-testing/SANDBOX/test-2015-12-21_15-36-50/tools/fpcmp " simple global_ctor 
rm -f Output/global_ctor.exe-simple
cp Output/global_ctor.diff-simple Output/global_ctor.exe-simple
if test -f Output/global_ctor.extra-results.txt; then \
	  /home/ed/mcsema-testing/llvm-test-suite/ParseMultipleResults /home/ed/mcsema-testing/SANDBOX/test-2015-12-21_15-36-50/SingleSource/Regression/C++/global_ctor Output/global_ctor.extra-results.txt >> Output/global_ctor.simple.exec.report.txt; \
	fi
cat Output/global_ctor.simple.compile.report.txt Output/global_ctor.simple.exec.report.txt >> Output/global_ctor.simple.report.txt
---------------------------------------------------------------
>>> ========= '/home/ed/mcsema-testing/SANDBOX/test-2015-12-21_15-36-50/SingleSource/Regression/C++/global_ctor' Program
---------------------------------------------------------------

TEST-PASS: compile /home/ed/mcsema-testing/SANDBOX/test-2015-12-21_15-36-50/SingleSource/Regression/C++/global_ctor
TEST-RESULT-compile-success: pass
TEST-RESULT-compile-hash: ce3acbd6c7322bb22b703701cb6ef650
TEST-RESULT-compile-time: user       0.0266
TEST-RESULT-compile-real-time: real       0.0412

TEST-PASS: exec /home/ed/mcsema-testing/SANDBOX/test-2015-12-21_15-36-50/SingleSource/Regression/C++/global_ctor
TEST-RESULT-exec-success: pass
TEST-RESULT-exec-time: user       0.0009
TEST-RESULT-exec-real-time: real       0.0019
/home/ed/mcsema-testing/llvm-test-suite/RunSafely.sh --show-errors -t "/home/ed/mcsema-testing/SANDBOX/test-2015-12-21_15-36-50/tools/timeit" 500 /dev/null Output/global_type.llvm.o.compile \
	  /usr/bin/clang++ -I/home/ed/mcsema-testing/SANDBOX/test-2015-12-21_15-36-50/SingleSource/Regression/C++ -I/home/ed/mcsema-testing/llvm-test-suite/SingleSource/Regression/C++ -I/home/ed/mcsema-testing/llvm-test-suite/include -I../../../include -D_GNU_SOURCE -D__STDC_LIMIT_MACROS -DNDEBUG  -O3  -m64 -fomit-frame-pointer -c /home/ed/mcsema-testing/llvm-test-suite/SingleSource/Regression/C++/global_type.cpp -o Output/global_type.llvm.o
cp Output/global_type.llvm.o.compile.time Output/global_type.simple.compile.time
/usr/bin/clang++ -o Output/global_type.simple Output/global_type.llvm.o -lstdc++   -m64 -fomit-frame-pointer
/home/ed/mcsema-testing/llvm-test-suite/RunSafely.sh -t "/home/ed/mcsema-testing/SANDBOX/test-2015-12-21_15-36-50/tools/timeit-target" 500 /dev/null Output/global_type.out-simple Output/global_type.simple 
cp Output/global_type.simple Output/global_type.simple-hash; \
	strip --remove-section=.comment --remove-section='.note*' Output/global_type.simple-hash; \
	/home/ed/mcsema-testing/llvm-test-suite/HashProgramOutput.sh Output/global_type.simple-hash
if [ -f "/home/ed/mcsema-testing/llvm-test-suite/SingleSource/Regression/C++/global_type.reference_output.little-endian." ]; then \
	  cp /home/ed/mcsema-testing/llvm-test-suite/SingleSource/Regression/C++/global_type.reference_output.little-endian. Output/global_type.out-nat; \
	elif [ -f "/home/ed/mcsema-testing/llvm-test-suite/SingleSource/Regression/C++/global_type.reference_output." ]; then \
	  cp /home/ed/mcsema-testing/llvm-test-suite/SingleSource/Regression/C++/global_type.reference_output. Output/global_type.out-nat; \
	elif [ -f "/home/ed/mcsema-testing/llvm-test-suite/SingleSource/Regression/C++/global_type.reference_output.little-endian" ]; then \
	  cp /home/ed/mcsema-testing/llvm-test-suite/SingleSource/Regression/C++/global_type.reference_output.little-endian Output/global_type.out-nat; \
	elif [ -f "/home/ed/mcsema-testing/llvm-test-suite/SingleSource/Regression/C++/global_type.reference_output" ]; then \
	  cp /home/ed/mcsema-testing/llvm-test-suite/SingleSource/Regression/C++/global_type.reference_output Output/global_type.out-nat; \
	else \
	  printf "WARNING: %s: %s\n" "NO REFERENCE OUTPUT (using default)" "/home/ed/mcsema-testing/llvm-test-suite/SingleSource/Regression/C++/global_type.reference_output" > Output/global_type.out-nat; \
	  cp /home/ed/mcsema-testing/llvm-test-suite/default.reference_output Output/global_type.out-nat; \
	  cat Output/global_type.out-nat; \
	fi
# Pretend that the reference output was produced instantaneously.
cp /home/ed/mcsema-testing/llvm-test-suite/instant.txt Output/global_type.out-nat.time
/home/ed/mcsema-testing/llvm-test-suite/DiffOutput.sh "/home/ed/mcsema-testing/SANDBOX/test-2015-12-21_15-36-50/tools/fpcmp " simple global_type 
rm -f Output/global_type.exe-simple
cp Output/global_type.diff-simple Output/global_type.exe-simple
if test -f Output/global_type.extra-results.txt; then \
	  /home/ed/mcsema-testing/llvm-test-suite/ParseMultipleResults /home/ed/mcsema-testing/SANDBOX/test-2015-12-21_15-36-50/SingleSource/Regression/C++/global_type Output/global_type.extra-results.txt >> Output/global_type.simple.exec.report.txt; \
	fi
cat Output/global_type.simple.compile.report.txt Output/global_type.simple.exec.report.txt >> Output/global_type.simple.report.txt
---------------------------------------------------------------
>>> ========= '/home/ed/mcsema-testing/SANDBOX/test-2015-12-21_15-36-50/SingleSource/Regression/C++/global_type' Program
---------------------------------------------------------------

TEST-PASS: compile /home/ed/mcsema-testing/SANDBOX/test-2015-12-21_15-36-50/SingleSource/Regression/C++/global_type
TEST-RESULT-compile-success: pass
TEST-RESULT-compile-hash: b351929fe66470a95a5a1285b33158ec
TEST-RESULT-compile-time: user       0.0161
TEST-RESULT-compile-real-time: real       0.0285

TEST-PASS: exec /home/ed/mcsema-testing/SANDBOX/test-2015-12-21_15-36-50/SingleSource/Regression/C++/global_type
TEST-RESULT-exec-success: pass
TEST-RESULT-exec-time: user       0.0009
TEST-RESULT-exec-real-time: real       0.0018
/home/ed/mcsema-testing/llvm-test-suite/RunSafely.sh --show-errors -t "/home/ed/mcsema-testing/SANDBOX/test-2015-12-21_15-36-50/tools/timeit" 500 /dev/null Output/ofstream_ctor.llvm.o.compile \
	  /usr/bin/clang++ -I/home/ed/mcsema-testing/SANDBOX/test-2015-12-21_15-36-50/SingleSource/Regression/C++ -I/home/ed/mcsema-testing/llvm-test-suite/SingleSource/Regression/C++ -I/home/ed/mcsema-testing/llvm-test-suite/include -I../../../include -D_GNU_SOURCE -D__STDC_LIMIT_MACROS -DNDEBUG  -O3  -m64 -fomit-frame-pointer -c /home/ed/mcsema-testing/llvm-test-suite/SingleSource/Regression/C++/ofstream_ctor.cpp -o Output/ofstream_ctor.llvm.o
cp Output/ofstream_ctor.llvm.o.compile.time Output/ofstream_ctor.simple.compile.time
/usr/bin/clang++ -o Output/ofstream_ctor.simple Output/ofstream_ctor.llvm.o -lstdc++   -m64 -fomit-frame-pointer
/home/ed/mcsema-testing/llvm-test-suite/RunSafely.sh -t "/home/ed/mcsema-testing/SANDBOX/test-2015-12-21_15-36-50/tools/timeit-target" 500 /dev/null Output/ofstream_ctor.out-simple Output/ofstream_ctor.simple 
cp Output/ofstream_ctor.simple Output/ofstream_ctor.simple-hash; \
	strip --remove-section=.comment --remove-section='.note*' Output/ofstream_ctor.simple-hash; \
	/home/ed/mcsema-testing/llvm-test-suite/HashProgramOutput.sh Output/ofstream_ctor.simple-hash
if [ -f "/home/ed/mcsema-testing/llvm-test-suite/SingleSource/Regression/C++/ofstream_ctor.reference_output.little-endian." ]; then \
	  cp /home/ed/mcsema-testing/llvm-test-suite/SingleSource/Regression/C++/ofstream_ctor.reference_output.little-endian. Output/ofstream_ctor.out-nat; \
	elif [ -f "/home/ed/mcsema-testing/llvm-test-suite/SingleSource/Regression/C++/ofstream_ctor.reference_output." ]; then \
	  cp /home/ed/mcsema-testing/llvm-test-suite/SingleSource/Regression/C++/ofstream_ctor.reference_output. Output/ofstream_ctor.out-nat; \
	elif [ -f "/home/ed/mcsema-testing/llvm-test-suite/SingleSource/Regression/C++/ofstream_ctor.reference_output.little-endian" ]; then \
	  cp /home/ed/mcsema-testing/llvm-test-suite/SingleSource/Regression/C++/ofstream_ctor.reference_output.little-endian Output/ofstream_ctor.out-nat; \
	elif [ -f "/home/ed/mcsema-testing/llvm-test-suite/SingleSource/Regression/C++/ofstream_ctor.reference_output" ]; then \
	  cp /home/ed/mcsema-testing/llvm-test-suite/SingleSource/Regression/C++/ofstream_ctor.reference_output Output/ofstream_ctor.out-nat; \
	else \
	  printf "WARNING: %s: %s\n" "NO REFERENCE OUTPUT (using default)" "/home/ed/mcsema-testing/llvm-test-suite/SingleSource/Regression/C++/ofstream_ctor.reference_output" > Output/ofstream_ctor.out-nat; \
	  cp /home/ed/mcsema-testing/llvm-test-suite/default.reference_output Output/ofstream_ctor.out-nat; \
	  cat Output/ofstream_ctor.out-nat; \
	fi
# Pretend that the reference output was produced instantaneously.
cp /home/ed/mcsema-testing/llvm-test-suite/instant.txt Output/ofstream_ctor.out-nat.time
/home/ed/mcsema-testing/llvm-test-suite/DiffOutput.sh "/home/ed/mcsema-testing/SANDBOX/test-2015-12-21_15-36-50/tools/fpcmp " simple ofstream_ctor 
rm -f Output/ofstream_ctor.exe-simple
cp Output/ofstream_ctor.diff-simple Output/ofstream_ctor.exe-simple
if test -f Output/ofstream_ctor.extra-results.txt; then \
	  /home/ed/mcsema-testing/llvm-test-suite/ParseMultipleResults /home/ed/mcsema-testing/SANDBOX/test-2015-12-21_15-36-50/SingleSource/Regression/C++/ofstream_ctor Output/ofstream_ctor.extra-results.txt >> Output/ofstream_ctor.simple.exec.report.txt; \
	fi
cat Output/ofstream_ctor.simple.compile.report.txt Output/ofstream_ctor.simple.exec.report.txt >> Output/ofstream_ctor.simple.report.txt
---------------------------------------------------------------
>>> ========= '/home/ed/mcsema-testing/SANDBOX/test-2015-12-21_15-36-50/SingleSource/Regression/C++/ofstream_ctor' Program
---------------------------------------------------------------

TEST-PASS: compile /home/ed/mcsema-testing/SANDBOX/test-2015-12-21_15-36-50/SingleSource/Regression/C++/ofstream_ctor
TEST-RESULT-compile-success: pass
TEST-RESULT-compile-hash: 727bf9817a0fda42de1590665e852742
TEST-RESULT-compile-time: user       0.1800
TEST-RESULT-compile-real-time: real       0.5691

TEST-PASS: exec /home/ed/mcsema-testing/SANDBOX/test-2015-12-21_15-36-50/SingleSource/Regression/C++/ofstream_ctor
TEST-RESULT-exec-success: pass
TEST-RESULT-exec-time: user       0.0009
TEST-RESULT-exec-real-time: real       0.0019
/home/ed/mcsema-testing/llvm-test-suite/RunSafely.sh --show-errors -t "/home/ed/mcsema-testing/SANDBOX/test-2015-12-21_15-36-50/tools/timeit" 500 /dev/null Output/pointer_member.llvm.o.compile \
	  /usr/bin/clang++ -I/home/ed/mcsema-testing/SANDBOX/test-2015-12-21_15-36-50/SingleSource/Regression/C++ -I/home/ed/mcsema-testing/llvm-test-suite/SingleSource/Regression/C++ -I/home/ed/mcsema-testing/llvm-test-suite/include -I../../../include -D_GNU_SOURCE -D__STDC_LIMIT_MACROS -DNDEBUG  -O3  -m64 -fomit-frame-pointer -c /home/ed/mcsema-testing/llvm-test-suite/SingleSource/Regression/C++/pointer_member.cpp -o Output/pointer_member.llvm.o
cp Output/pointer_member.llvm.o.compile.time Output/pointer_member.simple.compile.time
/usr/bin/clang++ -o Output/pointer_member.simple Output/pointer_member.llvm.o -lstdc++   -m64 -fomit-frame-pointer
/home/ed/mcsema-testing/llvm-test-suite/RunSafely.sh -t "/home/ed/mcsema-testing/SANDBOX/test-2015-12-21_15-36-50/tools/timeit-target" 500 /dev/null Output/pointer_member.out-simple Output/pointer_member.simple 
cp Output/pointer_member.simple Output/pointer_member.simple-hash; \
	strip --remove-section=.comment --remove-section='.note*' Output/pointer_member.simple-hash; \
	/home/ed/mcsema-testing/llvm-test-suite/HashProgramOutput.sh Output/pointer_member.simple-hash
if [ -f "/home/ed/mcsema-testing/llvm-test-suite/SingleSource/Regression/C++/pointer_member.reference_output.little-endian." ]; then \
	  cp /home/ed/mcsema-testing/llvm-test-suite/SingleSource/Regression/C++/pointer_member.reference_output.little-endian. Output/pointer_member.out-nat; \
	elif [ -f "/home/ed/mcsema-testing/llvm-test-suite/SingleSource/Regression/C++/pointer_member.reference_output." ]; then \
	  cp /home/ed/mcsema-testing/llvm-test-suite/SingleSource/Regression/C++/pointer_member.reference_output. Output/pointer_member.out-nat; \
	elif [ -f "/home/ed/mcsema-testing/llvm-test-suite/SingleSource/Regression/C++/pointer_member.reference_output.little-endian" ]; then \
	  cp /home/ed/mcsema-testing/llvm-test-suite/SingleSource/Regression/C++/pointer_member.reference_output.little-endian Output/pointer_member.out-nat; \
	elif [ -f "/home/ed/mcsema-testing/llvm-test-suite/SingleSource/Regression/C++/pointer_member.reference_output" ]; then \
	  cp /home/ed/mcsema-testing/llvm-test-suite/SingleSource/Regression/C++/pointer_member.reference_output Output/pointer_member.out-nat; \
	else \
	  printf "WARNING: %s: %s\n" "NO REFERENCE OUTPUT (using default)" "/home/ed/mcsema-testing/llvm-test-suite/SingleSource/Regression/C++/pointer_member.reference_output" > Output/pointer_member.out-nat; \
	  cp /home/ed/mcsema-testing/llvm-test-suite/default.reference_output Output/pointer_member.out-nat; \
	  cat Output/pointer_member.out-nat; \
	fi
# Pretend that the reference output was produced instantaneously.
cp /home/ed/mcsema-testing/llvm-test-suite/instant.txt Output/pointer_member.out-nat.time
/home/ed/mcsema-testing/llvm-test-suite/DiffOutput.sh "/home/ed/mcsema-testing/SANDBOX/test-2015-12-21_15-36-50/tools/fpcmp " simple pointer_member 
rm -f Output/pointer_member.exe-simple
cp Output/pointer_member.diff-simple Output/pointer_member.exe-simple
if test -f Output/pointer_member.extra-results.txt; then \
	  /home/ed/mcsema-testing/llvm-test-suite/ParseMultipleResults /home/ed/mcsema-testing/SANDBOX/test-2015-12-21_15-36-50/SingleSource/Regression/C++/pointer_member Output/pointer_member.extra-results.txt >> Output/pointer_member.simple.exec.report.txt; \
	fi
cat Output/pointer_member.simple.compile.report.txt Output/pointer_member.simple.exec.report.txt >> Output/pointer_member.simple.report.txt
---------------------------------------------------------------
>>> ========= '/home/ed/mcsema-testing/SANDBOX/test-2015-12-21_15-36-50/SingleSource/Regression/C++/pointer_member' Program
---------------------------------------------------------------

TEST-PASS: compile /home/ed/mcsema-testing/SANDBOX/test-2015-12-21_15-36-50/SingleSource/Regression/C++/pointer_member
TEST-RESULT-compile-success: pass
TEST-RESULT-compile-hash: 52a79276b95fcaf1c4cc12e9cc8997fb
TEST-RESULT-compile-time: user       0.0226
TEST-RESULT-compile-real-time: real       0.0368

TEST-PASS: exec /home/ed/mcsema-testing/SANDBOX/test-2015-12-21_15-36-50/SingleSource/Regression/C++/pointer_member
TEST-RESULT-exec-success: pass
TEST-RESULT-exec-time: user       0.0009
TEST-RESULT-exec-real-time: real       0.0018
/home/ed/mcsema-testing/llvm-test-suite/RunSafely.sh --show-errors -t "/home/ed/mcsema-testing/SANDBOX/test-2015-12-21_15-36-50/tools/timeit" 500 /dev/null Output/pointer_method2.llvm.o.compile \
	  /usr/bin/clang++ -I/home/ed/mcsema-testing/SANDBOX/test-2015-12-21_15-36-50/SingleSource/Regression/C++ -I/home/ed/mcsema-testing/llvm-test-suite/SingleSource/Regression/C++ -I/home/ed/mcsema-testing/llvm-test-suite/include -I../../../include -D_GNU_SOURCE -D__STDC_LIMIT_MACROS -DNDEBUG  -O3  -m64 -fomit-frame-pointer -c /home/ed/mcsema-testing/llvm-test-suite/SingleSource/Regression/C++/pointer_method2.cpp -o Output/pointer_method2.llvm.o
cp Output/pointer_method2.llvm.o.compile.time Output/pointer_method2.simple.compile.time
/usr/bin/clang++ -o Output/pointer_method2.simple Output/pointer_method2.llvm.o -lstdc++   -m64 -fomit-frame-pointer
/home/ed/mcsema-testing/llvm-test-suite/RunSafely.sh -t "/home/ed/mcsema-testing/SANDBOX/test-2015-12-21_15-36-50/tools/timeit-target" 500 /dev/null Output/pointer_method2.out-simple Output/pointer_method2.simple 
cp Output/pointer_method2.simple Output/pointer_method2.simple-hash; \
	strip --remove-section=.comment --remove-section='.note*' Output/pointer_method2.simple-hash; \
	/home/ed/mcsema-testing/llvm-test-suite/HashProgramOutput.sh Output/pointer_method2.simple-hash
if [ -f "/home/ed/mcsema-testing/llvm-test-suite/SingleSource/Regression/C++/pointer_method2.reference_output.little-endian." ]; then \
	  cp /home/ed/mcsema-testing/llvm-test-suite/SingleSource/Regression/C++/pointer_method2.reference_output.little-endian. Output/pointer_method2.out-nat; \
	elif [ -f "/home/ed/mcsema-testing/llvm-test-suite/SingleSource/Regression/C++/pointer_method2.reference_output." ]; then \
	  cp /home/ed/mcsema-testing/llvm-test-suite/SingleSource/Regression/C++/pointer_method2.reference_output. Output/pointer_method2.out-nat; \
	elif [ -f "/home/ed/mcsema-testing/llvm-test-suite/SingleSource/Regression/C++/pointer_method2.reference_output.little-endian" ]; then \
	  cp /home/ed/mcsema-testing/llvm-test-suite/SingleSource/Regression/C++/pointer_method2.reference_output.little-endian Output/pointer_method2.out-nat; \
	elif [ -f "/home/ed/mcsema-testing/llvm-test-suite/SingleSource/Regression/C++/pointer_method2.reference_output" ]; then \
	  cp /home/ed/mcsema-testing/llvm-test-suite/SingleSource/Regression/C++/pointer_method2.reference_output Output/pointer_method2.out-nat; \
	else \
	  printf "WARNING: %s: %s\n" "NO REFERENCE OUTPUT (using default)" "/home/ed/mcsema-testing/llvm-test-suite/SingleSource/Regression/C++/pointer_method2.reference_output" > Output/pointer_method2.out-nat; \
	  cp /home/ed/mcsema-testing/llvm-test-suite/default.reference_output Output/pointer_method2.out-nat; \
	  cat Output/pointer_method2.out-nat; \
	fi
# Pretend that the reference output was produced instantaneously.
cp /home/ed/mcsema-testing/llvm-test-suite/instant.txt Output/pointer_method2.out-nat.time
/home/ed/mcsema-testing/llvm-test-suite/DiffOutput.sh "/home/ed/mcsema-testing/SANDBOX/test-2015-12-21_15-36-50/tools/fpcmp " simple pointer_method2 
rm -f Output/pointer_method2.exe-simple
cp Output/pointer_method2.diff-simple Output/pointer_method2.exe-simple
if test -f Output/pointer_method2.extra-results.txt; then \
	  /home/ed/mcsema-testing/llvm-test-suite/ParseMultipleResults /home/ed/mcsema-testing/SANDBOX/test-2015-12-21_15-36-50/SingleSource/Regression/C++/pointer_method2 Output/pointer_method2.extra-results.txt >> Output/pointer_method2.simple.exec.report.txt; \
	fi
cat Output/pointer_method2.simple.compile.report.txt Output/pointer_method2.simple.exec.report.txt >> Output/pointer_method2.simple.report.txt
---------------------------------------------------------------
>>> ========= '/home/ed/mcsema-testing/SANDBOX/test-2015-12-21_15-36-50/SingleSource/Regression/C++/pointer_method2' Program
---------------------------------------------------------------

TEST-PASS: compile /home/ed/mcsema-testing/SANDBOX/test-2015-12-21_15-36-50/SingleSource/Regression/C++/pointer_method2
TEST-RESULT-compile-success: pass
TEST-RESULT-compile-hash: 02efb61fee41ec362d0d46186250224b
TEST-RESULT-compile-time: user       0.0280
TEST-RESULT-compile-real-time: real       0.0423

TEST-PASS: exec /home/ed/mcsema-testing/SANDBOX/test-2015-12-21_15-36-50/SingleSource/Regression/C++/pointer_method2
TEST-RESULT-exec-success: pass
TEST-RESULT-exec-time: user       0.0008
TEST-RESULT-exec-real-time: real       0.0017
/home/ed/mcsema-testing/llvm-test-suite/RunSafely.sh --show-errors -t "/home/ed/mcsema-testing/SANDBOX/test-2015-12-21_15-36-50/tools/timeit" 500 /dev/null Output/pointer_method.llvm.o.compile \
	  /usr/bin/clang++ -I/home/ed/mcsema-testing/SANDBOX/test-2015-12-21_15-36-50/SingleSource/Regression/C++ -I/home/ed/mcsema-testing/llvm-test-suite/SingleSource/Regression/C++ -I/home/ed/mcsema-testing/llvm-test-suite/include -I../../../include -D_GNU_SOURCE -D__STDC_LIMIT_MACROS -DNDEBUG  -O3  -m64 -fomit-frame-pointer -c /home/ed/mcsema-testing/llvm-test-suite/SingleSource/Regression/C++/pointer_method.cpp -o Output/pointer_method.llvm.o
cp Output/pointer_method.llvm.o.compile.time Output/pointer_method.simple.compile.time
/usr/bin/clang++ -o Output/pointer_method.simple Output/pointer_method.llvm.o -lstdc++   -m64 -fomit-frame-pointer
/home/ed/mcsema-testing/llvm-test-suite/RunSafely.sh -t "/home/ed/mcsema-testing/SANDBOX/test-2015-12-21_15-36-50/tools/timeit-target" 500 /dev/null Output/pointer_method.out-simple Output/pointer_method.simple 
cp Output/pointer_method.simple Output/pointer_method.simple-hash; \
	strip --remove-section=.comment --remove-section='.note*' Output/pointer_method.simple-hash; \
	/home/ed/mcsema-testing/llvm-test-suite/HashProgramOutput.sh Output/pointer_method.simple-hash
if [ -f "/home/ed/mcsema-testing/llvm-test-suite/SingleSource/Regression/C++/pointer_method.reference_output.little-endian." ]; then \
	  cp /home/ed/mcsema-testing/llvm-test-suite/SingleSource/Regression/C++/pointer_method.reference_output.little-endian. Output/pointer_method.out-nat; \
	elif [ -f "/home/ed/mcsema-testing/llvm-test-suite/SingleSource/Regression/C++/pointer_method.reference_output." ]; then \
	  cp /home/ed/mcsema-testing/llvm-test-suite/SingleSource/Regression/C++/pointer_method.reference_output. Output/pointer_method.out-nat; \
	elif [ -f "/home/ed/mcsema-testing/llvm-test-suite/SingleSource/Regression/C++/pointer_method.reference_output.little-endian" ]; then \
	  cp /home/ed/mcsema-testing/llvm-test-suite/SingleSource/Regression/C++/pointer_method.reference_output.little-endian Output/pointer_method.out-nat; \
	elif [ -f "/home/ed/mcsema-testing/llvm-test-suite/SingleSource/Regression/C++/pointer_method.reference_output" ]; then \
	  cp /home/ed/mcsema-testing/llvm-test-suite/SingleSource/Regression/C++/pointer_method.reference_output Output/pointer_method.out-nat; \
	else \
	  printf "WARNING: %s: %s\n" "NO REFERENCE OUTPUT (using default)" "/home/ed/mcsema-testing/llvm-test-suite/SingleSource/Regression/C++/pointer_method.reference_output" > Output/pointer_method.out-nat; \
	  cp /home/ed/mcsema-testing/llvm-test-suite/default.reference_output Output/pointer_method.out-nat; \
	  cat Output/pointer_method.out-nat; \
	fi
# Pretend that the reference output was produced instantaneously.
cp /home/ed/mcsema-testing/llvm-test-suite/instant.txt Output/pointer_method.out-nat.time
/home/ed/mcsema-testing/llvm-test-suite/DiffOutput.sh "/home/ed/mcsema-testing/SANDBOX/test-2015-12-21_15-36-50/tools/fpcmp " simple pointer_method 
rm -f Output/pointer_method.exe-simple
cp Output/pointer_method.diff-simple Output/pointer_method.exe-simple
if test -f Output/pointer_method.extra-results.txt; then \
	  /home/ed/mcsema-testing/llvm-test-suite/ParseMultipleResults /home/ed/mcsema-testing/SANDBOX/test-2015-12-21_15-36-50/SingleSource/Regression/C++/pointer_method Output/pointer_method.extra-results.txt >> Output/pointer_method.simple.exec.report.txt; \
	fi
cat Output/pointer_method.simple.compile.report.txt Output/pointer_method.simple.exec.report.txt >> Output/pointer_method.simple.report.txt
---------------------------------------------------------------
>>> ========= '/home/ed/mcsema-testing/SANDBOX/test-2015-12-21_15-36-50/SingleSource/Regression/C++/pointer_method' Program
---------------------------------------------------------------

TEST-PASS: compile /home/ed/mcsema-testing/SANDBOX/test-2015-12-21_15-36-50/SingleSource/Regression/C++/pointer_method
TEST-RESULT-compile-success: pass
TEST-RESULT-compile-hash: df80a67db8e327c096ec89c7d47cfaad
TEST-RESULT-compile-time: user       0.0242
TEST-RESULT-compile-real-time: real       0.0389

TEST-PASS: exec /home/ed/mcsema-testing/SANDBOX/test-2015-12-21_15-36-50/SingleSource/Regression/C++/pointer_method
TEST-RESULT-exec-success: pass
TEST-RESULT-exec-time: user       0.0008
TEST-RESULT-exec-real-time: real       0.0016
/home/ed/mcsema-testing/llvm-test-suite/RunSafely.sh --show-errors -t "/home/ed/mcsema-testing/SANDBOX/test-2015-12-21_15-36-50/tools/timeit" 500 /dev/null Output/short_circuit_dtor.llvm.o.compile \
	  /usr/bin/clang++ -I/home/ed/mcsema-testing/SANDBOX/test-2015-12-21_15-36-50/SingleSource/Regression/C++ -I/home/ed/mcsema-testing/llvm-test-suite/SingleSource/Regression/C++ -I/home/ed/mcsema-testing/llvm-test-suite/include -I../../../include -D_GNU_SOURCE -D__STDC_LIMIT_MACROS -DNDEBUG  -O3  -m64 -fomit-frame-pointer -c /home/ed/mcsema-testing/llvm-test-suite/SingleSource/Regression/C++/short_circuit_dtor.cpp -o Output/short_circuit_dtor.llvm.o
cp Output/short_circuit_dtor.llvm.o.compile.time Output/short_circuit_dtor.simple.compile.time
/usr/bin/clang++ -o Output/short_circuit_dtor.simple Output/short_circuit_dtor.llvm.o -lstdc++   -m64 -fomit-frame-pointer
/home/ed/mcsema-testing/llvm-test-suite/RunSafely.sh -t "/home/ed/mcsema-testing/SANDBOX/test-2015-12-21_15-36-50/tools/timeit-target" 500 /dev/null Output/short_circuit_dtor.out-simple Output/short_circuit_dtor.simple 
cp Output/short_circuit_dtor.simple Output/short_circuit_dtor.simple-hash; \
	strip --remove-section=.comment --remove-section='.note*' Output/short_circuit_dtor.simple-hash; \
	/home/ed/mcsema-testing/llvm-test-suite/HashProgramOutput.sh Output/short_circuit_dtor.simple-hash
if [ -f "/home/ed/mcsema-testing/llvm-test-suite/SingleSource/Regression/C++/short_circuit_dtor.reference_output.little-endian." ]; then \
	  cp /home/ed/mcsema-testing/llvm-test-suite/SingleSource/Regression/C++/short_circuit_dtor.reference_output.little-endian. Output/short_circuit_dtor.out-nat; \
	elif [ -f "/home/ed/mcsema-testing/llvm-test-suite/SingleSource/Regression/C++/short_circuit_dtor.reference_output." ]; then \
	  cp /home/ed/mcsema-testing/llvm-test-suite/SingleSource/Regression/C++/short_circuit_dtor.reference_output. Output/short_circuit_dtor.out-nat; \
	elif [ -f "/home/ed/mcsema-testing/llvm-test-suite/SingleSource/Regression/C++/short_circuit_dtor.reference_output.little-endian" ]; then \
	  cp /home/ed/mcsema-testing/llvm-test-suite/SingleSource/Regression/C++/short_circuit_dtor.reference_output.little-endian Output/short_circuit_dtor.out-nat; \
	elif [ -f "/home/ed/mcsema-testing/llvm-test-suite/SingleSource/Regression/C++/short_circuit_dtor.reference_output" ]; then \
	  cp /home/ed/mcsema-testing/llvm-test-suite/SingleSource/Regression/C++/short_circuit_dtor.reference_output Output/short_circuit_dtor.out-nat; \
	else \
	  printf "WARNING: %s: %s\n" "NO REFERENCE OUTPUT (using default)" "/home/ed/mcsema-testing/llvm-test-suite/SingleSource/Regression/C++/short_circuit_dtor.reference_output" > Output/short_circuit_dtor.out-nat; \
	  cp /home/ed/mcsema-testing/llvm-test-suite/default.reference_output Output/short_circuit_dtor.out-nat; \
	  cat Output/short_circuit_dtor.out-nat; \
	fi
# Pretend that the reference output was produced instantaneously.
cp /home/ed/mcsema-testing/llvm-test-suite/instant.txt Output/short_circuit_dtor.out-nat.time
/home/ed/mcsema-testing/llvm-test-suite/DiffOutput.sh "/home/ed/mcsema-testing/SANDBOX/test-2015-12-21_15-36-50/tools/fpcmp " simple short_circuit_dtor 
rm -f Output/short_circuit_dtor.exe-simple
cp Output/short_circuit_dtor.diff-simple Output/short_circuit_dtor.exe-simple
if test -f Output/short_circuit_dtor.extra-results.txt; then \
	  /home/ed/mcsema-testing/llvm-test-suite/ParseMultipleResults /home/ed/mcsema-testing/SANDBOX/test-2015-12-21_15-36-50/SingleSource/Regression/C++/short_circuit_dtor Output/short_circuit_dtor.extra-results.txt >> Output/short_circuit_dtor.simple.exec.report.txt; \
	fi
cat Output/short_circuit_dtor.simple.compile.report.txt Output/short_circuit_dtor.simple.exec.report.txt >> Output/short_circuit_dtor.simple.report.txt
---------------------------------------------------------------
>>> ========= '/home/ed/mcsema-testing/SANDBOX/test-2015-12-21_15-36-50/SingleSource/Regression/C++/short_circuit_dtor' Program
---------------------------------------------------------------

TEST-PASS: compile /home/ed/mcsema-testing/SANDBOX/test-2015-12-21_15-36-50/SingleSource/Regression/C++/short_circuit_dtor
TEST-RESULT-compile-success: pass
TEST-RESULT-compile-hash: 626bba5ed8d5ee896efb50fbdd28ac2c
TEST-RESULT-compile-time: user       0.0240
TEST-RESULT-compile-real-time: real       0.0378

TEST-PASS: exec /home/ed/mcsema-testing/SANDBOX/test-2015-12-21_15-36-50/SingleSource/Regression/C++/short_circuit_dtor
TEST-RESULT-exec-success: pass
TEST-RESULT-exec-time: user       0.0008
TEST-RESULT-exec-real-time: real       0.0016
make[4]: Leaving directory `/home/ed/mcsema-testing/SANDBOX/test-2015-12-21_15-36-50/SingleSource/Regression/C++'
make[4]: Entering directory `/home/ed/mcsema-testing/SANDBOX/test-2015-12-21_15-36-50/SingleSource/Regression/C'
/home/ed/mcsema-testing/llvm-test-suite/RunSafely.sh --show-errors -t "/home/ed/mcsema-testing/SANDBOX/test-2015-12-21_15-36-50/tools/timeit" 500 /dev/null Output/2003-05-14-initialize-string.llvm.o.compile \
	  /usr/bin/clang -I/home/ed/mcsema-testing/SANDBOX/test-2015-12-21_15-36-50/SingleSource/Regression/C -I/home/ed/mcsema-testing/llvm-test-suite/SingleSource/Regression/C -I/home/ed/mcsema-testing/llvm-test-suite/include -I../../../include -D_GNU_SOURCE -D__STDC_LIMIT_MACROS -DNDEBUG  -O3  -m64 -fomit-frame-pointer -c /home/ed/mcsema-testing/llvm-test-suite/SingleSource/Regression/C/2003-05-14-initialize-string.c -o Output/2003-05-14-initialize-string.llvm.o
cp Output/2003-05-14-initialize-string.llvm.o.compile.time Output/2003-05-14-initialize-string.simple.compile.time
/usr/bin/clang++ -o Output/2003-05-14-initialize-string.simple Output/2003-05-14-initialize-string.llvm.o    -m64 -fomit-frame-pointer
/home/ed/mcsema-testing/llvm-test-suite/RunSafely.sh -t "/home/ed/mcsema-testing/SANDBOX/test-2015-12-21_15-36-50/tools/timeit-target" 500 /dev/null Output/2003-05-14-initialize-string.out-simple Output/2003-05-14-initialize-string.simple 
cp Output/2003-05-14-initialize-string.simple Output/2003-05-14-initialize-string.simple-hash; \
	strip --remove-section=.comment --remove-section='.note*' Output/2003-05-14-initialize-string.simple-hash; \
	/home/ed/mcsema-testing/llvm-test-suite/HashProgramOutput.sh Output/2003-05-14-initialize-string.simple-hash
if [ -f "/home/ed/mcsema-testing/llvm-test-suite/SingleSource/Regression/C/2003-05-14-initialize-string.reference_output.little-endian." ]; then \
	  cp /home/ed/mcsema-testing/llvm-test-suite/SingleSource/Regression/C/2003-05-14-initialize-string.reference_output.little-endian. Output/2003-05-14-initialize-string.out-nat; \
	elif [ -f "/home/ed/mcsema-testing/llvm-test-suite/SingleSource/Regression/C/2003-05-14-initialize-string.reference_output." ]; then \
	  cp /home/ed/mcsema-testing/llvm-test-suite/SingleSource/Regression/C/2003-05-14-initialize-string.reference_output. Output/2003-05-14-initialize-string.out-nat; \
	elif [ -f "/home/ed/mcsema-testing/llvm-test-suite/SingleSource/Regression/C/2003-05-14-initialize-string.reference_output.little-endian" ]; then \
	  cp /home/ed/mcsema-testing/llvm-test-suite/SingleSource/Regression/C/2003-05-14-initialize-string.reference_output.little-endian Output/2003-05-14-initialize-string.out-nat; \
	elif [ -f "/home/ed/mcsema-testing/llvm-test-suite/SingleSource/Regression/C/2003-05-14-initialize-string.reference_output" ]; then \
	  cp /home/ed/mcsema-testing/llvm-test-suite/SingleSource/Regression/C/2003-05-14-initialize-string.reference_output Output/2003-05-14-initialize-string.out-nat; \
	else \
	  printf "WARNING: %s: %s\n" "NO REFERENCE OUTPUT (using default)" "/home/ed/mcsema-testing/llvm-test-suite/SingleSource/Regression/C/2003-05-14-initialize-string.reference_output" > Output/2003-05-14-initialize-string.out-nat; \
	  cp /home/ed/mcsema-testing/llvm-test-suite/default.reference_output Output/2003-05-14-initialize-string.out-nat; \
	  cat Output/2003-05-14-initialize-string.out-nat; \
	fi
# Pretend that the reference output was produced instantaneously.
cp /home/ed/mcsema-testing/llvm-test-suite/instant.txt Output/2003-05-14-initialize-string.out-nat.time
/home/ed/mcsema-testing/llvm-test-suite/DiffOutput.sh "/home/ed/mcsema-testing/SANDBOX/test-2015-12-21_15-36-50/tools/fpcmp " simple 2003-05-14-initialize-string 
rm -f Output/2003-05-14-initialize-string.exe-simple
cp Output/2003-05-14-initialize-string.diff-simple Output/2003-05-14-initialize-string.exe-simple
if test -f Output/2003-05-14-initialize-string.extra-results.txt; then \
	  /home/ed/mcsema-testing/llvm-test-suite/ParseMultipleResults /home/ed/mcsema-testing/SANDBOX/test-2015-12-21_15-36-50/SingleSource/Regression/C/2003-05-14-initialize-string Output/2003-05-14-initialize-string.extra-results.txt >> Output/2003-05-14-initialize-string.simple.exec.report.txt; \
	fi
cat Output/2003-05-14-initialize-string.simple.compile.report.txt Output/2003-05-14-initialize-string.simple.exec.report.txt >> Output/2003-05-14-initialize-string.simple.report.txt
---------------------------------------------------------------
>>> ========= '/home/ed/mcsema-testing/SANDBOX/test-2015-12-21_15-36-50/SingleSource/Regression/C/2003-05-14-initialize-string' Program
---------------------------------------------------------------

TEST-PASS: compile /home/ed/mcsema-testing/SANDBOX/test-2015-12-21_15-36-50/SingleSource/Regression/C/2003-05-14-initialize-string
TEST-RESULT-compile-success: pass
TEST-RESULT-compile-hash: bcd062767b285f5458c137e9da5555e3
TEST-RESULT-compile-time: user       0.0163
TEST-RESULT-compile-real-time: real       0.0287

TEST-PASS: exec /home/ed/mcsema-testing/SANDBOX/test-2015-12-21_15-36-50/SingleSource/Regression/C/2003-05-14-initialize-string
TEST-RESULT-exec-success: pass
TEST-RESULT-exec-time: user       0.0008
TEST-RESULT-exec-real-time: real       0.0017
/home/ed/mcsema-testing/llvm-test-suite/RunSafely.sh --show-errors -t "/home/ed/mcsema-testing/SANDBOX/test-2015-12-21_15-36-50/tools/timeit" 500 /dev/null Output/2003-05-21-BitfieldHandling.llvm.o.compile \
	  /usr/bin/clang -I/home/ed/mcsema-testing/SANDBOX/test-2015-12-21_15-36-50/SingleSource/Regression/C -I/home/ed/mcsema-testing/llvm-test-suite/SingleSource/Regression/C -I/home/ed/mcsema-testing/llvm-test-suite/include -I../../../include -D_GNU_SOURCE -D__STDC_LIMIT_MACROS -DNDEBUG  -O3  -m64 -fomit-frame-pointer -c /home/ed/mcsema-testing/llvm-test-suite/SingleSource/Regression/C/2003-05-21-BitfieldHandling.c -o Output/2003-05-21-BitfieldHandling.llvm.o
cp Output/2003-05-21-BitfieldHandling.llvm.o.compile.time Output/2003-05-21-BitfieldHandling.simple.compile.time
/usr/bin/clang++ -o Output/2003-05-21-BitfieldHandling.simple Output/2003-05-21-BitfieldHandling.llvm.o    -m64 -fomit-frame-pointer
/home/ed/mcsema-testing/llvm-test-suite/RunSafely.sh -t "/home/ed/mcsema-testing/SANDBOX/test-2015-12-21_15-36-50/tools/timeit-target" 500 /dev/null Output/2003-05-21-BitfieldHandling.out-simple Output/2003-05-21-BitfieldHandling.simple 
cp Output/2003-05-21-BitfieldHandling.simple Output/2003-05-21-BitfieldHandling.simple-hash; \
	strip --remove-section=.comment --remove-section='.note*' Output/2003-05-21-BitfieldHandling.simple-hash; \
	/home/ed/mcsema-testing/llvm-test-suite/HashProgramOutput.sh Output/2003-05-21-BitfieldHandling.simple-hash
if [ -f "/home/ed/mcsema-testing/llvm-test-suite/SingleSource/Regression/C/2003-05-21-BitfieldHandling.reference_output.little-endian." ]; then \
	  cp /home/ed/mcsema-testing/llvm-test-suite/SingleSource/Regression/C/2003-05-21-BitfieldHandling.reference_output.little-endian. Output/2003-05-21-BitfieldHandling.out-nat; \
	elif [ -f "/home/ed/mcsema-testing/llvm-test-suite/SingleSource/Regression/C/2003-05-21-BitfieldHandling.reference_output." ]; then \
	  cp /home/ed/mcsema-testing/llvm-test-suite/SingleSource/Regression/C/2003-05-21-BitfieldHandling.reference_output. Output/2003-05-21-BitfieldHandling.out-nat; \
	elif [ -f "/home/ed/mcsema-testing/llvm-test-suite/SingleSource/Regression/C/2003-05-21-BitfieldHandling.reference_output.little-endian" ]; then \
	  cp /home/ed/mcsema-testing/llvm-test-suite/SingleSource/Regression/C/2003-05-21-BitfieldHandling.reference_output.little-endian Output/2003-05-21-BitfieldHandling.out-nat; \
	elif [ -f "/home/ed/mcsema-testing/llvm-test-suite/SingleSource/Regression/C/2003-05-21-BitfieldHandling.reference_output" ]; then \
	  cp /home/ed/mcsema-testing/llvm-test-suite/SingleSource/Regression/C/2003-05-21-BitfieldHandling.reference_output Output/2003-05-21-BitfieldHandling.out-nat; \
	else \
	  printf "WARNING: %s: %s\n" "NO REFERENCE OUTPUT (using default)" "/home/ed/mcsema-testing/llvm-test-suite/SingleSource/Regression/C/2003-05-21-BitfieldHandling.reference_output" > Output/2003-05-21-BitfieldHandling.out-nat; \
	  cp /home/ed/mcsema-testing/llvm-test-suite/default.reference_output Output/2003-05-21-BitfieldHandling.out-nat; \
	  cat Output/2003-05-21-BitfieldHandling.out-nat; \
	fi
# Pretend that the reference output was produced instantaneously.
cp /home/ed/mcsema-testing/llvm-test-suite/instant.txt Output/2003-05-21-BitfieldHandling.out-nat.time
/home/ed/mcsema-testing/llvm-test-suite/DiffOutput.sh "/home/ed/mcsema-testing/SANDBOX/test-2015-12-21_15-36-50/tools/fpcmp " simple 2003-05-21-BitfieldHandling 
rm -f Output/2003-05-21-BitfieldHandling.exe-simple
cp Output/2003-05-21-BitfieldHandling.diff-simple Output/2003-05-21-BitfieldHandling.exe-simple
if test -f Output/2003-05-21-BitfieldHandling.extra-results.txt; then \
	  /home/ed/mcsema-testing/llvm-test-suite/ParseMultipleResults /home/ed/mcsema-testing/SANDBOX/test-2015-12-21_15-36-50/SingleSource/Regression/C/2003-05-21-BitfieldHandling Output/2003-05-21-BitfieldHandling.extra-results.txt >> Output/2003-05-21-BitfieldHandling.simple.exec.report.txt; \
	fi
cat Output/2003-05-21-BitfieldHandling.simple.compile.report.txt Output/2003-05-21-BitfieldHandling.simple.exec.report.txt >> Output/2003-05-21-BitfieldHandling.simple.report.txt
---------------------------------------------------------------
>>> ========= '/home/ed/mcsema-testing/SANDBOX/test-2015-12-21_15-36-50/SingleSource/Regression/C/2003-05-21-BitfieldHandling' Program
---------------------------------------------------------------

TEST-PASS: compile /home/ed/mcsema-testing/SANDBOX/test-2015-12-21_15-36-50/SingleSource/Regression/C/2003-05-21-BitfieldHandling
TEST-RESULT-compile-success: pass
TEST-RESULT-compile-hash: 1180dcc16a767069385258b320134dc0
TEST-RESULT-compile-time: user       0.0200
TEST-RESULT-compile-real-time: real       0.0326

TEST-PASS: exec /home/ed/mcsema-testing/SANDBOX/test-2015-12-21_15-36-50/SingleSource/Regression/C/2003-05-21-BitfieldHandling
TEST-RESULT-exec-success: pass
TEST-RESULT-exec-time: user       0.0008
TEST-RESULT-exec-real-time: real       0.0017
/home/ed/mcsema-testing/llvm-test-suite/RunSafely.sh --show-errors -t "/home/ed/mcsema-testing/SANDBOX/test-2015-12-21_15-36-50/tools/timeit" 500 /dev/null Output/2003-05-21-UnionBitfields.llvm.o.compile \
	  /usr/bin/clang -I/home/ed/mcsema-testing/SANDBOX/test-2015-12-21_15-36-50/SingleSource/Regression/C -I/home/ed/mcsema-testing/llvm-test-suite/SingleSource/Regression/C -I/home/ed/mcsema-testing/llvm-test-suite/include -I../../../include -D_GNU_SOURCE -D__STDC_LIMIT_MACROS -DNDEBUG  -O3  -m64 -fomit-frame-pointer -c /home/ed/mcsema-testing/llvm-test-suite/SingleSource/Regression/C/2003-05-21-UnionBitfields.c -o Output/2003-05-21-UnionBitfields.llvm.o
cp Output/2003-05-21-UnionBitfields.llvm.o.compile.time Output/2003-05-21-UnionBitfields.simple.compile.time
/usr/bin/clang++ -o Output/2003-05-21-UnionBitfields.simple Output/2003-05-21-UnionBitfields.llvm.o    -m64 -fomit-frame-pointer
/home/ed/mcsema-testing/llvm-test-suite/RunSafely.sh -t "/home/ed/mcsema-testing/SANDBOX/test-2015-12-21_15-36-50/tools/timeit-target" 500 /dev/null Output/2003-05-21-UnionBitfields.out-simple Output/2003-05-21-UnionBitfields.simple 
cp Output/2003-05-21-UnionBitfields.simple Output/2003-05-21-UnionBitfields.simple-hash; \
	strip --remove-section=.comment --remove-section='.note*' Output/2003-05-21-UnionBitfields.simple-hash; \
	/home/ed/mcsema-testing/llvm-test-suite/HashProgramOutput.sh Output/2003-05-21-UnionBitfields.simple-hash
if [ -f "/home/ed/mcsema-testing/llvm-test-suite/SingleSource/Regression/C/2003-05-21-UnionBitfields.reference_output.little-endian." ]; then \
	  cp /home/ed/mcsema-testing/llvm-test-suite/SingleSource/Regression/C/2003-05-21-UnionBitfields.reference_output.little-endian. Output/2003-05-21-UnionBitfields.out-nat; \
	elif [ -f "/home/ed/mcsema-testing/llvm-test-suite/SingleSource/Regression/C/2003-05-21-UnionBitfields.reference_output." ]; then \
	  cp /home/ed/mcsema-testing/llvm-test-suite/SingleSource/Regression/C/2003-05-21-UnionBitfields.reference_output. Output/2003-05-21-UnionBitfields.out-nat; \
	elif [ -f "/home/ed/mcsema-testing/llvm-test-suite/SingleSource/Regression/C/2003-05-21-UnionBitfields.reference_output.little-endian" ]; then \
	  cp /home/ed/mcsema-testing/llvm-test-suite/SingleSource/Regression/C/2003-05-21-UnionBitfields.reference_output.little-endian Output/2003-05-21-UnionBitfields.out-nat; \
	elif [ -f "/home/ed/mcsema-testing/llvm-test-suite/SingleSource/Regression/C/2003-05-21-UnionBitfields.reference_output" ]; then \
	  cp /home/ed/mcsema-testing/llvm-test-suite/SingleSource/Regression/C/2003-05-21-UnionBitfields.reference_output Output/2003-05-21-UnionBitfields.out-nat; \
	else \
	  printf "WARNING: %s: %s\n" "NO REFERENCE OUTPUT (using default)" "/home/ed/mcsema-testing/llvm-test-suite/SingleSource/Regression/C/2003-05-21-UnionBitfields.reference_output" > Output/2003-05-21-UnionBitfields.out-nat; \
	  cp /home/ed/mcsema-testing/llvm-test-suite/default.reference_output Output/2003-05-21-UnionBitfields.out-nat; \
	  cat Output/2003-05-21-UnionBitfields.out-nat; \
	fi
# Pretend that the reference output was produced instantaneously.
cp /home/ed/mcsema-testing/llvm-test-suite/instant.txt Output/2003-05-21-UnionBitfields.out-nat.time
/home/ed/mcsema-testing/llvm-test-suite/DiffOutput.sh "/home/ed/mcsema-testing/SANDBOX/test-2015-12-21_15-36-50/tools/fpcmp " simple 2003-05-21-UnionBitfields 
rm -f Output/2003-05-21-UnionBitfields.exe-simple
cp Output/2003-05-21-UnionBitfields.diff-simple Output/2003-05-21-UnionBitfields.exe-simple
if test -f Output/2003-05-21-UnionBitfields.extra-results.txt; then \
	  /home/ed/mcsema-testing/llvm-test-suite/ParseMultipleResults /home/ed/mcsema-testing/SANDBOX/test-2015-12-21_15-36-50/SingleSource/Regression/C/2003-05-21-UnionBitfields Output/2003-05-21-UnionBitfields.extra-results.txt >> Output/2003-05-21-UnionBitfields.simple.exec.report.txt; \
	fi
cat Output/2003-05-21-UnionBitfields.simple.compile.report.txt Output/2003-05-21-UnionBitfields.simple.exec.report.txt >> Output/2003-05-21-UnionBitfields.simple.report.txt
---------------------------------------------------------------
>>> ========= '/home/ed/mcsema-testing/SANDBOX/test-2015-12-21_15-36-50/SingleSource/Regression/C/2003-05-21-UnionBitfields' Program
---------------------------------------------------------------

TEST-PASS: compile /home/ed/mcsema-testing/SANDBOX/test-2015-12-21_15-36-50/SingleSource/Regression/C/2003-05-21-UnionBitfields
TEST-RESULT-compile-success: pass
TEST-RESULT-compile-hash: 24a3df4de2572fded73ba93dde8e52a6
TEST-RESULT-compile-time: user       0.0304
TEST-RESULT-compile-real-time: real       0.0453

TEST-PASS: exec /home/ed/mcsema-testing/SANDBOX/test-2015-12-21_15-36-50/SingleSource/Regression/C/2003-05-21-UnionBitfields
TEST-RESULT-exec-success: pass
TEST-RESULT-exec-time: user       0.0008
TEST-RESULT-exec-real-time: real       0.0016
/home/ed/mcsema-testing/llvm-test-suite/RunSafely.sh --show-errors -t "/home/ed/mcsema-testing/SANDBOX/test-2015-12-21_15-36-50/tools/timeit" 500 /dev/null Output/2003-05-21-UnionTest.llvm.o.compile \
	  /usr/bin/clang -I/home/ed/mcsema-testing/SANDBOX/test-2015-12-21_15-36-50/SingleSource/Regression/C -I/home/ed/mcsema-testing/llvm-test-suite/SingleSource/Regression/C -I/home/ed/mcsema-testing/llvm-test-suite/include -I../../../include -D_GNU_SOURCE -D__STDC_LIMIT_MACROS -DNDEBUG  -O3  -m64 -fomit-frame-pointer -c /home/ed/mcsema-testing/llvm-test-suite/SingleSource/Regression/C/2003-05-21-UnionTest.c -o Output/2003-05-21-UnionTest.llvm.o
cp Output/2003-05-21-UnionTest.llvm.o.compile.time Output/2003-05-21-UnionTest.simple.compile.time
/usr/bin/clang++ -o Output/2003-05-21-UnionTest.simple Output/2003-05-21-UnionTest.llvm.o    -m64 -fomit-frame-pointer
/home/ed/mcsema-testing/llvm-test-suite/RunSafely.sh -t "/home/ed/mcsema-testing/SANDBOX/test-2015-12-21_15-36-50/tools/timeit-target" 500 /dev/null Output/2003-05-21-UnionTest.out-simple Output/2003-05-21-UnionTest.simple 
cp Output/2003-05-21-UnionTest.simple Output/2003-05-21-UnionTest.simple-hash; \
	strip --remove-section=.comment --remove-section='.note*' Output/2003-05-21-UnionTest.simple-hash; \
	/home/ed/mcsema-testing/llvm-test-suite/HashProgramOutput.sh Output/2003-05-21-UnionTest.simple-hash
if [ -f "/home/ed/mcsema-testing/llvm-test-suite/SingleSource/Regression/C/2003-05-21-UnionTest.reference_output.little-endian." ]; then \
	  cp /home/ed/mcsema-testing/llvm-test-suite/SingleSource/Regression/C/2003-05-21-UnionTest.reference_output.little-endian. Output/2003-05-21-UnionTest.out-nat; \
	elif [ -f "/home/ed/mcsema-testing/llvm-test-suite/SingleSource/Regression/C/2003-05-21-UnionTest.reference_output." ]; then \
	  cp /home/ed/mcsema-testing/llvm-test-suite/SingleSource/Regression/C/2003-05-21-UnionTest.reference_output. Output/2003-05-21-UnionTest.out-nat; \
	elif [ -f "/home/ed/mcsema-testing/llvm-test-suite/SingleSource/Regression/C/2003-05-21-UnionTest.reference_output.little-endian" ]; then \
	  cp /home/ed/mcsema-testing/llvm-test-suite/SingleSource/Regression/C/2003-05-21-UnionTest.reference_output.little-endian Output/2003-05-21-UnionTest.out-nat; \
	elif [ -f "/home/ed/mcsema-testing/llvm-test-suite/SingleSource/Regression/C/2003-05-21-UnionTest.reference_output" ]; then \
	  cp /home/ed/mcsema-testing/llvm-test-suite/SingleSource/Regression/C/2003-05-21-UnionTest.reference_output Output/2003-05-21-UnionTest.out-nat; \
	else \
	  printf "WARNING: %s: %s\n" "NO REFERENCE OUTPUT (using default)" "/home/ed/mcsema-testing/llvm-test-suite/SingleSource/Regression/C/2003-05-21-UnionTest.reference_output" > Output/2003-05-21-UnionTest.out-nat; \
	  cp /home/ed/mcsema-testing/llvm-test-suite/default.reference_output Output/2003-05-21-UnionTest.out-nat; \
	  cat Output/2003-05-21-UnionTest.out-nat; \
	fi
# Pretend that the reference output was produced instantaneously.
cp /home/ed/mcsema-testing/llvm-test-suite/instant.txt Output/2003-05-21-UnionTest.out-nat.time
/home/ed/mcsema-testing/llvm-test-suite/DiffOutput.sh "/home/ed/mcsema-testing/SANDBOX/test-2015-12-21_15-36-50/tools/fpcmp " simple 2003-05-21-UnionTest 
rm -f Output/2003-05-21-UnionTest.exe-simple
cp Output/2003-05-21-UnionTest.diff-simple Output/2003-05-21-UnionTest.exe-simple
if test -f Output/2003-05-21-UnionTest.extra-results.txt; then \
	  /home/ed/mcsema-testing/llvm-test-suite/ParseMultipleResults /home/ed/mcsema-testing/SANDBOX/test-2015-12-21_15-36-50/SingleSource/Regression/C/2003-05-21-UnionTest Output/2003-05-21-UnionTest.extra-results.txt >> Output/2003-05-21-UnionTest.simple.exec.report.txt; \
	fi
cat Output/2003-05-21-UnionTest.simple.compile.report.txt Output/2003-05-21-UnionTest.simple.exec.report.txt >> Output/2003-05-21-UnionTest.simple.report.txt
---------------------------------------------------------------
>>> ========= '/home/ed/mcsema-testing/SANDBOX/test-2015-12-21_15-36-50/SingleSource/Regression/C/2003-05-21-UnionTest' Program
---------------------------------------------------------------

TEST-PASS: compile /home/ed/mcsema-testing/SANDBOX/test-2015-12-21_15-36-50/SingleSource/Regression/C/2003-05-21-UnionTest
TEST-RESULT-compile-success: pass
TEST-RESULT-compile-hash: 2aeb35ada12e0ebf56e43a94435358c4
TEST-RESULT-compile-time: user       0.0220
TEST-RESULT-compile-real-time: real       0.0354

TEST-PASS: exec /home/ed/mcsema-testing/SANDBOX/test-2015-12-21_15-36-50/SingleSource/Regression/C/2003-05-21-UnionTest
TEST-RESULT-exec-success: pass
TEST-RESULT-exec-time: user       0.0008
TEST-RESULT-exec-real-time: real       0.0016
/home/ed/mcsema-testing/llvm-test-suite/RunSafely.sh --show-errors -t "/home/ed/mcsema-testing/SANDBOX/test-2015-12-21_15-36-50/tools/timeit" 500 /dev/null Output/2003-05-22-LocalTypeTest.llvm.o.compile \
	  /usr/bin/clang -I/home/ed/mcsema-testing/SANDBOX/test-2015-12-21_15-36-50/SingleSource/Regression/C -I/home/ed/mcsema-testing/llvm-test-suite/SingleSource/Regression/C -I/home/ed/mcsema-testing/llvm-test-suite/include -I../../../include -D_GNU_SOURCE -D__STDC_LIMIT_MACROS -DNDEBUG  -O3  -m64 -fomit-frame-pointer -c /home/ed/mcsema-testing/llvm-test-suite/SingleSource/Regression/C/2003-05-22-LocalTypeTest.c -o Output/2003-05-22-LocalTypeTest.llvm.o
cp Output/2003-05-22-LocalTypeTest.llvm.o.compile.time Output/2003-05-22-LocalTypeTest.simple.compile.time
/usr/bin/clang++ -o Output/2003-05-22-LocalTypeTest.simple Output/2003-05-22-LocalTypeTest.llvm.o    -m64 -fomit-frame-pointer
/home/ed/mcsema-testing/llvm-test-suite/RunSafely.sh -t "/home/ed/mcsema-testing/SANDBOX/test-2015-12-21_15-36-50/tools/timeit-target" 500 /dev/null Output/2003-05-22-LocalTypeTest.out-simple Output/2003-05-22-LocalTypeTest.simple 
cp Output/2003-05-22-LocalTypeTest.simple Output/2003-05-22-LocalTypeTest.simple-hash; \
	strip --remove-section=.comment --remove-section='.note*' Output/2003-05-22-LocalTypeTest.simple-hash; \
	/home/ed/mcsema-testing/llvm-test-suite/HashProgramOutput.sh Output/2003-05-22-LocalTypeTest.simple-hash
if [ -f "/home/ed/mcsema-testing/llvm-test-suite/SingleSource/Regression/C/2003-05-22-LocalTypeTest.reference_output.little-endian." ]; then \
	  cp /home/ed/mcsema-testing/llvm-test-suite/SingleSource/Regression/C/2003-05-22-LocalTypeTest.reference_output.little-endian. Output/2003-05-22-LocalTypeTest.out-nat; \
	elif [ -f "/home/ed/mcsema-testing/llvm-test-suite/SingleSource/Regression/C/2003-05-22-LocalTypeTest.reference_output." ]; then \
	  cp /home/ed/mcsema-testing/llvm-test-suite/SingleSource/Regression/C/2003-05-22-LocalTypeTest.reference_output. Output/2003-05-22-LocalTypeTest.out-nat; \
	elif [ -f "/home/ed/mcsema-testing/llvm-test-suite/SingleSource/Regression/C/2003-05-22-LocalTypeTest.reference_output.little-endian" ]; then \
	  cp /home/ed/mcsema-testing/llvm-test-suite/SingleSource/Regression/C/2003-05-22-LocalTypeTest.reference_output.little-endian Output/2003-05-22-LocalTypeTest.out-nat; \
	elif [ -f "/home/ed/mcsema-testing/llvm-test-suite/SingleSource/Regression/C/2003-05-22-LocalTypeTest.reference_output" ]; then \
	  cp /home/ed/mcsema-testing/llvm-test-suite/SingleSource/Regression/C/2003-05-22-LocalTypeTest.reference_output Output/2003-05-22-LocalTypeTest.out-nat; \
	else \
	  printf "WARNING: %s: %s\n" "NO REFERENCE OUTPUT (using default)" "/home/ed/mcsema-testing/llvm-test-suite/SingleSource/Regression/C/2003-05-22-LocalTypeTest.reference_output" > Output/2003-05-22-LocalTypeTest.out-nat; \
	  cp /home/ed/mcsema-testing/llvm-test-suite/default.reference_output Output/2003-05-22-LocalTypeTest.out-nat; \
	  cat Output/2003-05-22-LocalTypeTest.out-nat; \
	fi
# Pretend that the reference output was produced instantaneously.
cp /home/ed/mcsema-testing/llvm-test-suite/instant.txt Output/2003-05-22-LocalTypeTest.out-nat.time
/home/ed/mcsema-testing/llvm-test-suite/DiffOutput.sh "/home/ed/mcsema-testing/SANDBOX/test-2015-12-21_15-36-50/tools/fpcmp " simple 2003-05-22-LocalTypeTest 
rm -f Output/2003-05-22-LocalTypeTest.exe-simple
cp Output/2003-05-22-LocalTypeTest.diff-simple Output/2003-05-22-LocalTypeTest.exe-simple
if test -f Output/2003-05-22-LocalTypeTest.extra-results.txt; then \
	  /home/ed/mcsema-testing/llvm-test-suite/ParseMultipleResults /home/ed/mcsema-testing/SANDBOX/test-2015-12-21_15-36-50/SingleSource/Regression/C/2003-05-22-LocalTypeTest Output/2003-05-22-LocalTypeTest.extra-results.txt >> Output/2003-05-22-LocalTypeTest.simple.exec.report.txt; \
	fi
cat Output/2003-05-22-LocalTypeTest.simple.compile.report.txt Output/2003-05-22-LocalTypeTest.simple.exec.report.txt >> Output/2003-05-22-LocalTypeTest.simple.report.txt
---------------------------------------------------------------
>>> ========= '/home/ed/mcsema-testing/SANDBOX/test-2015-12-21_15-36-50/SingleSource/Regression/C/2003-05-22-LocalTypeTest' Program
---------------------------------------------------------------

TEST-PASS: compile /home/ed/mcsema-testing/SANDBOX/test-2015-12-21_15-36-50/SingleSource/Regression/C/2003-05-22-LocalTypeTest
TEST-RESULT-compile-success: pass
TEST-RESULT-compile-hash: 69e7ab80044d0ee237d745339e9afe77
TEST-RESULT-compile-time: user       0.0208
TEST-RESULT-compile-real-time: real       0.0342

TEST-PASS: exec /home/ed/mcsema-testing/SANDBOX/test-2015-12-21_15-36-50/SingleSource/Regression/C/2003-05-22-LocalTypeTest
TEST-RESULT-exec-success: pass
TEST-RESULT-exec-time: user       0.0009
TEST-RESULT-exec-real-time: real       0.0017
/home/ed/mcsema-testing/llvm-test-suite/RunSafely.sh --show-errors -t "/home/ed/mcsema-testing/SANDBOX/test-2015-12-21_15-36-50/tools/timeit" 500 /dev/null Output/2003-05-22-VarSizeArray.llvm.o.compile \
	  /usr/bin/clang -I/home/ed/mcsema-testing/SANDBOX/test-2015-12-21_15-36-50/SingleSource/Regression/C -I/home/ed/mcsema-testing/llvm-test-suite/SingleSource/Regression/C -I/home/ed/mcsema-testing/llvm-test-suite/include -I../../../include -D_GNU_SOURCE -D__STDC_LIMIT_MACROS -DNDEBUG  -O3  -m64 -fomit-frame-pointer -c /home/ed/mcsema-testing/llvm-test-suite/SingleSource/Regression/C/2003-05-22-VarSizeArray.c -o Output/2003-05-22-VarSizeArray.llvm.o
cp Output/2003-05-22-VarSizeArray.llvm.o.compile.time Output/2003-05-22-VarSizeArray.simple.compile.time
/usr/bin/clang++ -o Output/2003-05-22-VarSizeArray.simple Output/2003-05-22-VarSizeArray.llvm.o    -m64 -fomit-frame-pointer
/home/ed/mcsema-testing/llvm-test-suite/RunSafely.sh -t "/home/ed/mcsema-testing/SANDBOX/test-2015-12-21_15-36-50/tools/timeit-target" 500 /dev/null Output/2003-05-22-VarSizeArray.out-simple Output/2003-05-22-VarSizeArray.simple 
cp Output/2003-05-22-VarSizeArray.simple Output/2003-05-22-VarSizeArray.simple-hash; \
	strip --remove-section=.comment --remove-section='.note*' Output/2003-05-22-VarSizeArray.simple-hash; \
	/home/ed/mcsema-testing/llvm-test-suite/HashProgramOutput.sh Output/2003-05-22-VarSizeArray.simple-hash
if [ -f "/home/ed/mcsema-testing/llvm-test-suite/SingleSource/Regression/C/2003-05-22-VarSizeArray.reference_output.little-endian." ]; then \
	  cp /home/ed/mcsema-testing/llvm-test-suite/SingleSource/Regression/C/2003-05-22-VarSizeArray.reference_output.little-endian. Output/2003-05-22-VarSizeArray.out-nat; \
	elif [ -f "/home/ed/mcsema-testing/llvm-test-suite/SingleSource/Regression/C/2003-05-22-VarSizeArray.reference_output." ]; then \
	  cp /home/ed/mcsema-testing/llvm-test-suite/SingleSource/Regression/C/2003-05-22-VarSizeArray.reference_output. Output/2003-05-22-VarSizeArray.out-nat; \
	elif [ -f "/home/ed/mcsema-testing/llvm-test-suite/SingleSource/Regression/C/2003-05-22-VarSizeArray.reference_output.little-endian" ]; then \
	  cp /home/ed/mcsema-testing/llvm-test-suite/SingleSource/Regression/C/2003-05-22-VarSizeArray.reference_output.little-endian Output/2003-05-22-VarSizeArray.out-nat; \
	elif [ -f "/home/ed/mcsema-testing/llvm-test-suite/SingleSource/Regression/C/2003-05-22-VarSizeArray.reference_output" ]; then \
	  cp /home/ed/mcsema-testing/llvm-test-suite/SingleSource/Regression/C/2003-05-22-VarSizeArray.reference_output Output/2003-05-22-VarSizeArray.out-nat; \
	else \
	  printf "WARNING: %s: %s\n" "NO REFERENCE OUTPUT (using default)" "/home/ed/mcsema-testing/llvm-test-suite/SingleSource/Regression/C/2003-05-22-VarSizeArray.reference_output" > Output/2003-05-22-VarSizeArray.out-nat; \
	  cp /home/ed/mcsema-testing/llvm-test-suite/default.reference_output Output/2003-05-22-VarSizeArray.out-nat; \
	  cat Output/2003-05-22-VarSizeArray.out-nat; \
	fi
# Pretend that the reference output was produced instantaneously.
cp /home/ed/mcsema-testing/llvm-test-suite/instant.txt Output/2003-05-22-VarSizeArray.out-nat.time
/home/ed/mcsema-testing/llvm-test-suite/DiffOutput.sh "/home/ed/mcsema-testing/SANDBOX/test-2015-12-21_15-36-50/tools/fpcmp " simple 2003-05-22-VarSizeArray 
rm -f Output/2003-05-22-VarSizeArray.exe-simple
cp Output/2003-05-22-VarSizeArray.diff-simple Output/2003-05-22-VarSizeArray.exe-simple
if test -f Output/2003-05-22-VarSizeArray.extra-results.txt; then \
	  /home/ed/mcsema-testing/llvm-test-suite/ParseMultipleResults /home/ed/mcsema-testing/SANDBOX/test-2015-12-21_15-36-50/SingleSource/Regression/C/2003-05-22-VarSizeArray Output/2003-05-22-VarSizeArray.extra-results.txt >> Output/2003-05-22-VarSizeArray.simple.exec.report.txt; \
	fi
cat Output/2003-05-22-VarSizeArray.simple.compile.report.txt Output/2003-05-22-VarSizeArray.simple.exec.report.txt >> Output/2003-05-22-VarSizeArray.simple.report.txt
---------------------------------------------------------------
>>> ========= '/home/ed/mcsema-testing/SANDBOX/test-2015-12-21_15-36-50/SingleSource/Regression/C/2003-05-22-VarSizeArray' Program
---------------------------------------------------------------

TEST-PASS: compile /home/ed/mcsema-testing/SANDBOX/test-2015-12-21_15-36-50/SingleSource/Regression/C/2003-05-22-VarSizeArray
TEST-RESULT-compile-success: pass
TEST-RESULT-compile-hash: 2eb4f84ef6559b3b51b001c49555b876
TEST-RESULT-compile-time: user       0.0209
TEST-RESULT-compile-real-time: real       0.0343

TEST-PASS: exec /home/ed/mcsema-testing/SANDBOX/test-2015-12-21_15-36-50/SingleSource/Regression/C/2003-05-22-VarSizeArray
TEST-RESULT-exec-success: pass
TEST-RESULT-exec-time: user       0.0008
TEST-RESULT-exec-real-time: real       0.0017
/home/ed/mcsema-testing/llvm-test-suite/RunSafely.sh --show-errors -t "/home/ed/mcsema-testing/SANDBOX/test-2015-12-21_15-36-50/tools/timeit" 500 /dev/null Output/2003-05-23-TransparentUnion.llvm.o.compile \
	  /usr/bin/clang -I/home/ed/mcsema-testing/SANDBOX/test-2015-12-21_15-36-50/SingleSource/Regression/C -I/home/ed/mcsema-testing/llvm-test-suite/SingleSource/Regression/C -I/home/ed/mcsema-testing/llvm-test-suite/include -I../../../include -D_GNU_SOURCE -D__STDC_LIMIT_MACROS -DNDEBUG  -O3  -m64 -fomit-frame-pointer -c /home/ed/mcsema-testing/llvm-test-suite/SingleSource/Regression/C/2003-05-23-TransparentUnion.c -o Output/2003-05-23-TransparentUnion.llvm.o
cp Output/2003-05-23-TransparentUnion.llvm.o.compile.time Output/2003-05-23-TransparentUnion.simple.compile.time
/usr/bin/clang++ -o Output/2003-05-23-TransparentUnion.simple Output/2003-05-23-TransparentUnion.llvm.o    -m64 -fomit-frame-pointer
/home/ed/mcsema-testing/llvm-test-suite/RunSafely.sh -t "/home/ed/mcsema-testing/SANDBOX/test-2015-12-21_15-36-50/tools/timeit-target" 500 /dev/null Output/2003-05-23-TransparentUnion.out-simple Output/2003-05-23-TransparentUnion.simple 
cp Output/2003-05-23-TransparentUnion.simple Output/2003-05-23-TransparentUnion.simple-hash; \
	strip --remove-section=.comment --remove-section='.note*' Output/2003-05-23-TransparentUnion.simple-hash; \
	/home/ed/mcsema-testing/llvm-test-suite/HashProgramOutput.sh Output/2003-05-23-TransparentUnion.simple-hash
if [ -f "/home/ed/mcsema-testing/llvm-test-suite/SingleSource/Regression/C/2003-05-23-TransparentUnion.reference_output.little-endian." ]; then \
	  cp /home/ed/mcsema-testing/llvm-test-suite/SingleSource/Regression/C/2003-05-23-TransparentUnion.reference_output.little-endian. Output/2003-05-23-TransparentUnion.out-nat; \
	elif [ -f "/home/ed/mcsema-testing/llvm-test-suite/SingleSource/Regression/C/2003-05-23-TransparentUnion.reference_output." ]; then \
	  cp /home/ed/mcsema-testing/llvm-test-suite/SingleSource/Regression/C/2003-05-23-TransparentUnion.reference_output. Output/2003-05-23-TransparentUnion.out-nat; \
	elif [ -f "/home/ed/mcsema-testing/llvm-test-suite/SingleSource/Regression/C/2003-05-23-TransparentUnion.reference_output.little-endian" ]; then \
	  cp /home/ed/mcsema-testing/llvm-test-suite/SingleSource/Regression/C/2003-05-23-TransparentUnion.reference_output.little-endian Output/2003-05-23-TransparentUnion.out-nat; \
	elif [ -f "/home/ed/mcsema-testing/llvm-test-suite/SingleSource/Regression/C/2003-05-23-TransparentUnion.reference_output" ]; then \
	  cp /home/ed/mcsema-testing/llvm-test-suite/SingleSource/Regression/C/2003-05-23-TransparentUnion.reference_output Output/2003-05-23-TransparentUnion.out-nat; \
	else \
	  printf "WARNING: %s: %s\n" "NO REFERENCE OUTPUT (using default)" "/home/ed/mcsema-testing/llvm-test-suite/SingleSource/Regression/C/2003-05-23-TransparentUnion.reference_output" > Output/2003-05-23-TransparentUnion.out-nat; \
	  cp /home/ed/mcsema-testing/llvm-test-suite/default.reference_output Output/2003-05-23-TransparentUnion.out-nat; \
	  cat Output/2003-05-23-TransparentUnion.out-nat; \
	fi
# Pretend that the reference output was produced instantaneously.
cp /home/ed/mcsema-testing/llvm-test-suite/instant.txt Output/2003-05-23-TransparentUnion.out-nat.time
/home/ed/mcsema-testing/llvm-test-suite/DiffOutput.sh "/home/ed/mcsema-testing/SANDBOX/test-2015-12-21_15-36-50/tools/fpcmp " simple 2003-05-23-TransparentUnion 
rm -f Output/2003-05-23-TransparentUnion.exe-simple
cp Output/2003-05-23-TransparentUnion.diff-simple Output/2003-05-23-TransparentUnion.exe-simple
if test -f Output/2003-05-23-TransparentUnion.extra-results.txt; then \
	  /home/ed/mcsema-testing/llvm-test-suite/ParseMultipleResults /home/ed/mcsema-testing/SANDBOX/test-2015-12-21_15-36-50/SingleSource/Regression/C/2003-05-23-TransparentUnion Output/2003-05-23-TransparentUnion.extra-results.txt >> Output/2003-05-23-TransparentUnion.simple.exec.report.txt; \
	fi
cat Output/2003-05-23-TransparentUnion.simple.compile.report.txt Output/2003-05-23-TransparentUnion.simple.exec.report.txt >> Output/2003-05-23-TransparentUnion.simple.report.txt
---------------------------------------------------------------
>>> ========= '/home/ed/mcsema-testing/SANDBOX/test-2015-12-21_15-36-50/SingleSource/Regression/C/2003-05-23-TransparentUnion' Program
---------------------------------------------------------------

TEST-PASS: compile /home/ed/mcsema-testing/SANDBOX/test-2015-12-21_15-36-50/SingleSource/Regression/C/2003-05-23-TransparentUnion
TEST-RESULT-compile-success: pass
TEST-RESULT-compile-hash: 23b08893a2ff0180cb8a1ab1b8d874dc
TEST-RESULT-compile-time: user       0.0209
TEST-RESULT-compile-real-time: real       0.0336

TEST-PASS: exec /home/ed/mcsema-testing/SANDBOX/test-2015-12-21_15-36-50/SingleSource/Regression/C/2003-05-23-TransparentUnion
TEST-RESULT-exec-success: pass
TEST-RESULT-exec-time: user       0.0008
TEST-RESULT-exec-real-time: real       0.0018
/home/ed/mcsema-testing/llvm-test-suite/RunSafely.sh --show-errors -t "/home/ed/mcsema-testing/SANDBOX/test-2015-12-21_15-36-50/tools/timeit" 500 /dev/null Output/2003-06-16-InvalidInitializer.llvm.o.compile \
	  /usr/bin/clang -I/home/ed/mcsema-testing/SANDBOX/test-2015-12-21_15-36-50/SingleSource/Regression/C -I/home/ed/mcsema-testing/llvm-test-suite/SingleSource/Regression/C -I/home/ed/mcsema-testing/llvm-test-suite/include -I../../../include -D_GNU_SOURCE -D__STDC_LIMIT_MACROS -DNDEBUG  -O3  -m64 -fomit-frame-pointer -c /home/ed/mcsema-testing/llvm-test-suite/SingleSource/Regression/C/2003-06-16-InvalidInitializer.c -o Output/2003-06-16-InvalidInitializer.llvm.o
cp Output/2003-06-16-InvalidInitializer.llvm.o.compile.time Output/2003-06-16-InvalidInitializer.simple.compile.time
/usr/bin/clang++ -o Output/2003-06-16-InvalidInitializer.simple Output/2003-06-16-InvalidInitializer.llvm.o    -m64 -fomit-frame-pointer
/home/ed/mcsema-testing/llvm-test-suite/RunSafely.sh -t "/home/ed/mcsema-testing/SANDBOX/test-2015-12-21_15-36-50/tools/timeit-target" 500 /dev/null Output/2003-06-16-InvalidInitializer.out-simple Output/2003-06-16-InvalidInitializer.simple 
cp Output/2003-06-16-InvalidInitializer.simple Output/2003-06-16-InvalidInitializer.simple-hash; \
	strip --remove-section=.comment --remove-section='.note*' Output/2003-06-16-InvalidInitializer.simple-hash; \
	/home/ed/mcsema-testing/llvm-test-suite/HashProgramOutput.sh Output/2003-06-16-InvalidInitializer.simple-hash
if [ -f "/home/ed/mcsema-testing/llvm-test-suite/SingleSource/Regression/C/2003-06-16-InvalidInitializer.reference_output.little-endian." ]; then \
	  cp /home/ed/mcsema-testing/llvm-test-suite/SingleSource/Regression/C/2003-06-16-InvalidInitializer.reference_output.little-endian. Output/2003-06-16-InvalidInitializer.out-nat; \
	elif [ -f "/home/ed/mcsema-testing/llvm-test-suite/SingleSource/Regression/C/2003-06-16-InvalidInitializer.reference_output." ]; then \
	  cp /home/ed/mcsema-testing/llvm-test-suite/SingleSource/Regression/C/2003-06-16-InvalidInitializer.reference_output. Output/2003-06-16-InvalidInitializer.out-nat; \
	elif [ -f "/home/ed/mcsema-testing/llvm-test-suite/SingleSource/Regression/C/2003-06-16-InvalidInitializer.reference_output.little-endian" ]; then \
	  cp /home/ed/mcsema-testing/llvm-test-suite/SingleSource/Regression/C/2003-06-16-InvalidInitializer.reference_output.little-endian Output/2003-06-16-InvalidInitializer.out-nat; \
	elif [ -f "/home/ed/mcsema-testing/llvm-test-suite/SingleSource/Regression/C/2003-06-16-InvalidInitializer.reference_output" ]; then \
	  cp /home/ed/mcsema-testing/llvm-test-suite/SingleSource/Regression/C/2003-06-16-InvalidInitializer.reference_output Output/2003-06-16-InvalidInitializer.out-nat; \
	else \
	  printf "WARNING: %s: %s\n" "NO REFERENCE OUTPUT (using default)" "/home/ed/mcsema-testing/llvm-test-suite/SingleSource/Regression/C/2003-06-16-InvalidInitializer.reference_output" > Output/2003-06-16-InvalidInitializer.out-nat; \
	  cp /home/ed/mcsema-testing/llvm-test-suite/default.reference_output Output/2003-06-16-InvalidInitializer.out-nat; \
	  cat Output/2003-06-16-InvalidInitializer.out-nat; \
	fi
# Pretend that the reference output was produced instantaneously.
cp /home/ed/mcsema-testing/llvm-test-suite/instant.txt Output/2003-06-16-InvalidInitializer.out-nat.time
/home/ed/mcsema-testing/llvm-test-suite/DiffOutput.sh "/home/ed/mcsema-testing/SANDBOX/test-2015-12-21_15-36-50/tools/fpcmp " simple 2003-06-16-InvalidInitializer 
rm -f Output/2003-06-16-InvalidInitializer.exe-simple
cp Output/2003-06-16-InvalidInitializer.diff-simple Output/2003-06-16-InvalidInitializer.exe-simple
if test -f Output/2003-06-16-InvalidInitializer.extra-results.txt; then \
	  /home/ed/mcsema-testing/llvm-test-suite/ParseMultipleResults /home/ed/mcsema-testing/SANDBOX/test-2015-12-21_15-36-50/SingleSource/Regression/C/2003-06-16-InvalidInitializer Output/2003-06-16-InvalidInitializer.extra-results.txt >> Output/2003-06-16-InvalidInitializer.simple.exec.report.txt; \
	fi
cat Output/2003-06-16-InvalidInitializer.simple.compile.report.txt Output/2003-06-16-InvalidInitializer.simple.exec.report.txt >> Output/2003-06-16-InvalidInitializer.simple.report.txt
---------------------------------------------------------------
>>> ========= '/home/ed/mcsema-testing/SANDBOX/test-2015-12-21_15-36-50/SingleSource/Regression/C/2003-06-16-InvalidInitializer' Program
---------------------------------------------------------------

TEST-PASS: compile /home/ed/mcsema-testing/SANDBOX/test-2015-12-21_15-36-50/SingleSource/Regression/C/2003-06-16-InvalidInitializer
TEST-RESULT-compile-success: pass
TEST-RESULT-compile-hash: 837752b5b9443e9e091f280bd307f194
TEST-RESULT-compile-time: user       0.0158
TEST-RESULT-compile-real-time: real       0.0278

TEST-PASS: exec /home/ed/mcsema-testing/SANDBOX/test-2015-12-21_15-36-50/SingleSource/Regression/C/2003-06-16-InvalidInitializer
TEST-RESULT-exec-success: pass
TEST-RESULT-exec-time: user       0.0009
TEST-RESULT-exec-real-time: real       0.0017
/home/ed/mcsema-testing/llvm-test-suite/RunSafely.sh --show-errors -t "/home/ed/mcsema-testing/SANDBOX/test-2015-12-21_15-36-50/tools/timeit" 500 /dev/null Output/2003-06-16-VolatileError.llvm.o.compile \
	  /usr/bin/clang -I/home/ed/mcsema-testing/SANDBOX/test-2015-12-21_15-36-50/SingleSource/Regression/C -I/home/ed/mcsema-testing/llvm-test-suite/SingleSource/Regression/C -I/home/ed/mcsema-testing/llvm-test-suite/include -I../../../include -D_GNU_SOURCE -D__STDC_LIMIT_MACROS -DNDEBUG  -O3  -m64 -fomit-frame-pointer -c /home/ed/mcsema-testing/llvm-test-suite/SingleSource/Regression/C/2003-06-16-VolatileError.c -o Output/2003-06-16-VolatileError.llvm.o
cp Output/2003-06-16-VolatileError.llvm.o.compile.time Output/2003-06-16-VolatileError.simple.compile.time
/usr/bin/clang++ -o Output/2003-06-16-VolatileError.simple Output/2003-06-16-VolatileError.llvm.o    -m64 -fomit-frame-pointer
/home/ed/mcsema-testing/llvm-test-suite/RunSafely.sh -t "/home/ed/mcsema-testing/SANDBOX/test-2015-12-21_15-36-50/tools/timeit-target" 500 /dev/null Output/2003-06-16-VolatileError.out-simple Output/2003-06-16-VolatileError.simple 
cp Output/2003-06-16-VolatileError.simple Output/2003-06-16-VolatileError.simple-hash; \
	strip --remove-section=.comment --remove-section='.note*' Output/2003-06-16-VolatileError.simple-hash; \
	/home/ed/mcsema-testing/llvm-test-suite/HashProgramOutput.sh Output/2003-06-16-VolatileError.simple-hash
if [ -f "/home/ed/mcsema-testing/llvm-test-suite/SingleSource/Regression/C/2003-06-16-VolatileError.reference_output.little-endian." ]; then \
	  cp /home/ed/mcsema-testing/llvm-test-suite/SingleSource/Regression/C/2003-06-16-VolatileError.reference_output.little-endian. Output/2003-06-16-VolatileError.out-nat; \
	elif [ -f "/home/ed/mcsema-testing/llvm-test-suite/SingleSource/Regression/C/2003-06-16-VolatileError.reference_output." ]; then \
	  cp /home/ed/mcsema-testing/llvm-test-suite/SingleSource/Regression/C/2003-06-16-VolatileError.reference_output. Output/2003-06-16-VolatileError.out-nat; \
	elif [ -f "/home/ed/mcsema-testing/llvm-test-suite/SingleSource/Regression/C/2003-06-16-VolatileError.reference_output.little-endian" ]; then \
	  cp /home/ed/mcsema-testing/llvm-test-suite/SingleSource/Regression/C/2003-06-16-VolatileError.reference_output.little-endian Output/2003-06-16-VolatileError.out-nat; \
	elif [ -f "/home/ed/mcsema-testing/llvm-test-suite/SingleSource/Regression/C/2003-06-16-VolatileError.reference_output" ]; then \
	  cp /home/ed/mcsema-testing/llvm-test-suite/SingleSource/Regression/C/2003-06-16-VolatileError.reference_output Output/2003-06-16-VolatileError.out-nat; \
	else \
	  printf "WARNING: %s: %s\n" "NO REFERENCE OUTPUT (using default)" "/home/ed/mcsema-testing/llvm-test-suite/SingleSource/Regression/C/2003-06-16-VolatileError.reference_output" > Output/2003-06-16-VolatileError.out-nat; \
	  cp /home/ed/mcsema-testing/llvm-test-suite/default.reference_output Output/2003-06-16-VolatileError.out-nat; \
	  cat Output/2003-06-16-VolatileError.out-nat; \
	fi
# Pretend that the reference output was produced instantaneously.
cp /home/ed/mcsema-testing/llvm-test-suite/instant.txt Output/2003-06-16-VolatileError.out-nat.time
/home/ed/mcsema-testing/llvm-test-suite/DiffOutput.sh "/home/ed/mcsema-testing/SANDBOX/test-2015-12-21_15-36-50/tools/fpcmp " simple 2003-06-16-VolatileError 
rm -f Output/2003-06-16-VolatileError.exe-simple
cp Output/2003-06-16-VolatileError.diff-simple Output/2003-06-16-VolatileError.exe-simple
if test -f Output/2003-06-16-VolatileError.extra-results.txt; then \
	  /home/ed/mcsema-testing/llvm-test-suite/ParseMultipleResults /home/ed/mcsema-testing/SANDBOX/test-2015-12-21_15-36-50/SingleSource/Regression/C/2003-06-16-VolatileError Output/2003-06-16-VolatileError.extra-results.txt >> Output/2003-06-16-VolatileError.simple.exec.report.txt; \
	fi
cat Output/2003-06-16-VolatileError.simple.compile.report.txt Output/2003-06-16-VolatileError.simple.exec.report.txt >> Output/2003-06-16-VolatileError.simple.report.txt
---------------------------------------------------------------
>>> ========= '/home/ed/mcsema-testing/SANDBOX/test-2015-12-21_15-36-50/SingleSource/Regression/C/2003-06-16-VolatileError' Program
---------------------------------------------------------------

TEST-PASS: compile /home/ed/mcsema-testing/SANDBOX/test-2015-12-21_15-36-50/SingleSource/Regression/C/2003-06-16-VolatileError
TEST-RESULT-compile-success: pass
TEST-RESULT-compile-hash: 7f7cd53e307b71517ab835b279337d8e
TEST-RESULT-compile-time: user       0.0152
TEST-RESULT-compile-real-time: real       0.0271

TEST-PASS: exec /home/ed/mcsema-testing/SANDBOX/test-2015-12-21_15-36-50/SingleSource/Regression/C/2003-06-16-VolatileError
TEST-RESULT-exec-success: pass
TEST-RESULT-exec-time: user       0.0009
TEST-RESULT-exec-real-time: real       0.0018
/home/ed/mcsema-testing/llvm-test-suite/RunSafely.sh --show-errors -t "/home/ed/mcsema-testing/SANDBOX/test-2015-12-21_15-36-50/tools/timeit" 500 /dev/null Output/2003-10-12-GlobalVarInitializers.llvm.o.compile \
	  /usr/bin/clang -I/home/ed/mcsema-testing/SANDBOX/test-2015-12-21_15-36-50/SingleSource/Regression/C -I/home/ed/mcsema-testing/llvm-test-suite/SingleSource/Regression/C -I/home/ed/mcsema-testing/llvm-test-suite/include -I../../../include -D_GNU_SOURCE -D__STDC_LIMIT_MACROS -DNDEBUG  -O3  -m64 -fomit-frame-pointer -c /home/ed/mcsema-testing/llvm-test-suite/SingleSource/Regression/C/2003-10-12-GlobalVarInitializers.c -o Output/2003-10-12-GlobalVarInitializers.llvm.o
cp Output/2003-10-12-GlobalVarInitializers.llvm.o.compile.time Output/2003-10-12-GlobalVarInitializers.simple.compile.time
/usr/bin/clang++ -o Output/2003-10-12-GlobalVarInitializers.simple Output/2003-10-12-GlobalVarInitializers.llvm.o    -m64 -fomit-frame-pointer
/home/ed/mcsema-testing/llvm-test-suite/RunSafely.sh -t "/home/ed/mcsema-testing/SANDBOX/test-2015-12-21_15-36-50/tools/timeit-target" 500 /dev/null Output/2003-10-12-GlobalVarInitializers.out-simple Output/2003-10-12-GlobalVarInitializers.simple 
cp Output/2003-10-12-GlobalVarInitializers.simple Output/2003-10-12-GlobalVarInitializers.simple-hash; \
	strip --remove-section=.comment --remove-section='.note*' Output/2003-10-12-GlobalVarInitializers.simple-hash; \
	/home/ed/mcsema-testing/llvm-test-suite/HashProgramOutput.sh Output/2003-10-12-GlobalVarInitializers.simple-hash
if [ -f "/home/ed/mcsema-testing/llvm-test-suite/SingleSource/Regression/C/2003-10-12-GlobalVarInitializers.reference_output.little-endian." ]; then \
	  cp /home/ed/mcsema-testing/llvm-test-suite/SingleSource/Regression/C/2003-10-12-GlobalVarInitializers.reference_output.little-endian. Output/2003-10-12-GlobalVarInitializers.out-nat; \
	elif [ -f "/home/ed/mcsema-testing/llvm-test-suite/SingleSource/Regression/C/2003-10-12-GlobalVarInitializers.reference_output." ]; then \
	  cp /home/ed/mcsema-testing/llvm-test-suite/SingleSource/Regression/C/2003-10-12-GlobalVarInitializers.reference_output. Output/2003-10-12-GlobalVarInitializers.out-nat; \
	elif [ -f "/home/ed/mcsema-testing/llvm-test-suite/SingleSource/Regression/C/2003-10-12-GlobalVarInitializers.reference_output.little-endian" ]; then \
	  cp /home/ed/mcsema-testing/llvm-test-suite/SingleSource/Regression/C/2003-10-12-GlobalVarInitializers.reference_output.little-endian Output/2003-10-12-GlobalVarInitializers.out-nat; \
	elif [ -f "/home/ed/mcsema-testing/llvm-test-suite/SingleSource/Regression/C/2003-10-12-GlobalVarInitializers.reference_output" ]; then \
	  cp /home/ed/mcsema-testing/llvm-test-suite/SingleSource/Regression/C/2003-10-12-GlobalVarInitializers.reference_output Output/2003-10-12-GlobalVarInitializers.out-nat; \
	else \
	  printf "WARNING: %s: %s\n" "NO REFERENCE OUTPUT (using default)" "/home/ed/mcsema-testing/llvm-test-suite/SingleSource/Regression/C/2003-10-12-GlobalVarInitializers.reference_output" > Output/2003-10-12-GlobalVarInitializers.out-nat; \
	  cp /home/ed/mcsema-testing/llvm-test-suite/default.reference_output Output/2003-10-12-GlobalVarInitializers.out-nat; \
	  cat Output/2003-10-12-GlobalVarInitializers.out-nat; \
	fi
# Pretend that the reference output was produced instantaneously.
cp /home/ed/mcsema-testing/llvm-test-suite/instant.txt Output/2003-10-12-GlobalVarInitializers.out-nat.time
/home/ed/mcsema-testing/llvm-test-suite/DiffOutput.sh "/home/ed/mcsema-testing/SANDBOX/test-2015-12-21_15-36-50/tools/fpcmp " simple 2003-10-12-GlobalVarInitializers 
rm -f Output/2003-10-12-GlobalVarInitializers.exe-simple
cp Output/2003-10-12-GlobalVarInitializers.diff-simple Output/2003-10-12-GlobalVarInitializers.exe-simple
if test -f Output/2003-10-12-GlobalVarInitializers.extra-results.txt; then \
	  /home/ed/mcsema-testing/llvm-test-suite/ParseMultipleResults /home/ed/mcsema-testing/SANDBOX/test-2015-12-21_15-36-50/SingleSource/Regression/C/2003-10-12-GlobalVarInitializers Output/2003-10-12-GlobalVarInitializers.extra-results.txt >> Output/2003-10-12-GlobalVarInitializers.simple.exec.report.txt; \
	fi
cat Output/2003-10-12-GlobalVarInitializers.simple.compile.report.txt Output/2003-10-12-GlobalVarInitializers.simple.exec.report.txt >> Output/2003-10-12-GlobalVarInitializers.simple.report.txt
---------------------------------------------------------------
>>> ========= '/home/ed/mcsema-testing/SANDBOX/test-2015-12-21_15-36-50/SingleSource/Regression/C/2003-10-12-GlobalVarInitializers' Program
---------------------------------------------------------------

TEST-PASS: compile /home/ed/mcsema-testing/SANDBOX/test-2015-12-21_15-36-50/SingleSource/Regression/C/2003-10-12-GlobalVarInitializers
TEST-RESULT-compile-success: pass
TEST-RESULT-compile-hash: 54fe8257c2f1e55ba75b5c4d68e09d51
TEST-RESULT-compile-time: user       0.0210
TEST-RESULT-compile-real-time: real       0.0344

TEST-PASS: exec /home/ed/mcsema-testing/SANDBOX/test-2015-12-21_15-36-50/SingleSource/Regression/C/2003-10-12-GlobalVarInitializers
TEST-RESULT-exec-success: pass
TEST-RESULT-exec-time: user       0.0009
TEST-RESULT-exec-real-time: real       0.0019
/home/ed/mcsema-testing/llvm-test-suite/RunSafely.sh --show-errors -t "/home/ed/mcsema-testing/SANDBOX/test-2015-12-21_15-36-50/tools/timeit" 500 /dev/null Output/2004-02-03-AggregateCopy.llvm.o.compile \
	  /usr/bin/clang -I/home/ed/mcsema-testing/SANDBOX/test-2015-12-21_15-36-50/SingleSource/Regression/C -I/home/ed/mcsema-testing/llvm-test-suite/SingleSource/Regression/C -I/home/ed/mcsema-testing/llvm-test-suite/include -I../../../include -D_GNU_SOURCE -D__STDC_LIMIT_MACROS -DNDEBUG  -O3  -m64 -fomit-frame-pointer -c /home/ed/mcsema-testing/llvm-test-suite/SingleSource/Regression/C/2004-02-03-AggregateCopy.c -o Output/2004-02-03-AggregateCopy.llvm.o
cp Output/2004-02-03-AggregateCopy.llvm.o.compile.time Output/2004-02-03-AggregateCopy.simple.compile.time
/usr/bin/clang++ -o Output/2004-02-03-AggregateCopy.simple Output/2004-02-03-AggregateCopy.llvm.o    -m64 -fomit-frame-pointer
/home/ed/mcsema-testing/llvm-test-suite/RunSafely.sh -t "/home/ed/mcsema-testing/SANDBOX/test-2015-12-21_15-36-50/tools/timeit-target" 500 /dev/null Output/2004-02-03-AggregateCopy.out-simple Output/2004-02-03-AggregateCopy.simple 
cp Output/2004-02-03-AggregateCopy.simple Output/2004-02-03-AggregateCopy.simple-hash; \
	strip --remove-section=.comment --remove-section='.note*' Output/2004-02-03-AggregateCopy.simple-hash; \
	/home/ed/mcsema-testing/llvm-test-suite/HashProgramOutput.sh Output/2004-02-03-AggregateCopy.simple-hash
if [ -f "/home/ed/mcsema-testing/llvm-test-suite/SingleSource/Regression/C/2004-02-03-AggregateCopy.reference_output.little-endian." ]; then \
	  cp /home/ed/mcsema-testing/llvm-test-suite/SingleSource/Regression/C/2004-02-03-AggregateCopy.reference_output.little-endian. Output/2004-02-03-AggregateCopy.out-nat; \
	elif [ -f "/home/ed/mcsema-testing/llvm-test-suite/SingleSource/Regression/C/2004-02-03-AggregateCopy.reference_output." ]; then \
	  cp /home/ed/mcsema-testing/llvm-test-suite/SingleSource/Regression/C/2004-02-03-AggregateCopy.reference_output. Output/2004-02-03-AggregateCopy.out-nat; \
	elif [ -f "/home/ed/mcsema-testing/llvm-test-suite/SingleSource/Regression/C/2004-02-03-AggregateCopy.reference_output.little-endian" ]; then \
	  cp /home/ed/mcsema-testing/llvm-test-suite/SingleSource/Regression/C/2004-02-03-AggregateCopy.reference_output.little-endian Output/2004-02-03-AggregateCopy.out-nat; \
	elif [ -f "/home/ed/mcsema-testing/llvm-test-suite/SingleSource/Regression/C/2004-02-03-AggregateCopy.reference_output" ]; then \
	  cp /home/ed/mcsema-testing/llvm-test-suite/SingleSource/Regression/C/2004-02-03-AggregateCopy.reference_output Output/2004-02-03-AggregateCopy.out-nat; \
	else \
	  printf "WARNING: %s: %s\n" "NO REFERENCE OUTPUT (using default)" "/home/ed/mcsema-testing/llvm-test-suite/SingleSource/Regression/C/2004-02-03-AggregateCopy.reference_output" > Output/2004-02-03-AggregateCopy.out-nat; \
	  cp /home/ed/mcsema-testing/llvm-test-suite/default.reference_output Output/2004-02-03-AggregateCopy.out-nat; \
	  cat Output/2004-02-03-AggregateCopy.out-nat; \
	fi
# Pretend that the reference output was produced instantaneously.
cp /home/ed/mcsema-testing/llvm-test-suite/instant.txt Output/2004-02-03-AggregateCopy.out-nat.time
/home/ed/mcsema-testing/llvm-test-suite/DiffOutput.sh "/home/ed/mcsema-testing/SANDBOX/test-2015-12-21_15-36-50/tools/fpcmp " simple 2004-02-03-AggregateCopy 
rm -f Output/2004-02-03-AggregateCopy.exe-simple
cp Output/2004-02-03-AggregateCopy.diff-simple Output/2004-02-03-AggregateCopy.exe-simple
if test -f Output/2004-02-03-AggregateCopy.extra-results.txt; then \
	  /home/ed/mcsema-testing/llvm-test-suite/ParseMultipleResults /home/ed/mcsema-testing/SANDBOX/test-2015-12-21_15-36-50/SingleSource/Regression/C/2004-02-03-AggregateCopy Output/2004-02-03-AggregateCopy.extra-results.txt >> Output/2004-02-03-AggregateCopy.simple.exec.report.txt; \
	fi
cat Output/2004-02-03-AggregateCopy.simple.compile.report.txt Output/2004-02-03-AggregateCopy.simple.exec.report.txt >> Output/2004-02-03-AggregateCopy.simple.report.txt
---------------------------------------------------------------
>>> ========= '/home/ed/mcsema-testing/SANDBOX/test-2015-12-21_15-36-50/SingleSource/Regression/C/2004-02-03-AggregateCopy' Program
---------------------------------------------------------------

TEST-PASS: compile /home/ed/mcsema-testing/SANDBOX/test-2015-12-21_15-36-50/SingleSource/Regression/C/2004-02-03-AggregateCopy
TEST-RESULT-compile-success: pass
TEST-RESULT-compile-hash: 48e2d8a2b58c7d1396b855e7cfa97e7a
TEST-RESULT-compile-time: user       0.0208
TEST-RESULT-compile-real-time: real       0.0343

TEST-PASS: exec /home/ed/mcsema-testing/SANDBOX/test-2015-12-21_15-36-50/SingleSource/Regression/C/2004-02-03-AggregateCopy
TEST-RESULT-exec-success: pass
TEST-RESULT-exec-time: user       0.0008
TEST-RESULT-exec-real-time: real       0.0017
/home/ed/mcsema-testing/llvm-test-suite/RunSafely.sh --show-errors -t "/home/ed/mcsema-testing/SANDBOX/test-2015-12-21_15-36-50/tools/timeit" 500 /dev/null Output/2004-03-15-IndirectGoto.llvm.o.compile \
	  /usr/bin/clang -I/home/ed/mcsema-testing/SANDBOX/test-2015-12-21_15-36-50/SingleSource/Regression/C -I/home/ed/mcsema-testing/llvm-test-suite/SingleSource/Regression/C -I/home/ed/mcsema-testing/llvm-test-suite/include -I../../../include -D_GNU_SOURCE -D__STDC_LIMIT_MACROS -DNDEBUG  -O3  -m64 -fomit-frame-pointer -c /home/ed/mcsema-testing/llvm-test-suite/SingleSource/Regression/C/2004-03-15-IndirectGoto.c -o Output/2004-03-15-IndirectGoto.llvm.o
cp Output/2004-03-15-IndirectGoto.llvm.o.compile.time Output/2004-03-15-IndirectGoto.simple.compile.time
/usr/bin/clang++ -o Output/2004-03-15-IndirectGoto.simple Output/2004-03-15-IndirectGoto.llvm.o    -m64 -fomit-frame-pointer
/home/ed/mcsema-testing/llvm-test-suite/RunSafely.sh -t "/home/ed/mcsema-testing/SANDBOX/test-2015-12-21_15-36-50/tools/timeit-target" 500 /dev/null Output/2004-03-15-IndirectGoto.out-simple Output/2004-03-15-IndirectGoto.simple 
cp Output/2004-03-15-IndirectGoto.simple Output/2004-03-15-IndirectGoto.simple-hash; \
	strip --remove-section=.comment --remove-section='.note*' Output/2004-03-15-IndirectGoto.simple-hash; \
	/home/ed/mcsema-testing/llvm-test-suite/HashProgramOutput.sh Output/2004-03-15-IndirectGoto.simple-hash
if [ -f "/home/ed/mcsema-testing/llvm-test-suite/SingleSource/Regression/C/2004-03-15-IndirectGoto.reference_output.little-endian." ]; then \
	  cp /home/ed/mcsema-testing/llvm-test-suite/SingleSource/Regression/C/2004-03-15-IndirectGoto.reference_output.little-endian. Output/2004-03-15-IndirectGoto.out-nat; \
	elif [ -f "/home/ed/mcsema-testing/llvm-test-suite/SingleSource/Regression/C/2004-03-15-IndirectGoto.reference_output." ]; then \
	  cp /home/ed/mcsema-testing/llvm-test-suite/SingleSource/Regression/C/2004-03-15-IndirectGoto.reference_output. Output/2004-03-15-IndirectGoto.out-nat; \
	elif [ -f "/home/ed/mcsema-testing/llvm-test-suite/SingleSource/Regression/C/2004-03-15-IndirectGoto.reference_output.little-endian" ]; then \
	  cp /home/ed/mcsema-testing/llvm-test-suite/SingleSource/Regression/C/2004-03-15-IndirectGoto.reference_output.little-endian Output/2004-03-15-IndirectGoto.out-nat; \
	elif [ -f "/home/ed/mcsema-testing/llvm-test-suite/SingleSource/Regression/C/2004-03-15-IndirectGoto.reference_output" ]; then \
	  cp /home/ed/mcsema-testing/llvm-test-suite/SingleSource/Regression/C/2004-03-15-IndirectGoto.reference_output Output/2004-03-15-IndirectGoto.out-nat; \
	else \
	  printf "WARNING: %s: %s\n" "NO REFERENCE OUTPUT (using default)" "/home/ed/mcsema-testing/llvm-test-suite/SingleSource/Regression/C/2004-03-15-IndirectGoto.reference_output" > Output/2004-03-15-IndirectGoto.out-nat; \
	  cp /home/ed/mcsema-testing/llvm-test-suite/default.reference_output Output/2004-03-15-IndirectGoto.out-nat; \
	  cat Output/2004-03-15-IndirectGoto.out-nat; \
	fi
# Pretend that the reference output was produced instantaneously.
cp /home/ed/mcsema-testing/llvm-test-suite/instant.txt Output/2004-03-15-IndirectGoto.out-nat.time
/home/ed/mcsema-testing/llvm-test-suite/DiffOutput.sh "/home/ed/mcsema-testing/SANDBOX/test-2015-12-21_15-36-50/tools/fpcmp " simple 2004-03-15-IndirectGoto 
rm -f Output/2004-03-15-IndirectGoto.exe-simple
cp Output/2004-03-15-IndirectGoto.diff-simple Output/2004-03-15-IndirectGoto.exe-simple
if test -f Output/2004-03-15-IndirectGoto.extra-results.txt; then \
	  /home/ed/mcsema-testing/llvm-test-suite/ParseMultipleResults /home/ed/mcsema-testing/SANDBOX/test-2015-12-21_15-36-50/SingleSource/Regression/C/2004-03-15-IndirectGoto Output/2004-03-15-IndirectGoto.extra-results.txt >> Output/2004-03-15-IndirectGoto.simple.exec.report.txt; \
	fi
cat Output/2004-03-15-IndirectGoto.simple.compile.report.txt Output/2004-03-15-IndirectGoto.simple.exec.report.txt >> Output/2004-03-15-IndirectGoto.simple.report.txt
---------------------------------------------------------------
>>> ========= '/home/ed/mcsema-testing/SANDBOX/test-2015-12-21_15-36-50/SingleSource/Regression/C/2004-03-15-IndirectGoto' Program
---------------------------------------------------------------

TEST-PASS: compile /home/ed/mcsema-testing/SANDBOX/test-2015-12-21_15-36-50/SingleSource/Regression/C/2004-03-15-IndirectGoto
TEST-RESULT-compile-success: pass
TEST-RESULT-compile-hash: 71dc950514fd59fc8732e3342d880f4b
TEST-RESULT-compile-time: user       0.0216
TEST-RESULT-compile-real-time: real       0.0350

TEST-PASS: exec /home/ed/mcsema-testing/SANDBOX/test-2015-12-21_15-36-50/SingleSource/Regression/C/2004-03-15-IndirectGoto
TEST-RESULT-exec-success: pass
TEST-RESULT-exec-time: user       0.0008
TEST-RESULT-exec-real-time: real       0.0016
/home/ed/mcsema-testing/llvm-test-suite/RunSafely.sh --show-errors -t "/home/ed/mcsema-testing/SANDBOX/test-2015-12-21_15-36-50/tools/timeit" 500 /dev/null Output/2004-08-12-InlinerAndAllocas.llvm.o.compile \
	  /usr/bin/clang -I/home/ed/mcsema-testing/SANDBOX/test-2015-12-21_15-36-50/SingleSource/Regression/C -I/home/ed/mcsema-testing/llvm-test-suite/SingleSource/Regression/C -I/home/ed/mcsema-testing/llvm-test-suite/include -I../../../include -D_GNU_SOURCE -D__STDC_LIMIT_MACROS -DNDEBUG  -O3  -m64 -fomit-frame-pointer -c /home/ed/mcsema-testing/llvm-test-suite/SingleSource/Regression/C/2004-08-12-InlinerAndAllocas.c -o Output/2004-08-12-InlinerAndAllocas.llvm.o
cp Output/2004-08-12-InlinerAndAllocas.llvm.o.compile.time Output/2004-08-12-InlinerAndAllocas.simple.compile.time
/usr/bin/clang++ -o Output/2004-08-12-InlinerAndAllocas.simple Output/2004-08-12-InlinerAndAllocas.llvm.o    -m64 -fomit-frame-pointer
/home/ed/mcsema-testing/llvm-test-suite/RunSafely.sh -t "/home/ed/mcsema-testing/SANDBOX/test-2015-12-21_15-36-50/tools/timeit-target" 500 /dev/null Output/2004-08-12-InlinerAndAllocas.out-simple Output/2004-08-12-InlinerAndAllocas.simple 
cp Output/2004-08-12-InlinerAndAllocas.simple Output/2004-08-12-InlinerAndAllocas.simple-hash; \
	strip --remove-section=.comment --remove-section='.note*' Output/2004-08-12-InlinerAndAllocas.simple-hash; \
	/home/ed/mcsema-testing/llvm-test-suite/HashProgramOutput.sh Output/2004-08-12-InlinerAndAllocas.simple-hash
if [ -f "/home/ed/mcsema-testing/llvm-test-suite/SingleSource/Regression/C/2004-08-12-InlinerAndAllocas.reference_output.little-endian." ]; then \
	  cp /home/ed/mcsema-testing/llvm-test-suite/SingleSource/Regression/C/2004-08-12-InlinerAndAllocas.reference_output.little-endian. Output/2004-08-12-InlinerAndAllocas.out-nat; \
	elif [ -f "/home/ed/mcsema-testing/llvm-test-suite/SingleSource/Regression/C/2004-08-12-InlinerAndAllocas.reference_output." ]; then \
	  cp /home/ed/mcsema-testing/llvm-test-suite/SingleSource/Regression/C/2004-08-12-InlinerAndAllocas.reference_output. Output/2004-08-12-InlinerAndAllocas.out-nat; \
	elif [ -f "/home/ed/mcsema-testing/llvm-test-suite/SingleSource/Regression/C/2004-08-12-InlinerAndAllocas.reference_output.little-endian" ]; then \
	  cp /home/ed/mcsema-testing/llvm-test-suite/SingleSource/Regression/C/2004-08-12-InlinerAndAllocas.reference_output.little-endian Output/2004-08-12-InlinerAndAllocas.out-nat; \
	elif [ -f "/home/ed/mcsema-testing/llvm-test-suite/SingleSource/Regression/C/2004-08-12-InlinerAndAllocas.reference_output" ]; then \
	  cp /home/ed/mcsema-testing/llvm-test-suite/SingleSource/Regression/C/2004-08-12-InlinerAndAllocas.reference_output Output/2004-08-12-InlinerAndAllocas.out-nat; \
	else \
	  printf "WARNING: %s: %s\n" "NO REFERENCE OUTPUT (using default)" "/home/ed/mcsema-testing/llvm-test-suite/SingleSource/Regression/C/2004-08-12-InlinerAndAllocas.reference_output" > Output/2004-08-12-InlinerAndAllocas.out-nat; \
	  cp /home/ed/mcsema-testing/llvm-test-suite/default.reference_output Output/2004-08-12-InlinerAndAllocas.out-nat; \
	  cat Output/2004-08-12-InlinerAndAllocas.out-nat; \
	fi
# Pretend that the reference output was produced instantaneously.
cp /home/ed/mcsema-testing/llvm-test-suite/instant.txt Output/2004-08-12-InlinerAndAllocas.out-nat.time
/home/ed/mcsema-testing/llvm-test-suite/DiffOutput.sh "/home/ed/mcsema-testing/SANDBOX/test-2015-12-21_15-36-50/tools/fpcmp " simple 2004-08-12-InlinerAndAllocas 
rm -f Output/2004-08-12-InlinerAndAllocas.exe-simple
cp Output/2004-08-12-InlinerAndAllocas.diff-simple Output/2004-08-12-InlinerAndAllocas.exe-simple
if test -f Output/2004-08-12-InlinerAndAllocas.extra-results.txt; then \
	  /home/ed/mcsema-testing/llvm-test-suite/ParseMultipleResults /home/ed/mcsema-testing/SANDBOX/test-2015-12-21_15-36-50/SingleSource/Regression/C/2004-08-12-InlinerAndAllocas Output/2004-08-12-InlinerAndAllocas.extra-results.txt >> Output/2004-08-12-InlinerAndAllocas.simple.exec.report.txt; \
	fi
cat Output/2004-08-12-InlinerAndAllocas.simple.compile.report.txt Output/2004-08-12-InlinerAndAllocas.simple.exec.report.txt >> Output/2004-08-12-InlinerAndAllocas.simple.report.txt
---------------------------------------------------------------
>>> ========= '/home/ed/mcsema-testing/SANDBOX/test-2015-12-21_15-36-50/SingleSource/Regression/C/2004-08-12-InlinerAndAllocas' Program
---------------------------------------------------------------

TEST-PASS: compile /home/ed/mcsema-testing/SANDBOX/test-2015-12-21_15-36-50/SingleSource/Regression/C/2004-08-12-InlinerAndAllocas
TEST-RESULT-compile-success: pass
TEST-RESULT-compile-hash: 82ba18568ee95f9a5e7a1f42c6a4a7a8
TEST-RESULT-compile-time: user       0.0234
TEST-RESULT-compile-real-time: real       0.0378

TEST-PASS: exec /home/ed/mcsema-testing/SANDBOX/test-2015-12-21_15-36-50/SingleSource/Regression/C/2004-08-12-InlinerAndAllocas
TEST-RESULT-exec-success: pass
TEST-RESULT-exec-time: user       0.0017
TEST-RESULT-exec-real-time: real       0.0025
/home/ed/mcsema-testing/llvm-test-suite/RunSafely.sh --show-errors -t "/home/ed/mcsema-testing/SANDBOX/test-2015-12-21_15-36-50/tools/timeit" 500 /dev/null Output/2005-05-06-LongLongSignedShift.llvm.o.compile \
	  /usr/bin/clang -I/home/ed/mcsema-testing/SANDBOX/test-2015-12-21_15-36-50/SingleSource/Regression/C -I/home/ed/mcsema-testing/llvm-test-suite/SingleSource/Regression/C -I/home/ed/mcsema-testing/llvm-test-suite/include -I../../../include -D_GNU_SOURCE -D__STDC_LIMIT_MACROS -DNDEBUG  -O3  -m64 -fomit-frame-pointer -c /home/ed/mcsema-testing/llvm-test-suite/SingleSource/Regression/C/2005-05-06-LongLongSignedShift.c -o Output/2005-05-06-LongLongSignedShift.llvm.o
cp Output/2005-05-06-LongLongSignedShift.llvm.o.compile.time Output/2005-05-06-LongLongSignedShift.simple.compile.time
/usr/bin/clang++ -o Output/2005-05-06-LongLongSignedShift.simple Output/2005-05-06-LongLongSignedShift.llvm.o    -m64 -fomit-frame-pointer
/home/ed/mcsema-testing/llvm-test-suite/RunSafely.sh -t "/home/ed/mcsema-testing/SANDBOX/test-2015-12-21_15-36-50/tools/timeit-target" 500 /dev/null Output/2005-05-06-LongLongSignedShift.out-simple Output/2005-05-06-LongLongSignedShift.simple 
cp Output/2005-05-06-LongLongSignedShift.simple Output/2005-05-06-LongLongSignedShift.simple-hash; \
	strip --remove-section=.comment --remove-section='.note*' Output/2005-05-06-LongLongSignedShift.simple-hash; \
	/home/ed/mcsema-testing/llvm-test-suite/HashProgramOutput.sh Output/2005-05-06-LongLongSignedShift.simple-hash
if [ -f "/home/ed/mcsema-testing/llvm-test-suite/SingleSource/Regression/C/2005-05-06-LongLongSignedShift.reference_output.little-endian." ]; then \
	  cp /home/ed/mcsema-testing/llvm-test-suite/SingleSource/Regression/C/2005-05-06-LongLongSignedShift.reference_output.little-endian. Output/2005-05-06-LongLongSignedShift.out-nat; \
	elif [ -f "/home/ed/mcsema-testing/llvm-test-suite/SingleSource/Regression/C/2005-05-06-LongLongSignedShift.reference_output." ]; then \
	  cp /home/ed/mcsema-testing/llvm-test-suite/SingleSource/Regression/C/2005-05-06-LongLongSignedShift.reference_output. Output/2005-05-06-LongLongSignedShift.out-nat; \
	elif [ -f "/home/ed/mcsema-testing/llvm-test-suite/SingleSource/Regression/C/2005-05-06-LongLongSignedShift.reference_output.little-endian" ]; then \
	  cp /home/ed/mcsema-testing/llvm-test-suite/SingleSource/Regression/C/2005-05-06-LongLongSignedShift.reference_output.little-endian Output/2005-05-06-LongLongSignedShift.out-nat; \
	elif [ -f "/home/ed/mcsema-testing/llvm-test-suite/SingleSource/Regression/C/2005-05-06-LongLongSignedShift.reference_output" ]; then \
	  cp /home/ed/mcsema-testing/llvm-test-suite/SingleSource/Regression/C/2005-05-06-LongLongSignedShift.reference_output Output/2005-05-06-LongLongSignedShift.out-nat; \
	else \
	  printf "WARNING: %s: %s\n" "NO REFERENCE OUTPUT (using default)" "/home/ed/mcsema-testing/llvm-test-suite/SingleSource/Regression/C/2005-05-06-LongLongSignedShift.reference_output" > Output/2005-05-06-LongLongSignedShift.out-nat; \
	  cp /home/ed/mcsema-testing/llvm-test-suite/default.reference_output Output/2005-05-06-LongLongSignedShift.out-nat; \
	  cat Output/2005-05-06-LongLongSignedShift.out-nat; \
	fi
# Pretend that the reference output was produced instantaneously.
cp /home/ed/mcsema-testing/llvm-test-suite/instant.txt Output/2005-05-06-LongLongSignedShift.out-nat.time
/home/ed/mcsema-testing/llvm-test-suite/DiffOutput.sh "/home/ed/mcsema-testing/SANDBOX/test-2015-12-21_15-36-50/tools/fpcmp " simple 2005-05-06-LongLongSignedShift 
rm -f Output/2005-05-06-LongLongSignedShift.exe-simple
cp Output/2005-05-06-LongLongSignedShift.diff-simple Output/2005-05-06-LongLongSignedShift.exe-simple
if test -f Output/2005-05-06-LongLongSignedShift.extra-results.txt; then \
	  /home/ed/mcsema-testing/llvm-test-suite/ParseMultipleResults /home/ed/mcsema-testing/SANDBOX/test-2015-12-21_15-36-50/SingleSource/Regression/C/2005-05-06-LongLongSignedShift Output/2005-05-06-LongLongSignedShift.extra-results.txt >> Output/2005-05-06-LongLongSignedShift.simple.exec.report.txt; \
	fi
cat Output/2005-05-06-LongLongSignedShift.simple.compile.report.txt Output/2005-05-06-LongLongSignedShift.simple.exec.report.txt >> Output/2005-05-06-LongLongSignedShift.simple.report.txt
---------------------------------------------------------------
>>> ========= '/home/ed/mcsema-testing/SANDBOX/test-2015-12-21_15-36-50/SingleSource/Regression/C/2005-05-06-LongLongSignedShift' Program
---------------------------------------------------------------

TEST-PASS: compile /home/ed/mcsema-testing/SANDBOX/test-2015-12-21_15-36-50/SingleSource/Regression/C/2005-05-06-LongLongSignedShift
TEST-RESULT-compile-success: pass
TEST-RESULT-compile-hash: 9ed1e13431bb40300325bbd91132e85a
TEST-RESULT-compile-time: user       0.0159
TEST-RESULT-compile-real-time: real       0.0300

TEST-PASS: exec /home/ed/mcsema-testing/SANDBOX/test-2015-12-21_15-36-50/SingleSource/Regression/C/2005-05-06-LongLongSignedShift
TEST-RESULT-exec-success: pass
TEST-RESULT-exec-time: user       0.0008
TEST-RESULT-exec-real-time: real       0.0017
/home/ed/mcsema-testing/llvm-test-suite/RunSafely.sh --show-errors -t "/home/ed/mcsema-testing/SANDBOX/test-2015-12-21_15-36-50/tools/timeit" 500 /dev/null Output/2008-01-07-LongDouble.llvm.o.compile \
	  /usr/bin/clang -I/home/ed/mcsema-testing/SANDBOX/test-2015-12-21_15-36-50/SingleSource/Regression/C -I/home/ed/mcsema-testing/llvm-test-suite/SingleSource/Regression/C -I/home/ed/mcsema-testing/llvm-test-suite/include -I../../../include -D_GNU_SOURCE -D__STDC_LIMIT_MACROS -DNDEBUG  -O3  -m64 -fomit-frame-pointer -c /home/ed/mcsema-testing/llvm-test-suite/SingleSource/Regression/C/2008-01-07-LongDouble.c -o Output/2008-01-07-LongDouble.llvm.o
cp Output/2008-01-07-LongDouble.llvm.o.compile.time Output/2008-01-07-LongDouble.simple.compile.time
/usr/bin/clang++ -o Output/2008-01-07-LongDouble.simple Output/2008-01-07-LongDouble.llvm.o    -m64 -fomit-frame-pointer
/home/ed/mcsema-testing/llvm-test-suite/RunSafely.sh -t "/home/ed/mcsema-testing/SANDBOX/test-2015-12-21_15-36-50/tools/timeit-target" 500 /dev/null Output/2008-01-07-LongDouble.out-simple Output/2008-01-07-LongDouble.simple 
cp Output/2008-01-07-LongDouble.simple Output/2008-01-07-LongDouble.simple-hash; \
	strip --remove-section=.comment --remove-section='.note*' Output/2008-01-07-LongDouble.simple-hash; \
	/home/ed/mcsema-testing/llvm-test-suite/HashProgramOutput.sh Output/2008-01-07-LongDouble.simple-hash
if [ -f "/home/ed/mcsema-testing/llvm-test-suite/SingleSource/Regression/C/2008-01-07-LongDouble.reference_output.little-endian." ]; then \
	  cp /home/ed/mcsema-testing/llvm-test-suite/SingleSource/Regression/C/2008-01-07-LongDouble.reference_output.little-endian. Output/2008-01-07-LongDouble.out-nat; \
	elif [ -f "/home/ed/mcsema-testing/llvm-test-suite/SingleSource/Regression/C/2008-01-07-LongDouble.reference_output." ]; then \
	  cp /home/ed/mcsema-testing/llvm-test-suite/SingleSource/Regression/C/2008-01-07-LongDouble.reference_output. Output/2008-01-07-LongDouble.out-nat; \
	elif [ -f "/home/ed/mcsema-testing/llvm-test-suite/SingleSource/Regression/C/2008-01-07-LongDouble.reference_output.little-endian" ]; then \
	  cp /home/ed/mcsema-testing/llvm-test-suite/SingleSource/Regression/C/2008-01-07-LongDouble.reference_output.little-endian Output/2008-01-07-LongDouble.out-nat; \
	elif [ -f "/home/ed/mcsema-testing/llvm-test-suite/SingleSource/Regression/C/2008-01-07-LongDouble.reference_output" ]; then \
	  cp /home/ed/mcsema-testing/llvm-test-suite/SingleSource/Regression/C/2008-01-07-LongDouble.reference_output Output/2008-01-07-LongDouble.out-nat; \
	else \
	  printf "WARNING: %s: %s\n" "NO REFERENCE OUTPUT (using default)" "/home/ed/mcsema-testing/llvm-test-suite/SingleSource/Regression/C/2008-01-07-LongDouble.reference_output" > Output/2008-01-07-LongDouble.out-nat; \
	  cp /home/ed/mcsema-testing/llvm-test-suite/default.reference_output Output/2008-01-07-LongDouble.out-nat; \
	  cat Output/2008-01-07-LongDouble.out-nat; \
	fi
# Pretend that the reference output was produced instantaneously.
cp /home/ed/mcsema-testing/llvm-test-suite/instant.txt Output/2008-01-07-LongDouble.out-nat.time
/home/ed/mcsema-testing/llvm-test-suite/DiffOutput.sh "/home/ed/mcsema-testing/SANDBOX/test-2015-12-21_15-36-50/tools/fpcmp " simple 2008-01-07-LongDouble 
rm -f Output/2008-01-07-LongDouble.exe-simple
cp Output/2008-01-07-LongDouble.diff-simple Output/2008-01-07-LongDouble.exe-simple
if test -f Output/2008-01-07-LongDouble.extra-results.txt; then \
	  /home/ed/mcsema-testing/llvm-test-suite/ParseMultipleResults /home/ed/mcsema-testing/SANDBOX/test-2015-12-21_15-36-50/SingleSource/Regression/C/2008-01-07-LongDouble Output/2008-01-07-LongDouble.extra-results.txt >> Output/2008-01-07-LongDouble.simple.exec.report.txt; \
	fi
cat Output/2008-01-07-LongDouble.simple.compile.report.txt Output/2008-01-07-LongDouble.simple.exec.report.txt >> Output/2008-01-07-LongDouble.simple.report.txt
---------------------------------------------------------------
>>> ========= '/home/ed/mcsema-testing/SANDBOX/test-2015-12-21_15-36-50/SingleSource/Regression/C/2008-01-07-LongDouble' Program
---------------------------------------------------------------

TEST-PASS: compile /home/ed/mcsema-testing/SANDBOX/test-2015-12-21_15-36-50/SingleSource/Regression/C/2008-01-07-LongDouble
TEST-RESULT-compile-success: pass
TEST-RESULT-compile-hash: 2d93d2de7ed81904430b365282903388
TEST-RESULT-compile-time: user       0.0208
TEST-RESULT-compile-real-time: real       0.0342

TEST-PASS: exec /home/ed/mcsema-testing/SANDBOX/test-2015-12-21_15-36-50/SingleSource/Regression/C/2008-01-07-LongDouble
TEST-RESULT-exec-success: pass
TEST-RESULT-exec-time: user       0.0009
TEST-RESULT-exec-real-time: real       0.0017
/home/ed/mcsema-testing/llvm-test-suite/RunSafely.sh --show-errors -t "/home/ed/mcsema-testing/SANDBOX/test-2015-12-21_15-36-50/tools/timeit" 500 /dev/null Output/badidx.llvm.o.compile \
	  /usr/bin/clang -I/home/ed/mcsema-testing/SANDBOX/test-2015-12-21_15-36-50/SingleSource/Regression/C -I/home/ed/mcsema-testing/llvm-test-suite/SingleSource/Regression/C -I/home/ed/mcsema-testing/llvm-test-suite/include -I../../../include -D_GNU_SOURCE -D__STDC_LIMIT_MACROS -DNDEBUG  -O3  -m64 -fomit-frame-pointer -c /home/ed/mcsema-testing/llvm-test-suite/SingleSource/Regression/C/badidx.c -o Output/badidx.llvm.o
cp Output/badidx.llvm.o.compile.time Output/badidx.simple.compile.time
/usr/bin/clang++ -o Output/badidx.simple Output/badidx.llvm.o    -m64 -fomit-frame-pointer
/home/ed/mcsema-testing/llvm-test-suite/RunSafely.sh -t "/home/ed/mcsema-testing/SANDBOX/test-2015-12-21_15-36-50/tools/timeit-target" 500 /dev/null Output/badidx.out-simple Output/badidx.simple 
cp Output/badidx.simple Output/badidx.simple-hash; \
	strip --remove-section=.comment --remove-section='.note*' Output/badidx.simple-hash; \
	/home/ed/mcsema-testing/llvm-test-suite/HashProgramOutput.sh Output/badidx.simple-hash
if [ -f "/home/ed/mcsema-testing/llvm-test-suite/SingleSource/Regression/C/badidx.reference_output.little-endian." ]; then \
	  cp /home/ed/mcsema-testing/llvm-test-suite/SingleSource/Regression/C/badidx.reference_output.little-endian. Output/badidx.out-nat; \
	elif [ -f "/home/ed/mcsema-testing/llvm-test-suite/SingleSource/Regression/C/badidx.reference_output." ]; then \
	  cp /home/ed/mcsema-testing/llvm-test-suite/SingleSource/Regression/C/badidx.reference_output. Output/badidx.out-nat; \
	elif [ -f "/home/ed/mcsema-testing/llvm-test-suite/SingleSource/Regression/C/badidx.reference_output.little-endian" ]; then \
	  cp /home/ed/mcsema-testing/llvm-test-suite/SingleSource/Regression/C/badidx.reference_output.little-endian Output/badidx.out-nat; \
	elif [ -f "/home/ed/mcsema-testing/llvm-test-suite/SingleSource/Regression/C/badidx.reference_output" ]; then \
	  cp /home/ed/mcsema-testing/llvm-test-suite/SingleSource/Regression/C/badidx.reference_output Output/badidx.out-nat; \
	else \
	  printf "WARNING: %s: %s\n" "NO REFERENCE OUTPUT (using default)" "/home/ed/mcsema-testing/llvm-test-suite/SingleSource/Regression/C/badidx.reference_output" > Output/badidx.out-nat; \
	  cp /home/ed/mcsema-testing/llvm-test-suite/default.reference_output Output/badidx.out-nat; \
	  cat Output/badidx.out-nat; \
	fi
# Pretend that the reference output was produced instantaneously.
cp /home/ed/mcsema-testing/llvm-test-suite/instant.txt Output/badidx.out-nat.time
/home/ed/mcsema-testing/llvm-test-suite/DiffOutput.sh "/home/ed/mcsema-testing/SANDBOX/test-2015-12-21_15-36-50/tools/fpcmp " simple badidx 
rm -f Output/badidx.exe-simple
cp Output/badidx.diff-simple Output/badidx.exe-simple
if test -f Output/badidx.extra-results.txt; then \
	  /home/ed/mcsema-testing/llvm-test-suite/ParseMultipleResults /home/ed/mcsema-testing/SANDBOX/test-2015-12-21_15-36-50/SingleSource/Regression/C/badidx Output/badidx.extra-results.txt >> Output/badidx.simple.exec.report.txt; \
	fi
cat Output/badidx.simple.compile.report.txt Output/badidx.simple.exec.report.txt >> Output/badidx.simple.report.txt
---------------------------------------------------------------
>>> ========= '/home/ed/mcsema-testing/SANDBOX/test-2015-12-21_15-36-50/SingleSource/Regression/C/badidx' Program
---------------------------------------------------------------

TEST-PASS: compile /home/ed/mcsema-testing/SANDBOX/test-2015-12-21_15-36-50/SingleSource/Regression/C/badidx
TEST-RESULT-compile-success: pass
TEST-RESULT-compile-hash: 47ae3c56fa8e28f6846030c618c7b8ec
TEST-RESULT-compile-time: user       0.0307
TEST-RESULT-compile-real-time: real       0.0683

TEST-PASS: exec /home/ed/mcsema-testing/SANDBOX/test-2015-12-21_15-36-50/SingleSource/Regression/C/badidx
TEST-RESULT-exec-success: pass
TEST-RESULT-exec-time: user       0.0009
TEST-RESULT-exec-real-time: real       0.0018
/home/ed/mcsema-testing/llvm-test-suite/RunSafely.sh --show-errors -t "/home/ed/mcsema-testing/SANDBOX/test-2015-12-21_15-36-50/tools/timeit" 500 /dev/null Output/bigstack.llvm.o.compile \
	  /usr/bin/clang -I/home/ed/mcsema-testing/SANDBOX/test-2015-12-21_15-36-50/SingleSource/Regression/C -I/home/ed/mcsema-testing/llvm-test-suite/SingleSource/Regression/C -I/home/ed/mcsema-testing/llvm-test-suite/include -I../../../include -D_GNU_SOURCE -D__STDC_LIMIT_MACROS -DNDEBUG  -O3  -m64 -fomit-frame-pointer -c /home/ed/mcsema-testing/llvm-test-suite/SingleSource/Regression/C/bigstack.c -o Output/bigstack.llvm.o
cp Output/bigstack.llvm.o.compile.time Output/bigstack.simple.compile.time
/usr/bin/clang++ -o Output/bigstack.simple Output/bigstack.llvm.o    -m64 -fomit-frame-pointer
/home/ed/mcsema-testing/llvm-test-suite/RunSafely.sh -t "/home/ed/mcsema-testing/SANDBOX/test-2015-12-21_15-36-50/tools/timeit-target" 500 /dev/null Output/bigstack.out-simple Output/bigstack.simple 
cp Output/bigstack.simple Output/bigstack.simple-hash; \
	strip --remove-section=.comment --remove-section='.note*' Output/bigstack.simple-hash; \
	/home/ed/mcsema-testing/llvm-test-suite/HashProgramOutput.sh Output/bigstack.simple-hash
if [ -f "/home/ed/mcsema-testing/llvm-test-suite/SingleSource/Regression/C/bigstack.reference_output.little-endian." ]; then \
	  cp /home/ed/mcsema-testing/llvm-test-suite/SingleSource/Regression/C/bigstack.reference_output.little-endian. Output/bigstack.out-nat; \
	elif [ -f "/home/ed/mcsema-testing/llvm-test-suite/SingleSource/Regression/C/bigstack.reference_output." ]; then \
	  cp /home/ed/mcsema-testing/llvm-test-suite/SingleSource/Regression/C/bigstack.reference_output. Output/bigstack.out-nat; \
	elif [ -f "/home/ed/mcsema-testing/llvm-test-suite/SingleSource/Regression/C/bigstack.reference_output.little-endian" ]; then \
	  cp /home/ed/mcsema-testing/llvm-test-suite/SingleSource/Regression/C/bigstack.reference_output.little-endian Output/bigstack.out-nat; \
	elif [ -f "/home/ed/mcsema-testing/llvm-test-suite/SingleSource/Regression/C/bigstack.reference_output" ]; then \
	  cp /home/ed/mcsema-testing/llvm-test-suite/SingleSource/Regression/C/bigstack.reference_output Output/bigstack.out-nat; \
	else \
	  printf "WARNING: %s: %s\n" "NO REFERENCE OUTPUT (using default)" "/home/ed/mcsema-testing/llvm-test-suite/SingleSource/Regression/C/bigstack.reference_output" > Output/bigstack.out-nat; \
	  cp /home/ed/mcsema-testing/llvm-test-suite/default.reference_output Output/bigstack.out-nat; \
	  cat Output/bigstack.out-nat; \
	fi
# Pretend that the reference output was produced instantaneously.
cp /home/ed/mcsema-testing/llvm-test-suite/instant.txt Output/bigstack.out-nat.time
/home/ed/mcsema-testing/llvm-test-suite/DiffOutput.sh "/home/ed/mcsema-testing/SANDBOX/test-2015-12-21_15-36-50/tools/fpcmp " simple bigstack 
rm -f Output/bigstack.exe-simple
cp Output/bigstack.diff-simple Output/bigstack.exe-simple
if test -f Output/bigstack.extra-results.txt; then \
	  /home/ed/mcsema-testing/llvm-test-suite/ParseMultipleResults /home/ed/mcsema-testing/SANDBOX/test-2015-12-21_15-36-50/SingleSource/Regression/C/bigstack Output/bigstack.extra-results.txt >> Output/bigstack.simple.exec.report.txt; \
	fi
cat Output/bigstack.simple.compile.report.txt Output/bigstack.simple.exec.report.txt >> Output/bigstack.simple.report.txt
---------------------------------------------------------------
>>> ========= '/home/ed/mcsema-testing/SANDBOX/test-2015-12-21_15-36-50/SingleSource/Regression/C/bigstack' Program
---------------------------------------------------------------

TEST-PASS: compile /home/ed/mcsema-testing/SANDBOX/test-2015-12-21_15-36-50/SingleSource/Regression/C/bigstack
TEST-RESULT-compile-success: pass
TEST-RESULT-compile-hash: 9c4d3ed471df82545067de5778bcd0c1
TEST-RESULT-compile-time: user       0.0377
TEST-RESULT-compile-real-time: real       0.0528

TEST-PASS: exec /home/ed/mcsema-testing/SANDBOX/test-2015-12-21_15-36-50/SingleSource/Regression/C/bigstack
TEST-RESULT-exec-success: pass
TEST-RESULT-exec-time: user       0.0009
TEST-RESULT-exec-real-time: real       0.0017
/home/ed/mcsema-testing/llvm-test-suite/RunSafely.sh --show-errors -t "/home/ed/mcsema-testing/SANDBOX/test-2015-12-21_15-36-50/tools/timeit" 500 /dev/null Output/callargs.llvm.o.compile \
	  /usr/bin/clang -I/home/ed/mcsema-testing/SANDBOX/test-2015-12-21_15-36-50/SingleSource/Regression/C -I/home/ed/mcsema-testing/llvm-test-suite/SingleSource/Regression/C -I/home/ed/mcsema-testing/llvm-test-suite/include -I../../../include -D_GNU_SOURCE -D__STDC_LIMIT_MACROS -DNDEBUG  -O3  -m64 -fomit-frame-pointer -c /home/ed/mcsema-testing/llvm-test-suite/SingleSource/Regression/C/callargs.c -o Output/callargs.llvm.o
cp Output/callargs.llvm.o.compile.time Output/callargs.simple.compile.time
/usr/bin/clang++ -o Output/callargs.simple Output/callargs.llvm.o    -m64 -fomit-frame-pointer
/home/ed/mcsema-testing/llvm-test-suite/RunSafely.sh -t "/home/ed/mcsema-testing/SANDBOX/test-2015-12-21_15-36-50/tools/timeit-target" 500 /dev/null Output/callargs.out-simple Output/callargs.simple 
cp Output/callargs.simple Output/callargs.simple-hash; \
	strip --remove-section=.comment --remove-section='.note*' Output/callargs.simple-hash; \
	/home/ed/mcsema-testing/llvm-test-suite/HashProgramOutput.sh Output/callargs.simple-hash
if [ -f "/home/ed/mcsema-testing/llvm-test-suite/SingleSource/Regression/C/callargs.reference_output.little-endian." ]; then \
	  cp /home/ed/mcsema-testing/llvm-test-suite/SingleSource/Regression/C/callargs.reference_output.little-endian. Output/callargs.out-nat; \
	elif [ -f "/home/ed/mcsema-testing/llvm-test-suite/SingleSource/Regression/C/callargs.reference_output." ]; then \
	  cp /home/ed/mcsema-testing/llvm-test-suite/SingleSource/Regression/C/callargs.reference_output. Output/callargs.out-nat; \
	elif [ -f "/home/ed/mcsema-testing/llvm-test-suite/SingleSource/Regression/C/callargs.reference_output.little-endian" ]; then \
	  cp /home/ed/mcsema-testing/llvm-test-suite/SingleSource/Regression/C/callargs.reference_output.little-endian Output/callargs.out-nat; \
	elif [ -f "/home/ed/mcsema-testing/llvm-test-suite/SingleSource/Regression/C/callargs.reference_output" ]; then \
	  cp /home/ed/mcsema-testing/llvm-test-suite/SingleSource/Regression/C/callargs.reference_output Output/callargs.out-nat; \
	else \
	  printf "WARNING: %s: %s\n" "NO REFERENCE OUTPUT (using default)" "/home/ed/mcsema-testing/llvm-test-suite/SingleSource/Regression/C/callargs.reference_output" > Output/callargs.out-nat; \
	  cp /home/ed/mcsema-testing/llvm-test-suite/default.reference_output Output/callargs.out-nat; \
	  cat Output/callargs.out-nat; \
	fi
# Pretend that the reference output was produced instantaneously.
cp /home/ed/mcsema-testing/llvm-test-suite/instant.txt Output/callargs.out-nat.time
/home/ed/mcsema-testing/llvm-test-suite/DiffOutput.sh "/home/ed/mcsema-testing/SANDBOX/test-2015-12-21_15-36-50/tools/fpcmp " simple callargs 
rm -f Output/callargs.exe-simple
cp Output/callargs.diff-simple Output/callargs.exe-simple
if test -f Output/callargs.extra-results.txt; then \
	  /home/ed/mcsema-testing/llvm-test-suite/ParseMultipleResults /home/ed/mcsema-testing/SANDBOX/test-2015-12-21_15-36-50/SingleSource/Regression/C/callargs Output/callargs.extra-results.txt >> Output/callargs.simple.exec.report.txt; \
	fi
cat Output/callargs.simple.compile.report.txt Output/callargs.simple.exec.report.txt >> Output/callargs.simple.report.txt
---------------------------------------------------------------
>>> ========= '/home/ed/mcsema-testing/SANDBOX/test-2015-12-21_15-36-50/SingleSource/Regression/C/callargs' Program
---------------------------------------------------------------

TEST-PASS: compile /home/ed/mcsema-testing/SANDBOX/test-2015-12-21_15-36-50/SingleSource/Regression/C/callargs
TEST-RESULT-compile-success: pass
TEST-RESULT-compile-hash: dd356ad9ed7c28d9e97a77a8b84de74b
TEST-RESULT-compile-time: user       0.0225
TEST-RESULT-compile-real-time: real       0.0352

TEST-PASS: exec /home/ed/mcsema-testing/SANDBOX/test-2015-12-21_15-36-50/SingleSource/Regression/C/callargs
TEST-RESULT-exec-success: pass
TEST-RESULT-exec-time: user       0.0009
TEST-RESULT-exec-real-time: real       0.0018
/home/ed/mcsema-testing/llvm-test-suite/RunSafely.sh --show-errors -t "/home/ed/mcsema-testing/SANDBOX/test-2015-12-21_15-36-50/tools/timeit" 500 /dev/null Output/casts.llvm.o.compile \
	  /usr/bin/clang -I/home/ed/mcsema-testing/SANDBOX/test-2015-12-21_15-36-50/SingleSource/Regression/C -I/home/ed/mcsema-testing/llvm-test-suite/SingleSource/Regression/C -I/home/ed/mcsema-testing/llvm-test-suite/include -I../../../include -D_GNU_SOURCE -D__STDC_LIMIT_MACROS -DNDEBUG  -O3  -m64 -fomit-frame-pointer -c /home/ed/mcsema-testing/llvm-test-suite/SingleSource/Regression/C/casts.c -o Output/casts.llvm.o
cp Output/casts.llvm.o.compile.time Output/casts.simple.compile.time
/usr/bin/clang++ -o Output/casts.simple Output/casts.llvm.o    -m64 -fomit-frame-pointer
/home/ed/mcsema-testing/llvm-test-suite/RunSafely.sh -t "/home/ed/mcsema-testing/SANDBOX/test-2015-12-21_15-36-50/tools/timeit-target" 500 /dev/null Output/casts.out-simple Output/casts.simple 
cp Output/casts.simple Output/casts.simple-hash; \
	strip --remove-section=.comment --remove-section='.note*' Output/casts.simple-hash; \
	/home/ed/mcsema-testing/llvm-test-suite/HashProgramOutput.sh Output/casts.simple-hash
if [ -f "/home/ed/mcsema-testing/llvm-test-suite/SingleSource/Regression/C/casts.reference_output.little-endian." ]; then \
	  cp /home/ed/mcsema-testing/llvm-test-suite/SingleSource/Regression/C/casts.reference_output.little-endian. Output/casts.out-nat; \
	elif [ -f "/home/ed/mcsema-testing/llvm-test-suite/SingleSource/Regression/C/casts.reference_output." ]; then \
	  cp /home/ed/mcsema-testing/llvm-test-suite/SingleSource/Regression/C/casts.reference_output. Output/casts.out-nat; \
	elif [ -f "/home/ed/mcsema-testing/llvm-test-suite/SingleSource/Regression/C/casts.reference_output.little-endian" ]; then \
	  cp /home/ed/mcsema-testing/llvm-test-suite/SingleSource/Regression/C/casts.reference_output.little-endian Output/casts.out-nat; \
	elif [ -f "/home/ed/mcsema-testing/llvm-test-suite/SingleSource/Regression/C/casts.reference_output" ]; then \
	  cp /home/ed/mcsema-testing/llvm-test-suite/SingleSource/Regression/C/casts.reference_output Output/casts.out-nat; \
	else \
	  printf "WARNING: %s: %s\n" "NO REFERENCE OUTPUT (using default)" "/home/ed/mcsema-testing/llvm-test-suite/SingleSource/Regression/C/casts.reference_output" > Output/casts.out-nat; \
	  cp /home/ed/mcsema-testing/llvm-test-suite/default.reference_output Output/casts.out-nat; \
	  cat Output/casts.out-nat; \
	fi
# Pretend that the reference output was produced instantaneously.
cp /home/ed/mcsema-testing/llvm-test-suite/instant.txt Output/casts.out-nat.time
/home/ed/mcsema-testing/llvm-test-suite/DiffOutput.sh "/home/ed/mcsema-testing/SANDBOX/test-2015-12-21_15-36-50/tools/fpcmp " simple casts 
rm -f Output/casts.exe-simple
cp Output/casts.diff-simple Output/casts.exe-simple
if test -f Output/casts.extra-results.txt; then \
	  /home/ed/mcsema-testing/llvm-test-suite/ParseMultipleResults /home/ed/mcsema-testing/SANDBOX/test-2015-12-21_15-36-50/SingleSource/Regression/C/casts Output/casts.extra-results.txt >> Output/casts.simple.exec.report.txt; \
	fi
cat Output/casts.simple.compile.report.txt Output/casts.simple.exec.report.txt >> Output/casts.simple.report.txt
---------------------------------------------------------------
>>> ========= '/home/ed/mcsema-testing/SANDBOX/test-2015-12-21_15-36-50/SingleSource/Regression/C/casts' Program
---------------------------------------------------------------

TEST-PASS: compile /home/ed/mcsema-testing/SANDBOX/test-2015-12-21_15-36-50/SingleSource/Regression/C/casts
TEST-RESULT-compile-success: pass
TEST-RESULT-compile-hash: 311ca05725bd3183f8f47fd07580e19d
TEST-RESULT-compile-time: user       0.0362
TEST-RESULT-compile-real-time: real       0.0672

TEST-PASS: exec /home/ed/mcsema-testing/SANDBOX/test-2015-12-21_15-36-50/SingleSource/Regression/C/casts
TEST-RESULT-exec-success: pass
TEST-RESULT-exec-time: user       0.0009
TEST-RESULT-exec-real-time: real       0.0018
/home/ed/mcsema-testing/llvm-test-suite/RunSafely.sh --show-errors -t "/home/ed/mcsema-testing/SANDBOX/test-2015-12-21_15-36-50/tools/timeit" 500 /dev/null Output/compare.llvm.o.compile \
	  /usr/bin/clang -I/home/ed/mcsema-testing/SANDBOX/test-2015-12-21_15-36-50/SingleSource/Regression/C -I/home/ed/mcsema-testing/llvm-test-suite/SingleSource/Regression/C -I/home/ed/mcsema-testing/llvm-test-suite/include -I../../../include -D_GNU_SOURCE -D__STDC_LIMIT_MACROS -DNDEBUG  -O3  -m64 -fomit-frame-pointer -c /home/ed/mcsema-testing/llvm-test-suite/SingleSource/Regression/C/compare.c -o Output/compare.llvm.o
cp Output/compare.llvm.o.compile.time Output/compare.simple.compile.time
/usr/bin/clang++ -o Output/compare.simple Output/compare.llvm.o    -m64 -fomit-frame-pointer
/home/ed/mcsema-testing/llvm-test-suite/RunSafely.sh -t "/home/ed/mcsema-testing/SANDBOX/test-2015-12-21_15-36-50/tools/timeit-target" 500 /dev/null Output/compare.out-simple Output/compare.simple 
cp Output/compare.simple Output/compare.simple-hash; \
	strip --remove-section=.comment --remove-section='.note*' Output/compare.simple-hash; \
	/home/ed/mcsema-testing/llvm-test-suite/HashProgramOutput.sh Output/compare.simple-hash
if [ -f "/home/ed/mcsema-testing/llvm-test-suite/SingleSource/Regression/C/compare.reference_output.little-endian." ]; then \
	  cp /home/ed/mcsema-testing/llvm-test-suite/SingleSource/Regression/C/compare.reference_output.little-endian. Output/compare.out-nat; \
	elif [ -f "/home/ed/mcsema-testing/llvm-test-suite/SingleSource/Regression/C/compare.reference_output." ]; then \
	  cp /home/ed/mcsema-testing/llvm-test-suite/SingleSource/Regression/C/compare.reference_output. Output/compare.out-nat; \
	elif [ -f "/home/ed/mcsema-testing/llvm-test-suite/SingleSource/Regression/C/compare.reference_output.little-endian" ]; then \
	  cp /home/ed/mcsema-testing/llvm-test-suite/SingleSource/Regression/C/compare.reference_output.little-endian Output/compare.out-nat; \
	elif [ -f "/home/ed/mcsema-testing/llvm-test-suite/SingleSource/Regression/C/compare.reference_output" ]; then \
	  cp /home/ed/mcsema-testing/llvm-test-suite/SingleSource/Regression/C/compare.reference_output Output/compare.out-nat; \
	else \
	  printf "WARNING: %s: %s\n" "NO REFERENCE OUTPUT (using default)" "/home/ed/mcsema-testing/llvm-test-suite/SingleSource/Regression/C/compare.reference_output" > Output/compare.out-nat; \
	  cp /home/ed/mcsema-testing/llvm-test-suite/default.reference_output Output/compare.out-nat; \
	  cat Output/compare.out-nat; \
	fi
# Pretend that the reference output was produced instantaneously.
cp /home/ed/mcsema-testing/llvm-test-suite/instant.txt Output/compare.out-nat.time
/home/ed/mcsema-testing/llvm-test-suite/DiffOutput.sh "/home/ed/mcsema-testing/SANDBOX/test-2015-12-21_15-36-50/tools/fpcmp " simple compare 
rm -f Output/compare.exe-simple
cp Output/compare.diff-simple Output/compare.exe-simple
if test -f Output/compare.extra-results.txt; then \
	  /home/ed/mcsema-testing/llvm-test-suite/ParseMultipleResults /home/ed/mcsema-testing/SANDBOX/test-2015-12-21_15-36-50/SingleSource/Regression/C/compare Output/compare.extra-results.txt >> Output/compare.simple.exec.report.txt; \
	fi
cat Output/compare.simple.compile.report.txt Output/compare.simple.exec.report.txt >> Output/compare.simple.report.txt
---------------------------------------------------------------
>>> ========= '/home/ed/mcsema-testing/SANDBOX/test-2015-12-21_15-36-50/SingleSource/Regression/C/compare' Program
---------------------------------------------------------------

TEST-PASS: compile /home/ed/mcsema-testing/SANDBOX/test-2015-12-21_15-36-50/SingleSource/Regression/C/compare
TEST-RESULT-compile-success: pass
TEST-RESULT-compile-hash: aab416294edb96fd68b203a95a9e469c
TEST-RESULT-compile-time: user       0.0270
TEST-RESULT-compile-real-time: real       0.0410

TEST-PASS: exec /home/ed/mcsema-testing/SANDBOX/test-2015-12-21_15-36-50/SingleSource/Regression/C/compare
TEST-RESULT-exec-success: pass
TEST-RESULT-exec-time: user       0.0009
TEST-RESULT-exec-real-time: real       0.0019
/home/ed/mcsema-testing/llvm-test-suite/RunSafely.sh --show-errors -t "/home/ed/mcsema-testing/SANDBOX/test-2015-12-21_15-36-50/tools/timeit" 500 /dev/null Output/ConstructorDestructorAttributes.llvm.o.compile \
	  /usr/bin/clang -I/home/ed/mcsema-testing/SANDBOX/test-2015-12-21_15-36-50/SingleSource/Regression/C -I/home/ed/mcsema-testing/llvm-test-suite/SingleSource/Regression/C -I/home/ed/mcsema-testing/llvm-test-suite/include -I../../../include -D_GNU_SOURCE -D__STDC_LIMIT_MACROS -DNDEBUG  -O3  -m64 -fomit-frame-pointer -c /home/ed/mcsema-testing/llvm-test-suite/SingleSource/Regression/C/ConstructorDestructorAttributes.c -o Output/ConstructorDestructorAttributes.llvm.o
cp Output/ConstructorDestructorAttributes.llvm.o.compile.time Output/ConstructorDestructorAttributes.simple.compile.time
/usr/bin/clang++ -o Output/ConstructorDestructorAttributes.simple Output/ConstructorDestructorAttributes.llvm.o    -m64 -fomit-frame-pointer
/home/ed/mcsema-testing/llvm-test-suite/RunSafely.sh -t "/home/ed/mcsema-testing/SANDBOX/test-2015-12-21_15-36-50/tools/timeit-target" 500 /dev/null Output/ConstructorDestructorAttributes.out-simple Output/ConstructorDestructorAttributes.simple 
cp Output/ConstructorDestructorAttributes.simple Output/ConstructorDestructorAttributes.simple-hash; \
	strip --remove-section=.comment --remove-section='.note*' Output/ConstructorDestructorAttributes.simple-hash; \
	/home/ed/mcsema-testing/llvm-test-suite/HashProgramOutput.sh Output/ConstructorDestructorAttributes.simple-hash
if [ -f "/home/ed/mcsema-testing/llvm-test-suite/SingleSource/Regression/C/ConstructorDestructorAttributes.reference_output.little-endian." ]; then \
	  cp /home/ed/mcsema-testing/llvm-test-suite/SingleSource/Regression/C/ConstructorDestructorAttributes.reference_output.little-endian. Output/ConstructorDestructorAttributes.out-nat; \
	elif [ -f "/home/ed/mcsema-testing/llvm-test-suite/SingleSource/Regression/C/ConstructorDestructorAttributes.reference_output." ]; then \
	  cp /home/ed/mcsema-testing/llvm-test-suite/SingleSource/Regression/C/ConstructorDestructorAttributes.reference_output. Output/ConstructorDestructorAttributes.out-nat; \
	elif [ -f "/home/ed/mcsema-testing/llvm-test-suite/SingleSource/Regression/C/ConstructorDestructorAttributes.reference_output.little-endian" ]; then \
	  cp /home/ed/mcsema-testing/llvm-test-suite/SingleSource/Regression/C/ConstructorDestructorAttributes.reference_output.little-endian Output/ConstructorDestructorAttributes.out-nat; \
	elif [ -f "/home/ed/mcsema-testing/llvm-test-suite/SingleSource/Regression/C/ConstructorDestructorAttributes.reference_output" ]; then \
	  cp /home/ed/mcsema-testing/llvm-test-suite/SingleSource/Regression/C/ConstructorDestructorAttributes.reference_output Output/ConstructorDestructorAttributes.out-nat; \
	else \
	  printf "WARNING: %s: %s\n" "NO REFERENCE OUTPUT (using default)" "/home/ed/mcsema-testing/llvm-test-suite/SingleSource/Regression/C/ConstructorDestructorAttributes.reference_output" > Output/ConstructorDestructorAttributes.out-nat; \
	  cp /home/ed/mcsema-testing/llvm-test-suite/default.reference_output Output/ConstructorDestructorAttributes.out-nat; \
	  cat Output/ConstructorDestructorAttributes.out-nat; \
	fi
# Pretend that the reference output was produced instantaneously.
cp /home/ed/mcsema-testing/llvm-test-suite/instant.txt Output/ConstructorDestructorAttributes.out-nat.time
/home/ed/mcsema-testing/llvm-test-suite/DiffOutput.sh "/home/ed/mcsema-testing/SANDBOX/test-2015-12-21_15-36-50/tools/fpcmp " simple ConstructorDestructorAttributes 
rm -f Output/ConstructorDestructorAttributes.exe-simple
cp Output/ConstructorDestructorAttributes.diff-simple Output/ConstructorDestructorAttributes.exe-simple
if test -f Output/ConstructorDestructorAttributes.extra-results.txt; then \
	  /home/ed/mcsema-testing/llvm-test-suite/ParseMultipleResults /home/ed/mcsema-testing/SANDBOX/test-2015-12-21_15-36-50/SingleSource/Regression/C/ConstructorDestructorAttributes Output/ConstructorDestructorAttributes.extra-results.txt >> Output/ConstructorDestructorAttributes.simple.exec.report.txt; \
	fi
cat Output/ConstructorDestructorAttributes.simple.compile.report.txt Output/ConstructorDestructorAttributes.simple.exec.report.txt >> Output/ConstructorDestructorAttributes.simple.report.txt
---------------------------------------------------------------
>>> ========= '/home/ed/mcsema-testing/SANDBOX/test-2015-12-21_15-36-50/SingleSource/Regression/C/ConstructorDestructorAttributes' Program
---------------------------------------------------------------

TEST-PASS: compile /home/ed/mcsema-testing/SANDBOX/test-2015-12-21_15-36-50/SingleSource/Regression/C/ConstructorDestructorAttributes
TEST-RESULT-compile-success: pass
TEST-RESULT-compile-hash: ba592ffb1aeebc78e3331a2582c77657
TEST-RESULT-compile-time: user       0.0212
TEST-RESULT-compile-real-time: real       0.0339

TEST-PASS: exec /home/ed/mcsema-testing/SANDBOX/test-2015-12-21_15-36-50/SingleSource/Regression/C/ConstructorDestructorAttributes
TEST-RESULT-exec-success: pass
TEST-RESULT-exec-time: user       0.0008
TEST-RESULT-exec-real-time: real       0.0017
/home/ed/mcsema-testing/llvm-test-suite/RunSafely.sh --show-errors -t "/home/ed/mcsema-testing/SANDBOX/test-2015-12-21_15-36-50/tools/timeit" 500 /dev/null Output/DuffsDevice.llvm.o.compile \
	  /usr/bin/clang -I/home/ed/mcsema-testing/SANDBOX/test-2015-12-21_15-36-50/SingleSource/Regression/C -I/home/ed/mcsema-testing/llvm-test-suite/SingleSource/Regression/C -I/home/ed/mcsema-testing/llvm-test-suite/include -I../../../include -D_GNU_SOURCE -D__STDC_LIMIT_MACROS -DNDEBUG  -O3  -m64 -fomit-frame-pointer -c /home/ed/mcsema-testing/llvm-test-suite/SingleSource/Regression/C/DuffsDevice.c -o Output/DuffsDevice.llvm.o
cp Output/DuffsDevice.llvm.o.compile.time Output/DuffsDevice.simple.compile.time
/usr/bin/clang++ -o Output/DuffsDevice.simple Output/DuffsDevice.llvm.o    -m64 -fomit-frame-pointer
/home/ed/mcsema-testing/llvm-test-suite/RunSafely.sh -t "/home/ed/mcsema-testing/SANDBOX/test-2015-12-21_15-36-50/tools/timeit-target" 500 /dev/null Output/DuffsDevice.out-simple Output/DuffsDevice.simple 
cp Output/DuffsDevice.simple Output/DuffsDevice.simple-hash; \
	strip --remove-section=.comment --remove-section='.note*' Output/DuffsDevice.simple-hash; \
	/home/ed/mcsema-testing/llvm-test-suite/HashProgramOutput.sh Output/DuffsDevice.simple-hash
if [ -f "/home/ed/mcsema-testing/llvm-test-suite/SingleSource/Regression/C/DuffsDevice.reference_output.little-endian." ]; then \
	  cp /home/ed/mcsema-testing/llvm-test-suite/SingleSource/Regression/C/DuffsDevice.reference_output.little-endian. Output/DuffsDevice.out-nat; \
	elif [ -f "/home/ed/mcsema-testing/llvm-test-suite/SingleSource/Regression/C/DuffsDevice.reference_output." ]; then \
	  cp /home/ed/mcsema-testing/llvm-test-suite/SingleSource/Regression/C/DuffsDevice.reference_output. Output/DuffsDevice.out-nat; \
	elif [ -f "/home/ed/mcsema-testing/llvm-test-suite/SingleSource/Regression/C/DuffsDevice.reference_output.little-endian" ]; then \
	  cp /home/ed/mcsema-testing/llvm-test-suite/SingleSource/Regression/C/DuffsDevice.reference_output.little-endian Output/DuffsDevice.out-nat; \
	elif [ -f "/home/ed/mcsema-testing/llvm-test-suite/SingleSource/Regression/C/DuffsDevice.reference_output" ]; then \
	  cp /home/ed/mcsema-testing/llvm-test-suite/SingleSource/Regression/C/DuffsDevice.reference_output Output/DuffsDevice.out-nat; \
	else \
	  printf "WARNING: %s: %s\n" "NO REFERENCE OUTPUT (using default)" "/home/ed/mcsema-testing/llvm-test-suite/SingleSource/Regression/C/DuffsDevice.reference_output" > Output/DuffsDevice.out-nat; \
	  cp /home/ed/mcsema-testing/llvm-test-suite/default.reference_output Output/DuffsDevice.out-nat; \
	  cat Output/DuffsDevice.out-nat; \
	fi
# Pretend that the reference output was produced instantaneously.
cp /home/ed/mcsema-testing/llvm-test-suite/instant.txt Output/DuffsDevice.out-nat.time
/home/ed/mcsema-testing/llvm-test-suite/DiffOutput.sh "/home/ed/mcsema-testing/SANDBOX/test-2015-12-21_15-36-50/tools/fpcmp " simple DuffsDevice 
rm -f Output/DuffsDevice.exe-simple
cp Output/DuffsDevice.diff-simple Output/DuffsDevice.exe-simple
if test -f Output/DuffsDevice.extra-results.txt; then \
	  /home/ed/mcsema-testing/llvm-test-suite/ParseMultipleResults /home/ed/mcsema-testing/SANDBOX/test-2015-12-21_15-36-50/SingleSource/Regression/C/DuffsDevice Output/DuffsDevice.extra-results.txt >> Output/DuffsDevice.simple.exec.report.txt; \
	fi
cat Output/DuffsDevice.simple.compile.report.txt Output/DuffsDevice.simple.exec.report.txt >> Output/DuffsDevice.simple.report.txt
---------------------------------------------------------------
>>> ========= '/home/ed/mcsema-testing/SANDBOX/test-2015-12-21_15-36-50/SingleSource/Regression/C/DuffsDevice' Program
---------------------------------------------------------------

TEST-PASS: compile /home/ed/mcsema-testing/SANDBOX/test-2015-12-21_15-36-50/SingleSource/Regression/C/DuffsDevice
TEST-RESULT-compile-success: pass
TEST-RESULT-compile-hash: 93628a78d30f27ac283ae141b19232c9
TEST-RESULT-compile-time: user       0.0281
TEST-RESULT-compile-real-time: real       0.0424

TEST-PASS: exec /home/ed/mcsema-testing/SANDBOX/test-2015-12-21_15-36-50/SingleSource/Regression/C/DuffsDevice
TEST-RESULT-exec-success: pass
TEST-RESULT-exec-time: user       0.0008
TEST-RESULT-exec-real-time: real       0.0017
/home/ed/mcsema-testing/llvm-test-suite/RunSafely.sh --show-errors -t "/home/ed/mcsema-testing/SANDBOX/test-2015-12-21_15-36-50/tools/timeit" 500 /dev/null Output/globalrefs.llvm.o.compile \
	  /usr/bin/clang -I/home/ed/mcsema-testing/SANDBOX/test-2015-12-21_15-36-50/SingleSource/Regression/C -I/home/ed/mcsema-testing/llvm-test-suite/SingleSource/Regression/C -I/home/ed/mcsema-testing/llvm-test-suite/include -I../../../include -D_GNU_SOURCE -D__STDC_LIMIT_MACROS -DNDEBUG  -O3  -m64 -fomit-frame-pointer -c /home/ed/mcsema-testing/llvm-test-suite/SingleSource/Regression/C/globalrefs.c -o Output/globalrefs.llvm.o
cp Output/globalrefs.llvm.o.compile.time Output/globalrefs.simple.compile.time
/usr/bin/clang++ -o Output/globalrefs.simple Output/globalrefs.llvm.o    -m64 -fomit-frame-pointer
/home/ed/mcsema-testing/llvm-test-suite/RunSafely.sh -t "/home/ed/mcsema-testing/SANDBOX/test-2015-12-21_15-36-50/tools/timeit-target" 500 /dev/null Output/globalrefs.out-simple Output/globalrefs.simple 
cp Output/globalrefs.simple Output/globalrefs.simple-hash; \
	strip --remove-section=.comment --remove-section='.note*' Output/globalrefs.simple-hash; \
	/home/ed/mcsema-testing/llvm-test-suite/HashProgramOutput.sh Output/globalrefs.simple-hash
if [ -f "/home/ed/mcsema-testing/llvm-test-suite/SingleSource/Regression/C/globalrefs.reference_output.little-endian." ]; then \
	  cp /home/ed/mcsema-testing/llvm-test-suite/SingleSource/Regression/C/globalrefs.reference_output.little-endian. Output/globalrefs.out-nat; \
	elif [ -f "/home/ed/mcsema-testing/llvm-test-suite/SingleSource/Regression/C/globalrefs.reference_output." ]; then \
	  cp /home/ed/mcsema-testing/llvm-test-suite/SingleSource/Regression/C/globalrefs.reference_output. Output/globalrefs.out-nat; \
	elif [ -f "/home/ed/mcsema-testing/llvm-test-suite/SingleSource/Regression/C/globalrefs.reference_output.little-endian" ]; then \
	  cp /home/ed/mcsema-testing/llvm-test-suite/SingleSource/Regression/C/globalrefs.reference_output.little-endian Output/globalrefs.out-nat; \
	elif [ -f "/home/ed/mcsema-testing/llvm-test-suite/SingleSource/Regression/C/globalrefs.reference_output" ]; then \
	  cp /home/ed/mcsema-testing/llvm-test-suite/SingleSource/Regression/C/globalrefs.reference_output Output/globalrefs.out-nat; \
	else \
	  printf "WARNING: %s: %s\n" "NO REFERENCE OUTPUT (using default)" "/home/ed/mcsema-testing/llvm-test-suite/SingleSource/Regression/C/globalrefs.reference_output" > Output/globalrefs.out-nat; \
	  cp /home/ed/mcsema-testing/llvm-test-suite/default.reference_output Output/globalrefs.out-nat; \
	  cat Output/globalrefs.out-nat; \
	fi
# Pretend that the reference output was produced instantaneously.
cp /home/ed/mcsema-testing/llvm-test-suite/instant.txt Output/globalrefs.out-nat.time
/home/ed/mcsema-testing/llvm-test-suite/DiffOutput.sh "/home/ed/mcsema-testing/SANDBOX/test-2015-12-21_15-36-50/tools/fpcmp " simple globalrefs 
rm -f Output/globalrefs.exe-simple
cp Output/globalrefs.diff-simple Output/globalrefs.exe-simple
if test -f Output/globalrefs.extra-results.txt; then \
	  /home/ed/mcsema-testing/llvm-test-suite/ParseMultipleResults /home/ed/mcsema-testing/SANDBOX/test-2015-12-21_15-36-50/SingleSource/Regression/C/globalrefs Output/globalrefs.extra-results.txt >> Output/globalrefs.simple.exec.report.txt; \
	fi
cat Output/globalrefs.simple.compile.report.txt Output/globalrefs.simple.exec.report.txt >> Output/globalrefs.simple.report.txt
---------------------------------------------------------------
>>> ========= '/home/ed/mcsema-testing/SANDBOX/test-2015-12-21_15-36-50/SingleSource/Regression/C/globalrefs' Program
---------------------------------------------------------------

TEST-PASS: compile /home/ed/mcsema-testing/SANDBOX/test-2015-12-21_15-36-50/SingleSource/Regression/C/globalrefs
TEST-RESULT-compile-success: pass
TEST-RESULT-compile-hash: 20cde4ac230496d2efe2cb1782b4bb40
TEST-RESULT-compile-time: user       0.0243
TEST-RESULT-compile-real-time: real       0.0380

TEST-PASS: exec /home/ed/mcsema-testing/SANDBOX/test-2015-12-21_15-36-50/SingleSource/Regression/C/globalrefs
TEST-RESULT-exec-success: pass
TEST-RESULT-exec-time: user       0.0008
TEST-RESULT-exec-real-time: real       0.0018
/home/ed/mcsema-testing/llvm-test-suite/RunSafely.sh --show-errors -t "/home/ed/mcsema-testing/SANDBOX/test-2015-12-21_15-36-50/tools/timeit" 500 /dev/null Output/matrixTranspose.llvm.o.compile \
	  /usr/bin/clang -I/home/ed/mcsema-testing/SANDBOX/test-2015-12-21_15-36-50/SingleSource/Regression/C -I/home/ed/mcsema-testing/llvm-test-suite/SingleSource/Regression/C -I/home/ed/mcsema-testing/llvm-test-suite/include -I../../../include -D_GNU_SOURCE -D__STDC_LIMIT_MACROS -DNDEBUG  -O3  -m64 -fomit-frame-pointer -c /home/ed/mcsema-testing/llvm-test-suite/SingleSource/Regression/C/matrixTranspose.c -o Output/matrixTranspose.llvm.o
cp Output/matrixTranspose.llvm.o.compile.time Output/matrixTranspose.simple.compile.time
/usr/bin/clang++ -o Output/matrixTranspose.simple Output/matrixTranspose.llvm.o    -m64 -fomit-frame-pointer
/home/ed/mcsema-testing/llvm-test-suite/RunSafely.sh -t "/home/ed/mcsema-testing/SANDBOX/test-2015-12-21_15-36-50/tools/timeit-target" 500 /dev/null Output/matrixTranspose.out-simple Output/matrixTranspose.simple 
cp Output/matrixTranspose.simple Output/matrixTranspose.simple-hash; \
	strip --remove-section=.comment --remove-section='.note*' Output/matrixTranspose.simple-hash; \
	/home/ed/mcsema-testing/llvm-test-suite/HashProgramOutput.sh Output/matrixTranspose.simple-hash
if [ -f "/home/ed/mcsema-testing/llvm-test-suite/SingleSource/Regression/C/matrixTranspose.reference_output.little-endian." ]; then \
	  cp /home/ed/mcsema-testing/llvm-test-suite/SingleSource/Regression/C/matrixTranspose.reference_output.little-endian. Output/matrixTranspose.out-nat; \
	elif [ -f "/home/ed/mcsema-testing/llvm-test-suite/SingleSource/Regression/C/matrixTranspose.reference_output." ]; then \
	  cp /home/ed/mcsema-testing/llvm-test-suite/SingleSource/Regression/C/matrixTranspose.reference_output. Output/matrixTranspose.out-nat; \
	elif [ -f "/home/ed/mcsema-testing/llvm-test-suite/SingleSource/Regression/C/matrixTranspose.reference_output.little-endian" ]; then \
	  cp /home/ed/mcsema-testing/llvm-test-suite/SingleSource/Regression/C/matrixTranspose.reference_output.little-endian Output/matrixTranspose.out-nat; \
	elif [ -f "/home/ed/mcsema-testing/llvm-test-suite/SingleSource/Regression/C/matrixTranspose.reference_output" ]; then \
	  cp /home/ed/mcsema-testing/llvm-test-suite/SingleSource/Regression/C/matrixTranspose.reference_output Output/matrixTranspose.out-nat; \
	else \
	  printf "WARNING: %s: %s\n" "NO REFERENCE OUTPUT (using default)" "/home/ed/mcsema-testing/llvm-test-suite/SingleSource/Regression/C/matrixTranspose.reference_output" > Output/matrixTranspose.out-nat; \
	  cp /home/ed/mcsema-testing/llvm-test-suite/default.reference_output Output/matrixTranspose.out-nat; \
	  cat Output/matrixTranspose.out-nat; \
	fi
# Pretend that the reference output was produced instantaneously.
cp /home/ed/mcsema-testing/llvm-test-suite/instant.txt Output/matrixTranspose.out-nat.time
/home/ed/mcsema-testing/llvm-test-suite/DiffOutput.sh "/home/ed/mcsema-testing/SANDBOX/test-2015-12-21_15-36-50/tools/fpcmp " simple matrixTranspose 
rm -f Output/matrixTranspose.exe-simple
cp Output/matrixTranspose.diff-simple Output/matrixTranspose.exe-simple
if test -f Output/matrixTranspose.extra-results.txt; then \
	  /home/ed/mcsema-testing/llvm-test-suite/ParseMultipleResults /home/ed/mcsema-testing/SANDBOX/test-2015-12-21_15-36-50/SingleSource/Regression/C/matrixTranspose Output/matrixTranspose.extra-results.txt >> Output/matrixTranspose.simple.exec.report.txt; \
	fi
cat Output/matrixTranspose.simple.compile.report.txt Output/matrixTranspose.simple.exec.report.txt >> Output/matrixTranspose.simple.report.txt
---------------------------------------------------------------
>>> ========= '/home/ed/mcsema-testing/SANDBOX/test-2015-12-21_15-36-50/SingleSource/Regression/C/matrixTranspose' Program
---------------------------------------------------------------

TEST-PASS: compile /home/ed/mcsema-testing/SANDBOX/test-2015-12-21_15-36-50/SingleSource/Regression/C/matrixTranspose
TEST-RESULT-compile-success: pass
TEST-RESULT-compile-hash: ed157f04ac4feb121a54ef1f3f15fc29
TEST-RESULT-compile-time: user       0.0247
TEST-RESULT-compile-real-time: real       0.0377

TEST-PASS: exec /home/ed/mcsema-testing/SANDBOX/test-2015-12-21_15-36-50/SingleSource/Regression/C/matrixTranspose
TEST-RESULT-exec-success: pass
TEST-RESULT-exec-time: user       0.0009
TEST-RESULT-exec-real-time: real       0.0017
/home/ed/mcsema-testing/llvm-test-suite/RunSafely.sh --show-errors -t "/home/ed/mcsema-testing/SANDBOX/test-2015-12-21_15-36-50/tools/timeit" 500 /dev/null Output/pointer_arithmetic.llvm.o.compile \
	  /usr/bin/clang -I/home/ed/mcsema-testing/SANDBOX/test-2015-12-21_15-36-50/SingleSource/Regression/C -I/home/ed/mcsema-testing/llvm-test-suite/SingleSource/Regression/C -I/home/ed/mcsema-testing/llvm-test-suite/include -I../../../include -D_GNU_SOURCE -D__STDC_LIMIT_MACROS -DNDEBUG  -O3  -m64 -fomit-frame-pointer -c /home/ed/mcsema-testing/llvm-test-suite/SingleSource/Regression/C/pointer_arithmetic.c -o Output/pointer_arithmetic.llvm.o
cp Output/pointer_arithmetic.llvm.o.compile.time Output/pointer_arithmetic.simple.compile.time
/usr/bin/clang++ -o Output/pointer_arithmetic.simple Output/pointer_arithmetic.llvm.o    -m64 -fomit-frame-pointer
/home/ed/mcsema-testing/llvm-test-suite/RunSafely.sh -t "/home/ed/mcsema-testing/SANDBOX/test-2015-12-21_15-36-50/tools/timeit-target" 500 /dev/null Output/pointer_arithmetic.out-simple Output/pointer_arithmetic.simple 
cp Output/pointer_arithmetic.simple Output/pointer_arithmetic.simple-hash; \
	strip --remove-section=.comment --remove-section='.note*' Output/pointer_arithmetic.simple-hash; \
	/home/ed/mcsema-testing/llvm-test-suite/HashProgramOutput.sh Output/pointer_arithmetic.simple-hash
if [ -f "/home/ed/mcsema-testing/llvm-test-suite/SingleSource/Regression/C/pointer_arithmetic.reference_output.little-endian." ]; then \
	  cp /home/ed/mcsema-testing/llvm-test-suite/SingleSource/Regression/C/pointer_arithmetic.reference_output.little-endian. Output/pointer_arithmetic.out-nat; \
	elif [ -f "/home/ed/mcsema-testing/llvm-test-suite/SingleSource/Regression/C/pointer_arithmetic.reference_output." ]; then \
	  cp /home/ed/mcsema-testing/llvm-test-suite/SingleSource/Regression/C/pointer_arithmetic.reference_output. Output/pointer_arithmetic.out-nat; \
	elif [ -f "/home/ed/mcsema-testing/llvm-test-suite/SingleSource/Regression/C/pointer_arithmetic.reference_output.little-endian" ]; then \
	  cp /home/ed/mcsema-testing/llvm-test-suite/SingleSource/Regression/C/pointer_arithmetic.reference_output.little-endian Output/pointer_arithmetic.out-nat; \
	elif [ -f "/home/ed/mcsema-testing/llvm-test-suite/SingleSource/Regression/C/pointer_arithmetic.reference_output" ]; then \
	  cp /home/ed/mcsema-testing/llvm-test-suite/SingleSource/Regression/C/pointer_arithmetic.reference_output Output/pointer_arithmetic.out-nat; \
	else \
	  printf "WARNING: %s: %s\n" "NO REFERENCE OUTPUT (using default)" "/home/ed/mcsema-testing/llvm-test-suite/SingleSource/Regression/C/pointer_arithmetic.reference_output" > Output/pointer_arithmetic.out-nat; \
	  cp /home/ed/mcsema-testing/llvm-test-suite/default.reference_output Output/pointer_arithmetic.out-nat; \
	  cat Output/pointer_arithmetic.out-nat; \
	fi
# Pretend that the reference output was produced instantaneously.
cp /home/ed/mcsema-testing/llvm-test-suite/instant.txt Output/pointer_arithmetic.out-nat.time
/home/ed/mcsema-testing/llvm-test-suite/DiffOutput.sh "/home/ed/mcsema-testing/SANDBOX/test-2015-12-21_15-36-50/tools/fpcmp " simple pointer_arithmetic 
rm -f Output/pointer_arithmetic.exe-simple
cp Output/pointer_arithmetic.diff-simple Output/pointer_arithmetic.exe-simple
if test -f Output/pointer_arithmetic.extra-results.txt; then \
	  /home/ed/mcsema-testing/llvm-test-suite/ParseMultipleResults /home/ed/mcsema-testing/SANDBOX/test-2015-12-21_15-36-50/SingleSource/Regression/C/pointer_arithmetic Output/pointer_arithmetic.extra-results.txt >> Output/pointer_arithmetic.simple.exec.report.txt; \
	fi
cat Output/pointer_arithmetic.simple.compile.report.txt Output/pointer_arithmetic.simple.exec.report.txt >> Output/pointer_arithmetic.simple.report.txt
---------------------------------------------------------------
>>> ========= '/home/ed/mcsema-testing/SANDBOX/test-2015-12-21_15-36-50/SingleSource/Regression/C/pointer_arithmetic' Program
---------------------------------------------------------------

TEST-PASS: compile /home/ed/mcsema-testing/SANDBOX/test-2015-12-21_15-36-50/SingleSource/Regression/C/pointer_arithmetic
TEST-RESULT-compile-success: pass
TEST-RESULT-compile-hash: 29ad544af4347bcb3e861e1d6b964eaf
TEST-RESULT-compile-time: user       0.0164
TEST-RESULT-compile-real-time: real       0.0280

TEST-PASS: exec /home/ed/mcsema-testing/SANDBOX/test-2015-12-21_15-36-50/SingleSource/Regression/C/pointer_arithmetic
TEST-RESULT-exec-success: pass
TEST-RESULT-exec-time: user       0.0008
TEST-RESULT-exec-real-time: real       0.0018
/home/ed/mcsema-testing/llvm-test-suite/RunSafely.sh --show-errors -t "/home/ed/mcsema-testing/SANDBOX/test-2015-12-21_15-36-50/tools/timeit" 500 /dev/null Output/PR10189.llvm.o.compile \
	  /usr/bin/clang -I/home/ed/mcsema-testing/SANDBOX/test-2015-12-21_15-36-50/SingleSource/Regression/C -I/home/ed/mcsema-testing/llvm-test-suite/SingleSource/Regression/C -I/home/ed/mcsema-testing/llvm-test-suite/include -I../../../include -D_GNU_SOURCE -D__STDC_LIMIT_MACROS -DNDEBUG  -O3  -m64 -fomit-frame-pointer -c /home/ed/mcsema-testing/llvm-test-suite/SingleSource/Regression/C/PR10189.c -o Output/PR10189.llvm.o
cp Output/PR10189.llvm.o.compile.time Output/PR10189.simple.compile.time
/usr/bin/clang++ -o Output/PR10189.simple Output/PR10189.llvm.o    -m64 -fomit-frame-pointer
/home/ed/mcsema-testing/llvm-test-suite/RunSafely.sh -t "/home/ed/mcsema-testing/SANDBOX/test-2015-12-21_15-36-50/tools/timeit-target" 500 /dev/null Output/PR10189.out-simple Output/PR10189.simple 
cp Output/PR10189.simple Output/PR10189.simple-hash; \
	strip --remove-section=.comment --remove-section='.note*' Output/PR10189.simple-hash; \
	/home/ed/mcsema-testing/llvm-test-suite/HashProgramOutput.sh Output/PR10189.simple-hash
if [ -f "/home/ed/mcsema-testing/llvm-test-suite/SingleSource/Regression/C/PR10189.reference_output.little-endian." ]; then \
	  cp /home/ed/mcsema-testing/llvm-test-suite/SingleSource/Regression/C/PR10189.reference_output.little-endian. Output/PR10189.out-nat; \
	elif [ -f "/home/ed/mcsema-testing/llvm-test-suite/SingleSource/Regression/C/PR10189.reference_output." ]; then \
	  cp /home/ed/mcsema-testing/llvm-test-suite/SingleSource/Regression/C/PR10189.reference_output. Output/PR10189.out-nat; \
	elif [ -f "/home/ed/mcsema-testing/llvm-test-suite/SingleSource/Regression/C/PR10189.reference_output.little-endian" ]; then \
	  cp /home/ed/mcsema-testing/llvm-test-suite/SingleSource/Regression/C/PR10189.reference_output.little-endian Output/PR10189.out-nat; \
	elif [ -f "/home/ed/mcsema-testing/llvm-test-suite/SingleSource/Regression/C/PR10189.reference_output" ]; then \
	  cp /home/ed/mcsema-testing/llvm-test-suite/SingleSource/Regression/C/PR10189.reference_output Output/PR10189.out-nat; \
	else \
	  printf "WARNING: %s: %s\n" "NO REFERENCE OUTPUT (using default)" "/home/ed/mcsema-testing/llvm-test-suite/SingleSource/Regression/C/PR10189.reference_output" > Output/PR10189.out-nat; \
	  cp /home/ed/mcsema-testing/llvm-test-suite/default.reference_output Output/PR10189.out-nat; \
	  cat Output/PR10189.out-nat; \
	fi
# Pretend that the reference output was produced instantaneously.
cp /home/ed/mcsema-testing/llvm-test-suite/instant.txt Output/PR10189.out-nat.time
/home/ed/mcsema-testing/llvm-test-suite/DiffOutput.sh "/home/ed/mcsema-testing/SANDBOX/test-2015-12-21_15-36-50/tools/fpcmp " simple PR10189 
rm -f Output/PR10189.exe-simple
cp Output/PR10189.diff-simple Output/PR10189.exe-simple
if test -f Output/PR10189.extra-results.txt; then \
	  /home/ed/mcsema-testing/llvm-test-suite/ParseMultipleResults /home/ed/mcsema-testing/SANDBOX/test-2015-12-21_15-36-50/SingleSource/Regression/C/PR10189 Output/PR10189.extra-results.txt >> Output/PR10189.simple.exec.report.txt; \
	fi
cat Output/PR10189.simple.compile.report.txt Output/PR10189.simple.exec.report.txt >> Output/PR10189.simple.report.txt
---------------------------------------------------------------
>>> ========= '/home/ed/mcsema-testing/SANDBOX/test-2015-12-21_15-36-50/SingleSource/Regression/C/PR10189' Program
---------------------------------------------------------------

TEST-PASS: compile /home/ed/mcsema-testing/SANDBOX/test-2015-12-21_15-36-50/SingleSource/Regression/C/PR10189
TEST-RESULT-compile-success: pass
TEST-RESULT-compile-hash: c463bd94074cdc06762e28a97c272ba2
TEST-RESULT-compile-time: user       0.0247
TEST-RESULT-compile-real-time: real       0.0378

TEST-PASS: exec /home/ed/mcsema-testing/SANDBOX/test-2015-12-21_15-36-50/SingleSource/Regression/C/PR10189
TEST-RESULT-exec-success: pass
TEST-RESULT-exec-time: user       0.0011
TEST-RESULT-exec-real-time: real       0.0021
/home/ed/mcsema-testing/llvm-test-suite/RunSafely.sh --show-errors -t "/home/ed/mcsema-testing/SANDBOX/test-2015-12-21_15-36-50/tools/timeit" 500 /dev/null Output/PR1386.llvm.o.compile \
	  /usr/bin/clang -I/home/ed/mcsema-testing/SANDBOX/test-2015-12-21_15-36-50/SingleSource/Regression/C -I/home/ed/mcsema-testing/llvm-test-suite/SingleSource/Regression/C -I/home/ed/mcsema-testing/llvm-test-suite/include -I../../../include -D_GNU_SOURCE -D__STDC_LIMIT_MACROS -DNDEBUG  -O3  -m64 -fomit-frame-pointer -c /home/ed/mcsema-testing/llvm-test-suite/SingleSource/Regression/C/PR1386.c -o Output/PR1386.llvm.o
cp Output/PR1386.llvm.o.compile.time Output/PR1386.simple.compile.time
/usr/bin/clang++ -o Output/PR1386.simple Output/PR1386.llvm.o    -m64 -fomit-frame-pointer
/home/ed/mcsema-testing/llvm-test-suite/RunSafely.sh -t "/home/ed/mcsema-testing/SANDBOX/test-2015-12-21_15-36-50/tools/timeit-target" 500 /dev/null Output/PR1386.out-simple Output/PR1386.simple 
cp Output/PR1386.simple Output/PR1386.simple-hash; \
	strip --remove-section=.comment --remove-section='.note*' Output/PR1386.simple-hash; \
	/home/ed/mcsema-testing/llvm-test-suite/HashProgramOutput.sh Output/PR1386.simple-hash
if [ -f "/home/ed/mcsema-testing/llvm-test-suite/SingleSource/Regression/C/PR1386.reference_output.little-endian." ]; then \
	  cp /home/ed/mcsema-testing/llvm-test-suite/SingleSource/Regression/C/PR1386.reference_output.little-endian. Output/PR1386.out-nat; \
	elif [ -f "/home/ed/mcsema-testing/llvm-test-suite/SingleSource/Regression/C/PR1386.reference_output." ]; then \
	  cp /home/ed/mcsema-testing/llvm-test-suite/SingleSource/Regression/C/PR1386.reference_output. Output/PR1386.out-nat; \
	elif [ -f "/home/ed/mcsema-testing/llvm-test-suite/SingleSource/Regression/C/PR1386.reference_output.little-endian" ]; then \
	  cp /home/ed/mcsema-testing/llvm-test-suite/SingleSource/Regression/C/PR1386.reference_output.little-endian Output/PR1386.out-nat; \
	elif [ -f "/home/ed/mcsema-testing/llvm-test-suite/SingleSource/Regression/C/PR1386.reference_output" ]; then \
	  cp /home/ed/mcsema-testing/llvm-test-suite/SingleSource/Regression/C/PR1386.reference_output Output/PR1386.out-nat; \
	else \
	  printf "WARNING: %s: %s\n" "NO REFERENCE OUTPUT (using default)" "/home/ed/mcsema-testing/llvm-test-suite/SingleSource/Regression/C/PR1386.reference_output" > Output/PR1386.out-nat; \
	  cp /home/ed/mcsema-testing/llvm-test-suite/default.reference_output Output/PR1386.out-nat; \
	  cat Output/PR1386.out-nat; \
	fi
# Pretend that the reference output was produced instantaneously.
cp /home/ed/mcsema-testing/llvm-test-suite/instant.txt Output/PR1386.out-nat.time
/home/ed/mcsema-testing/llvm-test-suite/DiffOutput.sh "/home/ed/mcsema-testing/SANDBOX/test-2015-12-21_15-36-50/tools/fpcmp " simple PR1386 
rm -f Output/PR1386.exe-simple
cp Output/PR1386.diff-simple Output/PR1386.exe-simple
if test -f Output/PR1386.extra-results.txt; then \
	  /home/ed/mcsema-testing/llvm-test-suite/ParseMultipleResults /home/ed/mcsema-testing/SANDBOX/test-2015-12-21_15-36-50/SingleSource/Regression/C/PR1386 Output/PR1386.extra-results.txt >> Output/PR1386.simple.exec.report.txt; \
	fi
cat Output/PR1386.simple.compile.report.txt Output/PR1386.simple.exec.report.txt >> Output/PR1386.simple.report.txt
---------------------------------------------------------------
>>> ========= '/home/ed/mcsema-testing/SANDBOX/test-2015-12-21_15-36-50/SingleSource/Regression/C/PR1386' Program
---------------------------------------------------------------

TEST-PASS: compile /home/ed/mcsema-testing/SANDBOX/test-2015-12-21_15-36-50/SingleSource/Regression/C/PR1386
TEST-RESULT-compile-success: pass
TEST-RESULT-compile-hash: c22b50a523a6087daecb18018b70261f
TEST-RESULT-compile-time: user       0.0208
TEST-RESULT-compile-real-time: real       0.0339

TEST-PASS: exec /home/ed/mcsema-testing/SANDBOX/test-2015-12-21_15-36-50/SingleSource/Regression/C/PR1386
TEST-RESULT-exec-success: pass
TEST-RESULT-exec-time: user       0.0008
TEST-RESULT-exec-real-time: real       0.0018
/home/ed/mcsema-testing/llvm-test-suite/RunSafely.sh --show-errors -t "/home/ed/mcsema-testing/SANDBOX/test-2015-12-21_15-36-50/tools/timeit" 500 /dev/null Output/PR491.llvm.o.compile \
	  /usr/bin/clang -I/home/ed/mcsema-testing/SANDBOX/test-2015-12-21_15-36-50/SingleSource/Regression/C -I/home/ed/mcsema-testing/llvm-test-suite/SingleSource/Regression/C -I/home/ed/mcsema-testing/llvm-test-suite/include -I../../../include -D_GNU_SOURCE -D__STDC_LIMIT_MACROS -DNDEBUG  -O3  -m64 -fomit-frame-pointer -c /home/ed/mcsema-testing/llvm-test-suite/SingleSource/Regression/C/PR491.c -o Output/PR491.llvm.o
cp Output/PR491.llvm.o.compile.time Output/PR491.simple.compile.time
/usr/bin/clang++ -o Output/PR491.simple Output/PR491.llvm.o    -m64 -fomit-frame-pointer
/home/ed/mcsema-testing/llvm-test-suite/RunSafely.sh -t "/home/ed/mcsema-testing/SANDBOX/test-2015-12-21_15-36-50/tools/timeit-target" 500 /dev/null Output/PR491.out-simple Output/PR491.simple 
cp Output/PR491.simple Output/PR491.simple-hash; \
	strip --remove-section=.comment --remove-section='.note*' Output/PR491.simple-hash; \
	/home/ed/mcsema-testing/llvm-test-suite/HashProgramOutput.sh Output/PR491.simple-hash
if [ -f "/home/ed/mcsema-testing/llvm-test-suite/SingleSource/Regression/C/PR491.reference_output.little-endian." ]; then \
	  cp /home/ed/mcsema-testing/llvm-test-suite/SingleSource/Regression/C/PR491.reference_output.little-endian. Output/PR491.out-nat; \
	elif [ -f "/home/ed/mcsema-testing/llvm-test-suite/SingleSource/Regression/C/PR491.reference_output." ]; then \
	  cp /home/ed/mcsema-testing/llvm-test-suite/SingleSource/Regression/C/PR491.reference_output. Output/PR491.out-nat; \
	elif [ -f "/home/ed/mcsema-testing/llvm-test-suite/SingleSource/Regression/C/PR491.reference_output.little-endian" ]; then \
	  cp /home/ed/mcsema-testing/llvm-test-suite/SingleSource/Regression/C/PR491.reference_output.little-endian Output/PR491.out-nat; \
	elif [ -f "/home/ed/mcsema-testing/llvm-test-suite/SingleSource/Regression/C/PR491.reference_output" ]; then \
	  cp /home/ed/mcsema-testing/llvm-test-suite/SingleSource/Regression/C/PR491.reference_output Output/PR491.out-nat; \
	else \
	  printf "WARNING: %s: %s\n" "NO REFERENCE OUTPUT (using default)" "/home/ed/mcsema-testing/llvm-test-suite/SingleSource/Regression/C/PR491.reference_output" > Output/PR491.out-nat; \
	  cp /home/ed/mcsema-testing/llvm-test-suite/default.reference_output Output/PR491.out-nat; \
	  cat Output/PR491.out-nat; \
	fi
# Pretend that the reference output was produced instantaneously.
cp /home/ed/mcsema-testing/llvm-test-suite/instant.txt Output/PR491.out-nat.time
/home/ed/mcsema-testing/llvm-test-suite/DiffOutput.sh "/home/ed/mcsema-testing/SANDBOX/test-2015-12-21_15-36-50/tools/fpcmp " simple PR491 
rm -f Output/PR491.exe-simple
cp Output/PR491.diff-simple Output/PR491.exe-simple
if test -f Output/PR491.extra-results.txt; then \
	  /home/ed/mcsema-testing/llvm-test-suite/ParseMultipleResults /home/ed/mcsema-testing/SANDBOX/test-2015-12-21_15-36-50/SingleSource/Regression/C/PR491 Output/PR491.extra-results.txt >> Output/PR491.simple.exec.report.txt; \
	fi
cat Output/PR491.simple.compile.report.txt Output/PR491.simple.exec.report.txt >> Output/PR491.simple.report.txt
---------------------------------------------------------------
>>> ========= '/home/ed/mcsema-testing/SANDBOX/test-2015-12-21_15-36-50/SingleSource/Regression/C/PR491' Program
---------------------------------------------------------------

TEST-PASS: compile /home/ed/mcsema-testing/SANDBOX/test-2015-12-21_15-36-50/SingleSource/Regression/C/PR491
TEST-RESULT-compile-success: pass
TEST-RESULT-compile-hash: 03f0d9ba431f4f825ac429335d8d6918
TEST-RESULT-compile-time: user       0.0213
TEST-RESULT-compile-real-time: real       0.0341

TEST-PASS: exec /home/ed/mcsema-testing/SANDBOX/test-2015-12-21_15-36-50/SingleSource/Regression/C/PR491
TEST-RESULT-exec-success: pass
TEST-RESULT-exec-time: user       0.0009
TEST-RESULT-exec-real-time: real       0.0017
/home/ed/mcsema-testing/llvm-test-suite/RunSafely.sh --show-errors -t "/home/ed/mcsema-testing/SANDBOX/test-2015-12-21_15-36-50/tools/timeit" 500 /dev/null Output/PR640.llvm.o.compile \
	  /usr/bin/clang -I/home/ed/mcsema-testing/SANDBOX/test-2015-12-21_15-36-50/SingleSource/Regression/C -I/home/ed/mcsema-testing/llvm-test-suite/SingleSource/Regression/C -I/home/ed/mcsema-testing/llvm-test-suite/include -I../../../include -D_GNU_SOURCE -D__STDC_LIMIT_MACROS -DNDEBUG  -O3  -m64 -fomit-frame-pointer -c /home/ed/mcsema-testing/llvm-test-suite/SingleSource/Regression/C/PR640.c -o Output/PR640.llvm.o
cp Output/PR640.llvm.o.compile.time Output/PR640.simple.compile.time
/usr/bin/clang++ -o Output/PR640.simple Output/PR640.llvm.o    -m64 -fomit-frame-pointer
/home/ed/mcsema-testing/llvm-test-suite/RunSafely.sh -t "/home/ed/mcsema-testing/SANDBOX/test-2015-12-21_15-36-50/tools/timeit-target" 500 /dev/null Output/PR640.out-simple Output/PR640.simple 
cp Output/PR640.simple Output/PR640.simple-hash; \
	strip --remove-section=.comment --remove-section='.note*' Output/PR640.simple-hash; \
	/home/ed/mcsema-testing/llvm-test-suite/HashProgramOutput.sh Output/PR640.simple-hash
if [ -f "/home/ed/mcsema-testing/llvm-test-suite/SingleSource/Regression/C/PR640.reference_output.little-endian." ]; then \
	  cp /home/ed/mcsema-testing/llvm-test-suite/SingleSource/Regression/C/PR640.reference_output.little-endian. Output/PR640.out-nat; \
	elif [ -f "/home/ed/mcsema-testing/llvm-test-suite/SingleSource/Regression/C/PR640.reference_output." ]; then \
	  cp /home/ed/mcsema-testing/llvm-test-suite/SingleSource/Regression/C/PR640.reference_output. Output/PR640.out-nat; \
	elif [ -f "/home/ed/mcsema-testing/llvm-test-suite/SingleSource/Regression/C/PR640.reference_output.little-endian" ]; then \
	  cp /home/ed/mcsema-testing/llvm-test-suite/SingleSource/Regression/C/PR640.reference_output.little-endian Output/PR640.out-nat; \
	elif [ -f "/home/ed/mcsema-testing/llvm-test-suite/SingleSource/Regression/C/PR640.reference_output" ]; then \
	  cp /home/ed/mcsema-testing/llvm-test-suite/SingleSource/Regression/C/PR640.reference_output Output/PR640.out-nat; \
	else \
	  printf "WARNING: %s: %s\n" "NO REFERENCE OUTPUT (using default)" "/home/ed/mcsema-testing/llvm-test-suite/SingleSource/Regression/C/PR640.reference_output" > Output/PR640.out-nat; \
	  cp /home/ed/mcsema-testing/llvm-test-suite/default.reference_output Output/PR640.out-nat; \
	  cat Output/PR640.out-nat; \
	fi
# Pretend that the reference output was produced instantaneously.
cp /home/ed/mcsema-testing/llvm-test-suite/instant.txt Output/PR640.out-nat.time
/home/ed/mcsema-testing/llvm-test-suite/DiffOutput.sh "/home/ed/mcsema-testing/SANDBOX/test-2015-12-21_15-36-50/tools/fpcmp " simple PR640 
rm -f Output/PR640.exe-simple
cp Output/PR640.diff-simple Output/PR640.exe-simple
if test -f Output/PR640.extra-results.txt; then \
	  /home/ed/mcsema-testing/llvm-test-suite/ParseMultipleResults /home/ed/mcsema-testing/SANDBOX/test-2015-12-21_15-36-50/SingleSource/Regression/C/PR640 Output/PR640.extra-results.txt >> Output/PR640.simple.exec.report.txt; \
	fi
cat Output/PR640.simple.compile.report.txt Output/PR640.simple.exec.report.txt >> Output/PR640.simple.report.txt
---------------------------------------------------------------
>>> ========= '/home/ed/mcsema-testing/SANDBOX/test-2015-12-21_15-36-50/SingleSource/Regression/C/PR640' Program
---------------------------------------------------------------

TEST-PASS: compile /home/ed/mcsema-testing/SANDBOX/test-2015-12-21_15-36-50/SingleSource/Regression/C/PR640
TEST-RESULT-compile-success: pass
TEST-RESULT-compile-hash: 023f488131041b859ee108264e701406
TEST-RESULT-compile-time: user       0.0287
TEST-RESULT-compile-real-time: real       0.0440

TEST-PASS: exec /home/ed/mcsema-testing/SANDBOX/test-2015-12-21_15-36-50/SingleSource/Regression/C/PR640
TEST-RESULT-exec-success: pass
TEST-RESULT-exec-time: user       0.0008
TEST-RESULT-exec-real-time: real       0.0016
/home/ed/mcsema-testing/llvm-test-suite/RunSafely.sh --show-errors -t "/home/ed/mcsema-testing/SANDBOX/test-2015-12-21_15-36-50/tools/timeit" 500 /dev/null Output/sumarray2d.llvm.o.compile \
	  /usr/bin/clang -I/home/ed/mcsema-testing/SANDBOX/test-2015-12-21_15-36-50/SingleSource/Regression/C -I/home/ed/mcsema-testing/llvm-test-suite/SingleSource/Regression/C -I/home/ed/mcsema-testing/llvm-test-suite/include -I../../../include -D_GNU_SOURCE -D__STDC_LIMIT_MACROS -DNDEBUG  -O3  -m64 -fomit-frame-pointer -c /home/ed/mcsema-testing/llvm-test-suite/SingleSource/Regression/C/sumarray2d.c -o Output/sumarray2d.llvm.o
cp Output/sumarray2d.llvm.o.compile.time Output/sumarray2d.simple.compile.time
/usr/bin/clang++ -o Output/sumarray2d.simple Output/sumarray2d.llvm.o    -m64 -fomit-frame-pointer
/home/ed/mcsema-testing/llvm-test-suite/RunSafely.sh -t "/home/ed/mcsema-testing/SANDBOX/test-2015-12-21_15-36-50/tools/timeit-target" 500 /dev/null Output/sumarray2d.out-simple Output/sumarray2d.simple 
cp Output/sumarray2d.simple Output/sumarray2d.simple-hash; \
	strip --remove-section=.comment --remove-section='.note*' Output/sumarray2d.simple-hash; \
	/home/ed/mcsema-testing/llvm-test-suite/HashProgramOutput.sh Output/sumarray2d.simple-hash
if [ -f "/home/ed/mcsema-testing/llvm-test-suite/SingleSource/Regression/C/sumarray2d.reference_output.little-endian." ]; then \
	  cp /home/ed/mcsema-testing/llvm-test-suite/SingleSource/Regression/C/sumarray2d.reference_output.little-endian. Output/sumarray2d.out-nat; \
	elif [ -f "/home/ed/mcsema-testing/llvm-test-suite/SingleSource/Regression/C/sumarray2d.reference_output." ]; then \
	  cp /home/ed/mcsema-testing/llvm-test-suite/SingleSource/Regression/C/sumarray2d.reference_output. Output/sumarray2d.out-nat; \
	elif [ -f "/home/ed/mcsema-testing/llvm-test-suite/SingleSource/Regression/C/sumarray2d.reference_output.little-endian" ]; then \
	  cp /home/ed/mcsema-testing/llvm-test-suite/SingleSource/Regression/C/sumarray2d.reference_output.little-endian Output/sumarray2d.out-nat; \
	elif [ -f "/home/ed/mcsema-testing/llvm-test-suite/SingleSource/Regression/C/sumarray2d.reference_output" ]; then \
	  cp /home/ed/mcsema-testing/llvm-test-suite/SingleSource/Regression/C/sumarray2d.reference_output Output/sumarray2d.out-nat; \
	else \
	  printf "WARNING: %s: %s\n" "NO REFERENCE OUTPUT (using default)" "/home/ed/mcsema-testing/llvm-test-suite/SingleSource/Regression/C/sumarray2d.reference_output" > Output/sumarray2d.out-nat; \
	  cp /home/ed/mcsema-testing/llvm-test-suite/default.reference_output Output/sumarray2d.out-nat; \
	  cat Output/sumarray2d.out-nat; \
	fi
# Pretend that the reference output was produced instantaneously.
cp /home/ed/mcsema-testing/llvm-test-suite/instant.txt Output/sumarray2d.out-nat.time
/home/ed/mcsema-testing/llvm-test-suite/DiffOutput.sh "/home/ed/mcsema-testing/SANDBOX/test-2015-12-21_15-36-50/tools/fpcmp " simple sumarray2d 
rm -f Output/sumarray2d.exe-simple
cp Output/sumarray2d.diff-simple Output/sumarray2d.exe-simple
if test -f Output/sumarray2d.extra-results.txt; then \
	  /home/ed/mcsema-testing/llvm-test-suite/ParseMultipleResults /home/ed/mcsema-testing/SANDBOX/test-2015-12-21_15-36-50/SingleSource/Regression/C/sumarray2d Output/sumarray2d.extra-results.txt >> Output/sumarray2d.simple.exec.report.txt; \
	fi
cat Output/sumarray2d.simple.compile.report.txt Output/sumarray2d.simple.exec.report.txt >> Output/sumarray2d.simple.report.txt
---------------------------------------------------------------
>>> ========= '/home/ed/mcsema-testing/SANDBOX/test-2015-12-21_15-36-50/SingleSource/Regression/C/sumarray2d' Program
---------------------------------------------------------------

TEST-PASS: compile /home/ed/mcsema-testing/SANDBOX/test-2015-12-21_15-36-50/SingleSource/Regression/C/sumarray2d
TEST-RESULT-compile-success: pass
TEST-RESULT-compile-hash: 99a2da2a654b4bfb0c915a0d0fa5985b
TEST-RESULT-compile-time: user       0.0343
TEST-RESULT-compile-real-time: real       0.0489

TEST-PASS: exec /home/ed/mcsema-testing/SANDBOX/test-2015-12-21_15-36-50/SingleSource/Regression/C/sumarray2d
TEST-RESULT-exec-success: pass
TEST-RESULT-exec-time: user       0.0009
TEST-RESULT-exec-real-time: real       0.0020
/home/ed/mcsema-testing/llvm-test-suite/RunSafely.sh --show-errors -t "/home/ed/mcsema-testing/SANDBOX/test-2015-12-21_15-36-50/tools/timeit" 500 /dev/null Output/sumarray.llvm.o.compile \
	  /usr/bin/clang -I/home/ed/mcsema-testing/SANDBOX/test-2015-12-21_15-36-50/SingleSource/Regression/C -I/home/ed/mcsema-testing/llvm-test-suite/SingleSource/Regression/C -I/home/ed/mcsema-testing/llvm-test-suite/include -I../../../include -D_GNU_SOURCE -D__STDC_LIMIT_MACROS -DNDEBUG  -O3  -m64 -fomit-frame-pointer -c /home/ed/mcsema-testing/llvm-test-suite/SingleSource/Regression/C/sumarray.c -o Output/sumarray.llvm.o
cp Output/sumarray.llvm.o.compile.time Output/sumarray.simple.compile.time
/usr/bin/clang++ -o Output/sumarray.simple Output/sumarray.llvm.o    -m64 -fomit-frame-pointer
/home/ed/mcsema-testing/llvm-test-suite/RunSafely.sh -t "/home/ed/mcsema-testing/SANDBOX/test-2015-12-21_15-36-50/tools/timeit-target" 500 /dev/null Output/sumarray.out-simple Output/sumarray.simple 
cp Output/sumarray.simple Output/sumarray.simple-hash; \
	strip --remove-section=.comment --remove-section='.note*' Output/sumarray.simple-hash; \
	/home/ed/mcsema-testing/llvm-test-suite/HashProgramOutput.sh Output/sumarray.simple-hash
if [ -f "/home/ed/mcsema-testing/llvm-test-suite/SingleSource/Regression/C/sumarray.reference_output.little-endian." ]; then \
	  cp /home/ed/mcsema-testing/llvm-test-suite/SingleSource/Regression/C/sumarray.reference_output.little-endian. Output/sumarray.out-nat; \
	elif [ -f "/home/ed/mcsema-testing/llvm-test-suite/SingleSource/Regression/C/sumarray.reference_output." ]; then \
	  cp /home/ed/mcsema-testing/llvm-test-suite/SingleSource/Regression/C/sumarray.reference_output. Output/sumarray.out-nat; \
	elif [ -f "/home/ed/mcsema-testing/llvm-test-suite/SingleSource/Regression/C/sumarray.reference_output.little-endian" ]; then \
	  cp /home/ed/mcsema-testing/llvm-test-suite/SingleSource/Regression/C/sumarray.reference_output.little-endian Output/sumarray.out-nat; \
	elif [ -f "/home/ed/mcsema-testing/llvm-test-suite/SingleSource/Regression/C/sumarray.reference_output" ]; then \
	  cp /home/ed/mcsema-testing/llvm-test-suite/SingleSource/Regression/C/sumarray.reference_output Output/sumarray.out-nat; \
	else \
	  printf "WARNING: %s: %s\n" "NO REFERENCE OUTPUT (using default)" "/home/ed/mcsema-testing/llvm-test-suite/SingleSource/Regression/C/sumarray.reference_output" > Output/sumarray.out-nat; \
	  cp /home/ed/mcsema-testing/llvm-test-suite/default.reference_output Output/sumarray.out-nat; \
	  cat Output/sumarray.out-nat; \
	fi
# Pretend that the reference output was produced instantaneously.
cp /home/ed/mcsema-testing/llvm-test-suite/instant.txt Output/sumarray.out-nat.time
/home/ed/mcsema-testing/llvm-test-suite/DiffOutput.sh "/home/ed/mcsema-testing/SANDBOX/test-2015-12-21_15-36-50/tools/fpcmp " simple sumarray 
rm -f Output/sumarray.exe-simple
cp Output/sumarray.diff-simple Output/sumarray.exe-simple
if test -f Output/sumarray.extra-results.txt; then \
	  /home/ed/mcsema-testing/llvm-test-suite/ParseMultipleResults /home/ed/mcsema-testing/SANDBOX/test-2015-12-21_15-36-50/SingleSource/Regression/C/sumarray Output/sumarray.extra-results.txt >> Output/sumarray.simple.exec.report.txt; \
	fi
cat Output/sumarray.simple.compile.report.txt Output/sumarray.simple.exec.report.txt >> Output/sumarray.simple.report.txt
---------------------------------------------------------------
>>> ========= '/home/ed/mcsema-testing/SANDBOX/test-2015-12-21_15-36-50/SingleSource/Regression/C/sumarray' Program
---------------------------------------------------------------

TEST-PASS: compile /home/ed/mcsema-testing/SANDBOX/test-2015-12-21_15-36-50/SingleSource/Regression/C/sumarray
TEST-RESULT-compile-success: pass
TEST-RESULT-compile-hash: 86a04518804b5e284b6527548b90f832
TEST-RESULT-compile-time: user       0.0316
TEST-RESULT-compile-real-time: real       0.0458

TEST-PASS: exec /home/ed/mcsema-testing/SANDBOX/test-2015-12-21_15-36-50/SingleSource/Regression/C/sumarray
TEST-RESULT-exec-success: pass
TEST-RESULT-exec-time: user       0.0009
TEST-RESULT-exec-real-time: real       0.0017
/home/ed/mcsema-testing/llvm-test-suite/RunSafely.sh --show-errors -t "/home/ed/mcsema-testing/SANDBOX/test-2015-12-21_15-36-50/tools/timeit" 500 /dev/null Output/sumarraymalloc.llvm.o.compile \
	  /usr/bin/clang -I/home/ed/mcsema-testing/SANDBOX/test-2015-12-21_15-36-50/SingleSource/Regression/C -I/home/ed/mcsema-testing/llvm-test-suite/SingleSource/Regression/C -I/home/ed/mcsema-testing/llvm-test-suite/include -I../../../include -D_GNU_SOURCE -D__STDC_LIMIT_MACROS -DNDEBUG  -O3  -m64 -fomit-frame-pointer -c /home/ed/mcsema-testing/llvm-test-suite/SingleSource/Regression/C/sumarraymalloc.c -o Output/sumarraymalloc.llvm.o
cp Output/sumarraymalloc.llvm.o.compile.time Output/sumarraymalloc.simple.compile.time
/usr/bin/clang++ -o Output/sumarraymalloc.simple Output/sumarraymalloc.llvm.o    -m64 -fomit-frame-pointer
/home/ed/mcsema-testing/llvm-test-suite/RunSafely.sh -t "/home/ed/mcsema-testing/SANDBOX/test-2015-12-21_15-36-50/tools/timeit-target" 500 /dev/null Output/sumarraymalloc.out-simple Output/sumarraymalloc.simple 
cp Output/sumarraymalloc.simple Output/sumarraymalloc.simple-hash; \
	strip --remove-section=.comment --remove-section='.note*' Output/sumarraymalloc.simple-hash; \
	/home/ed/mcsema-testing/llvm-test-suite/HashProgramOutput.sh Output/sumarraymalloc.simple-hash
if [ -f "/home/ed/mcsema-testing/llvm-test-suite/SingleSource/Regression/C/sumarraymalloc.reference_output.little-endian." ]; then \
	  cp /home/ed/mcsema-testing/llvm-test-suite/SingleSource/Regression/C/sumarraymalloc.reference_output.little-endian. Output/sumarraymalloc.out-nat; \
	elif [ -f "/home/ed/mcsema-testing/llvm-test-suite/SingleSource/Regression/C/sumarraymalloc.reference_output." ]; then \
	  cp /home/ed/mcsema-testing/llvm-test-suite/SingleSource/Regression/C/sumarraymalloc.reference_output. Output/sumarraymalloc.out-nat; \
	elif [ -f "/home/ed/mcsema-testing/llvm-test-suite/SingleSource/Regression/C/sumarraymalloc.reference_output.little-endian" ]; then \
	  cp /home/ed/mcsema-testing/llvm-test-suite/SingleSource/Regression/C/sumarraymalloc.reference_output.little-endian Output/sumarraymalloc.out-nat; \
	elif [ -f "/home/ed/mcsema-testing/llvm-test-suite/SingleSource/Regression/C/sumarraymalloc.reference_output" ]; then \
	  cp /home/ed/mcsema-testing/llvm-test-suite/SingleSource/Regression/C/sumarraymalloc.reference_output Output/sumarraymalloc.out-nat; \
	else \
	  printf "WARNING: %s: %s\n" "NO REFERENCE OUTPUT (using default)" "/home/ed/mcsema-testing/llvm-test-suite/SingleSource/Regression/C/sumarraymalloc.reference_output" > Output/sumarraymalloc.out-nat; \
	  cp /home/ed/mcsema-testing/llvm-test-suite/default.reference_output Output/sumarraymalloc.out-nat; \
	  cat Output/sumarraymalloc.out-nat; \
	fi
# Pretend that the reference output was produced instantaneously.
cp /home/ed/mcsema-testing/llvm-test-suite/instant.txt Output/sumarraymalloc.out-nat.time
/home/ed/mcsema-testing/llvm-test-suite/DiffOutput.sh "/home/ed/mcsema-testing/SANDBOX/test-2015-12-21_15-36-50/tools/fpcmp " simple sumarraymalloc 
rm -f Output/sumarraymalloc.exe-simple
cp Output/sumarraymalloc.diff-simple Output/sumarraymalloc.exe-simple
if test -f Output/sumarraymalloc.extra-results.txt; then \
	  /home/ed/mcsema-testing/llvm-test-suite/ParseMultipleResults /home/ed/mcsema-testing/SANDBOX/test-2015-12-21_15-36-50/SingleSource/Regression/C/sumarraymalloc Output/sumarraymalloc.extra-results.txt >> Output/sumarraymalloc.simple.exec.report.txt; \
	fi
cat Output/sumarraymalloc.simple.compile.report.txt Output/sumarraymalloc.simple.exec.report.txt >> Output/sumarraymalloc.simple.report.txt
---------------------------------------------------------------
>>> ========= '/home/ed/mcsema-testing/SANDBOX/test-2015-12-21_15-36-50/SingleSource/Regression/C/sumarraymalloc' Program
---------------------------------------------------------------

TEST-PASS: compile /home/ed/mcsema-testing/SANDBOX/test-2015-12-21_15-36-50/SingleSource/Regression/C/sumarraymalloc
TEST-RESULT-compile-success: pass
TEST-RESULT-compile-hash: a8340a9795da165b001a2c1b63df8667
TEST-RESULT-compile-time: user       0.0325
TEST-RESULT-compile-real-time: real       0.0472

TEST-PASS: exec /home/ed/mcsema-testing/SANDBOX/test-2015-12-21_15-36-50/SingleSource/Regression/C/sumarraymalloc
TEST-RESULT-exec-success: pass
TEST-RESULT-exec-time: user       0.0009
TEST-RESULT-exec-real-time: real       0.0017
/home/ed/mcsema-testing/llvm-test-suite/RunSafely.sh --show-errors -t "/home/ed/mcsema-testing/SANDBOX/test-2015-12-21_15-36-50/tools/timeit" 500 /dev/null Output/test_indvars.llvm.o.compile \
	  /usr/bin/clang -I/home/ed/mcsema-testing/SANDBOX/test-2015-12-21_15-36-50/SingleSource/Regression/C -I/home/ed/mcsema-testing/llvm-test-suite/SingleSource/Regression/C -I/home/ed/mcsema-testing/llvm-test-suite/include -I../../../include -D_GNU_SOURCE -D__STDC_LIMIT_MACROS -DNDEBUG  -O3  -m64 -fomit-frame-pointer -c /home/ed/mcsema-testing/llvm-test-suite/SingleSource/Regression/C/test_indvars.c -o Output/test_indvars.llvm.o
cp Output/test_indvars.llvm.o.compile.time Output/test_indvars.simple.compile.time
/usr/bin/clang++ -o Output/test_indvars.simple Output/test_indvars.llvm.o    -m64 -fomit-frame-pointer
/home/ed/mcsema-testing/llvm-test-suite/RunSafely.sh -t "/home/ed/mcsema-testing/SANDBOX/test-2015-12-21_15-36-50/tools/timeit-target" 500 /dev/null Output/test_indvars.out-simple Output/test_indvars.simple 
cp Output/test_indvars.simple Output/test_indvars.simple-hash; \
	strip --remove-section=.comment --remove-section='.note*' Output/test_indvars.simple-hash; \
	/home/ed/mcsema-testing/llvm-test-suite/HashProgramOutput.sh Output/test_indvars.simple-hash
if [ -f "/home/ed/mcsema-testing/llvm-test-suite/SingleSource/Regression/C/test_indvars.reference_output.little-endian." ]; then \
	  cp /home/ed/mcsema-testing/llvm-test-suite/SingleSource/Regression/C/test_indvars.reference_output.little-endian. Output/test_indvars.out-nat; \
	elif [ -f "/home/ed/mcsema-testing/llvm-test-suite/SingleSource/Regression/C/test_indvars.reference_output." ]; then \
	  cp /home/ed/mcsema-testing/llvm-test-suite/SingleSource/Regression/C/test_indvars.reference_output. Output/test_indvars.out-nat; \
	elif [ -f "/home/ed/mcsema-testing/llvm-test-suite/SingleSource/Regression/C/test_indvars.reference_output.little-endian" ]; then \
	  cp /home/ed/mcsema-testing/llvm-test-suite/SingleSource/Regression/C/test_indvars.reference_output.little-endian Output/test_indvars.out-nat; \
	elif [ -f "/home/ed/mcsema-testing/llvm-test-suite/SingleSource/Regression/C/test_indvars.reference_output" ]; then \
	  cp /home/ed/mcsema-testing/llvm-test-suite/SingleSource/Regression/C/test_indvars.reference_output Output/test_indvars.out-nat; \
	else \
	  printf "WARNING: %s: %s\n" "NO REFERENCE OUTPUT (using default)" "/home/ed/mcsema-testing/llvm-test-suite/SingleSource/Regression/C/test_indvars.reference_output" > Output/test_indvars.out-nat; \
	  cp /home/ed/mcsema-testing/llvm-test-suite/default.reference_output Output/test_indvars.out-nat; \
	  cat Output/test_indvars.out-nat; \
	fi
# Pretend that the reference output was produced instantaneously.
cp /home/ed/mcsema-testing/llvm-test-suite/instant.txt Output/test_indvars.out-nat.time
/home/ed/mcsema-testing/llvm-test-suite/DiffOutput.sh "/home/ed/mcsema-testing/SANDBOX/test-2015-12-21_15-36-50/tools/fpcmp " simple test_indvars 
rm -f Output/test_indvars.exe-simple
cp Output/test_indvars.diff-simple Output/test_indvars.exe-simple
if test -f Output/test_indvars.extra-results.txt; then \
	  /home/ed/mcsema-testing/llvm-test-suite/ParseMultipleResults /home/ed/mcsema-testing/SANDBOX/test-2015-12-21_15-36-50/SingleSource/Regression/C/test_indvars Output/test_indvars.extra-results.txt >> Output/test_indvars.simple.exec.report.txt; \
	fi
cat Output/test_indvars.simple.compile.report.txt Output/test_indvars.simple.exec.report.txt >> Output/test_indvars.simple.report.txt
---------------------------------------------------------------
>>> ========= '/home/ed/mcsema-testing/SANDBOX/test-2015-12-21_15-36-50/SingleSource/Regression/C/test_indvars' Program
---------------------------------------------------------------

TEST-PASS: compile /home/ed/mcsema-testing/SANDBOX/test-2015-12-21_15-36-50/SingleSource/Regression/C/test_indvars
TEST-RESULT-compile-success: pass
TEST-RESULT-compile-hash: 850b45df5576cf59199f3f980ba08c39
TEST-RESULT-compile-time: user       0.0279
TEST-RESULT-compile-real-time: real       0.0419

TEST-PASS: exec /home/ed/mcsema-testing/SANDBOX/test-2015-12-21_15-36-50/SingleSource/Regression/C/test_indvars
TEST-RESULT-exec-success: pass
TEST-RESULT-exec-time: user       0.0009
TEST-RESULT-exec-real-time: real       0.0018
/home/ed/mcsema-testing/llvm-test-suite/RunSafely.sh --show-errors -t "/home/ed/mcsema-testing/SANDBOX/test-2015-12-21_15-36-50/tools/timeit" 500 /dev/null Output/testtrace.llvm.o.compile \
	  /usr/bin/clang -I/home/ed/mcsema-testing/SANDBOX/test-2015-12-21_15-36-50/SingleSource/Regression/C -I/home/ed/mcsema-testing/llvm-test-suite/SingleSource/Regression/C -I/home/ed/mcsema-testing/llvm-test-suite/include -I../../../include -D_GNU_SOURCE -D__STDC_LIMIT_MACROS -DNDEBUG  -O3  -m64 -fomit-frame-pointer -c /home/ed/mcsema-testing/llvm-test-suite/SingleSource/Regression/C/testtrace.c -o Output/testtrace.llvm.o
cp Output/testtrace.llvm.o.compile.time Output/testtrace.simple.compile.time
/usr/bin/clang++ -o Output/testtrace.simple Output/testtrace.llvm.o    -m64 -fomit-frame-pointer
/home/ed/mcsema-testing/llvm-test-suite/RunSafely.sh -t "/home/ed/mcsema-testing/SANDBOX/test-2015-12-21_15-36-50/tools/timeit-target" 500 /dev/null Output/testtrace.out-simple Output/testtrace.simple 
cp Output/testtrace.simple Output/testtrace.simple-hash; \
	strip --remove-section=.comment --remove-section='.note*' Output/testtrace.simple-hash; \
	/home/ed/mcsema-testing/llvm-test-suite/HashProgramOutput.sh Output/testtrace.simple-hash
if [ -f "/home/ed/mcsema-testing/llvm-test-suite/SingleSource/Regression/C/testtrace.reference_output.little-endian." ]; then \
	  cp /home/ed/mcsema-testing/llvm-test-suite/SingleSource/Regression/C/testtrace.reference_output.little-endian. Output/testtrace.out-nat; \
	elif [ -f "/home/ed/mcsema-testing/llvm-test-suite/SingleSource/Regression/C/testtrace.reference_output." ]; then \
	  cp /home/ed/mcsema-testing/llvm-test-suite/SingleSource/Regression/C/testtrace.reference_output. Output/testtrace.out-nat; \
	elif [ -f "/home/ed/mcsema-testing/llvm-test-suite/SingleSource/Regression/C/testtrace.reference_output.little-endian" ]; then \
	  cp /home/ed/mcsema-testing/llvm-test-suite/SingleSource/Regression/C/testtrace.reference_output.little-endian Output/testtrace.out-nat; \
	elif [ -f "/home/ed/mcsema-testing/llvm-test-suite/SingleSource/Regression/C/testtrace.reference_output" ]; then \
	  cp /home/ed/mcsema-testing/llvm-test-suite/SingleSource/Regression/C/testtrace.reference_output Output/testtrace.out-nat; \
	else \
	  printf "WARNING: %s: %s\n" "NO REFERENCE OUTPUT (using default)" "/home/ed/mcsema-testing/llvm-test-suite/SingleSource/Regression/C/testtrace.reference_output" > Output/testtrace.out-nat; \
	  cp /home/ed/mcsema-testing/llvm-test-suite/default.reference_output Output/testtrace.out-nat; \
	  cat Output/testtrace.out-nat; \
	fi
# Pretend that the reference output was produced instantaneously.
cp /home/ed/mcsema-testing/llvm-test-suite/instant.txt Output/testtrace.out-nat.time
/home/ed/mcsema-testing/llvm-test-suite/DiffOutput.sh "/home/ed/mcsema-testing/SANDBOX/test-2015-12-21_15-36-50/tools/fpcmp " simple testtrace 
rm -f Output/testtrace.exe-simple
cp Output/testtrace.diff-simple Output/testtrace.exe-simple
if test -f Output/testtrace.extra-results.txt; then \
	  /home/ed/mcsema-testing/llvm-test-suite/ParseMultipleResults /home/ed/mcsema-testing/SANDBOX/test-2015-12-21_15-36-50/SingleSource/Regression/C/testtrace Output/testtrace.extra-results.txt >> Output/testtrace.simple.exec.report.txt; \
	fi
cat Output/testtrace.simple.compile.report.txt Output/testtrace.simple.exec.report.txt >> Output/testtrace.simple.report.txt
---------------------------------------------------------------
>>> ========= '/home/ed/mcsema-testing/SANDBOX/test-2015-12-21_15-36-50/SingleSource/Regression/C/testtrace' Program
---------------------------------------------------------------

TEST-PASS: compile /home/ed/mcsema-testing/SANDBOX/test-2015-12-21_15-36-50/SingleSource/Regression/C/testtrace
TEST-RESULT-compile-success: pass
TEST-RESULT-compile-hash: 6db2a7517202852079c65f5d1b6c2d49
TEST-RESULT-compile-time: user       0.0324
TEST-RESULT-compile-real-time: real       0.0468

TEST-PASS: exec /home/ed/mcsema-testing/SANDBOX/test-2015-12-21_15-36-50/SingleSource/Regression/C/testtrace
TEST-RESULT-exec-success: pass
TEST-RESULT-exec-time: user       0.0009
TEST-RESULT-exec-real-time: real       0.0018
/home/ed/mcsema-testing/llvm-test-suite/RunSafely.sh --show-errors -t "/home/ed/mcsema-testing/SANDBOX/test-2015-12-21_15-36-50/tools/timeit" 500 /dev/null Output/uint64_to_float.llvm.o.compile \
	  /usr/bin/clang -I/home/ed/mcsema-testing/SANDBOX/test-2015-12-21_15-36-50/SingleSource/Regression/C -I/home/ed/mcsema-testing/llvm-test-suite/SingleSource/Regression/C -I/home/ed/mcsema-testing/llvm-test-suite/include -I../../../include -D_GNU_SOURCE -D__STDC_LIMIT_MACROS -DNDEBUG  -O3  -m64 -fomit-frame-pointer -c /home/ed/mcsema-testing/llvm-test-suite/SingleSource/Regression/C/uint64_to_float.c -o Output/uint64_to_float.llvm.o
cp Output/uint64_to_float.llvm.o.compile.time Output/uint64_to_float.simple.compile.time
/usr/bin/clang++ -o Output/uint64_to_float.simple Output/uint64_to_float.llvm.o    -m64 -fomit-frame-pointer
/home/ed/mcsema-testing/llvm-test-suite/RunSafely.sh -t "/home/ed/mcsema-testing/SANDBOX/test-2015-12-21_15-36-50/tools/timeit-target" 500 /dev/null Output/uint64_to_float.out-simple Output/uint64_to_float.simple 
cp Output/uint64_to_float.simple Output/uint64_to_float.simple-hash; \
	strip --remove-section=.comment --remove-section='.note*' Output/uint64_to_float.simple-hash; \
	/home/ed/mcsema-testing/llvm-test-suite/HashProgramOutput.sh Output/uint64_to_float.simple-hash
if [ -f "/home/ed/mcsema-testing/llvm-test-suite/SingleSource/Regression/C/uint64_to_float.reference_output.little-endian." ]; then \
	  cp /home/ed/mcsema-testing/llvm-test-suite/SingleSource/Regression/C/uint64_to_float.reference_output.little-endian. Output/uint64_to_float.out-nat; \
	elif [ -f "/home/ed/mcsema-testing/llvm-test-suite/SingleSource/Regression/C/uint64_to_float.reference_output." ]; then \
	  cp /home/ed/mcsema-testing/llvm-test-suite/SingleSource/Regression/C/uint64_to_float.reference_output. Output/uint64_to_float.out-nat; \
	elif [ -f "/home/ed/mcsema-testing/llvm-test-suite/SingleSource/Regression/C/uint64_to_float.reference_output.little-endian" ]; then \
	  cp /home/ed/mcsema-testing/llvm-test-suite/SingleSource/Regression/C/uint64_to_float.reference_output.little-endian Output/uint64_to_float.out-nat; \
	elif [ -f "/home/ed/mcsema-testing/llvm-test-suite/SingleSource/Regression/C/uint64_to_float.reference_output" ]; then \
	  cp /home/ed/mcsema-testing/llvm-test-suite/SingleSource/Regression/C/uint64_to_float.reference_output Output/uint64_to_float.out-nat; \
	else \
	  printf "WARNING: %s: %s\n" "NO REFERENCE OUTPUT (using default)" "/home/ed/mcsema-testing/llvm-test-suite/SingleSource/Regression/C/uint64_to_float.reference_output" > Output/uint64_to_float.out-nat; \
	  cp /home/ed/mcsema-testing/llvm-test-suite/default.reference_output Output/uint64_to_float.out-nat; \
	  cat Output/uint64_to_float.out-nat; \
	fi
# Pretend that the reference output was produced instantaneously.
cp /home/ed/mcsema-testing/llvm-test-suite/instant.txt Output/uint64_to_float.out-nat.time
/home/ed/mcsema-testing/llvm-test-suite/DiffOutput.sh "/home/ed/mcsema-testing/SANDBOX/test-2015-12-21_15-36-50/tools/fpcmp " simple uint64_to_float 
rm -f Output/uint64_to_float.exe-simple
cp Output/uint64_to_float.diff-simple Output/uint64_to_float.exe-simple
if test -f Output/uint64_to_float.extra-results.txt; then \
	  /home/ed/mcsema-testing/llvm-test-suite/ParseMultipleResults /home/ed/mcsema-testing/SANDBOX/test-2015-12-21_15-36-50/SingleSource/Regression/C/uint64_to_float Output/uint64_to_float.extra-results.txt >> Output/uint64_to_float.simple.exec.report.txt; \
	fi
cat Output/uint64_to_float.simple.compile.report.txt Output/uint64_to_float.simple.exec.report.txt >> Output/uint64_to_float.simple.report.txt
---------------------------------------------------------------
>>> ========= '/home/ed/mcsema-testing/SANDBOX/test-2015-12-21_15-36-50/SingleSource/Regression/C/uint64_to_float' Program
---------------------------------------------------------------

TEST-PASS: compile /home/ed/mcsema-testing/SANDBOX/test-2015-12-21_15-36-50/SingleSource/Regression/C/uint64_to_float
TEST-RESULT-compile-success: pass
TEST-RESULT-compile-hash: a64e6786384f2b78de60f6df8e5c534c
TEST-RESULT-compile-time: user       0.0364
TEST-RESULT-compile-real-time: real       0.1536

TEST-PASS: exec /home/ed/mcsema-testing/SANDBOX/test-2015-12-21_15-36-50/SingleSource/Regression/C/uint64_to_float
TEST-RESULT-exec-success: pass
TEST-RESULT-exec-time: user       0.3436
TEST-RESULT-exec-real-time: real       0.3455
make[4]: Leaving directory `/home/ed/mcsema-testing/SANDBOX/test-2015-12-21_15-36-50/SingleSource/Regression/C'
make[3]: Leaving directory `/home/ed/mcsema-testing/SANDBOX/test-2015-12-21_15-36-50/SingleSource/Regression'
make[3]: Entering directory `/home/ed/mcsema-testing/SANDBOX/test-2015-12-21_15-36-50/SingleSource/Benchmarks'
make[4]: Entering directory `/home/ed/mcsema-testing/SANDBOX/test-2015-12-21_15-36-50/SingleSource/Benchmarks/Dhrystone'
/home/ed/mcsema-testing/llvm-test-suite/RunSafely.sh --show-errors -t "/home/ed/mcsema-testing/SANDBOX/test-2015-12-21_15-36-50/tools/timeit" 500 /dev/null Output/dry.llvm.o.compile \
	  /usr/bin/clang -I/home/ed/mcsema-testing/SANDBOX/test-2015-12-21_15-36-50/SingleSource/Benchmarks/Dhrystone -I/home/ed/mcsema-testing/llvm-test-suite/SingleSource/Benchmarks/Dhrystone -I/home/ed/mcsema-testing/llvm-test-suite/include -I../../../include -D_GNU_SOURCE -D__STDC_LIMIT_MACROS -DNDEBUG  -O3  -m64 -fomit-frame-pointer -c /home/ed/mcsema-testing/llvm-test-suite/SingleSource/Benchmarks/Dhrystone/dry.c -o Output/dry.llvm.o
cp Output/dry.llvm.o.compile.time Output/dry.simple.compile.time
/usr/bin/clang++ -o Output/dry.simple Output/dry.llvm.o -lm   -m64 -fomit-frame-pointer
/home/ed/mcsema-testing/llvm-test-suite/RunSafely.sh -t "/home/ed/mcsema-testing/SANDBOX/test-2015-12-21_15-36-50/tools/timeit-target" 500 /dev/null Output/dry.out-simple Output/dry.simple 
cp Output/dry.simple Output/dry.simple-hash; \
	strip --remove-section=.comment --remove-section='.note*' Output/dry.simple-hash; \
	/home/ed/mcsema-testing/llvm-test-suite/HashProgramOutput.sh Output/dry.simple-hash
if [ -f "/home/ed/mcsema-testing/llvm-test-suite/SingleSource/Benchmarks/Dhrystone/dry.reference_output.little-endian." ]; then \
	  cp /home/ed/mcsema-testing/llvm-test-suite/SingleSource/Benchmarks/Dhrystone/dry.reference_output.little-endian. Output/dry.out-nat; \
	elif [ -f "/home/ed/mcsema-testing/llvm-test-suite/SingleSource/Benchmarks/Dhrystone/dry.reference_output." ]; then \
	  cp /home/ed/mcsema-testing/llvm-test-suite/SingleSource/Benchmarks/Dhrystone/dry.reference_output. Output/dry.out-nat; \
	elif [ -f "/home/ed/mcsema-testing/llvm-test-suite/SingleSource/Benchmarks/Dhrystone/dry.reference_output.little-endian" ]; then \
	  cp /home/ed/mcsema-testing/llvm-test-suite/SingleSource/Benchmarks/Dhrystone/dry.reference_output.little-endian Output/dry.out-nat; \
	elif [ -f "/home/ed/mcsema-testing/llvm-test-suite/SingleSource/Benchmarks/Dhrystone/dry.reference_output" ]; then \
	  cp /home/ed/mcsema-testing/llvm-test-suite/SingleSource/Benchmarks/Dhrystone/dry.reference_output Output/dry.out-nat; \
	else \
	  printf "WARNING: %s: %s\n" "NO REFERENCE OUTPUT (using default)" "/home/ed/mcsema-testing/llvm-test-suite/SingleSource/Benchmarks/Dhrystone/dry.reference_output" > Output/dry.out-nat; \
	  cp /home/ed/mcsema-testing/llvm-test-suite/default.reference_output Output/dry.out-nat; \
	  cat Output/dry.out-nat; \
	fi
# Pretend that the reference output was produced instantaneously.
cp /home/ed/mcsema-testing/llvm-test-suite/instant.txt Output/dry.out-nat.time
/home/ed/mcsema-testing/llvm-test-suite/DiffOutput.sh "/home/ed/mcsema-testing/SANDBOX/test-2015-12-21_15-36-50/tools/fpcmp " simple dry 
rm -f Output/dry.exe-simple
cp Output/dry.diff-simple Output/dry.exe-simple
if test -f Output/dry.extra-results.txt; then \
	  /home/ed/mcsema-testing/llvm-test-suite/ParseMultipleResults /home/ed/mcsema-testing/SANDBOX/test-2015-12-21_15-36-50/SingleSource/Benchmarks/Dhrystone/dry Output/dry.extra-results.txt >> Output/dry.simple.exec.report.txt; \
	fi
cat Output/dry.simple.compile.report.txt Output/dry.simple.exec.report.txt >> Output/dry.simple.report.txt
---------------------------------------------------------------
>>> ========= '/home/ed/mcsema-testing/SANDBOX/test-2015-12-21_15-36-50/SingleSource/Benchmarks/Dhrystone/dry' Program
---------------------------------------------------------------

TEST-PASS: compile /home/ed/mcsema-testing/SANDBOX/test-2015-12-21_15-36-50/SingleSource/Benchmarks/Dhrystone/dry
TEST-RESULT-compile-success: pass
TEST-RESULT-compile-hash: 654f3dd73908b9ac6f30250edde9836e
TEST-RESULT-compile-time: user       0.0452
TEST-RESULT-compile-real-time: real       0.0621

TEST-PASS: exec /home/ed/mcsema-testing/SANDBOX/test-2015-12-21_15-36-50/SingleSource/Benchmarks/Dhrystone/dry
TEST-RESULT-exec-success: pass
TEST-RESULT-exec-time: user       0.4809
TEST-RESULT-exec-real-time: real       0.4828
/home/ed/mcsema-testing/llvm-test-suite/RunSafely.sh --show-errors -t "/home/ed/mcsema-testing/SANDBOX/test-2015-12-21_15-36-50/tools/timeit" 500 /dev/null Output/fldry.llvm.o.compile \
	  /usr/bin/clang -I/home/ed/mcsema-testing/SANDBOX/test-2015-12-21_15-36-50/SingleSource/Benchmarks/Dhrystone -I/home/ed/mcsema-testing/llvm-test-suite/SingleSource/Benchmarks/Dhrystone -I/home/ed/mcsema-testing/llvm-test-suite/include -I../../../include -D_GNU_SOURCE -D__STDC_LIMIT_MACROS -DNDEBUG  -O3  -m64 -fomit-frame-pointer -c /home/ed/mcsema-testing/llvm-test-suite/SingleSource/Benchmarks/Dhrystone/fldry.c -o Output/fldry.llvm.o
cp Output/fldry.llvm.o.compile.time Output/fldry.simple.compile.time
/usr/bin/clang++ -o Output/fldry.simple Output/fldry.llvm.o -lm   -m64 -fomit-frame-pointer
/home/ed/mcsema-testing/llvm-test-suite/RunSafely.sh -t "/home/ed/mcsema-testing/SANDBOX/test-2015-12-21_15-36-50/tools/timeit-target" 500 /dev/null Output/fldry.out-simple Output/fldry.simple 
cp Output/fldry.simple Output/fldry.simple-hash; \
	strip --remove-section=.comment --remove-section='.note*' Output/fldry.simple-hash; \
	/home/ed/mcsema-testing/llvm-test-suite/HashProgramOutput.sh Output/fldry.simple-hash
if [ -f "/home/ed/mcsema-testing/llvm-test-suite/SingleSource/Benchmarks/Dhrystone/fldry.reference_output.little-endian." ]; then \
	  cp /home/ed/mcsema-testing/llvm-test-suite/SingleSource/Benchmarks/Dhrystone/fldry.reference_output.little-endian. Output/fldry.out-nat; \
	elif [ -f "/home/ed/mcsema-testing/llvm-test-suite/SingleSource/Benchmarks/Dhrystone/fldry.reference_output." ]; then \
	  cp /home/ed/mcsema-testing/llvm-test-suite/SingleSource/Benchmarks/Dhrystone/fldry.reference_output. Output/fldry.out-nat; \
	elif [ -f "/home/ed/mcsema-testing/llvm-test-suite/SingleSource/Benchmarks/Dhrystone/fldry.reference_output.little-endian" ]; then \
	  cp /home/ed/mcsema-testing/llvm-test-suite/SingleSource/Benchmarks/Dhrystone/fldry.reference_output.little-endian Output/fldry.out-nat; \
	elif [ -f "/home/ed/mcsema-testing/llvm-test-suite/SingleSource/Benchmarks/Dhrystone/fldry.reference_output" ]; then \
	  cp /home/ed/mcsema-testing/llvm-test-suite/SingleSource/Benchmarks/Dhrystone/fldry.reference_output Output/fldry.out-nat; \
	else \
	  printf "WARNING: %s: %s\n" "NO REFERENCE OUTPUT (using default)" "/home/ed/mcsema-testing/llvm-test-suite/SingleSource/Benchmarks/Dhrystone/fldry.reference_output" > Output/fldry.out-nat; \
	  cp /home/ed/mcsema-testing/llvm-test-suite/default.reference_output Output/fldry.out-nat; \
	  cat Output/fldry.out-nat; \
	fi
# Pretend that the reference output was produced instantaneously.
cp /home/ed/mcsema-testing/llvm-test-suite/instant.txt Output/fldry.out-nat.time
/home/ed/mcsema-testing/llvm-test-suite/DiffOutput.sh "/home/ed/mcsema-testing/SANDBOX/test-2015-12-21_15-36-50/tools/fpcmp " simple fldry 
rm -f Output/fldry.exe-simple
cp Output/fldry.diff-simple Output/fldry.exe-simple
if test -f Output/fldry.extra-results.txt; then \
	  /home/ed/mcsema-testing/llvm-test-suite/ParseMultipleResults /home/ed/mcsema-testing/SANDBOX/test-2015-12-21_15-36-50/SingleSource/Benchmarks/Dhrystone/fldry Output/fldry.extra-results.txt >> Output/fldry.simple.exec.report.txt; \
	fi
cat Output/fldry.simple.compile.report.txt Output/fldry.simple.exec.report.txt >> Output/fldry.simple.report.txt
---------------------------------------------------------------
>>> ========= '/home/ed/mcsema-testing/SANDBOX/test-2015-12-21_15-36-50/SingleSource/Benchmarks/Dhrystone/fldry' Program
---------------------------------------------------------------

TEST-PASS: compile /home/ed/mcsema-testing/SANDBOX/test-2015-12-21_15-36-50/SingleSource/Benchmarks/Dhrystone/fldry
TEST-RESULT-compile-success: pass
TEST-RESULT-compile-hash: 7fc9ddff873599eb7e779f650c596fd7
TEST-RESULT-compile-time: user       0.0477
TEST-RESULT-compile-real-time: real       0.0646

TEST-PASS: exec /home/ed/mcsema-testing/SANDBOX/test-2015-12-21_15-36-50/SingleSource/Benchmarks/Dhrystone/fldry
TEST-RESULT-exec-success: pass
TEST-RESULT-exec-time: user       0.3673
TEST-RESULT-exec-real-time: real       0.3694
make[4]: Leaving directory `/home/ed/mcsema-testing/SANDBOX/test-2015-12-21_15-36-50/SingleSource/Benchmarks/Dhrystone'
make[4]: Entering directory `/home/ed/mcsema-testing/SANDBOX/test-2015-12-21_15-36-50/SingleSource/Benchmarks/CoyoteBench'
/home/ed/mcsema-testing/llvm-test-suite/RunSafely.sh --show-errors -t "/home/ed/mcsema-testing/SANDBOX/test-2015-12-21_15-36-50/tools/timeit" 500 /dev/null Output/fftbench.llvm.o.compile \
	  /usr/bin/clang++ -I/home/ed/mcsema-testing/SANDBOX/test-2015-12-21_15-36-50/SingleSource/Benchmarks/CoyoteBench -I/home/ed/mcsema-testing/llvm-test-suite/SingleSource/Benchmarks/CoyoteBench -I/home/ed/mcsema-testing/llvm-test-suite/include -I../../../include -D_GNU_SOURCE -D__STDC_LIMIT_MACROS -DNDEBUG  -O3  -m64 -fomit-frame-pointer -c /home/ed/mcsema-testing/llvm-test-suite/SingleSource/Benchmarks/CoyoteBench/fftbench.cpp -o Output/fftbench.llvm.o
cp Output/fftbench.llvm.o.compile.time Output/fftbench.simple.compile.time
/usr/bin/clang++ -o Output/fftbench.simple Output/fftbench.llvm.o -lm -lstdc++   -m64 -fomit-frame-pointer
/home/ed/mcsema-testing/llvm-test-suite/RunSafely.sh -t "/home/ed/mcsema-testing/SANDBOX/test-2015-12-21_15-36-50/tools/timeit-target" 500 /dev/null Output/fftbench.out-simple Output/fftbench.simple 
cp Output/fftbench.simple Output/fftbench.simple-hash; \
	strip --remove-section=.comment --remove-section='.note*' Output/fftbench.simple-hash; \
	/home/ed/mcsema-testing/llvm-test-suite/HashProgramOutput.sh Output/fftbench.simple-hash
if [ -f "/home/ed/mcsema-testing/llvm-test-suite/SingleSource/Benchmarks/CoyoteBench/fftbench.reference_output.little-endian." ]; then \
	  cp /home/ed/mcsema-testing/llvm-test-suite/SingleSource/Benchmarks/CoyoteBench/fftbench.reference_output.little-endian. Output/fftbench.out-nat; \
	elif [ -f "/home/ed/mcsema-testing/llvm-test-suite/SingleSource/Benchmarks/CoyoteBench/fftbench.reference_output." ]; then \
	  cp /home/ed/mcsema-testing/llvm-test-suite/SingleSource/Benchmarks/CoyoteBench/fftbench.reference_output. Output/fftbench.out-nat; \
	elif [ -f "/home/ed/mcsema-testing/llvm-test-suite/SingleSource/Benchmarks/CoyoteBench/fftbench.reference_output.little-endian" ]; then \
	  cp /home/ed/mcsema-testing/llvm-test-suite/SingleSource/Benchmarks/CoyoteBench/fftbench.reference_output.little-endian Output/fftbench.out-nat; \
	elif [ -f "/home/ed/mcsema-testing/llvm-test-suite/SingleSource/Benchmarks/CoyoteBench/fftbench.reference_output" ]; then \
	  cp /home/ed/mcsema-testing/llvm-test-suite/SingleSource/Benchmarks/CoyoteBench/fftbench.reference_output Output/fftbench.out-nat; \
	else \
	  printf "WARNING: %s: %s\n" "NO REFERENCE OUTPUT (using default)" "/home/ed/mcsema-testing/llvm-test-suite/SingleSource/Benchmarks/CoyoteBench/fftbench.reference_output" > Output/fftbench.out-nat; \
	  cp /home/ed/mcsema-testing/llvm-test-suite/default.reference_output Output/fftbench.out-nat; \
	  cat Output/fftbench.out-nat; \
	fi
# Pretend that the reference output was produced instantaneously.
cp /home/ed/mcsema-testing/llvm-test-suite/instant.txt Output/fftbench.out-nat.time
/home/ed/mcsema-testing/llvm-test-suite/DiffOutput.sh "/home/ed/mcsema-testing/SANDBOX/test-2015-12-21_15-36-50/tools/fpcmp " simple fftbench 
rm -f Output/fftbench.exe-simple
cp Output/fftbench.diff-simple Output/fftbench.exe-simple
if test -f Output/fftbench.extra-results.txt; then \
	  /home/ed/mcsema-testing/llvm-test-suite/ParseMultipleResults /home/ed/mcsema-testing/SANDBOX/test-2015-12-21_15-36-50/SingleSource/Benchmarks/CoyoteBench/fftbench Output/fftbench.extra-results.txt >> Output/fftbench.simple.exec.report.txt; \
	fi
cat Output/fftbench.simple.compile.report.txt Output/fftbench.simple.exec.report.txt >> Output/fftbench.simple.report.txt
---------------------------------------------------------------
>>> ========= '/home/ed/mcsema-testing/SANDBOX/test-2015-12-21_15-36-50/SingleSource/Benchmarks/CoyoteBench/fftbench' Program
---------------------------------------------------------------

TEST-PASS: compile /home/ed/mcsema-testing/SANDBOX/test-2015-12-21_15-36-50/SingleSource/Benchmarks/CoyoteBench/fftbench
TEST-RESULT-compile-success: pass
TEST-RESULT-compile-hash: b84b1ce92793ab1ac921641272097833
TEST-RESULT-compile-time: user       0.2866
TEST-RESULT-compile-real-time: real       0.3329

TEST-PASS: exec /home/ed/mcsema-testing/SANDBOX/test-2015-12-21_15-36-50/SingleSource/Benchmarks/CoyoteBench/fftbench
TEST-RESULT-exec-success: pass
TEST-RESULT-exec-time: user       1.0972
TEST-RESULT-exec-real-time: real       1.2610
/home/ed/mcsema-testing/llvm-test-suite/RunSafely.sh --show-errors -t "/home/ed/mcsema-testing/SANDBOX/test-2015-12-21_15-36-50/tools/timeit" 500 /dev/null Output/almabench.llvm.o.compile \
	  /usr/bin/clang -I/home/ed/mcsema-testing/SANDBOX/test-2015-12-21_15-36-50/SingleSource/Benchmarks/CoyoteBench -I/home/ed/mcsema-testing/llvm-test-suite/SingleSource/Benchmarks/CoyoteBench -I/home/ed/mcsema-testing/llvm-test-suite/include -I../../../include -D_GNU_SOURCE -D__STDC_LIMIT_MACROS -DNDEBUG  -O3  -m64 -fomit-frame-pointer -c /home/ed/mcsema-testing/llvm-test-suite/SingleSource/Benchmarks/CoyoteBench/almabench.c -o Output/almabench.llvm.o
cp Output/almabench.llvm.o.compile.time Output/almabench.simple.compile.time
/usr/bin/clang++ -o Output/almabench.simple Output/almabench.llvm.o -lm -lstdc++   -m64 -fomit-frame-pointer
/home/ed/mcsema-testing/llvm-test-suite/RunSafely.sh -t "/home/ed/mcsema-testing/SANDBOX/test-2015-12-21_15-36-50/tools/timeit-target" 500 /dev/null Output/almabench.out-simple Output/almabench.simple 
cp Output/almabench.simple Output/almabench.simple-hash; \
	strip --remove-section=.comment --remove-section='.note*' Output/almabench.simple-hash; \
	/home/ed/mcsema-testing/llvm-test-suite/HashProgramOutput.sh Output/almabench.simple-hash
if [ -f "/home/ed/mcsema-testing/llvm-test-suite/SingleSource/Benchmarks/CoyoteBench/almabench.reference_output.little-endian." ]; then \
	  cp /home/ed/mcsema-testing/llvm-test-suite/SingleSource/Benchmarks/CoyoteBench/almabench.reference_output.little-endian. Output/almabench.out-nat; \
	elif [ -f "/home/ed/mcsema-testing/llvm-test-suite/SingleSource/Benchmarks/CoyoteBench/almabench.reference_output." ]; then \
	  cp /home/ed/mcsema-testing/llvm-test-suite/SingleSource/Benchmarks/CoyoteBench/almabench.reference_output. Output/almabench.out-nat; \
	elif [ -f "/home/ed/mcsema-testing/llvm-test-suite/SingleSource/Benchmarks/CoyoteBench/almabench.reference_output.little-endian" ]; then \
	  cp /home/ed/mcsema-testing/llvm-test-suite/SingleSource/Benchmarks/CoyoteBench/almabench.reference_output.little-endian Output/almabench.out-nat; \
	elif [ -f "/home/ed/mcsema-testing/llvm-test-suite/SingleSource/Benchmarks/CoyoteBench/almabench.reference_output" ]; then \
	  cp /home/ed/mcsema-testing/llvm-test-suite/SingleSource/Benchmarks/CoyoteBench/almabench.reference_output Output/almabench.out-nat; \
	else \
	  printf "WARNING: %s: %s\n" "NO REFERENCE OUTPUT (using default)" "/home/ed/mcsema-testing/llvm-test-suite/SingleSource/Benchmarks/CoyoteBench/almabench.reference_output" > Output/almabench.out-nat; \
	  cp /home/ed/mcsema-testing/llvm-test-suite/default.reference_output Output/almabench.out-nat; \
	  cat Output/almabench.out-nat; \
	fi
# Pretend that the reference output was produced instantaneously.
cp /home/ed/mcsema-testing/llvm-test-suite/instant.txt Output/almabench.out-nat.time
/home/ed/mcsema-testing/llvm-test-suite/DiffOutput.sh "/home/ed/mcsema-testing/SANDBOX/test-2015-12-21_15-36-50/tools/fpcmp " simple almabench 
rm -f Output/almabench.exe-simple
cp Output/almabench.diff-simple Output/almabench.exe-simple
if test -f Output/almabench.extra-results.txt; then \
	  /home/ed/mcsema-testing/llvm-test-suite/ParseMultipleResults /home/ed/mcsema-testing/SANDBOX/test-2015-12-21_15-36-50/SingleSource/Benchmarks/CoyoteBench/almabench Output/almabench.extra-results.txt >> Output/almabench.simple.exec.report.txt; \
	fi
cat Output/almabench.simple.compile.report.txt Output/almabench.simple.exec.report.txt >> Output/almabench.simple.report.txt
---------------------------------------------------------------
>>> ========= '/home/ed/mcsema-testing/SANDBOX/test-2015-12-21_15-36-50/SingleSource/Benchmarks/CoyoteBench/almabench' Program
---------------------------------------------------------------

TEST-PASS: compile /home/ed/mcsema-testing/SANDBOX/test-2015-12-21_15-36-50/SingleSource/Benchmarks/CoyoteBench/almabench
TEST-RESULT-compile-success: pass
TEST-RESULT-compile-hash: 58b5c718552124326eab39e0ec601a91
TEST-RESULT-compile-time: user       0.0615
TEST-RESULT-compile-real-time: real       0.1009

TEST-PASS: exec /home/ed/mcsema-testing/SANDBOX/test-2015-12-21_15-36-50/SingleSource/Benchmarks/CoyoteBench/almabench
TEST-RESULT-exec-success: pass
TEST-RESULT-exec-time: user       11.3820
TEST-RESULT-exec-real-time: real       11.4008
/home/ed/mcsema-testing/llvm-test-suite/RunSafely.sh --show-errors -t "/home/ed/mcsema-testing/SANDBOX/test-2015-12-21_15-36-50/tools/timeit" 500 /dev/null Output/huffbench.llvm.o.compile \
	  /usr/bin/clang -I/home/ed/mcsema-testing/SANDBOX/test-2015-12-21_15-36-50/SingleSource/Benchmarks/CoyoteBench -I/home/ed/mcsema-testing/llvm-test-suite/SingleSource/Benchmarks/CoyoteBench -I/home/ed/mcsema-testing/llvm-test-suite/include -I../../../include -D_GNU_SOURCE -D__STDC_LIMIT_MACROS -DNDEBUG  -O3  -m64 -fomit-frame-pointer -c /home/ed/mcsema-testing/llvm-test-suite/SingleSource/Benchmarks/CoyoteBench/huffbench.c -o Output/huffbench.llvm.o
cp Output/huffbench.llvm.o.compile.time Output/huffbench.simple.compile.time
/usr/bin/clang++ -o Output/huffbench.simple Output/huffbench.llvm.o -lm -lstdc++   -m64 -fomit-frame-pointer
/home/ed/mcsema-testing/llvm-test-suite/RunSafely.sh -t "/home/ed/mcsema-testing/SANDBOX/test-2015-12-21_15-36-50/tools/timeit-target" 500 /dev/null Output/huffbench.out-simple Output/huffbench.simple 
cp Output/huffbench.simple Output/huffbench.simple-hash; \
	strip --remove-section=.comment --remove-section='.note*' Output/huffbench.simple-hash; \
	/home/ed/mcsema-testing/llvm-test-suite/HashProgramOutput.sh Output/huffbench.simple-hash
if [ -f "/home/ed/mcsema-testing/llvm-test-suite/SingleSource/Benchmarks/CoyoteBench/huffbench.reference_output.little-endian." ]; then \
	  cp /home/ed/mcsema-testing/llvm-test-suite/SingleSource/Benchmarks/CoyoteBench/huffbench.reference_output.little-endian. Output/huffbench.out-nat; \
	elif [ -f "/home/ed/mcsema-testing/llvm-test-suite/SingleSource/Benchmarks/CoyoteBench/huffbench.reference_output." ]; then \
	  cp /home/ed/mcsema-testing/llvm-test-suite/SingleSource/Benchmarks/CoyoteBench/huffbench.reference_output. Output/huffbench.out-nat; \
	elif [ -f "/home/ed/mcsema-testing/llvm-test-suite/SingleSource/Benchmarks/CoyoteBench/huffbench.reference_output.little-endian" ]; then \
	  cp /home/ed/mcsema-testing/llvm-test-suite/SingleSource/Benchmarks/CoyoteBench/huffbench.reference_output.little-endian Output/huffbench.out-nat; \
	elif [ -f "/home/ed/mcsema-testing/llvm-test-suite/SingleSource/Benchmarks/CoyoteBench/huffbench.reference_output" ]; then \
	  cp /home/ed/mcsema-testing/llvm-test-suite/SingleSource/Benchmarks/CoyoteBench/huffbench.reference_output Output/huffbench.out-nat; \
	else \
	  printf "WARNING: %s: %s\n" "NO REFERENCE OUTPUT (using default)" "/home/ed/mcsema-testing/llvm-test-suite/SingleSource/Benchmarks/CoyoteBench/huffbench.reference_output" > Output/huffbench.out-nat; \
	  cp /home/ed/mcsema-testing/llvm-test-suite/default.reference_output Output/huffbench.out-nat; \
	  cat Output/huffbench.out-nat; \
	fi
# Pretend that the reference output was produced instantaneously.
cp /home/ed/mcsema-testing/llvm-test-suite/instant.txt Output/huffbench.out-nat.time
/home/ed/mcsema-testing/llvm-test-suite/DiffOutput.sh "/home/ed/mcsema-testing/SANDBOX/test-2015-12-21_15-36-50/tools/fpcmp " simple huffbench 
rm -f Output/huffbench.exe-simple
cp Output/huffbench.diff-simple Output/huffbench.exe-simple
if test -f Output/huffbench.extra-results.txt; then \
	  /home/ed/mcsema-testing/llvm-test-suite/ParseMultipleResults /home/ed/mcsema-testing/SANDBOX/test-2015-12-21_15-36-50/SingleSource/Benchmarks/CoyoteBench/huffbench Output/huffbench.extra-results.txt >> Output/huffbench.simple.exec.report.txt; \
	fi
cat Output/huffbench.simple.compile.report.txt Output/huffbench.simple.exec.report.txt >> Output/huffbench.simple.report.txt
---------------------------------------------------------------
>>> ========= '/home/ed/mcsema-testing/SANDBOX/test-2015-12-21_15-36-50/SingleSource/Benchmarks/CoyoteBench/huffbench' Program
---------------------------------------------------------------

TEST-PASS: compile /home/ed/mcsema-testing/SANDBOX/test-2015-12-21_15-36-50/SingleSource/Benchmarks/CoyoteBench/huffbench
TEST-RESULT-compile-success: pass
TEST-RESULT-compile-hash: 512af22db44d236d5f236873720a8da8
TEST-RESULT-compile-time: user       0.0778
TEST-RESULT-compile-real-time: real       0.0967

TEST-PASS: exec /home/ed/mcsema-testing/SANDBOX/test-2015-12-21_15-36-50/SingleSource/Benchmarks/CoyoteBench/huffbench
TEST-RESULT-exec-success: pass
TEST-RESULT-exec-time: user       13.4608
TEST-RESULT-exec-real-time: real       13.6973
/home/ed/mcsema-testing/llvm-test-suite/RunSafely.sh --show-errors -t "/home/ed/mcsema-testing/SANDBOX/test-2015-12-21_15-36-50/tools/timeit" 500 /dev/null Output/lpbench.llvm.o.compile \
	  /usr/bin/clang -I/home/ed/mcsema-testing/SANDBOX/test-2015-12-21_15-36-50/SingleSource/Benchmarks/CoyoteBench -I/home/ed/mcsema-testing/llvm-test-suite/SingleSource/Benchmarks/CoyoteBench -I/home/ed/mcsema-testing/llvm-test-suite/include -I../../../include -D_GNU_SOURCE -D__STDC_LIMIT_MACROS -DNDEBUG  -O3  -m64 -fomit-frame-pointer -c /home/ed/mcsema-testing/llvm-test-suite/SingleSource/Benchmarks/CoyoteBench/lpbench.c -o Output/lpbench.llvm.o
cp Output/lpbench.llvm.o.compile.time Output/lpbench.simple.compile.time
/usr/bin/clang++ -o Output/lpbench.simple Output/lpbench.llvm.o -lm -lstdc++   -m64 -fomit-frame-pointer
/home/ed/mcsema-testing/llvm-test-suite/RunSafely.sh -t "/home/ed/mcsema-testing/SANDBOX/test-2015-12-21_15-36-50/tools/timeit-target" 500 /dev/null Output/lpbench.out-simple Output/lpbench.simple 
cp Output/lpbench.simple Output/lpbench.simple-hash; \
	strip --remove-section=.comment --remove-section='.note*' Output/lpbench.simple-hash; \
	/home/ed/mcsema-testing/llvm-test-suite/HashProgramOutput.sh Output/lpbench.simple-hash
if [ -f "/home/ed/mcsema-testing/llvm-test-suite/SingleSource/Benchmarks/CoyoteBench/lpbench.reference_output.little-endian." ]; then \
	  cp /home/ed/mcsema-testing/llvm-test-suite/SingleSource/Benchmarks/CoyoteBench/lpbench.reference_output.little-endian. Output/lpbench.out-nat; \
	elif [ -f "/home/ed/mcsema-testing/llvm-test-suite/SingleSource/Benchmarks/CoyoteBench/lpbench.reference_output." ]; then \
	  cp /home/ed/mcsema-testing/llvm-test-suite/SingleSource/Benchmarks/CoyoteBench/lpbench.reference_output. Output/lpbench.out-nat; \
	elif [ -f "/home/ed/mcsema-testing/llvm-test-suite/SingleSource/Benchmarks/CoyoteBench/lpbench.reference_output.little-endian" ]; then \
	  cp /home/ed/mcsema-testing/llvm-test-suite/SingleSource/Benchmarks/CoyoteBench/lpbench.reference_output.little-endian Output/lpbench.out-nat; \
	elif [ -f "/home/ed/mcsema-testing/llvm-test-suite/SingleSource/Benchmarks/CoyoteBench/lpbench.reference_output" ]; then \
	  cp /home/ed/mcsema-testing/llvm-test-suite/SingleSource/Benchmarks/CoyoteBench/lpbench.reference_output Output/lpbench.out-nat; \
	else \
	  printf "WARNING: %s: %s\n" "NO REFERENCE OUTPUT (using default)" "/home/ed/mcsema-testing/llvm-test-suite/SingleSource/Benchmarks/CoyoteBench/lpbench.reference_output" > Output/lpbench.out-nat; \
	  cp /home/ed/mcsema-testing/llvm-test-suite/default.reference_output Output/lpbench.out-nat; \
	  cat Output/lpbench.out-nat; \
	fi
# Pretend that the reference output was produced instantaneously.
cp /home/ed/mcsema-testing/llvm-test-suite/instant.txt Output/lpbench.out-nat.time
/home/ed/mcsema-testing/llvm-test-suite/DiffOutput.sh "/home/ed/mcsema-testing/SANDBOX/test-2015-12-21_15-36-50/tools/fpcmp " simple lpbench 
rm -f Output/lpbench.exe-simple
cp Output/lpbench.diff-simple Output/lpbench.exe-simple
if test -f Output/lpbench.extra-results.txt; then \
	  /home/ed/mcsema-testing/llvm-test-suite/ParseMultipleResults /home/ed/mcsema-testing/SANDBOX/test-2015-12-21_15-36-50/SingleSource/Benchmarks/CoyoteBench/lpbench Output/lpbench.extra-results.txt >> Output/lpbench.simple.exec.report.txt; \
	fi
cat Output/lpbench.simple.compile.report.txt Output/lpbench.simple.exec.report.txt >> Output/lpbench.simple.report.txt
---------------------------------------------------------------
>>> ========= '/home/ed/mcsema-testing/SANDBOX/test-2015-12-21_15-36-50/SingleSource/Benchmarks/CoyoteBench/lpbench' Program
---------------------------------------------------------------

TEST-PASS: compile /home/ed/mcsema-testing/SANDBOX/test-2015-12-21_15-36-50/SingleSource/Benchmarks/CoyoteBench/lpbench
TEST-RESULT-compile-success: pass
TEST-RESULT-compile-hash: 1d2127e9f025bba0645a7e3fe66c8cf6
TEST-RESULT-compile-time: user       0.1047
TEST-RESULT-compile-real-time: real       0.1234

TEST-PASS: exec /home/ed/mcsema-testing/SANDBOX/test-2015-12-21_15-36-50/SingleSource/Benchmarks/CoyoteBench/lpbench
TEST-RESULT-exec-success: pass
TEST-RESULT-exec-time: user       5.4028
TEST-RESULT-exec-real-time: real       5.4562
make[4]: Leaving directory `/home/ed/mcsema-testing/SANDBOX/test-2015-12-21_15-36-50/SingleSource/Benchmarks/CoyoteBench'
make[4]: Entering directory `/home/ed/mcsema-testing/SANDBOX/test-2015-12-21_15-36-50/SingleSource/Benchmarks/Shootout'
/home/ed/mcsema-testing/llvm-test-suite/RunSafely.sh --show-errors -t "/home/ed/mcsema-testing/SANDBOX/test-2015-12-21_15-36-50/tools/timeit" 500 /dev/null Output/ackermann.llvm.o.compile \
	  /usr/bin/clang -I/home/ed/mcsema-testing/SANDBOX/test-2015-12-21_15-36-50/SingleSource/Benchmarks/Shootout -I/home/ed/mcsema-testing/llvm-test-suite/SingleSource/Benchmarks/Shootout -I/home/ed/mcsema-testing/llvm-test-suite/include -I../../../include -D_GNU_SOURCE -D__STDC_LIMIT_MACROS -DNDEBUG  -O3  -m64 -fomit-frame-pointer -c /home/ed/mcsema-testing/llvm-test-suite/SingleSource/Benchmarks/Shootout/ackermann.c -o Output/ackermann.llvm.o
cp Output/ackermann.llvm.o.compile.time Output/ackermann.simple.compile.time
/usr/bin/clang++ -o Output/ackermann.simple Output/ackermann.llvm.o -lm   -m64 -fomit-frame-pointer
/home/ed/mcsema-testing/llvm-test-suite/RunSafely.sh -t "/home/ed/mcsema-testing/SANDBOX/test-2015-12-21_15-36-50/tools/timeit-target" 500 /dev/null Output/ackermann.out-simple Output/ackermann.simple 
cp Output/ackermann.simple Output/ackermann.simple-hash; \
	strip --remove-section=.comment --remove-section='.note*' Output/ackermann.simple-hash; \
	/home/ed/mcsema-testing/llvm-test-suite/HashProgramOutput.sh Output/ackermann.simple-hash
if [ -f "/home/ed/mcsema-testing/llvm-test-suite/SingleSource/Benchmarks/Shootout/ackermann.reference_output.little-endian." ]; then \
	  cp /home/ed/mcsema-testing/llvm-test-suite/SingleSource/Benchmarks/Shootout/ackermann.reference_output.little-endian. Output/ackermann.out-nat; \
	elif [ -f "/home/ed/mcsema-testing/llvm-test-suite/SingleSource/Benchmarks/Shootout/ackermann.reference_output." ]; then \
	  cp /home/ed/mcsema-testing/llvm-test-suite/SingleSource/Benchmarks/Shootout/ackermann.reference_output. Output/ackermann.out-nat; \
	elif [ -f "/home/ed/mcsema-testing/llvm-test-suite/SingleSource/Benchmarks/Shootout/ackermann.reference_output.little-endian" ]; then \
	  cp /home/ed/mcsema-testing/llvm-test-suite/SingleSource/Benchmarks/Shootout/ackermann.reference_output.little-endian Output/ackermann.out-nat; \
	elif [ -f "/home/ed/mcsema-testing/llvm-test-suite/SingleSource/Benchmarks/Shootout/ackermann.reference_output" ]; then \
	  cp /home/ed/mcsema-testing/llvm-test-suite/SingleSource/Benchmarks/Shootout/ackermann.reference_output Output/ackermann.out-nat; \
	else \
	  printf "WARNING: %s: %s\n" "NO REFERENCE OUTPUT (using default)" "/home/ed/mcsema-testing/llvm-test-suite/SingleSource/Benchmarks/Shootout/ackermann.reference_output" > Output/ackermann.out-nat; \
	  cp /home/ed/mcsema-testing/llvm-test-suite/default.reference_output Output/ackermann.out-nat; \
	  cat Output/ackermann.out-nat; \
	fi
# Pretend that the reference output was produced instantaneously.
cp /home/ed/mcsema-testing/llvm-test-suite/instant.txt Output/ackermann.out-nat.time
/home/ed/mcsema-testing/llvm-test-suite/DiffOutput.sh "/home/ed/mcsema-testing/SANDBOX/test-2015-12-21_15-36-50/tools/fpcmp " simple ackermann 
rm -f Output/ackermann.exe-simple
cp Output/ackermann.diff-simple Output/ackermann.exe-simple
if test -f Output/ackermann.extra-results.txt; then \
	  /home/ed/mcsema-testing/llvm-test-suite/ParseMultipleResults /home/ed/mcsema-testing/SANDBOX/test-2015-12-21_15-36-50/SingleSource/Benchmarks/Shootout/ackermann Output/ackermann.extra-results.txt >> Output/ackermann.simple.exec.report.txt; \
	fi
cat Output/ackermann.simple.compile.report.txt Output/ackermann.simple.exec.report.txt >> Output/ackermann.simple.report.txt
---------------------------------------------------------------
>>> ========= '/home/ed/mcsema-testing/SANDBOX/test-2015-12-21_15-36-50/SingleSource/Benchmarks/Shootout/ackermann' Program
---------------------------------------------------------------

TEST-PASS: compile /home/ed/mcsema-testing/SANDBOX/test-2015-12-21_15-36-50/SingleSource/Benchmarks/Shootout/ackermann
TEST-RESULT-compile-success: pass
TEST-RESULT-compile-hash: 16d0486e336238409205e14d566c6586
TEST-RESULT-compile-time: user       0.0277
TEST-RESULT-compile-real-time: real       0.0418

TEST-PASS: exec /home/ed/mcsema-testing/SANDBOX/test-2015-12-21_15-36-50/SingleSource/Benchmarks/Shootout/ackermann
TEST-RESULT-exec-success: pass
TEST-RESULT-exec-time: user       0.0045
TEST-RESULT-exec-real-time: real       0.0053
/home/ed/mcsema-testing/llvm-test-suite/RunSafely.sh --show-errors -t "/home/ed/mcsema-testing/SANDBOX/test-2015-12-21_15-36-50/tools/timeit" 500 /dev/null Output/ary3.llvm.o.compile \
	  /usr/bin/clang -I/home/ed/mcsema-testing/SANDBOX/test-2015-12-21_15-36-50/SingleSource/Benchmarks/Shootout -I/home/ed/mcsema-testing/llvm-test-suite/SingleSource/Benchmarks/Shootout -I/home/ed/mcsema-testing/llvm-test-suite/include -I../../../include -D_GNU_SOURCE -D__STDC_LIMIT_MACROS -DNDEBUG  -O3  -m64 -fomit-frame-pointer -c /home/ed/mcsema-testing/llvm-test-suite/SingleSource/Benchmarks/Shootout/ary3.c -o Output/ary3.llvm.o
cp Output/ary3.llvm.o.compile.time Output/ary3.simple.compile.time
/usr/bin/clang++ -o Output/ary3.simple Output/ary3.llvm.o -lm   -m64 -fomit-frame-pointer
/home/ed/mcsema-testing/llvm-test-suite/RunSafely.sh -t "/home/ed/mcsema-testing/SANDBOX/test-2015-12-21_15-36-50/tools/timeit-target" 500 /dev/null Output/ary3.out-simple Output/ary3.simple 
cp Output/ary3.simple Output/ary3.simple-hash; \
	strip --remove-section=.comment --remove-section='.note*' Output/ary3.simple-hash; \
	/home/ed/mcsema-testing/llvm-test-suite/HashProgramOutput.sh Output/ary3.simple-hash
if [ -f "/home/ed/mcsema-testing/llvm-test-suite/SingleSource/Benchmarks/Shootout/ary3.reference_output.little-endian." ]; then \
	  cp /home/ed/mcsema-testing/llvm-test-suite/SingleSource/Benchmarks/Shootout/ary3.reference_output.little-endian. Output/ary3.out-nat; \
	elif [ -f "/home/ed/mcsema-testing/llvm-test-suite/SingleSource/Benchmarks/Shootout/ary3.reference_output." ]; then \
	  cp /home/ed/mcsema-testing/llvm-test-suite/SingleSource/Benchmarks/Shootout/ary3.reference_output. Output/ary3.out-nat; \
	elif [ -f "/home/ed/mcsema-testing/llvm-test-suite/SingleSource/Benchmarks/Shootout/ary3.reference_output.little-endian" ]; then \
	  cp /home/ed/mcsema-testing/llvm-test-suite/SingleSource/Benchmarks/Shootout/ary3.reference_output.little-endian Output/ary3.out-nat; \
	elif [ -f "/home/ed/mcsema-testing/llvm-test-suite/SingleSource/Benchmarks/Shootout/ary3.reference_output" ]; then \
	  cp /home/ed/mcsema-testing/llvm-test-suite/SingleSource/Benchmarks/Shootout/ary3.reference_output Output/ary3.out-nat; \
	else \
	  printf "WARNING: %s: %s\n" "NO REFERENCE OUTPUT (using default)" "/home/ed/mcsema-testing/llvm-test-suite/SingleSource/Benchmarks/Shootout/ary3.reference_output" > Output/ary3.out-nat; \
	  cp /home/ed/mcsema-testing/llvm-test-suite/default.reference_output Output/ary3.out-nat; \
	  cat Output/ary3.out-nat; \
	fi
# Pretend that the reference output was produced instantaneously.
cp /home/ed/mcsema-testing/llvm-test-suite/instant.txt Output/ary3.out-nat.time
/home/ed/mcsema-testing/llvm-test-suite/DiffOutput.sh "/home/ed/mcsema-testing/SANDBOX/test-2015-12-21_15-36-50/tools/fpcmp " simple ary3 
rm -f Output/ary3.exe-simple
cp Output/ary3.diff-simple Output/ary3.exe-simple
if test -f Output/ary3.extra-results.txt; then \
	  /home/ed/mcsema-testing/llvm-test-suite/ParseMultipleResults /home/ed/mcsema-testing/SANDBOX/test-2015-12-21_15-36-50/SingleSource/Benchmarks/Shootout/ary3 Output/ary3.extra-results.txt >> Output/ary3.simple.exec.report.txt; \
	fi
cat Output/ary3.simple.compile.report.txt Output/ary3.simple.exec.report.txt >> Output/ary3.simple.report.txt
---------------------------------------------------------------
>>> ========= '/home/ed/mcsema-testing/SANDBOX/test-2015-12-21_15-36-50/SingleSource/Benchmarks/Shootout/ary3' Program
---------------------------------------------------------------

TEST-PASS: compile /home/ed/mcsema-testing/SANDBOX/test-2015-12-21_15-36-50/SingleSource/Benchmarks/Shootout/ary3
TEST-RESULT-compile-success: pass
TEST-RESULT-compile-hash: ebf73b56a9939531b9fcbb401fa11a60
TEST-RESULT-compile-time: user       0.0336
TEST-RESULT-compile-real-time: real       0.0495

TEST-PASS: exec /home/ed/mcsema-testing/SANDBOX/test-2015-12-21_15-36-50/SingleSource/Benchmarks/Shootout/ary3
TEST-RESULT-exec-success: pass
TEST-RESULT-exec-time: user       1.4603
TEST-RESULT-exec-real-time: real       1.4792
/home/ed/mcsema-testing/llvm-test-suite/RunSafely.sh --show-errors -t "/home/ed/mcsema-testing/SANDBOX/test-2015-12-21_15-36-50/tools/timeit" 500 /dev/null Output/fib2.llvm.o.compile \
	  /usr/bin/clang -I/home/ed/mcsema-testing/SANDBOX/test-2015-12-21_15-36-50/SingleSource/Benchmarks/Shootout -I/home/ed/mcsema-testing/llvm-test-suite/SingleSource/Benchmarks/Shootout -I/home/ed/mcsema-testing/llvm-test-suite/include -I../../../include -D_GNU_SOURCE -D__STDC_LIMIT_MACROS -DNDEBUG  -O3  -m64 -fomit-frame-pointer -c /home/ed/mcsema-testing/llvm-test-suite/SingleSource/Benchmarks/Shootout/fib2.c -o Output/fib2.llvm.o
cp Output/fib2.llvm.o.compile.time Output/fib2.simple.compile.time
/usr/bin/clang++ -o Output/fib2.simple Output/fib2.llvm.o -lm   -m64 -fomit-frame-pointer
/home/ed/mcsema-testing/llvm-test-suite/RunSafely.sh -t "/home/ed/mcsema-testing/SANDBOX/test-2015-12-21_15-36-50/tools/timeit-target" 500 /dev/null Output/fib2.out-simple Output/fib2.simple 
cp Output/fib2.simple Output/fib2.simple-hash; \
	strip --remove-section=.comment --remove-section='.note*' Output/fib2.simple-hash; \
	/home/ed/mcsema-testing/llvm-test-suite/HashProgramOutput.sh Output/fib2.simple-hash
if [ -f "/home/ed/mcsema-testing/llvm-test-suite/SingleSource/Benchmarks/Shootout/fib2.reference_output.little-endian." ]; then \
	  cp /home/ed/mcsema-testing/llvm-test-suite/SingleSource/Benchmarks/Shootout/fib2.reference_output.little-endian. Output/fib2.out-nat; \
	elif [ -f "/home/ed/mcsema-testing/llvm-test-suite/SingleSource/Benchmarks/Shootout/fib2.reference_output." ]; then \
	  cp /home/ed/mcsema-testing/llvm-test-suite/SingleSource/Benchmarks/Shootout/fib2.reference_output. Output/fib2.out-nat; \
	elif [ -f "/home/ed/mcsema-testing/llvm-test-suite/SingleSource/Benchmarks/Shootout/fib2.reference_output.little-endian" ]; then \
	  cp /home/ed/mcsema-testing/llvm-test-suite/SingleSource/Benchmarks/Shootout/fib2.reference_output.little-endian Output/fib2.out-nat; \
	elif [ -f "/home/ed/mcsema-testing/llvm-test-suite/SingleSource/Benchmarks/Shootout/fib2.reference_output" ]; then \
	  cp /home/ed/mcsema-testing/llvm-test-suite/SingleSource/Benchmarks/Shootout/fib2.reference_output Output/fib2.out-nat; \
	else \
	  printf "WARNING: %s: %s\n" "NO REFERENCE OUTPUT (using default)" "/home/ed/mcsema-testing/llvm-test-suite/SingleSource/Benchmarks/Shootout/fib2.reference_output" > Output/fib2.out-nat; \
	  cp /home/ed/mcsema-testing/llvm-test-suite/default.reference_output Output/fib2.out-nat; \
	  cat Output/fib2.out-nat; \
	fi
# Pretend that the reference output was produced instantaneously.
cp /home/ed/mcsema-testing/llvm-test-suite/instant.txt Output/fib2.out-nat.time
/home/ed/mcsema-testing/llvm-test-suite/DiffOutput.sh "/home/ed/mcsema-testing/SANDBOX/test-2015-12-21_15-36-50/tools/fpcmp " simple fib2 
rm -f Output/fib2.exe-simple
cp Output/fib2.diff-simple Output/fib2.exe-simple
if test -f Output/fib2.extra-results.txt; then \
	  /home/ed/mcsema-testing/llvm-test-suite/ParseMultipleResults /home/ed/mcsema-testing/SANDBOX/test-2015-12-21_15-36-50/SingleSource/Benchmarks/Shootout/fib2 Output/fib2.extra-results.txt >> Output/fib2.simple.exec.report.txt; \
	fi
cat Output/fib2.simple.compile.report.txt Output/fib2.simple.exec.report.txt >> Output/fib2.simple.report.txt
---------------------------------------------------------------
>>> ========= '/home/ed/mcsema-testing/SANDBOX/test-2015-12-21_15-36-50/SingleSource/Benchmarks/Shootout/fib2' Program
---------------------------------------------------------------

TEST-PASS: compile /home/ed/mcsema-testing/SANDBOX/test-2015-12-21_15-36-50/SingleSource/Benchmarks/Shootout/fib2
TEST-RESULT-compile-success: pass
TEST-RESULT-compile-hash: fdff59455f1fe116e4819489ad44e6fb
TEST-RESULT-compile-time: user       0.0228
TEST-RESULT-compile-real-time: real       0.0448

TEST-PASS: exec /home/ed/mcsema-testing/SANDBOX/test-2015-12-21_15-36-50/SingleSource/Benchmarks/Shootout/fib2
TEST-RESULT-exec-success: pass
TEST-RESULT-exec-time: user       2.1778
TEST-RESULT-exec-real-time: real       2.1824
/home/ed/mcsema-testing/llvm-test-suite/RunSafely.sh --show-errors -t "/home/ed/mcsema-testing/SANDBOX/test-2015-12-21_15-36-50/tools/timeit" 500 /dev/null Output/hash.llvm.o.compile \
	  /usr/bin/clang -I/home/ed/mcsema-testing/SANDBOX/test-2015-12-21_15-36-50/SingleSource/Benchmarks/Shootout -I/home/ed/mcsema-testing/llvm-test-suite/SingleSource/Benchmarks/Shootout -I/home/ed/mcsema-testing/llvm-test-suite/include -I../../../include -D_GNU_SOURCE -D__STDC_LIMIT_MACROS -DNDEBUG  -O3  -m64 -fomit-frame-pointer -c /home/ed/mcsema-testing/llvm-test-suite/SingleSource/Benchmarks/Shootout/hash.c -o Output/hash.llvm.o
cp Output/hash.llvm.o.compile.time Output/hash.simple.compile.time
/usr/bin/clang++ -o Output/hash.simple Output/hash.llvm.o -lm   -m64 -fomit-frame-pointer
/home/ed/mcsema-testing/llvm-test-suite/RunSafely.sh -t "/home/ed/mcsema-testing/SANDBOX/test-2015-12-21_15-36-50/tools/timeit-target" 500 /dev/null Output/hash.out-simple Output/hash.simple 
cp Output/hash.simple Output/hash.simple-hash; \
	strip --remove-section=.comment --remove-section='.note*' Output/hash.simple-hash; \
	/home/ed/mcsema-testing/llvm-test-suite/HashProgramOutput.sh Output/hash.simple-hash
if [ -f "/home/ed/mcsema-testing/llvm-test-suite/SingleSource/Benchmarks/Shootout/hash.reference_output.little-endian." ]; then \
	  cp /home/ed/mcsema-testing/llvm-test-suite/SingleSource/Benchmarks/Shootout/hash.reference_output.little-endian. Output/hash.out-nat; \
	elif [ -f "/home/ed/mcsema-testing/llvm-test-suite/SingleSource/Benchmarks/Shootout/hash.reference_output." ]; then \
	  cp /home/ed/mcsema-testing/llvm-test-suite/SingleSource/Benchmarks/Shootout/hash.reference_output. Output/hash.out-nat; \
	elif [ -f "/home/ed/mcsema-testing/llvm-test-suite/SingleSource/Benchmarks/Shootout/hash.reference_output.little-endian" ]; then \
	  cp /home/ed/mcsema-testing/llvm-test-suite/SingleSource/Benchmarks/Shootout/hash.reference_output.little-endian Output/hash.out-nat; \
	elif [ -f "/home/ed/mcsema-testing/llvm-test-suite/SingleSource/Benchmarks/Shootout/hash.reference_output" ]; then \
	  cp /home/ed/mcsema-testing/llvm-test-suite/SingleSource/Benchmarks/Shootout/hash.reference_output Output/hash.out-nat; \
	else \
	  printf "WARNING: %s: %s\n" "NO REFERENCE OUTPUT (using default)" "/home/ed/mcsema-testing/llvm-test-suite/SingleSource/Benchmarks/Shootout/hash.reference_output" > Output/hash.out-nat; \
	  cp /home/ed/mcsema-testing/llvm-test-suite/default.reference_output Output/hash.out-nat; \
	  cat Output/hash.out-nat; \
	fi
# Pretend that the reference output was produced instantaneously.
cp /home/ed/mcsema-testing/llvm-test-suite/instant.txt Output/hash.out-nat.time
/home/ed/mcsema-testing/llvm-test-suite/DiffOutput.sh "/home/ed/mcsema-testing/SANDBOX/test-2015-12-21_15-36-50/tools/fpcmp " simple hash 
rm -f Output/hash.exe-simple
cp Output/hash.diff-simple Output/hash.exe-simple
if test -f Output/hash.extra-results.txt; then \
	  /home/ed/mcsema-testing/llvm-test-suite/ParseMultipleResults /home/ed/mcsema-testing/SANDBOX/test-2015-12-21_15-36-50/SingleSource/Benchmarks/Shootout/hash Output/hash.extra-results.txt >> Output/hash.simple.exec.report.txt; \
	fi
cat Output/hash.simple.compile.report.txt Output/hash.simple.exec.report.txt >> Output/hash.simple.report.txt
---------------------------------------------------------------
>>> ========= '/home/ed/mcsema-testing/SANDBOX/test-2015-12-21_15-36-50/SingleSource/Benchmarks/Shootout/hash' Program
---------------------------------------------------------------

TEST-PASS: compile /home/ed/mcsema-testing/SANDBOX/test-2015-12-21_15-36-50/SingleSource/Benchmarks/Shootout/hash
TEST-RESULT-compile-success: pass
TEST-RESULT-compile-hash: a38920134b42aac0790cf7d2428ac684
TEST-RESULT-compile-time: user       0.0564
TEST-RESULT-compile-real-time: real       0.0768

TEST-PASS: exec /home/ed/mcsema-testing/SANDBOX/test-2015-12-21_15-36-50/SingleSource/Benchmarks/Shootout/hash
TEST-RESULT-exec-success: pass
TEST-RESULT-exec-time: user       4.0823
TEST-RESULT-exec-real-time: real       4.6347
/home/ed/mcsema-testing/llvm-test-suite/RunSafely.sh --show-errors -t "/home/ed/mcsema-testing/SANDBOX/test-2015-12-21_15-36-50/tools/timeit" 500 /dev/null Output/heapsort.llvm.o.compile \
	  /usr/bin/clang -I/home/ed/mcsema-testing/SANDBOX/test-2015-12-21_15-36-50/SingleSource/Benchmarks/Shootout -I/home/ed/mcsema-testing/llvm-test-suite/SingleSource/Benchmarks/Shootout -I/home/ed/mcsema-testing/llvm-test-suite/include -I../../../include -D_GNU_SOURCE -D__STDC_LIMIT_MACROS -DNDEBUG  -O3  -m64 -fomit-frame-pointer -c /home/ed/mcsema-testing/llvm-test-suite/SingleSource/Benchmarks/Shootout/heapsort.c -o Output/heapsort.llvm.o
cp Output/heapsort.llvm.o.compile.time Output/heapsort.simple.compile.time
/usr/bin/clang++ -o Output/heapsort.simple Output/heapsort.llvm.o -lm   -m64 -fomit-frame-pointer
/home/ed/mcsema-testing/llvm-test-suite/RunSafely.sh -t "/home/ed/mcsema-testing/SANDBOX/test-2015-12-21_15-36-50/tools/timeit-target" 500 /dev/null Output/heapsort.out-simple Output/heapsort.simple 
cp Output/heapsort.simple Output/heapsort.simple-hash; \
	strip --remove-section=.comment --remove-section='.note*' Output/heapsort.simple-hash; \
	/home/ed/mcsema-testing/llvm-test-suite/HashProgramOutput.sh Output/heapsort.simple-hash
if [ -f "/home/ed/mcsema-testing/llvm-test-suite/SingleSource/Benchmarks/Shootout/heapsort.reference_output.little-endian." ]; then \
	  cp /home/ed/mcsema-testing/llvm-test-suite/SingleSource/Benchmarks/Shootout/heapsort.reference_output.little-endian. Output/heapsort.out-nat; \
	elif [ -f "/home/ed/mcsema-testing/llvm-test-suite/SingleSource/Benchmarks/Shootout/heapsort.reference_output." ]; then \
	  cp /home/ed/mcsema-testing/llvm-test-suite/SingleSource/Benchmarks/Shootout/heapsort.reference_output. Output/heapsort.out-nat; \
	elif [ -f "/home/ed/mcsema-testing/llvm-test-suite/SingleSource/Benchmarks/Shootout/heapsort.reference_output.little-endian" ]; then \
	  cp /home/ed/mcsema-testing/llvm-test-suite/SingleSource/Benchmarks/Shootout/heapsort.reference_output.little-endian Output/heapsort.out-nat; \
	elif [ -f "/home/ed/mcsema-testing/llvm-test-suite/SingleSource/Benchmarks/Shootout/heapsort.reference_output" ]; then \
	  cp /home/ed/mcsema-testing/llvm-test-suite/SingleSource/Benchmarks/Shootout/heapsort.reference_output Output/heapsort.out-nat; \
	else \
	  printf "WARNING: %s: %s\n" "NO REFERENCE OUTPUT (using default)" "/home/ed/mcsema-testing/llvm-test-suite/SingleSource/Benchmarks/Shootout/heapsort.reference_output" > Output/heapsort.out-nat; \
	  cp /home/ed/mcsema-testing/llvm-test-suite/default.reference_output Output/heapsort.out-nat; \
	  cat Output/heapsort.out-nat; \
	fi
# Pretend that the reference output was produced instantaneously.
cp /home/ed/mcsema-testing/llvm-test-suite/instant.txt Output/heapsort.out-nat.time
/home/ed/mcsema-testing/llvm-test-suite/DiffOutput.sh "/home/ed/mcsema-testing/SANDBOX/test-2015-12-21_15-36-50/tools/fpcmp " simple heapsort 
rm -f Output/heapsort.exe-simple
cp Output/heapsort.diff-simple Output/heapsort.exe-simple
if test -f Output/heapsort.extra-results.txt; then \
	  /home/ed/mcsema-testing/llvm-test-suite/ParseMultipleResults /home/ed/mcsema-testing/SANDBOX/test-2015-12-21_15-36-50/SingleSource/Benchmarks/Shootout/heapsort Output/heapsort.extra-results.txt >> Output/heapsort.simple.exec.report.txt; \
	fi
cat Output/heapsort.simple.compile.report.txt Output/heapsort.simple.exec.report.txt >> Output/heapsort.simple.report.txt
---------------------------------------------------------------
>>> ========= '/home/ed/mcsema-testing/SANDBOX/test-2015-12-21_15-36-50/SingleSource/Benchmarks/Shootout/heapsort' Program
---------------------------------------------------------------

TEST-PASS: compile /home/ed/mcsema-testing/SANDBOX/test-2015-12-21_15-36-50/SingleSource/Benchmarks/Shootout/heapsort
TEST-RESULT-compile-success: pass
TEST-RESULT-compile-hash: 2a0d43cd399b63beb64e18910fb15f5b
TEST-RESULT-compile-time: user       0.0433
TEST-RESULT-compile-real-time: real       0.0603

TEST-PASS: exec /home/ed/mcsema-testing/SANDBOX/test-2015-12-21_15-36-50/SingleSource/Benchmarks/Shootout/heapsort
TEST-RESULT-exec-success: pass
TEST-RESULT-exec-time: user       2.6999
TEST-RESULT-exec-real-time: real       3.1915
/home/ed/mcsema-testing/llvm-test-suite/RunSafely.sh --show-errors -t "/home/ed/mcsema-testing/SANDBOX/test-2015-12-21_15-36-50/tools/timeit" 500 /dev/null Output/hello.llvm.o.compile \
	  /usr/bin/clang -I/home/ed/mcsema-testing/SANDBOX/test-2015-12-21_15-36-50/SingleSource/Benchmarks/Shootout -I/home/ed/mcsema-testing/llvm-test-suite/SingleSource/Benchmarks/Shootout -I/home/ed/mcsema-testing/llvm-test-suite/include -I../../../include -D_GNU_SOURCE -D__STDC_LIMIT_MACROS -DNDEBUG  -O3  -m64 -fomit-frame-pointer -c /home/ed/mcsema-testing/llvm-test-suite/SingleSource/Benchmarks/Shootout/hello.c -o Output/hello.llvm.o
cp Output/hello.llvm.o.compile.time Output/hello.simple.compile.time
/usr/bin/clang++ -o Output/hello.simple Output/hello.llvm.o -lm   -m64 -fomit-frame-pointer
/home/ed/mcsema-testing/llvm-test-suite/RunSafely.sh -t "/home/ed/mcsema-testing/SANDBOX/test-2015-12-21_15-36-50/tools/timeit-target" 500 /dev/null Output/hello.out-simple Output/hello.simple 
cp Output/hello.simple Output/hello.simple-hash; \
	strip --remove-section=.comment --remove-section='.note*' Output/hello.simple-hash; \
	/home/ed/mcsema-testing/llvm-test-suite/HashProgramOutput.sh Output/hello.simple-hash
if [ -f "/home/ed/mcsema-testing/llvm-test-suite/SingleSource/Benchmarks/Shootout/hello.reference_output.little-endian." ]; then \
	  cp /home/ed/mcsema-testing/llvm-test-suite/SingleSource/Benchmarks/Shootout/hello.reference_output.little-endian. Output/hello.out-nat; \
	elif [ -f "/home/ed/mcsema-testing/llvm-test-suite/SingleSource/Benchmarks/Shootout/hello.reference_output." ]; then \
	  cp /home/ed/mcsema-testing/llvm-test-suite/SingleSource/Benchmarks/Shootout/hello.reference_output. Output/hello.out-nat; \
	elif [ -f "/home/ed/mcsema-testing/llvm-test-suite/SingleSource/Benchmarks/Shootout/hello.reference_output.little-endian" ]; then \
	  cp /home/ed/mcsema-testing/llvm-test-suite/SingleSource/Benchmarks/Shootout/hello.reference_output.little-endian Output/hello.out-nat; \
	elif [ -f "/home/ed/mcsema-testing/llvm-test-suite/SingleSource/Benchmarks/Shootout/hello.reference_output" ]; then \
	  cp /home/ed/mcsema-testing/llvm-test-suite/SingleSource/Benchmarks/Shootout/hello.reference_output Output/hello.out-nat; \
	else \
	  printf "WARNING: %s: %s\n" "NO REFERENCE OUTPUT (using default)" "/home/ed/mcsema-testing/llvm-test-suite/SingleSource/Benchmarks/Shootout/hello.reference_output" > Output/hello.out-nat; \
	  cp /home/ed/mcsema-testing/llvm-test-suite/default.reference_output Output/hello.out-nat; \
	  cat Output/hello.out-nat; \
	fi
# Pretend that the reference output was produced instantaneously.
cp /home/ed/mcsema-testing/llvm-test-suite/instant.txt Output/hello.out-nat.time
/home/ed/mcsema-testing/llvm-test-suite/DiffOutput.sh "/home/ed/mcsema-testing/SANDBOX/test-2015-12-21_15-36-50/tools/fpcmp " simple hello 
rm -f Output/hello.exe-simple
cp Output/hello.diff-simple Output/hello.exe-simple
if test -f Output/hello.extra-results.txt; then \
	  /home/ed/mcsema-testing/llvm-test-suite/ParseMultipleResults /home/ed/mcsema-testing/SANDBOX/test-2015-12-21_15-36-50/SingleSource/Benchmarks/Shootout/hello Output/hello.extra-results.txt >> Output/hello.simple.exec.report.txt; \
	fi
cat Output/hello.simple.compile.report.txt Output/hello.simple.exec.report.txt >> Output/hello.simple.report.txt
---------------------------------------------------------------
>>> ========= '/home/ed/mcsema-testing/SANDBOX/test-2015-12-21_15-36-50/SingleSource/Benchmarks/Shootout/hello' Program
---------------------------------------------------------------

TEST-PASS: compile /home/ed/mcsema-testing/SANDBOX/test-2015-12-21_15-36-50/SingleSource/Benchmarks/Shootout/hello
TEST-RESULT-compile-success: pass
TEST-RESULT-compile-hash: bacc2d1d80fe6f9feefcb40d3fa0e39d
TEST-RESULT-compile-time: user       0.0198
TEST-RESULT-compile-real-time: real       0.0326

TEST-PASS: exec /home/ed/mcsema-testing/SANDBOX/test-2015-12-21_15-36-50/SingleSource/Benchmarks/Shootout/hello
TEST-RESULT-exec-success: pass
TEST-RESULT-exec-time: user       0.0008
TEST-RESULT-exec-real-time: real       0.0017
/home/ed/mcsema-testing/llvm-test-suite/RunSafely.sh --show-errors -t "/home/ed/mcsema-testing/SANDBOX/test-2015-12-21_15-36-50/tools/timeit" 500 /dev/null Output/lists.llvm.o.compile \
	  /usr/bin/clang -I/home/ed/mcsema-testing/SANDBOX/test-2015-12-21_15-36-50/SingleSource/Benchmarks/Shootout -I/home/ed/mcsema-testing/llvm-test-suite/SingleSource/Benchmarks/Shootout -I/home/ed/mcsema-testing/llvm-test-suite/include -I../../../include -D_GNU_SOURCE -D__STDC_LIMIT_MACROS -DNDEBUG  -O3  -m64 -fomit-frame-pointer -c /home/ed/mcsema-testing/llvm-test-suite/SingleSource/Benchmarks/Shootout/lists.c -o Output/lists.llvm.o
cp Output/lists.llvm.o.compile.time Output/lists.simple.compile.time
/usr/bin/clang++ -o Output/lists.simple Output/lists.llvm.o -lm   -m64 -fomit-frame-pointer
/home/ed/mcsema-testing/llvm-test-suite/RunSafely.sh -t "/home/ed/mcsema-testing/SANDBOX/test-2015-12-21_15-36-50/tools/timeit-target" 500 /dev/null Output/lists.out-simple Output/lists.simple 
cp Output/lists.simple Output/lists.simple-hash; \
	strip --remove-section=.comment --remove-section='.note*' Output/lists.simple-hash; \
	/home/ed/mcsema-testing/llvm-test-suite/HashProgramOutput.sh Output/lists.simple-hash
if [ -f "/home/ed/mcsema-testing/llvm-test-suite/SingleSource/Benchmarks/Shootout/lists.reference_output.little-endian." ]; then \
	  cp /home/ed/mcsema-testing/llvm-test-suite/SingleSource/Benchmarks/Shootout/lists.reference_output.little-endian. Output/lists.out-nat; \
	elif [ -f "/home/ed/mcsema-testing/llvm-test-suite/SingleSource/Benchmarks/Shootout/lists.reference_output." ]; then \
	  cp /home/ed/mcsema-testing/llvm-test-suite/SingleSource/Benchmarks/Shootout/lists.reference_output. Output/lists.out-nat; \
	elif [ -f "/home/ed/mcsema-testing/llvm-test-suite/SingleSource/Benchmarks/Shootout/lists.reference_output.little-endian" ]; then \
	  cp /home/ed/mcsema-testing/llvm-test-suite/SingleSource/Benchmarks/Shootout/lists.reference_output.little-endian Output/lists.out-nat; \
	elif [ -f "/home/ed/mcsema-testing/llvm-test-suite/SingleSource/Benchmarks/Shootout/lists.reference_output" ]; then \
	  cp /home/ed/mcsema-testing/llvm-test-suite/SingleSource/Benchmarks/Shootout/lists.reference_output Output/lists.out-nat; \
	else \
	  printf "WARNING: %s: %s\n" "NO REFERENCE OUTPUT (using default)" "/home/ed/mcsema-testing/llvm-test-suite/SingleSource/Benchmarks/Shootout/lists.reference_output" > Output/lists.out-nat; \
	  cp /home/ed/mcsema-testing/llvm-test-suite/default.reference_output Output/lists.out-nat; \
	  cat Output/lists.out-nat; \
	fi
# Pretend that the reference output was produced instantaneously.
cp /home/ed/mcsema-testing/llvm-test-suite/instant.txt Output/lists.out-nat.time
/home/ed/mcsema-testing/llvm-test-suite/DiffOutput.sh "/home/ed/mcsema-testing/SANDBOX/test-2015-12-21_15-36-50/tools/fpcmp " simple lists 
rm -f Output/lists.exe-simple
cp Output/lists.diff-simple Output/lists.exe-simple
if test -f Output/lists.extra-results.txt; then \
	  /home/ed/mcsema-testing/llvm-test-suite/ParseMultipleResults /home/ed/mcsema-testing/SANDBOX/test-2015-12-21_15-36-50/SingleSource/Benchmarks/Shootout/lists Output/lists.extra-results.txt >> Output/lists.simple.exec.report.txt; \
	fi
cat Output/lists.simple.compile.report.txt Output/lists.simple.exec.report.txt >> Output/lists.simple.report.txt
---------------------------------------------------------------
>>> ========= '/home/ed/mcsema-testing/SANDBOX/test-2015-12-21_15-36-50/SingleSource/Benchmarks/Shootout/lists' Program
---------------------------------------------------------------

TEST-PASS: compile /home/ed/mcsema-testing/SANDBOX/test-2015-12-21_15-36-50/SingleSource/Benchmarks/Shootout/lists
TEST-RESULT-compile-success: pass
TEST-RESULT-compile-hash: 93f1eec5d2b3fbf474a799e9b3c1cdc4
TEST-RESULT-compile-time: user       0.0583
TEST-RESULT-compile-real-time: real       0.0741

TEST-PASS: exec /home/ed/mcsema-testing/SANDBOX/test-2015-12-21_15-36-50/SingleSource/Benchmarks/Shootout/lists
TEST-RESULT-exec-success: pass
TEST-RESULT-exec-time: user       4.8724
TEST-RESULT-exec-real-time: real       4.8811
/home/ed/mcsema-testing/llvm-test-suite/RunSafely.sh --show-errors -t "/home/ed/mcsema-testing/SANDBOX/test-2015-12-21_15-36-50/tools/timeit" 500 /dev/null Output/matrix.llvm.o.compile \
	  /usr/bin/clang -I/home/ed/mcsema-testing/SANDBOX/test-2015-12-21_15-36-50/SingleSource/Benchmarks/Shootout -I/home/ed/mcsema-testing/llvm-test-suite/SingleSource/Benchmarks/Shootout -I/home/ed/mcsema-testing/llvm-test-suite/include -I../../../include -D_GNU_SOURCE -D__STDC_LIMIT_MACROS -DNDEBUG  -O3  -m64 -fomit-frame-pointer -c /home/ed/mcsema-testing/llvm-test-suite/SingleSource/Benchmarks/Shootout/matrix.c -o Output/matrix.llvm.o
cp Output/matrix.llvm.o.compile.time Output/matrix.simple.compile.time
/usr/bin/clang++ -o Output/matrix.simple Output/matrix.llvm.o -lm   -m64 -fomit-frame-pointer
/home/ed/mcsema-testing/llvm-test-suite/RunSafely.sh -t "/home/ed/mcsema-testing/SANDBOX/test-2015-12-21_15-36-50/tools/timeit-target" 500 /dev/null Output/matrix.out-simple Output/matrix.simple 
cp Output/matrix.simple Output/matrix.simple-hash; \
	strip --remove-section=.comment --remove-section='.note*' Output/matrix.simple-hash; \
	/home/ed/mcsema-testing/llvm-test-suite/HashProgramOutput.sh Output/matrix.simple-hash
if [ -f "/home/ed/mcsema-testing/llvm-test-suite/SingleSource/Benchmarks/Shootout/matrix.reference_output.little-endian." ]; then \
	  cp /home/ed/mcsema-testing/llvm-test-suite/SingleSource/Benchmarks/Shootout/matrix.reference_output.little-endian. Output/matrix.out-nat; \
	elif [ -f "/home/ed/mcsema-testing/llvm-test-suite/SingleSource/Benchmarks/Shootout/matrix.reference_output." ]; then \
	  cp /home/ed/mcsema-testing/llvm-test-suite/SingleSource/Benchmarks/Shootout/matrix.reference_output. Output/matrix.out-nat; \
	elif [ -f "/home/ed/mcsema-testing/llvm-test-suite/SingleSource/Benchmarks/Shootout/matrix.reference_output.little-endian" ]; then \
	  cp /home/ed/mcsema-testing/llvm-test-suite/SingleSource/Benchmarks/Shootout/matrix.reference_output.little-endian Output/matrix.out-nat; \
	elif [ -f "/home/ed/mcsema-testing/llvm-test-suite/SingleSource/Benchmarks/Shootout/matrix.reference_output" ]; then \
	  cp /home/ed/mcsema-testing/llvm-test-suite/SingleSource/Benchmarks/Shootout/matrix.reference_output Output/matrix.out-nat; \
	else \
	  printf "WARNING: %s: %s\n" "NO REFERENCE OUTPUT (using default)" "/home/ed/mcsema-testing/llvm-test-suite/SingleSource/Benchmarks/Shootout/matrix.reference_output" > Output/matrix.out-nat; \
	  cp /home/ed/mcsema-testing/llvm-test-suite/default.reference_output Output/matrix.out-nat; \
	  cat Output/matrix.out-nat; \
	fi
# Pretend that the reference output was produced instantaneously.
cp /home/ed/mcsema-testing/llvm-test-suite/instant.txt Output/matrix.out-nat.time
/home/ed/mcsema-testing/llvm-test-suite/DiffOutput.sh "/home/ed/mcsema-testing/SANDBOX/test-2015-12-21_15-36-50/tools/fpcmp " simple matrix 
rm -f Output/matrix.exe-simple
cp Output/matrix.diff-simple Output/matrix.exe-simple
if test -f Output/matrix.extra-results.txt; then \
	  /home/ed/mcsema-testing/llvm-test-suite/ParseMultipleResults /home/ed/mcsema-testing/SANDBOX/test-2015-12-21_15-36-50/SingleSource/Benchmarks/Shootout/matrix Output/matrix.extra-results.txt >> Output/matrix.simple.exec.report.txt; \
	fi
cat Output/matrix.simple.compile.report.txt Output/matrix.simple.exec.report.txt >> Output/matrix.simple.report.txt
---------------------------------------------------------------
>>> ========= '/home/ed/mcsema-testing/SANDBOX/test-2015-12-21_15-36-50/SingleSource/Benchmarks/Shootout/matrix' Program
---------------------------------------------------------------

TEST-PASS: compile /home/ed/mcsema-testing/SANDBOX/test-2015-12-21_15-36-50/SingleSource/Benchmarks/Shootout/matrix
TEST-RESULT-compile-success: pass
TEST-RESULT-compile-hash: bf3d9f9cc3d090183ecfc3089335f548
TEST-RESULT-compile-time: user       0.0573
TEST-RESULT-compile-real-time: real       0.0723

TEST-PASS: exec /home/ed/mcsema-testing/SANDBOX/test-2015-12-21_15-36-50/SingleSource/Benchmarks/Shootout/matrix
TEST-RESULT-exec-success: pass
TEST-RESULT-exec-time: user       2.0094
TEST-RESULT-exec-real-time: real       2.0144
/home/ed/mcsema-testing/llvm-test-suite/RunSafely.sh --show-errors -t "/home/ed/mcsema-testing/SANDBOX/test-2015-12-21_15-36-50/tools/timeit" 500 /dev/null Output/methcall.llvm.o.compile \
	  /usr/bin/clang -I/home/ed/mcsema-testing/SANDBOX/test-2015-12-21_15-36-50/SingleSource/Benchmarks/Shootout -I/home/ed/mcsema-testing/llvm-test-suite/SingleSource/Benchmarks/Shootout -I/home/ed/mcsema-testing/llvm-test-suite/include -I../../../include -D_GNU_SOURCE -D__STDC_LIMIT_MACROS -DNDEBUG  -O3  -m64 -fomit-frame-pointer -c /home/ed/mcsema-testing/llvm-test-suite/SingleSource/Benchmarks/Shootout/methcall.c -o Output/methcall.llvm.o
cp Output/methcall.llvm.o.compile.time Output/methcall.simple.compile.time
/usr/bin/clang++ -o Output/methcall.simple Output/methcall.llvm.o -lm   -m64 -fomit-frame-pointer
/home/ed/mcsema-testing/llvm-test-suite/RunSafely.sh -t "/home/ed/mcsema-testing/SANDBOX/test-2015-12-21_15-36-50/tools/timeit-target" 500 /dev/null Output/methcall.out-simple Output/methcall.simple 
cp Output/methcall.simple Output/methcall.simple-hash; \
	strip --remove-section=.comment --remove-section='.note*' Output/methcall.simple-hash; \
	/home/ed/mcsema-testing/llvm-test-suite/HashProgramOutput.sh Output/methcall.simple-hash
if [ -f "/home/ed/mcsema-testing/llvm-test-suite/SingleSource/Benchmarks/Shootout/methcall.reference_output.little-endian." ]; then \
	  cp /home/ed/mcsema-testing/llvm-test-suite/SingleSource/Benchmarks/Shootout/methcall.reference_output.little-endian. Output/methcall.out-nat; \
	elif [ -f "/home/ed/mcsema-testing/llvm-test-suite/SingleSource/Benchmarks/Shootout/methcall.reference_output." ]; then \
	  cp /home/ed/mcsema-testing/llvm-test-suite/SingleSource/Benchmarks/Shootout/methcall.reference_output. Output/methcall.out-nat; \
	elif [ -f "/home/ed/mcsema-testing/llvm-test-suite/SingleSource/Benchmarks/Shootout/methcall.reference_output.little-endian" ]; then \
	  cp /home/ed/mcsema-testing/llvm-test-suite/SingleSource/Benchmarks/Shootout/methcall.reference_output.little-endian Output/methcall.out-nat; \
	elif [ -f "/home/ed/mcsema-testing/llvm-test-suite/SingleSource/Benchmarks/Shootout/methcall.reference_output" ]; then \
	  cp /home/ed/mcsema-testing/llvm-test-suite/SingleSource/Benchmarks/Shootout/methcall.reference_output Output/methcall.out-nat; \
	else \
	  printf "WARNING: %s: %s\n" "NO REFERENCE OUTPUT (using default)" "/home/ed/mcsema-testing/llvm-test-suite/SingleSource/Benchmarks/Shootout/methcall.reference_output" > Output/methcall.out-nat; \
	  cp /home/ed/mcsema-testing/llvm-test-suite/default.reference_output Output/methcall.out-nat; \
	  cat Output/methcall.out-nat; \
	fi
# Pretend that the reference output was produced instantaneously.
cp /home/ed/mcsema-testing/llvm-test-suite/instant.txt Output/methcall.out-nat.time
/home/ed/mcsema-testing/llvm-test-suite/DiffOutput.sh "/home/ed/mcsema-testing/SANDBOX/test-2015-12-21_15-36-50/tools/fpcmp " simple methcall 
rm -f Output/methcall.exe-simple
cp Output/methcall.diff-simple Output/methcall.exe-simple
if test -f Output/methcall.extra-results.txt; then \
	  /home/ed/mcsema-testing/llvm-test-suite/ParseMultipleResults /home/ed/mcsema-testing/SANDBOX/test-2015-12-21_15-36-50/SingleSource/Benchmarks/Shootout/methcall Output/methcall.extra-results.txt >> Output/methcall.simple.exec.report.txt; \
	fi
cat Output/methcall.simple.compile.report.txt Output/methcall.simple.exec.report.txt >> Output/methcall.simple.report.txt
---------------------------------------------------------------
>>> ========= '/home/ed/mcsema-testing/SANDBOX/test-2015-12-21_15-36-50/SingleSource/Benchmarks/Shootout/methcall' Program
---------------------------------------------------------------

TEST-PASS: compile /home/ed/mcsema-testing/SANDBOX/test-2015-12-21_15-36-50/SingleSource/Benchmarks/Shootout/methcall
TEST-RESULT-compile-success: pass
TEST-RESULT-compile-hash: 1a02999fe4ae811c1d21a8069692947e
TEST-RESULT-compile-time: user       0.0345
TEST-RESULT-compile-real-time: real       0.0492

TEST-PASS: exec /home/ed/mcsema-testing/SANDBOX/test-2015-12-21_15-36-50/SingleSource/Benchmarks/Shootout/methcall
TEST-RESULT-exec-success: pass
TEST-RESULT-exec-time: user       3.0385
TEST-RESULT-exec-real-time: real       3.0445
/home/ed/mcsema-testing/llvm-test-suite/RunSafely.sh --show-errors -t "/home/ed/mcsema-testing/SANDBOX/test-2015-12-21_15-36-50/tools/timeit" 500 /dev/null Output/nestedloop.llvm.o.compile \
	  /usr/bin/clang -I/home/ed/mcsema-testing/SANDBOX/test-2015-12-21_15-36-50/SingleSource/Benchmarks/Shootout -I/home/ed/mcsema-testing/llvm-test-suite/SingleSource/Benchmarks/Shootout -I/home/ed/mcsema-testing/llvm-test-suite/include -I../../../include -D_GNU_SOURCE -D__STDC_LIMIT_MACROS -DNDEBUG  -O3  -m64 -fomit-frame-pointer -c /home/ed/mcsema-testing/llvm-test-suite/SingleSource/Benchmarks/Shootout/nestedloop.c -o Output/nestedloop.llvm.o
cp Output/nestedloop.llvm.o.compile.time Output/nestedloop.simple.compile.time
/usr/bin/clang++ -o Output/nestedloop.simple Output/nestedloop.llvm.o -lm   -m64 -fomit-frame-pointer
/home/ed/mcsema-testing/llvm-test-suite/RunSafely.sh -t "/home/ed/mcsema-testing/SANDBOX/test-2015-12-21_15-36-50/tools/timeit-target" 500 /dev/null Output/nestedloop.out-simple Output/nestedloop.simple 
cp Output/nestedloop.simple Output/nestedloop.simple-hash; \
	strip --remove-section=.comment --remove-section='.note*' Output/nestedloop.simple-hash; \
	/home/ed/mcsema-testing/llvm-test-suite/HashProgramOutput.sh Output/nestedloop.simple-hash
if [ -f "/home/ed/mcsema-testing/llvm-test-suite/SingleSource/Benchmarks/Shootout/nestedloop.reference_output.little-endian." ]; then \
	  cp /home/ed/mcsema-testing/llvm-test-suite/SingleSource/Benchmarks/Shootout/nestedloop.reference_output.little-endian. Output/nestedloop.out-nat; \
	elif [ -f "/home/ed/mcsema-testing/llvm-test-suite/SingleSource/Benchmarks/Shootout/nestedloop.reference_output." ]; then \
	  cp /home/ed/mcsema-testing/llvm-test-suite/SingleSource/Benchmarks/Shootout/nestedloop.reference_output. Output/nestedloop.out-nat; \
	elif [ -f "/home/ed/mcsema-testing/llvm-test-suite/SingleSource/Benchmarks/Shootout/nestedloop.reference_output.little-endian" ]; then \
	  cp /home/ed/mcsema-testing/llvm-test-suite/SingleSource/Benchmarks/Shootout/nestedloop.reference_output.little-endian Output/nestedloop.out-nat; \
	elif [ -f "/home/ed/mcsema-testing/llvm-test-suite/SingleSource/Benchmarks/Shootout/nestedloop.reference_output" ]; then \
	  cp /home/ed/mcsema-testing/llvm-test-suite/SingleSource/Benchmarks/Shootout/nestedloop.reference_output Output/nestedloop.out-nat; \
	else \
	  printf "WARNING: %s: %s\n" "NO REFERENCE OUTPUT (using default)" "/home/ed/mcsema-testing/llvm-test-suite/SingleSource/Benchmarks/Shootout/nestedloop.reference_output" > Output/nestedloop.out-nat; \
	  cp /home/ed/mcsema-testing/llvm-test-suite/default.reference_output Output/nestedloop.out-nat; \
	  cat Output/nestedloop.out-nat; \
	fi
# Pretend that the reference output was produced instantaneously.
cp /home/ed/mcsema-testing/llvm-test-suite/instant.txt Output/nestedloop.out-nat.time
/home/ed/mcsema-testing/llvm-test-suite/DiffOutput.sh "/home/ed/mcsema-testing/SANDBOX/test-2015-12-21_15-36-50/tools/fpcmp " simple nestedloop 
rm -f Output/nestedloop.exe-simple
cp Output/nestedloop.diff-simple Output/nestedloop.exe-simple
if test -f Output/nestedloop.extra-results.txt; then \
	  /home/ed/mcsema-testing/llvm-test-suite/ParseMultipleResults /home/ed/mcsema-testing/SANDBOX/test-2015-12-21_15-36-50/SingleSource/Benchmarks/Shootout/nestedloop Output/nestedloop.extra-results.txt >> Output/nestedloop.simple.exec.report.txt; \
	fi
cat Output/nestedloop.simple.compile.report.txt Output/nestedloop.simple.exec.report.txt >> Output/nestedloop.simple.report.txt
---------------------------------------------------------------
>>> ========= '/home/ed/mcsema-testing/SANDBOX/test-2015-12-21_15-36-50/SingleSource/Benchmarks/Shootout/nestedloop' Program
---------------------------------------------------------------

TEST-PASS: compile /home/ed/mcsema-testing/SANDBOX/test-2015-12-21_15-36-50/SingleSource/Benchmarks/Shootout/nestedloop
TEST-RESULT-compile-success: pass
TEST-RESULT-compile-hash: 482f0e82908c5fd0ea9ae73d086d81af
TEST-RESULT-compile-time: user       0.0317
TEST-RESULT-compile-real-time: real       0.0460

TEST-PASS: exec /home/ed/mcsema-testing/SANDBOX/test-2015-12-21_15-36-50/SingleSource/Benchmarks/Shootout/nestedloop
TEST-RESULT-exec-success: pass
TEST-RESULT-exec-time: user       0.0338
TEST-RESULT-exec-real-time: real       0.0354
/home/ed/mcsema-testing/llvm-test-suite/RunSafely.sh --show-errors -t "/home/ed/mcsema-testing/SANDBOX/test-2015-12-21_15-36-50/tools/timeit" 500 /dev/null Output/objinst.llvm.o.compile \
	  /usr/bin/clang -I/home/ed/mcsema-testing/SANDBOX/test-2015-12-21_15-36-50/SingleSource/Benchmarks/Shootout -I/home/ed/mcsema-testing/llvm-test-suite/SingleSource/Benchmarks/Shootout -I/home/ed/mcsema-testing/llvm-test-suite/include -I../../../include -D_GNU_SOURCE -D__STDC_LIMIT_MACROS -DNDEBUG  -O3  -m64 -fomit-frame-pointer -c /home/ed/mcsema-testing/llvm-test-suite/SingleSource/Benchmarks/Shootout/objinst.c -o Output/objinst.llvm.o
cp Output/objinst.llvm.o.compile.time Output/objinst.simple.compile.time
/usr/bin/clang++ -o Output/objinst.simple Output/objinst.llvm.o -lm   -m64 -fomit-frame-pointer
/home/ed/mcsema-testing/llvm-test-suite/RunSafely.sh -t "/home/ed/mcsema-testing/SANDBOX/test-2015-12-21_15-36-50/tools/timeit-target" 500 /dev/null Output/objinst.out-simple Output/objinst.simple 
cp Output/objinst.simple Output/objinst.simple-hash; \
	strip --remove-section=.comment --remove-section='.note*' Output/objinst.simple-hash; \
	/home/ed/mcsema-testing/llvm-test-suite/HashProgramOutput.sh Output/objinst.simple-hash
if [ -f "/home/ed/mcsema-testing/llvm-test-suite/SingleSource/Benchmarks/Shootout/objinst.reference_output.little-endian." ]; then \
	  cp /home/ed/mcsema-testing/llvm-test-suite/SingleSource/Benchmarks/Shootout/objinst.reference_output.little-endian. Output/objinst.out-nat; \
	elif [ -f "/home/ed/mcsema-testing/llvm-test-suite/SingleSource/Benchmarks/Shootout/objinst.reference_output." ]; then \
	  cp /home/ed/mcsema-testing/llvm-test-suite/SingleSource/Benchmarks/Shootout/objinst.reference_output. Output/objinst.out-nat; \
	elif [ -f "/home/ed/mcsema-testing/llvm-test-suite/SingleSource/Benchmarks/Shootout/objinst.reference_output.little-endian" ]; then \
	  cp /home/ed/mcsema-testing/llvm-test-suite/SingleSource/Benchmarks/Shootout/objinst.reference_output.little-endian Output/objinst.out-nat; \
	elif [ -f "/home/ed/mcsema-testing/llvm-test-suite/SingleSource/Benchmarks/Shootout/objinst.reference_output" ]; then \
	  cp /home/ed/mcsema-testing/llvm-test-suite/SingleSource/Benchmarks/Shootout/objinst.reference_output Output/objinst.out-nat; \
	else \
	  printf "WARNING: %s: %s\n" "NO REFERENCE OUTPUT (using default)" "/home/ed/mcsema-testing/llvm-test-suite/SingleSource/Benchmarks/Shootout/objinst.reference_output" > Output/objinst.out-nat; \
	  cp /home/ed/mcsema-testing/llvm-test-suite/default.reference_output Output/objinst.out-nat; \
	  cat Output/objinst.out-nat; \
	fi
# Pretend that the reference output was produced instantaneously.
cp /home/ed/mcsema-testing/llvm-test-suite/instant.txt Output/objinst.out-nat.time
/home/ed/mcsema-testing/llvm-test-suite/DiffOutput.sh "/home/ed/mcsema-testing/SANDBOX/test-2015-12-21_15-36-50/tools/fpcmp " simple objinst 
rm -f Output/objinst.exe-simple
cp Output/objinst.diff-simple Output/objinst.exe-simple
if test -f Output/objinst.extra-results.txt; then \
	  /home/ed/mcsema-testing/llvm-test-suite/ParseMultipleResults /home/ed/mcsema-testing/SANDBOX/test-2015-12-21_15-36-50/SingleSource/Benchmarks/Shootout/objinst Output/objinst.extra-results.txt >> Output/objinst.simple.exec.report.txt; \
	fi
cat Output/objinst.simple.compile.report.txt Output/objinst.simple.exec.report.txt >> Output/objinst.simple.report.txt
---------------------------------------------------------------
>>> ========= '/home/ed/mcsema-testing/SANDBOX/test-2015-12-21_15-36-50/SingleSource/Benchmarks/Shootout/objinst' Program
---------------------------------------------------------------

TEST-PASS: compile /home/ed/mcsema-testing/SANDBOX/test-2015-12-21_15-36-50/SingleSource/Benchmarks/Shootout/objinst
TEST-RESULT-compile-success: pass
TEST-RESULT-compile-hash: edb0fece33431ad54453b6ae885471ae
TEST-RESULT-compile-time: user       0.0390
TEST-RESULT-compile-real-time: real       0.0535

TEST-PASS: exec /home/ed/mcsema-testing/SANDBOX/test-2015-12-21_15-36-50/SingleSource/Benchmarks/Shootout/objinst
TEST-RESULT-exec-success: pass
TEST-RESULT-exec-time: user       0.0008
TEST-RESULT-exec-real-time: real       0.0018
/home/ed/mcsema-testing/llvm-test-suite/RunSafely.sh --show-errors -t "/home/ed/mcsema-testing/SANDBOX/test-2015-12-21_15-36-50/tools/timeit" 500 /dev/null Output/random.llvm.o.compile \
	  /usr/bin/clang -I/home/ed/mcsema-testing/SANDBOX/test-2015-12-21_15-36-50/SingleSource/Benchmarks/Shootout -I/home/ed/mcsema-testing/llvm-test-suite/SingleSource/Benchmarks/Shootout -I/home/ed/mcsema-testing/llvm-test-suite/include -I../../../include -D_GNU_SOURCE -D__STDC_LIMIT_MACROS -DNDEBUG  -O3  -m64 -fomit-frame-pointer -c /home/ed/mcsema-testing/llvm-test-suite/SingleSource/Benchmarks/Shootout/random.c -o Output/random.llvm.o
cp Output/random.llvm.o.compile.time Output/random.simple.compile.time
/usr/bin/clang++ -o Output/random.simple Output/random.llvm.o -lm   -m64 -fomit-frame-pointer
/home/ed/mcsema-testing/llvm-test-suite/RunSafely.sh -t "/home/ed/mcsema-testing/SANDBOX/test-2015-12-21_15-36-50/tools/timeit-target" 500 /dev/null Output/random.out-simple Output/random.simple 
cp Output/random.simple Output/random.simple-hash; \
	strip --remove-section=.comment --remove-section='.note*' Output/random.simple-hash; \
	/home/ed/mcsema-testing/llvm-test-suite/HashProgramOutput.sh Output/random.simple-hash
if [ -f "/home/ed/mcsema-testing/llvm-test-suite/SingleSource/Benchmarks/Shootout/random.reference_output.little-endian." ]; then \
	  cp /home/ed/mcsema-testing/llvm-test-suite/SingleSource/Benchmarks/Shootout/random.reference_output.little-endian. Output/random.out-nat; \
	elif [ -f "/home/ed/mcsema-testing/llvm-test-suite/SingleSource/Benchmarks/Shootout/random.reference_output." ]; then \
	  cp /home/ed/mcsema-testing/llvm-test-suite/SingleSource/Benchmarks/Shootout/random.reference_output. Output/random.out-nat; \
	elif [ -f "/home/ed/mcsema-testing/llvm-test-suite/SingleSource/Benchmarks/Shootout/random.reference_output.little-endian" ]; then \
	  cp /home/ed/mcsema-testing/llvm-test-suite/SingleSource/Benchmarks/Shootout/random.reference_output.little-endian Output/random.out-nat; \
	elif [ -f "/home/ed/mcsema-testing/llvm-test-suite/SingleSource/Benchmarks/Shootout/random.reference_output" ]; then \
	  cp /home/ed/mcsema-testing/llvm-test-suite/SingleSource/Benchmarks/Shootout/random.reference_output Output/random.out-nat; \
	else \
	  printf "WARNING: %s: %s\n" "NO REFERENCE OUTPUT (using default)" "/home/ed/mcsema-testing/llvm-test-suite/SingleSource/Benchmarks/Shootout/random.reference_output" > Output/random.out-nat; \
	  cp /home/ed/mcsema-testing/llvm-test-suite/default.reference_output Output/random.out-nat; \
	  cat Output/random.out-nat; \
	fi
# Pretend that the reference output was produced instantaneously.
cp /home/ed/mcsema-testing/llvm-test-suite/instant.txt Output/random.out-nat.time
/home/ed/mcsema-testing/llvm-test-suite/DiffOutput.sh "/home/ed/mcsema-testing/SANDBOX/test-2015-12-21_15-36-50/tools/fpcmp " simple random 
rm -f Output/random.exe-simple
cp Output/random.diff-simple Output/random.exe-simple
if test -f Output/random.extra-results.txt; then \
	  /home/ed/mcsema-testing/llvm-test-suite/ParseMultipleResults /home/ed/mcsema-testing/SANDBOX/test-2015-12-21_15-36-50/SingleSource/Benchmarks/Shootout/random Output/random.extra-results.txt >> Output/random.simple.exec.report.txt; \
	fi
cat Output/random.simple.compile.report.txt Output/random.simple.exec.report.txt >> Output/random.simple.report.txt
---------------------------------------------------------------
>>> ========= '/home/ed/mcsema-testing/SANDBOX/test-2015-12-21_15-36-50/SingleSource/Benchmarks/Shootout/random' Program
---------------------------------------------------------------

TEST-PASS: compile /home/ed/mcsema-testing/SANDBOX/test-2015-12-21_15-36-50/SingleSource/Benchmarks/Shootout/random
TEST-RESULT-compile-success: pass
TEST-RESULT-compile-hash: 50af650b6775e596e9b5555ee63e544e
TEST-RESULT-compile-time: user       0.0360
TEST-RESULT-compile-real-time: real       0.0510

TEST-PASS: exec /home/ed/mcsema-testing/SANDBOX/test-2015-12-21_15-36-50/SingleSource/Benchmarks/Shootout/random
TEST-RESULT-exec-success: pass
TEST-RESULT-exec-time: user       2.5100
TEST-RESULT-exec-real-time: real       2.5146
/home/ed/mcsema-testing/llvm-test-suite/RunSafely.sh --show-errors -t "/home/ed/mcsema-testing/SANDBOX/test-2015-12-21_15-36-50/tools/timeit" 500 /dev/null Output/sieve.llvm.o.compile \
	  /usr/bin/clang -I/home/ed/mcsema-testing/SANDBOX/test-2015-12-21_15-36-50/SingleSource/Benchmarks/Shootout -I/home/ed/mcsema-testing/llvm-test-suite/SingleSource/Benchmarks/Shootout -I/home/ed/mcsema-testing/llvm-test-suite/include -I../../../include -D_GNU_SOURCE -D__STDC_LIMIT_MACROS -DNDEBUG  -O3  -m64 -fomit-frame-pointer -c /home/ed/mcsema-testing/llvm-test-suite/SingleSource/Benchmarks/Shootout/sieve.c -o Output/sieve.llvm.o
cp Output/sieve.llvm.o.compile.time Output/sieve.simple.compile.time
/usr/bin/clang++ -o Output/sieve.simple Output/sieve.llvm.o -lm   -m64 -fomit-frame-pointer
/home/ed/mcsema-testing/llvm-test-suite/RunSafely.sh -t "/home/ed/mcsema-testing/SANDBOX/test-2015-12-21_15-36-50/tools/timeit-target" 500 /dev/null Output/sieve.out-simple Output/sieve.simple 
cp Output/sieve.simple Output/sieve.simple-hash; \
	strip --remove-section=.comment --remove-section='.note*' Output/sieve.simple-hash; \
	/home/ed/mcsema-testing/llvm-test-suite/HashProgramOutput.sh Output/sieve.simple-hash
if [ -f "/home/ed/mcsema-testing/llvm-test-suite/SingleSource/Benchmarks/Shootout/sieve.reference_output.little-endian." ]; then \
	  cp /home/ed/mcsema-testing/llvm-test-suite/SingleSource/Benchmarks/Shootout/sieve.reference_output.little-endian. Output/sieve.out-nat; \
	elif [ -f "/home/ed/mcsema-testing/llvm-test-suite/SingleSource/Benchmarks/Shootout/sieve.reference_output." ]; then \
	  cp /home/ed/mcsema-testing/llvm-test-suite/SingleSource/Benchmarks/Shootout/sieve.reference_output. Output/sieve.out-nat; \
	elif [ -f "/home/ed/mcsema-testing/llvm-test-suite/SingleSource/Benchmarks/Shootout/sieve.reference_output.little-endian" ]; then \
	  cp /home/ed/mcsema-testing/llvm-test-suite/SingleSource/Benchmarks/Shootout/sieve.reference_output.little-endian Output/sieve.out-nat; \
	elif [ -f "/home/ed/mcsema-testing/llvm-test-suite/SingleSource/Benchmarks/Shootout/sieve.reference_output" ]; then \
	  cp /home/ed/mcsema-testing/llvm-test-suite/SingleSource/Benchmarks/Shootout/sieve.reference_output Output/sieve.out-nat; \
	else \
	  printf "WARNING: %s: %s\n" "NO REFERENCE OUTPUT (using default)" "/home/ed/mcsema-testing/llvm-test-suite/SingleSource/Benchmarks/Shootout/sieve.reference_output" > Output/sieve.out-nat; \
	  cp /home/ed/mcsema-testing/llvm-test-suite/default.reference_output Output/sieve.out-nat; \
	  cat Output/sieve.out-nat; \
	fi
# Pretend that the reference output was produced instantaneously.
cp /home/ed/mcsema-testing/llvm-test-suite/instant.txt Output/sieve.out-nat.time
/home/ed/mcsema-testing/llvm-test-suite/DiffOutput.sh "/home/ed/mcsema-testing/SANDBOX/test-2015-12-21_15-36-50/tools/fpcmp " simple sieve 
rm -f Output/sieve.exe-simple
cp Output/sieve.diff-simple Output/sieve.exe-simple
if test -f Output/sieve.extra-results.txt; then \
	  /home/ed/mcsema-testing/llvm-test-suite/ParseMultipleResults /home/ed/mcsema-testing/SANDBOX/test-2015-12-21_15-36-50/SingleSource/Benchmarks/Shootout/sieve Output/sieve.extra-results.txt >> Output/sieve.simple.exec.report.txt; \
	fi
cat Output/sieve.simple.compile.report.txt Output/sieve.simple.exec.report.txt >> Output/sieve.simple.report.txt
---------------------------------------------------------------
>>> ========= '/home/ed/mcsema-testing/SANDBOX/test-2015-12-21_15-36-50/SingleSource/Benchmarks/Shootout/sieve' Program
---------------------------------------------------------------

TEST-PASS: compile /home/ed/mcsema-testing/SANDBOX/test-2015-12-21_15-36-50/SingleSource/Benchmarks/Shootout/sieve
TEST-RESULT-compile-success: pass
TEST-RESULT-compile-hash: 2221b20d5f949efd0b9410bc60974813
TEST-RESULT-compile-time: user       0.0296
TEST-RESULT-compile-real-time: real       0.0446

TEST-PASS: exec /home/ed/mcsema-testing/SANDBOX/test-2015-12-21_15-36-50/SingleSource/Benchmarks/Shootout/sieve
TEST-RESULT-exec-success: pass
TEST-RESULT-exec-time: user       4.9325
TEST-RESULT-exec-real-time: real       4.9409
/home/ed/mcsema-testing/llvm-test-suite/RunSafely.sh --show-errors -t "/home/ed/mcsema-testing/SANDBOX/test-2015-12-21_15-36-50/tools/timeit" 500 /dev/null Output/strcat.llvm.o.compile \
	  /usr/bin/clang -I/home/ed/mcsema-testing/SANDBOX/test-2015-12-21_15-36-50/SingleSource/Benchmarks/Shootout -I/home/ed/mcsema-testing/llvm-test-suite/SingleSource/Benchmarks/Shootout -I/home/ed/mcsema-testing/llvm-test-suite/include -I../../../include -D_GNU_SOURCE -D__STDC_LIMIT_MACROS -DNDEBUG  -O3  -m64 -fomit-frame-pointer -c /home/ed/mcsema-testing/llvm-test-suite/SingleSource/Benchmarks/Shootout/strcat.c -o Output/strcat.llvm.o
cp Output/strcat.llvm.o.compile.time Output/strcat.simple.compile.time
/usr/bin/clang++ -o Output/strcat.simple Output/strcat.llvm.o -lm   -m64 -fomit-frame-pointer
/home/ed/mcsema-testing/llvm-test-suite/RunSafely.sh -t "/home/ed/mcsema-testing/SANDBOX/test-2015-12-21_15-36-50/tools/timeit-target" 500 /dev/null Output/strcat.out-simple Output/strcat.simple 
cp Output/strcat.simple Output/strcat.simple-hash; \
	strip --remove-section=.comment --remove-section='.note*' Output/strcat.simple-hash; \
	/home/ed/mcsema-testing/llvm-test-suite/HashProgramOutput.sh Output/strcat.simple-hash
if [ -f "/home/ed/mcsema-testing/llvm-test-suite/SingleSource/Benchmarks/Shootout/strcat.reference_output.little-endian." ]; then \
	  cp /home/ed/mcsema-testing/llvm-test-suite/SingleSource/Benchmarks/Shootout/strcat.reference_output.little-endian. Output/strcat.out-nat; \
	elif [ -f "/home/ed/mcsema-testing/llvm-test-suite/SingleSource/Benchmarks/Shootout/strcat.reference_output." ]; then \
	  cp /home/ed/mcsema-testing/llvm-test-suite/SingleSource/Benchmarks/Shootout/strcat.reference_output. Output/strcat.out-nat; \
	elif [ -f "/home/ed/mcsema-testing/llvm-test-suite/SingleSource/Benchmarks/Shootout/strcat.reference_output.little-endian" ]; then \
	  cp /home/ed/mcsema-testing/llvm-test-suite/SingleSource/Benchmarks/Shootout/strcat.reference_output.little-endian Output/strcat.out-nat; \
	elif [ -f "/home/ed/mcsema-testing/llvm-test-suite/SingleSource/Benchmarks/Shootout/strcat.reference_output" ]; then \
	  cp /home/ed/mcsema-testing/llvm-test-suite/SingleSource/Benchmarks/Shootout/strcat.reference_output Output/strcat.out-nat; \
	else \
	  printf "WARNING: %s: %s\n" "NO REFERENCE OUTPUT (using default)" "/home/ed/mcsema-testing/llvm-test-suite/SingleSource/Benchmarks/Shootout/strcat.reference_output" > Output/strcat.out-nat; \
	  cp /home/ed/mcsema-testing/llvm-test-suite/default.reference_output Output/strcat.out-nat; \
	  cat Output/strcat.out-nat; \
	fi
# Pretend that the reference output was produced instantaneously.
cp /home/ed/mcsema-testing/llvm-test-suite/instant.txt Output/strcat.out-nat.time
/home/ed/mcsema-testing/llvm-test-suite/DiffOutput.sh "/home/ed/mcsema-testing/SANDBOX/test-2015-12-21_15-36-50/tools/fpcmp " simple strcat 
rm -f Output/strcat.exe-simple
cp Output/strcat.diff-simple Output/strcat.exe-simple
if test -f Output/strcat.extra-results.txt; then \
	  /home/ed/mcsema-testing/llvm-test-suite/ParseMultipleResults /home/ed/mcsema-testing/SANDBOX/test-2015-12-21_15-36-50/SingleSource/Benchmarks/Shootout/strcat Output/strcat.extra-results.txt >> Output/strcat.simple.exec.report.txt; \
	fi
cat Output/strcat.simple.compile.report.txt Output/strcat.simple.exec.report.txt >> Output/strcat.simple.report.txt
---------------------------------------------------------------
>>> ========= '/home/ed/mcsema-testing/SANDBOX/test-2015-12-21_15-36-50/SingleSource/Benchmarks/Shootout/strcat' Program
---------------------------------------------------------------

TEST-PASS: compile /home/ed/mcsema-testing/SANDBOX/test-2015-12-21_15-36-50/SingleSource/Benchmarks/Shootout/strcat
TEST-RESULT-compile-success: pass
TEST-RESULT-compile-hash: cc3a0424e2745b52a24a92502c394bfe
TEST-RESULT-compile-time: user       0.0333
TEST-RESULT-compile-real-time: real       0.0485

TEST-PASS: exec /home/ed/mcsema-testing/SANDBOX/test-2015-12-21_15-36-50/SingleSource/Benchmarks/Shootout/strcat
TEST-RESULT-exec-success: pass
TEST-RESULT-exec-time: user       0.1147
TEST-RESULT-exec-real-time: real       0.1318
make[4]: Leaving directory `/home/ed/mcsema-testing/SANDBOX/test-2015-12-21_15-36-50/SingleSource/Benchmarks/Shootout'
make[4]: Entering directory `/home/ed/mcsema-testing/SANDBOX/test-2015-12-21_15-36-50/SingleSource/Benchmarks/Shootout-C++'
make[5]: Entering directory `/home/ed/mcsema-testing/SANDBOX/test-2015-12-21_15-36-50/SingleSource/Benchmarks/Shootout-C++/EH'
/home/ed/mcsema-testing/llvm-test-suite/RunSafely.sh --show-errors -t "/home/ed/mcsema-testing/SANDBOX/test-2015-12-21_15-36-50/tools/timeit" 500 /dev/null Output/except.llvm.o.compile \
	  /usr/bin/clang++ -I/home/ed/mcsema-testing/SANDBOX/test-2015-12-21_15-36-50/SingleSource/Benchmarks/Shootout-C++/EH -I/home/ed/mcsema-testing/llvm-test-suite/SingleSource/Benchmarks/Shootout-C++/EH -I/home/ed/mcsema-testing/llvm-test-suite/include -I../../../../include -D_GNU_SOURCE -D__STDC_LIMIT_MACROS -DNDEBUG  -O3  -m64 -fomit-frame-pointer -c /home/ed/mcsema-testing/llvm-test-suite/SingleSource/Benchmarks/Shootout-C++/EH/except.cpp -o Output/except.llvm.o
cp Output/except.llvm.o.compile.time Output/except.simple.compile.time
/usr/bin/clang++ -o Output/except.simple Output/except.llvm.o -lstdc++   -m64 -fomit-frame-pointer
/home/ed/mcsema-testing/llvm-test-suite/RunSafely.sh -t "/home/ed/mcsema-testing/SANDBOX/test-2015-12-21_15-36-50/tools/timeit-target" 500 /dev/null Output/except.out-simple Output/except.simple 
cp Output/except.simple Output/except.simple-hash; \
	strip --remove-section=.comment --remove-section='.note*' Output/except.simple-hash; \
	/home/ed/mcsema-testing/llvm-test-suite/HashProgramOutput.sh Output/except.simple-hash
if [ -f "/home/ed/mcsema-testing/llvm-test-suite/SingleSource/Benchmarks/Shootout-C++/EH/except.reference_output.little-endian." ]; then \
	  cp /home/ed/mcsema-testing/llvm-test-suite/SingleSource/Benchmarks/Shootout-C++/EH/except.reference_output.little-endian. Output/except.out-nat; \
	elif [ -f "/home/ed/mcsema-testing/llvm-test-suite/SingleSource/Benchmarks/Shootout-C++/EH/except.reference_output." ]; then \
	  cp /home/ed/mcsema-testing/llvm-test-suite/SingleSource/Benchmarks/Shootout-C++/EH/except.reference_output. Output/except.out-nat; \
	elif [ -f "/home/ed/mcsema-testing/llvm-test-suite/SingleSource/Benchmarks/Shootout-C++/EH/except.reference_output.little-endian" ]; then \
	  cp /home/ed/mcsema-testing/llvm-test-suite/SingleSource/Benchmarks/Shootout-C++/EH/except.reference_output.little-endian Output/except.out-nat; \
	elif [ -f "/home/ed/mcsema-testing/llvm-test-suite/SingleSource/Benchmarks/Shootout-C++/EH/except.reference_output" ]; then \
	  cp /home/ed/mcsema-testing/llvm-test-suite/SingleSource/Benchmarks/Shootout-C++/EH/except.reference_output Output/except.out-nat; \
	else \
	  printf "WARNING: %s: %s\n" "NO REFERENCE OUTPUT (using default)" "/home/ed/mcsema-testing/llvm-test-suite/SingleSource/Benchmarks/Shootout-C++/EH/except.reference_output" > Output/except.out-nat; \
	  cp /home/ed/mcsema-testing/llvm-test-suite/default.reference_output Output/except.out-nat; \
	  cat Output/except.out-nat; \
	fi
# Pretend that the reference output was produced instantaneously.
cp /home/ed/mcsema-testing/llvm-test-suite/instant.txt Output/except.out-nat.time
/home/ed/mcsema-testing/llvm-test-suite/DiffOutput.sh "/home/ed/mcsema-testing/SANDBOX/test-2015-12-21_15-36-50/tools/fpcmp " simple except 
rm -f Output/except.exe-simple
cp Output/except.diff-simple Output/except.exe-simple
if test -f Output/except.extra-results.txt; then \
	  /home/ed/mcsema-testing/llvm-test-suite/ParseMultipleResults /home/ed/mcsema-testing/SANDBOX/test-2015-12-21_15-36-50/SingleSource/Benchmarks/Shootout-C++/EH/except Output/except.extra-results.txt >> Output/except.simple.exec.report.txt; \
	fi
cat Output/except.simple.compile.report.txt Output/except.simple.exec.report.txt >> Output/except.simple.report.txt
---------------------------------------------------------------
>>> ========= '/home/ed/mcsema-testing/SANDBOX/test-2015-12-21_15-36-50/SingleSource/Benchmarks/Shootout-C++/EH/except' Program
---------------------------------------------------------------

TEST-PASS: compile /home/ed/mcsema-testing/SANDBOX/test-2015-12-21_15-36-50/SingleSource/Benchmarks/Shootout-C++/EH/except
TEST-RESULT-compile-success: pass
TEST-RESULT-compile-hash: d65d5248bd1899cd72a7f0baa5f06fe0
TEST-RESULT-compile-time: user       0.1761
TEST-RESULT-compile-real-time: real       0.2026

TEST-PASS: exec /home/ed/mcsema-testing/SANDBOX/test-2015-12-21_15-36-50/SingleSource/Benchmarks/Shootout-C++/EH/except
TEST-RESULT-exec-success: pass
TEST-RESULT-exec-time: user       0.1729
TEST-RESULT-exec-real-time: real       0.1743
make[5]: Leaving directory `/home/ed/mcsema-testing/SANDBOX/test-2015-12-21_15-36-50/SingleSource/Benchmarks/Shootout-C++/EH'
/home/ed/mcsema-testing/llvm-test-suite/RunSafely.sh --show-errors -t "/home/ed/mcsema-testing/SANDBOX/test-2015-12-21_15-36-50/tools/timeit" 500 /dev/null Output/ackermann.llvm.o.compile \
	  /usr/bin/clang++ -Wno-deprecated -I/home/ed/mcsema-testing/SANDBOX/test-2015-12-21_15-36-50/SingleSource/Benchmarks/Shootout-C++ -I/home/ed/mcsema-testing/llvm-test-suite/SingleSource/Benchmarks/Shootout-C++ -I/home/ed/mcsema-testing/llvm-test-suite/include -I../../../include -D_GNU_SOURCE -D__STDC_LIMIT_MACROS -DNDEBUG -Wno-deprecated -O3  -m64 -fomit-frame-pointer -c /home/ed/mcsema-testing/llvm-test-suite/SingleSource/Benchmarks/Shootout-C++/ackermann.cpp -o Output/ackermann.llvm.o
cp Output/ackermann.llvm.o.compile.time Output/ackermann.simple.compile.time
/usr/bin/clang++ -o Output/ackermann.simple Output/ackermann.llvm.o -lstdc++   -m64 -fomit-frame-pointer
/home/ed/mcsema-testing/llvm-test-suite/RunSafely.sh -t "/home/ed/mcsema-testing/SANDBOX/test-2015-12-21_15-36-50/tools/timeit-target" 500 /dev/null Output/ackermann.out-simple Output/ackermann.simple 
cp Output/ackermann.simple Output/ackermann.simple-hash; \
	strip --remove-section=.comment --remove-section='.note*' Output/ackermann.simple-hash; \
	/home/ed/mcsema-testing/llvm-test-suite/HashProgramOutput.sh Output/ackermann.simple-hash
if [ -f "/home/ed/mcsema-testing/llvm-test-suite/SingleSource/Benchmarks/Shootout-C++/ackermann.reference_output.little-endian." ]; then \
	  cp /home/ed/mcsema-testing/llvm-test-suite/SingleSource/Benchmarks/Shootout-C++/ackermann.reference_output.little-endian. Output/ackermann.out-nat; \
	elif [ -f "/home/ed/mcsema-testing/llvm-test-suite/SingleSource/Benchmarks/Shootout-C++/ackermann.reference_output." ]; then \
	  cp /home/ed/mcsema-testing/llvm-test-suite/SingleSource/Benchmarks/Shootout-C++/ackermann.reference_output. Output/ackermann.out-nat; \
	elif [ -f "/home/ed/mcsema-testing/llvm-test-suite/SingleSource/Benchmarks/Shootout-C++/ackermann.reference_output.little-endian" ]; then \
	  cp /home/ed/mcsema-testing/llvm-test-suite/SingleSource/Benchmarks/Shootout-C++/ackermann.reference_output.little-endian Output/ackermann.out-nat; \
	elif [ -f "/home/ed/mcsema-testing/llvm-test-suite/SingleSource/Benchmarks/Shootout-C++/ackermann.reference_output" ]; then \
	  cp /home/ed/mcsema-testing/llvm-test-suite/SingleSource/Benchmarks/Shootout-C++/ackermann.reference_output Output/ackermann.out-nat; \
	else \
	  printf "WARNING: %s: %s\n" "NO REFERENCE OUTPUT (using default)" "/home/ed/mcsema-testing/llvm-test-suite/SingleSource/Benchmarks/Shootout-C++/ackermann.reference_output" > Output/ackermann.out-nat; \
	  cp /home/ed/mcsema-testing/llvm-test-suite/default.reference_output Output/ackermann.out-nat; \
	  cat Output/ackermann.out-nat; \
	fi
# Pretend that the reference output was produced instantaneously.
cp /home/ed/mcsema-testing/llvm-test-suite/instant.txt Output/ackermann.out-nat.time
/home/ed/mcsema-testing/llvm-test-suite/DiffOutput.sh "/home/ed/mcsema-testing/SANDBOX/test-2015-12-21_15-36-50/tools/fpcmp  -r 0.00000001" simple ackermann 
rm -f Output/ackermann.exe-simple
cp Output/ackermann.diff-simple Output/ackermann.exe-simple
if test -f Output/ackermann.extra-results.txt; then \
	  /home/ed/mcsema-testing/llvm-test-suite/ParseMultipleResults /home/ed/mcsema-testing/SANDBOX/test-2015-12-21_15-36-50/SingleSource/Benchmarks/Shootout-C++/ackermann Output/ackermann.extra-results.txt >> Output/ackermann.simple.exec.report.txt; \
	fi
cat Output/ackermann.simple.compile.report.txt Output/ackermann.simple.exec.report.txt >> Output/ackermann.simple.report.txt
---------------------------------------------------------------
>>> ========= '/home/ed/mcsema-testing/SANDBOX/test-2015-12-21_15-36-50/SingleSource/Benchmarks/Shootout-C++/ackermann' Program
---------------------------------------------------------------

TEST-PASS: compile /home/ed/mcsema-testing/SANDBOX/test-2015-12-21_15-36-50/SingleSource/Benchmarks/Shootout-C++/ackermann
TEST-RESULT-compile-success: pass
TEST-RESULT-compile-hash: c948bb2b12189e76a2090df0f6757d65
TEST-RESULT-compile-time: user       0.1658
TEST-RESULT-compile-real-time: real       0.1917

TEST-PASS: exec /home/ed/mcsema-testing/SANDBOX/test-2015-12-21_15-36-50/SingleSource/Benchmarks/Shootout-C++/ackermann
TEST-RESULT-exec-success: pass
TEST-RESULT-exec-time: user       0.8573
TEST-RESULT-exec-real-time: real       0.8609
/home/ed/mcsema-testing/llvm-test-suite/RunSafely.sh --show-errors -t "/home/ed/mcsema-testing/SANDBOX/test-2015-12-21_15-36-50/tools/timeit" 500 /dev/null Output/ary2.llvm.o.compile \
	  /usr/bin/clang++ -Wno-deprecated -I/home/ed/mcsema-testing/SANDBOX/test-2015-12-21_15-36-50/SingleSource/Benchmarks/Shootout-C++ -I/home/ed/mcsema-testing/llvm-test-suite/SingleSource/Benchmarks/Shootout-C++ -I/home/ed/mcsema-testing/llvm-test-suite/include -I../../../include -D_GNU_SOURCE -D__STDC_LIMIT_MACROS -DNDEBUG -Wno-deprecated -O3  -m64 -fomit-frame-pointer -c /home/ed/mcsema-testing/llvm-test-suite/SingleSource/Benchmarks/Shootout-C++/ary2.cpp -o Output/ary2.llvm.o
cp Output/ary2.llvm.o.compile.time Output/ary2.simple.compile.time
/usr/bin/clang++ -o Output/ary2.simple Output/ary2.llvm.o -lstdc++   -m64 -fomit-frame-pointer
/home/ed/mcsema-testing/llvm-test-suite/RunSafely.sh -t "/home/ed/mcsema-testing/SANDBOX/test-2015-12-21_15-36-50/tools/timeit-target" 500 /dev/null Output/ary2.out-simple Output/ary2.simple 
cp Output/ary2.simple Output/ary2.simple-hash; \
	strip --remove-section=.comment --remove-section='.note*' Output/ary2.simple-hash; \
	/home/ed/mcsema-testing/llvm-test-suite/HashProgramOutput.sh Output/ary2.simple-hash
if [ -f "/home/ed/mcsema-testing/llvm-test-suite/SingleSource/Benchmarks/Shootout-C++/ary2.reference_output.little-endian." ]; then \
	  cp /home/ed/mcsema-testing/llvm-test-suite/SingleSource/Benchmarks/Shootout-C++/ary2.reference_output.little-endian. Output/ary2.out-nat; \
	elif [ -f "/home/ed/mcsema-testing/llvm-test-suite/SingleSource/Benchmarks/Shootout-C++/ary2.reference_output." ]; then \
	  cp /home/ed/mcsema-testing/llvm-test-suite/SingleSource/Benchmarks/Shootout-C++/ary2.reference_output. Output/ary2.out-nat; \
	elif [ -f "/home/ed/mcsema-testing/llvm-test-suite/SingleSource/Benchmarks/Shootout-C++/ary2.reference_output.little-endian" ]; then \
	  cp /home/ed/mcsema-testing/llvm-test-suite/SingleSource/Benchmarks/Shootout-C++/ary2.reference_output.little-endian Output/ary2.out-nat; \
	elif [ -f "/home/ed/mcsema-testing/llvm-test-suite/SingleSource/Benchmarks/Shootout-C++/ary2.reference_output" ]; then \
	  cp /home/ed/mcsema-testing/llvm-test-suite/SingleSource/Benchmarks/Shootout-C++/ary2.reference_output Output/ary2.out-nat; \
	else \
	  printf "WARNING: %s: %s\n" "NO REFERENCE OUTPUT (using default)" "/home/ed/mcsema-testing/llvm-test-suite/SingleSource/Benchmarks/Shootout-C++/ary2.reference_output" > Output/ary2.out-nat; \
	  cp /home/ed/mcsema-testing/llvm-test-suite/default.reference_output Output/ary2.out-nat; \
	  cat Output/ary2.out-nat; \
	fi
# Pretend that the reference output was produced instantaneously.
cp /home/ed/mcsema-testing/llvm-test-suite/instant.txt Output/ary2.out-nat.time
/home/ed/mcsema-testing/llvm-test-suite/DiffOutput.sh "/home/ed/mcsema-testing/SANDBOX/test-2015-12-21_15-36-50/tools/fpcmp  -r 0.00000001" simple ary2 
rm -f Output/ary2.exe-simple
cp Output/ary2.diff-simple Output/ary2.exe-simple
if test -f Output/ary2.extra-results.txt; then \
	  /home/ed/mcsema-testing/llvm-test-suite/ParseMultipleResults /home/ed/mcsema-testing/SANDBOX/test-2015-12-21_15-36-50/SingleSource/Benchmarks/Shootout-C++/ary2 Output/ary2.extra-results.txt >> Output/ary2.simple.exec.report.txt; \
	fi
cat Output/ary2.simple.compile.report.txt Output/ary2.simple.exec.report.txt >> Output/ary2.simple.report.txt
---------------------------------------------------------------
>>> ========= '/home/ed/mcsema-testing/SANDBOX/test-2015-12-21_15-36-50/SingleSource/Benchmarks/Shootout-C++/ary2' Program
---------------------------------------------------------------

TEST-PASS: compile /home/ed/mcsema-testing/SANDBOX/test-2015-12-21_15-36-50/SingleSource/Benchmarks/Shootout-C++/ary2
TEST-RESULT-compile-success: pass
TEST-RESULT-compile-hash: 9f05f50864bce7e4807e60b2d64a9c35
TEST-RESULT-compile-time: user       0.2031
TEST-RESULT-compile-real-time: real       0.2606

TEST-PASS: exec /home/ed/mcsema-testing/SANDBOX/test-2015-12-21_15-36-50/SingleSource/Benchmarks/Shootout-C++/ary2
TEST-RESULT-exec-success: pass
TEST-RESULT-exec-time: user       0.0302
TEST-RESULT-exec-real-time: real       0.0556
/home/ed/mcsema-testing/llvm-test-suite/RunSafely.sh --show-errors -t "/home/ed/mcsema-testing/SANDBOX/test-2015-12-21_15-36-50/tools/timeit" 500 /dev/null Output/ary3.llvm.o.compile \
	  /usr/bin/clang++ -Wno-deprecated -I/home/ed/mcsema-testing/SANDBOX/test-2015-12-21_15-36-50/SingleSource/Benchmarks/Shootout-C++ -I/home/ed/mcsema-testing/llvm-test-suite/SingleSource/Benchmarks/Shootout-C++ -I/home/ed/mcsema-testing/llvm-test-suite/include -I../../../include -D_GNU_SOURCE -D__STDC_LIMIT_MACROS -DNDEBUG -Wno-deprecated -O3  -m64 -fomit-frame-pointer -c /home/ed/mcsema-testing/llvm-test-suite/SingleSource/Benchmarks/Shootout-C++/ary3.cpp -o Output/ary3.llvm.o
cp Output/ary3.llvm.o.compile.time Output/ary3.simple.compile.time
/usr/bin/clang++ -o Output/ary3.simple Output/ary3.llvm.o -lstdc++   -m64 -fomit-frame-pointer
/home/ed/mcsema-testing/llvm-test-suite/RunSafely.sh -t "/home/ed/mcsema-testing/SANDBOX/test-2015-12-21_15-36-50/tools/timeit-target" 500 /dev/null Output/ary3.out-simple Output/ary3.simple 
cp Output/ary3.simple Output/ary3.simple-hash; \
	strip --remove-section=.comment --remove-section='.note*' Output/ary3.simple-hash; \
	/home/ed/mcsema-testing/llvm-test-suite/HashProgramOutput.sh Output/ary3.simple-hash
if [ -f "/home/ed/mcsema-testing/llvm-test-suite/SingleSource/Benchmarks/Shootout-C++/ary3.reference_output.little-endian." ]; then \
	  cp /home/ed/mcsema-testing/llvm-test-suite/SingleSource/Benchmarks/Shootout-C++/ary3.reference_output.little-endian. Output/ary3.out-nat; \
	elif [ -f "/home/ed/mcsema-testing/llvm-test-suite/SingleSource/Benchmarks/Shootout-C++/ary3.reference_output." ]; then \
	  cp /home/ed/mcsema-testing/llvm-test-suite/SingleSource/Benchmarks/Shootout-C++/ary3.reference_output. Output/ary3.out-nat; \
	elif [ -f "/home/ed/mcsema-testing/llvm-test-suite/SingleSource/Benchmarks/Shootout-C++/ary3.reference_output.little-endian" ]; then \
	  cp /home/ed/mcsema-testing/llvm-test-suite/SingleSource/Benchmarks/Shootout-C++/ary3.reference_output.little-endian Output/ary3.out-nat; \
	elif [ -f "/home/ed/mcsema-testing/llvm-test-suite/SingleSource/Benchmarks/Shootout-C++/ary3.reference_output" ]; then \
	  cp /home/ed/mcsema-testing/llvm-test-suite/SingleSource/Benchmarks/Shootout-C++/ary3.reference_output Output/ary3.out-nat; \
	else \
	  printf "WARNING: %s: %s\n" "NO REFERENCE OUTPUT (using default)" "/home/ed/mcsema-testing/llvm-test-suite/SingleSource/Benchmarks/Shootout-C++/ary3.reference_output" > Output/ary3.out-nat; \
	  cp /home/ed/mcsema-testing/llvm-test-suite/default.reference_output Output/ary3.out-nat; \
	  cat Output/ary3.out-nat; \
	fi
# Pretend that the reference output was produced instantaneously.
cp /home/ed/mcsema-testing/llvm-test-suite/instant.txt Output/ary3.out-nat.time
/home/ed/mcsema-testing/llvm-test-suite/DiffOutput.sh "/home/ed/mcsema-testing/SANDBOX/test-2015-12-21_15-36-50/tools/fpcmp  -r 0.00000001" simple ary3 
rm -f Output/ary3.exe-simple
cp Output/ary3.diff-simple Output/ary3.exe-simple
if test -f Output/ary3.extra-results.txt; then \
	  /home/ed/mcsema-testing/llvm-test-suite/ParseMultipleResults /home/ed/mcsema-testing/SANDBOX/test-2015-12-21_15-36-50/SingleSource/Benchmarks/Shootout-C++/ary3 Output/ary3.extra-results.txt >> Output/ary3.simple.exec.report.txt; \
	fi
cat Output/ary3.simple.compile.report.txt Output/ary3.simple.exec.report.txt >> Output/ary3.simple.report.txt
---------------------------------------------------------------
>>> ========= '/home/ed/mcsema-testing/SANDBOX/test-2015-12-21_15-36-50/SingleSource/Benchmarks/Shootout-C++/ary3' Program
---------------------------------------------------------------

TEST-PASS: compile /home/ed/mcsema-testing/SANDBOX/test-2015-12-21_15-36-50/SingleSource/Benchmarks/Shootout-C++/ary3
TEST-RESULT-compile-success: pass
TEST-RESULT-compile-hash: 094ec11a4717009981cecf18c57abf08
TEST-RESULT-compile-time: user       0.2061
TEST-RESULT-compile-real-time: real       0.2332

TEST-PASS: exec /home/ed/mcsema-testing/SANDBOX/test-2015-12-21_15-36-50/SingleSource/Benchmarks/Shootout-C++/ary3
TEST-RESULT-exec-success: pass
TEST-RESULT-exec-time: user       1.3493
TEST-RESULT-exec-real-time: real       1.3615
/home/ed/mcsema-testing/llvm-test-suite/RunSafely.sh --show-errors -t "/home/ed/mcsema-testing/SANDBOX/test-2015-12-21_15-36-50/tools/timeit" 500 /dev/null Output/ary.llvm.o.compile \
	  /usr/bin/clang++ -Wno-deprecated -I/home/ed/mcsema-testing/SANDBOX/test-2015-12-21_15-36-50/SingleSource/Benchmarks/Shootout-C++ -I/home/ed/mcsema-testing/llvm-test-suite/SingleSource/Benchmarks/Shootout-C++ -I/home/ed/mcsema-testing/llvm-test-suite/include -I../../../include -D_GNU_SOURCE -D__STDC_LIMIT_MACROS -DNDEBUG -Wno-deprecated -O3  -m64 -fomit-frame-pointer -c /home/ed/mcsema-testing/llvm-test-suite/SingleSource/Benchmarks/Shootout-C++/ary.cpp -o Output/ary.llvm.o
cp Output/ary.llvm.o.compile.time Output/ary.simple.compile.time
/usr/bin/clang++ -o Output/ary.simple Output/ary.llvm.o -lstdc++   -m64 -fomit-frame-pointer
/home/ed/mcsema-testing/llvm-test-suite/RunSafely.sh -t "/home/ed/mcsema-testing/SANDBOX/test-2015-12-21_15-36-50/tools/timeit-target" 500 /dev/null Output/ary.out-simple Output/ary.simple 
cp Output/ary.simple Output/ary.simple-hash; \
	strip --remove-section=.comment --remove-section='.note*' Output/ary.simple-hash; \
	/home/ed/mcsema-testing/llvm-test-suite/HashProgramOutput.sh Output/ary.simple-hash
if [ -f "/home/ed/mcsema-testing/llvm-test-suite/SingleSource/Benchmarks/Shootout-C++/ary.reference_output.little-endian." ]; then \
	  cp /home/ed/mcsema-testing/llvm-test-suite/SingleSource/Benchmarks/Shootout-C++/ary.reference_output.little-endian. Output/ary.out-nat; \
	elif [ -f "/home/ed/mcsema-testing/llvm-test-suite/SingleSource/Benchmarks/Shootout-C++/ary.reference_output." ]; then \
	  cp /home/ed/mcsema-testing/llvm-test-suite/SingleSource/Benchmarks/Shootout-C++/ary.reference_output. Output/ary.out-nat; \
	elif [ -f "/home/ed/mcsema-testing/llvm-test-suite/SingleSource/Benchmarks/Shootout-C++/ary.reference_output.little-endian" ]; then \
	  cp /home/ed/mcsema-testing/llvm-test-suite/SingleSource/Benchmarks/Shootout-C++/ary.reference_output.little-endian Output/ary.out-nat; \
	elif [ -f "/home/ed/mcsema-testing/llvm-test-suite/SingleSource/Benchmarks/Shootout-C++/ary.reference_output" ]; then \
	  cp /home/ed/mcsema-testing/llvm-test-suite/SingleSource/Benchmarks/Shootout-C++/ary.reference_output Output/ary.out-nat; \
	else \
	  printf "WARNING: %s: %s\n" "NO REFERENCE OUTPUT (using default)" "/home/ed/mcsema-testing/llvm-test-suite/SingleSource/Benchmarks/Shootout-C++/ary.reference_output" > Output/ary.out-nat; \
	  cp /home/ed/mcsema-testing/llvm-test-suite/default.reference_output Output/ary.out-nat; \
	  cat Output/ary.out-nat; \
	fi
# Pretend that the reference output was produced instantaneously.
cp /home/ed/mcsema-testing/llvm-test-suite/instant.txt Output/ary.out-nat.time
/home/ed/mcsema-testing/llvm-test-suite/DiffOutput.sh "/home/ed/mcsema-testing/SANDBOX/test-2015-12-21_15-36-50/tools/fpcmp  -r 0.00000001" simple ary 
rm -f Output/ary.exe-simple
cp Output/ary.diff-simple Output/ary.exe-simple
if test -f Output/ary.extra-results.txt; then \
	  /home/ed/mcsema-testing/llvm-test-suite/ParseMultipleResults /home/ed/mcsema-testing/SANDBOX/test-2015-12-21_15-36-50/SingleSource/Benchmarks/Shootout-C++/ary Output/ary.extra-results.txt >> Output/ary.simple.exec.report.txt; \
	fi
cat Output/ary.simple.compile.report.txt Output/ary.simple.exec.report.txt >> Output/ary.simple.report.txt
---------------------------------------------------------------
>>> ========= '/home/ed/mcsema-testing/SANDBOX/test-2015-12-21_15-36-50/SingleSource/Benchmarks/Shootout-C++/ary' Program
---------------------------------------------------------------

TEST-PASS: compile /home/ed/mcsema-testing/SANDBOX/test-2015-12-21_15-36-50/SingleSource/Benchmarks/Shootout-C++/ary
TEST-RESULT-compile-success: pass
TEST-RESULT-compile-hash: 14d36ca412bda590e2284705f9945b51
TEST-RESULT-compile-time: user       0.2055
TEST-RESULT-compile-real-time: real       0.2334

TEST-PASS: exec /home/ed/mcsema-testing/SANDBOX/test-2015-12-21_15-36-50/SingleSource/Benchmarks/Shootout-C++/ary
TEST-RESULT-exec-success: pass
TEST-RESULT-exec-time: user       0.0267
TEST-RESULT-exec-real-time: real       0.0524
/home/ed/mcsema-testing/llvm-test-suite/RunSafely.sh --show-errors -t "/home/ed/mcsema-testing/SANDBOX/test-2015-12-21_15-36-50/tools/timeit" 500 /dev/null Output/fibo.llvm.o.compile \
	  /usr/bin/clang++ -Wno-deprecated -I/home/ed/mcsema-testing/SANDBOX/test-2015-12-21_15-36-50/SingleSource/Benchmarks/Shootout-C++ -I/home/ed/mcsema-testing/llvm-test-suite/SingleSource/Benchmarks/Shootout-C++ -I/home/ed/mcsema-testing/llvm-test-suite/include -I../../../include -D_GNU_SOURCE -D__STDC_LIMIT_MACROS -DNDEBUG -Wno-deprecated -O3  -m64 -fomit-frame-pointer -c /home/ed/mcsema-testing/llvm-test-suite/SingleSource/Benchmarks/Shootout-C++/fibo.cpp -o Output/fibo.llvm.o
cp Output/fibo.llvm.o.compile.time Output/fibo.simple.compile.time
/usr/bin/clang++ -o Output/fibo.simple Output/fibo.llvm.o -lstdc++   -m64 -fomit-frame-pointer
/home/ed/mcsema-testing/llvm-test-suite/RunSafely.sh -t "/home/ed/mcsema-testing/SANDBOX/test-2015-12-21_15-36-50/tools/timeit-target" 500 /dev/null Output/fibo.out-simple Output/fibo.simple 
cp Output/fibo.simple Output/fibo.simple-hash; \
	strip --remove-section=.comment --remove-section='.note*' Output/fibo.simple-hash; \
	/home/ed/mcsema-testing/llvm-test-suite/HashProgramOutput.sh Output/fibo.simple-hash
if [ -f "/home/ed/mcsema-testing/llvm-test-suite/SingleSource/Benchmarks/Shootout-C++/fibo.reference_output.little-endian." ]; then \
	  cp /home/ed/mcsema-testing/llvm-test-suite/SingleSource/Benchmarks/Shootout-C++/fibo.reference_output.little-endian. Output/fibo.out-nat; \
	elif [ -f "/home/ed/mcsema-testing/llvm-test-suite/SingleSource/Benchmarks/Shootout-C++/fibo.reference_output." ]; then \
	  cp /home/ed/mcsema-testing/llvm-test-suite/SingleSource/Benchmarks/Shootout-C++/fibo.reference_output. Output/fibo.out-nat; \
	elif [ -f "/home/ed/mcsema-testing/llvm-test-suite/SingleSource/Benchmarks/Shootout-C++/fibo.reference_output.little-endian" ]; then \
	  cp /home/ed/mcsema-testing/llvm-test-suite/SingleSource/Benchmarks/Shootout-C++/fibo.reference_output.little-endian Output/fibo.out-nat; \
	elif [ -f "/home/ed/mcsema-testing/llvm-test-suite/SingleSource/Benchmarks/Shootout-C++/fibo.reference_output" ]; then \
	  cp /home/ed/mcsema-testing/llvm-test-suite/SingleSource/Benchmarks/Shootout-C++/fibo.reference_output Output/fibo.out-nat; \
	else \
	  printf "WARNING: %s: %s\n" "NO REFERENCE OUTPUT (using default)" "/home/ed/mcsema-testing/llvm-test-suite/SingleSource/Benchmarks/Shootout-C++/fibo.reference_output" > Output/fibo.out-nat; \
	  cp /home/ed/mcsema-testing/llvm-test-suite/default.reference_output Output/fibo.out-nat; \
	  cat Output/fibo.out-nat; \
	fi
# Pretend that the reference output was produced instantaneously.
cp /home/ed/mcsema-testing/llvm-test-suite/instant.txt Output/fibo.out-nat.time
/home/ed/mcsema-testing/llvm-test-suite/DiffOutput.sh "/home/ed/mcsema-testing/SANDBOX/test-2015-12-21_15-36-50/tools/fpcmp  -r 0.00000001" simple fibo 
rm -f Output/fibo.exe-simple
cp Output/fibo.diff-simple Output/fibo.exe-simple
if test -f Output/fibo.extra-results.txt; then \
	  /home/ed/mcsema-testing/llvm-test-suite/ParseMultipleResults /home/ed/mcsema-testing/SANDBOX/test-2015-12-21_15-36-50/SingleSource/Benchmarks/Shootout-C++/fibo Output/fibo.extra-results.txt >> Output/fibo.simple.exec.report.txt; \
	fi
cat Output/fibo.simple.compile.report.txt Output/fibo.simple.exec.report.txt >> Output/fibo.simple.report.txt
---------------------------------------------------------------
>>> ========= '/home/ed/mcsema-testing/SANDBOX/test-2015-12-21_15-36-50/SingleSource/Benchmarks/Shootout-C++/fibo' Program
---------------------------------------------------------------

TEST-PASS: compile /home/ed/mcsema-testing/SANDBOX/test-2015-12-21_15-36-50/SingleSource/Benchmarks/Shootout-C++/fibo
TEST-RESULT-compile-success: pass
TEST-RESULT-compile-hash: ebf43d445f5d2b25e4defac323078f32
TEST-RESULT-compile-time: user       0.1604
TEST-RESULT-compile-real-time: real       0.1854

TEST-PASS: exec /home/ed/mcsema-testing/SANDBOX/test-2015-12-21_15-36-50/SingleSource/Benchmarks/Shootout-C++/fibo
TEST-RESULT-exec-success: pass
TEST-RESULT-exec-time: user       1.9306
TEST-RESULT-exec-real-time: real       1.9352
/home/ed/mcsema-testing/llvm-test-suite/RunSafely.sh --show-errors -t "/home/ed/mcsema-testing/SANDBOX/test-2015-12-21_15-36-50/tools/timeit" 500 /dev/null Output/hash2.llvm.o.compile \
	  /usr/bin/clang++ -Wno-deprecated -I/home/ed/mcsema-testing/SANDBOX/test-2015-12-21_15-36-50/SingleSource/Benchmarks/Shootout-C++ -I/home/ed/mcsema-testing/llvm-test-suite/SingleSource/Benchmarks/Shootout-C++ -I/home/ed/mcsema-testing/llvm-test-suite/include -I../../../include -D_GNU_SOURCE -D__STDC_LIMIT_MACROS -DNDEBUG -Wno-deprecated -O3  -m64 -fomit-frame-pointer -c /home/ed/mcsema-testing/llvm-test-suite/SingleSource/Benchmarks/Shootout-C++/hash2.cpp -o Output/hash2.llvm.o
cp Output/hash2.llvm.o.compile.time Output/hash2.simple.compile.time
/usr/bin/clang++ -o Output/hash2.simple Output/hash2.llvm.o -lstdc++   -m64 -fomit-frame-pointer
/home/ed/mcsema-testing/llvm-test-suite/RunSafely.sh -t "/home/ed/mcsema-testing/SANDBOX/test-2015-12-21_15-36-50/tools/timeit-target" 500 /dev/null Output/hash2.out-simple Output/hash2.simple 
cp Output/hash2.simple Output/hash2.simple-hash; \
	strip --remove-section=.comment --remove-section='.note*' Output/hash2.simple-hash; \
	/home/ed/mcsema-testing/llvm-test-suite/HashProgramOutput.sh Output/hash2.simple-hash
if [ -f "/home/ed/mcsema-testing/llvm-test-suite/SingleSource/Benchmarks/Shootout-C++/hash2.reference_output.little-endian." ]; then \
	  cp /home/ed/mcsema-testing/llvm-test-suite/SingleSource/Benchmarks/Shootout-C++/hash2.reference_output.little-endian. Output/hash2.out-nat; \
	elif [ -f "/home/ed/mcsema-testing/llvm-test-suite/SingleSource/Benchmarks/Shootout-C++/hash2.reference_output." ]; then \
	  cp /home/ed/mcsema-testing/llvm-test-suite/SingleSource/Benchmarks/Shootout-C++/hash2.reference_output. Output/hash2.out-nat; \
	elif [ -f "/home/ed/mcsema-testing/llvm-test-suite/SingleSource/Benchmarks/Shootout-C++/hash2.reference_output.little-endian" ]; then \
	  cp /home/ed/mcsema-testing/llvm-test-suite/SingleSource/Benchmarks/Shootout-C++/hash2.reference_output.little-endian Output/hash2.out-nat; \
	elif [ -f "/home/ed/mcsema-testing/llvm-test-suite/SingleSource/Benchmarks/Shootout-C++/hash2.reference_output" ]; then \
	  cp /home/ed/mcsema-testing/llvm-test-suite/SingleSource/Benchmarks/Shootout-C++/hash2.reference_output Output/hash2.out-nat; \
	else \
	  printf "WARNING: %s: %s\n" "NO REFERENCE OUTPUT (using default)" "/home/ed/mcsema-testing/llvm-test-suite/SingleSource/Benchmarks/Shootout-C++/hash2.reference_output" > Output/hash2.out-nat; \
	  cp /home/ed/mcsema-testing/llvm-test-suite/default.reference_output Output/hash2.out-nat; \
	  cat Output/hash2.out-nat; \
	fi
# Pretend that the reference output was produced instantaneously.
cp /home/ed/mcsema-testing/llvm-test-suite/instant.txt Output/hash2.out-nat.time
/home/ed/mcsema-testing/llvm-test-suite/DiffOutput.sh "/home/ed/mcsema-testing/SANDBOX/test-2015-12-21_15-36-50/tools/fpcmp  -r 0.00000001" simple hash2 
rm -f Output/hash2.exe-simple
cp Output/hash2.diff-simple Output/hash2.exe-simple
if test -f Output/hash2.extra-results.txt; then \
	  /home/ed/mcsema-testing/llvm-test-suite/ParseMultipleResults /home/ed/mcsema-testing/SANDBOX/test-2015-12-21_15-36-50/SingleSource/Benchmarks/Shootout-C++/hash2 Output/hash2.extra-results.txt >> Output/hash2.simple.exec.report.txt; \
	fi
cat Output/hash2.simple.compile.report.txt Output/hash2.simple.exec.report.txt >> Output/hash2.simple.report.txt
---------------------------------------------------------------
>>> ========= '/home/ed/mcsema-testing/SANDBOX/test-2015-12-21_15-36-50/SingleSource/Benchmarks/Shootout-C++/hash2' Program
---------------------------------------------------------------

TEST-PASS: compile /home/ed/mcsema-testing/SANDBOX/test-2015-12-21_15-36-50/SingleSource/Benchmarks/Shootout-C++/hash2
TEST-RESULT-compile-success: pass
TEST-RESULT-compile-hash: 08ca394f2b881726bbd0a306bf2a0c70
TEST-RESULT-compile-time: user       0.3268
TEST-RESULT-compile-real-time: real       0.5485

TEST-PASS: exec /home/ed/mcsema-testing/SANDBOX/test-2015-12-21_15-36-50/SingleSource/Benchmarks/Shootout-C++/hash2
TEST-RESULT-exec-success: pass
TEST-RESULT-exec-time: user       2.2399
TEST-RESULT-exec-real-time: real       2.2462
/home/ed/mcsema-testing/llvm-test-suite/RunSafely.sh --show-errors -t "/home/ed/mcsema-testing/SANDBOX/test-2015-12-21_15-36-50/tools/timeit" 500 /dev/null Output/hash.llvm.o.compile \
	  /usr/bin/clang++ -Wno-deprecated -I/home/ed/mcsema-testing/SANDBOX/test-2015-12-21_15-36-50/SingleSource/Benchmarks/Shootout-C++ -I/home/ed/mcsema-testing/llvm-test-suite/SingleSource/Benchmarks/Shootout-C++ -I/home/ed/mcsema-testing/llvm-test-suite/include -I../../../include -D_GNU_SOURCE -D__STDC_LIMIT_MACROS -DNDEBUG -Wno-deprecated -O3  -m64 -fomit-frame-pointer -c /home/ed/mcsema-testing/llvm-test-suite/SingleSource/Benchmarks/Shootout-C++/hash.cpp -o Output/hash.llvm.o
cp Output/hash.llvm.o.compile.time Output/hash.simple.compile.time
/usr/bin/clang++ -o Output/hash.simple Output/hash.llvm.o -lstdc++   -m64 -fomit-frame-pointer
/home/ed/mcsema-testing/llvm-test-suite/RunSafely.sh -t "/home/ed/mcsema-testing/SANDBOX/test-2015-12-21_15-36-50/tools/timeit-target" 500 /dev/null Output/hash.out-simple Output/hash.simple 
cp Output/hash.simple Output/hash.simple-hash; \
	strip --remove-section=.comment --remove-section='.note*' Output/hash.simple-hash; \
	/home/ed/mcsema-testing/llvm-test-suite/HashProgramOutput.sh Output/hash.simple-hash
if [ -f "/home/ed/mcsema-testing/llvm-test-suite/SingleSource/Benchmarks/Shootout-C++/hash.reference_output.little-endian." ]; then \
	  cp /home/ed/mcsema-testing/llvm-test-suite/SingleSource/Benchmarks/Shootout-C++/hash.reference_output.little-endian. Output/hash.out-nat; \
	elif [ -f "/home/ed/mcsema-testing/llvm-test-suite/SingleSource/Benchmarks/Shootout-C++/hash.reference_output." ]; then \
	  cp /home/ed/mcsema-testing/llvm-test-suite/SingleSource/Benchmarks/Shootout-C++/hash.reference_output. Output/hash.out-nat; \
	elif [ -f "/home/ed/mcsema-testing/llvm-test-suite/SingleSource/Benchmarks/Shootout-C++/hash.reference_output.little-endian" ]; then \
	  cp /home/ed/mcsema-testing/llvm-test-suite/SingleSource/Benchmarks/Shootout-C++/hash.reference_output.little-endian Output/hash.out-nat; \
	elif [ -f "/home/ed/mcsema-testing/llvm-test-suite/SingleSource/Benchmarks/Shootout-C++/hash.reference_output" ]; then \
	  cp /home/ed/mcsema-testing/llvm-test-suite/SingleSource/Benchmarks/Shootout-C++/hash.reference_output Output/hash.out-nat; \
	else \
	  printf "WARNING: %s: %s\n" "NO REFERENCE OUTPUT (using default)" "/home/ed/mcsema-testing/llvm-test-suite/SingleSource/Benchmarks/Shootout-C++/hash.reference_output" > Output/hash.out-nat; \
	  cp /home/ed/mcsema-testing/llvm-test-suite/default.reference_output Output/hash.out-nat; \
	  cat Output/hash.out-nat; \
	fi
# Pretend that the reference output was produced instantaneously.
cp /home/ed/mcsema-testing/llvm-test-suite/instant.txt Output/hash.out-nat.time
/home/ed/mcsema-testing/llvm-test-suite/DiffOutput.sh "/home/ed/mcsema-testing/SANDBOX/test-2015-12-21_15-36-50/tools/fpcmp  -r 0.00000001" simple hash 
rm -f Output/hash.exe-simple
cp Output/hash.diff-simple Output/hash.exe-simple
if test -f Output/hash.extra-results.txt; then \
	  /home/ed/mcsema-testing/llvm-test-suite/ParseMultipleResults /home/ed/mcsema-testing/SANDBOX/test-2015-12-21_15-36-50/SingleSource/Benchmarks/Shootout-C++/hash Output/hash.extra-results.txt >> Output/hash.simple.exec.report.txt; \
	fi
cat Output/hash.simple.compile.report.txt Output/hash.simple.exec.report.txt >> Output/hash.simple.report.txt
---------------------------------------------------------------
>>> ========= '/home/ed/mcsema-testing/SANDBOX/test-2015-12-21_15-36-50/SingleSource/Benchmarks/Shootout-C++/hash' Program
---------------------------------------------------------------

TEST-PASS: compile /home/ed/mcsema-testing/SANDBOX/test-2015-12-21_15-36-50/SingleSource/Benchmarks/Shootout-C++/hash
TEST-RESULT-compile-success: pass
TEST-RESULT-compile-hash: 4275b585292eaf59d783c0eba6ac2901
TEST-RESULT-compile-time: user       0.3062
TEST-RESULT-compile-real-time: real       0.3396

TEST-PASS: exec /home/ed/mcsema-testing/SANDBOX/test-2015-12-21_15-36-50/SingleSource/Benchmarks/Shootout-C++/hash
TEST-RESULT-exec-success: pass
TEST-RESULT-exec-time: user       0.4474
TEST-RESULT-exec-real-time: real       0.4858
/home/ed/mcsema-testing/llvm-test-suite/RunSafely.sh --show-errors -t "/home/ed/mcsema-testing/SANDBOX/test-2015-12-21_15-36-50/tools/timeit" 500 /dev/null Output/heapsort.llvm.o.compile \
	  /usr/bin/clang++ -Wno-deprecated -I/home/ed/mcsema-testing/SANDBOX/test-2015-12-21_15-36-50/SingleSource/Benchmarks/Shootout-C++ -I/home/ed/mcsema-testing/llvm-test-suite/SingleSource/Benchmarks/Shootout-C++ -I/home/ed/mcsema-testing/llvm-test-suite/include -I../../../include -D_GNU_SOURCE -D__STDC_LIMIT_MACROS -DNDEBUG -Wno-deprecated -O3  -m64 -fomit-frame-pointer -c /home/ed/mcsema-testing/llvm-test-suite/SingleSource/Benchmarks/Shootout-C++/heapsort.cpp -o Output/heapsort.llvm.o
cp Output/heapsort.llvm.o.compile.time Output/heapsort.simple.compile.time
/usr/bin/clang++ -o Output/heapsort.simple Output/heapsort.llvm.o -lstdc++   -m64 -fomit-frame-pointer
/home/ed/mcsema-testing/llvm-test-suite/RunSafely.sh -t "/home/ed/mcsema-testing/SANDBOX/test-2015-12-21_15-36-50/tools/timeit-target" 500 /dev/null Output/heapsort.out-simple Output/heapsort.simple 
cp Output/heapsort.simple Output/heapsort.simple-hash; \
	strip --remove-section=.comment --remove-section='.note*' Output/heapsort.simple-hash; \
	/home/ed/mcsema-testing/llvm-test-suite/HashProgramOutput.sh Output/heapsort.simple-hash
if [ -f "/home/ed/mcsema-testing/llvm-test-suite/SingleSource/Benchmarks/Shootout-C++/heapsort.reference_output.little-endian." ]; then \
	  cp /home/ed/mcsema-testing/llvm-test-suite/SingleSource/Benchmarks/Shootout-C++/heapsort.reference_output.little-endian. Output/heapsort.out-nat; \
	elif [ -f "/home/ed/mcsema-testing/llvm-test-suite/SingleSource/Benchmarks/Shootout-C++/heapsort.reference_output." ]; then \
	  cp /home/ed/mcsema-testing/llvm-test-suite/SingleSource/Benchmarks/Shootout-C++/heapsort.reference_output. Output/heapsort.out-nat; \
	elif [ -f "/home/ed/mcsema-testing/llvm-test-suite/SingleSource/Benchmarks/Shootout-C++/heapsort.reference_output.little-endian" ]; then \
	  cp /home/ed/mcsema-testing/llvm-test-suite/SingleSource/Benchmarks/Shootout-C++/heapsort.reference_output.little-endian Output/heapsort.out-nat; \
	elif [ -f "/home/ed/mcsema-testing/llvm-test-suite/SingleSource/Benchmarks/Shootout-C++/heapsort.reference_output" ]; then \
	  cp /home/ed/mcsema-testing/llvm-test-suite/SingleSource/Benchmarks/Shootout-C++/heapsort.reference_output Output/heapsort.out-nat; \
	else \
	  printf "WARNING: %s: %s\n" "NO REFERENCE OUTPUT (using default)" "/home/ed/mcsema-testing/llvm-test-suite/SingleSource/Benchmarks/Shootout-C++/heapsort.reference_output" > Output/heapsort.out-nat; \
	  cp /home/ed/mcsema-testing/llvm-test-suite/default.reference_output Output/heapsort.out-nat; \
	  cat Output/heapsort.out-nat; \
	fi
# Pretend that the reference output was produced instantaneously.
cp /home/ed/mcsema-testing/llvm-test-suite/instant.txt Output/heapsort.out-nat.time
/home/ed/mcsema-testing/llvm-test-suite/DiffOutput.sh "/home/ed/mcsema-testing/SANDBOX/test-2015-12-21_15-36-50/tools/fpcmp  -r 0.00000001" simple heapsort 
rm -f Output/heapsort.exe-simple
cp Output/heapsort.diff-simple Output/heapsort.exe-simple
if test -f Output/heapsort.extra-results.txt; then \
	  /home/ed/mcsema-testing/llvm-test-suite/ParseMultipleResults /home/ed/mcsema-testing/SANDBOX/test-2015-12-21_15-36-50/SingleSource/Benchmarks/Shootout-C++/heapsort Output/heapsort.extra-results.txt >> Output/heapsort.simple.exec.report.txt; \
	fi
cat Output/heapsort.simple.compile.report.txt Output/heapsort.simple.exec.report.txt >> Output/heapsort.simple.report.txt
---------------------------------------------------------------
>>> ========= '/home/ed/mcsema-testing/SANDBOX/test-2015-12-21_15-36-50/SingleSource/Benchmarks/Shootout-C++/heapsort' Program
---------------------------------------------------------------

TEST-PASS: compile /home/ed/mcsema-testing/SANDBOX/test-2015-12-21_15-36-50/SingleSource/Benchmarks/Shootout-C++/heapsort
TEST-RESULT-compile-success: pass
TEST-RESULT-compile-hash: 5655425b2a93f53bc50f6ad04b612e2f
TEST-RESULT-compile-time: user       0.1792
TEST-RESULT-compile-real-time: real       0.2059

TEST-PASS: exec /home/ed/mcsema-testing/SANDBOX/test-2015-12-21_15-36-50/SingleSource/Benchmarks/Shootout-C++/heapsort
TEST-RESULT-exec-success: pass
TEST-RESULT-exec-time: user       2.6150
TEST-RESULT-exec-real-time: real       2.6425
/home/ed/mcsema-testing/llvm-test-suite/RunSafely.sh --show-errors -t "/home/ed/mcsema-testing/SANDBOX/test-2015-12-21_15-36-50/tools/timeit" 500 /dev/null Output/hello.llvm.o.compile \
	  /usr/bin/clang++ -Wno-deprecated -I/home/ed/mcsema-testing/SANDBOX/test-2015-12-21_15-36-50/SingleSource/Benchmarks/Shootout-C++ -I/home/ed/mcsema-testing/llvm-test-suite/SingleSource/Benchmarks/Shootout-C++ -I/home/ed/mcsema-testing/llvm-test-suite/include -I../../../include -D_GNU_SOURCE -D__STDC_LIMIT_MACROS -DNDEBUG -Wno-deprecated -O3  -m64 -fomit-frame-pointer -c /home/ed/mcsema-testing/llvm-test-suite/SingleSource/Benchmarks/Shootout-C++/hello.cpp -o Output/hello.llvm.o
cp Output/hello.llvm.o.compile.time Output/hello.simple.compile.time
/usr/bin/clang++ -o Output/hello.simple Output/hello.llvm.o -lstdc++   -m64 -fomit-frame-pointer
/home/ed/mcsema-testing/llvm-test-suite/RunSafely.sh -t "/home/ed/mcsema-testing/SANDBOX/test-2015-12-21_15-36-50/tools/timeit-target" 500 /dev/null Output/hello.out-simple Output/hello.simple 
cp Output/hello.simple Output/hello.simple-hash; \
	strip --remove-section=.comment --remove-section='.note*' Output/hello.simple-hash; \
	/home/ed/mcsema-testing/llvm-test-suite/HashProgramOutput.sh Output/hello.simple-hash
if [ -f "/home/ed/mcsema-testing/llvm-test-suite/SingleSource/Benchmarks/Shootout-C++/hello.reference_output.little-endian." ]; then \
	  cp /home/ed/mcsema-testing/llvm-test-suite/SingleSource/Benchmarks/Shootout-C++/hello.reference_output.little-endian. Output/hello.out-nat; \
	elif [ -f "/home/ed/mcsema-testing/llvm-test-suite/SingleSource/Benchmarks/Shootout-C++/hello.reference_output." ]; then \
	  cp /home/ed/mcsema-testing/llvm-test-suite/SingleSource/Benchmarks/Shootout-C++/hello.reference_output. Output/hello.out-nat; \
	elif [ -f "/home/ed/mcsema-testing/llvm-test-suite/SingleSource/Benchmarks/Shootout-C++/hello.reference_output.little-endian" ]; then \
	  cp /home/ed/mcsema-testing/llvm-test-suite/SingleSource/Benchmarks/Shootout-C++/hello.reference_output.little-endian Output/hello.out-nat; \
	elif [ -f "/home/ed/mcsema-testing/llvm-test-suite/SingleSource/Benchmarks/Shootout-C++/hello.reference_output" ]; then \
	  cp /home/ed/mcsema-testing/llvm-test-suite/SingleSource/Benchmarks/Shootout-C++/hello.reference_output Output/hello.out-nat; \
	else \
	  printf "WARNING: %s: %s\n" "NO REFERENCE OUTPUT (using default)" "/home/ed/mcsema-testing/llvm-test-suite/SingleSource/Benchmarks/Shootout-C++/hello.reference_output" > Output/hello.out-nat; \
	  cp /home/ed/mcsema-testing/llvm-test-suite/default.reference_output Output/hello.out-nat; \
	  cat Output/hello.out-nat; \
	fi
# Pretend that the reference output was produced instantaneously.
cp /home/ed/mcsema-testing/llvm-test-suite/instant.txt Output/hello.out-nat.time
/home/ed/mcsema-testing/llvm-test-suite/DiffOutput.sh "/home/ed/mcsema-testing/SANDBOX/test-2015-12-21_15-36-50/tools/fpcmp  -r 0.00000001" simple hello 
rm -f Output/hello.exe-simple
cp Output/hello.diff-simple Output/hello.exe-simple
if test -f Output/hello.extra-results.txt; then \
	  /home/ed/mcsema-testing/llvm-test-suite/ParseMultipleResults /home/ed/mcsema-testing/SANDBOX/test-2015-12-21_15-36-50/SingleSource/Benchmarks/Shootout-C++/hello Output/hello.extra-results.txt >> Output/hello.simple.exec.report.txt; \
	fi
cat Output/hello.simple.compile.report.txt Output/hello.simple.exec.report.txt >> Output/hello.simple.report.txt
---------------------------------------------------------------
>>> ========= '/home/ed/mcsema-testing/SANDBOX/test-2015-12-21_15-36-50/SingleSource/Benchmarks/Shootout-C++/hello' Program
---------------------------------------------------------------

TEST-PASS: compile /home/ed/mcsema-testing/SANDBOX/test-2015-12-21_15-36-50/SingleSource/Benchmarks/Shootout-C++/hello
TEST-RESULT-compile-success: pass
TEST-RESULT-compile-hash: 119542f3033220af8b74974533c2c71b
TEST-RESULT-compile-time: user       0.1574
TEST-RESULT-compile-real-time: real       0.1826

TEST-PASS: exec /home/ed/mcsema-testing/SANDBOX/test-2015-12-21_15-36-50/SingleSource/Benchmarks/Shootout-C++/hello
TEST-RESULT-exec-success: pass
TEST-RESULT-exec-time: user       0.0009
TEST-RESULT-exec-real-time: real       0.0017
/home/ed/mcsema-testing/llvm-test-suite/RunSafely.sh --show-errors -t "/home/ed/mcsema-testing/SANDBOX/test-2015-12-21_15-36-50/tools/timeit" 500 /dev/null Output/lists1.llvm.o.compile \
	  /usr/bin/clang++ -Wno-deprecated -I/home/ed/mcsema-testing/SANDBOX/test-2015-12-21_15-36-50/SingleSource/Benchmarks/Shootout-C++ -I/home/ed/mcsema-testing/llvm-test-suite/SingleSource/Benchmarks/Shootout-C++ -I/home/ed/mcsema-testing/llvm-test-suite/include -I../../../include -D_GNU_SOURCE -D__STDC_LIMIT_MACROS -DNDEBUG -Wno-deprecated -O3  -m64 -fomit-frame-pointer -c /home/ed/mcsema-testing/llvm-test-suite/SingleSource/Benchmarks/Shootout-C++/lists1.cpp -o Output/lists1.llvm.o
cp Output/lists1.llvm.o.compile.time Output/lists1.simple.compile.time
/usr/bin/clang++ -o Output/lists1.simple Output/lists1.llvm.o -lstdc++   -m64 -fomit-frame-pointer
/home/ed/mcsema-testing/llvm-test-suite/RunSafely.sh -t "/home/ed/mcsema-testing/SANDBOX/test-2015-12-21_15-36-50/tools/timeit-target" 500 /dev/null Output/lists1.out-simple Output/lists1.simple 
cp Output/lists1.simple Output/lists1.simple-hash; \
	strip --remove-section=.comment --remove-section='.note*' Output/lists1.simple-hash; \
	/home/ed/mcsema-testing/llvm-test-suite/HashProgramOutput.sh Output/lists1.simple-hash
if [ -f "/home/ed/mcsema-testing/llvm-test-suite/SingleSource/Benchmarks/Shootout-C++/lists1.reference_output.little-endian." ]; then \
	  cp /home/ed/mcsema-testing/llvm-test-suite/SingleSource/Benchmarks/Shootout-C++/lists1.reference_output.little-endian. Output/lists1.out-nat; \
	elif [ -f "/home/ed/mcsema-testing/llvm-test-suite/SingleSource/Benchmarks/Shootout-C++/lists1.reference_output." ]; then \
	  cp /home/ed/mcsema-testing/llvm-test-suite/SingleSource/Benchmarks/Shootout-C++/lists1.reference_output. Output/lists1.out-nat; \
	elif [ -f "/home/ed/mcsema-testing/llvm-test-suite/SingleSource/Benchmarks/Shootout-C++/lists1.reference_output.little-endian" ]; then \
	  cp /home/ed/mcsema-testing/llvm-test-suite/SingleSource/Benchmarks/Shootout-C++/lists1.reference_output.little-endian Output/lists1.out-nat; \
	elif [ -f "/home/ed/mcsema-testing/llvm-test-suite/SingleSource/Benchmarks/Shootout-C++/lists1.reference_output" ]; then \
	  cp /home/ed/mcsema-testing/llvm-test-suite/SingleSource/Benchmarks/Shootout-C++/lists1.reference_output Output/lists1.out-nat; \
	else \
	  printf "WARNING: %s: %s\n" "NO REFERENCE OUTPUT (using default)" "/home/ed/mcsema-testing/llvm-test-suite/SingleSource/Benchmarks/Shootout-C++/lists1.reference_output" > Output/lists1.out-nat; \
	  cp /home/ed/mcsema-testing/llvm-test-suite/default.reference_output Output/lists1.out-nat; \
	  cat Output/lists1.out-nat; \
	fi
# Pretend that the reference output was produced instantaneously.
cp /home/ed/mcsema-testing/llvm-test-suite/instant.txt Output/lists1.out-nat.time
/home/ed/mcsema-testing/llvm-test-suite/DiffOutput.sh "/home/ed/mcsema-testing/SANDBOX/test-2015-12-21_15-36-50/tools/fpcmp  -r 0.00000001" simple lists1 
rm -f Output/lists1.exe-simple
cp Output/lists1.diff-simple Output/lists1.exe-simple
if test -f Output/lists1.extra-results.txt; then \
	  /home/ed/mcsema-testing/llvm-test-suite/ParseMultipleResults /home/ed/mcsema-testing/SANDBOX/test-2015-12-21_15-36-50/SingleSource/Benchmarks/Shootout-C++/lists1 Output/lists1.extra-results.txt >> Output/lists1.simple.exec.report.txt; \
	fi
cat Output/lists1.simple.compile.report.txt Output/lists1.simple.exec.report.txt >> Output/lists1.simple.report.txt
---------------------------------------------------------------
>>> ========= '/home/ed/mcsema-testing/SANDBOX/test-2015-12-21_15-36-50/SingleSource/Benchmarks/Shootout-C++/lists1' Program
---------------------------------------------------------------

TEST-PASS: compile /home/ed/mcsema-testing/SANDBOX/test-2015-12-21_15-36-50/SingleSource/Benchmarks/Shootout-C++/lists1
TEST-RESULT-compile-success: pass
TEST-RESULT-compile-hash: e4b1076b0823de04ad821acf86096b2a
TEST-RESULT-compile-time: user       0.2454
TEST-RESULT-compile-real-time: real       0.2989

TEST-PASS: exec /home/ed/mcsema-testing/SANDBOX/test-2015-12-21_15-36-50/SingleSource/Benchmarks/Shootout-C++/lists1
TEST-RESULT-exec-success: pass
TEST-RESULT-exec-time: user       0.2003
TEST-RESULT-exec-real-time: real       0.2292
/home/ed/mcsema-testing/llvm-test-suite/RunSafely.sh --show-errors -t "/home/ed/mcsema-testing/SANDBOX/test-2015-12-21_15-36-50/tools/timeit" 500 /dev/null Output/lists.llvm.o.compile \
	  /usr/bin/clang++ -Wno-deprecated -I/home/ed/mcsema-testing/SANDBOX/test-2015-12-21_15-36-50/SingleSource/Benchmarks/Shootout-C++ -I/home/ed/mcsema-testing/llvm-test-suite/SingleSource/Benchmarks/Shootout-C++ -I/home/ed/mcsema-testing/llvm-test-suite/include -I../../../include -D_GNU_SOURCE -D__STDC_LIMIT_MACROS -DNDEBUG -Wno-deprecated -O3  -m64 -fomit-frame-pointer -c /home/ed/mcsema-testing/llvm-test-suite/SingleSource/Benchmarks/Shootout-C++/lists.cpp -o Output/lists.llvm.o
cp Output/lists.llvm.o.compile.time Output/lists.simple.compile.time
/usr/bin/clang++ -o Output/lists.simple Output/lists.llvm.o -lstdc++   -m64 -fomit-frame-pointer
/home/ed/mcsema-testing/llvm-test-suite/RunSafely.sh -t "/home/ed/mcsema-testing/SANDBOX/test-2015-12-21_15-36-50/tools/timeit-target" 500 /dev/null Output/lists.out-simple Output/lists.simple 
cp Output/lists.simple Output/lists.simple-hash; \
	strip --remove-section=.comment --remove-section='.note*' Output/lists.simple-hash; \
	/home/ed/mcsema-testing/llvm-test-suite/HashProgramOutput.sh Output/lists.simple-hash
if [ -f "/home/ed/mcsema-testing/llvm-test-suite/SingleSource/Benchmarks/Shootout-C++/lists.reference_output.little-endian." ]; then \
	  cp /home/ed/mcsema-testing/llvm-test-suite/SingleSource/Benchmarks/Shootout-C++/lists.reference_output.little-endian. Output/lists.out-nat; \
	elif [ -f "/home/ed/mcsema-testing/llvm-test-suite/SingleSource/Benchmarks/Shootout-C++/lists.reference_output." ]; then \
	  cp /home/ed/mcsema-testing/llvm-test-suite/SingleSource/Benchmarks/Shootout-C++/lists.reference_output. Output/lists.out-nat; \
	elif [ -f "/home/ed/mcsema-testing/llvm-test-suite/SingleSource/Benchmarks/Shootout-C++/lists.reference_output.little-endian" ]; then \
	  cp /home/ed/mcsema-testing/llvm-test-suite/SingleSource/Benchmarks/Shootout-C++/lists.reference_output.little-endian Output/lists.out-nat; \
	elif [ -f "/home/ed/mcsema-testing/llvm-test-suite/SingleSource/Benchmarks/Shootout-C++/lists.reference_output" ]; then \
	  cp /home/ed/mcsema-testing/llvm-test-suite/SingleSource/Benchmarks/Shootout-C++/lists.reference_output Output/lists.out-nat; \
	else \
	  printf "WARNING: %s: %s\n" "NO REFERENCE OUTPUT (using default)" "/home/ed/mcsema-testing/llvm-test-suite/SingleSource/Benchmarks/Shootout-C++/lists.reference_output" > Output/lists.out-nat; \
	  cp /home/ed/mcsema-testing/llvm-test-suite/default.reference_output Output/lists.out-nat; \
	  cat Output/lists.out-nat; \
	fi
# Pretend that the reference output was produced instantaneously.
cp /home/ed/mcsema-testing/llvm-test-suite/instant.txt Output/lists.out-nat.time
/home/ed/mcsema-testing/llvm-test-suite/DiffOutput.sh "/home/ed/mcsema-testing/SANDBOX/test-2015-12-21_15-36-50/tools/fpcmp  -r 0.00000001" simple lists 
rm -f Output/lists.exe-simple
cp Output/lists.diff-simple Output/lists.exe-simple
if test -f Output/lists.extra-results.txt; then \
	  /home/ed/mcsema-testing/llvm-test-suite/ParseMultipleResults /home/ed/mcsema-testing/SANDBOX/test-2015-12-21_15-36-50/SingleSource/Benchmarks/Shootout-C++/lists Output/lists.extra-results.txt >> Output/lists.simple.exec.report.txt; \
	fi
cat Output/lists.simple.compile.report.txt Output/lists.simple.exec.report.txt >> Output/lists.simple.report.txt
---------------------------------------------------------------
>>> ========= '/home/ed/mcsema-testing/SANDBOX/test-2015-12-21_15-36-50/SingleSource/Benchmarks/Shootout-C++/lists' Program
---------------------------------------------------------------

TEST-PASS: compile /home/ed/mcsema-testing/SANDBOX/test-2015-12-21_15-36-50/SingleSource/Benchmarks/Shootout-C++/lists
TEST-RESULT-compile-success: pass
TEST-RESULT-compile-hash: 32c95e7bea346f27d4a73f2cbe612a26
TEST-RESULT-compile-time: user       0.2071
TEST-RESULT-compile-real-time: real       0.2347

TEST-PASS: exec /home/ed/mcsema-testing/SANDBOX/test-2015-12-21_15-36-50/SingleSource/Benchmarks/Shootout-C++/lists
TEST-RESULT-exec-success: pass
TEST-RESULT-exec-time: user       4.0359
TEST-RESULT-exec-real-time: real       4.0445
/home/ed/mcsema-testing/llvm-test-suite/RunSafely.sh --show-errors -t "/home/ed/mcsema-testing/SANDBOX/test-2015-12-21_15-36-50/tools/timeit" 500 /dev/null Output/matrix.llvm.o.compile \
	  /usr/bin/clang++ -Wno-deprecated -I/home/ed/mcsema-testing/SANDBOX/test-2015-12-21_15-36-50/SingleSource/Benchmarks/Shootout-C++ -I/home/ed/mcsema-testing/llvm-test-suite/SingleSource/Benchmarks/Shootout-C++ -I/home/ed/mcsema-testing/llvm-test-suite/include -I../../../include -D_GNU_SOURCE -D__STDC_LIMIT_MACROS -DNDEBUG -Wno-deprecated -O3  -m64 -fomit-frame-pointer -c /home/ed/mcsema-testing/llvm-test-suite/SingleSource/Benchmarks/Shootout-C++/matrix.cpp -o Output/matrix.llvm.o
cp Output/matrix.llvm.o.compile.time Output/matrix.simple.compile.time
/usr/bin/clang++ -o Output/matrix.simple Output/matrix.llvm.o -lstdc++   -m64 -fomit-frame-pointer
/home/ed/mcsema-testing/llvm-test-suite/RunSafely.sh -t "/home/ed/mcsema-testing/SANDBOX/test-2015-12-21_15-36-50/tools/timeit-target" 500 /dev/null Output/matrix.out-simple Output/matrix.simple 
cp Output/matrix.simple Output/matrix.simple-hash; \
	strip --remove-section=.comment --remove-section='.note*' Output/matrix.simple-hash; \
	/home/ed/mcsema-testing/llvm-test-suite/HashProgramOutput.sh Output/matrix.simple-hash
if [ -f "/home/ed/mcsema-testing/llvm-test-suite/SingleSource/Benchmarks/Shootout-C++/matrix.reference_output.little-endian." ]; then \
	  cp /home/ed/mcsema-testing/llvm-test-suite/SingleSource/Benchmarks/Shootout-C++/matrix.reference_output.little-endian. Output/matrix.out-nat; \
	elif [ -f "/home/ed/mcsema-testing/llvm-test-suite/SingleSource/Benchmarks/Shootout-C++/matrix.reference_output." ]; then \
	  cp /home/ed/mcsema-testing/llvm-test-suite/SingleSource/Benchmarks/Shootout-C++/matrix.reference_output. Output/matrix.out-nat; \
	elif [ -f "/home/ed/mcsema-testing/llvm-test-suite/SingleSource/Benchmarks/Shootout-C++/matrix.reference_output.little-endian" ]; then \
	  cp /home/ed/mcsema-testing/llvm-test-suite/SingleSource/Benchmarks/Shootout-C++/matrix.reference_output.little-endian Output/matrix.out-nat; \
	elif [ -f "/home/ed/mcsema-testing/llvm-test-suite/SingleSource/Benchmarks/Shootout-C++/matrix.reference_output" ]; then \
	  cp /home/ed/mcsema-testing/llvm-test-suite/SingleSource/Benchmarks/Shootout-C++/matrix.reference_output Output/matrix.out-nat; \
	else \
	  printf "WARNING: %s: %s\n" "NO REFERENCE OUTPUT (using default)" "/home/ed/mcsema-testing/llvm-test-suite/SingleSource/Benchmarks/Shootout-C++/matrix.reference_output" > Output/matrix.out-nat; \
	  cp /home/ed/mcsema-testing/llvm-test-suite/default.reference_output Output/matrix.out-nat; \
	  cat Output/matrix.out-nat; \
	fi
# Pretend that the reference output was produced instantaneously.
cp /home/ed/mcsema-testing/llvm-test-suite/instant.txt Output/matrix.out-nat.time
/home/ed/mcsema-testing/llvm-test-suite/DiffOutput.sh "/home/ed/mcsema-testing/SANDBOX/test-2015-12-21_15-36-50/tools/fpcmp  -r 0.00000001" simple matrix 
rm -f Output/matrix.exe-simple
cp Output/matrix.diff-simple Output/matrix.exe-simple
if test -f Output/matrix.extra-results.txt; then \
	  /home/ed/mcsema-testing/llvm-test-suite/ParseMultipleResults /home/ed/mcsema-testing/SANDBOX/test-2015-12-21_15-36-50/SingleSource/Benchmarks/Shootout-C++/matrix Output/matrix.extra-results.txt >> Output/matrix.simple.exec.report.txt; \
	fi
cat Output/matrix.simple.compile.report.txt Output/matrix.simple.exec.report.txt >> Output/matrix.simple.report.txt
---------------------------------------------------------------
>>> ========= '/home/ed/mcsema-testing/SANDBOX/test-2015-12-21_15-36-50/SingleSource/Benchmarks/Shootout-C++/matrix' Program
---------------------------------------------------------------

TEST-PASS: compile /home/ed/mcsema-testing/SANDBOX/test-2015-12-21_15-36-50/SingleSource/Benchmarks/Shootout-C++/matrix
TEST-RESULT-compile-success: pass
TEST-RESULT-compile-hash: 7849d993d7590bfb0447200a4c7b58d5
TEST-RESULT-compile-time: user       0.1891
TEST-RESULT-compile-real-time: real       0.2162

TEST-PASS: exec /home/ed/mcsema-testing/SANDBOX/test-2015-12-21_15-36-50/SingleSource/Benchmarks/Shootout-C++/matrix
TEST-RESULT-exec-success: pass
TEST-RESULT-exec-time: user       2.2937
TEST-RESULT-exec-real-time: real       2.2993
/home/ed/mcsema-testing/llvm-test-suite/RunSafely.sh --show-errors -t "/home/ed/mcsema-testing/SANDBOX/test-2015-12-21_15-36-50/tools/timeit" 500 /dev/null Output/methcall.llvm.o.compile \
	  /usr/bin/clang++ -Wno-deprecated -I/home/ed/mcsema-testing/SANDBOX/test-2015-12-21_15-36-50/SingleSource/Benchmarks/Shootout-C++ -I/home/ed/mcsema-testing/llvm-test-suite/SingleSource/Benchmarks/Shootout-C++ -I/home/ed/mcsema-testing/llvm-test-suite/include -I../../../include -D_GNU_SOURCE -D__STDC_LIMIT_MACROS -DNDEBUG -Wno-deprecated -O3  -m64 -fomit-frame-pointer -c /home/ed/mcsema-testing/llvm-test-suite/SingleSource/Benchmarks/Shootout-C++/methcall.cpp -o Output/methcall.llvm.o
cp Output/methcall.llvm.o.compile.time Output/methcall.simple.compile.time
/usr/bin/clang++ -o Output/methcall.simple Output/methcall.llvm.o -lstdc++   -m64 -fomit-frame-pointer
/home/ed/mcsema-testing/llvm-test-suite/RunSafely.sh -t "/home/ed/mcsema-testing/SANDBOX/test-2015-12-21_15-36-50/tools/timeit-target" 500 /dev/null Output/methcall.out-simple Output/methcall.simple 
cp Output/methcall.simple Output/methcall.simple-hash; \
	strip --remove-section=.comment --remove-section='.note*' Output/methcall.simple-hash; \
	/home/ed/mcsema-testing/llvm-test-suite/HashProgramOutput.sh Output/methcall.simple-hash
if [ -f "/home/ed/mcsema-testing/llvm-test-suite/SingleSource/Benchmarks/Shootout-C++/methcall.reference_output.little-endian." ]; then \
	  cp /home/ed/mcsema-testing/llvm-test-suite/SingleSource/Benchmarks/Shootout-C++/methcall.reference_output.little-endian. Output/methcall.out-nat; \
	elif [ -f "/home/ed/mcsema-testing/llvm-test-suite/SingleSource/Benchmarks/Shootout-C++/methcall.reference_output." ]; then \
	  cp /home/ed/mcsema-testing/llvm-test-suite/SingleSource/Benchmarks/Shootout-C++/methcall.reference_output. Output/methcall.out-nat; \
	elif [ -f "/home/ed/mcsema-testing/llvm-test-suite/SingleSource/Benchmarks/Shootout-C++/methcall.reference_output.little-endian" ]; then \
	  cp /home/ed/mcsema-testing/llvm-test-suite/SingleSource/Benchmarks/Shootout-C++/methcall.reference_output.little-endian Output/methcall.out-nat; \
	elif [ -f "/home/ed/mcsema-testing/llvm-test-suite/SingleSource/Benchmarks/Shootout-C++/methcall.reference_output" ]; then \
	  cp /home/ed/mcsema-testing/llvm-test-suite/SingleSource/Benchmarks/Shootout-C++/methcall.reference_output Output/methcall.out-nat; \
	else \
	  printf "WARNING: %s: %s\n" "NO REFERENCE OUTPUT (using default)" "/home/ed/mcsema-testing/llvm-test-suite/SingleSource/Benchmarks/Shootout-C++/methcall.reference_output" > Output/methcall.out-nat; \
	  cp /home/ed/mcsema-testing/llvm-test-suite/default.reference_output Output/methcall.out-nat; \
	  cat Output/methcall.out-nat; \
	fi
# Pretend that the reference output was produced instantaneously.
cp /home/ed/mcsema-testing/llvm-test-suite/instant.txt Output/methcall.out-nat.time
/home/ed/mcsema-testing/llvm-test-suite/DiffOutput.sh "/home/ed/mcsema-testing/SANDBOX/test-2015-12-21_15-36-50/tools/fpcmp  -r 0.00000001" simple methcall 
rm -f Output/methcall.exe-simple
cp Output/methcall.diff-simple Output/methcall.exe-simple
if test -f Output/methcall.extra-results.txt; then \
	  /home/ed/mcsema-testing/llvm-test-suite/ParseMultipleResults /home/ed/mcsema-testing/SANDBOX/test-2015-12-21_15-36-50/SingleSource/Benchmarks/Shootout-C++/methcall Output/methcall.extra-results.txt >> Output/methcall.simple.exec.report.txt; \
	fi
cat Output/methcall.simple.compile.report.txt Output/methcall.simple.exec.report.txt >> Output/methcall.simple.report.txt
---------------------------------------------------------------
>>> ========= '/home/ed/mcsema-testing/SANDBOX/test-2015-12-21_15-36-50/SingleSource/Benchmarks/Shootout-C++/methcall' Program
---------------------------------------------------------------

TEST-PASS: compile /home/ed/mcsema-testing/SANDBOX/test-2015-12-21_15-36-50/SingleSource/Benchmarks/Shootout-C++/methcall
TEST-RESULT-compile-success: pass
TEST-RESULT-compile-hash: 08a6856b2cc7f388acd27f6faac0e8f6
TEST-RESULT-compile-time: user       0.1684
TEST-RESULT-compile-real-time: real       0.1935

TEST-PASS: exec /home/ed/mcsema-testing/SANDBOX/test-2015-12-21_15-36-50/SingleSource/Benchmarks/Shootout-C++/methcall
TEST-RESULT-exec-success: pass
TEST-RESULT-exec-time: user       3.8306
TEST-RESULT-exec-real-time: real       3.8394
/home/ed/mcsema-testing/llvm-test-suite/RunSafely.sh --show-errors -t "/home/ed/mcsema-testing/SANDBOX/test-2015-12-21_15-36-50/tools/timeit" 500 /dev/null Output/moments.llvm.o.compile \
	  /usr/bin/clang++ -Wno-deprecated -I/home/ed/mcsema-testing/SANDBOX/test-2015-12-21_15-36-50/SingleSource/Benchmarks/Shootout-C++ -I/home/ed/mcsema-testing/llvm-test-suite/SingleSource/Benchmarks/Shootout-C++ -I/home/ed/mcsema-testing/llvm-test-suite/include -I../../../include -D_GNU_SOURCE -D__STDC_LIMIT_MACROS -DNDEBUG -Wno-deprecated -O3  -m64 -fomit-frame-pointer -c /home/ed/mcsema-testing/llvm-test-suite/SingleSource/Benchmarks/Shootout-C++/moments.cpp -o Output/moments.llvm.o
cp Output/moments.llvm.o.compile.time Output/moments.simple.compile.time
/usr/bin/clang++ -o Output/moments.simple Output/moments.llvm.o -lstdc++   -m64 -fomit-frame-pointer
/home/ed/mcsema-testing/llvm-test-suite/RunSafely.sh -t "/home/ed/mcsema-testing/SANDBOX/test-2015-12-21_15-36-50/tools/timeit-target" 500 /dev/null Output/moments.out-simple Output/moments.simple 
cp Output/moments.simple Output/moments.simple-hash; \
	strip --remove-section=.comment --remove-section='.note*' Output/moments.simple-hash; \
	/home/ed/mcsema-testing/llvm-test-suite/HashProgramOutput.sh Output/moments.simple-hash
if [ -f "/home/ed/mcsema-testing/llvm-test-suite/SingleSource/Benchmarks/Shootout-C++/moments.reference_output.little-endian." ]; then \
	  cp /home/ed/mcsema-testing/llvm-test-suite/SingleSource/Benchmarks/Shootout-C++/moments.reference_output.little-endian. Output/moments.out-nat; \
	elif [ -f "/home/ed/mcsema-testing/llvm-test-suite/SingleSource/Benchmarks/Shootout-C++/moments.reference_output." ]; then \
	  cp /home/ed/mcsema-testing/llvm-test-suite/SingleSource/Benchmarks/Shootout-C++/moments.reference_output. Output/moments.out-nat; \
	elif [ -f "/home/ed/mcsema-testing/llvm-test-suite/SingleSource/Benchmarks/Shootout-C++/moments.reference_output.little-endian" ]; then \
	  cp /home/ed/mcsema-testing/llvm-test-suite/SingleSource/Benchmarks/Shootout-C++/moments.reference_output.little-endian Output/moments.out-nat; \
	elif [ -f "/home/ed/mcsema-testing/llvm-test-suite/SingleSource/Benchmarks/Shootout-C++/moments.reference_output" ]; then \
	  cp /home/ed/mcsema-testing/llvm-test-suite/SingleSource/Benchmarks/Shootout-C++/moments.reference_output Output/moments.out-nat; \
	else \
	  printf "WARNING: %s: %s\n" "NO REFERENCE OUTPUT (using default)" "/home/ed/mcsema-testing/llvm-test-suite/SingleSource/Benchmarks/Shootout-C++/moments.reference_output" > Output/moments.out-nat; \
	  cp /home/ed/mcsema-testing/llvm-test-suite/default.reference_output Output/moments.out-nat; \
	  cat Output/moments.out-nat; \
	fi
# Pretend that the reference output was produced instantaneously.
cp /home/ed/mcsema-testing/llvm-test-suite/instant.txt Output/moments.out-nat.time
/home/ed/mcsema-testing/llvm-test-suite/DiffOutput.sh "/home/ed/mcsema-testing/SANDBOX/test-2015-12-21_15-36-50/tools/fpcmp  -r 0.00000001" simple moments 
rm -f Output/moments.exe-simple
cp Output/moments.diff-simple Output/moments.exe-simple
if test -f Output/moments.extra-results.txt; then \
	  /home/ed/mcsema-testing/llvm-test-suite/ParseMultipleResults /home/ed/mcsema-testing/SANDBOX/test-2015-12-21_15-36-50/SingleSource/Benchmarks/Shootout-C++/moments Output/moments.extra-results.txt >> Output/moments.simple.exec.report.txt; \
	fi
cat Output/moments.simple.compile.report.txt Output/moments.simple.exec.report.txt >> Output/moments.simple.report.txt
---------------------------------------------------------------
>>> ========= '/home/ed/mcsema-testing/SANDBOX/test-2015-12-21_15-36-50/SingleSource/Benchmarks/Shootout-C++/moments' Program
---------------------------------------------------------------

TEST-PASS: compile /home/ed/mcsema-testing/SANDBOX/test-2015-12-21_15-36-50/SingleSource/Benchmarks/Shootout-C++/moments
TEST-RESULT-compile-success: pass
TEST-RESULT-compile-hash: 3026c7d4d81f8f705cd5be26f83afbba
TEST-RESULT-compile-time: user       0.2943
TEST-RESULT-compile-real-time: real       0.3268

TEST-PASS: exec /home/ed/mcsema-testing/SANDBOX/test-2015-12-21_15-36-50/SingleSource/Benchmarks/Shootout-C++/moments
TEST-RESULT-exec-success: pass
TEST-RESULT-exec-time: user       0.0820
TEST-RESULT-exec-real-time: real       0.1099
/home/ed/mcsema-testing/llvm-test-suite/RunSafely.sh --show-errors -t "/home/ed/mcsema-testing/SANDBOX/test-2015-12-21_15-36-50/tools/timeit" 500 /dev/null Output/nestedloop.llvm.o.compile \
	  /usr/bin/clang++ -Wno-deprecated -I/home/ed/mcsema-testing/SANDBOX/test-2015-12-21_15-36-50/SingleSource/Benchmarks/Shootout-C++ -I/home/ed/mcsema-testing/llvm-test-suite/SingleSource/Benchmarks/Shootout-C++ -I/home/ed/mcsema-testing/llvm-test-suite/include -I../../../include -D_GNU_SOURCE -D__STDC_LIMIT_MACROS -DNDEBUG -Wno-deprecated -O3  -m64 -fomit-frame-pointer -c /home/ed/mcsema-testing/llvm-test-suite/SingleSource/Benchmarks/Shootout-C++/nestedloop.cpp -o Output/nestedloop.llvm.o
cp Output/nestedloop.llvm.o.compile.time Output/nestedloop.simple.compile.time
/usr/bin/clang++ -o Output/nestedloop.simple Output/nestedloop.llvm.o -lstdc++   -m64 -fomit-frame-pointer
/home/ed/mcsema-testing/llvm-test-suite/RunSafely.sh -t "/home/ed/mcsema-testing/SANDBOX/test-2015-12-21_15-36-50/tools/timeit-target" 500 /dev/null Output/nestedloop.out-simple Output/nestedloop.simple 
cp Output/nestedloop.simple Output/nestedloop.simple-hash; \
	strip --remove-section=.comment --remove-section='.note*' Output/nestedloop.simple-hash; \
	/home/ed/mcsema-testing/llvm-test-suite/HashProgramOutput.sh Output/nestedloop.simple-hash
if [ -f "/home/ed/mcsema-testing/llvm-test-suite/SingleSource/Benchmarks/Shootout-C++/nestedloop.reference_output.little-endian." ]; then \
	  cp /home/ed/mcsema-testing/llvm-test-suite/SingleSource/Benchmarks/Shootout-C++/nestedloop.reference_output.little-endian. Output/nestedloop.out-nat; \
	elif [ -f "/home/ed/mcsema-testing/llvm-test-suite/SingleSource/Benchmarks/Shootout-C++/nestedloop.reference_output." ]; then \
	  cp /home/ed/mcsema-testing/llvm-test-suite/SingleSource/Benchmarks/Shootout-C++/nestedloop.reference_output. Output/nestedloop.out-nat; \
	elif [ -f "/home/ed/mcsema-testing/llvm-test-suite/SingleSource/Benchmarks/Shootout-C++/nestedloop.reference_output.little-endian" ]; then \
	  cp /home/ed/mcsema-testing/llvm-test-suite/SingleSource/Benchmarks/Shootout-C++/nestedloop.reference_output.little-endian Output/nestedloop.out-nat; \
	elif [ -f "/home/ed/mcsema-testing/llvm-test-suite/SingleSource/Benchmarks/Shootout-C++/nestedloop.reference_output" ]; then \
	  cp /home/ed/mcsema-testing/llvm-test-suite/SingleSource/Benchmarks/Shootout-C++/nestedloop.reference_output Output/nestedloop.out-nat; \
	else \
	  printf "WARNING: %s: %s\n" "NO REFERENCE OUTPUT (using default)" "/home/ed/mcsema-testing/llvm-test-suite/SingleSource/Benchmarks/Shootout-C++/nestedloop.reference_output" > Output/nestedloop.out-nat; \
	  cp /home/ed/mcsema-testing/llvm-test-suite/default.reference_output Output/nestedloop.out-nat; \
	  cat Output/nestedloop.out-nat; \
	fi
# Pretend that the reference output was produced instantaneously.
cp /home/ed/mcsema-testing/llvm-test-suite/instant.txt Output/nestedloop.out-nat.time
/home/ed/mcsema-testing/llvm-test-suite/DiffOutput.sh "/home/ed/mcsema-testing/SANDBOX/test-2015-12-21_15-36-50/tools/fpcmp  -r 0.00000001" simple nestedloop 
rm -f Output/nestedloop.exe-simple
cp Output/nestedloop.diff-simple Output/nestedloop.exe-simple
if test -f Output/nestedloop.extra-results.txt; then \
	  /home/ed/mcsema-testing/llvm-test-suite/ParseMultipleResults /home/ed/mcsema-testing/SANDBOX/test-2015-12-21_15-36-50/SingleSource/Benchmarks/Shootout-C++/nestedloop Output/nestedloop.extra-results.txt >> Output/nestedloop.simple.exec.report.txt; \
	fi
cat Output/nestedloop.simple.compile.report.txt Output/nestedloop.simple.exec.report.txt >> Output/nestedloop.simple.report.txt
---------------------------------------------------------------
>>> ========= '/home/ed/mcsema-testing/SANDBOX/test-2015-12-21_15-36-50/SingleSource/Benchmarks/Shootout-C++/nestedloop' Program
---------------------------------------------------------------

TEST-PASS: compile /home/ed/mcsema-testing/SANDBOX/test-2015-12-21_15-36-50/SingleSource/Benchmarks/Shootout-C++/nestedloop
TEST-RESULT-compile-success: pass
TEST-RESULT-compile-hash: ef8d65dcf4c2c2d78177693c67e574b1
TEST-RESULT-compile-time: user       0.1635
TEST-RESULT-compile-real-time: real       0.1883

TEST-PASS: exec /home/ed/mcsema-testing/SANDBOX/test-2015-12-21_15-36-50/SingleSource/Benchmarks/Shootout-C++/nestedloop
TEST-RESULT-exec-success: pass
TEST-RESULT-exec-time: user       0.0340
TEST-RESULT-exec-real-time: real       0.0354
/home/ed/mcsema-testing/llvm-test-suite/RunSafely.sh --show-errors -t "/home/ed/mcsema-testing/SANDBOX/test-2015-12-21_15-36-50/tools/timeit" 500 /dev/null Output/objinst.llvm.o.compile \
	  /usr/bin/clang++ -Wno-deprecated -I/home/ed/mcsema-testing/SANDBOX/test-2015-12-21_15-36-50/SingleSource/Benchmarks/Shootout-C++ -I/home/ed/mcsema-testing/llvm-test-suite/SingleSource/Benchmarks/Shootout-C++ -I/home/ed/mcsema-testing/llvm-test-suite/include -I../../../include -D_GNU_SOURCE -D__STDC_LIMIT_MACROS -DNDEBUG -Wno-deprecated -O3  -m64 -fomit-frame-pointer -c /home/ed/mcsema-testing/llvm-test-suite/SingleSource/Benchmarks/Shootout-C++/objinst.cpp -o Output/objinst.llvm.o
cp Output/objinst.llvm.o.compile.time Output/objinst.simple.compile.time
/usr/bin/clang++ -o Output/objinst.simple Output/objinst.llvm.o -lstdc++   -m64 -fomit-frame-pointer
/home/ed/mcsema-testing/llvm-test-suite/RunSafely.sh -t "/home/ed/mcsema-testing/SANDBOX/test-2015-12-21_15-36-50/tools/timeit-target" 500 /dev/null Output/objinst.out-simple Output/objinst.simple 
cp Output/objinst.simple Output/objinst.simple-hash; \
	strip --remove-section=.comment --remove-section='.note*' Output/objinst.simple-hash; \
	/home/ed/mcsema-testing/llvm-test-suite/HashProgramOutput.sh Output/objinst.simple-hash
if [ -f "/home/ed/mcsema-testing/llvm-test-suite/SingleSource/Benchmarks/Shootout-C++/objinst.reference_output.little-endian." ]; then \
	  cp /home/ed/mcsema-testing/llvm-test-suite/SingleSource/Benchmarks/Shootout-C++/objinst.reference_output.little-endian. Output/objinst.out-nat; \
	elif [ -f "/home/ed/mcsema-testing/llvm-test-suite/SingleSource/Benchmarks/Shootout-C++/objinst.reference_output." ]; then \
	  cp /home/ed/mcsema-testing/llvm-test-suite/SingleSource/Benchmarks/Shootout-C++/objinst.reference_output. Output/objinst.out-nat; \
	elif [ -f "/home/ed/mcsema-testing/llvm-test-suite/SingleSource/Benchmarks/Shootout-C++/objinst.reference_output.little-endian" ]; then \
	  cp /home/ed/mcsema-testing/llvm-test-suite/SingleSource/Benchmarks/Shootout-C++/objinst.reference_output.little-endian Output/objinst.out-nat; \
	elif [ -f "/home/ed/mcsema-testing/llvm-test-suite/SingleSource/Benchmarks/Shootout-C++/objinst.reference_output" ]; then \
	  cp /home/ed/mcsema-testing/llvm-test-suite/SingleSource/Benchmarks/Shootout-C++/objinst.reference_output Output/objinst.out-nat; \
	else \
	  printf "WARNING: %s: %s\n" "NO REFERENCE OUTPUT (using default)" "/home/ed/mcsema-testing/llvm-test-suite/SingleSource/Benchmarks/Shootout-C++/objinst.reference_output" > Output/objinst.out-nat; \
	  cp /home/ed/mcsema-testing/llvm-test-suite/default.reference_output Output/objinst.out-nat; \
	  cat Output/objinst.out-nat; \
	fi
# Pretend that the reference output was produced instantaneously.
cp /home/ed/mcsema-testing/llvm-test-suite/instant.txt Output/objinst.out-nat.time
/home/ed/mcsema-testing/llvm-test-suite/DiffOutput.sh "/home/ed/mcsema-testing/SANDBOX/test-2015-12-21_15-36-50/tools/fpcmp  -r 0.00000001" simple objinst 
rm -f Output/objinst.exe-simple
cp Output/objinst.diff-simple Output/objinst.exe-simple
if test -f Output/objinst.extra-results.txt; then \
	  /home/ed/mcsema-testing/llvm-test-suite/ParseMultipleResults /home/ed/mcsema-testing/SANDBOX/test-2015-12-21_15-36-50/SingleSource/Benchmarks/Shootout-C++/objinst Output/objinst.extra-results.txt >> Output/objinst.simple.exec.report.txt; \
	fi
cat Output/objinst.simple.compile.report.txt Output/objinst.simple.exec.report.txt >> Output/objinst.simple.report.txt
---------------------------------------------------------------
>>> ========= '/home/ed/mcsema-testing/SANDBOX/test-2015-12-21_15-36-50/SingleSource/Benchmarks/Shootout-C++/objinst' Program
---------------------------------------------------------------

TEST-PASS: compile /home/ed/mcsema-testing/SANDBOX/test-2015-12-21_15-36-50/SingleSource/Benchmarks/Shootout-C++/objinst
TEST-RESULT-compile-success: pass
TEST-RESULT-compile-hash: 8bf0a9325be926863d99152806507e8b
TEST-RESULT-compile-time: user       0.1741
TEST-RESULT-compile-real-time: real       0.2001

TEST-PASS: exec /home/ed/mcsema-testing/SANDBOX/test-2015-12-21_15-36-50/SingleSource/Benchmarks/Shootout-C++/objinst
TEST-RESULT-exec-success: pass
TEST-RESULT-exec-time: user       0.0010
TEST-RESULT-exec-real-time: real       0.0020
/home/ed/mcsema-testing/llvm-test-suite/RunSafely.sh --show-errors -t "/home/ed/mcsema-testing/SANDBOX/test-2015-12-21_15-36-50/tools/timeit" 500 /dev/null Output/random.llvm.o.compile \
	  /usr/bin/clang++ -Wno-deprecated -I/home/ed/mcsema-testing/SANDBOX/test-2015-12-21_15-36-50/SingleSource/Benchmarks/Shootout-C++ -I/home/ed/mcsema-testing/llvm-test-suite/SingleSource/Benchmarks/Shootout-C++ -I/home/ed/mcsema-testing/llvm-test-suite/include -I../../../include -D_GNU_SOURCE -D__STDC_LIMIT_MACROS -DNDEBUG -Wno-deprecated -O3  -m64 -fomit-frame-pointer -c /home/ed/mcsema-testing/llvm-test-suite/SingleSource/Benchmarks/Shootout-C++/random.cpp -o Output/random.llvm.o
cp Output/random.llvm.o.compile.time Output/random.simple.compile.time
/usr/bin/clang++ -o Output/random.simple Output/random.llvm.o -lstdc++   -m64 -fomit-frame-pointer
/home/ed/mcsema-testing/llvm-test-suite/RunSafely.sh -t "/home/ed/mcsema-testing/SANDBOX/test-2015-12-21_15-36-50/tools/timeit-target" 500 /dev/null Output/random.out-simple Output/random.simple 
cp Output/random.simple Output/random.simple-hash; \
	strip --remove-section=.comment --remove-section='.note*' Output/random.simple-hash; \
	/home/ed/mcsema-testing/llvm-test-suite/HashProgramOutput.sh Output/random.simple-hash
if [ -f "/home/ed/mcsema-testing/llvm-test-suite/SingleSource/Benchmarks/Shootout-C++/random.reference_output.little-endian." ]; then \
	  cp /home/ed/mcsema-testing/llvm-test-suite/SingleSource/Benchmarks/Shootout-C++/random.reference_output.little-endian. Output/random.out-nat; \
	elif [ -f "/home/ed/mcsema-testing/llvm-test-suite/SingleSource/Benchmarks/Shootout-C++/random.reference_output." ]; then \
	  cp /home/ed/mcsema-testing/llvm-test-suite/SingleSource/Benchmarks/Shootout-C++/random.reference_output. Output/random.out-nat; \
	elif [ -f "/home/ed/mcsema-testing/llvm-test-suite/SingleSource/Benchmarks/Shootout-C++/random.reference_output.little-endian" ]; then \
	  cp /home/ed/mcsema-testing/llvm-test-suite/SingleSource/Benchmarks/Shootout-C++/random.reference_output.little-endian Output/random.out-nat; \
	elif [ -f "/home/ed/mcsema-testing/llvm-test-suite/SingleSource/Benchmarks/Shootout-C++/random.reference_output" ]; then \
	  cp /home/ed/mcsema-testing/llvm-test-suite/SingleSource/Benchmarks/Shootout-C++/random.reference_output Output/random.out-nat; \
	else \
	  printf "WARNING: %s: %s\n" "NO REFERENCE OUTPUT (using default)" "/home/ed/mcsema-testing/llvm-test-suite/SingleSource/Benchmarks/Shootout-C++/random.reference_output" > Output/random.out-nat; \
	  cp /home/ed/mcsema-testing/llvm-test-suite/default.reference_output Output/random.out-nat; \
	  cat Output/random.out-nat; \
	fi
# Pretend that the reference output was produced instantaneously.
cp /home/ed/mcsema-testing/llvm-test-suite/instant.txt Output/random.out-nat.time
/home/ed/mcsema-testing/llvm-test-suite/DiffOutput.sh "/home/ed/mcsema-testing/SANDBOX/test-2015-12-21_15-36-50/tools/fpcmp  -r 0.00000001" simple random 
rm -f Output/random.exe-simple
cp Output/random.diff-simple Output/random.exe-simple
if test -f Output/random.extra-results.txt; then \
	  /home/ed/mcsema-testing/llvm-test-suite/ParseMultipleResults /home/ed/mcsema-testing/SANDBOX/test-2015-12-21_15-36-50/SingleSource/Benchmarks/Shootout-C++/random Output/random.extra-results.txt >> Output/random.simple.exec.report.txt; \
	fi
cat Output/random.simple.compile.report.txt Output/random.simple.exec.report.txt >> Output/random.simple.report.txt
---------------------------------------------------------------
>>> ========= '/home/ed/mcsema-testing/SANDBOX/test-2015-12-21_15-36-50/SingleSource/Benchmarks/Shootout-C++/random' Program
---------------------------------------------------------------

TEST-PASS: compile /home/ed/mcsema-testing/SANDBOX/test-2015-12-21_15-36-50/SingleSource/Benchmarks/Shootout-C++/random
TEST-RESULT-compile-success: pass
TEST-RESULT-compile-hash: 78b22c21bcc24c2bf3ae71f616a31527
TEST-RESULT-compile-time: user       0.1704
TEST-RESULT-compile-real-time: real       0.1943

TEST-PASS: exec /home/ed/mcsema-testing/SANDBOX/test-2015-12-21_15-36-50/SingleSource/Benchmarks/Shootout-C++/random
TEST-RESULT-exec-success: pass
TEST-RESULT-exec-time: user       2.5206
TEST-RESULT-exec-real-time: real       2.5269
/home/ed/mcsema-testing/llvm-test-suite/RunSafely.sh --show-errors -t "/home/ed/mcsema-testing/SANDBOX/test-2015-12-21_15-36-50/tools/timeit" 500 /dev/null Output/reversefile.llvm.o.compile \
	  /usr/bin/clang++ -Wno-deprecated -I/home/ed/mcsema-testing/SANDBOX/test-2015-12-21_15-36-50/SingleSource/Benchmarks/Shootout-C++ -I/home/ed/mcsema-testing/llvm-test-suite/SingleSource/Benchmarks/Shootout-C++ -I/home/ed/mcsema-testing/llvm-test-suite/include -I../../../include -D_GNU_SOURCE -D__STDC_LIMIT_MACROS -DNDEBUG -Wno-deprecated -O3  -m64 -fomit-frame-pointer -c /home/ed/mcsema-testing/llvm-test-suite/SingleSource/Benchmarks/Shootout-C++/reversefile.cpp -o Output/reversefile.llvm.o
cp Output/reversefile.llvm.o.compile.time Output/reversefile.simple.compile.time
/usr/bin/clang++ -o Output/reversefile.simple Output/reversefile.llvm.o -lstdc++   -m64 -fomit-frame-pointer
/home/ed/mcsema-testing/llvm-test-suite/RunSafely.sh -t "/home/ed/mcsema-testing/SANDBOX/test-2015-12-21_15-36-50/tools/timeit-target" 500 /dev/null Output/reversefile.out-simple Output/reversefile.simple 
cp Output/reversefile.simple Output/reversefile.simple-hash; \
	strip --remove-section=.comment --remove-section='.note*' Output/reversefile.simple-hash; \
	/home/ed/mcsema-testing/llvm-test-suite/HashProgramOutput.sh Output/reversefile.simple-hash
if [ -f "/home/ed/mcsema-testing/llvm-test-suite/SingleSource/Benchmarks/Shootout-C++/reversefile.reference_output.little-endian." ]; then \
	  cp /home/ed/mcsema-testing/llvm-test-suite/SingleSource/Benchmarks/Shootout-C++/reversefile.reference_output.little-endian. Output/reversefile.out-nat; \
	elif [ -f "/home/ed/mcsema-testing/llvm-test-suite/SingleSource/Benchmarks/Shootout-C++/reversefile.reference_output." ]; then \
	  cp /home/ed/mcsema-testing/llvm-test-suite/SingleSource/Benchmarks/Shootout-C++/reversefile.reference_output. Output/reversefile.out-nat; \
	elif [ -f "/home/ed/mcsema-testing/llvm-test-suite/SingleSource/Benchmarks/Shootout-C++/reversefile.reference_output.little-endian" ]; then \
	  cp /home/ed/mcsema-testing/llvm-test-suite/SingleSource/Benchmarks/Shootout-C++/reversefile.reference_output.little-endian Output/reversefile.out-nat; \
	elif [ -f "/home/ed/mcsema-testing/llvm-test-suite/SingleSource/Benchmarks/Shootout-C++/reversefile.reference_output" ]; then \
	  cp /home/ed/mcsema-testing/llvm-test-suite/SingleSource/Benchmarks/Shootout-C++/reversefile.reference_output Output/reversefile.out-nat; \
	else \
	  printf "WARNING: %s: %s\n" "NO REFERENCE OUTPUT (using default)" "/home/ed/mcsema-testing/llvm-test-suite/SingleSource/Benchmarks/Shootout-C++/reversefile.reference_output" > Output/reversefile.out-nat; \
	  cp /home/ed/mcsema-testing/llvm-test-suite/default.reference_output Output/reversefile.out-nat; \
	  cat Output/reversefile.out-nat; \
	fi
# Pretend that the reference output was produced instantaneously.
cp /home/ed/mcsema-testing/llvm-test-suite/instant.txt Output/reversefile.out-nat.time
/home/ed/mcsema-testing/llvm-test-suite/DiffOutput.sh "/home/ed/mcsema-testing/SANDBOX/test-2015-12-21_15-36-50/tools/fpcmp  -r 0.00000001" simple reversefile 
rm -f Output/reversefile.exe-simple
cp Output/reversefile.diff-simple Output/reversefile.exe-simple
if test -f Output/reversefile.extra-results.txt; then \
	  /home/ed/mcsema-testing/llvm-test-suite/ParseMultipleResults /home/ed/mcsema-testing/SANDBOX/test-2015-12-21_15-36-50/SingleSource/Benchmarks/Shootout-C++/reversefile Output/reversefile.extra-results.txt >> Output/reversefile.simple.exec.report.txt; \
	fi
cat Output/reversefile.simple.compile.report.txt Output/reversefile.simple.exec.report.txt >> Output/reversefile.simple.report.txt
---------------------------------------------------------------
>>> ========= '/home/ed/mcsema-testing/SANDBOX/test-2015-12-21_15-36-50/SingleSource/Benchmarks/Shootout-C++/reversefile' Program
---------------------------------------------------------------

TEST-PASS: compile /home/ed/mcsema-testing/SANDBOX/test-2015-12-21_15-36-50/SingleSource/Benchmarks/Shootout-C++/reversefile
TEST-RESULT-compile-success: pass
TEST-RESULT-compile-hash: 50fc772d2f2d701bd8a13451bf446d62
TEST-RESULT-compile-time: user       0.2698
TEST-RESULT-compile-real-time: real       0.3128

TEST-PASS: exec /home/ed/mcsema-testing/SANDBOX/test-2015-12-21_15-36-50/SingleSource/Benchmarks/Shootout-C++/reversefile
TEST-RESULT-exec-success: pass
TEST-RESULT-exec-time: user       0.0010
TEST-RESULT-exec-real-time: real       0.0020
/home/ed/mcsema-testing/llvm-test-suite/RunSafely.sh --show-errors -t "/home/ed/mcsema-testing/SANDBOX/test-2015-12-21_15-36-50/tools/timeit" 500 /dev/null Output/sieve.llvm.o.compile \
	  /usr/bin/clang++ -Wno-deprecated -I/home/ed/mcsema-testing/SANDBOX/test-2015-12-21_15-36-50/SingleSource/Benchmarks/Shootout-C++ -I/home/ed/mcsema-testing/llvm-test-suite/SingleSource/Benchmarks/Shootout-C++ -I/home/ed/mcsema-testing/llvm-test-suite/include -I../../../include -D_GNU_SOURCE -D__STDC_LIMIT_MACROS -DNDEBUG -Wno-deprecated -O3  -m64 -fomit-frame-pointer -c /home/ed/mcsema-testing/llvm-test-suite/SingleSource/Benchmarks/Shootout-C++/sieve.cpp -o Output/sieve.llvm.o
cp Output/sieve.llvm.o.compile.time Output/sieve.simple.compile.time
/usr/bin/clang++ -o Output/sieve.simple Output/sieve.llvm.o -lstdc++   -m64 -fomit-frame-pointer
/home/ed/mcsema-testing/llvm-test-suite/RunSafely.sh -t "/home/ed/mcsema-testing/SANDBOX/test-2015-12-21_15-36-50/tools/timeit-target" 500 /dev/null Output/sieve.out-simple Output/sieve.simple 
cp Output/sieve.simple Output/sieve.simple-hash; \
	strip --remove-section=.comment --remove-section='.note*' Output/sieve.simple-hash; \
	/home/ed/mcsema-testing/llvm-test-suite/HashProgramOutput.sh Output/sieve.simple-hash
if [ -f "/home/ed/mcsema-testing/llvm-test-suite/SingleSource/Benchmarks/Shootout-C++/sieve.reference_output.little-endian." ]; then \
	  cp /home/ed/mcsema-testing/llvm-test-suite/SingleSource/Benchmarks/Shootout-C++/sieve.reference_output.little-endian. Output/sieve.out-nat; \
	elif [ -f "/home/ed/mcsema-testing/llvm-test-suite/SingleSource/Benchmarks/Shootout-C++/sieve.reference_output." ]; then \
	  cp /home/ed/mcsema-testing/llvm-test-suite/SingleSource/Benchmarks/Shootout-C++/sieve.reference_output. Output/sieve.out-nat; \
	elif [ -f "/home/ed/mcsema-testing/llvm-test-suite/SingleSource/Benchmarks/Shootout-C++/sieve.reference_output.little-endian" ]; then \
	  cp /home/ed/mcsema-testing/llvm-test-suite/SingleSource/Benchmarks/Shootout-C++/sieve.reference_output.little-endian Output/sieve.out-nat; \
	elif [ -f "/home/ed/mcsema-testing/llvm-test-suite/SingleSource/Benchmarks/Shootout-C++/sieve.reference_output" ]; then \
	  cp /home/ed/mcsema-testing/llvm-test-suite/SingleSource/Benchmarks/Shootout-C++/sieve.reference_output Output/sieve.out-nat; \
	else \
	  printf "WARNING: %s: %s\n" "NO REFERENCE OUTPUT (using default)" "/home/ed/mcsema-testing/llvm-test-suite/SingleSource/Benchmarks/Shootout-C++/sieve.reference_output" > Output/sieve.out-nat; \
	  cp /home/ed/mcsema-testing/llvm-test-suite/default.reference_output Output/sieve.out-nat; \
	  cat Output/sieve.out-nat; \
	fi
# Pretend that the reference output was produced instantaneously.
cp /home/ed/mcsema-testing/llvm-test-suite/instant.txt Output/sieve.out-nat.time
/home/ed/mcsema-testing/llvm-test-suite/DiffOutput.sh "/home/ed/mcsema-testing/SANDBOX/test-2015-12-21_15-36-50/tools/fpcmp  -r 0.00000001" simple sieve 
rm -f Output/sieve.exe-simple
cp Output/sieve.diff-simple Output/sieve.exe-simple
if test -f Output/sieve.extra-results.txt; then \
	  /home/ed/mcsema-testing/llvm-test-suite/ParseMultipleResults /home/ed/mcsema-testing/SANDBOX/test-2015-12-21_15-36-50/SingleSource/Benchmarks/Shootout-C++/sieve Output/sieve.extra-results.txt >> Output/sieve.simple.exec.report.txt; \
	fi
cat Output/sieve.simple.compile.report.txt Output/sieve.simple.exec.report.txt >> Output/sieve.simple.report.txt
---------------------------------------------------------------
>>> ========= '/home/ed/mcsema-testing/SANDBOX/test-2015-12-21_15-36-50/SingleSource/Benchmarks/Shootout-C++/sieve' Program
---------------------------------------------------------------

TEST-PASS: compile /home/ed/mcsema-testing/SANDBOX/test-2015-12-21_15-36-50/SingleSource/Benchmarks/Shootout-C++/sieve
TEST-RESULT-compile-success: pass
TEST-RESULT-compile-hash: 37dbafcd3a70d917829ab60dd483e0bb
TEST-RESULT-compile-time: user       0.2263
TEST-RESULT-compile-real-time: real       0.2552

TEST-PASS: exec /home/ed/mcsema-testing/SANDBOX/test-2015-12-21_15-36-50/SingleSource/Benchmarks/Shootout-C++/sieve
TEST-RESULT-exec-success: pass
TEST-RESULT-exec-time: user       1.3512
TEST-RESULT-exec-real-time: real       1.3547
/home/ed/mcsema-testing/llvm-test-suite/RunSafely.sh --show-errors -t "/home/ed/mcsema-testing/SANDBOX/test-2015-12-21_15-36-50/tools/timeit" 500 /dev/null Output/spellcheck.llvm.o.compile \
	  /usr/bin/clang++ -Wno-deprecated -I/home/ed/mcsema-testing/SANDBOX/test-2015-12-21_15-36-50/SingleSource/Benchmarks/Shootout-C++ -I/home/ed/mcsema-testing/llvm-test-suite/SingleSource/Benchmarks/Shootout-C++ -I/home/ed/mcsema-testing/llvm-test-suite/include -I../../../include -D_GNU_SOURCE -D__STDC_LIMIT_MACROS -DNDEBUG -Wno-deprecated -O3  -m64 -fomit-frame-pointer -c /home/ed/mcsema-testing/llvm-test-suite/SingleSource/Benchmarks/Shootout-C++/spellcheck.cpp -o Output/spellcheck.llvm.o
cp Output/spellcheck.llvm.o.compile.time Output/spellcheck.simple.compile.time
/usr/bin/clang++ -o Output/spellcheck.simple Output/spellcheck.llvm.o -lstdc++   -m64 -fomit-frame-pointer
/home/ed/mcsema-testing/llvm-test-suite/RunSafely.sh -t "/home/ed/mcsema-testing/SANDBOX/test-2015-12-21_15-36-50/tools/timeit-target" 500 /dev/null Output/spellcheck.out-simple Output/spellcheck.simple 
cp Output/spellcheck.simple Output/spellcheck.simple-hash; \
	strip --remove-section=.comment --remove-section='.note*' Output/spellcheck.simple-hash; \
	/home/ed/mcsema-testing/llvm-test-suite/HashProgramOutput.sh Output/spellcheck.simple-hash
if [ -f "/home/ed/mcsema-testing/llvm-test-suite/SingleSource/Benchmarks/Shootout-C++/spellcheck.reference_output.little-endian." ]; then \
	  cp /home/ed/mcsema-testing/llvm-test-suite/SingleSource/Benchmarks/Shootout-C++/spellcheck.reference_output.little-endian. Output/spellcheck.out-nat; \
	elif [ -f "/home/ed/mcsema-testing/llvm-test-suite/SingleSource/Benchmarks/Shootout-C++/spellcheck.reference_output." ]; then \
	  cp /home/ed/mcsema-testing/llvm-test-suite/SingleSource/Benchmarks/Shootout-C++/spellcheck.reference_output. Output/spellcheck.out-nat; \
	elif [ -f "/home/ed/mcsema-testing/llvm-test-suite/SingleSource/Benchmarks/Shootout-C++/spellcheck.reference_output.little-endian" ]; then \
	  cp /home/ed/mcsema-testing/llvm-test-suite/SingleSource/Benchmarks/Shootout-C++/spellcheck.reference_output.little-endian Output/spellcheck.out-nat; \
	elif [ -f "/home/ed/mcsema-testing/llvm-test-suite/SingleSource/Benchmarks/Shootout-C++/spellcheck.reference_output" ]; then \
	  cp /home/ed/mcsema-testing/llvm-test-suite/SingleSource/Benchmarks/Shootout-C++/spellcheck.reference_output Output/spellcheck.out-nat; \
	else \
	  printf "WARNING: %s: %s\n" "NO REFERENCE OUTPUT (using default)" "/home/ed/mcsema-testing/llvm-test-suite/SingleSource/Benchmarks/Shootout-C++/spellcheck.reference_output" > Output/spellcheck.out-nat; \
	  cp /home/ed/mcsema-testing/llvm-test-suite/default.reference_output Output/spellcheck.out-nat; \
	  cat Output/spellcheck.out-nat; \
	fi
# Pretend that the reference output was produced instantaneously.
cp /home/ed/mcsema-testing/llvm-test-suite/instant.txt Output/spellcheck.out-nat.time
/home/ed/mcsema-testing/llvm-test-suite/DiffOutput.sh "/home/ed/mcsema-testing/SANDBOX/test-2015-12-21_15-36-50/tools/fpcmp  -r 0.00000001" simple spellcheck 
rm -f Output/spellcheck.exe-simple
cp Output/spellcheck.diff-simple Output/spellcheck.exe-simple
if test -f Output/spellcheck.extra-results.txt; then \
	  /home/ed/mcsema-testing/llvm-test-suite/ParseMultipleResults /home/ed/mcsema-testing/SANDBOX/test-2015-12-21_15-36-50/SingleSource/Benchmarks/Shootout-C++/spellcheck Output/spellcheck.extra-results.txt >> Output/spellcheck.simple.exec.report.txt; \
	fi
cat Output/spellcheck.simple.compile.report.txt Output/spellcheck.simple.exec.report.txt >> Output/spellcheck.simple.report.txt
---------------------------------------------------------------
>>> ========= '/home/ed/mcsema-testing/SANDBOX/test-2015-12-21_15-36-50/SingleSource/Benchmarks/Shootout-C++/spellcheck' Program
---------------------------------------------------------------

TEST-PASS: compile /home/ed/mcsema-testing/SANDBOX/test-2015-12-21_15-36-50/SingleSource/Benchmarks/Shootout-C++/spellcheck
TEST-RESULT-compile-success: pass
TEST-RESULT-compile-hash: 67a96ee71c42b7a3c6b9a91458559856
TEST-RESULT-compile-time: user       0.2897
TEST-RESULT-compile-real-time: real       0.3244

TEST-PASS: exec /home/ed/mcsema-testing/SANDBOX/test-2015-12-21_15-36-50/SingleSource/Benchmarks/Shootout-C++/spellcheck
TEST-RESULT-exec-success: pass
TEST-RESULT-exec-time: user       0.0009
TEST-RESULT-exec-real-time: real       0.0020
/home/ed/mcsema-testing/llvm-test-suite/RunSafely.sh --show-errors -t "/home/ed/mcsema-testing/SANDBOX/test-2015-12-21_15-36-50/tools/timeit" 500 /dev/null Output/strcat.llvm.o.compile \
	  /usr/bin/clang++ -Wno-deprecated -I/home/ed/mcsema-testing/SANDBOX/test-2015-12-21_15-36-50/SingleSource/Benchmarks/Shootout-C++ -I/home/ed/mcsema-testing/llvm-test-suite/SingleSource/Benchmarks/Shootout-C++ -I/home/ed/mcsema-testing/llvm-test-suite/include -I../../../include -D_GNU_SOURCE -D__STDC_LIMIT_MACROS -DNDEBUG -Wno-deprecated -O3  -m64 -fomit-frame-pointer -c /home/ed/mcsema-testing/llvm-test-suite/SingleSource/Benchmarks/Shootout-C++/strcat.cpp -o Output/strcat.llvm.o
cp Output/strcat.llvm.o.compile.time Output/strcat.simple.compile.time
/usr/bin/clang++ -o Output/strcat.simple Output/strcat.llvm.o -lstdc++   -m64 -fomit-frame-pointer
/home/ed/mcsema-testing/llvm-test-suite/RunSafely.sh -t "/home/ed/mcsema-testing/SANDBOX/test-2015-12-21_15-36-50/tools/timeit-target" 500 /dev/null Output/strcat.out-simple Output/strcat.simple 
cp Output/strcat.simple Output/strcat.simple-hash; \
	strip --remove-section=.comment --remove-section='.note*' Output/strcat.simple-hash; \
	/home/ed/mcsema-testing/llvm-test-suite/HashProgramOutput.sh Output/strcat.simple-hash
if [ -f "/home/ed/mcsema-testing/llvm-test-suite/SingleSource/Benchmarks/Shootout-C++/strcat.reference_output.little-endian." ]; then \
	  cp /home/ed/mcsema-testing/llvm-test-suite/SingleSource/Benchmarks/Shootout-C++/strcat.reference_output.little-endian. Output/strcat.out-nat; \
	elif [ -f "/home/ed/mcsema-testing/llvm-test-suite/SingleSource/Benchmarks/Shootout-C++/strcat.reference_output." ]; then \
	  cp /home/ed/mcsema-testing/llvm-test-suite/SingleSource/Benchmarks/Shootout-C++/strcat.reference_output. Output/strcat.out-nat; \
	elif [ -f "/home/ed/mcsema-testing/llvm-test-suite/SingleSource/Benchmarks/Shootout-C++/strcat.reference_output.little-endian" ]; then \
	  cp /home/ed/mcsema-testing/llvm-test-suite/SingleSource/Benchmarks/Shootout-C++/strcat.reference_output.little-endian Output/strcat.out-nat; \
	elif [ -f "/home/ed/mcsema-testing/llvm-test-suite/SingleSource/Benchmarks/Shootout-C++/strcat.reference_output" ]; then \
	  cp /home/ed/mcsema-testing/llvm-test-suite/SingleSource/Benchmarks/Shootout-C++/strcat.reference_output Output/strcat.out-nat; \
	else \
	  printf "WARNING: %s: %s\n" "NO REFERENCE OUTPUT (using default)" "/home/ed/mcsema-testing/llvm-test-suite/SingleSource/Benchmarks/Shootout-C++/strcat.reference_output" > Output/strcat.out-nat; \
	  cp /home/ed/mcsema-testing/llvm-test-suite/default.reference_output Output/strcat.out-nat; \
	  cat Output/strcat.out-nat; \
	fi
# Pretend that the reference output was produced instantaneously.
cp /home/ed/mcsema-testing/llvm-test-suite/instant.txt Output/strcat.out-nat.time
/home/ed/mcsema-testing/llvm-test-suite/DiffOutput.sh "/home/ed/mcsema-testing/SANDBOX/test-2015-12-21_15-36-50/tools/fpcmp  -r 0.00000001" simple strcat 
rm -f Output/strcat.exe-simple
cp Output/strcat.diff-simple Output/strcat.exe-simple
if test -f Output/strcat.extra-results.txt; then \
	  /home/ed/mcsema-testing/llvm-test-suite/ParseMultipleResults /home/ed/mcsema-testing/SANDBOX/test-2015-12-21_15-36-50/SingleSource/Benchmarks/Shootout-C++/strcat Output/strcat.extra-results.txt >> Output/strcat.simple.exec.report.txt; \
	fi
cat Output/strcat.simple.compile.report.txt Output/strcat.simple.exec.report.txt >> Output/strcat.simple.report.txt
---------------------------------------------------------------
>>> ========= '/home/ed/mcsema-testing/SANDBOX/test-2015-12-21_15-36-50/SingleSource/Benchmarks/Shootout-C++/strcat' Program
---------------------------------------------------------------

TEST-PASS: compile /home/ed/mcsema-testing/SANDBOX/test-2015-12-21_15-36-50/SingleSource/Benchmarks/Shootout-C++/strcat
TEST-RESULT-compile-success: pass
TEST-RESULT-compile-hash: 3ed475b30731121d0c47ff9085a3a709
TEST-RESULT-compile-time: user       0.1747
TEST-RESULT-compile-real-time: real       0.2017

TEST-PASS: exec /home/ed/mcsema-testing/SANDBOX/test-2015-12-21_15-36-50/SingleSource/Benchmarks/Shootout-C++/strcat
TEST-RESULT-exec-success: pass
TEST-RESULT-exec-time: user       0.0681
TEST-RESULT-exec-real-time: real       0.0843
/home/ed/mcsema-testing/llvm-test-suite/RunSafely.sh --show-errors -t "/home/ed/mcsema-testing/SANDBOX/test-2015-12-21_15-36-50/tools/timeit" 500 /dev/null Output/sumcol.llvm.o.compile \
	  /usr/bin/clang++ -Wno-deprecated -I/home/ed/mcsema-testing/SANDBOX/test-2015-12-21_15-36-50/SingleSource/Benchmarks/Shootout-C++ -I/home/ed/mcsema-testing/llvm-test-suite/SingleSource/Benchmarks/Shootout-C++ -I/home/ed/mcsema-testing/llvm-test-suite/include -I../../../include -D_GNU_SOURCE -D__STDC_LIMIT_MACROS -DNDEBUG -Wno-deprecated -O3  -m64 -fomit-frame-pointer -c /home/ed/mcsema-testing/llvm-test-suite/SingleSource/Benchmarks/Shootout-C++/sumcol.cpp -o Output/sumcol.llvm.o
cp Output/sumcol.llvm.o.compile.time Output/sumcol.simple.compile.time
/usr/bin/clang++ -o Output/sumcol.simple Output/sumcol.llvm.o -lstdc++   -m64 -fomit-frame-pointer
/home/ed/mcsema-testing/llvm-test-suite/RunSafely.sh -t "/home/ed/mcsema-testing/SANDBOX/test-2015-12-21_15-36-50/tools/timeit-target" 500 /dev/null Output/sumcol.out-simple Output/sumcol.simple 
cp Output/sumcol.simple Output/sumcol.simple-hash; \
	strip --remove-section=.comment --remove-section='.note*' Output/sumcol.simple-hash; \
	/home/ed/mcsema-testing/llvm-test-suite/HashProgramOutput.sh Output/sumcol.simple-hash
if [ -f "/home/ed/mcsema-testing/llvm-test-suite/SingleSource/Benchmarks/Shootout-C++/sumcol.reference_output.little-endian." ]; then \
	  cp /home/ed/mcsema-testing/llvm-test-suite/SingleSource/Benchmarks/Shootout-C++/sumcol.reference_output.little-endian. Output/sumcol.out-nat; \
	elif [ -f "/home/ed/mcsema-testing/llvm-test-suite/SingleSource/Benchmarks/Shootout-C++/sumcol.reference_output." ]; then \
	  cp /home/ed/mcsema-testing/llvm-test-suite/SingleSource/Benchmarks/Shootout-C++/sumcol.reference_output. Output/sumcol.out-nat; \
	elif [ -f "/home/ed/mcsema-testing/llvm-test-suite/SingleSource/Benchmarks/Shootout-C++/sumcol.reference_output.little-endian" ]; then \
	  cp /home/ed/mcsema-testing/llvm-test-suite/SingleSource/Benchmarks/Shootout-C++/sumcol.reference_output.little-endian Output/sumcol.out-nat; \
	elif [ -f "/home/ed/mcsema-testing/llvm-test-suite/SingleSource/Benchmarks/Shootout-C++/sumcol.reference_output" ]; then \
	  cp /home/ed/mcsema-testing/llvm-test-suite/SingleSource/Benchmarks/Shootout-C++/sumcol.reference_output Output/sumcol.out-nat; \
	else \
	  printf "WARNING: %s: %s\n" "NO REFERENCE OUTPUT (using default)" "/home/ed/mcsema-testing/llvm-test-suite/SingleSource/Benchmarks/Shootout-C++/sumcol.reference_output" > Output/sumcol.out-nat; \
	  cp /home/ed/mcsema-testing/llvm-test-suite/default.reference_output Output/sumcol.out-nat; \
	  cat Output/sumcol.out-nat; \
	fi
# Pretend that the reference output was produced instantaneously.
cp /home/ed/mcsema-testing/llvm-test-suite/instant.txt Output/sumcol.out-nat.time
/home/ed/mcsema-testing/llvm-test-suite/DiffOutput.sh "/home/ed/mcsema-testing/SANDBOX/test-2015-12-21_15-36-50/tools/fpcmp  -r 0.00000001" simple sumcol 
rm -f Output/sumcol.exe-simple
cp Output/sumcol.diff-simple Output/sumcol.exe-simple
if test -f Output/sumcol.extra-results.txt; then \
	  /home/ed/mcsema-testing/llvm-test-suite/ParseMultipleResults /home/ed/mcsema-testing/SANDBOX/test-2015-12-21_15-36-50/SingleSource/Benchmarks/Shootout-C++/sumcol Output/sumcol.extra-results.txt >> Output/sumcol.simple.exec.report.txt; \
	fi
cat Output/sumcol.simple.compile.report.txt Output/sumcol.simple.exec.report.txt >> Output/sumcol.simple.report.txt
---------------------------------------------------------------
>>> ========= '/home/ed/mcsema-testing/SANDBOX/test-2015-12-21_15-36-50/SingleSource/Benchmarks/Shootout-C++/sumcol' Program
---------------------------------------------------------------

TEST-PASS: compile /home/ed/mcsema-testing/SANDBOX/test-2015-12-21_15-36-50/SingleSource/Benchmarks/Shootout-C++/sumcol
TEST-RESULT-compile-success: pass
TEST-RESULT-compile-hash: a73afaf236ae832032a1e22ac74607b7
TEST-RESULT-compile-time: user       0.1803
TEST-RESULT-compile-real-time: real       0.2061

TEST-PASS: exec /home/ed/mcsema-testing/SANDBOX/test-2015-12-21_15-36-50/SingleSource/Benchmarks/Shootout-C++/sumcol
TEST-RESULT-exec-success: pass
TEST-RESULT-exec-time: user       0.0009
TEST-RESULT-exec-real-time: real       0.0018
/home/ed/mcsema-testing/llvm-test-suite/RunSafely.sh --show-errors -t "/home/ed/mcsema-testing/SANDBOX/test-2015-12-21_15-36-50/tools/timeit" 500 /dev/null Output/wc.llvm.o.compile \
	  /usr/bin/clang++ -Wno-deprecated -I/home/ed/mcsema-testing/SANDBOX/test-2015-12-21_15-36-50/SingleSource/Benchmarks/Shootout-C++ -I/home/ed/mcsema-testing/llvm-test-suite/SingleSource/Benchmarks/Shootout-C++ -I/home/ed/mcsema-testing/llvm-test-suite/include -I../../../include -D_GNU_SOURCE -D__STDC_LIMIT_MACROS -DNDEBUG -Wno-deprecated -O3  -m64 -fomit-frame-pointer -c /home/ed/mcsema-testing/llvm-test-suite/SingleSource/Benchmarks/Shootout-C++/wc.cpp -o Output/wc.llvm.o
cp Output/wc.llvm.o.compile.time Output/wc.simple.compile.time
/usr/bin/clang++ -o Output/wc.simple Output/wc.llvm.o -lstdc++   -m64 -fomit-frame-pointer
/home/ed/mcsema-testing/llvm-test-suite/RunSafely.sh -t "/home/ed/mcsema-testing/SANDBOX/test-2015-12-21_15-36-50/tools/timeit-target" 500 /dev/null Output/wc.out-simple Output/wc.simple 
cp Output/wc.simple Output/wc.simple-hash; \
	strip --remove-section=.comment --remove-section='.note*' Output/wc.simple-hash; \
	/home/ed/mcsema-testing/llvm-test-suite/HashProgramOutput.sh Output/wc.simple-hash
if [ -f "/home/ed/mcsema-testing/llvm-test-suite/SingleSource/Benchmarks/Shootout-C++/wc.reference_output.little-endian." ]; then \
	  cp /home/ed/mcsema-testing/llvm-test-suite/SingleSource/Benchmarks/Shootout-C++/wc.reference_output.little-endian. Output/wc.out-nat; \
	elif [ -f "/home/ed/mcsema-testing/llvm-test-suite/SingleSource/Benchmarks/Shootout-C++/wc.reference_output." ]; then \
	  cp /home/ed/mcsema-testing/llvm-test-suite/SingleSource/Benchmarks/Shootout-C++/wc.reference_output. Output/wc.out-nat; \
	elif [ -f "/home/ed/mcsema-testing/llvm-test-suite/SingleSource/Benchmarks/Shootout-C++/wc.reference_output.little-endian" ]; then \
	  cp /home/ed/mcsema-testing/llvm-test-suite/SingleSource/Benchmarks/Shootout-C++/wc.reference_output.little-endian Output/wc.out-nat; \
	elif [ -f "/home/ed/mcsema-testing/llvm-test-suite/SingleSource/Benchmarks/Shootout-C++/wc.reference_output" ]; then \
	  cp /home/ed/mcsema-testing/llvm-test-suite/SingleSource/Benchmarks/Shootout-C++/wc.reference_output Output/wc.out-nat; \
	else \
	  printf "WARNING: %s: %s\n" "NO REFERENCE OUTPUT (using default)" "/home/ed/mcsema-testing/llvm-test-suite/SingleSource/Benchmarks/Shootout-C++/wc.reference_output" > Output/wc.out-nat; \
	  cp /home/ed/mcsema-testing/llvm-test-suite/default.reference_output Output/wc.out-nat; \
	  cat Output/wc.out-nat; \
	fi
# Pretend that the reference output was produced instantaneously.
cp /home/ed/mcsema-testing/llvm-test-suite/instant.txt Output/wc.out-nat.time
/home/ed/mcsema-testing/llvm-test-suite/DiffOutput.sh "/home/ed/mcsema-testing/SANDBOX/test-2015-12-21_15-36-50/tools/fpcmp  -r 0.00000001" simple wc 
rm -f Output/wc.exe-simple
cp Output/wc.diff-simple Output/wc.exe-simple
if test -f Output/wc.extra-results.txt; then \
	  /home/ed/mcsema-testing/llvm-test-suite/ParseMultipleResults /home/ed/mcsema-testing/SANDBOX/test-2015-12-21_15-36-50/SingleSource/Benchmarks/Shootout-C++/wc Output/wc.extra-results.txt >> Output/wc.simple.exec.report.txt; \
	fi
cat Output/wc.simple.compile.report.txt Output/wc.simple.exec.report.txt >> Output/wc.simple.report.txt
---------------------------------------------------------------
>>> ========= '/home/ed/mcsema-testing/SANDBOX/test-2015-12-21_15-36-50/SingleSource/Benchmarks/Shootout-C++/wc' Program
---------------------------------------------------------------

TEST-PASS: compile /home/ed/mcsema-testing/SANDBOX/test-2015-12-21_15-36-50/SingleSource/Benchmarks/Shootout-C++/wc
TEST-RESULT-compile-success: pass
TEST-RESULT-compile-hash: 0093cad231df09f01326b60d9988b7a9
TEST-RESULT-compile-time: user       0.1878
TEST-RESULT-compile-real-time: real       0.2144

TEST-PASS: exec /home/ed/mcsema-testing/SANDBOX/test-2015-12-21_15-36-50/SingleSource/Benchmarks/Shootout-C++/wc
TEST-RESULT-exec-success: pass
TEST-RESULT-exec-time: user       0.0009
TEST-RESULT-exec-real-time: real       0.0018
/home/ed/mcsema-testing/llvm-test-suite/RunSafely.sh --show-errors -t "/home/ed/mcsema-testing/SANDBOX/test-2015-12-21_15-36-50/tools/timeit" 500 /dev/null Output/wordfreq.llvm.o.compile \
	  /usr/bin/clang++ -Wno-deprecated -I/home/ed/mcsema-testing/SANDBOX/test-2015-12-21_15-36-50/SingleSource/Benchmarks/Shootout-C++ -I/home/ed/mcsema-testing/llvm-test-suite/SingleSource/Benchmarks/Shootout-C++ -I/home/ed/mcsema-testing/llvm-test-suite/include -I../../../include -D_GNU_SOURCE -D__STDC_LIMIT_MACROS -DNDEBUG -Wno-deprecated -O3  -m64 -fomit-frame-pointer -c /home/ed/mcsema-testing/llvm-test-suite/SingleSource/Benchmarks/Shootout-C++/wordfreq.cpp -o Output/wordfreq.llvm.o
cp Output/wordfreq.llvm.o.compile.time Output/wordfreq.simple.compile.time
/usr/bin/clang++ -o Output/wordfreq.simple Output/wordfreq.llvm.o -lstdc++   -m64 -fomit-frame-pointer
/home/ed/mcsema-testing/llvm-test-suite/RunSafely.sh -t "/home/ed/mcsema-testing/SANDBOX/test-2015-12-21_15-36-50/tools/timeit-target" 500 /dev/null Output/wordfreq.out-simple Output/wordfreq.simple 
cp Output/wordfreq.simple Output/wordfreq.simple-hash; \
	strip --remove-section=.comment --remove-section='.note*' Output/wordfreq.simple-hash; \
	/home/ed/mcsema-testing/llvm-test-suite/HashProgramOutput.sh Output/wordfreq.simple-hash
if [ -f "/home/ed/mcsema-testing/llvm-test-suite/SingleSource/Benchmarks/Shootout-C++/wordfreq.reference_output.little-endian." ]; then \
	  cp /home/ed/mcsema-testing/llvm-test-suite/SingleSource/Benchmarks/Shootout-C++/wordfreq.reference_output.little-endian. Output/wordfreq.out-nat; \
	elif [ -f "/home/ed/mcsema-testing/llvm-test-suite/SingleSource/Benchmarks/Shootout-C++/wordfreq.reference_output." ]; then \
	  cp /home/ed/mcsema-testing/llvm-test-suite/SingleSource/Benchmarks/Shootout-C++/wordfreq.reference_output. Output/wordfreq.out-nat; \
	elif [ -f "/home/ed/mcsema-testing/llvm-test-suite/SingleSource/Benchmarks/Shootout-C++/wordfreq.reference_output.little-endian" ]; then \
	  cp /home/ed/mcsema-testing/llvm-test-suite/SingleSource/Benchmarks/Shootout-C++/wordfreq.reference_output.little-endian Output/wordfreq.out-nat; \
	elif [ -f "/home/ed/mcsema-testing/llvm-test-suite/SingleSource/Benchmarks/Shootout-C++/wordfreq.reference_output" ]; then \
	  cp /home/ed/mcsema-testing/llvm-test-suite/SingleSource/Benchmarks/Shootout-C++/wordfreq.reference_output Output/wordfreq.out-nat; \
	else \
	  printf "WARNING: %s: %s\n" "NO REFERENCE OUTPUT (using default)" "/home/ed/mcsema-testing/llvm-test-suite/SingleSource/Benchmarks/Shootout-C++/wordfreq.reference_output" > Output/wordfreq.out-nat; \
	  cp /home/ed/mcsema-testing/llvm-test-suite/default.reference_output Output/wordfreq.out-nat; \
	  cat Output/wordfreq.out-nat; \
	fi
# Pretend that the reference output was produced instantaneously.
cp /home/ed/mcsema-testing/llvm-test-suite/instant.txt Output/wordfreq.out-nat.time
/home/ed/mcsema-testing/llvm-test-suite/DiffOutput.sh "/home/ed/mcsema-testing/SANDBOX/test-2015-12-21_15-36-50/tools/fpcmp  -r 0.00000001" simple wordfreq 
rm -f Output/wordfreq.exe-simple
cp Output/wordfreq.diff-simple Output/wordfreq.exe-simple
if test -f Output/wordfreq.extra-results.txt; then \
	  /home/ed/mcsema-testing/llvm-test-suite/ParseMultipleResults /home/ed/mcsema-testing/SANDBOX/test-2015-12-21_15-36-50/SingleSource/Benchmarks/Shootout-C++/wordfreq Output/wordfreq.extra-results.txt >> Output/wordfreq.simple.exec.report.txt; \
	fi
cat Output/wordfreq.simple.compile.report.txt Output/wordfreq.simple.exec.report.txt >> Output/wordfreq.simple.report.txt
---------------------------------------------------------------
>>> ========= '/home/ed/mcsema-testing/SANDBOX/test-2015-12-21_15-36-50/SingleSource/Benchmarks/Shootout-C++/wordfreq' Program
---------------------------------------------------------------

TEST-PASS: compile /home/ed/mcsema-testing/SANDBOX/test-2015-12-21_15-36-50/SingleSource/Benchmarks/Shootout-C++/wordfreq
TEST-RESULT-compile-success: pass
TEST-RESULT-compile-hash: 6b9ad3efeff3b75c1334f77b77d885e0
TEST-RESULT-compile-time: user       0.2316
TEST-RESULT-compile-real-time: real       0.2575

TEST-PASS: exec /home/ed/mcsema-testing/SANDBOX/test-2015-12-21_15-36-50/SingleSource/Benchmarks/Shootout-C++/wordfreq
TEST-RESULT-exec-success: pass
TEST-RESULT-exec-time: user       0.0008
TEST-RESULT-exec-real-time: real       0.0016
make[4]: Leaving directory `/home/ed/mcsema-testing/SANDBOX/test-2015-12-21_15-36-50/SingleSource/Benchmarks/Shootout-C++'
make[4]: Entering directory `/home/ed/mcsema-testing/SANDBOX/test-2015-12-21_15-36-50/SingleSource/Benchmarks/Stanford'
/home/ed/mcsema-testing/llvm-test-suite/RunSafely.sh --show-errors -t "/home/ed/mcsema-testing/SANDBOX/test-2015-12-21_15-36-50/tools/timeit" 500 /dev/null Output/Bubblesort.llvm.o.compile \
	  /usr/bin/clang -I/home/ed/mcsema-testing/SANDBOX/test-2015-12-21_15-36-50/SingleSource/Benchmarks/Stanford -I/home/ed/mcsema-testing/llvm-test-suite/SingleSource/Benchmarks/Stanford -I/home/ed/mcsema-testing/llvm-test-suite/include -I../../../include -D_GNU_SOURCE -D__STDC_LIMIT_MACROS -DNDEBUG  -O3  -m64 -fomit-frame-pointer -c /home/ed/mcsema-testing/llvm-test-suite/SingleSource/Benchmarks/Stanford/Bubblesort.c -o Output/Bubblesort.llvm.o
cp Output/Bubblesort.llvm.o.compile.time Output/Bubblesort.simple.compile.time
/usr/bin/clang++ -o Output/Bubblesort.simple Output/Bubblesort.llvm.o -lm   -m64 -fomit-frame-pointer
/home/ed/mcsema-testing/llvm-test-suite/RunSafely.sh -t "/home/ed/mcsema-testing/SANDBOX/test-2015-12-21_15-36-50/tools/timeit-target" 500 /dev/null Output/Bubblesort.out-simple Output/Bubblesort.simple 
cp Output/Bubblesort.simple Output/Bubblesort.simple-hash; \
	strip --remove-section=.comment --remove-section='.note*' Output/Bubblesort.simple-hash; \
	/home/ed/mcsema-testing/llvm-test-suite/HashProgramOutput.sh Output/Bubblesort.simple-hash
if [ -f "/home/ed/mcsema-testing/llvm-test-suite/SingleSource/Benchmarks/Stanford/Bubblesort.reference_output.little-endian." ]; then \
	  cp /home/ed/mcsema-testing/llvm-test-suite/SingleSource/Benchmarks/Stanford/Bubblesort.reference_output.little-endian. Output/Bubblesort.out-nat; \
	elif [ -f "/home/ed/mcsema-testing/llvm-test-suite/SingleSource/Benchmarks/Stanford/Bubblesort.reference_output." ]; then \
	  cp /home/ed/mcsema-testing/llvm-test-suite/SingleSource/Benchmarks/Stanford/Bubblesort.reference_output. Output/Bubblesort.out-nat; \
	elif [ -f "/home/ed/mcsema-testing/llvm-test-suite/SingleSource/Benchmarks/Stanford/Bubblesort.reference_output.little-endian" ]; then \
	  cp /home/ed/mcsema-testing/llvm-test-suite/SingleSource/Benchmarks/Stanford/Bubblesort.reference_output.little-endian Output/Bubblesort.out-nat; \
	elif [ -f "/home/ed/mcsema-testing/llvm-test-suite/SingleSource/Benchmarks/Stanford/Bubblesort.reference_output" ]; then \
	  cp /home/ed/mcsema-testing/llvm-test-suite/SingleSource/Benchmarks/Stanford/Bubblesort.reference_output Output/Bubblesort.out-nat; \
	else \
	  printf "WARNING: %s: %s\n" "NO REFERENCE OUTPUT (using default)" "/home/ed/mcsema-testing/llvm-test-suite/SingleSource/Benchmarks/Stanford/Bubblesort.reference_output" > Output/Bubblesort.out-nat; \
	  cp /home/ed/mcsema-testing/llvm-test-suite/default.reference_output Output/Bubblesort.out-nat; \
	  cat Output/Bubblesort.out-nat; \
	fi
# Pretend that the reference output was produced instantaneously.
cp /home/ed/mcsema-testing/llvm-test-suite/instant.txt Output/Bubblesort.out-nat.time
/home/ed/mcsema-testing/llvm-test-suite/DiffOutput.sh "/home/ed/mcsema-testing/SANDBOX/test-2015-12-21_15-36-50/tools/fpcmp  -r 0.001" simple Bubblesort 
rm -f Output/Bubblesort.exe-simple
cp Output/Bubblesort.diff-simple Output/Bubblesort.exe-simple
if test -f Output/Bubblesort.extra-results.txt; then \
	  /home/ed/mcsema-testing/llvm-test-suite/ParseMultipleResults /home/ed/mcsema-testing/SANDBOX/test-2015-12-21_15-36-50/SingleSource/Benchmarks/Stanford/Bubblesort Output/Bubblesort.extra-results.txt >> Output/Bubblesort.simple.exec.report.txt; \
	fi
cat Output/Bubblesort.simple.compile.report.txt Output/Bubblesort.simple.exec.report.txt >> Output/Bubblesort.simple.report.txt
---------------------------------------------------------------
>>> ========= '/home/ed/mcsema-testing/SANDBOX/test-2015-12-21_15-36-50/SingleSource/Benchmarks/Stanford/Bubblesort' Program
---------------------------------------------------------------

TEST-PASS: compile /home/ed/mcsema-testing/SANDBOX/test-2015-12-21_15-36-50/SingleSource/Benchmarks/Stanford/Bubblesort
TEST-RESULT-compile-success: pass
TEST-RESULT-compile-hash: 650cead57caefbe1d5ca6a030aa4309a
TEST-RESULT-compile-time: user       0.0364
TEST-RESULT-compile-real-time: real       0.0519

TEST-PASS: exec /home/ed/mcsema-testing/SANDBOX/test-2015-12-21_15-36-50/SingleSource/Benchmarks/Stanford/Bubblesort
TEST-RESULT-exec-success: pass
TEST-RESULT-exec-time: user       0.0366
TEST-RESULT-exec-real-time: real       0.0376
/home/ed/mcsema-testing/llvm-test-suite/RunSafely.sh --show-errors -t "/home/ed/mcsema-testing/SANDBOX/test-2015-12-21_15-36-50/tools/timeit" 500 /dev/null Output/FloatMM.llvm.o.compile \
	  /usr/bin/clang -I/home/ed/mcsema-testing/SANDBOX/test-2015-12-21_15-36-50/SingleSource/Benchmarks/Stanford -I/home/ed/mcsema-testing/llvm-test-suite/SingleSource/Benchmarks/Stanford -I/home/ed/mcsema-testing/llvm-test-suite/include -I../../../include -D_GNU_SOURCE -D__STDC_LIMIT_MACROS -DNDEBUG  -O3  -m64 -fomit-frame-pointer -c /home/ed/mcsema-testing/llvm-test-suite/SingleSource/Benchmarks/Stanford/FloatMM.c -o Output/FloatMM.llvm.o
cp Output/FloatMM.llvm.o.compile.time Output/FloatMM.simple.compile.time
/usr/bin/clang++ -o Output/FloatMM.simple Output/FloatMM.llvm.o -lm   -m64 -fomit-frame-pointer
/home/ed/mcsema-testing/llvm-test-suite/RunSafely.sh -t "/home/ed/mcsema-testing/SANDBOX/test-2015-12-21_15-36-50/tools/timeit-target" 500 /dev/null Output/FloatMM.out-simple Output/FloatMM.simple 
cp Output/FloatMM.simple Output/FloatMM.simple-hash; \
	strip --remove-section=.comment --remove-section='.note*' Output/FloatMM.simple-hash; \
	/home/ed/mcsema-testing/llvm-test-suite/HashProgramOutput.sh Output/FloatMM.simple-hash
if [ -f "/home/ed/mcsema-testing/llvm-test-suite/SingleSource/Benchmarks/Stanford/FloatMM.reference_output.little-endian." ]; then \
	  cp /home/ed/mcsema-testing/llvm-test-suite/SingleSource/Benchmarks/Stanford/FloatMM.reference_output.little-endian. Output/FloatMM.out-nat; \
	elif [ -f "/home/ed/mcsema-testing/llvm-test-suite/SingleSource/Benchmarks/Stanford/FloatMM.reference_output." ]; then \
	  cp /home/ed/mcsema-testing/llvm-test-suite/SingleSource/Benchmarks/Stanford/FloatMM.reference_output. Output/FloatMM.out-nat; \
	elif [ -f "/home/ed/mcsema-testing/llvm-test-suite/SingleSource/Benchmarks/Stanford/FloatMM.reference_output.little-endian" ]; then \
	  cp /home/ed/mcsema-testing/llvm-test-suite/SingleSource/Benchmarks/Stanford/FloatMM.reference_output.little-endian Output/FloatMM.out-nat; \
	elif [ -f "/home/ed/mcsema-testing/llvm-test-suite/SingleSource/Benchmarks/Stanford/FloatMM.reference_output" ]; then \
	  cp /home/ed/mcsema-testing/llvm-test-suite/SingleSource/Benchmarks/Stanford/FloatMM.reference_output Output/FloatMM.out-nat; \
	else \
	  printf "WARNING: %s: %s\n" "NO REFERENCE OUTPUT (using default)" "/home/ed/mcsema-testing/llvm-test-suite/SingleSource/Benchmarks/Stanford/FloatMM.reference_output" > Output/FloatMM.out-nat; \
	  cp /home/ed/mcsema-testing/llvm-test-suite/default.reference_output Output/FloatMM.out-nat; \
	  cat Output/FloatMM.out-nat; \
	fi
# Pretend that the reference output was produced instantaneously.
cp /home/ed/mcsema-testing/llvm-test-suite/instant.txt Output/FloatMM.out-nat.time
/home/ed/mcsema-testing/llvm-test-suite/DiffOutput.sh "/home/ed/mcsema-testing/SANDBOX/test-2015-12-21_15-36-50/tools/fpcmp  -r 0.001" simple FloatMM 
rm -f Output/FloatMM.exe-simple
cp Output/FloatMM.diff-simple Output/FloatMM.exe-simple
if test -f Output/FloatMM.extra-results.txt; then \
	  /home/ed/mcsema-testing/llvm-test-suite/ParseMultipleResults /home/ed/mcsema-testing/SANDBOX/test-2015-12-21_15-36-50/SingleSource/Benchmarks/Stanford/FloatMM Output/FloatMM.extra-results.txt >> Output/FloatMM.simple.exec.report.txt; \
	fi
cat Output/FloatMM.simple.compile.report.txt Output/FloatMM.simple.exec.report.txt >> Output/FloatMM.simple.report.txt
---------------------------------------------------------------
>>> ========= '/home/ed/mcsema-testing/SANDBOX/test-2015-12-21_15-36-50/SingleSource/Benchmarks/Stanford/FloatMM' Program
---------------------------------------------------------------

TEST-PASS: compile /home/ed/mcsema-testing/SANDBOX/test-2015-12-21_15-36-50/SingleSource/Benchmarks/Stanford/FloatMM
TEST-RESULT-compile-success: pass
TEST-RESULT-compile-hash: 400230c35cd219763438259287777280
TEST-RESULT-compile-time: user       0.0393
TEST-RESULT-compile-real-time: real       0.0555

TEST-PASS: exec /home/ed/mcsema-testing/SANDBOX/test-2015-12-21_15-36-50/SingleSource/Benchmarks/Stanford/FloatMM
TEST-RESULT-exec-success: pass
TEST-RESULT-exec-time: user       0.4048
TEST-RESULT-exec-real-time: real       0.4069
/home/ed/mcsema-testing/llvm-test-suite/RunSafely.sh --show-errors -t "/home/ed/mcsema-testing/SANDBOX/test-2015-12-21_15-36-50/tools/timeit" 500 /dev/null Output/IntMM.llvm.o.compile \
	  /usr/bin/clang -I/home/ed/mcsema-testing/SANDBOX/test-2015-12-21_15-36-50/SingleSource/Benchmarks/Stanford -I/home/ed/mcsema-testing/llvm-test-suite/SingleSource/Benchmarks/Stanford -I/home/ed/mcsema-testing/llvm-test-suite/include -I../../../include -D_GNU_SOURCE -D__STDC_LIMIT_MACROS -DNDEBUG  -O3  -m64 -fomit-frame-pointer -c /home/ed/mcsema-testing/llvm-test-suite/SingleSource/Benchmarks/Stanford/IntMM.c -o Output/IntMM.llvm.o
cp Output/IntMM.llvm.o.compile.time Output/IntMM.simple.compile.time
/usr/bin/clang++ -o Output/IntMM.simple Output/IntMM.llvm.o -lm   -m64 -fomit-frame-pointer
/home/ed/mcsema-testing/llvm-test-suite/RunSafely.sh -t "/home/ed/mcsema-testing/SANDBOX/test-2015-12-21_15-36-50/tools/timeit-target" 500 /dev/null Output/IntMM.out-simple Output/IntMM.simple 
cp Output/IntMM.simple Output/IntMM.simple-hash; \
	strip --remove-section=.comment --remove-section='.note*' Output/IntMM.simple-hash; \
	/home/ed/mcsema-testing/llvm-test-suite/HashProgramOutput.sh Output/IntMM.simple-hash
if [ -f "/home/ed/mcsema-testing/llvm-test-suite/SingleSource/Benchmarks/Stanford/IntMM.reference_output.little-endian." ]; then \
	  cp /home/ed/mcsema-testing/llvm-test-suite/SingleSource/Benchmarks/Stanford/IntMM.reference_output.little-endian. Output/IntMM.out-nat; \
	elif [ -f "/home/ed/mcsema-testing/llvm-test-suite/SingleSource/Benchmarks/Stanford/IntMM.reference_output." ]; then \
	  cp /home/ed/mcsema-testing/llvm-test-suite/SingleSource/Benchmarks/Stanford/IntMM.reference_output. Output/IntMM.out-nat; \
	elif [ -f "/home/ed/mcsema-testing/llvm-test-suite/SingleSource/Benchmarks/Stanford/IntMM.reference_output.little-endian" ]; then \
	  cp /home/ed/mcsema-testing/llvm-test-suite/SingleSource/Benchmarks/Stanford/IntMM.reference_output.little-endian Output/IntMM.out-nat; \
	elif [ -f "/home/ed/mcsema-testing/llvm-test-suite/SingleSource/Benchmarks/Stanford/IntMM.reference_output" ]; then \
	  cp /home/ed/mcsema-testing/llvm-test-suite/SingleSource/Benchmarks/Stanford/IntMM.reference_output Output/IntMM.out-nat; \
	else \
	  printf "WARNING: %s: %s\n" "NO REFERENCE OUTPUT (using default)" "/home/ed/mcsema-testing/llvm-test-suite/SingleSource/Benchmarks/Stanford/IntMM.reference_output" > Output/IntMM.out-nat; \
	  cp /home/ed/mcsema-testing/llvm-test-suite/default.reference_output Output/IntMM.out-nat; \
	  cat Output/IntMM.out-nat; \
	fi
# Pretend that the reference output was produced instantaneously.
cp /home/ed/mcsema-testing/llvm-test-suite/instant.txt Output/IntMM.out-nat.time
/home/ed/mcsema-testing/llvm-test-suite/DiffOutput.sh "/home/ed/mcsema-testing/SANDBOX/test-2015-12-21_15-36-50/tools/fpcmp  -r 0.001" simple IntMM 
rm -f Output/IntMM.exe-simple
cp Output/IntMM.diff-simple Output/IntMM.exe-simple
if test -f Output/IntMM.extra-results.txt; then \
	  /home/ed/mcsema-testing/llvm-test-suite/ParseMultipleResults /home/ed/mcsema-testing/SANDBOX/test-2015-12-21_15-36-50/SingleSource/Benchmarks/Stanford/IntMM Output/IntMM.extra-results.txt >> Output/IntMM.simple.exec.report.txt; \
	fi
cat Output/IntMM.simple.compile.report.txt Output/IntMM.simple.exec.report.txt >> Output/IntMM.simple.report.txt
---------------------------------------------------------------
>>> ========= '/home/ed/mcsema-testing/SANDBOX/test-2015-12-21_15-36-50/SingleSource/Benchmarks/Stanford/IntMM' Program
---------------------------------------------------------------

TEST-PASS: compile /home/ed/mcsema-testing/SANDBOX/test-2015-12-21_15-36-50/SingleSource/Benchmarks/Stanford/IntMM
TEST-RESULT-compile-success: pass
TEST-RESULT-compile-hash: d983c915564ce402799d6612242144dc
TEST-RESULT-compile-time: user       0.0383
TEST-RESULT-compile-real-time: real       0.0536

TEST-PASS: exec /home/ed/mcsema-testing/SANDBOX/test-2015-12-21_15-36-50/SingleSource/Benchmarks/Stanford/IntMM
TEST-RESULT-exec-success: pass
TEST-RESULT-exec-time: user       0.0015
TEST-RESULT-exec-real-time: real       0.0023
/home/ed/mcsema-testing/llvm-test-suite/RunSafely.sh --show-errors -t "/home/ed/mcsema-testing/SANDBOX/test-2015-12-21_15-36-50/tools/timeit" 500 /dev/null Output/Oscar.llvm.o.compile \
	  /usr/bin/clang -I/home/ed/mcsema-testing/SANDBOX/test-2015-12-21_15-36-50/SingleSource/Benchmarks/Stanford -I/home/ed/mcsema-testing/llvm-test-suite/SingleSource/Benchmarks/Stanford -I/home/ed/mcsema-testing/llvm-test-suite/include -I../../../include -D_GNU_SOURCE -D__STDC_LIMIT_MACROS -DNDEBUG  -O3  -m64 -fomit-frame-pointer -c /home/ed/mcsema-testing/llvm-test-suite/SingleSource/Benchmarks/Stanford/Oscar.c -o Output/Oscar.llvm.o
cp Output/Oscar.llvm.o.compile.time Output/Oscar.simple.compile.time
/usr/bin/clang++ -o Output/Oscar.simple Output/Oscar.llvm.o -lm   -m64 -fomit-frame-pointer
/home/ed/mcsema-testing/llvm-test-suite/RunSafely.sh -t "/home/ed/mcsema-testing/SANDBOX/test-2015-12-21_15-36-50/tools/timeit-target" 500 /dev/null Output/Oscar.out-simple Output/Oscar.simple 
cp Output/Oscar.simple Output/Oscar.simple-hash; \
	strip --remove-section=.comment --remove-section='.note*' Output/Oscar.simple-hash; \
	/home/ed/mcsema-testing/llvm-test-suite/HashProgramOutput.sh Output/Oscar.simple-hash
if [ -f "/home/ed/mcsema-testing/llvm-test-suite/SingleSource/Benchmarks/Stanford/Oscar.reference_output.little-endian." ]; then \
	  cp /home/ed/mcsema-testing/llvm-test-suite/SingleSource/Benchmarks/Stanford/Oscar.reference_output.little-endian. Output/Oscar.out-nat; \
	elif [ -f "/home/ed/mcsema-testing/llvm-test-suite/SingleSource/Benchmarks/Stanford/Oscar.reference_output." ]; then \
	  cp /home/ed/mcsema-testing/llvm-test-suite/SingleSource/Benchmarks/Stanford/Oscar.reference_output. Output/Oscar.out-nat; \
	elif [ -f "/home/ed/mcsema-testing/llvm-test-suite/SingleSource/Benchmarks/Stanford/Oscar.reference_output.little-endian" ]; then \
	  cp /home/ed/mcsema-testing/llvm-test-suite/SingleSource/Benchmarks/Stanford/Oscar.reference_output.little-endian Output/Oscar.out-nat; \
	elif [ -f "/home/ed/mcsema-testing/llvm-test-suite/SingleSource/Benchmarks/Stanford/Oscar.reference_output" ]; then \
	  cp /home/ed/mcsema-testing/llvm-test-suite/SingleSource/Benchmarks/Stanford/Oscar.reference_output Output/Oscar.out-nat; \
	else \
	  printf "WARNING: %s: %s\n" "NO REFERENCE OUTPUT (using default)" "/home/ed/mcsema-testing/llvm-test-suite/SingleSource/Benchmarks/Stanford/Oscar.reference_output" > Output/Oscar.out-nat; \
	  cp /home/ed/mcsema-testing/llvm-test-suite/default.reference_output Output/Oscar.out-nat; \
	  cat Output/Oscar.out-nat; \
	fi
# Pretend that the reference output was produced instantaneously.
cp /home/ed/mcsema-testing/llvm-test-suite/instant.txt Output/Oscar.out-nat.time
/home/ed/mcsema-testing/llvm-test-suite/DiffOutput.sh "/home/ed/mcsema-testing/SANDBOX/test-2015-12-21_15-36-50/tools/fpcmp  -r 0.001" simple Oscar 
rm -f Output/Oscar.exe-simple
cp Output/Oscar.diff-simple Output/Oscar.exe-simple
if test -f Output/Oscar.extra-results.txt; then \
	  /home/ed/mcsema-testing/llvm-test-suite/ParseMultipleResults /home/ed/mcsema-testing/SANDBOX/test-2015-12-21_15-36-50/SingleSource/Benchmarks/Stanford/Oscar Output/Oscar.extra-results.txt >> Output/Oscar.simple.exec.report.txt; \
	fi
cat Output/Oscar.simple.compile.report.txt Output/Oscar.simple.exec.report.txt >> Output/Oscar.simple.report.txt
---------------------------------------------------------------
>>> ========= '/home/ed/mcsema-testing/SANDBOX/test-2015-12-21_15-36-50/SingleSource/Benchmarks/Stanford/Oscar' Program
---------------------------------------------------------------

TEST-PASS: compile /home/ed/mcsema-testing/SANDBOX/test-2015-12-21_15-36-50/SingleSource/Benchmarks/Stanford/Oscar
TEST-RESULT-compile-success: pass
TEST-RESULT-compile-hash: f36f66b84a6c102d66a21a042db8660e
TEST-RESULT-compile-time: user       0.0508
TEST-RESULT-compile-real-time: real       0.0672

TEST-PASS: exec /home/ed/mcsema-testing/SANDBOX/test-2015-12-21_15-36-50/SingleSource/Benchmarks/Stanford/Oscar
TEST-RESULT-exec-success: pass
TEST-RESULT-exec-time: user       0.0025
TEST-RESULT-exec-real-time: real       0.0036
/home/ed/mcsema-testing/llvm-test-suite/RunSafely.sh --show-errors -t "/home/ed/mcsema-testing/SANDBOX/test-2015-12-21_15-36-50/tools/timeit" 500 /dev/null Output/Perm.llvm.o.compile \
	  /usr/bin/clang -I/home/ed/mcsema-testing/SANDBOX/test-2015-12-21_15-36-50/SingleSource/Benchmarks/Stanford -I/home/ed/mcsema-testing/llvm-test-suite/SingleSource/Benchmarks/Stanford -I/home/ed/mcsema-testing/llvm-test-suite/include -I../../../include -D_GNU_SOURCE -D__STDC_LIMIT_MACROS -DNDEBUG  -O3  -m64 -fomit-frame-pointer -c /home/ed/mcsema-testing/llvm-test-suite/SingleSource/Benchmarks/Stanford/Perm.c -o Output/Perm.llvm.o
cp Output/Perm.llvm.o.compile.time Output/Perm.simple.compile.time
/usr/bin/clang++ -o Output/Perm.simple Output/Perm.llvm.o -lm   -m64 -fomit-frame-pointer
/home/ed/mcsema-testing/llvm-test-suite/RunSafely.sh -t "/home/ed/mcsema-testing/SANDBOX/test-2015-12-21_15-36-50/tools/timeit-target" 500 /dev/null Output/Perm.out-simple Output/Perm.simple 
cp Output/Perm.simple Output/Perm.simple-hash; \
	strip --remove-section=.comment --remove-section='.note*' Output/Perm.simple-hash; \
	/home/ed/mcsema-testing/llvm-test-suite/HashProgramOutput.sh Output/Perm.simple-hash
if [ -f "/home/ed/mcsema-testing/llvm-test-suite/SingleSource/Benchmarks/Stanford/Perm.reference_output.little-endian." ]; then \
	  cp /home/ed/mcsema-testing/llvm-test-suite/SingleSource/Benchmarks/Stanford/Perm.reference_output.little-endian. Output/Perm.out-nat; \
	elif [ -f "/home/ed/mcsema-testing/llvm-test-suite/SingleSource/Benchmarks/Stanford/Perm.reference_output." ]; then \
	  cp /home/ed/mcsema-testing/llvm-test-suite/SingleSource/Benchmarks/Stanford/Perm.reference_output. Output/Perm.out-nat; \
	elif [ -f "/home/ed/mcsema-testing/llvm-test-suite/SingleSource/Benchmarks/Stanford/Perm.reference_output.little-endian" ]; then \
	  cp /home/ed/mcsema-testing/llvm-test-suite/SingleSource/Benchmarks/Stanford/Perm.reference_output.little-endian Output/Perm.out-nat; \
	elif [ -f "/home/ed/mcsema-testing/llvm-test-suite/SingleSource/Benchmarks/Stanford/Perm.reference_output" ]; then \
	  cp /home/ed/mcsema-testing/llvm-test-suite/SingleSource/Benchmarks/Stanford/Perm.reference_output Output/Perm.out-nat; \
	else \
	  printf "WARNING: %s: %s\n" "NO REFERENCE OUTPUT (using default)" "/home/ed/mcsema-testing/llvm-test-suite/SingleSource/Benchmarks/Stanford/Perm.reference_output" > Output/Perm.out-nat; \
	  cp /home/ed/mcsema-testing/llvm-test-suite/default.reference_output Output/Perm.out-nat; \
	  cat Output/Perm.out-nat; \
	fi
# Pretend that the reference output was produced instantaneously.
cp /home/ed/mcsema-testing/llvm-test-suite/instant.txt Output/Perm.out-nat.time
/home/ed/mcsema-testing/llvm-test-suite/DiffOutput.sh "/home/ed/mcsema-testing/SANDBOX/test-2015-12-21_15-36-50/tools/fpcmp  -r 0.001" simple Perm 
rm -f Output/Perm.exe-simple
cp Output/Perm.diff-simple Output/Perm.exe-simple
if test -f Output/Perm.extra-results.txt; then \
	  /home/ed/mcsema-testing/llvm-test-suite/ParseMultipleResults /home/ed/mcsema-testing/SANDBOX/test-2015-12-21_15-36-50/SingleSource/Benchmarks/Stanford/Perm Output/Perm.extra-results.txt >> Output/Perm.simple.exec.report.txt; \
	fi
cat Output/Perm.simple.compile.report.txt Output/Perm.simple.exec.report.txt >> Output/Perm.simple.report.txt
---------------------------------------------------------------
>>> ========= '/home/ed/mcsema-testing/SANDBOX/test-2015-12-21_15-36-50/SingleSource/Benchmarks/Stanford/Perm' Program
---------------------------------------------------------------

TEST-PASS: compile /home/ed/mcsema-testing/SANDBOX/test-2015-12-21_15-36-50/SingleSource/Benchmarks/Stanford/Perm
TEST-RESULT-compile-success: pass
TEST-RESULT-compile-hash: cce24578a05cf176dbc70aa58a24222d
TEST-RESULT-compile-time: user       0.0336
TEST-RESULT-compile-real-time: real       0.0487

TEST-PASS: exec /home/ed/mcsema-testing/SANDBOX/test-2015-12-21_15-36-50/SingleSource/Benchmarks/Stanford/Perm
TEST-RESULT-exec-success: pass
TEST-RESULT-exec-time: user       0.0193
TEST-RESULT-exec-real-time: real       0.0205
/home/ed/mcsema-testing/llvm-test-suite/RunSafely.sh --show-errors -t "/home/ed/mcsema-testing/SANDBOX/test-2015-12-21_15-36-50/tools/timeit" 500 /dev/null Output/Puzzle.llvm.o.compile \
	  /usr/bin/clang -I/home/ed/mcsema-testing/SANDBOX/test-2015-12-21_15-36-50/SingleSource/Benchmarks/Stanford -I/home/ed/mcsema-testing/llvm-test-suite/SingleSource/Benchmarks/Stanford -I/home/ed/mcsema-testing/llvm-test-suite/include -I../../../include -D_GNU_SOURCE -D__STDC_LIMIT_MACROS -DNDEBUG  -O3  -m64 -fomit-frame-pointer -c /home/ed/mcsema-testing/llvm-test-suite/SingleSource/Benchmarks/Stanford/Puzzle.c -o Output/Puzzle.llvm.o
cp Output/Puzzle.llvm.o.compile.time Output/Puzzle.simple.compile.time
/usr/bin/clang++ -o Output/Puzzle.simple Output/Puzzle.llvm.o -lm   -m64 -fomit-frame-pointer
/home/ed/mcsema-testing/llvm-test-suite/RunSafely.sh -t "/home/ed/mcsema-testing/SANDBOX/test-2015-12-21_15-36-50/tools/timeit-target" 500 /dev/null Output/Puzzle.out-simple Output/Puzzle.simple 
cp Output/Puzzle.simple Output/Puzzle.simple-hash; \
	strip --remove-section=.comment --remove-section='.note*' Output/Puzzle.simple-hash; \
	/home/ed/mcsema-testing/llvm-test-suite/HashProgramOutput.sh Output/Puzzle.simple-hash
if [ -f "/home/ed/mcsema-testing/llvm-test-suite/SingleSource/Benchmarks/Stanford/Puzzle.reference_output.little-endian." ]; then \
	  cp /home/ed/mcsema-testing/llvm-test-suite/SingleSource/Benchmarks/Stanford/Puzzle.reference_output.little-endian. Output/Puzzle.out-nat; \
	elif [ -f "/home/ed/mcsema-testing/llvm-test-suite/SingleSource/Benchmarks/Stanford/Puzzle.reference_output." ]; then \
	  cp /home/ed/mcsema-testing/llvm-test-suite/SingleSource/Benchmarks/Stanford/Puzzle.reference_output. Output/Puzzle.out-nat; \
	elif [ -f "/home/ed/mcsema-testing/llvm-test-suite/SingleSource/Benchmarks/Stanford/Puzzle.reference_output.little-endian" ]; then \
	  cp /home/ed/mcsema-testing/llvm-test-suite/SingleSource/Benchmarks/Stanford/Puzzle.reference_output.little-endian Output/Puzzle.out-nat; \
	elif [ -f "/home/ed/mcsema-testing/llvm-test-suite/SingleSource/Benchmarks/Stanford/Puzzle.reference_output" ]; then \
	  cp /home/ed/mcsema-testing/llvm-test-suite/SingleSource/Benchmarks/Stanford/Puzzle.reference_output Output/Puzzle.out-nat; \
	else \
	  printf "WARNING: %s: %s\n" "NO REFERENCE OUTPUT (using default)" "/home/ed/mcsema-testing/llvm-test-suite/SingleSource/Benchmarks/Stanford/Puzzle.reference_output" > Output/Puzzle.out-nat; \
	  cp /home/ed/mcsema-testing/llvm-test-suite/default.reference_output Output/Puzzle.out-nat; \
	  cat Output/Puzzle.out-nat; \
	fi
# Pretend that the reference output was produced instantaneously.
cp /home/ed/mcsema-testing/llvm-test-suite/instant.txt Output/Puzzle.out-nat.time
/home/ed/mcsema-testing/llvm-test-suite/DiffOutput.sh "/home/ed/mcsema-testing/SANDBOX/test-2015-12-21_15-36-50/tools/fpcmp  -r 0.001" simple Puzzle 
rm -f Output/Puzzle.exe-simple
cp Output/Puzzle.diff-simple Output/Puzzle.exe-simple
if test -f Output/Puzzle.extra-results.txt; then \
	  /home/ed/mcsema-testing/llvm-test-suite/ParseMultipleResults /home/ed/mcsema-testing/SANDBOX/test-2015-12-21_15-36-50/SingleSource/Benchmarks/Stanford/Puzzle Output/Puzzle.extra-results.txt >> Output/Puzzle.simple.exec.report.txt; \
	fi
cat Output/Puzzle.simple.compile.report.txt Output/Puzzle.simple.exec.report.txt >> Output/Puzzle.simple.report.txt
---------------------------------------------------------------
>>> ========= '/home/ed/mcsema-testing/SANDBOX/test-2015-12-21_15-36-50/SingleSource/Benchmarks/Stanford/Puzzle' Program
---------------------------------------------------------------

TEST-PASS: compile /home/ed/mcsema-testing/SANDBOX/test-2015-12-21_15-36-50/SingleSource/Benchmarks/Stanford/Puzzle
TEST-RESULT-compile-success: pass
TEST-RESULT-compile-hash: f6d20d5898024c443fd6f295674abe77
TEST-RESULT-compile-time: user       0.0754
TEST-RESULT-compile-real-time: real       0.0924

TEST-PASS: exec /home/ed/mcsema-testing/SANDBOX/test-2015-12-21_15-36-50/SingleSource/Benchmarks/Stanford/Puzzle
TEST-RESULT-exec-success: pass
TEST-RESULT-exec-time: user       0.1167
TEST-RESULT-exec-real-time: real       0.1182
/home/ed/mcsema-testing/llvm-test-suite/RunSafely.sh --show-errors -t "/home/ed/mcsema-testing/SANDBOX/test-2015-12-21_15-36-50/tools/timeit" 500 /dev/null Output/Queens.llvm.o.compile \
	  /usr/bin/clang -I/home/ed/mcsema-testing/SANDBOX/test-2015-12-21_15-36-50/SingleSource/Benchmarks/Stanford -I/home/ed/mcsema-testing/llvm-test-suite/SingleSource/Benchmarks/Stanford -I/home/ed/mcsema-testing/llvm-test-suite/include -I../../../include -D_GNU_SOURCE -D__STDC_LIMIT_MACROS -DNDEBUG  -O3  -m64 -fomit-frame-pointer -c /home/ed/mcsema-testing/llvm-test-suite/SingleSource/Benchmarks/Stanford/Queens.c -o Output/Queens.llvm.o
cp Output/Queens.llvm.o.compile.time Output/Queens.simple.compile.time
/usr/bin/clang++ -o Output/Queens.simple Output/Queens.llvm.o -lm   -m64 -fomit-frame-pointer
/home/ed/mcsema-testing/llvm-test-suite/RunSafely.sh -t "/home/ed/mcsema-testing/SANDBOX/test-2015-12-21_15-36-50/tools/timeit-target" 500 /dev/null Output/Queens.out-simple Output/Queens.simple 
cp Output/Queens.simple Output/Queens.simple-hash; \
	strip --remove-section=.comment --remove-section='.note*' Output/Queens.simple-hash; \
	/home/ed/mcsema-testing/llvm-test-suite/HashProgramOutput.sh Output/Queens.simple-hash
if [ -f "/home/ed/mcsema-testing/llvm-test-suite/SingleSource/Benchmarks/Stanford/Queens.reference_output.little-endian." ]; then \
	  cp /home/ed/mcsema-testing/llvm-test-suite/SingleSource/Benchmarks/Stanford/Queens.reference_output.little-endian. Output/Queens.out-nat; \
	elif [ -f "/home/ed/mcsema-testing/llvm-test-suite/SingleSource/Benchmarks/Stanford/Queens.reference_output." ]; then \
	  cp /home/ed/mcsema-testing/llvm-test-suite/SingleSource/Benchmarks/Stanford/Queens.reference_output. Output/Queens.out-nat; \
	elif [ -f "/home/ed/mcsema-testing/llvm-test-suite/SingleSource/Benchmarks/Stanford/Queens.reference_output.little-endian" ]; then \
	  cp /home/ed/mcsema-testing/llvm-test-suite/SingleSource/Benchmarks/Stanford/Queens.reference_output.little-endian Output/Queens.out-nat; \
	elif [ -f "/home/ed/mcsema-testing/llvm-test-suite/SingleSource/Benchmarks/Stanford/Queens.reference_output" ]; then \
	  cp /home/ed/mcsema-testing/llvm-test-suite/SingleSource/Benchmarks/Stanford/Queens.reference_output Output/Queens.out-nat; \
	else \
	  printf "WARNING: %s: %s\n" "NO REFERENCE OUTPUT (using default)" "/home/ed/mcsema-testing/llvm-test-suite/SingleSource/Benchmarks/Stanford/Queens.reference_output" > Output/Queens.out-nat; \
	  cp /home/ed/mcsema-testing/llvm-test-suite/default.reference_output Output/Queens.out-nat; \
	  cat Output/Queens.out-nat; \
	fi
# Pretend that the reference output was produced instantaneously.
cp /home/ed/mcsema-testing/llvm-test-suite/instant.txt Output/Queens.out-nat.time
/home/ed/mcsema-testing/llvm-test-suite/DiffOutput.sh "/home/ed/mcsema-testing/SANDBOX/test-2015-12-21_15-36-50/tools/fpcmp  -r 0.001" simple Queens 
rm -f Output/Queens.exe-simple
cp Output/Queens.diff-simple Output/Queens.exe-simple
if test -f Output/Queens.extra-results.txt; then \
	  /home/ed/mcsema-testing/llvm-test-suite/ParseMultipleResults /home/ed/mcsema-testing/SANDBOX/test-2015-12-21_15-36-50/SingleSource/Benchmarks/Stanford/Queens Output/Queens.extra-results.txt >> Output/Queens.simple.exec.report.txt; \
	fi
cat Output/Queens.simple.compile.report.txt Output/Queens.simple.exec.report.txt >> Output/Queens.simple.report.txt
---------------------------------------------------------------
>>> ========= '/home/ed/mcsema-testing/SANDBOX/test-2015-12-21_15-36-50/SingleSource/Benchmarks/Stanford/Queens' Program
---------------------------------------------------------------

TEST-PASS: compile /home/ed/mcsema-testing/SANDBOX/test-2015-12-21_15-36-50/SingleSource/Benchmarks/Stanford/Queens
TEST-RESULT-compile-success: pass
TEST-RESULT-compile-hash: be4dd1daffa03e9be37e41f7416d7d30
TEST-RESULT-compile-time: user       0.0389
TEST-RESULT-compile-real-time: real       0.0544

TEST-PASS: exec /home/ed/mcsema-testing/SANDBOX/test-2015-12-21_15-36-50/SingleSource/Benchmarks/Stanford/Queens
TEST-RESULT-exec-success: pass
TEST-RESULT-exec-time: user       0.0268
TEST-RESULT-exec-real-time: real       0.0280
/home/ed/mcsema-testing/llvm-test-suite/RunSafely.sh --show-errors -t "/home/ed/mcsema-testing/SANDBOX/test-2015-12-21_15-36-50/tools/timeit" 500 /dev/null Output/Quicksort.llvm.o.compile \
	  /usr/bin/clang -I/home/ed/mcsema-testing/SANDBOX/test-2015-12-21_15-36-50/SingleSource/Benchmarks/Stanford -I/home/ed/mcsema-testing/llvm-test-suite/SingleSource/Benchmarks/Stanford -I/home/ed/mcsema-testing/llvm-test-suite/include -I../../../include -D_GNU_SOURCE -D__STDC_LIMIT_MACROS -DNDEBUG  -O3  -m64 -fomit-frame-pointer -c /home/ed/mcsema-testing/llvm-test-suite/SingleSource/Benchmarks/Stanford/Quicksort.c -o Output/Quicksort.llvm.o
cp Output/Quicksort.llvm.o.compile.time Output/Quicksort.simple.compile.time
/usr/bin/clang++ -o Output/Quicksort.simple Output/Quicksort.llvm.o -lm   -m64 -fomit-frame-pointer
/home/ed/mcsema-testing/llvm-test-suite/RunSafely.sh -t "/home/ed/mcsema-testing/SANDBOX/test-2015-12-21_15-36-50/tools/timeit-target" 500 /dev/null Output/Quicksort.out-simple Output/Quicksort.simple 
cp Output/Quicksort.simple Output/Quicksort.simple-hash; \
	strip --remove-section=.comment --remove-section='.note*' Output/Quicksort.simple-hash; \
	/home/ed/mcsema-testing/llvm-test-suite/HashProgramOutput.sh Output/Quicksort.simple-hash
if [ -f "/home/ed/mcsema-testing/llvm-test-suite/SingleSource/Benchmarks/Stanford/Quicksort.reference_output.little-endian." ]; then \
	  cp /home/ed/mcsema-testing/llvm-test-suite/SingleSource/Benchmarks/Stanford/Quicksort.reference_output.little-endian. Output/Quicksort.out-nat; \
	elif [ -f "/home/ed/mcsema-testing/llvm-test-suite/SingleSource/Benchmarks/Stanford/Quicksort.reference_output." ]; then \
	  cp /home/ed/mcsema-testing/llvm-test-suite/SingleSource/Benchmarks/Stanford/Quicksort.reference_output. Output/Quicksort.out-nat; \
	elif [ -f "/home/ed/mcsema-testing/llvm-test-suite/SingleSource/Benchmarks/Stanford/Quicksort.reference_output.little-endian" ]; then \
	  cp /home/ed/mcsema-testing/llvm-test-suite/SingleSource/Benchmarks/Stanford/Quicksort.reference_output.little-endian Output/Quicksort.out-nat; \
	elif [ -f "/home/ed/mcsema-testing/llvm-test-suite/SingleSource/Benchmarks/Stanford/Quicksort.reference_output" ]; then \
	  cp /home/ed/mcsema-testing/llvm-test-suite/SingleSource/Benchmarks/Stanford/Quicksort.reference_output Output/Quicksort.out-nat; \
	else \
	  printf "WARNING: %s: %s\n" "NO REFERENCE OUTPUT (using default)" "/home/ed/mcsema-testing/llvm-test-suite/SingleSource/Benchmarks/Stanford/Quicksort.reference_output" > Output/Quicksort.out-nat; \
	  cp /home/ed/mcsema-testing/llvm-test-suite/default.reference_output Output/Quicksort.out-nat; \
	  cat Output/Quicksort.out-nat; \
	fi
# Pretend that the reference output was produced instantaneously.
cp /home/ed/mcsema-testing/llvm-test-suite/instant.txt Output/Quicksort.out-nat.time
/home/ed/mcsema-testing/llvm-test-suite/DiffOutput.sh "/home/ed/mcsema-testing/SANDBOX/test-2015-12-21_15-36-50/tools/fpcmp  -r 0.001" simple Quicksort 
rm -f Output/Quicksort.exe-simple
cp Output/Quicksort.diff-simple Output/Quicksort.exe-simple
if test -f Output/Quicksort.extra-results.txt; then \
	  /home/ed/mcsema-testing/llvm-test-suite/ParseMultipleResults /home/ed/mcsema-testing/SANDBOX/test-2015-12-21_15-36-50/SingleSource/Benchmarks/Stanford/Quicksort Output/Quicksort.extra-results.txt >> Output/Quicksort.simple.exec.report.txt; \
	fi
cat Output/Quicksort.simple.compile.report.txt Output/Quicksort.simple.exec.report.txt >> Output/Quicksort.simple.report.txt
---------------------------------------------------------------
>>> ========= '/home/ed/mcsema-testing/SANDBOX/test-2015-12-21_15-36-50/SingleSource/Benchmarks/Stanford/Quicksort' Program
---------------------------------------------------------------

TEST-PASS: compile /home/ed/mcsema-testing/SANDBOX/test-2015-12-21_15-36-50/SingleSource/Benchmarks/Stanford/Quicksort
TEST-RESULT-compile-success: pass
TEST-RESULT-compile-hash: 896d1138beb4b6b145d78e790bc22be6
TEST-RESULT-compile-time: user       0.0358
TEST-RESULT-compile-real-time: real       0.0511

TEST-PASS: exec /home/ed/mcsema-testing/SANDBOX/test-2015-12-21_15-36-50/SingleSource/Benchmarks/Stanford/Quicksort
TEST-RESULT-exec-success: pass
TEST-RESULT-exec-time: user       0.0323
TEST-RESULT-exec-real-time: real       0.0334
/home/ed/mcsema-testing/llvm-test-suite/RunSafely.sh --show-errors -t "/home/ed/mcsema-testing/SANDBOX/test-2015-12-21_15-36-50/tools/timeit" 500 /dev/null Output/RealMM.llvm.o.compile \
	  /usr/bin/clang -I/home/ed/mcsema-testing/SANDBOX/test-2015-12-21_15-36-50/SingleSource/Benchmarks/Stanford -I/home/ed/mcsema-testing/llvm-test-suite/SingleSource/Benchmarks/Stanford -I/home/ed/mcsema-testing/llvm-test-suite/include -I../../../include -D_GNU_SOURCE -D__STDC_LIMIT_MACROS -DNDEBUG  -O3  -m64 -fomit-frame-pointer -c /home/ed/mcsema-testing/llvm-test-suite/SingleSource/Benchmarks/Stanford/RealMM.c -o Output/RealMM.llvm.o
cp Output/RealMM.llvm.o.compile.time Output/RealMM.simple.compile.time
/usr/bin/clang++ -o Output/RealMM.simple Output/RealMM.llvm.o -lm   -m64 -fomit-frame-pointer
/home/ed/mcsema-testing/llvm-test-suite/RunSafely.sh -t "/home/ed/mcsema-testing/SANDBOX/test-2015-12-21_15-36-50/tools/timeit-target" 500 /dev/null Output/RealMM.out-simple Output/RealMM.simple 
cp Output/RealMM.simple Output/RealMM.simple-hash; \
	strip --remove-section=.comment --remove-section='.note*' Output/RealMM.simple-hash; \
	/home/ed/mcsema-testing/llvm-test-suite/HashProgramOutput.sh Output/RealMM.simple-hash
if [ -f "/home/ed/mcsema-testing/llvm-test-suite/SingleSource/Benchmarks/Stanford/RealMM.reference_output.little-endian." ]; then \
	  cp /home/ed/mcsema-testing/llvm-test-suite/SingleSource/Benchmarks/Stanford/RealMM.reference_output.little-endian. Output/RealMM.out-nat; \
	elif [ -f "/home/ed/mcsema-testing/llvm-test-suite/SingleSource/Benchmarks/Stanford/RealMM.reference_output." ]; then \
	  cp /home/ed/mcsema-testing/llvm-test-suite/SingleSource/Benchmarks/Stanford/RealMM.reference_output. Output/RealMM.out-nat; \
	elif [ -f "/home/ed/mcsema-testing/llvm-test-suite/SingleSource/Benchmarks/Stanford/RealMM.reference_output.little-endian" ]; then \
	  cp /home/ed/mcsema-testing/llvm-test-suite/SingleSource/Benchmarks/Stanford/RealMM.reference_output.little-endian Output/RealMM.out-nat; \
	elif [ -f "/home/ed/mcsema-testing/llvm-test-suite/SingleSource/Benchmarks/Stanford/RealMM.reference_output" ]; then \
	  cp /home/ed/mcsema-testing/llvm-test-suite/SingleSource/Benchmarks/Stanford/RealMM.reference_output Output/RealMM.out-nat; \
	else \
	  printf "WARNING: %s: %s\n" "NO REFERENCE OUTPUT (using default)" "/home/ed/mcsema-testing/llvm-test-suite/SingleSource/Benchmarks/Stanford/RealMM.reference_output" > Output/RealMM.out-nat; \
	  cp /home/ed/mcsema-testing/llvm-test-suite/default.reference_output Output/RealMM.out-nat; \
	  cat Output/RealMM.out-nat; \
	fi
# Pretend that the reference output was produced instantaneously.
cp /home/ed/mcsema-testing/llvm-test-suite/instant.txt Output/RealMM.out-nat.time
/home/ed/mcsema-testing/llvm-test-suite/DiffOutput.sh "/home/ed/mcsema-testing/SANDBOX/test-2015-12-21_15-36-50/tools/fpcmp  -r 0.001" simple RealMM 
rm -f Output/RealMM.exe-simple
cp Output/RealMM.diff-simple Output/RealMM.exe-simple
if test -f Output/RealMM.extra-results.txt; then \
	  /home/ed/mcsema-testing/llvm-test-suite/ParseMultipleResults /home/ed/mcsema-testing/SANDBOX/test-2015-12-21_15-36-50/SingleSource/Benchmarks/Stanford/RealMM Output/RealMM.extra-results.txt >> Output/RealMM.simple.exec.report.txt; \
	fi
cat Output/RealMM.simple.compile.report.txt Output/RealMM.simple.exec.report.txt >> Output/RealMM.simple.report.txt
---------------------------------------------------------------
>>> ========= '/home/ed/mcsema-testing/SANDBOX/test-2015-12-21_15-36-50/SingleSource/Benchmarks/Stanford/RealMM' Program
---------------------------------------------------------------

TEST-PASS: compile /home/ed/mcsema-testing/SANDBOX/test-2015-12-21_15-36-50/SingleSource/Benchmarks/Stanford/RealMM
TEST-RESULT-compile-success: pass
TEST-RESULT-compile-hash: 05ff3cce70809b8e714c3c4688bcab3e
TEST-RESULT-compile-time: user       0.0385
TEST-RESULT-compile-real-time: real       0.0537

TEST-PASS: exec /home/ed/mcsema-testing/SANDBOX/test-2015-12-21_15-36-50/SingleSource/Benchmarks/Stanford/RealMM
TEST-RESULT-exec-success: pass
TEST-RESULT-exec-time: user       0.0018
TEST-RESULT-exec-real-time: real       0.0028
/home/ed/mcsema-testing/llvm-test-suite/RunSafely.sh --show-errors -t "/home/ed/mcsema-testing/SANDBOX/test-2015-12-21_15-36-50/tools/timeit" 500 /dev/null Output/Towers.llvm.o.compile \
	  /usr/bin/clang -I/home/ed/mcsema-testing/SANDBOX/test-2015-12-21_15-36-50/SingleSource/Benchmarks/Stanford -I/home/ed/mcsema-testing/llvm-test-suite/SingleSource/Benchmarks/Stanford -I/home/ed/mcsema-testing/llvm-test-suite/include -I../../../include -D_GNU_SOURCE -D__STDC_LIMIT_MACROS -DNDEBUG  -O3  -m64 -fomit-frame-pointer -c /home/ed/mcsema-testing/llvm-test-suite/SingleSource/Benchmarks/Stanford/Towers.c -o Output/Towers.llvm.o
cp Output/Towers.llvm.o.compile.time Output/Towers.simple.compile.time
/usr/bin/clang++ -o Output/Towers.simple Output/Towers.llvm.o -lm   -m64 -fomit-frame-pointer
/home/ed/mcsema-testing/llvm-test-suite/RunSafely.sh -t "/home/ed/mcsema-testing/SANDBOX/test-2015-12-21_15-36-50/tools/timeit-target" 500 /dev/null Output/Towers.out-simple Output/Towers.simple 
cp Output/Towers.simple Output/Towers.simple-hash; \
	strip --remove-section=.comment --remove-section='.note*' Output/Towers.simple-hash; \
	/home/ed/mcsema-testing/llvm-test-suite/HashProgramOutput.sh Output/Towers.simple-hash
if [ -f "/home/ed/mcsema-testing/llvm-test-suite/SingleSource/Benchmarks/Stanford/Towers.reference_output.little-endian." ]; then \
	  cp /home/ed/mcsema-testing/llvm-test-suite/SingleSource/Benchmarks/Stanford/Towers.reference_output.little-endian. Output/Towers.out-nat; \
	elif [ -f "/home/ed/mcsema-testing/llvm-test-suite/SingleSource/Benchmarks/Stanford/Towers.reference_output." ]; then \
	  cp /home/ed/mcsema-testing/llvm-test-suite/SingleSource/Benchmarks/Stanford/Towers.reference_output. Output/Towers.out-nat; \
	elif [ -f "/home/ed/mcsema-testing/llvm-test-suite/SingleSource/Benchmarks/Stanford/Towers.reference_output.little-endian" ]; then \
	  cp /home/ed/mcsema-testing/llvm-test-suite/SingleSource/Benchmarks/Stanford/Towers.reference_output.little-endian Output/Towers.out-nat; \
	elif [ -f "/home/ed/mcsema-testing/llvm-test-suite/SingleSource/Benchmarks/Stanford/Towers.reference_output" ]; then \
	  cp /home/ed/mcsema-testing/llvm-test-suite/SingleSource/Benchmarks/Stanford/Towers.reference_output Output/Towers.out-nat; \
	else \
	  printf "WARNING: %s: %s\n" "NO REFERENCE OUTPUT (using default)" "/home/ed/mcsema-testing/llvm-test-suite/SingleSource/Benchmarks/Stanford/Towers.reference_output" > Output/Towers.out-nat; \
	  cp /home/ed/mcsema-testing/llvm-test-suite/default.reference_output Output/Towers.out-nat; \
	  cat Output/Towers.out-nat; \
	fi
# Pretend that the reference output was produced instantaneously.
cp /home/ed/mcsema-testing/llvm-test-suite/instant.txt Output/Towers.out-nat.time
/home/ed/mcsema-testing/llvm-test-suite/DiffOutput.sh "/home/ed/mcsema-testing/SANDBOX/test-2015-12-21_15-36-50/tools/fpcmp  -r 0.001" simple Towers 
rm -f Output/Towers.exe-simple
cp Output/Towers.diff-simple Output/Towers.exe-simple
if test -f Output/Towers.extra-results.txt; then \
	  /home/ed/mcsema-testing/llvm-test-suite/ParseMultipleResults /home/ed/mcsema-testing/SANDBOX/test-2015-12-21_15-36-50/SingleSource/Benchmarks/Stanford/Towers Output/Towers.extra-results.txt >> Output/Towers.simple.exec.report.txt; \
	fi
cat Output/Towers.simple.compile.report.txt Output/Towers.simple.exec.report.txt >> Output/Towers.simple.report.txt
---------------------------------------------------------------
>>> ========= '/home/ed/mcsema-testing/SANDBOX/test-2015-12-21_15-36-50/SingleSource/Benchmarks/Stanford/Towers' Program
---------------------------------------------------------------

TEST-PASS: compile /home/ed/mcsema-testing/SANDBOX/test-2015-12-21_15-36-50/SingleSource/Benchmarks/Stanford/Towers
TEST-RESULT-compile-success: pass
TEST-RESULT-compile-hash: cfd3448c3bfcf5254bf65ac3680248df
TEST-RESULT-compile-time: user       0.0424
TEST-RESULT-compile-real-time: real       0.0573

TEST-PASS: exec /home/ed/mcsema-testing/SANDBOX/test-2015-12-21_15-36-50/SingleSource/Benchmarks/Stanford/Towers
TEST-RESULT-exec-success: pass
TEST-RESULT-exec-time: user       0.0134
TEST-RESULT-exec-real-time: real       0.0143
/home/ed/mcsema-testing/llvm-test-suite/RunSafely.sh --show-errors -t "/home/ed/mcsema-testing/SANDBOX/test-2015-12-21_15-36-50/tools/timeit" 500 /dev/null Output/Treesort.llvm.o.compile \
	  /usr/bin/clang -I/home/ed/mcsema-testing/SANDBOX/test-2015-12-21_15-36-50/SingleSource/Benchmarks/Stanford -I/home/ed/mcsema-testing/llvm-test-suite/SingleSource/Benchmarks/Stanford -I/home/ed/mcsema-testing/llvm-test-suite/include -I../../../include -D_GNU_SOURCE -D__STDC_LIMIT_MACROS -DNDEBUG  -O3  -m64 -fomit-frame-pointer -c /home/ed/mcsema-testing/llvm-test-suite/SingleSource/Benchmarks/Stanford/Treesort.c -o Output/Treesort.llvm.o
cp Output/Treesort.llvm.o.compile.time Output/Treesort.simple.compile.time
/usr/bin/clang++ -o Output/Treesort.simple Output/Treesort.llvm.o -lm   -m64 -fomit-frame-pointer
/home/ed/mcsema-testing/llvm-test-suite/RunSafely.sh -t "/home/ed/mcsema-testing/SANDBOX/test-2015-12-21_15-36-50/tools/timeit-target" 500 /dev/null Output/Treesort.out-simple Output/Treesort.simple 
cp Output/Treesort.simple Output/Treesort.simple-hash; \
	strip --remove-section=.comment --remove-section='.note*' Output/Treesort.simple-hash; \
	/home/ed/mcsema-testing/llvm-test-suite/HashProgramOutput.sh Output/Treesort.simple-hash
if [ -f "/home/ed/mcsema-testing/llvm-test-suite/SingleSource/Benchmarks/Stanford/Treesort.reference_output.little-endian." ]; then \
	  cp /home/ed/mcsema-testing/llvm-test-suite/SingleSource/Benchmarks/Stanford/Treesort.reference_output.little-endian. Output/Treesort.out-nat; \
	elif [ -f "/home/ed/mcsema-testing/llvm-test-suite/SingleSource/Benchmarks/Stanford/Treesort.reference_output." ]; then \
	  cp /home/ed/mcsema-testing/llvm-test-suite/SingleSource/Benchmarks/Stanford/Treesort.reference_output. Output/Treesort.out-nat; \
	elif [ -f "/home/ed/mcsema-testing/llvm-test-suite/SingleSource/Benchmarks/Stanford/Treesort.reference_output.little-endian" ]; then \
	  cp /home/ed/mcsema-testing/llvm-test-suite/SingleSource/Benchmarks/Stanford/Treesort.reference_output.little-endian Output/Treesort.out-nat; \
	elif [ -f "/home/ed/mcsema-testing/llvm-test-suite/SingleSource/Benchmarks/Stanford/Treesort.reference_output" ]; then \
	  cp /home/ed/mcsema-testing/llvm-test-suite/SingleSource/Benchmarks/Stanford/Treesort.reference_output Output/Treesort.out-nat; \
	else \
	  printf "WARNING: %s: %s\n" "NO REFERENCE OUTPUT (using default)" "/home/ed/mcsema-testing/llvm-test-suite/SingleSource/Benchmarks/Stanford/Treesort.reference_output" > Output/Treesort.out-nat; \
	  cp /home/ed/mcsema-testing/llvm-test-suite/default.reference_output Output/Treesort.out-nat; \
	  cat Output/Treesort.out-nat; \
	fi
# Pretend that the reference output was produced instantaneously.
cp /home/ed/mcsema-testing/llvm-test-suite/instant.txt Output/Treesort.out-nat.time
/home/ed/mcsema-testing/llvm-test-suite/DiffOutput.sh "/home/ed/mcsema-testing/SANDBOX/test-2015-12-21_15-36-50/tools/fpcmp  -r 0.001" simple Treesort 
rm -f Output/Treesort.exe-simple
cp Output/Treesort.diff-simple Output/Treesort.exe-simple
if test -f Output/Treesort.extra-results.txt; then \
	  /home/ed/mcsema-testing/llvm-test-suite/ParseMultipleResults /home/ed/mcsema-testing/SANDBOX/test-2015-12-21_15-36-50/SingleSource/Benchmarks/Stanford/Treesort Output/Treesort.extra-results.txt >> Output/Treesort.simple.exec.report.txt; \
	fi
cat Output/Treesort.simple.compile.report.txt Output/Treesort.simple.exec.report.txt >> Output/Treesort.simple.report.txt
---------------------------------------------------------------
>>> ========= '/home/ed/mcsema-testing/SANDBOX/test-2015-12-21_15-36-50/SingleSource/Benchmarks/Stanford/Treesort' Program
---------------------------------------------------------------

TEST-PASS: compile /home/ed/mcsema-testing/SANDBOX/test-2015-12-21_15-36-50/SingleSource/Benchmarks/Stanford/Treesort
TEST-RESULT-compile-success: pass
TEST-RESULT-compile-hash: 0242686a6c95d77124aa94e7848003a4
TEST-RESULT-compile-time: user       0.0395
TEST-RESULT-compile-real-time: real       0.0541

TEST-PASS: exec /home/ed/mcsema-testing/SANDBOX/test-2015-12-21_15-36-50/SingleSource/Benchmarks/Stanford/Treesort
TEST-RESULT-exec-success: pass
TEST-RESULT-exec-time: user       0.0554
TEST-RESULT-exec-real-time: real       0.0640
make[4]: Leaving directory `/home/ed/mcsema-testing/SANDBOX/test-2015-12-21_15-36-50/SingleSource/Benchmarks/Stanford'
make[4]: Entering directory `/home/ed/mcsema-testing/SANDBOX/test-2015-12-21_15-36-50/SingleSource/Benchmarks/McGill'
/home/ed/mcsema-testing/llvm-test-suite/RunSafely.sh --show-errors -t "/home/ed/mcsema-testing/SANDBOX/test-2015-12-21_15-36-50/tools/timeit" 500 /dev/null Output/chomp.llvm.o.compile \
	  /usr/bin/clang -I/home/ed/mcsema-testing/SANDBOX/test-2015-12-21_15-36-50/SingleSource/Benchmarks/McGill -I/home/ed/mcsema-testing/llvm-test-suite/SingleSource/Benchmarks/McGill -I/home/ed/mcsema-testing/llvm-test-suite/include -I../../../include -D_GNU_SOURCE -D__STDC_LIMIT_MACROS -DNDEBUG  -O3  -m64 -fomit-frame-pointer -c /home/ed/mcsema-testing/llvm-test-suite/SingleSource/Benchmarks/McGill/chomp.c -o Output/chomp.llvm.o
cp Output/chomp.llvm.o.compile.time Output/chomp.simple.compile.time
/usr/bin/clang++ -o Output/chomp.simple Output/chomp.llvm.o -lm    -m64 -fomit-frame-pointer
/home/ed/mcsema-testing/llvm-test-suite/RunSafely.sh -t "/home/ed/mcsema-testing/SANDBOX/test-2015-12-21_15-36-50/tools/timeit-target" 500 /dev/null Output/chomp.out-simple Output/chomp.simple 
cp Output/chomp.simple Output/chomp.simple-hash; \
	strip --remove-section=.comment --remove-section='.note*' Output/chomp.simple-hash; \
	/home/ed/mcsema-testing/llvm-test-suite/HashProgramOutput.sh Output/chomp.simple-hash
if [ -f "/home/ed/mcsema-testing/llvm-test-suite/SingleSource/Benchmarks/McGill/chomp.reference_output.little-endian." ]; then \
	  cp /home/ed/mcsema-testing/llvm-test-suite/SingleSource/Benchmarks/McGill/chomp.reference_output.little-endian. Output/chomp.out-nat; \
	elif [ -f "/home/ed/mcsema-testing/llvm-test-suite/SingleSource/Benchmarks/McGill/chomp.reference_output." ]; then \
	  cp /home/ed/mcsema-testing/llvm-test-suite/SingleSource/Benchmarks/McGill/chomp.reference_output. Output/chomp.out-nat; \
	elif [ -f "/home/ed/mcsema-testing/llvm-test-suite/SingleSource/Benchmarks/McGill/chomp.reference_output.little-endian" ]; then \
	  cp /home/ed/mcsema-testing/llvm-test-suite/SingleSource/Benchmarks/McGill/chomp.reference_output.little-endian Output/chomp.out-nat; \
	elif [ -f "/home/ed/mcsema-testing/llvm-test-suite/SingleSource/Benchmarks/McGill/chomp.reference_output" ]; then \
	  cp /home/ed/mcsema-testing/llvm-test-suite/SingleSource/Benchmarks/McGill/chomp.reference_output Output/chomp.out-nat; \
	else \
	  printf "WARNING: %s: %s\n" "NO REFERENCE OUTPUT (using default)" "/home/ed/mcsema-testing/llvm-test-suite/SingleSource/Benchmarks/McGill/chomp.reference_output" > Output/chomp.out-nat; \
	  cp /home/ed/mcsema-testing/llvm-test-suite/default.reference_output Output/chomp.out-nat; \
	  cat Output/chomp.out-nat; \
	fi
# Pretend that the reference output was produced instantaneously.
cp /home/ed/mcsema-testing/llvm-test-suite/instant.txt Output/chomp.out-nat.time
/home/ed/mcsema-testing/llvm-test-suite/DiffOutput.sh "/home/ed/mcsema-testing/SANDBOX/test-2015-12-21_15-36-50/tools/fpcmp  -r 0.001" simple chomp 
rm -f Output/chomp.exe-simple
cp Output/chomp.diff-simple Output/chomp.exe-simple
if test -f Output/chomp.extra-results.txt; then \
	  /home/ed/mcsema-testing/llvm-test-suite/ParseMultipleResults /home/ed/mcsema-testing/SANDBOX/test-2015-12-21_15-36-50/SingleSource/Benchmarks/McGill/chomp Output/chomp.extra-results.txt >> Output/chomp.simple.exec.report.txt; \
	fi
cat Output/chomp.simple.compile.report.txt Output/chomp.simple.exec.report.txt >> Output/chomp.simple.report.txt
---------------------------------------------------------------
>>> ========= '/home/ed/mcsema-testing/SANDBOX/test-2015-12-21_15-36-50/SingleSource/Benchmarks/McGill/chomp' Program
---------------------------------------------------------------

TEST-PASS: compile /home/ed/mcsema-testing/SANDBOX/test-2015-12-21_15-36-50/SingleSource/Benchmarks/McGill/chomp
TEST-RESULT-compile-success: pass
TEST-RESULT-compile-hash: a4a41860fbd02c1525c3ba6c3cdfeb3a
TEST-RESULT-compile-time: user       0.1314
TEST-RESULT-compile-real-time: real       0.1493

TEST-PASS: exec /home/ed/mcsema-testing/SANDBOX/test-2015-12-21_15-36-50/SingleSource/Benchmarks/McGill/chomp
TEST-RESULT-exec-success: pass
TEST-RESULT-exec-time: user       2.1358
TEST-RESULT-exec-real-time: real       2.1534
/home/ed/mcsema-testing/llvm-test-suite/RunSafely.sh --show-errors -t "/home/ed/mcsema-testing/SANDBOX/test-2015-12-21_15-36-50/tools/timeit" 500 /dev/null Output/exptree.llvm.o.compile \
	  /usr/bin/clang -I/home/ed/mcsema-testing/SANDBOX/test-2015-12-21_15-36-50/SingleSource/Benchmarks/McGill -I/home/ed/mcsema-testing/llvm-test-suite/SingleSource/Benchmarks/McGill -I/home/ed/mcsema-testing/llvm-test-suite/include -I../../../include -D_GNU_SOURCE -D__STDC_LIMIT_MACROS -DNDEBUG  -O3  -m64 -fomit-frame-pointer -c /home/ed/mcsema-testing/llvm-test-suite/SingleSource/Benchmarks/McGill/exptree.c -o Output/exptree.llvm.o
cp Output/exptree.llvm.o.compile.time Output/exptree.simple.compile.time
/usr/bin/clang++ -o Output/exptree.simple Output/exptree.llvm.o -lm    -m64 -fomit-frame-pointer
/home/ed/mcsema-testing/llvm-test-suite/RunSafely.sh -t "/home/ed/mcsema-testing/SANDBOX/test-2015-12-21_15-36-50/tools/timeit-target" 500 /dev/null Output/exptree.out-simple Output/exptree.simple 
cp Output/exptree.simple Output/exptree.simple-hash; \
	strip --remove-section=.comment --remove-section='.note*' Output/exptree.simple-hash; \
	/home/ed/mcsema-testing/llvm-test-suite/HashProgramOutput.sh Output/exptree.simple-hash
if [ -f "/home/ed/mcsema-testing/llvm-test-suite/SingleSource/Benchmarks/McGill/exptree.reference_output.little-endian." ]; then \
	  cp /home/ed/mcsema-testing/llvm-test-suite/SingleSource/Benchmarks/McGill/exptree.reference_output.little-endian. Output/exptree.out-nat; \
	elif [ -f "/home/ed/mcsema-testing/llvm-test-suite/SingleSource/Benchmarks/McGill/exptree.reference_output." ]; then \
	  cp /home/ed/mcsema-testing/llvm-test-suite/SingleSource/Benchmarks/McGill/exptree.reference_output. Output/exptree.out-nat; \
	elif [ -f "/home/ed/mcsema-testing/llvm-test-suite/SingleSource/Benchmarks/McGill/exptree.reference_output.little-endian" ]; then \
	  cp /home/ed/mcsema-testing/llvm-test-suite/SingleSource/Benchmarks/McGill/exptree.reference_output.little-endian Output/exptree.out-nat; \
	elif [ -f "/home/ed/mcsema-testing/llvm-test-suite/SingleSource/Benchmarks/McGill/exptree.reference_output" ]; then \
	  cp /home/ed/mcsema-testing/llvm-test-suite/SingleSource/Benchmarks/McGill/exptree.reference_output Output/exptree.out-nat; \
	else \
	  printf "WARNING: %s: %s\n" "NO REFERENCE OUTPUT (using default)" "/home/ed/mcsema-testing/llvm-test-suite/SingleSource/Benchmarks/McGill/exptree.reference_output" > Output/exptree.out-nat; \
	  cp /home/ed/mcsema-testing/llvm-test-suite/default.reference_output Output/exptree.out-nat; \
	  cat Output/exptree.out-nat; \
	fi
# Pretend that the reference output was produced instantaneously.
cp /home/ed/mcsema-testing/llvm-test-suite/instant.txt Output/exptree.out-nat.time
/home/ed/mcsema-testing/llvm-test-suite/DiffOutput.sh "/home/ed/mcsema-testing/SANDBOX/test-2015-12-21_15-36-50/tools/fpcmp  -r 0.001" simple exptree 
rm -f Output/exptree.exe-simple
cp Output/exptree.diff-simple Output/exptree.exe-simple
if test -f Output/exptree.extra-results.txt; then \
	  /home/ed/mcsema-testing/llvm-test-suite/ParseMultipleResults /home/ed/mcsema-testing/SANDBOX/test-2015-12-21_15-36-50/SingleSource/Benchmarks/McGill/exptree Output/exptree.extra-results.txt >> Output/exptree.simple.exec.report.txt; \
	fi
cat Output/exptree.simple.compile.report.txt Output/exptree.simple.exec.report.txt >> Output/exptree.simple.report.txt
---------------------------------------------------------------
>>> ========= '/home/ed/mcsema-testing/SANDBOX/test-2015-12-21_15-36-50/SingleSource/Benchmarks/McGill/exptree' Program
---------------------------------------------------------------

TEST-PASS: compile /home/ed/mcsema-testing/SANDBOX/test-2015-12-21_15-36-50/SingleSource/Benchmarks/McGill/exptree
TEST-RESULT-compile-success: pass
TEST-RESULT-compile-hash: 8e2446aea7ba26c140d12ed482574e7d
TEST-RESULT-compile-time: user       0.0662
TEST-RESULT-compile-real-time: real       0.0828

TEST-PASS: exec /home/ed/mcsema-testing/SANDBOX/test-2015-12-21_15-36-50/SingleSource/Benchmarks/McGill/exptree
TEST-RESULT-exec-success: pass
TEST-RESULT-exec-time: user       0.0009
TEST-RESULT-exec-real-time: real       0.0017
/home/ed/mcsema-testing/llvm-test-suite/RunSafely.sh --show-errors -t "/home/ed/mcsema-testing/SANDBOX/test-2015-12-21_15-36-50/tools/timeit" 500 /dev/null Output/misr.llvm.o.compile \
	  /usr/bin/clang -I/home/ed/mcsema-testing/SANDBOX/test-2015-12-21_15-36-50/SingleSource/Benchmarks/McGill -I/home/ed/mcsema-testing/llvm-test-suite/SingleSource/Benchmarks/McGill -I/home/ed/mcsema-testing/llvm-test-suite/include -I../../../include -D_GNU_SOURCE -D__STDC_LIMIT_MACROS -DNDEBUG  -O3  -m64 -fomit-frame-pointer -c /home/ed/mcsema-testing/llvm-test-suite/SingleSource/Benchmarks/McGill/misr.c -o Output/misr.llvm.o
cp Output/misr.llvm.o.compile.time Output/misr.simple.compile.time
/usr/bin/clang++ -o Output/misr.simple Output/misr.llvm.o -lm    -m64 -fomit-frame-pointer
/home/ed/mcsema-testing/llvm-test-suite/RunSafely.sh -t "/home/ed/mcsema-testing/SANDBOX/test-2015-12-21_15-36-50/tools/timeit-target" 500 /dev/null Output/misr.out-simple Output/misr.simple 
cp Output/misr.simple Output/misr.simple-hash; \
	strip --remove-section=.comment --remove-section='.note*' Output/misr.simple-hash; \
	/home/ed/mcsema-testing/llvm-test-suite/HashProgramOutput.sh Output/misr.simple-hash
if [ -f "/home/ed/mcsema-testing/llvm-test-suite/SingleSource/Benchmarks/McGill/misr.reference_output.little-endian." ]; then \
	  cp /home/ed/mcsema-testing/llvm-test-suite/SingleSource/Benchmarks/McGill/misr.reference_output.little-endian. Output/misr.out-nat; \
	elif [ -f "/home/ed/mcsema-testing/llvm-test-suite/SingleSource/Benchmarks/McGill/misr.reference_output." ]; then \
	  cp /home/ed/mcsema-testing/llvm-test-suite/SingleSource/Benchmarks/McGill/misr.reference_output. Output/misr.out-nat; \
	elif [ -f "/home/ed/mcsema-testing/llvm-test-suite/SingleSource/Benchmarks/McGill/misr.reference_output.little-endian" ]; then \
	  cp /home/ed/mcsema-testing/llvm-test-suite/SingleSource/Benchmarks/McGill/misr.reference_output.little-endian Output/misr.out-nat; \
	elif [ -f "/home/ed/mcsema-testing/llvm-test-suite/SingleSource/Benchmarks/McGill/misr.reference_output" ]; then \
	  cp /home/ed/mcsema-testing/llvm-test-suite/SingleSource/Benchmarks/McGill/misr.reference_output Output/misr.out-nat; \
	else \
	  printf "WARNING: %s: %s\n" "NO REFERENCE OUTPUT (using default)" "/home/ed/mcsema-testing/llvm-test-suite/SingleSource/Benchmarks/McGill/misr.reference_output" > Output/misr.out-nat; \
	  cp /home/ed/mcsema-testing/llvm-test-suite/default.reference_output Output/misr.out-nat; \
	  cat Output/misr.out-nat; \
	fi
# Pretend that the reference output was produced instantaneously.
cp /home/ed/mcsema-testing/llvm-test-suite/instant.txt Output/misr.out-nat.time
/home/ed/mcsema-testing/llvm-test-suite/DiffOutput.sh "/home/ed/mcsema-testing/SANDBOX/test-2015-12-21_15-36-50/tools/fpcmp  -r 0.001" simple misr 
rm -f Output/misr.exe-simple
cp Output/misr.diff-simple Output/misr.exe-simple
if test -f Output/misr.extra-results.txt; then \
	  /home/ed/mcsema-testing/llvm-test-suite/ParseMultipleResults /home/ed/mcsema-testing/SANDBOX/test-2015-12-21_15-36-50/SingleSource/Benchmarks/McGill/misr Output/misr.extra-results.txt >> Output/misr.simple.exec.report.txt; \
	fi
cat Output/misr.simple.compile.report.txt Output/misr.simple.exec.report.txt >> Output/misr.simple.report.txt
---------------------------------------------------------------
>>> ========= '/home/ed/mcsema-testing/SANDBOX/test-2015-12-21_15-36-50/SingleSource/Benchmarks/McGill/misr' Program
---------------------------------------------------------------

TEST-PASS: compile /home/ed/mcsema-testing/SANDBOX/test-2015-12-21_15-36-50/SingleSource/Benchmarks/McGill/misr
TEST-RESULT-compile-success: pass
TEST-RESULT-compile-hash: 97e911e5238683f08956dababd76f8ae
TEST-RESULT-compile-time: user       0.0549
TEST-RESULT-compile-real-time: real       0.0712

TEST-PASS: exec /home/ed/mcsema-testing/SANDBOX/test-2015-12-21_15-36-50/SingleSource/Benchmarks/McGill/misr
TEST-RESULT-exec-success: pass
TEST-RESULT-exec-time: user       0.1542
TEST-RESULT-exec-real-time: real       0.1557
/home/ed/mcsema-testing/llvm-test-suite/RunSafely.sh --show-errors -t "/home/ed/mcsema-testing/SANDBOX/test-2015-12-21_15-36-50/tools/timeit" 500 /dev/null Output/queens.llvm.o.compile \
	  /usr/bin/clang -I/home/ed/mcsema-testing/SANDBOX/test-2015-12-21_15-36-50/SingleSource/Benchmarks/McGill -I/home/ed/mcsema-testing/llvm-test-suite/SingleSource/Benchmarks/McGill -I/home/ed/mcsema-testing/llvm-test-suite/include -I../../../include -D_GNU_SOURCE -D__STDC_LIMIT_MACROS -DNDEBUG  -O3  -m64 -fomit-frame-pointer -c /home/ed/mcsema-testing/llvm-test-suite/SingleSource/Benchmarks/McGill/queens.c -o Output/queens.llvm.o
cp Output/queens.llvm.o.compile.time Output/queens.simple.compile.time
/usr/bin/clang++ -o Output/queens.simple Output/queens.llvm.o -lm    -m64 -fomit-frame-pointer
/home/ed/mcsema-testing/llvm-test-suite/RunSafely.sh -t "/home/ed/mcsema-testing/SANDBOX/test-2015-12-21_15-36-50/tools/timeit-target" 500 /dev/null Output/queens.out-simple Output/queens.simple 
cp Output/queens.simple Output/queens.simple-hash; \
	strip --remove-section=.comment --remove-section='.note*' Output/queens.simple-hash; \
	/home/ed/mcsema-testing/llvm-test-suite/HashProgramOutput.sh Output/queens.simple-hash
if [ -f "/home/ed/mcsema-testing/llvm-test-suite/SingleSource/Benchmarks/McGill/queens.reference_output.little-endian." ]; then \
	  cp /home/ed/mcsema-testing/llvm-test-suite/SingleSource/Benchmarks/McGill/queens.reference_output.little-endian. Output/queens.out-nat; \
	elif [ -f "/home/ed/mcsema-testing/llvm-test-suite/SingleSource/Benchmarks/McGill/queens.reference_output." ]; then \
	  cp /home/ed/mcsema-testing/llvm-test-suite/SingleSource/Benchmarks/McGill/queens.reference_output. Output/queens.out-nat; \
	elif [ -f "/home/ed/mcsema-testing/llvm-test-suite/SingleSource/Benchmarks/McGill/queens.reference_output.little-endian" ]; then \
	  cp /home/ed/mcsema-testing/llvm-test-suite/SingleSource/Benchmarks/McGill/queens.reference_output.little-endian Output/queens.out-nat; \
	elif [ -f "/home/ed/mcsema-testing/llvm-test-suite/SingleSource/Benchmarks/McGill/queens.reference_output" ]; then \
	  cp /home/ed/mcsema-testing/llvm-test-suite/SingleSource/Benchmarks/McGill/queens.reference_output Output/queens.out-nat; \
	else \
	  printf "WARNING: %s: %s\n" "NO REFERENCE OUTPUT (using default)" "/home/ed/mcsema-testing/llvm-test-suite/SingleSource/Benchmarks/McGill/queens.reference_output" > Output/queens.out-nat; \
	  cp /home/ed/mcsema-testing/llvm-test-suite/default.reference_output Output/queens.out-nat; \
	  cat Output/queens.out-nat; \
	fi
# Pretend that the reference output was produced instantaneously.
cp /home/ed/mcsema-testing/llvm-test-suite/instant.txt Output/queens.out-nat.time
/home/ed/mcsema-testing/llvm-test-suite/DiffOutput.sh "/home/ed/mcsema-testing/SANDBOX/test-2015-12-21_15-36-50/tools/fpcmp  -r 0.001" simple queens 
rm -f Output/queens.exe-simple
cp Output/queens.diff-simple Output/queens.exe-simple
if test -f Output/queens.extra-results.txt; then \
	  /home/ed/mcsema-testing/llvm-test-suite/ParseMultipleResults /home/ed/mcsema-testing/SANDBOX/test-2015-12-21_15-36-50/SingleSource/Benchmarks/McGill/queens Output/queens.extra-results.txt >> Output/queens.simple.exec.report.txt; \
	fi
cat Output/queens.simple.compile.report.txt Output/queens.simple.exec.report.txt >> Output/queens.simple.report.txt
---------------------------------------------------------------
>>> ========= '/home/ed/mcsema-testing/SANDBOX/test-2015-12-21_15-36-50/SingleSource/Benchmarks/McGill/queens' Program
---------------------------------------------------------------

TEST-PASS: compile /home/ed/mcsema-testing/SANDBOX/test-2015-12-21_15-36-50/SingleSource/Benchmarks/McGill/queens
TEST-RESULT-compile-success: pass
TEST-RESULT-compile-hash: 5dd0ff443e85f9787401e12814ff1f71
TEST-RESULT-compile-time: user       0.0444
TEST-RESULT-compile-real-time: real       0.0605

TEST-PASS: exec /home/ed/mcsema-testing/SANDBOX/test-2015-12-21_15-36-50/SingleSource/Benchmarks/McGill/queens
TEST-RESULT-exec-success: pass
TEST-RESULT-exec-time: user       1.7021
TEST-RESULT-exec-real-time: real       1.7057
make[4]: Leaving directory `/home/ed/mcsema-testing/SANDBOX/test-2015-12-21_15-36-50/SingleSource/Benchmarks/McGill'
make[4]: Entering directory `/home/ed/mcsema-testing/SANDBOX/test-2015-12-21_15-36-50/SingleSource/Benchmarks/Misc'
/home/ed/mcsema-testing/llvm-test-suite/RunSafely.sh --show-errors -t "/home/ed/mcsema-testing/SANDBOX/test-2015-12-21_15-36-50/tools/timeit" 500 /dev/null Output/dt.llvm.o.compile \
	  /usr/bin/clang -I/home/ed/mcsema-testing/SANDBOX/test-2015-12-21_15-36-50/SingleSource/Benchmarks/Misc -I/home/ed/mcsema-testing/llvm-test-suite/SingleSource/Benchmarks/Misc -I/home/ed/mcsema-testing/llvm-test-suite/include -I../../../include -D_GNU_SOURCE -D__STDC_LIMIT_MACROS -DNDEBUG  -O3  -m64 -fomit-frame-pointer -c /home/ed/mcsema-testing/llvm-test-suite/SingleSource/Benchmarks/Misc/dt.c -o Output/dt.llvm.o
cp Output/dt.llvm.o.compile.time Output/dt.simple.compile.time
/usr/bin/clang++ -o Output/dt.simple Output/dt.llvm.o -lm    -m64 -fomit-frame-pointer
/home/ed/mcsema-testing/llvm-test-suite/RunSafely.sh -t "/home/ed/mcsema-testing/SANDBOX/test-2015-12-21_15-36-50/tools/timeit-target" 500 /dev/null Output/dt.out-simple Output/dt.simple 
cp Output/dt.simple Output/dt.simple-hash; \
	strip --remove-section=.comment --remove-section='.note*' Output/dt.simple-hash; \
	/home/ed/mcsema-testing/llvm-test-suite/HashProgramOutput.sh Output/dt.simple-hash
if [ -f "/home/ed/mcsema-testing/llvm-test-suite/SingleSource/Benchmarks/Misc/dt.reference_output.little-endian." ]; then \
	  cp /home/ed/mcsema-testing/llvm-test-suite/SingleSource/Benchmarks/Misc/dt.reference_output.little-endian. Output/dt.out-nat; \
	elif [ -f "/home/ed/mcsema-testing/llvm-test-suite/SingleSource/Benchmarks/Misc/dt.reference_output." ]; then \
	  cp /home/ed/mcsema-testing/llvm-test-suite/SingleSource/Benchmarks/Misc/dt.reference_output. Output/dt.out-nat; \
	elif [ -f "/home/ed/mcsema-testing/llvm-test-suite/SingleSource/Benchmarks/Misc/dt.reference_output.little-endian" ]; then \
	  cp /home/ed/mcsema-testing/llvm-test-suite/SingleSource/Benchmarks/Misc/dt.reference_output.little-endian Output/dt.out-nat; \
	elif [ -f "/home/ed/mcsema-testing/llvm-test-suite/SingleSource/Benchmarks/Misc/dt.reference_output" ]; then \
	  cp /home/ed/mcsema-testing/llvm-test-suite/SingleSource/Benchmarks/Misc/dt.reference_output Output/dt.out-nat; \
	else \
	  printf "WARNING: %s: %s\n" "NO REFERENCE OUTPUT (using default)" "/home/ed/mcsema-testing/llvm-test-suite/SingleSource/Benchmarks/Misc/dt.reference_output" > Output/dt.out-nat; \
	  cp /home/ed/mcsema-testing/llvm-test-suite/default.reference_output Output/dt.out-nat; \
	  cat Output/dt.out-nat; \
	fi
# Pretend that the reference output was produced instantaneously.
cp /home/ed/mcsema-testing/llvm-test-suite/instant.txt Output/dt.out-nat.time
/home/ed/mcsema-testing/llvm-test-suite/DiffOutput.sh "/home/ed/mcsema-testing/SANDBOX/test-2015-12-21_15-36-50/tools/fpcmp  -r 0.001" simple dt 
rm -f Output/dt.exe-simple
cp Output/dt.diff-simple Output/dt.exe-simple
if test -f Output/dt.extra-results.txt; then \
	  /home/ed/mcsema-testing/llvm-test-suite/ParseMultipleResults /home/ed/mcsema-testing/SANDBOX/test-2015-12-21_15-36-50/SingleSource/Benchmarks/Misc/dt Output/dt.extra-results.txt >> Output/dt.simple.exec.report.txt; \
	fi
cat Output/dt.simple.compile.report.txt Output/dt.simple.exec.report.txt >> Output/dt.simple.report.txt
---------------------------------------------------------------
>>> ========= '/home/ed/mcsema-testing/SANDBOX/test-2015-12-21_15-36-50/SingleSource/Benchmarks/Misc/dt' Program
---------------------------------------------------------------

TEST-PASS: compile /home/ed/mcsema-testing/SANDBOX/test-2015-12-21_15-36-50/SingleSource/Benchmarks/Misc/dt
TEST-RESULT-compile-success: pass
TEST-RESULT-compile-hash: 3a6848a149a5fd539e69d0737e2b580f
TEST-RESULT-compile-time: user       0.0391
TEST-RESULT-compile-real-time: real       0.0545

TEST-PASS: exec /home/ed/mcsema-testing/SANDBOX/test-2015-12-21_15-36-50/SingleSource/Benchmarks/Misc/dt
TEST-RESULT-exec-success: pass
TEST-RESULT-exec-time: user       0.8336
TEST-RESULT-exec-real-time: real       0.8357
/home/ed/mcsema-testing/llvm-test-suite/RunSafely.sh --show-errors -t "/home/ed/mcsema-testing/SANDBOX/test-2015-12-21_15-36-50/tools/timeit" 500 /dev/null Output/fbench.llvm.o.compile \
	  /usr/bin/clang -I/home/ed/mcsema-testing/SANDBOX/test-2015-12-21_15-36-50/SingleSource/Benchmarks/Misc -I/home/ed/mcsema-testing/llvm-test-suite/SingleSource/Benchmarks/Misc -I/home/ed/mcsema-testing/llvm-test-suite/include -I../../../include -D_GNU_SOURCE -D__STDC_LIMIT_MACROS -DNDEBUG  -O3  -m64 -fomit-frame-pointer -c /home/ed/mcsema-testing/llvm-test-suite/SingleSource/Benchmarks/Misc/fbench.c -o Output/fbench.llvm.o
cp Output/fbench.llvm.o.compile.time Output/fbench.simple.compile.time
/usr/bin/clang++ -o Output/fbench.simple Output/fbench.llvm.o -lm    -m64 -fomit-frame-pointer
/home/ed/mcsema-testing/llvm-test-suite/RunSafely.sh -t "/home/ed/mcsema-testing/SANDBOX/test-2015-12-21_15-36-50/tools/timeit-target" 500 /dev/null Output/fbench.out-simple Output/fbench.simple 
cp Output/fbench.simple Output/fbench.simple-hash; \
	strip --remove-section=.comment --remove-section='.note*' Output/fbench.simple-hash; \
	/home/ed/mcsema-testing/llvm-test-suite/HashProgramOutput.sh Output/fbench.simple-hash
if [ -f "/home/ed/mcsema-testing/llvm-test-suite/SingleSource/Benchmarks/Misc/fbench.reference_output.little-endian." ]; then \
	  cp /home/ed/mcsema-testing/llvm-test-suite/SingleSource/Benchmarks/Misc/fbench.reference_output.little-endian. Output/fbench.out-nat; \
	elif [ -f "/home/ed/mcsema-testing/llvm-test-suite/SingleSource/Benchmarks/Misc/fbench.reference_output." ]; then \
	  cp /home/ed/mcsema-testing/llvm-test-suite/SingleSource/Benchmarks/Misc/fbench.reference_output. Output/fbench.out-nat; \
	elif [ -f "/home/ed/mcsema-testing/llvm-test-suite/SingleSource/Benchmarks/Misc/fbench.reference_output.little-endian" ]; then \
	  cp /home/ed/mcsema-testing/llvm-test-suite/SingleSource/Benchmarks/Misc/fbench.reference_output.little-endian Output/fbench.out-nat; \
	elif [ -f "/home/ed/mcsema-testing/llvm-test-suite/SingleSource/Benchmarks/Misc/fbench.reference_output" ]; then \
	  cp /home/ed/mcsema-testing/llvm-test-suite/SingleSource/Benchmarks/Misc/fbench.reference_output Output/fbench.out-nat; \
	else \
	  printf "WARNING: %s: %s\n" "NO REFERENCE OUTPUT (using default)" "/home/ed/mcsema-testing/llvm-test-suite/SingleSource/Benchmarks/Misc/fbench.reference_output" > Output/fbench.out-nat; \
	  cp /home/ed/mcsema-testing/llvm-test-suite/default.reference_output Output/fbench.out-nat; \
	  cat Output/fbench.out-nat; \
	fi
# Pretend that the reference output was produced instantaneously.
cp /home/ed/mcsema-testing/llvm-test-suite/instant.txt Output/fbench.out-nat.time
/home/ed/mcsema-testing/llvm-test-suite/DiffOutput.sh "/home/ed/mcsema-testing/SANDBOX/test-2015-12-21_15-36-50/tools/fpcmp  -r 0.001" simple fbench 
rm -f Output/fbench.exe-simple
cp Output/fbench.diff-simple Output/fbench.exe-simple
if test -f Output/fbench.extra-results.txt; then \
	  /home/ed/mcsema-testing/llvm-test-suite/ParseMultipleResults /home/ed/mcsema-testing/SANDBOX/test-2015-12-21_15-36-50/SingleSource/Benchmarks/Misc/fbench Output/fbench.extra-results.txt >> Output/fbench.simple.exec.report.txt; \
	fi
cat Output/fbench.simple.compile.report.txt Output/fbench.simple.exec.report.txt >> Output/fbench.simple.report.txt
---------------------------------------------------------------
>>> ========= '/home/ed/mcsema-testing/SANDBOX/test-2015-12-21_15-36-50/SingleSource/Benchmarks/Misc/fbench' Program
---------------------------------------------------------------

TEST-PASS: compile /home/ed/mcsema-testing/SANDBOX/test-2015-12-21_15-36-50/SingleSource/Benchmarks/Misc/fbench
TEST-RESULT-compile-success: pass
TEST-RESULT-compile-hash: 0ca290f3d414aa974eab062574028101
TEST-RESULT-compile-time: user       0.0595
TEST-RESULT-compile-real-time: real       0.0770

TEST-PASS: exec /home/ed/mcsema-testing/SANDBOX/test-2015-12-21_15-36-50/SingleSource/Benchmarks/Misc/fbench
TEST-RESULT-exec-success: pass
TEST-RESULT-exec-time: user       1.3646
TEST-RESULT-exec-real-time: real       1.3677
/home/ed/mcsema-testing/llvm-test-suite/RunSafely.sh --show-errors -t "/home/ed/mcsema-testing/SANDBOX/test-2015-12-21_15-36-50/tools/timeit" 500 /dev/null Output/ffbench.llvm.o.compile \
	  /usr/bin/clang -I/home/ed/mcsema-testing/SANDBOX/test-2015-12-21_15-36-50/SingleSource/Benchmarks/Misc -I/home/ed/mcsema-testing/llvm-test-suite/SingleSource/Benchmarks/Misc -I/home/ed/mcsema-testing/llvm-test-suite/include -I../../../include -D_GNU_SOURCE -D__STDC_LIMIT_MACROS -DNDEBUG  -O3  -m64 -fomit-frame-pointer -c /home/ed/mcsema-testing/llvm-test-suite/SingleSource/Benchmarks/Misc/ffbench.c -o Output/ffbench.llvm.o
cp Output/ffbench.llvm.o.compile.time Output/ffbench.simple.compile.time
/usr/bin/clang++ -o Output/ffbench.simple Output/ffbench.llvm.o -lm    -m64 -fomit-frame-pointer
/home/ed/mcsema-testing/llvm-test-suite/RunSafely.sh -t "/home/ed/mcsema-testing/SANDBOX/test-2015-12-21_15-36-50/tools/timeit-target" 500 /dev/null Output/ffbench.out-simple Output/ffbench.simple 
cp Output/ffbench.simple Output/ffbench.simple-hash; \
	strip --remove-section=.comment --remove-section='.note*' Output/ffbench.simple-hash; \
	/home/ed/mcsema-testing/llvm-test-suite/HashProgramOutput.sh Output/ffbench.simple-hash
if [ -f "/home/ed/mcsema-testing/llvm-test-suite/SingleSource/Benchmarks/Misc/ffbench.reference_output.little-endian." ]; then \
	  cp /home/ed/mcsema-testing/llvm-test-suite/SingleSource/Benchmarks/Misc/ffbench.reference_output.little-endian. Output/ffbench.out-nat; \
	elif [ -f "/home/ed/mcsema-testing/llvm-test-suite/SingleSource/Benchmarks/Misc/ffbench.reference_output." ]; then \
	  cp /home/ed/mcsema-testing/llvm-test-suite/SingleSource/Benchmarks/Misc/ffbench.reference_output. Output/ffbench.out-nat; \
	elif [ -f "/home/ed/mcsema-testing/llvm-test-suite/SingleSource/Benchmarks/Misc/ffbench.reference_output.little-endian" ]; then \
	  cp /home/ed/mcsema-testing/llvm-test-suite/SingleSource/Benchmarks/Misc/ffbench.reference_output.little-endian Output/ffbench.out-nat; \
	elif [ -f "/home/ed/mcsema-testing/llvm-test-suite/SingleSource/Benchmarks/Misc/ffbench.reference_output" ]; then \
	  cp /home/ed/mcsema-testing/llvm-test-suite/SingleSource/Benchmarks/Misc/ffbench.reference_output Output/ffbench.out-nat; \
	else \
	  printf "WARNING: %s: %s\n" "NO REFERENCE OUTPUT (using default)" "/home/ed/mcsema-testing/llvm-test-suite/SingleSource/Benchmarks/Misc/ffbench.reference_output" > Output/ffbench.out-nat; \
	  cp /home/ed/mcsema-testing/llvm-test-suite/default.reference_output Output/ffbench.out-nat; \
	  cat Output/ffbench.out-nat; \
	fi
# Pretend that the reference output was produced instantaneously.
cp /home/ed/mcsema-testing/llvm-test-suite/instant.txt Output/ffbench.out-nat.time
/home/ed/mcsema-testing/llvm-test-suite/DiffOutput.sh "/home/ed/mcsema-testing/SANDBOX/test-2015-12-21_15-36-50/tools/fpcmp  -r 0.001" simple ffbench 
rm -f Output/ffbench.exe-simple
cp Output/ffbench.diff-simple Output/ffbench.exe-simple
if test -f Output/ffbench.extra-results.txt; then \
	  /home/ed/mcsema-testing/llvm-test-suite/ParseMultipleResults /home/ed/mcsema-testing/SANDBOX/test-2015-12-21_15-36-50/SingleSource/Benchmarks/Misc/ffbench Output/ffbench.extra-results.txt >> Output/ffbench.simple.exec.report.txt; \
	fi
cat Output/ffbench.simple.compile.report.txt Output/ffbench.simple.exec.report.txt >> Output/ffbench.simple.report.txt
---------------------------------------------------------------
>>> ========= '/home/ed/mcsema-testing/SANDBOX/test-2015-12-21_15-36-50/SingleSource/Benchmarks/Misc/ffbench' Program
---------------------------------------------------------------

TEST-PASS: compile /home/ed/mcsema-testing/SANDBOX/test-2015-12-21_15-36-50/SingleSource/Benchmarks/Misc/ffbench
TEST-RESULT-compile-success: pass
TEST-RESULT-compile-hash: 8b3e1252a87f146e1ded564a583dbfb4
TEST-RESULT-compile-time: user       0.0610
TEST-RESULT-compile-real-time: real       0.0777

TEST-PASS: exec /home/ed/mcsema-testing/SANDBOX/test-2015-12-21_15-36-50/SingleSource/Benchmarks/Misc/ffbench
TEST-RESULT-exec-success: pass
TEST-RESULT-exec-time: user       0.7390
TEST-RESULT-exec-real-time: real       0.7424
/home/ed/mcsema-testing/llvm-test-suite/RunSafely.sh --show-errors -t "/home/ed/mcsema-testing/SANDBOX/test-2015-12-21_15-36-50/tools/timeit" 500 /dev/null Output/flops-1.llvm.o.compile \
	  /usr/bin/clang -I/home/ed/mcsema-testing/SANDBOX/test-2015-12-21_15-36-50/SingleSource/Benchmarks/Misc -I/home/ed/mcsema-testing/llvm-test-suite/SingleSource/Benchmarks/Misc -I/home/ed/mcsema-testing/llvm-test-suite/include -I../../../include -D_GNU_SOURCE -D__STDC_LIMIT_MACROS -DNDEBUG  -O3  -m64 -fomit-frame-pointer -c /home/ed/mcsema-testing/llvm-test-suite/SingleSource/Benchmarks/Misc/flops-1.c -o Output/flops-1.llvm.o
cp Output/flops-1.llvm.o.compile.time Output/flops-1.simple.compile.time
/usr/bin/clang++ -o Output/flops-1.simple Output/flops-1.llvm.o -lm    -m64 -fomit-frame-pointer
/home/ed/mcsema-testing/llvm-test-suite/RunSafely.sh -t "/home/ed/mcsema-testing/SANDBOX/test-2015-12-21_15-36-50/tools/timeit-target" 500 /dev/null Output/flops-1.out-simple Output/flops-1.simple 
cp Output/flops-1.simple Output/flops-1.simple-hash; \
	strip --remove-section=.comment --remove-section='.note*' Output/flops-1.simple-hash; \
	/home/ed/mcsema-testing/llvm-test-suite/HashProgramOutput.sh Output/flops-1.simple-hash
if [ -f "/home/ed/mcsema-testing/llvm-test-suite/SingleSource/Benchmarks/Misc/flops-1.reference_output.little-endian." ]; then \
	  cp /home/ed/mcsema-testing/llvm-test-suite/SingleSource/Benchmarks/Misc/flops-1.reference_output.little-endian. Output/flops-1.out-nat; \
	elif [ -f "/home/ed/mcsema-testing/llvm-test-suite/SingleSource/Benchmarks/Misc/flops-1.reference_output." ]; then \
	  cp /home/ed/mcsema-testing/llvm-test-suite/SingleSource/Benchmarks/Misc/flops-1.reference_output. Output/flops-1.out-nat; \
	elif [ -f "/home/ed/mcsema-testing/llvm-test-suite/SingleSource/Benchmarks/Misc/flops-1.reference_output.little-endian" ]; then \
	  cp /home/ed/mcsema-testing/llvm-test-suite/SingleSource/Benchmarks/Misc/flops-1.reference_output.little-endian Output/flops-1.out-nat; \
	elif [ -f "/home/ed/mcsema-testing/llvm-test-suite/SingleSource/Benchmarks/Misc/flops-1.reference_output" ]; then \
	  cp /home/ed/mcsema-testing/llvm-test-suite/SingleSource/Benchmarks/Misc/flops-1.reference_output Output/flops-1.out-nat; \
	else \
	  printf "WARNING: %s: %s\n" "NO REFERENCE OUTPUT (using default)" "/home/ed/mcsema-testing/llvm-test-suite/SingleSource/Benchmarks/Misc/flops-1.reference_output" > Output/flops-1.out-nat; \
	  cp /home/ed/mcsema-testing/llvm-test-suite/default.reference_output Output/flops-1.out-nat; \
	  cat Output/flops-1.out-nat; \
	fi
# Pretend that the reference output was produced instantaneously.
cp /home/ed/mcsema-testing/llvm-test-suite/instant.txt Output/flops-1.out-nat.time
/home/ed/mcsema-testing/llvm-test-suite/DiffOutput.sh "/home/ed/mcsema-testing/SANDBOX/test-2015-12-21_15-36-50/tools/fpcmp  -r 0.001" simple flops-1 
rm -f Output/flops-1.exe-simple
cp Output/flops-1.diff-simple Output/flops-1.exe-simple
if test -f Output/flops-1.extra-results.txt; then \
	  /home/ed/mcsema-testing/llvm-test-suite/ParseMultipleResults /home/ed/mcsema-testing/SANDBOX/test-2015-12-21_15-36-50/SingleSource/Benchmarks/Misc/flops-1 Output/flops-1.extra-results.txt >> Output/flops-1.simple.exec.report.txt; \
	fi
cat Output/flops-1.simple.compile.report.txt Output/flops-1.simple.exec.report.txt >> Output/flops-1.simple.report.txt
---------------------------------------------------------------
>>> ========= '/home/ed/mcsema-testing/SANDBOX/test-2015-12-21_15-36-50/SingleSource/Benchmarks/Misc/flops-1' Program
---------------------------------------------------------------

TEST-PASS: compile /home/ed/mcsema-testing/SANDBOX/test-2015-12-21_15-36-50/SingleSource/Benchmarks/Misc/flops-1
TEST-RESULT-compile-success: pass
TEST-RESULT-compile-hash: 5ff7d170278a37932acabd326f277fd0
TEST-RESULT-compile-time: user       0.0327
TEST-RESULT-compile-real-time: real       0.0475

TEST-PASS: exec /home/ed/mcsema-testing/SANDBOX/test-2015-12-21_15-36-50/SingleSource/Benchmarks/Misc/flops-1
TEST-RESULT-exec-success: pass
TEST-RESULT-exec-time: user       1.9413
TEST-RESULT-exec-real-time: real       1.9454
/home/ed/mcsema-testing/llvm-test-suite/RunSafely.sh --show-errors -t "/home/ed/mcsema-testing/SANDBOX/test-2015-12-21_15-36-50/tools/timeit" 500 /dev/null Output/flops-2.llvm.o.compile \
	  /usr/bin/clang -I/home/ed/mcsema-testing/SANDBOX/test-2015-12-21_15-36-50/SingleSource/Benchmarks/Misc -I/home/ed/mcsema-testing/llvm-test-suite/SingleSource/Benchmarks/Misc -I/home/ed/mcsema-testing/llvm-test-suite/include -I../../../include -D_GNU_SOURCE -D__STDC_LIMIT_MACROS -DNDEBUG  -O3  -m64 -fomit-frame-pointer -c /home/ed/mcsema-testing/llvm-test-suite/SingleSource/Benchmarks/Misc/flops-2.c -o Output/flops-2.llvm.o
cp Output/flops-2.llvm.o.compile.time Output/flops-2.simple.compile.time
/usr/bin/clang++ -o Output/flops-2.simple Output/flops-2.llvm.o -lm    -m64 -fomit-frame-pointer
/home/ed/mcsema-testing/llvm-test-suite/RunSafely.sh -t "/home/ed/mcsema-testing/SANDBOX/test-2015-12-21_15-36-50/tools/timeit-target" 500 /dev/null Output/flops-2.out-simple Output/flops-2.simple 
cp Output/flops-2.simple Output/flops-2.simple-hash; \
	strip --remove-section=.comment --remove-section='.note*' Output/flops-2.simple-hash; \
	/home/ed/mcsema-testing/llvm-test-suite/HashProgramOutput.sh Output/flops-2.simple-hash
if [ -f "/home/ed/mcsema-testing/llvm-test-suite/SingleSource/Benchmarks/Misc/flops-2.reference_output.little-endian." ]; then \
	  cp /home/ed/mcsema-testing/llvm-test-suite/SingleSource/Benchmarks/Misc/flops-2.reference_output.little-endian. Output/flops-2.out-nat; \
	elif [ -f "/home/ed/mcsema-testing/llvm-test-suite/SingleSource/Benchmarks/Misc/flops-2.reference_output." ]; then \
	  cp /home/ed/mcsema-testing/llvm-test-suite/SingleSource/Benchmarks/Misc/flops-2.reference_output. Output/flops-2.out-nat; \
	elif [ -f "/home/ed/mcsema-testing/llvm-test-suite/SingleSource/Benchmarks/Misc/flops-2.reference_output.little-endian" ]; then \
	  cp /home/ed/mcsema-testing/llvm-test-suite/SingleSource/Benchmarks/Misc/flops-2.reference_output.little-endian Output/flops-2.out-nat; \
	elif [ -f "/home/ed/mcsema-testing/llvm-test-suite/SingleSource/Benchmarks/Misc/flops-2.reference_output" ]; then \
	  cp /home/ed/mcsema-testing/llvm-test-suite/SingleSource/Benchmarks/Misc/flops-2.reference_output Output/flops-2.out-nat; \
	else \
	  printf "WARNING: %s: %s\n" "NO REFERENCE OUTPUT (using default)" "/home/ed/mcsema-testing/llvm-test-suite/SingleSource/Benchmarks/Misc/flops-2.reference_output" > Output/flops-2.out-nat; \
	  cp /home/ed/mcsema-testing/llvm-test-suite/default.reference_output Output/flops-2.out-nat; \
	  cat Output/flops-2.out-nat; \
	fi
# Pretend that the reference output was produced instantaneously.
cp /home/ed/mcsema-testing/llvm-test-suite/instant.txt Output/flops-2.out-nat.time
/home/ed/mcsema-testing/llvm-test-suite/DiffOutput.sh "/home/ed/mcsema-testing/SANDBOX/test-2015-12-21_15-36-50/tools/fpcmp  -r 0.001" simple flops-2 
rm -f Output/flops-2.exe-simple
cp Output/flops-2.diff-simple Output/flops-2.exe-simple
if test -f Output/flops-2.extra-results.txt; then \
	  /home/ed/mcsema-testing/llvm-test-suite/ParseMultipleResults /home/ed/mcsema-testing/SANDBOX/test-2015-12-21_15-36-50/SingleSource/Benchmarks/Misc/flops-2 Output/flops-2.extra-results.txt >> Output/flops-2.simple.exec.report.txt; \
	fi
cat Output/flops-2.simple.compile.report.txt Output/flops-2.simple.exec.report.txt >> Output/flops-2.simple.report.txt
---------------------------------------------------------------
>>> ========= '/home/ed/mcsema-testing/SANDBOX/test-2015-12-21_15-36-50/SingleSource/Benchmarks/Misc/flops-2' Program
---------------------------------------------------------------

TEST-PASS: compile /home/ed/mcsema-testing/SANDBOX/test-2015-12-21_15-36-50/SingleSource/Benchmarks/Misc/flops-2
TEST-RESULT-compile-success: pass
TEST-RESULT-compile-hash: 4d4384bfd8088bd4daf072c68c26d4d2
TEST-RESULT-compile-time: user       0.0330
TEST-RESULT-compile-real-time: real       0.0483

TEST-PASS: exec /home/ed/mcsema-testing/SANDBOX/test-2015-12-21_15-36-50/SingleSource/Benchmarks/Misc/flops-2
TEST-RESULT-exec-success: pass
TEST-RESULT-exec-time: user       1.1015
TEST-RESULT-exec-real-time: real       1.1043
/home/ed/mcsema-testing/llvm-test-suite/RunSafely.sh --show-errors -t "/home/ed/mcsema-testing/SANDBOX/test-2015-12-21_15-36-50/tools/timeit" 500 /dev/null Output/flops-3.llvm.o.compile \
	  /usr/bin/clang -I/home/ed/mcsema-testing/SANDBOX/test-2015-12-21_15-36-50/SingleSource/Benchmarks/Misc -I/home/ed/mcsema-testing/llvm-test-suite/SingleSource/Benchmarks/Misc -I/home/ed/mcsema-testing/llvm-test-suite/include -I../../../include -D_GNU_SOURCE -D__STDC_LIMIT_MACROS -DNDEBUG  -O3  -m64 -fomit-frame-pointer -c /home/ed/mcsema-testing/llvm-test-suite/SingleSource/Benchmarks/Misc/flops-3.c -o Output/flops-3.llvm.o
cp Output/flops-3.llvm.o.compile.time Output/flops-3.simple.compile.time
/usr/bin/clang++ -o Output/flops-3.simple Output/flops-3.llvm.o -lm    -m64 -fomit-frame-pointer
/home/ed/mcsema-testing/llvm-test-suite/RunSafely.sh -t "/home/ed/mcsema-testing/SANDBOX/test-2015-12-21_15-36-50/tools/timeit-target" 500 /dev/null Output/flops-3.out-simple Output/flops-3.simple 
cp Output/flops-3.simple Output/flops-3.simple-hash; \
	strip --remove-section=.comment --remove-section='.note*' Output/flops-3.simple-hash; \
	/home/ed/mcsema-testing/llvm-test-suite/HashProgramOutput.sh Output/flops-3.simple-hash
if [ -f "/home/ed/mcsema-testing/llvm-test-suite/SingleSource/Benchmarks/Misc/flops-3.reference_output.little-endian." ]; then \
	  cp /home/ed/mcsema-testing/llvm-test-suite/SingleSource/Benchmarks/Misc/flops-3.reference_output.little-endian. Output/flops-3.out-nat; \
	elif [ -f "/home/ed/mcsema-testing/llvm-test-suite/SingleSource/Benchmarks/Misc/flops-3.reference_output." ]; then \
	  cp /home/ed/mcsema-testing/llvm-test-suite/SingleSource/Benchmarks/Misc/flops-3.reference_output. Output/flops-3.out-nat; \
	elif [ -f "/home/ed/mcsema-testing/llvm-test-suite/SingleSource/Benchmarks/Misc/flops-3.reference_output.little-endian" ]; then \
	  cp /home/ed/mcsema-testing/llvm-test-suite/SingleSource/Benchmarks/Misc/flops-3.reference_output.little-endian Output/flops-3.out-nat; \
	elif [ -f "/home/ed/mcsema-testing/llvm-test-suite/SingleSource/Benchmarks/Misc/flops-3.reference_output" ]; then \
	  cp /home/ed/mcsema-testing/llvm-test-suite/SingleSource/Benchmarks/Misc/flops-3.reference_output Output/flops-3.out-nat; \
	else \
	  printf "WARNING: %s: %s\n" "NO REFERENCE OUTPUT (using default)" "/home/ed/mcsema-testing/llvm-test-suite/SingleSource/Benchmarks/Misc/flops-3.reference_output" > Output/flops-3.out-nat; \
	  cp /home/ed/mcsema-testing/llvm-test-suite/default.reference_output Output/flops-3.out-nat; \
	  cat Output/flops-3.out-nat; \
	fi
# Pretend that the reference output was produced instantaneously.
cp /home/ed/mcsema-testing/llvm-test-suite/instant.txt Output/flops-3.out-nat.time
/home/ed/mcsema-testing/llvm-test-suite/DiffOutput.sh "/home/ed/mcsema-testing/SANDBOX/test-2015-12-21_15-36-50/tools/fpcmp  -r 0.001" simple flops-3 
rm -f Output/flops-3.exe-simple
cp Output/flops-3.diff-simple Output/flops-3.exe-simple
if test -f Output/flops-3.extra-results.txt; then \
	  /home/ed/mcsema-testing/llvm-test-suite/ParseMultipleResults /home/ed/mcsema-testing/SANDBOX/test-2015-12-21_15-36-50/SingleSource/Benchmarks/Misc/flops-3 Output/flops-3.extra-results.txt >> Output/flops-3.simple.exec.report.txt; \
	fi
cat Output/flops-3.simple.compile.report.txt Output/flops-3.simple.exec.report.txt >> Output/flops-3.simple.report.txt
---------------------------------------------------------------
>>> ========= '/home/ed/mcsema-testing/SANDBOX/test-2015-12-21_15-36-50/SingleSource/Benchmarks/Misc/flops-3' Program
---------------------------------------------------------------

TEST-PASS: compile /home/ed/mcsema-testing/SANDBOX/test-2015-12-21_15-36-50/SingleSource/Benchmarks/Misc/flops-3
TEST-RESULT-compile-success: pass
TEST-RESULT-compile-hash: 37b6c62a9dfdeb59364349362d2c6df1
TEST-RESULT-compile-time: user       0.0325
TEST-RESULT-compile-real-time: real       0.0474

TEST-PASS: exec /home/ed/mcsema-testing/SANDBOX/test-2015-12-21_15-36-50/SingleSource/Benchmarks/Misc/flops-3
TEST-RESULT-exec-success: pass
TEST-RESULT-exec-time: user       1.6456
TEST-RESULT-exec-real-time: real       1.6506
/home/ed/mcsema-testing/llvm-test-suite/RunSafely.sh --show-errors -t "/home/ed/mcsema-testing/SANDBOX/test-2015-12-21_15-36-50/tools/timeit" 500 /dev/null Output/flops-4.llvm.o.compile \
	  /usr/bin/clang -I/home/ed/mcsema-testing/SANDBOX/test-2015-12-21_15-36-50/SingleSource/Benchmarks/Misc -I/home/ed/mcsema-testing/llvm-test-suite/SingleSource/Benchmarks/Misc -I/home/ed/mcsema-testing/llvm-test-suite/include -I../../../include -D_GNU_SOURCE -D__STDC_LIMIT_MACROS -DNDEBUG  -O3  -m64 -fomit-frame-pointer -c /home/ed/mcsema-testing/llvm-test-suite/SingleSource/Benchmarks/Misc/flops-4.c -o Output/flops-4.llvm.o
cp Output/flops-4.llvm.o.compile.time Output/flops-4.simple.compile.time
/usr/bin/clang++ -o Output/flops-4.simple Output/flops-4.llvm.o -lm    -m64 -fomit-frame-pointer
/home/ed/mcsema-testing/llvm-test-suite/RunSafely.sh -t "/home/ed/mcsema-testing/SANDBOX/test-2015-12-21_15-36-50/tools/timeit-target" 500 /dev/null Output/flops-4.out-simple Output/flops-4.simple 
cp Output/flops-4.simple Output/flops-4.simple-hash; \
	strip --remove-section=.comment --remove-section='.note*' Output/flops-4.simple-hash; \
	/home/ed/mcsema-testing/llvm-test-suite/HashProgramOutput.sh Output/flops-4.simple-hash
if [ -f "/home/ed/mcsema-testing/llvm-test-suite/SingleSource/Benchmarks/Misc/flops-4.reference_output.little-endian." ]; then \
	  cp /home/ed/mcsema-testing/llvm-test-suite/SingleSource/Benchmarks/Misc/flops-4.reference_output.little-endian. Output/flops-4.out-nat; \
	elif [ -f "/home/ed/mcsema-testing/llvm-test-suite/SingleSource/Benchmarks/Misc/flops-4.reference_output." ]; then \
	  cp /home/ed/mcsema-testing/llvm-test-suite/SingleSource/Benchmarks/Misc/flops-4.reference_output. Output/flops-4.out-nat; \
	elif [ -f "/home/ed/mcsema-testing/llvm-test-suite/SingleSource/Benchmarks/Misc/flops-4.reference_output.little-endian" ]; then \
	  cp /home/ed/mcsema-testing/llvm-test-suite/SingleSource/Benchmarks/Misc/flops-4.reference_output.little-endian Output/flops-4.out-nat; \
	elif [ -f "/home/ed/mcsema-testing/llvm-test-suite/SingleSource/Benchmarks/Misc/flops-4.reference_output" ]; then \
	  cp /home/ed/mcsema-testing/llvm-test-suite/SingleSource/Benchmarks/Misc/flops-4.reference_output Output/flops-4.out-nat; \
	else \
	  printf "WARNING: %s: %s\n" "NO REFERENCE OUTPUT (using default)" "/home/ed/mcsema-testing/llvm-test-suite/SingleSource/Benchmarks/Misc/flops-4.reference_output" > Output/flops-4.out-nat; \
	  cp /home/ed/mcsema-testing/llvm-test-suite/default.reference_output Output/flops-4.out-nat; \
	  cat Output/flops-4.out-nat; \
	fi
# Pretend that the reference output was produced instantaneously.
cp /home/ed/mcsema-testing/llvm-test-suite/instant.txt Output/flops-4.out-nat.time
/home/ed/mcsema-testing/llvm-test-suite/DiffOutput.sh "/home/ed/mcsema-testing/SANDBOX/test-2015-12-21_15-36-50/tools/fpcmp  -r 0.001" simple flops-4 
rm -f Output/flops-4.exe-simple
cp Output/flops-4.diff-simple Output/flops-4.exe-simple
if test -f Output/flops-4.extra-results.txt; then \
	  /home/ed/mcsema-testing/llvm-test-suite/ParseMultipleResults /home/ed/mcsema-testing/SANDBOX/test-2015-12-21_15-36-50/SingleSource/Benchmarks/Misc/flops-4 Output/flops-4.extra-results.txt >> Output/flops-4.simple.exec.report.txt; \
	fi
cat Output/flops-4.simple.compile.report.txt Output/flops-4.simple.exec.report.txt >> Output/flops-4.simple.report.txt
---------------------------------------------------------------
>>> ========= '/home/ed/mcsema-testing/SANDBOX/test-2015-12-21_15-36-50/SingleSource/Benchmarks/Misc/flops-4' Program
---------------------------------------------------------------

TEST-PASS: compile /home/ed/mcsema-testing/SANDBOX/test-2015-12-21_15-36-50/SingleSource/Benchmarks/Misc/flops-4
TEST-RESULT-compile-success: pass
TEST-RESULT-compile-hash: b6ccaf2b0c523807c25b1624123e9ef0
TEST-RESULT-compile-time: user       0.0327
TEST-RESULT-compile-real-time: real       0.0476

TEST-PASS: exec /home/ed/mcsema-testing/SANDBOX/test-2015-12-21_15-36-50/SingleSource/Benchmarks/Misc/flops-4
TEST-RESULT-exec-success: pass
TEST-RESULT-exec-time: user       0.7308
TEST-RESULT-exec-real-time: real       0.7332
/home/ed/mcsema-testing/llvm-test-suite/RunSafely.sh --show-errors -t "/home/ed/mcsema-testing/SANDBOX/test-2015-12-21_15-36-50/tools/timeit" 500 /dev/null Output/flops-5.llvm.o.compile \
	  /usr/bin/clang -I/home/ed/mcsema-testing/SANDBOX/test-2015-12-21_15-36-50/SingleSource/Benchmarks/Misc -I/home/ed/mcsema-testing/llvm-test-suite/SingleSource/Benchmarks/Misc -I/home/ed/mcsema-testing/llvm-test-suite/include -I../../../include -D_GNU_SOURCE -D__STDC_LIMIT_MACROS -DNDEBUG  -O3  -m64 -fomit-frame-pointer -c /home/ed/mcsema-testing/llvm-test-suite/SingleSource/Benchmarks/Misc/flops-5.c -o Output/flops-5.llvm.o
cp Output/flops-5.llvm.o.compile.time Output/flops-5.simple.compile.time
/usr/bin/clang++ -o Output/flops-5.simple Output/flops-5.llvm.o -lm    -m64 -fomit-frame-pointer
/home/ed/mcsema-testing/llvm-test-suite/RunSafely.sh -t "/home/ed/mcsema-testing/SANDBOX/test-2015-12-21_15-36-50/tools/timeit-target" 500 /dev/null Output/flops-5.out-simple Output/flops-5.simple 
cp Output/flops-5.simple Output/flops-5.simple-hash; \
	strip --remove-section=.comment --remove-section='.note*' Output/flops-5.simple-hash; \
	/home/ed/mcsema-testing/llvm-test-suite/HashProgramOutput.sh Output/flops-5.simple-hash
if [ -f "/home/ed/mcsema-testing/llvm-test-suite/SingleSource/Benchmarks/Misc/flops-5.reference_output.little-endian." ]; then \
	  cp /home/ed/mcsema-testing/llvm-test-suite/SingleSource/Benchmarks/Misc/flops-5.reference_output.little-endian. Output/flops-5.out-nat; \
	elif [ -f "/home/ed/mcsema-testing/llvm-test-suite/SingleSource/Benchmarks/Misc/flops-5.reference_output." ]; then \
	  cp /home/ed/mcsema-testing/llvm-test-suite/SingleSource/Benchmarks/Misc/flops-5.reference_output. Output/flops-5.out-nat; \
	elif [ -f "/home/ed/mcsema-testing/llvm-test-suite/SingleSource/Benchmarks/Misc/flops-5.reference_output.little-endian" ]; then \
	  cp /home/ed/mcsema-testing/llvm-test-suite/SingleSource/Benchmarks/Misc/flops-5.reference_output.little-endian Output/flops-5.out-nat; \
	elif [ -f "/home/ed/mcsema-testing/llvm-test-suite/SingleSource/Benchmarks/Misc/flops-5.reference_output" ]; then \
	  cp /home/ed/mcsema-testing/llvm-test-suite/SingleSource/Benchmarks/Misc/flops-5.reference_output Output/flops-5.out-nat; \
	else \
	  printf "WARNING: %s: %s\n" "NO REFERENCE OUTPUT (using default)" "/home/ed/mcsema-testing/llvm-test-suite/SingleSource/Benchmarks/Misc/flops-5.reference_output" > Output/flops-5.out-nat; \
	  cp /home/ed/mcsema-testing/llvm-test-suite/default.reference_output Output/flops-5.out-nat; \
	  cat Output/flops-5.out-nat; \
	fi
# Pretend that the reference output was produced instantaneously.
cp /home/ed/mcsema-testing/llvm-test-suite/instant.txt Output/flops-5.out-nat.time
/home/ed/mcsema-testing/llvm-test-suite/DiffOutput.sh "/home/ed/mcsema-testing/SANDBOX/test-2015-12-21_15-36-50/tools/fpcmp  -r 0.001" simple flops-5 
rm -f Output/flops-5.exe-simple
cp Output/flops-5.diff-simple Output/flops-5.exe-simple
if test -f Output/flops-5.extra-results.txt; then \
	  /home/ed/mcsema-testing/llvm-test-suite/ParseMultipleResults /home/ed/mcsema-testing/SANDBOX/test-2015-12-21_15-36-50/SingleSource/Benchmarks/Misc/flops-5 Output/flops-5.extra-results.txt >> Output/flops-5.simple.exec.report.txt; \
	fi
cat Output/flops-5.simple.compile.report.txt Output/flops-5.simple.exec.report.txt >> Output/flops-5.simple.report.txt
---------------------------------------------------------------
>>> ========= '/home/ed/mcsema-testing/SANDBOX/test-2015-12-21_15-36-50/SingleSource/Benchmarks/Misc/flops-5' Program
---------------------------------------------------------------

TEST-PASS: compile /home/ed/mcsema-testing/SANDBOX/test-2015-12-21_15-36-50/SingleSource/Benchmarks/Misc/flops-5
TEST-RESULT-compile-success: pass
TEST-RESULT-compile-hash: 49d57ed01d377f08fd0771e5f3b58e1d
TEST-RESULT-compile-time: user       0.0341
TEST-RESULT-compile-real-time: real       0.0492

TEST-PASS: exec /home/ed/mcsema-testing/SANDBOX/test-2015-12-21_15-36-50/SingleSource/Benchmarks/Misc/flops-5
TEST-RESULT-exec-success: pass
TEST-RESULT-exec-time: user       1.3458
TEST-RESULT-exec-real-time: real       1.3495
/home/ed/mcsema-testing/llvm-test-suite/RunSafely.sh --show-errors -t "/home/ed/mcsema-testing/SANDBOX/test-2015-12-21_15-36-50/tools/timeit" 500 /dev/null Output/flops-6.llvm.o.compile \
	  /usr/bin/clang -I/home/ed/mcsema-testing/SANDBOX/test-2015-12-21_15-36-50/SingleSource/Benchmarks/Misc -I/home/ed/mcsema-testing/llvm-test-suite/SingleSource/Benchmarks/Misc -I/home/ed/mcsema-testing/llvm-test-suite/include -I../../../include -D_GNU_SOURCE -D__STDC_LIMIT_MACROS -DNDEBUG  -O3  -m64 -fomit-frame-pointer -c /home/ed/mcsema-testing/llvm-test-suite/SingleSource/Benchmarks/Misc/flops-6.c -o Output/flops-6.llvm.o
cp Output/flops-6.llvm.o.compile.time Output/flops-6.simple.compile.time
/usr/bin/clang++ -o Output/flops-6.simple Output/flops-6.llvm.o -lm    -m64 -fomit-frame-pointer
/home/ed/mcsema-testing/llvm-test-suite/RunSafely.sh -t "/home/ed/mcsema-testing/SANDBOX/test-2015-12-21_15-36-50/tools/timeit-target" 500 /dev/null Output/flops-6.out-simple Output/flops-6.simple 
cp Output/flops-6.simple Output/flops-6.simple-hash; \
	strip --remove-section=.comment --remove-section='.note*' Output/flops-6.simple-hash; \
	/home/ed/mcsema-testing/llvm-test-suite/HashProgramOutput.sh Output/flops-6.simple-hash
if [ -f "/home/ed/mcsema-testing/llvm-test-suite/SingleSource/Benchmarks/Misc/flops-6.reference_output.little-endian." ]; then \
	  cp /home/ed/mcsema-testing/llvm-test-suite/SingleSource/Benchmarks/Misc/flops-6.reference_output.little-endian. Output/flops-6.out-nat; \
	elif [ -f "/home/ed/mcsema-testing/llvm-test-suite/SingleSource/Benchmarks/Misc/flops-6.reference_output." ]; then \
	  cp /home/ed/mcsema-testing/llvm-test-suite/SingleSource/Benchmarks/Misc/flops-6.reference_output. Output/flops-6.out-nat; \
	elif [ -f "/home/ed/mcsema-testing/llvm-test-suite/SingleSource/Benchmarks/Misc/flops-6.reference_output.little-endian" ]; then \
	  cp /home/ed/mcsema-testing/llvm-test-suite/SingleSource/Benchmarks/Misc/flops-6.reference_output.little-endian Output/flops-6.out-nat; \
	elif [ -f "/home/ed/mcsema-testing/llvm-test-suite/SingleSource/Benchmarks/Misc/flops-6.reference_output" ]; then \
	  cp /home/ed/mcsema-testing/llvm-test-suite/SingleSource/Benchmarks/Misc/flops-6.reference_output Output/flops-6.out-nat; \
	else \
	  printf "WARNING: %s: %s\n" "NO REFERENCE OUTPUT (using default)" "/home/ed/mcsema-testing/llvm-test-suite/SingleSource/Benchmarks/Misc/flops-6.reference_output" > Output/flops-6.out-nat; \
	  cp /home/ed/mcsema-testing/llvm-test-suite/default.reference_output Output/flops-6.out-nat; \
	  cat Output/flops-6.out-nat; \
	fi
# Pretend that the reference output was produced instantaneously.
cp /home/ed/mcsema-testing/llvm-test-suite/instant.txt Output/flops-6.out-nat.time
/home/ed/mcsema-testing/llvm-test-suite/DiffOutput.sh "/home/ed/mcsema-testing/SANDBOX/test-2015-12-21_15-36-50/tools/fpcmp  -r 0.001" simple flops-6 
rm -f Output/flops-6.exe-simple
cp Output/flops-6.diff-simple Output/flops-6.exe-simple
if test -f Output/flops-6.extra-results.txt; then \
	  /home/ed/mcsema-testing/llvm-test-suite/ParseMultipleResults /home/ed/mcsema-testing/SANDBOX/test-2015-12-21_15-36-50/SingleSource/Benchmarks/Misc/flops-6 Output/flops-6.extra-results.txt >> Output/flops-6.simple.exec.report.txt; \
	fi
cat Output/flops-6.simple.compile.report.txt Output/flops-6.simple.exec.report.txt >> Output/flops-6.simple.report.txt
---------------------------------------------------------------
>>> ========= '/home/ed/mcsema-testing/SANDBOX/test-2015-12-21_15-36-50/SingleSource/Benchmarks/Misc/flops-6' Program
---------------------------------------------------------------

TEST-PASS: compile /home/ed/mcsema-testing/SANDBOX/test-2015-12-21_15-36-50/SingleSource/Benchmarks/Misc/flops-6
TEST-RESULT-compile-success: pass
TEST-RESULT-compile-hash: 8d04b893b267ac008cf96891fcd00e85
TEST-RESULT-compile-time: user       0.0343
TEST-RESULT-compile-real-time: real       0.0495

TEST-PASS: exec /home/ed/mcsema-testing/SANDBOX/test-2015-12-21_15-36-50/SingleSource/Benchmarks/Misc/flops-6
TEST-RESULT-exec-success: pass
TEST-RESULT-exec-time: user       1.3030
TEST-RESULT-exec-real-time: real       1.3068
/home/ed/mcsema-testing/llvm-test-suite/RunSafely.sh --show-errors -t "/home/ed/mcsema-testing/SANDBOX/test-2015-12-21_15-36-50/tools/timeit" 500 /dev/null Output/flops-7.llvm.o.compile \
	  /usr/bin/clang -I/home/ed/mcsema-testing/SANDBOX/test-2015-12-21_15-36-50/SingleSource/Benchmarks/Misc -I/home/ed/mcsema-testing/llvm-test-suite/SingleSource/Benchmarks/Misc -I/home/ed/mcsema-testing/llvm-test-suite/include -I../../../include -D_GNU_SOURCE -D__STDC_LIMIT_MACROS -DNDEBUG  -O3  -m64 -fomit-frame-pointer -c /home/ed/mcsema-testing/llvm-test-suite/SingleSource/Benchmarks/Misc/flops-7.c -o Output/flops-7.llvm.o
cp Output/flops-7.llvm.o.compile.time Output/flops-7.simple.compile.time
/usr/bin/clang++ -o Output/flops-7.simple Output/flops-7.llvm.o -lm    -m64 -fomit-frame-pointer
/home/ed/mcsema-testing/llvm-test-suite/RunSafely.sh -t "/home/ed/mcsema-testing/SANDBOX/test-2015-12-21_15-36-50/tools/timeit-target" 500 /dev/null Output/flops-7.out-simple Output/flops-7.simple 
cp Output/flops-7.simple Output/flops-7.simple-hash; \
	strip --remove-section=.comment --remove-section='.note*' Output/flops-7.simple-hash; \
	/home/ed/mcsema-testing/llvm-test-suite/HashProgramOutput.sh Output/flops-7.simple-hash
if [ -f "/home/ed/mcsema-testing/llvm-test-suite/SingleSource/Benchmarks/Misc/flops-7.reference_output.little-endian." ]; then \
	  cp /home/ed/mcsema-testing/llvm-test-suite/SingleSource/Benchmarks/Misc/flops-7.reference_output.little-endian. Output/flops-7.out-nat; \
	elif [ -f "/home/ed/mcsema-testing/llvm-test-suite/SingleSource/Benchmarks/Misc/flops-7.reference_output." ]; then \
	  cp /home/ed/mcsema-testing/llvm-test-suite/SingleSource/Benchmarks/Misc/flops-7.reference_output. Output/flops-7.out-nat; \
	elif [ -f "/home/ed/mcsema-testing/llvm-test-suite/SingleSource/Benchmarks/Misc/flops-7.reference_output.little-endian" ]; then \
	  cp /home/ed/mcsema-testing/llvm-test-suite/SingleSource/Benchmarks/Misc/flops-7.reference_output.little-endian Output/flops-7.out-nat; \
	elif [ -f "/home/ed/mcsema-testing/llvm-test-suite/SingleSource/Benchmarks/Misc/flops-7.reference_output" ]; then \
	  cp /home/ed/mcsema-testing/llvm-test-suite/SingleSource/Benchmarks/Misc/flops-7.reference_output Output/flops-7.out-nat; \
	else \
	  printf "WARNING: %s: %s\n" "NO REFERENCE OUTPUT (using default)" "/home/ed/mcsema-testing/llvm-test-suite/SingleSource/Benchmarks/Misc/flops-7.reference_output" > Output/flops-7.out-nat; \
	  cp /home/ed/mcsema-testing/llvm-test-suite/default.reference_output Output/flops-7.out-nat; \
	  cat Output/flops-7.out-nat; \
	fi
# Pretend that the reference output was produced instantaneously.
cp /home/ed/mcsema-testing/llvm-test-suite/instant.txt Output/flops-7.out-nat.time
/home/ed/mcsema-testing/llvm-test-suite/DiffOutput.sh "/home/ed/mcsema-testing/SANDBOX/test-2015-12-21_15-36-50/tools/fpcmp  -r 0.001" simple flops-7 
rm -f Output/flops-7.exe-simple
cp Output/flops-7.diff-simple Output/flops-7.exe-simple
if test -f Output/flops-7.extra-results.txt; then \
	  /home/ed/mcsema-testing/llvm-test-suite/ParseMultipleResults /home/ed/mcsema-testing/SANDBOX/test-2015-12-21_15-36-50/SingleSource/Benchmarks/Misc/flops-7 Output/flops-7.extra-results.txt >> Output/flops-7.simple.exec.report.txt; \
	fi
cat Output/flops-7.simple.compile.report.txt Output/flops-7.simple.exec.report.txt >> Output/flops-7.simple.report.txt
---------------------------------------------------------------
>>> ========= '/home/ed/mcsema-testing/SANDBOX/test-2015-12-21_15-36-50/SingleSource/Benchmarks/Misc/flops-7' Program
---------------------------------------------------------------

TEST-PASS: compile /home/ed/mcsema-testing/SANDBOX/test-2015-12-21_15-36-50/SingleSource/Benchmarks/Misc/flops-7
TEST-RESULT-compile-success: pass
TEST-RESULT-compile-hash: 69c41da7c04bf2eea9314ac709893319
TEST-RESULT-compile-time: user       0.0323
TEST-RESULT-compile-real-time: real       0.0474

TEST-PASS: exec /home/ed/mcsema-testing/SANDBOX/test-2015-12-21_15-36-50/SingleSource/Benchmarks/Misc/flops-7
TEST-RESULT-exec-success: pass
TEST-RESULT-exec-time: user       2.9066
TEST-RESULT-exec-real-time: real       2.9124
/home/ed/mcsema-testing/llvm-test-suite/RunSafely.sh --show-errors -t "/home/ed/mcsema-testing/SANDBOX/test-2015-12-21_15-36-50/tools/timeit" 500 /dev/null Output/flops-8.llvm.o.compile \
	  /usr/bin/clang -I/home/ed/mcsema-testing/SANDBOX/test-2015-12-21_15-36-50/SingleSource/Benchmarks/Misc -I/home/ed/mcsema-testing/llvm-test-suite/SingleSource/Benchmarks/Misc -I/home/ed/mcsema-testing/llvm-test-suite/include -I../../../include -D_GNU_SOURCE -D__STDC_LIMIT_MACROS -DNDEBUG  -O3  -m64 -fomit-frame-pointer -c /home/ed/mcsema-testing/llvm-test-suite/SingleSource/Benchmarks/Misc/flops-8.c -o Output/flops-8.llvm.o
cp Output/flops-8.llvm.o.compile.time Output/flops-8.simple.compile.time
/usr/bin/clang++ -o Output/flops-8.simple Output/flops-8.llvm.o -lm    -m64 -fomit-frame-pointer
/home/ed/mcsema-testing/llvm-test-suite/RunSafely.sh -t "/home/ed/mcsema-testing/SANDBOX/test-2015-12-21_15-36-50/tools/timeit-target" 500 /dev/null Output/flops-8.out-simple Output/flops-8.simple 
cp Output/flops-8.simple Output/flops-8.simple-hash; \
	strip --remove-section=.comment --remove-section='.note*' Output/flops-8.simple-hash; \
	/home/ed/mcsema-testing/llvm-test-suite/HashProgramOutput.sh Output/flops-8.simple-hash
if [ -f "/home/ed/mcsema-testing/llvm-test-suite/SingleSource/Benchmarks/Misc/flops-8.reference_output.little-endian." ]; then \
	  cp /home/ed/mcsema-testing/llvm-test-suite/SingleSource/Benchmarks/Misc/flops-8.reference_output.little-endian. Output/flops-8.out-nat; \
	elif [ -f "/home/ed/mcsema-testing/llvm-test-suite/SingleSource/Benchmarks/Misc/flops-8.reference_output." ]; then \
	  cp /home/ed/mcsema-testing/llvm-test-suite/SingleSource/Benchmarks/Misc/flops-8.reference_output. Output/flops-8.out-nat; \
	elif [ -f "/home/ed/mcsema-testing/llvm-test-suite/SingleSource/Benchmarks/Misc/flops-8.reference_output.little-endian" ]; then \
	  cp /home/ed/mcsema-testing/llvm-test-suite/SingleSource/Benchmarks/Misc/flops-8.reference_output.little-endian Output/flops-8.out-nat; \
	elif [ -f "/home/ed/mcsema-testing/llvm-test-suite/SingleSource/Benchmarks/Misc/flops-8.reference_output" ]; then \
	  cp /home/ed/mcsema-testing/llvm-test-suite/SingleSource/Benchmarks/Misc/flops-8.reference_output Output/flops-8.out-nat; \
	else \
	  printf "WARNING: %s: %s\n" "NO REFERENCE OUTPUT (using default)" "/home/ed/mcsema-testing/llvm-test-suite/SingleSource/Benchmarks/Misc/flops-8.reference_output" > Output/flops-8.out-nat; \
	  cp /home/ed/mcsema-testing/llvm-test-suite/default.reference_output Output/flops-8.out-nat; \
	  cat Output/flops-8.out-nat; \
	fi
# Pretend that the reference output was produced instantaneously.
cp /home/ed/mcsema-testing/llvm-test-suite/instant.txt Output/flops-8.out-nat.time
/home/ed/mcsema-testing/llvm-test-suite/DiffOutput.sh "/home/ed/mcsema-testing/SANDBOX/test-2015-12-21_15-36-50/tools/fpcmp  -r 0.001" simple flops-8 
rm -f Output/flops-8.exe-simple
cp Output/flops-8.diff-simple Output/flops-8.exe-simple
if test -f Output/flops-8.extra-results.txt; then \
	  /home/ed/mcsema-testing/llvm-test-suite/ParseMultipleResults /home/ed/mcsema-testing/SANDBOX/test-2015-12-21_15-36-50/SingleSource/Benchmarks/Misc/flops-8 Output/flops-8.extra-results.txt >> Output/flops-8.simple.exec.report.txt; \
	fi
cat Output/flops-8.simple.compile.report.txt Output/flops-8.simple.exec.report.txt >> Output/flops-8.simple.report.txt
---------------------------------------------------------------
>>> ========= '/home/ed/mcsema-testing/SANDBOX/test-2015-12-21_15-36-50/SingleSource/Benchmarks/Misc/flops-8' Program
---------------------------------------------------------------

TEST-PASS: compile /home/ed/mcsema-testing/SANDBOX/test-2015-12-21_15-36-50/SingleSource/Benchmarks/Misc/flops-8
TEST-RESULT-compile-success: pass
TEST-RESULT-compile-hash: c7f311334786b9938b90e4d7093a7889
TEST-RESULT-compile-time: user       0.0334
TEST-RESULT-compile-real-time: real       0.0480

TEST-PASS: exec /home/ed/mcsema-testing/SANDBOX/test-2015-12-21_15-36-50/SingleSource/Benchmarks/Misc/flops-8
TEST-RESULT-exec-success: pass
TEST-RESULT-exec-time: user       1.5617
TEST-RESULT-exec-real-time: real       1.5653
/home/ed/mcsema-testing/llvm-test-suite/RunSafely.sh --show-errors -t "/home/ed/mcsema-testing/SANDBOX/test-2015-12-21_15-36-50/tools/timeit" 500 /dev/null Output/flops.llvm.o.compile \
	  /usr/bin/clang -I/home/ed/mcsema-testing/SANDBOX/test-2015-12-21_15-36-50/SingleSource/Benchmarks/Misc -I/home/ed/mcsema-testing/llvm-test-suite/SingleSource/Benchmarks/Misc -I/home/ed/mcsema-testing/llvm-test-suite/include -I../../../include -D_GNU_SOURCE -D__STDC_LIMIT_MACROS -DNDEBUG  -O3  -m64 -fomit-frame-pointer -c /home/ed/mcsema-testing/llvm-test-suite/SingleSource/Benchmarks/Misc/flops.c -o Output/flops.llvm.o
cp Output/flops.llvm.o.compile.time Output/flops.simple.compile.time
/usr/bin/clang++ -o Output/flops.simple Output/flops.llvm.o -lm    -m64 -fomit-frame-pointer
/home/ed/mcsema-testing/llvm-test-suite/RunSafely.sh -t "/home/ed/mcsema-testing/SANDBOX/test-2015-12-21_15-36-50/tools/timeit-target" 500 /dev/null Output/flops.out-simple Output/flops.simple 
cp Output/flops.simple Output/flops.simple-hash; \
	strip --remove-section=.comment --remove-section='.note*' Output/flops.simple-hash; \
	/home/ed/mcsema-testing/llvm-test-suite/HashProgramOutput.sh Output/flops.simple-hash
if [ -f "/home/ed/mcsema-testing/llvm-test-suite/SingleSource/Benchmarks/Misc/flops.reference_output.little-endian." ]; then \
	  cp /home/ed/mcsema-testing/llvm-test-suite/SingleSource/Benchmarks/Misc/flops.reference_output.little-endian. Output/flops.out-nat; \
	elif [ -f "/home/ed/mcsema-testing/llvm-test-suite/SingleSource/Benchmarks/Misc/flops.reference_output." ]; then \
	  cp /home/ed/mcsema-testing/llvm-test-suite/SingleSource/Benchmarks/Misc/flops.reference_output. Output/flops.out-nat; \
	elif [ -f "/home/ed/mcsema-testing/llvm-test-suite/SingleSource/Benchmarks/Misc/flops.reference_output.little-endian" ]; then \
	  cp /home/ed/mcsema-testing/llvm-test-suite/SingleSource/Benchmarks/Misc/flops.reference_output.little-endian Output/flops.out-nat; \
	elif [ -f "/home/ed/mcsema-testing/llvm-test-suite/SingleSource/Benchmarks/Misc/flops.reference_output" ]; then \
	  cp /home/ed/mcsema-testing/llvm-test-suite/SingleSource/Benchmarks/Misc/flops.reference_output Output/flops.out-nat; \
	else \
	  printf "WARNING: %s: %s\n" "NO REFERENCE OUTPUT (using default)" "/home/ed/mcsema-testing/llvm-test-suite/SingleSource/Benchmarks/Misc/flops.reference_output" > Output/flops.out-nat; \
	  cp /home/ed/mcsema-testing/llvm-test-suite/default.reference_output Output/flops.out-nat; \
	  cat Output/flops.out-nat; \
	fi
# Pretend that the reference output was produced instantaneously.
cp /home/ed/mcsema-testing/llvm-test-suite/instant.txt Output/flops.out-nat.time
/home/ed/mcsema-testing/llvm-test-suite/DiffOutput.sh "/home/ed/mcsema-testing/SANDBOX/test-2015-12-21_15-36-50/tools/fpcmp  -r 0.001" simple flops 
rm -f Output/flops.exe-simple
cp Output/flops.diff-simple Output/flops.exe-simple
if test -f Output/flops.extra-results.txt; then \
	  /home/ed/mcsema-testing/llvm-test-suite/ParseMultipleResults /home/ed/mcsema-testing/SANDBOX/test-2015-12-21_15-36-50/SingleSource/Benchmarks/Misc/flops Output/flops.extra-results.txt >> Output/flops.simple.exec.report.txt; \
	fi
cat Output/flops.simple.compile.report.txt Output/flops.simple.exec.report.txt >> Output/flops.simple.report.txt
---------------------------------------------------------------
>>> ========= '/home/ed/mcsema-testing/SANDBOX/test-2015-12-21_15-36-50/SingleSource/Benchmarks/Misc/flops' Program
---------------------------------------------------------------

TEST-PASS: compile /home/ed/mcsema-testing/SANDBOX/test-2015-12-21_15-36-50/SingleSource/Benchmarks/Misc/flops
TEST-RESULT-compile-success: pass
TEST-RESULT-compile-hash: 338f44491ab30eab5fa378117833178a
TEST-RESULT-compile-time: user       0.0717
TEST-RESULT-compile-real-time: real       0.0899

TEST-PASS: exec /home/ed/mcsema-testing/SANDBOX/test-2015-12-21_15-36-50/SingleSource/Benchmarks/Misc/flops
TEST-RESULT-exec-success: pass
TEST-RESULT-exec-time: user       7.1086
TEST-RESULT-exec-real-time: real       7.1210
/home/ed/mcsema-testing/llvm-test-suite/RunSafely.sh --show-errors -t "/home/ed/mcsema-testing/SANDBOX/test-2015-12-21_15-36-50/tools/timeit" 500 /dev/null Output/fp-convert.llvm.o.compile \
	  /usr/bin/clang -I/home/ed/mcsema-testing/SANDBOX/test-2015-12-21_15-36-50/SingleSource/Benchmarks/Misc -I/home/ed/mcsema-testing/llvm-test-suite/SingleSource/Benchmarks/Misc -I/home/ed/mcsema-testing/llvm-test-suite/include -I../../../include -D_GNU_SOURCE -D__STDC_LIMIT_MACROS -DNDEBUG  -O3  -m64 -fomit-frame-pointer -c /home/ed/mcsema-testing/llvm-test-suite/SingleSource/Benchmarks/Misc/fp-convert.c -o Output/fp-convert.llvm.o
cp Output/fp-convert.llvm.o.compile.time Output/fp-convert.simple.compile.time
/usr/bin/clang++ -o Output/fp-convert.simple Output/fp-convert.llvm.o -lm    -m64 -fomit-frame-pointer
/home/ed/mcsema-testing/llvm-test-suite/RunSafely.sh -t "/home/ed/mcsema-testing/SANDBOX/test-2015-12-21_15-36-50/tools/timeit-target" 500 /dev/null Output/fp-convert.out-simple Output/fp-convert.simple 
cp Output/fp-convert.simple Output/fp-convert.simple-hash; \
	strip --remove-section=.comment --remove-section='.note*' Output/fp-convert.simple-hash; \
	/home/ed/mcsema-testing/llvm-test-suite/HashProgramOutput.sh Output/fp-convert.simple-hash
if [ -f "/home/ed/mcsema-testing/llvm-test-suite/SingleSource/Benchmarks/Misc/fp-convert.reference_output.little-endian." ]; then \
	  cp /home/ed/mcsema-testing/llvm-test-suite/SingleSource/Benchmarks/Misc/fp-convert.reference_output.little-endian. Output/fp-convert.out-nat; \
	elif [ -f "/home/ed/mcsema-testing/llvm-test-suite/SingleSource/Benchmarks/Misc/fp-convert.reference_output." ]; then \
	  cp /home/ed/mcsema-testing/llvm-test-suite/SingleSource/Benchmarks/Misc/fp-convert.reference_output. Output/fp-convert.out-nat; \
	elif [ -f "/home/ed/mcsema-testing/llvm-test-suite/SingleSource/Benchmarks/Misc/fp-convert.reference_output.little-endian" ]; then \
	  cp /home/ed/mcsema-testing/llvm-test-suite/SingleSource/Benchmarks/Misc/fp-convert.reference_output.little-endian Output/fp-convert.out-nat; \
	elif [ -f "/home/ed/mcsema-testing/llvm-test-suite/SingleSource/Benchmarks/Misc/fp-convert.reference_output" ]; then \
	  cp /home/ed/mcsema-testing/llvm-test-suite/SingleSource/Benchmarks/Misc/fp-convert.reference_output Output/fp-convert.out-nat; \
	else \
	  printf "WARNING: %s: %s\n" "NO REFERENCE OUTPUT (using default)" "/home/ed/mcsema-testing/llvm-test-suite/SingleSource/Benchmarks/Misc/fp-convert.reference_output" > Output/fp-convert.out-nat; \
	  cp /home/ed/mcsema-testing/llvm-test-suite/default.reference_output Output/fp-convert.out-nat; \
	  cat Output/fp-convert.out-nat; \
	fi
# Pretend that the reference output was produced instantaneously.
cp /home/ed/mcsema-testing/llvm-test-suite/instant.txt Output/fp-convert.out-nat.time
/home/ed/mcsema-testing/llvm-test-suite/DiffOutput.sh "/home/ed/mcsema-testing/SANDBOX/test-2015-12-21_15-36-50/tools/fpcmp  -r 0.001" simple fp-convert 
rm -f Output/fp-convert.exe-simple
cp Output/fp-convert.diff-simple Output/fp-convert.exe-simple
if test -f Output/fp-convert.extra-results.txt; then \
	  /home/ed/mcsema-testing/llvm-test-suite/ParseMultipleResults /home/ed/mcsema-testing/SANDBOX/test-2015-12-21_15-36-50/SingleSource/Benchmarks/Misc/fp-convert Output/fp-convert.extra-results.txt >> Output/fp-convert.simple.exec.report.txt; \
	fi
cat Output/fp-convert.simple.compile.report.txt Output/fp-convert.simple.exec.report.txt >> Output/fp-convert.simple.report.txt
---------------------------------------------------------------
>>> ========= '/home/ed/mcsema-testing/SANDBOX/test-2015-12-21_15-36-50/SingleSource/Benchmarks/Misc/fp-convert' Program
---------------------------------------------------------------

TEST-PASS: compile /home/ed/mcsema-testing/SANDBOX/test-2015-12-21_15-36-50/SingleSource/Benchmarks/Misc/fp-convert
TEST-RESULT-compile-success: pass
TEST-RESULT-compile-hash: dc4c312ee78afc4292a1082cba502b63
TEST-RESULT-compile-time: user       0.0313
TEST-RESULT-compile-real-time: real       0.0459

TEST-PASS: exec /home/ed/mcsema-testing/SANDBOX/test-2015-12-21_15-36-50/SingleSource/Benchmarks/Misc/fp-convert
TEST-RESULT-exec-success: pass
TEST-RESULT-exec-time: user       1.5313
TEST-RESULT-exec-real-time: real       1.5363
/home/ed/mcsema-testing/llvm-test-suite/RunSafely.sh --show-errors -t "/home/ed/mcsema-testing/SANDBOX/test-2015-12-21_15-36-50/tools/timeit" 500 /dev/null Output/himenobmtxpa.llvm.o.compile \
	  /usr/bin/clang -I/home/ed/mcsema-testing/SANDBOX/test-2015-12-21_15-36-50/SingleSource/Benchmarks/Misc -I/home/ed/mcsema-testing/llvm-test-suite/SingleSource/Benchmarks/Misc -I/home/ed/mcsema-testing/llvm-test-suite/include -I../../../include -D_GNU_SOURCE -D__STDC_LIMIT_MACROS -DNDEBUG  -O3  -m64 -fomit-frame-pointer -c /home/ed/mcsema-testing/llvm-test-suite/SingleSource/Benchmarks/Misc/himenobmtxpa.c -o Output/himenobmtxpa.llvm.o
cp Output/himenobmtxpa.llvm.o.compile.time Output/himenobmtxpa.simple.compile.time
/usr/bin/clang++ -o Output/himenobmtxpa.simple Output/himenobmtxpa.llvm.o -lm    -m64 -fomit-frame-pointer
/home/ed/mcsema-testing/llvm-test-suite/RunSafely.sh -t "/home/ed/mcsema-testing/SANDBOX/test-2015-12-21_15-36-50/tools/timeit-target" 500 /dev/null Output/himenobmtxpa.out-simple Output/himenobmtxpa.simple 
cp Output/himenobmtxpa.simple Output/himenobmtxpa.simple-hash; \
	strip --remove-section=.comment --remove-section='.note*' Output/himenobmtxpa.simple-hash; \
	/home/ed/mcsema-testing/llvm-test-suite/HashProgramOutput.sh Output/himenobmtxpa.simple-hash
if [ -f "/home/ed/mcsema-testing/llvm-test-suite/SingleSource/Benchmarks/Misc/himenobmtxpa.reference_output.little-endian." ]; then \
	  cp /home/ed/mcsema-testing/llvm-test-suite/SingleSource/Benchmarks/Misc/himenobmtxpa.reference_output.little-endian. Output/himenobmtxpa.out-nat; \
	elif [ -f "/home/ed/mcsema-testing/llvm-test-suite/SingleSource/Benchmarks/Misc/himenobmtxpa.reference_output." ]; then \
	  cp /home/ed/mcsema-testing/llvm-test-suite/SingleSource/Benchmarks/Misc/himenobmtxpa.reference_output. Output/himenobmtxpa.out-nat; \
	elif [ -f "/home/ed/mcsema-testing/llvm-test-suite/SingleSource/Benchmarks/Misc/himenobmtxpa.reference_output.little-endian" ]; then \
	  cp /home/ed/mcsema-testing/llvm-test-suite/SingleSource/Benchmarks/Misc/himenobmtxpa.reference_output.little-endian Output/himenobmtxpa.out-nat; \
	elif [ -f "/home/ed/mcsema-testing/llvm-test-suite/SingleSource/Benchmarks/Misc/himenobmtxpa.reference_output" ]; then \
	  cp /home/ed/mcsema-testing/llvm-test-suite/SingleSource/Benchmarks/Misc/himenobmtxpa.reference_output Output/himenobmtxpa.out-nat; \
	else \
	  printf "WARNING: %s: %s\n" "NO REFERENCE OUTPUT (using default)" "/home/ed/mcsema-testing/llvm-test-suite/SingleSource/Benchmarks/Misc/himenobmtxpa.reference_output" > Output/himenobmtxpa.out-nat; \
	  cp /home/ed/mcsema-testing/llvm-test-suite/default.reference_output Output/himenobmtxpa.out-nat; \
	  cat Output/himenobmtxpa.out-nat; \
	fi
# Pretend that the reference output was produced instantaneously.
cp /home/ed/mcsema-testing/llvm-test-suite/instant.txt Output/himenobmtxpa.out-nat.time
/home/ed/mcsema-testing/llvm-test-suite/DiffOutput.sh "/home/ed/mcsema-testing/SANDBOX/test-2015-12-21_15-36-50/tools/fpcmp  -r 0.001" simple himenobmtxpa 
rm -f Output/himenobmtxpa.exe-simple
cp Output/himenobmtxpa.diff-simple Output/himenobmtxpa.exe-simple
if test -f Output/himenobmtxpa.extra-results.txt; then \
	  /home/ed/mcsema-testing/llvm-test-suite/ParseMultipleResults /home/ed/mcsema-testing/SANDBOX/test-2015-12-21_15-36-50/SingleSource/Benchmarks/Misc/himenobmtxpa Output/himenobmtxpa.extra-results.txt >> Output/himenobmtxpa.simple.exec.report.txt; \
	fi
cat Output/himenobmtxpa.simple.compile.report.txt Output/himenobmtxpa.simple.exec.report.txt >> Output/himenobmtxpa.simple.report.txt
---------------------------------------------------------------
>>> ========= '/home/ed/mcsema-testing/SANDBOX/test-2015-12-21_15-36-50/SingleSource/Benchmarks/Misc/himenobmtxpa' Program
---------------------------------------------------------------

TEST-PASS: compile /home/ed/mcsema-testing/SANDBOX/test-2015-12-21_15-36-50/SingleSource/Benchmarks/Misc/himenobmtxpa
TEST-RESULT-compile-success: pass
TEST-RESULT-compile-hash: 923987aee648c8cd6fe8df5528f851e8
TEST-RESULT-compile-time: user       0.1294
TEST-RESULT-compile-real-time: real       0.1469

TEST-PASS: exec /home/ed/mcsema-testing/SANDBOX/test-2015-12-21_15-36-50/SingleSource/Benchmarks/Misc/himenobmtxpa
TEST-RESULT-exec-success: pass
TEST-RESULT-exec-time: user       0.8540
TEST-RESULT-exec-real-time: real       0.8674
/home/ed/mcsema-testing/llvm-test-suite/RunSafely.sh --show-errors -t "/home/ed/mcsema-testing/SANDBOX/test-2015-12-21_15-36-50/tools/timeit" 500 /dev/null Output/lowercase.llvm.o.compile \
	  /usr/bin/clang -I/home/ed/mcsema-testing/SANDBOX/test-2015-12-21_15-36-50/SingleSource/Benchmarks/Misc -I/home/ed/mcsema-testing/llvm-test-suite/SingleSource/Benchmarks/Misc -I/home/ed/mcsema-testing/llvm-test-suite/include -I../../../include -D_GNU_SOURCE -D__STDC_LIMIT_MACROS -DNDEBUG  -O3  -m64 -fomit-frame-pointer -c /home/ed/mcsema-testing/llvm-test-suite/SingleSource/Benchmarks/Misc/lowercase.c -o Output/lowercase.llvm.o
cp Output/lowercase.llvm.o.compile.time Output/lowercase.simple.compile.time
/usr/bin/clang++ -o Output/lowercase.simple Output/lowercase.llvm.o -lm    -m64 -fomit-frame-pointer
/home/ed/mcsema-testing/llvm-test-suite/RunSafely.sh -t "/home/ed/mcsema-testing/SANDBOX/test-2015-12-21_15-36-50/tools/timeit-target" 500 /dev/null Output/lowercase.out-simple Output/lowercase.simple 
cp Output/lowercase.simple Output/lowercase.simple-hash; \
	strip --remove-section=.comment --remove-section='.note*' Output/lowercase.simple-hash; \
	/home/ed/mcsema-testing/llvm-test-suite/HashProgramOutput.sh Output/lowercase.simple-hash
if [ -f "/home/ed/mcsema-testing/llvm-test-suite/SingleSource/Benchmarks/Misc/lowercase.reference_output.little-endian." ]; then \
	  cp /home/ed/mcsema-testing/llvm-test-suite/SingleSource/Benchmarks/Misc/lowercase.reference_output.little-endian. Output/lowercase.out-nat; \
	elif [ -f "/home/ed/mcsema-testing/llvm-test-suite/SingleSource/Benchmarks/Misc/lowercase.reference_output." ]; then \
	  cp /home/ed/mcsema-testing/llvm-test-suite/SingleSource/Benchmarks/Misc/lowercase.reference_output. Output/lowercase.out-nat; \
	elif [ -f "/home/ed/mcsema-testing/llvm-test-suite/SingleSource/Benchmarks/Misc/lowercase.reference_output.little-endian" ]; then \
	  cp /home/ed/mcsema-testing/llvm-test-suite/SingleSource/Benchmarks/Misc/lowercase.reference_output.little-endian Output/lowercase.out-nat; \
	elif [ -f "/home/ed/mcsema-testing/llvm-test-suite/SingleSource/Benchmarks/Misc/lowercase.reference_output" ]; then \
	  cp /home/ed/mcsema-testing/llvm-test-suite/SingleSource/Benchmarks/Misc/lowercase.reference_output Output/lowercase.out-nat; \
	else \
	  printf "WARNING: %s: %s\n" "NO REFERENCE OUTPUT (using default)" "/home/ed/mcsema-testing/llvm-test-suite/SingleSource/Benchmarks/Misc/lowercase.reference_output" > Output/lowercase.out-nat; \
	  cp /home/ed/mcsema-testing/llvm-test-suite/default.reference_output Output/lowercase.out-nat; \
	  cat Output/lowercase.out-nat; \
	fi
# Pretend that the reference output was produced instantaneously.
cp /home/ed/mcsema-testing/llvm-test-suite/instant.txt Output/lowercase.out-nat.time
/home/ed/mcsema-testing/llvm-test-suite/DiffOutput.sh "/home/ed/mcsema-testing/SANDBOX/test-2015-12-21_15-36-50/tools/fpcmp  -r 0.001" simple lowercase 
rm -f Output/lowercase.exe-simple
cp Output/lowercase.diff-simple Output/lowercase.exe-simple
if test -f Output/lowercase.extra-results.txt; then \
	  /home/ed/mcsema-testing/llvm-test-suite/ParseMultipleResults /home/ed/mcsema-testing/SANDBOX/test-2015-12-21_15-36-50/SingleSource/Benchmarks/Misc/lowercase Output/lowercase.extra-results.txt >> Output/lowercase.simple.exec.report.txt; \
	fi
cat Output/lowercase.simple.compile.report.txt Output/lowercase.simple.exec.report.txt >> Output/lowercase.simple.report.txt
---------------------------------------------------------------
>>> ========= '/home/ed/mcsema-testing/SANDBOX/test-2015-12-21_15-36-50/SingleSource/Benchmarks/Misc/lowercase' Program
---------------------------------------------------------------

TEST-PASS: compile /home/ed/mcsema-testing/SANDBOX/test-2015-12-21_15-36-50/SingleSource/Benchmarks/Misc/lowercase
TEST-RESULT-compile-success: pass
TEST-RESULT-compile-hash: 26db638753e46b61f6a062d6eb8cf624
TEST-RESULT-compile-time: user       0.0285
TEST-RESULT-compile-real-time: real       0.0428

TEST-PASS: exec /home/ed/mcsema-testing/SANDBOX/test-2015-12-21_15-36-50/SingleSource/Benchmarks/Misc/lowercase
TEST-RESULT-exec-success: pass
TEST-RESULT-exec-time: user       0.0009
TEST-RESULT-exec-real-time: real       0.0019
/home/ed/mcsema-testing/llvm-test-suite/RunSafely.sh --show-errors -t "/home/ed/mcsema-testing/SANDBOX/test-2015-12-21_15-36-50/tools/timeit" 500 /dev/null Output/mandel-2.llvm.o.compile \
	  /usr/bin/clang -I/home/ed/mcsema-testing/SANDBOX/test-2015-12-21_15-36-50/SingleSource/Benchmarks/Misc -I/home/ed/mcsema-testing/llvm-test-suite/SingleSource/Benchmarks/Misc -I/home/ed/mcsema-testing/llvm-test-suite/include -I../../../include -D_GNU_SOURCE -D__STDC_LIMIT_MACROS -DNDEBUG  -O3  -m64 -fomit-frame-pointer -c /home/ed/mcsema-testing/llvm-test-suite/SingleSource/Benchmarks/Misc/mandel-2.c -o Output/mandel-2.llvm.o
cp Output/mandel-2.llvm.o.compile.time Output/mandel-2.simple.compile.time
/usr/bin/clang++ -o Output/mandel-2.simple Output/mandel-2.llvm.o -lm    -m64 -fomit-frame-pointer
/home/ed/mcsema-testing/llvm-test-suite/RunSafely.sh -t "/home/ed/mcsema-testing/SANDBOX/test-2015-12-21_15-36-50/tools/timeit-target" 500 /dev/null Output/mandel-2.out-simple Output/mandel-2.simple 
cp Output/mandel-2.simple Output/mandel-2.simple-hash; \
	strip --remove-section=.comment --remove-section='.note*' Output/mandel-2.simple-hash; \
	/home/ed/mcsema-testing/llvm-test-suite/HashProgramOutput.sh Output/mandel-2.simple-hash
if [ -f "/home/ed/mcsema-testing/llvm-test-suite/SingleSource/Benchmarks/Misc/mandel-2.reference_output.little-endian." ]; then \
	  cp /home/ed/mcsema-testing/llvm-test-suite/SingleSource/Benchmarks/Misc/mandel-2.reference_output.little-endian. Output/mandel-2.out-nat; \
	elif [ -f "/home/ed/mcsema-testing/llvm-test-suite/SingleSource/Benchmarks/Misc/mandel-2.reference_output." ]; then \
	  cp /home/ed/mcsema-testing/llvm-test-suite/SingleSource/Benchmarks/Misc/mandel-2.reference_output. Output/mandel-2.out-nat; \
	elif [ -f "/home/ed/mcsema-testing/llvm-test-suite/SingleSource/Benchmarks/Misc/mandel-2.reference_output.little-endian" ]; then \
	  cp /home/ed/mcsema-testing/llvm-test-suite/SingleSource/Benchmarks/Misc/mandel-2.reference_output.little-endian Output/mandel-2.out-nat; \
	elif [ -f "/home/ed/mcsema-testing/llvm-test-suite/SingleSource/Benchmarks/Misc/mandel-2.reference_output" ]; then \
	  cp /home/ed/mcsema-testing/llvm-test-suite/SingleSource/Benchmarks/Misc/mandel-2.reference_output Output/mandel-2.out-nat; \
	else \
	  printf "WARNING: %s: %s\n" "NO REFERENCE OUTPUT (using default)" "/home/ed/mcsema-testing/llvm-test-suite/SingleSource/Benchmarks/Misc/mandel-2.reference_output" > Output/mandel-2.out-nat; \
	  cp /home/ed/mcsema-testing/llvm-test-suite/default.reference_output Output/mandel-2.out-nat; \
	  cat Output/mandel-2.out-nat; \
	fi
# Pretend that the reference output was produced instantaneously.
cp /home/ed/mcsema-testing/llvm-test-suite/instant.txt Output/mandel-2.out-nat.time
/home/ed/mcsema-testing/llvm-test-suite/DiffOutput.sh "/home/ed/mcsema-testing/SANDBOX/test-2015-12-21_15-36-50/tools/fpcmp  -r 0.001" simple mandel-2 
rm -f Output/mandel-2.exe-simple
cp Output/mandel-2.diff-simple Output/mandel-2.exe-simple
if test -f Output/mandel-2.extra-results.txt; then \
	  /home/ed/mcsema-testing/llvm-test-suite/ParseMultipleResults /home/ed/mcsema-testing/SANDBOX/test-2015-12-21_15-36-50/SingleSource/Benchmarks/Misc/mandel-2 Output/mandel-2.extra-results.txt >> Output/mandel-2.simple.exec.report.txt; \
	fi
cat Output/mandel-2.simple.compile.report.txt Output/mandel-2.simple.exec.report.txt >> Output/mandel-2.simple.report.txt
---------------------------------------------------------------
>>> ========= '/home/ed/mcsema-testing/SANDBOX/test-2015-12-21_15-36-50/SingleSource/Benchmarks/Misc/mandel-2' Program
---------------------------------------------------------------

TEST-PASS: compile /home/ed/mcsema-testing/SANDBOX/test-2015-12-21_15-36-50/SingleSource/Benchmarks/Misc/mandel-2
TEST-RESULT-compile-success: pass
TEST-RESULT-compile-hash: c927e16e7e07eee82c5eef886e128de9
TEST-RESULT-compile-time: user       0.0336
TEST-RESULT-compile-real-time: real       0.0500

TEST-PASS: exec /home/ed/mcsema-testing/SANDBOX/test-2015-12-21_15-36-50/SingleSource/Benchmarks/Misc/mandel-2
TEST-RESULT-exec-success: pass
TEST-RESULT-exec-time: user       0.5772
TEST-RESULT-exec-real-time: real       0.5790
/home/ed/mcsema-testing/llvm-test-suite/RunSafely.sh --show-errors -t "/home/ed/mcsema-testing/SANDBOX/test-2015-12-21_15-36-50/tools/timeit" 500 /dev/null Output/mandel.llvm.o.compile \
	  /usr/bin/clang -I/home/ed/mcsema-testing/SANDBOX/test-2015-12-21_15-36-50/SingleSource/Benchmarks/Misc -I/home/ed/mcsema-testing/llvm-test-suite/SingleSource/Benchmarks/Misc -I/home/ed/mcsema-testing/llvm-test-suite/include -I../../../include -D_GNU_SOURCE -D__STDC_LIMIT_MACROS -DNDEBUG  -O3  -m64 -fomit-frame-pointer -c /home/ed/mcsema-testing/llvm-test-suite/SingleSource/Benchmarks/Misc/mandel.c -o Output/mandel.llvm.o
cp Output/mandel.llvm.o.compile.time Output/mandel.simple.compile.time
/usr/bin/clang++ -o Output/mandel.simple Output/mandel.llvm.o -lm    -m64 -fomit-frame-pointer
/home/ed/mcsema-testing/llvm-test-suite/RunSafely.sh -t "/home/ed/mcsema-testing/SANDBOX/test-2015-12-21_15-36-50/tools/timeit-target" 500 /dev/null Output/mandel.out-simple Output/mandel.simple 
cp Output/mandel.simple Output/mandel.simple-hash; \
	strip --remove-section=.comment --remove-section='.note*' Output/mandel.simple-hash; \
	/home/ed/mcsema-testing/llvm-test-suite/HashProgramOutput.sh Output/mandel.simple-hash
if [ -f "/home/ed/mcsema-testing/llvm-test-suite/SingleSource/Benchmarks/Misc/mandel.reference_output.little-endian." ]; then \
	  cp /home/ed/mcsema-testing/llvm-test-suite/SingleSource/Benchmarks/Misc/mandel.reference_output.little-endian. Output/mandel.out-nat; \
	elif [ -f "/home/ed/mcsema-testing/llvm-test-suite/SingleSource/Benchmarks/Misc/mandel.reference_output." ]; then \
	  cp /home/ed/mcsema-testing/llvm-test-suite/SingleSource/Benchmarks/Misc/mandel.reference_output. Output/mandel.out-nat; \
	elif [ -f "/home/ed/mcsema-testing/llvm-test-suite/SingleSource/Benchmarks/Misc/mandel.reference_output.little-endian" ]; then \
	  cp /home/ed/mcsema-testing/llvm-test-suite/SingleSource/Benchmarks/Misc/mandel.reference_output.little-endian Output/mandel.out-nat; \
	elif [ -f "/home/ed/mcsema-testing/llvm-test-suite/SingleSource/Benchmarks/Misc/mandel.reference_output" ]; then \
	  cp /home/ed/mcsema-testing/llvm-test-suite/SingleSource/Benchmarks/Misc/mandel.reference_output Output/mandel.out-nat; \
	else \
	  printf "WARNING: %s: %s\n" "NO REFERENCE OUTPUT (using default)" "/home/ed/mcsema-testing/llvm-test-suite/SingleSource/Benchmarks/Misc/mandel.reference_output" > Output/mandel.out-nat; \
	  cp /home/ed/mcsema-testing/llvm-test-suite/default.reference_output Output/mandel.out-nat; \
	  cat Output/mandel.out-nat; \
	fi
# Pretend that the reference output was produced instantaneously.
cp /home/ed/mcsema-testing/llvm-test-suite/instant.txt Output/mandel.out-nat.time
/home/ed/mcsema-testing/llvm-test-suite/DiffOutput.sh "/home/ed/mcsema-testing/SANDBOX/test-2015-12-21_15-36-50/tools/fpcmp  -r 0.001" simple mandel 
rm -f Output/mandel.exe-simple
cp Output/mandel.diff-simple Output/mandel.exe-simple
if test -f Output/mandel.extra-results.txt; then \
	  /home/ed/mcsema-testing/llvm-test-suite/ParseMultipleResults /home/ed/mcsema-testing/SANDBOX/test-2015-12-21_15-36-50/SingleSource/Benchmarks/Misc/mandel Output/mandel.extra-results.txt >> Output/mandel.simple.exec.report.txt; \
	fi
cat Output/mandel.simple.compile.report.txt Output/mandel.simple.exec.report.txt >> Output/mandel.simple.report.txt
---------------------------------------------------------------
>>> ========= '/home/ed/mcsema-testing/SANDBOX/test-2015-12-21_15-36-50/SingleSource/Benchmarks/Misc/mandel' Program
---------------------------------------------------------------

TEST-PASS: compile /home/ed/mcsema-testing/SANDBOX/test-2015-12-21_15-36-50/SingleSource/Benchmarks/Misc/mandel
TEST-RESULT-compile-success: pass
TEST-RESULT-compile-hash: 8f3c89112ffe0b209e8131d641e6c8da
TEST-RESULT-compile-time: user       0.0482
TEST-RESULT-compile-real-time: real       0.0812

TEST-PASS: exec /home/ed/mcsema-testing/SANDBOX/test-2015-12-21_15-36-50/SingleSource/Benchmarks/Misc/mandel
TEST-RESULT-exec-success: pass
TEST-RESULT-exec-time: user       0.8128
TEST-RESULT-exec-real-time: real       0.8156
/home/ed/mcsema-testing/llvm-test-suite/RunSafely.sh --show-errors -t "/home/ed/mcsema-testing/SANDBOX/test-2015-12-21_15-36-50/tools/timeit" 500 /dev/null Output/matmul_f64_4x4.llvm.o.compile \
	  /usr/bin/clang -I/home/ed/mcsema-testing/SANDBOX/test-2015-12-21_15-36-50/SingleSource/Benchmarks/Misc -I/home/ed/mcsema-testing/llvm-test-suite/SingleSource/Benchmarks/Misc -I/home/ed/mcsema-testing/llvm-test-suite/include -I../../../include -D_GNU_SOURCE -D__STDC_LIMIT_MACROS -DNDEBUG  -O3  -m64 -fomit-frame-pointer -c /home/ed/mcsema-testing/llvm-test-suite/SingleSource/Benchmarks/Misc/matmul_f64_4x4.c -o Output/matmul_f64_4x4.llvm.o
cp Output/matmul_f64_4x4.llvm.o.compile.time Output/matmul_f64_4x4.simple.compile.time
/usr/bin/clang++ -o Output/matmul_f64_4x4.simple Output/matmul_f64_4x4.llvm.o -lm    -m64 -fomit-frame-pointer
/home/ed/mcsema-testing/llvm-test-suite/RunSafely.sh -t "/home/ed/mcsema-testing/SANDBOX/test-2015-12-21_15-36-50/tools/timeit-target" 500 /dev/null Output/matmul_f64_4x4.out-simple Output/matmul_f64_4x4.simple 
cp Output/matmul_f64_4x4.simple Output/matmul_f64_4x4.simple-hash; \
	strip --remove-section=.comment --remove-section='.note*' Output/matmul_f64_4x4.simple-hash; \
	/home/ed/mcsema-testing/llvm-test-suite/HashProgramOutput.sh Output/matmul_f64_4x4.simple-hash
if [ -f "/home/ed/mcsema-testing/llvm-test-suite/SingleSource/Benchmarks/Misc/matmul_f64_4x4.reference_output.little-endian." ]; then \
	  cp /home/ed/mcsema-testing/llvm-test-suite/SingleSource/Benchmarks/Misc/matmul_f64_4x4.reference_output.little-endian. Output/matmul_f64_4x4.out-nat; \
	elif [ -f "/home/ed/mcsema-testing/llvm-test-suite/SingleSource/Benchmarks/Misc/matmul_f64_4x4.reference_output." ]; then \
	  cp /home/ed/mcsema-testing/llvm-test-suite/SingleSource/Benchmarks/Misc/matmul_f64_4x4.reference_output. Output/matmul_f64_4x4.out-nat; \
	elif [ -f "/home/ed/mcsema-testing/llvm-test-suite/SingleSource/Benchmarks/Misc/matmul_f64_4x4.reference_output.little-endian" ]; then \
	  cp /home/ed/mcsema-testing/llvm-test-suite/SingleSource/Benchmarks/Misc/matmul_f64_4x4.reference_output.little-endian Output/matmul_f64_4x4.out-nat; \
	elif [ -f "/home/ed/mcsema-testing/llvm-test-suite/SingleSource/Benchmarks/Misc/matmul_f64_4x4.reference_output" ]; then \
	  cp /home/ed/mcsema-testing/llvm-test-suite/SingleSource/Benchmarks/Misc/matmul_f64_4x4.reference_output Output/matmul_f64_4x4.out-nat; \
	else \
	  printf "WARNING: %s: %s\n" "NO REFERENCE OUTPUT (using default)" "/home/ed/mcsema-testing/llvm-test-suite/SingleSource/Benchmarks/Misc/matmul_f64_4x4.reference_output" > Output/matmul_f64_4x4.out-nat; \
	  cp /home/ed/mcsema-testing/llvm-test-suite/default.reference_output Output/matmul_f64_4x4.out-nat; \
	  cat Output/matmul_f64_4x4.out-nat; \
	fi
# Pretend that the reference output was produced instantaneously.
cp /home/ed/mcsema-testing/llvm-test-suite/instant.txt Output/matmul_f64_4x4.out-nat.time
/home/ed/mcsema-testing/llvm-test-suite/DiffOutput.sh "/home/ed/mcsema-testing/SANDBOX/test-2015-12-21_15-36-50/tools/fpcmp  -r 0.001" simple matmul_f64_4x4 
rm -f Output/matmul_f64_4x4.exe-simple
cp Output/matmul_f64_4x4.diff-simple Output/matmul_f64_4x4.exe-simple
if test -f Output/matmul_f64_4x4.extra-results.txt; then \
	  /home/ed/mcsema-testing/llvm-test-suite/ParseMultipleResults /home/ed/mcsema-testing/SANDBOX/test-2015-12-21_15-36-50/SingleSource/Benchmarks/Misc/matmul_f64_4x4 Output/matmul_f64_4x4.extra-results.txt >> Output/matmul_f64_4x4.simple.exec.report.txt; \
	fi
cat Output/matmul_f64_4x4.simple.compile.report.txt Output/matmul_f64_4x4.simple.exec.report.txt >> Output/matmul_f64_4x4.simple.report.txt
---------------------------------------------------------------
>>> ========= '/home/ed/mcsema-testing/SANDBOX/test-2015-12-21_15-36-50/SingleSource/Benchmarks/Misc/matmul_f64_4x4' Program
---------------------------------------------------------------

TEST-PASS: compile /home/ed/mcsema-testing/SANDBOX/test-2015-12-21_15-36-50/SingleSource/Benchmarks/Misc/matmul_f64_4x4
TEST-RESULT-compile-success: pass
TEST-RESULT-compile-hash: cc0c6f65e8ff3adf3ddb912f732beaa3
TEST-RESULT-compile-time: user       0.0317
TEST-RESULT-compile-real-time: real       0.0462

TEST-PASS: exec /home/ed/mcsema-testing/SANDBOX/test-2015-12-21_15-36-50/SingleSource/Benchmarks/Misc/matmul_f64_4x4
TEST-RESULT-exec-success: pass
TEST-RESULT-exec-time: user       0.6203
TEST-RESULT-exec-real-time: real       0.6230
/home/ed/mcsema-testing/llvm-test-suite/RunSafely.sh --show-errors -t "/home/ed/mcsema-testing/SANDBOX/test-2015-12-21_15-36-50/tools/timeit" 500 /dev/null Output/oourafft.llvm.o.compile \
	  /usr/bin/clang -I/home/ed/mcsema-testing/SANDBOX/test-2015-12-21_15-36-50/SingleSource/Benchmarks/Misc -I/home/ed/mcsema-testing/llvm-test-suite/SingleSource/Benchmarks/Misc -I/home/ed/mcsema-testing/llvm-test-suite/include -I../../../include -D_GNU_SOURCE -D__STDC_LIMIT_MACROS -DNDEBUG  -O3  -m64 -fomit-frame-pointer -c /home/ed/mcsema-testing/llvm-test-suite/SingleSource/Benchmarks/Misc/oourafft.c -o Output/oourafft.llvm.o
cp Output/oourafft.llvm.o.compile.time Output/oourafft.simple.compile.time
/usr/bin/clang++ -o Output/oourafft.simple Output/oourafft.llvm.o -lm    -m64 -fomit-frame-pointer
/home/ed/mcsema-testing/llvm-test-suite/RunSafely.sh -t "/home/ed/mcsema-testing/SANDBOX/test-2015-12-21_15-36-50/tools/timeit-target" 500 /dev/null Output/oourafft.out-simple Output/oourafft.simple 
cp Output/oourafft.simple Output/oourafft.simple-hash; \
	strip --remove-section=.comment --remove-section='.note*' Output/oourafft.simple-hash; \
	/home/ed/mcsema-testing/llvm-test-suite/HashProgramOutput.sh Output/oourafft.simple-hash
if [ -f "/home/ed/mcsema-testing/llvm-test-suite/SingleSource/Benchmarks/Misc/oourafft.reference_output.little-endian." ]; then \
	  cp /home/ed/mcsema-testing/llvm-test-suite/SingleSource/Benchmarks/Misc/oourafft.reference_output.little-endian. Output/oourafft.out-nat; \
	elif [ -f "/home/ed/mcsema-testing/llvm-test-suite/SingleSource/Benchmarks/Misc/oourafft.reference_output." ]; then \
	  cp /home/ed/mcsema-testing/llvm-test-suite/SingleSource/Benchmarks/Misc/oourafft.reference_output. Output/oourafft.out-nat; \
	elif [ -f "/home/ed/mcsema-testing/llvm-test-suite/SingleSource/Benchmarks/Misc/oourafft.reference_output.little-endian" ]; then \
	  cp /home/ed/mcsema-testing/llvm-test-suite/SingleSource/Benchmarks/Misc/oourafft.reference_output.little-endian Output/oourafft.out-nat; \
	elif [ -f "/home/ed/mcsema-testing/llvm-test-suite/SingleSource/Benchmarks/Misc/oourafft.reference_output" ]; then \
	  cp /home/ed/mcsema-testing/llvm-test-suite/SingleSource/Benchmarks/Misc/oourafft.reference_output Output/oourafft.out-nat; \
	else \
	  printf "WARNING: %s: %s\n" "NO REFERENCE OUTPUT (using default)" "/home/ed/mcsema-testing/llvm-test-suite/SingleSource/Benchmarks/Misc/oourafft.reference_output" > Output/oourafft.out-nat; \
	  cp /home/ed/mcsema-testing/llvm-test-suite/default.reference_output Output/oourafft.out-nat; \
	  cat Output/oourafft.out-nat; \
	fi
# Pretend that the reference output was produced instantaneously.
cp /home/ed/mcsema-testing/llvm-test-suite/instant.txt Output/oourafft.out-nat.time
/home/ed/mcsema-testing/llvm-test-suite/DiffOutput.sh "/home/ed/mcsema-testing/SANDBOX/test-2015-12-21_15-36-50/tools/fpcmp  -r 0.001" simple oourafft 
rm -f Output/oourafft.exe-simple
cp Output/oourafft.diff-simple Output/oourafft.exe-simple
if test -f Output/oourafft.extra-results.txt; then \
	  /home/ed/mcsema-testing/llvm-test-suite/ParseMultipleResults /home/ed/mcsema-testing/SANDBOX/test-2015-12-21_15-36-50/SingleSource/Benchmarks/Misc/oourafft Output/oourafft.extra-results.txt >> Output/oourafft.simple.exec.report.txt; \
	fi
cat Output/oourafft.simple.compile.report.txt Output/oourafft.simple.exec.report.txt >> Output/oourafft.simple.report.txt
---------------------------------------------------------------
>>> ========= '/home/ed/mcsema-testing/SANDBOX/test-2015-12-21_15-36-50/SingleSource/Benchmarks/Misc/oourafft' Program
---------------------------------------------------------------

TEST-PASS: compile /home/ed/mcsema-testing/SANDBOX/test-2015-12-21_15-36-50/SingleSource/Benchmarks/Misc/oourafft
TEST-RESULT-compile-success: pass
TEST-RESULT-compile-hash: 8a0dd2bd49de940e6f5ae833f58be7b6
TEST-RESULT-compile-time: user       0.1538
TEST-RESULT-compile-real-time: real       0.1742

TEST-PASS: exec /home/ed/mcsema-testing/SANDBOX/test-2015-12-21_15-36-50/SingleSource/Benchmarks/Misc/oourafft
TEST-RESULT-exec-success: pass
TEST-RESULT-exec-time: user       3.4761
TEST-RESULT-exec-real-time: real       3.4829
/home/ed/mcsema-testing/llvm-test-suite/RunSafely.sh --show-errors -t "/home/ed/mcsema-testing/SANDBOX/test-2015-12-21_15-36-50/tools/timeit" 500 /dev/null Output/perlin.llvm.o.compile \
	  /usr/bin/clang -I/home/ed/mcsema-testing/SANDBOX/test-2015-12-21_15-36-50/SingleSource/Benchmarks/Misc -I/home/ed/mcsema-testing/llvm-test-suite/SingleSource/Benchmarks/Misc -I/home/ed/mcsema-testing/llvm-test-suite/include -I../../../include -D_GNU_SOURCE -D__STDC_LIMIT_MACROS -DNDEBUG  -O3  -m64 -fomit-frame-pointer -c /home/ed/mcsema-testing/llvm-test-suite/SingleSource/Benchmarks/Misc/perlin.c -o Output/perlin.llvm.o
cp Output/perlin.llvm.o.compile.time Output/perlin.simple.compile.time
/usr/bin/clang++ -o Output/perlin.simple Output/perlin.llvm.o -lm    -m64 -fomit-frame-pointer
/home/ed/mcsema-testing/llvm-test-suite/RunSafely.sh -t "/home/ed/mcsema-testing/SANDBOX/test-2015-12-21_15-36-50/tools/timeit-target" 500 /dev/null Output/perlin.out-simple Output/perlin.simple 
cp Output/perlin.simple Output/perlin.simple-hash; \
	strip --remove-section=.comment --remove-section='.note*' Output/perlin.simple-hash; \
	/home/ed/mcsema-testing/llvm-test-suite/HashProgramOutput.sh Output/perlin.simple-hash
if [ -f "/home/ed/mcsema-testing/llvm-test-suite/SingleSource/Benchmarks/Misc/perlin.reference_output.little-endian." ]; then \
	  cp /home/ed/mcsema-testing/llvm-test-suite/SingleSource/Benchmarks/Misc/perlin.reference_output.little-endian. Output/perlin.out-nat; \
	elif [ -f "/home/ed/mcsema-testing/llvm-test-suite/SingleSource/Benchmarks/Misc/perlin.reference_output." ]; then \
	  cp /home/ed/mcsema-testing/llvm-test-suite/SingleSource/Benchmarks/Misc/perlin.reference_output. Output/perlin.out-nat; \
	elif [ -f "/home/ed/mcsema-testing/llvm-test-suite/SingleSource/Benchmarks/Misc/perlin.reference_output.little-endian" ]; then \
	  cp /home/ed/mcsema-testing/llvm-test-suite/SingleSource/Benchmarks/Misc/perlin.reference_output.little-endian Output/perlin.out-nat; \
	elif [ -f "/home/ed/mcsema-testing/llvm-test-suite/SingleSource/Benchmarks/Misc/perlin.reference_output" ]; then \
	  cp /home/ed/mcsema-testing/llvm-test-suite/SingleSource/Benchmarks/Misc/perlin.reference_output Output/perlin.out-nat; \
	else \
	  printf "WARNING: %s: %s\n" "NO REFERENCE OUTPUT (using default)" "/home/ed/mcsema-testing/llvm-test-suite/SingleSource/Benchmarks/Misc/perlin.reference_output" > Output/perlin.out-nat; \
	  cp /home/ed/mcsema-testing/llvm-test-suite/default.reference_output Output/perlin.out-nat; \
	  cat Output/perlin.out-nat; \
	fi
# Pretend that the reference output was produced instantaneously.
cp /home/ed/mcsema-testing/llvm-test-suite/instant.txt Output/perlin.out-nat.time
/home/ed/mcsema-testing/llvm-test-suite/DiffOutput.sh "/home/ed/mcsema-testing/SANDBOX/test-2015-12-21_15-36-50/tools/fpcmp  -r 0.001" simple perlin 
rm -f Output/perlin.exe-simple
cp Output/perlin.diff-simple Output/perlin.exe-simple
if test -f Output/perlin.extra-results.txt; then \
	  /home/ed/mcsema-testing/llvm-test-suite/ParseMultipleResults /home/ed/mcsema-testing/SANDBOX/test-2015-12-21_15-36-50/SingleSource/Benchmarks/Misc/perlin Output/perlin.extra-results.txt >> Output/perlin.simple.exec.report.txt; \
	fi
cat Output/perlin.simple.compile.report.txt Output/perlin.simple.exec.report.txt >> Output/perlin.simple.report.txt
---------------------------------------------------------------
>>> ========= '/home/ed/mcsema-testing/SANDBOX/test-2015-12-21_15-36-50/SingleSource/Benchmarks/Misc/perlin' Program
---------------------------------------------------------------

TEST-PASS: compile /home/ed/mcsema-testing/SANDBOX/test-2015-12-21_15-36-50/SingleSource/Benchmarks/Misc/perlin
TEST-RESULT-compile-success: pass
TEST-RESULT-compile-hash: 0a818de6bcdde2bd440af5afa231128a
TEST-RESULT-compile-time: user       0.0496
TEST-RESULT-compile-real-time: real       0.0660

TEST-PASS: exec /home/ed/mcsema-testing/SANDBOX/test-2015-12-21_15-36-50/SingleSource/Benchmarks/Misc/perlin
TEST-RESULT-exec-success: pass
TEST-RESULT-exec-time: user       3.8606
TEST-RESULT-exec-real-time: real       3.8675
/home/ed/mcsema-testing/llvm-test-suite/RunSafely.sh --show-errors -t "/home/ed/mcsema-testing/SANDBOX/test-2015-12-21_15-36-50/tools/timeit" 500 /dev/null Output/pi.llvm.o.compile \
	  /usr/bin/clang -I/home/ed/mcsema-testing/SANDBOX/test-2015-12-21_15-36-50/SingleSource/Benchmarks/Misc -I/home/ed/mcsema-testing/llvm-test-suite/SingleSource/Benchmarks/Misc -I/home/ed/mcsema-testing/llvm-test-suite/include -I../../../include -D_GNU_SOURCE -D__STDC_LIMIT_MACROS -DNDEBUG  -O3  -m64 -fomit-frame-pointer -c /home/ed/mcsema-testing/llvm-test-suite/SingleSource/Benchmarks/Misc/pi.c -o Output/pi.llvm.o
cp Output/pi.llvm.o.compile.time Output/pi.simple.compile.time
/usr/bin/clang++ -o Output/pi.simple Output/pi.llvm.o -lm    -m64 -fomit-frame-pointer
/home/ed/mcsema-testing/llvm-test-suite/RunSafely.sh -t "/home/ed/mcsema-testing/SANDBOX/test-2015-12-21_15-36-50/tools/timeit-target" 500 /dev/null Output/pi.out-simple Output/pi.simple 
cp Output/pi.simple Output/pi.simple-hash; \
	strip --remove-section=.comment --remove-section='.note*' Output/pi.simple-hash; \
	/home/ed/mcsema-testing/llvm-test-suite/HashProgramOutput.sh Output/pi.simple-hash
if [ -f "/home/ed/mcsema-testing/llvm-test-suite/SingleSource/Benchmarks/Misc/pi.reference_output.little-endian." ]; then \
	  cp /home/ed/mcsema-testing/llvm-test-suite/SingleSource/Benchmarks/Misc/pi.reference_output.little-endian. Output/pi.out-nat; \
	elif [ -f "/home/ed/mcsema-testing/llvm-test-suite/SingleSource/Benchmarks/Misc/pi.reference_output." ]; then \
	  cp /home/ed/mcsema-testing/llvm-test-suite/SingleSource/Benchmarks/Misc/pi.reference_output. Output/pi.out-nat; \
	elif [ -f "/home/ed/mcsema-testing/llvm-test-suite/SingleSource/Benchmarks/Misc/pi.reference_output.little-endian" ]; then \
	  cp /home/ed/mcsema-testing/llvm-test-suite/SingleSource/Benchmarks/Misc/pi.reference_output.little-endian Output/pi.out-nat; \
	elif [ -f "/home/ed/mcsema-testing/llvm-test-suite/SingleSource/Benchmarks/Misc/pi.reference_output" ]; then \
	  cp /home/ed/mcsema-testing/llvm-test-suite/SingleSource/Benchmarks/Misc/pi.reference_output Output/pi.out-nat; \
	else \
	  printf "WARNING: %s: %s\n" "NO REFERENCE OUTPUT (using default)" "/home/ed/mcsema-testing/llvm-test-suite/SingleSource/Benchmarks/Misc/pi.reference_output" > Output/pi.out-nat; \
	  cp /home/ed/mcsema-testing/llvm-test-suite/default.reference_output Output/pi.out-nat; \
	  cat Output/pi.out-nat; \
	fi
# Pretend that the reference output was produced instantaneously.
cp /home/ed/mcsema-testing/llvm-test-suite/instant.txt Output/pi.out-nat.time
/home/ed/mcsema-testing/llvm-test-suite/DiffOutput.sh "/home/ed/mcsema-testing/SANDBOX/test-2015-12-21_15-36-50/tools/fpcmp  -r 0.001" simple pi 
rm -f Output/pi.exe-simple
cp Output/pi.diff-simple Output/pi.exe-simple
if test -f Output/pi.extra-results.txt; then \
	  /home/ed/mcsema-testing/llvm-test-suite/ParseMultipleResults /home/ed/mcsema-testing/SANDBOX/test-2015-12-21_15-36-50/SingleSource/Benchmarks/Misc/pi Output/pi.extra-results.txt >> Output/pi.simple.exec.report.txt; \
	fi
cat Output/pi.simple.compile.report.txt Output/pi.simple.exec.report.txt >> Output/pi.simple.report.txt
---------------------------------------------------------------
>>> ========= '/home/ed/mcsema-testing/SANDBOX/test-2015-12-21_15-36-50/SingleSource/Benchmarks/Misc/pi' Program
---------------------------------------------------------------

TEST-PASS: compile /home/ed/mcsema-testing/SANDBOX/test-2015-12-21_15-36-50/SingleSource/Benchmarks/Misc/pi
TEST-RESULT-compile-success: pass
TEST-RESULT-compile-hash: 5ef17f5305b8a382ef585bf5a54c764c
TEST-RESULT-compile-time: user       0.0241
TEST-RESULT-compile-real-time: real       0.0381

TEST-PASS: exec /home/ed/mcsema-testing/SANDBOX/test-2015-12-21_15-36-50/SingleSource/Benchmarks/Misc/pi
TEST-RESULT-exec-success: pass
TEST-RESULT-exec-time: user       0.5077
TEST-RESULT-exec-real-time: real       0.5096
/home/ed/mcsema-testing/llvm-test-suite/RunSafely.sh --show-errors -t "/home/ed/mcsema-testing/SANDBOX/test-2015-12-21_15-36-50/tools/timeit" 500 /dev/null Output/ReedSolomon.llvm.o.compile \
	  /usr/bin/clang -I/home/ed/mcsema-testing/SANDBOX/test-2015-12-21_15-36-50/SingleSource/Benchmarks/Misc -I/home/ed/mcsema-testing/llvm-test-suite/SingleSource/Benchmarks/Misc -I/home/ed/mcsema-testing/llvm-test-suite/include -I../../../include -D_GNU_SOURCE -D__STDC_LIMIT_MACROS -DNDEBUG  -O3  -m64 -fomit-frame-pointer -c /home/ed/mcsema-testing/llvm-test-suite/SingleSource/Benchmarks/Misc/ReedSolomon.c -o Output/ReedSolomon.llvm.o
cp Output/ReedSolomon.llvm.o.compile.time Output/ReedSolomon.simple.compile.time
/usr/bin/clang++ -o Output/ReedSolomon.simple Output/ReedSolomon.llvm.o -lm    -m64 -fomit-frame-pointer
/home/ed/mcsema-testing/llvm-test-suite/RunSafely.sh -t "/home/ed/mcsema-testing/SANDBOX/test-2015-12-21_15-36-50/tools/timeit-target" 500 /dev/null Output/ReedSolomon.out-simple Output/ReedSolomon.simple 
cp Output/ReedSolomon.simple Output/ReedSolomon.simple-hash; \
	strip --remove-section=.comment --remove-section='.note*' Output/ReedSolomon.simple-hash; \
	/home/ed/mcsema-testing/llvm-test-suite/HashProgramOutput.sh Output/ReedSolomon.simple-hash
if [ -f "/home/ed/mcsema-testing/llvm-test-suite/SingleSource/Benchmarks/Misc/ReedSolomon.reference_output.little-endian." ]; then \
	  cp /home/ed/mcsema-testing/llvm-test-suite/SingleSource/Benchmarks/Misc/ReedSolomon.reference_output.little-endian. Output/ReedSolomon.out-nat; \
	elif [ -f "/home/ed/mcsema-testing/llvm-test-suite/SingleSource/Benchmarks/Misc/ReedSolomon.reference_output." ]; then \
	  cp /home/ed/mcsema-testing/llvm-test-suite/SingleSource/Benchmarks/Misc/ReedSolomon.reference_output. Output/ReedSolomon.out-nat; \
	elif [ -f "/home/ed/mcsema-testing/llvm-test-suite/SingleSource/Benchmarks/Misc/ReedSolomon.reference_output.little-endian" ]; then \
	  cp /home/ed/mcsema-testing/llvm-test-suite/SingleSource/Benchmarks/Misc/ReedSolomon.reference_output.little-endian Output/ReedSolomon.out-nat; \
	elif [ -f "/home/ed/mcsema-testing/llvm-test-suite/SingleSource/Benchmarks/Misc/ReedSolomon.reference_output" ]; then \
	  cp /home/ed/mcsema-testing/llvm-test-suite/SingleSource/Benchmarks/Misc/ReedSolomon.reference_output Output/ReedSolomon.out-nat; \
	else \
	  printf "WARNING: %s: %s\n" "NO REFERENCE OUTPUT (using default)" "/home/ed/mcsema-testing/llvm-test-suite/SingleSource/Benchmarks/Misc/ReedSolomon.reference_output" > Output/ReedSolomon.out-nat; \
	  cp /home/ed/mcsema-testing/llvm-test-suite/default.reference_output Output/ReedSolomon.out-nat; \
	  cat Output/ReedSolomon.out-nat; \
	fi
# Pretend that the reference output was produced instantaneously.
cp /home/ed/mcsema-testing/llvm-test-suite/instant.txt Output/ReedSolomon.out-nat.time
/home/ed/mcsema-testing/llvm-test-suite/DiffOutput.sh "/home/ed/mcsema-testing/SANDBOX/test-2015-12-21_15-36-50/tools/fpcmp  -r 0.001" simple ReedSolomon 
rm -f Output/ReedSolomon.exe-simple
cp Output/ReedSolomon.diff-simple Output/ReedSolomon.exe-simple
if test -f Output/ReedSolomon.extra-results.txt; then \
	  /home/ed/mcsema-testing/llvm-test-suite/ParseMultipleResults /home/ed/mcsema-testing/SANDBOX/test-2015-12-21_15-36-50/SingleSource/Benchmarks/Misc/ReedSolomon Output/ReedSolomon.extra-results.txt >> Output/ReedSolomon.simple.exec.report.txt; \
	fi
cat Output/ReedSolomon.simple.compile.report.txt Output/ReedSolomon.simple.exec.report.txt >> Output/ReedSolomon.simple.report.txt
---------------------------------------------------------------
>>> ========= '/home/ed/mcsema-testing/SANDBOX/test-2015-12-21_15-36-50/SingleSource/Benchmarks/Misc/ReedSolomon' Program
---------------------------------------------------------------

TEST-PASS: compile /home/ed/mcsema-testing/SANDBOX/test-2015-12-21_15-36-50/SingleSource/Benchmarks/Misc/ReedSolomon
TEST-RESULT-compile-success: pass
TEST-RESULT-compile-hash: 3203991f4165654176414cc597a85858
TEST-RESULT-compile-time: user       0.1312
TEST-RESULT-compile-real-time: real       0.1497

TEST-PASS: exec /home/ed/mcsema-testing/SANDBOX/test-2015-12-21_15-36-50/SingleSource/Benchmarks/Misc/ReedSolomon
TEST-RESULT-exec-success: pass
TEST-RESULT-exec-time: user       4.5614
TEST-RESULT-exec-real-time: real       4.5688
/home/ed/mcsema-testing/llvm-test-suite/RunSafely.sh --show-errors -t "/home/ed/mcsema-testing/SANDBOX/test-2015-12-21_15-36-50/tools/timeit" 500 /dev/null Output/richards_benchmark.llvm.o.compile \
	  /usr/bin/clang -I/home/ed/mcsema-testing/SANDBOX/test-2015-12-21_15-36-50/SingleSource/Benchmarks/Misc -I/home/ed/mcsema-testing/llvm-test-suite/SingleSource/Benchmarks/Misc -I/home/ed/mcsema-testing/llvm-test-suite/include -I../../../include -D_GNU_SOURCE -D__STDC_LIMIT_MACROS -DNDEBUG  -O3  -m64 -fomit-frame-pointer -c /home/ed/mcsema-testing/llvm-test-suite/SingleSource/Benchmarks/Misc/richards_benchmark.c -o Output/richards_benchmark.llvm.o
cp Output/richards_benchmark.llvm.o.compile.time Output/richards_benchmark.simple.compile.time
/usr/bin/clang++ -o Output/richards_benchmark.simple Output/richards_benchmark.llvm.o -lm    -m64 -fomit-frame-pointer
/home/ed/mcsema-testing/llvm-test-suite/RunSafely.sh -t "/home/ed/mcsema-testing/SANDBOX/test-2015-12-21_15-36-50/tools/timeit-target" 500 /dev/null Output/richards_benchmark.out-simple Output/richards_benchmark.simple 
cp Output/richards_benchmark.simple Output/richards_benchmark.simple-hash; \
	strip --remove-section=.comment --remove-section='.note*' Output/richards_benchmark.simple-hash; \
	/home/ed/mcsema-testing/llvm-test-suite/HashProgramOutput.sh Output/richards_benchmark.simple-hash
if [ -f "/home/ed/mcsema-testing/llvm-test-suite/SingleSource/Benchmarks/Misc/richards_benchmark.reference_output.little-endian." ]; then \
	  cp /home/ed/mcsema-testing/llvm-test-suite/SingleSource/Benchmarks/Misc/richards_benchmark.reference_output.little-endian. Output/richards_benchmark.out-nat; \
	elif [ -f "/home/ed/mcsema-testing/llvm-test-suite/SingleSource/Benchmarks/Misc/richards_benchmark.reference_output." ]; then \
	  cp /home/ed/mcsema-testing/llvm-test-suite/SingleSource/Benchmarks/Misc/richards_benchmark.reference_output. Output/richards_benchmark.out-nat; \
	elif [ -f "/home/ed/mcsema-testing/llvm-test-suite/SingleSource/Benchmarks/Misc/richards_benchmark.reference_output.little-endian" ]; then \
	  cp /home/ed/mcsema-testing/llvm-test-suite/SingleSource/Benchmarks/Misc/richards_benchmark.reference_output.little-endian Output/richards_benchmark.out-nat; \
	elif [ -f "/home/ed/mcsema-testing/llvm-test-suite/SingleSource/Benchmarks/Misc/richards_benchmark.reference_output" ]; then \
	  cp /home/ed/mcsema-testing/llvm-test-suite/SingleSource/Benchmarks/Misc/richards_benchmark.reference_output Output/richards_benchmark.out-nat; \
	else \
	  printf "WARNING: %s: %s\n" "NO REFERENCE OUTPUT (using default)" "/home/ed/mcsema-testing/llvm-test-suite/SingleSource/Benchmarks/Misc/richards_benchmark.reference_output" > Output/richards_benchmark.out-nat; \
	  cp /home/ed/mcsema-testing/llvm-test-suite/default.reference_output Output/richards_benchmark.out-nat; \
	  cat Output/richards_benchmark.out-nat; \
	fi
# Pretend that the reference output was produced instantaneously.
cp /home/ed/mcsema-testing/llvm-test-suite/instant.txt Output/richards_benchmark.out-nat.time
/home/ed/mcsema-testing/llvm-test-suite/DiffOutput.sh "/home/ed/mcsema-testing/SANDBOX/test-2015-12-21_15-36-50/tools/fpcmp  -r 0.001" simple richards_benchmark 
rm -f Output/richards_benchmark.exe-simple
cp Output/richards_benchmark.diff-simple Output/richards_benchmark.exe-simple
if test -f Output/richards_benchmark.extra-results.txt; then \
	  /home/ed/mcsema-testing/llvm-test-suite/ParseMultipleResults /home/ed/mcsema-testing/SANDBOX/test-2015-12-21_15-36-50/SingleSource/Benchmarks/Misc/richards_benchmark Output/richards_benchmark.extra-results.txt >> Output/richards_benchmark.simple.exec.report.txt; \
	fi
cat Output/richards_benchmark.simple.compile.report.txt Output/richards_benchmark.simple.exec.report.txt >> Output/richards_benchmark.simple.report.txt
---------------------------------------------------------------
>>> ========= '/home/ed/mcsema-testing/SANDBOX/test-2015-12-21_15-36-50/SingleSource/Benchmarks/Misc/richards_benchmark' Program
---------------------------------------------------------------

TEST-PASS: compile /home/ed/mcsema-testing/SANDBOX/test-2015-12-21_15-36-50/SingleSource/Benchmarks/Misc/richards_benchmark
TEST-RESULT-compile-success: pass
TEST-RESULT-compile-hash: 8491bbf14e05f66a968eff8436995041
TEST-RESULT-compile-time: user       0.0575
TEST-RESULT-compile-real-time: real       0.0737

TEST-PASS: exec /home/ed/mcsema-testing/SANDBOX/test-2015-12-21_15-36-50/SingleSource/Benchmarks/Misc/richards_benchmark
TEST-RESULT-exec-success: pass
TEST-RESULT-exec-time: user       0.8080
TEST-RESULT-exec-real-time: real       0.8109
/home/ed/mcsema-testing/llvm-test-suite/RunSafely.sh --show-errors -t "/home/ed/mcsema-testing/SANDBOX/test-2015-12-21_15-36-50/tools/timeit" 500 /dev/null Output/salsa20.llvm.o.compile \
	  /usr/bin/clang -I/home/ed/mcsema-testing/SANDBOX/test-2015-12-21_15-36-50/SingleSource/Benchmarks/Misc -I/home/ed/mcsema-testing/llvm-test-suite/SingleSource/Benchmarks/Misc -I/home/ed/mcsema-testing/llvm-test-suite/include -I../../../include -D_GNU_SOURCE -D__STDC_LIMIT_MACROS -DNDEBUG  -O3  -m64 -fomit-frame-pointer -c /home/ed/mcsema-testing/llvm-test-suite/SingleSource/Benchmarks/Misc/salsa20.c -o Output/salsa20.llvm.o
cp Output/salsa20.llvm.o.compile.time Output/salsa20.simple.compile.time
/usr/bin/clang++ -o Output/salsa20.simple Output/salsa20.llvm.o -lm    -m64 -fomit-frame-pointer
/home/ed/mcsema-testing/llvm-test-suite/RunSafely.sh -t "/home/ed/mcsema-testing/SANDBOX/test-2015-12-21_15-36-50/tools/timeit-target" 500 /dev/null Output/salsa20.out-simple Output/salsa20.simple 
cp Output/salsa20.simple Output/salsa20.simple-hash; \
	strip --remove-section=.comment --remove-section='.note*' Output/salsa20.simple-hash; \
	/home/ed/mcsema-testing/llvm-test-suite/HashProgramOutput.sh Output/salsa20.simple-hash
if [ -f "/home/ed/mcsema-testing/llvm-test-suite/SingleSource/Benchmarks/Misc/salsa20.reference_output.little-endian." ]; then \
	  cp /home/ed/mcsema-testing/llvm-test-suite/SingleSource/Benchmarks/Misc/salsa20.reference_output.little-endian. Output/salsa20.out-nat; \
	elif [ -f "/home/ed/mcsema-testing/llvm-test-suite/SingleSource/Benchmarks/Misc/salsa20.reference_output." ]; then \
	  cp /home/ed/mcsema-testing/llvm-test-suite/SingleSource/Benchmarks/Misc/salsa20.reference_output. Output/salsa20.out-nat; \
	elif [ -f "/home/ed/mcsema-testing/llvm-test-suite/SingleSource/Benchmarks/Misc/salsa20.reference_output.little-endian" ]; then \
	  cp /home/ed/mcsema-testing/llvm-test-suite/SingleSource/Benchmarks/Misc/salsa20.reference_output.little-endian Output/salsa20.out-nat; \
	elif [ -f "/home/ed/mcsema-testing/llvm-test-suite/SingleSource/Benchmarks/Misc/salsa20.reference_output" ]; then \
	  cp /home/ed/mcsema-testing/llvm-test-suite/SingleSource/Benchmarks/Misc/salsa20.reference_output Output/salsa20.out-nat; \
	else \
	  printf "WARNING: %s: %s\n" "NO REFERENCE OUTPUT (using default)" "/home/ed/mcsema-testing/llvm-test-suite/SingleSource/Benchmarks/Misc/salsa20.reference_output" > Output/salsa20.out-nat; \
	  cp /home/ed/mcsema-testing/llvm-test-suite/default.reference_output Output/salsa20.out-nat; \
	  cat Output/salsa20.out-nat; \
	fi
# Pretend that the reference output was produced instantaneously.
cp /home/ed/mcsema-testing/llvm-test-suite/instant.txt Output/salsa20.out-nat.time
/home/ed/mcsema-testing/llvm-test-suite/DiffOutput.sh "/home/ed/mcsema-testing/SANDBOX/test-2015-12-21_15-36-50/tools/fpcmp  -r 0.001" simple salsa20 
rm -f Output/salsa20.exe-simple
cp Output/salsa20.diff-simple Output/salsa20.exe-simple
if test -f Output/salsa20.extra-results.txt; then \
	  /home/ed/mcsema-testing/llvm-test-suite/ParseMultipleResults /home/ed/mcsema-testing/SANDBOX/test-2015-12-21_15-36-50/SingleSource/Benchmarks/Misc/salsa20 Output/salsa20.extra-results.txt >> Output/salsa20.simple.exec.report.txt; \
	fi
cat Output/salsa20.simple.compile.report.txt Output/salsa20.simple.exec.report.txt >> Output/salsa20.simple.report.txt
---------------------------------------------------------------
>>> ========= '/home/ed/mcsema-testing/SANDBOX/test-2015-12-21_15-36-50/SingleSource/Benchmarks/Misc/salsa20' Program
---------------------------------------------------------------

TEST-PASS: compile /home/ed/mcsema-testing/SANDBOX/test-2015-12-21_15-36-50/SingleSource/Benchmarks/Misc/salsa20
TEST-RESULT-compile-success: pass
TEST-RESULT-compile-hash: 49902d4d8e25751dfc71a76a39d5a52c
TEST-RESULT-compile-time: user       0.0420
TEST-RESULT-compile-real-time: real       0.0568

TEST-PASS: exec /home/ed/mcsema-testing/SANDBOX/test-2015-12-21_15-36-50/SingleSource/Benchmarks/Misc/salsa20
TEST-RESULT-exec-success: pass
TEST-RESULT-exec-time: user       6.1850
TEST-RESULT-exec-real-time: real       6.1986
/home/ed/mcsema-testing/llvm-test-suite/RunSafely.sh --show-errors -t "/home/ed/mcsema-testing/SANDBOX/test-2015-12-21_15-36-50/tools/timeit" 500 /dev/null Output/whetstone.llvm.o.compile \
	  /usr/bin/clang -I/home/ed/mcsema-testing/SANDBOX/test-2015-12-21_15-36-50/SingleSource/Benchmarks/Misc -I/home/ed/mcsema-testing/llvm-test-suite/SingleSource/Benchmarks/Misc -I/home/ed/mcsema-testing/llvm-test-suite/include -I../../../include -D_GNU_SOURCE -D__STDC_LIMIT_MACROS -DNDEBUG  -O3  -m64 -fomit-frame-pointer -c /home/ed/mcsema-testing/llvm-test-suite/SingleSource/Benchmarks/Misc/whetstone.c -o Output/whetstone.llvm.o
cp Output/whetstone.llvm.o.compile.time Output/whetstone.simple.compile.time
/usr/bin/clang++ -o Output/whetstone.simple Output/whetstone.llvm.o -lm    -m64 -fomit-frame-pointer
/home/ed/mcsema-testing/llvm-test-suite/RunSafely.sh -t "/home/ed/mcsema-testing/SANDBOX/test-2015-12-21_15-36-50/tools/timeit-target" 500 /dev/null Output/whetstone.out-simple Output/whetstone.simple 
cp Output/whetstone.simple Output/whetstone.simple-hash; \
	strip --remove-section=.comment --remove-section='.note*' Output/whetstone.simple-hash; \
	/home/ed/mcsema-testing/llvm-test-suite/HashProgramOutput.sh Output/whetstone.simple-hash
if [ -f "/home/ed/mcsema-testing/llvm-test-suite/SingleSource/Benchmarks/Misc/whetstone.reference_output.little-endian." ]; then \
	  cp /home/ed/mcsema-testing/llvm-test-suite/SingleSource/Benchmarks/Misc/whetstone.reference_output.little-endian. Output/whetstone.out-nat; \
	elif [ -f "/home/ed/mcsema-testing/llvm-test-suite/SingleSource/Benchmarks/Misc/whetstone.reference_output." ]; then \
	  cp /home/ed/mcsema-testing/llvm-test-suite/SingleSource/Benchmarks/Misc/whetstone.reference_output. Output/whetstone.out-nat; \
	elif [ -f "/home/ed/mcsema-testing/llvm-test-suite/SingleSource/Benchmarks/Misc/whetstone.reference_output.little-endian" ]; then \
	  cp /home/ed/mcsema-testing/llvm-test-suite/SingleSource/Benchmarks/Misc/whetstone.reference_output.little-endian Output/whetstone.out-nat; \
	elif [ -f "/home/ed/mcsema-testing/llvm-test-suite/SingleSource/Benchmarks/Misc/whetstone.reference_output" ]; then \
	  cp /home/ed/mcsema-testing/llvm-test-suite/SingleSource/Benchmarks/Misc/whetstone.reference_output Output/whetstone.out-nat; \
	else \
	  printf "WARNING: %s: %s\n" "NO REFERENCE OUTPUT (using default)" "/home/ed/mcsema-testing/llvm-test-suite/SingleSource/Benchmarks/Misc/whetstone.reference_output" > Output/whetstone.out-nat; \
	  cp /home/ed/mcsema-testing/llvm-test-suite/default.reference_output Output/whetstone.out-nat; \
	  cat Output/whetstone.out-nat; \
	fi
# Pretend that the reference output was produced instantaneously.
cp /home/ed/mcsema-testing/llvm-test-suite/instant.txt Output/whetstone.out-nat.time
/home/ed/mcsema-testing/llvm-test-suite/DiffOutput.sh "/home/ed/mcsema-testing/SANDBOX/test-2015-12-21_15-36-50/tools/fpcmp  -r 0.001" simple whetstone 
rm -f Output/whetstone.exe-simple
cp Output/whetstone.diff-simple Output/whetstone.exe-simple
if test -f Output/whetstone.extra-results.txt; then \
	  /home/ed/mcsema-testing/llvm-test-suite/ParseMultipleResults /home/ed/mcsema-testing/SANDBOX/test-2015-12-21_15-36-50/SingleSource/Benchmarks/Misc/whetstone Output/whetstone.extra-results.txt >> Output/whetstone.simple.exec.report.txt; \
	fi
cat Output/whetstone.simple.compile.report.txt Output/whetstone.simple.exec.report.txt >> Output/whetstone.simple.report.txt
---------------------------------------------------------------
>>> ========= '/home/ed/mcsema-testing/SANDBOX/test-2015-12-21_15-36-50/SingleSource/Benchmarks/Misc/whetstone' Program
---------------------------------------------------------------

TEST-PASS: compile /home/ed/mcsema-testing/SANDBOX/test-2015-12-21_15-36-50/SingleSource/Benchmarks/Misc/whetstone
TEST-RESULT-compile-success: pass
TEST-RESULT-compile-hash: ec87dd304468e6af31fc4eed72febb79
TEST-RESULT-compile-time: user       0.0669
TEST-RESULT-compile-real-time: real       0.0849

TEST-PASS: exec /home/ed/mcsema-testing/SANDBOX/test-2015-12-21_15-36-50/SingleSource/Benchmarks/Misc/whetstone
TEST-RESULT-exec-success: pass
TEST-RESULT-exec-time: user       1.0273
TEST-RESULT-exec-real-time: real       1.0297
make[4]: Leaving directory `/home/ed/mcsema-testing/SANDBOX/test-2015-12-21_15-36-50/SingleSource/Benchmarks/Misc'
make[4]: Entering directory `/home/ed/mcsema-testing/SANDBOX/test-2015-12-21_15-36-50/SingleSource/Benchmarks/Misc-C++'
make[5]: Entering directory `/home/ed/mcsema-testing/SANDBOX/test-2015-12-21_15-36-50/SingleSource/Benchmarks/Misc-C++/Large'
/home/ed/mcsema-testing/llvm-test-suite/RunSafely.sh --show-errors -t "/home/ed/mcsema-testing/SANDBOX/test-2015-12-21_15-36-50/tools/timeit" 500 /dev/null Output/ray.llvm.o.compile \
	  /usr/bin/clang++ -I/home/ed/mcsema-testing/SANDBOX/test-2015-12-21_15-36-50/SingleSource/Benchmarks/Misc-C++/Large -I/home/ed/mcsema-testing/llvm-test-suite/SingleSource/Benchmarks/Misc-C++/Large -I/home/ed/mcsema-testing/llvm-test-suite/include -I../../../../include -D_GNU_SOURCE -D__STDC_LIMIT_MACROS -DNDEBUG  -O3  -m64 -fomit-frame-pointer -c /home/ed/mcsema-testing/llvm-test-suite/SingleSource/Benchmarks/Misc-C++/Large/ray.cpp -o Output/ray.llvm.o
cp Output/ray.llvm.o.compile.time Output/ray.simple.compile.time
/usr/bin/clang++ -o Output/ray.simple Output/ray.llvm.o -lm -lstdc++   -m64 -fomit-frame-pointer
/home/ed/mcsema-testing/llvm-test-suite/RunSafely.sh -t "/home/ed/mcsema-testing/SANDBOX/test-2015-12-21_15-36-50/tools/timeit-target" 500 /dev/null Output/ray.out-simple Output/ray.simple 
/home/ed/mcsema-testing/llvm-test-suite/HashProgramOutput.sh Output/ray.out-simple
cp Output/ray.simple Output/ray.simple-hash; \
	strip --remove-section=.comment --remove-section='.note*' Output/ray.simple-hash; \
	/home/ed/mcsema-testing/llvm-test-suite/HashProgramOutput.sh Output/ray.simple-hash
if [ -f "/home/ed/mcsema-testing/llvm-test-suite/SingleSource/Benchmarks/Misc-C++/Large/ray.reference_output.little-endian." ]; then \
	  cp /home/ed/mcsema-testing/llvm-test-suite/SingleSource/Benchmarks/Misc-C++/Large/ray.reference_output.little-endian. Output/ray.out-nat; \
	elif [ -f "/home/ed/mcsema-testing/llvm-test-suite/SingleSource/Benchmarks/Misc-C++/Large/ray.reference_output." ]; then \
	  cp /home/ed/mcsema-testing/llvm-test-suite/SingleSource/Benchmarks/Misc-C++/Large/ray.reference_output. Output/ray.out-nat; \
	elif [ -f "/home/ed/mcsema-testing/llvm-test-suite/SingleSource/Benchmarks/Misc-C++/Large/ray.reference_output.little-endian" ]; then \
	  cp /home/ed/mcsema-testing/llvm-test-suite/SingleSource/Benchmarks/Misc-C++/Large/ray.reference_output.little-endian Output/ray.out-nat; \
	elif [ -f "/home/ed/mcsema-testing/llvm-test-suite/SingleSource/Benchmarks/Misc-C++/Large/ray.reference_output" ]; then \
	  cp /home/ed/mcsema-testing/llvm-test-suite/SingleSource/Benchmarks/Misc-C++/Large/ray.reference_output Output/ray.out-nat; \
	else \
	  printf "WARNING: %s: %s\n" "NO REFERENCE OUTPUT (using default)" "/home/ed/mcsema-testing/llvm-test-suite/SingleSource/Benchmarks/Misc-C++/Large/ray.reference_output" > Output/ray.out-nat; \
	  cp /home/ed/mcsema-testing/llvm-test-suite/default.reference_output Output/ray.out-nat; \
	  cat Output/ray.out-nat; \
	fi
# Pretend that the reference output was produced instantaneously.
cp /home/ed/mcsema-testing/llvm-test-suite/instant.txt Output/ray.out-nat.time
/home/ed/mcsema-testing/llvm-test-suite/DiffOutput.sh "/home/ed/mcsema-testing/SANDBOX/test-2015-12-21_15-36-50/tools/fpcmp  -a 0.01" simple ray 
rm -f Output/ray.exe-simple
cp Output/ray.diff-simple Output/ray.exe-simple
if test -f Output/ray.extra-results.txt; then \
	  /home/ed/mcsema-testing/llvm-test-suite/ParseMultipleResults /home/ed/mcsema-testing/SANDBOX/test-2015-12-21_15-36-50/SingleSource/Benchmarks/Misc-C++/Large/ray Output/ray.extra-results.txt >> Output/ray.simple.exec.report.txt; \
	fi
cat Output/ray.simple.compile.report.txt Output/ray.simple.exec.report.txt >> Output/ray.simple.report.txt
---------------------------------------------------------------
>>> ========= '/home/ed/mcsema-testing/SANDBOX/test-2015-12-21_15-36-50/SingleSource/Benchmarks/Misc-C++/Large/ray' Program
---------------------------------------------------------------

TEST-PASS: compile /home/ed/mcsema-testing/SANDBOX/test-2015-12-21_15-36-50/SingleSource/Benchmarks/Misc-C++/Large/ray
TEST-RESULT-compile-success: pass
TEST-RESULT-compile-hash: 6f17e49fa298a119f595651439a4787b
TEST-RESULT-compile-time: user       0.2511
TEST-RESULT-compile-real-time: real       0.3002

TEST-PASS: exec /home/ed/mcsema-testing/SANDBOX/test-2015-12-21_15-36-50/SingleSource/Benchmarks/Misc-C++/Large/ray
TEST-RESULT-exec-success: pass
TEST-RESULT-exec-time: user       2.3649
TEST-RESULT-exec-real-time: real       2.3709
/home/ed/mcsema-testing/llvm-test-suite/RunSafely.sh --show-errors -t "/home/ed/mcsema-testing/SANDBOX/test-2015-12-21_15-36-50/tools/timeit" 500 /dev/null Output/sphereflake.llvm.o.compile \
	  /usr/bin/clang++ -I/home/ed/mcsema-testing/SANDBOX/test-2015-12-21_15-36-50/SingleSource/Benchmarks/Misc-C++/Large -I/home/ed/mcsema-testing/llvm-test-suite/SingleSource/Benchmarks/Misc-C++/Large -I/home/ed/mcsema-testing/llvm-test-suite/include -I../../../../include -D_GNU_SOURCE -D__STDC_LIMIT_MACROS -DNDEBUG  -O3  -m64 -fomit-frame-pointer -c /home/ed/mcsema-testing/llvm-test-suite/SingleSource/Benchmarks/Misc-C++/Large/sphereflake.cpp -o Output/sphereflake.llvm.o
cp Output/sphereflake.llvm.o.compile.time Output/sphereflake.simple.compile.time
/usr/bin/clang++ -o Output/sphereflake.simple Output/sphereflake.llvm.o -lm -lstdc++   -m64 -fomit-frame-pointer
/home/ed/mcsema-testing/llvm-test-suite/RunSafely.sh -t "/home/ed/mcsema-testing/SANDBOX/test-2015-12-21_15-36-50/tools/timeit-target" 500 /dev/null Output/sphereflake.out-simple Output/sphereflake.simple 
/home/ed/mcsema-testing/llvm-test-suite/HashProgramOutput.sh Output/sphereflake.out-simple
cp Output/sphereflake.simple Output/sphereflake.simple-hash; \
	strip --remove-section=.comment --remove-section='.note*' Output/sphereflake.simple-hash; \
	/home/ed/mcsema-testing/llvm-test-suite/HashProgramOutput.sh Output/sphereflake.simple-hash
if [ -f "/home/ed/mcsema-testing/llvm-test-suite/SingleSource/Benchmarks/Misc-C++/Large/sphereflake.reference_output.little-endian." ]; then \
	  cp /home/ed/mcsema-testing/llvm-test-suite/SingleSource/Benchmarks/Misc-C++/Large/sphereflake.reference_output.little-endian. Output/sphereflake.out-nat; \
	elif [ -f "/home/ed/mcsema-testing/llvm-test-suite/SingleSource/Benchmarks/Misc-C++/Large/sphereflake.reference_output." ]; then \
	  cp /home/ed/mcsema-testing/llvm-test-suite/SingleSource/Benchmarks/Misc-C++/Large/sphereflake.reference_output. Output/sphereflake.out-nat; \
	elif [ -f "/home/ed/mcsema-testing/llvm-test-suite/SingleSource/Benchmarks/Misc-C++/Large/sphereflake.reference_output.little-endian" ]; then \
	  cp /home/ed/mcsema-testing/llvm-test-suite/SingleSource/Benchmarks/Misc-C++/Large/sphereflake.reference_output.little-endian Output/sphereflake.out-nat; \
	elif [ -f "/home/ed/mcsema-testing/llvm-test-suite/SingleSource/Benchmarks/Misc-C++/Large/sphereflake.reference_output" ]; then \
	  cp /home/ed/mcsema-testing/llvm-test-suite/SingleSource/Benchmarks/Misc-C++/Large/sphereflake.reference_output Output/sphereflake.out-nat; \
	else \
	  printf "WARNING: %s: %s\n" "NO REFERENCE OUTPUT (using default)" "/home/ed/mcsema-testing/llvm-test-suite/SingleSource/Benchmarks/Misc-C++/Large/sphereflake.reference_output" > Output/sphereflake.out-nat; \
	  cp /home/ed/mcsema-testing/llvm-test-suite/default.reference_output Output/sphereflake.out-nat; \
	  cat Output/sphereflake.out-nat; \
	fi
# Pretend that the reference output was produced instantaneously.
cp /home/ed/mcsema-testing/llvm-test-suite/instant.txt Output/sphereflake.out-nat.time
/home/ed/mcsema-testing/llvm-test-suite/DiffOutput.sh "/home/ed/mcsema-testing/SANDBOX/test-2015-12-21_15-36-50/tools/fpcmp  -a 0.01" simple sphereflake 
rm -f Output/sphereflake.exe-simple
cp Output/sphereflake.diff-simple Output/sphereflake.exe-simple
if test -f Output/sphereflake.extra-results.txt; then \
	  /home/ed/mcsema-testing/llvm-test-suite/ParseMultipleResults /home/ed/mcsema-testing/SANDBOX/test-2015-12-21_15-36-50/SingleSource/Benchmarks/Misc-C++/Large/sphereflake Output/sphereflake.extra-results.txt >> Output/sphereflake.simple.exec.report.txt; \
	fi
cat Output/sphereflake.simple.compile.report.txt Output/sphereflake.simple.exec.report.txt >> Output/sphereflake.simple.report.txt
---------------------------------------------------------------
>>> ========= '/home/ed/mcsema-testing/SANDBOX/test-2015-12-21_15-36-50/SingleSource/Benchmarks/Misc-C++/Large/sphereflake' Program
---------------------------------------------------------------

TEST-PASS: compile /home/ed/mcsema-testing/SANDBOX/test-2015-12-21_15-36-50/SingleSource/Benchmarks/Misc-C++/Large/sphereflake
TEST-RESULT-compile-success: pass
TEST-RESULT-compile-hash: dd588bb6512b506960be38ebe43172fc
TEST-RESULT-compile-time: user       0.2459
TEST-RESULT-compile-real-time: real       0.2721

TEST-PASS: exec /home/ed/mcsema-testing/SANDBOX/test-2015-12-21_15-36-50/SingleSource/Benchmarks/Misc-C++/Large/sphereflake
TEST-RESULT-exec-success: pass
TEST-RESULT-exec-time: user       4.6921
TEST-RESULT-exec-real-time: real       4.7104
make[5]: Leaving directory `/home/ed/mcsema-testing/SANDBOX/test-2015-12-21_15-36-50/SingleSource/Benchmarks/Misc-C++/Large'
/home/ed/mcsema-testing/llvm-test-suite/RunSafely.sh --show-errors -t "/home/ed/mcsema-testing/SANDBOX/test-2015-12-21_15-36-50/tools/timeit" 500 /dev/null Output/bigfib.llvm.o.compile \
	  /usr/bin/clang++ -I/home/ed/mcsema-testing/SANDBOX/test-2015-12-21_15-36-50/SingleSource/Benchmarks/Misc-C++ -I/home/ed/mcsema-testing/llvm-test-suite/SingleSource/Benchmarks/Misc-C++ -I/home/ed/mcsema-testing/llvm-test-suite/include -I../../../include -D_GNU_SOURCE -D__STDC_LIMIT_MACROS -DNDEBUG  -O3  -m64 -fomit-frame-pointer -c /home/ed/mcsema-testing/llvm-test-suite/SingleSource/Benchmarks/Misc-C++/bigfib.cpp -o Output/bigfib.llvm.o
cp Output/bigfib.llvm.o.compile.time Output/bigfib.simple.compile.time
/usr/bin/clang++ -o Output/bigfib.simple Output/bigfib.llvm.o -lm -lstdc++   -m64 -fomit-frame-pointer
/home/ed/mcsema-testing/llvm-test-suite/RunSafely.sh -t "/home/ed/mcsema-testing/SANDBOX/test-2015-12-21_15-36-50/tools/timeit-target" 500 /dev/null Output/bigfib.out-simple Output/bigfib.simple 
cp Output/bigfib.simple Output/bigfib.simple-hash; \
	strip --remove-section=.comment --remove-section='.note*' Output/bigfib.simple-hash; \
	/home/ed/mcsema-testing/llvm-test-suite/HashProgramOutput.sh Output/bigfib.simple-hash
if [ -f "/home/ed/mcsema-testing/llvm-test-suite/SingleSource/Benchmarks/Misc-C++/bigfib.reference_output.little-endian." ]; then \
	  cp /home/ed/mcsema-testing/llvm-test-suite/SingleSource/Benchmarks/Misc-C++/bigfib.reference_output.little-endian. Output/bigfib.out-nat; \
	elif [ -f "/home/ed/mcsema-testing/llvm-test-suite/SingleSource/Benchmarks/Misc-C++/bigfib.reference_output." ]; then \
	  cp /home/ed/mcsema-testing/llvm-test-suite/SingleSource/Benchmarks/Misc-C++/bigfib.reference_output. Output/bigfib.out-nat; \
	elif [ -f "/home/ed/mcsema-testing/llvm-test-suite/SingleSource/Benchmarks/Misc-C++/bigfib.reference_output.little-endian" ]; then \
	  cp /home/ed/mcsema-testing/llvm-test-suite/SingleSource/Benchmarks/Misc-C++/bigfib.reference_output.little-endian Output/bigfib.out-nat; \
	elif [ -f "/home/ed/mcsema-testing/llvm-test-suite/SingleSource/Benchmarks/Misc-C++/bigfib.reference_output" ]; then \
	  cp /home/ed/mcsema-testing/llvm-test-suite/SingleSource/Benchmarks/Misc-C++/bigfib.reference_output Output/bigfib.out-nat; \
	else \
	  printf "WARNING: %s: %s\n" "NO REFERENCE OUTPUT (using default)" "/home/ed/mcsema-testing/llvm-test-suite/SingleSource/Benchmarks/Misc-C++/bigfib.reference_output" > Output/bigfib.out-nat; \
	  cp /home/ed/mcsema-testing/llvm-test-suite/default.reference_output Output/bigfib.out-nat; \
	  cat Output/bigfib.out-nat; \
	fi
# Pretend that the reference output was produced instantaneously.
cp /home/ed/mcsema-testing/llvm-test-suite/instant.txt Output/bigfib.out-nat.time
/home/ed/mcsema-testing/llvm-test-suite/DiffOutput.sh "/home/ed/mcsema-testing/SANDBOX/test-2015-12-21_15-36-50/tools/fpcmp  -a 0.01" simple bigfib 
rm -f Output/bigfib.exe-simple
cp Output/bigfib.diff-simple Output/bigfib.exe-simple
if test -f Output/bigfib.extra-results.txt; then \
	  /home/ed/mcsema-testing/llvm-test-suite/ParseMultipleResults /home/ed/mcsema-testing/SANDBOX/test-2015-12-21_15-36-50/SingleSource/Benchmarks/Misc-C++/bigfib Output/bigfib.extra-results.txt >> Output/bigfib.simple.exec.report.txt; \
	fi
cat Output/bigfib.simple.compile.report.txt Output/bigfib.simple.exec.report.txt >> Output/bigfib.simple.report.txt
---------------------------------------------------------------
>>> ========= '/home/ed/mcsema-testing/SANDBOX/test-2015-12-21_15-36-50/SingleSource/Benchmarks/Misc-C++/bigfib' Program
---------------------------------------------------------------

TEST-PASS: compile /home/ed/mcsema-testing/SANDBOX/test-2015-12-21_15-36-50/SingleSource/Benchmarks/Misc-C++/bigfib
TEST-RESULT-compile-success: pass
TEST-RESULT-compile-hash: 101cb7b0c97a954cce79dcacf918a195
TEST-RESULT-compile-time: user       0.4531
TEST-RESULT-compile-real-time: real       0.4916

TEST-PASS: exec /home/ed/mcsema-testing/SANDBOX/test-2015-12-21_15-36-50/SingleSource/Benchmarks/Misc-C++/bigfib
TEST-RESULT-exec-success: pass
TEST-RESULT-exec-time: user       0.2559
TEST-RESULT-exec-real-time: real       0.3884
/home/ed/mcsema-testing/llvm-test-suite/RunSafely.sh --show-errors -t "/home/ed/mcsema-testing/SANDBOX/test-2015-12-21_15-36-50/tools/timeit" 500 /dev/null Output/mandel-text.llvm.o.compile \
	  /usr/bin/clang++ -I/home/ed/mcsema-testing/SANDBOX/test-2015-12-21_15-36-50/SingleSource/Benchmarks/Misc-C++ -I/home/ed/mcsema-testing/llvm-test-suite/SingleSource/Benchmarks/Misc-C++ -I/home/ed/mcsema-testing/llvm-test-suite/include -I../../../include -D_GNU_SOURCE -D__STDC_LIMIT_MACROS -DNDEBUG  -O3  -m64 -fomit-frame-pointer -c /home/ed/mcsema-testing/llvm-test-suite/SingleSource/Benchmarks/Misc-C++/mandel-text.cpp -o Output/mandel-text.llvm.o
cp Output/mandel-text.llvm.o.compile.time Output/mandel-text.simple.compile.time
/usr/bin/clang++ -o Output/mandel-text.simple Output/mandel-text.llvm.o -lm -lstdc++   -m64 -fomit-frame-pointer
/home/ed/mcsema-testing/llvm-test-suite/RunSafely.sh -t "/home/ed/mcsema-testing/SANDBOX/test-2015-12-21_15-36-50/tools/timeit-target" 500 /dev/null Output/mandel-text.out-simple Output/mandel-text.simple 
cp Output/mandel-text.simple Output/mandel-text.simple-hash; \
	strip --remove-section=.comment --remove-section='.note*' Output/mandel-text.simple-hash; \
	/home/ed/mcsema-testing/llvm-test-suite/HashProgramOutput.sh Output/mandel-text.simple-hash
if [ -f "/home/ed/mcsema-testing/llvm-test-suite/SingleSource/Benchmarks/Misc-C++/mandel-text.reference_output.little-endian." ]; then \
	  cp /home/ed/mcsema-testing/llvm-test-suite/SingleSource/Benchmarks/Misc-C++/mandel-text.reference_output.little-endian. Output/mandel-text.out-nat; \
	elif [ -f "/home/ed/mcsema-testing/llvm-test-suite/SingleSource/Benchmarks/Misc-C++/mandel-text.reference_output." ]; then \
	  cp /home/ed/mcsema-testing/llvm-test-suite/SingleSource/Benchmarks/Misc-C++/mandel-text.reference_output. Output/mandel-text.out-nat; \
	elif [ -f "/home/ed/mcsema-testing/llvm-test-suite/SingleSource/Benchmarks/Misc-C++/mandel-text.reference_output.little-endian" ]; then \
	  cp /home/ed/mcsema-testing/llvm-test-suite/SingleSource/Benchmarks/Misc-C++/mandel-text.reference_output.little-endian Output/mandel-text.out-nat; \
	elif [ -f "/home/ed/mcsema-testing/llvm-test-suite/SingleSource/Benchmarks/Misc-C++/mandel-text.reference_output" ]; then \
	  cp /home/ed/mcsema-testing/llvm-test-suite/SingleSource/Benchmarks/Misc-C++/mandel-text.reference_output Output/mandel-text.out-nat; \
	else \
	  printf "WARNING: %s: %s\n" "NO REFERENCE OUTPUT (using default)" "/home/ed/mcsema-testing/llvm-test-suite/SingleSource/Benchmarks/Misc-C++/mandel-text.reference_output" > Output/mandel-text.out-nat; \
	  cp /home/ed/mcsema-testing/llvm-test-suite/default.reference_output Output/mandel-text.out-nat; \
	  cat Output/mandel-text.out-nat; \
	fi
# Pretend that the reference output was produced instantaneously.
cp /home/ed/mcsema-testing/llvm-test-suite/instant.txt Output/mandel-text.out-nat.time
/home/ed/mcsema-testing/llvm-test-suite/DiffOutput.sh "/home/ed/mcsema-testing/SANDBOX/test-2015-12-21_15-36-50/tools/fpcmp  -a 0.01" simple mandel-text 
rm -f Output/mandel-text.exe-simple
cp Output/mandel-text.diff-simple Output/mandel-text.exe-simple
if test -f Output/mandel-text.extra-results.txt; then \
	  /home/ed/mcsema-testing/llvm-test-suite/ParseMultipleResults /home/ed/mcsema-testing/SANDBOX/test-2015-12-21_15-36-50/SingleSource/Benchmarks/Misc-C++/mandel-text Output/mandel-text.extra-results.txt >> Output/mandel-text.simple.exec.report.txt; \
	fi
cat Output/mandel-text.simple.compile.report.txt Output/mandel-text.simple.exec.report.txt >> Output/mandel-text.simple.report.txt
---------------------------------------------------------------
>>> ========= '/home/ed/mcsema-testing/SANDBOX/test-2015-12-21_15-36-50/SingleSource/Benchmarks/Misc-C++/mandel-text' Program
---------------------------------------------------------------

TEST-PASS: compile /home/ed/mcsema-testing/SANDBOX/test-2015-12-21_15-36-50/SingleSource/Benchmarks/Misc-C++/mandel-text
TEST-RESULT-compile-success: pass
TEST-RESULT-compile-hash: 72394e70438066bb9e81e6adcf0af953
TEST-RESULT-compile-time: user       0.0274
TEST-RESULT-compile-real-time: real       0.0418

TEST-PASS: exec /home/ed/mcsema-testing/SANDBOX/test-2015-12-21_15-36-50/SingleSource/Benchmarks/Misc-C++/mandel-text
TEST-RESULT-exec-success: pass
TEST-RESULT-exec-time: user       1.3978
TEST-RESULT-exec-real-time: real       1.4009
/home/ed/mcsema-testing/llvm-test-suite/RunSafely.sh --show-errors -t "/home/ed/mcsema-testing/SANDBOX/test-2015-12-21_15-36-50/tools/timeit" 500 /dev/null Output/oopack_v1p8.llvm.o.compile \
	  /usr/bin/clang++ -I/home/ed/mcsema-testing/SANDBOX/test-2015-12-21_15-36-50/SingleSource/Benchmarks/Misc-C++ -I/home/ed/mcsema-testing/llvm-test-suite/SingleSource/Benchmarks/Misc-C++ -I/home/ed/mcsema-testing/llvm-test-suite/include -I../../../include -D_GNU_SOURCE -D__STDC_LIMIT_MACROS -DNDEBUG  -O3  -m64 -fomit-frame-pointer -c /home/ed/mcsema-testing/llvm-test-suite/SingleSource/Benchmarks/Misc-C++/oopack_v1p8.cpp -o Output/oopack_v1p8.llvm.o
cp Output/oopack_v1p8.llvm.o.compile.time Output/oopack_v1p8.simple.compile.time
/usr/bin/clang++ -o Output/oopack_v1p8.simple Output/oopack_v1p8.llvm.o -lm -lstdc++   -m64 -fomit-frame-pointer
/home/ed/mcsema-testing/llvm-test-suite/RunSafely.sh -t "/home/ed/mcsema-testing/SANDBOX/test-2015-12-21_15-36-50/tools/timeit-target" 500 /dev/null Output/oopack_v1p8.out-simple Output/oopack_v1p8.simple 
cp Output/oopack_v1p8.simple Output/oopack_v1p8.simple-hash; \
	strip --remove-section=.comment --remove-section='.note*' Output/oopack_v1p8.simple-hash; \
	/home/ed/mcsema-testing/llvm-test-suite/HashProgramOutput.sh Output/oopack_v1p8.simple-hash
if [ -f "/home/ed/mcsema-testing/llvm-test-suite/SingleSource/Benchmarks/Misc-C++/oopack_v1p8.reference_output.little-endian." ]; then \
	  cp /home/ed/mcsema-testing/llvm-test-suite/SingleSource/Benchmarks/Misc-C++/oopack_v1p8.reference_output.little-endian. Output/oopack_v1p8.out-nat; \
	elif [ -f "/home/ed/mcsema-testing/llvm-test-suite/SingleSource/Benchmarks/Misc-C++/oopack_v1p8.reference_output." ]; then \
	  cp /home/ed/mcsema-testing/llvm-test-suite/SingleSource/Benchmarks/Misc-C++/oopack_v1p8.reference_output. Output/oopack_v1p8.out-nat; \
	elif [ -f "/home/ed/mcsema-testing/llvm-test-suite/SingleSource/Benchmarks/Misc-C++/oopack_v1p8.reference_output.little-endian" ]; then \
	  cp /home/ed/mcsema-testing/llvm-test-suite/SingleSource/Benchmarks/Misc-C++/oopack_v1p8.reference_output.little-endian Output/oopack_v1p8.out-nat; \
	elif [ -f "/home/ed/mcsema-testing/llvm-test-suite/SingleSource/Benchmarks/Misc-C++/oopack_v1p8.reference_output" ]; then \
	  cp /home/ed/mcsema-testing/llvm-test-suite/SingleSource/Benchmarks/Misc-C++/oopack_v1p8.reference_output Output/oopack_v1p8.out-nat; \
	else \
	  printf "WARNING: %s: %s\n" "NO REFERENCE OUTPUT (using default)" "/home/ed/mcsema-testing/llvm-test-suite/SingleSource/Benchmarks/Misc-C++/oopack_v1p8.reference_output" > Output/oopack_v1p8.out-nat; \
	  cp /home/ed/mcsema-testing/llvm-test-suite/default.reference_output Output/oopack_v1p8.out-nat; \
	  cat Output/oopack_v1p8.out-nat; \
	fi
# Pretend that the reference output was produced instantaneously.
cp /home/ed/mcsema-testing/llvm-test-suite/instant.txt Output/oopack_v1p8.out-nat.time
/home/ed/mcsema-testing/llvm-test-suite/DiffOutput.sh "/home/ed/mcsema-testing/SANDBOX/test-2015-12-21_15-36-50/tools/fpcmp  -a 0.01" simple oopack_v1p8 
rm -f Output/oopack_v1p8.exe-simple
cp Output/oopack_v1p8.diff-simple Output/oopack_v1p8.exe-simple
if test -f Output/oopack_v1p8.extra-results.txt; then \
	  /home/ed/mcsema-testing/llvm-test-suite/ParseMultipleResults /home/ed/mcsema-testing/SANDBOX/test-2015-12-21_15-36-50/SingleSource/Benchmarks/Misc-C++/oopack_v1p8 Output/oopack_v1p8.extra-results.txt >> Output/oopack_v1p8.simple.exec.report.txt; \
	fi
cat Output/oopack_v1p8.simple.compile.report.txt Output/oopack_v1p8.simple.exec.report.txt >> Output/oopack_v1p8.simple.report.txt
---------------------------------------------------------------
>>> ========= '/home/ed/mcsema-testing/SANDBOX/test-2015-12-21_15-36-50/SingleSource/Benchmarks/Misc-C++/oopack_v1p8' Program
---------------------------------------------------------------

TEST-PASS: compile /home/ed/mcsema-testing/SANDBOX/test-2015-12-21_15-36-50/SingleSource/Benchmarks/Misc-C++/oopack_v1p8
TEST-RESULT-compile-success: pass
TEST-RESULT-compile-hash: 32eb390da999125ebf5c7f2595155967
TEST-RESULT-compile-time: user       0.0978
TEST-RESULT-compile-real-time: real       0.1169

TEST-PASS: exec /home/ed/mcsema-testing/SANDBOX/test-2015-12-21_15-36-50/SingleSource/Benchmarks/Misc-C++/oopack_v1p8
TEST-RESULT-exec-success: pass
TEST-RESULT-exec-time: user       0.1366
TEST-RESULT-exec-real-time: real       0.1383
/home/ed/mcsema-testing/llvm-test-suite/RunSafely.sh --show-errors -t "/home/ed/mcsema-testing/SANDBOX/test-2015-12-21_15-36-50/tools/timeit" 500 /dev/null Output/stepanov_container.llvm.o.compile \
	  /usr/bin/clang++ -I/home/ed/mcsema-testing/SANDBOX/test-2015-12-21_15-36-50/SingleSource/Benchmarks/Misc-C++ -I/home/ed/mcsema-testing/llvm-test-suite/SingleSource/Benchmarks/Misc-C++ -I/home/ed/mcsema-testing/llvm-test-suite/include -I../../../include -D_GNU_SOURCE -D__STDC_LIMIT_MACROS -DNDEBUG  -O3  -m64 -fomit-frame-pointer -c /home/ed/mcsema-testing/llvm-test-suite/SingleSource/Benchmarks/Misc-C++/stepanov_container.cpp -o Output/stepanov_container.llvm.o
cp Output/stepanov_container.llvm.o.compile.time Output/stepanov_container.simple.compile.time
/usr/bin/clang++ -o Output/stepanov_container.simple Output/stepanov_container.llvm.o -lm -lstdc++   -m64 -fomit-frame-pointer
/home/ed/mcsema-testing/llvm-test-suite/RunSafely.sh -t "/home/ed/mcsema-testing/SANDBOX/test-2015-12-21_15-36-50/tools/timeit-target" 500 /dev/null Output/stepanov_container.out-simple Output/stepanov_container.simple 
cp Output/stepanov_container.simple Output/stepanov_container.simple-hash; \
	strip --remove-section=.comment --remove-section='.note*' Output/stepanov_container.simple-hash; \
	/home/ed/mcsema-testing/llvm-test-suite/HashProgramOutput.sh Output/stepanov_container.simple-hash
if [ -f "/home/ed/mcsema-testing/llvm-test-suite/SingleSource/Benchmarks/Misc-C++/stepanov_container.reference_output.little-endian." ]; then \
	  cp /home/ed/mcsema-testing/llvm-test-suite/SingleSource/Benchmarks/Misc-C++/stepanov_container.reference_output.little-endian. Output/stepanov_container.out-nat; \
	elif [ -f "/home/ed/mcsema-testing/llvm-test-suite/SingleSource/Benchmarks/Misc-C++/stepanov_container.reference_output." ]; then \
	  cp /home/ed/mcsema-testing/llvm-test-suite/SingleSource/Benchmarks/Misc-C++/stepanov_container.reference_output. Output/stepanov_container.out-nat; \
	elif [ -f "/home/ed/mcsema-testing/llvm-test-suite/SingleSource/Benchmarks/Misc-C++/stepanov_container.reference_output.little-endian" ]; then \
	  cp /home/ed/mcsema-testing/llvm-test-suite/SingleSource/Benchmarks/Misc-C++/stepanov_container.reference_output.little-endian Output/stepanov_container.out-nat; \
	elif [ -f "/home/ed/mcsema-testing/llvm-test-suite/SingleSource/Benchmarks/Misc-C++/stepanov_container.reference_output" ]; then \
	  cp /home/ed/mcsema-testing/llvm-test-suite/SingleSource/Benchmarks/Misc-C++/stepanov_container.reference_output Output/stepanov_container.out-nat; \
	else \
	  printf "WARNING: %s: %s\n" "NO REFERENCE OUTPUT (using default)" "/home/ed/mcsema-testing/llvm-test-suite/SingleSource/Benchmarks/Misc-C++/stepanov_container.reference_output" > Output/stepanov_container.out-nat; \
	  cp /home/ed/mcsema-testing/llvm-test-suite/default.reference_output Output/stepanov_container.out-nat; \
	  cat Output/stepanov_container.out-nat; \
	fi
# Pretend that the reference output was produced instantaneously.
cp /home/ed/mcsema-testing/llvm-test-suite/instant.txt Output/stepanov_container.out-nat.time
/home/ed/mcsema-testing/llvm-test-suite/DiffOutput.sh "/home/ed/mcsema-testing/SANDBOX/test-2015-12-21_15-36-50/tools/fpcmp  -a 0.01" simple stepanov_container 
rm -f Output/stepanov_container.exe-simple
cp Output/stepanov_container.diff-simple Output/stepanov_container.exe-simple
if test -f Output/stepanov_container.extra-results.txt; then \
	  /home/ed/mcsema-testing/llvm-test-suite/ParseMultipleResults /home/ed/mcsema-testing/SANDBOX/test-2015-12-21_15-36-50/SingleSource/Benchmarks/Misc-C++/stepanov_container Output/stepanov_container.extra-results.txt >> Output/stepanov_container.simple.exec.report.txt; \
	fi
cat Output/stepanov_container.simple.compile.report.txt Output/stepanov_container.simple.exec.report.txt >> Output/stepanov_container.simple.report.txt
---------------------------------------------------------------
>>> ========= '/home/ed/mcsema-testing/SANDBOX/test-2015-12-21_15-36-50/SingleSource/Benchmarks/Misc-C++/stepanov_container' Program
---------------------------------------------------------------

TEST-PASS: compile /home/ed/mcsema-testing/SANDBOX/test-2015-12-21_15-36-50/SingleSource/Benchmarks/Misc-C++/stepanov_container
TEST-RESULT-compile-success: pass
TEST-RESULT-compile-hash: dc695118fb2e52d704cd4a12f9c3cb99
TEST-RESULT-compile-time: user       0.5755
TEST-RESULT-compile-real-time: real       0.6140

TEST-PASS: exec /home/ed/mcsema-testing/SANDBOX/test-2015-12-21_15-36-50/SingleSource/Benchmarks/Misc-C++/stepanov_container
TEST-RESULT-exec-success: pass
TEST-RESULT-exec-time: user       4.0688
TEST-RESULT-exec-real-time: real       4.0833
/home/ed/mcsema-testing/llvm-test-suite/RunSafely.sh --show-errors -t "/home/ed/mcsema-testing/SANDBOX/test-2015-12-21_15-36-50/tools/timeit" 500 /dev/null Output/stepanov_v1p2.llvm.o.compile \
	  /usr/bin/clang++ -I/home/ed/mcsema-testing/SANDBOX/test-2015-12-21_15-36-50/SingleSource/Benchmarks/Misc-C++ -I/home/ed/mcsema-testing/llvm-test-suite/SingleSource/Benchmarks/Misc-C++ -I/home/ed/mcsema-testing/llvm-test-suite/include -I../../../include -D_GNU_SOURCE -D__STDC_LIMIT_MACROS -DNDEBUG  -O3  -m64 -fomit-frame-pointer -c /home/ed/mcsema-testing/llvm-test-suite/SingleSource/Benchmarks/Misc-C++/stepanov_v1p2.cpp -o Output/stepanov_v1p2.llvm.o
cp Output/stepanov_v1p2.llvm.o.compile.time Output/stepanov_v1p2.simple.compile.time
/usr/bin/clang++ -o Output/stepanov_v1p2.simple Output/stepanov_v1p2.llvm.o -lm -lstdc++   -m64 -fomit-frame-pointer
/home/ed/mcsema-testing/llvm-test-suite/RunSafely.sh -t "/home/ed/mcsema-testing/SANDBOX/test-2015-12-21_15-36-50/tools/timeit-target" 500 /dev/null Output/stepanov_v1p2.out-simple Output/stepanov_v1p2.simple 
cp Output/stepanov_v1p2.simple Output/stepanov_v1p2.simple-hash; \
	strip --remove-section=.comment --remove-section='.note*' Output/stepanov_v1p2.simple-hash; \
	/home/ed/mcsema-testing/llvm-test-suite/HashProgramOutput.sh Output/stepanov_v1p2.simple-hash
if [ -f "/home/ed/mcsema-testing/llvm-test-suite/SingleSource/Benchmarks/Misc-C++/stepanov_v1p2.reference_output.little-endian." ]; then \
	  cp /home/ed/mcsema-testing/llvm-test-suite/SingleSource/Benchmarks/Misc-C++/stepanov_v1p2.reference_output.little-endian. Output/stepanov_v1p2.out-nat; \
	elif [ -f "/home/ed/mcsema-testing/llvm-test-suite/SingleSource/Benchmarks/Misc-C++/stepanov_v1p2.reference_output." ]; then \
	  cp /home/ed/mcsema-testing/llvm-test-suite/SingleSource/Benchmarks/Misc-C++/stepanov_v1p2.reference_output. Output/stepanov_v1p2.out-nat; \
	elif [ -f "/home/ed/mcsema-testing/llvm-test-suite/SingleSource/Benchmarks/Misc-C++/stepanov_v1p2.reference_output.little-endian" ]; then \
	  cp /home/ed/mcsema-testing/llvm-test-suite/SingleSource/Benchmarks/Misc-C++/stepanov_v1p2.reference_output.little-endian Output/stepanov_v1p2.out-nat; \
	elif [ -f "/home/ed/mcsema-testing/llvm-test-suite/SingleSource/Benchmarks/Misc-C++/stepanov_v1p2.reference_output" ]; then \
	  cp /home/ed/mcsema-testing/llvm-test-suite/SingleSource/Benchmarks/Misc-C++/stepanov_v1p2.reference_output Output/stepanov_v1p2.out-nat; \
	else \
	  printf "WARNING: %s: %s\n" "NO REFERENCE OUTPUT (using default)" "/home/ed/mcsema-testing/llvm-test-suite/SingleSource/Benchmarks/Misc-C++/stepanov_v1p2.reference_output" > Output/stepanov_v1p2.out-nat; \
	  cp /home/ed/mcsema-testing/llvm-test-suite/default.reference_output Output/stepanov_v1p2.out-nat; \
	  cat Output/stepanov_v1p2.out-nat; \
	fi
# Pretend that the reference output was produced instantaneously.
cp /home/ed/mcsema-testing/llvm-test-suite/instant.txt Output/stepanov_v1p2.out-nat.time
/home/ed/mcsema-testing/llvm-test-suite/DiffOutput.sh "/home/ed/mcsema-testing/SANDBOX/test-2015-12-21_15-36-50/tools/fpcmp  -a 0.01" simple stepanov_v1p2 
rm -f Output/stepanov_v1p2.exe-simple
cp Output/stepanov_v1p2.diff-simple Output/stepanov_v1p2.exe-simple
if test -f Output/stepanov_v1p2.extra-results.txt; then \
	  /home/ed/mcsema-testing/llvm-test-suite/ParseMultipleResults /home/ed/mcsema-testing/SANDBOX/test-2015-12-21_15-36-50/SingleSource/Benchmarks/Misc-C++/stepanov_v1p2 Output/stepanov_v1p2.extra-results.txt >> Output/stepanov_v1p2.simple.exec.report.txt; \
	fi
cat Output/stepanov_v1p2.simple.compile.report.txt Output/stepanov_v1p2.simple.exec.report.txt >> Output/stepanov_v1p2.simple.report.txt
---------------------------------------------------------------
>>> ========= '/home/ed/mcsema-testing/SANDBOX/test-2015-12-21_15-36-50/SingleSource/Benchmarks/Misc-C++/stepanov_v1p2' Program
---------------------------------------------------------------

TEST-PASS: compile /home/ed/mcsema-testing/SANDBOX/test-2015-12-21_15-36-50/SingleSource/Benchmarks/Misc-C++/stepanov_v1p2
TEST-RESULT-compile-success: pass
TEST-RESULT-compile-hash: 54e699cb7e1cc79f4a2a8c431b85d522
TEST-RESULT-compile-time: user       0.1275
TEST-RESULT-compile-real-time: real       0.1468

TEST-PASS: exec /home/ed/mcsema-testing/SANDBOX/test-2015-12-21_15-36-50/SingleSource/Benchmarks/Misc-C++/stepanov_v1p2
TEST-RESULT-exec-success: pass
TEST-RESULT-exec-time: user       5.4529
TEST-RESULT-exec-real-time: real       5.4639
make[4]: Leaving directory `/home/ed/mcsema-testing/SANDBOX/test-2015-12-21_15-36-50/SingleSource/Benchmarks/Misc-C++'
make[4]: Entering directory `/home/ed/mcsema-testing/SANDBOX/test-2015-12-21_15-36-50/SingleSource/Benchmarks/Misc-C++-EH'
/home/ed/mcsema-testing/llvm-test-suite/RunSafely.sh --show-errors -t "/home/ed/mcsema-testing/SANDBOX/test-2015-12-21_15-36-50/tools/timeit" 500 /dev/null Output/spirit.llvm.o.compile \
	  /usr/bin/clang++ -I/home/ed/mcsema-testing/SANDBOX/test-2015-12-21_15-36-50/SingleSource/Benchmarks/Misc-C++-EH -I/home/ed/mcsema-testing/llvm-test-suite/SingleSource/Benchmarks/Misc-C++-EH -I/home/ed/mcsema-testing/llvm-test-suite/include -I../../../include -D_GNU_SOURCE -D__STDC_LIMIT_MACROS -DNDEBUG  -O3  -m64 -fomit-frame-pointer -c /home/ed/mcsema-testing/llvm-test-suite/SingleSource/Benchmarks/Misc-C++-EH/spirit.cpp -o Output/spirit.llvm.o
cp Output/spirit.llvm.o.compile.time Output/spirit.simple.compile.time
/usr/bin/clang++ -o Output/spirit.simple Output/spirit.llvm.o -lm -lstdc++   -m64 -fomit-frame-pointer
/home/ed/mcsema-testing/llvm-test-suite/RunSafely.sh -t "/home/ed/mcsema-testing/SANDBOX/test-2015-12-21_15-36-50/tools/timeit-target" 500 /dev/null Output/spirit.out-simple Output/spirit.simple 
cp Output/spirit.simple Output/spirit.simple-hash; \
	strip --remove-section=.comment --remove-section='.note*' Output/spirit.simple-hash; \
	/home/ed/mcsema-testing/llvm-test-suite/HashProgramOutput.sh Output/spirit.simple-hash
if [ -f "/home/ed/mcsema-testing/llvm-test-suite/SingleSource/Benchmarks/Misc-C++-EH/spirit.reference_output.little-endian." ]; then \
	  cp /home/ed/mcsema-testing/llvm-test-suite/SingleSource/Benchmarks/Misc-C++-EH/spirit.reference_output.little-endian. Output/spirit.out-nat; \
	elif [ -f "/home/ed/mcsema-testing/llvm-test-suite/SingleSource/Benchmarks/Misc-C++-EH/spirit.reference_output." ]; then \
	  cp /home/ed/mcsema-testing/llvm-test-suite/SingleSource/Benchmarks/Misc-C++-EH/spirit.reference_output. Output/spirit.out-nat; \
	elif [ -f "/home/ed/mcsema-testing/llvm-test-suite/SingleSource/Benchmarks/Misc-C++-EH/spirit.reference_output.little-endian" ]; then \
	  cp /home/ed/mcsema-testing/llvm-test-suite/SingleSource/Benchmarks/Misc-C++-EH/spirit.reference_output.little-endian Output/spirit.out-nat; \
	elif [ -f "/home/ed/mcsema-testing/llvm-test-suite/SingleSource/Benchmarks/Misc-C++-EH/spirit.reference_output" ]; then \
	  cp /home/ed/mcsema-testing/llvm-test-suite/SingleSource/Benchmarks/Misc-C++-EH/spirit.reference_output Output/spirit.out-nat; \
	else \
	  printf "WARNING: %s: %s\n" "NO REFERENCE OUTPUT (using default)" "/home/ed/mcsema-testing/llvm-test-suite/SingleSource/Benchmarks/Misc-C++-EH/spirit.reference_output" > Output/spirit.out-nat; \
	  cp /home/ed/mcsema-testing/llvm-test-suite/default.reference_output Output/spirit.out-nat; \
	  cat Output/spirit.out-nat; \
	fi
# Pretend that the reference output was produced instantaneously.
cp /home/ed/mcsema-testing/llvm-test-suite/instant.txt Output/spirit.out-nat.time
/home/ed/mcsema-testing/llvm-test-suite/DiffOutput.sh "/home/ed/mcsema-testing/SANDBOX/test-2015-12-21_15-36-50/tools/fpcmp " simple spirit 
rm -f Output/spirit.exe-simple
cp Output/spirit.diff-simple Output/spirit.exe-simple
if test -f Output/spirit.extra-results.txt; then \
	  /home/ed/mcsema-testing/llvm-test-suite/ParseMultipleResults /home/ed/mcsema-testing/SANDBOX/test-2015-12-21_15-36-50/SingleSource/Benchmarks/Misc-C++-EH/spirit Output/spirit.extra-results.txt >> Output/spirit.simple.exec.report.txt; \
	fi
cat Output/spirit.simple.compile.report.txt Output/spirit.simple.exec.report.txt >> Output/spirit.simple.report.txt
---------------------------------------------------------------
>>> ========= '/home/ed/mcsema-testing/SANDBOX/test-2015-12-21_15-36-50/SingleSource/Benchmarks/Misc-C++-EH/spirit' Program
---------------------------------------------------------------

TEST-PASS: compile /home/ed/mcsema-testing/SANDBOX/test-2015-12-21_15-36-50/SingleSource/Benchmarks/Misc-C++-EH/spirit
TEST-RESULT-compile-success: pass
TEST-RESULT-compile-hash: eb13f0038727ace8954a50fa9dfc8cff
TEST-RESULT-compile-time: user       3.4792
TEST-RESULT-compile-real-time: real       3.6124

TEST-PASS: exec /home/ed/mcsema-testing/SANDBOX/test-2015-12-21_15-36-50/SingleSource/Benchmarks/Misc-C++-EH/spirit
TEST-RESULT-exec-success: pass
TEST-RESULT-exec-time: user       3.3066
TEST-RESULT-exec-real-time: real       3.3133
make[4]: Leaving directory `/home/ed/mcsema-testing/SANDBOX/test-2015-12-21_15-36-50/SingleSource/Benchmarks/Misc-C++-EH'
make[4]: Entering directory `/home/ed/mcsema-testing/SANDBOX/test-2015-12-21_15-36-50/SingleSource/Benchmarks/BenchmarkGame'
make[5]: Entering directory `/home/ed/mcsema-testing/SANDBOX/test-2015-12-21_15-36-50/SingleSource/Benchmarks/BenchmarkGame/Large'
/home/ed/mcsema-testing/llvm-test-suite/RunSafely.sh --show-errors -t "/home/ed/mcsema-testing/SANDBOX/test-2015-12-21_15-36-50/tools/timeit" 500 /dev/null Output/fasta.llvm.o.compile \
	  /usr/bin/clang -I/home/ed/mcsema-testing/SANDBOX/test-2015-12-21_15-36-50/SingleSource/Benchmarks/BenchmarkGame/Large -I/home/ed/mcsema-testing/llvm-test-suite/SingleSource/Benchmarks/BenchmarkGame/Large -I/home/ed/mcsema-testing/llvm-test-suite/include -I../../../../include -D_GNU_SOURCE -D__STDC_LIMIT_MACROS -DNDEBUG  -O3  -m64 -fomit-frame-pointer -c /home/ed/mcsema-testing/llvm-test-suite/SingleSource/Benchmarks/BenchmarkGame/Large/fasta.c -o Output/fasta.llvm.o
cp Output/fasta.llvm.o.compile.time Output/fasta.simple.compile.time
/usr/bin/clang++ -o Output/fasta.simple Output/fasta.llvm.o -lm   -m64 -fomit-frame-pointer
/home/ed/mcsema-testing/llvm-test-suite/RunSafely.sh -t "/home/ed/mcsema-testing/SANDBOX/test-2015-12-21_15-36-50/tools/timeit-target" 500 /dev/null Output/fasta.out-simple Output/fasta.simple 
/home/ed/mcsema-testing/llvm-test-suite/HashProgramOutput.sh Output/fasta.out-simple
cp Output/fasta.simple Output/fasta.simple-hash; \
	strip --remove-section=.comment --remove-section='.note*' Output/fasta.simple-hash; \
	/home/ed/mcsema-testing/llvm-test-suite/HashProgramOutput.sh Output/fasta.simple-hash
if [ -f "/home/ed/mcsema-testing/llvm-test-suite/SingleSource/Benchmarks/BenchmarkGame/Large/fasta.reference_output.little-endian." ]; then \
	  cp /home/ed/mcsema-testing/llvm-test-suite/SingleSource/Benchmarks/BenchmarkGame/Large/fasta.reference_output.little-endian. Output/fasta.out-nat; \
	elif [ -f "/home/ed/mcsema-testing/llvm-test-suite/SingleSource/Benchmarks/BenchmarkGame/Large/fasta.reference_output." ]; then \
	  cp /home/ed/mcsema-testing/llvm-test-suite/SingleSource/Benchmarks/BenchmarkGame/Large/fasta.reference_output. Output/fasta.out-nat; \
	elif [ -f "/home/ed/mcsema-testing/llvm-test-suite/SingleSource/Benchmarks/BenchmarkGame/Large/fasta.reference_output.little-endian" ]; then \
	  cp /home/ed/mcsema-testing/llvm-test-suite/SingleSource/Benchmarks/BenchmarkGame/Large/fasta.reference_output.little-endian Output/fasta.out-nat; \
	elif [ -f "/home/ed/mcsema-testing/llvm-test-suite/SingleSource/Benchmarks/BenchmarkGame/Large/fasta.reference_output" ]; then \
	  cp /home/ed/mcsema-testing/llvm-test-suite/SingleSource/Benchmarks/BenchmarkGame/Large/fasta.reference_output Output/fasta.out-nat; \
	else \
	  printf "WARNING: %s: %s\n" "NO REFERENCE OUTPUT (using default)" "/home/ed/mcsema-testing/llvm-test-suite/SingleSource/Benchmarks/BenchmarkGame/Large/fasta.reference_output" > Output/fasta.out-nat; \
	  cp /home/ed/mcsema-testing/llvm-test-suite/default.reference_output Output/fasta.out-nat; \
	  cat Output/fasta.out-nat; \
	fi
# Pretend that the reference output was produced instantaneously.
cp /home/ed/mcsema-testing/llvm-test-suite/instant.txt Output/fasta.out-nat.time
/home/ed/mcsema-testing/llvm-test-suite/DiffOutput.sh "/home/ed/mcsema-testing/SANDBOX/test-2015-12-21_15-36-50/tools/fpcmp " simple fasta 
rm -f Output/fasta.exe-simple
cp Output/fasta.diff-simple Output/fasta.exe-simple
if test -f Output/fasta.extra-results.txt; then \
	  /home/ed/mcsema-testing/llvm-test-suite/ParseMultipleResults /home/ed/mcsema-testing/SANDBOX/test-2015-12-21_15-36-50/SingleSource/Benchmarks/BenchmarkGame/Large/fasta Output/fasta.extra-results.txt >> Output/fasta.simple.exec.report.txt; \
	fi
cat Output/fasta.simple.compile.report.txt Output/fasta.simple.exec.report.txt >> Output/fasta.simple.report.txt
---------------------------------------------------------------
>>> ========= '/home/ed/mcsema-testing/SANDBOX/test-2015-12-21_15-36-50/SingleSource/Benchmarks/BenchmarkGame/Large/fasta' Program
---------------------------------------------------------------

TEST-PASS: compile /home/ed/mcsema-testing/SANDBOX/test-2015-12-21_15-36-50/SingleSource/Benchmarks/BenchmarkGame/Large/fasta
TEST-RESULT-compile-success: pass
TEST-RESULT-compile-hash: d1f6697b725ba753ee9225f930b02de2
TEST-RESULT-compile-time: user       0.0428
TEST-RESULT-compile-real-time: real       0.0594

TEST-PASS: exec /home/ed/mcsema-testing/SANDBOX/test-2015-12-21_15-36-50/SingleSource/Benchmarks/BenchmarkGame/Large/fasta
TEST-RESULT-exec-success: pass
TEST-RESULT-exec-time: user       0.7433
TEST-RESULT-exec-real-time: real       0.8007
make[5]: Leaving directory `/home/ed/mcsema-testing/SANDBOX/test-2015-12-21_15-36-50/SingleSource/Benchmarks/BenchmarkGame/Large'
/home/ed/mcsema-testing/llvm-test-suite/RunSafely.sh --show-errors -t "/home/ed/mcsema-testing/SANDBOX/test-2015-12-21_15-36-50/tools/timeit" 500 /dev/null Output/fannkuch.llvm.o.compile \
	  /usr/bin/clang -I/home/ed/mcsema-testing/SANDBOX/test-2015-12-21_15-36-50/SingleSource/Benchmarks/BenchmarkGame -I/home/ed/mcsema-testing/llvm-test-suite/SingleSource/Benchmarks/BenchmarkGame -I/home/ed/mcsema-testing/llvm-test-suite/include -I../../../include -D_GNU_SOURCE -D__STDC_LIMIT_MACROS -DNDEBUG  -O3  -m64 -fomit-frame-pointer -c /home/ed/mcsema-testing/llvm-test-suite/SingleSource/Benchmarks/BenchmarkGame/fannkuch.c -o Output/fannkuch.llvm.o
cp Output/fannkuch.llvm.o.compile.time Output/fannkuch.simple.compile.time
/usr/bin/clang++ -o Output/fannkuch.simple Output/fannkuch.llvm.o -lm   -m64 -fomit-frame-pointer
/home/ed/mcsema-testing/llvm-test-suite/RunSafely.sh -t "/home/ed/mcsema-testing/SANDBOX/test-2015-12-21_15-36-50/tools/timeit-target" 500 /dev/null Output/fannkuch.out-simple Output/fannkuch.simple 
cp Output/fannkuch.simple Output/fannkuch.simple-hash; \
	strip --remove-section=.comment --remove-section='.note*' Output/fannkuch.simple-hash; \
	/home/ed/mcsema-testing/llvm-test-suite/HashProgramOutput.sh Output/fannkuch.simple-hash
if [ -f "/home/ed/mcsema-testing/llvm-test-suite/SingleSource/Benchmarks/BenchmarkGame/fannkuch.reference_output.little-endian." ]; then \
	  cp /home/ed/mcsema-testing/llvm-test-suite/SingleSource/Benchmarks/BenchmarkGame/fannkuch.reference_output.little-endian. Output/fannkuch.out-nat; \
	elif [ -f "/home/ed/mcsema-testing/llvm-test-suite/SingleSource/Benchmarks/BenchmarkGame/fannkuch.reference_output." ]; then \
	  cp /home/ed/mcsema-testing/llvm-test-suite/SingleSource/Benchmarks/BenchmarkGame/fannkuch.reference_output. Output/fannkuch.out-nat; \
	elif [ -f "/home/ed/mcsema-testing/llvm-test-suite/SingleSource/Benchmarks/BenchmarkGame/fannkuch.reference_output.little-endian" ]; then \
	  cp /home/ed/mcsema-testing/llvm-test-suite/SingleSource/Benchmarks/BenchmarkGame/fannkuch.reference_output.little-endian Output/fannkuch.out-nat; \
	elif [ -f "/home/ed/mcsema-testing/llvm-test-suite/SingleSource/Benchmarks/BenchmarkGame/fannkuch.reference_output" ]; then \
	  cp /home/ed/mcsema-testing/llvm-test-suite/SingleSource/Benchmarks/BenchmarkGame/fannkuch.reference_output Output/fannkuch.out-nat; \
	else \
	  printf "WARNING: %s: %s\n" "NO REFERENCE OUTPUT (using default)" "/home/ed/mcsema-testing/llvm-test-suite/SingleSource/Benchmarks/BenchmarkGame/fannkuch.reference_output" > Output/fannkuch.out-nat; \
	  cp /home/ed/mcsema-testing/llvm-test-suite/default.reference_output Output/fannkuch.out-nat; \
	  cat Output/fannkuch.out-nat; \
	fi
# Pretend that the reference output was produced instantaneously.
cp /home/ed/mcsema-testing/llvm-test-suite/instant.txt Output/fannkuch.out-nat.time
/home/ed/mcsema-testing/llvm-test-suite/DiffOutput.sh "/home/ed/mcsema-testing/SANDBOX/test-2015-12-21_15-36-50/tools/fpcmp " simple fannkuch 
rm -f Output/fannkuch.exe-simple
cp Output/fannkuch.diff-simple Output/fannkuch.exe-simple
if test -f Output/fannkuch.extra-results.txt; then \
	  /home/ed/mcsema-testing/llvm-test-suite/ParseMultipleResults /home/ed/mcsema-testing/SANDBOX/test-2015-12-21_15-36-50/SingleSource/Benchmarks/BenchmarkGame/fannkuch Output/fannkuch.extra-results.txt >> Output/fannkuch.simple.exec.report.txt; \
	fi
cat Output/fannkuch.simple.compile.report.txt Output/fannkuch.simple.exec.report.txt >> Output/fannkuch.simple.report.txt
---------------------------------------------------------------
>>> ========= '/home/ed/mcsema-testing/SANDBOX/test-2015-12-21_15-36-50/SingleSource/Benchmarks/BenchmarkGame/fannkuch' Program
---------------------------------------------------------------

TEST-PASS: compile /home/ed/mcsema-testing/SANDBOX/test-2015-12-21_15-36-50/SingleSource/Benchmarks/BenchmarkGame/fannkuch
TEST-RESULT-compile-success: pass
TEST-RESULT-compile-hash: bac89f8ccec1f4826108568de26b0c0e
TEST-RESULT-compile-time: user       0.0448
TEST-RESULT-compile-real-time: real       0.0601

TEST-PASS: exec /home/ed/mcsema-testing/SANDBOX/test-2015-12-21_15-36-50/SingleSource/Benchmarks/BenchmarkGame/fannkuch
TEST-RESULT-exec-success: pass
TEST-RESULT-exec-time: user       2.1463
TEST-RESULT-exec-real-time: real       2.1516
/home/ed/mcsema-testing/llvm-test-suite/RunSafely.sh --show-errors -t "/home/ed/mcsema-testing/SANDBOX/test-2015-12-21_15-36-50/tools/timeit" 500 /dev/null Output/n-body.llvm.o.compile \
	  /usr/bin/clang -I/home/ed/mcsema-testing/SANDBOX/test-2015-12-21_15-36-50/SingleSource/Benchmarks/BenchmarkGame -I/home/ed/mcsema-testing/llvm-test-suite/SingleSource/Benchmarks/BenchmarkGame -I/home/ed/mcsema-testing/llvm-test-suite/include -I../../../include -D_GNU_SOURCE -D__STDC_LIMIT_MACROS -DNDEBUG  -O3  -m64 -fomit-frame-pointer -c /home/ed/mcsema-testing/llvm-test-suite/SingleSource/Benchmarks/BenchmarkGame/n-body.c -o Output/n-body.llvm.o
cp Output/n-body.llvm.o.compile.time Output/n-body.simple.compile.time
/usr/bin/clang++ -o Output/n-body.simple Output/n-body.llvm.o -lm   -m64 -fomit-frame-pointer
/home/ed/mcsema-testing/llvm-test-suite/RunSafely.sh -t "/home/ed/mcsema-testing/SANDBOX/test-2015-12-21_15-36-50/tools/timeit-target" 500 /dev/null Output/n-body.out-simple Output/n-body.simple 
cp Output/n-body.simple Output/n-body.simple-hash; \
	strip --remove-section=.comment --remove-section='.note*' Output/n-body.simple-hash; \
	/home/ed/mcsema-testing/llvm-test-suite/HashProgramOutput.sh Output/n-body.simple-hash
if [ -f "/home/ed/mcsema-testing/llvm-test-suite/SingleSource/Benchmarks/BenchmarkGame/n-body.reference_output.little-endian." ]; then \
	  cp /home/ed/mcsema-testing/llvm-test-suite/SingleSource/Benchmarks/BenchmarkGame/n-body.reference_output.little-endian. Output/n-body.out-nat; \
	elif [ -f "/home/ed/mcsema-testing/llvm-test-suite/SingleSource/Benchmarks/BenchmarkGame/n-body.reference_output." ]; then \
	  cp /home/ed/mcsema-testing/llvm-test-suite/SingleSource/Benchmarks/BenchmarkGame/n-body.reference_output. Output/n-body.out-nat; \
	elif [ -f "/home/ed/mcsema-testing/llvm-test-suite/SingleSource/Benchmarks/BenchmarkGame/n-body.reference_output.little-endian" ]; then \
	  cp /home/ed/mcsema-testing/llvm-test-suite/SingleSource/Benchmarks/BenchmarkGame/n-body.reference_output.little-endian Output/n-body.out-nat; \
	elif [ -f "/home/ed/mcsema-testing/llvm-test-suite/SingleSource/Benchmarks/BenchmarkGame/n-body.reference_output" ]; then \
	  cp /home/ed/mcsema-testing/llvm-test-suite/SingleSource/Benchmarks/BenchmarkGame/n-body.reference_output Output/n-body.out-nat; \
	else \
	  printf "WARNING: %s: %s\n" "NO REFERENCE OUTPUT (using default)" "/home/ed/mcsema-testing/llvm-test-suite/SingleSource/Benchmarks/BenchmarkGame/n-body.reference_output" > Output/n-body.out-nat; \
	  cp /home/ed/mcsema-testing/llvm-test-suite/default.reference_output Output/n-body.out-nat; \
	  cat Output/n-body.out-nat; \
	fi
# Pretend that the reference output was produced instantaneously.
cp /home/ed/mcsema-testing/llvm-test-suite/instant.txt Output/n-body.out-nat.time
/home/ed/mcsema-testing/llvm-test-suite/DiffOutput.sh "/home/ed/mcsema-testing/SANDBOX/test-2015-12-21_15-36-50/tools/fpcmp " simple n-body 
rm -f Output/n-body.exe-simple
cp Output/n-body.diff-simple Output/n-body.exe-simple
if test -f Output/n-body.extra-results.txt; then \
	  /home/ed/mcsema-testing/llvm-test-suite/ParseMultipleResults /home/ed/mcsema-testing/SANDBOX/test-2015-12-21_15-36-50/SingleSource/Benchmarks/BenchmarkGame/n-body Output/n-body.extra-results.txt >> Output/n-body.simple.exec.report.txt; \
	fi
cat Output/n-body.simple.compile.report.txt Output/n-body.simple.exec.report.txt >> Output/n-body.simple.report.txt
---------------------------------------------------------------
>>> ========= '/home/ed/mcsema-testing/SANDBOX/test-2015-12-21_15-36-50/SingleSource/Benchmarks/BenchmarkGame/n-body' Program
---------------------------------------------------------------

TEST-PASS: compile /home/ed/mcsema-testing/SANDBOX/test-2015-12-21_15-36-50/SingleSource/Benchmarks/BenchmarkGame/n-body
TEST-RESULT-compile-success: pass
TEST-RESULT-compile-hash: b7db072b3ba362f9194cd9fa86f332d9
TEST-RESULT-compile-time: user       0.0595
TEST-RESULT-compile-real-time: real       0.0767

TEST-PASS: exec /home/ed/mcsema-testing/SANDBOX/test-2015-12-21_15-36-50/SingleSource/Benchmarks/BenchmarkGame/n-body
TEST-RESULT-exec-success: pass
TEST-RESULT-exec-time: user       1.0951
TEST-RESULT-exec-real-time: real       1.0983
/home/ed/mcsema-testing/llvm-test-suite/RunSafely.sh --show-errors -t "/home/ed/mcsema-testing/SANDBOX/test-2015-12-21_15-36-50/tools/timeit" 500 /dev/null Output/nsieve-bits.llvm.o.compile \
	  /usr/bin/clang -I/home/ed/mcsema-testing/SANDBOX/test-2015-12-21_15-36-50/SingleSource/Benchmarks/BenchmarkGame -I/home/ed/mcsema-testing/llvm-test-suite/SingleSource/Benchmarks/BenchmarkGame -I/home/ed/mcsema-testing/llvm-test-suite/include -I../../../include -D_GNU_SOURCE -D__STDC_LIMIT_MACROS -DNDEBUG  -O3  -m64 -fomit-frame-pointer -c /home/ed/mcsema-testing/llvm-test-suite/SingleSource/Benchmarks/BenchmarkGame/nsieve-bits.c -o Output/nsieve-bits.llvm.o
cp Output/nsieve-bits.llvm.o.compile.time Output/nsieve-bits.simple.compile.time
/usr/bin/clang++ -o Output/nsieve-bits.simple Output/nsieve-bits.llvm.o -lm   -m64 -fomit-frame-pointer
/home/ed/mcsema-testing/llvm-test-suite/RunSafely.sh -t "/home/ed/mcsema-testing/SANDBOX/test-2015-12-21_15-36-50/tools/timeit-target" 500 /dev/null Output/nsieve-bits.out-simple Output/nsieve-bits.simple 
cp Output/nsieve-bits.simple Output/nsieve-bits.simple-hash; \
	strip --remove-section=.comment --remove-section='.note*' Output/nsieve-bits.simple-hash; \
	/home/ed/mcsema-testing/llvm-test-suite/HashProgramOutput.sh Output/nsieve-bits.simple-hash
if [ -f "/home/ed/mcsema-testing/llvm-test-suite/SingleSource/Benchmarks/BenchmarkGame/nsieve-bits.reference_output.little-endian." ]; then \
	  cp /home/ed/mcsema-testing/llvm-test-suite/SingleSource/Benchmarks/BenchmarkGame/nsieve-bits.reference_output.little-endian. Output/nsieve-bits.out-nat; \
	elif [ -f "/home/ed/mcsema-testing/llvm-test-suite/SingleSource/Benchmarks/BenchmarkGame/nsieve-bits.reference_output." ]; then \
	  cp /home/ed/mcsema-testing/llvm-test-suite/SingleSource/Benchmarks/BenchmarkGame/nsieve-bits.reference_output. Output/nsieve-bits.out-nat; \
	elif [ -f "/home/ed/mcsema-testing/llvm-test-suite/SingleSource/Benchmarks/BenchmarkGame/nsieve-bits.reference_output.little-endian" ]; then \
	  cp /home/ed/mcsema-testing/llvm-test-suite/SingleSource/Benchmarks/BenchmarkGame/nsieve-bits.reference_output.little-endian Output/nsieve-bits.out-nat; \
	elif [ -f "/home/ed/mcsema-testing/llvm-test-suite/SingleSource/Benchmarks/BenchmarkGame/nsieve-bits.reference_output" ]; then \
	  cp /home/ed/mcsema-testing/llvm-test-suite/SingleSource/Benchmarks/BenchmarkGame/nsieve-bits.reference_output Output/nsieve-bits.out-nat; \
	else \
	  printf "WARNING: %s: %s\n" "NO REFERENCE OUTPUT (using default)" "/home/ed/mcsema-testing/llvm-test-suite/SingleSource/Benchmarks/BenchmarkGame/nsieve-bits.reference_output" > Output/nsieve-bits.out-nat; \
	  cp /home/ed/mcsema-testing/llvm-test-suite/default.reference_output Output/nsieve-bits.out-nat; \
	  cat Output/nsieve-bits.out-nat; \
	fi
# Pretend that the reference output was produced instantaneously.
cp /home/ed/mcsema-testing/llvm-test-suite/instant.txt Output/nsieve-bits.out-nat.time
/home/ed/mcsema-testing/llvm-test-suite/DiffOutput.sh "/home/ed/mcsema-testing/SANDBOX/test-2015-12-21_15-36-50/tools/fpcmp " simple nsieve-bits 
rm -f Output/nsieve-bits.exe-simple
cp Output/nsieve-bits.diff-simple Output/nsieve-bits.exe-simple
if test -f Output/nsieve-bits.extra-results.txt; then \
	  /home/ed/mcsema-testing/llvm-test-suite/ParseMultipleResults /home/ed/mcsema-testing/SANDBOX/test-2015-12-21_15-36-50/SingleSource/Benchmarks/BenchmarkGame/nsieve-bits Output/nsieve-bits.extra-results.txt >> Output/nsieve-bits.simple.exec.report.txt; \
	fi
cat Output/nsieve-bits.simple.compile.report.txt Output/nsieve-bits.simple.exec.report.txt >> Output/nsieve-bits.simple.report.txt
---------------------------------------------------------------
>>> ========= '/home/ed/mcsema-testing/SANDBOX/test-2015-12-21_15-36-50/SingleSource/Benchmarks/BenchmarkGame/nsieve-bits' Program
---------------------------------------------------------------

TEST-PASS: compile /home/ed/mcsema-testing/SANDBOX/test-2015-12-21_15-36-50/SingleSource/Benchmarks/BenchmarkGame/nsieve-bits
TEST-RESULT-compile-success: pass
TEST-RESULT-compile-hash: 32f5d4ae690ad7d9e2bcda358701d3f2
TEST-RESULT-compile-time: user       0.0356
TEST-RESULT-compile-real-time: real       0.0505

TEST-PASS: exec /home/ed/mcsema-testing/SANDBOX/test-2015-12-21_15-36-50/SingleSource/Benchmarks/BenchmarkGame/nsieve-bits
TEST-RESULT-exec-success: pass
TEST-RESULT-exec-time: user       0.7290
TEST-RESULT-exec-real-time: real       0.7330
/home/ed/mcsema-testing/llvm-test-suite/RunSafely.sh --show-errors -t "/home/ed/mcsema-testing/SANDBOX/test-2015-12-21_15-36-50/tools/timeit" 500 /dev/null Output/partialsums.llvm.o.compile \
	  /usr/bin/clang -I/home/ed/mcsema-testing/SANDBOX/test-2015-12-21_15-36-50/SingleSource/Benchmarks/BenchmarkGame -I/home/ed/mcsema-testing/llvm-test-suite/SingleSource/Benchmarks/BenchmarkGame -I/home/ed/mcsema-testing/llvm-test-suite/include -I../../../include -D_GNU_SOURCE -D__STDC_LIMIT_MACROS -DNDEBUG  -O3  -m64 -fomit-frame-pointer -c /home/ed/mcsema-testing/llvm-test-suite/SingleSource/Benchmarks/BenchmarkGame/partialsums.c -o Output/partialsums.llvm.o
cp Output/partialsums.llvm.o.compile.time Output/partialsums.simple.compile.time
/usr/bin/clang++ -o Output/partialsums.simple Output/partialsums.llvm.o -lm   -m64 -fomit-frame-pointer
/home/ed/mcsema-testing/llvm-test-suite/RunSafely.sh -t "/home/ed/mcsema-testing/SANDBOX/test-2015-12-21_15-36-50/tools/timeit-target" 500 /dev/null Output/partialsums.out-simple Output/partialsums.simple 
cp Output/partialsums.simple Output/partialsums.simple-hash; \
	strip --remove-section=.comment --remove-section='.note*' Output/partialsums.simple-hash; \
	/home/ed/mcsema-testing/llvm-test-suite/HashProgramOutput.sh Output/partialsums.simple-hash
if [ -f "/home/ed/mcsema-testing/llvm-test-suite/SingleSource/Benchmarks/BenchmarkGame/partialsums.reference_output.little-endian." ]; then \
	  cp /home/ed/mcsema-testing/llvm-test-suite/SingleSource/Benchmarks/BenchmarkGame/partialsums.reference_output.little-endian. Output/partialsums.out-nat; \
	elif [ -f "/home/ed/mcsema-testing/llvm-test-suite/SingleSource/Benchmarks/BenchmarkGame/partialsums.reference_output." ]; then \
	  cp /home/ed/mcsema-testing/llvm-test-suite/SingleSource/Benchmarks/BenchmarkGame/partialsums.reference_output. Output/partialsums.out-nat; \
	elif [ -f "/home/ed/mcsema-testing/llvm-test-suite/SingleSource/Benchmarks/BenchmarkGame/partialsums.reference_output.little-endian" ]; then \
	  cp /home/ed/mcsema-testing/llvm-test-suite/SingleSource/Benchmarks/BenchmarkGame/partialsums.reference_output.little-endian Output/partialsums.out-nat; \
	elif [ -f "/home/ed/mcsema-testing/llvm-test-suite/SingleSource/Benchmarks/BenchmarkGame/partialsums.reference_output" ]; then \
	  cp /home/ed/mcsema-testing/llvm-test-suite/SingleSource/Benchmarks/BenchmarkGame/partialsums.reference_output Output/partialsums.out-nat; \
	else \
	  printf "WARNING: %s: %s\n" "NO REFERENCE OUTPUT (using default)" "/home/ed/mcsema-testing/llvm-test-suite/SingleSource/Benchmarks/BenchmarkGame/partialsums.reference_output" > Output/partialsums.out-nat; \
	  cp /home/ed/mcsema-testing/llvm-test-suite/default.reference_output Output/partialsums.out-nat; \
	  cat Output/partialsums.out-nat; \
	fi
# Pretend that the reference output was produced instantaneously.
cp /home/ed/mcsema-testing/llvm-test-suite/instant.txt Output/partialsums.out-nat.time
/home/ed/mcsema-testing/llvm-test-suite/DiffOutput.sh "/home/ed/mcsema-testing/SANDBOX/test-2015-12-21_15-36-50/tools/fpcmp " simple partialsums 
rm -f Output/partialsums.exe-simple
cp Output/partialsums.diff-simple Output/partialsums.exe-simple
if test -f Output/partialsums.extra-results.txt; then \
	  /home/ed/mcsema-testing/llvm-test-suite/ParseMultipleResults /home/ed/mcsema-testing/SANDBOX/test-2015-12-21_15-36-50/SingleSource/Benchmarks/BenchmarkGame/partialsums Output/partialsums.extra-results.txt >> Output/partialsums.simple.exec.report.txt; \
	fi
cat Output/partialsums.simple.compile.report.txt Output/partialsums.simple.exec.report.txt >> Output/partialsums.simple.report.txt
---------------------------------------------------------------
>>> ========= '/home/ed/mcsema-testing/SANDBOX/test-2015-12-21_15-36-50/SingleSource/Benchmarks/BenchmarkGame/partialsums' Program
---------------------------------------------------------------

TEST-PASS: compile /home/ed/mcsema-testing/SANDBOX/test-2015-12-21_15-36-50/SingleSource/Benchmarks/BenchmarkGame/partialsums
TEST-RESULT-compile-success: pass
TEST-RESULT-compile-hash: 6f4c38db26c04dd38f669a996996bc19
TEST-RESULT-compile-time: user       0.0352
TEST-RESULT-compile-real-time: real       0.0506

TEST-PASS: exec /home/ed/mcsema-testing/SANDBOX/test-2015-12-21_15-36-50/SingleSource/Benchmarks/BenchmarkGame/partialsums
TEST-RESULT-exec-success: pass
TEST-RESULT-exec-time: user       0.8029
TEST-RESULT-exec-real-time: real       0.8056
/home/ed/mcsema-testing/llvm-test-suite/RunSafely.sh --show-errors -t "/home/ed/mcsema-testing/SANDBOX/test-2015-12-21_15-36-50/tools/timeit" 500 /dev/null Output/puzzle.llvm.o.compile \
	  /usr/bin/clang -I/home/ed/mcsema-testing/SANDBOX/test-2015-12-21_15-36-50/SingleSource/Benchmarks/BenchmarkGame -I/home/ed/mcsema-testing/llvm-test-suite/SingleSource/Benchmarks/BenchmarkGame -I/home/ed/mcsema-testing/llvm-test-suite/include -I../../../include -D_GNU_SOURCE -D__STDC_LIMIT_MACROS -DNDEBUG  -O3  -m64 -fomit-frame-pointer -c /home/ed/mcsema-testing/llvm-test-suite/SingleSource/Benchmarks/BenchmarkGame/puzzle.c -o Output/puzzle.llvm.o
cp Output/puzzle.llvm.o.compile.time Output/puzzle.simple.compile.time
/usr/bin/clang++ -o Output/puzzle.simple Output/puzzle.llvm.o -lm   -m64 -fomit-frame-pointer
/home/ed/mcsema-testing/llvm-test-suite/RunSafely.sh -t "/home/ed/mcsema-testing/SANDBOX/test-2015-12-21_15-36-50/tools/timeit-target" 500 /dev/null Output/puzzle.out-simple Output/puzzle.simple 
cp Output/puzzle.simple Output/puzzle.simple-hash; \
	strip --remove-section=.comment --remove-section='.note*' Output/puzzle.simple-hash; \
	/home/ed/mcsema-testing/llvm-test-suite/HashProgramOutput.sh Output/puzzle.simple-hash
if [ -f "/home/ed/mcsema-testing/llvm-test-suite/SingleSource/Benchmarks/BenchmarkGame/puzzle.reference_output.little-endian." ]; then \
	  cp /home/ed/mcsema-testing/llvm-test-suite/SingleSource/Benchmarks/BenchmarkGame/puzzle.reference_output.little-endian. Output/puzzle.out-nat; \
	elif [ -f "/home/ed/mcsema-testing/llvm-test-suite/SingleSource/Benchmarks/BenchmarkGame/puzzle.reference_output." ]; then \
	  cp /home/ed/mcsema-testing/llvm-test-suite/SingleSource/Benchmarks/BenchmarkGame/puzzle.reference_output. Output/puzzle.out-nat; \
	elif [ -f "/home/ed/mcsema-testing/llvm-test-suite/SingleSource/Benchmarks/BenchmarkGame/puzzle.reference_output.little-endian" ]; then \
	  cp /home/ed/mcsema-testing/llvm-test-suite/SingleSource/Benchmarks/BenchmarkGame/puzzle.reference_output.little-endian Output/puzzle.out-nat; \
	elif [ -f "/home/ed/mcsema-testing/llvm-test-suite/SingleSource/Benchmarks/BenchmarkGame/puzzle.reference_output" ]; then \
	  cp /home/ed/mcsema-testing/llvm-test-suite/SingleSource/Benchmarks/BenchmarkGame/puzzle.reference_output Output/puzzle.out-nat; \
	else \
	  printf "WARNING: %s: %s\n" "NO REFERENCE OUTPUT (using default)" "/home/ed/mcsema-testing/llvm-test-suite/SingleSource/Benchmarks/BenchmarkGame/puzzle.reference_output" > Output/puzzle.out-nat; \
	  cp /home/ed/mcsema-testing/llvm-test-suite/default.reference_output Output/puzzle.out-nat; \
	  cat Output/puzzle.out-nat; \
	fi
# Pretend that the reference output was produced instantaneously.
cp /home/ed/mcsema-testing/llvm-test-suite/instant.txt Output/puzzle.out-nat.time
/home/ed/mcsema-testing/llvm-test-suite/DiffOutput.sh "/home/ed/mcsema-testing/SANDBOX/test-2015-12-21_15-36-50/tools/fpcmp " simple puzzle 
rm -f Output/puzzle.exe-simple
cp Output/puzzle.diff-simple Output/puzzle.exe-simple
if test -f Output/puzzle.extra-results.txt; then \
	  /home/ed/mcsema-testing/llvm-test-suite/ParseMultipleResults /home/ed/mcsema-testing/SANDBOX/test-2015-12-21_15-36-50/SingleSource/Benchmarks/BenchmarkGame/puzzle Output/puzzle.extra-results.txt >> Output/puzzle.simple.exec.report.txt; \
	fi
cat Output/puzzle.simple.compile.report.txt Output/puzzle.simple.exec.report.txt >> Output/puzzle.simple.report.txt
---------------------------------------------------------------
>>> ========= '/home/ed/mcsema-testing/SANDBOX/test-2015-12-21_15-36-50/SingleSource/Benchmarks/BenchmarkGame/puzzle' Program
---------------------------------------------------------------

TEST-PASS: compile /home/ed/mcsema-testing/SANDBOX/test-2015-12-21_15-36-50/SingleSource/Benchmarks/BenchmarkGame/puzzle
TEST-RESULT-compile-success: pass
TEST-RESULT-compile-hash: e32c7b25d6997b632393ee78ac46b84e
TEST-RESULT-compile-time: user       0.0481
TEST-RESULT-compile-real-time: real       0.0640

TEST-PASS: exec /home/ed/mcsema-testing/SANDBOX/test-2015-12-21_15-36-50/SingleSource/Benchmarks/BenchmarkGame/puzzle
TEST-RESULT-exec-success: pass
TEST-RESULT-exec-time: user       0.2213
TEST-RESULT-exec-real-time: real       0.2249
/home/ed/mcsema-testing/llvm-test-suite/RunSafely.sh --show-errors -t "/home/ed/mcsema-testing/SANDBOX/test-2015-12-21_15-36-50/tools/timeit" 500 /dev/null Output/recursive.llvm.o.compile \
	  /usr/bin/clang -I/home/ed/mcsema-testing/SANDBOX/test-2015-12-21_15-36-50/SingleSource/Benchmarks/BenchmarkGame -I/home/ed/mcsema-testing/llvm-test-suite/SingleSource/Benchmarks/BenchmarkGame -I/home/ed/mcsema-testing/llvm-test-suite/include -I../../../include -D_GNU_SOURCE -D__STDC_LIMIT_MACROS -DNDEBUG  -O3  -m64 -fomit-frame-pointer -c /home/ed/mcsema-testing/llvm-test-suite/SingleSource/Benchmarks/BenchmarkGame/recursive.c -o Output/recursive.llvm.o
cp Output/recursive.llvm.o.compile.time Output/recursive.simple.compile.time
/usr/bin/clang++ -o Output/recursive.simple Output/recursive.llvm.o -lm   -m64 -fomit-frame-pointer
/home/ed/mcsema-testing/llvm-test-suite/RunSafely.sh -t "/home/ed/mcsema-testing/SANDBOX/test-2015-12-21_15-36-50/tools/timeit-target" 500 /dev/null Output/recursive.out-simple Output/recursive.simple 
cp Output/recursive.simple Output/recursive.simple-hash; \
	strip --remove-section=.comment --remove-section='.note*' Output/recursive.simple-hash; \
	/home/ed/mcsema-testing/llvm-test-suite/HashProgramOutput.sh Output/recursive.simple-hash
if [ -f "/home/ed/mcsema-testing/llvm-test-suite/SingleSource/Benchmarks/BenchmarkGame/recursive.reference_output.little-endian." ]; then \
	  cp /home/ed/mcsema-testing/llvm-test-suite/SingleSource/Benchmarks/BenchmarkGame/recursive.reference_output.little-endian. Output/recursive.out-nat; \
	elif [ -f "/home/ed/mcsema-testing/llvm-test-suite/SingleSource/Benchmarks/BenchmarkGame/recursive.reference_output." ]; then \
	  cp /home/ed/mcsema-testing/llvm-test-suite/SingleSource/Benchmarks/BenchmarkGame/recursive.reference_output. Output/recursive.out-nat; \
	elif [ -f "/home/ed/mcsema-testing/llvm-test-suite/SingleSource/Benchmarks/BenchmarkGame/recursive.reference_output.little-endian" ]; then \
	  cp /home/ed/mcsema-testing/llvm-test-suite/SingleSource/Benchmarks/BenchmarkGame/recursive.reference_output.little-endian Output/recursive.out-nat; \
	elif [ -f "/home/ed/mcsema-testing/llvm-test-suite/SingleSource/Benchmarks/BenchmarkGame/recursive.reference_output" ]; then \
	  cp /home/ed/mcsema-testing/llvm-test-suite/SingleSource/Benchmarks/BenchmarkGame/recursive.reference_output Output/recursive.out-nat; \
	else \
	  printf "WARNING: %s: %s\n" "NO REFERENCE OUTPUT (using default)" "/home/ed/mcsema-testing/llvm-test-suite/SingleSource/Benchmarks/BenchmarkGame/recursive.reference_output" > Output/recursive.out-nat; \
	  cp /home/ed/mcsema-testing/llvm-test-suite/default.reference_output Output/recursive.out-nat; \
	  cat Output/recursive.out-nat; \
	fi
# Pretend that the reference output was produced instantaneously.
cp /home/ed/mcsema-testing/llvm-test-suite/instant.txt Output/recursive.out-nat.time
/home/ed/mcsema-testing/llvm-test-suite/DiffOutput.sh "/home/ed/mcsema-testing/SANDBOX/test-2015-12-21_15-36-50/tools/fpcmp " simple recursive 
rm -f Output/recursive.exe-simple
cp Output/recursive.diff-simple Output/recursive.exe-simple
if test -f Output/recursive.extra-results.txt; then \
	  /home/ed/mcsema-testing/llvm-test-suite/ParseMultipleResults /home/ed/mcsema-testing/SANDBOX/test-2015-12-21_15-36-50/SingleSource/Benchmarks/BenchmarkGame/recursive Output/recursive.extra-results.txt >> Output/recursive.simple.exec.report.txt; \
	fi
cat Output/recursive.simple.compile.report.txt Output/recursive.simple.exec.report.txt >> Output/recursive.simple.report.txt
---------------------------------------------------------------
>>> ========= '/home/ed/mcsema-testing/SANDBOX/test-2015-12-21_15-36-50/SingleSource/Benchmarks/BenchmarkGame/recursive' Program
---------------------------------------------------------------

TEST-PASS: compile /home/ed/mcsema-testing/SANDBOX/test-2015-12-21_15-36-50/SingleSource/Benchmarks/BenchmarkGame/recursive
TEST-RESULT-compile-success: pass
TEST-RESULT-compile-hash: b1eedd732894e99053cbe9170e3cd1e4
TEST-RESULT-compile-time: user       0.0283
TEST-RESULT-compile-real-time: real       0.0423

TEST-PASS: exec /home/ed/mcsema-testing/SANDBOX/test-2015-12-21_15-36-50/SingleSource/Benchmarks/BenchmarkGame/recursive
TEST-RESULT-exec-success: pass
TEST-RESULT-exec-time: user       0.9076
TEST-RESULT-exec-real-time: real       0.9103
/home/ed/mcsema-testing/llvm-test-suite/RunSafely.sh --show-errors -t "/home/ed/mcsema-testing/SANDBOX/test-2015-12-21_15-36-50/tools/timeit" 500 /dev/null Output/spectral-norm.llvm.o.compile \
	  /usr/bin/clang -I/home/ed/mcsema-testing/SANDBOX/test-2015-12-21_15-36-50/SingleSource/Benchmarks/BenchmarkGame -I/home/ed/mcsema-testing/llvm-test-suite/SingleSource/Benchmarks/BenchmarkGame -I/home/ed/mcsema-testing/llvm-test-suite/include -I../../../include -D_GNU_SOURCE -D__STDC_LIMIT_MACROS -DNDEBUG  -O3  -m64 -fomit-frame-pointer -c /home/ed/mcsema-testing/llvm-test-suite/SingleSource/Benchmarks/BenchmarkGame/spectral-norm.c -o Output/spectral-norm.llvm.o
cp Output/spectral-norm.llvm.o.compile.time Output/spectral-norm.simple.compile.time
/usr/bin/clang++ -o Output/spectral-norm.simple Output/spectral-norm.llvm.o -lm   -m64 -fomit-frame-pointer
/home/ed/mcsema-testing/llvm-test-suite/RunSafely.sh -t "/home/ed/mcsema-testing/SANDBOX/test-2015-12-21_15-36-50/tools/timeit-target" 500 /dev/null Output/spectral-norm.out-simple Output/spectral-norm.simple 
cp Output/spectral-norm.simple Output/spectral-norm.simple-hash; \
	strip --remove-section=.comment --remove-section='.note*' Output/spectral-norm.simple-hash; \
	/home/ed/mcsema-testing/llvm-test-suite/HashProgramOutput.sh Output/spectral-norm.simple-hash
if [ -f "/home/ed/mcsema-testing/llvm-test-suite/SingleSource/Benchmarks/BenchmarkGame/spectral-norm.reference_output.little-endian." ]; then \
	  cp /home/ed/mcsema-testing/llvm-test-suite/SingleSource/Benchmarks/BenchmarkGame/spectral-norm.reference_output.little-endian. Output/spectral-norm.out-nat; \
	elif [ -f "/home/ed/mcsema-testing/llvm-test-suite/SingleSource/Benchmarks/BenchmarkGame/spectral-norm.reference_output." ]; then \
	  cp /home/ed/mcsema-testing/llvm-test-suite/SingleSource/Benchmarks/BenchmarkGame/spectral-norm.reference_output. Output/spectral-norm.out-nat; \
	elif [ -f "/home/ed/mcsema-testing/llvm-test-suite/SingleSource/Benchmarks/BenchmarkGame/spectral-norm.reference_output.little-endian" ]; then \
	  cp /home/ed/mcsema-testing/llvm-test-suite/SingleSource/Benchmarks/BenchmarkGame/spectral-norm.reference_output.little-endian Output/spectral-norm.out-nat; \
	elif [ -f "/home/ed/mcsema-testing/llvm-test-suite/SingleSource/Benchmarks/BenchmarkGame/spectral-norm.reference_output" ]; then \
	  cp /home/ed/mcsema-testing/llvm-test-suite/SingleSource/Benchmarks/BenchmarkGame/spectral-norm.reference_output Output/spectral-norm.out-nat; \
	else \
	  printf "WARNING: %s: %s\n" "NO REFERENCE OUTPUT (using default)" "/home/ed/mcsema-testing/llvm-test-suite/SingleSource/Benchmarks/BenchmarkGame/spectral-norm.reference_output" > Output/spectral-norm.out-nat; \
	  cp /home/ed/mcsema-testing/llvm-test-suite/default.reference_output Output/spectral-norm.out-nat; \
	  cat Output/spectral-norm.out-nat; \
	fi
# Pretend that the reference output was produced instantaneously.
cp /home/ed/mcsema-testing/llvm-test-suite/instant.txt Output/spectral-norm.out-nat.time
/home/ed/mcsema-testing/llvm-test-suite/DiffOutput.sh "/home/ed/mcsema-testing/SANDBOX/test-2015-12-21_15-36-50/tools/fpcmp " simple spectral-norm 
rm -f Output/spectral-norm.exe-simple
cp Output/spectral-norm.diff-simple Output/spectral-norm.exe-simple
if test -f Output/spectral-norm.extra-results.txt; then \
	  /home/ed/mcsema-testing/llvm-test-suite/ParseMultipleResults /home/ed/mcsema-testing/SANDBOX/test-2015-12-21_15-36-50/SingleSource/Benchmarks/BenchmarkGame/spectral-norm Output/spectral-norm.extra-results.txt >> Output/spectral-norm.simple.exec.report.txt; \
	fi
cat Output/spectral-norm.simple.compile.report.txt Output/spectral-norm.simple.exec.report.txt >> Output/spectral-norm.simple.report.txt
---------------------------------------------------------------
>>> ========= '/home/ed/mcsema-testing/SANDBOX/test-2015-12-21_15-36-50/SingleSource/Benchmarks/BenchmarkGame/spectral-norm' Program
---------------------------------------------------------------

TEST-PASS: compile /home/ed/mcsema-testing/SANDBOX/test-2015-12-21_15-36-50/SingleSource/Benchmarks/BenchmarkGame/spectral-norm
TEST-RESULT-compile-success: pass
TEST-RESULT-compile-hash: 0e56d57b74c832a5775b05cd69fa13d9
TEST-RESULT-compile-time: user       0.0513
TEST-RESULT-compile-real-time: real       0.0674

TEST-PASS: exec /home/ed/mcsema-testing/SANDBOX/test-2015-12-21_15-36-50/SingleSource/Benchmarks/BenchmarkGame/spectral-norm
TEST-RESULT-exec-success: pass
TEST-RESULT-exec-time: user       1.0384
TEST-RESULT-exec-real-time: real       1.0413
make[4]: Leaving directory `/home/ed/mcsema-testing/SANDBOX/test-2015-12-21_15-36-50/SingleSource/Benchmarks/BenchmarkGame'
make[4]: Entering directory `/home/ed/mcsema-testing/SANDBOX/test-2015-12-21_15-36-50/SingleSource/Benchmarks/Adobe-C++'
/home/ed/mcsema-testing/llvm-test-suite/RunSafely.sh --show-errors -t "/home/ed/mcsema-testing/SANDBOX/test-2015-12-21_15-36-50/tools/timeit" 500 /dev/null Output/functionobjects.llvm.o.compile \
	  /usr/bin/clang++ -I/home/ed/mcsema-testing/SANDBOX/test-2015-12-21_15-36-50/SingleSource/Benchmarks/Adobe-C++ -I/home/ed/mcsema-testing/llvm-test-suite/SingleSource/Benchmarks/Adobe-C++ -I/home/ed/mcsema-testing/llvm-test-suite/include -I../../../include -D_GNU_SOURCE -D__STDC_LIMIT_MACROS -DNDEBUG  -O3  -m64 -fomit-frame-pointer -c /home/ed/mcsema-testing/llvm-test-suite/SingleSource/Benchmarks/Adobe-C++/functionobjects.cpp -o Output/functionobjects.llvm.o
cp Output/functionobjects.llvm.o.compile.time Output/functionobjects.simple.compile.time
/usr/bin/clang++ -o Output/functionobjects.simple Output/functionobjects.llvm.o -lm -lstdc++   -m64 -fomit-frame-pointer
/home/ed/mcsema-testing/llvm-test-suite/RunSafely.sh -t "/home/ed/mcsema-testing/SANDBOX/test-2015-12-21_15-36-50/tools/timeit-target" 500 /dev/null Output/functionobjects.out-simple Output/functionobjects.simple 
cp Output/functionobjects.simple Output/functionobjects.simple-hash; \
	strip --remove-section=.comment --remove-section='.note*' Output/functionobjects.simple-hash; \
	/home/ed/mcsema-testing/llvm-test-suite/HashProgramOutput.sh Output/functionobjects.simple-hash
if [ -f "/home/ed/mcsema-testing/llvm-test-suite/SingleSource/Benchmarks/Adobe-C++/functionobjects.reference_output.little-endian." ]; then \
	  cp /home/ed/mcsema-testing/llvm-test-suite/SingleSource/Benchmarks/Adobe-C++/functionobjects.reference_output.little-endian. Output/functionobjects.out-nat; \
	elif [ -f "/home/ed/mcsema-testing/llvm-test-suite/SingleSource/Benchmarks/Adobe-C++/functionobjects.reference_output." ]; then \
	  cp /home/ed/mcsema-testing/llvm-test-suite/SingleSource/Benchmarks/Adobe-C++/functionobjects.reference_output. Output/functionobjects.out-nat; \
	elif [ -f "/home/ed/mcsema-testing/llvm-test-suite/SingleSource/Benchmarks/Adobe-C++/functionobjects.reference_output.little-endian" ]; then \
	  cp /home/ed/mcsema-testing/llvm-test-suite/SingleSource/Benchmarks/Adobe-C++/functionobjects.reference_output.little-endian Output/functionobjects.out-nat; \
	elif [ -f "/home/ed/mcsema-testing/llvm-test-suite/SingleSource/Benchmarks/Adobe-C++/functionobjects.reference_output" ]; then \
	  cp /home/ed/mcsema-testing/llvm-test-suite/SingleSource/Benchmarks/Adobe-C++/functionobjects.reference_output Output/functionobjects.out-nat; \
	else \
	  printf "WARNING: %s: %s\n" "NO REFERENCE OUTPUT (using default)" "/home/ed/mcsema-testing/llvm-test-suite/SingleSource/Benchmarks/Adobe-C++/functionobjects.reference_output" > Output/functionobjects.out-nat; \
	  cp /home/ed/mcsema-testing/llvm-test-suite/default.reference_output Output/functionobjects.out-nat; \
	  cat Output/functionobjects.out-nat; \
	fi
# Pretend that the reference output was produced instantaneously.
cp /home/ed/mcsema-testing/llvm-test-suite/instant.txt Output/functionobjects.out-nat.time
/home/ed/mcsema-testing/llvm-test-suite/DiffOutput.sh "/home/ed/mcsema-testing/SANDBOX/test-2015-12-21_15-36-50/tools/fpcmp  -a 0.01" simple functionobjects 
rm -f Output/functionobjects.exe-simple
cp Output/functionobjects.diff-simple Output/functionobjects.exe-simple
if test -f Output/functionobjects.extra-results.txt; then \
	  /home/ed/mcsema-testing/llvm-test-suite/ParseMultipleResults /home/ed/mcsema-testing/SANDBOX/test-2015-12-21_15-36-50/SingleSource/Benchmarks/Adobe-C++/functionobjects Output/functionobjects.extra-results.txt >> Output/functionobjects.simple.exec.report.txt; \
	fi
cat Output/functionobjects.simple.compile.report.txt Output/functionobjects.simple.exec.report.txt >> Output/functionobjects.simple.report.txt
---------------------------------------------------------------
>>> ========= '/home/ed/mcsema-testing/SANDBOX/test-2015-12-21_15-36-50/SingleSource/Benchmarks/Adobe-C++/functionobjects' Program
---------------------------------------------------------------

TEST-PASS: compile /home/ed/mcsema-testing/SANDBOX/test-2015-12-21_15-36-50/SingleSource/Benchmarks/Adobe-C++/functionobjects
TEST-RESULT-compile-success: pass
TEST-RESULT-compile-hash: 9ed3e4f39ca66312d7227674604e2849
TEST-RESULT-compile-time: user       0.3135
TEST-RESULT-compile-real-time: real       0.3404

TEST-PASS: exec /home/ed/mcsema-testing/SANDBOX/test-2015-12-21_15-36-50/SingleSource/Benchmarks/Adobe-C++/functionobjects
TEST-RESULT-exec-success: pass
TEST-RESULT-exec-time: user       2.8922
TEST-RESULT-exec-real-time: real       2.8992
/home/ed/mcsema-testing/llvm-test-suite/RunSafely.sh --show-errors -t "/home/ed/mcsema-testing/SANDBOX/test-2015-12-21_15-36-50/tools/timeit" 500 /dev/null Output/loop_unroll.llvm.o.compile \
	  /usr/bin/clang++ -I/home/ed/mcsema-testing/SANDBOX/test-2015-12-21_15-36-50/SingleSource/Benchmarks/Adobe-C++ -I/home/ed/mcsema-testing/llvm-test-suite/SingleSource/Benchmarks/Adobe-C++ -I/home/ed/mcsema-testing/llvm-test-suite/include -I../../../include -D_GNU_SOURCE -D__STDC_LIMIT_MACROS -DNDEBUG  -O3  -m64 -fomit-frame-pointer -c /home/ed/mcsema-testing/llvm-test-suite/SingleSource/Benchmarks/Adobe-C++/loop_unroll.cpp -o Output/loop_unroll.llvm.o
cp Output/loop_unroll.llvm.o.compile.time Output/loop_unroll.simple.compile.time
/usr/bin/clang++ -o Output/loop_unroll.simple Output/loop_unroll.llvm.o -lm -lstdc++   -m64 -fomit-frame-pointer
/home/ed/mcsema-testing/llvm-test-suite/RunSafely.sh -t "/home/ed/mcsema-testing/SANDBOX/test-2015-12-21_15-36-50/tools/timeit-target" 500 /dev/null Output/loop_unroll.out-simple Output/loop_unroll.simple 
cp Output/loop_unroll.simple Output/loop_unroll.simple-hash; \
	strip --remove-section=.comment --remove-section='.note*' Output/loop_unroll.simple-hash; \
	/home/ed/mcsema-testing/llvm-test-suite/HashProgramOutput.sh Output/loop_unroll.simple-hash
if [ -f "/home/ed/mcsema-testing/llvm-test-suite/SingleSource/Benchmarks/Adobe-C++/loop_unroll.reference_output.little-endian." ]; then \
	  cp /home/ed/mcsema-testing/llvm-test-suite/SingleSource/Benchmarks/Adobe-C++/loop_unroll.reference_output.little-endian. Output/loop_unroll.out-nat; \
	elif [ -f "/home/ed/mcsema-testing/llvm-test-suite/SingleSource/Benchmarks/Adobe-C++/loop_unroll.reference_output." ]; then \
	  cp /home/ed/mcsema-testing/llvm-test-suite/SingleSource/Benchmarks/Adobe-C++/loop_unroll.reference_output. Output/loop_unroll.out-nat; \
	elif [ -f "/home/ed/mcsema-testing/llvm-test-suite/SingleSource/Benchmarks/Adobe-C++/loop_unroll.reference_output.little-endian" ]; then \
	  cp /home/ed/mcsema-testing/llvm-test-suite/SingleSource/Benchmarks/Adobe-C++/loop_unroll.reference_output.little-endian Output/loop_unroll.out-nat; \
	elif [ -f "/home/ed/mcsema-testing/llvm-test-suite/SingleSource/Benchmarks/Adobe-C++/loop_unroll.reference_output" ]; then \
	  cp /home/ed/mcsema-testing/llvm-test-suite/SingleSource/Benchmarks/Adobe-C++/loop_unroll.reference_output Output/loop_unroll.out-nat; \
	else \
	  printf "WARNING: %s: %s\n" "NO REFERENCE OUTPUT (using default)" "/home/ed/mcsema-testing/llvm-test-suite/SingleSource/Benchmarks/Adobe-C++/loop_unroll.reference_output" > Output/loop_unroll.out-nat; \
	  cp /home/ed/mcsema-testing/llvm-test-suite/default.reference_output Output/loop_unroll.out-nat; \
	  cat Output/loop_unroll.out-nat; \
	fi
# Pretend that the reference output was produced instantaneously.
cp /home/ed/mcsema-testing/llvm-test-suite/instant.txt Output/loop_unroll.out-nat.time
/home/ed/mcsema-testing/llvm-test-suite/DiffOutput.sh "/home/ed/mcsema-testing/SANDBOX/test-2015-12-21_15-36-50/tools/fpcmp  -a 0.01" simple loop_unroll 
rm -f Output/loop_unroll.exe-simple
cp Output/loop_unroll.diff-simple Output/loop_unroll.exe-simple
if test -f Output/loop_unroll.extra-results.txt; then \
	  /home/ed/mcsema-testing/llvm-test-suite/ParseMultipleResults /home/ed/mcsema-testing/SANDBOX/test-2015-12-21_15-36-50/SingleSource/Benchmarks/Adobe-C++/loop_unroll Output/loop_unroll.extra-results.txt >> Output/loop_unroll.simple.exec.report.txt; \
	fi
cat Output/loop_unroll.simple.compile.report.txt Output/loop_unroll.simple.exec.report.txt >> Output/loop_unroll.simple.report.txt
---------------------------------------------------------------
>>> ========= '/home/ed/mcsema-testing/SANDBOX/test-2015-12-21_15-36-50/SingleSource/Benchmarks/Adobe-C++/loop_unroll' Program
---------------------------------------------------------------

TEST-PASS: compile /home/ed/mcsema-testing/SANDBOX/test-2015-12-21_15-36-50/SingleSource/Benchmarks/Adobe-C++/loop_unroll
TEST-RESULT-compile-success: pass
TEST-RESULT-compile-hash: 22459f03ab10d2b8e740c7fc5fb789ba
TEST-RESULT-compile-time: user       2.2332
TEST-RESULT-compile-real-time: real       2.2956

TEST-PASS: exec /home/ed/mcsema-testing/SANDBOX/test-2015-12-21_15-36-50/SingleSource/Benchmarks/Adobe-C++/loop_unroll
TEST-RESULT-exec-success: pass
TEST-RESULT-exec-time: user       1.3738
TEST-RESULT-exec-real-time: real       1.3781
/home/ed/mcsema-testing/llvm-test-suite/RunSafely.sh --show-errors -t "/home/ed/mcsema-testing/SANDBOX/test-2015-12-21_15-36-50/tools/timeit" 500 /dev/null Output/simple_types_constant_folding.llvm.o.compile \
	  /usr/bin/clang++ -I/home/ed/mcsema-testing/SANDBOX/test-2015-12-21_15-36-50/SingleSource/Benchmarks/Adobe-C++ -I/home/ed/mcsema-testing/llvm-test-suite/SingleSource/Benchmarks/Adobe-C++ -I/home/ed/mcsema-testing/llvm-test-suite/include -I../../../include -D_GNU_SOURCE -D__STDC_LIMIT_MACROS -DNDEBUG  -O3  -m64 -fomit-frame-pointer -c /home/ed/mcsema-testing/llvm-test-suite/SingleSource/Benchmarks/Adobe-C++/simple_types_constant_folding.cpp -o Output/simple_types_constant_folding.llvm.o
cp Output/simple_types_constant_folding.llvm.o.compile.time Output/simple_types_constant_folding.simple.compile.time
/usr/bin/clang++ -o Output/simple_types_constant_folding.simple Output/simple_types_constant_folding.llvm.o -lm -lstdc++   -m64 -fomit-frame-pointer
/home/ed/mcsema-testing/llvm-test-suite/RunSafely.sh -t "/home/ed/mcsema-testing/SANDBOX/test-2015-12-21_15-36-50/tools/timeit-target" 500 /dev/null Output/simple_types_constant_folding.out-simple Output/simple_types_constant_folding.simple 
cp Output/simple_types_constant_folding.simple Output/simple_types_constant_folding.simple-hash; \
	strip --remove-section=.comment --remove-section='.note*' Output/simple_types_constant_folding.simple-hash; \
	/home/ed/mcsema-testing/llvm-test-suite/HashProgramOutput.sh Output/simple_types_constant_folding.simple-hash
if [ -f "/home/ed/mcsema-testing/llvm-test-suite/SingleSource/Benchmarks/Adobe-C++/simple_types_constant_folding.reference_output.little-endian." ]; then \
	  cp /home/ed/mcsema-testing/llvm-test-suite/SingleSource/Benchmarks/Adobe-C++/simple_types_constant_folding.reference_output.little-endian. Output/simple_types_constant_folding.out-nat; \
	elif [ -f "/home/ed/mcsema-testing/llvm-test-suite/SingleSource/Benchmarks/Adobe-C++/simple_types_constant_folding.reference_output." ]; then \
	  cp /home/ed/mcsema-testing/llvm-test-suite/SingleSource/Benchmarks/Adobe-C++/simple_types_constant_folding.reference_output. Output/simple_types_constant_folding.out-nat; \
	elif [ -f "/home/ed/mcsema-testing/llvm-test-suite/SingleSource/Benchmarks/Adobe-C++/simple_types_constant_folding.reference_output.little-endian" ]; then \
	  cp /home/ed/mcsema-testing/llvm-test-suite/SingleSource/Benchmarks/Adobe-C++/simple_types_constant_folding.reference_output.little-endian Output/simple_types_constant_folding.out-nat; \
	elif [ -f "/home/ed/mcsema-testing/llvm-test-suite/SingleSource/Benchmarks/Adobe-C++/simple_types_constant_folding.reference_output" ]; then \
	  cp /home/ed/mcsema-testing/llvm-test-suite/SingleSource/Benchmarks/Adobe-C++/simple_types_constant_folding.reference_output Output/simple_types_constant_folding.out-nat; \
	else \
	  printf "WARNING: %s: %s\n" "NO REFERENCE OUTPUT (using default)" "/home/ed/mcsema-testing/llvm-test-suite/SingleSource/Benchmarks/Adobe-C++/simple_types_constant_folding.reference_output" > Output/simple_types_constant_folding.out-nat; \
	  cp /home/ed/mcsema-testing/llvm-test-suite/default.reference_output Output/simple_types_constant_folding.out-nat; \
	  cat Output/simple_types_constant_folding.out-nat; \
	fi
# Pretend that the reference output was produced instantaneously.
cp /home/ed/mcsema-testing/llvm-test-suite/instant.txt Output/simple_types_constant_folding.out-nat.time
/home/ed/mcsema-testing/llvm-test-suite/DiffOutput.sh "/home/ed/mcsema-testing/SANDBOX/test-2015-12-21_15-36-50/tools/fpcmp  -a 0.01" simple simple_types_constant_folding 
rm -f Output/simple_types_constant_folding.exe-simple
cp Output/simple_types_constant_folding.diff-simple Output/simple_types_constant_folding.exe-simple
if test -f Output/simple_types_constant_folding.extra-results.txt; then \
	  /home/ed/mcsema-testing/llvm-test-suite/ParseMultipleResults /home/ed/mcsema-testing/SANDBOX/test-2015-12-21_15-36-50/SingleSource/Benchmarks/Adobe-C++/simple_types_constant_folding Output/simple_types_constant_folding.extra-results.txt >> Output/simple_types_constant_folding.simple.exec.report.txt; \
	fi
cat Output/simple_types_constant_folding.simple.compile.report.txt Output/simple_types_constant_folding.simple.exec.report.txt >> Output/simple_types_constant_folding.simple.report.txt
---------------------------------------------------------------
>>> ========= '/home/ed/mcsema-testing/SANDBOX/test-2015-12-21_15-36-50/SingleSource/Benchmarks/Adobe-C++/simple_types_constant_folding' Program
---------------------------------------------------------------

TEST-PASS: compile /home/ed/mcsema-testing/SANDBOX/test-2015-12-21_15-36-50/SingleSource/Benchmarks/Adobe-C++/simple_types_constant_folding
TEST-RESULT-compile-success: pass
TEST-RESULT-compile-hash: 2f5d731e773e5ec38a8890c4a5d2ecfa
TEST-RESULT-compile-time: user       1.6159
TEST-RESULT-compile-real-time: real       1.6568

TEST-PASS: exec /home/ed/mcsema-testing/SANDBOX/test-2015-12-21_15-36-50/SingleSource/Benchmarks/Adobe-C++/simple_types_constant_folding
TEST-RESULT-exec-success: pass
TEST-RESULT-exec-time: user       0.6671
TEST-RESULT-exec-real-time: real       0.6697
/home/ed/mcsema-testing/llvm-test-suite/RunSafely.sh --show-errors -t "/home/ed/mcsema-testing/SANDBOX/test-2015-12-21_15-36-50/tools/timeit" 500 /dev/null Output/simple_types_loop_invariant.llvm.o.compile \
	  /usr/bin/clang++ -I/home/ed/mcsema-testing/SANDBOX/test-2015-12-21_15-36-50/SingleSource/Benchmarks/Adobe-C++ -I/home/ed/mcsema-testing/llvm-test-suite/SingleSource/Benchmarks/Adobe-C++ -I/home/ed/mcsema-testing/llvm-test-suite/include -I../../../include -D_GNU_SOURCE -D__STDC_LIMIT_MACROS -DNDEBUG  -O3  -m64 -fomit-frame-pointer -c /home/ed/mcsema-testing/llvm-test-suite/SingleSource/Benchmarks/Adobe-C++/simple_types_loop_invariant.cpp -o Output/simple_types_loop_invariant.llvm.o
cp Output/simple_types_loop_invariant.llvm.o.compile.time Output/simple_types_loop_invariant.simple.compile.time
/usr/bin/clang++ -o Output/simple_types_loop_invariant.simple Output/simple_types_loop_invariant.llvm.o -lm -lstdc++   -m64 -fomit-frame-pointer
/home/ed/mcsema-testing/llvm-test-suite/RunSafely.sh -t "/home/ed/mcsema-testing/SANDBOX/test-2015-12-21_15-36-50/tools/timeit-target" 500 /dev/null Output/simple_types_loop_invariant.out-simple Output/simple_types_loop_invariant.simple 
cp Output/simple_types_loop_invariant.simple Output/simple_types_loop_invariant.simple-hash; \
	strip --remove-section=.comment --remove-section='.note*' Output/simple_types_loop_invariant.simple-hash; \
	/home/ed/mcsema-testing/llvm-test-suite/HashProgramOutput.sh Output/simple_types_loop_invariant.simple-hash
if [ -f "/home/ed/mcsema-testing/llvm-test-suite/SingleSource/Benchmarks/Adobe-C++/simple_types_loop_invariant.reference_output.little-endian." ]; then \
	  cp /home/ed/mcsema-testing/llvm-test-suite/SingleSource/Benchmarks/Adobe-C++/simple_types_loop_invariant.reference_output.little-endian. Output/simple_types_loop_invariant.out-nat; \
	elif [ -f "/home/ed/mcsema-testing/llvm-test-suite/SingleSource/Benchmarks/Adobe-C++/simple_types_loop_invariant.reference_output." ]; then \
	  cp /home/ed/mcsema-testing/llvm-test-suite/SingleSource/Benchmarks/Adobe-C++/simple_types_loop_invariant.reference_output. Output/simple_types_loop_invariant.out-nat; \
	elif [ -f "/home/ed/mcsema-testing/llvm-test-suite/SingleSource/Benchmarks/Adobe-C++/simple_types_loop_invariant.reference_output.little-endian" ]; then \
	  cp /home/ed/mcsema-testing/llvm-test-suite/SingleSource/Benchmarks/Adobe-C++/simple_types_loop_invariant.reference_output.little-endian Output/simple_types_loop_invariant.out-nat; \
	elif [ -f "/home/ed/mcsema-testing/llvm-test-suite/SingleSource/Benchmarks/Adobe-C++/simple_types_loop_invariant.reference_output" ]; then \
	  cp /home/ed/mcsema-testing/llvm-test-suite/SingleSource/Benchmarks/Adobe-C++/simple_types_loop_invariant.reference_output Output/simple_types_loop_invariant.out-nat; \
	else \
	  printf "WARNING: %s: %s\n" "NO REFERENCE OUTPUT (using default)" "/home/ed/mcsema-testing/llvm-test-suite/SingleSource/Benchmarks/Adobe-C++/simple_types_loop_invariant.reference_output" > Output/simple_types_loop_invariant.out-nat; \
	  cp /home/ed/mcsema-testing/llvm-test-suite/default.reference_output Output/simple_types_loop_invariant.out-nat; \
	  cat Output/simple_types_loop_invariant.out-nat; \
	fi
# Pretend that the reference output was produced instantaneously.
cp /home/ed/mcsema-testing/llvm-test-suite/instant.txt Output/simple_types_loop_invariant.out-nat.time
/home/ed/mcsema-testing/llvm-test-suite/DiffOutput.sh "/home/ed/mcsema-testing/SANDBOX/test-2015-12-21_15-36-50/tools/fpcmp  -a 0.01" simple simple_types_loop_invariant 
rm -f Output/simple_types_loop_invariant.exe-simple
cp Output/simple_types_loop_invariant.diff-simple Output/simple_types_loop_invariant.exe-simple
if test -f Output/simple_types_loop_invariant.extra-results.txt; then \
	  /home/ed/mcsema-testing/llvm-test-suite/ParseMultipleResults /home/ed/mcsema-testing/SANDBOX/test-2015-12-21_15-36-50/SingleSource/Benchmarks/Adobe-C++/simple_types_loop_invariant Output/simple_types_loop_invariant.extra-results.txt >> Output/simple_types_loop_invariant.simple.exec.report.txt; \
	fi
cat Output/simple_types_loop_invariant.simple.compile.report.txt Output/simple_types_loop_invariant.simple.exec.report.txt >> Output/simple_types_loop_invariant.simple.report.txt
---------------------------------------------------------------
>>> ========= '/home/ed/mcsema-testing/SANDBOX/test-2015-12-21_15-36-50/SingleSource/Benchmarks/Adobe-C++/simple_types_loop_invariant' Program
---------------------------------------------------------------

TEST-PASS: compile /home/ed/mcsema-testing/SANDBOX/test-2015-12-21_15-36-50/SingleSource/Benchmarks/Adobe-C++/simple_types_loop_invariant
TEST-RESULT-compile-success: pass
TEST-RESULT-compile-hash: 04987c9cbd72926b4e824033d4b0d625
TEST-RESULT-compile-time: user       1.2249
TEST-RESULT-compile-real-time: real       1.2600

TEST-PASS: exec /home/ed/mcsema-testing/SANDBOX/test-2015-12-21_15-36-50/SingleSource/Benchmarks/Adobe-C++/simple_types_loop_invariant
TEST-RESULT-exec-success: pass
TEST-RESULT-exec-time: user       1.8666
TEST-RESULT-exec-real-time: real       1.8707
/home/ed/mcsema-testing/llvm-test-suite/RunSafely.sh --show-errors -t "/home/ed/mcsema-testing/SANDBOX/test-2015-12-21_15-36-50/tools/timeit" 500 /dev/null Output/stepanov_abstraction.llvm.o.compile \
	  /usr/bin/clang++ -I/home/ed/mcsema-testing/SANDBOX/test-2015-12-21_15-36-50/SingleSource/Benchmarks/Adobe-C++ -I/home/ed/mcsema-testing/llvm-test-suite/SingleSource/Benchmarks/Adobe-C++ -I/home/ed/mcsema-testing/llvm-test-suite/include -I../../../include -D_GNU_SOURCE -D__STDC_LIMIT_MACROS -DNDEBUG  -O3  -m64 -fomit-frame-pointer -c /home/ed/mcsema-testing/llvm-test-suite/SingleSource/Benchmarks/Adobe-C++/stepanov_abstraction.cpp -o Output/stepanov_abstraction.llvm.o
cp Output/stepanov_abstraction.llvm.o.compile.time Output/stepanov_abstraction.simple.compile.time
/usr/bin/clang++ -o Output/stepanov_abstraction.simple Output/stepanov_abstraction.llvm.o -lm -lstdc++   -m64 -fomit-frame-pointer
/home/ed/mcsema-testing/llvm-test-suite/RunSafely.sh -t "/home/ed/mcsema-testing/SANDBOX/test-2015-12-21_15-36-50/tools/timeit-target" 500 /dev/null Output/stepanov_abstraction.out-simple Output/stepanov_abstraction.simple 
cp Output/stepanov_abstraction.simple Output/stepanov_abstraction.simple-hash; \
	strip --remove-section=.comment --remove-section='.note*' Output/stepanov_abstraction.simple-hash; \
	/home/ed/mcsema-testing/llvm-test-suite/HashProgramOutput.sh Output/stepanov_abstraction.simple-hash
if [ -f "/home/ed/mcsema-testing/llvm-test-suite/SingleSource/Benchmarks/Adobe-C++/stepanov_abstraction.reference_output.little-endian." ]; then \
	  cp /home/ed/mcsema-testing/llvm-test-suite/SingleSource/Benchmarks/Adobe-C++/stepanov_abstraction.reference_output.little-endian. Output/stepanov_abstraction.out-nat; \
	elif [ -f "/home/ed/mcsema-testing/llvm-test-suite/SingleSource/Benchmarks/Adobe-C++/stepanov_abstraction.reference_output." ]; then \
	  cp /home/ed/mcsema-testing/llvm-test-suite/SingleSource/Benchmarks/Adobe-C++/stepanov_abstraction.reference_output. Output/stepanov_abstraction.out-nat; \
	elif [ -f "/home/ed/mcsema-testing/llvm-test-suite/SingleSource/Benchmarks/Adobe-C++/stepanov_abstraction.reference_output.little-endian" ]; then \
	  cp /home/ed/mcsema-testing/llvm-test-suite/SingleSource/Benchmarks/Adobe-C++/stepanov_abstraction.reference_output.little-endian Output/stepanov_abstraction.out-nat; \
	elif [ -f "/home/ed/mcsema-testing/llvm-test-suite/SingleSource/Benchmarks/Adobe-C++/stepanov_abstraction.reference_output" ]; then \
	  cp /home/ed/mcsema-testing/llvm-test-suite/SingleSource/Benchmarks/Adobe-C++/stepanov_abstraction.reference_output Output/stepanov_abstraction.out-nat; \
	else \
	  printf "WARNING: %s: %s\n" "NO REFERENCE OUTPUT (using default)" "/home/ed/mcsema-testing/llvm-test-suite/SingleSource/Benchmarks/Adobe-C++/stepanov_abstraction.reference_output" > Output/stepanov_abstraction.out-nat; \
	  cp /home/ed/mcsema-testing/llvm-test-suite/default.reference_output Output/stepanov_abstraction.out-nat; \
	  cat Output/stepanov_abstraction.out-nat; \
	fi
# Pretend that the reference output was produced instantaneously.
cp /home/ed/mcsema-testing/llvm-test-suite/instant.txt Output/stepanov_abstraction.out-nat.time
/home/ed/mcsema-testing/llvm-test-suite/DiffOutput.sh "/home/ed/mcsema-testing/SANDBOX/test-2015-12-21_15-36-50/tools/fpcmp  -a 0.01" simple stepanov_abstraction 
rm -f Output/stepanov_abstraction.exe-simple
cp Output/stepanov_abstraction.diff-simple Output/stepanov_abstraction.exe-simple
if test -f Output/stepanov_abstraction.extra-results.txt; then \
	  /home/ed/mcsema-testing/llvm-test-suite/ParseMultipleResults /home/ed/mcsema-testing/SANDBOX/test-2015-12-21_15-36-50/SingleSource/Benchmarks/Adobe-C++/stepanov_abstraction Output/stepanov_abstraction.extra-results.txt >> Output/stepanov_abstraction.simple.exec.report.txt; \
	fi
cat Output/stepanov_abstraction.simple.compile.report.txt Output/stepanov_abstraction.simple.exec.report.txt >> Output/stepanov_abstraction.simple.report.txt
---------------------------------------------------------------
>>> ========= '/home/ed/mcsema-testing/SANDBOX/test-2015-12-21_15-36-50/SingleSource/Benchmarks/Adobe-C++/stepanov_abstraction' Program
---------------------------------------------------------------

TEST-PASS: compile /home/ed/mcsema-testing/SANDBOX/test-2015-12-21_15-36-50/SingleSource/Benchmarks/Adobe-C++/stepanov_abstraction
TEST-RESULT-compile-success: pass
TEST-RESULT-compile-hash: aa2e0a0ef1eff97683f701d9239c8e7b
TEST-RESULT-compile-time: user       0.3522
TEST-RESULT-compile-real-time: real       0.3773

TEST-PASS: exec /home/ed/mcsema-testing/SANDBOX/test-2015-12-21_15-36-50/SingleSource/Benchmarks/Adobe-C++/stepanov_abstraction
TEST-RESULT-exec-success: pass
TEST-RESULT-exec-time: user       3.6202
TEST-RESULT-exec-real-time: real       3.6274
/home/ed/mcsema-testing/llvm-test-suite/RunSafely.sh --show-errors -t "/home/ed/mcsema-testing/SANDBOX/test-2015-12-21_15-36-50/tools/timeit" 500 /dev/null Output/stepanov_vector.llvm.o.compile \
	  /usr/bin/clang++ -I/home/ed/mcsema-testing/SANDBOX/test-2015-12-21_15-36-50/SingleSource/Benchmarks/Adobe-C++ -I/home/ed/mcsema-testing/llvm-test-suite/SingleSource/Benchmarks/Adobe-C++ -I/home/ed/mcsema-testing/llvm-test-suite/include -I../../../include -D_GNU_SOURCE -D__STDC_LIMIT_MACROS -DNDEBUG  -O3  -m64 -fomit-frame-pointer -c /home/ed/mcsema-testing/llvm-test-suite/SingleSource/Benchmarks/Adobe-C++/stepanov_vector.cpp -o Output/stepanov_vector.llvm.o
cp Output/stepanov_vector.llvm.o.compile.time Output/stepanov_vector.simple.compile.time
/usr/bin/clang++ -o Output/stepanov_vector.simple Output/stepanov_vector.llvm.o -lm -lstdc++   -m64 -fomit-frame-pointer
/home/ed/mcsema-testing/llvm-test-suite/RunSafely.sh -t "/home/ed/mcsema-testing/SANDBOX/test-2015-12-21_15-36-50/tools/timeit-target" 500 /dev/null Output/stepanov_vector.out-simple Output/stepanov_vector.simple 
cp Output/stepanov_vector.simple Output/stepanov_vector.simple-hash; \
	strip --remove-section=.comment --remove-section='.note*' Output/stepanov_vector.simple-hash; \
	/home/ed/mcsema-testing/llvm-test-suite/HashProgramOutput.sh Output/stepanov_vector.simple-hash
if [ -f "/home/ed/mcsema-testing/llvm-test-suite/SingleSource/Benchmarks/Adobe-C++/stepanov_vector.reference_output.little-endian." ]; then \
	  cp /home/ed/mcsema-testing/llvm-test-suite/SingleSource/Benchmarks/Adobe-C++/stepanov_vector.reference_output.little-endian. Output/stepanov_vector.out-nat; \
	elif [ -f "/home/ed/mcsema-testing/llvm-test-suite/SingleSource/Benchmarks/Adobe-C++/stepanov_vector.reference_output." ]; then \
	  cp /home/ed/mcsema-testing/llvm-test-suite/SingleSource/Benchmarks/Adobe-C++/stepanov_vector.reference_output. Output/stepanov_vector.out-nat; \
	elif [ -f "/home/ed/mcsema-testing/llvm-test-suite/SingleSource/Benchmarks/Adobe-C++/stepanov_vector.reference_output.little-endian" ]; then \
	  cp /home/ed/mcsema-testing/llvm-test-suite/SingleSource/Benchmarks/Adobe-C++/stepanov_vector.reference_output.little-endian Output/stepanov_vector.out-nat; \
	elif [ -f "/home/ed/mcsema-testing/llvm-test-suite/SingleSource/Benchmarks/Adobe-C++/stepanov_vector.reference_output" ]; then \
	  cp /home/ed/mcsema-testing/llvm-test-suite/SingleSource/Benchmarks/Adobe-C++/stepanov_vector.reference_output Output/stepanov_vector.out-nat; \
	else \
	  printf "WARNING: %s: %s\n" "NO REFERENCE OUTPUT (using default)" "/home/ed/mcsema-testing/llvm-test-suite/SingleSource/Benchmarks/Adobe-C++/stepanov_vector.reference_output" > Output/stepanov_vector.out-nat; \
	  cp /home/ed/mcsema-testing/llvm-test-suite/default.reference_output Output/stepanov_vector.out-nat; \
	  cat Output/stepanov_vector.out-nat; \
	fi
# Pretend that the reference output was produced instantaneously.
cp /home/ed/mcsema-testing/llvm-test-suite/instant.txt Output/stepanov_vector.out-nat.time
/home/ed/mcsema-testing/llvm-test-suite/DiffOutput.sh "/home/ed/mcsema-testing/SANDBOX/test-2015-12-21_15-36-50/tools/fpcmp  -a 0.01" simple stepanov_vector 
rm -f Output/stepanov_vector.exe-simple
cp Output/stepanov_vector.diff-simple Output/stepanov_vector.exe-simple
if test -f Output/stepanov_vector.extra-results.txt; then \
	  /home/ed/mcsema-testing/llvm-test-suite/ParseMultipleResults /home/ed/mcsema-testing/SANDBOX/test-2015-12-21_15-36-50/SingleSource/Benchmarks/Adobe-C++/stepanov_vector Output/stepanov_vector.extra-results.txt >> Output/stepanov_vector.simple.exec.report.txt; \
	fi
cat Output/stepanov_vector.simple.compile.report.txt Output/stepanov_vector.simple.exec.report.txt >> Output/stepanov_vector.simple.report.txt
---------------------------------------------------------------
>>> ========= '/home/ed/mcsema-testing/SANDBOX/test-2015-12-21_15-36-50/SingleSource/Benchmarks/Adobe-C++/stepanov_vector' Program
---------------------------------------------------------------

TEST-PASS: compile /home/ed/mcsema-testing/SANDBOX/test-2015-12-21_15-36-50/SingleSource/Benchmarks/Adobe-C++/stepanov_vector
TEST-RESULT-compile-success: pass
TEST-RESULT-compile-hash: 85aad945f77b7a0241d2df275bef9768
TEST-RESULT-compile-time: user       0.4930
TEST-RESULT-compile-real-time: real       0.5216

TEST-PASS: exec /home/ed/mcsema-testing/SANDBOX/test-2015-12-21_15-36-50/SingleSource/Benchmarks/Adobe-C++/stepanov_vector
TEST-RESULT-exec-success: pass
TEST-RESULT-exec-time: user       2.1299
TEST-RESULT-exec-real-time: real       2.1345
make[4]: Leaving directory `/home/ed/mcsema-testing/SANDBOX/test-2015-12-21_15-36-50/SingleSource/Benchmarks/Adobe-C++'
make[4]: Entering directory `/home/ed/mcsema-testing/SANDBOX/test-2015-12-21_15-36-50/SingleSource/Benchmarks/Polybench'
make[5]: Entering directory `/home/ed/mcsema-testing/SANDBOX/test-2015-12-21_15-36-50/SingleSource/Benchmarks/Polybench/datamining'
make[6]: Entering directory `/home/ed/mcsema-testing/SANDBOX/test-2015-12-21_15-36-50/SingleSource/Benchmarks/Polybench/datamining/correlation'
/home/ed/mcsema-testing/llvm-test-suite/RunSafely.sh --show-errors -t "/home/ed/mcsema-testing/SANDBOX/test-2015-12-21_15-36-50/tools/timeit" 500 /dev/null Output/correlation.llvm.o.compile \
	  /usr/bin/clang -I/home/ed/mcsema-testing/SANDBOX/test-2015-12-21_15-36-50/SingleSource/Benchmarks/Polybench/datamining/correlation -I/home/ed/mcsema-testing/llvm-test-suite/SingleSource/Benchmarks/Polybench/datamining/correlation -I/home/ed/mcsema-testing/llvm-test-suite/include -I../../../../../include -D_GNU_SOURCE -D__STDC_LIMIT_MACROS -DNDEBUG -I /home/ed/mcsema-testing/llvm-test-suite/SingleSource/Benchmarks/Polybench/utilities  -DPOLYBENCH_DUMP_ARRAYS -O3  -m64 -fomit-frame-pointer -c /home/ed/mcsema-testing/llvm-test-suite/SingleSource/Benchmarks/Polybench/datamining/correlation/correlation.c -o Output/correlation.llvm.o
cp Output/correlation.llvm.o.compile.time Output/correlation.simple.compile.time
/usr/bin/clang++ -o Output/correlation.simple Output/correlation.llvm.o  -I /home/ed/mcsema-testing/llvm-test-suite/SingleSource/Benchmarks/Polybench/utilities  -DPOLYBENCH_DUMP_ARRAYS  -m64 -fomit-frame-pointer
/home/ed/mcsema-testing/llvm-test-suite/RunSafely.sh -t "/home/ed/mcsema-testing/SANDBOX/test-2015-12-21_15-36-50/tools/timeit-target" 500 /dev/null Output/correlation.out-simple Output/correlation.simple 
/home/ed/mcsema-testing/llvm-test-suite/HashProgramOutput.sh Output/correlation.out-simple
cp Output/correlation.simple Output/correlation.simple-hash; \
	strip --remove-section=.comment --remove-section='.note*' Output/correlation.simple-hash; \
	/home/ed/mcsema-testing/llvm-test-suite/HashProgramOutput.sh Output/correlation.simple-hash
if [ -f "/home/ed/mcsema-testing/llvm-test-suite/SingleSource/Benchmarks/Polybench/datamining/correlation/correlation.reference_output.little-endian." ]; then \
	  cp /home/ed/mcsema-testing/llvm-test-suite/SingleSource/Benchmarks/Polybench/datamining/correlation/correlation.reference_output.little-endian. Output/correlation.out-nat; \
	elif [ -f "/home/ed/mcsema-testing/llvm-test-suite/SingleSource/Benchmarks/Polybench/datamining/correlation/correlation.reference_output." ]; then \
	  cp /home/ed/mcsema-testing/llvm-test-suite/SingleSource/Benchmarks/Polybench/datamining/correlation/correlation.reference_output. Output/correlation.out-nat; \
	elif [ -f "/home/ed/mcsema-testing/llvm-test-suite/SingleSource/Benchmarks/Polybench/datamining/correlation/correlation.reference_output.little-endian" ]; then \
	  cp /home/ed/mcsema-testing/llvm-test-suite/SingleSource/Benchmarks/Polybench/datamining/correlation/correlation.reference_output.little-endian Output/correlation.out-nat; \
	elif [ -f "/home/ed/mcsema-testing/llvm-test-suite/SingleSource/Benchmarks/Polybench/datamining/correlation/correlation.reference_output" ]; then \
	  cp /home/ed/mcsema-testing/llvm-test-suite/SingleSource/Benchmarks/Polybench/datamining/correlation/correlation.reference_output Output/correlation.out-nat; \
	else \
	  printf "WARNING: %s: %s\n" "NO REFERENCE OUTPUT (using default)" "/home/ed/mcsema-testing/llvm-test-suite/SingleSource/Benchmarks/Polybench/datamining/correlation/correlation.reference_output" > Output/correlation.out-nat; \
	  cp /home/ed/mcsema-testing/llvm-test-suite/default.reference_output Output/correlation.out-nat; \
	  cat Output/correlation.out-nat; \
	fi
# Pretend that the reference output was produced instantaneously.
cp /home/ed/mcsema-testing/llvm-test-suite/instant.txt Output/correlation.out-nat.time
/home/ed/mcsema-testing/llvm-test-suite/DiffOutput.sh "/home/ed/mcsema-testing/SANDBOX/test-2015-12-21_15-36-50/tools/fpcmp " simple correlation 
rm -f Output/correlation.exe-simple
cp Output/correlation.diff-simple Output/correlation.exe-simple
if test -f Output/correlation.extra-results.txt; then \
	  /home/ed/mcsema-testing/llvm-test-suite/ParseMultipleResults /home/ed/mcsema-testing/SANDBOX/test-2015-12-21_15-36-50/SingleSource/Benchmarks/Polybench/datamining/correlation/correlation Output/correlation.extra-results.txt >> Output/correlation.simple.exec.report.txt; \
	fi
cat Output/correlation.simple.compile.report.txt Output/correlation.simple.exec.report.txt >> Output/correlation.simple.report.txt
---------------------------------------------------------------
>>> ========= '/home/ed/mcsema-testing/SANDBOX/test-2015-12-21_15-36-50/SingleSource/Benchmarks/Polybench/datamining/correlation/correlation' Program
---------------------------------------------------------------

TEST-PASS: compile /home/ed/mcsema-testing/SANDBOX/test-2015-12-21_15-36-50/SingleSource/Benchmarks/Polybench/datamining/correlation/correlation
TEST-RESULT-compile-success: pass
TEST-RESULT-compile-hash: 3550166e4226a8e90802b1bcf296dd76
TEST-RESULT-compile-time: user       0.0691
TEST-RESULT-compile-real-time: real       0.0885

TEST-PASS: exec /home/ed/mcsema-testing/SANDBOX/test-2015-12-21_15-36-50/SingleSource/Benchmarks/Polybench/datamining/correlation/correlation
TEST-RESULT-exec-success: pass
TEST-RESULT-exec-time: user       6.2332
TEST-RESULT-exec-real-time: real       6.2614
make[6]: Leaving directory `/home/ed/mcsema-testing/SANDBOX/test-2015-12-21_15-36-50/SingleSource/Benchmarks/Polybench/datamining/correlation'
make[6]: Entering directory `/home/ed/mcsema-testing/SANDBOX/test-2015-12-21_15-36-50/SingleSource/Benchmarks/Polybench/datamining/covariance'
/home/ed/mcsema-testing/llvm-test-suite/RunSafely.sh --show-errors -t "/home/ed/mcsema-testing/SANDBOX/test-2015-12-21_15-36-50/tools/timeit" 500 /dev/null Output/covariance.llvm.o.compile \
	  /usr/bin/clang -I/home/ed/mcsema-testing/SANDBOX/test-2015-12-21_15-36-50/SingleSource/Benchmarks/Polybench/datamining/covariance -I/home/ed/mcsema-testing/llvm-test-suite/SingleSource/Benchmarks/Polybench/datamining/covariance -I/home/ed/mcsema-testing/llvm-test-suite/include -I../../../../../include -D_GNU_SOURCE -D__STDC_LIMIT_MACROS -DNDEBUG -I /home/ed/mcsema-testing/llvm-test-suite/SingleSource/Benchmarks/Polybench/utilities  -DPOLYBENCH_DUMP_ARRAYS -O3  -m64 -fomit-frame-pointer -c /home/ed/mcsema-testing/llvm-test-suite/SingleSource/Benchmarks/Polybench/datamining/covariance/covariance.c -o Output/covariance.llvm.o
cp Output/covariance.llvm.o.compile.time Output/covariance.simple.compile.time
/usr/bin/clang++ -o Output/covariance.simple Output/covariance.llvm.o  -I /home/ed/mcsema-testing/llvm-test-suite/SingleSource/Benchmarks/Polybench/utilities  -DPOLYBENCH_DUMP_ARRAYS  -m64 -fomit-frame-pointer
/home/ed/mcsema-testing/llvm-test-suite/RunSafely.sh -t "/home/ed/mcsema-testing/SANDBOX/test-2015-12-21_15-36-50/tools/timeit-target" 500 /dev/null Output/covariance.out-simple Output/covariance.simple 
/home/ed/mcsema-testing/llvm-test-suite/HashProgramOutput.sh Output/covariance.out-simple
cp Output/covariance.simple Output/covariance.simple-hash; \
	strip --remove-section=.comment --remove-section='.note*' Output/covariance.simple-hash; \
	/home/ed/mcsema-testing/llvm-test-suite/HashProgramOutput.sh Output/covariance.simple-hash
if [ -f "/home/ed/mcsema-testing/llvm-test-suite/SingleSource/Benchmarks/Polybench/datamining/covariance/covariance.reference_output.little-endian." ]; then \
	  cp /home/ed/mcsema-testing/llvm-test-suite/SingleSource/Benchmarks/Polybench/datamining/covariance/covariance.reference_output.little-endian. Output/covariance.out-nat; \
	elif [ -f "/home/ed/mcsema-testing/llvm-test-suite/SingleSource/Benchmarks/Polybench/datamining/covariance/covariance.reference_output." ]; then \
	  cp /home/ed/mcsema-testing/llvm-test-suite/SingleSource/Benchmarks/Polybench/datamining/covariance/covariance.reference_output. Output/covariance.out-nat; \
	elif [ -f "/home/ed/mcsema-testing/llvm-test-suite/SingleSource/Benchmarks/Polybench/datamining/covariance/covariance.reference_output.little-endian" ]; then \
	  cp /home/ed/mcsema-testing/llvm-test-suite/SingleSource/Benchmarks/Polybench/datamining/covariance/covariance.reference_output.little-endian Output/covariance.out-nat; \
	elif [ -f "/home/ed/mcsema-testing/llvm-test-suite/SingleSource/Benchmarks/Polybench/datamining/covariance/covariance.reference_output" ]; then \
	  cp /home/ed/mcsema-testing/llvm-test-suite/SingleSource/Benchmarks/Polybench/datamining/covariance/covariance.reference_output Output/covariance.out-nat; \
	else \
	  printf "WARNING: %s: %s\n" "NO REFERENCE OUTPUT (using default)" "/home/ed/mcsema-testing/llvm-test-suite/SingleSource/Benchmarks/Polybench/datamining/covariance/covariance.reference_output" > Output/covariance.out-nat; \
	  cp /home/ed/mcsema-testing/llvm-test-suite/default.reference_output Output/covariance.out-nat; \
	  cat Output/covariance.out-nat; \
	fi
# Pretend that the reference output was produced instantaneously.
cp /home/ed/mcsema-testing/llvm-test-suite/instant.txt Output/covariance.out-nat.time
/home/ed/mcsema-testing/llvm-test-suite/DiffOutput.sh "/home/ed/mcsema-testing/SANDBOX/test-2015-12-21_15-36-50/tools/fpcmp " simple covariance 
rm -f Output/covariance.exe-simple
cp Output/covariance.diff-simple Output/covariance.exe-simple
if test -f Output/covariance.extra-results.txt; then \
	  /home/ed/mcsema-testing/llvm-test-suite/ParseMultipleResults /home/ed/mcsema-testing/SANDBOX/test-2015-12-21_15-36-50/SingleSource/Benchmarks/Polybench/datamining/covariance/covariance Output/covariance.extra-results.txt >> Output/covariance.simple.exec.report.txt; \
	fi
cat Output/covariance.simple.compile.report.txt Output/covariance.simple.exec.report.txt >> Output/covariance.simple.report.txt
---------------------------------------------------------------
>>> ========= '/home/ed/mcsema-testing/SANDBOX/test-2015-12-21_15-36-50/SingleSource/Benchmarks/Polybench/datamining/covariance/covariance' Program
---------------------------------------------------------------

TEST-PASS: compile /home/ed/mcsema-testing/SANDBOX/test-2015-12-21_15-36-50/SingleSource/Benchmarks/Polybench/datamining/covariance/covariance
TEST-RESULT-compile-success: pass
TEST-RESULT-compile-hash: c2d3e56862ee902c46942c14cdabefcf
TEST-RESULT-compile-time: user       0.0668
TEST-RESULT-compile-real-time: real       0.0849

TEST-PASS: exec /home/ed/mcsema-testing/SANDBOX/test-2015-12-21_15-36-50/SingleSource/Benchmarks/Polybench/datamining/covariance/covariance
TEST-RESULT-exec-success: pass
TEST-RESULT-exec-time: user       6.3986
TEST-RESULT-exec-real-time: real       6.4301
make[6]: Leaving directory `/home/ed/mcsema-testing/SANDBOX/test-2015-12-21_15-36-50/SingleSource/Benchmarks/Polybench/datamining/covariance'
make[5]: Leaving directory `/home/ed/mcsema-testing/SANDBOX/test-2015-12-21_15-36-50/SingleSource/Benchmarks/Polybench/datamining'
make[5]: Entering directory `/home/ed/mcsema-testing/SANDBOX/test-2015-12-21_15-36-50/SingleSource/Benchmarks/Polybench/linear-algebra'
make[6]: Entering directory `/home/ed/mcsema-testing/SANDBOX/test-2015-12-21_15-36-50/SingleSource/Benchmarks/Polybench/linear-algebra/kernels'
make[7]: Entering directory `/home/ed/mcsema-testing/SANDBOX/test-2015-12-21_15-36-50/SingleSource/Benchmarks/Polybench/linear-algebra/kernels/2mm'
/home/ed/mcsema-testing/llvm-test-suite/RunSafely.sh --show-errors -t "/home/ed/mcsema-testing/SANDBOX/test-2015-12-21_15-36-50/tools/timeit" 1000 /dev/null Output/2mm.llvm.o.compile \
	  /usr/bin/clang -I/home/ed/mcsema-testing/SANDBOX/test-2015-12-21_15-36-50/SingleSource/Benchmarks/Polybench/linear-algebra/kernels/2mm -I/home/ed/mcsema-testing/llvm-test-suite/SingleSource/Benchmarks/Polybench/linear-algebra/kernels/2mm -I/home/ed/mcsema-testing/llvm-test-suite/include -I../../../../../../include -D_GNU_SOURCE -D__STDC_LIMIT_MACROS -DNDEBUG -I /home/ed/mcsema-testing/llvm-test-suite/SingleSource/Benchmarks/Polybench/utilities  -DPOLYBENCH_DUMP_ARRAYS -O3  -m64 -fomit-frame-pointer -c /home/ed/mcsema-testing/llvm-test-suite/SingleSource/Benchmarks/Polybench/linear-algebra/kernels/2mm/2mm.c -o Output/2mm.llvm.o
cp Output/2mm.llvm.o.compile.time Output/2mm.simple.compile.time
/usr/bin/clang++ -o Output/2mm.simple Output/2mm.llvm.o  -I /home/ed/mcsema-testing/llvm-test-suite/SingleSource/Benchmarks/Polybench/utilities  -DPOLYBENCH_DUMP_ARRAYS  -m64 -fomit-frame-pointer
/home/ed/mcsema-testing/llvm-test-suite/RunSafely.sh -t "/home/ed/mcsema-testing/SANDBOX/test-2015-12-21_15-36-50/tools/timeit-target" 1000 /dev/null Output/2mm.out-simple Output/2mm.simple 
/home/ed/mcsema-testing/llvm-test-suite/HashProgramOutput.sh Output/2mm.out-simple
cp Output/2mm.simple Output/2mm.simple-hash; \
	strip --remove-section=.comment --remove-section='.note*' Output/2mm.simple-hash; \
	/home/ed/mcsema-testing/llvm-test-suite/HashProgramOutput.sh Output/2mm.simple-hash
if [ -f "/home/ed/mcsema-testing/llvm-test-suite/SingleSource/Benchmarks/Polybench/linear-algebra/kernels/2mm/2mm.reference_output.little-endian." ]; then \
	  cp /home/ed/mcsema-testing/llvm-test-suite/SingleSource/Benchmarks/Polybench/linear-algebra/kernels/2mm/2mm.reference_output.little-endian. Output/2mm.out-nat; \
	elif [ -f "/home/ed/mcsema-testing/llvm-test-suite/SingleSource/Benchmarks/Polybench/linear-algebra/kernels/2mm/2mm.reference_output." ]; then \
	  cp /home/ed/mcsema-testing/llvm-test-suite/SingleSource/Benchmarks/Polybench/linear-algebra/kernels/2mm/2mm.reference_output. Output/2mm.out-nat; \
	elif [ -f "/home/ed/mcsema-testing/llvm-test-suite/SingleSource/Benchmarks/Polybench/linear-algebra/kernels/2mm/2mm.reference_output.little-endian" ]; then \
	  cp /home/ed/mcsema-testing/llvm-test-suite/SingleSource/Benchmarks/Polybench/linear-algebra/kernels/2mm/2mm.reference_output.little-endian Output/2mm.out-nat; \
	elif [ -f "/home/ed/mcsema-testing/llvm-test-suite/SingleSource/Benchmarks/Polybench/linear-algebra/kernels/2mm/2mm.reference_output" ]; then \
	  cp /home/ed/mcsema-testing/llvm-test-suite/SingleSource/Benchmarks/Polybench/linear-algebra/kernels/2mm/2mm.reference_output Output/2mm.out-nat; \
	else \
	  printf "WARNING: %s: %s\n" "NO REFERENCE OUTPUT (using default)" "/home/ed/mcsema-testing/llvm-test-suite/SingleSource/Benchmarks/Polybench/linear-algebra/kernels/2mm/2mm.reference_output" > Output/2mm.out-nat; \
	  cp /home/ed/mcsema-testing/llvm-test-suite/default.reference_output Output/2mm.out-nat; \
	  cat Output/2mm.out-nat; \
	fi
# Pretend that the reference output was produced instantaneously.
cp /home/ed/mcsema-testing/llvm-test-suite/instant.txt Output/2mm.out-nat.time
/home/ed/mcsema-testing/llvm-test-suite/DiffOutput.sh "/home/ed/mcsema-testing/SANDBOX/test-2015-12-21_15-36-50/tools/fpcmp " simple 2mm 
rm -f Output/2mm.exe-simple
cp Output/2mm.diff-simple Output/2mm.exe-simple
if test -f Output/2mm.extra-results.txt; then \
	  /home/ed/mcsema-testing/llvm-test-suite/ParseMultipleResults /home/ed/mcsema-testing/SANDBOX/test-2015-12-21_15-36-50/SingleSource/Benchmarks/Polybench/linear-algebra/kernels/2mm/2mm Output/2mm.extra-results.txt >> Output/2mm.simple.exec.report.txt; \
	fi
cat Output/2mm.simple.compile.report.txt Output/2mm.simple.exec.report.txt >> Output/2mm.simple.report.txt
---------------------------------------------------------------
>>> ========= '/home/ed/mcsema-testing/SANDBOX/test-2015-12-21_15-36-50/SingleSource/Benchmarks/Polybench/linear-algebra/kernels/2mm/2mm' Program
---------------------------------------------------------------

TEST-PASS: compile /home/ed/mcsema-testing/SANDBOX/test-2015-12-21_15-36-50/SingleSource/Benchmarks/Polybench/linear-algebra/kernels/2mm/2mm
TEST-RESULT-compile-success: pass
TEST-RESULT-compile-hash: 9304120983581a81766d277721e0349e
TEST-RESULT-compile-time: user       0.0690
TEST-RESULT-compile-real-time: real       0.0873

TEST-PASS: exec /home/ed/mcsema-testing/SANDBOX/test-2015-12-21_15-36-50/SingleSource/Benchmarks/Polybench/linear-algebra/kernels/2mm/2mm
TEST-RESULT-exec-success: pass
TEST-RESULT-exec-time: user       21.9017
TEST-RESULT-exec-real-time: real       21.9855
make[7]: Leaving directory `/home/ed/mcsema-testing/SANDBOX/test-2015-12-21_15-36-50/SingleSource/Benchmarks/Polybench/linear-algebra/kernels/2mm'
make[7]: Entering directory `/home/ed/mcsema-testing/SANDBOX/test-2015-12-21_15-36-50/SingleSource/Benchmarks/Polybench/linear-algebra/kernels/3mm'
/home/ed/mcsema-testing/llvm-test-suite/RunSafely.sh --show-errors -t "/home/ed/mcsema-testing/SANDBOX/test-2015-12-21_15-36-50/tools/timeit" 1000 /dev/null Output/3mm.llvm.o.compile \
	  /usr/bin/clang -I/home/ed/mcsema-testing/SANDBOX/test-2015-12-21_15-36-50/SingleSource/Benchmarks/Polybench/linear-algebra/kernels/3mm -I/home/ed/mcsema-testing/llvm-test-suite/SingleSource/Benchmarks/Polybench/linear-algebra/kernels/3mm -I/home/ed/mcsema-testing/llvm-test-suite/include -I../../../../../../include -D_GNU_SOURCE -D__STDC_LIMIT_MACROS -DNDEBUG -I /home/ed/mcsema-testing/llvm-test-suite/SingleSource/Benchmarks/Polybench/utilities  -DPOLYBENCH_DUMP_ARRAYS -O3  -m64 -fomit-frame-pointer -c /home/ed/mcsema-testing/llvm-test-suite/SingleSource/Benchmarks/Polybench/linear-algebra/kernels/3mm/3mm.c -o Output/3mm.llvm.o
cp Output/3mm.llvm.o.compile.time Output/3mm.simple.compile.time
/usr/bin/clang++ -o Output/3mm.simple Output/3mm.llvm.o  -I /home/ed/mcsema-testing/llvm-test-suite/SingleSource/Benchmarks/Polybench/utilities  -DPOLYBENCH_DUMP_ARRAYS  -m64 -fomit-frame-pointer
/home/ed/mcsema-testing/llvm-test-suite/RunSafely.sh -t "/home/ed/mcsema-testing/SANDBOX/test-2015-12-21_15-36-50/tools/timeit-target" 1000 /dev/null Output/3mm.out-simple Output/3mm.simple 
/home/ed/mcsema-testing/llvm-test-suite/HashProgramOutput.sh Output/3mm.out-simple
cp Output/3mm.simple Output/3mm.simple-hash; \
	strip --remove-section=.comment --remove-section='.note*' Output/3mm.simple-hash; \
	/home/ed/mcsema-testing/llvm-test-suite/HashProgramOutput.sh Output/3mm.simple-hash
if [ -f "/home/ed/mcsema-testing/llvm-test-suite/SingleSource/Benchmarks/Polybench/linear-algebra/kernels/3mm/3mm.reference_output.little-endian." ]; then \
	  cp /home/ed/mcsema-testing/llvm-test-suite/SingleSource/Benchmarks/Polybench/linear-algebra/kernels/3mm/3mm.reference_output.little-endian. Output/3mm.out-nat; \
	elif [ -f "/home/ed/mcsema-testing/llvm-test-suite/SingleSource/Benchmarks/Polybench/linear-algebra/kernels/3mm/3mm.reference_output." ]; then \
	  cp /home/ed/mcsema-testing/llvm-test-suite/SingleSource/Benchmarks/Polybench/linear-algebra/kernels/3mm/3mm.reference_output. Output/3mm.out-nat; \
	elif [ -f "/home/ed/mcsema-testing/llvm-test-suite/SingleSource/Benchmarks/Polybench/linear-algebra/kernels/3mm/3mm.reference_output.little-endian" ]; then \
	  cp /home/ed/mcsema-testing/llvm-test-suite/SingleSource/Benchmarks/Polybench/linear-algebra/kernels/3mm/3mm.reference_output.little-endian Output/3mm.out-nat; \
	elif [ -f "/home/ed/mcsema-testing/llvm-test-suite/SingleSource/Benchmarks/Polybench/linear-algebra/kernels/3mm/3mm.reference_output" ]; then \
	  cp /home/ed/mcsema-testing/llvm-test-suite/SingleSource/Benchmarks/Polybench/linear-algebra/kernels/3mm/3mm.reference_output Output/3mm.out-nat; \
	else \
	  printf "WARNING: %s: %s\n" "NO REFERENCE OUTPUT (using default)" "/home/ed/mcsema-testing/llvm-test-suite/SingleSource/Benchmarks/Polybench/linear-algebra/kernels/3mm/3mm.reference_output" > Output/3mm.out-nat; \
	  cp /home/ed/mcsema-testing/llvm-test-suite/default.reference_output Output/3mm.out-nat; \
	  cat Output/3mm.out-nat; \
	fi
# Pretend that the reference output was produced instantaneously.
cp /home/ed/mcsema-testing/llvm-test-suite/instant.txt Output/3mm.out-nat.time
/home/ed/mcsema-testing/llvm-test-suite/DiffOutput.sh "/home/ed/mcsema-testing/SANDBOX/test-2015-12-21_15-36-50/tools/fpcmp " simple 3mm 
rm -f Output/3mm.exe-simple
cp Output/3mm.diff-simple Output/3mm.exe-simple
if test -f Output/3mm.extra-results.txt; then \
	  /home/ed/mcsema-testing/llvm-test-suite/ParseMultipleResults /home/ed/mcsema-testing/SANDBOX/test-2015-12-21_15-36-50/SingleSource/Benchmarks/Polybench/linear-algebra/kernels/3mm/3mm Output/3mm.extra-results.txt >> Output/3mm.simple.exec.report.txt; \
	fi
cat Output/3mm.simple.compile.report.txt Output/3mm.simple.exec.report.txt >> Output/3mm.simple.report.txt
---------------------------------------------------------------
>>> ========= '/home/ed/mcsema-testing/SANDBOX/test-2015-12-21_15-36-50/SingleSource/Benchmarks/Polybench/linear-algebra/kernels/3mm/3mm' Program
---------------------------------------------------------------

TEST-PASS: compile /home/ed/mcsema-testing/SANDBOX/test-2015-12-21_15-36-50/SingleSource/Benchmarks/Polybench/linear-algebra/kernels/3mm/3mm
TEST-RESULT-compile-success: pass
TEST-RESULT-compile-hash: dcd35521f70215e5e96c1ad7dec45381
TEST-RESULT-compile-time: user       0.0733
TEST-RESULT-compile-real-time: real       0.0921

TEST-PASS: exec /home/ed/mcsema-testing/SANDBOX/test-2015-12-21_15-36-50/SingleSource/Benchmarks/Polybench/linear-algebra/kernels/3mm/3mm
TEST-RESULT-exec-success: pass
TEST-RESULT-exec-time: user       33.4221
TEST-RESULT-exec-real-time: real       33.5443
make[7]: Leaving directory `/home/ed/mcsema-testing/SANDBOX/test-2015-12-21_15-36-50/SingleSource/Benchmarks/Polybench/linear-algebra/kernels/3mm'
make[7]: Entering directory `/home/ed/mcsema-testing/SANDBOX/test-2015-12-21_15-36-50/SingleSource/Benchmarks/Polybench/linear-algebra/kernels/atax'
/home/ed/mcsema-testing/llvm-test-suite/RunSafely.sh --show-errors -t "/home/ed/mcsema-testing/SANDBOX/test-2015-12-21_15-36-50/tools/timeit" 500 /dev/null Output/atax.llvm.o.compile \
	  /usr/bin/clang -I/home/ed/mcsema-testing/SANDBOX/test-2015-12-21_15-36-50/SingleSource/Benchmarks/Polybench/linear-algebra/kernels/atax -I/home/ed/mcsema-testing/llvm-test-suite/SingleSource/Benchmarks/Polybench/linear-algebra/kernels/atax -I/home/ed/mcsema-testing/llvm-test-suite/include -I../../../../../../include -D_GNU_SOURCE -D__STDC_LIMIT_MACROS -DNDEBUG -I /home/ed/mcsema-testing/llvm-test-suite/SingleSource/Benchmarks/Polybench/utilities  -DPOLYBENCH_DUMP_ARRAYS -O3  -m64 -fomit-frame-pointer -c /home/ed/mcsema-testing/llvm-test-suite/SingleSource/Benchmarks/Polybench/linear-algebra/kernels/atax/atax.c -o Output/atax.llvm.o
cp Output/atax.llvm.o.compile.time Output/atax.simple.compile.time
/usr/bin/clang++ -o Output/atax.simple Output/atax.llvm.o  -I /home/ed/mcsema-testing/llvm-test-suite/SingleSource/Benchmarks/Polybench/utilities  -DPOLYBENCH_DUMP_ARRAYS  -m64 -fomit-frame-pointer
/home/ed/mcsema-testing/llvm-test-suite/RunSafely.sh -t "/home/ed/mcsema-testing/SANDBOX/test-2015-12-21_15-36-50/tools/timeit-target" 500 /dev/null Output/atax.out-simple Output/atax.simple 
/home/ed/mcsema-testing/llvm-test-suite/HashProgramOutput.sh Output/atax.out-simple
cp Output/atax.simple Output/atax.simple-hash; \
	strip --remove-section=.comment --remove-section='.note*' Output/atax.simple-hash; \
	/home/ed/mcsema-testing/llvm-test-suite/HashProgramOutput.sh Output/atax.simple-hash
if [ -f "/home/ed/mcsema-testing/llvm-test-suite/SingleSource/Benchmarks/Polybench/linear-algebra/kernels/atax/atax.reference_output.little-endian." ]; then \
	  cp /home/ed/mcsema-testing/llvm-test-suite/SingleSource/Benchmarks/Polybench/linear-algebra/kernels/atax/atax.reference_output.little-endian. Output/atax.out-nat; \
	elif [ -f "/home/ed/mcsema-testing/llvm-test-suite/SingleSource/Benchmarks/Polybench/linear-algebra/kernels/atax/atax.reference_output." ]; then \
	  cp /home/ed/mcsema-testing/llvm-test-suite/SingleSource/Benchmarks/Polybench/linear-algebra/kernels/atax/atax.reference_output. Output/atax.out-nat; \
	elif [ -f "/home/ed/mcsema-testing/llvm-test-suite/SingleSource/Benchmarks/Polybench/linear-algebra/kernels/atax/atax.reference_output.little-endian" ]; then \
	  cp /home/ed/mcsema-testing/llvm-test-suite/SingleSource/Benchmarks/Polybench/linear-algebra/kernels/atax/atax.reference_output.little-endian Output/atax.out-nat; \
	elif [ -f "/home/ed/mcsema-testing/llvm-test-suite/SingleSource/Benchmarks/Polybench/linear-algebra/kernels/atax/atax.reference_output" ]; then \
	  cp /home/ed/mcsema-testing/llvm-test-suite/SingleSource/Benchmarks/Polybench/linear-algebra/kernels/atax/atax.reference_output Output/atax.out-nat; \
	else \
	  printf "WARNING: %s: %s\n" "NO REFERENCE OUTPUT (using default)" "/home/ed/mcsema-testing/llvm-test-suite/SingleSource/Benchmarks/Polybench/linear-algebra/kernels/atax/atax.reference_output" > Output/atax.out-nat; \
	  cp /home/ed/mcsema-testing/llvm-test-suite/default.reference_output Output/atax.out-nat; \
	  cat Output/atax.out-nat; \
	fi
# Pretend that the reference output was produced instantaneously.
cp /home/ed/mcsema-testing/llvm-test-suite/instant.txt Output/atax.out-nat.time
/home/ed/mcsema-testing/llvm-test-suite/DiffOutput.sh "/home/ed/mcsema-testing/SANDBOX/test-2015-12-21_15-36-50/tools/fpcmp " simple atax 
rm -f Output/atax.exe-simple
cp Output/atax.diff-simple Output/atax.exe-simple
if test -f Output/atax.extra-results.txt; then \
	  /home/ed/mcsema-testing/llvm-test-suite/ParseMultipleResults /home/ed/mcsema-testing/SANDBOX/test-2015-12-21_15-36-50/SingleSource/Benchmarks/Polybench/linear-algebra/kernels/atax/atax Output/atax.extra-results.txt >> Output/atax.simple.exec.report.txt; \
	fi
cat Output/atax.simple.compile.report.txt Output/atax.simple.exec.report.txt >> Output/atax.simple.report.txt
---------------------------------------------------------------
>>> ========= '/home/ed/mcsema-testing/SANDBOX/test-2015-12-21_15-36-50/SingleSource/Benchmarks/Polybench/linear-algebra/kernels/atax/atax' Program
---------------------------------------------------------------

TEST-PASS: compile /home/ed/mcsema-testing/SANDBOX/test-2015-12-21_15-36-50/SingleSource/Benchmarks/Polybench/linear-algebra/kernels/atax/atax
TEST-RESULT-compile-success: pass
TEST-RESULT-compile-hash: 274ef78ab1e6b7918e117ce69e69ca7c
TEST-RESULT-compile-time: user       0.0637
TEST-RESULT-compile-real-time: real       0.0831

TEST-PASS: exec /home/ed/mcsema-testing/SANDBOX/test-2015-12-21_15-36-50/SingleSource/Benchmarks/Polybench/linear-algebra/kernels/atax/atax
TEST-RESULT-exec-success: pass
TEST-RESULT-exec-time: user       0.1465
TEST-RESULT-exec-real-time: real       0.1920
make[7]: Leaving directory `/home/ed/mcsema-testing/SANDBOX/test-2015-12-21_15-36-50/SingleSource/Benchmarks/Polybench/linear-algebra/kernels/atax'
make[7]: Entering directory `/home/ed/mcsema-testing/SANDBOX/test-2015-12-21_15-36-50/SingleSource/Benchmarks/Polybench/linear-algebra/kernels/bicg'
/home/ed/mcsema-testing/llvm-test-suite/RunSafely.sh --show-errors -t "/home/ed/mcsema-testing/SANDBOX/test-2015-12-21_15-36-50/tools/timeit" 500 /dev/null Output/bicg.llvm.o.compile \
	  /usr/bin/clang -I/home/ed/mcsema-testing/SANDBOX/test-2015-12-21_15-36-50/SingleSource/Benchmarks/Polybench/linear-algebra/kernels/bicg -I/home/ed/mcsema-testing/llvm-test-suite/SingleSource/Benchmarks/Polybench/linear-algebra/kernels/bicg -I/home/ed/mcsema-testing/llvm-test-suite/include -I../../../../../../include -D_GNU_SOURCE -D__STDC_LIMIT_MACROS -DNDEBUG -I /home/ed/mcsema-testing/llvm-test-suite/SingleSource/Benchmarks/Polybench/utilities  -DPOLYBENCH_DUMP_ARRAYS -O3  -m64 -fomit-frame-pointer -c /home/ed/mcsema-testing/llvm-test-suite/SingleSource/Benchmarks/Polybench/linear-algebra/kernels/bicg/bicg.c -o Output/bicg.llvm.o
cp Output/bicg.llvm.o.compile.time Output/bicg.simple.compile.time
/usr/bin/clang++ -o Output/bicg.simple Output/bicg.llvm.o  -I /home/ed/mcsema-testing/llvm-test-suite/SingleSource/Benchmarks/Polybench/utilities  -DPOLYBENCH_DUMP_ARRAYS  -m64 -fomit-frame-pointer
/home/ed/mcsema-testing/llvm-test-suite/RunSafely.sh -t "/home/ed/mcsema-testing/SANDBOX/test-2015-12-21_15-36-50/tools/timeit-target" 500 /dev/null Output/bicg.out-simple Output/bicg.simple 
/home/ed/mcsema-testing/llvm-test-suite/HashProgramOutput.sh Output/bicg.out-simple
cp Output/bicg.simple Output/bicg.simple-hash; \
	strip --remove-section=.comment --remove-section='.note*' Output/bicg.simple-hash; \
	/home/ed/mcsema-testing/llvm-test-suite/HashProgramOutput.sh Output/bicg.simple-hash
if [ -f "/home/ed/mcsema-testing/llvm-test-suite/SingleSource/Benchmarks/Polybench/linear-algebra/kernels/bicg/bicg.reference_output.little-endian." ]; then \
	  cp /home/ed/mcsema-testing/llvm-test-suite/SingleSource/Benchmarks/Polybench/linear-algebra/kernels/bicg/bicg.reference_output.little-endian. Output/bicg.out-nat; \
	elif [ -f "/home/ed/mcsema-testing/llvm-test-suite/SingleSource/Benchmarks/Polybench/linear-algebra/kernels/bicg/bicg.reference_output." ]; then \
	  cp /home/ed/mcsema-testing/llvm-test-suite/SingleSource/Benchmarks/Polybench/linear-algebra/kernels/bicg/bicg.reference_output. Output/bicg.out-nat; \
	elif [ -f "/home/ed/mcsema-testing/llvm-test-suite/SingleSource/Benchmarks/Polybench/linear-algebra/kernels/bicg/bicg.reference_output.little-endian" ]; then \
	  cp /home/ed/mcsema-testing/llvm-test-suite/SingleSource/Benchmarks/Polybench/linear-algebra/kernels/bicg/bicg.reference_output.little-endian Output/bicg.out-nat; \
	elif [ -f "/home/ed/mcsema-testing/llvm-test-suite/SingleSource/Benchmarks/Polybench/linear-algebra/kernels/bicg/bicg.reference_output" ]; then \
	  cp /home/ed/mcsema-testing/llvm-test-suite/SingleSource/Benchmarks/Polybench/linear-algebra/kernels/bicg/bicg.reference_output Output/bicg.out-nat; \
	else \
	  printf "WARNING: %s: %s\n" "NO REFERENCE OUTPUT (using default)" "/home/ed/mcsema-testing/llvm-test-suite/SingleSource/Benchmarks/Polybench/linear-algebra/kernels/bicg/bicg.reference_output" > Output/bicg.out-nat; \
	  cp /home/ed/mcsema-testing/llvm-test-suite/default.reference_output Output/bicg.out-nat; \
	  cat Output/bicg.out-nat; \
	fi
# Pretend that the reference output was produced instantaneously.
cp /home/ed/mcsema-testing/llvm-test-suite/instant.txt Output/bicg.out-nat.time
/home/ed/mcsema-testing/llvm-test-suite/DiffOutput.sh "/home/ed/mcsema-testing/SANDBOX/test-2015-12-21_15-36-50/tools/fpcmp " simple bicg 
rm -f Output/bicg.exe-simple
cp Output/bicg.diff-simple Output/bicg.exe-simple
if test -f Output/bicg.extra-results.txt; then \
	  /home/ed/mcsema-testing/llvm-test-suite/ParseMultipleResults /home/ed/mcsema-testing/SANDBOX/test-2015-12-21_15-36-50/SingleSource/Benchmarks/Polybench/linear-algebra/kernels/bicg/bicg Output/bicg.extra-results.txt >> Output/bicg.simple.exec.report.txt; \
	fi
cat Output/bicg.simple.compile.report.txt Output/bicg.simple.exec.report.txt >> Output/bicg.simple.report.txt
---------------------------------------------------------------
>>> ========= '/home/ed/mcsema-testing/SANDBOX/test-2015-12-21_15-36-50/SingleSource/Benchmarks/Polybench/linear-algebra/kernels/bicg/bicg' Program
---------------------------------------------------------------

TEST-PASS: compile /home/ed/mcsema-testing/SANDBOX/test-2015-12-21_15-36-50/SingleSource/Benchmarks/Polybench/linear-algebra/kernels/bicg/bicg
TEST-RESULT-compile-success: pass
TEST-RESULT-compile-hash: a460d248f81ee9e6d969b2e5fded4de2
TEST-RESULT-compile-time: user       0.0649
TEST-RESULT-compile-real-time: real       0.0838

TEST-PASS: exec /home/ed/mcsema-testing/SANDBOX/test-2015-12-21_15-36-50/SingleSource/Benchmarks/Polybench/linear-algebra/kernels/bicg/bicg
TEST-RESULT-exec-success: pass
TEST-RESULT-exec-time: user       0.1594
TEST-RESULT-exec-real-time: real       0.2467
make[7]: Leaving directory `/home/ed/mcsema-testing/SANDBOX/test-2015-12-21_15-36-50/SingleSource/Benchmarks/Polybench/linear-algebra/kernels/bicg'
make[7]: Entering directory `/home/ed/mcsema-testing/SANDBOX/test-2015-12-21_15-36-50/SingleSource/Benchmarks/Polybench/linear-algebra/kernels/cholesky'
/home/ed/mcsema-testing/llvm-test-suite/RunSafely.sh --show-errors -t "/home/ed/mcsema-testing/SANDBOX/test-2015-12-21_15-36-50/tools/timeit" 500 /dev/null Output/cholesky.llvm.o.compile \
	  /usr/bin/clang -I/home/ed/mcsema-testing/SANDBOX/test-2015-12-21_15-36-50/SingleSource/Benchmarks/Polybench/linear-algebra/kernels/cholesky -I/home/ed/mcsema-testing/llvm-test-suite/SingleSource/Benchmarks/Polybench/linear-algebra/kernels/cholesky -I/home/ed/mcsema-testing/llvm-test-suite/include -I../../../../../../include -D_GNU_SOURCE -D__STDC_LIMIT_MACROS -DNDEBUG -I /home/ed/mcsema-testing/llvm-test-suite/SingleSource/Benchmarks/Polybench/utilities  -DPOLYBENCH_DUMP_ARRAYS -O3  -m64 -fomit-frame-pointer -c /home/ed/mcsema-testing/llvm-test-suite/SingleSource/Benchmarks/Polybench/linear-algebra/kernels/cholesky/cholesky.c -o Output/cholesky.llvm.o
cp Output/cholesky.llvm.o.compile.time Output/cholesky.simple.compile.time
/usr/bin/clang++ -o Output/cholesky.simple Output/cholesky.llvm.o  -I /home/ed/mcsema-testing/llvm-test-suite/SingleSource/Benchmarks/Polybench/utilities  -DPOLYBENCH_DUMP_ARRAYS  -m64 -fomit-frame-pointer
/home/ed/mcsema-testing/llvm-test-suite/RunSafely.sh -t "/home/ed/mcsema-testing/SANDBOX/test-2015-12-21_15-36-50/tools/timeit-target" 500 /dev/null Output/cholesky.out-simple Output/cholesky.simple 
/home/ed/mcsema-testing/llvm-test-suite/HashProgramOutput.sh Output/cholesky.out-simple
cp Output/cholesky.simple Output/cholesky.simple-hash; \
	strip --remove-section=.comment --remove-section='.note*' Output/cholesky.simple-hash; \
	/home/ed/mcsema-testing/llvm-test-suite/HashProgramOutput.sh Output/cholesky.simple-hash
if [ -f "/home/ed/mcsema-testing/llvm-test-suite/SingleSource/Benchmarks/Polybench/linear-algebra/kernels/cholesky/cholesky.reference_output.little-endian." ]; then \
	  cp /home/ed/mcsema-testing/llvm-test-suite/SingleSource/Benchmarks/Polybench/linear-algebra/kernels/cholesky/cholesky.reference_output.little-endian. Output/cholesky.out-nat; \
	elif [ -f "/home/ed/mcsema-testing/llvm-test-suite/SingleSource/Benchmarks/Polybench/linear-algebra/kernels/cholesky/cholesky.reference_output." ]; then \
	  cp /home/ed/mcsema-testing/llvm-test-suite/SingleSource/Benchmarks/Polybench/linear-algebra/kernels/cholesky/cholesky.reference_output. Output/cholesky.out-nat; \
	elif [ -f "/home/ed/mcsema-testing/llvm-test-suite/SingleSource/Benchmarks/Polybench/linear-algebra/kernels/cholesky/cholesky.reference_output.little-endian" ]; then \
	  cp /home/ed/mcsema-testing/llvm-test-suite/SingleSource/Benchmarks/Polybench/linear-algebra/kernels/cholesky/cholesky.reference_output.little-endian Output/cholesky.out-nat; \
	elif [ -f "/home/ed/mcsema-testing/llvm-test-suite/SingleSource/Benchmarks/Polybench/linear-algebra/kernels/cholesky/cholesky.reference_output" ]; then \
	  cp /home/ed/mcsema-testing/llvm-test-suite/SingleSource/Benchmarks/Polybench/linear-algebra/kernels/cholesky/cholesky.reference_output Output/cholesky.out-nat; \
	else \
	  printf "WARNING: %s: %s\n" "NO REFERENCE OUTPUT (using default)" "/home/ed/mcsema-testing/llvm-test-suite/SingleSource/Benchmarks/Polybench/linear-algebra/kernels/cholesky/cholesky.reference_output" > Output/cholesky.out-nat; \
	  cp /home/ed/mcsema-testing/llvm-test-suite/default.reference_output Output/cholesky.out-nat; \
	  cat Output/cholesky.out-nat; \
	fi
# Pretend that the reference output was produced instantaneously.
cp /home/ed/mcsema-testing/llvm-test-suite/instant.txt Output/cholesky.out-nat.time
/home/ed/mcsema-testing/llvm-test-suite/DiffOutput.sh "/home/ed/mcsema-testing/SANDBOX/test-2015-12-21_15-36-50/tools/fpcmp " simple cholesky 
rm -f Output/cholesky.exe-simple
cp Output/cholesky.diff-simple Output/cholesky.exe-simple
if test -f Output/cholesky.extra-results.txt; then \
	  /home/ed/mcsema-testing/llvm-test-suite/ParseMultipleResults /home/ed/mcsema-testing/SANDBOX/test-2015-12-21_15-36-50/SingleSource/Benchmarks/Polybench/linear-algebra/kernels/cholesky/cholesky Output/cholesky.extra-results.txt >> Output/cholesky.simple.exec.report.txt; \
	fi
cat Output/cholesky.simple.compile.report.txt Output/cholesky.simple.exec.report.txt >> Output/cholesky.simple.report.txt
---------------------------------------------------------------
>>> ========= '/home/ed/mcsema-testing/SANDBOX/test-2015-12-21_15-36-50/SingleSource/Benchmarks/Polybench/linear-algebra/kernels/cholesky/cholesky' Program
---------------------------------------------------------------

TEST-PASS: compile /home/ed/mcsema-testing/SANDBOX/test-2015-12-21_15-36-50/SingleSource/Benchmarks/Polybench/linear-algebra/kernels/cholesky/cholesky
TEST-RESULT-compile-success: pass
TEST-RESULT-compile-hash: 1aab2fc893076f102b5bdff92bdf276a
TEST-RESULT-compile-time: user       0.0654
TEST-RESULT-compile-real-time: real       0.0839

TEST-PASS: exec /home/ed/mcsema-testing/SANDBOX/test-2015-12-21_15-36-50/SingleSource/Benchmarks/Polybench/linear-algebra/kernels/cholesky/cholesky
TEST-RESULT-exec-success: pass
TEST-RESULT-exec-time: user       0.1730
TEST-RESULT-exec-real-time: real       0.1840
make[7]: Leaving directory `/home/ed/mcsema-testing/SANDBOX/test-2015-12-21_15-36-50/SingleSource/Benchmarks/Polybench/linear-algebra/kernels/cholesky'
make[7]: Entering directory `/home/ed/mcsema-testing/SANDBOX/test-2015-12-21_15-36-50/SingleSource/Benchmarks/Polybench/linear-algebra/kernels/doitgen'
/home/ed/mcsema-testing/llvm-test-suite/RunSafely.sh --show-errors -t "/home/ed/mcsema-testing/SANDBOX/test-2015-12-21_15-36-50/tools/timeit" 500 /dev/null Output/doitgen.llvm.o.compile \
	  /usr/bin/clang -I/home/ed/mcsema-testing/SANDBOX/test-2015-12-21_15-36-50/SingleSource/Benchmarks/Polybench/linear-algebra/kernels/doitgen -I/home/ed/mcsema-testing/llvm-test-suite/SingleSource/Benchmarks/Polybench/linear-algebra/kernels/doitgen -I/home/ed/mcsema-testing/llvm-test-suite/include -I../../../../../../include -D_GNU_SOURCE -D__STDC_LIMIT_MACROS -DNDEBUG -I /home/ed/mcsema-testing/llvm-test-suite/SingleSource/Benchmarks/Polybench/utilities  -DPOLYBENCH_DUMP_ARRAYS -O3  -m64 -fomit-frame-pointer -c /home/ed/mcsema-testing/llvm-test-suite/SingleSource/Benchmarks/Polybench/linear-algebra/kernels/doitgen/doitgen.c -o Output/doitgen.llvm.o
cp Output/doitgen.llvm.o.compile.time Output/doitgen.simple.compile.time
/usr/bin/clang++ -o Output/doitgen.simple Output/doitgen.llvm.o  -I /home/ed/mcsema-testing/llvm-test-suite/SingleSource/Benchmarks/Polybench/utilities  -DPOLYBENCH_DUMP_ARRAYS  -m64 -fomit-frame-pointer
/home/ed/mcsema-testing/llvm-test-suite/RunSafely.sh -t "/home/ed/mcsema-testing/SANDBOX/test-2015-12-21_15-36-50/tools/timeit-target" 500 /dev/null Output/doitgen.out-simple Output/doitgen.simple 
/home/ed/mcsema-testing/llvm-test-suite/HashProgramOutput.sh Output/doitgen.out-simple
cp Output/doitgen.simple Output/doitgen.simple-hash; \
	strip --remove-section=.comment --remove-section='.note*' Output/doitgen.simple-hash; \
	/home/ed/mcsema-testing/llvm-test-suite/HashProgramOutput.sh Output/doitgen.simple-hash
if [ -f "/home/ed/mcsema-testing/llvm-test-suite/SingleSource/Benchmarks/Polybench/linear-algebra/kernels/doitgen/doitgen.reference_output.little-endian." ]; then \
	  cp /home/ed/mcsema-testing/llvm-test-suite/SingleSource/Benchmarks/Polybench/linear-algebra/kernels/doitgen/doitgen.reference_output.little-endian. Output/doitgen.out-nat; \
	elif [ -f "/home/ed/mcsema-testing/llvm-test-suite/SingleSource/Benchmarks/Polybench/linear-algebra/kernels/doitgen/doitgen.reference_output." ]; then \
	  cp /home/ed/mcsema-testing/llvm-test-suite/SingleSource/Benchmarks/Polybench/linear-algebra/kernels/doitgen/doitgen.reference_output. Output/doitgen.out-nat; \
	elif [ -f "/home/ed/mcsema-testing/llvm-test-suite/SingleSource/Benchmarks/Polybench/linear-algebra/kernels/doitgen/doitgen.reference_output.little-endian" ]; then \
	  cp /home/ed/mcsema-testing/llvm-test-suite/SingleSource/Benchmarks/Polybench/linear-algebra/kernels/doitgen/doitgen.reference_output.little-endian Output/doitgen.out-nat; \
	elif [ -f "/home/ed/mcsema-testing/llvm-test-suite/SingleSource/Benchmarks/Polybench/linear-algebra/kernels/doitgen/doitgen.reference_output" ]; then \
	  cp /home/ed/mcsema-testing/llvm-test-suite/SingleSource/Benchmarks/Polybench/linear-algebra/kernels/doitgen/doitgen.reference_output Output/doitgen.out-nat; \
	else \
	  printf "WARNING: %s: %s\n" "NO REFERENCE OUTPUT (using default)" "/home/ed/mcsema-testing/llvm-test-suite/SingleSource/Benchmarks/Polybench/linear-algebra/kernels/doitgen/doitgen.reference_output" > Output/doitgen.out-nat; \
	  cp /home/ed/mcsema-testing/llvm-test-suite/default.reference_output Output/doitgen.out-nat; \
	  cat Output/doitgen.out-nat; \
	fi
# Pretend that the reference output was produced instantaneously.
cp /home/ed/mcsema-testing/llvm-test-suite/instant.txt Output/doitgen.out-nat.time
/home/ed/mcsema-testing/llvm-test-suite/DiffOutput.sh "/home/ed/mcsema-testing/SANDBOX/test-2015-12-21_15-36-50/tools/fpcmp " simple doitgen 
rm -f Output/doitgen.exe-simple
cp Output/doitgen.diff-simple Output/doitgen.exe-simple
if test -f Output/doitgen.extra-results.txt; then \
	  /home/ed/mcsema-testing/llvm-test-suite/ParseMultipleResults /home/ed/mcsema-testing/SANDBOX/test-2015-12-21_15-36-50/SingleSource/Benchmarks/Polybench/linear-algebra/kernels/doitgen/doitgen Output/doitgen.extra-results.txt >> Output/doitgen.simple.exec.report.txt; \
	fi
cat Output/doitgen.simple.compile.report.txt Output/doitgen.simple.exec.report.txt >> Output/doitgen.simple.report.txt
---------------------------------------------------------------
>>> ========= '/home/ed/mcsema-testing/SANDBOX/test-2015-12-21_15-36-50/SingleSource/Benchmarks/Polybench/linear-algebra/kernels/doitgen/doitgen' Program
---------------------------------------------------------------

TEST-PASS: compile /home/ed/mcsema-testing/SANDBOX/test-2015-12-21_15-36-50/SingleSource/Benchmarks/Polybench/linear-algebra/kernels/doitgen/doitgen
TEST-RESULT-compile-success: pass
TEST-RESULT-compile-hash: 5775e339568ecb16056f290ba882f67f
TEST-RESULT-compile-time: user       0.0685
TEST-RESULT-compile-real-time: real       0.0869

TEST-PASS: exec /home/ed/mcsema-testing/SANDBOX/test-2015-12-21_15-36-50/SingleSource/Benchmarks/Polybench/linear-algebra/kernels/doitgen/doitgen
TEST-RESULT-exec-success: pass
TEST-RESULT-exec-time: user       0.3977
TEST-RESULT-exec-real-time: real       0.4078
make[7]: Leaving directory `/home/ed/mcsema-testing/SANDBOX/test-2015-12-21_15-36-50/SingleSource/Benchmarks/Polybench/linear-algebra/kernels/doitgen'
make[7]: Entering directory `/home/ed/mcsema-testing/SANDBOX/test-2015-12-21_15-36-50/SingleSource/Benchmarks/Polybench/linear-algebra/kernels/gemm'
/home/ed/mcsema-testing/llvm-test-suite/RunSafely.sh --show-errors -t "/home/ed/mcsema-testing/SANDBOX/test-2015-12-21_15-36-50/tools/timeit" 500 /dev/null Output/gemm.llvm.o.compile \
	  /usr/bin/clang -I/home/ed/mcsema-testing/SANDBOX/test-2015-12-21_15-36-50/SingleSource/Benchmarks/Polybench/linear-algebra/kernels/gemm -I/home/ed/mcsema-testing/llvm-test-suite/SingleSource/Benchmarks/Polybench/linear-algebra/kernels/gemm -I/home/ed/mcsema-testing/llvm-test-suite/include -I../../../../../../include -D_GNU_SOURCE -D__STDC_LIMIT_MACROS -DNDEBUG -I /home/ed/mcsema-testing/llvm-test-suite/SingleSource/Benchmarks/Polybench/utilities  -DPOLYBENCH_DUMP_ARRAYS -O3  -m64 -fomit-frame-pointer -c /home/ed/mcsema-testing/llvm-test-suite/SingleSource/Benchmarks/Polybench/linear-algebra/kernels/gemm/gemm.c -o Output/gemm.llvm.o
cp Output/gemm.llvm.o.compile.time Output/gemm.simple.compile.time
/usr/bin/clang++ -o Output/gemm.simple Output/gemm.llvm.o  -I /home/ed/mcsema-testing/llvm-test-suite/SingleSource/Benchmarks/Polybench/utilities  -DPOLYBENCH_DUMP_ARRAYS  -m64 -fomit-frame-pointer
/home/ed/mcsema-testing/llvm-test-suite/RunSafely.sh -t "/home/ed/mcsema-testing/SANDBOX/test-2015-12-21_15-36-50/tools/timeit-target" 500 /dev/null Output/gemm.out-simple Output/gemm.simple 
/home/ed/mcsema-testing/llvm-test-suite/HashProgramOutput.sh Output/gemm.out-simple
cp Output/gemm.simple Output/gemm.simple-hash; \
	strip --remove-section=.comment --remove-section='.note*' Output/gemm.simple-hash; \
	/home/ed/mcsema-testing/llvm-test-suite/HashProgramOutput.sh Output/gemm.simple-hash
if [ -f "/home/ed/mcsema-testing/llvm-test-suite/SingleSource/Benchmarks/Polybench/linear-algebra/kernels/gemm/gemm.reference_output.little-endian." ]; then \
	  cp /home/ed/mcsema-testing/llvm-test-suite/SingleSource/Benchmarks/Polybench/linear-algebra/kernels/gemm/gemm.reference_output.little-endian. Output/gemm.out-nat; \
	elif [ -f "/home/ed/mcsema-testing/llvm-test-suite/SingleSource/Benchmarks/Polybench/linear-algebra/kernels/gemm/gemm.reference_output." ]; then \
	  cp /home/ed/mcsema-testing/llvm-test-suite/SingleSource/Benchmarks/Polybench/linear-algebra/kernels/gemm/gemm.reference_output. Output/gemm.out-nat; \
	elif [ -f "/home/ed/mcsema-testing/llvm-test-suite/SingleSource/Benchmarks/Polybench/linear-algebra/kernels/gemm/gemm.reference_output.little-endian" ]; then \
	  cp /home/ed/mcsema-testing/llvm-test-suite/SingleSource/Benchmarks/Polybench/linear-algebra/kernels/gemm/gemm.reference_output.little-endian Output/gemm.out-nat; \
	elif [ -f "/home/ed/mcsema-testing/llvm-test-suite/SingleSource/Benchmarks/Polybench/linear-algebra/kernels/gemm/gemm.reference_output" ]; then \
	  cp /home/ed/mcsema-testing/llvm-test-suite/SingleSource/Benchmarks/Polybench/linear-algebra/kernels/gemm/gemm.reference_output Output/gemm.out-nat; \
	else \
	  printf "WARNING: %s: %s\n" "NO REFERENCE OUTPUT (using default)" "/home/ed/mcsema-testing/llvm-test-suite/SingleSource/Benchmarks/Polybench/linear-algebra/kernels/gemm/gemm.reference_output" > Output/gemm.out-nat; \
	  cp /home/ed/mcsema-testing/llvm-test-suite/default.reference_output Output/gemm.out-nat; \
	  cat Output/gemm.out-nat; \
	fi
# Pretend that the reference output was produced instantaneously.
cp /home/ed/mcsema-testing/llvm-test-suite/instant.txt Output/gemm.out-nat.time
/home/ed/mcsema-testing/llvm-test-suite/DiffOutput.sh "/home/ed/mcsema-testing/SANDBOX/test-2015-12-21_15-36-50/tools/fpcmp " simple gemm 
rm -f Output/gemm.exe-simple
cp Output/gemm.diff-simple Output/gemm.exe-simple
if test -f Output/gemm.extra-results.txt; then \
	  /home/ed/mcsema-testing/llvm-test-suite/ParseMultipleResults /home/ed/mcsema-testing/SANDBOX/test-2015-12-21_15-36-50/SingleSource/Benchmarks/Polybench/linear-algebra/kernels/gemm/gemm Output/gemm.extra-results.txt >> Output/gemm.simple.exec.report.txt; \
	fi
cat Output/gemm.simple.compile.report.txt Output/gemm.simple.exec.report.txt >> Output/gemm.simple.report.txt
---------------------------------------------------------------
>>> ========= '/home/ed/mcsema-testing/SANDBOX/test-2015-12-21_15-36-50/SingleSource/Benchmarks/Polybench/linear-algebra/kernels/gemm/gemm' Program
---------------------------------------------------------------

TEST-PASS: compile /home/ed/mcsema-testing/SANDBOX/test-2015-12-21_15-36-50/SingleSource/Benchmarks/Polybench/linear-algebra/kernels/gemm/gemm
TEST-RESULT-compile-success: pass
TEST-RESULT-compile-hash: 05fd7d9d5994d90650b1f88dd314a7d9
TEST-RESULT-compile-time: user       0.0636
TEST-RESULT-compile-real-time: real       0.0820

TEST-PASS: exec /home/ed/mcsema-testing/SANDBOX/test-2015-12-21_15-36-50/SingleSource/Benchmarks/Polybench/linear-algebra/kernels/gemm/gemm
TEST-RESULT-exec-success: pass
TEST-RESULT-exec-time: user       10.7325
TEST-RESULT-exec-real-time: real       10.7793
make[7]: Leaving directory `/home/ed/mcsema-testing/SANDBOX/test-2015-12-21_15-36-50/SingleSource/Benchmarks/Polybench/linear-algebra/kernels/gemm'
make[7]: Entering directory `/home/ed/mcsema-testing/SANDBOX/test-2015-12-21_15-36-50/SingleSource/Benchmarks/Polybench/linear-algebra/kernels/gemver'
/home/ed/mcsema-testing/llvm-test-suite/RunSafely.sh --show-errors -t "/home/ed/mcsema-testing/SANDBOX/test-2015-12-21_15-36-50/tools/timeit" 500 /dev/null Output/gemver.llvm.o.compile \
	  /usr/bin/clang -I/home/ed/mcsema-testing/SANDBOX/test-2015-12-21_15-36-50/SingleSource/Benchmarks/Polybench/linear-algebra/kernels/gemver -I/home/ed/mcsema-testing/llvm-test-suite/SingleSource/Benchmarks/Polybench/linear-algebra/kernels/gemver -I/home/ed/mcsema-testing/llvm-test-suite/include -I../../../../../../include -D_GNU_SOURCE -D__STDC_LIMIT_MACROS -DNDEBUG -I /home/ed/mcsema-testing/llvm-test-suite/SingleSource/Benchmarks/Polybench/utilities  -DPOLYBENCH_DUMP_ARRAYS -O3  -m64 -fomit-frame-pointer -c /home/ed/mcsema-testing/llvm-test-suite/SingleSource/Benchmarks/Polybench/linear-algebra/kernels/gemver/gemver.c -o Output/gemver.llvm.o
cp Output/gemver.llvm.o.compile.time Output/gemver.simple.compile.time
/usr/bin/clang++ -o Output/gemver.simple Output/gemver.llvm.o  -I /home/ed/mcsema-testing/llvm-test-suite/SingleSource/Benchmarks/Polybench/utilities  -DPOLYBENCH_DUMP_ARRAYS  -m64 -fomit-frame-pointer
/home/ed/mcsema-testing/llvm-test-suite/RunSafely.sh -t "/home/ed/mcsema-testing/SANDBOX/test-2015-12-21_15-36-50/tools/timeit-target" 500 /dev/null Output/gemver.out-simple Output/gemver.simple 
/home/ed/mcsema-testing/llvm-test-suite/HashProgramOutput.sh Output/gemver.out-simple
cp Output/gemver.simple Output/gemver.simple-hash; \
	strip --remove-section=.comment --remove-section='.note*' Output/gemver.simple-hash; \
	/home/ed/mcsema-testing/llvm-test-suite/HashProgramOutput.sh Output/gemver.simple-hash
if [ -f "/home/ed/mcsema-testing/llvm-test-suite/SingleSource/Benchmarks/Polybench/linear-algebra/kernels/gemver/gemver.reference_output.little-endian." ]; then \
	  cp /home/ed/mcsema-testing/llvm-test-suite/SingleSource/Benchmarks/Polybench/linear-algebra/kernels/gemver/gemver.reference_output.little-endian. Output/gemver.out-nat; \
	elif [ -f "/home/ed/mcsema-testing/llvm-test-suite/SingleSource/Benchmarks/Polybench/linear-algebra/kernels/gemver/gemver.reference_output." ]; then \
	  cp /home/ed/mcsema-testing/llvm-test-suite/SingleSource/Benchmarks/Polybench/linear-algebra/kernels/gemver/gemver.reference_output. Output/gemver.out-nat; \
	elif [ -f "/home/ed/mcsema-testing/llvm-test-suite/SingleSource/Benchmarks/Polybench/linear-algebra/kernels/gemver/gemver.reference_output.little-endian" ]; then \
	  cp /home/ed/mcsema-testing/llvm-test-suite/SingleSource/Benchmarks/Polybench/linear-algebra/kernels/gemver/gemver.reference_output.little-endian Output/gemver.out-nat; \
	elif [ -f "/home/ed/mcsema-testing/llvm-test-suite/SingleSource/Benchmarks/Polybench/linear-algebra/kernels/gemver/gemver.reference_output" ]; then \
	  cp /home/ed/mcsema-testing/llvm-test-suite/SingleSource/Benchmarks/Polybench/linear-algebra/kernels/gemver/gemver.reference_output Output/gemver.out-nat; \
	else \
	  printf "WARNING: %s: %s\n" "NO REFERENCE OUTPUT (using default)" "/home/ed/mcsema-testing/llvm-test-suite/SingleSource/Benchmarks/Polybench/linear-algebra/kernels/gemver/gemver.reference_output" > Output/gemver.out-nat; \
	  cp /home/ed/mcsema-testing/llvm-test-suite/default.reference_output Output/gemver.out-nat; \
	  cat Output/gemver.out-nat; \
	fi
# Pretend that the reference output was produced instantaneously.
cp /home/ed/mcsema-testing/llvm-test-suite/instant.txt Output/gemver.out-nat.time
/home/ed/mcsema-testing/llvm-test-suite/DiffOutput.sh "/home/ed/mcsema-testing/SANDBOX/test-2015-12-21_15-36-50/tools/fpcmp " simple gemver 
rm -f Output/gemver.exe-simple
cp Output/gemver.diff-simple Output/gemver.exe-simple
if test -f Output/gemver.extra-results.txt; then \
	  /home/ed/mcsema-testing/llvm-test-suite/ParseMultipleResults /home/ed/mcsema-testing/SANDBOX/test-2015-12-21_15-36-50/SingleSource/Benchmarks/Polybench/linear-algebra/kernels/gemver/gemver Output/gemver.extra-results.txt >> Output/gemver.simple.exec.report.txt; \
	fi
cat Output/gemver.simple.compile.report.txt Output/gemver.simple.exec.report.txt >> Output/gemver.simple.report.txt
---------------------------------------------------------------
>>> ========= '/home/ed/mcsema-testing/SANDBOX/test-2015-12-21_15-36-50/SingleSource/Benchmarks/Polybench/linear-algebra/kernels/gemver/gemver' Program
---------------------------------------------------------------

TEST-PASS: compile /home/ed/mcsema-testing/SANDBOX/test-2015-12-21_15-36-50/SingleSource/Benchmarks/Polybench/linear-algebra/kernels/gemver/gemver
TEST-RESULT-compile-success: pass
TEST-RESULT-compile-hash: 6e96b64f8c8c0a8fb1d22a4a55b80230
TEST-RESULT-compile-time: user       0.0709
TEST-RESULT-compile-real-time: real       0.0896

TEST-PASS: exec /home/ed/mcsema-testing/SANDBOX/test-2015-12-21_15-36-50/SingleSource/Benchmarks/Polybench/linear-algebra/kernels/gemver/gemver
TEST-RESULT-exec-success: pass
TEST-RESULT-exec-time: user       0.5596
TEST-RESULT-exec-real-time: real       0.6101
make[7]: Leaving directory `/home/ed/mcsema-testing/SANDBOX/test-2015-12-21_15-36-50/SingleSource/Benchmarks/Polybench/linear-algebra/kernels/gemver'
make[7]: Entering directory `/home/ed/mcsema-testing/SANDBOX/test-2015-12-21_15-36-50/SingleSource/Benchmarks/Polybench/linear-algebra/kernels/gesummv'
/home/ed/mcsema-testing/llvm-test-suite/RunSafely.sh --show-errors -t "/home/ed/mcsema-testing/SANDBOX/test-2015-12-21_15-36-50/tools/timeit" 500 /dev/null Output/gesummv.llvm.o.compile \
	  /usr/bin/clang -I/home/ed/mcsema-testing/SANDBOX/test-2015-12-21_15-36-50/SingleSource/Benchmarks/Polybench/linear-algebra/kernels/gesummv -I/home/ed/mcsema-testing/llvm-test-suite/SingleSource/Benchmarks/Polybench/linear-algebra/kernels/gesummv -I/home/ed/mcsema-testing/llvm-test-suite/include -I../../../../../../include -D_GNU_SOURCE -D__STDC_LIMIT_MACROS -DNDEBUG -I /home/ed/mcsema-testing/llvm-test-suite/SingleSource/Benchmarks/Polybench/utilities  -DPOLYBENCH_DUMP_ARRAYS -O3  -m64 -fomit-frame-pointer -c /home/ed/mcsema-testing/llvm-test-suite/SingleSource/Benchmarks/Polybench/linear-algebra/kernels/gesummv/gesummv.c -o Output/gesummv.llvm.o
cp Output/gesummv.llvm.o.compile.time Output/gesummv.simple.compile.time
/usr/bin/clang++ -o Output/gesummv.simple Output/gesummv.llvm.o  -I /home/ed/mcsema-testing/llvm-test-suite/SingleSource/Benchmarks/Polybench/utilities  -DPOLYBENCH_DUMP_ARRAYS  -m64 -fomit-frame-pointer
/home/ed/mcsema-testing/llvm-test-suite/RunSafely.sh -t "/home/ed/mcsema-testing/SANDBOX/test-2015-12-21_15-36-50/tools/timeit-target" 500 /dev/null Output/gesummv.out-simple Output/gesummv.simple 
/home/ed/mcsema-testing/llvm-test-suite/HashProgramOutput.sh Output/gesummv.out-simple
cp Output/gesummv.simple Output/gesummv.simple-hash; \
	strip --remove-section=.comment --remove-section='.note*' Output/gesummv.simple-hash; \
	/home/ed/mcsema-testing/llvm-test-suite/HashProgramOutput.sh Output/gesummv.simple-hash
if [ -f "/home/ed/mcsema-testing/llvm-test-suite/SingleSource/Benchmarks/Polybench/linear-algebra/kernels/gesummv/gesummv.reference_output.little-endian." ]; then \
	  cp /home/ed/mcsema-testing/llvm-test-suite/SingleSource/Benchmarks/Polybench/linear-algebra/kernels/gesummv/gesummv.reference_output.little-endian. Output/gesummv.out-nat; \
	elif [ -f "/home/ed/mcsema-testing/llvm-test-suite/SingleSource/Benchmarks/Polybench/linear-algebra/kernels/gesummv/gesummv.reference_output." ]; then \
	  cp /home/ed/mcsema-testing/llvm-test-suite/SingleSource/Benchmarks/Polybench/linear-algebra/kernels/gesummv/gesummv.reference_output. Output/gesummv.out-nat; \
	elif [ -f "/home/ed/mcsema-testing/llvm-test-suite/SingleSource/Benchmarks/Polybench/linear-algebra/kernels/gesummv/gesummv.reference_output.little-endian" ]; then \
	  cp /home/ed/mcsema-testing/llvm-test-suite/SingleSource/Benchmarks/Polybench/linear-algebra/kernels/gesummv/gesummv.reference_output.little-endian Output/gesummv.out-nat; \
	elif [ -f "/home/ed/mcsema-testing/llvm-test-suite/SingleSource/Benchmarks/Polybench/linear-algebra/kernels/gesummv/gesummv.reference_output" ]; then \
	  cp /home/ed/mcsema-testing/llvm-test-suite/SingleSource/Benchmarks/Polybench/linear-algebra/kernels/gesummv/gesummv.reference_output Output/gesummv.out-nat; \
	else \
	  printf "WARNING: %s: %s\n" "NO REFERENCE OUTPUT (using default)" "/home/ed/mcsema-testing/llvm-test-suite/SingleSource/Benchmarks/Polybench/linear-algebra/kernels/gesummv/gesummv.reference_output" > Output/gesummv.out-nat; \
	  cp /home/ed/mcsema-testing/llvm-test-suite/default.reference_output Output/gesummv.out-nat; \
	  cat Output/gesummv.out-nat; \
	fi
# Pretend that the reference output was produced instantaneously.
cp /home/ed/mcsema-testing/llvm-test-suite/instant.txt Output/gesummv.out-nat.time
/home/ed/mcsema-testing/llvm-test-suite/DiffOutput.sh "/home/ed/mcsema-testing/SANDBOX/test-2015-12-21_15-36-50/tools/fpcmp " simple gesummv 
rm -f Output/gesummv.exe-simple
cp Output/gesummv.diff-simple Output/gesummv.exe-simple
if test -f Output/gesummv.extra-results.txt; then \
	  /home/ed/mcsema-testing/llvm-test-suite/ParseMultipleResults /home/ed/mcsema-testing/SANDBOX/test-2015-12-21_15-36-50/SingleSource/Benchmarks/Polybench/linear-algebra/kernels/gesummv/gesummv Output/gesummv.extra-results.txt >> Output/gesummv.simple.exec.report.txt; \
	fi
cat Output/gesummv.simple.compile.report.txt Output/gesummv.simple.exec.report.txt >> Output/gesummv.simple.report.txt
---------------------------------------------------------------
>>> ========= '/home/ed/mcsema-testing/SANDBOX/test-2015-12-21_15-36-50/SingleSource/Benchmarks/Polybench/linear-algebra/kernels/gesummv/gesummv' Program
---------------------------------------------------------------

TEST-PASS: compile /home/ed/mcsema-testing/SANDBOX/test-2015-12-21_15-36-50/SingleSource/Benchmarks/Polybench/linear-algebra/kernels/gesummv/gesummv
TEST-RESULT-compile-success: pass
TEST-RESULT-compile-hash: 3cb1d93966366a9a9b46e642e62d45fc
TEST-RESULT-compile-time: user       0.0606
TEST-RESULT-compile-real-time: real       0.0782

TEST-PASS: exec /home/ed/mcsema-testing/SANDBOX/test-2015-12-21_15-36-50/SingleSource/Benchmarks/Polybench/linear-algebra/kernels/gesummv/gesummv
TEST-RESULT-exec-success: pass
TEST-RESULT-exec-time: user       0.1828
TEST-RESULT-exec-real-time: real       0.3348
make[7]: Leaving directory `/home/ed/mcsema-testing/SANDBOX/test-2015-12-21_15-36-50/SingleSource/Benchmarks/Polybench/linear-algebra/kernels/gesummv'
make[7]: Entering directory `/home/ed/mcsema-testing/SANDBOX/test-2015-12-21_15-36-50/SingleSource/Benchmarks/Polybench/linear-algebra/kernels/mvt'
/home/ed/mcsema-testing/llvm-test-suite/RunSafely.sh --show-errors -t "/home/ed/mcsema-testing/SANDBOX/test-2015-12-21_15-36-50/tools/timeit" 500 /dev/null Output/mvt.llvm.o.compile \
	  /usr/bin/clang -I/home/ed/mcsema-testing/SANDBOX/test-2015-12-21_15-36-50/SingleSource/Benchmarks/Polybench/linear-algebra/kernels/mvt -I/home/ed/mcsema-testing/llvm-test-suite/SingleSource/Benchmarks/Polybench/linear-algebra/kernels/mvt -I/home/ed/mcsema-testing/llvm-test-suite/include -I../../../../../../include -D_GNU_SOURCE -D__STDC_LIMIT_MACROS -DNDEBUG -I /home/ed/mcsema-testing/llvm-test-suite/SingleSource/Benchmarks/Polybench/utilities  -DPOLYBENCH_DUMP_ARRAYS -O3  -m64 -fomit-frame-pointer -c /home/ed/mcsema-testing/llvm-test-suite/SingleSource/Benchmarks/Polybench/linear-algebra/kernels/mvt/mvt.c -o Output/mvt.llvm.o
cp Output/mvt.llvm.o.compile.time Output/mvt.simple.compile.time
/usr/bin/clang++ -o Output/mvt.simple Output/mvt.llvm.o  -I /home/ed/mcsema-testing/llvm-test-suite/SingleSource/Benchmarks/Polybench/utilities  -DPOLYBENCH_DUMP_ARRAYS  -m64 -fomit-frame-pointer
/home/ed/mcsema-testing/llvm-test-suite/RunSafely.sh -t "/home/ed/mcsema-testing/SANDBOX/test-2015-12-21_15-36-50/tools/timeit-target" 500 /dev/null Output/mvt.out-simple Output/mvt.simple 
/home/ed/mcsema-testing/llvm-test-suite/HashProgramOutput.sh Output/mvt.out-simple
cp Output/mvt.simple Output/mvt.simple-hash; \
	strip --remove-section=.comment --remove-section='.note*' Output/mvt.simple-hash; \
	/home/ed/mcsema-testing/llvm-test-suite/HashProgramOutput.sh Output/mvt.simple-hash
if [ -f "/home/ed/mcsema-testing/llvm-test-suite/SingleSource/Benchmarks/Polybench/linear-algebra/kernels/mvt/mvt.reference_output.little-endian." ]; then \
	  cp /home/ed/mcsema-testing/llvm-test-suite/SingleSource/Benchmarks/Polybench/linear-algebra/kernels/mvt/mvt.reference_output.little-endian. Output/mvt.out-nat; \
	elif [ -f "/home/ed/mcsema-testing/llvm-test-suite/SingleSource/Benchmarks/Polybench/linear-algebra/kernels/mvt/mvt.reference_output." ]; then \
	  cp /home/ed/mcsema-testing/llvm-test-suite/SingleSource/Benchmarks/Polybench/linear-algebra/kernels/mvt/mvt.reference_output. Output/mvt.out-nat; \
	elif [ -f "/home/ed/mcsema-testing/llvm-test-suite/SingleSource/Benchmarks/Polybench/linear-algebra/kernels/mvt/mvt.reference_output.little-endian" ]; then \
	  cp /home/ed/mcsema-testing/llvm-test-suite/SingleSource/Benchmarks/Polybench/linear-algebra/kernels/mvt/mvt.reference_output.little-endian Output/mvt.out-nat; \
	elif [ -f "/home/ed/mcsema-testing/llvm-test-suite/SingleSource/Benchmarks/Polybench/linear-algebra/kernels/mvt/mvt.reference_output" ]; then \
	  cp /home/ed/mcsema-testing/llvm-test-suite/SingleSource/Benchmarks/Polybench/linear-algebra/kernels/mvt/mvt.reference_output Output/mvt.out-nat; \
	else \
	  printf "WARNING: %s: %s\n" "NO REFERENCE OUTPUT (using default)" "/home/ed/mcsema-testing/llvm-test-suite/SingleSource/Benchmarks/Polybench/linear-algebra/kernels/mvt/mvt.reference_output" > Output/mvt.out-nat; \
	  cp /home/ed/mcsema-testing/llvm-test-suite/default.reference_output Output/mvt.out-nat; \
	  cat Output/mvt.out-nat; \
	fi
# Pretend that the reference output was produced instantaneously.
cp /home/ed/mcsema-testing/llvm-test-suite/instant.txt Output/mvt.out-nat.time
/home/ed/mcsema-testing/llvm-test-suite/DiffOutput.sh "/home/ed/mcsema-testing/SANDBOX/test-2015-12-21_15-36-50/tools/fpcmp " simple mvt 
rm -f Output/mvt.exe-simple
cp Output/mvt.diff-simple Output/mvt.exe-simple
if test -f Output/mvt.extra-results.txt; then \
	  /home/ed/mcsema-testing/llvm-test-suite/ParseMultipleResults /home/ed/mcsema-testing/SANDBOX/test-2015-12-21_15-36-50/SingleSource/Benchmarks/Polybench/linear-algebra/kernels/mvt/mvt Output/mvt.extra-results.txt >> Output/mvt.simple.exec.report.txt; \
	fi
cat Output/mvt.simple.compile.report.txt Output/mvt.simple.exec.report.txt >> Output/mvt.simple.report.txt
---------------------------------------------------------------
>>> ========= '/home/ed/mcsema-testing/SANDBOX/test-2015-12-21_15-36-50/SingleSource/Benchmarks/Polybench/linear-algebra/kernels/mvt/mvt' Program
---------------------------------------------------------------

TEST-PASS: compile /home/ed/mcsema-testing/SANDBOX/test-2015-12-21_15-36-50/SingleSource/Benchmarks/Polybench/linear-algebra/kernels/mvt/mvt
TEST-RESULT-compile-success: pass
TEST-RESULT-compile-hash: e089f0cf8109fdcfaec2f8d0c4a909e6
TEST-RESULT-compile-time: user       0.0659
TEST-RESULT-compile-real-time: real       0.0848

TEST-PASS: exec /home/ed/mcsema-testing/SANDBOX/test-2015-12-21_15-36-50/SingleSource/Benchmarks/Polybench/linear-algebra/kernels/mvt/mvt
TEST-RESULT-exec-success: pass
TEST-RESULT-exec-time: user       0.5090
TEST-RESULT-exec-real-time: real       0.5850
make[7]: Leaving directory `/home/ed/mcsema-testing/SANDBOX/test-2015-12-21_15-36-50/SingleSource/Benchmarks/Polybench/linear-algebra/kernels/mvt'
make[7]: Entering directory `/home/ed/mcsema-testing/SANDBOX/test-2015-12-21_15-36-50/SingleSource/Benchmarks/Polybench/linear-algebra/kernels/symm'
/home/ed/mcsema-testing/llvm-test-suite/RunSafely.sh --show-errors -t "/home/ed/mcsema-testing/SANDBOX/test-2015-12-21_15-36-50/tools/timeit" 500 /dev/null Output/symm.llvm.o.compile \
	  /usr/bin/clang -I/home/ed/mcsema-testing/SANDBOX/test-2015-12-21_15-36-50/SingleSource/Benchmarks/Polybench/linear-algebra/kernels/symm -I/home/ed/mcsema-testing/llvm-test-suite/SingleSource/Benchmarks/Polybench/linear-algebra/kernels/symm -I/home/ed/mcsema-testing/llvm-test-suite/include -I../../../../../../include -D_GNU_SOURCE -D__STDC_LIMIT_MACROS -DNDEBUG -I /home/ed/mcsema-testing/llvm-test-suite/SingleSource/Benchmarks/Polybench/utilities  -DPOLYBENCH_DUMP_ARRAYS -O3  -m64 -fomit-frame-pointer -c /home/ed/mcsema-testing/llvm-test-suite/SingleSource/Benchmarks/Polybench/linear-algebra/kernels/symm/symm.c -o Output/symm.llvm.o
cp Output/symm.llvm.o.compile.time Output/symm.simple.compile.time
/usr/bin/clang++ -o Output/symm.simple Output/symm.llvm.o  -I /home/ed/mcsema-testing/llvm-test-suite/SingleSource/Benchmarks/Polybench/utilities  -DPOLYBENCH_DUMP_ARRAYS  -m64 -fomit-frame-pointer
/home/ed/mcsema-testing/llvm-test-suite/RunSafely.sh -t "/home/ed/mcsema-testing/SANDBOX/test-2015-12-21_15-36-50/tools/timeit-target" 500 /dev/null Output/symm.out-simple Output/symm.simple 
/home/ed/mcsema-testing/llvm-test-suite/HashProgramOutput.sh Output/symm.out-simple
cp Output/symm.simple Output/symm.simple-hash; \
	strip --remove-section=.comment --remove-section='.note*' Output/symm.simple-hash; \
	/home/ed/mcsema-testing/llvm-test-suite/HashProgramOutput.sh Output/symm.simple-hash
if [ -f "/home/ed/mcsema-testing/llvm-test-suite/SingleSource/Benchmarks/Polybench/linear-algebra/kernels/symm/symm.reference_output.little-endian." ]; then \
	  cp /home/ed/mcsema-testing/llvm-test-suite/SingleSource/Benchmarks/Polybench/linear-algebra/kernels/symm/symm.reference_output.little-endian. Output/symm.out-nat; \
	elif [ -f "/home/ed/mcsema-testing/llvm-test-suite/SingleSource/Benchmarks/Polybench/linear-algebra/kernels/symm/symm.reference_output." ]; then \
	  cp /home/ed/mcsema-testing/llvm-test-suite/SingleSource/Benchmarks/Polybench/linear-algebra/kernels/symm/symm.reference_output. Output/symm.out-nat; \
	elif [ -f "/home/ed/mcsema-testing/llvm-test-suite/SingleSource/Benchmarks/Polybench/linear-algebra/kernels/symm/symm.reference_output.little-endian" ]; then \
	  cp /home/ed/mcsema-testing/llvm-test-suite/SingleSource/Benchmarks/Polybench/linear-algebra/kernels/symm/symm.reference_output.little-endian Output/symm.out-nat; \
	elif [ -f "/home/ed/mcsema-testing/llvm-test-suite/SingleSource/Benchmarks/Polybench/linear-algebra/kernels/symm/symm.reference_output" ]; then \
	  cp /home/ed/mcsema-testing/llvm-test-suite/SingleSource/Benchmarks/Polybench/linear-algebra/kernels/symm/symm.reference_output Output/symm.out-nat; \
	else \
	  printf "WARNING: %s: %s\n" "NO REFERENCE OUTPUT (using default)" "/home/ed/mcsema-testing/llvm-test-suite/SingleSource/Benchmarks/Polybench/linear-algebra/kernels/symm/symm.reference_output" > Output/symm.out-nat; \
	  cp /home/ed/mcsema-testing/llvm-test-suite/default.reference_output Output/symm.out-nat; \
	  cat Output/symm.out-nat; \
	fi
# Pretend that the reference output was produced instantaneously.
cp /home/ed/mcsema-testing/llvm-test-suite/instant.txt Output/symm.out-nat.time
/home/ed/mcsema-testing/llvm-test-suite/DiffOutput.sh "/home/ed/mcsema-testing/SANDBOX/test-2015-12-21_15-36-50/tools/fpcmp " simple symm 
rm -f Output/symm.exe-simple
cp Output/symm.diff-simple Output/symm.exe-simple
if test -f Output/symm.extra-results.txt; then \
	  /home/ed/mcsema-testing/llvm-test-suite/ParseMultipleResults /home/ed/mcsema-testing/SANDBOX/test-2015-12-21_15-36-50/SingleSource/Benchmarks/Polybench/linear-algebra/kernels/symm/symm Output/symm.extra-results.txt >> Output/symm.simple.exec.report.txt; \
	fi
cat Output/symm.simple.compile.report.txt Output/symm.simple.exec.report.txt >> Output/symm.simple.report.txt
---------------------------------------------------------------
>>> ========= '/home/ed/mcsema-testing/SANDBOX/test-2015-12-21_15-36-50/SingleSource/Benchmarks/Polybench/linear-algebra/kernels/symm/symm' Program
---------------------------------------------------------------

TEST-PASS: compile /home/ed/mcsema-testing/SANDBOX/test-2015-12-21_15-36-50/SingleSource/Benchmarks/Polybench/linear-algebra/kernels/symm/symm
TEST-RESULT-compile-success: pass
TEST-RESULT-compile-hash: 9ea7f11e42900c6b4e57eff3c0d2c3ee
TEST-RESULT-compile-time: user       0.0642
TEST-RESULT-compile-real-time: real       0.0827

TEST-PASS: exec /home/ed/mcsema-testing/SANDBOX/test-2015-12-21_15-36-50/SingleSource/Benchmarks/Polybench/linear-algebra/kernels/symm/symm
TEST-RESULT-exec-success: pass
TEST-RESULT-exec-time: user       14.8978
TEST-RESULT-exec-real-time: real       14.9549
make[7]: Leaving directory `/home/ed/mcsema-testing/SANDBOX/test-2015-12-21_15-36-50/SingleSource/Benchmarks/Polybench/linear-algebra/kernels/symm'
make[7]: Entering directory `/home/ed/mcsema-testing/SANDBOX/test-2015-12-21_15-36-50/SingleSource/Benchmarks/Polybench/linear-algebra/kernels/syr2k'
/home/ed/mcsema-testing/llvm-test-suite/RunSafely.sh --show-errors -t "/home/ed/mcsema-testing/SANDBOX/test-2015-12-21_15-36-50/tools/timeit" 500 /dev/null Output/syr2k.llvm.o.compile \
	  /usr/bin/clang -I/home/ed/mcsema-testing/SANDBOX/test-2015-12-21_15-36-50/SingleSource/Benchmarks/Polybench/linear-algebra/kernels/syr2k -I/home/ed/mcsema-testing/llvm-test-suite/SingleSource/Benchmarks/Polybench/linear-algebra/kernels/syr2k -I/home/ed/mcsema-testing/llvm-test-suite/include -I../../../../../../include -D_GNU_SOURCE -D__STDC_LIMIT_MACROS -DNDEBUG -I /home/ed/mcsema-testing/llvm-test-suite/SingleSource/Benchmarks/Polybench/utilities  -DPOLYBENCH_DUMP_ARRAYS -O3  -m64 -fomit-frame-pointer -c /home/ed/mcsema-testing/llvm-test-suite/SingleSource/Benchmarks/Polybench/linear-algebra/kernels/syr2k/syr2k.c -o Output/syr2k.llvm.o
cp Output/syr2k.llvm.o.compile.time Output/syr2k.simple.compile.time
/usr/bin/clang++ -o Output/syr2k.simple Output/syr2k.llvm.o  -I /home/ed/mcsema-testing/llvm-test-suite/SingleSource/Benchmarks/Polybench/utilities  -DPOLYBENCH_DUMP_ARRAYS  -m64 -fomit-frame-pointer
/home/ed/mcsema-testing/llvm-test-suite/RunSafely.sh -t "/home/ed/mcsema-testing/SANDBOX/test-2015-12-21_15-36-50/tools/timeit-target" 500 /dev/null Output/syr2k.out-simple Output/syr2k.simple 
/home/ed/mcsema-testing/llvm-test-suite/HashProgramOutput.sh Output/syr2k.out-simple
cp Output/syr2k.simple Output/syr2k.simple-hash; \
	strip --remove-section=.comment --remove-section='.note*' Output/syr2k.simple-hash; \
	/home/ed/mcsema-testing/llvm-test-suite/HashProgramOutput.sh Output/syr2k.simple-hash
if [ -f "/home/ed/mcsema-testing/llvm-test-suite/SingleSource/Benchmarks/Polybench/linear-algebra/kernels/syr2k/syr2k.reference_output.little-endian." ]; then \
	  cp /home/ed/mcsema-testing/llvm-test-suite/SingleSource/Benchmarks/Polybench/linear-algebra/kernels/syr2k/syr2k.reference_output.little-endian. Output/syr2k.out-nat; \
	elif [ -f "/home/ed/mcsema-testing/llvm-test-suite/SingleSource/Benchmarks/Polybench/linear-algebra/kernels/syr2k/syr2k.reference_output." ]; then \
	  cp /home/ed/mcsema-testing/llvm-test-suite/SingleSource/Benchmarks/Polybench/linear-algebra/kernels/syr2k/syr2k.reference_output. Output/syr2k.out-nat; \
	elif [ -f "/home/ed/mcsema-testing/llvm-test-suite/SingleSource/Benchmarks/Polybench/linear-algebra/kernels/syr2k/syr2k.reference_output.little-endian" ]; then \
	  cp /home/ed/mcsema-testing/llvm-test-suite/SingleSource/Benchmarks/Polybench/linear-algebra/kernels/syr2k/syr2k.reference_output.little-endian Output/syr2k.out-nat; \
	elif [ -f "/home/ed/mcsema-testing/llvm-test-suite/SingleSource/Benchmarks/Polybench/linear-algebra/kernels/syr2k/syr2k.reference_output" ]; then \
	  cp /home/ed/mcsema-testing/llvm-test-suite/SingleSource/Benchmarks/Polybench/linear-algebra/kernels/syr2k/syr2k.reference_output Output/syr2k.out-nat; \
	else \
	  printf "WARNING: %s: %s\n" "NO REFERENCE OUTPUT (using default)" "/home/ed/mcsema-testing/llvm-test-suite/SingleSource/Benchmarks/Polybench/linear-algebra/kernels/syr2k/syr2k.reference_output" > Output/syr2k.out-nat; \
	  cp /home/ed/mcsema-testing/llvm-test-suite/default.reference_output Output/syr2k.out-nat; \
	  cat Output/syr2k.out-nat; \
	fi
# Pretend that the reference output was produced instantaneously.
cp /home/ed/mcsema-testing/llvm-test-suite/instant.txt Output/syr2k.out-nat.time
/home/ed/mcsema-testing/llvm-test-suite/DiffOutput.sh "/home/ed/mcsema-testing/SANDBOX/test-2015-12-21_15-36-50/tools/fpcmp " simple syr2k 
rm -f Output/syr2k.exe-simple
cp Output/syr2k.diff-simple Output/syr2k.exe-simple
if test -f Output/syr2k.extra-results.txt; then \
	  /home/ed/mcsema-testing/llvm-test-suite/ParseMultipleResults /home/ed/mcsema-testing/SANDBOX/test-2015-12-21_15-36-50/SingleSource/Benchmarks/Polybench/linear-algebra/kernels/syr2k/syr2k Output/syr2k.extra-results.txt >> Output/syr2k.simple.exec.report.txt; \
	fi
cat Output/syr2k.simple.compile.report.txt Output/syr2k.simple.exec.report.txt >> Output/syr2k.simple.report.txt
---------------------------------------------------------------
>>> ========= '/home/ed/mcsema-testing/SANDBOX/test-2015-12-21_15-36-50/SingleSource/Benchmarks/Polybench/linear-algebra/kernels/syr2k/syr2k' Program
---------------------------------------------------------------

TEST-PASS: compile /home/ed/mcsema-testing/SANDBOX/test-2015-12-21_15-36-50/SingleSource/Benchmarks/Polybench/linear-algebra/kernels/syr2k/syr2k
TEST-RESULT-compile-success: pass
TEST-RESULT-compile-hash: 5347a5e98fb0efb4cd6ded43e25ff08f
TEST-RESULT-compile-time: user       0.0644
TEST-RESULT-compile-real-time: real       0.0832

TEST-PASS: exec /home/ed/mcsema-testing/SANDBOX/test-2015-12-21_15-36-50/SingleSource/Benchmarks/Polybench/linear-algebra/kernels/syr2k/syr2k
TEST-RESULT-exec-success: pass
TEST-RESULT-exec-time: user       3.4998
TEST-RESULT-exec-real-time: real       3.5485
make[7]: Leaving directory `/home/ed/mcsema-testing/SANDBOX/test-2015-12-21_15-36-50/SingleSource/Benchmarks/Polybench/linear-algebra/kernels/syr2k'
make[7]: Entering directory `/home/ed/mcsema-testing/SANDBOX/test-2015-12-21_15-36-50/SingleSource/Benchmarks/Polybench/linear-algebra/kernels/syrk'
/home/ed/mcsema-testing/llvm-test-suite/RunSafely.sh --show-errors -t "/home/ed/mcsema-testing/SANDBOX/test-2015-12-21_15-36-50/tools/timeit" 500 /dev/null Output/syrk.llvm.o.compile \
	  /usr/bin/clang -I/home/ed/mcsema-testing/SANDBOX/test-2015-12-21_15-36-50/SingleSource/Benchmarks/Polybench/linear-algebra/kernels/syrk -I/home/ed/mcsema-testing/llvm-test-suite/SingleSource/Benchmarks/Polybench/linear-algebra/kernels/syrk -I/home/ed/mcsema-testing/llvm-test-suite/include -I../../../../../../include -D_GNU_SOURCE -D__STDC_LIMIT_MACROS -DNDEBUG -I /home/ed/mcsema-testing/llvm-test-suite/SingleSource/Benchmarks/Polybench/utilities  -DPOLYBENCH_DUMP_ARRAYS -O3  -m64 -fomit-frame-pointer -c /home/ed/mcsema-testing/llvm-test-suite/SingleSource/Benchmarks/Polybench/linear-algebra/kernels/syrk/syrk.c -o Output/syrk.llvm.o
cp Output/syrk.llvm.o.compile.time Output/syrk.simple.compile.time
/usr/bin/clang++ -o Output/syrk.simple Output/syrk.llvm.o  -I /home/ed/mcsema-testing/llvm-test-suite/SingleSource/Benchmarks/Polybench/utilities  -DPOLYBENCH_DUMP_ARRAYS  -m64 -fomit-frame-pointer
/home/ed/mcsema-testing/llvm-test-suite/RunSafely.sh -t "/home/ed/mcsema-testing/SANDBOX/test-2015-12-21_15-36-50/tools/timeit-target" 500 /dev/null Output/syrk.out-simple Output/syrk.simple 
/home/ed/mcsema-testing/llvm-test-suite/HashProgramOutput.sh Output/syrk.out-simple
cp Output/syrk.simple Output/syrk.simple-hash; \
	strip --remove-section=.comment --remove-section='.note*' Output/syrk.simple-hash; \
	/home/ed/mcsema-testing/llvm-test-suite/HashProgramOutput.sh Output/syrk.simple-hash
if [ -f "/home/ed/mcsema-testing/llvm-test-suite/SingleSource/Benchmarks/Polybench/linear-algebra/kernels/syrk/syrk.reference_output.little-endian." ]; then \
	  cp /home/ed/mcsema-testing/llvm-test-suite/SingleSource/Benchmarks/Polybench/linear-algebra/kernels/syrk/syrk.reference_output.little-endian. Output/syrk.out-nat; \
	elif [ -f "/home/ed/mcsema-testing/llvm-test-suite/SingleSource/Benchmarks/Polybench/linear-algebra/kernels/syrk/syrk.reference_output." ]; then \
	  cp /home/ed/mcsema-testing/llvm-test-suite/SingleSource/Benchmarks/Polybench/linear-algebra/kernels/syrk/syrk.reference_output. Output/syrk.out-nat; \
	elif [ -f "/home/ed/mcsema-testing/llvm-test-suite/SingleSource/Benchmarks/Polybench/linear-algebra/kernels/syrk/syrk.reference_output.little-endian" ]; then \
	  cp /home/ed/mcsema-testing/llvm-test-suite/SingleSource/Benchmarks/Polybench/linear-algebra/kernels/syrk/syrk.reference_output.little-endian Output/syrk.out-nat; \
	elif [ -f "/home/ed/mcsema-testing/llvm-test-suite/SingleSource/Benchmarks/Polybench/linear-algebra/kernels/syrk/syrk.reference_output" ]; then \
	  cp /home/ed/mcsema-testing/llvm-test-suite/SingleSource/Benchmarks/Polybench/linear-algebra/kernels/syrk/syrk.reference_output Output/syrk.out-nat; \
	else \
	  printf "WARNING: %s: %s\n" "NO REFERENCE OUTPUT (using default)" "/home/ed/mcsema-testing/llvm-test-suite/SingleSource/Benchmarks/Polybench/linear-algebra/kernels/syrk/syrk.reference_output" > Output/syrk.out-nat; \
	  cp /home/ed/mcsema-testing/llvm-test-suite/default.reference_output Output/syrk.out-nat; \
	  cat Output/syrk.out-nat; \
	fi
# Pretend that the reference output was produced instantaneously.
cp /home/ed/mcsema-testing/llvm-test-suite/instant.txt Output/syrk.out-nat.time
/home/ed/mcsema-testing/llvm-test-suite/DiffOutput.sh "/home/ed/mcsema-testing/SANDBOX/test-2015-12-21_15-36-50/tools/fpcmp " simple syrk 
rm -f Output/syrk.exe-simple
cp Output/syrk.diff-simple Output/syrk.exe-simple
if test -f Output/syrk.extra-results.txt; then \
	  /home/ed/mcsema-testing/llvm-test-suite/ParseMultipleResults /home/ed/mcsema-testing/SANDBOX/test-2015-12-21_15-36-50/SingleSource/Benchmarks/Polybench/linear-algebra/kernels/syrk/syrk Output/syrk.extra-results.txt >> Output/syrk.simple.exec.report.txt; \
	fi
cat Output/syrk.simple.compile.report.txt Output/syrk.simple.exec.report.txt >> Output/syrk.simple.report.txt
---------------------------------------------------------------
>>> ========= '/home/ed/mcsema-testing/SANDBOX/test-2015-12-21_15-36-50/SingleSource/Benchmarks/Polybench/linear-algebra/kernels/syrk/syrk' Program
---------------------------------------------------------------

TEST-PASS: compile /home/ed/mcsema-testing/SANDBOX/test-2015-12-21_15-36-50/SingleSource/Benchmarks/Polybench/linear-algebra/kernels/syrk/syrk
TEST-RESULT-compile-success: pass
TEST-RESULT-compile-hash: c6929a2a3d3b7c7fc37d1421d6458f77
TEST-RESULT-compile-time: user       0.0629
TEST-RESULT-compile-real-time: real       0.0806

TEST-PASS: exec /home/ed/mcsema-testing/SANDBOX/test-2015-12-21_15-36-50/SingleSource/Benchmarks/Polybench/linear-algebra/kernels/syrk/syrk
TEST-RESULT-exec-success: pass
TEST-RESULT-exec-time: user       1.1094
TEST-RESULT-exec-real-time: real       1.1292
make[7]: Leaving directory `/home/ed/mcsema-testing/SANDBOX/test-2015-12-21_15-36-50/SingleSource/Benchmarks/Polybench/linear-algebra/kernels/syrk'
make[7]: Entering directory `/home/ed/mcsema-testing/SANDBOX/test-2015-12-21_15-36-50/SingleSource/Benchmarks/Polybench/linear-algebra/kernels/trisolv'
/home/ed/mcsema-testing/llvm-test-suite/RunSafely.sh --show-errors -t "/home/ed/mcsema-testing/SANDBOX/test-2015-12-21_15-36-50/tools/timeit" 500 /dev/null Output/trisolv.llvm.o.compile \
	  /usr/bin/clang -I/home/ed/mcsema-testing/SANDBOX/test-2015-12-21_15-36-50/SingleSource/Benchmarks/Polybench/linear-algebra/kernels/trisolv -I/home/ed/mcsema-testing/llvm-test-suite/SingleSource/Benchmarks/Polybench/linear-algebra/kernels/trisolv -I/home/ed/mcsema-testing/llvm-test-suite/include -I../../../../../../include -D_GNU_SOURCE -D__STDC_LIMIT_MACROS -DNDEBUG -I /home/ed/mcsema-testing/llvm-test-suite/SingleSource/Benchmarks/Polybench/utilities  -DPOLYBENCH_DUMP_ARRAYS -O3  -m64 -fomit-frame-pointer -c /home/ed/mcsema-testing/llvm-test-suite/SingleSource/Benchmarks/Polybench/linear-algebra/kernels/trisolv/trisolv.c -o Output/trisolv.llvm.o
cp Output/trisolv.llvm.o.compile.time Output/trisolv.simple.compile.time
/usr/bin/clang++ -o Output/trisolv.simple Output/trisolv.llvm.o  -I /home/ed/mcsema-testing/llvm-test-suite/SingleSource/Benchmarks/Polybench/utilities  -DPOLYBENCH_DUMP_ARRAYS  -m64 -fomit-frame-pointer
/home/ed/mcsema-testing/llvm-test-suite/RunSafely.sh -t "/home/ed/mcsema-testing/SANDBOX/test-2015-12-21_15-36-50/tools/timeit-target" 500 /dev/null Output/trisolv.out-simple Output/trisolv.simple 
/home/ed/mcsema-testing/llvm-test-suite/HashProgramOutput.sh Output/trisolv.out-simple
cp Output/trisolv.simple Output/trisolv.simple-hash; \
	strip --remove-section=.comment --remove-section='.note*' Output/trisolv.simple-hash; \
	/home/ed/mcsema-testing/llvm-test-suite/HashProgramOutput.sh Output/trisolv.simple-hash
if [ -f "/home/ed/mcsema-testing/llvm-test-suite/SingleSource/Benchmarks/Polybench/linear-algebra/kernels/trisolv/trisolv.reference_output.little-endian." ]; then \
	  cp /home/ed/mcsema-testing/llvm-test-suite/SingleSource/Benchmarks/Polybench/linear-algebra/kernels/trisolv/trisolv.reference_output.little-endian. Output/trisolv.out-nat; \
	elif [ -f "/home/ed/mcsema-testing/llvm-test-suite/SingleSource/Benchmarks/Polybench/linear-algebra/kernels/trisolv/trisolv.reference_output." ]; then \
	  cp /home/ed/mcsema-testing/llvm-test-suite/SingleSource/Benchmarks/Polybench/linear-algebra/kernels/trisolv/trisolv.reference_output. Output/trisolv.out-nat; \
	elif [ -f "/home/ed/mcsema-testing/llvm-test-suite/SingleSource/Benchmarks/Polybench/linear-algebra/kernels/trisolv/trisolv.reference_output.little-endian" ]; then \
	  cp /home/ed/mcsema-testing/llvm-test-suite/SingleSource/Benchmarks/Polybench/linear-algebra/kernels/trisolv/trisolv.reference_output.little-endian Output/trisolv.out-nat; \
	elif [ -f "/home/ed/mcsema-testing/llvm-test-suite/SingleSource/Benchmarks/Polybench/linear-algebra/kernels/trisolv/trisolv.reference_output" ]; then \
	  cp /home/ed/mcsema-testing/llvm-test-suite/SingleSource/Benchmarks/Polybench/linear-algebra/kernels/trisolv/trisolv.reference_output Output/trisolv.out-nat; \
	else \
	  printf "WARNING: %s: %s\n" "NO REFERENCE OUTPUT (using default)" "/home/ed/mcsema-testing/llvm-test-suite/SingleSource/Benchmarks/Polybench/linear-algebra/kernels/trisolv/trisolv.reference_output" > Output/trisolv.out-nat; \
	  cp /home/ed/mcsema-testing/llvm-test-suite/default.reference_output Output/trisolv.out-nat; \
	  cat Output/trisolv.out-nat; \
	fi
# Pretend that the reference output was produced instantaneously.
cp /home/ed/mcsema-testing/llvm-test-suite/instant.txt Output/trisolv.out-nat.time
/home/ed/mcsema-testing/llvm-test-suite/DiffOutput.sh "/home/ed/mcsema-testing/SANDBOX/test-2015-12-21_15-36-50/tools/fpcmp " simple trisolv 
rm -f Output/trisolv.exe-simple
cp Output/trisolv.diff-simple Output/trisolv.exe-simple
if test -f Output/trisolv.extra-results.txt; then \
	  /home/ed/mcsema-testing/llvm-test-suite/ParseMultipleResults /home/ed/mcsema-testing/SANDBOX/test-2015-12-21_15-36-50/SingleSource/Benchmarks/Polybench/linear-algebra/kernels/trisolv/trisolv Output/trisolv.extra-results.txt >> Output/trisolv.simple.exec.report.txt; \
	fi
cat Output/trisolv.simple.compile.report.txt Output/trisolv.simple.exec.report.txt >> Output/trisolv.simple.report.txt
---------------------------------------------------------------
>>> ========= '/home/ed/mcsema-testing/SANDBOX/test-2015-12-21_15-36-50/SingleSource/Benchmarks/Polybench/linear-algebra/kernels/trisolv/trisolv' Program
---------------------------------------------------------------

TEST-PASS: compile /home/ed/mcsema-testing/SANDBOX/test-2015-12-21_15-36-50/SingleSource/Benchmarks/Polybench/linear-algebra/kernels/trisolv/trisolv
TEST-RESULT-compile-success: pass
TEST-RESULT-compile-hash: b1b2cfb1c9ab32633bef4a45ab320737
TEST-RESULT-compile-time: user       0.0606
TEST-RESULT-compile-real-time: real       0.0831

TEST-PASS: exec /home/ed/mcsema-testing/SANDBOX/test-2015-12-21_15-36-50/SingleSource/Benchmarks/Polybench/linear-algebra/kernels/trisolv/trisolv
TEST-RESULT-exec-success: pass
TEST-RESULT-exec-time: user       0.1251
TEST-RESULT-exec-real-time: real       0.1675
make[7]: Leaving directory `/home/ed/mcsema-testing/SANDBOX/test-2015-12-21_15-36-50/SingleSource/Benchmarks/Polybench/linear-algebra/kernels/trisolv'
make[7]: Entering directory `/home/ed/mcsema-testing/SANDBOX/test-2015-12-21_15-36-50/SingleSource/Benchmarks/Polybench/linear-algebra/kernels/trmm'
/home/ed/mcsema-testing/llvm-test-suite/RunSafely.sh --show-errors -t "/home/ed/mcsema-testing/SANDBOX/test-2015-12-21_15-36-50/tools/timeit" 500 /dev/null Output/trmm.llvm.o.compile \
	  /usr/bin/clang -I/home/ed/mcsema-testing/SANDBOX/test-2015-12-21_15-36-50/SingleSource/Benchmarks/Polybench/linear-algebra/kernels/trmm -I/home/ed/mcsema-testing/llvm-test-suite/SingleSource/Benchmarks/Polybench/linear-algebra/kernels/trmm -I/home/ed/mcsema-testing/llvm-test-suite/include -I../../../../../../include -D_GNU_SOURCE -D__STDC_LIMIT_MACROS -DNDEBUG -I /home/ed/mcsema-testing/llvm-test-suite/SingleSource/Benchmarks/Polybench/utilities  -DPOLYBENCH_DUMP_ARRAYS -O3  -m64 -fomit-frame-pointer -c /home/ed/mcsema-testing/llvm-test-suite/SingleSource/Benchmarks/Polybench/linear-algebra/kernels/trmm/trmm.c -o Output/trmm.llvm.o
cp Output/trmm.llvm.o.compile.time Output/trmm.simple.compile.time
/usr/bin/clang++ -o Output/trmm.simple Output/trmm.llvm.o  -I /home/ed/mcsema-testing/llvm-test-suite/SingleSource/Benchmarks/Polybench/utilities  -DPOLYBENCH_DUMP_ARRAYS  -m64 -fomit-frame-pointer
/home/ed/mcsema-testing/llvm-test-suite/RunSafely.sh -t "/home/ed/mcsema-testing/SANDBOX/test-2015-12-21_15-36-50/tools/timeit-target" 500 /dev/null Output/trmm.out-simple Output/trmm.simple 
/home/ed/mcsema-testing/llvm-test-suite/HashProgramOutput.sh Output/trmm.out-simple
cp Output/trmm.simple Output/trmm.simple-hash; \
	strip --remove-section=.comment --remove-section='.note*' Output/trmm.simple-hash; \
	/home/ed/mcsema-testing/llvm-test-suite/HashProgramOutput.sh Output/trmm.simple-hash
if [ -f "/home/ed/mcsema-testing/llvm-test-suite/SingleSource/Benchmarks/Polybench/linear-algebra/kernels/trmm/trmm.reference_output.little-endian." ]; then \
	  cp /home/ed/mcsema-testing/llvm-test-suite/SingleSource/Benchmarks/Polybench/linear-algebra/kernels/trmm/trmm.reference_output.little-endian. Output/trmm.out-nat; \
	elif [ -f "/home/ed/mcsema-testing/llvm-test-suite/SingleSource/Benchmarks/Polybench/linear-algebra/kernels/trmm/trmm.reference_output." ]; then \
	  cp /home/ed/mcsema-testing/llvm-test-suite/SingleSource/Benchmarks/Polybench/linear-algebra/kernels/trmm/trmm.reference_output. Output/trmm.out-nat; \
	elif [ -f "/home/ed/mcsema-testing/llvm-test-suite/SingleSource/Benchmarks/Polybench/linear-algebra/kernels/trmm/trmm.reference_output.little-endian" ]; then \
	  cp /home/ed/mcsema-testing/llvm-test-suite/SingleSource/Benchmarks/Polybench/linear-algebra/kernels/trmm/trmm.reference_output.little-endian Output/trmm.out-nat; \
	elif [ -f "/home/ed/mcsema-testing/llvm-test-suite/SingleSource/Benchmarks/Polybench/linear-algebra/kernels/trmm/trmm.reference_output" ]; then \
	  cp /home/ed/mcsema-testing/llvm-test-suite/SingleSource/Benchmarks/Polybench/linear-algebra/kernels/trmm/trmm.reference_output Output/trmm.out-nat; \
	else \
	  printf "WARNING: %s: %s\n" "NO REFERENCE OUTPUT (using default)" "/home/ed/mcsema-testing/llvm-test-suite/SingleSource/Benchmarks/Polybench/linear-algebra/kernels/trmm/trmm.reference_output" > Output/trmm.out-nat; \
	  cp /home/ed/mcsema-testing/llvm-test-suite/default.reference_output Output/trmm.out-nat; \
	  cat Output/trmm.out-nat; \
	fi
# Pretend that the reference output was produced instantaneously.
cp /home/ed/mcsema-testing/llvm-test-suite/instant.txt Output/trmm.out-nat.time
/home/ed/mcsema-testing/llvm-test-suite/DiffOutput.sh "/home/ed/mcsema-testing/SANDBOX/test-2015-12-21_15-36-50/tools/fpcmp " simple trmm 
rm -f Output/trmm.exe-simple
cp Output/trmm.diff-simple Output/trmm.exe-simple
if test -f Output/trmm.extra-results.txt; then \
	  /home/ed/mcsema-testing/llvm-test-suite/ParseMultipleResults /home/ed/mcsema-testing/SANDBOX/test-2015-12-21_15-36-50/SingleSource/Benchmarks/Polybench/linear-algebra/kernels/trmm/trmm Output/trmm.extra-results.txt >> Output/trmm.simple.exec.report.txt; \
	fi
cat Output/trmm.simple.compile.report.txt Output/trmm.simple.exec.report.txt >> Output/trmm.simple.report.txt
---------------------------------------------------------------
>>> ========= '/home/ed/mcsema-testing/SANDBOX/test-2015-12-21_15-36-50/SingleSource/Benchmarks/Polybench/linear-algebra/kernels/trmm/trmm' Program
---------------------------------------------------------------

TEST-PASS: compile /home/ed/mcsema-testing/SANDBOX/test-2015-12-21_15-36-50/SingleSource/Benchmarks/Polybench/linear-algebra/kernels/trmm/trmm
TEST-RESULT-compile-success: pass
TEST-RESULT-compile-hash: 49a0e2166e30f99343db47df3c1b8780
TEST-RESULT-compile-time: user       0.0612
TEST-RESULT-compile-real-time: real       0.0812

TEST-PASS: exec /home/ed/mcsema-testing/SANDBOX/test-2015-12-21_15-36-50/SingleSource/Benchmarks/Polybench/linear-algebra/kernels/trmm/trmm
TEST-RESULT-exec-success: pass
TEST-RESULT-exec-time: user       0.6119
TEST-RESULT-exec-real-time: real       0.6273
make[7]: Leaving directory `/home/ed/mcsema-testing/SANDBOX/test-2015-12-21_15-36-50/SingleSource/Benchmarks/Polybench/linear-algebra/kernels/trmm'
make[6]: Leaving directory `/home/ed/mcsema-testing/SANDBOX/test-2015-12-21_15-36-50/SingleSource/Benchmarks/Polybench/linear-algebra/kernels'
make[6]: Entering directory `/home/ed/mcsema-testing/SANDBOX/test-2015-12-21_15-36-50/SingleSource/Benchmarks/Polybench/linear-algebra/solvers'
make[7]: Entering directory `/home/ed/mcsema-testing/SANDBOX/test-2015-12-21_15-36-50/SingleSource/Benchmarks/Polybench/linear-algebra/solvers/durbin'
/home/ed/mcsema-testing/llvm-test-suite/RunSafely.sh --show-errors -t "/home/ed/mcsema-testing/SANDBOX/test-2015-12-21_15-36-50/tools/timeit" 500 /dev/null Output/durbin.llvm.o.compile \
	  /usr/bin/clang -I/home/ed/mcsema-testing/SANDBOX/test-2015-12-21_15-36-50/SingleSource/Benchmarks/Polybench/linear-algebra/solvers/durbin -I/home/ed/mcsema-testing/llvm-test-suite/SingleSource/Benchmarks/Polybench/linear-algebra/solvers/durbin -I/home/ed/mcsema-testing/llvm-test-suite/include -I../../../../../../include -D_GNU_SOURCE -D__STDC_LIMIT_MACROS -DNDEBUG -I /home/ed/mcsema-testing/llvm-test-suite/SingleSource/Benchmarks/Polybench/utilities  -DPOLYBENCH_DUMP_ARRAYS -O3  -m64 -fomit-frame-pointer -c /home/ed/mcsema-testing/llvm-test-suite/SingleSource/Benchmarks/Polybench/linear-algebra/solvers/durbin/durbin.c -o Output/durbin.llvm.o
cp Output/durbin.llvm.o.compile.time Output/durbin.simple.compile.time
/usr/bin/clang++ -o Output/durbin.simple Output/durbin.llvm.o  -I /home/ed/mcsema-testing/llvm-test-suite/SingleSource/Benchmarks/Polybench/utilities  -DPOLYBENCH_DUMP_ARRAYS  -m64 -fomit-frame-pointer
/home/ed/mcsema-testing/llvm-test-suite/RunSafely.sh -t "/home/ed/mcsema-testing/SANDBOX/test-2015-12-21_15-36-50/tools/timeit-target" 500 /dev/null Output/durbin.out-simple Output/durbin.simple 
/home/ed/mcsema-testing/llvm-test-suite/HashProgramOutput.sh Output/durbin.out-simple
cp Output/durbin.simple Output/durbin.simple-hash; \
	strip --remove-section=.comment --remove-section='.note*' Output/durbin.simple-hash; \
	/home/ed/mcsema-testing/llvm-test-suite/HashProgramOutput.sh Output/durbin.simple-hash
if [ -f "/home/ed/mcsema-testing/llvm-test-suite/SingleSource/Benchmarks/Polybench/linear-algebra/solvers/durbin/durbin.reference_output.little-endian." ]; then \
	  cp /home/ed/mcsema-testing/llvm-test-suite/SingleSource/Benchmarks/Polybench/linear-algebra/solvers/durbin/durbin.reference_output.little-endian. Output/durbin.out-nat; \
	elif [ -f "/home/ed/mcsema-testing/llvm-test-suite/SingleSource/Benchmarks/Polybench/linear-algebra/solvers/durbin/durbin.reference_output." ]; then \
	  cp /home/ed/mcsema-testing/llvm-test-suite/SingleSource/Benchmarks/Polybench/linear-algebra/solvers/durbin/durbin.reference_output. Output/durbin.out-nat; \
	elif [ -f "/home/ed/mcsema-testing/llvm-test-suite/SingleSource/Benchmarks/Polybench/linear-algebra/solvers/durbin/durbin.reference_output.little-endian" ]; then \
	  cp /home/ed/mcsema-testing/llvm-test-suite/SingleSource/Benchmarks/Polybench/linear-algebra/solvers/durbin/durbin.reference_output.little-endian Output/durbin.out-nat; \
	elif [ -f "/home/ed/mcsema-testing/llvm-test-suite/SingleSource/Benchmarks/Polybench/linear-algebra/solvers/durbin/durbin.reference_output" ]; then \
	  cp /home/ed/mcsema-testing/llvm-test-suite/SingleSource/Benchmarks/Polybench/linear-algebra/solvers/durbin/durbin.reference_output Output/durbin.out-nat; \
	else \
	  printf "WARNING: %s: %s\n" "NO REFERENCE OUTPUT (using default)" "/home/ed/mcsema-testing/llvm-test-suite/SingleSource/Benchmarks/Polybench/linear-algebra/solvers/durbin/durbin.reference_output" > Output/durbin.out-nat; \
	  cp /home/ed/mcsema-testing/llvm-test-suite/default.reference_output Output/durbin.out-nat; \
	  cat Output/durbin.out-nat; \
	fi
# Pretend that the reference output was produced instantaneously.
cp /home/ed/mcsema-testing/llvm-test-suite/instant.txt Output/durbin.out-nat.time
/home/ed/mcsema-testing/llvm-test-suite/DiffOutput.sh "/home/ed/mcsema-testing/SANDBOX/test-2015-12-21_15-36-50/tools/fpcmp " simple durbin 
rm -f Output/durbin.exe-simple
cp Output/durbin.diff-simple Output/durbin.exe-simple
if test -f Output/durbin.extra-results.txt; then \
	  /home/ed/mcsema-testing/llvm-test-suite/ParseMultipleResults /home/ed/mcsema-testing/SANDBOX/test-2015-12-21_15-36-50/SingleSource/Benchmarks/Polybench/linear-algebra/solvers/durbin/durbin Output/durbin.extra-results.txt >> Output/durbin.simple.exec.report.txt; \
	fi
cat Output/durbin.simple.compile.report.txt Output/durbin.simple.exec.report.txt >> Output/durbin.simple.report.txt
---------------------------------------------------------------
>>> ========= '/home/ed/mcsema-testing/SANDBOX/test-2015-12-21_15-36-50/SingleSource/Benchmarks/Polybench/linear-algebra/solvers/durbin/durbin' Program
---------------------------------------------------------------

TEST-PASS: compile /home/ed/mcsema-testing/SANDBOX/test-2015-12-21_15-36-50/SingleSource/Benchmarks/Polybench/linear-algebra/solvers/durbin/durbin
TEST-RESULT-compile-success: pass
TEST-RESULT-compile-hash: cf0d79bf1045023ebe0c3c219775a707
TEST-RESULT-compile-time: user       0.0655
TEST-RESULT-compile-real-time: real       0.0839

TEST-PASS: exec /home/ed/mcsema-testing/SANDBOX/test-2015-12-21_15-36-50/SingleSource/Benchmarks/Polybench/linear-algebra/solvers/durbin/durbin
TEST-RESULT-exec-success: pass
TEST-RESULT-exec-time: user       0.8730
TEST-RESULT-exec-real-time: real       1.4301
make[7]: Leaving directory `/home/ed/mcsema-testing/SANDBOX/test-2015-12-21_15-36-50/SingleSource/Benchmarks/Polybench/linear-algebra/solvers/durbin'
make[7]: Entering directory `/home/ed/mcsema-testing/SANDBOX/test-2015-12-21_15-36-50/SingleSource/Benchmarks/Polybench/linear-algebra/solvers/dynprog'
/home/ed/mcsema-testing/llvm-test-suite/RunSafely.sh --show-errors -t "/home/ed/mcsema-testing/SANDBOX/test-2015-12-21_15-36-50/tools/timeit" 500 /dev/null Output/dynprog.llvm.o.compile \
	  /usr/bin/clang -I/home/ed/mcsema-testing/SANDBOX/test-2015-12-21_15-36-50/SingleSource/Benchmarks/Polybench/linear-algebra/solvers/dynprog -I/home/ed/mcsema-testing/llvm-test-suite/SingleSource/Benchmarks/Polybench/linear-algebra/solvers/dynprog -I/home/ed/mcsema-testing/llvm-test-suite/include -I../../../../../../include -D_GNU_SOURCE -D__STDC_LIMIT_MACROS -DNDEBUG -I /home/ed/mcsema-testing/llvm-test-suite/SingleSource/Benchmarks/Polybench/utilities  -DPOLYBENCH_DUMP_ARRAYS -O3  -m64 -fomit-frame-pointer -c /home/ed/mcsema-testing/llvm-test-suite/SingleSource/Benchmarks/Polybench/linear-algebra/solvers/dynprog/dynprog.c -o Output/dynprog.llvm.o
cp Output/dynprog.llvm.o.compile.time Output/dynprog.simple.compile.time
/usr/bin/clang++ -o Output/dynprog.simple Output/dynprog.llvm.o  -I /home/ed/mcsema-testing/llvm-test-suite/SingleSource/Benchmarks/Polybench/utilities  -DPOLYBENCH_DUMP_ARRAYS  -m64 -fomit-frame-pointer
/home/ed/mcsema-testing/llvm-test-suite/RunSafely.sh -t "/home/ed/mcsema-testing/SANDBOX/test-2015-12-21_15-36-50/tools/timeit-target" 500 /dev/null Output/dynprog.out-simple Output/dynprog.simple 
/home/ed/mcsema-testing/llvm-test-suite/HashProgramOutput.sh Output/dynprog.out-simple
cp Output/dynprog.simple Output/dynprog.simple-hash; \
	strip --remove-section=.comment --remove-section='.note*' Output/dynprog.simple-hash; \
	/home/ed/mcsema-testing/llvm-test-suite/HashProgramOutput.sh Output/dynprog.simple-hash
if [ -f "/home/ed/mcsema-testing/llvm-test-suite/SingleSource/Benchmarks/Polybench/linear-algebra/solvers/dynprog/dynprog.reference_output.little-endian." ]; then \
	  cp /home/ed/mcsema-testing/llvm-test-suite/SingleSource/Benchmarks/Polybench/linear-algebra/solvers/dynprog/dynprog.reference_output.little-endian. Output/dynprog.out-nat; \
	elif [ -f "/home/ed/mcsema-testing/llvm-test-suite/SingleSource/Benchmarks/Polybench/linear-algebra/solvers/dynprog/dynprog.reference_output." ]; then \
	  cp /home/ed/mcsema-testing/llvm-test-suite/SingleSource/Benchmarks/Polybench/linear-algebra/solvers/dynprog/dynprog.reference_output. Output/dynprog.out-nat; \
	elif [ -f "/home/ed/mcsema-testing/llvm-test-suite/SingleSource/Benchmarks/Polybench/linear-algebra/solvers/dynprog/dynprog.reference_output.little-endian" ]; then \
	  cp /home/ed/mcsema-testing/llvm-test-suite/SingleSource/Benchmarks/Polybench/linear-algebra/solvers/dynprog/dynprog.reference_output.little-endian Output/dynprog.out-nat; \
	elif [ -f "/home/ed/mcsema-testing/llvm-test-suite/SingleSource/Benchmarks/Polybench/linear-algebra/solvers/dynprog/dynprog.reference_output" ]; then \
	  cp /home/ed/mcsema-testing/llvm-test-suite/SingleSource/Benchmarks/Polybench/linear-algebra/solvers/dynprog/dynprog.reference_output Output/dynprog.out-nat; \
	else \
	  printf "WARNING: %s: %s\n" "NO REFERENCE OUTPUT (using default)" "/home/ed/mcsema-testing/llvm-test-suite/SingleSource/Benchmarks/Polybench/linear-algebra/solvers/dynprog/dynprog.reference_output" > Output/dynprog.out-nat; \
	  cp /home/ed/mcsema-testing/llvm-test-suite/default.reference_output Output/dynprog.out-nat; \
	  cat Output/dynprog.out-nat; \
	fi
# Pretend that the reference output was produced instantaneously.
cp /home/ed/mcsema-testing/llvm-test-suite/instant.txt Output/dynprog.out-nat.time
/home/ed/mcsema-testing/llvm-test-suite/DiffOutput.sh "/home/ed/mcsema-testing/SANDBOX/test-2015-12-21_15-36-50/tools/fpcmp " simple dynprog 
rm -f Output/dynprog.exe-simple
cp Output/dynprog.diff-simple Output/dynprog.exe-simple
if test -f Output/dynprog.extra-results.txt; then \
	  /home/ed/mcsema-testing/llvm-test-suite/ParseMultipleResults /home/ed/mcsema-testing/SANDBOX/test-2015-12-21_15-36-50/SingleSource/Benchmarks/Polybench/linear-algebra/solvers/dynprog/dynprog Output/dynprog.extra-results.txt >> Output/dynprog.simple.exec.report.txt; \
	fi
cat Output/dynprog.simple.compile.report.txt Output/dynprog.simple.exec.report.txt >> Output/dynprog.simple.report.txt
---------------------------------------------------------------
>>> ========= '/home/ed/mcsema-testing/SANDBOX/test-2015-12-21_15-36-50/SingleSource/Benchmarks/Polybench/linear-algebra/solvers/dynprog/dynprog' Program
---------------------------------------------------------------

TEST-PASS: compile /home/ed/mcsema-testing/SANDBOX/test-2015-12-21_15-36-50/SingleSource/Benchmarks/Polybench/linear-algebra/solvers/dynprog/dynprog
TEST-RESULT-compile-success: pass
TEST-RESULT-compile-hash: 1e0f1a9cb2b3f7521e31fd45bf6664fc
TEST-RESULT-compile-time: user       0.0637
TEST-RESULT-compile-real-time: real       0.0974

TEST-PASS: exec /home/ed/mcsema-testing/SANDBOX/test-2015-12-21_15-36-50/SingleSource/Benchmarks/Polybench/linear-algebra/solvers/dynprog/dynprog
TEST-RESULT-exec-success: pass
TEST-RESULT-exec-time: user       0.4004
TEST-RESULT-exec-real-time: real       0.4036
make[7]: Leaving directory `/home/ed/mcsema-testing/SANDBOX/test-2015-12-21_15-36-50/SingleSource/Benchmarks/Polybench/linear-algebra/solvers/dynprog'
make[7]: Entering directory `/home/ed/mcsema-testing/SANDBOX/test-2015-12-21_15-36-50/SingleSource/Benchmarks/Polybench/linear-algebra/solvers/gramschmidt'
/home/ed/mcsema-testing/llvm-test-suite/RunSafely.sh --show-errors -t "/home/ed/mcsema-testing/SANDBOX/test-2015-12-21_15-36-50/tools/timeit" 500 /dev/null Output/gramschmidt.llvm.o.compile \
	  /usr/bin/clang -I/home/ed/mcsema-testing/SANDBOX/test-2015-12-21_15-36-50/SingleSource/Benchmarks/Polybench/linear-algebra/solvers/gramschmidt -I/home/ed/mcsema-testing/llvm-test-suite/SingleSource/Benchmarks/Polybench/linear-algebra/solvers/gramschmidt -I/home/ed/mcsema-testing/llvm-test-suite/include -I../../../../../../include -D_GNU_SOURCE -D__STDC_LIMIT_MACROS -DNDEBUG -I /home/ed/mcsema-testing/llvm-test-suite/SingleSource/Benchmarks/Polybench/utilities  -DPOLYBENCH_DUMP_ARRAYS -O3  -m64 -fomit-frame-pointer -c /home/ed/mcsema-testing/llvm-test-suite/SingleSource/Benchmarks/Polybench/linear-algebra/solvers/gramschmidt/gramschmidt.c -o Output/gramschmidt.llvm.o
cp Output/gramschmidt.llvm.o.compile.time Output/gramschmidt.simple.compile.time
/usr/bin/clang++ -o Output/gramschmidt.simple Output/gramschmidt.llvm.o  -I /home/ed/mcsema-testing/llvm-test-suite/SingleSource/Benchmarks/Polybench/utilities  -DPOLYBENCH_DUMP_ARRAYS  -m64 -fomit-frame-pointer
/home/ed/mcsema-testing/llvm-test-suite/RunSafely.sh -t "/home/ed/mcsema-testing/SANDBOX/test-2015-12-21_15-36-50/tools/timeit-target" 500 /dev/null Output/gramschmidt.out-simple Output/gramschmidt.simple 
/home/ed/mcsema-testing/llvm-test-suite/HashProgramOutput.sh Output/gramschmidt.out-simple
cp Output/gramschmidt.simple Output/gramschmidt.simple-hash; \
	strip --remove-section=.comment --remove-section='.note*' Output/gramschmidt.simple-hash; \
	/home/ed/mcsema-testing/llvm-test-suite/HashProgramOutput.sh Output/gramschmidt.simple-hash
if [ -f "/home/ed/mcsema-testing/llvm-test-suite/SingleSource/Benchmarks/Polybench/linear-algebra/solvers/gramschmidt/gramschmidt.reference_output.little-endian." ]; then \
	  cp /home/ed/mcsema-testing/llvm-test-suite/SingleSource/Benchmarks/Polybench/linear-algebra/solvers/gramschmidt/gramschmidt.reference_output.little-endian. Output/gramschmidt.out-nat; \
	elif [ -f "/home/ed/mcsema-testing/llvm-test-suite/SingleSource/Benchmarks/Polybench/linear-algebra/solvers/gramschmidt/gramschmidt.reference_output." ]; then \
	  cp /home/ed/mcsema-testing/llvm-test-suite/SingleSource/Benchmarks/Polybench/linear-algebra/solvers/gramschmidt/gramschmidt.reference_output. Output/gramschmidt.out-nat; \
	elif [ -f "/home/ed/mcsema-testing/llvm-test-suite/SingleSource/Benchmarks/Polybench/linear-algebra/solvers/gramschmidt/gramschmidt.reference_output.little-endian" ]; then \
	  cp /home/ed/mcsema-testing/llvm-test-suite/SingleSource/Benchmarks/Polybench/linear-algebra/solvers/gramschmidt/gramschmidt.reference_output.little-endian Output/gramschmidt.out-nat; \
	elif [ -f "/home/ed/mcsema-testing/llvm-test-suite/SingleSource/Benchmarks/Polybench/linear-algebra/solvers/gramschmidt/gramschmidt.reference_output" ]; then \
	  cp /home/ed/mcsema-testing/llvm-test-suite/SingleSource/Benchmarks/Polybench/linear-algebra/solvers/gramschmidt/gramschmidt.reference_output Output/gramschmidt.out-nat; \
	else \
	  printf "WARNING: %s: %s\n" "NO REFERENCE OUTPUT (using default)" "/home/ed/mcsema-testing/llvm-test-suite/SingleSource/Benchmarks/Polybench/linear-algebra/solvers/gramschmidt/gramschmidt.reference_output" > Output/gramschmidt.out-nat; \
	  cp /home/ed/mcsema-testing/llvm-test-suite/default.reference_output Output/gramschmidt.out-nat; \
	  cat Output/gramschmidt.out-nat; \
	fi
# Pretend that the reference output was produced instantaneously.
cp /home/ed/mcsema-testing/llvm-test-suite/instant.txt Output/gramschmidt.out-nat.time
/home/ed/mcsema-testing/llvm-test-suite/DiffOutput.sh "/home/ed/mcsema-testing/SANDBOX/test-2015-12-21_15-36-50/tools/fpcmp " simple gramschmidt 
rm -f Output/gramschmidt.exe-simple
cp Output/gramschmidt.diff-simple Output/gramschmidt.exe-simple
if test -f Output/gramschmidt.extra-results.txt; then \
	  /home/ed/mcsema-testing/llvm-test-suite/ParseMultipleResults /home/ed/mcsema-testing/SANDBOX/test-2015-12-21_15-36-50/SingleSource/Benchmarks/Polybench/linear-algebra/solvers/gramschmidt/gramschmidt Output/gramschmidt.extra-results.txt >> Output/gramschmidt.simple.exec.report.txt; \
	fi
cat Output/gramschmidt.simple.compile.report.txt Output/gramschmidt.simple.exec.report.txt >> Output/gramschmidt.simple.report.txt
---------------------------------------------------------------
>>> ========= '/home/ed/mcsema-testing/SANDBOX/test-2015-12-21_15-36-50/SingleSource/Benchmarks/Polybench/linear-algebra/solvers/gramschmidt/gramschmidt' Program
---------------------------------------------------------------

TEST-PASS: compile /home/ed/mcsema-testing/SANDBOX/test-2015-12-21_15-36-50/SingleSource/Benchmarks/Polybench/linear-algebra/solvers/gramschmidt/gramschmidt
TEST-RESULT-compile-success: pass
TEST-RESULT-compile-hash: f0f5690abe7244a1d5091b7f71e83493
TEST-RESULT-compile-time: user       0.0811
TEST-RESULT-compile-real-time: real       0.1010

TEST-PASS: exec /home/ed/mcsema-testing/SANDBOX/test-2015-12-21_15-36-50/SingleSource/Benchmarks/Polybench/linear-algebra/solvers/gramschmidt/gramschmidt
TEST-RESULT-exec-success: pass
TEST-RESULT-exec-time: user       2.1656
TEST-RESULT-exec-real-time: real       3.5874
make[7]: Leaving directory `/home/ed/mcsema-testing/SANDBOX/test-2015-12-21_15-36-50/SingleSource/Benchmarks/Polybench/linear-algebra/solvers/gramschmidt'
make[7]: Entering directory `/home/ed/mcsema-testing/SANDBOX/test-2015-12-21_15-36-50/SingleSource/Benchmarks/Polybench/linear-algebra/solvers/lu'
/home/ed/mcsema-testing/llvm-test-suite/RunSafely.sh --show-errors -t "/home/ed/mcsema-testing/SANDBOX/test-2015-12-21_15-36-50/tools/timeit" 500 /dev/null Output/lu.llvm.o.compile \
	  /usr/bin/clang -I/home/ed/mcsema-testing/SANDBOX/test-2015-12-21_15-36-50/SingleSource/Benchmarks/Polybench/linear-algebra/solvers/lu -I/home/ed/mcsema-testing/llvm-test-suite/SingleSource/Benchmarks/Polybench/linear-algebra/solvers/lu -I/home/ed/mcsema-testing/llvm-test-suite/include -I../../../../../../include -D_GNU_SOURCE -D__STDC_LIMIT_MACROS -DNDEBUG -I /home/ed/mcsema-testing/llvm-test-suite/SingleSource/Benchmarks/Polybench/utilities  -DPOLYBENCH_DUMP_ARRAYS -O3  -m64 -fomit-frame-pointer -c /home/ed/mcsema-testing/llvm-test-suite/SingleSource/Benchmarks/Polybench/linear-algebra/solvers/lu/lu.c -o Output/lu.llvm.o
cp Output/lu.llvm.o.compile.time Output/lu.simple.compile.time
/usr/bin/clang++ -o Output/lu.simple Output/lu.llvm.o  -I /home/ed/mcsema-testing/llvm-test-suite/SingleSource/Benchmarks/Polybench/utilities  -DPOLYBENCH_DUMP_ARRAYS  -m64 -fomit-frame-pointer
/home/ed/mcsema-testing/llvm-test-suite/RunSafely.sh -t "/home/ed/mcsema-testing/SANDBOX/test-2015-12-21_15-36-50/tools/timeit-target" 500 /dev/null Output/lu.out-simple Output/lu.simple 
/home/ed/mcsema-testing/llvm-test-suite/HashProgramOutput.sh Output/lu.out-simple
cp Output/lu.simple Output/lu.simple-hash; \
	strip --remove-section=.comment --remove-section='.note*' Output/lu.simple-hash; \
	/home/ed/mcsema-testing/llvm-test-suite/HashProgramOutput.sh Output/lu.simple-hash
if [ -f "/home/ed/mcsema-testing/llvm-test-suite/SingleSource/Benchmarks/Polybench/linear-algebra/solvers/lu/lu.reference_output.little-endian." ]; then \
	  cp /home/ed/mcsema-testing/llvm-test-suite/SingleSource/Benchmarks/Polybench/linear-algebra/solvers/lu/lu.reference_output.little-endian. Output/lu.out-nat; \
	elif [ -f "/home/ed/mcsema-testing/llvm-test-suite/SingleSource/Benchmarks/Polybench/linear-algebra/solvers/lu/lu.reference_output." ]; then \
	  cp /home/ed/mcsema-testing/llvm-test-suite/SingleSource/Benchmarks/Polybench/linear-algebra/solvers/lu/lu.reference_output. Output/lu.out-nat; \
	elif [ -f "/home/ed/mcsema-testing/llvm-test-suite/SingleSource/Benchmarks/Polybench/linear-algebra/solvers/lu/lu.reference_output.little-endian" ]; then \
	  cp /home/ed/mcsema-testing/llvm-test-suite/SingleSource/Benchmarks/Polybench/linear-algebra/solvers/lu/lu.reference_output.little-endian Output/lu.out-nat; \
	elif [ -f "/home/ed/mcsema-testing/llvm-test-suite/SingleSource/Benchmarks/Polybench/linear-algebra/solvers/lu/lu.reference_output" ]; then \
	  cp /home/ed/mcsema-testing/llvm-test-suite/SingleSource/Benchmarks/Polybench/linear-algebra/solvers/lu/lu.reference_output Output/lu.out-nat; \
	else \
	  printf "WARNING: %s: %s\n" "NO REFERENCE OUTPUT (using default)" "/home/ed/mcsema-testing/llvm-test-suite/SingleSource/Benchmarks/Polybench/linear-algebra/solvers/lu/lu.reference_output" > Output/lu.out-nat; \
	  cp /home/ed/mcsema-testing/llvm-test-suite/default.reference_output Output/lu.out-nat; \
	  cat Output/lu.out-nat; \
	fi
# Pretend that the reference output was produced instantaneously.
cp /home/ed/mcsema-testing/llvm-test-suite/instant.txt Output/lu.out-nat.time
/home/ed/mcsema-testing/llvm-test-suite/DiffOutput.sh "/home/ed/mcsema-testing/SANDBOX/test-2015-12-21_15-36-50/tools/fpcmp " simple lu 
rm -f Output/lu.exe-simple
cp Output/lu.diff-simple Output/lu.exe-simple
if test -f Output/lu.extra-results.txt; then \
	  /home/ed/mcsema-testing/llvm-test-suite/ParseMultipleResults /home/ed/mcsema-testing/SANDBOX/test-2015-12-21_15-36-50/SingleSource/Benchmarks/Polybench/linear-algebra/solvers/lu/lu Output/lu.extra-results.txt >> Output/lu.simple.exec.report.txt; \
	fi
cat Output/lu.simple.compile.report.txt Output/lu.simple.exec.report.txt >> Output/lu.simple.report.txt
---------------------------------------------------------------
>>> ========= '/home/ed/mcsema-testing/SANDBOX/test-2015-12-21_15-36-50/SingleSource/Benchmarks/Polybench/linear-algebra/solvers/lu/lu' Program
---------------------------------------------------------------

TEST-PASS: compile /home/ed/mcsema-testing/SANDBOX/test-2015-12-21_15-36-50/SingleSource/Benchmarks/Polybench/linear-algebra/solvers/lu/lu
TEST-RESULT-compile-success: pass
TEST-RESULT-compile-hash: 27cf13a2bc205281ba8237ba9bf48fda
TEST-RESULT-compile-time: user       0.0680
TEST-RESULT-compile-real-time: real       0.1011

TEST-PASS: exec /home/ed/mcsema-testing/SANDBOX/test-2015-12-21_15-36-50/SingleSource/Benchmarks/Polybench/linear-algebra/solvers/lu/lu
TEST-RESULT-exec-success: pass
TEST-RESULT-exec-time: user       0.0019
TEST-RESULT-exec-real-time: real       0.0030
make[7]: Leaving directory `/home/ed/mcsema-testing/SANDBOX/test-2015-12-21_15-36-50/SingleSource/Benchmarks/Polybench/linear-algebra/solvers/lu'
make[6]: Leaving directory `/home/ed/mcsema-testing/SANDBOX/test-2015-12-21_15-36-50/SingleSource/Benchmarks/Polybench/linear-algebra/solvers'
make[5]: Leaving directory `/home/ed/mcsema-testing/SANDBOX/test-2015-12-21_15-36-50/SingleSource/Benchmarks/Polybench/linear-algebra'
make[5]: Entering directory `/home/ed/mcsema-testing/SANDBOX/test-2015-12-21_15-36-50/SingleSource/Benchmarks/Polybench/medley'
make[6]: Entering directory `/home/ed/mcsema-testing/SANDBOX/test-2015-12-21_15-36-50/SingleSource/Benchmarks/Polybench/medley/floyd-warshall'
/home/ed/mcsema-testing/llvm-test-suite/RunSafely.sh --show-errors -t "/home/ed/mcsema-testing/SANDBOX/test-2015-12-21_15-36-50/tools/timeit" 500 /dev/null Output/floyd-warshall.llvm.o.compile \
	  /usr/bin/clang -I/home/ed/mcsema-testing/SANDBOX/test-2015-12-21_15-36-50/SingleSource/Benchmarks/Polybench/medley/floyd-warshall -I/home/ed/mcsema-testing/llvm-test-suite/SingleSource/Benchmarks/Polybench/medley/floyd-warshall -I/home/ed/mcsema-testing/llvm-test-suite/include -I../../../../../include -D_GNU_SOURCE -D__STDC_LIMIT_MACROS -DNDEBUG -I /home/ed/mcsema-testing/llvm-test-suite/SingleSource/Benchmarks/Polybench/utilities  -DPOLYBENCH_DUMP_ARRAYS -O3  -m64 -fomit-frame-pointer -c /home/ed/mcsema-testing/llvm-test-suite/SingleSource/Benchmarks/Polybench/medley/floyd-warshall/floyd-warshall.c -o Output/floyd-warshall.llvm.o
cp Output/floyd-warshall.llvm.o.compile.time Output/floyd-warshall.simple.compile.time
/usr/bin/clang++ -o Output/floyd-warshall.simple Output/floyd-warshall.llvm.o  -I /home/ed/mcsema-testing/llvm-test-suite/SingleSource/Benchmarks/Polybench/utilities  -DPOLYBENCH_DUMP_ARRAYS  -m64 -fomit-frame-pointer
/home/ed/mcsema-testing/llvm-test-suite/RunSafely.sh -t "/home/ed/mcsema-testing/SANDBOX/test-2015-12-21_15-36-50/tools/timeit-target" 500 /dev/null Output/floyd-warshall.out-simple Output/floyd-warshall.simple 
/home/ed/mcsema-testing/llvm-test-suite/HashProgramOutput.sh Output/floyd-warshall.out-simple
cp Output/floyd-warshall.simple Output/floyd-warshall.simple-hash; \
	strip --remove-section=.comment --remove-section='.note*' Output/floyd-warshall.simple-hash; \
	/home/ed/mcsema-testing/llvm-test-suite/HashProgramOutput.sh Output/floyd-warshall.simple-hash
if [ -f "/home/ed/mcsema-testing/llvm-test-suite/SingleSource/Benchmarks/Polybench/medley/floyd-warshall/floyd-warshall.reference_output.little-endian." ]; then \
	  cp /home/ed/mcsema-testing/llvm-test-suite/SingleSource/Benchmarks/Polybench/medley/floyd-warshall/floyd-warshall.reference_output.little-endian. Output/floyd-warshall.out-nat; \
	elif [ -f "/home/ed/mcsema-testing/llvm-test-suite/SingleSource/Benchmarks/Polybench/medley/floyd-warshall/floyd-warshall.reference_output." ]; then \
	  cp /home/ed/mcsema-testing/llvm-test-suite/SingleSource/Benchmarks/Polybench/medley/floyd-warshall/floyd-warshall.reference_output. Output/floyd-warshall.out-nat; \
	elif [ -f "/home/ed/mcsema-testing/llvm-test-suite/SingleSource/Benchmarks/Polybench/medley/floyd-warshall/floyd-warshall.reference_output.little-endian" ]; then \
	  cp /home/ed/mcsema-testing/llvm-test-suite/SingleSource/Benchmarks/Polybench/medley/floyd-warshall/floyd-warshall.reference_output.little-endian Output/floyd-warshall.out-nat; \
	elif [ -f "/home/ed/mcsema-testing/llvm-test-suite/SingleSource/Benchmarks/Polybench/medley/floyd-warshall/floyd-warshall.reference_output" ]; then \
	  cp /home/ed/mcsema-testing/llvm-test-suite/SingleSource/Benchmarks/Polybench/medley/floyd-warshall/floyd-warshall.reference_output Output/floyd-warshall.out-nat; \
	else \
	  printf "WARNING: %s: %s\n" "NO REFERENCE OUTPUT (using default)" "/home/ed/mcsema-testing/llvm-test-suite/SingleSource/Benchmarks/Polybench/medley/floyd-warshall/floyd-warshall.reference_output" > Output/floyd-warshall.out-nat; \
	  cp /home/ed/mcsema-testing/llvm-test-suite/default.reference_output Output/floyd-warshall.out-nat; \
	  cat Output/floyd-warshall.out-nat; \
	fi
# Pretend that the reference output was produced instantaneously.
cp /home/ed/mcsema-testing/llvm-test-suite/instant.txt Output/floyd-warshall.out-nat.time
/home/ed/mcsema-testing/llvm-test-suite/DiffOutput.sh "/home/ed/mcsema-testing/SANDBOX/test-2015-12-21_15-36-50/tools/fpcmp " simple floyd-warshall 
rm -f Output/floyd-warshall.exe-simple
cp Output/floyd-warshall.diff-simple Output/floyd-warshall.exe-simple
if test -f Output/floyd-warshall.extra-results.txt; then \
	  /home/ed/mcsema-testing/llvm-test-suite/ParseMultipleResults /home/ed/mcsema-testing/SANDBOX/test-2015-12-21_15-36-50/SingleSource/Benchmarks/Polybench/medley/floyd-warshall/floyd-warshall Output/floyd-warshall.extra-results.txt >> Output/floyd-warshall.simple.exec.report.txt; \
	fi
cat Output/floyd-warshall.simple.compile.report.txt Output/floyd-warshall.simple.exec.report.txt >> Output/floyd-warshall.simple.report.txt
---------------------------------------------------------------
>>> ========= '/home/ed/mcsema-testing/SANDBOX/test-2015-12-21_15-36-50/SingleSource/Benchmarks/Polybench/medley/floyd-warshall/floyd-warshall' Program
---------------------------------------------------------------

TEST-PASS: compile /home/ed/mcsema-testing/SANDBOX/test-2015-12-21_15-36-50/SingleSource/Benchmarks/Polybench/medley/floyd-warshall/floyd-warshall
TEST-RESULT-compile-success: pass
TEST-RESULT-compile-hash: ab606331b5b1ec9a6c28f81f53a714cf
TEST-RESULT-compile-time: user       0.0665
TEST-RESULT-compile-real-time: real       0.1155

TEST-PASS: exec /home/ed/mcsema-testing/SANDBOX/test-2015-12-21_15-36-50/SingleSource/Benchmarks/Polybench/medley/floyd-warshall/floyd-warshall
TEST-RESULT-exec-success: pass
TEST-RESULT-exec-time: user       1.1847
TEST-RESULT-exec-real-time: real       1.2219
make[6]: Leaving directory `/home/ed/mcsema-testing/SANDBOX/test-2015-12-21_15-36-50/SingleSource/Benchmarks/Polybench/medley/floyd-warshall'
make[6]: Entering directory `/home/ed/mcsema-testing/SANDBOX/test-2015-12-21_15-36-50/SingleSource/Benchmarks/Polybench/medley/reg_detect'
/home/ed/mcsema-testing/llvm-test-suite/RunSafely.sh --show-errors -t "/home/ed/mcsema-testing/SANDBOX/test-2015-12-21_15-36-50/tools/timeit" 500 /dev/null Output/reg_detect.llvm.o.compile \
	  /usr/bin/clang -I/home/ed/mcsema-testing/SANDBOX/test-2015-12-21_15-36-50/SingleSource/Benchmarks/Polybench/medley/reg_detect -I/home/ed/mcsema-testing/llvm-test-suite/SingleSource/Benchmarks/Polybench/medley/reg_detect -I/home/ed/mcsema-testing/llvm-test-suite/include -I../../../../../include -D_GNU_SOURCE -D__STDC_LIMIT_MACROS -DNDEBUG -I /home/ed/mcsema-testing/llvm-test-suite/SingleSource/Benchmarks/Polybench/utilities  -DPOLYBENCH_DUMP_ARRAYS -O3  -m64 -fomit-frame-pointer -c /home/ed/mcsema-testing/llvm-test-suite/SingleSource/Benchmarks/Polybench/medley/reg_detect/reg_detect.c -o Output/reg_detect.llvm.o
cp Output/reg_detect.llvm.o.compile.time Output/reg_detect.simple.compile.time
/usr/bin/clang++ -o Output/reg_detect.simple Output/reg_detect.llvm.o  -I /home/ed/mcsema-testing/llvm-test-suite/SingleSource/Benchmarks/Polybench/utilities  -DPOLYBENCH_DUMP_ARRAYS  -m64 -fomit-frame-pointer
/home/ed/mcsema-testing/llvm-test-suite/RunSafely.sh -t "/home/ed/mcsema-testing/SANDBOX/test-2015-12-21_15-36-50/tools/timeit-target" 500 /dev/null Output/reg_detect.out-simple Output/reg_detect.simple 
/home/ed/mcsema-testing/llvm-test-suite/HashProgramOutput.sh Output/reg_detect.out-simple
cp Output/reg_detect.simple Output/reg_detect.simple-hash; \
	strip --remove-section=.comment --remove-section='.note*' Output/reg_detect.simple-hash; \
	/home/ed/mcsema-testing/llvm-test-suite/HashProgramOutput.sh Output/reg_detect.simple-hash
if [ -f "/home/ed/mcsema-testing/llvm-test-suite/SingleSource/Benchmarks/Polybench/medley/reg_detect/reg_detect.reference_output.little-endian." ]; then \
	  cp /home/ed/mcsema-testing/llvm-test-suite/SingleSource/Benchmarks/Polybench/medley/reg_detect/reg_detect.reference_output.little-endian. Output/reg_detect.out-nat; \
	elif [ -f "/home/ed/mcsema-testing/llvm-test-suite/SingleSource/Benchmarks/Polybench/medley/reg_detect/reg_detect.reference_output." ]; then \
	  cp /home/ed/mcsema-testing/llvm-test-suite/SingleSource/Benchmarks/Polybench/medley/reg_detect/reg_detect.reference_output. Output/reg_detect.out-nat; \
	elif [ -f "/home/ed/mcsema-testing/llvm-test-suite/SingleSource/Benchmarks/Polybench/medley/reg_detect/reg_detect.reference_output.little-endian" ]; then \
	  cp /home/ed/mcsema-testing/llvm-test-suite/SingleSource/Benchmarks/Polybench/medley/reg_detect/reg_detect.reference_output.little-endian Output/reg_detect.out-nat; \
	elif [ -f "/home/ed/mcsema-testing/llvm-test-suite/SingleSource/Benchmarks/Polybench/medley/reg_detect/reg_detect.reference_output" ]; then \
	  cp /home/ed/mcsema-testing/llvm-test-suite/SingleSource/Benchmarks/Polybench/medley/reg_detect/reg_detect.reference_output Output/reg_detect.out-nat; \
	else \
	  printf "WARNING: %s: %s\n" "NO REFERENCE OUTPUT (using default)" "/home/ed/mcsema-testing/llvm-test-suite/SingleSource/Benchmarks/Polybench/medley/reg_detect/reg_detect.reference_output" > Output/reg_detect.out-nat; \
	  cp /home/ed/mcsema-testing/llvm-test-suite/default.reference_output Output/reg_detect.out-nat; \
	  cat Output/reg_detect.out-nat; \
	fi
# Pretend that the reference output was produced instantaneously.
cp /home/ed/mcsema-testing/llvm-test-suite/instant.txt Output/reg_detect.out-nat.time
/home/ed/mcsema-testing/llvm-test-suite/DiffOutput.sh "/home/ed/mcsema-testing/SANDBOX/test-2015-12-21_15-36-50/tools/fpcmp " simple reg_detect 
rm -f Output/reg_detect.exe-simple
cp Output/reg_detect.diff-simple Output/reg_detect.exe-simple
if test -f Output/reg_detect.extra-results.txt; then \
	  /home/ed/mcsema-testing/llvm-test-suite/ParseMultipleResults /home/ed/mcsema-testing/SANDBOX/test-2015-12-21_15-36-50/SingleSource/Benchmarks/Polybench/medley/reg_detect/reg_detect Output/reg_detect.extra-results.txt >> Output/reg_detect.simple.exec.report.txt; \
	fi
cat Output/reg_detect.simple.compile.report.txt Output/reg_detect.simple.exec.report.txt >> Output/reg_detect.simple.report.txt
---------------------------------------------------------------
>>> ========= '/home/ed/mcsema-testing/SANDBOX/test-2015-12-21_15-36-50/SingleSource/Benchmarks/Polybench/medley/reg_detect/reg_detect' Program
---------------------------------------------------------------

TEST-PASS: compile /home/ed/mcsema-testing/SANDBOX/test-2015-12-21_15-36-50/SingleSource/Benchmarks/Polybench/medley/reg_detect/reg_detect
TEST-RESULT-compile-success: pass
TEST-RESULT-compile-hash: fba676348f4798d72f6d8da0a25be65d
TEST-RESULT-compile-time: user       0.1180
TEST-RESULT-compile-real-time: real       0.1697

TEST-PASS: exec /home/ed/mcsema-testing/SANDBOX/test-2015-12-21_15-36-50/SingleSource/Benchmarks/Polybench/medley/reg_detect/reg_detect
TEST-RESULT-exec-success: pass
TEST-RESULT-exec-time: user       0.0195
TEST-RESULT-exec-real-time: real       0.0204
make[6]: Leaving directory `/home/ed/mcsema-testing/SANDBOX/test-2015-12-21_15-36-50/SingleSource/Benchmarks/Polybench/medley/reg_detect'
make[5]: Leaving directory `/home/ed/mcsema-testing/SANDBOX/test-2015-12-21_15-36-50/SingleSource/Benchmarks/Polybench/medley'
make[5]: Entering directory `/home/ed/mcsema-testing/SANDBOX/test-2015-12-21_15-36-50/SingleSource/Benchmarks/Polybench/stencils'
make[6]: Entering directory `/home/ed/mcsema-testing/SANDBOX/test-2015-12-21_15-36-50/SingleSource/Benchmarks/Polybench/stencils/adi'
/home/ed/mcsema-testing/llvm-test-suite/RunSafely.sh --show-errors -t "/home/ed/mcsema-testing/SANDBOX/test-2015-12-21_15-36-50/tools/timeit" 500 /dev/null Output/adi.llvm.o.compile \
	  /usr/bin/clang -I/home/ed/mcsema-testing/SANDBOX/test-2015-12-21_15-36-50/SingleSource/Benchmarks/Polybench/stencils/adi -I/home/ed/mcsema-testing/llvm-test-suite/SingleSource/Benchmarks/Polybench/stencils/adi -I/home/ed/mcsema-testing/llvm-test-suite/include -I../../../../../include -D_GNU_SOURCE -D__STDC_LIMIT_MACROS -DNDEBUG -I /home/ed/mcsema-testing/llvm-test-suite/SingleSource/Benchmarks/Polybench/utilities  -DPOLYBENCH_DUMP_ARRAYS -O3  -m64 -fomit-frame-pointer -c /home/ed/mcsema-testing/llvm-test-suite/SingleSource/Benchmarks/Polybench/stencils/adi/adi.c -o Output/adi.llvm.o
cp Output/adi.llvm.o.compile.time Output/adi.simple.compile.time
/usr/bin/clang++ -o Output/adi.simple Output/adi.llvm.o  -I /home/ed/mcsema-testing/llvm-test-suite/SingleSource/Benchmarks/Polybench/utilities  -DPOLYBENCH_DUMP_ARRAYS  -m64 -fomit-frame-pointer
/home/ed/mcsema-testing/llvm-test-suite/RunSafely.sh -t "/home/ed/mcsema-testing/SANDBOX/test-2015-12-21_15-36-50/tools/timeit-target" 500 /dev/null Output/adi.out-simple Output/adi.simple 
/home/ed/mcsema-testing/llvm-test-suite/HashProgramOutput.sh Output/adi.out-simple
cp Output/adi.simple Output/adi.simple-hash; \
	strip --remove-section=.comment --remove-section='.note*' Output/adi.simple-hash; \
	/home/ed/mcsema-testing/llvm-test-suite/HashProgramOutput.sh Output/adi.simple-hash
if [ -f "/home/ed/mcsema-testing/llvm-test-suite/SingleSource/Benchmarks/Polybench/stencils/adi/adi.reference_output.little-endian." ]; then \
	  cp /home/ed/mcsema-testing/llvm-test-suite/SingleSource/Benchmarks/Polybench/stencils/adi/adi.reference_output.little-endian. Output/adi.out-nat; \
	elif [ -f "/home/ed/mcsema-testing/llvm-test-suite/SingleSource/Benchmarks/Polybench/stencils/adi/adi.reference_output." ]; then \
	  cp /home/ed/mcsema-testing/llvm-test-suite/SingleSource/Benchmarks/Polybench/stencils/adi/adi.reference_output. Output/adi.out-nat; \
	elif [ -f "/home/ed/mcsema-testing/llvm-test-suite/SingleSource/Benchmarks/Polybench/stencils/adi/adi.reference_output.little-endian" ]; then \
	  cp /home/ed/mcsema-testing/llvm-test-suite/SingleSource/Benchmarks/Polybench/stencils/adi/adi.reference_output.little-endian Output/adi.out-nat; \
	elif [ -f "/home/ed/mcsema-testing/llvm-test-suite/SingleSource/Benchmarks/Polybench/stencils/adi/adi.reference_output" ]; then \
	  cp /home/ed/mcsema-testing/llvm-test-suite/SingleSource/Benchmarks/Polybench/stencils/adi/adi.reference_output Output/adi.out-nat; \
	else \
	  printf "WARNING: %s: %s\n" "NO REFERENCE OUTPUT (using default)" "/home/ed/mcsema-testing/llvm-test-suite/SingleSource/Benchmarks/Polybench/stencils/adi/adi.reference_output" > Output/adi.out-nat; \
	  cp /home/ed/mcsema-testing/llvm-test-suite/default.reference_output Output/adi.out-nat; \
	  cat Output/adi.out-nat; \
	fi
# Pretend that the reference output was produced instantaneously.
cp /home/ed/mcsema-testing/llvm-test-suite/instant.txt Output/adi.out-nat.time
/home/ed/mcsema-testing/llvm-test-suite/DiffOutput.sh "/home/ed/mcsema-testing/SANDBOX/test-2015-12-21_15-36-50/tools/fpcmp " simple adi 
rm -f Output/adi.exe-simple
cp Output/adi.diff-simple Output/adi.exe-simple
if test -f Output/adi.extra-results.txt; then \
	  /home/ed/mcsema-testing/llvm-test-suite/ParseMultipleResults /home/ed/mcsema-testing/SANDBOX/test-2015-12-21_15-36-50/SingleSource/Benchmarks/Polybench/stencils/adi/adi Output/adi.extra-results.txt >> Output/adi.simple.exec.report.txt; \
	fi
cat Output/adi.simple.compile.report.txt Output/adi.simple.exec.report.txt >> Output/adi.simple.report.txt
---------------------------------------------------------------
>>> ========= '/home/ed/mcsema-testing/SANDBOX/test-2015-12-21_15-36-50/SingleSource/Benchmarks/Polybench/stencils/adi/adi' Program
---------------------------------------------------------------

TEST-PASS: compile /home/ed/mcsema-testing/SANDBOX/test-2015-12-21_15-36-50/SingleSource/Benchmarks/Polybench/stencils/adi/adi
TEST-RESULT-compile-success: pass
TEST-RESULT-compile-hash: 7ecc06f81ae7c8c2ae1436121ed53b9c
TEST-RESULT-compile-time: user       0.0929
TEST-RESULT-compile-real-time: real       0.1498

TEST-PASS: exec /home/ed/mcsema-testing/SANDBOX/test-2015-12-21_15-36-50/SingleSource/Benchmarks/Polybench/stencils/adi/adi
TEST-RESULT-exec-success: pass
TEST-RESULT-exec-time: user       1.6542
TEST-RESULT-exec-real-time: real       1.7075
make[6]: Leaving directory `/home/ed/mcsema-testing/SANDBOX/test-2015-12-21_15-36-50/SingleSource/Benchmarks/Polybench/stencils/adi'
make[6]: Entering directory `/home/ed/mcsema-testing/SANDBOX/test-2015-12-21_15-36-50/SingleSource/Benchmarks/Polybench/stencils/fdtd-2d'
/home/ed/mcsema-testing/llvm-test-suite/RunSafely.sh --show-errors -t "/home/ed/mcsema-testing/SANDBOX/test-2015-12-21_15-36-50/tools/timeit" 500 /dev/null Output/fdtd-2d.llvm.o.compile \
	  /usr/bin/clang -I/home/ed/mcsema-testing/SANDBOX/test-2015-12-21_15-36-50/SingleSource/Benchmarks/Polybench/stencils/fdtd-2d -I/home/ed/mcsema-testing/llvm-test-suite/SingleSource/Benchmarks/Polybench/stencils/fdtd-2d -I/home/ed/mcsema-testing/llvm-test-suite/include -I../../../../../include -D_GNU_SOURCE -D__STDC_LIMIT_MACROS -DNDEBUG -I /home/ed/mcsema-testing/llvm-test-suite/SingleSource/Benchmarks/Polybench/utilities  -DPOLYBENCH_DUMP_ARRAYS -O3  -m64 -fomit-frame-pointer -c /home/ed/mcsema-testing/llvm-test-suite/SingleSource/Benchmarks/Polybench/stencils/fdtd-2d/fdtd-2d.c -o Output/fdtd-2d.llvm.o
cp Output/fdtd-2d.llvm.o.compile.time Output/fdtd-2d.simple.compile.time
/usr/bin/clang++ -o Output/fdtd-2d.simple Output/fdtd-2d.llvm.o  -I /home/ed/mcsema-testing/llvm-test-suite/SingleSource/Benchmarks/Polybench/utilities  -DPOLYBENCH_DUMP_ARRAYS  -m64 -fomit-frame-pointer
/home/ed/mcsema-testing/llvm-test-suite/RunSafely.sh -t "/home/ed/mcsema-testing/SANDBOX/test-2015-12-21_15-36-50/tools/timeit-target" 500 /dev/null Output/fdtd-2d.out-simple Output/fdtd-2d.simple 
/home/ed/mcsema-testing/llvm-test-suite/HashProgramOutput.sh Output/fdtd-2d.out-simple
cp Output/fdtd-2d.simple Output/fdtd-2d.simple-hash; \
	strip --remove-section=.comment --remove-section='.note*' Output/fdtd-2d.simple-hash; \
	/home/ed/mcsema-testing/llvm-test-suite/HashProgramOutput.sh Output/fdtd-2d.simple-hash
if [ -f "/home/ed/mcsema-testing/llvm-test-suite/SingleSource/Benchmarks/Polybench/stencils/fdtd-2d/fdtd-2d.reference_output.little-endian." ]; then \
	  cp /home/ed/mcsema-testing/llvm-test-suite/SingleSource/Benchmarks/Polybench/stencils/fdtd-2d/fdtd-2d.reference_output.little-endian. Output/fdtd-2d.out-nat; \
	elif [ -f "/home/ed/mcsema-testing/llvm-test-suite/SingleSource/Benchmarks/Polybench/stencils/fdtd-2d/fdtd-2d.reference_output." ]; then \
	  cp /home/ed/mcsema-testing/llvm-test-suite/SingleSource/Benchmarks/Polybench/stencils/fdtd-2d/fdtd-2d.reference_output. Output/fdtd-2d.out-nat; \
	elif [ -f "/home/ed/mcsema-testing/llvm-test-suite/SingleSource/Benchmarks/Polybench/stencils/fdtd-2d/fdtd-2d.reference_output.little-endian" ]; then \
	  cp /home/ed/mcsema-testing/llvm-test-suite/SingleSource/Benchmarks/Polybench/stencils/fdtd-2d/fdtd-2d.reference_output.little-endian Output/fdtd-2d.out-nat; \
	elif [ -f "/home/ed/mcsema-testing/llvm-test-suite/SingleSource/Benchmarks/Polybench/stencils/fdtd-2d/fdtd-2d.reference_output" ]; then \
	  cp /home/ed/mcsema-testing/llvm-test-suite/SingleSource/Benchmarks/Polybench/stencils/fdtd-2d/fdtd-2d.reference_output Output/fdtd-2d.out-nat; \
	else \
	  printf "WARNING: %s: %s\n" "NO REFERENCE OUTPUT (using default)" "/home/ed/mcsema-testing/llvm-test-suite/SingleSource/Benchmarks/Polybench/stencils/fdtd-2d/fdtd-2d.reference_output" > Output/fdtd-2d.out-nat; \
	  cp /home/ed/mcsema-testing/llvm-test-suite/default.reference_output Output/fdtd-2d.out-nat; \
	  cat Output/fdtd-2d.out-nat; \
	fi
# Pretend that the reference output was produced instantaneously.
cp /home/ed/mcsema-testing/llvm-test-suite/instant.txt Output/fdtd-2d.out-nat.time
/home/ed/mcsema-testing/llvm-test-suite/DiffOutput.sh "/home/ed/mcsema-testing/SANDBOX/test-2015-12-21_15-36-50/tools/fpcmp " simple fdtd-2d 
rm -f Output/fdtd-2d.exe-simple
cp Output/fdtd-2d.diff-simple Output/fdtd-2d.exe-simple
if test -f Output/fdtd-2d.extra-results.txt; then \
	  /home/ed/mcsema-testing/llvm-test-suite/ParseMultipleResults /home/ed/mcsema-testing/SANDBOX/test-2015-12-21_15-36-50/SingleSource/Benchmarks/Polybench/stencils/fdtd-2d/fdtd-2d Output/fdtd-2d.extra-results.txt >> Output/fdtd-2d.simple.exec.report.txt; \
	fi
cat Output/fdtd-2d.simple.compile.report.txt Output/fdtd-2d.simple.exec.report.txt >> Output/fdtd-2d.simple.report.txt
---------------------------------------------------------------
>>> ========= '/home/ed/mcsema-testing/SANDBOX/test-2015-12-21_15-36-50/SingleSource/Benchmarks/Polybench/stencils/fdtd-2d/fdtd-2d' Program
---------------------------------------------------------------

TEST-PASS: compile /home/ed/mcsema-testing/SANDBOX/test-2015-12-21_15-36-50/SingleSource/Benchmarks/Polybench/stencils/fdtd-2d/fdtd-2d
TEST-RESULT-compile-success: pass
TEST-RESULT-compile-hash: b2f829de26e2beb8911229f785076d01
TEST-RESULT-compile-time: user       0.0915
TEST-RESULT-compile-real-time: real       0.1192

TEST-PASS: exec /home/ed/mcsema-testing/SANDBOX/test-2015-12-21_15-36-50/SingleSource/Benchmarks/Polybench/stencils/fdtd-2d/fdtd-2d
TEST-RESULT-exec-success: pass
TEST-RESULT-exec-time: user       0.5732
TEST-RESULT-exec-real-time: real       0.6723
make[6]: Leaving directory `/home/ed/mcsema-testing/SANDBOX/test-2015-12-21_15-36-50/SingleSource/Benchmarks/Polybench/stencils/fdtd-2d'
make[6]: Entering directory `/home/ed/mcsema-testing/SANDBOX/test-2015-12-21_15-36-50/SingleSource/Benchmarks/Polybench/stencils/fdtd-apml'
/home/ed/mcsema-testing/llvm-test-suite/RunSafely.sh --show-errors -t "/home/ed/mcsema-testing/SANDBOX/test-2015-12-21_15-36-50/tools/timeit" 500 /dev/null Output/fdtd-apml.llvm.o.compile \
	  /usr/bin/clang -I/home/ed/mcsema-testing/SANDBOX/test-2015-12-21_15-36-50/SingleSource/Benchmarks/Polybench/stencils/fdtd-apml -I/home/ed/mcsema-testing/llvm-test-suite/SingleSource/Benchmarks/Polybench/stencils/fdtd-apml -I/home/ed/mcsema-testing/llvm-test-suite/include -I../../../../../include -D_GNU_SOURCE -D__STDC_LIMIT_MACROS -DNDEBUG -I /home/ed/mcsema-testing/llvm-test-suite/SingleSource/Benchmarks/Polybench/utilities  -DPOLYBENCH_DUMP_ARRAYS -O3  -m64 -fomit-frame-pointer -c /home/ed/mcsema-testing/llvm-test-suite/SingleSource/Benchmarks/Polybench/stencils/fdtd-apml/fdtd-apml.c -o Output/fdtd-apml.llvm.o
cp Output/fdtd-apml.llvm.o.compile.time Output/fdtd-apml.simple.compile.time
/usr/bin/clang++ -o Output/fdtd-apml.simple Output/fdtd-apml.llvm.o  -I /home/ed/mcsema-testing/llvm-test-suite/SingleSource/Benchmarks/Polybench/utilities  -DPOLYBENCH_DUMP_ARRAYS  -m64 -fomit-frame-pointer
/home/ed/mcsema-testing/llvm-test-suite/RunSafely.sh -t "/home/ed/mcsema-testing/SANDBOX/test-2015-12-21_15-36-50/tools/timeit-target" 500 /dev/null Output/fdtd-apml.out-simple Output/fdtd-apml.simple 
/home/ed/mcsema-testing/llvm-test-suite/HashProgramOutput.sh Output/fdtd-apml.out-simple
cp Output/fdtd-apml.simple Output/fdtd-apml.simple-hash; \
	strip --remove-section=.comment --remove-section='.note*' Output/fdtd-apml.simple-hash; \
	/home/ed/mcsema-testing/llvm-test-suite/HashProgramOutput.sh Output/fdtd-apml.simple-hash
if [ -f "/home/ed/mcsema-testing/llvm-test-suite/SingleSource/Benchmarks/Polybench/stencils/fdtd-apml/fdtd-apml.reference_output.little-endian." ]; then \
	  cp /home/ed/mcsema-testing/llvm-test-suite/SingleSource/Benchmarks/Polybench/stencils/fdtd-apml/fdtd-apml.reference_output.little-endian. Output/fdtd-apml.out-nat; \
	elif [ -f "/home/ed/mcsema-testing/llvm-test-suite/SingleSource/Benchmarks/Polybench/stencils/fdtd-apml/fdtd-apml.reference_output." ]; then \
	  cp /home/ed/mcsema-testing/llvm-test-suite/SingleSource/Benchmarks/Polybench/stencils/fdtd-apml/fdtd-apml.reference_output. Output/fdtd-apml.out-nat; \
	elif [ -f "/home/ed/mcsema-testing/llvm-test-suite/SingleSource/Benchmarks/Polybench/stencils/fdtd-apml/fdtd-apml.reference_output.little-endian" ]; then \
	  cp /home/ed/mcsema-testing/llvm-test-suite/SingleSource/Benchmarks/Polybench/stencils/fdtd-apml/fdtd-apml.reference_output.little-endian Output/fdtd-apml.out-nat; \
	elif [ -f "/home/ed/mcsema-testing/llvm-test-suite/SingleSource/Benchmarks/Polybench/stencils/fdtd-apml/fdtd-apml.reference_output" ]; then \
	  cp /home/ed/mcsema-testing/llvm-test-suite/SingleSource/Benchmarks/Polybench/stencils/fdtd-apml/fdtd-apml.reference_output Output/fdtd-apml.out-nat; \
	else \
	  printf "WARNING: %s: %s\n" "NO REFERENCE OUTPUT (using default)" "/home/ed/mcsema-testing/llvm-test-suite/SingleSource/Benchmarks/Polybench/stencils/fdtd-apml/fdtd-apml.reference_output" > Output/fdtd-apml.out-nat; \
	  cp /home/ed/mcsema-testing/llvm-test-suite/default.reference_output Output/fdtd-apml.out-nat; \
	  cat Output/fdtd-apml.out-nat; \
	fi
# Pretend that the reference output was produced instantaneously.
cp /home/ed/mcsema-testing/llvm-test-suite/instant.txt Output/fdtd-apml.out-nat.time
/home/ed/mcsema-testing/llvm-test-suite/DiffOutput.sh "/home/ed/mcsema-testing/SANDBOX/test-2015-12-21_15-36-50/tools/fpcmp " simple fdtd-apml 
rm -f Output/fdtd-apml.exe-simple
cp Output/fdtd-apml.diff-simple Output/fdtd-apml.exe-simple
if test -f Output/fdtd-apml.extra-results.txt; then \
	  /home/ed/mcsema-testing/llvm-test-suite/ParseMultipleResults /home/ed/mcsema-testing/SANDBOX/test-2015-12-21_15-36-50/SingleSource/Benchmarks/Polybench/stencils/fdtd-apml/fdtd-apml Output/fdtd-apml.extra-results.txt >> Output/fdtd-apml.simple.exec.report.txt; \
	fi
cat Output/fdtd-apml.simple.compile.report.txt Output/fdtd-apml.simple.exec.report.txt >> Output/fdtd-apml.simple.report.txt
---------------------------------------------------------------
>>> ========= '/home/ed/mcsema-testing/SANDBOX/test-2015-12-21_15-36-50/SingleSource/Benchmarks/Polybench/stencils/fdtd-apml/fdtd-apml' Program
---------------------------------------------------------------

TEST-PASS: compile /home/ed/mcsema-testing/SANDBOX/test-2015-12-21_15-36-50/SingleSource/Benchmarks/Polybench/stencils/fdtd-apml/fdtd-apml
TEST-RESULT-compile-success: pass
TEST-RESULT-compile-hash: 05cdea0623e6f6f451c65cb62ed5882b
TEST-RESULT-compile-time: user       0.0990
TEST-RESULT-compile-real-time: real       0.1306

TEST-PASS: exec /home/ed/mcsema-testing/SANDBOX/test-2015-12-21_15-36-50/SingleSource/Benchmarks/Polybench/stencils/fdtd-apml/fdtd-apml
TEST-RESULT-exec-success: pass
TEST-RESULT-exec-time: user       1.1879
TEST-RESULT-exec-real-time: real       3.0593
make[6]: Leaving directory `/home/ed/mcsema-testing/SANDBOX/test-2015-12-21_15-36-50/SingleSource/Benchmarks/Polybench/stencils/fdtd-apml'
make[6]: Entering directory `/home/ed/mcsema-testing/SANDBOX/test-2015-12-21_15-36-50/SingleSource/Benchmarks/Polybench/stencils/jacobi-1d-imper'
/home/ed/mcsema-testing/llvm-test-suite/RunSafely.sh --show-errors -t "/home/ed/mcsema-testing/SANDBOX/test-2015-12-21_15-36-50/tools/timeit" 500 /dev/null Output/jacobi-1d-imper.llvm.o.compile \
	  /usr/bin/clang -I/home/ed/mcsema-testing/SANDBOX/test-2015-12-21_15-36-50/SingleSource/Benchmarks/Polybench/stencils/jacobi-1d-imper -I/home/ed/mcsema-testing/llvm-test-suite/SingleSource/Benchmarks/Polybench/stencils/jacobi-1d-imper -I/home/ed/mcsema-testing/llvm-test-suite/include -I../../../../../include -D_GNU_SOURCE -D__STDC_LIMIT_MACROS -DNDEBUG -I /home/ed/mcsema-testing/llvm-test-suite/SingleSource/Benchmarks/Polybench/utilities  -DPOLYBENCH_DUMP_ARRAYS -O3  -m64 -fomit-frame-pointer -c /home/ed/mcsema-testing/llvm-test-suite/SingleSource/Benchmarks/Polybench/stencils/jacobi-1d-imper/jacobi-1d-imper.c -o Output/jacobi-1d-imper.llvm.o
cp Output/jacobi-1d-imper.llvm.o.compile.time Output/jacobi-1d-imper.simple.compile.time
/usr/bin/clang++ -o Output/jacobi-1d-imper.simple Output/jacobi-1d-imper.llvm.o  -I /home/ed/mcsema-testing/llvm-test-suite/SingleSource/Benchmarks/Polybench/utilities  -DPOLYBENCH_DUMP_ARRAYS  -m64 -fomit-frame-pointer
/home/ed/mcsema-testing/llvm-test-suite/RunSafely.sh -t "/home/ed/mcsema-testing/SANDBOX/test-2015-12-21_15-36-50/tools/timeit-target" 500 /dev/null Output/jacobi-1d-imper.out-simple Output/jacobi-1d-imper.simple 
/home/ed/mcsema-testing/llvm-test-suite/HashProgramOutput.sh Output/jacobi-1d-imper.out-simple
cp Output/jacobi-1d-imper.simple Output/jacobi-1d-imper.simple-hash; \
	strip --remove-section=.comment --remove-section='.note*' Output/jacobi-1d-imper.simple-hash; \
	/home/ed/mcsema-testing/llvm-test-suite/HashProgramOutput.sh Output/jacobi-1d-imper.simple-hash
if [ -f "/home/ed/mcsema-testing/llvm-test-suite/SingleSource/Benchmarks/Polybench/stencils/jacobi-1d-imper/jacobi-1d-imper.reference_output.little-endian." ]; then \
	  cp /home/ed/mcsema-testing/llvm-test-suite/SingleSource/Benchmarks/Polybench/stencils/jacobi-1d-imper/jacobi-1d-imper.reference_output.little-endian. Output/jacobi-1d-imper.out-nat; \
	elif [ -f "/home/ed/mcsema-testing/llvm-test-suite/SingleSource/Benchmarks/Polybench/stencils/jacobi-1d-imper/jacobi-1d-imper.reference_output." ]; then \
	  cp /home/ed/mcsema-testing/llvm-test-suite/SingleSource/Benchmarks/Polybench/stencils/jacobi-1d-imper/jacobi-1d-imper.reference_output. Output/jacobi-1d-imper.out-nat; \
	elif [ -f "/home/ed/mcsema-testing/llvm-test-suite/SingleSource/Benchmarks/Polybench/stencils/jacobi-1d-imper/jacobi-1d-imper.reference_output.little-endian" ]; then \
	  cp /home/ed/mcsema-testing/llvm-test-suite/SingleSource/Benchmarks/Polybench/stencils/jacobi-1d-imper/jacobi-1d-imper.reference_output.little-endian Output/jacobi-1d-imper.out-nat; \
	elif [ -f "/home/ed/mcsema-testing/llvm-test-suite/SingleSource/Benchmarks/Polybench/stencils/jacobi-1d-imper/jacobi-1d-imper.reference_output" ]; then \
	  cp /home/ed/mcsema-testing/llvm-test-suite/SingleSource/Benchmarks/Polybench/stencils/jacobi-1d-imper/jacobi-1d-imper.reference_output Output/jacobi-1d-imper.out-nat; \
	else \
	  printf "WARNING: %s: %s\n" "NO REFERENCE OUTPUT (using default)" "/home/ed/mcsema-testing/llvm-test-suite/SingleSource/Benchmarks/Polybench/stencils/jacobi-1d-imper/jacobi-1d-imper.reference_output" > Output/jacobi-1d-imper.out-nat; \
	  cp /home/ed/mcsema-testing/llvm-test-suite/default.reference_output Output/jacobi-1d-imper.out-nat; \
	  cat Output/jacobi-1d-imper.out-nat; \
	fi
# Pretend that the reference output was produced instantaneously.
cp /home/ed/mcsema-testing/llvm-test-suite/instant.txt Output/jacobi-1d-imper.out-nat.time
/home/ed/mcsema-testing/llvm-test-suite/DiffOutput.sh "/home/ed/mcsema-testing/SANDBOX/test-2015-12-21_15-36-50/tools/fpcmp " simple jacobi-1d-imper 
rm -f Output/jacobi-1d-imper.exe-simple
cp Output/jacobi-1d-imper.diff-simple Output/jacobi-1d-imper.exe-simple
if test -f Output/jacobi-1d-imper.extra-results.txt; then \
	  /home/ed/mcsema-testing/llvm-test-suite/ParseMultipleResults /home/ed/mcsema-testing/SANDBOX/test-2015-12-21_15-36-50/SingleSource/Benchmarks/Polybench/stencils/jacobi-1d-imper/jacobi-1d-imper Output/jacobi-1d-imper.extra-results.txt >> Output/jacobi-1d-imper.simple.exec.report.txt; \
	fi
cat Output/jacobi-1d-imper.simple.compile.report.txt Output/jacobi-1d-imper.simple.exec.report.txt >> Output/jacobi-1d-imper.simple.report.txt
---------------------------------------------------------------
>>> ========= '/home/ed/mcsema-testing/SANDBOX/test-2015-12-21_15-36-50/SingleSource/Benchmarks/Polybench/stencils/jacobi-1d-imper/jacobi-1d-imper' Program
---------------------------------------------------------------

TEST-PASS: compile /home/ed/mcsema-testing/SANDBOX/test-2015-12-21_15-36-50/SingleSource/Benchmarks/Polybench/stencils/jacobi-1d-imper/jacobi-1d-imper
TEST-RESULT-compile-success: pass
TEST-RESULT-compile-hash: f036cd74bbf91607919f8e8dd5ceceed
TEST-RESULT-compile-time: user       0.0681
TEST-RESULT-compile-real-time: real       0.1056

TEST-PASS: exec /home/ed/mcsema-testing/SANDBOX/test-2015-12-21_15-36-50/SingleSource/Benchmarks/Polybench/stencils/jacobi-1d-imper/jacobi-1d-imper
TEST-RESULT-exec-success: pass
TEST-RESULT-exec-time: user       0.0022
TEST-RESULT-exec-real-time: real       0.0033
make[6]: Leaving directory `/home/ed/mcsema-testing/SANDBOX/test-2015-12-21_15-36-50/SingleSource/Benchmarks/Polybench/stencils/jacobi-1d-imper'
make[6]: Entering directory `/home/ed/mcsema-testing/SANDBOX/test-2015-12-21_15-36-50/SingleSource/Benchmarks/Polybench/stencils/jacobi-2d-imper'
/home/ed/mcsema-testing/llvm-test-suite/RunSafely.sh --show-errors -t "/home/ed/mcsema-testing/SANDBOX/test-2015-12-21_15-36-50/tools/timeit" 500 /dev/null Output/jacobi-2d-imper.llvm.o.compile \
	  /usr/bin/clang -I/home/ed/mcsema-testing/SANDBOX/test-2015-12-21_15-36-50/SingleSource/Benchmarks/Polybench/stencils/jacobi-2d-imper -I/home/ed/mcsema-testing/llvm-test-suite/SingleSource/Benchmarks/Polybench/stencils/jacobi-2d-imper -I/home/ed/mcsema-testing/llvm-test-suite/include -I../../../../../include -D_GNU_SOURCE -D__STDC_LIMIT_MACROS -DNDEBUG -I /home/ed/mcsema-testing/llvm-test-suite/SingleSource/Benchmarks/Polybench/utilities  -DPOLYBENCH_DUMP_ARRAYS -O3  -m64 -fomit-frame-pointer -c /home/ed/mcsema-testing/llvm-test-suite/SingleSource/Benchmarks/Polybench/stencils/jacobi-2d-imper/jacobi-2d-imper.c -o Output/jacobi-2d-imper.llvm.o
cp Output/jacobi-2d-imper.llvm.o.compile.time Output/jacobi-2d-imper.simple.compile.time
/usr/bin/clang++ -o Output/jacobi-2d-imper.simple Output/jacobi-2d-imper.llvm.o  -I /home/ed/mcsema-testing/llvm-test-suite/SingleSource/Benchmarks/Polybench/utilities  -DPOLYBENCH_DUMP_ARRAYS  -m64 -fomit-frame-pointer
/home/ed/mcsema-testing/llvm-test-suite/RunSafely.sh -t "/home/ed/mcsema-testing/SANDBOX/test-2015-12-21_15-36-50/tools/timeit-target" 500 /dev/null Output/jacobi-2d-imper.out-simple Output/jacobi-2d-imper.simple 
/home/ed/mcsema-testing/llvm-test-suite/HashProgramOutput.sh Output/jacobi-2d-imper.out-simple
cp Output/jacobi-2d-imper.simple Output/jacobi-2d-imper.simple-hash; \
	strip --remove-section=.comment --remove-section='.note*' Output/jacobi-2d-imper.simple-hash; \
	/home/ed/mcsema-testing/llvm-test-suite/HashProgramOutput.sh Output/jacobi-2d-imper.simple-hash
if [ -f "/home/ed/mcsema-testing/llvm-test-suite/SingleSource/Benchmarks/Polybench/stencils/jacobi-2d-imper/jacobi-2d-imper.reference_output.little-endian." ]; then \
	  cp /home/ed/mcsema-testing/llvm-test-suite/SingleSource/Benchmarks/Polybench/stencils/jacobi-2d-imper/jacobi-2d-imper.reference_output.little-endian. Output/jacobi-2d-imper.out-nat; \
	elif [ -f "/home/ed/mcsema-testing/llvm-test-suite/SingleSource/Benchmarks/Polybench/stencils/jacobi-2d-imper/jacobi-2d-imper.reference_output." ]; then \
	  cp /home/ed/mcsema-testing/llvm-test-suite/SingleSource/Benchmarks/Polybench/stencils/jacobi-2d-imper/jacobi-2d-imper.reference_output. Output/jacobi-2d-imper.out-nat; \
	elif [ -f "/home/ed/mcsema-testing/llvm-test-suite/SingleSource/Benchmarks/Polybench/stencils/jacobi-2d-imper/jacobi-2d-imper.reference_output.little-endian" ]; then \
	  cp /home/ed/mcsema-testing/llvm-test-suite/SingleSource/Benchmarks/Polybench/stencils/jacobi-2d-imper/jacobi-2d-imper.reference_output.little-endian Output/jacobi-2d-imper.out-nat; \
	elif [ -f "/home/ed/mcsema-testing/llvm-test-suite/SingleSource/Benchmarks/Polybench/stencils/jacobi-2d-imper/jacobi-2d-imper.reference_output" ]; then \
	  cp /home/ed/mcsema-testing/llvm-test-suite/SingleSource/Benchmarks/Polybench/stencils/jacobi-2d-imper/jacobi-2d-imper.reference_output Output/jacobi-2d-imper.out-nat; \
	else \
	  printf "WARNING: %s: %s\n" "NO REFERENCE OUTPUT (using default)" "/home/ed/mcsema-testing/llvm-test-suite/SingleSource/Benchmarks/Polybench/stencils/jacobi-2d-imper/jacobi-2d-imper.reference_output" > Output/jacobi-2d-imper.out-nat; \
	  cp /home/ed/mcsema-testing/llvm-test-suite/default.reference_output Output/jacobi-2d-imper.out-nat; \
	  cat Output/jacobi-2d-imper.out-nat; \
	fi
# Pretend that the reference output was produced instantaneously.
cp /home/ed/mcsema-testing/llvm-test-suite/instant.txt Output/jacobi-2d-imper.out-nat.time
/home/ed/mcsema-testing/llvm-test-suite/DiffOutput.sh "/home/ed/mcsema-testing/SANDBOX/test-2015-12-21_15-36-50/tools/fpcmp " simple jacobi-2d-imper 
rm -f Output/jacobi-2d-imper.exe-simple
cp Output/jacobi-2d-imper.diff-simple Output/jacobi-2d-imper.exe-simple
if test -f Output/jacobi-2d-imper.extra-results.txt; then \
	  /home/ed/mcsema-testing/llvm-test-suite/ParseMultipleResults /home/ed/mcsema-testing/SANDBOX/test-2015-12-21_15-36-50/SingleSource/Benchmarks/Polybench/stencils/jacobi-2d-imper/jacobi-2d-imper Output/jacobi-2d-imper.extra-results.txt >> Output/jacobi-2d-imper.simple.exec.report.txt; \
	fi
cat Output/jacobi-2d-imper.simple.compile.report.txt Output/jacobi-2d-imper.simple.exec.report.txt >> Output/jacobi-2d-imper.simple.report.txt
---------------------------------------------------------------
>>> ========= '/home/ed/mcsema-testing/SANDBOX/test-2015-12-21_15-36-50/SingleSource/Benchmarks/Polybench/stencils/jacobi-2d-imper/jacobi-2d-imper' Program
---------------------------------------------------------------

TEST-PASS: compile /home/ed/mcsema-testing/SANDBOX/test-2015-12-21_15-36-50/SingleSource/Benchmarks/Polybench/stencils/jacobi-2d-imper/jacobi-2d-imper
TEST-RESULT-compile-success: pass
TEST-RESULT-compile-hash: e2b2e6c082ff52a557cb33dfd4f21dbc
TEST-RESULT-compile-time: user       0.0748
TEST-RESULT-compile-real-time: real       0.0958

TEST-PASS: exec /home/ed/mcsema-testing/SANDBOX/test-2015-12-21_15-36-50/SingleSource/Benchmarks/Polybench/stencils/jacobi-2d-imper/jacobi-2d-imper
TEST-RESULT-exec-success: pass
TEST-RESULT-exec-time: user       0.1287
TEST-RESULT-exec-real-time: real       0.1457
make[6]: Leaving directory `/home/ed/mcsema-testing/SANDBOX/test-2015-12-21_15-36-50/SingleSource/Benchmarks/Polybench/stencils/jacobi-2d-imper'
make[6]: Entering directory `/home/ed/mcsema-testing/SANDBOX/test-2015-12-21_15-36-50/SingleSource/Benchmarks/Polybench/stencils/seidel-2d'
/home/ed/mcsema-testing/llvm-test-suite/RunSafely.sh --show-errors -t "/home/ed/mcsema-testing/SANDBOX/test-2015-12-21_15-36-50/tools/timeit" 500 /dev/null Output/seidel-2d.llvm.o.compile \
	  /usr/bin/clang -I/home/ed/mcsema-testing/SANDBOX/test-2015-12-21_15-36-50/SingleSource/Benchmarks/Polybench/stencils/seidel-2d -I/home/ed/mcsema-testing/llvm-test-suite/SingleSource/Benchmarks/Polybench/stencils/seidel-2d -I/home/ed/mcsema-testing/llvm-test-suite/include -I../../../../../include -D_GNU_SOURCE -D__STDC_LIMIT_MACROS -DNDEBUG -I /home/ed/mcsema-testing/llvm-test-suite/SingleSource/Benchmarks/Polybench/utilities  -DPOLYBENCH_DUMP_ARRAYS -O3  -m64 -fomit-frame-pointer -c /home/ed/mcsema-testing/llvm-test-suite/SingleSource/Benchmarks/Polybench/stencils/seidel-2d/seidel-2d.c -o Output/seidel-2d.llvm.o
cp Output/seidel-2d.llvm.o.compile.time Output/seidel-2d.simple.compile.time
/usr/bin/clang++ -o Output/seidel-2d.simple Output/seidel-2d.llvm.o  -I /home/ed/mcsema-testing/llvm-test-suite/SingleSource/Benchmarks/Polybench/utilities  -DPOLYBENCH_DUMP_ARRAYS  -m64 -fomit-frame-pointer
/home/ed/mcsema-testing/llvm-test-suite/RunSafely.sh -t "/home/ed/mcsema-testing/SANDBOX/test-2015-12-21_15-36-50/tools/timeit-target" 500 /dev/null Output/seidel-2d.out-simple Output/seidel-2d.simple 
/home/ed/mcsema-testing/llvm-test-suite/HashProgramOutput.sh Output/seidel-2d.out-simple
cp Output/seidel-2d.simple Output/seidel-2d.simple-hash; \
	strip --remove-section=.comment --remove-section='.note*' Output/seidel-2d.simple-hash; \
	/home/ed/mcsema-testing/llvm-test-suite/HashProgramOutput.sh Output/seidel-2d.simple-hash
if [ -f "/home/ed/mcsema-testing/llvm-test-suite/SingleSource/Benchmarks/Polybench/stencils/seidel-2d/seidel-2d.reference_output.little-endian." ]; then \
	  cp /home/ed/mcsema-testing/llvm-test-suite/SingleSource/Benchmarks/Polybench/stencils/seidel-2d/seidel-2d.reference_output.little-endian. Output/seidel-2d.out-nat; \
	elif [ -f "/home/ed/mcsema-testing/llvm-test-suite/SingleSource/Benchmarks/Polybench/stencils/seidel-2d/seidel-2d.reference_output." ]; then \
	  cp /home/ed/mcsema-testing/llvm-test-suite/SingleSource/Benchmarks/Polybench/stencils/seidel-2d/seidel-2d.reference_output. Output/seidel-2d.out-nat; \
	elif [ -f "/home/ed/mcsema-testing/llvm-test-suite/SingleSource/Benchmarks/Polybench/stencils/seidel-2d/seidel-2d.reference_output.little-endian" ]; then \
	  cp /home/ed/mcsema-testing/llvm-test-suite/SingleSource/Benchmarks/Polybench/stencils/seidel-2d/seidel-2d.reference_output.little-endian Output/seidel-2d.out-nat; \
	elif [ -f "/home/ed/mcsema-testing/llvm-test-suite/SingleSource/Benchmarks/Polybench/stencils/seidel-2d/seidel-2d.reference_output" ]; then \
	  cp /home/ed/mcsema-testing/llvm-test-suite/SingleSource/Benchmarks/Polybench/stencils/seidel-2d/seidel-2d.reference_output Output/seidel-2d.out-nat; \
	else \
	  printf "WARNING: %s: %s\n" "NO REFERENCE OUTPUT (using default)" "/home/ed/mcsema-testing/llvm-test-suite/SingleSource/Benchmarks/Polybench/stencils/seidel-2d/seidel-2d.reference_output" > Output/seidel-2d.out-nat; \
	  cp /home/ed/mcsema-testing/llvm-test-suite/default.reference_output Output/seidel-2d.out-nat; \
	  cat Output/seidel-2d.out-nat; \
	fi
# Pretend that the reference output was produced instantaneously.
cp /home/ed/mcsema-testing/llvm-test-suite/instant.txt Output/seidel-2d.out-nat.time
/home/ed/mcsema-testing/llvm-test-suite/DiffOutput.sh "/home/ed/mcsema-testing/SANDBOX/test-2015-12-21_15-36-50/tools/fpcmp " simple seidel-2d 
rm -f Output/seidel-2d.exe-simple
cp Output/seidel-2d.diff-simple Output/seidel-2d.exe-simple
if test -f Output/seidel-2d.extra-results.txt; then \
	  /home/ed/mcsema-testing/llvm-test-suite/ParseMultipleResults /home/ed/mcsema-testing/SANDBOX/test-2015-12-21_15-36-50/SingleSource/Benchmarks/Polybench/stencils/seidel-2d/seidel-2d Output/seidel-2d.extra-results.txt >> Output/seidel-2d.simple.exec.report.txt; \
	fi
cat Output/seidel-2d.simple.compile.report.txt Output/seidel-2d.simple.exec.report.txt >> Output/seidel-2d.simple.report.txt
---------------------------------------------------------------
>>> ========= '/home/ed/mcsema-testing/SANDBOX/test-2015-12-21_15-36-50/SingleSource/Benchmarks/Polybench/stencils/seidel-2d/seidel-2d' Program
---------------------------------------------------------------

TEST-PASS: compile /home/ed/mcsema-testing/SANDBOX/test-2015-12-21_15-36-50/SingleSource/Benchmarks/Polybench/stencils/seidel-2d/seidel-2d
TEST-RESULT-compile-success: pass
TEST-RESULT-compile-hash: 709e740d844a1d14d270107498021d14
TEST-RESULT-compile-time: user       0.0621
TEST-RESULT-compile-real-time: real       0.0942

TEST-PASS: exec /home/ed/mcsema-testing/SANDBOX/test-2015-12-21_15-36-50/SingleSource/Benchmarks/Polybench/stencils/seidel-2d/seidel-2d
TEST-RESULT-exec-success: pass
TEST-RESULT-exec-time: user       0.2527
TEST-RESULT-exec-real-time: real       0.2883
make[6]: Leaving directory `/home/ed/mcsema-testing/SANDBOX/test-2015-12-21_15-36-50/SingleSource/Benchmarks/Polybench/stencils/seidel-2d'
make[5]: Leaving directory `/home/ed/mcsema-testing/SANDBOX/test-2015-12-21_15-36-50/SingleSource/Benchmarks/Polybench/stencils'
make[4]: Leaving directory `/home/ed/mcsema-testing/SANDBOX/test-2015-12-21_15-36-50/SingleSource/Benchmarks/Polybench'
make[4]: Entering directory `/home/ed/mcsema-testing/SANDBOX/test-2015-12-21_15-36-50/SingleSource/Benchmarks/Linpack'
/home/ed/mcsema-testing/llvm-test-suite/RunSafely.sh --show-errors -t "/home/ed/mcsema-testing/SANDBOX/test-2015-12-21_15-36-50/tools/timeit" 500 /dev/null Output/linpack-pc.llvm.o.compile \
	  /usr/bin/clang -I/home/ed/mcsema-testing/SANDBOX/test-2015-12-21_15-36-50/SingleSource/Benchmarks/Linpack -I/home/ed/mcsema-testing/llvm-test-suite/SingleSource/Benchmarks/Linpack -I/home/ed/mcsema-testing/llvm-test-suite/include -I../../../include -D_GNU_SOURCE -D__STDC_LIMIT_MACROS -DNDEBUG  -O3  -m64 -fomit-frame-pointer -c /home/ed/mcsema-testing/llvm-test-suite/SingleSource/Benchmarks/Linpack/linpack-pc.c -o Output/linpack-pc.llvm.o
cp Output/linpack-pc.llvm.o.compile.time Output/linpack-pc.simple.compile.time
/usr/bin/clang++ -o Output/linpack-pc.simple Output/linpack-pc.llvm.o -lm   -m64 -fomit-frame-pointer
/home/ed/mcsema-testing/llvm-test-suite/RunSafely.sh -t "/home/ed/mcsema-testing/SANDBOX/test-2015-12-21_15-36-50/tools/timeit-target" 500 /dev/null Output/linpack-pc.out-simple Output/linpack-pc.simple 
cp Output/linpack-pc.simple Output/linpack-pc.simple-hash; \
	strip --remove-section=.comment --remove-section='.note*' Output/linpack-pc.simple-hash; \
	/home/ed/mcsema-testing/llvm-test-suite/HashProgramOutput.sh Output/linpack-pc.simple-hash
if [ -f "/home/ed/mcsema-testing/llvm-test-suite/SingleSource/Benchmarks/Linpack/linpack-pc.reference_output.little-endian." ]; then \
	  cp /home/ed/mcsema-testing/llvm-test-suite/SingleSource/Benchmarks/Linpack/linpack-pc.reference_output.little-endian. Output/linpack-pc.out-nat; \
	elif [ -f "/home/ed/mcsema-testing/llvm-test-suite/SingleSource/Benchmarks/Linpack/linpack-pc.reference_output." ]; then \
	  cp /home/ed/mcsema-testing/llvm-test-suite/SingleSource/Benchmarks/Linpack/linpack-pc.reference_output. Output/linpack-pc.out-nat; \
	elif [ -f "/home/ed/mcsema-testing/llvm-test-suite/SingleSource/Benchmarks/Linpack/linpack-pc.reference_output.little-endian" ]; then \
	  cp /home/ed/mcsema-testing/llvm-test-suite/SingleSource/Benchmarks/Linpack/linpack-pc.reference_output.little-endian Output/linpack-pc.out-nat; \
	elif [ -f "/home/ed/mcsema-testing/llvm-test-suite/SingleSource/Benchmarks/Linpack/linpack-pc.reference_output" ]; then \
	  cp /home/ed/mcsema-testing/llvm-test-suite/SingleSource/Benchmarks/Linpack/linpack-pc.reference_output Output/linpack-pc.out-nat; \
	else \
	  printf "WARNING: %s: %s\n" "NO REFERENCE OUTPUT (using default)" "/home/ed/mcsema-testing/llvm-test-suite/SingleSource/Benchmarks/Linpack/linpack-pc.reference_output" > Output/linpack-pc.out-nat; \
	  cp /home/ed/mcsema-testing/llvm-test-suite/default.reference_output Output/linpack-pc.out-nat; \
	  cat Output/linpack-pc.out-nat; \
	fi
# Pretend that the reference output was produced instantaneously.
cp /home/ed/mcsema-testing/llvm-test-suite/instant.txt Output/linpack-pc.out-nat.time
/home/ed/mcsema-testing/llvm-test-suite/DiffOutput.sh "/home/ed/mcsema-testing/SANDBOX/test-2015-12-21_15-36-50/tools/fpcmp  -r 0.0001" simple linpack-pc 
rm -f Output/linpack-pc.exe-simple
cp Output/linpack-pc.diff-simple Output/linpack-pc.exe-simple
if test -f Output/linpack-pc.extra-results.txt; then \
	  /home/ed/mcsema-testing/llvm-test-suite/ParseMultipleResults /home/ed/mcsema-testing/SANDBOX/test-2015-12-21_15-36-50/SingleSource/Benchmarks/Linpack/linpack-pc Output/linpack-pc.extra-results.txt >> Output/linpack-pc.simple.exec.report.txt; \
	fi
cat Output/linpack-pc.simple.compile.report.txt Output/linpack-pc.simple.exec.report.txt >> Output/linpack-pc.simple.report.txt
---------------------------------------------------------------
>>> ========= '/home/ed/mcsema-testing/SANDBOX/test-2015-12-21_15-36-50/SingleSource/Benchmarks/Linpack/linpack-pc' Program
---------------------------------------------------------------

TEST-PASS: compile /home/ed/mcsema-testing/SANDBOX/test-2015-12-21_15-36-50/SingleSource/Benchmarks/Linpack/linpack-pc
TEST-RESULT-compile-success: pass
TEST-RESULT-compile-hash: 96ff890a4b59706e83196532d7ccf725
TEST-RESULT-compile-time: user       0.1891
TEST-RESULT-compile-real-time: real       0.2273

TEST-PASS: exec /home/ed/mcsema-testing/SANDBOX/test-2015-12-21_15-36-50/SingleSource/Benchmarks/Linpack/linpack-pc
TEST-RESULT-exec-success: pass
TEST-RESULT-exec-time: user       1.8158
TEST-RESULT-exec-real-time: real       1.8267
make[4]: Leaving directory `/home/ed/mcsema-testing/SANDBOX/test-2015-12-21_15-36-50/SingleSource/Benchmarks/Linpack'
make[4]: Entering directory `/home/ed/mcsema-testing/SANDBOX/test-2015-12-21_15-36-50/SingleSource/Benchmarks/SmallPT'
/home/ed/mcsema-testing/llvm-test-suite/RunSafely.sh --show-errors -t "/home/ed/mcsema-testing/SANDBOX/test-2015-12-21_15-36-50/tools/timeit" 1200 /dev/null Output/smallpt.llvm.o.compile \
	  /usr/bin/clang++ -I/home/ed/mcsema-testing/SANDBOX/test-2015-12-21_15-36-50/SingleSource/Benchmarks/SmallPT -I/home/ed/mcsema-testing/llvm-test-suite/SingleSource/Benchmarks/SmallPT -I/home/ed/mcsema-testing/llvm-test-suite/include -I../../../include -D_GNU_SOURCE -D__STDC_LIMIT_MACROS -DNDEBUG  -O3  -m64 -fomit-frame-pointer -c /home/ed/mcsema-testing/llvm-test-suite/SingleSource/Benchmarks/SmallPT/smallpt.cpp -o Output/smallpt.llvm.o
cp Output/smallpt.llvm.o.compile.time Output/smallpt.simple.compile.time
/usr/bin/clang++ -o Output/smallpt.simple Output/smallpt.llvm.o -lm -lstdc++   -m64 -fomit-frame-pointer
/home/ed/mcsema-testing/llvm-test-suite/RunSafely.sh -t "/home/ed/mcsema-testing/SANDBOX/test-2015-12-21_15-36-50/tools/timeit-target" 1200 /dev/null Output/smallpt.out-simple Output/smallpt.simple 
cp Output/smallpt.simple Output/smallpt.simple-hash; \
	strip --remove-section=.comment --remove-section='.note*' Output/smallpt.simple-hash; \
	/home/ed/mcsema-testing/llvm-test-suite/HashProgramOutput.sh Output/smallpt.simple-hash
if [ -f "/home/ed/mcsema-testing/llvm-test-suite/SingleSource/Benchmarks/SmallPT/smallpt.reference_output.little-endian." ]; then \
	  cp /home/ed/mcsema-testing/llvm-test-suite/SingleSource/Benchmarks/SmallPT/smallpt.reference_output.little-endian. Output/smallpt.out-nat; \
	elif [ -f "/home/ed/mcsema-testing/llvm-test-suite/SingleSource/Benchmarks/SmallPT/smallpt.reference_output." ]; then \
	  cp /home/ed/mcsema-testing/llvm-test-suite/SingleSource/Benchmarks/SmallPT/smallpt.reference_output. Output/smallpt.out-nat; \
	elif [ -f "/home/ed/mcsema-testing/llvm-test-suite/SingleSource/Benchmarks/SmallPT/smallpt.reference_output.little-endian" ]; then \
	  cp /home/ed/mcsema-testing/llvm-test-suite/SingleSource/Benchmarks/SmallPT/smallpt.reference_output.little-endian Output/smallpt.out-nat; \
	elif [ -f "/home/ed/mcsema-testing/llvm-test-suite/SingleSource/Benchmarks/SmallPT/smallpt.reference_output" ]; then \
	  cp /home/ed/mcsema-testing/llvm-test-suite/SingleSource/Benchmarks/SmallPT/smallpt.reference_output Output/smallpt.out-nat; \
	else \
	  printf "WARNING: %s: %s\n" "NO REFERENCE OUTPUT (using default)" "/home/ed/mcsema-testing/llvm-test-suite/SingleSource/Benchmarks/SmallPT/smallpt.reference_output" > Output/smallpt.out-nat; \
	  cp /home/ed/mcsema-testing/llvm-test-suite/default.reference_output Output/smallpt.out-nat; \
	  cat Output/smallpt.out-nat; \
	fi
# Pretend that the reference output was produced instantaneously.
cp /home/ed/mcsema-testing/llvm-test-suite/instant.txt Output/smallpt.out-nat.time
/home/ed/mcsema-testing/llvm-test-suite/DiffOutput.sh "/home/ed/mcsema-testing/SANDBOX/test-2015-12-21_15-36-50/tools/fpcmp  -r 0.001" simple smallpt 
rm -f Output/smallpt.exe-simple
cp Output/smallpt.diff-simple Output/smallpt.exe-simple
if test -f Output/smallpt.extra-results.txt; then \
	  /home/ed/mcsema-testing/llvm-test-suite/ParseMultipleResults /home/ed/mcsema-testing/SANDBOX/test-2015-12-21_15-36-50/SingleSource/Benchmarks/SmallPT/smallpt Output/smallpt.extra-results.txt >> Output/smallpt.simple.exec.report.txt; \
	fi
cat Output/smallpt.simple.compile.report.txt Output/smallpt.simple.exec.report.txt >> Output/smallpt.simple.report.txt
---------------------------------------------------------------
>>> ========= '/home/ed/mcsema-testing/SANDBOX/test-2015-12-21_15-36-50/SingleSource/Benchmarks/SmallPT/smallpt' Program
---------------------------------------------------------------

TEST-PASS: compile /home/ed/mcsema-testing/SANDBOX/test-2015-12-21_15-36-50/SingleSource/Benchmarks/SmallPT/smallpt
TEST-RESULT-compile-success: pass
TEST-RESULT-compile-hash: 38cb7e660d6f1aedaa4eaf182f18bf30
TEST-RESULT-compile-time: user       0.0971
TEST-RESULT-compile-real-time: real       0.1193

TEST-PASS: exec /home/ed/mcsema-testing/SANDBOX/test-2015-12-21_15-36-50/SingleSource/Benchmarks/SmallPT/smallpt
TEST-RESULT-exec-success: pass
TEST-RESULT-exec-time: user       8.6234
TEST-RESULT-exec-real-time: real       8.6450
make[4]: Leaving directory `/home/ed/mcsema-testing/SANDBOX/test-2015-12-21_15-36-50/SingleSource/Benchmarks/SmallPT'
make[3]: Leaving directory `/home/ed/mcsema-testing/SANDBOX/test-2015-12-21_15-36-50/SingleSource/Benchmarks'
make[3]: Entering directory `/home/ed/mcsema-testing/SANDBOX/test-2015-12-21_15-36-50/SingleSource/UnitTests'
make[4]: Entering directory `/home/ed/mcsema-testing/SANDBOX/test-2015-12-21_15-36-50/SingleSource/UnitTests/Vector'
make[5]: Entering directory `/home/ed/mcsema-testing/SANDBOX/test-2015-12-21_15-36-50/SingleSource/UnitTests/Vector/SSE'
/home/ed/mcsema-testing/llvm-test-suite/RunSafely.sh --show-errors -t "/home/ed/mcsema-testing/SANDBOX/test-2015-12-21_15-36-50/tools/timeit" 500 /dev/null Output/sse.expandfft.llvm.o.compile \
	  /usr/bin/clang -I/home/ed/mcsema-testing/SANDBOX/test-2015-12-21_15-36-50/SingleSource/UnitTests/Vector/SSE -I/home/ed/mcsema-testing/llvm-test-suite/SingleSource/UnitTests/Vector/SSE -I/home/ed/mcsema-testing/llvm-test-suite/include -I../../../../include -D_GNU_SOURCE -D__STDC_LIMIT_MACROS -DNDEBUG  -O3  -m64 -fomit-frame-pointer -c /home/ed/mcsema-testing/llvm-test-suite/SingleSource/UnitTests/Vector/SSE/sse.expandfft.c -o Output/sse.expandfft.llvm.o
cp Output/sse.expandfft.llvm.o.compile.time Output/sse.expandfft.simple.compile.time
/usr/bin/clang++ -o Output/sse.expandfft.simple Output/sse.expandfft.llvm.o -lm   -m64 -fomit-frame-pointer
/home/ed/mcsema-testing/llvm-test-suite/RunSafely.sh -t "/home/ed/mcsema-testing/SANDBOX/test-2015-12-21_15-36-50/tools/timeit-target" 500 /dev/null Output/sse.expandfft.out-simple Output/sse.expandfft.simple 
cp Output/sse.expandfft.simple Output/sse.expandfft.simple-hash; \
	strip --remove-section=.comment --remove-section='.note*' Output/sse.expandfft.simple-hash; \
	/home/ed/mcsema-testing/llvm-test-suite/HashProgramOutput.sh Output/sse.expandfft.simple-hash
if [ -f "/home/ed/mcsema-testing/llvm-test-suite/SingleSource/UnitTests/Vector/SSE/sse.expandfft.reference_output.little-endian." ]; then \
	  cp /home/ed/mcsema-testing/llvm-test-suite/SingleSource/UnitTests/Vector/SSE/sse.expandfft.reference_output.little-endian. Output/sse.expandfft.out-nat; \
	elif [ -f "/home/ed/mcsema-testing/llvm-test-suite/SingleSource/UnitTests/Vector/SSE/sse.expandfft.reference_output." ]; then \
	  cp /home/ed/mcsema-testing/llvm-test-suite/SingleSource/UnitTests/Vector/SSE/sse.expandfft.reference_output. Output/sse.expandfft.out-nat; \
	elif [ -f "/home/ed/mcsema-testing/llvm-test-suite/SingleSource/UnitTests/Vector/SSE/sse.expandfft.reference_output.little-endian" ]; then \
	  cp /home/ed/mcsema-testing/llvm-test-suite/SingleSource/UnitTests/Vector/SSE/sse.expandfft.reference_output.little-endian Output/sse.expandfft.out-nat; \
	elif [ -f "/home/ed/mcsema-testing/llvm-test-suite/SingleSource/UnitTests/Vector/SSE/sse.expandfft.reference_output" ]; then \
	  cp /home/ed/mcsema-testing/llvm-test-suite/SingleSource/UnitTests/Vector/SSE/sse.expandfft.reference_output Output/sse.expandfft.out-nat; \
	else \
	  printf "WARNING: %s: %s\n" "NO REFERENCE OUTPUT (using default)" "/home/ed/mcsema-testing/llvm-test-suite/SingleSource/UnitTests/Vector/SSE/sse.expandfft.reference_output" > Output/sse.expandfft.out-nat; \
	  cp /home/ed/mcsema-testing/llvm-test-suite/default.reference_output Output/sse.expandfft.out-nat; \
	  cat Output/sse.expandfft.out-nat; \
	fi
# Pretend that the reference output was produced instantaneously.
cp /home/ed/mcsema-testing/llvm-test-suite/instant.txt Output/sse.expandfft.out-nat.time
/home/ed/mcsema-testing/llvm-test-suite/DiffOutput.sh "/home/ed/mcsema-testing/SANDBOX/test-2015-12-21_15-36-50/tools/fpcmp  -r 0.016" simple sse.expandfft 
rm -f Output/sse.expandfft.exe-simple
cp Output/sse.expandfft.diff-simple Output/sse.expandfft.exe-simple
if test -f Output/sse.expandfft.extra-results.txt; then \
	  /home/ed/mcsema-testing/llvm-test-suite/ParseMultipleResults /home/ed/mcsema-testing/SANDBOX/test-2015-12-21_15-36-50/SingleSource/UnitTests/Vector/SSE/sse.expandfft Output/sse.expandfft.extra-results.txt >> Output/sse.expandfft.simple.exec.report.txt; \
	fi
cat Output/sse.expandfft.simple.compile.report.txt Output/sse.expandfft.simple.exec.report.txt >> Output/sse.expandfft.simple.report.txt
---------------------------------------------------------------
>>> ========= '/home/ed/mcsema-testing/SANDBOX/test-2015-12-21_15-36-50/SingleSource/UnitTests/Vector/SSE/sse.expandfft' Program
---------------------------------------------------------------

TEST-PASS: compile /home/ed/mcsema-testing/SANDBOX/test-2015-12-21_15-36-50/SingleSource/UnitTests/Vector/SSE/sse.expandfft
TEST-RESULT-compile-success: pass
TEST-RESULT-compile-hash: 325371f2b205e1f151fc7ae363148b4c
TEST-RESULT-compile-time: user       0.0937
TEST-RESULT-compile-real-time: real       0.1542

TEST-PASS: exec /home/ed/mcsema-testing/SANDBOX/test-2015-12-21_15-36-50/SingleSource/UnitTests/Vector/SSE/sse.expandfft
TEST-RESULT-exec-success: pass
TEST-RESULT-exec-time: user       0.2551
TEST-RESULT-exec-real-time: real       0.2565
/home/ed/mcsema-testing/llvm-test-suite/RunSafely.sh --show-errors -t "/home/ed/mcsema-testing/SANDBOX/test-2015-12-21_15-36-50/tools/timeit" 500 /dev/null Output/sse.isamax.llvm.o.compile \
	  /usr/bin/clang -I/home/ed/mcsema-testing/SANDBOX/test-2015-12-21_15-36-50/SingleSource/UnitTests/Vector/SSE -I/home/ed/mcsema-testing/llvm-test-suite/SingleSource/UnitTests/Vector/SSE -I/home/ed/mcsema-testing/llvm-test-suite/include -I../../../../include -D_GNU_SOURCE -D__STDC_LIMIT_MACROS -DNDEBUG  -O3  -m64 -fomit-frame-pointer -c /home/ed/mcsema-testing/llvm-test-suite/SingleSource/UnitTests/Vector/SSE/sse.isamax.c -o Output/sse.isamax.llvm.o
cp Output/sse.isamax.llvm.o.compile.time Output/sse.isamax.simple.compile.time
/usr/bin/clang++ -o Output/sse.isamax.simple Output/sse.isamax.llvm.o -lm   -m64 -fomit-frame-pointer
/home/ed/mcsema-testing/llvm-test-suite/RunSafely.sh -t "/home/ed/mcsema-testing/SANDBOX/test-2015-12-21_15-36-50/tools/timeit-target" 500 /dev/null Output/sse.isamax.out-simple Output/sse.isamax.simple 
cp Output/sse.isamax.simple Output/sse.isamax.simple-hash; \
	strip --remove-section=.comment --remove-section='.note*' Output/sse.isamax.simple-hash; \
	/home/ed/mcsema-testing/llvm-test-suite/HashProgramOutput.sh Output/sse.isamax.simple-hash
if [ -f "/home/ed/mcsema-testing/llvm-test-suite/SingleSource/UnitTests/Vector/SSE/sse.isamax.reference_output.little-endian." ]; then \
	  cp /home/ed/mcsema-testing/llvm-test-suite/SingleSource/UnitTests/Vector/SSE/sse.isamax.reference_output.little-endian. Output/sse.isamax.out-nat; \
	elif [ -f "/home/ed/mcsema-testing/llvm-test-suite/SingleSource/UnitTests/Vector/SSE/sse.isamax.reference_output." ]; then \
	  cp /home/ed/mcsema-testing/llvm-test-suite/SingleSource/UnitTests/Vector/SSE/sse.isamax.reference_output. Output/sse.isamax.out-nat; \
	elif [ -f "/home/ed/mcsema-testing/llvm-test-suite/SingleSource/UnitTests/Vector/SSE/sse.isamax.reference_output.little-endian" ]; then \
	  cp /home/ed/mcsema-testing/llvm-test-suite/SingleSource/UnitTests/Vector/SSE/sse.isamax.reference_output.little-endian Output/sse.isamax.out-nat; \
	elif [ -f "/home/ed/mcsema-testing/llvm-test-suite/SingleSource/UnitTests/Vector/SSE/sse.isamax.reference_output" ]; then \
	  cp /home/ed/mcsema-testing/llvm-test-suite/SingleSource/UnitTests/Vector/SSE/sse.isamax.reference_output Output/sse.isamax.out-nat; \
	else \
	  printf "WARNING: %s: %s\n" "NO REFERENCE OUTPUT (using default)" "/home/ed/mcsema-testing/llvm-test-suite/SingleSource/UnitTests/Vector/SSE/sse.isamax.reference_output" > Output/sse.isamax.out-nat; \
	  cp /home/ed/mcsema-testing/llvm-test-suite/default.reference_output Output/sse.isamax.out-nat; \
	  cat Output/sse.isamax.out-nat; \
	fi
# Pretend that the reference output was produced instantaneously.
cp /home/ed/mcsema-testing/llvm-test-suite/instant.txt Output/sse.isamax.out-nat.time
/home/ed/mcsema-testing/llvm-test-suite/DiffOutput.sh "/home/ed/mcsema-testing/SANDBOX/test-2015-12-21_15-36-50/tools/fpcmp  -r 0.016" simple sse.isamax 
rm -f Output/sse.isamax.exe-simple
cp Output/sse.isamax.diff-simple Output/sse.isamax.exe-simple
if test -f Output/sse.isamax.extra-results.txt; then \
	  /home/ed/mcsema-testing/llvm-test-suite/ParseMultipleResults /home/ed/mcsema-testing/SANDBOX/test-2015-12-21_15-36-50/SingleSource/UnitTests/Vector/SSE/sse.isamax Output/sse.isamax.extra-results.txt >> Output/sse.isamax.simple.exec.report.txt; \
	fi
cat Output/sse.isamax.simple.compile.report.txt Output/sse.isamax.simple.exec.report.txt >> Output/sse.isamax.simple.report.txt
---------------------------------------------------------------
>>> ========= '/home/ed/mcsema-testing/SANDBOX/test-2015-12-21_15-36-50/SingleSource/UnitTests/Vector/SSE/sse.isamax' Program
---------------------------------------------------------------

TEST-PASS: compile /home/ed/mcsema-testing/SANDBOX/test-2015-12-21_15-36-50/SingleSource/UnitTests/Vector/SSE/sse.isamax
TEST-RESULT-compile-success: pass
TEST-RESULT-compile-hash: 9b171e627481e5ed8c3ced2cf4c70d19
TEST-RESULT-compile-time: user       0.0747
TEST-RESULT-compile-real-time: real       0.1197

TEST-PASS: exec /home/ed/mcsema-testing/SANDBOX/test-2015-12-21_15-36-50/SingleSource/UnitTests/Vector/SSE/sse.isamax
TEST-RESULT-exec-success: pass
TEST-RESULT-exec-time: user       0.0008
TEST-RESULT-exec-real-time: real       0.0017
/home/ed/mcsema-testing/llvm-test-suite/RunSafely.sh --show-errors -t "/home/ed/mcsema-testing/SANDBOX/test-2015-12-21_15-36-50/tools/timeit" 500 /dev/null Output/sse.shift.llvm.o.compile \
	  /usr/bin/clang -I/home/ed/mcsema-testing/SANDBOX/test-2015-12-21_15-36-50/SingleSource/UnitTests/Vector/SSE -I/home/ed/mcsema-testing/llvm-test-suite/SingleSource/UnitTests/Vector/SSE -I/home/ed/mcsema-testing/llvm-test-suite/include -I../../../../include -D_GNU_SOURCE -D__STDC_LIMIT_MACROS -DNDEBUG  -O3  -m64 -fomit-frame-pointer -c /home/ed/mcsema-testing/llvm-test-suite/SingleSource/UnitTests/Vector/SSE/sse.shift.c -o Output/sse.shift.llvm.o
cp Output/sse.shift.llvm.o.compile.time Output/sse.shift.simple.compile.time
/usr/bin/clang++ -o Output/sse.shift.simple Output/sse.shift.llvm.o -lm   -m64 -fomit-frame-pointer
/home/ed/mcsema-testing/llvm-test-suite/RunSafely.sh -t "/home/ed/mcsema-testing/SANDBOX/test-2015-12-21_15-36-50/tools/timeit-target" 500 /dev/null Output/sse.shift.out-simple Output/sse.shift.simple 
cp Output/sse.shift.simple Output/sse.shift.simple-hash; \
	strip --remove-section=.comment --remove-section='.note*' Output/sse.shift.simple-hash; \
	/home/ed/mcsema-testing/llvm-test-suite/HashProgramOutput.sh Output/sse.shift.simple-hash
if [ -f "/home/ed/mcsema-testing/llvm-test-suite/SingleSource/UnitTests/Vector/SSE/sse.shift.reference_output.little-endian." ]; then \
	  cp /home/ed/mcsema-testing/llvm-test-suite/SingleSource/UnitTests/Vector/SSE/sse.shift.reference_output.little-endian. Output/sse.shift.out-nat; \
	elif [ -f "/home/ed/mcsema-testing/llvm-test-suite/SingleSource/UnitTests/Vector/SSE/sse.shift.reference_output." ]; then \
	  cp /home/ed/mcsema-testing/llvm-test-suite/SingleSource/UnitTests/Vector/SSE/sse.shift.reference_output. Output/sse.shift.out-nat; \
	elif [ -f "/home/ed/mcsema-testing/llvm-test-suite/SingleSource/UnitTests/Vector/SSE/sse.shift.reference_output.little-endian" ]; then \
	  cp /home/ed/mcsema-testing/llvm-test-suite/SingleSource/UnitTests/Vector/SSE/sse.shift.reference_output.little-endian Output/sse.shift.out-nat; \
	elif [ -f "/home/ed/mcsema-testing/llvm-test-suite/SingleSource/UnitTests/Vector/SSE/sse.shift.reference_output" ]; then \
	  cp /home/ed/mcsema-testing/llvm-test-suite/SingleSource/UnitTests/Vector/SSE/sse.shift.reference_output Output/sse.shift.out-nat; \
	else \
	  printf "WARNING: %s: %s\n" "NO REFERENCE OUTPUT (using default)" "/home/ed/mcsema-testing/llvm-test-suite/SingleSource/UnitTests/Vector/SSE/sse.shift.reference_output" > Output/sse.shift.out-nat; \
	  cp /home/ed/mcsema-testing/llvm-test-suite/default.reference_output Output/sse.shift.out-nat; \
	  cat Output/sse.shift.out-nat; \
	fi
# Pretend that the reference output was produced instantaneously.
cp /home/ed/mcsema-testing/llvm-test-suite/instant.txt Output/sse.shift.out-nat.time
/home/ed/mcsema-testing/llvm-test-suite/DiffOutput.sh "/home/ed/mcsema-testing/SANDBOX/test-2015-12-21_15-36-50/tools/fpcmp  -r 0.016" simple sse.shift 
rm -f Output/sse.shift.exe-simple
cp Output/sse.shift.diff-simple Output/sse.shift.exe-simple
if test -f Output/sse.shift.extra-results.txt; then \
	  /home/ed/mcsema-testing/llvm-test-suite/ParseMultipleResults /home/ed/mcsema-testing/SANDBOX/test-2015-12-21_15-36-50/SingleSource/UnitTests/Vector/SSE/sse.shift Output/sse.shift.extra-results.txt >> Output/sse.shift.simple.exec.report.txt; \
	fi
cat Output/sse.shift.simple.compile.report.txt Output/sse.shift.simple.exec.report.txt >> Output/sse.shift.simple.report.txt
---------------------------------------------------------------
>>> ========= '/home/ed/mcsema-testing/SANDBOX/test-2015-12-21_15-36-50/SingleSource/UnitTests/Vector/SSE/sse.shift' Program
---------------------------------------------------------------

TEST-PASS: compile /home/ed/mcsema-testing/SANDBOX/test-2015-12-21_15-36-50/SingleSource/UnitTests/Vector/SSE/sse.shift
TEST-RESULT-compile-success: pass
TEST-RESULT-compile-hash: 7dd0b5be86086c5bddb58c1ea2c5b5b0
TEST-RESULT-compile-time: user       0.0444
TEST-RESULT-compile-real-time: real       0.0597

TEST-PASS: exec /home/ed/mcsema-testing/SANDBOX/test-2015-12-21_15-36-50/SingleSource/UnitTests/Vector/SSE/sse.shift
TEST-RESULT-exec-success: pass
TEST-RESULT-exec-time: user       0.0008
TEST-RESULT-exec-real-time: real       0.0018
/home/ed/mcsema-testing/llvm-test-suite/RunSafely.sh --show-errors -t "/home/ed/mcsema-testing/SANDBOX/test-2015-12-21_15-36-50/tools/timeit" 500 /dev/null Output/sse.stepfft.llvm.o.compile \
	  /usr/bin/clang -I/home/ed/mcsema-testing/SANDBOX/test-2015-12-21_15-36-50/SingleSource/UnitTests/Vector/SSE -I/home/ed/mcsema-testing/llvm-test-suite/SingleSource/UnitTests/Vector/SSE -I/home/ed/mcsema-testing/llvm-test-suite/include -I../../../../include -D_GNU_SOURCE -D__STDC_LIMIT_MACROS -DNDEBUG  -O3  -m64 -fomit-frame-pointer -c /home/ed/mcsema-testing/llvm-test-suite/SingleSource/UnitTests/Vector/SSE/sse.stepfft.c -o Output/sse.stepfft.llvm.o
cp Output/sse.stepfft.llvm.o.compile.time Output/sse.stepfft.simple.compile.time
/usr/bin/clang++ -o Output/sse.stepfft.simple Output/sse.stepfft.llvm.o -lm   -m64 -fomit-frame-pointer
/home/ed/mcsema-testing/llvm-test-suite/RunSafely.sh -t "/home/ed/mcsema-testing/SANDBOX/test-2015-12-21_15-36-50/tools/timeit-target" 500 /dev/null Output/sse.stepfft.out-simple Output/sse.stepfft.simple 
cp Output/sse.stepfft.simple Output/sse.stepfft.simple-hash; \
	strip --remove-section=.comment --remove-section='.note*' Output/sse.stepfft.simple-hash; \
	/home/ed/mcsema-testing/llvm-test-suite/HashProgramOutput.sh Output/sse.stepfft.simple-hash
if [ -f "/home/ed/mcsema-testing/llvm-test-suite/SingleSource/UnitTests/Vector/SSE/sse.stepfft.reference_output.little-endian." ]; then \
	  cp /home/ed/mcsema-testing/llvm-test-suite/SingleSource/UnitTests/Vector/SSE/sse.stepfft.reference_output.little-endian. Output/sse.stepfft.out-nat; \
	elif [ -f "/home/ed/mcsema-testing/llvm-test-suite/SingleSource/UnitTests/Vector/SSE/sse.stepfft.reference_output." ]; then \
	  cp /home/ed/mcsema-testing/llvm-test-suite/SingleSource/UnitTests/Vector/SSE/sse.stepfft.reference_output. Output/sse.stepfft.out-nat; \
	elif [ -f "/home/ed/mcsema-testing/llvm-test-suite/SingleSource/UnitTests/Vector/SSE/sse.stepfft.reference_output.little-endian" ]; then \
	  cp /home/ed/mcsema-testing/llvm-test-suite/SingleSource/UnitTests/Vector/SSE/sse.stepfft.reference_output.little-endian Output/sse.stepfft.out-nat; \
	elif [ -f "/home/ed/mcsema-testing/llvm-test-suite/SingleSource/UnitTests/Vector/SSE/sse.stepfft.reference_output" ]; then \
	  cp /home/ed/mcsema-testing/llvm-test-suite/SingleSource/UnitTests/Vector/SSE/sse.stepfft.reference_output Output/sse.stepfft.out-nat; \
	else \
	  printf "WARNING: %s: %s\n" "NO REFERENCE OUTPUT (using default)" "/home/ed/mcsema-testing/llvm-test-suite/SingleSource/UnitTests/Vector/SSE/sse.stepfft.reference_output" > Output/sse.stepfft.out-nat; \
	  cp /home/ed/mcsema-testing/llvm-test-suite/default.reference_output Output/sse.stepfft.out-nat; \
	  cat Output/sse.stepfft.out-nat; \
	fi
# Pretend that the reference output was produced instantaneously.
cp /home/ed/mcsema-testing/llvm-test-suite/instant.txt Output/sse.stepfft.out-nat.time
/home/ed/mcsema-testing/llvm-test-suite/DiffOutput.sh "/home/ed/mcsema-testing/SANDBOX/test-2015-12-21_15-36-50/tools/fpcmp  -r 0.016" simple sse.stepfft 
rm -f Output/sse.stepfft.exe-simple
cp Output/sse.stepfft.diff-simple Output/sse.stepfft.exe-simple
if test -f Output/sse.stepfft.extra-results.txt; then \
	  /home/ed/mcsema-testing/llvm-test-suite/ParseMultipleResults /home/ed/mcsema-testing/SANDBOX/test-2015-12-21_15-36-50/SingleSource/UnitTests/Vector/SSE/sse.stepfft Output/sse.stepfft.extra-results.txt >> Output/sse.stepfft.simple.exec.report.txt; \
	fi
cat Output/sse.stepfft.simple.compile.report.txt Output/sse.stepfft.simple.exec.report.txt >> Output/sse.stepfft.simple.report.txt
---------------------------------------------------------------
>>> ========= '/home/ed/mcsema-testing/SANDBOX/test-2015-12-21_15-36-50/SingleSource/UnitTests/Vector/SSE/sse.stepfft' Program
---------------------------------------------------------------

TEST-PASS: compile /home/ed/mcsema-testing/SANDBOX/test-2015-12-21_15-36-50/SingleSource/UnitTests/Vector/SSE/sse.stepfft
TEST-RESULT-compile-success: pass
TEST-RESULT-compile-hash: 4066aee356e04bfc2fb0ab11dfbfceb6
TEST-RESULT-compile-time: user       0.0832
TEST-RESULT-compile-real-time: real       0.1020

TEST-PASS: exec /home/ed/mcsema-testing/SANDBOX/test-2015-12-21_15-36-50/SingleSource/UnitTests/Vector/SSE/sse.stepfft
TEST-RESULT-exec-success: pass
TEST-RESULT-exec-time: user       0.3392
TEST-RESULT-exec-real-time: real       0.3410
make[5]: Leaving directory `/home/ed/mcsema-testing/SANDBOX/test-2015-12-21_15-36-50/SingleSource/UnitTests/Vector/SSE'
/home/ed/mcsema-testing/llvm-test-suite/RunSafely.sh --show-errors -t "/home/ed/mcsema-testing/SANDBOX/test-2015-12-21_15-36-50/tools/timeit" 500 /dev/null Output/build2.llvm.o.compile \
	  /usr/bin/clang -I/home/ed/mcsema-testing/SANDBOX/test-2015-12-21_15-36-50/SingleSource/UnitTests/Vector -I/home/ed/mcsema-testing/llvm-test-suite/SingleSource/UnitTests/Vector -I/home/ed/mcsema-testing/llvm-test-suite/include -I../../../include -D_GNU_SOURCE -D__STDC_LIMIT_MACROS -DNDEBUG  -O3  -m64 -fomit-frame-pointer -c /home/ed/mcsema-testing/llvm-test-suite/SingleSource/UnitTests/Vector/build2.c -o Output/build2.llvm.o
cp Output/build2.llvm.o.compile.time Output/build2.simple.compile.time
/usr/bin/clang++ -o Output/build2.simple Output/build2.llvm.o    -m64 -fomit-frame-pointer
/home/ed/mcsema-testing/llvm-test-suite/RunSafely.sh -t "/home/ed/mcsema-testing/SANDBOX/test-2015-12-21_15-36-50/tools/timeit-target" 500 /dev/null Output/build2.out-simple Output/build2.simple 
cp Output/build2.simple Output/build2.simple-hash; \
	strip --remove-section=.comment --remove-section='.note*' Output/build2.simple-hash; \
	/home/ed/mcsema-testing/llvm-test-suite/HashProgramOutput.sh Output/build2.simple-hash
if [ -f "/home/ed/mcsema-testing/llvm-test-suite/SingleSource/UnitTests/Vector/build2.reference_output.little-endian." ]; then \
	  cp /home/ed/mcsema-testing/llvm-test-suite/SingleSource/UnitTests/Vector/build2.reference_output.little-endian. Output/build2.out-nat; \
	elif [ -f "/home/ed/mcsema-testing/llvm-test-suite/SingleSource/UnitTests/Vector/build2.reference_output." ]; then \
	  cp /home/ed/mcsema-testing/llvm-test-suite/SingleSource/UnitTests/Vector/build2.reference_output. Output/build2.out-nat; \
	elif [ -f "/home/ed/mcsema-testing/llvm-test-suite/SingleSource/UnitTests/Vector/build2.reference_output.little-endian" ]; then \
	  cp /home/ed/mcsema-testing/llvm-test-suite/SingleSource/UnitTests/Vector/build2.reference_output.little-endian Output/build2.out-nat; \
	elif [ -f "/home/ed/mcsema-testing/llvm-test-suite/SingleSource/UnitTests/Vector/build2.reference_output" ]; then \
	  cp /home/ed/mcsema-testing/llvm-test-suite/SingleSource/UnitTests/Vector/build2.reference_output Output/build2.out-nat; \
	else \
	  printf "WARNING: %s: %s\n" "NO REFERENCE OUTPUT (using default)" "/home/ed/mcsema-testing/llvm-test-suite/SingleSource/UnitTests/Vector/build2.reference_output" > Output/build2.out-nat; \
	  cp /home/ed/mcsema-testing/llvm-test-suite/default.reference_output Output/build2.out-nat; \
	  cat Output/build2.out-nat; \
	fi
# Pretend that the reference output was produced instantaneously.
cp /home/ed/mcsema-testing/llvm-test-suite/instant.txt Output/build2.out-nat.time
/home/ed/mcsema-testing/llvm-test-suite/DiffOutput.sh "/home/ed/mcsema-testing/SANDBOX/test-2015-12-21_15-36-50/tools/fpcmp " simple build2 
rm -f Output/build2.exe-simple
cp Output/build2.diff-simple Output/build2.exe-simple
if test -f Output/build2.extra-results.txt; then \
	  /home/ed/mcsema-testing/llvm-test-suite/ParseMultipleResults /home/ed/mcsema-testing/SANDBOX/test-2015-12-21_15-36-50/SingleSource/UnitTests/Vector/build2 Output/build2.extra-results.txt >> Output/build2.simple.exec.report.txt; \
	fi
cat Output/build2.simple.compile.report.txt Output/build2.simple.exec.report.txt >> Output/build2.simple.report.txt
---------------------------------------------------------------
>>> ========= '/home/ed/mcsema-testing/SANDBOX/test-2015-12-21_15-36-50/SingleSource/UnitTests/Vector/build2' Program
---------------------------------------------------------------

TEST-PASS: compile /home/ed/mcsema-testing/SANDBOX/test-2015-12-21_15-36-50/SingleSource/UnitTests/Vector/build2
TEST-RESULT-compile-success: pass
TEST-RESULT-compile-hash: 5596eeb5a4818e6211d4e3e1e7e6e667
TEST-RESULT-compile-time: user       0.0321
TEST-RESULT-compile-real-time: real       0.0477

TEST-PASS: exec /home/ed/mcsema-testing/SANDBOX/test-2015-12-21_15-36-50/SingleSource/UnitTests/Vector/build2
TEST-RESULT-exec-success: pass
TEST-RESULT-exec-time: user       1.0154
TEST-RESULT-exec-real-time: real       1.0182
/home/ed/mcsema-testing/llvm-test-suite/RunSafely.sh --show-errors -t "/home/ed/mcsema-testing/SANDBOX/test-2015-12-21_15-36-50/tools/timeit" 500 /dev/null Output/build.llvm.o.compile \
	  /usr/bin/clang -I/home/ed/mcsema-testing/SANDBOX/test-2015-12-21_15-36-50/SingleSource/UnitTests/Vector -I/home/ed/mcsema-testing/llvm-test-suite/SingleSource/UnitTests/Vector -I/home/ed/mcsema-testing/llvm-test-suite/include -I../../../include -D_GNU_SOURCE -D__STDC_LIMIT_MACROS -DNDEBUG  -O3  -m64 -fomit-frame-pointer -c /home/ed/mcsema-testing/llvm-test-suite/SingleSource/UnitTests/Vector/build.c -o Output/build.llvm.o
cp Output/build.llvm.o.compile.time Output/build.simple.compile.time
/usr/bin/clang++ -o Output/build.simple Output/build.llvm.o    -m64 -fomit-frame-pointer
/home/ed/mcsema-testing/llvm-test-suite/RunSafely.sh -t "/home/ed/mcsema-testing/SANDBOX/test-2015-12-21_15-36-50/tools/timeit-target" 500 /dev/null Output/build.out-simple Output/build.simple 
cp Output/build.simple Output/build.simple-hash; \
	strip --remove-section=.comment --remove-section='.note*' Output/build.simple-hash; \
	/home/ed/mcsema-testing/llvm-test-suite/HashProgramOutput.sh Output/build.simple-hash
if [ -f "/home/ed/mcsema-testing/llvm-test-suite/SingleSource/UnitTests/Vector/build.reference_output.little-endian." ]; then \
	  cp /home/ed/mcsema-testing/llvm-test-suite/SingleSource/UnitTests/Vector/build.reference_output.little-endian. Output/build.out-nat; \
	elif [ -f "/home/ed/mcsema-testing/llvm-test-suite/SingleSource/UnitTests/Vector/build.reference_output." ]; then \
	  cp /home/ed/mcsema-testing/llvm-test-suite/SingleSource/UnitTests/Vector/build.reference_output. Output/build.out-nat; \
	elif [ -f "/home/ed/mcsema-testing/llvm-test-suite/SingleSource/UnitTests/Vector/build.reference_output.little-endian" ]; then \
	  cp /home/ed/mcsema-testing/llvm-test-suite/SingleSource/UnitTests/Vector/build.reference_output.little-endian Output/build.out-nat; \
	elif [ -f "/home/ed/mcsema-testing/llvm-test-suite/SingleSource/UnitTests/Vector/build.reference_output" ]; then \
	  cp /home/ed/mcsema-testing/llvm-test-suite/SingleSource/UnitTests/Vector/build.reference_output Output/build.out-nat; \
	else \
	  printf "WARNING: %s: %s\n" "NO REFERENCE OUTPUT (using default)" "/home/ed/mcsema-testing/llvm-test-suite/SingleSource/UnitTests/Vector/build.reference_output" > Output/build.out-nat; \
	  cp /home/ed/mcsema-testing/llvm-test-suite/default.reference_output Output/build.out-nat; \
	  cat Output/build.out-nat; \
	fi
# Pretend that the reference output was produced instantaneously.
cp /home/ed/mcsema-testing/llvm-test-suite/instant.txt Output/build.out-nat.time
/home/ed/mcsema-testing/llvm-test-suite/DiffOutput.sh "/home/ed/mcsema-testing/SANDBOX/test-2015-12-21_15-36-50/tools/fpcmp " simple build 
rm -f Output/build.exe-simple
cp Output/build.diff-simple Output/build.exe-simple
if test -f Output/build.extra-results.txt; then \
	  /home/ed/mcsema-testing/llvm-test-suite/ParseMultipleResults /home/ed/mcsema-testing/SANDBOX/test-2015-12-21_15-36-50/SingleSource/UnitTests/Vector/build Output/build.extra-results.txt >> Output/build.simple.exec.report.txt; \
	fi
cat Output/build.simple.compile.report.txt Output/build.simple.exec.report.txt >> Output/build.simple.report.txt
---------------------------------------------------------------
>>> ========= '/home/ed/mcsema-testing/SANDBOX/test-2015-12-21_15-36-50/SingleSource/UnitTests/Vector/build' Program
---------------------------------------------------------------

TEST-PASS: compile /home/ed/mcsema-testing/SANDBOX/test-2015-12-21_15-36-50/SingleSource/UnitTests/Vector/build
TEST-RESULT-compile-success: pass
TEST-RESULT-compile-hash: 515b9b766ed4832a0d326fb2938ea933
TEST-RESULT-compile-time: user       0.0235
TEST-RESULT-compile-real-time: real       0.0373

TEST-PASS: exec /home/ed/mcsema-testing/SANDBOX/test-2015-12-21_15-36-50/SingleSource/UnitTests/Vector/build
TEST-RESULT-exec-success: pass
TEST-RESULT-exec-time: user       0.0009
TEST-RESULT-exec-real-time: real       0.0019
/home/ed/mcsema-testing/llvm-test-suite/RunSafely.sh --show-errors -t "/home/ed/mcsema-testing/SANDBOX/test-2015-12-21_15-36-50/tools/timeit" 500 /dev/null Output/divides.llvm.o.compile \
	  /usr/bin/clang -I/home/ed/mcsema-testing/SANDBOX/test-2015-12-21_15-36-50/SingleSource/UnitTests/Vector -I/home/ed/mcsema-testing/llvm-test-suite/SingleSource/UnitTests/Vector -I/home/ed/mcsema-testing/llvm-test-suite/include -I../../../include -D_GNU_SOURCE -D__STDC_LIMIT_MACROS -DNDEBUG  -O3  -m64 -fomit-frame-pointer -c /home/ed/mcsema-testing/llvm-test-suite/SingleSource/UnitTests/Vector/divides.c -o Output/divides.llvm.o
cp Output/divides.llvm.o.compile.time Output/divides.simple.compile.time
/usr/bin/clang++ -o Output/divides.simple Output/divides.llvm.o    -m64 -fomit-frame-pointer
/home/ed/mcsema-testing/llvm-test-suite/RunSafely.sh -t "/home/ed/mcsema-testing/SANDBOX/test-2015-12-21_15-36-50/tools/timeit-target" 500 /dev/null Output/divides.out-simple Output/divides.simple 
cp Output/divides.simple Output/divides.simple-hash; \
	strip --remove-section=.comment --remove-section='.note*' Output/divides.simple-hash; \
	/home/ed/mcsema-testing/llvm-test-suite/HashProgramOutput.sh Output/divides.simple-hash
if [ -f "/home/ed/mcsema-testing/llvm-test-suite/SingleSource/UnitTests/Vector/divides.reference_output.little-endian." ]; then \
	  cp /home/ed/mcsema-testing/llvm-test-suite/SingleSource/UnitTests/Vector/divides.reference_output.little-endian. Output/divides.out-nat; \
	elif [ -f "/home/ed/mcsema-testing/llvm-test-suite/SingleSource/UnitTests/Vector/divides.reference_output." ]; then \
	  cp /home/ed/mcsema-testing/llvm-test-suite/SingleSource/UnitTests/Vector/divides.reference_output. Output/divides.out-nat; \
	elif [ -f "/home/ed/mcsema-testing/llvm-test-suite/SingleSource/UnitTests/Vector/divides.reference_output.little-endian" ]; then \
	  cp /home/ed/mcsema-testing/llvm-test-suite/SingleSource/UnitTests/Vector/divides.reference_output.little-endian Output/divides.out-nat; \
	elif [ -f "/home/ed/mcsema-testing/llvm-test-suite/SingleSource/UnitTests/Vector/divides.reference_output" ]; then \
	  cp /home/ed/mcsema-testing/llvm-test-suite/SingleSource/UnitTests/Vector/divides.reference_output Output/divides.out-nat; \
	else \
	  printf "WARNING: %s: %s\n" "NO REFERENCE OUTPUT (using default)" "/home/ed/mcsema-testing/llvm-test-suite/SingleSource/UnitTests/Vector/divides.reference_output" > Output/divides.out-nat; \
	  cp /home/ed/mcsema-testing/llvm-test-suite/default.reference_output Output/divides.out-nat; \
	  cat Output/divides.out-nat; \
	fi
# Pretend that the reference output was produced instantaneously.
cp /home/ed/mcsema-testing/llvm-test-suite/instant.txt Output/divides.out-nat.time
/home/ed/mcsema-testing/llvm-test-suite/DiffOutput.sh "/home/ed/mcsema-testing/SANDBOX/test-2015-12-21_15-36-50/tools/fpcmp " simple divides 
rm -f Output/divides.exe-simple
cp Output/divides.diff-simple Output/divides.exe-simple
if test -f Output/divides.extra-results.txt; then \
	  /home/ed/mcsema-testing/llvm-test-suite/ParseMultipleResults /home/ed/mcsema-testing/SANDBOX/test-2015-12-21_15-36-50/SingleSource/UnitTests/Vector/divides Output/divides.extra-results.txt >> Output/divides.simple.exec.report.txt; \
	fi
cat Output/divides.simple.compile.report.txt Output/divides.simple.exec.report.txt >> Output/divides.simple.report.txt
---------------------------------------------------------------
>>> ========= '/home/ed/mcsema-testing/SANDBOX/test-2015-12-21_15-36-50/SingleSource/UnitTests/Vector/divides' Program
---------------------------------------------------------------

TEST-PASS: compile /home/ed/mcsema-testing/SANDBOX/test-2015-12-21_15-36-50/SingleSource/UnitTests/Vector/divides
TEST-RESULT-compile-success: pass
TEST-RESULT-compile-hash: 7ad174db2a4bdd5774f9487002dacb27
TEST-RESULT-compile-time: user       0.0227
TEST-RESULT-compile-real-time: real       0.0364

TEST-PASS: exec /home/ed/mcsema-testing/SANDBOX/test-2015-12-21_15-36-50/SingleSource/UnitTests/Vector/divides
TEST-RESULT-exec-success: pass
TEST-RESULT-exec-time: user       0.0009
TEST-RESULT-exec-real-time: real       0.0018
/home/ed/mcsema-testing/llvm-test-suite/RunSafely.sh --show-errors -t "/home/ed/mcsema-testing/SANDBOX/test-2015-12-21_15-36-50/tools/timeit" 500 /dev/null Output/multiplies.llvm.o.compile \
	  /usr/bin/clang -I/home/ed/mcsema-testing/SANDBOX/test-2015-12-21_15-36-50/SingleSource/UnitTests/Vector -I/home/ed/mcsema-testing/llvm-test-suite/SingleSource/UnitTests/Vector -I/home/ed/mcsema-testing/llvm-test-suite/include -I../../../include -D_GNU_SOURCE -D__STDC_LIMIT_MACROS -DNDEBUG  -O3  -m64 -fomit-frame-pointer -c /home/ed/mcsema-testing/llvm-test-suite/SingleSource/UnitTests/Vector/multiplies.c -o Output/multiplies.llvm.o
cp Output/multiplies.llvm.o.compile.time Output/multiplies.simple.compile.time
/usr/bin/clang++ -o Output/multiplies.simple Output/multiplies.llvm.o    -m64 -fomit-frame-pointer
/home/ed/mcsema-testing/llvm-test-suite/RunSafely.sh -t "/home/ed/mcsema-testing/SANDBOX/test-2015-12-21_15-36-50/tools/timeit-target" 500 /dev/null Output/multiplies.out-simple Output/multiplies.simple 
cp Output/multiplies.simple Output/multiplies.simple-hash; \
	strip --remove-section=.comment --remove-section='.note*' Output/multiplies.simple-hash; \
	/home/ed/mcsema-testing/llvm-test-suite/HashProgramOutput.sh Output/multiplies.simple-hash
if [ -f "/home/ed/mcsema-testing/llvm-test-suite/SingleSource/UnitTests/Vector/multiplies.reference_output.little-endian." ]; then \
	  cp /home/ed/mcsema-testing/llvm-test-suite/SingleSource/UnitTests/Vector/multiplies.reference_output.little-endian. Output/multiplies.out-nat; \
	elif [ -f "/home/ed/mcsema-testing/llvm-test-suite/SingleSource/UnitTests/Vector/multiplies.reference_output." ]; then \
	  cp /home/ed/mcsema-testing/llvm-test-suite/SingleSource/UnitTests/Vector/multiplies.reference_output. Output/multiplies.out-nat; \
	elif [ -f "/home/ed/mcsema-testing/llvm-test-suite/SingleSource/UnitTests/Vector/multiplies.reference_output.little-endian" ]; then \
	  cp /home/ed/mcsema-testing/llvm-test-suite/SingleSource/UnitTests/Vector/multiplies.reference_output.little-endian Output/multiplies.out-nat; \
	elif [ -f "/home/ed/mcsema-testing/llvm-test-suite/SingleSource/UnitTests/Vector/multiplies.reference_output" ]; then \
	  cp /home/ed/mcsema-testing/llvm-test-suite/SingleSource/UnitTests/Vector/multiplies.reference_output Output/multiplies.out-nat; \
	else \
	  printf "WARNING: %s: %s\n" "NO REFERENCE OUTPUT (using default)" "/home/ed/mcsema-testing/llvm-test-suite/SingleSource/UnitTests/Vector/multiplies.reference_output" > Output/multiplies.out-nat; \
	  cp /home/ed/mcsema-testing/llvm-test-suite/default.reference_output Output/multiplies.out-nat; \
	  cat Output/multiplies.out-nat; \
	fi
# Pretend that the reference output was produced instantaneously.
cp /home/ed/mcsema-testing/llvm-test-suite/instant.txt Output/multiplies.out-nat.time
/home/ed/mcsema-testing/llvm-test-suite/DiffOutput.sh "/home/ed/mcsema-testing/SANDBOX/test-2015-12-21_15-36-50/tools/fpcmp " simple multiplies 
rm -f Output/multiplies.exe-simple
cp Output/multiplies.diff-simple Output/multiplies.exe-simple
if test -f Output/multiplies.extra-results.txt; then \
	  /home/ed/mcsema-testing/llvm-test-suite/ParseMultipleResults /home/ed/mcsema-testing/SANDBOX/test-2015-12-21_15-36-50/SingleSource/UnitTests/Vector/multiplies Output/multiplies.extra-results.txt >> Output/multiplies.simple.exec.report.txt; \
	fi
cat Output/multiplies.simple.compile.report.txt Output/multiplies.simple.exec.report.txt >> Output/multiplies.simple.report.txt
---------------------------------------------------------------
>>> ========= '/home/ed/mcsema-testing/SANDBOX/test-2015-12-21_15-36-50/SingleSource/UnitTests/Vector/multiplies' Program
---------------------------------------------------------------

TEST-PASS: compile /home/ed/mcsema-testing/SANDBOX/test-2015-12-21_15-36-50/SingleSource/UnitTests/Vector/multiplies
TEST-RESULT-compile-success: pass
TEST-RESULT-compile-hash: 78511cc8a2b379f05e290635623eb1a0
TEST-RESULT-compile-time: user       0.0309
TEST-RESULT-compile-real-time: real       0.0450

TEST-PASS: exec /home/ed/mcsema-testing/SANDBOX/test-2015-12-21_15-36-50/SingleSource/UnitTests/Vector/multiplies
TEST-RESULT-exec-success: pass
TEST-RESULT-exec-time: user       1.1410
TEST-RESULT-exec-real-time: real       1.1446
/home/ed/mcsema-testing/llvm-test-suite/RunSafely.sh --show-errors -t "/home/ed/mcsema-testing/SANDBOX/test-2015-12-21_15-36-50/tools/timeit" 500 /dev/null Output/simple.llvm.o.compile \
	  /usr/bin/clang -I/home/ed/mcsema-testing/SANDBOX/test-2015-12-21_15-36-50/SingleSource/UnitTests/Vector -I/home/ed/mcsema-testing/llvm-test-suite/SingleSource/UnitTests/Vector -I/home/ed/mcsema-testing/llvm-test-suite/include -I../../../include -D_GNU_SOURCE -D__STDC_LIMIT_MACROS -DNDEBUG  -O3  -m64 -fomit-frame-pointer -c /home/ed/mcsema-testing/llvm-test-suite/SingleSource/UnitTests/Vector/simple.c -o Output/simple.llvm.o
cp Output/simple.llvm.o.compile.time Output/simple.simple.compile.time
/usr/bin/clang++ -o Output/simple.simple Output/simple.llvm.o    -m64 -fomit-frame-pointer
/home/ed/mcsema-testing/llvm-test-suite/RunSafely.sh -t "/home/ed/mcsema-testing/SANDBOX/test-2015-12-21_15-36-50/tools/timeit-target" 500 /dev/null Output/simple.out-simple Output/simple.simple 
cp Output/simple.simple Output/simple.simple-hash; \
	strip --remove-section=.comment --remove-section='.note*' Output/simple.simple-hash; \
	/home/ed/mcsema-testing/llvm-test-suite/HashProgramOutput.sh Output/simple.simple-hash
if [ -f "/home/ed/mcsema-testing/llvm-test-suite/SingleSource/UnitTests/Vector/simple.reference_output.little-endian." ]; then \
	  cp /home/ed/mcsema-testing/llvm-test-suite/SingleSource/UnitTests/Vector/simple.reference_output.little-endian. Output/simple.out-nat; \
	elif [ -f "/home/ed/mcsema-testing/llvm-test-suite/SingleSource/UnitTests/Vector/simple.reference_output." ]; then \
	  cp /home/ed/mcsema-testing/llvm-test-suite/SingleSource/UnitTests/Vector/simple.reference_output. Output/simple.out-nat; \
	elif [ -f "/home/ed/mcsema-testing/llvm-test-suite/SingleSource/UnitTests/Vector/simple.reference_output.little-endian" ]; then \
	  cp /home/ed/mcsema-testing/llvm-test-suite/SingleSource/UnitTests/Vector/simple.reference_output.little-endian Output/simple.out-nat; \
	elif [ -f "/home/ed/mcsema-testing/llvm-test-suite/SingleSource/UnitTests/Vector/simple.reference_output" ]; then \
	  cp /home/ed/mcsema-testing/llvm-test-suite/SingleSource/UnitTests/Vector/simple.reference_output Output/simple.out-nat; \
	else \
	  printf "WARNING: %s: %s\n" "NO REFERENCE OUTPUT (using default)" "/home/ed/mcsema-testing/llvm-test-suite/SingleSource/UnitTests/Vector/simple.reference_output" > Output/simple.out-nat; \
	  cp /home/ed/mcsema-testing/llvm-test-suite/default.reference_output Output/simple.out-nat; \
	  cat Output/simple.out-nat; \
	fi
# Pretend that the reference output was produced instantaneously.
cp /home/ed/mcsema-testing/llvm-test-suite/instant.txt Output/simple.out-nat.time
/home/ed/mcsema-testing/llvm-test-suite/DiffOutput.sh "/home/ed/mcsema-testing/SANDBOX/test-2015-12-21_15-36-50/tools/fpcmp " simple simple 
rm -f Output/simple.exe-simple
cp Output/simple.diff-simple Output/simple.exe-simple
if test -f Output/simple.extra-results.txt; then \
	  /home/ed/mcsema-testing/llvm-test-suite/ParseMultipleResults /home/ed/mcsema-testing/SANDBOX/test-2015-12-21_15-36-50/SingleSource/UnitTests/Vector/simple Output/simple.extra-results.txt >> Output/simple.simple.exec.report.txt; \
	fi
cat Output/simple.simple.compile.report.txt Output/simple.simple.exec.report.txt >> Output/simple.simple.report.txt
---------------------------------------------------------------
>>> ========= '/home/ed/mcsema-testing/SANDBOX/test-2015-12-21_15-36-50/SingleSource/UnitTests/Vector/simple' Program
---------------------------------------------------------------

TEST-PASS: compile /home/ed/mcsema-testing/SANDBOX/test-2015-12-21_15-36-50/SingleSource/UnitTests/Vector/simple
TEST-RESULT-compile-success: pass
TEST-RESULT-compile-hash: f8169ebeeb41bbf5401bb2d6515cf3d8
TEST-RESULT-compile-time: user       0.0262
TEST-RESULT-compile-real-time: real       0.0416

TEST-PASS: exec /home/ed/mcsema-testing/SANDBOX/test-2015-12-21_15-36-50/SingleSource/UnitTests/Vector/simple
TEST-RESULT-exec-success: pass
TEST-RESULT-exec-time: user       0.0009
TEST-RESULT-exec-real-time: real       0.0019
/home/ed/mcsema-testing/llvm-test-suite/RunSafely.sh --show-errors -t "/home/ed/mcsema-testing/SANDBOX/test-2015-12-21_15-36-50/tools/timeit" 500 /dev/null Output/sumarray.llvm.o.compile \
	  /usr/bin/clang -I/home/ed/mcsema-testing/SANDBOX/test-2015-12-21_15-36-50/SingleSource/UnitTests/Vector -I/home/ed/mcsema-testing/llvm-test-suite/SingleSource/UnitTests/Vector -I/home/ed/mcsema-testing/llvm-test-suite/include -I../../../include -D_GNU_SOURCE -D__STDC_LIMIT_MACROS -DNDEBUG  -O3  -m64 -fomit-frame-pointer -c /home/ed/mcsema-testing/llvm-test-suite/SingleSource/UnitTests/Vector/sumarray.c -o Output/sumarray.llvm.o
cp Output/sumarray.llvm.o.compile.time Output/sumarray.simple.compile.time
/usr/bin/clang++ -o Output/sumarray.simple Output/sumarray.llvm.o    -m64 -fomit-frame-pointer
/home/ed/mcsema-testing/llvm-test-suite/RunSafely.sh -t "/home/ed/mcsema-testing/SANDBOX/test-2015-12-21_15-36-50/tools/timeit-target" 500 /dev/null Output/sumarray.out-simple Output/sumarray.simple 
cp Output/sumarray.simple Output/sumarray.simple-hash; \
	strip --remove-section=.comment --remove-section='.note*' Output/sumarray.simple-hash; \
	/home/ed/mcsema-testing/llvm-test-suite/HashProgramOutput.sh Output/sumarray.simple-hash
if [ -f "/home/ed/mcsema-testing/llvm-test-suite/SingleSource/UnitTests/Vector/sumarray.reference_output.little-endian." ]; then \
	  cp /home/ed/mcsema-testing/llvm-test-suite/SingleSource/UnitTests/Vector/sumarray.reference_output.little-endian. Output/sumarray.out-nat; \
	elif [ -f "/home/ed/mcsema-testing/llvm-test-suite/SingleSource/UnitTests/Vector/sumarray.reference_output." ]; then \
	  cp /home/ed/mcsema-testing/llvm-test-suite/SingleSource/UnitTests/Vector/sumarray.reference_output. Output/sumarray.out-nat; \
	elif [ -f "/home/ed/mcsema-testing/llvm-test-suite/SingleSource/UnitTests/Vector/sumarray.reference_output.little-endian" ]; then \
	  cp /home/ed/mcsema-testing/llvm-test-suite/SingleSource/UnitTests/Vector/sumarray.reference_output.little-endian Output/sumarray.out-nat; \
	elif [ -f "/home/ed/mcsema-testing/llvm-test-suite/SingleSource/UnitTests/Vector/sumarray.reference_output" ]; then \
	  cp /home/ed/mcsema-testing/llvm-test-suite/SingleSource/UnitTests/Vector/sumarray.reference_output Output/sumarray.out-nat; \
	else \
	  printf "WARNING: %s: %s\n" "NO REFERENCE OUTPUT (using default)" "/home/ed/mcsema-testing/llvm-test-suite/SingleSource/UnitTests/Vector/sumarray.reference_output" > Output/sumarray.out-nat; \
	  cp /home/ed/mcsema-testing/llvm-test-suite/default.reference_output Output/sumarray.out-nat; \
	  cat Output/sumarray.out-nat; \
	fi
# Pretend that the reference output was produced instantaneously.
cp /home/ed/mcsema-testing/llvm-test-suite/instant.txt Output/sumarray.out-nat.time
/home/ed/mcsema-testing/llvm-test-suite/DiffOutput.sh "/home/ed/mcsema-testing/SANDBOX/test-2015-12-21_15-36-50/tools/fpcmp " simple sumarray 
rm -f Output/sumarray.exe-simple
cp Output/sumarray.diff-simple Output/sumarray.exe-simple
if test -f Output/sumarray.extra-results.txt; then \
	  /home/ed/mcsema-testing/llvm-test-suite/ParseMultipleResults /home/ed/mcsema-testing/SANDBOX/test-2015-12-21_15-36-50/SingleSource/UnitTests/Vector/sumarray Output/sumarray.extra-results.txt >> Output/sumarray.simple.exec.report.txt; \
	fi
cat Output/sumarray.simple.compile.report.txt Output/sumarray.simple.exec.report.txt >> Output/sumarray.simple.report.txt
---------------------------------------------------------------
>>> ========= '/home/ed/mcsema-testing/SANDBOX/test-2015-12-21_15-36-50/SingleSource/UnitTests/Vector/sumarray' Program
---------------------------------------------------------------

TEST-PASS: compile /home/ed/mcsema-testing/SANDBOX/test-2015-12-21_15-36-50/SingleSource/UnitTests/Vector/sumarray
TEST-RESULT-compile-success: pass
TEST-RESULT-compile-hash: b6a588e0881c521375bb107502a8d64a
TEST-RESULT-compile-time: user       0.0251
TEST-RESULT-compile-real-time: real       0.0432

TEST-PASS: exec /home/ed/mcsema-testing/SANDBOX/test-2015-12-21_15-36-50/SingleSource/UnitTests/Vector/sumarray
TEST-RESULT-exec-success: pass
TEST-RESULT-exec-time: user       0.0009
TEST-RESULT-exec-real-time: real       0.0020
/home/ed/mcsema-testing/llvm-test-suite/RunSafely.sh --show-errors -t "/home/ed/mcsema-testing/SANDBOX/test-2015-12-21_15-36-50/tools/timeit" 500 /dev/null Output/sumarray-dbl.llvm.o.compile \
	  /usr/bin/clang -I/home/ed/mcsema-testing/SANDBOX/test-2015-12-21_15-36-50/SingleSource/UnitTests/Vector -I/home/ed/mcsema-testing/llvm-test-suite/SingleSource/UnitTests/Vector -I/home/ed/mcsema-testing/llvm-test-suite/include -I../../../include -D_GNU_SOURCE -D__STDC_LIMIT_MACROS -DNDEBUG  -O3  -m64 -fomit-frame-pointer -c /home/ed/mcsema-testing/llvm-test-suite/SingleSource/UnitTests/Vector/sumarray-dbl.c -o Output/sumarray-dbl.llvm.o
cp Output/sumarray-dbl.llvm.o.compile.time Output/sumarray-dbl.simple.compile.time
/usr/bin/clang++ -o Output/sumarray-dbl.simple Output/sumarray-dbl.llvm.o    -m64 -fomit-frame-pointer
/home/ed/mcsema-testing/llvm-test-suite/RunSafely.sh -t "/home/ed/mcsema-testing/SANDBOX/test-2015-12-21_15-36-50/tools/timeit-target" 500 /dev/null Output/sumarray-dbl.out-simple Output/sumarray-dbl.simple 
cp Output/sumarray-dbl.simple Output/sumarray-dbl.simple-hash; \
	strip --remove-section=.comment --remove-section='.note*' Output/sumarray-dbl.simple-hash; \
	/home/ed/mcsema-testing/llvm-test-suite/HashProgramOutput.sh Output/sumarray-dbl.simple-hash
if [ -f "/home/ed/mcsema-testing/llvm-test-suite/SingleSource/UnitTests/Vector/sumarray-dbl.reference_output.little-endian." ]; then \
	  cp /home/ed/mcsema-testing/llvm-test-suite/SingleSource/UnitTests/Vector/sumarray-dbl.reference_output.little-endian. Output/sumarray-dbl.out-nat; \
	elif [ -f "/home/ed/mcsema-testing/llvm-test-suite/SingleSource/UnitTests/Vector/sumarray-dbl.reference_output." ]; then \
	  cp /home/ed/mcsema-testing/llvm-test-suite/SingleSource/UnitTests/Vector/sumarray-dbl.reference_output. Output/sumarray-dbl.out-nat; \
	elif [ -f "/home/ed/mcsema-testing/llvm-test-suite/SingleSource/UnitTests/Vector/sumarray-dbl.reference_output.little-endian" ]; then \
	  cp /home/ed/mcsema-testing/llvm-test-suite/SingleSource/UnitTests/Vector/sumarray-dbl.reference_output.little-endian Output/sumarray-dbl.out-nat; \
	elif [ -f "/home/ed/mcsema-testing/llvm-test-suite/SingleSource/UnitTests/Vector/sumarray-dbl.reference_output" ]; then \
	  cp /home/ed/mcsema-testing/llvm-test-suite/SingleSource/UnitTests/Vector/sumarray-dbl.reference_output Output/sumarray-dbl.out-nat; \
	else \
	  printf "WARNING: %s: %s\n" "NO REFERENCE OUTPUT (using default)" "/home/ed/mcsema-testing/llvm-test-suite/SingleSource/UnitTests/Vector/sumarray-dbl.reference_output" > Output/sumarray-dbl.out-nat; \
	  cp /home/ed/mcsema-testing/llvm-test-suite/default.reference_output Output/sumarray-dbl.out-nat; \
	  cat Output/sumarray-dbl.out-nat; \
	fi
# Pretend that the reference output was produced instantaneously.
cp /home/ed/mcsema-testing/llvm-test-suite/instant.txt Output/sumarray-dbl.out-nat.time
/home/ed/mcsema-testing/llvm-test-suite/DiffOutput.sh "/home/ed/mcsema-testing/SANDBOX/test-2015-12-21_15-36-50/tools/fpcmp " simple sumarray-dbl 
rm -f Output/sumarray-dbl.exe-simple
cp Output/sumarray-dbl.diff-simple Output/sumarray-dbl.exe-simple
if test -f Output/sumarray-dbl.extra-results.txt; then \
	  /home/ed/mcsema-testing/llvm-test-suite/ParseMultipleResults /home/ed/mcsema-testing/SANDBOX/test-2015-12-21_15-36-50/SingleSource/UnitTests/Vector/sumarray-dbl Output/sumarray-dbl.extra-results.txt >> Output/sumarray-dbl.simple.exec.report.txt; \
	fi
cat Output/sumarray-dbl.simple.compile.report.txt Output/sumarray-dbl.simple.exec.report.txt >> Output/sumarray-dbl.simple.report.txt
---------------------------------------------------------------
>>> ========= '/home/ed/mcsema-testing/SANDBOX/test-2015-12-21_15-36-50/SingleSource/UnitTests/Vector/sumarray-dbl' Program
---------------------------------------------------------------

TEST-PASS: compile /home/ed/mcsema-testing/SANDBOX/test-2015-12-21_15-36-50/SingleSource/UnitTests/Vector/sumarray-dbl
TEST-RESULT-compile-success: pass
TEST-RESULT-compile-hash: 5c8aacd6ad4b374ffc9fa38dbd88b493
TEST-RESULT-compile-time: user       0.0246
TEST-RESULT-compile-real-time: real       0.0390

TEST-PASS: exec /home/ed/mcsema-testing/SANDBOX/test-2015-12-21_15-36-50/SingleSource/UnitTests/Vector/sumarray-dbl
TEST-RESULT-exec-success: pass
TEST-RESULT-exec-time: user       0.0009
TEST-RESULT-exec-real-time: real       0.0020
make[4]: Leaving directory `/home/ed/mcsema-testing/SANDBOX/test-2015-12-21_15-36-50/SingleSource/UnitTests/Vector'
make[4]: Entering directory `/home/ed/mcsema-testing/SANDBOX/test-2015-12-21_15-36-50/SingleSource/UnitTests/Vectorizer'
/home/ed/mcsema-testing/llvm-test-suite/RunSafely.sh --show-errors -t "/home/ed/mcsema-testing/SANDBOX/test-2015-12-21_15-36-50/tools/timeit" 500 /dev/null Output/gcc-loops.llvm.o.compile \
	  /usr/bin/clang++ -I/home/ed/mcsema-testing/SANDBOX/test-2015-12-21_15-36-50/SingleSource/UnitTests/Vectorizer -I/home/ed/mcsema-testing/llvm-test-suite/SingleSource/UnitTests/Vectorizer -I/home/ed/mcsema-testing/llvm-test-suite/include -I../../../include -D_GNU_SOURCE -D__STDC_LIMIT_MACROS -DNDEBUG  -O3  -m64 -fomit-frame-pointer -c /home/ed/mcsema-testing/llvm-test-suite/SingleSource/UnitTests/Vectorizer/gcc-loops.cpp -o Output/gcc-loops.llvm.o
cp Output/gcc-loops.llvm.o.compile.time Output/gcc-loops.simple.compile.time
/usr/bin/clang++ -o Output/gcc-loops.simple Output/gcc-loops.llvm.o -lstdc++   -m64 -fomit-frame-pointer
/home/ed/mcsema-testing/llvm-test-suite/RunSafely.sh -t "/home/ed/mcsema-testing/SANDBOX/test-2015-12-21_15-36-50/tools/timeit-target" 500 /dev/null Output/gcc-loops.out-simple Output/gcc-loops.simple 
cp Output/gcc-loops.simple Output/gcc-loops.simple-hash; \
	strip --remove-section=.comment --remove-section='.note*' Output/gcc-loops.simple-hash; \
	/home/ed/mcsema-testing/llvm-test-suite/HashProgramOutput.sh Output/gcc-loops.simple-hash
if [ -f "/home/ed/mcsema-testing/llvm-test-suite/SingleSource/UnitTests/Vectorizer/gcc-loops.reference_output.little-endian." ]; then \
	  cp /home/ed/mcsema-testing/llvm-test-suite/SingleSource/UnitTests/Vectorizer/gcc-loops.reference_output.little-endian. Output/gcc-loops.out-nat; \
	elif [ -f "/home/ed/mcsema-testing/llvm-test-suite/SingleSource/UnitTests/Vectorizer/gcc-loops.reference_output." ]; then \
	  cp /home/ed/mcsema-testing/llvm-test-suite/SingleSource/UnitTests/Vectorizer/gcc-loops.reference_output. Output/gcc-loops.out-nat; \
	elif [ -f "/home/ed/mcsema-testing/llvm-test-suite/SingleSource/UnitTests/Vectorizer/gcc-loops.reference_output.little-endian" ]; then \
	  cp /home/ed/mcsema-testing/llvm-test-suite/SingleSource/UnitTests/Vectorizer/gcc-loops.reference_output.little-endian Output/gcc-loops.out-nat; \
	elif [ -f "/home/ed/mcsema-testing/llvm-test-suite/SingleSource/UnitTests/Vectorizer/gcc-loops.reference_output" ]; then \
	  cp /home/ed/mcsema-testing/llvm-test-suite/SingleSource/UnitTests/Vectorizer/gcc-loops.reference_output Output/gcc-loops.out-nat; \
	else \
	  printf "WARNING: %s: %s\n" "NO REFERENCE OUTPUT (using default)" "/home/ed/mcsema-testing/llvm-test-suite/SingleSource/UnitTests/Vectorizer/gcc-loops.reference_output" > Output/gcc-loops.out-nat; \
	  cp /home/ed/mcsema-testing/llvm-test-suite/default.reference_output Output/gcc-loops.out-nat; \
	  cat Output/gcc-loops.out-nat; \
	fi
# Pretend that the reference output was produced instantaneously.
cp /home/ed/mcsema-testing/llvm-test-suite/instant.txt Output/gcc-loops.out-nat.time
/home/ed/mcsema-testing/llvm-test-suite/DiffOutput.sh "/home/ed/mcsema-testing/SANDBOX/test-2015-12-21_15-36-50/tools/fpcmp " simple gcc-loops 
rm -f Output/gcc-loops.exe-simple
cp Output/gcc-loops.diff-simple Output/gcc-loops.exe-simple
if test -f Output/gcc-loops.extra-results.txt; then \
	  /home/ed/mcsema-testing/llvm-test-suite/ParseMultipleResults /home/ed/mcsema-testing/SANDBOX/test-2015-12-21_15-36-50/SingleSource/UnitTests/Vectorizer/gcc-loops Output/gcc-loops.extra-results.txt >> Output/gcc-loops.simple.exec.report.txt; \
	fi
cat Output/gcc-loops.simple.compile.report.txt Output/gcc-loops.simple.exec.report.txt >> Output/gcc-loops.simple.report.txt
---------------------------------------------------------------
>>> ========= '/home/ed/mcsema-testing/SANDBOX/test-2015-12-21_15-36-50/SingleSource/UnitTests/Vectorizer/gcc-loops' Program
---------------------------------------------------------------

TEST-PASS: compile /home/ed/mcsema-testing/SANDBOX/test-2015-12-21_15-36-50/SingleSource/UnitTests/Vectorizer/gcc-loops
TEST-RESULT-compile-success: pass
TEST-RESULT-compile-hash: f4d7b5e66c550e1cf5b52e63cebe842d
TEST-RESULT-compile-time: user       0.3498
TEST-RESULT-compile-real-time: real       0.3939

TEST-PASS: exec /home/ed/mcsema-testing/SANDBOX/test-2015-12-21_15-36-50/SingleSource/UnitTests/Vectorizer/gcc-loops
TEST-RESULT-exec-success: pass
TEST-RESULT-exec-time: user       2.6907
TEST-RESULT-exec-real-time: real       2.6963
make[4]: Leaving directory `/home/ed/mcsema-testing/SANDBOX/test-2015-12-21_15-36-50/SingleSource/UnitTests/Vectorizer'
make[4]: Entering directory `/home/ed/mcsema-testing/SANDBOX/test-2015-12-21_15-36-50/SingleSource/UnitTests/SignlessTypes'
make[5]: Entering directory `/home/ed/mcsema-testing/SANDBOX/test-2015-12-21_15-36-50/SingleSource/UnitTests/SignlessTypes/Large'
/home/ed/mcsema-testing/llvm-test-suite/RunSafely.sh --show-errors -t "/home/ed/mcsema-testing/SANDBOX/test-2015-12-21_15-36-50/tools/timeit" 500 /dev/null Output/cast.llvm.o.compile \
	  /usr/bin/clang++ -I/home/ed/mcsema-testing/SANDBOX/test-2015-12-21_15-36-50/SingleSource/UnitTests/SignlessTypes/Large -I/home/ed/mcsema-testing/llvm-test-suite/SingleSource/UnitTests/SignlessTypes/Large -I/home/ed/mcsema-testing/llvm-test-suite/include -I../../../../include -D_GNU_SOURCE -D__STDC_LIMIT_MACROS -DNDEBUG  -O3  -m64 -fomit-frame-pointer -c /home/ed/mcsema-testing/llvm-test-suite/SingleSource/UnitTests/SignlessTypes/Large/cast.cpp -o Output/cast.llvm.o
cp Output/cast.llvm.o.compile.time Output/cast.simple.compile.time
/usr/bin/clang++ -o Output/cast.simple Output/cast.llvm.o -lstdc++   -m64 -fomit-frame-pointer
/home/ed/mcsema-testing/llvm-test-suite/RunSafely.sh -t "/home/ed/mcsema-testing/SANDBOX/test-2015-12-21_15-36-50/tools/timeit-target" 500 /dev/null Output/cast.out-simple Output/cast.simple 31415926
/home/ed/mcsema-testing/llvm-test-suite/HashProgramOutput.sh Output/cast.out-simple
cp Output/cast.simple Output/cast.simple-hash; \
	strip --remove-section=.comment --remove-section='.note*' Output/cast.simple-hash; \
	/home/ed/mcsema-testing/llvm-test-suite/HashProgramOutput.sh Output/cast.simple-hash
if [ -f "/home/ed/mcsema-testing/llvm-test-suite/SingleSource/UnitTests/SignlessTypes/Large/cast.reference_output.little-endian." ]; then \
	  cp /home/ed/mcsema-testing/llvm-test-suite/SingleSource/UnitTests/SignlessTypes/Large/cast.reference_output.little-endian. Output/cast.out-nat; \
	elif [ -f "/home/ed/mcsema-testing/llvm-test-suite/SingleSource/UnitTests/SignlessTypes/Large/cast.reference_output." ]; then \
	  cp /home/ed/mcsema-testing/llvm-test-suite/SingleSource/UnitTests/SignlessTypes/Large/cast.reference_output. Output/cast.out-nat; \
	elif [ -f "/home/ed/mcsema-testing/llvm-test-suite/SingleSource/UnitTests/SignlessTypes/Large/cast.reference_output.little-endian" ]; then \
	  cp /home/ed/mcsema-testing/llvm-test-suite/SingleSource/UnitTests/SignlessTypes/Large/cast.reference_output.little-endian Output/cast.out-nat; \
	elif [ -f "/home/ed/mcsema-testing/llvm-test-suite/SingleSource/UnitTests/SignlessTypes/Large/cast.reference_output" ]; then \
	  cp /home/ed/mcsema-testing/llvm-test-suite/SingleSource/UnitTests/SignlessTypes/Large/cast.reference_output Output/cast.out-nat; \
	else \
	  printf "WARNING: %s: %s\n" "NO REFERENCE OUTPUT (using default)" "/home/ed/mcsema-testing/llvm-test-suite/SingleSource/UnitTests/SignlessTypes/Large/cast.reference_output" > Output/cast.out-nat; \
	  cp /home/ed/mcsema-testing/llvm-test-suite/default.reference_output Output/cast.out-nat; \
	  cat Output/cast.out-nat; \
	fi
# Pretend that the reference output was produced instantaneously.
cp /home/ed/mcsema-testing/llvm-test-suite/instant.txt Output/cast.out-nat.time
/home/ed/mcsema-testing/llvm-test-suite/DiffOutput.sh "/home/ed/mcsema-testing/SANDBOX/test-2015-12-21_15-36-50/tools/fpcmp " simple cast 
rm -f Output/cast.exe-simple
cp Output/cast.diff-simple Output/cast.exe-simple
if test -f Output/cast.extra-results.txt; then \
	  /home/ed/mcsema-testing/llvm-test-suite/ParseMultipleResults /home/ed/mcsema-testing/SANDBOX/test-2015-12-21_15-36-50/SingleSource/UnitTests/SignlessTypes/Large/cast Output/cast.extra-results.txt >> Output/cast.simple.exec.report.txt; \
	fi
cat Output/cast.simple.compile.report.txt Output/cast.simple.exec.report.txt >> Output/cast.simple.report.txt
---------------------------------------------------------------
>>> ========= '/home/ed/mcsema-testing/SANDBOX/test-2015-12-21_15-36-50/SingleSource/UnitTests/SignlessTypes/Large/cast' Program
---------------------------------------------------------------

TEST-PASS: compile /home/ed/mcsema-testing/SANDBOX/test-2015-12-21_15-36-50/SingleSource/UnitTests/SignlessTypes/Large/cast
TEST-RESULT-compile-success: pass
TEST-RESULT-compile-hash: 6a6fb94101d336dc1086ce7d6af3eb02
TEST-RESULT-compile-time: user       0.0509
TEST-RESULT-compile-real-time: real       0.0682

TEST-PASS: exec /home/ed/mcsema-testing/SANDBOX/test-2015-12-21_15-36-50/SingleSource/UnitTests/SignlessTypes/Large/cast
TEST-RESULT-exec-success: pass
TEST-RESULT-exec-time: user       0.0087
TEST-RESULT-exec-real-time: real       0.0114
make[5]: Leaving directory `/home/ed/mcsema-testing/SANDBOX/test-2015-12-21_15-36-50/SingleSource/UnitTests/SignlessTypes/Large'
/home/ed/mcsema-testing/llvm-test-suite/RunSafely.sh --show-errors -t "/home/ed/mcsema-testing/SANDBOX/test-2015-12-21_15-36-50/tools/timeit" 500 /dev/null Output/cast2.llvm.o.compile \
	  /usr/bin/clang++ -I/home/ed/mcsema-testing/SANDBOX/test-2015-12-21_15-36-50/SingleSource/UnitTests/SignlessTypes -I/home/ed/mcsema-testing/llvm-test-suite/SingleSource/UnitTests/SignlessTypes -I/home/ed/mcsema-testing/llvm-test-suite/include -I../../../include -D_GNU_SOURCE -D__STDC_LIMIT_MACROS -DNDEBUG  -O3  -m64 -fomit-frame-pointer -c /home/ed/mcsema-testing/llvm-test-suite/SingleSource/UnitTests/SignlessTypes/cast2.cpp -o Output/cast2.llvm.o
cp Output/cast2.llvm.o.compile.time Output/cast2.simple.compile.time
/usr/bin/clang++ -o Output/cast2.simple Output/cast2.llvm.o -lstdc++   -m64 -fomit-frame-pointer
/home/ed/mcsema-testing/llvm-test-suite/RunSafely.sh -t "/home/ed/mcsema-testing/SANDBOX/test-2015-12-21_15-36-50/tools/timeit-target" 500 /dev/null Output/cast2.out-simple Output/cast2.simple 31415926
cp Output/cast2.simple Output/cast2.simple-hash; \
	strip --remove-section=.comment --remove-section='.note*' Output/cast2.simple-hash; \
	/home/ed/mcsema-testing/llvm-test-suite/HashProgramOutput.sh Output/cast2.simple-hash
if [ -f "/home/ed/mcsema-testing/llvm-test-suite/SingleSource/UnitTests/SignlessTypes/cast2.reference_output.little-endian." ]; then \
	  cp /home/ed/mcsema-testing/llvm-test-suite/SingleSource/UnitTests/SignlessTypes/cast2.reference_output.little-endian. Output/cast2.out-nat; \
	elif [ -f "/home/ed/mcsema-testing/llvm-test-suite/SingleSource/UnitTests/SignlessTypes/cast2.reference_output." ]; then \
	  cp /home/ed/mcsema-testing/llvm-test-suite/SingleSource/UnitTests/SignlessTypes/cast2.reference_output. Output/cast2.out-nat; \
	elif [ -f "/home/ed/mcsema-testing/llvm-test-suite/SingleSource/UnitTests/SignlessTypes/cast2.reference_output.little-endian" ]; then \
	  cp /home/ed/mcsema-testing/llvm-test-suite/SingleSource/UnitTests/SignlessTypes/cast2.reference_output.little-endian Output/cast2.out-nat; \
	elif [ -f "/home/ed/mcsema-testing/llvm-test-suite/SingleSource/UnitTests/SignlessTypes/cast2.reference_output" ]; then \
	  cp /home/ed/mcsema-testing/llvm-test-suite/SingleSource/UnitTests/SignlessTypes/cast2.reference_output Output/cast2.out-nat; \
	else \
	  printf "WARNING: %s: %s\n" "NO REFERENCE OUTPUT (using default)" "/home/ed/mcsema-testing/llvm-test-suite/SingleSource/UnitTests/SignlessTypes/cast2.reference_output" > Output/cast2.out-nat; \
	  cp /home/ed/mcsema-testing/llvm-test-suite/default.reference_output Output/cast2.out-nat; \
	  cat Output/cast2.out-nat; \
	fi
# Pretend that the reference output was produced instantaneously.
cp /home/ed/mcsema-testing/llvm-test-suite/instant.txt Output/cast2.out-nat.time
/home/ed/mcsema-testing/llvm-test-suite/DiffOutput.sh "/home/ed/mcsema-testing/SANDBOX/test-2015-12-21_15-36-50/tools/fpcmp " simple cast2 
rm -f Output/cast2.exe-simple
cp Output/cast2.diff-simple Output/cast2.exe-simple
if test -f Output/cast2.extra-results.txt; then \
	  /home/ed/mcsema-testing/llvm-test-suite/ParseMultipleResults /home/ed/mcsema-testing/SANDBOX/test-2015-12-21_15-36-50/SingleSource/UnitTests/SignlessTypes/cast2 Output/cast2.extra-results.txt >> Output/cast2.simple.exec.report.txt; \
	fi
cat Output/cast2.simple.compile.report.txt Output/cast2.simple.exec.report.txt >> Output/cast2.simple.report.txt
---------------------------------------------------------------
>>> ========= '/home/ed/mcsema-testing/SANDBOX/test-2015-12-21_15-36-50/SingleSource/UnitTests/SignlessTypes/cast2' Program
---------------------------------------------------------------

TEST-PASS: compile /home/ed/mcsema-testing/SANDBOX/test-2015-12-21_15-36-50/SingleSource/UnitTests/SignlessTypes/cast2
TEST-RESULT-compile-success: pass
TEST-RESULT-compile-hash: f7b63560ce768f29100a57ed74366d9f
TEST-RESULT-compile-time: user       0.0227
TEST-RESULT-compile-real-time: real       0.0360

TEST-PASS: exec /home/ed/mcsema-testing/SANDBOX/test-2015-12-21_15-36-50/SingleSource/UnitTests/SignlessTypes/cast2
TEST-RESULT-exec-success: pass
TEST-RESULT-exec-time: user       0.0008
TEST-RESULT-exec-real-time: real       0.0016
/home/ed/mcsema-testing/llvm-test-suite/RunSafely.sh --show-errors -t "/home/ed/mcsema-testing/SANDBOX/test-2015-12-21_15-36-50/tools/timeit" 500 /dev/null Output/cast-bug.llvm.o.compile \
	  /usr/bin/clang -I/home/ed/mcsema-testing/SANDBOX/test-2015-12-21_15-36-50/SingleSource/UnitTests/SignlessTypes -I/home/ed/mcsema-testing/llvm-test-suite/SingleSource/UnitTests/SignlessTypes -I/home/ed/mcsema-testing/llvm-test-suite/include -I../../../include -D_GNU_SOURCE -D__STDC_LIMIT_MACROS -DNDEBUG  -O3  -m64 -fomit-frame-pointer -c /home/ed/mcsema-testing/llvm-test-suite/SingleSource/UnitTests/SignlessTypes/cast-bug.c -o Output/cast-bug.llvm.o
cp Output/cast-bug.llvm.o.compile.time Output/cast-bug.simple.compile.time
/usr/bin/clang++ -o Output/cast-bug.simple Output/cast-bug.llvm.o -lstdc++   -m64 -fomit-frame-pointer
/home/ed/mcsema-testing/llvm-test-suite/RunSafely.sh -t "/home/ed/mcsema-testing/SANDBOX/test-2015-12-21_15-36-50/tools/timeit-target" 500 /dev/null Output/cast-bug.out-simple Output/cast-bug.simple 31415926
cp Output/cast-bug.simple Output/cast-bug.simple-hash; \
	strip --remove-section=.comment --remove-section='.note*' Output/cast-bug.simple-hash; \
	/home/ed/mcsema-testing/llvm-test-suite/HashProgramOutput.sh Output/cast-bug.simple-hash
if [ -f "/home/ed/mcsema-testing/llvm-test-suite/SingleSource/UnitTests/SignlessTypes/cast-bug.reference_output.little-endian." ]; then \
	  cp /home/ed/mcsema-testing/llvm-test-suite/SingleSource/UnitTests/SignlessTypes/cast-bug.reference_output.little-endian. Output/cast-bug.out-nat; \
	elif [ -f "/home/ed/mcsema-testing/llvm-test-suite/SingleSource/UnitTests/SignlessTypes/cast-bug.reference_output." ]; then \
	  cp /home/ed/mcsema-testing/llvm-test-suite/SingleSource/UnitTests/SignlessTypes/cast-bug.reference_output. Output/cast-bug.out-nat; \
	elif [ -f "/home/ed/mcsema-testing/llvm-test-suite/SingleSource/UnitTests/SignlessTypes/cast-bug.reference_output.little-endian" ]; then \
	  cp /home/ed/mcsema-testing/llvm-test-suite/SingleSource/UnitTests/SignlessTypes/cast-bug.reference_output.little-endian Output/cast-bug.out-nat; \
	elif [ -f "/home/ed/mcsema-testing/llvm-test-suite/SingleSource/UnitTests/SignlessTypes/cast-bug.reference_output" ]; then \
	  cp /home/ed/mcsema-testing/llvm-test-suite/SingleSource/UnitTests/SignlessTypes/cast-bug.reference_output Output/cast-bug.out-nat; \
	else \
	  printf "WARNING: %s: %s\n" "NO REFERENCE OUTPUT (using default)" "/home/ed/mcsema-testing/llvm-test-suite/SingleSource/UnitTests/SignlessTypes/cast-bug.reference_output" > Output/cast-bug.out-nat; \
	  cp /home/ed/mcsema-testing/llvm-test-suite/default.reference_output Output/cast-bug.out-nat; \
	  cat Output/cast-bug.out-nat; \
	fi
# Pretend that the reference output was produced instantaneously.
cp /home/ed/mcsema-testing/llvm-test-suite/instant.txt Output/cast-bug.out-nat.time
/home/ed/mcsema-testing/llvm-test-suite/DiffOutput.sh "/home/ed/mcsema-testing/SANDBOX/test-2015-12-21_15-36-50/tools/fpcmp " simple cast-bug 
rm -f Output/cast-bug.exe-simple
cp Output/cast-bug.diff-simple Output/cast-bug.exe-simple
if test -f Output/cast-bug.extra-results.txt; then \
	  /home/ed/mcsema-testing/llvm-test-suite/ParseMultipleResults /home/ed/mcsema-testing/SANDBOX/test-2015-12-21_15-36-50/SingleSource/UnitTests/SignlessTypes/cast-bug Output/cast-bug.extra-results.txt >> Output/cast-bug.simple.exec.report.txt; \
	fi
cat Output/cast-bug.simple.compile.report.txt Output/cast-bug.simple.exec.report.txt >> Output/cast-bug.simple.report.txt
---------------------------------------------------------------
>>> ========= '/home/ed/mcsema-testing/SANDBOX/test-2015-12-21_15-36-50/SingleSource/UnitTests/SignlessTypes/cast-bug' Program
---------------------------------------------------------------

TEST-PASS: compile /home/ed/mcsema-testing/SANDBOX/test-2015-12-21_15-36-50/SingleSource/UnitTests/SignlessTypes/cast-bug
TEST-RESULT-compile-success: pass
TEST-RESULT-compile-hash: 03accae06b85ee6405a5aab1d1c8b8a1
TEST-RESULT-compile-time: user       0.0175
TEST-RESULT-compile-real-time: real       0.0296

TEST-PASS: exec /home/ed/mcsema-testing/SANDBOX/test-2015-12-21_15-36-50/SingleSource/UnitTests/SignlessTypes/cast-bug
TEST-RESULT-exec-success: pass
TEST-RESULT-exec-time: user       0.0008
TEST-RESULT-exec-real-time: real       0.0016
/home/ed/mcsema-testing/llvm-test-suite/RunSafely.sh --show-errors -t "/home/ed/mcsema-testing/SANDBOX/test-2015-12-21_15-36-50/tools/timeit" 500 /dev/null Output/ccc.llvm.o.compile \
	  /usr/bin/clang -I/home/ed/mcsema-testing/SANDBOX/test-2015-12-21_15-36-50/SingleSource/UnitTests/SignlessTypes -I/home/ed/mcsema-testing/llvm-test-suite/SingleSource/UnitTests/SignlessTypes -I/home/ed/mcsema-testing/llvm-test-suite/include -I../../../include -D_GNU_SOURCE -D__STDC_LIMIT_MACROS -DNDEBUG  -O3  -m64 -fomit-frame-pointer -c /home/ed/mcsema-testing/llvm-test-suite/SingleSource/UnitTests/SignlessTypes/ccc.c -o Output/ccc.llvm.o
cp Output/ccc.llvm.o.compile.time Output/ccc.simple.compile.time
/usr/bin/clang++ -o Output/ccc.simple Output/ccc.llvm.o -lstdc++   -m64 -fomit-frame-pointer
/home/ed/mcsema-testing/llvm-test-suite/RunSafely.sh -t "/home/ed/mcsema-testing/SANDBOX/test-2015-12-21_15-36-50/tools/timeit-target" 500 /dev/null Output/ccc.out-simple Output/ccc.simple 31415926
cp Output/ccc.simple Output/ccc.simple-hash; \
	strip --remove-section=.comment --remove-section='.note*' Output/ccc.simple-hash; \
	/home/ed/mcsema-testing/llvm-test-suite/HashProgramOutput.sh Output/ccc.simple-hash
if [ -f "/home/ed/mcsema-testing/llvm-test-suite/SingleSource/UnitTests/SignlessTypes/ccc.reference_output.little-endian." ]; then \
	  cp /home/ed/mcsema-testing/llvm-test-suite/SingleSource/UnitTests/SignlessTypes/ccc.reference_output.little-endian. Output/ccc.out-nat; \
	elif [ -f "/home/ed/mcsema-testing/llvm-test-suite/SingleSource/UnitTests/SignlessTypes/ccc.reference_output." ]; then \
	  cp /home/ed/mcsema-testing/llvm-test-suite/SingleSource/UnitTests/SignlessTypes/ccc.reference_output. Output/ccc.out-nat; \
	elif [ -f "/home/ed/mcsema-testing/llvm-test-suite/SingleSource/UnitTests/SignlessTypes/ccc.reference_output.little-endian" ]; then \
	  cp /home/ed/mcsema-testing/llvm-test-suite/SingleSource/UnitTests/SignlessTypes/ccc.reference_output.little-endian Output/ccc.out-nat; \
	elif [ -f "/home/ed/mcsema-testing/llvm-test-suite/SingleSource/UnitTests/SignlessTypes/ccc.reference_output" ]; then \
	  cp /home/ed/mcsema-testing/llvm-test-suite/SingleSource/UnitTests/SignlessTypes/ccc.reference_output Output/ccc.out-nat; \
	else \
	  printf "WARNING: %s: %s\n" "NO REFERENCE OUTPUT (using default)" "/home/ed/mcsema-testing/llvm-test-suite/SingleSource/UnitTests/SignlessTypes/ccc.reference_output" > Output/ccc.out-nat; \
	  cp /home/ed/mcsema-testing/llvm-test-suite/default.reference_output Output/ccc.out-nat; \
	  cat Output/ccc.out-nat; \
	fi
# Pretend that the reference output was produced instantaneously.
cp /home/ed/mcsema-testing/llvm-test-suite/instant.txt Output/ccc.out-nat.time
/home/ed/mcsema-testing/llvm-test-suite/DiffOutput.sh "/home/ed/mcsema-testing/SANDBOX/test-2015-12-21_15-36-50/tools/fpcmp " simple ccc 
rm -f Output/ccc.exe-simple
cp Output/ccc.diff-simple Output/ccc.exe-simple
if test -f Output/ccc.extra-results.txt; then \
	  /home/ed/mcsema-testing/llvm-test-suite/ParseMultipleResults /home/ed/mcsema-testing/SANDBOX/test-2015-12-21_15-36-50/SingleSource/UnitTests/SignlessTypes/ccc Output/ccc.extra-results.txt >> Output/ccc.simple.exec.report.txt; \
	fi
cat Output/ccc.simple.compile.report.txt Output/ccc.simple.exec.report.txt >> Output/ccc.simple.report.txt
---------------------------------------------------------------
>>> ========= '/home/ed/mcsema-testing/SANDBOX/test-2015-12-21_15-36-50/SingleSource/UnitTests/SignlessTypes/ccc' Program
---------------------------------------------------------------

TEST-PASS: compile /home/ed/mcsema-testing/SANDBOX/test-2015-12-21_15-36-50/SingleSource/UnitTests/SignlessTypes/ccc
TEST-RESULT-compile-success: pass
TEST-RESULT-compile-hash: a1298c5a85d84e827cb7b1c8f7f89d3c
TEST-RESULT-compile-time: user       0.0290
TEST-RESULT-compile-real-time: real       0.0441

TEST-PASS: exec /home/ed/mcsema-testing/SANDBOX/test-2015-12-21_15-36-50/SingleSource/UnitTests/SignlessTypes/ccc
TEST-RESULT-exec-success: pass
TEST-RESULT-exec-time: user       0.0009
TEST-RESULT-exec-real-time: real       0.0019
/home/ed/mcsema-testing/llvm-test-suite/RunSafely.sh --show-errors -t "/home/ed/mcsema-testing/SANDBOX/test-2015-12-21_15-36-50/tools/timeit" 500 /dev/null Output/div.llvm.o.compile \
	  /usr/bin/clang -I/home/ed/mcsema-testing/SANDBOX/test-2015-12-21_15-36-50/SingleSource/UnitTests/SignlessTypes -I/home/ed/mcsema-testing/llvm-test-suite/SingleSource/UnitTests/SignlessTypes -I/home/ed/mcsema-testing/llvm-test-suite/include -I../../../include -D_GNU_SOURCE -D__STDC_LIMIT_MACROS -DNDEBUG  -O3  -m64 -fomit-frame-pointer -c /home/ed/mcsema-testing/llvm-test-suite/SingleSource/UnitTests/SignlessTypes/div.c -o Output/div.llvm.o
cp Output/div.llvm.o.compile.time Output/div.simple.compile.time
/usr/bin/clang++ -o Output/div.simple Output/div.llvm.o -lstdc++   -m64 -fomit-frame-pointer
/home/ed/mcsema-testing/llvm-test-suite/RunSafely.sh -t "/home/ed/mcsema-testing/SANDBOX/test-2015-12-21_15-36-50/tools/timeit-target" 500 /dev/null Output/div.out-simple Output/div.simple 31415926
cp Output/div.simple Output/div.simple-hash; \
	strip --remove-section=.comment --remove-section='.note*' Output/div.simple-hash; \
	/home/ed/mcsema-testing/llvm-test-suite/HashProgramOutput.sh Output/div.simple-hash
if [ -f "/home/ed/mcsema-testing/llvm-test-suite/SingleSource/UnitTests/SignlessTypes/div.reference_output.little-endian." ]; then \
	  cp /home/ed/mcsema-testing/llvm-test-suite/SingleSource/UnitTests/SignlessTypes/div.reference_output.little-endian. Output/div.out-nat; \
	elif [ -f "/home/ed/mcsema-testing/llvm-test-suite/SingleSource/UnitTests/SignlessTypes/div.reference_output." ]; then \
	  cp /home/ed/mcsema-testing/llvm-test-suite/SingleSource/UnitTests/SignlessTypes/div.reference_output. Output/div.out-nat; \
	elif [ -f "/home/ed/mcsema-testing/llvm-test-suite/SingleSource/UnitTests/SignlessTypes/div.reference_output.little-endian" ]; then \
	  cp /home/ed/mcsema-testing/llvm-test-suite/SingleSource/UnitTests/SignlessTypes/div.reference_output.little-endian Output/div.out-nat; \
	elif [ -f "/home/ed/mcsema-testing/llvm-test-suite/SingleSource/UnitTests/SignlessTypes/div.reference_output" ]; then \
	  cp /home/ed/mcsema-testing/llvm-test-suite/SingleSource/UnitTests/SignlessTypes/div.reference_output Output/div.out-nat; \
	else \
	  printf "WARNING: %s: %s\n" "NO REFERENCE OUTPUT (using default)" "/home/ed/mcsema-testing/llvm-test-suite/SingleSource/UnitTests/SignlessTypes/div.reference_output" > Output/div.out-nat; \
	  cp /home/ed/mcsema-testing/llvm-test-suite/default.reference_output Output/div.out-nat; \
	  cat Output/div.out-nat; \
	fi
# Pretend that the reference output was produced instantaneously.
cp /home/ed/mcsema-testing/llvm-test-suite/instant.txt Output/div.out-nat.time
/home/ed/mcsema-testing/llvm-test-suite/DiffOutput.sh "/home/ed/mcsema-testing/SANDBOX/test-2015-12-21_15-36-50/tools/fpcmp " simple div 
rm -f Output/div.exe-simple
cp Output/div.diff-simple Output/div.exe-simple
if test -f Output/div.extra-results.txt; then \
	  /home/ed/mcsema-testing/llvm-test-suite/ParseMultipleResults /home/ed/mcsema-testing/SANDBOX/test-2015-12-21_15-36-50/SingleSource/UnitTests/SignlessTypes/div Output/div.extra-results.txt >> Output/div.simple.exec.report.txt; \
	fi
cat Output/div.simple.compile.report.txt Output/div.simple.exec.report.txt >> Output/div.simple.report.txt
---------------------------------------------------------------
>>> ========= '/home/ed/mcsema-testing/SANDBOX/test-2015-12-21_15-36-50/SingleSource/UnitTests/SignlessTypes/div' Program
---------------------------------------------------------------

TEST-PASS: compile /home/ed/mcsema-testing/SANDBOX/test-2015-12-21_15-36-50/SingleSource/UnitTests/SignlessTypes/div
TEST-RESULT-compile-success: pass
TEST-RESULT-compile-hash: a7d4d2fc71f4976b2f4ea2695f188cea
TEST-RESULT-compile-time: user       0.0294
TEST-RESULT-compile-real-time: real       0.0431

TEST-PASS: exec /home/ed/mcsema-testing/SANDBOX/test-2015-12-21_15-36-50/SingleSource/UnitTests/SignlessTypes/div
TEST-RESULT-exec-success: pass
TEST-RESULT-exec-time: user       0.0009
TEST-RESULT-exec-real-time: real       0.0018
/home/ed/mcsema-testing/llvm-test-suite/RunSafely.sh --show-errors -t "/home/ed/mcsema-testing/SANDBOX/test-2015-12-21_15-36-50/tools/timeit" 500 /dev/null Output/factor.llvm.o.compile \
	  /usr/bin/clang -I/home/ed/mcsema-testing/SANDBOX/test-2015-12-21_15-36-50/SingleSource/UnitTests/SignlessTypes -I/home/ed/mcsema-testing/llvm-test-suite/SingleSource/UnitTests/SignlessTypes -I/home/ed/mcsema-testing/llvm-test-suite/include -I../../../include -D_GNU_SOURCE -D__STDC_LIMIT_MACROS -DNDEBUG  -O3  -m64 -fomit-frame-pointer -c /home/ed/mcsema-testing/llvm-test-suite/SingleSource/UnitTests/SignlessTypes/factor.c -o Output/factor.llvm.o
cp Output/factor.llvm.o.compile.time Output/factor.simple.compile.time
/usr/bin/clang++ -o Output/factor.simple Output/factor.llvm.o -lstdc++   -m64 -fomit-frame-pointer
/home/ed/mcsema-testing/llvm-test-suite/RunSafely.sh -t "/home/ed/mcsema-testing/SANDBOX/test-2015-12-21_15-36-50/tools/timeit-target" 500 /dev/null Output/factor.out-simple Output/factor.simple 31415926
cp Output/factor.simple Output/factor.simple-hash; \
	strip --remove-section=.comment --remove-section='.note*' Output/factor.simple-hash; \
	/home/ed/mcsema-testing/llvm-test-suite/HashProgramOutput.sh Output/factor.simple-hash
if [ -f "/home/ed/mcsema-testing/llvm-test-suite/SingleSource/UnitTests/SignlessTypes/factor.reference_output.little-endian." ]; then \
	  cp /home/ed/mcsema-testing/llvm-test-suite/SingleSource/UnitTests/SignlessTypes/factor.reference_output.little-endian. Output/factor.out-nat; \
	elif [ -f "/home/ed/mcsema-testing/llvm-test-suite/SingleSource/UnitTests/SignlessTypes/factor.reference_output." ]; then \
	  cp /home/ed/mcsema-testing/llvm-test-suite/SingleSource/UnitTests/SignlessTypes/factor.reference_output. Output/factor.out-nat; \
	elif [ -f "/home/ed/mcsema-testing/llvm-test-suite/SingleSource/UnitTests/SignlessTypes/factor.reference_output.little-endian" ]; then \
	  cp /home/ed/mcsema-testing/llvm-test-suite/SingleSource/UnitTests/SignlessTypes/factor.reference_output.little-endian Output/factor.out-nat; \
	elif [ -f "/home/ed/mcsema-testing/llvm-test-suite/SingleSource/UnitTests/SignlessTypes/factor.reference_output" ]; then \
	  cp /home/ed/mcsema-testing/llvm-test-suite/SingleSource/UnitTests/SignlessTypes/factor.reference_output Output/factor.out-nat; \
	else \
	  printf "WARNING: %s: %s\n" "NO REFERENCE OUTPUT (using default)" "/home/ed/mcsema-testing/llvm-test-suite/SingleSource/UnitTests/SignlessTypes/factor.reference_output" > Output/factor.out-nat; \
	  cp /home/ed/mcsema-testing/llvm-test-suite/default.reference_output Output/factor.out-nat; \
	  cat Output/factor.out-nat; \
	fi
# Pretend that the reference output was produced instantaneously.
cp /home/ed/mcsema-testing/llvm-test-suite/instant.txt Output/factor.out-nat.time
/home/ed/mcsema-testing/llvm-test-suite/DiffOutput.sh "/home/ed/mcsema-testing/SANDBOX/test-2015-12-21_15-36-50/tools/fpcmp " simple factor 
rm -f Output/factor.exe-simple
cp Output/factor.diff-simple Output/factor.exe-simple
if test -f Output/factor.extra-results.txt; then \
	  /home/ed/mcsema-testing/llvm-test-suite/ParseMultipleResults /home/ed/mcsema-testing/SANDBOX/test-2015-12-21_15-36-50/SingleSource/UnitTests/SignlessTypes/factor Output/factor.extra-results.txt >> Output/factor.simple.exec.report.txt; \
	fi
cat Output/factor.simple.compile.report.txt Output/factor.simple.exec.report.txt >> Output/factor.simple.report.txt
---------------------------------------------------------------
>>> ========= '/home/ed/mcsema-testing/SANDBOX/test-2015-12-21_15-36-50/SingleSource/UnitTests/SignlessTypes/factor' Program
---------------------------------------------------------------

TEST-PASS: compile /home/ed/mcsema-testing/SANDBOX/test-2015-12-21_15-36-50/SingleSource/UnitTests/SignlessTypes/factor
TEST-RESULT-compile-success: pass
TEST-RESULT-compile-hash: a2f291d635b5ed16d2b99814becb9d30
TEST-RESULT-compile-time: user       0.0328
TEST-RESULT-compile-real-time: real       0.0475

TEST-PASS: exec /home/ed/mcsema-testing/SANDBOX/test-2015-12-21_15-36-50/SingleSource/UnitTests/SignlessTypes/factor
TEST-RESULT-exec-success: pass
TEST-RESULT-exec-time: user       0.0008
TEST-RESULT-exec-real-time: real       0.0018
/home/ed/mcsema-testing/llvm-test-suite/RunSafely.sh --show-errors -t "/home/ed/mcsema-testing/SANDBOX/test-2015-12-21_15-36-50/tools/timeit" 500 /dev/null Output/rem.llvm.o.compile \
	  /usr/bin/clang -I/home/ed/mcsema-testing/SANDBOX/test-2015-12-21_15-36-50/SingleSource/UnitTests/SignlessTypes -I/home/ed/mcsema-testing/llvm-test-suite/SingleSource/UnitTests/SignlessTypes -I/home/ed/mcsema-testing/llvm-test-suite/include -I../../../include -D_GNU_SOURCE -D__STDC_LIMIT_MACROS -DNDEBUG  -O3  -m64 -fomit-frame-pointer -c /home/ed/mcsema-testing/llvm-test-suite/SingleSource/UnitTests/SignlessTypes/rem.c -o Output/rem.llvm.o
cp Output/rem.llvm.o.compile.time Output/rem.simple.compile.time
/usr/bin/clang++ -o Output/rem.simple Output/rem.llvm.o -lstdc++   -m64 -fomit-frame-pointer
/home/ed/mcsema-testing/llvm-test-suite/RunSafely.sh -t "/home/ed/mcsema-testing/SANDBOX/test-2015-12-21_15-36-50/tools/timeit-target" 500 /dev/null Output/rem.out-simple Output/rem.simple 31415926
cp Output/rem.simple Output/rem.simple-hash; \
	strip --remove-section=.comment --remove-section='.note*' Output/rem.simple-hash; \
	/home/ed/mcsema-testing/llvm-test-suite/HashProgramOutput.sh Output/rem.simple-hash
if [ -f "/home/ed/mcsema-testing/llvm-test-suite/SingleSource/UnitTests/SignlessTypes/rem.reference_output.little-endian." ]; then \
	  cp /home/ed/mcsema-testing/llvm-test-suite/SingleSource/UnitTests/SignlessTypes/rem.reference_output.little-endian. Output/rem.out-nat; \
	elif [ -f "/home/ed/mcsema-testing/llvm-test-suite/SingleSource/UnitTests/SignlessTypes/rem.reference_output." ]; then \
	  cp /home/ed/mcsema-testing/llvm-test-suite/SingleSource/UnitTests/SignlessTypes/rem.reference_output. Output/rem.out-nat; \
	elif [ -f "/home/ed/mcsema-testing/llvm-test-suite/SingleSource/UnitTests/SignlessTypes/rem.reference_output.little-endian" ]; then \
	  cp /home/ed/mcsema-testing/llvm-test-suite/SingleSource/UnitTests/SignlessTypes/rem.reference_output.little-endian Output/rem.out-nat; \
	elif [ -f "/home/ed/mcsema-testing/llvm-test-suite/SingleSource/UnitTests/SignlessTypes/rem.reference_output" ]; then \
	  cp /home/ed/mcsema-testing/llvm-test-suite/SingleSource/UnitTests/SignlessTypes/rem.reference_output Output/rem.out-nat; \
	else \
	  printf "WARNING: %s: %s\n" "NO REFERENCE OUTPUT (using default)" "/home/ed/mcsema-testing/llvm-test-suite/SingleSource/UnitTests/SignlessTypes/rem.reference_output" > Output/rem.out-nat; \
	  cp /home/ed/mcsema-testing/llvm-test-suite/default.reference_output Output/rem.out-nat; \
	  cat Output/rem.out-nat; \
	fi
# Pretend that the reference output was produced instantaneously.
cp /home/ed/mcsema-testing/llvm-test-suite/instant.txt Output/rem.out-nat.time
/home/ed/mcsema-testing/llvm-test-suite/DiffOutput.sh "/home/ed/mcsema-testing/SANDBOX/test-2015-12-21_15-36-50/tools/fpcmp " simple rem 
rm -f Output/rem.exe-simple
cp Output/rem.diff-simple Output/rem.exe-simple
if test -f Output/rem.extra-results.txt; then \
	  /home/ed/mcsema-testing/llvm-test-suite/ParseMultipleResults /home/ed/mcsema-testing/SANDBOX/test-2015-12-21_15-36-50/SingleSource/UnitTests/SignlessTypes/rem Output/rem.extra-results.txt >> Output/rem.simple.exec.report.txt; \
	fi
cat Output/rem.simple.compile.report.txt Output/rem.simple.exec.report.txt >> Output/rem.simple.report.txt
---------------------------------------------------------------
>>> ========= '/home/ed/mcsema-testing/SANDBOX/test-2015-12-21_15-36-50/SingleSource/UnitTests/SignlessTypes/rem' Program
---------------------------------------------------------------

TEST-PASS: compile /home/ed/mcsema-testing/SANDBOX/test-2015-12-21_15-36-50/SingleSource/UnitTests/SignlessTypes/rem
TEST-RESULT-compile-success: pass
TEST-RESULT-compile-hash: 8fe495f202bca7a0b13e02776a4c7f42
TEST-RESULT-compile-time: user       0.0822
TEST-RESULT-compile-real-time: real       0.0994

TEST-PASS: exec /home/ed/mcsema-testing/SANDBOX/test-2015-12-21_15-36-50/SingleSource/UnitTests/SignlessTypes/rem
TEST-RESULT-exec-success: pass
TEST-RESULT-exec-time: user       0.0014
TEST-RESULT-exec-real-time: real       0.0022
/home/ed/mcsema-testing/llvm-test-suite/RunSafely.sh --show-errors -t "/home/ed/mcsema-testing/SANDBOX/test-2015-12-21_15-36-50/tools/timeit" 500 /dev/null Output/shr.llvm.o.compile \
	  /usr/bin/clang -I/home/ed/mcsema-testing/SANDBOX/test-2015-12-21_15-36-50/SingleSource/UnitTests/SignlessTypes -I/home/ed/mcsema-testing/llvm-test-suite/SingleSource/UnitTests/SignlessTypes -I/home/ed/mcsema-testing/llvm-test-suite/include -I../../../include -D_GNU_SOURCE -D__STDC_LIMIT_MACROS -DNDEBUG  -O3  -m64 -fomit-frame-pointer -c /home/ed/mcsema-testing/llvm-test-suite/SingleSource/UnitTests/SignlessTypes/shr.c -o Output/shr.llvm.o
cp Output/shr.llvm.o.compile.time Output/shr.simple.compile.time
/usr/bin/clang++ -o Output/shr.simple Output/shr.llvm.o -lstdc++   -m64 -fomit-frame-pointer
/home/ed/mcsema-testing/llvm-test-suite/RunSafely.sh -t "/home/ed/mcsema-testing/SANDBOX/test-2015-12-21_15-36-50/tools/timeit-target" 500 /dev/null Output/shr.out-simple Output/shr.simple 31415926
cp Output/shr.simple Output/shr.simple-hash; \
	strip --remove-section=.comment --remove-section='.note*' Output/shr.simple-hash; \
	/home/ed/mcsema-testing/llvm-test-suite/HashProgramOutput.sh Output/shr.simple-hash
if [ -f "/home/ed/mcsema-testing/llvm-test-suite/SingleSource/UnitTests/SignlessTypes/shr.reference_output.little-endian." ]; then \
	  cp /home/ed/mcsema-testing/llvm-test-suite/SingleSource/UnitTests/SignlessTypes/shr.reference_output.little-endian. Output/shr.out-nat; \
	elif [ -f "/home/ed/mcsema-testing/llvm-test-suite/SingleSource/UnitTests/SignlessTypes/shr.reference_output." ]; then \
	  cp /home/ed/mcsema-testing/llvm-test-suite/SingleSource/UnitTests/SignlessTypes/shr.reference_output. Output/shr.out-nat; \
	elif [ -f "/home/ed/mcsema-testing/llvm-test-suite/SingleSource/UnitTests/SignlessTypes/shr.reference_output.little-endian" ]; then \
	  cp /home/ed/mcsema-testing/llvm-test-suite/SingleSource/UnitTests/SignlessTypes/shr.reference_output.little-endian Output/shr.out-nat; \
	elif [ -f "/home/ed/mcsema-testing/llvm-test-suite/SingleSource/UnitTests/SignlessTypes/shr.reference_output" ]; then \
	  cp /home/ed/mcsema-testing/llvm-test-suite/SingleSource/UnitTests/SignlessTypes/shr.reference_output Output/shr.out-nat; \
	else \
	  printf "WARNING: %s: %s\n" "NO REFERENCE OUTPUT (using default)" "/home/ed/mcsema-testing/llvm-test-suite/SingleSource/UnitTests/SignlessTypes/shr.reference_output" > Output/shr.out-nat; \
	  cp /home/ed/mcsema-testing/llvm-test-suite/default.reference_output Output/shr.out-nat; \
	  cat Output/shr.out-nat; \
	fi
# Pretend that the reference output was produced instantaneously.
cp /home/ed/mcsema-testing/llvm-test-suite/instant.txt Output/shr.out-nat.time
/home/ed/mcsema-testing/llvm-test-suite/DiffOutput.sh "/home/ed/mcsema-testing/SANDBOX/test-2015-12-21_15-36-50/tools/fpcmp " simple shr 
rm -f Output/shr.exe-simple
cp Output/shr.diff-simple Output/shr.exe-simple
if test -f Output/shr.extra-results.txt; then \
	  /home/ed/mcsema-testing/llvm-test-suite/ParseMultipleResults /home/ed/mcsema-testing/SANDBOX/test-2015-12-21_15-36-50/SingleSource/UnitTests/SignlessTypes/shr Output/shr.extra-results.txt >> Output/shr.simple.exec.report.txt; \
	fi
cat Output/shr.simple.compile.report.txt Output/shr.simple.exec.report.txt >> Output/shr.simple.report.txt
---------------------------------------------------------------
>>> ========= '/home/ed/mcsema-testing/SANDBOX/test-2015-12-21_15-36-50/SingleSource/UnitTests/SignlessTypes/shr' Program
---------------------------------------------------------------

TEST-PASS: compile /home/ed/mcsema-testing/SANDBOX/test-2015-12-21_15-36-50/SingleSource/UnitTests/SignlessTypes/shr
TEST-RESULT-compile-success: pass
TEST-RESULT-compile-hash: deb1151a324354f41b0bae3c0dc9be5b
TEST-RESULT-compile-time: user       0.0295
TEST-RESULT-compile-real-time: real       0.0432

TEST-PASS: exec /home/ed/mcsema-testing/SANDBOX/test-2015-12-21_15-36-50/SingleSource/UnitTests/SignlessTypes/shr
TEST-RESULT-exec-success: pass
TEST-RESULT-exec-time: user       0.0009
TEST-RESULT-exec-real-time: real       0.0017
make[4]: Leaving directory `/home/ed/mcsema-testing/SANDBOX/test-2015-12-21_15-36-50/SingleSource/UnitTests/SignlessTypes'
make[4]: Entering directory `/home/ed/mcsema-testing/SANDBOX/test-2015-12-21_15-36-50/SingleSource/UnitTests/Threads'
/home/ed/mcsema-testing/llvm-test-suite/RunSafely.sh --show-errors -t "/home/ed/mcsema-testing/SANDBOX/test-2015-12-21_15-36-50/tools/timeit" 500 /dev/null Output/2010-12-08-tls.llvm.o.compile \
	  /usr/bin/clang -I/home/ed/mcsema-testing/SANDBOX/test-2015-12-21_15-36-50/SingleSource/UnitTests/Threads -I/home/ed/mcsema-testing/llvm-test-suite/SingleSource/UnitTests/Threads -I/home/ed/mcsema-testing/llvm-test-suite/include -I../../../include -D_GNU_SOURCE -D__STDC_LIMIT_MACROS -DNDEBUG  -O3  -m64 -fomit-frame-pointer -c /home/ed/mcsema-testing/llvm-test-suite/SingleSource/UnitTests/Threads/2010-12-08-tls.c -o Output/2010-12-08-tls.llvm.o
cp Output/2010-12-08-tls.llvm.o.compile.time Output/2010-12-08-tls.simple.compile.time
/usr/bin/clang++ -o Output/2010-12-08-tls.simple Output/2010-12-08-tls.llvm.o -lpthread   -m64 -fomit-frame-pointer
/home/ed/mcsema-testing/llvm-test-suite/RunSafely.sh -t "/home/ed/mcsema-testing/SANDBOX/test-2015-12-21_15-36-50/tools/timeit-target" 500 /dev/null Output/2010-12-08-tls.out-simple Output/2010-12-08-tls.simple 
cp Output/2010-12-08-tls.simple Output/2010-12-08-tls.simple-hash; \
	strip --remove-section=.comment --remove-section='.note*' Output/2010-12-08-tls.simple-hash; \
	/home/ed/mcsema-testing/llvm-test-suite/HashProgramOutput.sh Output/2010-12-08-tls.simple-hash
if [ -f "/home/ed/mcsema-testing/llvm-test-suite/SingleSource/UnitTests/Threads/2010-12-08-tls.reference_output.little-endian." ]; then \
	  cp /home/ed/mcsema-testing/llvm-test-suite/SingleSource/UnitTests/Threads/2010-12-08-tls.reference_output.little-endian. Output/2010-12-08-tls.out-nat; \
	elif [ -f "/home/ed/mcsema-testing/llvm-test-suite/SingleSource/UnitTests/Threads/2010-12-08-tls.reference_output." ]; then \
	  cp /home/ed/mcsema-testing/llvm-test-suite/SingleSource/UnitTests/Threads/2010-12-08-tls.reference_output. Output/2010-12-08-tls.out-nat; \
	elif [ -f "/home/ed/mcsema-testing/llvm-test-suite/SingleSource/UnitTests/Threads/2010-12-08-tls.reference_output.little-endian" ]; then \
	  cp /home/ed/mcsema-testing/llvm-test-suite/SingleSource/UnitTests/Threads/2010-12-08-tls.reference_output.little-endian Output/2010-12-08-tls.out-nat; \
	elif [ -f "/home/ed/mcsema-testing/llvm-test-suite/SingleSource/UnitTests/Threads/2010-12-08-tls.reference_output" ]; then \
	  cp /home/ed/mcsema-testing/llvm-test-suite/SingleSource/UnitTests/Threads/2010-12-08-tls.reference_output Output/2010-12-08-tls.out-nat; \
	else \
	  printf "WARNING: %s: %s\n" "NO REFERENCE OUTPUT (using default)" "/home/ed/mcsema-testing/llvm-test-suite/SingleSource/UnitTests/Threads/2010-12-08-tls.reference_output" > Output/2010-12-08-tls.out-nat; \
	  cp /home/ed/mcsema-testing/llvm-test-suite/default.reference_output Output/2010-12-08-tls.out-nat; \
	  cat Output/2010-12-08-tls.out-nat; \
	fi
# Pretend that the reference output was produced instantaneously.
cp /home/ed/mcsema-testing/llvm-test-suite/instant.txt Output/2010-12-08-tls.out-nat.time
/home/ed/mcsema-testing/llvm-test-suite/DiffOutput.sh "/home/ed/mcsema-testing/SANDBOX/test-2015-12-21_15-36-50/tools/fpcmp " simple 2010-12-08-tls 
rm -f Output/2010-12-08-tls.exe-simple
cp Output/2010-12-08-tls.diff-simple Output/2010-12-08-tls.exe-simple
if test -f Output/2010-12-08-tls.extra-results.txt; then \
	  /home/ed/mcsema-testing/llvm-test-suite/ParseMultipleResults /home/ed/mcsema-testing/SANDBOX/test-2015-12-21_15-36-50/SingleSource/UnitTests/Threads/2010-12-08-tls Output/2010-12-08-tls.extra-results.txt >> Output/2010-12-08-tls.simple.exec.report.txt; \
	fi
cat Output/2010-12-08-tls.simple.compile.report.txt Output/2010-12-08-tls.simple.exec.report.txt >> Output/2010-12-08-tls.simple.report.txt
---------------------------------------------------------------
>>> ========= '/home/ed/mcsema-testing/SANDBOX/test-2015-12-21_15-36-50/SingleSource/UnitTests/Threads/2010-12-08-tls' Program
---------------------------------------------------------------

TEST-PASS: compile /home/ed/mcsema-testing/SANDBOX/test-2015-12-21_15-36-50/SingleSource/UnitTests/Threads/2010-12-08-tls
TEST-RESULT-compile-success: pass
TEST-RESULT-compile-hash: 2a6242b6951bbb2dfb91cdc35b92ed7b
TEST-RESULT-compile-time: user       0.0211
TEST-RESULT-compile-real-time: real       0.0359

TEST-PASS: exec /home/ed/mcsema-testing/SANDBOX/test-2015-12-21_15-36-50/SingleSource/UnitTests/Threads/2010-12-08-tls
TEST-RESULT-exec-success: pass
TEST-RESULT-exec-time: user       0.0009
TEST-RESULT-exec-real-time: real       0.0019
/home/ed/mcsema-testing/llvm-test-suite/RunSafely.sh --show-errors -t "/home/ed/mcsema-testing/SANDBOX/test-2015-12-21_15-36-50/tools/timeit" 500 /dev/null Output/tls.llvm.o.compile \
	  /usr/bin/clang -I/home/ed/mcsema-testing/SANDBOX/test-2015-12-21_15-36-50/SingleSource/UnitTests/Threads -I/home/ed/mcsema-testing/llvm-test-suite/SingleSource/UnitTests/Threads -I/home/ed/mcsema-testing/llvm-test-suite/include -I../../../include -D_GNU_SOURCE -D__STDC_LIMIT_MACROS -DNDEBUG  -O3  -m64 -fomit-frame-pointer -c /home/ed/mcsema-testing/llvm-test-suite/SingleSource/UnitTests/Threads/tls.c -o Output/tls.llvm.o
cp Output/tls.llvm.o.compile.time Output/tls.simple.compile.time
/usr/bin/clang++ -o Output/tls.simple Output/tls.llvm.o -lpthread   -m64 -fomit-frame-pointer
/home/ed/mcsema-testing/llvm-test-suite/RunSafely.sh -t "/home/ed/mcsema-testing/SANDBOX/test-2015-12-21_15-36-50/tools/timeit-target" 500 /dev/null Output/tls.out-simple Output/tls.simple 
cp Output/tls.simple Output/tls.simple-hash; \
	strip --remove-section=.comment --remove-section='.note*' Output/tls.simple-hash; \
	/home/ed/mcsema-testing/llvm-test-suite/HashProgramOutput.sh Output/tls.simple-hash
if [ -f "/home/ed/mcsema-testing/llvm-test-suite/SingleSource/UnitTests/Threads/tls.reference_output.little-endian." ]; then \
	  cp /home/ed/mcsema-testing/llvm-test-suite/SingleSource/UnitTests/Threads/tls.reference_output.little-endian. Output/tls.out-nat; \
	elif [ -f "/home/ed/mcsema-testing/llvm-test-suite/SingleSource/UnitTests/Threads/tls.reference_output." ]; then \
	  cp /home/ed/mcsema-testing/llvm-test-suite/SingleSource/UnitTests/Threads/tls.reference_output. Output/tls.out-nat; \
	elif [ -f "/home/ed/mcsema-testing/llvm-test-suite/SingleSource/UnitTests/Threads/tls.reference_output.little-endian" ]; then \
	  cp /home/ed/mcsema-testing/llvm-test-suite/SingleSource/UnitTests/Threads/tls.reference_output.little-endian Output/tls.out-nat; \
	elif [ -f "/home/ed/mcsema-testing/llvm-test-suite/SingleSource/UnitTests/Threads/tls.reference_output" ]; then \
	  cp /home/ed/mcsema-testing/llvm-test-suite/SingleSource/UnitTests/Threads/tls.reference_output Output/tls.out-nat; \
	else \
	  printf "WARNING: %s: %s\n" "NO REFERENCE OUTPUT (using default)" "/home/ed/mcsema-testing/llvm-test-suite/SingleSource/UnitTests/Threads/tls.reference_output" > Output/tls.out-nat; \
	  cp /home/ed/mcsema-testing/llvm-test-suite/default.reference_output Output/tls.out-nat; \
	  cat Output/tls.out-nat; \
	fi
# Pretend that the reference output was produced instantaneously.
cp /home/ed/mcsema-testing/llvm-test-suite/instant.txt Output/tls.out-nat.time
/home/ed/mcsema-testing/llvm-test-suite/DiffOutput.sh "/home/ed/mcsema-testing/SANDBOX/test-2015-12-21_15-36-50/tools/fpcmp " simple tls 
rm -f Output/tls.exe-simple
cp Output/tls.diff-simple Output/tls.exe-simple
if test -f Output/tls.extra-results.txt; then \
	  /home/ed/mcsema-testing/llvm-test-suite/ParseMultipleResults /home/ed/mcsema-testing/SANDBOX/test-2015-12-21_15-36-50/SingleSource/UnitTests/Threads/tls Output/tls.extra-results.txt >> Output/tls.simple.exec.report.txt; \
	fi
cat Output/tls.simple.compile.report.txt Output/tls.simple.exec.report.txt >> Output/tls.simple.report.txt
---------------------------------------------------------------
>>> ========= '/home/ed/mcsema-testing/SANDBOX/test-2015-12-21_15-36-50/SingleSource/UnitTests/Threads/tls' Program
---------------------------------------------------------------

TEST-PASS: compile /home/ed/mcsema-testing/SANDBOX/test-2015-12-21_15-36-50/SingleSource/UnitTests/Threads/tls
TEST-RESULT-compile-success: pass
TEST-RESULT-compile-hash: e05e39adf60155c8a5dae4bcfaa14d4f
TEST-RESULT-compile-time: user       0.0273
TEST-RESULT-compile-real-time: real       0.0440

TEST-PASS: exec /home/ed/mcsema-testing/SANDBOX/test-2015-12-21_15-36-50/SingleSource/UnitTests/Threads/tls
TEST-RESULT-exec-success: pass
TEST-RESULT-exec-time: user       0.0010
TEST-RESULT-exec-real-time: real       0.0022
make[4]: Leaving directory `/home/ed/mcsema-testing/SANDBOX/test-2015-12-21_15-36-50/SingleSource/UnitTests/Threads'
make[4]: Entering directory `/home/ed/mcsema-testing/SANDBOX/test-2015-12-21_15-36-50/SingleSource/UnitTests/C++11'
/home/ed/mcsema-testing/llvm-test-suite/RunSafely.sh --show-errors -t "/home/ed/mcsema-testing/SANDBOX/test-2015-12-21_15-36-50/tools/timeit" 500 /dev/null Output/stdthreadbug.llvm.o.compile \
	  /usr/bin/clang++ -std=c++11 -pthread -I/home/ed/mcsema-testing/SANDBOX/test-2015-12-21_15-36-50/SingleSource/UnitTests/C++11 -I/home/ed/mcsema-testing/llvm-test-suite/SingleSource/UnitTests/C++11 -I/home/ed/mcsema-testing/llvm-test-suite/include -I../../../include -D_GNU_SOURCE -D__STDC_LIMIT_MACROS -DNDEBUG  -O3  -m64 -fomit-frame-pointer -c /home/ed/mcsema-testing/llvm-test-suite/SingleSource/UnitTests/C++11/stdthreadbug.cpp -o Output/stdthreadbug.llvm.o
cp Output/stdthreadbug.llvm.o.compile.time Output/stdthreadbug.simple.compile.time
/usr/bin/clang++ -o Output/stdthreadbug.simple Output/stdthreadbug.llvm.o -lstdc++ -pthread   -m64 -fomit-frame-pointer
/home/ed/mcsema-testing/llvm-test-suite/RunSafely.sh -t "/home/ed/mcsema-testing/SANDBOX/test-2015-12-21_15-36-50/tools/timeit-target" 500 /dev/null Output/stdthreadbug.out-simple Output/stdthreadbug.simple 
cp Output/stdthreadbug.simple Output/stdthreadbug.simple-hash; \
	strip --remove-section=.comment --remove-section='.note*' Output/stdthreadbug.simple-hash; \
	/home/ed/mcsema-testing/llvm-test-suite/HashProgramOutput.sh Output/stdthreadbug.simple-hash
if [ -f "/home/ed/mcsema-testing/llvm-test-suite/SingleSource/UnitTests/C++11/stdthreadbug.reference_output.little-endian." ]; then \
	  cp /home/ed/mcsema-testing/llvm-test-suite/SingleSource/UnitTests/C++11/stdthreadbug.reference_output.little-endian. Output/stdthreadbug.out-nat; \
	elif [ -f "/home/ed/mcsema-testing/llvm-test-suite/SingleSource/UnitTests/C++11/stdthreadbug.reference_output." ]; then \
	  cp /home/ed/mcsema-testing/llvm-test-suite/SingleSource/UnitTests/C++11/stdthreadbug.reference_output. Output/stdthreadbug.out-nat; \
	elif [ -f "/home/ed/mcsema-testing/llvm-test-suite/SingleSource/UnitTests/C++11/stdthreadbug.reference_output.little-endian" ]; then \
	  cp /home/ed/mcsema-testing/llvm-test-suite/SingleSource/UnitTests/C++11/stdthreadbug.reference_output.little-endian Output/stdthreadbug.out-nat; \
	elif [ -f "/home/ed/mcsema-testing/llvm-test-suite/SingleSource/UnitTests/C++11/stdthreadbug.reference_output" ]; then \
	  cp /home/ed/mcsema-testing/llvm-test-suite/SingleSource/UnitTests/C++11/stdthreadbug.reference_output Output/stdthreadbug.out-nat; \
	else \
	  printf "WARNING: %s: %s\n" "NO REFERENCE OUTPUT (using default)" "/home/ed/mcsema-testing/llvm-test-suite/SingleSource/UnitTests/C++11/stdthreadbug.reference_output" > Output/stdthreadbug.out-nat; \
	  cp /home/ed/mcsema-testing/llvm-test-suite/default.reference_output Output/stdthreadbug.out-nat; \
	  cat Output/stdthreadbug.out-nat; \
	fi
# Pretend that the reference output was produced instantaneously.
cp /home/ed/mcsema-testing/llvm-test-suite/instant.txt Output/stdthreadbug.out-nat.time
/home/ed/mcsema-testing/llvm-test-suite/DiffOutput.sh "/home/ed/mcsema-testing/SANDBOX/test-2015-12-21_15-36-50/tools/fpcmp " simple stdthreadbug 
rm -f Output/stdthreadbug.exe-simple
cp Output/stdthreadbug.diff-simple Output/stdthreadbug.exe-simple
if test -f Output/stdthreadbug.extra-results.txt; then \
	  /home/ed/mcsema-testing/llvm-test-suite/ParseMultipleResults /home/ed/mcsema-testing/SANDBOX/test-2015-12-21_15-36-50/SingleSource/UnitTests/C++11/stdthreadbug Output/stdthreadbug.extra-results.txt >> Output/stdthreadbug.simple.exec.report.txt; \
	fi
cat Output/stdthreadbug.simple.compile.report.txt Output/stdthreadbug.simple.exec.report.txt >> Output/stdthreadbug.simple.report.txt
---------------------------------------------------------------
>>> ========= '/home/ed/mcsema-testing/SANDBOX/test-2015-12-21_15-36-50/SingleSource/UnitTests/C++11/stdthreadbug' Program
---------------------------------------------------------------

TEST-PASS: compile /home/ed/mcsema-testing/SANDBOX/test-2015-12-21_15-36-50/SingleSource/UnitTests/C++11/stdthreadbug
TEST-RESULT-compile-success: pass
TEST-RESULT-compile-hash: a8d15fcc3f4fd959ab5d9d9540f6494e
TEST-RESULT-compile-time: user       0.0158
TEST-RESULT-compile-real-time: real       0.0274

TEST-PASS: exec /home/ed/mcsema-testing/SANDBOX/test-2015-12-21_15-36-50/SingleSource/UnitTests/C++11/stdthreadbug
TEST-RESULT-exec-success: pass
TEST-RESULT-exec-time: user       0.0009
TEST-RESULT-exec-real-time: real       0.0018
make[4]: Leaving directory `/home/ed/mcsema-testing/SANDBOX/test-2015-12-21_15-36-50/SingleSource/UnitTests/C++11'
/home/ed/mcsema-testing/llvm-test-suite/RunSafely.sh --show-errors -t "/home/ed/mcsema-testing/SANDBOX/test-2015-12-21_15-36-50/tools/timeit" 500 /dev/null Output/2006-12-04-DynAllocAndRestore.llvm.o.compile \
	  /usr/bin/clang++ -I/home/ed/mcsema-testing/SANDBOX/test-2015-12-21_15-36-50/SingleSource/UnitTests -I/home/ed/mcsema-testing/llvm-test-suite/SingleSource/UnitTests -I/home/ed/mcsema-testing/llvm-test-suite/include -I../../include -D_GNU_SOURCE -D__STDC_LIMIT_MACROS -DNDEBUG  -O3  -m64 -fomit-frame-pointer -c /home/ed/mcsema-testing/llvm-test-suite/SingleSource/UnitTests/2006-12-04-DynAllocAndRestore.cpp -o Output/2006-12-04-DynAllocAndRestore.llvm.o
cp Output/2006-12-04-DynAllocAndRestore.llvm.o.compile.time Output/2006-12-04-DynAllocAndRestore.simple.compile.time
/usr/bin/clang++ -o Output/2006-12-04-DynAllocAndRestore.simple Output/2006-12-04-DynAllocAndRestore.llvm.o -lstdc++   -m64 -fomit-frame-pointer
/home/ed/mcsema-testing/llvm-test-suite/RunSafely.sh -t "/home/ed/mcsema-testing/SANDBOX/test-2015-12-21_15-36-50/tools/timeit-target" 500 /dev/null Output/2006-12-04-DynAllocAndRestore.out-simple Output/2006-12-04-DynAllocAndRestore.simple 
cp Output/2006-12-04-DynAllocAndRestore.simple Output/2006-12-04-DynAllocAndRestore.simple-hash; \
	strip --remove-section=.comment --remove-section='.note*' Output/2006-12-04-DynAllocAndRestore.simple-hash; \
	/home/ed/mcsema-testing/llvm-test-suite/HashProgramOutput.sh Output/2006-12-04-DynAllocAndRestore.simple-hash
if [ -f "/home/ed/mcsema-testing/llvm-test-suite/SingleSource/UnitTests/2006-12-04-DynAllocAndRestore.reference_output.little-endian." ]; then \
	  cp /home/ed/mcsema-testing/llvm-test-suite/SingleSource/UnitTests/2006-12-04-DynAllocAndRestore.reference_output.little-endian. Output/2006-12-04-DynAllocAndRestore.out-nat; \
	elif [ -f "/home/ed/mcsema-testing/llvm-test-suite/SingleSource/UnitTests/2006-12-04-DynAllocAndRestore.reference_output." ]; then \
	  cp /home/ed/mcsema-testing/llvm-test-suite/SingleSource/UnitTests/2006-12-04-DynAllocAndRestore.reference_output. Output/2006-12-04-DynAllocAndRestore.out-nat; \
	elif [ -f "/home/ed/mcsema-testing/llvm-test-suite/SingleSource/UnitTests/2006-12-04-DynAllocAndRestore.reference_output.little-endian" ]; then \
	  cp /home/ed/mcsema-testing/llvm-test-suite/SingleSource/UnitTests/2006-12-04-DynAllocAndRestore.reference_output.little-endian Output/2006-12-04-DynAllocAndRestore.out-nat; \
	elif [ -f "/home/ed/mcsema-testing/llvm-test-suite/SingleSource/UnitTests/2006-12-04-DynAllocAndRestore.reference_output" ]; then \
	  cp /home/ed/mcsema-testing/llvm-test-suite/SingleSource/UnitTests/2006-12-04-DynAllocAndRestore.reference_output Output/2006-12-04-DynAllocAndRestore.out-nat; \
	else \
	  printf "WARNING: %s: %s\n" "NO REFERENCE OUTPUT (using default)" "/home/ed/mcsema-testing/llvm-test-suite/SingleSource/UnitTests/2006-12-04-DynAllocAndRestore.reference_output" > Output/2006-12-04-DynAllocAndRestore.out-nat; \
	  cp /home/ed/mcsema-testing/llvm-test-suite/default.reference_output Output/2006-12-04-DynAllocAndRestore.out-nat; \
	  cat Output/2006-12-04-DynAllocAndRestore.out-nat; \
	fi
# Pretend that the reference output was produced instantaneously.
cp /home/ed/mcsema-testing/llvm-test-suite/instant.txt Output/2006-12-04-DynAllocAndRestore.out-nat.time
/home/ed/mcsema-testing/llvm-test-suite/DiffOutput.sh "/home/ed/mcsema-testing/SANDBOX/test-2015-12-21_15-36-50/tools/fpcmp " simple 2006-12-04-DynAllocAndRestore 
rm -f Output/2006-12-04-DynAllocAndRestore.exe-simple
cp Output/2006-12-04-DynAllocAndRestore.diff-simple Output/2006-12-04-DynAllocAndRestore.exe-simple
if test -f Output/2006-12-04-DynAllocAndRestore.extra-results.txt; then \
	  /home/ed/mcsema-testing/llvm-test-suite/ParseMultipleResults /home/ed/mcsema-testing/SANDBOX/test-2015-12-21_15-36-50/SingleSource/UnitTests/2006-12-04-DynAllocAndRestore Output/2006-12-04-DynAllocAndRestore.extra-results.txt >> Output/2006-12-04-DynAllocAndRestore.simple.exec.report.txt; \
	fi
cat Output/2006-12-04-DynAllocAndRestore.simple.compile.report.txt Output/2006-12-04-DynAllocAndRestore.simple.exec.report.txt >> Output/2006-12-04-DynAllocAndRestore.simple.report.txt
---------------------------------------------------------------
>>> ========= '/home/ed/mcsema-testing/SANDBOX/test-2015-12-21_15-36-50/SingleSource/UnitTests/2006-12-04-DynAllocAndRestore' Program
---------------------------------------------------------------

TEST-PASS: compile /home/ed/mcsema-testing/SANDBOX/test-2015-12-21_15-36-50/SingleSource/UnitTests/2006-12-04-DynAllocAndRestore
TEST-RESULT-compile-success: pass
TEST-RESULT-compile-hash: 7f7cd53e307b71517ab835b279337d8e
TEST-RESULT-compile-time: user       0.0187
TEST-RESULT-compile-real-time: real       0.0423

TEST-PASS: exec /home/ed/mcsema-testing/SANDBOX/test-2015-12-21_15-36-50/SingleSource/UnitTests/2006-12-04-DynAllocAndRestore
TEST-RESULT-exec-success: pass
TEST-RESULT-exec-time: user       0.0008
TEST-RESULT-exec-real-time: real       0.0016
/home/ed/mcsema-testing/llvm-test-suite/RunSafely.sh --show-errors -t "/home/ed/mcsema-testing/SANDBOX/test-2015-12-21_15-36-50/tools/timeit" 500 /dev/null Output/block-byref-cxxobj-test.llvm.o.compile \
	  /usr/bin/clang++ -I/home/ed/mcsema-testing/SANDBOX/test-2015-12-21_15-36-50/SingleSource/UnitTests -I/home/ed/mcsema-testing/llvm-test-suite/SingleSource/UnitTests -I/home/ed/mcsema-testing/llvm-test-suite/include -I../../include -D_GNU_SOURCE -D__STDC_LIMIT_MACROS -DNDEBUG  -O3  -m64 -fomit-frame-pointer -c /home/ed/mcsema-testing/llvm-test-suite/SingleSource/UnitTests/block-byref-cxxobj-test.cpp -o Output/block-byref-cxxobj-test.llvm.o
cp Output/block-byref-cxxobj-test.llvm.o.compile.time Output/block-byref-cxxobj-test.simple.compile.time
/usr/bin/clang++ -o Output/block-byref-cxxobj-test.simple Output/block-byref-cxxobj-test.llvm.o -lstdc++   -m64 -fomit-frame-pointer
/home/ed/mcsema-testing/llvm-test-suite/RunSafely.sh -t "/home/ed/mcsema-testing/SANDBOX/test-2015-12-21_15-36-50/tools/timeit-target" 500 /dev/null Output/block-byref-cxxobj-test.out-simple Output/block-byref-cxxobj-test.simple 
cp Output/block-byref-cxxobj-test.simple Output/block-byref-cxxobj-test.simple-hash; \
	strip --remove-section=.comment --remove-section='.note*' Output/block-byref-cxxobj-test.simple-hash; \
	/home/ed/mcsema-testing/llvm-test-suite/HashProgramOutput.sh Output/block-byref-cxxobj-test.simple-hash
if [ -f "/home/ed/mcsema-testing/llvm-test-suite/SingleSource/UnitTests/block-byref-cxxobj-test.reference_output.little-endian." ]; then \
	  cp /home/ed/mcsema-testing/llvm-test-suite/SingleSource/UnitTests/block-byref-cxxobj-test.reference_output.little-endian. Output/block-byref-cxxobj-test.out-nat; \
	elif [ -f "/home/ed/mcsema-testing/llvm-test-suite/SingleSource/UnitTests/block-byref-cxxobj-test.reference_output." ]; then \
	  cp /home/ed/mcsema-testing/llvm-test-suite/SingleSource/UnitTests/block-byref-cxxobj-test.reference_output. Output/block-byref-cxxobj-test.out-nat; \
	elif [ -f "/home/ed/mcsema-testing/llvm-test-suite/SingleSource/UnitTests/block-byref-cxxobj-test.reference_output.little-endian" ]; then \
	  cp /home/ed/mcsema-testing/llvm-test-suite/SingleSource/UnitTests/block-byref-cxxobj-test.reference_output.little-endian Output/block-byref-cxxobj-test.out-nat; \
	elif [ -f "/home/ed/mcsema-testing/llvm-test-suite/SingleSource/UnitTests/block-byref-cxxobj-test.reference_output" ]; then \
	  cp /home/ed/mcsema-testing/llvm-test-suite/SingleSource/UnitTests/block-byref-cxxobj-test.reference_output Output/block-byref-cxxobj-test.out-nat; \
	else \
	  printf "WARNING: %s: %s\n" "NO REFERENCE OUTPUT (using default)" "/home/ed/mcsema-testing/llvm-test-suite/SingleSource/UnitTests/block-byref-cxxobj-test.reference_output" > Output/block-byref-cxxobj-test.out-nat; \
	  cp /home/ed/mcsema-testing/llvm-test-suite/default.reference_output Output/block-byref-cxxobj-test.out-nat; \
	  cat Output/block-byref-cxxobj-test.out-nat; \
	fi
# Pretend that the reference output was produced instantaneously.
cp /home/ed/mcsema-testing/llvm-test-suite/instant.txt Output/block-byref-cxxobj-test.out-nat.time
/home/ed/mcsema-testing/llvm-test-suite/DiffOutput.sh "/home/ed/mcsema-testing/SANDBOX/test-2015-12-21_15-36-50/tools/fpcmp " simple block-byref-cxxobj-test 
rm -f Output/block-byref-cxxobj-test.exe-simple
cp Output/block-byref-cxxobj-test.diff-simple Output/block-byref-cxxobj-test.exe-simple
if test -f Output/block-byref-cxxobj-test.extra-results.txt; then \
	  /home/ed/mcsema-testing/llvm-test-suite/ParseMultipleResults /home/ed/mcsema-testing/SANDBOX/test-2015-12-21_15-36-50/SingleSource/UnitTests/block-byref-cxxobj-test Output/block-byref-cxxobj-test.extra-results.txt >> Output/block-byref-cxxobj-test.simple.exec.report.txt; \
	fi
cat Output/block-byref-cxxobj-test.simple.compile.report.txt Output/block-byref-cxxobj-test.simple.exec.report.txt >> Output/block-byref-cxxobj-test.simple.report.txt
---------------------------------------------------------------
>>> ========= '/home/ed/mcsema-testing/SANDBOX/test-2015-12-21_15-36-50/SingleSource/UnitTests/block-byref-cxxobj-test' Program
---------------------------------------------------------------

TEST-PASS: compile /home/ed/mcsema-testing/SANDBOX/test-2015-12-21_15-36-50/SingleSource/UnitTests/block-byref-cxxobj-test
TEST-RESULT-compile-success: pass
TEST-RESULT-compile-hash: 7f7cd53e307b71517ab835b279337d8e
TEST-RESULT-compile-time: user       0.0157
TEST-RESULT-compile-real-time: real       0.0282

TEST-PASS: exec /home/ed/mcsema-testing/SANDBOX/test-2015-12-21_15-36-50/SingleSource/UnitTests/block-byref-cxxobj-test
TEST-RESULT-exec-success: pass
TEST-RESULT-exec-time: user       0.0008
TEST-RESULT-exec-real-time: real       0.0016
/home/ed/mcsema-testing/llvm-test-suite/RunSafely.sh --show-errors -t "/home/ed/mcsema-testing/SANDBOX/test-2015-12-21_15-36-50/tools/timeit" 500 /dev/null Output/block-call-r7674133.llvm.o.compile \
	  /usr/bin/clang++ -I/home/ed/mcsema-testing/SANDBOX/test-2015-12-21_15-36-50/SingleSource/UnitTests -I/home/ed/mcsema-testing/llvm-test-suite/SingleSource/UnitTests -I/home/ed/mcsema-testing/llvm-test-suite/include -I../../include -D_GNU_SOURCE -D__STDC_LIMIT_MACROS -DNDEBUG  -O3  -m64 -fomit-frame-pointer -c /home/ed/mcsema-testing/llvm-test-suite/SingleSource/UnitTests/block-call-r7674133.cpp -o Output/block-call-r7674133.llvm.o
cp Output/block-call-r7674133.llvm.o.compile.time Output/block-call-r7674133.simple.compile.time
/usr/bin/clang++ -o Output/block-call-r7674133.simple Output/block-call-r7674133.llvm.o -lstdc++   -m64 -fomit-frame-pointer
/home/ed/mcsema-testing/llvm-test-suite/RunSafely.sh -t "/home/ed/mcsema-testing/SANDBOX/test-2015-12-21_15-36-50/tools/timeit-target" 500 /dev/null Output/block-call-r7674133.out-simple Output/block-call-r7674133.simple 
cp Output/block-call-r7674133.simple Output/block-call-r7674133.simple-hash; \
	strip --remove-section=.comment --remove-section='.note*' Output/block-call-r7674133.simple-hash; \
	/home/ed/mcsema-testing/llvm-test-suite/HashProgramOutput.sh Output/block-call-r7674133.simple-hash
if [ -f "/home/ed/mcsema-testing/llvm-test-suite/SingleSource/UnitTests/block-call-r7674133.reference_output.little-endian." ]; then \
	  cp /home/ed/mcsema-testing/llvm-test-suite/SingleSource/UnitTests/block-call-r7674133.reference_output.little-endian. Output/block-call-r7674133.out-nat; \
	elif [ -f "/home/ed/mcsema-testing/llvm-test-suite/SingleSource/UnitTests/block-call-r7674133.reference_output." ]; then \
	  cp /home/ed/mcsema-testing/llvm-test-suite/SingleSource/UnitTests/block-call-r7674133.reference_output. Output/block-call-r7674133.out-nat; \
	elif [ -f "/home/ed/mcsema-testing/llvm-test-suite/SingleSource/UnitTests/block-call-r7674133.reference_output.little-endian" ]; then \
	  cp /home/ed/mcsema-testing/llvm-test-suite/SingleSource/UnitTests/block-call-r7674133.reference_output.little-endian Output/block-call-r7674133.out-nat; \
	elif [ -f "/home/ed/mcsema-testing/llvm-test-suite/SingleSource/UnitTests/block-call-r7674133.reference_output" ]; then \
	  cp /home/ed/mcsema-testing/llvm-test-suite/SingleSource/UnitTests/block-call-r7674133.reference_output Output/block-call-r7674133.out-nat; \
	else \
	  printf "WARNING: %s: %s\n" "NO REFERENCE OUTPUT (using default)" "/home/ed/mcsema-testing/llvm-test-suite/SingleSource/UnitTests/block-call-r7674133.reference_output" > Output/block-call-r7674133.out-nat; \
	  cp /home/ed/mcsema-testing/llvm-test-suite/default.reference_output Output/block-call-r7674133.out-nat; \
	  cat Output/block-call-r7674133.out-nat; \
	fi
# Pretend that the reference output was produced instantaneously.
cp /home/ed/mcsema-testing/llvm-test-suite/instant.txt Output/block-call-r7674133.out-nat.time
/home/ed/mcsema-testing/llvm-test-suite/DiffOutput.sh "/home/ed/mcsema-testing/SANDBOX/test-2015-12-21_15-36-50/tools/fpcmp " simple block-call-r7674133 
rm -f Output/block-call-r7674133.exe-simple
cp Output/block-call-r7674133.diff-simple Output/block-call-r7674133.exe-simple
if test -f Output/block-call-r7674133.extra-results.txt; then \
	  /home/ed/mcsema-testing/llvm-test-suite/ParseMultipleResults /home/ed/mcsema-testing/SANDBOX/test-2015-12-21_15-36-50/SingleSource/UnitTests/block-call-r7674133 Output/block-call-r7674133.extra-results.txt >> Output/block-call-r7674133.simple.exec.report.txt; \
	fi
cat Output/block-call-r7674133.simple.compile.report.txt Output/block-call-r7674133.simple.exec.report.txt >> Output/block-call-r7674133.simple.report.txt
---------------------------------------------------------------
>>> ========= '/home/ed/mcsema-testing/SANDBOX/test-2015-12-21_15-36-50/SingleSource/UnitTests/block-call-r7674133' Program
---------------------------------------------------------------

TEST-PASS: compile /home/ed/mcsema-testing/SANDBOX/test-2015-12-21_15-36-50/SingleSource/UnitTests/block-call-r7674133
TEST-RESULT-compile-success: pass
TEST-RESULT-compile-hash: 7f7cd53e307b71517ab835b279337d8e
TEST-RESULT-compile-time: user       0.0160
TEST-RESULT-compile-real-time: real       0.0381

TEST-PASS: exec /home/ed/mcsema-testing/SANDBOX/test-2015-12-21_15-36-50/SingleSource/UnitTests/block-call-r7674133
TEST-RESULT-exec-success: pass
TEST-RESULT-exec-time: user       0.0009
TEST-RESULT-exec-real-time: real       0.0017
/home/ed/mcsema-testing/llvm-test-suite/RunSafely.sh --show-errors -t "/home/ed/mcsema-testing/SANDBOX/test-2015-12-21_15-36-50/tools/timeit" 500 /dev/null Output/block-copied-in-cxxobj-1.llvm.o.compile \
	  /usr/bin/clang++ -I/home/ed/mcsema-testing/SANDBOX/test-2015-12-21_15-36-50/SingleSource/UnitTests -I/home/ed/mcsema-testing/llvm-test-suite/SingleSource/UnitTests -I/home/ed/mcsema-testing/llvm-test-suite/include -I../../include -D_GNU_SOURCE -D__STDC_LIMIT_MACROS -DNDEBUG  -O3  -m64 -fomit-frame-pointer -c /home/ed/mcsema-testing/llvm-test-suite/SingleSource/UnitTests/block-copied-in-cxxobj-1.cpp -o Output/block-copied-in-cxxobj-1.llvm.o
cp Output/block-copied-in-cxxobj-1.llvm.o.compile.time Output/block-copied-in-cxxobj-1.simple.compile.time
/usr/bin/clang++ -o Output/block-copied-in-cxxobj-1.simple Output/block-copied-in-cxxobj-1.llvm.o -lstdc++   -m64 -fomit-frame-pointer
/home/ed/mcsema-testing/llvm-test-suite/RunSafely.sh -t "/home/ed/mcsema-testing/SANDBOX/test-2015-12-21_15-36-50/tools/timeit-target" 500 /dev/null Output/block-copied-in-cxxobj-1.out-simple Output/block-copied-in-cxxobj-1.simple 
cp Output/block-copied-in-cxxobj-1.simple Output/block-copied-in-cxxobj-1.simple-hash; \
	strip --remove-section=.comment --remove-section='.note*' Output/block-copied-in-cxxobj-1.simple-hash; \
	/home/ed/mcsema-testing/llvm-test-suite/HashProgramOutput.sh Output/block-copied-in-cxxobj-1.simple-hash
if [ -f "/home/ed/mcsema-testing/llvm-test-suite/SingleSource/UnitTests/block-copied-in-cxxobj-1.reference_output.little-endian." ]; then \
	  cp /home/ed/mcsema-testing/llvm-test-suite/SingleSource/UnitTests/block-copied-in-cxxobj-1.reference_output.little-endian. Output/block-copied-in-cxxobj-1.out-nat; \
	elif [ -f "/home/ed/mcsema-testing/llvm-test-suite/SingleSource/UnitTests/block-copied-in-cxxobj-1.reference_output." ]; then \
	  cp /home/ed/mcsema-testing/llvm-test-suite/SingleSource/UnitTests/block-copied-in-cxxobj-1.reference_output. Output/block-copied-in-cxxobj-1.out-nat; \
	elif [ -f "/home/ed/mcsema-testing/llvm-test-suite/SingleSource/UnitTests/block-copied-in-cxxobj-1.reference_output.little-endian" ]; then \
	  cp /home/ed/mcsema-testing/llvm-test-suite/SingleSource/UnitTests/block-copied-in-cxxobj-1.reference_output.little-endian Output/block-copied-in-cxxobj-1.out-nat; \
	elif [ -f "/home/ed/mcsema-testing/llvm-test-suite/SingleSource/UnitTests/block-copied-in-cxxobj-1.reference_output" ]; then \
	  cp /home/ed/mcsema-testing/llvm-test-suite/SingleSource/UnitTests/block-copied-in-cxxobj-1.reference_output Output/block-copied-in-cxxobj-1.out-nat; \
	else \
	  printf "WARNING: %s: %s\n" "NO REFERENCE OUTPUT (using default)" "/home/ed/mcsema-testing/llvm-test-suite/SingleSource/UnitTests/block-copied-in-cxxobj-1.reference_output" > Output/block-copied-in-cxxobj-1.out-nat; \
	  cp /home/ed/mcsema-testing/llvm-test-suite/default.reference_output Output/block-copied-in-cxxobj-1.out-nat; \
	  cat Output/block-copied-in-cxxobj-1.out-nat; \
	fi
# Pretend that the reference output was produced instantaneously.
cp /home/ed/mcsema-testing/llvm-test-suite/instant.txt Output/block-copied-in-cxxobj-1.out-nat.time
/home/ed/mcsema-testing/llvm-test-suite/DiffOutput.sh "/home/ed/mcsema-testing/SANDBOX/test-2015-12-21_15-36-50/tools/fpcmp " simple block-copied-in-cxxobj-1 
rm -f Output/block-copied-in-cxxobj-1.exe-simple
cp Output/block-copied-in-cxxobj-1.diff-simple Output/block-copied-in-cxxobj-1.exe-simple
if test -f Output/block-copied-in-cxxobj-1.extra-results.txt; then \
	  /home/ed/mcsema-testing/llvm-test-suite/ParseMultipleResults /home/ed/mcsema-testing/SANDBOX/test-2015-12-21_15-36-50/SingleSource/UnitTests/block-copied-in-cxxobj-1 Output/block-copied-in-cxxobj-1.extra-results.txt >> Output/block-copied-in-cxxobj-1.simple.exec.report.txt; \
	fi
cat Output/block-copied-in-cxxobj-1.simple.compile.report.txt Output/block-copied-in-cxxobj-1.simple.exec.report.txt >> Output/block-copied-in-cxxobj-1.simple.report.txt
---------------------------------------------------------------
>>> ========= '/home/ed/mcsema-testing/SANDBOX/test-2015-12-21_15-36-50/SingleSource/UnitTests/block-copied-in-cxxobj-1' Program
---------------------------------------------------------------

TEST-PASS: compile /home/ed/mcsema-testing/SANDBOX/test-2015-12-21_15-36-50/SingleSource/UnitTests/block-copied-in-cxxobj-1
TEST-RESULT-compile-success: pass
TEST-RESULT-compile-hash: 7f7cd53e307b71517ab835b279337d8e
TEST-RESULT-compile-time: user       0.0158
TEST-RESULT-compile-real-time: real       0.0350

TEST-PASS: exec /home/ed/mcsema-testing/SANDBOX/test-2015-12-21_15-36-50/SingleSource/UnitTests/block-copied-in-cxxobj-1
TEST-RESULT-exec-success: pass
TEST-RESULT-exec-time: user       0.0009
TEST-RESULT-exec-real-time: real       0.0018
/home/ed/mcsema-testing/llvm-test-suite/RunSafely.sh --show-errors -t "/home/ed/mcsema-testing/SANDBOX/test-2015-12-21_15-36-50/tools/timeit" 500 /dev/null Output/block-copied-in-cxxobj.llvm.o.compile \
	  /usr/bin/clang++ -I/home/ed/mcsema-testing/SANDBOX/test-2015-12-21_15-36-50/SingleSource/UnitTests -I/home/ed/mcsema-testing/llvm-test-suite/SingleSource/UnitTests -I/home/ed/mcsema-testing/llvm-test-suite/include -I../../include -D_GNU_SOURCE -D__STDC_LIMIT_MACROS -DNDEBUG  -O3  -m64 -fomit-frame-pointer -c /home/ed/mcsema-testing/llvm-test-suite/SingleSource/UnitTests/block-copied-in-cxxobj.cpp -o Output/block-copied-in-cxxobj.llvm.o
cp Output/block-copied-in-cxxobj.llvm.o.compile.time Output/block-copied-in-cxxobj.simple.compile.time
/usr/bin/clang++ -o Output/block-copied-in-cxxobj.simple Output/block-copied-in-cxxobj.llvm.o -lstdc++   -m64 -fomit-frame-pointer
/home/ed/mcsema-testing/llvm-test-suite/RunSafely.sh -t "/home/ed/mcsema-testing/SANDBOX/test-2015-12-21_15-36-50/tools/timeit-target" 500 /dev/null Output/block-copied-in-cxxobj.out-simple Output/block-copied-in-cxxobj.simple 
cp Output/block-copied-in-cxxobj.simple Output/block-copied-in-cxxobj.simple-hash; \
	strip --remove-section=.comment --remove-section='.note*' Output/block-copied-in-cxxobj.simple-hash; \
	/home/ed/mcsema-testing/llvm-test-suite/HashProgramOutput.sh Output/block-copied-in-cxxobj.simple-hash
if [ -f "/home/ed/mcsema-testing/llvm-test-suite/SingleSource/UnitTests/block-copied-in-cxxobj.reference_output.little-endian." ]; then \
	  cp /home/ed/mcsema-testing/llvm-test-suite/SingleSource/UnitTests/block-copied-in-cxxobj.reference_output.little-endian. Output/block-copied-in-cxxobj.out-nat; \
	elif [ -f "/home/ed/mcsema-testing/llvm-test-suite/SingleSource/UnitTests/block-copied-in-cxxobj.reference_output." ]; then \
	  cp /home/ed/mcsema-testing/llvm-test-suite/SingleSource/UnitTests/block-copied-in-cxxobj.reference_output. Output/block-copied-in-cxxobj.out-nat; \
	elif [ -f "/home/ed/mcsema-testing/llvm-test-suite/SingleSource/UnitTests/block-copied-in-cxxobj.reference_output.little-endian" ]; then \
	  cp /home/ed/mcsema-testing/llvm-test-suite/SingleSource/UnitTests/block-copied-in-cxxobj.reference_output.little-endian Output/block-copied-in-cxxobj.out-nat; \
	elif [ -f "/home/ed/mcsema-testing/llvm-test-suite/SingleSource/UnitTests/block-copied-in-cxxobj.reference_output" ]; then \
	  cp /home/ed/mcsema-testing/llvm-test-suite/SingleSource/UnitTests/block-copied-in-cxxobj.reference_output Output/block-copied-in-cxxobj.out-nat; \
	else \
	  printf "WARNING: %s: %s\n" "NO REFERENCE OUTPUT (using default)" "/home/ed/mcsema-testing/llvm-test-suite/SingleSource/UnitTests/block-copied-in-cxxobj.reference_output" > Output/block-copied-in-cxxobj.out-nat; \
	  cp /home/ed/mcsema-testing/llvm-test-suite/default.reference_output Output/block-copied-in-cxxobj.out-nat; \
	  cat Output/block-copied-in-cxxobj.out-nat; \
	fi
# Pretend that the reference output was produced instantaneously.
cp /home/ed/mcsema-testing/llvm-test-suite/instant.txt Output/block-copied-in-cxxobj.out-nat.time
/home/ed/mcsema-testing/llvm-test-suite/DiffOutput.sh "/home/ed/mcsema-testing/SANDBOX/test-2015-12-21_15-36-50/tools/fpcmp " simple block-copied-in-cxxobj 
rm -f Output/block-copied-in-cxxobj.exe-simple
cp Output/block-copied-in-cxxobj.diff-simple Output/block-copied-in-cxxobj.exe-simple
if test -f Output/block-copied-in-cxxobj.extra-results.txt; then \
	  /home/ed/mcsema-testing/llvm-test-suite/ParseMultipleResults /home/ed/mcsema-testing/SANDBOX/test-2015-12-21_15-36-50/SingleSource/UnitTests/block-copied-in-cxxobj Output/block-copied-in-cxxobj.extra-results.txt >> Output/block-copied-in-cxxobj.simple.exec.report.txt; \
	fi
cat Output/block-copied-in-cxxobj.simple.compile.report.txt Output/block-copied-in-cxxobj.simple.exec.report.txt >> Output/block-copied-in-cxxobj.simple.report.txt
---------------------------------------------------------------
>>> ========= '/home/ed/mcsema-testing/SANDBOX/test-2015-12-21_15-36-50/SingleSource/UnitTests/block-copied-in-cxxobj' Program
---------------------------------------------------------------

TEST-PASS: compile /home/ed/mcsema-testing/SANDBOX/test-2015-12-21_15-36-50/SingleSource/UnitTests/block-copied-in-cxxobj
TEST-RESULT-compile-success: pass
TEST-RESULT-compile-hash: 7f7cd53e307b71517ab835b279337d8e
TEST-RESULT-compile-time: user       0.0156
TEST-RESULT-compile-real-time: real       0.0280

TEST-PASS: exec /home/ed/mcsema-testing/SANDBOX/test-2015-12-21_15-36-50/SingleSource/UnitTests/block-copied-in-cxxobj
TEST-RESULT-exec-success: pass
TEST-RESULT-exec-time: user       0.0008
TEST-RESULT-exec-real-time: real       0.0017
/home/ed/mcsema-testing/llvm-test-suite/RunSafely.sh --show-errors -t "/home/ed/mcsema-testing/SANDBOX/test-2015-12-21_15-36-50/tools/timeit" 500 /dev/null Output/conditional-gnu-ext-cxx.llvm.o.compile \
	  /usr/bin/clang++ -I/home/ed/mcsema-testing/SANDBOX/test-2015-12-21_15-36-50/SingleSource/UnitTests -I/home/ed/mcsema-testing/llvm-test-suite/SingleSource/UnitTests -I/home/ed/mcsema-testing/llvm-test-suite/include -I../../include -D_GNU_SOURCE -D__STDC_LIMIT_MACROS -DNDEBUG  -O3  -m64 -fomit-frame-pointer -c /home/ed/mcsema-testing/llvm-test-suite/SingleSource/UnitTests/conditional-gnu-ext-cxx.cpp -o Output/conditional-gnu-ext-cxx.llvm.o
cp Output/conditional-gnu-ext-cxx.llvm.o.compile.time Output/conditional-gnu-ext-cxx.simple.compile.time
/usr/bin/clang++ -o Output/conditional-gnu-ext-cxx.simple Output/conditional-gnu-ext-cxx.llvm.o -lstdc++   -m64 -fomit-frame-pointer
/home/ed/mcsema-testing/llvm-test-suite/RunSafely.sh -t "/home/ed/mcsema-testing/SANDBOX/test-2015-12-21_15-36-50/tools/timeit-target" 500 /dev/null Output/conditional-gnu-ext-cxx.out-simple Output/conditional-gnu-ext-cxx.simple 
cp Output/conditional-gnu-ext-cxx.simple Output/conditional-gnu-ext-cxx.simple-hash; \
	strip --remove-section=.comment --remove-section='.note*' Output/conditional-gnu-ext-cxx.simple-hash; \
	/home/ed/mcsema-testing/llvm-test-suite/HashProgramOutput.sh Output/conditional-gnu-ext-cxx.simple-hash
if [ -f "/home/ed/mcsema-testing/llvm-test-suite/SingleSource/UnitTests/conditional-gnu-ext-cxx.reference_output.little-endian." ]; then \
	  cp /home/ed/mcsema-testing/llvm-test-suite/SingleSource/UnitTests/conditional-gnu-ext-cxx.reference_output.little-endian. Output/conditional-gnu-ext-cxx.out-nat; \
	elif [ -f "/home/ed/mcsema-testing/llvm-test-suite/SingleSource/UnitTests/conditional-gnu-ext-cxx.reference_output." ]; then \
	  cp /home/ed/mcsema-testing/llvm-test-suite/SingleSource/UnitTests/conditional-gnu-ext-cxx.reference_output. Output/conditional-gnu-ext-cxx.out-nat; \
	elif [ -f "/home/ed/mcsema-testing/llvm-test-suite/SingleSource/UnitTests/conditional-gnu-ext-cxx.reference_output.little-endian" ]; then \
	  cp /home/ed/mcsema-testing/llvm-test-suite/SingleSource/UnitTests/conditional-gnu-ext-cxx.reference_output.little-endian Output/conditional-gnu-ext-cxx.out-nat; \
	elif [ -f "/home/ed/mcsema-testing/llvm-test-suite/SingleSource/UnitTests/conditional-gnu-ext-cxx.reference_output" ]; then \
	  cp /home/ed/mcsema-testing/llvm-test-suite/SingleSource/UnitTests/conditional-gnu-ext-cxx.reference_output Output/conditional-gnu-ext-cxx.out-nat; \
	else \
	  printf "WARNING: %s: %s\n" "NO REFERENCE OUTPUT (using default)" "/home/ed/mcsema-testing/llvm-test-suite/SingleSource/UnitTests/conditional-gnu-ext-cxx.reference_output" > Output/conditional-gnu-ext-cxx.out-nat; \
	  cp /home/ed/mcsema-testing/llvm-test-suite/default.reference_output Output/conditional-gnu-ext-cxx.out-nat; \
	  cat Output/conditional-gnu-ext-cxx.out-nat; \
	fi
# Pretend that the reference output was produced instantaneously.
cp /home/ed/mcsema-testing/llvm-test-suite/instant.txt Output/conditional-gnu-ext-cxx.out-nat.time
/home/ed/mcsema-testing/llvm-test-suite/DiffOutput.sh "/home/ed/mcsema-testing/SANDBOX/test-2015-12-21_15-36-50/tools/fpcmp " simple conditional-gnu-ext-cxx 
rm -f Output/conditional-gnu-ext-cxx.exe-simple
cp Output/conditional-gnu-ext-cxx.diff-simple Output/conditional-gnu-ext-cxx.exe-simple
if test -f Output/conditional-gnu-ext-cxx.extra-results.txt; then \
	  /home/ed/mcsema-testing/llvm-test-suite/ParseMultipleResults /home/ed/mcsema-testing/SANDBOX/test-2015-12-21_15-36-50/SingleSource/UnitTests/conditional-gnu-ext-cxx Output/conditional-gnu-ext-cxx.extra-results.txt >> Output/conditional-gnu-ext-cxx.simple.exec.report.txt; \
	fi
cat Output/conditional-gnu-ext-cxx.simple.compile.report.txt Output/conditional-gnu-ext-cxx.simple.exec.report.txt >> Output/conditional-gnu-ext-cxx.simple.report.txt
---------------------------------------------------------------
>>> ========= '/home/ed/mcsema-testing/SANDBOX/test-2015-12-21_15-36-50/SingleSource/UnitTests/conditional-gnu-ext-cxx' Program
---------------------------------------------------------------

TEST-PASS: compile /home/ed/mcsema-testing/SANDBOX/test-2015-12-21_15-36-50/SingleSource/UnitTests/conditional-gnu-ext-cxx
TEST-RESULT-compile-success: pass
TEST-RESULT-compile-hash: 5f0d1df9d3953ed93af6cd42f1767c25
TEST-RESULT-compile-time: user       0.0201
TEST-RESULT-compile-real-time: real       0.0335

TEST-PASS: exec /home/ed/mcsema-testing/SANDBOX/test-2015-12-21_15-36-50/SingleSource/UnitTests/conditional-gnu-ext-cxx
TEST-RESULT-exec-success: pass
TEST-RESULT-exec-time: user       0.0008
TEST-RESULT-exec-real-time: real       0.0016
/home/ed/mcsema-testing/llvm-test-suite/RunSafely.sh --show-errors -t "/home/ed/mcsema-testing/SANDBOX/test-2015-12-21_15-36-50/tools/timeit" 500 /dev/null Output/DefaultInitDynArrays.llvm.o.compile \
	  /usr/bin/clang++ -I/home/ed/mcsema-testing/SANDBOX/test-2015-12-21_15-36-50/SingleSource/UnitTests -I/home/ed/mcsema-testing/llvm-test-suite/SingleSource/UnitTests -I/home/ed/mcsema-testing/llvm-test-suite/include -I../../include -D_GNU_SOURCE -D__STDC_LIMIT_MACROS -DNDEBUG  -O3  -m64 -fomit-frame-pointer -c /home/ed/mcsema-testing/llvm-test-suite/SingleSource/UnitTests/DefaultInitDynArrays.cpp -o Output/DefaultInitDynArrays.llvm.o
cp Output/DefaultInitDynArrays.llvm.o.compile.time Output/DefaultInitDynArrays.simple.compile.time
/usr/bin/clang++ -o Output/DefaultInitDynArrays.simple Output/DefaultInitDynArrays.llvm.o -lstdc++   -m64 -fomit-frame-pointer
/home/ed/mcsema-testing/llvm-test-suite/RunSafely.sh -t "/home/ed/mcsema-testing/SANDBOX/test-2015-12-21_15-36-50/tools/timeit-target" 500 /dev/null Output/DefaultInitDynArrays.out-simple Output/DefaultInitDynArrays.simple 
cp Output/DefaultInitDynArrays.simple Output/DefaultInitDynArrays.simple-hash; \
	strip --remove-section=.comment --remove-section='.note*' Output/DefaultInitDynArrays.simple-hash; \
	/home/ed/mcsema-testing/llvm-test-suite/HashProgramOutput.sh Output/DefaultInitDynArrays.simple-hash
if [ -f "/home/ed/mcsema-testing/llvm-test-suite/SingleSource/UnitTests/DefaultInitDynArrays.reference_output.little-endian." ]; then \
	  cp /home/ed/mcsema-testing/llvm-test-suite/SingleSource/UnitTests/DefaultInitDynArrays.reference_output.little-endian. Output/DefaultInitDynArrays.out-nat; \
	elif [ -f "/home/ed/mcsema-testing/llvm-test-suite/SingleSource/UnitTests/DefaultInitDynArrays.reference_output." ]; then \
	  cp /home/ed/mcsema-testing/llvm-test-suite/SingleSource/UnitTests/DefaultInitDynArrays.reference_output. Output/DefaultInitDynArrays.out-nat; \
	elif [ -f "/home/ed/mcsema-testing/llvm-test-suite/SingleSource/UnitTests/DefaultInitDynArrays.reference_output.little-endian" ]; then \
	  cp /home/ed/mcsema-testing/llvm-test-suite/SingleSource/UnitTests/DefaultInitDynArrays.reference_output.little-endian Output/DefaultInitDynArrays.out-nat; \
	elif [ -f "/home/ed/mcsema-testing/llvm-test-suite/SingleSource/UnitTests/DefaultInitDynArrays.reference_output" ]; then \
	  cp /home/ed/mcsema-testing/llvm-test-suite/SingleSource/UnitTests/DefaultInitDynArrays.reference_output Output/DefaultInitDynArrays.out-nat; \
	else \
	  printf "WARNING: %s: %s\n" "NO REFERENCE OUTPUT (using default)" "/home/ed/mcsema-testing/llvm-test-suite/SingleSource/UnitTests/DefaultInitDynArrays.reference_output" > Output/DefaultInitDynArrays.out-nat; \
	  cp /home/ed/mcsema-testing/llvm-test-suite/default.reference_output Output/DefaultInitDynArrays.out-nat; \
	  cat Output/DefaultInitDynArrays.out-nat; \
	fi
# Pretend that the reference output was produced instantaneously.
cp /home/ed/mcsema-testing/llvm-test-suite/instant.txt Output/DefaultInitDynArrays.out-nat.time
/home/ed/mcsema-testing/llvm-test-suite/DiffOutput.sh "/home/ed/mcsema-testing/SANDBOX/test-2015-12-21_15-36-50/tools/fpcmp " simple DefaultInitDynArrays 
rm -f Output/DefaultInitDynArrays.exe-simple
cp Output/DefaultInitDynArrays.diff-simple Output/DefaultInitDynArrays.exe-simple
if test -f Output/DefaultInitDynArrays.extra-results.txt; then \
	  /home/ed/mcsema-testing/llvm-test-suite/ParseMultipleResults /home/ed/mcsema-testing/SANDBOX/test-2015-12-21_15-36-50/SingleSource/UnitTests/DefaultInitDynArrays Output/DefaultInitDynArrays.extra-results.txt >> Output/DefaultInitDynArrays.simple.exec.report.txt; \
	fi
cat Output/DefaultInitDynArrays.simple.compile.report.txt Output/DefaultInitDynArrays.simple.exec.report.txt >> Output/DefaultInitDynArrays.simple.report.txt
---------------------------------------------------------------
>>> ========= '/home/ed/mcsema-testing/SANDBOX/test-2015-12-21_15-36-50/SingleSource/UnitTests/DefaultInitDynArrays' Program
---------------------------------------------------------------

TEST-PASS: compile /home/ed/mcsema-testing/SANDBOX/test-2015-12-21_15-36-50/SingleSource/UnitTests/DefaultInitDynArrays
TEST-RESULT-compile-success: pass
TEST-RESULT-compile-hash: fba41117093992aa49dfa440528e34ed
TEST-RESULT-compile-time: user       0.0175
TEST-RESULT-compile-real-time: real       0.0312

TEST-PASS: exec /home/ed/mcsema-testing/SANDBOX/test-2015-12-21_15-36-50/SingleSource/UnitTests/DefaultInitDynArrays
TEST-RESULT-exec-success: pass
TEST-RESULT-exec-time: user       0.0009
TEST-RESULT-exec-real-time: real       0.0018
/home/ed/mcsema-testing/llvm-test-suite/RunSafely.sh --show-errors -t "/home/ed/mcsema-testing/SANDBOX/test-2015-12-21_15-36-50/tools/timeit" 500 /dev/null Output/initp1.llvm.o.compile \
	  /usr/bin/clang++ -I/home/ed/mcsema-testing/SANDBOX/test-2015-12-21_15-36-50/SingleSource/UnitTests -I/home/ed/mcsema-testing/llvm-test-suite/SingleSource/UnitTests -I/home/ed/mcsema-testing/llvm-test-suite/include -I../../include -D_GNU_SOURCE -D__STDC_LIMIT_MACROS -DNDEBUG  -O3  -m64 -fomit-frame-pointer -c /home/ed/mcsema-testing/llvm-test-suite/SingleSource/UnitTests/initp1.cpp -o Output/initp1.llvm.o
cp Output/initp1.llvm.o.compile.time Output/initp1.simple.compile.time
/usr/bin/clang++ -o Output/initp1.simple Output/initp1.llvm.o -lstdc++   -m64 -fomit-frame-pointer
/home/ed/mcsema-testing/llvm-test-suite/RunSafely.sh -t "/home/ed/mcsema-testing/SANDBOX/test-2015-12-21_15-36-50/tools/timeit-target" 500 /dev/null Output/initp1.out-simple Output/initp1.simple 
cp Output/initp1.simple Output/initp1.simple-hash; \
	strip --remove-section=.comment --remove-section='.note*' Output/initp1.simple-hash; \
	/home/ed/mcsema-testing/llvm-test-suite/HashProgramOutput.sh Output/initp1.simple-hash
if [ -f "/home/ed/mcsema-testing/llvm-test-suite/SingleSource/UnitTests/initp1.reference_output.little-endian." ]; then \
	  cp /home/ed/mcsema-testing/llvm-test-suite/SingleSource/UnitTests/initp1.reference_output.little-endian. Output/initp1.out-nat; \
	elif [ -f "/home/ed/mcsema-testing/llvm-test-suite/SingleSource/UnitTests/initp1.reference_output." ]; then \
	  cp /home/ed/mcsema-testing/llvm-test-suite/SingleSource/UnitTests/initp1.reference_output. Output/initp1.out-nat; \
	elif [ -f "/home/ed/mcsema-testing/llvm-test-suite/SingleSource/UnitTests/initp1.reference_output.little-endian" ]; then \
	  cp /home/ed/mcsema-testing/llvm-test-suite/SingleSource/UnitTests/initp1.reference_output.little-endian Output/initp1.out-nat; \
	elif [ -f "/home/ed/mcsema-testing/llvm-test-suite/SingleSource/UnitTests/initp1.reference_output" ]; then \
	  cp /home/ed/mcsema-testing/llvm-test-suite/SingleSource/UnitTests/initp1.reference_output Output/initp1.out-nat; \
	else \
	  printf "WARNING: %s: %s\n" "NO REFERENCE OUTPUT (using default)" "/home/ed/mcsema-testing/llvm-test-suite/SingleSource/UnitTests/initp1.reference_output" > Output/initp1.out-nat; \
	  cp /home/ed/mcsema-testing/llvm-test-suite/default.reference_output Output/initp1.out-nat; \
	  cat Output/initp1.out-nat; \
	fi
# Pretend that the reference output was produced instantaneously.
cp /home/ed/mcsema-testing/llvm-test-suite/instant.txt Output/initp1.out-nat.time
/home/ed/mcsema-testing/llvm-test-suite/DiffOutput.sh "/home/ed/mcsema-testing/SANDBOX/test-2015-12-21_15-36-50/tools/fpcmp " simple initp1 
rm -f Output/initp1.exe-simple
cp Output/initp1.diff-simple Output/initp1.exe-simple
if test -f Output/initp1.extra-results.txt; then \
	  /home/ed/mcsema-testing/llvm-test-suite/ParseMultipleResults /home/ed/mcsema-testing/SANDBOX/test-2015-12-21_15-36-50/SingleSource/UnitTests/initp1 Output/initp1.extra-results.txt >> Output/initp1.simple.exec.report.txt; \
	fi
cat Output/initp1.simple.compile.report.txt Output/initp1.simple.exec.report.txt >> Output/initp1.simple.report.txt
---------------------------------------------------------------
>>> ========= '/home/ed/mcsema-testing/SANDBOX/test-2015-12-21_15-36-50/SingleSource/UnitTests/initp1' Program
---------------------------------------------------------------

TEST-PASS: compile /home/ed/mcsema-testing/SANDBOX/test-2015-12-21_15-36-50/SingleSource/UnitTests/initp1
TEST-RESULT-compile-success: pass
TEST-RESULT-compile-hash: bf5d92fe2e91736c524ed66d183d687a
TEST-RESULT-compile-time: user       0.0421
TEST-RESULT-compile-real-time: real       0.0580

TEST-PASS: exec /home/ed/mcsema-testing/SANDBOX/test-2015-12-21_15-36-50/SingleSource/UnitTests/initp1
TEST-RESULT-exec-success: pass
TEST-RESULT-exec-time: user       0.0008
TEST-RESULT-exec-real-time: real       0.0017
/home/ed/mcsema-testing/llvm-test-suite/RunSafely.sh --show-errors -t "/home/ed/mcsema-testing/SANDBOX/test-2015-12-21_15-36-50/tools/timeit" 500 /dev/null Output/member-function-pointers.llvm.o.compile \
	  /usr/bin/clang++ -I/home/ed/mcsema-testing/SANDBOX/test-2015-12-21_15-36-50/SingleSource/UnitTests -I/home/ed/mcsema-testing/llvm-test-suite/SingleSource/UnitTests -I/home/ed/mcsema-testing/llvm-test-suite/include -I../../include -D_GNU_SOURCE -D__STDC_LIMIT_MACROS -DNDEBUG  -O3  -m64 -fomit-frame-pointer -c /home/ed/mcsema-testing/llvm-test-suite/SingleSource/UnitTests/member-function-pointers.cpp -o Output/member-function-pointers.llvm.o
cp Output/member-function-pointers.llvm.o.compile.time Output/member-function-pointers.simple.compile.time
/usr/bin/clang++ -o Output/member-function-pointers.simple Output/member-function-pointers.llvm.o -lstdc++   -m64 -fomit-frame-pointer
/home/ed/mcsema-testing/llvm-test-suite/RunSafely.sh -t "/home/ed/mcsema-testing/SANDBOX/test-2015-12-21_15-36-50/tools/timeit-target" 500 /dev/null Output/member-function-pointers.out-simple Output/member-function-pointers.simple 
cp Output/member-function-pointers.simple Output/member-function-pointers.simple-hash; \
	strip --remove-section=.comment --remove-section='.note*' Output/member-function-pointers.simple-hash; \
	/home/ed/mcsema-testing/llvm-test-suite/HashProgramOutput.sh Output/member-function-pointers.simple-hash
if [ -f "/home/ed/mcsema-testing/llvm-test-suite/SingleSource/UnitTests/member-function-pointers.reference_output.little-endian." ]; then \
	  cp /home/ed/mcsema-testing/llvm-test-suite/SingleSource/UnitTests/member-function-pointers.reference_output.little-endian. Output/member-function-pointers.out-nat; \
	elif [ -f "/home/ed/mcsema-testing/llvm-test-suite/SingleSource/UnitTests/member-function-pointers.reference_output." ]; then \
	  cp /home/ed/mcsema-testing/llvm-test-suite/SingleSource/UnitTests/member-function-pointers.reference_output. Output/member-function-pointers.out-nat; \
	elif [ -f "/home/ed/mcsema-testing/llvm-test-suite/SingleSource/UnitTests/member-function-pointers.reference_output.little-endian" ]; then \
	  cp /home/ed/mcsema-testing/llvm-test-suite/SingleSource/UnitTests/member-function-pointers.reference_output.little-endian Output/member-function-pointers.out-nat; \
	elif [ -f "/home/ed/mcsema-testing/llvm-test-suite/SingleSource/UnitTests/member-function-pointers.reference_output" ]; then \
	  cp /home/ed/mcsema-testing/llvm-test-suite/SingleSource/UnitTests/member-function-pointers.reference_output Output/member-function-pointers.out-nat; \
	else \
	  printf "WARNING: %s: %s\n" "NO REFERENCE OUTPUT (using default)" "/home/ed/mcsema-testing/llvm-test-suite/SingleSource/UnitTests/member-function-pointers.reference_output" > Output/member-function-pointers.out-nat; \
	  cp /home/ed/mcsema-testing/llvm-test-suite/default.reference_output Output/member-function-pointers.out-nat; \
	  cat Output/member-function-pointers.out-nat; \
	fi
# Pretend that the reference output was produced instantaneously.
cp /home/ed/mcsema-testing/llvm-test-suite/instant.txt Output/member-function-pointers.out-nat.time
/home/ed/mcsema-testing/llvm-test-suite/DiffOutput.sh "/home/ed/mcsema-testing/SANDBOX/test-2015-12-21_15-36-50/tools/fpcmp " simple member-function-pointers 
rm -f Output/member-function-pointers.exe-simple
cp Output/member-function-pointers.diff-simple Output/member-function-pointers.exe-simple
if test -f Output/member-function-pointers.extra-results.txt; then \
	  /home/ed/mcsema-testing/llvm-test-suite/ParseMultipleResults /home/ed/mcsema-testing/SANDBOX/test-2015-12-21_15-36-50/SingleSource/UnitTests/member-function-pointers Output/member-function-pointers.extra-results.txt >> Output/member-function-pointers.simple.exec.report.txt; \
	fi
cat Output/member-function-pointers.simple.compile.report.txt Output/member-function-pointers.simple.exec.report.txt >> Output/member-function-pointers.simple.report.txt
---------------------------------------------------------------
>>> ========= '/home/ed/mcsema-testing/SANDBOX/test-2015-12-21_15-36-50/SingleSource/UnitTests/member-function-pointers' Program
---------------------------------------------------------------

TEST-PASS: compile /home/ed/mcsema-testing/SANDBOX/test-2015-12-21_15-36-50/SingleSource/UnitTests/member-function-pointers
TEST-RESULT-compile-success: pass
TEST-RESULT-compile-hash: e63db271a6637dd384eb17c784afae44
TEST-RESULT-compile-time: user       0.0248
TEST-RESULT-compile-real-time: real       0.0384

TEST-PASS: exec /home/ed/mcsema-testing/SANDBOX/test-2015-12-21_15-36-50/SingleSource/UnitTests/member-function-pointers
TEST-RESULT-exec-success: pass
TEST-RESULT-exec-time: user       0.0008
TEST-RESULT-exec-real-time: real       0.0018
/home/ed/mcsema-testing/llvm-test-suite/RunSafely.sh --show-errors -t "/home/ed/mcsema-testing/SANDBOX/test-2015-12-21_15-36-50/tools/timeit" 500 /dev/null Output/stmtexpr.llvm.o.compile \
	  /usr/bin/clang++ -I/home/ed/mcsema-testing/SANDBOX/test-2015-12-21_15-36-50/SingleSource/UnitTests -I/home/ed/mcsema-testing/llvm-test-suite/SingleSource/UnitTests -I/home/ed/mcsema-testing/llvm-test-suite/include -I../../include -D_GNU_SOURCE -D__STDC_LIMIT_MACROS -DNDEBUG  -O3  -m64 -fomit-frame-pointer -c /home/ed/mcsema-testing/llvm-test-suite/SingleSource/UnitTests/stmtexpr.cpp -o Output/stmtexpr.llvm.o
cp Output/stmtexpr.llvm.o.compile.time Output/stmtexpr.simple.compile.time
/usr/bin/clang++ -o Output/stmtexpr.simple Output/stmtexpr.llvm.o -lstdc++   -m64 -fomit-frame-pointer
/home/ed/mcsema-testing/llvm-test-suite/RunSafely.sh -t "/home/ed/mcsema-testing/SANDBOX/test-2015-12-21_15-36-50/tools/timeit-target" 500 /dev/null Output/stmtexpr.out-simple Output/stmtexpr.simple 
cp Output/stmtexpr.simple Output/stmtexpr.simple-hash; \
	strip --remove-section=.comment --remove-section='.note*' Output/stmtexpr.simple-hash; \
	/home/ed/mcsema-testing/llvm-test-suite/HashProgramOutput.sh Output/stmtexpr.simple-hash
if [ -f "/home/ed/mcsema-testing/llvm-test-suite/SingleSource/UnitTests/stmtexpr.reference_output.little-endian." ]; then \
	  cp /home/ed/mcsema-testing/llvm-test-suite/SingleSource/UnitTests/stmtexpr.reference_output.little-endian. Output/stmtexpr.out-nat; \
	elif [ -f "/home/ed/mcsema-testing/llvm-test-suite/SingleSource/UnitTests/stmtexpr.reference_output." ]; then \
	  cp /home/ed/mcsema-testing/llvm-test-suite/SingleSource/UnitTests/stmtexpr.reference_output. Output/stmtexpr.out-nat; \
	elif [ -f "/home/ed/mcsema-testing/llvm-test-suite/SingleSource/UnitTests/stmtexpr.reference_output.little-endian" ]; then \
	  cp /home/ed/mcsema-testing/llvm-test-suite/SingleSource/UnitTests/stmtexpr.reference_output.little-endian Output/stmtexpr.out-nat; \
	elif [ -f "/home/ed/mcsema-testing/llvm-test-suite/SingleSource/UnitTests/stmtexpr.reference_output" ]; then \
	  cp /home/ed/mcsema-testing/llvm-test-suite/SingleSource/UnitTests/stmtexpr.reference_output Output/stmtexpr.out-nat; \
	else \
	  printf "WARNING: %s: %s\n" "NO REFERENCE OUTPUT (using default)" "/home/ed/mcsema-testing/llvm-test-suite/SingleSource/UnitTests/stmtexpr.reference_output" > Output/stmtexpr.out-nat; \
	  cp /home/ed/mcsema-testing/llvm-test-suite/default.reference_output Output/stmtexpr.out-nat; \
	  cat Output/stmtexpr.out-nat; \
	fi
# Pretend that the reference output was produced instantaneously.
cp /home/ed/mcsema-testing/llvm-test-suite/instant.txt Output/stmtexpr.out-nat.time
/home/ed/mcsema-testing/llvm-test-suite/DiffOutput.sh "/home/ed/mcsema-testing/SANDBOX/test-2015-12-21_15-36-50/tools/fpcmp " simple stmtexpr 
rm -f Output/stmtexpr.exe-simple
cp Output/stmtexpr.diff-simple Output/stmtexpr.exe-simple
if test -f Output/stmtexpr.extra-results.txt; then \
	  /home/ed/mcsema-testing/llvm-test-suite/ParseMultipleResults /home/ed/mcsema-testing/SANDBOX/test-2015-12-21_15-36-50/SingleSource/UnitTests/stmtexpr Output/stmtexpr.extra-results.txt >> Output/stmtexpr.simple.exec.report.txt; \
	fi
cat Output/stmtexpr.simple.compile.report.txt Output/stmtexpr.simple.exec.report.txt >> Output/stmtexpr.simple.report.txt
---------------------------------------------------------------
>>> ========= '/home/ed/mcsema-testing/SANDBOX/test-2015-12-21_15-36-50/SingleSource/UnitTests/stmtexpr' Program
---------------------------------------------------------------

TEST-PASS: compile /home/ed/mcsema-testing/SANDBOX/test-2015-12-21_15-36-50/SingleSource/UnitTests/stmtexpr
TEST-RESULT-compile-success: pass
TEST-RESULT-compile-hash: d7ab1fb493e31d02a3453ca53eab9eaf
TEST-RESULT-compile-time: user       0.0213
TEST-RESULT-compile-real-time: real       0.0346

TEST-PASS: exec /home/ed/mcsema-testing/SANDBOX/test-2015-12-21_15-36-50/SingleSource/UnitTests/stmtexpr
TEST-RESULT-exec-success: pass
TEST-RESULT-exec-time: user       0.0008
TEST-RESULT-exec-real-time: real       0.0017
/home/ed/mcsema-testing/llvm-test-suite/RunSafely.sh --show-errors -t "/home/ed/mcsema-testing/SANDBOX/test-2015-12-21_15-36-50/tools/timeit" 500 /dev/null Output/2002-04-17-PrintfChar.llvm.o.compile \
	  /usr/bin/clang -I/home/ed/mcsema-testing/SANDBOX/test-2015-12-21_15-36-50/SingleSource/UnitTests -I/home/ed/mcsema-testing/llvm-test-suite/SingleSource/UnitTests -I/home/ed/mcsema-testing/llvm-test-suite/include -I../../include -D_GNU_SOURCE -D__STDC_LIMIT_MACROS -DNDEBUG  -O3  -m64 -fomit-frame-pointer -c /home/ed/mcsema-testing/llvm-test-suite/SingleSource/UnitTests/2002-04-17-PrintfChar.c -o Output/2002-04-17-PrintfChar.llvm.o
cp Output/2002-04-17-PrintfChar.llvm.o.compile.time Output/2002-04-17-PrintfChar.simple.compile.time
/usr/bin/clang++ -o Output/2002-04-17-PrintfChar.simple Output/2002-04-17-PrintfChar.llvm.o -lstdc++   -m64 -fomit-frame-pointer
/home/ed/mcsema-testing/llvm-test-suite/RunSafely.sh -t "/home/ed/mcsema-testing/SANDBOX/test-2015-12-21_15-36-50/tools/timeit-target" 500 /dev/null Output/2002-04-17-PrintfChar.out-simple Output/2002-04-17-PrintfChar.simple 
cp Output/2002-04-17-PrintfChar.simple Output/2002-04-17-PrintfChar.simple-hash; \
	strip --remove-section=.comment --remove-section='.note*' Output/2002-04-17-PrintfChar.simple-hash; \
	/home/ed/mcsema-testing/llvm-test-suite/HashProgramOutput.sh Output/2002-04-17-PrintfChar.simple-hash
if [ -f "/home/ed/mcsema-testing/llvm-test-suite/SingleSource/UnitTests/2002-04-17-PrintfChar.reference_output.little-endian." ]; then \
	  cp /home/ed/mcsema-testing/llvm-test-suite/SingleSource/UnitTests/2002-04-17-PrintfChar.reference_output.little-endian. Output/2002-04-17-PrintfChar.out-nat; \
	elif [ -f "/home/ed/mcsema-testing/llvm-test-suite/SingleSource/UnitTests/2002-04-17-PrintfChar.reference_output." ]; then \
	  cp /home/ed/mcsema-testing/llvm-test-suite/SingleSource/UnitTests/2002-04-17-PrintfChar.reference_output. Output/2002-04-17-PrintfChar.out-nat; \
	elif [ -f "/home/ed/mcsema-testing/llvm-test-suite/SingleSource/UnitTests/2002-04-17-PrintfChar.reference_output.little-endian" ]; then \
	  cp /home/ed/mcsema-testing/llvm-test-suite/SingleSource/UnitTests/2002-04-17-PrintfChar.reference_output.little-endian Output/2002-04-17-PrintfChar.out-nat; \
	elif [ -f "/home/ed/mcsema-testing/llvm-test-suite/SingleSource/UnitTests/2002-04-17-PrintfChar.reference_output" ]; then \
	  cp /home/ed/mcsema-testing/llvm-test-suite/SingleSource/UnitTests/2002-04-17-PrintfChar.reference_output Output/2002-04-17-PrintfChar.out-nat; \
	else \
	  printf "WARNING: %s: %s\n" "NO REFERENCE OUTPUT (using default)" "/home/ed/mcsema-testing/llvm-test-suite/SingleSource/UnitTests/2002-04-17-PrintfChar.reference_output" > Output/2002-04-17-PrintfChar.out-nat; \
	  cp /home/ed/mcsema-testing/llvm-test-suite/default.reference_output Output/2002-04-17-PrintfChar.out-nat; \
	  cat Output/2002-04-17-PrintfChar.out-nat; \
	fi
# Pretend that the reference output was produced instantaneously.
cp /home/ed/mcsema-testing/llvm-test-suite/instant.txt Output/2002-04-17-PrintfChar.out-nat.time
/home/ed/mcsema-testing/llvm-test-suite/DiffOutput.sh "/home/ed/mcsema-testing/SANDBOX/test-2015-12-21_15-36-50/tools/fpcmp " simple 2002-04-17-PrintfChar 
rm -f Output/2002-04-17-PrintfChar.exe-simple
cp Output/2002-04-17-PrintfChar.diff-simple Output/2002-04-17-PrintfChar.exe-simple
if test -f Output/2002-04-17-PrintfChar.extra-results.txt; then \
	  /home/ed/mcsema-testing/llvm-test-suite/ParseMultipleResults /home/ed/mcsema-testing/SANDBOX/test-2015-12-21_15-36-50/SingleSource/UnitTests/2002-04-17-PrintfChar Output/2002-04-17-PrintfChar.extra-results.txt >> Output/2002-04-17-PrintfChar.simple.exec.report.txt; \
	fi
cat Output/2002-04-17-PrintfChar.simple.compile.report.txt Output/2002-04-17-PrintfChar.simple.exec.report.txt >> Output/2002-04-17-PrintfChar.simple.report.txt
---------------------------------------------------------------
>>> ========= '/home/ed/mcsema-testing/SANDBOX/test-2015-12-21_15-36-50/SingleSource/UnitTests/2002-04-17-PrintfChar' Program
---------------------------------------------------------------

TEST-PASS: compile /home/ed/mcsema-testing/SANDBOX/test-2015-12-21_15-36-50/SingleSource/UnitTests/2002-04-17-PrintfChar
TEST-RESULT-compile-success: pass
TEST-RESULT-compile-hash: b3c47624360cf3a45ad2f2b895ff4474
TEST-RESULT-compile-time: user       0.0167
TEST-RESULT-compile-real-time: real       0.0292

TEST-PASS: exec /home/ed/mcsema-testing/SANDBOX/test-2015-12-21_15-36-50/SingleSource/UnitTests/2002-04-17-PrintfChar
TEST-RESULT-exec-success: pass
TEST-RESULT-exec-time: user       0.0008
TEST-RESULT-exec-real-time: real       0.0017
/home/ed/mcsema-testing/llvm-test-suite/RunSafely.sh --show-errors -t "/home/ed/mcsema-testing/SANDBOX/test-2015-12-21_15-36-50/tools/timeit" 500 /dev/null Output/2002-05-02-ArgumentTest.llvm.o.compile \
	  /usr/bin/clang -I/home/ed/mcsema-testing/SANDBOX/test-2015-12-21_15-36-50/SingleSource/UnitTests -I/home/ed/mcsema-testing/llvm-test-suite/SingleSource/UnitTests -I/home/ed/mcsema-testing/llvm-test-suite/include -I../../include -D_GNU_SOURCE -D__STDC_LIMIT_MACROS -DNDEBUG  -O3  -m64 -fomit-frame-pointer -c /home/ed/mcsema-testing/llvm-test-suite/SingleSource/UnitTests/2002-05-02-ArgumentTest.c -o Output/2002-05-02-ArgumentTest.llvm.o
cp Output/2002-05-02-ArgumentTest.llvm.o.compile.time Output/2002-05-02-ArgumentTest.simple.compile.time
/usr/bin/clang++ -o Output/2002-05-02-ArgumentTest.simple Output/2002-05-02-ArgumentTest.llvm.o -lstdc++   -m64 -fomit-frame-pointer
/home/ed/mcsema-testing/llvm-test-suite/RunSafely.sh -t "/home/ed/mcsema-testing/SANDBOX/test-2015-12-21_15-36-50/tools/timeit-target" 500 /dev/null Output/2002-05-02-ArgumentTest.out-simple Output/2002-05-02-ArgumentTest.simple 
cp Output/2002-05-02-ArgumentTest.simple Output/2002-05-02-ArgumentTest.simple-hash; \
	strip --remove-section=.comment --remove-section='.note*' Output/2002-05-02-ArgumentTest.simple-hash; \
	/home/ed/mcsema-testing/llvm-test-suite/HashProgramOutput.sh Output/2002-05-02-ArgumentTest.simple-hash
if [ -f "/home/ed/mcsema-testing/llvm-test-suite/SingleSource/UnitTests/2002-05-02-ArgumentTest.reference_output.little-endian." ]; then \
	  cp /home/ed/mcsema-testing/llvm-test-suite/SingleSource/UnitTests/2002-05-02-ArgumentTest.reference_output.little-endian. Output/2002-05-02-ArgumentTest.out-nat; \
	elif [ -f "/home/ed/mcsema-testing/llvm-test-suite/SingleSource/UnitTests/2002-05-02-ArgumentTest.reference_output." ]; then \
	  cp /home/ed/mcsema-testing/llvm-test-suite/SingleSource/UnitTests/2002-05-02-ArgumentTest.reference_output. Output/2002-05-02-ArgumentTest.out-nat; \
	elif [ -f "/home/ed/mcsema-testing/llvm-test-suite/SingleSource/UnitTests/2002-05-02-ArgumentTest.reference_output.little-endian" ]; then \
	  cp /home/ed/mcsema-testing/llvm-test-suite/SingleSource/UnitTests/2002-05-02-ArgumentTest.reference_output.little-endian Output/2002-05-02-ArgumentTest.out-nat; \
	elif [ -f "/home/ed/mcsema-testing/llvm-test-suite/SingleSource/UnitTests/2002-05-02-ArgumentTest.reference_output" ]; then \
	  cp /home/ed/mcsema-testing/llvm-test-suite/SingleSource/UnitTests/2002-05-02-ArgumentTest.reference_output Output/2002-05-02-ArgumentTest.out-nat; \
	else \
	  printf "WARNING: %s: %s\n" "NO REFERENCE OUTPUT (using default)" "/home/ed/mcsema-testing/llvm-test-suite/SingleSource/UnitTests/2002-05-02-ArgumentTest.reference_output" > Output/2002-05-02-ArgumentTest.out-nat; \
	  cp /home/ed/mcsema-testing/llvm-test-suite/default.reference_output Output/2002-05-02-ArgumentTest.out-nat; \
	  cat Output/2002-05-02-ArgumentTest.out-nat; \
	fi
# Pretend that the reference output was produced instantaneously.
cp /home/ed/mcsema-testing/llvm-test-suite/instant.txt Output/2002-05-02-ArgumentTest.out-nat.time
/home/ed/mcsema-testing/llvm-test-suite/DiffOutput.sh "/home/ed/mcsema-testing/SANDBOX/test-2015-12-21_15-36-50/tools/fpcmp " simple 2002-05-02-ArgumentTest 
rm -f Output/2002-05-02-ArgumentTest.exe-simple
cp Output/2002-05-02-ArgumentTest.diff-simple Output/2002-05-02-ArgumentTest.exe-simple
if test -f Output/2002-05-02-ArgumentTest.extra-results.txt; then \
	  /home/ed/mcsema-testing/llvm-test-suite/ParseMultipleResults /home/ed/mcsema-testing/SANDBOX/test-2015-12-21_15-36-50/SingleSource/UnitTests/2002-05-02-ArgumentTest Output/2002-05-02-ArgumentTest.extra-results.txt >> Output/2002-05-02-ArgumentTest.simple.exec.report.txt; \
	fi
cat Output/2002-05-02-ArgumentTest.simple.compile.report.txt Output/2002-05-02-ArgumentTest.simple.exec.report.txt >> Output/2002-05-02-ArgumentTest.simple.report.txt
---------------------------------------------------------------
>>> ========= '/home/ed/mcsema-testing/SANDBOX/test-2015-12-21_15-36-50/SingleSource/UnitTests/2002-05-02-ArgumentTest' Program
---------------------------------------------------------------

TEST-PASS: compile /home/ed/mcsema-testing/SANDBOX/test-2015-12-21_15-36-50/SingleSource/UnitTests/2002-05-02-ArgumentTest
TEST-RESULT-compile-success: pass
TEST-RESULT-compile-hash: 2691aeda9ee37279f3176635977d5781
TEST-RESULT-compile-time: user       0.0171
TEST-RESULT-compile-real-time: real       0.0295

TEST-PASS: exec /home/ed/mcsema-testing/SANDBOX/test-2015-12-21_15-36-50/SingleSource/UnitTests/2002-05-02-ArgumentTest
TEST-RESULT-exec-success: pass
TEST-RESULT-exec-time: user       0.0009
TEST-RESULT-exec-real-time: real       0.0017
/home/ed/mcsema-testing/llvm-test-suite/RunSafely.sh --show-errors -t "/home/ed/mcsema-testing/SANDBOX/test-2015-12-21_15-36-50/tools/timeit" 500 /dev/null Output/2002-05-02-CastTest1.llvm.o.compile \
	  /usr/bin/clang -I/home/ed/mcsema-testing/SANDBOX/test-2015-12-21_15-36-50/SingleSource/UnitTests -I/home/ed/mcsema-testing/llvm-test-suite/SingleSource/UnitTests -I/home/ed/mcsema-testing/llvm-test-suite/include -I../../include -D_GNU_SOURCE -D__STDC_LIMIT_MACROS -DNDEBUG  -O3  -m64 -fomit-frame-pointer -c /home/ed/mcsema-testing/llvm-test-suite/SingleSource/UnitTests/2002-05-02-CastTest1.c -o Output/2002-05-02-CastTest1.llvm.o
cp Output/2002-05-02-CastTest1.llvm.o.compile.time Output/2002-05-02-CastTest1.simple.compile.time
/usr/bin/clang++ -o Output/2002-05-02-CastTest1.simple Output/2002-05-02-CastTest1.llvm.o -lstdc++   -m64 -fomit-frame-pointer
/home/ed/mcsema-testing/llvm-test-suite/RunSafely.sh -t "/home/ed/mcsema-testing/SANDBOX/test-2015-12-21_15-36-50/tools/timeit-target" 500 /dev/null Output/2002-05-02-CastTest1.out-simple Output/2002-05-02-CastTest1.simple 
cp Output/2002-05-02-CastTest1.simple Output/2002-05-02-CastTest1.simple-hash; \
	strip --remove-section=.comment --remove-section='.note*' Output/2002-05-02-CastTest1.simple-hash; \
	/home/ed/mcsema-testing/llvm-test-suite/HashProgramOutput.sh Output/2002-05-02-CastTest1.simple-hash
if [ -f "/home/ed/mcsema-testing/llvm-test-suite/SingleSource/UnitTests/2002-05-02-CastTest1.reference_output.little-endian." ]; then \
	  cp /home/ed/mcsema-testing/llvm-test-suite/SingleSource/UnitTests/2002-05-02-CastTest1.reference_output.little-endian. Output/2002-05-02-CastTest1.out-nat; \
	elif [ -f "/home/ed/mcsema-testing/llvm-test-suite/SingleSource/UnitTests/2002-05-02-CastTest1.reference_output." ]; then \
	  cp /home/ed/mcsema-testing/llvm-test-suite/SingleSource/UnitTests/2002-05-02-CastTest1.reference_output. Output/2002-05-02-CastTest1.out-nat; \
	elif [ -f "/home/ed/mcsema-testing/llvm-test-suite/SingleSource/UnitTests/2002-05-02-CastTest1.reference_output.little-endian" ]; then \
	  cp /home/ed/mcsema-testing/llvm-test-suite/SingleSource/UnitTests/2002-05-02-CastTest1.reference_output.little-endian Output/2002-05-02-CastTest1.out-nat; \
	elif [ -f "/home/ed/mcsema-testing/llvm-test-suite/SingleSource/UnitTests/2002-05-02-CastTest1.reference_output" ]; then \
	  cp /home/ed/mcsema-testing/llvm-test-suite/SingleSource/UnitTests/2002-05-02-CastTest1.reference_output Output/2002-05-02-CastTest1.out-nat; \
	else \
	  printf "WARNING: %s: %s\n" "NO REFERENCE OUTPUT (using default)" "/home/ed/mcsema-testing/llvm-test-suite/SingleSource/UnitTests/2002-05-02-CastTest1.reference_output" > Output/2002-05-02-CastTest1.out-nat; \
	  cp /home/ed/mcsema-testing/llvm-test-suite/default.reference_output Output/2002-05-02-CastTest1.out-nat; \
	  cat Output/2002-05-02-CastTest1.out-nat; \
	fi
# Pretend that the reference output was produced instantaneously.
cp /home/ed/mcsema-testing/llvm-test-suite/instant.txt Output/2002-05-02-CastTest1.out-nat.time
/home/ed/mcsema-testing/llvm-test-suite/DiffOutput.sh "/home/ed/mcsema-testing/SANDBOX/test-2015-12-21_15-36-50/tools/fpcmp " simple 2002-05-02-CastTest1 
rm -f Output/2002-05-02-CastTest1.exe-simple
cp Output/2002-05-02-CastTest1.diff-simple Output/2002-05-02-CastTest1.exe-simple
if test -f Output/2002-05-02-CastTest1.extra-results.txt; then \
	  /home/ed/mcsema-testing/llvm-test-suite/ParseMultipleResults /home/ed/mcsema-testing/SANDBOX/test-2015-12-21_15-36-50/SingleSource/UnitTests/2002-05-02-CastTest1 Output/2002-05-02-CastTest1.extra-results.txt >> Output/2002-05-02-CastTest1.simple.exec.report.txt; \
	fi
cat Output/2002-05-02-CastTest1.simple.compile.report.txt Output/2002-05-02-CastTest1.simple.exec.report.txt >> Output/2002-05-02-CastTest1.simple.report.txt
---------------------------------------------------------------
>>> ========= '/home/ed/mcsema-testing/SANDBOX/test-2015-12-21_15-36-50/SingleSource/UnitTests/2002-05-02-CastTest1' Program
---------------------------------------------------------------

TEST-PASS: compile /home/ed/mcsema-testing/SANDBOX/test-2015-12-21_15-36-50/SingleSource/UnitTests/2002-05-02-CastTest1
TEST-RESULT-compile-success: pass
TEST-RESULT-compile-hash: 282b903032b7d9fb700287adc39c7b8a
TEST-RESULT-compile-time: user       0.0161
TEST-RESULT-compile-real-time: real       0.0285

TEST-PASS: exec /home/ed/mcsema-testing/SANDBOX/test-2015-12-21_15-36-50/SingleSource/UnitTests/2002-05-02-CastTest1
TEST-RESULT-exec-success: pass
TEST-RESULT-exec-time: user       0.0009
TEST-RESULT-exec-real-time: real       0.0017
/home/ed/mcsema-testing/llvm-test-suite/RunSafely.sh --show-errors -t "/home/ed/mcsema-testing/SANDBOX/test-2015-12-21_15-36-50/tools/timeit" 500 /dev/null Output/2002-05-02-CastTest2.llvm.o.compile \
	  /usr/bin/clang -I/home/ed/mcsema-testing/SANDBOX/test-2015-12-21_15-36-50/SingleSource/UnitTests -I/home/ed/mcsema-testing/llvm-test-suite/SingleSource/UnitTests -I/home/ed/mcsema-testing/llvm-test-suite/include -I../../include -D_GNU_SOURCE -D__STDC_LIMIT_MACROS -DNDEBUG  -O3  -m64 -fomit-frame-pointer -c /home/ed/mcsema-testing/llvm-test-suite/SingleSource/UnitTests/2002-05-02-CastTest2.c -o Output/2002-05-02-CastTest2.llvm.o
cp Output/2002-05-02-CastTest2.llvm.o.compile.time Output/2002-05-02-CastTest2.simple.compile.time
/usr/bin/clang++ -o Output/2002-05-02-CastTest2.simple Output/2002-05-02-CastTest2.llvm.o -lstdc++   -m64 -fomit-frame-pointer
/home/ed/mcsema-testing/llvm-test-suite/RunSafely.sh -t "/home/ed/mcsema-testing/SANDBOX/test-2015-12-21_15-36-50/tools/timeit-target" 500 /dev/null Output/2002-05-02-CastTest2.out-simple Output/2002-05-02-CastTest2.simple 
cp Output/2002-05-02-CastTest2.simple Output/2002-05-02-CastTest2.simple-hash; \
	strip --remove-section=.comment --remove-section='.note*' Output/2002-05-02-CastTest2.simple-hash; \
	/home/ed/mcsema-testing/llvm-test-suite/HashProgramOutput.sh Output/2002-05-02-CastTest2.simple-hash
if [ -f "/home/ed/mcsema-testing/llvm-test-suite/SingleSource/UnitTests/2002-05-02-CastTest2.reference_output.little-endian." ]; then \
	  cp /home/ed/mcsema-testing/llvm-test-suite/SingleSource/UnitTests/2002-05-02-CastTest2.reference_output.little-endian. Output/2002-05-02-CastTest2.out-nat; \
	elif [ -f "/home/ed/mcsema-testing/llvm-test-suite/SingleSource/UnitTests/2002-05-02-CastTest2.reference_output." ]; then \
	  cp /home/ed/mcsema-testing/llvm-test-suite/SingleSource/UnitTests/2002-05-02-CastTest2.reference_output. Output/2002-05-02-CastTest2.out-nat; \
	elif [ -f "/home/ed/mcsema-testing/llvm-test-suite/SingleSource/UnitTests/2002-05-02-CastTest2.reference_output.little-endian" ]; then \
	  cp /home/ed/mcsema-testing/llvm-test-suite/SingleSource/UnitTests/2002-05-02-CastTest2.reference_output.little-endian Output/2002-05-02-CastTest2.out-nat; \
	elif [ -f "/home/ed/mcsema-testing/llvm-test-suite/SingleSource/UnitTests/2002-05-02-CastTest2.reference_output" ]; then \
	  cp /home/ed/mcsema-testing/llvm-test-suite/SingleSource/UnitTests/2002-05-02-CastTest2.reference_output Output/2002-05-02-CastTest2.out-nat; \
	else \
	  printf "WARNING: %s: %s\n" "NO REFERENCE OUTPUT (using default)" "/home/ed/mcsema-testing/llvm-test-suite/SingleSource/UnitTests/2002-05-02-CastTest2.reference_output" > Output/2002-05-02-CastTest2.out-nat; \
	  cp /home/ed/mcsema-testing/llvm-test-suite/default.reference_output Output/2002-05-02-CastTest2.out-nat; \
	  cat Output/2002-05-02-CastTest2.out-nat; \
	fi
# Pretend that the reference output was produced instantaneously.
cp /home/ed/mcsema-testing/llvm-test-suite/instant.txt Output/2002-05-02-CastTest2.out-nat.time
/home/ed/mcsema-testing/llvm-test-suite/DiffOutput.sh "/home/ed/mcsema-testing/SANDBOX/test-2015-12-21_15-36-50/tools/fpcmp " simple 2002-05-02-CastTest2 
rm -f Output/2002-05-02-CastTest2.exe-simple
cp Output/2002-05-02-CastTest2.diff-simple Output/2002-05-02-CastTest2.exe-simple
if test -f Output/2002-05-02-CastTest2.extra-results.txt; then \
	  /home/ed/mcsema-testing/llvm-test-suite/ParseMultipleResults /home/ed/mcsema-testing/SANDBOX/test-2015-12-21_15-36-50/SingleSource/UnitTests/2002-05-02-CastTest2 Output/2002-05-02-CastTest2.extra-results.txt >> Output/2002-05-02-CastTest2.simple.exec.report.txt; \
	fi
cat Output/2002-05-02-CastTest2.simple.compile.report.txt Output/2002-05-02-CastTest2.simple.exec.report.txt >> Output/2002-05-02-CastTest2.simple.report.txt
---------------------------------------------------------------
>>> ========= '/home/ed/mcsema-testing/SANDBOX/test-2015-12-21_15-36-50/SingleSource/UnitTests/2002-05-02-CastTest2' Program
---------------------------------------------------------------

TEST-PASS: compile /home/ed/mcsema-testing/SANDBOX/test-2015-12-21_15-36-50/SingleSource/UnitTests/2002-05-02-CastTest2
TEST-RESULT-compile-success: pass
TEST-RESULT-compile-hash: d231f4a613cf742a049deb22a0a43243
TEST-RESULT-compile-time: user       0.0260
TEST-RESULT-compile-real-time: real       0.0401

TEST-PASS: exec /home/ed/mcsema-testing/SANDBOX/test-2015-12-21_15-36-50/SingleSource/UnitTests/2002-05-02-CastTest2
TEST-RESULT-exec-success: pass
TEST-RESULT-exec-time: user       0.0008
TEST-RESULT-exec-real-time: real       0.0016
/home/ed/mcsema-testing/llvm-test-suite/RunSafely.sh --show-errors -t "/home/ed/mcsema-testing/SANDBOX/test-2015-12-21_15-36-50/tools/timeit" 500 /dev/null Output/2002-05-02-CastTest3.llvm.o.compile \
	  /usr/bin/clang -I/home/ed/mcsema-testing/SANDBOX/test-2015-12-21_15-36-50/SingleSource/UnitTests -I/home/ed/mcsema-testing/llvm-test-suite/SingleSource/UnitTests -I/home/ed/mcsema-testing/llvm-test-suite/include -I../../include -D_GNU_SOURCE -D__STDC_LIMIT_MACROS -DNDEBUG  -O3  -m64 -fomit-frame-pointer -c /home/ed/mcsema-testing/llvm-test-suite/SingleSource/UnitTests/2002-05-02-CastTest3.c -o Output/2002-05-02-CastTest3.llvm.o
cp Output/2002-05-02-CastTest3.llvm.o.compile.time Output/2002-05-02-CastTest3.simple.compile.time
/usr/bin/clang++ -o Output/2002-05-02-CastTest3.simple Output/2002-05-02-CastTest3.llvm.o -lstdc++   -m64 -fomit-frame-pointer
/home/ed/mcsema-testing/llvm-test-suite/RunSafely.sh -t "/home/ed/mcsema-testing/SANDBOX/test-2015-12-21_15-36-50/tools/timeit-target" 500 /dev/null Output/2002-05-02-CastTest3.out-simple Output/2002-05-02-CastTest3.simple 
cp Output/2002-05-02-CastTest3.simple Output/2002-05-02-CastTest3.simple-hash; \
	strip --remove-section=.comment --remove-section='.note*' Output/2002-05-02-CastTest3.simple-hash; \
	/home/ed/mcsema-testing/llvm-test-suite/HashProgramOutput.sh Output/2002-05-02-CastTest3.simple-hash
if [ -f "/home/ed/mcsema-testing/llvm-test-suite/SingleSource/UnitTests/2002-05-02-CastTest3.reference_output.little-endian." ]; then \
	  cp /home/ed/mcsema-testing/llvm-test-suite/SingleSource/UnitTests/2002-05-02-CastTest3.reference_output.little-endian. Output/2002-05-02-CastTest3.out-nat; \
	elif [ -f "/home/ed/mcsema-testing/llvm-test-suite/SingleSource/UnitTests/2002-05-02-CastTest3.reference_output." ]; then \
	  cp /home/ed/mcsema-testing/llvm-test-suite/SingleSource/UnitTests/2002-05-02-CastTest3.reference_output. Output/2002-05-02-CastTest3.out-nat; \
	elif [ -f "/home/ed/mcsema-testing/llvm-test-suite/SingleSource/UnitTests/2002-05-02-CastTest3.reference_output.little-endian" ]; then \
	  cp /home/ed/mcsema-testing/llvm-test-suite/SingleSource/UnitTests/2002-05-02-CastTest3.reference_output.little-endian Output/2002-05-02-CastTest3.out-nat; \
	elif [ -f "/home/ed/mcsema-testing/llvm-test-suite/SingleSource/UnitTests/2002-05-02-CastTest3.reference_output" ]; then \
	  cp /home/ed/mcsema-testing/llvm-test-suite/SingleSource/UnitTests/2002-05-02-CastTest3.reference_output Output/2002-05-02-CastTest3.out-nat; \
	else \
	  printf "WARNING: %s: %s\n" "NO REFERENCE OUTPUT (using default)" "/home/ed/mcsema-testing/llvm-test-suite/SingleSource/UnitTests/2002-05-02-CastTest3.reference_output" > Output/2002-05-02-CastTest3.out-nat; \
	  cp /home/ed/mcsema-testing/llvm-test-suite/default.reference_output Output/2002-05-02-CastTest3.out-nat; \
	  cat Output/2002-05-02-CastTest3.out-nat; \
	fi
# Pretend that the reference output was produced instantaneously.
cp /home/ed/mcsema-testing/llvm-test-suite/instant.txt Output/2002-05-02-CastTest3.out-nat.time
/home/ed/mcsema-testing/llvm-test-suite/DiffOutput.sh "/home/ed/mcsema-testing/SANDBOX/test-2015-12-21_15-36-50/tools/fpcmp " simple 2002-05-02-CastTest3 
rm -f Output/2002-05-02-CastTest3.exe-simple
cp Output/2002-05-02-CastTest3.diff-simple Output/2002-05-02-CastTest3.exe-simple
if test -f Output/2002-05-02-CastTest3.extra-results.txt; then \
	  /home/ed/mcsema-testing/llvm-test-suite/ParseMultipleResults /home/ed/mcsema-testing/SANDBOX/test-2015-12-21_15-36-50/SingleSource/UnitTests/2002-05-02-CastTest3 Output/2002-05-02-CastTest3.extra-results.txt >> Output/2002-05-02-CastTest3.simple.exec.report.txt; \
	fi
cat Output/2002-05-02-CastTest3.simple.compile.report.txt Output/2002-05-02-CastTest3.simple.exec.report.txt >> Output/2002-05-02-CastTest3.simple.report.txt
---------------------------------------------------------------
>>> ========= '/home/ed/mcsema-testing/SANDBOX/test-2015-12-21_15-36-50/SingleSource/UnitTests/2002-05-02-CastTest3' Program
---------------------------------------------------------------

TEST-PASS: compile /home/ed/mcsema-testing/SANDBOX/test-2015-12-21_15-36-50/SingleSource/UnitTests/2002-05-02-CastTest3
TEST-RESULT-compile-success: pass
TEST-RESULT-compile-hash: 1203aea400cf772820c185df546c9e4b
TEST-RESULT-compile-time: user       0.0161
TEST-RESULT-compile-real-time: real       0.0284

TEST-PASS: exec /home/ed/mcsema-testing/SANDBOX/test-2015-12-21_15-36-50/SingleSource/UnitTests/2002-05-02-CastTest3
TEST-RESULT-exec-success: pass
TEST-RESULT-exec-time: user       0.0008
TEST-RESULT-exec-real-time: real       0.0017
/home/ed/mcsema-testing/llvm-test-suite/RunSafely.sh --show-errors -t "/home/ed/mcsema-testing/SANDBOX/test-2015-12-21_15-36-50/tools/timeit" 500 /dev/null Output/2002-05-02-CastTest.llvm.o.compile \
	  /usr/bin/clang -I/home/ed/mcsema-testing/SANDBOX/test-2015-12-21_15-36-50/SingleSource/UnitTests -I/home/ed/mcsema-testing/llvm-test-suite/SingleSource/UnitTests -I/home/ed/mcsema-testing/llvm-test-suite/include -I../../include -D_GNU_SOURCE -D__STDC_LIMIT_MACROS -DNDEBUG  -O3  -m64 -fomit-frame-pointer -c /home/ed/mcsema-testing/llvm-test-suite/SingleSource/UnitTests/2002-05-02-CastTest.c -o Output/2002-05-02-CastTest.llvm.o
cp Output/2002-05-02-CastTest.llvm.o.compile.time Output/2002-05-02-CastTest.simple.compile.time
/usr/bin/clang++ -o Output/2002-05-02-CastTest.simple Output/2002-05-02-CastTest.llvm.o -lstdc++   -m64 -fomit-frame-pointer
/home/ed/mcsema-testing/llvm-test-suite/RunSafely.sh -t "/home/ed/mcsema-testing/SANDBOX/test-2015-12-21_15-36-50/tools/timeit-target" 500 /dev/null Output/2002-05-02-CastTest.out-simple Output/2002-05-02-CastTest.simple 
cp Output/2002-05-02-CastTest.simple Output/2002-05-02-CastTest.simple-hash; \
	strip --remove-section=.comment --remove-section='.note*' Output/2002-05-02-CastTest.simple-hash; \
	/home/ed/mcsema-testing/llvm-test-suite/HashProgramOutput.sh Output/2002-05-02-CastTest.simple-hash
if [ -f "/home/ed/mcsema-testing/llvm-test-suite/SingleSource/UnitTests/2002-05-02-CastTest.reference_output.little-endian." ]; then \
	  cp /home/ed/mcsema-testing/llvm-test-suite/SingleSource/UnitTests/2002-05-02-CastTest.reference_output.little-endian. Output/2002-05-02-CastTest.out-nat; \
	elif [ -f "/home/ed/mcsema-testing/llvm-test-suite/SingleSource/UnitTests/2002-05-02-CastTest.reference_output." ]; then \
	  cp /home/ed/mcsema-testing/llvm-test-suite/SingleSource/UnitTests/2002-05-02-CastTest.reference_output. Output/2002-05-02-CastTest.out-nat; \
	elif [ -f "/home/ed/mcsema-testing/llvm-test-suite/SingleSource/UnitTests/2002-05-02-CastTest.reference_output.little-endian" ]; then \
	  cp /home/ed/mcsema-testing/llvm-test-suite/SingleSource/UnitTests/2002-05-02-CastTest.reference_output.little-endian Output/2002-05-02-CastTest.out-nat; \
	elif [ -f "/home/ed/mcsema-testing/llvm-test-suite/SingleSource/UnitTests/2002-05-02-CastTest.reference_output" ]; then \
	  cp /home/ed/mcsema-testing/llvm-test-suite/SingleSource/UnitTests/2002-05-02-CastTest.reference_output Output/2002-05-02-CastTest.out-nat; \
	else \
	  printf "WARNING: %s: %s\n" "NO REFERENCE OUTPUT (using default)" "/home/ed/mcsema-testing/llvm-test-suite/SingleSource/UnitTests/2002-05-02-CastTest.reference_output" > Output/2002-05-02-CastTest.out-nat; \
	  cp /home/ed/mcsema-testing/llvm-test-suite/default.reference_output Output/2002-05-02-CastTest.out-nat; \
	  cat Output/2002-05-02-CastTest.out-nat; \
	fi
# Pretend that the reference output was produced instantaneously.
cp /home/ed/mcsema-testing/llvm-test-suite/instant.txt Output/2002-05-02-CastTest.out-nat.time
/home/ed/mcsema-testing/llvm-test-suite/DiffOutput.sh "/home/ed/mcsema-testing/SANDBOX/test-2015-12-21_15-36-50/tools/fpcmp " simple 2002-05-02-CastTest 
rm -f Output/2002-05-02-CastTest.exe-simple
cp Output/2002-05-02-CastTest.diff-simple Output/2002-05-02-CastTest.exe-simple
if test -f Output/2002-05-02-CastTest.extra-results.txt; then \
	  /home/ed/mcsema-testing/llvm-test-suite/ParseMultipleResults /home/ed/mcsema-testing/SANDBOX/test-2015-12-21_15-36-50/SingleSource/UnitTests/2002-05-02-CastTest Output/2002-05-02-CastTest.extra-results.txt >> Output/2002-05-02-CastTest.simple.exec.report.txt; \
	fi
cat Output/2002-05-02-CastTest.simple.compile.report.txt Output/2002-05-02-CastTest.simple.exec.report.txt >> Output/2002-05-02-CastTest.simple.report.txt
---------------------------------------------------------------
>>> ========= '/home/ed/mcsema-testing/SANDBOX/test-2015-12-21_15-36-50/SingleSource/UnitTests/2002-05-02-CastTest' Program
---------------------------------------------------------------

TEST-PASS: compile /home/ed/mcsema-testing/SANDBOX/test-2015-12-21_15-36-50/SingleSource/UnitTests/2002-05-02-CastTest
TEST-RESULT-compile-success: pass
TEST-RESULT-compile-hash: 198c195e4c42f734350290fa5a721f71
TEST-RESULT-compile-time: user       0.0295
TEST-RESULT-compile-real-time: real       0.0446

TEST-PASS: exec /home/ed/mcsema-testing/SANDBOX/test-2015-12-21_15-36-50/SingleSource/UnitTests/2002-05-02-CastTest
TEST-RESULT-exec-success: pass
TEST-RESULT-exec-time: user       0.0008
TEST-RESULT-exec-real-time: real       0.0017
/home/ed/mcsema-testing/llvm-test-suite/RunSafely.sh --show-errors -t "/home/ed/mcsema-testing/SANDBOX/test-2015-12-21_15-36-50/tools/timeit" 500 /dev/null Output/2002-05-02-ManyArguments.llvm.o.compile \
	  /usr/bin/clang -I/home/ed/mcsema-testing/SANDBOX/test-2015-12-21_15-36-50/SingleSource/UnitTests -I/home/ed/mcsema-testing/llvm-test-suite/SingleSource/UnitTests -I/home/ed/mcsema-testing/llvm-test-suite/include -I../../include -D_GNU_SOURCE -D__STDC_LIMIT_MACROS -DNDEBUG  -O3  -m64 -fomit-frame-pointer -c /home/ed/mcsema-testing/llvm-test-suite/SingleSource/UnitTests/2002-05-02-ManyArguments.c -o Output/2002-05-02-ManyArguments.llvm.o
cp Output/2002-05-02-ManyArguments.llvm.o.compile.time Output/2002-05-02-ManyArguments.simple.compile.time
/usr/bin/clang++ -o Output/2002-05-02-ManyArguments.simple Output/2002-05-02-ManyArguments.llvm.o -lstdc++   -m64 -fomit-frame-pointer
/home/ed/mcsema-testing/llvm-test-suite/RunSafely.sh -t "/home/ed/mcsema-testing/SANDBOX/test-2015-12-21_15-36-50/tools/timeit-target" 500 /dev/null Output/2002-05-02-ManyArguments.out-simple Output/2002-05-02-ManyArguments.simple 
cp Output/2002-05-02-ManyArguments.simple Output/2002-05-02-ManyArguments.simple-hash; \
	strip --remove-section=.comment --remove-section='.note*' Output/2002-05-02-ManyArguments.simple-hash; \
	/home/ed/mcsema-testing/llvm-test-suite/HashProgramOutput.sh Output/2002-05-02-ManyArguments.simple-hash
if [ -f "/home/ed/mcsema-testing/llvm-test-suite/SingleSource/UnitTests/2002-05-02-ManyArguments.reference_output.little-endian." ]; then \
	  cp /home/ed/mcsema-testing/llvm-test-suite/SingleSource/UnitTests/2002-05-02-ManyArguments.reference_output.little-endian. Output/2002-05-02-ManyArguments.out-nat; \
	elif [ -f "/home/ed/mcsema-testing/llvm-test-suite/SingleSource/UnitTests/2002-05-02-ManyArguments.reference_output." ]; then \
	  cp /home/ed/mcsema-testing/llvm-test-suite/SingleSource/UnitTests/2002-05-02-ManyArguments.reference_output. Output/2002-05-02-ManyArguments.out-nat; \
	elif [ -f "/home/ed/mcsema-testing/llvm-test-suite/SingleSource/UnitTests/2002-05-02-ManyArguments.reference_output.little-endian" ]; then \
	  cp /home/ed/mcsema-testing/llvm-test-suite/SingleSource/UnitTests/2002-05-02-ManyArguments.reference_output.little-endian Output/2002-05-02-ManyArguments.out-nat; \
	elif [ -f "/home/ed/mcsema-testing/llvm-test-suite/SingleSource/UnitTests/2002-05-02-ManyArguments.reference_output" ]; then \
	  cp /home/ed/mcsema-testing/llvm-test-suite/SingleSource/UnitTests/2002-05-02-ManyArguments.reference_output Output/2002-05-02-ManyArguments.out-nat; \
	else \
	  printf "WARNING: %s: %s\n" "NO REFERENCE OUTPUT (using default)" "/home/ed/mcsema-testing/llvm-test-suite/SingleSource/UnitTests/2002-05-02-ManyArguments.reference_output" > Output/2002-05-02-ManyArguments.out-nat; \
	  cp /home/ed/mcsema-testing/llvm-test-suite/default.reference_output Output/2002-05-02-ManyArguments.out-nat; \
	  cat Output/2002-05-02-ManyArguments.out-nat; \
	fi
# Pretend that the reference output was produced instantaneously.
cp /home/ed/mcsema-testing/llvm-test-suite/instant.txt Output/2002-05-02-ManyArguments.out-nat.time
/home/ed/mcsema-testing/llvm-test-suite/DiffOutput.sh "/home/ed/mcsema-testing/SANDBOX/test-2015-12-21_15-36-50/tools/fpcmp " simple 2002-05-02-ManyArguments 
rm -f Output/2002-05-02-ManyArguments.exe-simple
cp Output/2002-05-02-ManyArguments.diff-simple Output/2002-05-02-ManyArguments.exe-simple
if test -f Output/2002-05-02-ManyArguments.extra-results.txt; then \
	  /home/ed/mcsema-testing/llvm-test-suite/ParseMultipleResults /home/ed/mcsema-testing/SANDBOX/test-2015-12-21_15-36-50/SingleSource/UnitTests/2002-05-02-ManyArguments Output/2002-05-02-ManyArguments.extra-results.txt >> Output/2002-05-02-ManyArguments.simple.exec.report.txt; \
	fi
cat Output/2002-05-02-ManyArguments.simple.compile.report.txt Output/2002-05-02-ManyArguments.simple.exec.report.txt >> Output/2002-05-02-ManyArguments.simple.report.txt
---------------------------------------------------------------
>>> ========= '/home/ed/mcsema-testing/SANDBOX/test-2015-12-21_15-36-50/SingleSource/UnitTests/2002-05-02-ManyArguments' Program
---------------------------------------------------------------

TEST-PASS: compile /home/ed/mcsema-testing/SANDBOX/test-2015-12-21_15-36-50/SingleSource/UnitTests/2002-05-02-ManyArguments
TEST-RESULT-compile-success: pass
TEST-RESULT-compile-hash: a5d4e69a2fbd0f7103b4bc096dd4b084
TEST-RESULT-compile-time: user       0.0212
TEST-RESULT-compile-real-time: real       0.0339

TEST-PASS: exec /home/ed/mcsema-testing/SANDBOX/test-2015-12-21_15-36-50/SingleSource/UnitTests/2002-05-02-ManyArguments
TEST-RESULT-exec-success: pass
TEST-RESULT-exec-time: user       0.0009
TEST-RESULT-exec-real-time: real       0.0017
/home/ed/mcsema-testing/llvm-test-suite/RunSafely.sh --show-errors -t "/home/ed/mcsema-testing/SANDBOX/test-2015-12-21_15-36-50/tools/timeit" 500 /dev/null Output/2002-05-03-NotTest.llvm.o.compile \
	  /usr/bin/clang -I/home/ed/mcsema-testing/SANDBOX/test-2015-12-21_15-36-50/SingleSource/UnitTests -I/home/ed/mcsema-testing/llvm-test-suite/SingleSource/UnitTests -I/home/ed/mcsema-testing/llvm-test-suite/include -I../../include -D_GNU_SOURCE -D__STDC_LIMIT_MACROS -DNDEBUG  -O3  -m64 -fomit-frame-pointer -c /home/ed/mcsema-testing/llvm-test-suite/SingleSource/UnitTests/2002-05-03-NotTest.c -o Output/2002-05-03-NotTest.llvm.o
cp Output/2002-05-03-NotTest.llvm.o.compile.time Output/2002-05-03-NotTest.simple.compile.time
/usr/bin/clang++ -o Output/2002-05-03-NotTest.simple Output/2002-05-03-NotTest.llvm.o -lstdc++   -m64 -fomit-frame-pointer
/home/ed/mcsema-testing/llvm-test-suite/RunSafely.sh -t "/home/ed/mcsema-testing/SANDBOX/test-2015-12-21_15-36-50/tools/timeit-target" 500 /dev/null Output/2002-05-03-NotTest.out-simple Output/2002-05-03-NotTest.simple 
cp Output/2002-05-03-NotTest.simple Output/2002-05-03-NotTest.simple-hash; \
	strip --remove-section=.comment --remove-section='.note*' Output/2002-05-03-NotTest.simple-hash; \
	/home/ed/mcsema-testing/llvm-test-suite/HashProgramOutput.sh Output/2002-05-03-NotTest.simple-hash
if [ -f "/home/ed/mcsema-testing/llvm-test-suite/SingleSource/UnitTests/2002-05-03-NotTest.reference_output.little-endian." ]; then \
	  cp /home/ed/mcsema-testing/llvm-test-suite/SingleSource/UnitTests/2002-05-03-NotTest.reference_output.little-endian. Output/2002-05-03-NotTest.out-nat; \
	elif [ -f "/home/ed/mcsema-testing/llvm-test-suite/SingleSource/UnitTests/2002-05-03-NotTest.reference_output." ]; then \
	  cp /home/ed/mcsema-testing/llvm-test-suite/SingleSource/UnitTests/2002-05-03-NotTest.reference_output. Output/2002-05-03-NotTest.out-nat; \
	elif [ -f "/home/ed/mcsema-testing/llvm-test-suite/SingleSource/UnitTests/2002-05-03-NotTest.reference_output.little-endian" ]; then \
	  cp /home/ed/mcsema-testing/llvm-test-suite/SingleSource/UnitTests/2002-05-03-NotTest.reference_output.little-endian Output/2002-05-03-NotTest.out-nat; \
	elif [ -f "/home/ed/mcsema-testing/llvm-test-suite/SingleSource/UnitTests/2002-05-03-NotTest.reference_output" ]; then \
	  cp /home/ed/mcsema-testing/llvm-test-suite/SingleSource/UnitTests/2002-05-03-NotTest.reference_output Output/2002-05-03-NotTest.out-nat; \
	else \
	  printf "WARNING: %s: %s\n" "NO REFERENCE OUTPUT (using default)" "/home/ed/mcsema-testing/llvm-test-suite/SingleSource/UnitTests/2002-05-03-NotTest.reference_output" > Output/2002-05-03-NotTest.out-nat; \
	  cp /home/ed/mcsema-testing/llvm-test-suite/default.reference_output Output/2002-05-03-NotTest.out-nat; \
	  cat Output/2002-05-03-NotTest.out-nat; \
	fi
# Pretend that the reference output was produced instantaneously.
cp /home/ed/mcsema-testing/llvm-test-suite/instant.txt Output/2002-05-03-NotTest.out-nat.time
/home/ed/mcsema-testing/llvm-test-suite/DiffOutput.sh "/home/ed/mcsema-testing/SANDBOX/test-2015-12-21_15-36-50/tools/fpcmp " simple 2002-05-03-NotTest 
rm -f Output/2002-05-03-NotTest.exe-simple
cp Output/2002-05-03-NotTest.diff-simple Output/2002-05-03-NotTest.exe-simple
if test -f Output/2002-05-03-NotTest.extra-results.txt; then \
	  /home/ed/mcsema-testing/llvm-test-suite/ParseMultipleResults /home/ed/mcsema-testing/SANDBOX/test-2015-12-21_15-36-50/SingleSource/UnitTests/2002-05-03-NotTest Output/2002-05-03-NotTest.extra-results.txt >> Output/2002-05-03-NotTest.simple.exec.report.txt; \
	fi
cat Output/2002-05-03-NotTest.simple.compile.report.txt Output/2002-05-03-NotTest.simple.exec.report.txt >> Output/2002-05-03-NotTest.simple.report.txt
---------------------------------------------------------------
>>> ========= '/home/ed/mcsema-testing/SANDBOX/test-2015-12-21_15-36-50/SingleSource/UnitTests/2002-05-03-NotTest' Program
---------------------------------------------------------------

TEST-PASS: compile /home/ed/mcsema-testing/SANDBOX/test-2015-12-21_15-36-50/SingleSource/UnitTests/2002-05-03-NotTest
TEST-RESULT-compile-success: pass
TEST-RESULT-compile-hash: 20506f35449a585fa1386eb2d2c74a27
TEST-RESULT-compile-time: user       0.0223
TEST-RESULT-compile-real-time: real       0.0354

TEST-PASS: exec /home/ed/mcsema-testing/SANDBOX/test-2015-12-21_15-36-50/SingleSource/UnitTests/2002-05-03-NotTest
TEST-RESULT-exec-success: pass
TEST-RESULT-exec-time: user       0.0008
TEST-RESULT-exec-real-time: real       0.0018
/home/ed/mcsema-testing/llvm-test-suite/RunSafely.sh --show-errors -t "/home/ed/mcsema-testing/SANDBOX/test-2015-12-21_15-36-50/tools/timeit" 500 /dev/null Output/2002-05-19-DivTest.llvm.o.compile \
	  /usr/bin/clang -I/home/ed/mcsema-testing/SANDBOX/test-2015-12-21_15-36-50/SingleSource/UnitTests -I/home/ed/mcsema-testing/llvm-test-suite/SingleSource/UnitTests -I/home/ed/mcsema-testing/llvm-test-suite/include -I../../include -D_GNU_SOURCE -D__STDC_LIMIT_MACROS -DNDEBUG  -O3  -m64 -fomit-frame-pointer -c /home/ed/mcsema-testing/llvm-test-suite/SingleSource/UnitTests/2002-05-19-DivTest.c -o Output/2002-05-19-DivTest.llvm.o
cp Output/2002-05-19-DivTest.llvm.o.compile.time Output/2002-05-19-DivTest.simple.compile.time
/usr/bin/clang++ -o Output/2002-05-19-DivTest.simple Output/2002-05-19-DivTest.llvm.o -lstdc++   -m64 -fomit-frame-pointer
/home/ed/mcsema-testing/llvm-test-suite/RunSafely.sh -t "/home/ed/mcsema-testing/SANDBOX/test-2015-12-21_15-36-50/tools/timeit-target" 500 /dev/null Output/2002-05-19-DivTest.out-simple Output/2002-05-19-DivTest.simple 
cp Output/2002-05-19-DivTest.simple Output/2002-05-19-DivTest.simple-hash; \
	strip --remove-section=.comment --remove-section='.note*' Output/2002-05-19-DivTest.simple-hash; \
	/home/ed/mcsema-testing/llvm-test-suite/HashProgramOutput.sh Output/2002-05-19-DivTest.simple-hash
if [ -f "/home/ed/mcsema-testing/llvm-test-suite/SingleSource/UnitTests/2002-05-19-DivTest.reference_output.little-endian." ]; then \
	  cp /home/ed/mcsema-testing/llvm-test-suite/SingleSource/UnitTests/2002-05-19-DivTest.reference_output.little-endian. Output/2002-05-19-DivTest.out-nat; \
	elif [ -f "/home/ed/mcsema-testing/llvm-test-suite/SingleSource/UnitTests/2002-05-19-DivTest.reference_output." ]; then \
	  cp /home/ed/mcsema-testing/llvm-test-suite/SingleSource/UnitTests/2002-05-19-DivTest.reference_output. Output/2002-05-19-DivTest.out-nat; \
	elif [ -f "/home/ed/mcsema-testing/llvm-test-suite/SingleSource/UnitTests/2002-05-19-DivTest.reference_output.little-endian" ]; then \
	  cp /home/ed/mcsema-testing/llvm-test-suite/SingleSource/UnitTests/2002-05-19-DivTest.reference_output.little-endian Output/2002-05-19-DivTest.out-nat; \
	elif [ -f "/home/ed/mcsema-testing/llvm-test-suite/SingleSource/UnitTests/2002-05-19-DivTest.reference_output" ]; then \
	  cp /home/ed/mcsema-testing/llvm-test-suite/SingleSource/UnitTests/2002-05-19-DivTest.reference_output Output/2002-05-19-DivTest.out-nat; \
	else \
	  printf "WARNING: %s: %s\n" "NO REFERENCE OUTPUT (using default)" "/home/ed/mcsema-testing/llvm-test-suite/SingleSource/UnitTests/2002-05-19-DivTest.reference_output" > Output/2002-05-19-DivTest.out-nat; \
	  cp /home/ed/mcsema-testing/llvm-test-suite/default.reference_output Output/2002-05-19-DivTest.out-nat; \
	  cat Output/2002-05-19-DivTest.out-nat; \
	fi
# Pretend that the reference output was produced instantaneously.
cp /home/ed/mcsema-testing/llvm-test-suite/instant.txt Output/2002-05-19-DivTest.out-nat.time
/home/ed/mcsema-testing/llvm-test-suite/DiffOutput.sh "/home/ed/mcsema-testing/SANDBOX/test-2015-12-21_15-36-50/tools/fpcmp " simple 2002-05-19-DivTest 
rm -f Output/2002-05-19-DivTest.exe-simple
cp Output/2002-05-19-DivTest.diff-simple Output/2002-05-19-DivTest.exe-simple
if test -f Output/2002-05-19-DivTest.extra-results.txt; then \
	  /home/ed/mcsema-testing/llvm-test-suite/ParseMultipleResults /home/ed/mcsema-testing/SANDBOX/test-2015-12-21_15-36-50/SingleSource/UnitTests/2002-05-19-DivTest Output/2002-05-19-DivTest.extra-results.txt >> Output/2002-05-19-DivTest.simple.exec.report.txt; \
	fi
cat Output/2002-05-19-DivTest.simple.compile.report.txt Output/2002-05-19-DivTest.simple.exec.report.txt >> Output/2002-05-19-DivTest.simple.report.txt
---------------------------------------------------------------
>>> ========= '/home/ed/mcsema-testing/SANDBOX/test-2015-12-21_15-36-50/SingleSource/UnitTests/2002-05-19-DivTest' Program
---------------------------------------------------------------

TEST-PASS: compile /home/ed/mcsema-testing/SANDBOX/test-2015-12-21_15-36-50/SingleSource/UnitTests/2002-05-19-DivTest
TEST-RESULT-compile-success: pass
TEST-RESULT-compile-hash: 3467415061217c8d7d61f83375986dd0
TEST-RESULT-compile-time: user       0.0200
TEST-RESULT-compile-real-time: real       0.0330

TEST-PASS: exec /home/ed/mcsema-testing/SANDBOX/test-2015-12-21_15-36-50/SingleSource/UnitTests/2002-05-19-DivTest
TEST-RESULT-exec-success: pass
TEST-RESULT-exec-time: user       0.0008
TEST-RESULT-exec-real-time: real       0.0016
/home/ed/mcsema-testing/llvm-test-suite/RunSafely.sh --show-errors -t "/home/ed/mcsema-testing/SANDBOX/test-2015-12-21_15-36-50/tools/timeit" 500 /dev/null Output/2002-08-02-CastTest2.llvm.o.compile \
	  /usr/bin/clang -I/home/ed/mcsema-testing/SANDBOX/test-2015-12-21_15-36-50/SingleSource/UnitTests -I/home/ed/mcsema-testing/llvm-test-suite/SingleSource/UnitTests -I/home/ed/mcsema-testing/llvm-test-suite/include -I../../include -D_GNU_SOURCE -D__STDC_LIMIT_MACROS -DNDEBUG  -O3  -m64 -fomit-frame-pointer -c /home/ed/mcsema-testing/llvm-test-suite/SingleSource/UnitTests/2002-08-02-CastTest2.c -o Output/2002-08-02-CastTest2.llvm.o
cp Output/2002-08-02-CastTest2.llvm.o.compile.time Output/2002-08-02-CastTest2.simple.compile.time
/usr/bin/clang++ -o Output/2002-08-02-CastTest2.simple Output/2002-08-02-CastTest2.llvm.o -lstdc++   -m64 -fomit-frame-pointer
/home/ed/mcsema-testing/llvm-test-suite/RunSafely.sh -t "/home/ed/mcsema-testing/SANDBOX/test-2015-12-21_15-36-50/tools/timeit-target" 500 /dev/null Output/2002-08-02-CastTest2.out-simple Output/2002-08-02-CastTest2.simple 
cp Output/2002-08-02-CastTest2.simple Output/2002-08-02-CastTest2.simple-hash; \
	strip --remove-section=.comment --remove-section='.note*' Output/2002-08-02-CastTest2.simple-hash; \
	/home/ed/mcsema-testing/llvm-test-suite/HashProgramOutput.sh Output/2002-08-02-CastTest2.simple-hash
if [ -f "/home/ed/mcsema-testing/llvm-test-suite/SingleSource/UnitTests/2002-08-02-CastTest2.reference_output.little-endian." ]; then \
	  cp /home/ed/mcsema-testing/llvm-test-suite/SingleSource/UnitTests/2002-08-02-CastTest2.reference_output.little-endian. Output/2002-08-02-CastTest2.out-nat; \
	elif [ -f "/home/ed/mcsema-testing/llvm-test-suite/SingleSource/UnitTests/2002-08-02-CastTest2.reference_output." ]; then \
	  cp /home/ed/mcsema-testing/llvm-test-suite/SingleSource/UnitTests/2002-08-02-CastTest2.reference_output. Output/2002-08-02-CastTest2.out-nat; \
	elif [ -f "/home/ed/mcsema-testing/llvm-test-suite/SingleSource/UnitTests/2002-08-02-CastTest2.reference_output.little-endian" ]; then \
	  cp /home/ed/mcsema-testing/llvm-test-suite/SingleSource/UnitTests/2002-08-02-CastTest2.reference_output.little-endian Output/2002-08-02-CastTest2.out-nat; \
	elif [ -f "/home/ed/mcsema-testing/llvm-test-suite/SingleSource/UnitTests/2002-08-02-CastTest2.reference_output" ]; then \
	  cp /home/ed/mcsema-testing/llvm-test-suite/SingleSource/UnitTests/2002-08-02-CastTest2.reference_output Output/2002-08-02-CastTest2.out-nat; \
	else \
	  printf "WARNING: %s: %s\n" "NO REFERENCE OUTPUT (using default)" "/home/ed/mcsema-testing/llvm-test-suite/SingleSource/UnitTests/2002-08-02-CastTest2.reference_output" > Output/2002-08-02-CastTest2.out-nat; \
	  cp /home/ed/mcsema-testing/llvm-test-suite/default.reference_output Output/2002-08-02-CastTest2.out-nat; \
	  cat Output/2002-08-02-CastTest2.out-nat; \
	fi
# Pretend that the reference output was produced instantaneously.
cp /home/ed/mcsema-testing/llvm-test-suite/instant.txt Output/2002-08-02-CastTest2.out-nat.time
/home/ed/mcsema-testing/llvm-test-suite/DiffOutput.sh "/home/ed/mcsema-testing/SANDBOX/test-2015-12-21_15-36-50/tools/fpcmp " simple 2002-08-02-CastTest2 
rm -f Output/2002-08-02-CastTest2.exe-simple
cp Output/2002-08-02-CastTest2.diff-simple Output/2002-08-02-CastTest2.exe-simple
if test -f Output/2002-08-02-CastTest2.extra-results.txt; then \
	  /home/ed/mcsema-testing/llvm-test-suite/ParseMultipleResults /home/ed/mcsema-testing/SANDBOX/test-2015-12-21_15-36-50/SingleSource/UnitTests/2002-08-02-CastTest2 Output/2002-08-02-CastTest2.extra-results.txt >> Output/2002-08-02-CastTest2.simple.exec.report.txt; \
	fi
cat Output/2002-08-02-CastTest2.simple.compile.report.txt Output/2002-08-02-CastTest2.simple.exec.report.txt >> Output/2002-08-02-CastTest2.simple.report.txt
---------------------------------------------------------------
>>> ========= '/home/ed/mcsema-testing/SANDBOX/test-2015-12-21_15-36-50/SingleSource/UnitTests/2002-08-02-CastTest2' Program
---------------------------------------------------------------

TEST-PASS: compile /home/ed/mcsema-testing/SANDBOX/test-2015-12-21_15-36-50/SingleSource/UnitTests/2002-08-02-CastTest2
TEST-RESULT-compile-success: pass
TEST-RESULT-compile-hash: 8d1459bd67bd10559977af78d1d2321a
TEST-RESULT-compile-time: user       0.0166
TEST-RESULT-compile-real-time: real       0.0285

TEST-PASS: exec /home/ed/mcsema-testing/SANDBOX/test-2015-12-21_15-36-50/SingleSource/UnitTests/2002-08-02-CastTest2
TEST-RESULT-exec-success: pass
TEST-RESULT-exec-time: user       0.0009
TEST-RESULT-exec-real-time: real       0.0020
/home/ed/mcsema-testing/llvm-test-suite/RunSafely.sh --show-errors -t "/home/ed/mcsema-testing/SANDBOX/test-2015-12-21_15-36-50/tools/timeit" 500 /dev/null Output/2002-08-02-CastTest.llvm.o.compile \
	  /usr/bin/clang -I/home/ed/mcsema-testing/SANDBOX/test-2015-12-21_15-36-50/SingleSource/UnitTests -I/home/ed/mcsema-testing/llvm-test-suite/SingleSource/UnitTests -I/home/ed/mcsema-testing/llvm-test-suite/include -I../../include -D_GNU_SOURCE -D__STDC_LIMIT_MACROS -DNDEBUG  -O3  -m64 -fomit-frame-pointer -c /home/ed/mcsema-testing/llvm-test-suite/SingleSource/UnitTests/2002-08-02-CastTest.c -o Output/2002-08-02-CastTest.llvm.o
cp Output/2002-08-02-CastTest.llvm.o.compile.time Output/2002-08-02-CastTest.simple.compile.time
/usr/bin/clang++ -o Output/2002-08-02-CastTest.simple Output/2002-08-02-CastTest.llvm.o -lstdc++   -m64 -fomit-frame-pointer
/home/ed/mcsema-testing/llvm-test-suite/RunSafely.sh -t "/home/ed/mcsema-testing/SANDBOX/test-2015-12-21_15-36-50/tools/timeit-target" 500 /dev/null Output/2002-08-02-CastTest.out-simple Output/2002-08-02-CastTest.simple 
cp Output/2002-08-02-CastTest.simple Output/2002-08-02-CastTest.simple-hash; \
	strip --remove-section=.comment --remove-section='.note*' Output/2002-08-02-CastTest.simple-hash; \
	/home/ed/mcsema-testing/llvm-test-suite/HashProgramOutput.sh Output/2002-08-02-CastTest.simple-hash
if [ -f "/home/ed/mcsema-testing/llvm-test-suite/SingleSource/UnitTests/2002-08-02-CastTest.reference_output.little-endian." ]; then \
	  cp /home/ed/mcsema-testing/llvm-test-suite/SingleSource/UnitTests/2002-08-02-CastTest.reference_output.little-endian. Output/2002-08-02-CastTest.out-nat; \
	elif [ -f "/home/ed/mcsema-testing/llvm-test-suite/SingleSource/UnitTests/2002-08-02-CastTest.reference_output." ]; then \
	  cp /home/ed/mcsema-testing/llvm-test-suite/SingleSource/UnitTests/2002-08-02-CastTest.reference_output. Output/2002-08-02-CastTest.out-nat; \
	elif [ -f "/home/ed/mcsema-testing/llvm-test-suite/SingleSource/UnitTests/2002-08-02-CastTest.reference_output.little-endian" ]; then \
	  cp /home/ed/mcsema-testing/llvm-test-suite/SingleSource/UnitTests/2002-08-02-CastTest.reference_output.little-endian Output/2002-08-02-CastTest.out-nat; \
	elif [ -f "/home/ed/mcsema-testing/llvm-test-suite/SingleSource/UnitTests/2002-08-02-CastTest.reference_output" ]; then \
	  cp /home/ed/mcsema-testing/llvm-test-suite/SingleSource/UnitTests/2002-08-02-CastTest.reference_output Output/2002-08-02-CastTest.out-nat; \
	else \
	  printf "WARNING: %s: %s\n" "NO REFERENCE OUTPUT (using default)" "/home/ed/mcsema-testing/llvm-test-suite/SingleSource/UnitTests/2002-08-02-CastTest.reference_output" > Output/2002-08-02-CastTest.out-nat; \
	  cp /home/ed/mcsema-testing/llvm-test-suite/default.reference_output Output/2002-08-02-CastTest.out-nat; \
	  cat Output/2002-08-02-CastTest.out-nat; \
	fi
# Pretend that the reference output was produced instantaneously.
cp /home/ed/mcsema-testing/llvm-test-suite/instant.txt Output/2002-08-02-CastTest.out-nat.time
/home/ed/mcsema-testing/llvm-test-suite/DiffOutput.sh "/home/ed/mcsema-testing/SANDBOX/test-2015-12-21_15-36-50/tools/fpcmp " simple 2002-08-02-CastTest 
rm -f Output/2002-08-02-CastTest.exe-simple
cp Output/2002-08-02-CastTest.diff-simple Output/2002-08-02-CastTest.exe-simple
if test -f Output/2002-08-02-CastTest.extra-results.txt; then \
	  /home/ed/mcsema-testing/llvm-test-suite/ParseMultipleResults /home/ed/mcsema-testing/SANDBOX/test-2015-12-21_15-36-50/SingleSource/UnitTests/2002-08-02-CastTest Output/2002-08-02-CastTest.extra-results.txt >> Output/2002-08-02-CastTest.simple.exec.report.txt; \
	fi
cat Output/2002-08-02-CastTest.simple.compile.report.txt Output/2002-08-02-CastTest.simple.exec.report.txt >> Output/2002-08-02-CastTest.simple.report.txt
---------------------------------------------------------------
>>> ========= '/home/ed/mcsema-testing/SANDBOX/test-2015-12-21_15-36-50/SingleSource/UnitTests/2002-08-02-CastTest' Program
---------------------------------------------------------------

TEST-PASS: compile /home/ed/mcsema-testing/SANDBOX/test-2015-12-21_15-36-50/SingleSource/UnitTests/2002-08-02-CastTest
TEST-RESULT-compile-success: pass
TEST-RESULT-compile-hash: 5384adc317e82fe8cdf6bed85511b137
TEST-RESULT-compile-time: user       0.0208
TEST-RESULT-compile-real-time: real       0.0339

TEST-PASS: exec /home/ed/mcsema-testing/SANDBOX/test-2015-12-21_15-36-50/SingleSource/UnitTests/2002-08-02-CastTest
TEST-RESULT-exec-success: pass
TEST-RESULT-exec-time: user       0.0009
TEST-RESULT-exec-real-time: real       0.0018
/home/ed/mcsema-testing/llvm-test-suite/RunSafely.sh --show-errors -t "/home/ed/mcsema-testing/SANDBOX/test-2015-12-21_15-36-50/tools/timeit" 500 /dev/null Output/2002-08-19-CodegenBug.llvm.o.compile \
	  /usr/bin/clang -I/home/ed/mcsema-testing/SANDBOX/test-2015-12-21_15-36-50/SingleSource/UnitTests -I/home/ed/mcsema-testing/llvm-test-suite/SingleSource/UnitTests -I/home/ed/mcsema-testing/llvm-test-suite/include -I../../include -D_GNU_SOURCE -D__STDC_LIMIT_MACROS -DNDEBUG  -O3  -m64 -fomit-frame-pointer -c /home/ed/mcsema-testing/llvm-test-suite/SingleSource/UnitTests/2002-08-19-CodegenBug.c -o Output/2002-08-19-CodegenBug.llvm.o
cp Output/2002-08-19-CodegenBug.llvm.o.compile.time Output/2002-08-19-CodegenBug.simple.compile.time
/usr/bin/clang++ -o Output/2002-08-19-CodegenBug.simple Output/2002-08-19-CodegenBug.llvm.o -lstdc++   -m64 -fomit-frame-pointer
/home/ed/mcsema-testing/llvm-test-suite/RunSafely.sh -t "/home/ed/mcsema-testing/SANDBOX/test-2015-12-21_15-36-50/tools/timeit-target" 500 /dev/null Output/2002-08-19-CodegenBug.out-simple Output/2002-08-19-CodegenBug.simple 
cp Output/2002-08-19-CodegenBug.simple Output/2002-08-19-CodegenBug.simple-hash; \
	strip --remove-section=.comment --remove-section='.note*' Output/2002-08-19-CodegenBug.simple-hash; \
	/home/ed/mcsema-testing/llvm-test-suite/HashProgramOutput.sh Output/2002-08-19-CodegenBug.simple-hash
if [ -f "/home/ed/mcsema-testing/llvm-test-suite/SingleSource/UnitTests/2002-08-19-CodegenBug.reference_output.little-endian." ]; then \
	  cp /home/ed/mcsema-testing/llvm-test-suite/SingleSource/UnitTests/2002-08-19-CodegenBug.reference_output.little-endian. Output/2002-08-19-CodegenBug.out-nat; \
	elif [ -f "/home/ed/mcsema-testing/llvm-test-suite/SingleSource/UnitTests/2002-08-19-CodegenBug.reference_output." ]; then \
	  cp /home/ed/mcsema-testing/llvm-test-suite/SingleSource/UnitTests/2002-08-19-CodegenBug.reference_output. Output/2002-08-19-CodegenBug.out-nat; \
	elif [ -f "/home/ed/mcsema-testing/llvm-test-suite/SingleSource/UnitTests/2002-08-19-CodegenBug.reference_output.little-endian" ]; then \
	  cp /home/ed/mcsema-testing/llvm-test-suite/SingleSource/UnitTests/2002-08-19-CodegenBug.reference_output.little-endian Output/2002-08-19-CodegenBug.out-nat; \
	elif [ -f "/home/ed/mcsema-testing/llvm-test-suite/SingleSource/UnitTests/2002-08-19-CodegenBug.reference_output" ]; then \
	  cp /home/ed/mcsema-testing/llvm-test-suite/SingleSource/UnitTests/2002-08-19-CodegenBug.reference_output Output/2002-08-19-CodegenBug.out-nat; \
	else \
	  printf "WARNING: %s: %s\n" "NO REFERENCE OUTPUT (using default)" "/home/ed/mcsema-testing/llvm-test-suite/SingleSource/UnitTests/2002-08-19-CodegenBug.reference_output" > Output/2002-08-19-CodegenBug.out-nat; \
	  cp /home/ed/mcsema-testing/llvm-test-suite/default.reference_output Output/2002-08-19-CodegenBug.out-nat; \
	  cat Output/2002-08-19-CodegenBug.out-nat; \
	fi
# Pretend that the reference output was produced instantaneously.
cp /home/ed/mcsema-testing/llvm-test-suite/instant.txt Output/2002-08-19-CodegenBug.out-nat.time
/home/ed/mcsema-testing/llvm-test-suite/DiffOutput.sh "/home/ed/mcsema-testing/SANDBOX/test-2015-12-21_15-36-50/tools/fpcmp " simple 2002-08-19-CodegenBug 
rm -f Output/2002-08-19-CodegenBug.exe-simple
cp Output/2002-08-19-CodegenBug.diff-simple Output/2002-08-19-CodegenBug.exe-simple
if test -f Output/2002-08-19-CodegenBug.extra-results.txt; then \
	  /home/ed/mcsema-testing/llvm-test-suite/ParseMultipleResults /home/ed/mcsema-testing/SANDBOX/test-2015-12-21_15-36-50/SingleSource/UnitTests/2002-08-19-CodegenBug Output/2002-08-19-CodegenBug.extra-results.txt >> Output/2002-08-19-CodegenBug.simple.exec.report.txt; \
	fi
cat Output/2002-08-19-CodegenBug.simple.compile.report.txt Output/2002-08-19-CodegenBug.simple.exec.report.txt >> Output/2002-08-19-CodegenBug.simple.report.txt
---------------------------------------------------------------
>>> ========= '/home/ed/mcsema-testing/SANDBOX/test-2015-12-21_15-36-50/SingleSource/UnitTests/2002-08-19-CodegenBug' Program
---------------------------------------------------------------

TEST-PASS: compile /home/ed/mcsema-testing/SANDBOX/test-2015-12-21_15-36-50/SingleSource/UnitTests/2002-08-19-CodegenBug
TEST-RESULT-compile-success: pass
TEST-RESULT-compile-hash: 7afcb9638b6f5f7b619bd66c79d63740
TEST-RESULT-compile-time: user       0.0249
TEST-RESULT-compile-real-time: real       0.0387

TEST-PASS: exec /home/ed/mcsema-testing/SANDBOX/test-2015-12-21_15-36-50/SingleSource/UnitTests/2002-08-19-CodegenBug
TEST-RESULT-exec-success: pass
TEST-RESULT-exec-time: user       0.0009
TEST-RESULT-exec-real-time: real       0.0017
/home/ed/mcsema-testing/llvm-test-suite/RunSafely.sh --show-errors -t "/home/ed/mcsema-testing/SANDBOX/test-2015-12-21_15-36-50/tools/timeit" 500 /dev/null Output/2002-10-09-ArrayResolution.llvm.o.compile \
	  /usr/bin/clang -I/home/ed/mcsema-testing/SANDBOX/test-2015-12-21_15-36-50/SingleSource/UnitTests -I/home/ed/mcsema-testing/llvm-test-suite/SingleSource/UnitTests -I/home/ed/mcsema-testing/llvm-test-suite/include -I../../include -D_GNU_SOURCE -D__STDC_LIMIT_MACROS -DNDEBUG  -O3  -m64 -fomit-frame-pointer -c /home/ed/mcsema-testing/llvm-test-suite/SingleSource/UnitTests/2002-10-09-ArrayResolution.c -o Output/2002-10-09-ArrayResolution.llvm.o
cp Output/2002-10-09-ArrayResolution.llvm.o.compile.time Output/2002-10-09-ArrayResolution.simple.compile.time
/usr/bin/clang++ -o Output/2002-10-09-ArrayResolution.simple Output/2002-10-09-ArrayResolution.llvm.o -lstdc++   -m64 -fomit-frame-pointer
/home/ed/mcsema-testing/llvm-test-suite/RunSafely.sh -t "/home/ed/mcsema-testing/SANDBOX/test-2015-12-21_15-36-50/tools/timeit-target" 500 /dev/null Output/2002-10-09-ArrayResolution.out-simple Output/2002-10-09-ArrayResolution.simple 
cp Output/2002-10-09-ArrayResolution.simple Output/2002-10-09-ArrayResolution.simple-hash; \
	strip --remove-section=.comment --remove-section='.note*' Output/2002-10-09-ArrayResolution.simple-hash; \
	/home/ed/mcsema-testing/llvm-test-suite/HashProgramOutput.sh Output/2002-10-09-ArrayResolution.simple-hash
if [ -f "/home/ed/mcsema-testing/llvm-test-suite/SingleSource/UnitTests/2002-10-09-ArrayResolution.reference_output.little-endian." ]; then \
	  cp /home/ed/mcsema-testing/llvm-test-suite/SingleSource/UnitTests/2002-10-09-ArrayResolution.reference_output.little-endian. Output/2002-10-09-ArrayResolution.out-nat; \
	elif [ -f "/home/ed/mcsema-testing/llvm-test-suite/SingleSource/UnitTests/2002-10-09-ArrayResolution.reference_output." ]; then \
	  cp /home/ed/mcsema-testing/llvm-test-suite/SingleSource/UnitTests/2002-10-09-ArrayResolution.reference_output. Output/2002-10-09-ArrayResolution.out-nat; \
	elif [ -f "/home/ed/mcsema-testing/llvm-test-suite/SingleSource/UnitTests/2002-10-09-ArrayResolution.reference_output.little-endian" ]; then \
	  cp /home/ed/mcsema-testing/llvm-test-suite/SingleSource/UnitTests/2002-10-09-ArrayResolution.reference_output.little-endian Output/2002-10-09-ArrayResolution.out-nat; \
	elif [ -f "/home/ed/mcsema-testing/llvm-test-suite/SingleSource/UnitTests/2002-10-09-ArrayResolution.reference_output" ]; then \
	  cp /home/ed/mcsema-testing/llvm-test-suite/SingleSource/UnitTests/2002-10-09-ArrayResolution.reference_output Output/2002-10-09-ArrayResolution.out-nat; \
	else \
	  printf "WARNING: %s: %s\n" "NO REFERENCE OUTPUT (using default)" "/home/ed/mcsema-testing/llvm-test-suite/SingleSource/UnitTests/2002-10-09-ArrayResolution.reference_output" > Output/2002-10-09-ArrayResolution.out-nat; \
	  cp /home/ed/mcsema-testing/llvm-test-suite/default.reference_output Output/2002-10-09-ArrayResolution.out-nat; \
	  cat Output/2002-10-09-ArrayResolution.out-nat; \
	fi
# Pretend that the reference output was produced instantaneously.
cp /home/ed/mcsema-testing/llvm-test-suite/instant.txt Output/2002-10-09-ArrayResolution.out-nat.time
/home/ed/mcsema-testing/llvm-test-suite/DiffOutput.sh "/home/ed/mcsema-testing/SANDBOX/test-2015-12-21_15-36-50/tools/fpcmp " simple 2002-10-09-ArrayResolution 
rm -f Output/2002-10-09-ArrayResolution.exe-simple
cp Output/2002-10-09-ArrayResolution.diff-simple Output/2002-10-09-ArrayResolution.exe-simple
if test -f Output/2002-10-09-ArrayResolution.extra-results.txt; then \
	  /home/ed/mcsema-testing/llvm-test-suite/ParseMultipleResults /home/ed/mcsema-testing/SANDBOX/test-2015-12-21_15-36-50/SingleSource/UnitTests/2002-10-09-ArrayResolution Output/2002-10-09-ArrayResolution.extra-results.txt >> Output/2002-10-09-ArrayResolution.simple.exec.report.txt; \
	fi
cat Output/2002-10-09-ArrayResolution.simple.compile.report.txt Output/2002-10-09-ArrayResolution.simple.exec.report.txt >> Output/2002-10-09-ArrayResolution.simple.report.txt
---------------------------------------------------------------
>>> ========= '/home/ed/mcsema-testing/SANDBOX/test-2015-12-21_15-36-50/SingleSource/UnitTests/2002-10-09-ArrayResolution' Program
---------------------------------------------------------------

TEST-PASS: compile /home/ed/mcsema-testing/SANDBOX/test-2015-12-21_15-36-50/SingleSource/UnitTests/2002-10-09-ArrayResolution
TEST-RESULT-compile-success: pass
TEST-RESULT-compile-hash: cf8ca91304a76da11c0bd97ee0f69529
TEST-RESULT-compile-time: user       0.0224
TEST-RESULT-compile-real-time: real       0.0359

TEST-PASS: exec /home/ed/mcsema-testing/SANDBOX/test-2015-12-21_15-36-50/SingleSource/UnitTests/2002-10-09-ArrayResolution
TEST-RESULT-exec-success: pass
TEST-RESULT-exec-time: user       0.0008
TEST-RESULT-exec-real-time: real       0.0017
/home/ed/mcsema-testing/llvm-test-suite/RunSafely.sh --show-errors -t "/home/ed/mcsema-testing/SANDBOX/test-2015-12-21_15-36-50/tools/timeit" 500 /dev/null Output/2002-10-12-StructureArgs.llvm.o.compile \
	  /usr/bin/clang -I/home/ed/mcsema-testing/SANDBOX/test-2015-12-21_15-36-50/SingleSource/UnitTests -I/home/ed/mcsema-testing/llvm-test-suite/SingleSource/UnitTests -I/home/ed/mcsema-testing/llvm-test-suite/include -I../../include -D_GNU_SOURCE -D__STDC_LIMIT_MACROS -DNDEBUG  -O3  -m64 -fomit-frame-pointer -c /home/ed/mcsema-testing/llvm-test-suite/SingleSource/UnitTests/2002-10-12-StructureArgs.c -o Output/2002-10-12-StructureArgs.llvm.o
cp Output/2002-10-12-StructureArgs.llvm.o.compile.time Output/2002-10-12-StructureArgs.simple.compile.time
/usr/bin/clang++ -o Output/2002-10-12-StructureArgs.simple Output/2002-10-12-StructureArgs.llvm.o -lstdc++   -m64 -fomit-frame-pointer
/home/ed/mcsema-testing/llvm-test-suite/RunSafely.sh -t "/home/ed/mcsema-testing/SANDBOX/test-2015-12-21_15-36-50/tools/timeit-target" 500 /dev/null Output/2002-10-12-StructureArgs.out-simple Output/2002-10-12-StructureArgs.simple 
cp Output/2002-10-12-StructureArgs.simple Output/2002-10-12-StructureArgs.simple-hash; \
	strip --remove-section=.comment --remove-section='.note*' Output/2002-10-12-StructureArgs.simple-hash; \
	/home/ed/mcsema-testing/llvm-test-suite/HashProgramOutput.sh Output/2002-10-12-StructureArgs.simple-hash
if [ -f "/home/ed/mcsema-testing/llvm-test-suite/SingleSource/UnitTests/2002-10-12-StructureArgs.reference_output.little-endian." ]; then \
	  cp /home/ed/mcsema-testing/llvm-test-suite/SingleSource/UnitTests/2002-10-12-StructureArgs.reference_output.little-endian. Output/2002-10-12-StructureArgs.out-nat; \
	elif [ -f "/home/ed/mcsema-testing/llvm-test-suite/SingleSource/UnitTests/2002-10-12-StructureArgs.reference_output." ]; then \
	  cp /home/ed/mcsema-testing/llvm-test-suite/SingleSource/UnitTests/2002-10-12-StructureArgs.reference_output. Output/2002-10-12-StructureArgs.out-nat; \
	elif [ -f "/home/ed/mcsema-testing/llvm-test-suite/SingleSource/UnitTests/2002-10-12-StructureArgs.reference_output.little-endian" ]; then \
	  cp /home/ed/mcsema-testing/llvm-test-suite/SingleSource/UnitTests/2002-10-12-StructureArgs.reference_output.little-endian Output/2002-10-12-StructureArgs.out-nat; \
	elif [ -f "/home/ed/mcsema-testing/llvm-test-suite/SingleSource/UnitTests/2002-10-12-StructureArgs.reference_output" ]; then \
	  cp /home/ed/mcsema-testing/llvm-test-suite/SingleSource/UnitTests/2002-10-12-StructureArgs.reference_output Output/2002-10-12-StructureArgs.out-nat; \
	else \
	  printf "WARNING: %s: %s\n" "NO REFERENCE OUTPUT (using default)" "/home/ed/mcsema-testing/llvm-test-suite/SingleSource/UnitTests/2002-10-12-StructureArgs.reference_output" > Output/2002-10-12-StructureArgs.out-nat; \
	  cp /home/ed/mcsema-testing/llvm-test-suite/default.reference_output Output/2002-10-12-StructureArgs.out-nat; \
	  cat Output/2002-10-12-StructureArgs.out-nat; \
	fi
# Pretend that the reference output was produced instantaneously.
cp /home/ed/mcsema-testing/llvm-test-suite/instant.txt Output/2002-10-12-StructureArgs.out-nat.time
/home/ed/mcsema-testing/llvm-test-suite/DiffOutput.sh "/home/ed/mcsema-testing/SANDBOX/test-2015-12-21_15-36-50/tools/fpcmp " simple 2002-10-12-StructureArgs 
rm -f Output/2002-10-12-StructureArgs.exe-simple
cp Output/2002-10-12-StructureArgs.diff-simple Output/2002-10-12-StructureArgs.exe-simple
if test -f Output/2002-10-12-StructureArgs.extra-results.txt; then \
	  /home/ed/mcsema-testing/llvm-test-suite/ParseMultipleResults /home/ed/mcsema-testing/SANDBOX/test-2015-12-21_15-36-50/SingleSource/UnitTests/2002-10-12-StructureArgs Output/2002-10-12-StructureArgs.extra-results.txt >> Output/2002-10-12-StructureArgs.simple.exec.report.txt; \
	fi
cat Output/2002-10-12-StructureArgs.simple.compile.report.txt Output/2002-10-12-StructureArgs.simple.exec.report.txt >> Output/2002-10-12-StructureArgs.simple.report.txt
---------------------------------------------------------------
>>> ========= '/home/ed/mcsema-testing/SANDBOX/test-2015-12-21_15-36-50/SingleSource/UnitTests/2002-10-12-StructureArgs' Program
---------------------------------------------------------------

TEST-PASS: compile /home/ed/mcsema-testing/SANDBOX/test-2015-12-21_15-36-50/SingleSource/UnitTests/2002-10-12-StructureArgs
TEST-RESULT-compile-success: pass
TEST-RESULT-compile-hash: 40c909eb3cfc870035c8606a3f4be0f9
TEST-RESULT-compile-time: user       0.0218
TEST-RESULT-compile-real-time: real       0.0357

TEST-PASS: exec /home/ed/mcsema-testing/SANDBOX/test-2015-12-21_15-36-50/SingleSource/UnitTests/2002-10-12-StructureArgs
TEST-RESULT-exec-success: pass
TEST-RESULT-exec-time: user       0.0008
TEST-RESULT-exec-real-time: real       0.0021
/home/ed/mcsema-testing/llvm-test-suite/RunSafely.sh --show-errors -t "/home/ed/mcsema-testing/SANDBOX/test-2015-12-21_15-36-50/tools/timeit" 500 /dev/null Output/2002-10-12-StructureArgsSimple.llvm.o.compile \
	  /usr/bin/clang -I/home/ed/mcsema-testing/SANDBOX/test-2015-12-21_15-36-50/SingleSource/UnitTests -I/home/ed/mcsema-testing/llvm-test-suite/SingleSource/UnitTests -I/home/ed/mcsema-testing/llvm-test-suite/include -I../../include -D_GNU_SOURCE -D__STDC_LIMIT_MACROS -DNDEBUG  -O3  -m64 -fomit-frame-pointer -c /home/ed/mcsema-testing/llvm-test-suite/SingleSource/UnitTests/2002-10-12-StructureArgsSimple.c -o Output/2002-10-12-StructureArgsSimple.llvm.o
cp Output/2002-10-12-StructureArgsSimple.llvm.o.compile.time Output/2002-10-12-StructureArgsSimple.simple.compile.time
/usr/bin/clang++ -o Output/2002-10-12-StructureArgsSimple.simple Output/2002-10-12-StructureArgsSimple.llvm.o -lstdc++   -m64 -fomit-frame-pointer
/home/ed/mcsema-testing/llvm-test-suite/RunSafely.sh -t "/home/ed/mcsema-testing/SANDBOX/test-2015-12-21_15-36-50/tools/timeit-target" 500 /dev/null Output/2002-10-12-StructureArgsSimple.out-simple Output/2002-10-12-StructureArgsSimple.simple 
cp Output/2002-10-12-StructureArgsSimple.simple Output/2002-10-12-StructureArgsSimple.simple-hash; \
	strip --remove-section=.comment --remove-section='.note*' Output/2002-10-12-StructureArgsSimple.simple-hash; \
	/home/ed/mcsema-testing/llvm-test-suite/HashProgramOutput.sh Output/2002-10-12-StructureArgsSimple.simple-hash
if [ -f "/home/ed/mcsema-testing/llvm-test-suite/SingleSource/UnitTests/2002-10-12-StructureArgsSimple.reference_output.little-endian." ]; then \
	  cp /home/ed/mcsema-testing/llvm-test-suite/SingleSource/UnitTests/2002-10-12-StructureArgsSimple.reference_output.little-endian. Output/2002-10-12-StructureArgsSimple.out-nat; \
	elif [ -f "/home/ed/mcsema-testing/llvm-test-suite/SingleSource/UnitTests/2002-10-12-StructureArgsSimple.reference_output." ]; then \
	  cp /home/ed/mcsema-testing/llvm-test-suite/SingleSource/UnitTests/2002-10-12-StructureArgsSimple.reference_output. Output/2002-10-12-StructureArgsSimple.out-nat; \
	elif [ -f "/home/ed/mcsema-testing/llvm-test-suite/SingleSource/UnitTests/2002-10-12-StructureArgsSimple.reference_output.little-endian" ]; then \
	  cp /home/ed/mcsema-testing/llvm-test-suite/SingleSource/UnitTests/2002-10-12-StructureArgsSimple.reference_output.little-endian Output/2002-10-12-StructureArgsSimple.out-nat; \
	elif [ -f "/home/ed/mcsema-testing/llvm-test-suite/SingleSource/UnitTests/2002-10-12-StructureArgsSimple.reference_output" ]; then \
	  cp /home/ed/mcsema-testing/llvm-test-suite/SingleSource/UnitTests/2002-10-12-StructureArgsSimple.reference_output Output/2002-10-12-StructureArgsSimple.out-nat; \
	else \
	  printf "WARNING: %s: %s\n" "NO REFERENCE OUTPUT (using default)" "/home/ed/mcsema-testing/llvm-test-suite/SingleSource/UnitTests/2002-10-12-StructureArgsSimple.reference_output" > Output/2002-10-12-StructureArgsSimple.out-nat; \
	  cp /home/ed/mcsema-testing/llvm-test-suite/default.reference_output Output/2002-10-12-StructureArgsSimple.out-nat; \
	  cat Output/2002-10-12-StructureArgsSimple.out-nat; \
	fi
# Pretend that the reference output was produced instantaneously.
cp /home/ed/mcsema-testing/llvm-test-suite/instant.txt Output/2002-10-12-StructureArgsSimple.out-nat.time
/home/ed/mcsema-testing/llvm-test-suite/DiffOutput.sh "/home/ed/mcsema-testing/SANDBOX/test-2015-12-21_15-36-50/tools/fpcmp " simple 2002-10-12-StructureArgsSimple 
rm -f Output/2002-10-12-StructureArgsSimple.exe-simple
cp Output/2002-10-12-StructureArgsSimple.diff-simple Output/2002-10-12-StructureArgsSimple.exe-simple
if test -f Output/2002-10-12-StructureArgsSimple.extra-results.txt; then \
	  /home/ed/mcsema-testing/llvm-test-suite/ParseMultipleResults /home/ed/mcsema-testing/SANDBOX/test-2015-12-21_15-36-50/SingleSource/UnitTests/2002-10-12-StructureArgsSimple Output/2002-10-12-StructureArgsSimple.extra-results.txt >> Output/2002-10-12-StructureArgsSimple.simple.exec.report.txt; \
	fi
cat Output/2002-10-12-StructureArgsSimple.simple.compile.report.txt Output/2002-10-12-StructureArgsSimple.simple.exec.report.txt >> Output/2002-10-12-StructureArgsSimple.simple.report.txt
---------------------------------------------------------------
>>> ========= '/home/ed/mcsema-testing/SANDBOX/test-2015-12-21_15-36-50/SingleSource/UnitTests/2002-10-12-StructureArgsSimple' Program
---------------------------------------------------------------

TEST-PASS: compile /home/ed/mcsema-testing/SANDBOX/test-2015-12-21_15-36-50/SingleSource/UnitTests/2002-10-12-StructureArgsSimple
TEST-RESULT-compile-success: pass
TEST-RESULT-compile-hash: 29a2a7e87bf86e8752236db462dbd3e6
TEST-RESULT-compile-time: user       0.0210
TEST-RESULT-compile-real-time: real       0.0348

TEST-PASS: exec /home/ed/mcsema-testing/SANDBOX/test-2015-12-21_15-36-50/SingleSource/UnitTests/2002-10-12-StructureArgsSimple
TEST-RESULT-exec-success: pass
TEST-RESULT-exec-time: user       0.0009
TEST-RESULT-exec-real-time: real       0.0018
/home/ed/mcsema-testing/llvm-test-suite/RunSafely.sh --show-errors -t "/home/ed/mcsema-testing/SANDBOX/test-2015-12-21_15-36-50/tools/timeit" 500 /dev/null Output/2002-10-13-BadLoad.llvm.o.compile \
	  /usr/bin/clang -I/home/ed/mcsema-testing/SANDBOX/test-2015-12-21_15-36-50/SingleSource/UnitTests -I/home/ed/mcsema-testing/llvm-test-suite/SingleSource/UnitTests -I/home/ed/mcsema-testing/llvm-test-suite/include -I../../include -D_GNU_SOURCE -D__STDC_LIMIT_MACROS -DNDEBUG  -O3  -m64 -fomit-frame-pointer -c /home/ed/mcsema-testing/llvm-test-suite/SingleSource/UnitTests/2002-10-13-BadLoad.c -o Output/2002-10-13-BadLoad.llvm.o
cp Output/2002-10-13-BadLoad.llvm.o.compile.time Output/2002-10-13-BadLoad.simple.compile.time
/usr/bin/clang++ -o Output/2002-10-13-BadLoad.simple Output/2002-10-13-BadLoad.llvm.o -lstdc++   -m64 -fomit-frame-pointer
/home/ed/mcsema-testing/llvm-test-suite/RunSafely.sh -t "/home/ed/mcsema-testing/SANDBOX/test-2015-12-21_15-36-50/tools/timeit-target" 500 /dev/null Output/2002-10-13-BadLoad.out-simple Output/2002-10-13-BadLoad.simple 
cp Output/2002-10-13-BadLoad.simple Output/2002-10-13-BadLoad.simple-hash; \
	strip --remove-section=.comment --remove-section='.note*' Output/2002-10-13-BadLoad.simple-hash; \
	/home/ed/mcsema-testing/llvm-test-suite/HashProgramOutput.sh Output/2002-10-13-BadLoad.simple-hash
if [ -f "/home/ed/mcsema-testing/llvm-test-suite/SingleSource/UnitTests/2002-10-13-BadLoad.reference_output.little-endian." ]; then \
	  cp /home/ed/mcsema-testing/llvm-test-suite/SingleSource/UnitTests/2002-10-13-BadLoad.reference_output.little-endian. Output/2002-10-13-BadLoad.out-nat; \
	elif [ -f "/home/ed/mcsema-testing/llvm-test-suite/SingleSource/UnitTests/2002-10-13-BadLoad.reference_output." ]; then \
	  cp /home/ed/mcsema-testing/llvm-test-suite/SingleSource/UnitTests/2002-10-13-BadLoad.reference_output. Output/2002-10-13-BadLoad.out-nat; \
	elif [ -f "/home/ed/mcsema-testing/llvm-test-suite/SingleSource/UnitTests/2002-10-13-BadLoad.reference_output.little-endian" ]; then \
	  cp /home/ed/mcsema-testing/llvm-test-suite/SingleSource/UnitTests/2002-10-13-BadLoad.reference_output.little-endian Output/2002-10-13-BadLoad.out-nat; \
	elif [ -f "/home/ed/mcsema-testing/llvm-test-suite/SingleSource/UnitTests/2002-10-13-BadLoad.reference_output" ]; then \
	  cp /home/ed/mcsema-testing/llvm-test-suite/SingleSource/UnitTests/2002-10-13-BadLoad.reference_output Output/2002-10-13-BadLoad.out-nat; \
	else \
	  printf "WARNING: %s: %s\n" "NO REFERENCE OUTPUT (using default)" "/home/ed/mcsema-testing/llvm-test-suite/SingleSource/UnitTests/2002-10-13-BadLoad.reference_output" > Output/2002-10-13-BadLoad.out-nat; \
	  cp /home/ed/mcsema-testing/llvm-test-suite/default.reference_output Output/2002-10-13-BadLoad.out-nat; \
	  cat Output/2002-10-13-BadLoad.out-nat; \
	fi
# Pretend that the reference output was produced instantaneously.
cp /home/ed/mcsema-testing/llvm-test-suite/instant.txt Output/2002-10-13-BadLoad.out-nat.time
/home/ed/mcsema-testing/llvm-test-suite/DiffOutput.sh "/home/ed/mcsema-testing/SANDBOX/test-2015-12-21_15-36-50/tools/fpcmp " simple 2002-10-13-BadLoad 
rm -f Output/2002-10-13-BadLoad.exe-simple
cp Output/2002-10-13-BadLoad.diff-simple Output/2002-10-13-BadLoad.exe-simple
if test -f Output/2002-10-13-BadLoad.extra-results.txt; then \
	  /home/ed/mcsema-testing/llvm-test-suite/ParseMultipleResults /home/ed/mcsema-testing/SANDBOX/test-2015-12-21_15-36-50/SingleSource/UnitTests/2002-10-13-BadLoad Output/2002-10-13-BadLoad.extra-results.txt >> Output/2002-10-13-BadLoad.simple.exec.report.txt; \
	fi
cat Output/2002-10-13-BadLoad.simple.compile.report.txt Output/2002-10-13-BadLoad.simple.exec.report.txt >> Output/2002-10-13-BadLoad.simple.report.txt
---------------------------------------------------------------
>>> ========= '/home/ed/mcsema-testing/SANDBOX/test-2015-12-21_15-36-50/SingleSource/UnitTests/2002-10-13-BadLoad' Program
---------------------------------------------------------------

TEST-PASS: compile /home/ed/mcsema-testing/SANDBOX/test-2015-12-21_15-36-50/SingleSource/UnitTests/2002-10-13-BadLoad
TEST-RESULT-compile-success: pass
TEST-RESULT-compile-hash: a0271d0c58eda5bf9bdacb9e2fdc0ad4
TEST-RESULT-compile-time: user       0.0161
TEST-RESULT-compile-real-time: real       0.0282

TEST-PASS: exec /home/ed/mcsema-testing/SANDBOX/test-2015-12-21_15-36-50/SingleSource/UnitTests/2002-10-13-BadLoad
TEST-RESULT-exec-success: pass
TEST-RESULT-exec-time: user       0.0008
TEST-RESULT-exec-real-time: real       0.0017
/home/ed/mcsema-testing/llvm-test-suite/RunSafely.sh --show-errors -t "/home/ed/mcsema-testing/SANDBOX/test-2015-12-21_15-36-50/tools/timeit" 500 /dev/null Output/2002-12-13-MishaTest.llvm.o.compile \
	  /usr/bin/clang -I/home/ed/mcsema-testing/SANDBOX/test-2015-12-21_15-36-50/SingleSource/UnitTests -I/home/ed/mcsema-testing/llvm-test-suite/SingleSource/UnitTests -I/home/ed/mcsema-testing/llvm-test-suite/include -I../../include -D_GNU_SOURCE -D__STDC_LIMIT_MACROS -DNDEBUG  -O3  -m64 -fomit-frame-pointer -c /home/ed/mcsema-testing/llvm-test-suite/SingleSource/UnitTests/2002-12-13-MishaTest.c -o Output/2002-12-13-MishaTest.llvm.o
cp Output/2002-12-13-MishaTest.llvm.o.compile.time Output/2002-12-13-MishaTest.simple.compile.time
/usr/bin/clang++ -o Output/2002-12-13-MishaTest.simple Output/2002-12-13-MishaTest.llvm.o -lstdc++   -m64 -fomit-frame-pointer
/home/ed/mcsema-testing/llvm-test-suite/RunSafely.sh -t "/home/ed/mcsema-testing/SANDBOX/test-2015-12-21_15-36-50/tools/timeit-target" 500 /dev/null Output/2002-12-13-MishaTest.out-simple Output/2002-12-13-MishaTest.simple 
cp Output/2002-12-13-MishaTest.simple Output/2002-12-13-MishaTest.simple-hash; \
	strip --remove-section=.comment --remove-section='.note*' Output/2002-12-13-MishaTest.simple-hash; \
	/home/ed/mcsema-testing/llvm-test-suite/HashProgramOutput.sh Output/2002-12-13-MishaTest.simple-hash
if [ -f "/home/ed/mcsema-testing/llvm-test-suite/SingleSource/UnitTests/2002-12-13-MishaTest.reference_output.little-endian." ]; then \
	  cp /home/ed/mcsema-testing/llvm-test-suite/SingleSource/UnitTests/2002-12-13-MishaTest.reference_output.little-endian. Output/2002-12-13-MishaTest.out-nat; \
	elif [ -f "/home/ed/mcsema-testing/llvm-test-suite/SingleSource/UnitTests/2002-12-13-MishaTest.reference_output." ]; then \
	  cp /home/ed/mcsema-testing/llvm-test-suite/SingleSource/UnitTests/2002-12-13-MishaTest.reference_output. Output/2002-12-13-MishaTest.out-nat; \
	elif [ -f "/home/ed/mcsema-testing/llvm-test-suite/SingleSource/UnitTests/2002-12-13-MishaTest.reference_output.little-endian" ]; then \
	  cp /home/ed/mcsema-testing/llvm-test-suite/SingleSource/UnitTests/2002-12-13-MishaTest.reference_output.little-endian Output/2002-12-13-MishaTest.out-nat; \
	elif [ -f "/home/ed/mcsema-testing/llvm-test-suite/SingleSource/UnitTests/2002-12-13-MishaTest.reference_output" ]; then \
	  cp /home/ed/mcsema-testing/llvm-test-suite/SingleSource/UnitTests/2002-12-13-MishaTest.reference_output Output/2002-12-13-MishaTest.out-nat; \
	else \
	  printf "WARNING: %s: %s\n" "NO REFERENCE OUTPUT (using default)" "/home/ed/mcsema-testing/llvm-test-suite/SingleSource/UnitTests/2002-12-13-MishaTest.reference_output" > Output/2002-12-13-MishaTest.out-nat; \
	  cp /home/ed/mcsema-testing/llvm-test-suite/default.reference_output Output/2002-12-13-MishaTest.out-nat; \
	  cat Output/2002-12-13-MishaTest.out-nat; \
	fi
# Pretend that the reference output was produced instantaneously.
cp /home/ed/mcsema-testing/llvm-test-suite/instant.txt Output/2002-12-13-MishaTest.out-nat.time
/home/ed/mcsema-testing/llvm-test-suite/DiffOutput.sh "/home/ed/mcsema-testing/SANDBOX/test-2015-12-21_15-36-50/tools/fpcmp " simple 2002-12-13-MishaTest 
rm -f Output/2002-12-13-MishaTest.exe-simple
cp Output/2002-12-13-MishaTest.diff-simple Output/2002-12-13-MishaTest.exe-simple
if test -f Output/2002-12-13-MishaTest.extra-results.txt; then \
	  /home/ed/mcsema-testing/llvm-test-suite/ParseMultipleResults /home/ed/mcsema-testing/SANDBOX/test-2015-12-21_15-36-50/SingleSource/UnitTests/2002-12-13-MishaTest Output/2002-12-13-MishaTest.extra-results.txt >> Output/2002-12-13-MishaTest.simple.exec.report.txt; \
	fi
cat Output/2002-12-13-MishaTest.simple.compile.report.txt Output/2002-12-13-MishaTest.simple.exec.report.txt >> Output/2002-12-13-MishaTest.simple.report.txt
---------------------------------------------------------------
>>> ========= '/home/ed/mcsema-testing/SANDBOX/test-2015-12-21_15-36-50/SingleSource/UnitTests/2002-12-13-MishaTest' Program
---------------------------------------------------------------

TEST-PASS: compile /home/ed/mcsema-testing/SANDBOX/test-2015-12-21_15-36-50/SingleSource/UnitTests/2002-12-13-MishaTest
TEST-RESULT-compile-success: pass
TEST-RESULT-compile-hash: 971008a80773d14b532906e6b2dc15b5
TEST-RESULT-compile-time: user       0.0236
TEST-RESULT-compile-real-time: real       0.0378

TEST-PASS: exec /home/ed/mcsema-testing/SANDBOX/test-2015-12-21_15-36-50/SingleSource/UnitTests/2002-12-13-MishaTest
TEST-RESULT-exec-success: pass
TEST-RESULT-exec-time: user       0.0008
TEST-RESULT-exec-real-time: real       0.0016
/home/ed/mcsema-testing/llvm-test-suite/RunSafely.sh --show-errors -t "/home/ed/mcsema-testing/SANDBOX/test-2015-12-21_15-36-50/tools/timeit" 500 /dev/null Output/2003-04-22-Switch.llvm.o.compile \
	  /usr/bin/clang -I/home/ed/mcsema-testing/SANDBOX/test-2015-12-21_15-36-50/SingleSource/UnitTests -I/home/ed/mcsema-testing/llvm-test-suite/SingleSource/UnitTests -I/home/ed/mcsema-testing/llvm-test-suite/include -I../../include -D_GNU_SOURCE -D__STDC_LIMIT_MACROS -DNDEBUG  -O3  -m64 -fomit-frame-pointer -c /home/ed/mcsema-testing/llvm-test-suite/SingleSource/UnitTests/2003-04-22-Switch.c -o Output/2003-04-22-Switch.llvm.o
cp Output/2003-04-22-Switch.llvm.o.compile.time Output/2003-04-22-Switch.simple.compile.time
/usr/bin/clang++ -o Output/2003-04-22-Switch.simple Output/2003-04-22-Switch.llvm.o -lstdc++   -m64 -fomit-frame-pointer
/home/ed/mcsema-testing/llvm-test-suite/RunSafely.sh -t "/home/ed/mcsema-testing/SANDBOX/test-2015-12-21_15-36-50/tools/timeit-target" 500 /dev/null Output/2003-04-22-Switch.out-simple Output/2003-04-22-Switch.simple 
cp Output/2003-04-22-Switch.simple Output/2003-04-22-Switch.simple-hash; \
	strip --remove-section=.comment --remove-section='.note*' Output/2003-04-22-Switch.simple-hash; \
	/home/ed/mcsema-testing/llvm-test-suite/HashProgramOutput.sh Output/2003-04-22-Switch.simple-hash
if [ -f "/home/ed/mcsema-testing/llvm-test-suite/SingleSource/UnitTests/2003-04-22-Switch.reference_output.little-endian." ]; then \
	  cp /home/ed/mcsema-testing/llvm-test-suite/SingleSource/UnitTests/2003-04-22-Switch.reference_output.little-endian. Output/2003-04-22-Switch.out-nat; \
	elif [ -f "/home/ed/mcsema-testing/llvm-test-suite/SingleSource/UnitTests/2003-04-22-Switch.reference_output." ]; then \
	  cp /home/ed/mcsema-testing/llvm-test-suite/SingleSource/UnitTests/2003-04-22-Switch.reference_output. Output/2003-04-22-Switch.out-nat; \
	elif [ -f "/home/ed/mcsema-testing/llvm-test-suite/SingleSource/UnitTests/2003-04-22-Switch.reference_output.little-endian" ]; then \
	  cp /home/ed/mcsema-testing/llvm-test-suite/SingleSource/UnitTests/2003-04-22-Switch.reference_output.little-endian Output/2003-04-22-Switch.out-nat; \
	elif [ -f "/home/ed/mcsema-testing/llvm-test-suite/SingleSource/UnitTests/2003-04-22-Switch.reference_output" ]; then \
	  cp /home/ed/mcsema-testing/llvm-test-suite/SingleSource/UnitTests/2003-04-22-Switch.reference_output Output/2003-04-22-Switch.out-nat; \
	else \
	  printf "WARNING: %s: %s\n" "NO REFERENCE OUTPUT (using default)" "/home/ed/mcsema-testing/llvm-test-suite/SingleSource/UnitTests/2003-04-22-Switch.reference_output" > Output/2003-04-22-Switch.out-nat; \
	  cp /home/ed/mcsema-testing/llvm-test-suite/default.reference_output Output/2003-04-22-Switch.out-nat; \
	  cat Output/2003-04-22-Switch.out-nat; \
	fi
# Pretend that the reference output was produced instantaneously.
cp /home/ed/mcsema-testing/llvm-test-suite/instant.txt Output/2003-04-22-Switch.out-nat.time
/home/ed/mcsema-testing/llvm-test-suite/DiffOutput.sh "/home/ed/mcsema-testing/SANDBOX/test-2015-12-21_15-36-50/tools/fpcmp " simple 2003-04-22-Switch 
rm -f Output/2003-04-22-Switch.exe-simple
cp Output/2003-04-22-Switch.diff-simple Output/2003-04-22-Switch.exe-simple
if test -f Output/2003-04-22-Switch.extra-results.txt; then \
	  /home/ed/mcsema-testing/llvm-test-suite/ParseMultipleResults /home/ed/mcsema-testing/SANDBOX/test-2015-12-21_15-36-50/SingleSource/UnitTests/2003-04-22-Switch Output/2003-04-22-Switch.extra-results.txt >> Output/2003-04-22-Switch.simple.exec.report.txt; \
	fi
cat Output/2003-04-22-Switch.simple.compile.report.txt Output/2003-04-22-Switch.simple.exec.report.txt >> Output/2003-04-22-Switch.simple.report.txt
---------------------------------------------------------------
>>> ========= '/home/ed/mcsema-testing/SANDBOX/test-2015-12-21_15-36-50/SingleSource/UnitTests/2003-04-22-Switch' Program
---------------------------------------------------------------

TEST-PASS: compile /home/ed/mcsema-testing/SANDBOX/test-2015-12-21_15-36-50/SingleSource/UnitTests/2003-04-22-Switch
TEST-RESULT-compile-success: pass
TEST-RESULT-compile-hash: 91f875838e36b7ea47ed6efd2af159bf
TEST-RESULT-compile-time: user       0.0227
TEST-RESULT-compile-real-time: real       0.0362

TEST-PASS: exec /home/ed/mcsema-testing/SANDBOX/test-2015-12-21_15-36-50/SingleSource/UnitTests/2003-04-22-Switch
TEST-RESULT-exec-success: pass
TEST-RESULT-exec-time: user       0.0008
TEST-RESULT-exec-real-time: real       0.0017
/home/ed/mcsema-testing/llvm-test-suite/RunSafely.sh --show-errors -t "/home/ed/mcsema-testing/SANDBOX/test-2015-12-21_15-36-50/tools/timeit" 500 /dev/null Output/2003-05-02-DependentPHI.llvm.o.compile \
	  /usr/bin/clang -I/home/ed/mcsema-testing/SANDBOX/test-2015-12-21_15-36-50/SingleSource/UnitTests -I/home/ed/mcsema-testing/llvm-test-suite/SingleSource/UnitTests -I/home/ed/mcsema-testing/llvm-test-suite/include -I../../include -D_GNU_SOURCE -D__STDC_LIMIT_MACROS -DNDEBUG  -O3  -m64 -fomit-frame-pointer -c /home/ed/mcsema-testing/llvm-test-suite/SingleSource/UnitTests/2003-05-02-DependentPHI.c -o Output/2003-05-02-DependentPHI.llvm.o
cp Output/2003-05-02-DependentPHI.llvm.o.compile.time Output/2003-05-02-DependentPHI.simple.compile.time
/usr/bin/clang++ -o Output/2003-05-02-DependentPHI.simple Output/2003-05-02-DependentPHI.llvm.o -lstdc++   -m64 -fomit-frame-pointer
/home/ed/mcsema-testing/llvm-test-suite/RunSafely.sh -t "/home/ed/mcsema-testing/SANDBOX/test-2015-12-21_15-36-50/tools/timeit-target" 500 /dev/null Output/2003-05-02-DependentPHI.out-simple Output/2003-05-02-DependentPHI.simple 
cp Output/2003-05-02-DependentPHI.simple Output/2003-05-02-DependentPHI.simple-hash; \
	strip --remove-section=.comment --remove-section='.note*' Output/2003-05-02-DependentPHI.simple-hash; \
	/home/ed/mcsema-testing/llvm-test-suite/HashProgramOutput.sh Output/2003-05-02-DependentPHI.simple-hash
if [ -f "/home/ed/mcsema-testing/llvm-test-suite/SingleSource/UnitTests/2003-05-02-DependentPHI.reference_output.little-endian." ]; then \
	  cp /home/ed/mcsema-testing/llvm-test-suite/SingleSource/UnitTests/2003-05-02-DependentPHI.reference_output.little-endian. Output/2003-05-02-DependentPHI.out-nat; \
	elif [ -f "/home/ed/mcsema-testing/llvm-test-suite/SingleSource/UnitTests/2003-05-02-DependentPHI.reference_output." ]; then \
	  cp /home/ed/mcsema-testing/llvm-test-suite/SingleSource/UnitTests/2003-05-02-DependentPHI.reference_output. Output/2003-05-02-DependentPHI.out-nat; \
	elif [ -f "/home/ed/mcsema-testing/llvm-test-suite/SingleSource/UnitTests/2003-05-02-DependentPHI.reference_output.little-endian" ]; then \
	  cp /home/ed/mcsema-testing/llvm-test-suite/SingleSource/UnitTests/2003-05-02-DependentPHI.reference_output.little-endian Output/2003-05-02-DependentPHI.out-nat; \
	elif [ -f "/home/ed/mcsema-testing/llvm-test-suite/SingleSource/UnitTests/2003-05-02-DependentPHI.reference_output" ]; then \
	  cp /home/ed/mcsema-testing/llvm-test-suite/SingleSource/UnitTests/2003-05-02-DependentPHI.reference_output Output/2003-05-02-DependentPHI.out-nat; \
	else \
	  printf "WARNING: %s: %s\n" "NO REFERENCE OUTPUT (using default)" "/home/ed/mcsema-testing/llvm-test-suite/SingleSource/UnitTests/2003-05-02-DependentPHI.reference_output" > Output/2003-05-02-DependentPHI.out-nat; \
	  cp /home/ed/mcsema-testing/llvm-test-suite/default.reference_output Output/2003-05-02-DependentPHI.out-nat; \
	  cat Output/2003-05-02-DependentPHI.out-nat; \
	fi
# Pretend that the reference output was produced instantaneously.
cp /home/ed/mcsema-testing/llvm-test-suite/instant.txt Output/2003-05-02-DependentPHI.out-nat.time
/home/ed/mcsema-testing/llvm-test-suite/DiffOutput.sh "/home/ed/mcsema-testing/SANDBOX/test-2015-12-21_15-36-50/tools/fpcmp " simple 2003-05-02-DependentPHI 
rm -f Output/2003-05-02-DependentPHI.exe-simple
cp Output/2003-05-02-DependentPHI.diff-simple Output/2003-05-02-DependentPHI.exe-simple
if test -f Output/2003-05-02-DependentPHI.extra-results.txt; then \
	  /home/ed/mcsema-testing/llvm-test-suite/ParseMultipleResults /home/ed/mcsema-testing/SANDBOX/test-2015-12-21_15-36-50/SingleSource/UnitTests/2003-05-02-DependentPHI Output/2003-05-02-DependentPHI.extra-results.txt >> Output/2003-05-02-DependentPHI.simple.exec.report.txt; \
	fi
cat Output/2003-05-02-DependentPHI.simple.compile.report.txt Output/2003-05-02-DependentPHI.simple.exec.report.txt >> Output/2003-05-02-DependentPHI.simple.report.txt
---------------------------------------------------------------
>>> ========= '/home/ed/mcsema-testing/SANDBOX/test-2015-12-21_15-36-50/SingleSource/UnitTests/2003-05-02-DependentPHI' Program
---------------------------------------------------------------

TEST-PASS: compile /home/ed/mcsema-testing/SANDBOX/test-2015-12-21_15-36-50/SingleSource/UnitTests/2003-05-02-DependentPHI
TEST-RESULT-compile-success: pass
TEST-RESULT-compile-hash: 690a92ae1f4e017a15c8d464bc17b1ec
TEST-RESULT-compile-time: user       0.0224
TEST-RESULT-compile-real-time: real       0.0364

TEST-PASS: exec /home/ed/mcsema-testing/SANDBOX/test-2015-12-21_15-36-50/SingleSource/UnitTests/2003-05-02-DependentPHI
TEST-RESULT-exec-success: pass
TEST-RESULT-exec-time: user       0.0009
TEST-RESULT-exec-real-time: real       0.0019
/home/ed/mcsema-testing/llvm-test-suite/RunSafely.sh --show-errors -t "/home/ed/mcsema-testing/SANDBOX/test-2015-12-21_15-36-50/tools/timeit" 500 /dev/null Output/2003-05-07-VarArgs.llvm.o.compile \
	  /usr/bin/clang -I/home/ed/mcsema-testing/SANDBOX/test-2015-12-21_15-36-50/SingleSource/UnitTests -I/home/ed/mcsema-testing/llvm-test-suite/SingleSource/UnitTests -I/home/ed/mcsema-testing/llvm-test-suite/include -I../../include -D_GNU_SOURCE -D__STDC_LIMIT_MACROS -DNDEBUG  -O3  -m64 -fomit-frame-pointer -c /home/ed/mcsema-testing/llvm-test-suite/SingleSource/UnitTests/2003-05-07-VarArgs.c -o Output/2003-05-07-VarArgs.llvm.o
cp Output/2003-05-07-VarArgs.llvm.o.compile.time Output/2003-05-07-VarArgs.simple.compile.time
/usr/bin/clang++ -o Output/2003-05-07-VarArgs.simple Output/2003-05-07-VarArgs.llvm.o -lstdc++   -m64 -fomit-frame-pointer
/home/ed/mcsema-testing/llvm-test-suite/RunSafely.sh -t "/home/ed/mcsema-testing/SANDBOX/test-2015-12-21_15-36-50/tools/timeit-target" 500 /dev/null Output/2003-05-07-VarArgs.out-simple Output/2003-05-07-VarArgs.simple 
cp Output/2003-05-07-VarArgs.simple Output/2003-05-07-VarArgs.simple-hash; \
	strip --remove-section=.comment --remove-section='.note*' Output/2003-05-07-VarArgs.simple-hash; \
	/home/ed/mcsema-testing/llvm-test-suite/HashProgramOutput.sh Output/2003-05-07-VarArgs.simple-hash
if [ -f "/home/ed/mcsema-testing/llvm-test-suite/SingleSource/UnitTests/2003-05-07-VarArgs.reference_output.little-endian." ]; then \
	  cp /home/ed/mcsema-testing/llvm-test-suite/SingleSource/UnitTests/2003-05-07-VarArgs.reference_output.little-endian. Output/2003-05-07-VarArgs.out-nat; \
	elif [ -f "/home/ed/mcsema-testing/llvm-test-suite/SingleSource/UnitTests/2003-05-07-VarArgs.reference_output." ]; then \
	  cp /home/ed/mcsema-testing/llvm-test-suite/SingleSource/UnitTests/2003-05-07-VarArgs.reference_output. Output/2003-05-07-VarArgs.out-nat; \
	elif [ -f "/home/ed/mcsema-testing/llvm-test-suite/SingleSource/UnitTests/2003-05-07-VarArgs.reference_output.little-endian" ]; then \
	  cp /home/ed/mcsema-testing/llvm-test-suite/SingleSource/UnitTests/2003-05-07-VarArgs.reference_output.little-endian Output/2003-05-07-VarArgs.out-nat; \
	elif [ -f "/home/ed/mcsema-testing/llvm-test-suite/SingleSource/UnitTests/2003-05-07-VarArgs.reference_output" ]; then \
	  cp /home/ed/mcsema-testing/llvm-test-suite/SingleSource/UnitTests/2003-05-07-VarArgs.reference_output Output/2003-05-07-VarArgs.out-nat; \
	else \
	  printf "WARNING: %s: %s\n" "NO REFERENCE OUTPUT (using default)" "/home/ed/mcsema-testing/llvm-test-suite/SingleSource/UnitTests/2003-05-07-VarArgs.reference_output" > Output/2003-05-07-VarArgs.out-nat; \
	  cp /home/ed/mcsema-testing/llvm-test-suite/default.reference_output Output/2003-05-07-VarArgs.out-nat; \
	  cat Output/2003-05-07-VarArgs.out-nat; \
	fi
# Pretend that the reference output was produced instantaneously.
cp /home/ed/mcsema-testing/llvm-test-suite/instant.txt Output/2003-05-07-VarArgs.out-nat.time
/home/ed/mcsema-testing/llvm-test-suite/DiffOutput.sh "/home/ed/mcsema-testing/SANDBOX/test-2015-12-21_15-36-50/tools/fpcmp " simple 2003-05-07-VarArgs 
rm -f Output/2003-05-07-VarArgs.exe-simple
cp Output/2003-05-07-VarArgs.diff-simple Output/2003-05-07-VarArgs.exe-simple
if test -f Output/2003-05-07-VarArgs.extra-results.txt; then \
	  /home/ed/mcsema-testing/llvm-test-suite/ParseMultipleResults /home/ed/mcsema-testing/SANDBOX/test-2015-12-21_15-36-50/SingleSource/UnitTests/2003-05-07-VarArgs Output/2003-05-07-VarArgs.extra-results.txt >> Output/2003-05-07-VarArgs.simple.exec.report.txt; \
	fi
cat Output/2003-05-07-VarArgs.simple.compile.report.txt Output/2003-05-07-VarArgs.simple.exec.report.txt >> Output/2003-05-07-VarArgs.simple.report.txt
---------------------------------------------------------------
>>> ========= '/home/ed/mcsema-testing/SANDBOX/test-2015-12-21_15-36-50/SingleSource/UnitTests/2003-05-07-VarArgs' Program
---------------------------------------------------------------

TEST-PASS: compile /home/ed/mcsema-testing/SANDBOX/test-2015-12-21_15-36-50/SingleSource/UnitTests/2003-05-07-VarArgs
TEST-RESULT-compile-success: pass
TEST-RESULT-compile-hash: aa0285039b4fdf935f60f5ae1b3a19c1
TEST-RESULT-compile-time: user       0.0318
TEST-RESULT-compile-real-time: real       0.0467

TEST-PASS: exec /home/ed/mcsema-testing/SANDBOX/test-2015-12-21_15-36-50/SingleSource/UnitTests/2003-05-07-VarArgs
TEST-RESULT-exec-success: pass
TEST-RESULT-exec-time: user       0.0009
TEST-RESULT-exec-real-time: real       0.0017
/home/ed/mcsema-testing/llvm-test-suite/RunSafely.sh --show-errors -t "/home/ed/mcsema-testing/SANDBOX/test-2015-12-21_15-36-50/tools/timeit" 500 /dev/null Output/2003-05-12-MinIntProblem.llvm.o.compile \
	  /usr/bin/clang -I/home/ed/mcsema-testing/SANDBOX/test-2015-12-21_15-36-50/SingleSource/UnitTests -I/home/ed/mcsema-testing/llvm-test-suite/SingleSource/UnitTests -I/home/ed/mcsema-testing/llvm-test-suite/include -I../../include -D_GNU_SOURCE -D__STDC_LIMIT_MACROS -DNDEBUG  -O3  -m64 -fomit-frame-pointer -c /home/ed/mcsema-testing/llvm-test-suite/SingleSource/UnitTests/2003-05-12-MinIntProblem.c -o Output/2003-05-12-MinIntProblem.llvm.o
cp Output/2003-05-12-MinIntProblem.llvm.o.compile.time Output/2003-05-12-MinIntProblem.simple.compile.time
/usr/bin/clang++ -o Output/2003-05-12-MinIntProblem.simple Output/2003-05-12-MinIntProblem.llvm.o -lstdc++   -m64 -fomit-frame-pointer
/home/ed/mcsema-testing/llvm-test-suite/RunSafely.sh -t "/home/ed/mcsema-testing/SANDBOX/test-2015-12-21_15-36-50/tools/timeit-target" 500 /dev/null Output/2003-05-12-MinIntProblem.out-simple Output/2003-05-12-MinIntProblem.simple 
cp Output/2003-05-12-MinIntProblem.simple Output/2003-05-12-MinIntProblem.simple-hash; \
	strip --remove-section=.comment --remove-section='.note*' Output/2003-05-12-MinIntProblem.simple-hash; \
	/home/ed/mcsema-testing/llvm-test-suite/HashProgramOutput.sh Output/2003-05-12-MinIntProblem.simple-hash
if [ -f "/home/ed/mcsema-testing/llvm-test-suite/SingleSource/UnitTests/2003-05-12-MinIntProblem.reference_output.little-endian." ]; then \
	  cp /home/ed/mcsema-testing/llvm-test-suite/SingleSource/UnitTests/2003-05-12-MinIntProblem.reference_output.little-endian. Output/2003-05-12-MinIntProblem.out-nat; \
	elif [ -f "/home/ed/mcsema-testing/llvm-test-suite/SingleSource/UnitTests/2003-05-12-MinIntProblem.reference_output." ]; then \
	  cp /home/ed/mcsema-testing/llvm-test-suite/SingleSource/UnitTests/2003-05-12-MinIntProblem.reference_output. Output/2003-05-12-MinIntProblem.out-nat; \
	elif [ -f "/home/ed/mcsema-testing/llvm-test-suite/SingleSource/UnitTests/2003-05-12-MinIntProblem.reference_output.little-endian" ]; then \
	  cp /home/ed/mcsema-testing/llvm-test-suite/SingleSource/UnitTests/2003-05-12-MinIntProblem.reference_output.little-endian Output/2003-05-12-MinIntProblem.out-nat; \
	elif [ -f "/home/ed/mcsema-testing/llvm-test-suite/SingleSource/UnitTests/2003-05-12-MinIntProblem.reference_output" ]; then \
	  cp /home/ed/mcsema-testing/llvm-test-suite/SingleSource/UnitTests/2003-05-12-MinIntProblem.reference_output Output/2003-05-12-MinIntProblem.out-nat; \
	else \
	  printf "WARNING: %s: %s\n" "NO REFERENCE OUTPUT (using default)" "/home/ed/mcsema-testing/llvm-test-suite/SingleSource/UnitTests/2003-05-12-MinIntProblem.reference_output" > Output/2003-05-12-MinIntProblem.out-nat; \
	  cp /home/ed/mcsema-testing/llvm-test-suite/default.reference_output Output/2003-05-12-MinIntProblem.out-nat; \
	  cat Output/2003-05-12-MinIntProblem.out-nat; \
	fi
# Pretend that the reference output was produced instantaneously.
cp /home/ed/mcsema-testing/llvm-test-suite/instant.txt Output/2003-05-12-MinIntProblem.out-nat.time
/home/ed/mcsema-testing/llvm-test-suite/DiffOutput.sh "/home/ed/mcsema-testing/SANDBOX/test-2015-12-21_15-36-50/tools/fpcmp " simple 2003-05-12-MinIntProblem 
rm -f Output/2003-05-12-MinIntProblem.exe-simple
cp Output/2003-05-12-MinIntProblem.diff-simple Output/2003-05-12-MinIntProblem.exe-simple
if test -f Output/2003-05-12-MinIntProblem.extra-results.txt; then \
	  /home/ed/mcsema-testing/llvm-test-suite/ParseMultipleResults /home/ed/mcsema-testing/SANDBOX/test-2015-12-21_15-36-50/SingleSource/UnitTests/2003-05-12-MinIntProblem Output/2003-05-12-MinIntProblem.extra-results.txt >> Output/2003-05-12-MinIntProblem.simple.exec.report.txt; \
	fi
cat Output/2003-05-12-MinIntProblem.simple.compile.report.txt Output/2003-05-12-MinIntProblem.simple.exec.report.txt >> Output/2003-05-12-MinIntProblem.simple.report.txt
---------------------------------------------------------------
>>> ========= '/home/ed/mcsema-testing/SANDBOX/test-2015-12-21_15-36-50/SingleSource/UnitTests/2003-05-12-MinIntProblem' Program
---------------------------------------------------------------

TEST-PASS: compile /home/ed/mcsema-testing/SANDBOX/test-2015-12-21_15-36-50/SingleSource/UnitTests/2003-05-12-MinIntProblem
TEST-RESULT-compile-success: pass
TEST-RESULT-compile-hash: 09d7b8c632cbc85f9c1384e5e7d35036
TEST-RESULT-compile-time: user       0.0213
TEST-RESULT-compile-real-time: real       0.0345

TEST-PASS: exec /home/ed/mcsema-testing/SANDBOX/test-2015-12-21_15-36-50/SingleSource/UnitTests/2003-05-12-MinIntProblem
TEST-RESULT-exec-success: pass
TEST-RESULT-exec-time: user       0.0008
TEST-RESULT-exec-real-time: real       0.0017
/home/ed/mcsema-testing/llvm-test-suite/RunSafely.sh --show-errors -t "/home/ed/mcsema-testing/SANDBOX/test-2015-12-21_15-36-50/tools/timeit" 500 /dev/null Output/2003-05-14-AtExit.llvm.o.compile \
	  /usr/bin/clang -I/home/ed/mcsema-testing/SANDBOX/test-2015-12-21_15-36-50/SingleSource/UnitTests -I/home/ed/mcsema-testing/llvm-test-suite/SingleSource/UnitTests -I/home/ed/mcsema-testing/llvm-test-suite/include -I../../include -D_GNU_SOURCE -D__STDC_LIMIT_MACROS -DNDEBUG  -O3  -m64 -fomit-frame-pointer -c /home/ed/mcsema-testing/llvm-test-suite/SingleSource/UnitTests/2003-05-14-AtExit.c -o Output/2003-05-14-AtExit.llvm.o
cp Output/2003-05-14-AtExit.llvm.o.compile.time Output/2003-05-14-AtExit.simple.compile.time
/usr/bin/clang++ -o Output/2003-05-14-AtExit.simple Output/2003-05-14-AtExit.llvm.o -lstdc++   -m64 -fomit-frame-pointer
/home/ed/mcsema-testing/llvm-test-suite/RunSafely.sh -t "/home/ed/mcsema-testing/SANDBOX/test-2015-12-21_15-36-50/tools/timeit-target" 500 /dev/null Output/2003-05-14-AtExit.out-simple Output/2003-05-14-AtExit.simple 
cp Output/2003-05-14-AtExit.simple Output/2003-05-14-AtExit.simple-hash; \
	strip --remove-section=.comment --remove-section='.note*' Output/2003-05-14-AtExit.simple-hash; \
	/home/ed/mcsema-testing/llvm-test-suite/HashProgramOutput.sh Output/2003-05-14-AtExit.simple-hash
if [ -f "/home/ed/mcsema-testing/llvm-test-suite/SingleSource/UnitTests/2003-05-14-AtExit.reference_output.little-endian." ]; then \
	  cp /home/ed/mcsema-testing/llvm-test-suite/SingleSource/UnitTests/2003-05-14-AtExit.reference_output.little-endian. Output/2003-05-14-AtExit.out-nat; \
	elif [ -f "/home/ed/mcsema-testing/llvm-test-suite/SingleSource/UnitTests/2003-05-14-AtExit.reference_output." ]; then \
	  cp /home/ed/mcsema-testing/llvm-test-suite/SingleSource/UnitTests/2003-05-14-AtExit.reference_output. Output/2003-05-14-AtExit.out-nat; \
	elif [ -f "/home/ed/mcsema-testing/llvm-test-suite/SingleSource/UnitTests/2003-05-14-AtExit.reference_output.little-endian" ]; then \
	  cp /home/ed/mcsema-testing/llvm-test-suite/SingleSource/UnitTests/2003-05-14-AtExit.reference_output.little-endian Output/2003-05-14-AtExit.out-nat; \
	elif [ -f "/home/ed/mcsema-testing/llvm-test-suite/SingleSource/UnitTests/2003-05-14-AtExit.reference_output" ]; then \
	  cp /home/ed/mcsema-testing/llvm-test-suite/SingleSource/UnitTests/2003-05-14-AtExit.reference_output Output/2003-05-14-AtExit.out-nat; \
	else \
	  printf "WARNING: %s: %s\n" "NO REFERENCE OUTPUT (using default)" "/home/ed/mcsema-testing/llvm-test-suite/SingleSource/UnitTests/2003-05-14-AtExit.reference_output" > Output/2003-05-14-AtExit.out-nat; \
	  cp /home/ed/mcsema-testing/llvm-test-suite/default.reference_output Output/2003-05-14-AtExit.out-nat; \
	  cat Output/2003-05-14-AtExit.out-nat; \
	fi
# Pretend that the reference output was produced instantaneously.
cp /home/ed/mcsema-testing/llvm-test-suite/instant.txt Output/2003-05-14-AtExit.out-nat.time
/home/ed/mcsema-testing/llvm-test-suite/DiffOutput.sh "/home/ed/mcsema-testing/SANDBOX/test-2015-12-21_15-36-50/tools/fpcmp " simple 2003-05-14-AtExit 
rm -f Output/2003-05-14-AtExit.exe-simple
cp Output/2003-05-14-AtExit.diff-simple Output/2003-05-14-AtExit.exe-simple
if test -f Output/2003-05-14-AtExit.extra-results.txt; then \
	  /home/ed/mcsema-testing/llvm-test-suite/ParseMultipleResults /home/ed/mcsema-testing/SANDBOX/test-2015-12-21_15-36-50/SingleSource/UnitTests/2003-05-14-AtExit Output/2003-05-14-AtExit.extra-results.txt >> Output/2003-05-14-AtExit.simple.exec.report.txt; \
	fi
cat Output/2003-05-14-AtExit.simple.compile.report.txt Output/2003-05-14-AtExit.simple.exec.report.txt >> Output/2003-05-14-AtExit.simple.report.txt
---------------------------------------------------------------
>>> ========= '/home/ed/mcsema-testing/SANDBOX/test-2015-12-21_15-36-50/SingleSource/UnitTests/2003-05-14-AtExit' Program
---------------------------------------------------------------

TEST-PASS: compile /home/ed/mcsema-testing/SANDBOX/test-2015-12-21_15-36-50/SingleSource/UnitTests/2003-05-14-AtExit
TEST-RESULT-compile-success: pass
TEST-RESULT-compile-hash: 8872484c0cf624e3731e07d9aff83a70
TEST-RESULT-compile-time: user       0.0257
TEST-RESULT-compile-real-time: real       0.0402

TEST-PASS: exec /home/ed/mcsema-testing/SANDBOX/test-2015-12-21_15-36-50/SingleSource/UnitTests/2003-05-14-AtExit
TEST-RESULT-exec-success: pass
TEST-RESULT-exec-time: user       0.0009
TEST-RESULT-exec-real-time: real       0.0017
/home/ed/mcsema-testing/llvm-test-suite/RunSafely.sh --show-errors -t "/home/ed/mcsema-testing/SANDBOX/test-2015-12-21_15-36-50/tools/timeit" 500 /dev/null Output/2003-05-26-Shorts.llvm.o.compile \
	  /usr/bin/clang -I/home/ed/mcsema-testing/SANDBOX/test-2015-12-21_15-36-50/SingleSource/UnitTests -I/home/ed/mcsema-testing/llvm-test-suite/SingleSource/UnitTests -I/home/ed/mcsema-testing/llvm-test-suite/include -I../../include -D_GNU_SOURCE -D__STDC_LIMIT_MACROS -DNDEBUG  -O3  -m64 -fomit-frame-pointer -c /home/ed/mcsema-testing/llvm-test-suite/SingleSource/UnitTests/2003-05-26-Shorts.c -o Output/2003-05-26-Shorts.llvm.o
cp Output/2003-05-26-Shorts.llvm.o.compile.time Output/2003-05-26-Shorts.simple.compile.time
/usr/bin/clang++ -o Output/2003-05-26-Shorts.simple Output/2003-05-26-Shorts.llvm.o -lstdc++   -m64 -fomit-frame-pointer
/home/ed/mcsema-testing/llvm-test-suite/RunSafely.sh -t "/home/ed/mcsema-testing/SANDBOX/test-2015-12-21_15-36-50/tools/timeit-target" 500 /dev/null Output/2003-05-26-Shorts.out-simple Output/2003-05-26-Shorts.simple 
cp Output/2003-05-26-Shorts.simple Output/2003-05-26-Shorts.simple-hash; \
	strip --remove-section=.comment --remove-section='.note*' Output/2003-05-26-Shorts.simple-hash; \
	/home/ed/mcsema-testing/llvm-test-suite/HashProgramOutput.sh Output/2003-05-26-Shorts.simple-hash
if [ -f "/home/ed/mcsema-testing/llvm-test-suite/SingleSource/UnitTests/2003-05-26-Shorts.reference_output.little-endian." ]; then \
	  cp /home/ed/mcsema-testing/llvm-test-suite/SingleSource/UnitTests/2003-05-26-Shorts.reference_output.little-endian. Output/2003-05-26-Shorts.out-nat; \
	elif [ -f "/home/ed/mcsema-testing/llvm-test-suite/SingleSource/UnitTests/2003-05-26-Shorts.reference_output." ]; then \
	  cp /home/ed/mcsema-testing/llvm-test-suite/SingleSource/UnitTests/2003-05-26-Shorts.reference_output. Output/2003-05-26-Shorts.out-nat; \
	elif [ -f "/home/ed/mcsema-testing/llvm-test-suite/SingleSource/UnitTests/2003-05-26-Shorts.reference_output.little-endian" ]; then \
	  cp /home/ed/mcsema-testing/llvm-test-suite/SingleSource/UnitTests/2003-05-26-Shorts.reference_output.little-endian Output/2003-05-26-Shorts.out-nat; \
	elif [ -f "/home/ed/mcsema-testing/llvm-test-suite/SingleSource/UnitTests/2003-05-26-Shorts.reference_output" ]; then \
	  cp /home/ed/mcsema-testing/llvm-test-suite/SingleSource/UnitTests/2003-05-26-Shorts.reference_output Output/2003-05-26-Shorts.out-nat; \
	else \
	  printf "WARNING: %s: %s\n" "NO REFERENCE OUTPUT (using default)" "/home/ed/mcsema-testing/llvm-test-suite/SingleSource/UnitTests/2003-05-26-Shorts.reference_output" > Output/2003-05-26-Shorts.out-nat; \
	  cp /home/ed/mcsema-testing/llvm-test-suite/default.reference_output Output/2003-05-26-Shorts.out-nat; \
	  cat Output/2003-05-26-Shorts.out-nat; \
	fi
# Pretend that the reference output was produced instantaneously.
cp /home/ed/mcsema-testing/llvm-test-suite/instant.txt Output/2003-05-26-Shorts.out-nat.time
/home/ed/mcsema-testing/llvm-test-suite/DiffOutput.sh "/home/ed/mcsema-testing/SANDBOX/test-2015-12-21_15-36-50/tools/fpcmp " simple 2003-05-26-Shorts 
rm -f Output/2003-05-26-Shorts.exe-simple
cp Output/2003-05-26-Shorts.diff-simple Output/2003-05-26-Shorts.exe-simple
if test -f Output/2003-05-26-Shorts.extra-results.txt; then \
	  /home/ed/mcsema-testing/llvm-test-suite/ParseMultipleResults /home/ed/mcsema-testing/SANDBOX/test-2015-12-21_15-36-50/SingleSource/UnitTests/2003-05-26-Shorts Output/2003-05-26-Shorts.extra-results.txt >> Output/2003-05-26-Shorts.simple.exec.report.txt; \
	fi
cat Output/2003-05-26-Shorts.simple.compile.report.txt Output/2003-05-26-Shorts.simple.exec.report.txt >> Output/2003-05-26-Shorts.simple.report.txt
---------------------------------------------------------------
>>> ========= '/home/ed/mcsema-testing/SANDBOX/test-2015-12-21_15-36-50/SingleSource/UnitTests/2003-05-26-Shorts' Program
---------------------------------------------------------------

TEST-PASS: compile /home/ed/mcsema-testing/SANDBOX/test-2015-12-21_15-36-50/SingleSource/UnitTests/2003-05-26-Shorts
TEST-RESULT-compile-success: pass
TEST-RESULT-compile-hash: 4147d3e408e821a195d51c4fc9b59b41
TEST-RESULT-compile-time: user       0.0239
TEST-RESULT-compile-real-time: real       0.0376

TEST-PASS: exec /home/ed/mcsema-testing/SANDBOX/test-2015-12-21_15-36-50/SingleSource/UnitTests/2003-05-26-Shorts
TEST-RESULT-exec-success: pass
TEST-RESULT-exec-time: user       0.0009
TEST-RESULT-exec-real-time: real       0.0019
/home/ed/mcsema-testing/llvm-test-suite/RunSafely.sh --show-errors -t "/home/ed/mcsema-testing/SANDBOX/test-2015-12-21_15-36-50/tools/timeit" 500 /dev/null Output/2003-05-31-CastToBool.llvm.o.compile \
	  /usr/bin/clang -I/home/ed/mcsema-testing/SANDBOX/test-2015-12-21_15-36-50/SingleSource/UnitTests -I/home/ed/mcsema-testing/llvm-test-suite/SingleSource/UnitTests -I/home/ed/mcsema-testing/llvm-test-suite/include -I../../include -D_GNU_SOURCE -D__STDC_LIMIT_MACROS -DNDEBUG  -O3  -m64 -fomit-frame-pointer -c /home/ed/mcsema-testing/llvm-test-suite/SingleSource/UnitTests/2003-05-31-CastToBool.c -o Output/2003-05-31-CastToBool.llvm.o
cp Output/2003-05-31-CastToBool.llvm.o.compile.time Output/2003-05-31-CastToBool.simple.compile.time
/usr/bin/clang++ -o Output/2003-05-31-CastToBool.simple Output/2003-05-31-CastToBool.llvm.o -lstdc++   -m64 -fomit-frame-pointer
/home/ed/mcsema-testing/llvm-test-suite/RunSafely.sh -t "/home/ed/mcsema-testing/SANDBOX/test-2015-12-21_15-36-50/tools/timeit-target" 500 /dev/null Output/2003-05-31-CastToBool.out-simple Output/2003-05-31-CastToBool.simple 
cp Output/2003-05-31-CastToBool.simple Output/2003-05-31-CastToBool.simple-hash; \
	strip --remove-section=.comment --remove-section='.note*' Output/2003-05-31-CastToBool.simple-hash; \
	/home/ed/mcsema-testing/llvm-test-suite/HashProgramOutput.sh Output/2003-05-31-CastToBool.simple-hash
if [ -f "/home/ed/mcsema-testing/llvm-test-suite/SingleSource/UnitTests/2003-05-31-CastToBool.reference_output.little-endian." ]; then \
	  cp /home/ed/mcsema-testing/llvm-test-suite/SingleSource/UnitTests/2003-05-31-CastToBool.reference_output.little-endian. Output/2003-05-31-CastToBool.out-nat; \
	elif [ -f "/home/ed/mcsema-testing/llvm-test-suite/SingleSource/UnitTests/2003-05-31-CastToBool.reference_output." ]; then \
	  cp /home/ed/mcsema-testing/llvm-test-suite/SingleSource/UnitTests/2003-05-31-CastToBool.reference_output. Output/2003-05-31-CastToBool.out-nat; \
	elif [ -f "/home/ed/mcsema-testing/llvm-test-suite/SingleSource/UnitTests/2003-05-31-CastToBool.reference_output.little-endian" ]; then \
	  cp /home/ed/mcsema-testing/llvm-test-suite/SingleSource/UnitTests/2003-05-31-CastToBool.reference_output.little-endian Output/2003-05-31-CastToBool.out-nat; \
	elif [ -f "/home/ed/mcsema-testing/llvm-test-suite/SingleSource/UnitTests/2003-05-31-CastToBool.reference_output" ]; then \
	  cp /home/ed/mcsema-testing/llvm-test-suite/SingleSource/UnitTests/2003-05-31-CastToBool.reference_output Output/2003-05-31-CastToBool.out-nat; \
	else \
	  printf "WARNING: %s: %s\n" "NO REFERENCE OUTPUT (using default)" "/home/ed/mcsema-testing/llvm-test-suite/SingleSource/UnitTests/2003-05-31-CastToBool.reference_output" > Output/2003-05-31-CastToBool.out-nat; \
	  cp /home/ed/mcsema-testing/llvm-test-suite/default.reference_output Output/2003-05-31-CastToBool.out-nat; \
	  cat Output/2003-05-31-CastToBool.out-nat; \
	fi
# Pretend that the reference output was produced instantaneously.
cp /home/ed/mcsema-testing/llvm-test-suite/instant.txt Output/2003-05-31-CastToBool.out-nat.time
/home/ed/mcsema-testing/llvm-test-suite/DiffOutput.sh "/home/ed/mcsema-testing/SANDBOX/test-2015-12-21_15-36-50/tools/fpcmp " simple 2003-05-31-CastToBool 
rm -f Output/2003-05-31-CastToBool.exe-simple
cp Output/2003-05-31-CastToBool.diff-simple Output/2003-05-31-CastToBool.exe-simple
if test -f Output/2003-05-31-CastToBool.extra-results.txt; then \
	  /home/ed/mcsema-testing/llvm-test-suite/ParseMultipleResults /home/ed/mcsema-testing/SANDBOX/test-2015-12-21_15-36-50/SingleSource/UnitTests/2003-05-31-CastToBool Output/2003-05-31-CastToBool.extra-results.txt >> Output/2003-05-31-CastToBool.simple.exec.report.txt; \
	fi
cat Output/2003-05-31-CastToBool.simple.compile.report.txt Output/2003-05-31-CastToBool.simple.exec.report.txt >> Output/2003-05-31-CastToBool.simple.report.txt
---------------------------------------------------------------
>>> ========= '/home/ed/mcsema-testing/SANDBOX/test-2015-12-21_15-36-50/SingleSource/UnitTests/2003-05-31-CastToBool' Program
---------------------------------------------------------------

TEST-PASS: compile /home/ed/mcsema-testing/SANDBOX/test-2015-12-21_15-36-50/SingleSource/UnitTests/2003-05-31-CastToBool
TEST-RESULT-compile-success: pass
TEST-RESULT-compile-hash: 7b3947936f24795910f1ad36047b7a88
TEST-RESULT-compile-time: user       0.0264
TEST-RESULT-compile-real-time: real       0.0411

TEST-PASS: exec /home/ed/mcsema-testing/SANDBOX/test-2015-12-21_15-36-50/SingleSource/UnitTests/2003-05-31-CastToBool
TEST-RESULT-exec-success: pass
TEST-RESULT-exec-time: user       0.0008
TEST-RESULT-exec-real-time: real       0.0017
/home/ed/mcsema-testing/llvm-test-suite/RunSafely.sh --show-errors -t "/home/ed/mcsema-testing/SANDBOX/test-2015-12-21_15-36-50/tools/timeit" 500 /dev/null Output/2003-05-31-LongShifts.llvm.o.compile \
	  /usr/bin/clang -I/home/ed/mcsema-testing/SANDBOX/test-2015-12-21_15-36-50/SingleSource/UnitTests -I/home/ed/mcsema-testing/llvm-test-suite/SingleSource/UnitTests -I/home/ed/mcsema-testing/llvm-test-suite/include -I../../include -D_GNU_SOURCE -D__STDC_LIMIT_MACROS -DNDEBUG  -O3  -m64 -fomit-frame-pointer -c /home/ed/mcsema-testing/llvm-test-suite/SingleSource/UnitTests/2003-05-31-LongShifts.c -o Output/2003-05-31-LongShifts.llvm.o
cp Output/2003-05-31-LongShifts.llvm.o.compile.time Output/2003-05-31-LongShifts.simple.compile.time
/usr/bin/clang++ -o Output/2003-05-31-LongShifts.simple Output/2003-05-31-LongShifts.llvm.o -lstdc++   -m64 -fomit-frame-pointer
/home/ed/mcsema-testing/llvm-test-suite/RunSafely.sh -t "/home/ed/mcsema-testing/SANDBOX/test-2015-12-21_15-36-50/tools/timeit-target" 500 /dev/null Output/2003-05-31-LongShifts.out-simple Output/2003-05-31-LongShifts.simple 
cp Output/2003-05-31-LongShifts.simple Output/2003-05-31-LongShifts.simple-hash; \
	strip --remove-section=.comment --remove-section='.note*' Output/2003-05-31-LongShifts.simple-hash; \
	/home/ed/mcsema-testing/llvm-test-suite/HashProgramOutput.sh Output/2003-05-31-LongShifts.simple-hash
if [ -f "/home/ed/mcsema-testing/llvm-test-suite/SingleSource/UnitTests/2003-05-31-LongShifts.reference_output.little-endian." ]; then \
	  cp /home/ed/mcsema-testing/llvm-test-suite/SingleSource/UnitTests/2003-05-31-LongShifts.reference_output.little-endian. Output/2003-05-31-LongShifts.out-nat; \
	elif [ -f "/home/ed/mcsema-testing/llvm-test-suite/SingleSource/UnitTests/2003-05-31-LongShifts.reference_output." ]; then \
	  cp /home/ed/mcsema-testing/llvm-test-suite/SingleSource/UnitTests/2003-05-31-LongShifts.reference_output. Output/2003-05-31-LongShifts.out-nat; \
	elif [ -f "/home/ed/mcsema-testing/llvm-test-suite/SingleSource/UnitTests/2003-05-31-LongShifts.reference_output.little-endian" ]; then \
	  cp /home/ed/mcsema-testing/llvm-test-suite/SingleSource/UnitTests/2003-05-31-LongShifts.reference_output.little-endian Output/2003-05-31-LongShifts.out-nat; \
	elif [ -f "/home/ed/mcsema-testing/llvm-test-suite/SingleSource/UnitTests/2003-05-31-LongShifts.reference_output" ]; then \
	  cp /home/ed/mcsema-testing/llvm-test-suite/SingleSource/UnitTests/2003-05-31-LongShifts.reference_output Output/2003-05-31-LongShifts.out-nat; \
	else \
	  printf "WARNING: %s: %s\n" "NO REFERENCE OUTPUT (using default)" "/home/ed/mcsema-testing/llvm-test-suite/SingleSource/UnitTests/2003-05-31-LongShifts.reference_output" > Output/2003-05-31-LongShifts.out-nat; \
	  cp /home/ed/mcsema-testing/llvm-test-suite/default.reference_output Output/2003-05-31-LongShifts.out-nat; \
	  cat Output/2003-05-31-LongShifts.out-nat; \
	fi
# Pretend that the reference output was produced instantaneously.
cp /home/ed/mcsema-testing/llvm-test-suite/instant.txt Output/2003-05-31-LongShifts.out-nat.time
/home/ed/mcsema-testing/llvm-test-suite/DiffOutput.sh "/home/ed/mcsema-testing/SANDBOX/test-2015-12-21_15-36-50/tools/fpcmp " simple 2003-05-31-LongShifts 
rm -f Output/2003-05-31-LongShifts.exe-simple
cp Output/2003-05-31-LongShifts.diff-simple Output/2003-05-31-LongShifts.exe-simple
if test -f Output/2003-05-31-LongShifts.extra-results.txt; then \
	  /home/ed/mcsema-testing/llvm-test-suite/ParseMultipleResults /home/ed/mcsema-testing/SANDBOX/test-2015-12-21_15-36-50/SingleSource/UnitTests/2003-05-31-LongShifts Output/2003-05-31-LongShifts.extra-results.txt >> Output/2003-05-31-LongShifts.simple.exec.report.txt; \
	fi
cat Output/2003-05-31-LongShifts.simple.compile.report.txt Output/2003-05-31-LongShifts.simple.exec.report.txt >> Output/2003-05-31-LongShifts.simple.report.txt
---------------------------------------------------------------
>>> ========= '/home/ed/mcsema-testing/SANDBOX/test-2015-12-21_15-36-50/SingleSource/UnitTests/2003-05-31-LongShifts' Program
---------------------------------------------------------------

TEST-PASS: compile /home/ed/mcsema-testing/SANDBOX/test-2015-12-21_15-36-50/SingleSource/UnitTests/2003-05-31-LongShifts
TEST-RESULT-compile-success: pass
TEST-RESULT-compile-hash: 3b883c4d9494fb59a5967da443ab8b05
TEST-RESULT-compile-time: user       0.0199
TEST-RESULT-compile-real-time: real       0.0333

TEST-PASS: exec /home/ed/mcsema-testing/SANDBOX/test-2015-12-21_15-36-50/SingleSource/UnitTests/2003-05-31-LongShifts
TEST-RESULT-exec-success: pass
TEST-RESULT-exec-time: user       0.0009
TEST-RESULT-exec-real-time: real       0.0019
/home/ed/mcsema-testing/llvm-test-suite/RunSafely.sh --show-errors -t "/home/ed/mcsema-testing/SANDBOX/test-2015-12-21_15-36-50/tools/timeit" 500 /dev/null Output/2003-07-06-IntOverflow.llvm.o.compile \
	  /usr/bin/clang -I/home/ed/mcsema-testing/SANDBOX/test-2015-12-21_15-36-50/SingleSource/UnitTests -I/home/ed/mcsema-testing/llvm-test-suite/SingleSource/UnitTests -I/home/ed/mcsema-testing/llvm-test-suite/include -I../../include -D_GNU_SOURCE -D__STDC_LIMIT_MACROS -DNDEBUG  -O3  -m64 -fomit-frame-pointer -c /home/ed/mcsema-testing/llvm-test-suite/SingleSource/UnitTests/2003-07-06-IntOverflow.c -o Output/2003-07-06-IntOverflow.llvm.o
cp Output/2003-07-06-IntOverflow.llvm.o.compile.time Output/2003-07-06-IntOverflow.simple.compile.time
/usr/bin/clang++ -o Output/2003-07-06-IntOverflow.simple Output/2003-07-06-IntOverflow.llvm.o -lstdc++   -m64 -fomit-frame-pointer
/home/ed/mcsema-testing/llvm-test-suite/RunSafely.sh -t "/home/ed/mcsema-testing/SANDBOX/test-2015-12-21_15-36-50/tools/timeit-target" 500 /dev/null Output/2003-07-06-IntOverflow.out-simple Output/2003-07-06-IntOverflow.simple 
cp Output/2003-07-06-IntOverflow.simple Output/2003-07-06-IntOverflow.simple-hash; \
	strip --remove-section=.comment --remove-section='.note*' Output/2003-07-06-IntOverflow.simple-hash; \
	/home/ed/mcsema-testing/llvm-test-suite/HashProgramOutput.sh Output/2003-07-06-IntOverflow.simple-hash
if [ -f "/home/ed/mcsema-testing/llvm-test-suite/SingleSource/UnitTests/2003-07-06-IntOverflow.reference_output.little-endian." ]; then \
	  cp /home/ed/mcsema-testing/llvm-test-suite/SingleSource/UnitTests/2003-07-06-IntOverflow.reference_output.little-endian. Output/2003-07-06-IntOverflow.out-nat; \
	elif [ -f "/home/ed/mcsema-testing/llvm-test-suite/SingleSource/UnitTests/2003-07-06-IntOverflow.reference_output." ]; then \
	  cp /home/ed/mcsema-testing/llvm-test-suite/SingleSource/UnitTests/2003-07-06-IntOverflow.reference_output. Output/2003-07-06-IntOverflow.out-nat; \
	elif [ -f "/home/ed/mcsema-testing/llvm-test-suite/SingleSource/UnitTests/2003-07-06-IntOverflow.reference_output.little-endian" ]; then \
	  cp /home/ed/mcsema-testing/llvm-test-suite/SingleSource/UnitTests/2003-07-06-IntOverflow.reference_output.little-endian Output/2003-07-06-IntOverflow.out-nat; \
	elif [ -f "/home/ed/mcsema-testing/llvm-test-suite/SingleSource/UnitTests/2003-07-06-IntOverflow.reference_output" ]; then \
	  cp /home/ed/mcsema-testing/llvm-test-suite/SingleSource/UnitTests/2003-07-06-IntOverflow.reference_output Output/2003-07-06-IntOverflow.out-nat; \
	else \
	  printf "WARNING: %s: %s\n" "NO REFERENCE OUTPUT (using default)" "/home/ed/mcsema-testing/llvm-test-suite/SingleSource/UnitTests/2003-07-06-IntOverflow.reference_output" > Output/2003-07-06-IntOverflow.out-nat; \
	  cp /home/ed/mcsema-testing/llvm-test-suite/default.reference_output Output/2003-07-06-IntOverflow.out-nat; \
	  cat Output/2003-07-06-IntOverflow.out-nat; \
	fi
# Pretend that the reference output was produced instantaneously.
cp /home/ed/mcsema-testing/llvm-test-suite/instant.txt Output/2003-07-06-IntOverflow.out-nat.time
/home/ed/mcsema-testing/llvm-test-suite/DiffOutput.sh "/home/ed/mcsema-testing/SANDBOX/test-2015-12-21_15-36-50/tools/fpcmp " simple 2003-07-06-IntOverflow 
rm -f Output/2003-07-06-IntOverflow.exe-simple
cp Output/2003-07-06-IntOverflow.diff-simple Output/2003-07-06-IntOverflow.exe-simple
if test -f Output/2003-07-06-IntOverflow.extra-results.txt; then \
	  /home/ed/mcsema-testing/llvm-test-suite/ParseMultipleResults /home/ed/mcsema-testing/SANDBOX/test-2015-12-21_15-36-50/SingleSource/UnitTests/2003-07-06-IntOverflow Output/2003-07-06-IntOverflow.extra-results.txt >> Output/2003-07-06-IntOverflow.simple.exec.report.txt; \
	fi
cat Output/2003-07-06-IntOverflow.simple.compile.report.txt Output/2003-07-06-IntOverflow.simple.exec.report.txt >> Output/2003-07-06-IntOverflow.simple.report.txt
---------------------------------------------------------------
>>> ========= '/home/ed/mcsema-testing/SANDBOX/test-2015-12-21_15-36-50/SingleSource/UnitTests/2003-07-06-IntOverflow' Program
---------------------------------------------------------------

TEST-PASS: compile /home/ed/mcsema-testing/SANDBOX/test-2015-12-21_15-36-50/SingleSource/UnitTests/2003-07-06-IntOverflow
TEST-RESULT-compile-success: pass
TEST-RESULT-compile-hash: 73b9754c85671ad4852fd156295c0c1d
TEST-RESULT-compile-time: user       0.0242
TEST-RESULT-compile-real-time: real       0.0379

TEST-PASS: exec /home/ed/mcsema-testing/SANDBOX/test-2015-12-21_15-36-50/SingleSource/UnitTests/2003-07-06-IntOverflow
TEST-RESULT-exec-success: pass
TEST-RESULT-exec-time: user       0.0008
TEST-RESULT-exec-real-time: real       0.0017
/home/ed/mcsema-testing/llvm-test-suite/RunSafely.sh --show-errors -t "/home/ed/mcsema-testing/SANDBOX/test-2015-12-21_15-36-50/tools/timeit" 500 /dev/null Output/2003-07-08-BitOpsTest.llvm.o.compile \
	  /usr/bin/clang -I/home/ed/mcsema-testing/SANDBOX/test-2015-12-21_15-36-50/SingleSource/UnitTests -I/home/ed/mcsema-testing/llvm-test-suite/SingleSource/UnitTests -I/home/ed/mcsema-testing/llvm-test-suite/include -I../../include -D_GNU_SOURCE -D__STDC_LIMIT_MACROS -DNDEBUG  -O3  -m64 -fomit-frame-pointer -c /home/ed/mcsema-testing/llvm-test-suite/SingleSource/UnitTests/2003-07-08-BitOpsTest.c -o Output/2003-07-08-BitOpsTest.llvm.o
cp Output/2003-07-08-BitOpsTest.llvm.o.compile.time Output/2003-07-08-BitOpsTest.simple.compile.time
/usr/bin/clang++ -o Output/2003-07-08-BitOpsTest.simple Output/2003-07-08-BitOpsTest.llvm.o -lstdc++   -m64 -fomit-frame-pointer
/home/ed/mcsema-testing/llvm-test-suite/RunSafely.sh -t "/home/ed/mcsema-testing/SANDBOX/test-2015-12-21_15-36-50/tools/timeit-target" 500 /dev/null Output/2003-07-08-BitOpsTest.out-simple Output/2003-07-08-BitOpsTest.simple 
cp Output/2003-07-08-BitOpsTest.simple Output/2003-07-08-BitOpsTest.simple-hash; \
	strip --remove-section=.comment --remove-section='.note*' Output/2003-07-08-BitOpsTest.simple-hash; \
	/home/ed/mcsema-testing/llvm-test-suite/HashProgramOutput.sh Output/2003-07-08-BitOpsTest.simple-hash
if [ -f "/home/ed/mcsema-testing/llvm-test-suite/SingleSource/UnitTests/2003-07-08-BitOpsTest.reference_output.little-endian." ]; then \
	  cp /home/ed/mcsema-testing/llvm-test-suite/SingleSource/UnitTests/2003-07-08-BitOpsTest.reference_output.little-endian. Output/2003-07-08-BitOpsTest.out-nat; \
	elif [ -f "/home/ed/mcsema-testing/llvm-test-suite/SingleSource/UnitTests/2003-07-08-BitOpsTest.reference_output." ]; then \
	  cp /home/ed/mcsema-testing/llvm-test-suite/SingleSource/UnitTests/2003-07-08-BitOpsTest.reference_output. Output/2003-07-08-BitOpsTest.out-nat; \
	elif [ -f "/home/ed/mcsema-testing/llvm-test-suite/SingleSource/UnitTests/2003-07-08-BitOpsTest.reference_output.little-endian" ]; then \
	  cp /home/ed/mcsema-testing/llvm-test-suite/SingleSource/UnitTests/2003-07-08-BitOpsTest.reference_output.little-endian Output/2003-07-08-BitOpsTest.out-nat; \
	elif [ -f "/home/ed/mcsema-testing/llvm-test-suite/SingleSource/UnitTests/2003-07-08-BitOpsTest.reference_output" ]; then \
	  cp /home/ed/mcsema-testing/llvm-test-suite/SingleSource/UnitTests/2003-07-08-BitOpsTest.reference_output Output/2003-07-08-BitOpsTest.out-nat; \
	else \
	  printf "WARNING: %s: %s\n" "NO REFERENCE OUTPUT (using default)" "/home/ed/mcsema-testing/llvm-test-suite/SingleSource/UnitTests/2003-07-08-BitOpsTest.reference_output" > Output/2003-07-08-BitOpsTest.out-nat; \
	  cp /home/ed/mcsema-testing/llvm-test-suite/default.reference_output Output/2003-07-08-BitOpsTest.out-nat; \
	  cat Output/2003-07-08-BitOpsTest.out-nat; \
	fi
# Pretend that the reference output was produced instantaneously.
cp /home/ed/mcsema-testing/llvm-test-suite/instant.txt Output/2003-07-08-BitOpsTest.out-nat.time
/home/ed/mcsema-testing/llvm-test-suite/DiffOutput.sh "/home/ed/mcsema-testing/SANDBOX/test-2015-12-21_15-36-50/tools/fpcmp " simple 2003-07-08-BitOpsTest 
rm -f Output/2003-07-08-BitOpsTest.exe-simple
cp Output/2003-07-08-BitOpsTest.diff-simple Output/2003-07-08-BitOpsTest.exe-simple
if test -f Output/2003-07-08-BitOpsTest.extra-results.txt; then \
	  /home/ed/mcsema-testing/llvm-test-suite/ParseMultipleResults /home/ed/mcsema-testing/SANDBOX/test-2015-12-21_15-36-50/SingleSource/UnitTests/2003-07-08-BitOpsTest Output/2003-07-08-BitOpsTest.extra-results.txt >> Output/2003-07-08-BitOpsTest.simple.exec.report.txt; \
	fi
cat Output/2003-07-08-BitOpsTest.simple.compile.report.txt Output/2003-07-08-BitOpsTest.simple.exec.report.txt >> Output/2003-07-08-BitOpsTest.simple.report.txt
---------------------------------------------------------------
>>> ========= '/home/ed/mcsema-testing/SANDBOX/test-2015-12-21_15-36-50/SingleSource/UnitTests/2003-07-08-BitOpsTest' Program
---------------------------------------------------------------

TEST-PASS: compile /home/ed/mcsema-testing/SANDBOX/test-2015-12-21_15-36-50/SingleSource/UnitTests/2003-07-08-BitOpsTest
TEST-RESULT-compile-success: pass
TEST-RESULT-compile-hash: 77ef587d85da7e5543ec47fa4191eda5
TEST-RESULT-compile-time: user       0.0215
TEST-RESULT-compile-real-time: real       0.0346

TEST-PASS: exec /home/ed/mcsema-testing/SANDBOX/test-2015-12-21_15-36-50/SingleSource/UnitTests/2003-07-08-BitOpsTest
TEST-RESULT-exec-success: pass
TEST-RESULT-exec-time: user       0.0008
TEST-RESULT-exec-real-time: real       0.0016
/home/ed/mcsema-testing/llvm-test-suite/RunSafely.sh --show-errors -t "/home/ed/mcsema-testing/SANDBOX/test-2015-12-21_15-36-50/tools/timeit" 500 /dev/null Output/2003-07-09-LoadShorts.llvm.o.compile \
	  /usr/bin/clang -I/home/ed/mcsema-testing/SANDBOX/test-2015-12-21_15-36-50/SingleSource/UnitTests -I/home/ed/mcsema-testing/llvm-test-suite/SingleSource/UnitTests -I/home/ed/mcsema-testing/llvm-test-suite/include -I../../include -D_GNU_SOURCE -D__STDC_LIMIT_MACROS -DNDEBUG  -O3  -m64 -fomit-frame-pointer -c /home/ed/mcsema-testing/llvm-test-suite/SingleSource/UnitTests/2003-07-09-LoadShorts.c -o Output/2003-07-09-LoadShorts.llvm.o
cp Output/2003-07-09-LoadShorts.llvm.o.compile.time Output/2003-07-09-LoadShorts.simple.compile.time
/usr/bin/clang++ -o Output/2003-07-09-LoadShorts.simple Output/2003-07-09-LoadShorts.llvm.o -lstdc++   -m64 -fomit-frame-pointer
/home/ed/mcsema-testing/llvm-test-suite/RunSafely.sh -t "/home/ed/mcsema-testing/SANDBOX/test-2015-12-21_15-36-50/tools/timeit-target" 500 /dev/null Output/2003-07-09-LoadShorts.out-simple Output/2003-07-09-LoadShorts.simple 
cp Output/2003-07-09-LoadShorts.simple Output/2003-07-09-LoadShorts.simple-hash; \
	strip --remove-section=.comment --remove-section='.note*' Output/2003-07-09-LoadShorts.simple-hash; \
	/home/ed/mcsema-testing/llvm-test-suite/HashProgramOutput.sh Output/2003-07-09-LoadShorts.simple-hash
if [ -f "/home/ed/mcsema-testing/llvm-test-suite/SingleSource/UnitTests/2003-07-09-LoadShorts.reference_output.little-endian." ]; then \
	  cp /home/ed/mcsema-testing/llvm-test-suite/SingleSource/UnitTests/2003-07-09-LoadShorts.reference_output.little-endian. Output/2003-07-09-LoadShorts.out-nat; \
	elif [ -f "/home/ed/mcsema-testing/llvm-test-suite/SingleSource/UnitTests/2003-07-09-LoadShorts.reference_output." ]; then \
	  cp /home/ed/mcsema-testing/llvm-test-suite/SingleSource/UnitTests/2003-07-09-LoadShorts.reference_output. Output/2003-07-09-LoadShorts.out-nat; \
	elif [ -f "/home/ed/mcsema-testing/llvm-test-suite/SingleSource/UnitTests/2003-07-09-LoadShorts.reference_output.little-endian" ]; then \
	  cp /home/ed/mcsema-testing/llvm-test-suite/SingleSource/UnitTests/2003-07-09-LoadShorts.reference_output.little-endian Output/2003-07-09-LoadShorts.out-nat; \
	elif [ -f "/home/ed/mcsema-testing/llvm-test-suite/SingleSource/UnitTests/2003-07-09-LoadShorts.reference_output" ]; then \
	  cp /home/ed/mcsema-testing/llvm-test-suite/SingleSource/UnitTests/2003-07-09-LoadShorts.reference_output Output/2003-07-09-LoadShorts.out-nat; \
	else \
	  printf "WARNING: %s: %s\n" "NO REFERENCE OUTPUT (using default)" "/home/ed/mcsema-testing/llvm-test-suite/SingleSource/UnitTests/2003-07-09-LoadShorts.reference_output" > Output/2003-07-09-LoadShorts.out-nat; \
	  cp /home/ed/mcsema-testing/llvm-test-suite/default.reference_output Output/2003-07-09-LoadShorts.out-nat; \
	  cat Output/2003-07-09-LoadShorts.out-nat; \
	fi
# Pretend that the reference output was produced instantaneously.
cp /home/ed/mcsema-testing/llvm-test-suite/instant.txt Output/2003-07-09-LoadShorts.out-nat.time
/home/ed/mcsema-testing/llvm-test-suite/DiffOutput.sh "/home/ed/mcsema-testing/SANDBOX/test-2015-12-21_15-36-50/tools/fpcmp " simple 2003-07-09-LoadShorts 
rm -f Output/2003-07-09-LoadShorts.exe-simple
cp Output/2003-07-09-LoadShorts.diff-simple Output/2003-07-09-LoadShorts.exe-simple
if test -f Output/2003-07-09-LoadShorts.extra-results.txt; then \
	  /home/ed/mcsema-testing/llvm-test-suite/ParseMultipleResults /home/ed/mcsema-testing/SANDBOX/test-2015-12-21_15-36-50/SingleSource/UnitTests/2003-07-09-LoadShorts Output/2003-07-09-LoadShorts.extra-results.txt >> Output/2003-07-09-LoadShorts.simple.exec.report.txt; \
	fi
cat Output/2003-07-09-LoadShorts.simple.compile.report.txt Output/2003-07-09-LoadShorts.simple.exec.report.txt >> Output/2003-07-09-LoadShorts.simple.report.txt
---------------------------------------------------------------
>>> ========= '/home/ed/mcsema-testing/SANDBOX/test-2015-12-21_15-36-50/SingleSource/UnitTests/2003-07-09-LoadShorts' Program
---------------------------------------------------------------

TEST-PASS: compile /home/ed/mcsema-testing/SANDBOX/test-2015-12-21_15-36-50/SingleSource/UnitTests/2003-07-09-LoadShorts
TEST-RESULT-compile-success: pass
TEST-RESULT-compile-hash: 43023338e7e3b66f2aed7337b90ae75f
TEST-RESULT-compile-time: user       0.0279
TEST-RESULT-compile-real-time: real       0.0427

TEST-PASS: exec /home/ed/mcsema-testing/SANDBOX/test-2015-12-21_15-36-50/SingleSource/UnitTests/2003-07-09-LoadShorts
TEST-RESULT-exec-success: pass
TEST-RESULT-exec-time: user       0.0008
TEST-RESULT-exec-real-time: real       0.0017
/home/ed/mcsema-testing/llvm-test-suite/RunSafely.sh --show-errors -t "/home/ed/mcsema-testing/SANDBOX/test-2015-12-21_15-36-50/tools/timeit" 500 /dev/null Output/2003-07-09-SignedArgs.llvm.o.compile \
	  /usr/bin/clang -I/home/ed/mcsema-testing/SANDBOX/test-2015-12-21_15-36-50/SingleSource/UnitTests -I/home/ed/mcsema-testing/llvm-test-suite/SingleSource/UnitTests -I/home/ed/mcsema-testing/llvm-test-suite/include -I../../include -D_GNU_SOURCE -D__STDC_LIMIT_MACROS -DNDEBUG  -O3  -m64 -fomit-frame-pointer -c /home/ed/mcsema-testing/llvm-test-suite/SingleSource/UnitTests/2003-07-09-SignedArgs.c -o Output/2003-07-09-SignedArgs.llvm.o
cp Output/2003-07-09-SignedArgs.llvm.o.compile.time Output/2003-07-09-SignedArgs.simple.compile.time
/usr/bin/clang++ -o Output/2003-07-09-SignedArgs.simple Output/2003-07-09-SignedArgs.llvm.o -lstdc++   -m64 -fomit-frame-pointer
/home/ed/mcsema-testing/llvm-test-suite/RunSafely.sh -t "/home/ed/mcsema-testing/SANDBOX/test-2015-12-21_15-36-50/tools/timeit-target" 500 /dev/null Output/2003-07-09-SignedArgs.out-simple Output/2003-07-09-SignedArgs.simple 
cp Output/2003-07-09-SignedArgs.simple Output/2003-07-09-SignedArgs.simple-hash; \
	strip --remove-section=.comment --remove-section='.note*' Output/2003-07-09-SignedArgs.simple-hash; \
	/home/ed/mcsema-testing/llvm-test-suite/HashProgramOutput.sh Output/2003-07-09-SignedArgs.simple-hash
if [ -f "/home/ed/mcsema-testing/llvm-test-suite/SingleSource/UnitTests/2003-07-09-SignedArgs.reference_output.little-endian." ]; then \
	  cp /home/ed/mcsema-testing/llvm-test-suite/SingleSource/UnitTests/2003-07-09-SignedArgs.reference_output.little-endian. Output/2003-07-09-SignedArgs.out-nat; \
	elif [ -f "/home/ed/mcsema-testing/llvm-test-suite/SingleSource/UnitTests/2003-07-09-SignedArgs.reference_output." ]; then \
	  cp /home/ed/mcsema-testing/llvm-test-suite/SingleSource/UnitTests/2003-07-09-SignedArgs.reference_output. Output/2003-07-09-SignedArgs.out-nat; \
	elif [ -f "/home/ed/mcsema-testing/llvm-test-suite/SingleSource/UnitTests/2003-07-09-SignedArgs.reference_output.little-endian" ]; then \
	  cp /home/ed/mcsema-testing/llvm-test-suite/SingleSource/UnitTests/2003-07-09-SignedArgs.reference_output.little-endian Output/2003-07-09-SignedArgs.out-nat; \
	elif [ -f "/home/ed/mcsema-testing/llvm-test-suite/SingleSource/UnitTests/2003-07-09-SignedArgs.reference_output" ]; then \
	  cp /home/ed/mcsema-testing/llvm-test-suite/SingleSource/UnitTests/2003-07-09-SignedArgs.reference_output Output/2003-07-09-SignedArgs.out-nat; \
	else \
	  printf "WARNING: %s: %s\n" "NO REFERENCE OUTPUT (using default)" "/home/ed/mcsema-testing/llvm-test-suite/SingleSource/UnitTests/2003-07-09-SignedArgs.reference_output" > Output/2003-07-09-SignedArgs.out-nat; \
	  cp /home/ed/mcsema-testing/llvm-test-suite/default.reference_output Output/2003-07-09-SignedArgs.out-nat; \
	  cat Output/2003-07-09-SignedArgs.out-nat; \
	fi
# Pretend that the reference output was produced instantaneously.
cp /home/ed/mcsema-testing/llvm-test-suite/instant.txt Output/2003-07-09-SignedArgs.out-nat.time
/home/ed/mcsema-testing/llvm-test-suite/DiffOutput.sh "/home/ed/mcsema-testing/SANDBOX/test-2015-12-21_15-36-50/tools/fpcmp " simple 2003-07-09-SignedArgs 
rm -f Output/2003-07-09-SignedArgs.exe-simple
cp Output/2003-07-09-SignedArgs.diff-simple Output/2003-07-09-SignedArgs.exe-simple
if test -f Output/2003-07-09-SignedArgs.extra-results.txt; then \
	  /home/ed/mcsema-testing/llvm-test-suite/ParseMultipleResults /home/ed/mcsema-testing/SANDBOX/test-2015-12-21_15-36-50/SingleSource/UnitTests/2003-07-09-SignedArgs Output/2003-07-09-SignedArgs.extra-results.txt >> Output/2003-07-09-SignedArgs.simple.exec.report.txt; \
	fi
cat Output/2003-07-09-SignedArgs.simple.compile.report.txt Output/2003-07-09-SignedArgs.simple.exec.report.txt >> Output/2003-07-09-SignedArgs.simple.report.txt
---------------------------------------------------------------
>>> ========= '/home/ed/mcsema-testing/SANDBOX/test-2015-12-21_15-36-50/SingleSource/UnitTests/2003-07-09-SignedArgs' Program
---------------------------------------------------------------

TEST-PASS: compile /home/ed/mcsema-testing/SANDBOX/test-2015-12-21_15-36-50/SingleSource/UnitTests/2003-07-09-SignedArgs
TEST-RESULT-compile-success: pass
TEST-RESULT-compile-hash: e3c037abca8e5bba1cb9e68586d28324
TEST-RESULT-compile-time: user       0.0315
TEST-RESULT-compile-real-time: real       0.0575

TEST-PASS: exec /home/ed/mcsema-testing/SANDBOX/test-2015-12-21_15-36-50/SingleSource/UnitTests/2003-07-09-SignedArgs
TEST-RESULT-exec-success: pass
TEST-RESULT-exec-time: user       0.0008
TEST-RESULT-exec-real-time: real       0.0019
/home/ed/mcsema-testing/llvm-test-suite/RunSafely.sh --show-errors -t "/home/ed/mcsema-testing/SANDBOX/test-2015-12-21_15-36-50/tools/timeit" 500 /dev/null Output/2003-07-10-SignConversions.llvm.o.compile \
	  /usr/bin/clang -I/home/ed/mcsema-testing/SANDBOX/test-2015-12-21_15-36-50/SingleSource/UnitTests -I/home/ed/mcsema-testing/llvm-test-suite/SingleSource/UnitTests -I/home/ed/mcsema-testing/llvm-test-suite/include -I../../include -D_GNU_SOURCE -D__STDC_LIMIT_MACROS -DNDEBUG  -O3  -m64 -fomit-frame-pointer -c /home/ed/mcsema-testing/llvm-test-suite/SingleSource/UnitTests/2003-07-10-SignConversions.c -o Output/2003-07-10-SignConversions.llvm.o
cp Output/2003-07-10-SignConversions.llvm.o.compile.time Output/2003-07-10-SignConversions.simple.compile.time
/usr/bin/clang++ -o Output/2003-07-10-SignConversions.simple Output/2003-07-10-SignConversions.llvm.o -lstdc++   -m64 -fomit-frame-pointer
/home/ed/mcsema-testing/llvm-test-suite/RunSafely.sh -t "/home/ed/mcsema-testing/SANDBOX/test-2015-12-21_15-36-50/tools/timeit-target" 500 /dev/null Output/2003-07-10-SignConversions.out-simple Output/2003-07-10-SignConversions.simple 
cp Output/2003-07-10-SignConversions.simple Output/2003-07-10-SignConversions.simple-hash; \
	strip --remove-section=.comment --remove-section='.note*' Output/2003-07-10-SignConversions.simple-hash; \
	/home/ed/mcsema-testing/llvm-test-suite/HashProgramOutput.sh Output/2003-07-10-SignConversions.simple-hash
if [ -f "/home/ed/mcsema-testing/llvm-test-suite/SingleSource/UnitTests/2003-07-10-SignConversions.reference_output.little-endian." ]; then \
	  cp /home/ed/mcsema-testing/llvm-test-suite/SingleSource/UnitTests/2003-07-10-SignConversions.reference_output.little-endian. Output/2003-07-10-SignConversions.out-nat; \
	elif [ -f "/home/ed/mcsema-testing/llvm-test-suite/SingleSource/UnitTests/2003-07-10-SignConversions.reference_output." ]; then \
	  cp /home/ed/mcsema-testing/llvm-test-suite/SingleSource/UnitTests/2003-07-10-SignConversions.reference_output. Output/2003-07-10-SignConversions.out-nat; \
	elif [ -f "/home/ed/mcsema-testing/llvm-test-suite/SingleSource/UnitTests/2003-07-10-SignConversions.reference_output.little-endian" ]; then \
	  cp /home/ed/mcsema-testing/llvm-test-suite/SingleSource/UnitTests/2003-07-10-SignConversions.reference_output.little-endian Output/2003-07-10-SignConversions.out-nat; \
	elif [ -f "/home/ed/mcsema-testing/llvm-test-suite/SingleSource/UnitTests/2003-07-10-SignConversions.reference_output" ]; then \
	  cp /home/ed/mcsema-testing/llvm-test-suite/SingleSource/UnitTests/2003-07-10-SignConversions.reference_output Output/2003-07-10-SignConversions.out-nat; \
	else \
	  printf "WARNING: %s: %s\n" "NO REFERENCE OUTPUT (using default)" "/home/ed/mcsema-testing/llvm-test-suite/SingleSource/UnitTests/2003-07-10-SignConversions.reference_output" > Output/2003-07-10-SignConversions.out-nat; \
	  cp /home/ed/mcsema-testing/llvm-test-suite/default.reference_output Output/2003-07-10-SignConversions.out-nat; \
	  cat Output/2003-07-10-SignConversions.out-nat; \
	fi
# Pretend that the reference output was produced instantaneously.
cp /home/ed/mcsema-testing/llvm-test-suite/instant.txt Output/2003-07-10-SignConversions.out-nat.time
/home/ed/mcsema-testing/llvm-test-suite/DiffOutput.sh "/home/ed/mcsema-testing/SANDBOX/test-2015-12-21_15-36-50/tools/fpcmp " simple 2003-07-10-SignConversions 
rm -f Output/2003-07-10-SignConversions.exe-simple
cp Output/2003-07-10-SignConversions.diff-simple Output/2003-07-10-SignConversions.exe-simple
if test -f Output/2003-07-10-SignConversions.extra-results.txt; then \
	  /home/ed/mcsema-testing/llvm-test-suite/ParseMultipleResults /home/ed/mcsema-testing/SANDBOX/test-2015-12-21_15-36-50/SingleSource/UnitTests/2003-07-10-SignConversions Output/2003-07-10-SignConversions.extra-results.txt >> Output/2003-07-10-SignConversions.simple.exec.report.txt; \
	fi
cat Output/2003-07-10-SignConversions.simple.compile.report.txt Output/2003-07-10-SignConversions.simple.exec.report.txt >> Output/2003-07-10-SignConversions.simple.report.txt
---------------------------------------------------------------
>>> ========= '/home/ed/mcsema-testing/SANDBOX/test-2015-12-21_15-36-50/SingleSource/UnitTests/2003-07-10-SignConversions' Program
---------------------------------------------------------------

TEST-PASS: compile /home/ed/mcsema-testing/SANDBOX/test-2015-12-21_15-36-50/SingleSource/UnitTests/2003-07-10-SignConversions
TEST-RESULT-compile-success: pass
TEST-RESULT-compile-hash: 1af20f76c41cdbb67dba8d421be2fcda
TEST-RESULT-compile-time: user       0.0219
TEST-RESULT-compile-real-time: real       0.0357

TEST-PASS: exec /home/ed/mcsema-testing/SANDBOX/test-2015-12-21_15-36-50/SingleSource/UnitTests/2003-07-10-SignConversions
TEST-RESULT-exec-success: pass
TEST-RESULT-exec-time: user       0.0008
TEST-RESULT-exec-real-time: real       0.0020
/home/ed/mcsema-testing/llvm-test-suite/RunSafely.sh --show-errors -t "/home/ed/mcsema-testing/SANDBOX/test-2015-12-21_15-36-50/tools/timeit" 500 /dev/null Output/2003-08-05-CastFPToUint.llvm.o.compile \
	  /usr/bin/clang -I/home/ed/mcsema-testing/SANDBOX/test-2015-12-21_15-36-50/SingleSource/UnitTests -I/home/ed/mcsema-testing/llvm-test-suite/SingleSource/UnitTests -I/home/ed/mcsema-testing/llvm-test-suite/include -I../../include -D_GNU_SOURCE -D__STDC_LIMIT_MACROS -DNDEBUG  -O3  -m64 -fomit-frame-pointer -c /home/ed/mcsema-testing/llvm-test-suite/SingleSource/UnitTests/2003-08-05-CastFPToUint.c -o Output/2003-08-05-CastFPToUint.llvm.o
cp Output/2003-08-05-CastFPToUint.llvm.o.compile.time Output/2003-08-05-CastFPToUint.simple.compile.time
/usr/bin/clang++ -o Output/2003-08-05-CastFPToUint.simple Output/2003-08-05-CastFPToUint.llvm.o -lstdc++   -m64 -fomit-frame-pointer
/home/ed/mcsema-testing/llvm-test-suite/RunSafely.sh -t "/home/ed/mcsema-testing/SANDBOX/test-2015-12-21_15-36-50/tools/timeit-target" 500 /dev/null Output/2003-08-05-CastFPToUint.out-simple Output/2003-08-05-CastFPToUint.simple 
cp Output/2003-08-05-CastFPToUint.simple Output/2003-08-05-CastFPToUint.simple-hash; \
	strip --remove-section=.comment --remove-section='.note*' Output/2003-08-05-CastFPToUint.simple-hash; \
	/home/ed/mcsema-testing/llvm-test-suite/HashProgramOutput.sh Output/2003-08-05-CastFPToUint.simple-hash
if [ -f "/home/ed/mcsema-testing/llvm-test-suite/SingleSource/UnitTests/2003-08-05-CastFPToUint.reference_output.little-endian." ]; then \
	  cp /home/ed/mcsema-testing/llvm-test-suite/SingleSource/UnitTests/2003-08-05-CastFPToUint.reference_output.little-endian. Output/2003-08-05-CastFPToUint.out-nat; \
	elif [ -f "/home/ed/mcsema-testing/llvm-test-suite/SingleSource/UnitTests/2003-08-05-CastFPToUint.reference_output." ]; then \
	  cp /home/ed/mcsema-testing/llvm-test-suite/SingleSource/UnitTests/2003-08-05-CastFPToUint.reference_output. Output/2003-08-05-CastFPToUint.out-nat; \
	elif [ -f "/home/ed/mcsema-testing/llvm-test-suite/SingleSource/UnitTests/2003-08-05-CastFPToUint.reference_output.little-endian" ]; then \
	  cp /home/ed/mcsema-testing/llvm-test-suite/SingleSource/UnitTests/2003-08-05-CastFPToUint.reference_output.little-endian Output/2003-08-05-CastFPToUint.out-nat; \
	elif [ -f "/home/ed/mcsema-testing/llvm-test-suite/SingleSource/UnitTests/2003-08-05-CastFPToUint.reference_output" ]; then \
	  cp /home/ed/mcsema-testing/llvm-test-suite/SingleSource/UnitTests/2003-08-05-CastFPToUint.reference_output Output/2003-08-05-CastFPToUint.out-nat; \
	else \
	  printf "WARNING: %s: %s\n" "NO REFERENCE OUTPUT (using default)" "/home/ed/mcsema-testing/llvm-test-suite/SingleSource/UnitTests/2003-08-05-CastFPToUint.reference_output" > Output/2003-08-05-CastFPToUint.out-nat; \
	  cp /home/ed/mcsema-testing/llvm-test-suite/default.reference_output Output/2003-08-05-CastFPToUint.out-nat; \
	  cat Output/2003-08-05-CastFPToUint.out-nat; \
	fi
# Pretend that the reference output was produced instantaneously.
cp /home/ed/mcsema-testing/llvm-test-suite/instant.txt Output/2003-08-05-CastFPToUint.out-nat.time
/home/ed/mcsema-testing/llvm-test-suite/DiffOutput.sh "/home/ed/mcsema-testing/SANDBOX/test-2015-12-21_15-36-50/tools/fpcmp " simple 2003-08-05-CastFPToUint 
rm -f Output/2003-08-05-CastFPToUint.exe-simple
cp Output/2003-08-05-CastFPToUint.diff-simple Output/2003-08-05-CastFPToUint.exe-simple
if test -f Output/2003-08-05-CastFPToUint.extra-results.txt; then \
	  /home/ed/mcsema-testing/llvm-test-suite/ParseMultipleResults /home/ed/mcsema-testing/SANDBOX/test-2015-12-21_15-36-50/SingleSource/UnitTests/2003-08-05-CastFPToUint Output/2003-08-05-CastFPToUint.extra-results.txt >> Output/2003-08-05-CastFPToUint.simple.exec.report.txt; \
	fi
cat Output/2003-08-05-CastFPToUint.simple.compile.report.txt Output/2003-08-05-CastFPToUint.simple.exec.report.txt >> Output/2003-08-05-CastFPToUint.simple.report.txt
---------------------------------------------------------------
>>> ========= '/home/ed/mcsema-testing/SANDBOX/test-2015-12-21_15-36-50/SingleSource/UnitTests/2003-08-05-CastFPToUint' Program
---------------------------------------------------------------

TEST-PASS: compile /home/ed/mcsema-testing/SANDBOX/test-2015-12-21_15-36-50/SingleSource/UnitTests/2003-08-05-CastFPToUint
TEST-RESULT-compile-success: pass
TEST-RESULT-compile-hash: 06d83442bd8b58cd9d4e4ba66f0ee4bd
TEST-RESULT-compile-time: user       0.0259
TEST-RESULT-compile-real-time: real       0.0399

TEST-PASS: exec /home/ed/mcsema-testing/SANDBOX/test-2015-12-21_15-36-50/SingleSource/UnitTests/2003-08-05-CastFPToUint
TEST-RESULT-exec-success: pass
TEST-RESULT-exec-time: user       0.0009
TEST-RESULT-exec-real-time: real       0.0017
/home/ed/mcsema-testing/llvm-test-suite/RunSafely.sh --show-errors -t "/home/ed/mcsema-testing/SANDBOX/test-2015-12-21_15-36-50/tools/timeit" 500 /dev/null Output/2003-08-11-VaListArg.llvm.o.compile \
	  /usr/bin/clang -I/home/ed/mcsema-testing/SANDBOX/test-2015-12-21_15-36-50/SingleSource/UnitTests -I/home/ed/mcsema-testing/llvm-test-suite/SingleSource/UnitTests -I/home/ed/mcsema-testing/llvm-test-suite/include -I../../include -D_GNU_SOURCE -D__STDC_LIMIT_MACROS -DNDEBUG  -O3  -m64 -fomit-frame-pointer -c /home/ed/mcsema-testing/llvm-test-suite/SingleSource/UnitTests/2003-08-11-VaListArg.c -o Output/2003-08-11-VaListArg.llvm.o
cp Output/2003-08-11-VaListArg.llvm.o.compile.time Output/2003-08-11-VaListArg.simple.compile.time
/usr/bin/clang++ -o Output/2003-08-11-VaListArg.simple Output/2003-08-11-VaListArg.llvm.o -lstdc++   -m64 -fomit-frame-pointer
/home/ed/mcsema-testing/llvm-test-suite/RunSafely.sh -t "/home/ed/mcsema-testing/SANDBOX/test-2015-12-21_15-36-50/tools/timeit-target" 500 /dev/null Output/2003-08-11-VaListArg.out-simple Output/2003-08-11-VaListArg.simple 
cp Output/2003-08-11-VaListArg.simple Output/2003-08-11-VaListArg.simple-hash; \
	strip --remove-section=.comment --remove-section='.note*' Output/2003-08-11-VaListArg.simple-hash; \
	/home/ed/mcsema-testing/llvm-test-suite/HashProgramOutput.sh Output/2003-08-11-VaListArg.simple-hash
if [ -f "/home/ed/mcsema-testing/llvm-test-suite/SingleSource/UnitTests/2003-08-11-VaListArg.reference_output.little-endian." ]; then \
	  cp /home/ed/mcsema-testing/llvm-test-suite/SingleSource/UnitTests/2003-08-11-VaListArg.reference_output.little-endian. Output/2003-08-11-VaListArg.out-nat; \
	elif [ -f "/home/ed/mcsema-testing/llvm-test-suite/SingleSource/UnitTests/2003-08-11-VaListArg.reference_output." ]; then \
	  cp /home/ed/mcsema-testing/llvm-test-suite/SingleSource/UnitTests/2003-08-11-VaListArg.reference_output. Output/2003-08-11-VaListArg.out-nat; \
	elif [ -f "/home/ed/mcsema-testing/llvm-test-suite/SingleSource/UnitTests/2003-08-11-VaListArg.reference_output.little-endian" ]; then \
	  cp /home/ed/mcsema-testing/llvm-test-suite/SingleSource/UnitTests/2003-08-11-VaListArg.reference_output.little-endian Output/2003-08-11-VaListArg.out-nat; \
	elif [ -f "/home/ed/mcsema-testing/llvm-test-suite/SingleSource/UnitTests/2003-08-11-VaListArg.reference_output" ]; then \
	  cp /home/ed/mcsema-testing/llvm-test-suite/SingleSource/UnitTests/2003-08-11-VaListArg.reference_output Output/2003-08-11-VaListArg.out-nat; \
	else \
	  printf "WARNING: %s: %s\n" "NO REFERENCE OUTPUT (using default)" "/home/ed/mcsema-testing/llvm-test-suite/SingleSource/UnitTests/2003-08-11-VaListArg.reference_output" > Output/2003-08-11-VaListArg.out-nat; \
	  cp /home/ed/mcsema-testing/llvm-test-suite/default.reference_output Output/2003-08-11-VaListArg.out-nat; \
	  cat Output/2003-08-11-VaListArg.out-nat; \
	fi
# Pretend that the reference output was produced instantaneously.
cp /home/ed/mcsema-testing/llvm-test-suite/instant.txt Output/2003-08-11-VaListArg.out-nat.time
/home/ed/mcsema-testing/llvm-test-suite/DiffOutput.sh "/home/ed/mcsema-testing/SANDBOX/test-2015-12-21_15-36-50/tools/fpcmp " simple 2003-08-11-VaListArg 
rm -f Output/2003-08-11-VaListArg.exe-simple
cp Output/2003-08-11-VaListArg.diff-simple Output/2003-08-11-VaListArg.exe-simple
if test -f Output/2003-08-11-VaListArg.extra-results.txt; then \
	  /home/ed/mcsema-testing/llvm-test-suite/ParseMultipleResults /home/ed/mcsema-testing/SANDBOX/test-2015-12-21_15-36-50/SingleSource/UnitTests/2003-08-11-VaListArg Output/2003-08-11-VaListArg.extra-results.txt >> Output/2003-08-11-VaListArg.simple.exec.report.txt; \
	fi
cat Output/2003-08-11-VaListArg.simple.compile.report.txt Output/2003-08-11-VaListArg.simple.exec.report.txt >> Output/2003-08-11-VaListArg.simple.report.txt
---------------------------------------------------------------
>>> ========= '/home/ed/mcsema-testing/SANDBOX/test-2015-12-21_15-36-50/SingleSource/UnitTests/2003-08-11-VaListArg' Program
---------------------------------------------------------------

TEST-PASS: compile /home/ed/mcsema-testing/SANDBOX/test-2015-12-21_15-36-50/SingleSource/UnitTests/2003-08-11-VaListArg
TEST-RESULT-compile-success: pass
TEST-RESULT-compile-hash: 1b4f1555ab27754cc1d30f3f32da21dc
TEST-RESULT-compile-time: user       0.0329
TEST-RESULT-compile-real-time: real       0.0471

TEST-PASS: exec /home/ed/mcsema-testing/SANDBOX/test-2015-12-21_15-36-50/SingleSource/UnitTests/2003-08-11-VaListArg
TEST-RESULT-exec-success: pass
TEST-RESULT-exec-time: user       0.0009
TEST-RESULT-exec-real-time: real       0.0017
/home/ed/mcsema-testing/llvm-test-suite/RunSafely.sh --show-errors -t "/home/ed/mcsema-testing/SANDBOX/test-2015-12-21_15-36-50/tools/timeit" 500 /dev/null Output/2003-08-20-FoldBug.llvm.o.compile \
	  /usr/bin/clang -I/home/ed/mcsema-testing/SANDBOX/test-2015-12-21_15-36-50/SingleSource/UnitTests -I/home/ed/mcsema-testing/llvm-test-suite/SingleSource/UnitTests -I/home/ed/mcsema-testing/llvm-test-suite/include -I../../include -D_GNU_SOURCE -D__STDC_LIMIT_MACROS -DNDEBUG  -O3  -m64 -fomit-frame-pointer -c /home/ed/mcsema-testing/llvm-test-suite/SingleSource/UnitTests/2003-08-20-FoldBug.c -o Output/2003-08-20-FoldBug.llvm.o
cp Output/2003-08-20-FoldBug.llvm.o.compile.time Output/2003-08-20-FoldBug.simple.compile.time
/usr/bin/clang++ -o Output/2003-08-20-FoldBug.simple Output/2003-08-20-FoldBug.llvm.o -lstdc++   -m64 -fomit-frame-pointer
/home/ed/mcsema-testing/llvm-test-suite/RunSafely.sh -t "/home/ed/mcsema-testing/SANDBOX/test-2015-12-21_15-36-50/tools/timeit-target" 500 /dev/null Output/2003-08-20-FoldBug.out-simple Output/2003-08-20-FoldBug.simple 
cp Output/2003-08-20-FoldBug.simple Output/2003-08-20-FoldBug.simple-hash; \
	strip --remove-section=.comment --remove-section='.note*' Output/2003-08-20-FoldBug.simple-hash; \
	/home/ed/mcsema-testing/llvm-test-suite/HashProgramOutput.sh Output/2003-08-20-FoldBug.simple-hash
if [ -f "/home/ed/mcsema-testing/llvm-test-suite/SingleSource/UnitTests/2003-08-20-FoldBug.reference_output.little-endian." ]; then \
	  cp /home/ed/mcsema-testing/llvm-test-suite/SingleSource/UnitTests/2003-08-20-FoldBug.reference_output.little-endian. Output/2003-08-20-FoldBug.out-nat; \
	elif [ -f "/home/ed/mcsema-testing/llvm-test-suite/SingleSource/UnitTests/2003-08-20-FoldBug.reference_output." ]; then \
	  cp /home/ed/mcsema-testing/llvm-test-suite/SingleSource/UnitTests/2003-08-20-FoldBug.reference_output. Output/2003-08-20-FoldBug.out-nat; \
	elif [ -f "/home/ed/mcsema-testing/llvm-test-suite/SingleSource/UnitTests/2003-08-20-FoldBug.reference_output.little-endian" ]; then \
	  cp /home/ed/mcsema-testing/llvm-test-suite/SingleSource/UnitTests/2003-08-20-FoldBug.reference_output.little-endian Output/2003-08-20-FoldBug.out-nat; \
	elif [ -f "/home/ed/mcsema-testing/llvm-test-suite/SingleSource/UnitTests/2003-08-20-FoldBug.reference_output" ]; then \
	  cp /home/ed/mcsema-testing/llvm-test-suite/SingleSource/UnitTests/2003-08-20-FoldBug.reference_output Output/2003-08-20-FoldBug.out-nat; \
	else \
	  printf "WARNING: %s: %s\n" "NO REFERENCE OUTPUT (using default)" "/home/ed/mcsema-testing/llvm-test-suite/SingleSource/UnitTests/2003-08-20-FoldBug.reference_output" > Output/2003-08-20-FoldBug.out-nat; \
	  cp /home/ed/mcsema-testing/llvm-test-suite/default.reference_output Output/2003-08-20-FoldBug.out-nat; \
	  cat Output/2003-08-20-FoldBug.out-nat; \
	fi
# Pretend that the reference output was produced instantaneously.
cp /home/ed/mcsema-testing/llvm-test-suite/instant.txt Output/2003-08-20-FoldBug.out-nat.time
/home/ed/mcsema-testing/llvm-test-suite/DiffOutput.sh "/home/ed/mcsema-testing/SANDBOX/test-2015-12-21_15-36-50/tools/fpcmp " simple 2003-08-20-FoldBug 
rm -f Output/2003-08-20-FoldBug.exe-simple
cp Output/2003-08-20-FoldBug.diff-simple Output/2003-08-20-FoldBug.exe-simple
if test -f Output/2003-08-20-FoldBug.extra-results.txt; then \
	  /home/ed/mcsema-testing/llvm-test-suite/ParseMultipleResults /home/ed/mcsema-testing/SANDBOX/test-2015-12-21_15-36-50/SingleSource/UnitTests/2003-08-20-FoldBug Output/2003-08-20-FoldBug.extra-results.txt >> Output/2003-08-20-FoldBug.simple.exec.report.txt; \
	fi
cat Output/2003-08-20-FoldBug.simple.compile.report.txt Output/2003-08-20-FoldBug.simple.exec.report.txt >> Output/2003-08-20-FoldBug.simple.report.txt
---------------------------------------------------------------
>>> ========= '/home/ed/mcsema-testing/SANDBOX/test-2015-12-21_15-36-50/SingleSource/UnitTests/2003-08-20-FoldBug' Program
---------------------------------------------------------------

TEST-PASS: compile /home/ed/mcsema-testing/SANDBOX/test-2015-12-21_15-36-50/SingleSource/UnitTests/2003-08-20-FoldBug
TEST-RESULT-compile-success: pass
TEST-RESULT-compile-hash: 731b527be1fee77c2d4def97d67845d4
TEST-RESULT-compile-time: user       0.0224
TEST-RESULT-compile-real-time: real       0.0359

TEST-PASS: exec /home/ed/mcsema-testing/SANDBOX/test-2015-12-21_15-36-50/SingleSource/UnitTests/2003-08-20-FoldBug
TEST-RESULT-exec-success: pass
TEST-RESULT-exec-time: user       0.0009
TEST-RESULT-exec-real-time: real       0.0017
/home/ed/mcsema-testing/llvm-test-suite/RunSafely.sh --show-errors -t "/home/ed/mcsema-testing/SANDBOX/test-2015-12-21_15-36-50/tools/timeit" 500 /dev/null Output/2003-09-18-BitFieldTest.llvm.o.compile \
	  /usr/bin/clang -I/home/ed/mcsema-testing/SANDBOX/test-2015-12-21_15-36-50/SingleSource/UnitTests -I/home/ed/mcsema-testing/llvm-test-suite/SingleSource/UnitTests -I/home/ed/mcsema-testing/llvm-test-suite/include -I../../include -D_GNU_SOURCE -D__STDC_LIMIT_MACROS -DNDEBUG  -O3  -m64 -fomit-frame-pointer -c /home/ed/mcsema-testing/llvm-test-suite/SingleSource/UnitTests/2003-09-18-BitFieldTest.c -o Output/2003-09-18-BitFieldTest.llvm.o
cp Output/2003-09-18-BitFieldTest.llvm.o.compile.time Output/2003-09-18-BitFieldTest.simple.compile.time
/usr/bin/clang++ -o Output/2003-09-18-BitFieldTest.simple Output/2003-09-18-BitFieldTest.llvm.o -lstdc++   -m64 -fomit-frame-pointer
/home/ed/mcsema-testing/llvm-test-suite/RunSafely.sh -t "/home/ed/mcsema-testing/SANDBOX/test-2015-12-21_15-36-50/tools/timeit-target" 500 /dev/null Output/2003-09-18-BitFieldTest.out-simple Output/2003-09-18-BitFieldTest.simple 
cp Output/2003-09-18-BitFieldTest.simple Output/2003-09-18-BitFieldTest.simple-hash; \
	strip --remove-section=.comment --remove-section='.note*' Output/2003-09-18-BitFieldTest.simple-hash; \
	/home/ed/mcsema-testing/llvm-test-suite/HashProgramOutput.sh Output/2003-09-18-BitFieldTest.simple-hash
if [ -f "/home/ed/mcsema-testing/llvm-test-suite/SingleSource/UnitTests/2003-09-18-BitFieldTest.reference_output.little-endian." ]; then \
	  cp /home/ed/mcsema-testing/llvm-test-suite/SingleSource/UnitTests/2003-09-18-BitFieldTest.reference_output.little-endian. Output/2003-09-18-BitFieldTest.out-nat; \
	elif [ -f "/home/ed/mcsema-testing/llvm-test-suite/SingleSource/UnitTests/2003-09-18-BitFieldTest.reference_output." ]; then \
	  cp /home/ed/mcsema-testing/llvm-test-suite/SingleSource/UnitTests/2003-09-18-BitFieldTest.reference_output. Output/2003-09-18-BitFieldTest.out-nat; \
	elif [ -f "/home/ed/mcsema-testing/llvm-test-suite/SingleSource/UnitTests/2003-09-18-BitFieldTest.reference_output.little-endian" ]; then \
	  cp /home/ed/mcsema-testing/llvm-test-suite/SingleSource/UnitTests/2003-09-18-BitFieldTest.reference_output.little-endian Output/2003-09-18-BitFieldTest.out-nat; \
	elif [ -f "/home/ed/mcsema-testing/llvm-test-suite/SingleSource/UnitTests/2003-09-18-BitFieldTest.reference_output" ]; then \
	  cp /home/ed/mcsema-testing/llvm-test-suite/SingleSource/UnitTests/2003-09-18-BitFieldTest.reference_output Output/2003-09-18-BitFieldTest.out-nat; \
	else \
	  printf "WARNING: %s: %s\n" "NO REFERENCE OUTPUT (using default)" "/home/ed/mcsema-testing/llvm-test-suite/SingleSource/UnitTests/2003-09-18-BitFieldTest.reference_output" > Output/2003-09-18-BitFieldTest.out-nat; \
	  cp /home/ed/mcsema-testing/llvm-test-suite/default.reference_output Output/2003-09-18-BitFieldTest.out-nat; \
	  cat Output/2003-09-18-BitFieldTest.out-nat; \
	fi
# Pretend that the reference output was produced instantaneously.
cp /home/ed/mcsema-testing/llvm-test-suite/instant.txt Output/2003-09-18-BitFieldTest.out-nat.time
/home/ed/mcsema-testing/llvm-test-suite/DiffOutput.sh "/home/ed/mcsema-testing/SANDBOX/test-2015-12-21_15-36-50/tools/fpcmp " simple 2003-09-18-BitFieldTest 
rm -f Output/2003-09-18-BitFieldTest.exe-simple
cp Output/2003-09-18-BitFieldTest.diff-simple Output/2003-09-18-BitFieldTest.exe-simple
if test -f Output/2003-09-18-BitFieldTest.extra-results.txt; then \
	  /home/ed/mcsema-testing/llvm-test-suite/ParseMultipleResults /home/ed/mcsema-testing/SANDBOX/test-2015-12-21_15-36-50/SingleSource/UnitTests/2003-09-18-BitFieldTest Output/2003-09-18-BitFieldTest.extra-results.txt >> Output/2003-09-18-BitFieldTest.simple.exec.report.txt; \
	fi
cat Output/2003-09-18-BitFieldTest.simple.compile.report.txt Output/2003-09-18-BitFieldTest.simple.exec.report.txt >> Output/2003-09-18-BitFieldTest.simple.report.txt
---------------------------------------------------------------
>>> ========= '/home/ed/mcsema-testing/SANDBOX/test-2015-12-21_15-36-50/SingleSource/UnitTests/2003-09-18-BitFieldTest' Program
---------------------------------------------------------------

TEST-PASS: compile /home/ed/mcsema-testing/SANDBOX/test-2015-12-21_15-36-50/SingleSource/UnitTests/2003-09-18-BitFieldTest
TEST-RESULT-compile-success: pass
TEST-RESULT-compile-hash: d9525718cec37177f8abd0186356acd2
TEST-RESULT-compile-time: user       0.0215
TEST-RESULT-compile-real-time: real       0.0344

TEST-PASS: exec /home/ed/mcsema-testing/SANDBOX/test-2015-12-21_15-36-50/SingleSource/UnitTests/2003-09-18-BitFieldTest
TEST-RESULT-exec-success: pass
TEST-RESULT-exec-time: user       0.0009
TEST-RESULT-exec-real-time: real       0.0018
/home/ed/mcsema-testing/llvm-test-suite/RunSafely.sh --show-errors -t "/home/ed/mcsema-testing/SANDBOX/test-2015-12-21_15-36-50/tools/timeit" 500 /dev/null Output/2003-10-13-SwitchTest.llvm.o.compile \
	  /usr/bin/clang -I/home/ed/mcsema-testing/SANDBOX/test-2015-12-21_15-36-50/SingleSource/UnitTests -I/home/ed/mcsema-testing/llvm-test-suite/SingleSource/UnitTests -I/home/ed/mcsema-testing/llvm-test-suite/include -I../../include -D_GNU_SOURCE -D__STDC_LIMIT_MACROS -DNDEBUG  -O3  -m64 -fomit-frame-pointer -c /home/ed/mcsema-testing/llvm-test-suite/SingleSource/UnitTests/2003-10-13-SwitchTest.c -o Output/2003-10-13-SwitchTest.llvm.o
cp Output/2003-10-13-SwitchTest.llvm.o.compile.time Output/2003-10-13-SwitchTest.simple.compile.time
/usr/bin/clang++ -o Output/2003-10-13-SwitchTest.simple Output/2003-10-13-SwitchTest.llvm.o -lstdc++   -m64 -fomit-frame-pointer
/home/ed/mcsema-testing/llvm-test-suite/RunSafely.sh -t "/home/ed/mcsema-testing/SANDBOX/test-2015-12-21_15-36-50/tools/timeit-target" 500 /dev/null Output/2003-10-13-SwitchTest.out-simple Output/2003-10-13-SwitchTest.simple 
cp Output/2003-10-13-SwitchTest.simple Output/2003-10-13-SwitchTest.simple-hash; \
	strip --remove-section=.comment --remove-section='.note*' Output/2003-10-13-SwitchTest.simple-hash; \
	/home/ed/mcsema-testing/llvm-test-suite/HashProgramOutput.sh Output/2003-10-13-SwitchTest.simple-hash
if [ -f "/home/ed/mcsema-testing/llvm-test-suite/SingleSource/UnitTests/2003-10-13-SwitchTest.reference_output.little-endian." ]; then \
	  cp /home/ed/mcsema-testing/llvm-test-suite/SingleSource/UnitTests/2003-10-13-SwitchTest.reference_output.little-endian. Output/2003-10-13-SwitchTest.out-nat; \
	elif [ -f "/home/ed/mcsema-testing/llvm-test-suite/SingleSource/UnitTests/2003-10-13-SwitchTest.reference_output." ]; then \
	  cp /home/ed/mcsema-testing/llvm-test-suite/SingleSource/UnitTests/2003-10-13-SwitchTest.reference_output. Output/2003-10-13-SwitchTest.out-nat; \
	elif [ -f "/home/ed/mcsema-testing/llvm-test-suite/SingleSource/UnitTests/2003-10-13-SwitchTest.reference_output.little-endian" ]; then \
	  cp /home/ed/mcsema-testing/llvm-test-suite/SingleSource/UnitTests/2003-10-13-SwitchTest.reference_output.little-endian Output/2003-10-13-SwitchTest.out-nat; \
	elif [ -f "/home/ed/mcsema-testing/llvm-test-suite/SingleSource/UnitTests/2003-10-13-SwitchTest.reference_output" ]; then \
	  cp /home/ed/mcsema-testing/llvm-test-suite/SingleSource/UnitTests/2003-10-13-SwitchTest.reference_output Output/2003-10-13-SwitchTest.out-nat; \
	else \
	  printf "WARNING: %s: %s\n" "NO REFERENCE OUTPUT (using default)" "/home/ed/mcsema-testing/llvm-test-suite/SingleSource/UnitTests/2003-10-13-SwitchTest.reference_output" > Output/2003-10-13-SwitchTest.out-nat; \
	  cp /home/ed/mcsema-testing/llvm-test-suite/default.reference_output Output/2003-10-13-SwitchTest.out-nat; \
	  cat Output/2003-10-13-SwitchTest.out-nat; \
	fi
# Pretend that the reference output was produced instantaneously.
cp /home/ed/mcsema-testing/llvm-test-suite/instant.txt Output/2003-10-13-SwitchTest.out-nat.time
/home/ed/mcsema-testing/llvm-test-suite/DiffOutput.sh "/home/ed/mcsema-testing/SANDBOX/test-2015-12-21_15-36-50/tools/fpcmp " simple 2003-10-13-SwitchTest 
rm -f Output/2003-10-13-SwitchTest.exe-simple
cp Output/2003-10-13-SwitchTest.diff-simple Output/2003-10-13-SwitchTest.exe-simple
if test -f Output/2003-10-13-SwitchTest.extra-results.txt; then \
	  /home/ed/mcsema-testing/llvm-test-suite/ParseMultipleResults /home/ed/mcsema-testing/SANDBOX/test-2015-12-21_15-36-50/SingleSource/UnitTests/2003-10-13-SwitchTest Output/2003-10-13-SwitchTest.extra-results.txt >> Output/2003-10-13-SwitchTest.simple.exec.report.txt; \
	fi
cat Output/2003-10-13-SwitchTest.simple.compile.report.txt Output/2003-10-13-SwitchTest.simple.exec.report.txt >> Output/2003-10-13-SwitchTest.simple.report.txt
---------------------------------------------------------------
>>> ========= '/home/ed/mcsema-testing/SANDBOX/test-2015-12-21_15-36-50/SingleSource/UnitTests/2003-10-13-SwitchTest' Program
---------------------------------------------------------------

TEST-PASS: compile /home/ed/mcsema-testing/SANDBOX/test-2015-12-21_15-36-50/SingleSource/UnitTests/2003-10-13-SwitchTest
TEST-RESULT-compile-success: pass
TEST-RESULT-compile-hash: 271090a45a82841da2a2c31ce2935abb
TEST-RESULT-compile-time: user       0.0209
TEST-RESULT-compile-real-time: real       0.0345

TEST-PASS: exec /home/ed/mcsema-testing/SANDBOX/test-2015-12-21_15-36-50/SingleSource/UnitTests/2003-10-13-SwitchTest
TEST-RESULT-exec-success: pass
TEST-RESULT-exec-time: user       0.0009
TEST-RESULT-exec-real-time: real       0.0019
/home/ed/mcsema-testing/llvm-test-suite/RunSafely.sh --show-errors -t "/home/ed/mcsema-testing/SANDBOX/test-2015-12-21_15-36-50/tools/timeit" 500 /dev/null Output/2003-10-29-ScalarReplBug.llvm.o.compile \
	  /usr/bin/clang -I/home/ed/mcsema-testing/SANDBOX/test-2015-12-21_15-36-50/SingleSource/UnitTests -I/home/ed/mcsema-testing/llvm-test-suite/SingleSource/UnitTests -I/home/ed/mcsema-testing/llvm-test-suite/include -I../../include -D_GNU_SOURCE -D__STDC_LIMIT_MACROS -DNDEBUG  -O3  -m64 -fomit-frame-pointer -c /home/ed/mcsema-testing/llvm-test-suite/SingleSource/UnitTests/2003-10-29-ScalarReplBug.c -o Output/2003-10-29-ScalarReplBug.llvm.o
cp Output/2003-10-29-ScalarReplBug.llvm.o.compile.time Output/2003-10-29-ScalarReplBug.simple.compile.time
/usr/bin/clang++ -o Output/2003-10-29-ScalarReplBug.simple Output/2003-10-29-ScalarReplBug.llvm.o -lstdc++   -m64 -fomit-frame-pointer
/home/ed/mcsema-testing/llvm-test-suite/RunSafely.sh -t "/home/ed/mcsema-testing/SANDBOX/test-2015-12-21_15-36-50/tools/timeit-target" 500 /dev/null Output/2003-10-29-ScalarReplBug.out-simple Output/2003-10-29-ScalarReplBug.simple 
cp Output/2003-10-29-ScalarReplBug.simple Output/2003-10-29-ScalarReplBug.simple-hash; \
	strip --remove-section=.comment --remove-section='.note*' Output/2003-10-29-ScalarReplBug.simple-hash; \
	/home/ed/mcsema-testing/llvm-test-suite/HashProgramOutput.sh Output/2003-10-29-ScalarReplBug.simple-hash
if [ -f "/home/ed/mcsema-testing/llvm-test-suite/SingleSource/UnitTests/2003-10-29-ScalarReplBug.reference_output.little-endian." ]; then \
	  cp /home/ed/mcsema-testing/llvm-test-suite/SingleSource/UnitTests/2003-10-29-ScalarReplBug.reference_output.little-endian. Output/2003-10-29-ScalarReplBug.out-nat; \
	elif [ -f "/home/ed/mcsema-testing/llvm-test-suite/SingleSource/UnitTests/2003-10-29-ScalarReplBug.reference_output." ]; then \
	  cp /home/ed/mcsema-testing/llvm-test-suite/SingleSource/UnitTests/2003-10-29-ScalarReplBug.reference_output. Output/2003-10-29-ScalarReplBug.out-nat; \
	elif [ -f "/home/ed/mcsema-testing/llvm-test-suite/SingleSource/UnitTests/2003-10-29-ScalarReplBug.reference_output.little-endian" ]; then \
	  cp /home/ed/mcsema-testing/llvm-test-suite/SingleSource/UnitTests/2003-10-29-ScalarReplBug.reference_output.little-endian Output/2003-10-29-ScalarReplBug.out-nat; \
	elif [ -f "/home/ed/mcsema-testing/llvm-test-suite/SingleSource/UnitTests/2003-10-29-ScalarReplBug.reference_output" ]; then \
	  cp /home/ed/mcsema-testing/llvm-test-suite/SingleSource/UnitTests/2003-10-29-ScalarReplBug.reference_output Output/2003-10-29-ScalarReplBug.out-nat; \
	else \
	  printf "WARNING: %s: %s\n" "NO REFERENCE OUTPUT (using default)" "/home/ed/mcsema-testing/llvm-test-suite/SingleSource/UnitTests/2003-10-29-ScalarReplBug.reference_output" > Output/2003-10-29-ScalarReplBug.out-nat; \
	  cp /home/ed/mcsema-testing/llvm-test-suite/default.reference_output Output/2003-10-29-ScalarReplBug.out-nat; \
	  cat Output/2003-10-29-ScalarReplBug.out-nat; \
	fi
# Pretend that the reference output was produced instantaneously.
cp /home/ed/mcsema-testing/llvm-test-suite/instant.txt Output/2003-10-29-ScalarReplBug.out-nat.time
/home/ed/mcsema-testing/llvm-test-suite/DiffOutput.sh "/home/ed/mcsema-testing/SANDBOX/test-2015-12-21_15-36-50/tools/fpcmp " simple 2003-10-29-ScalarReplBug 
rm -f Output/2003-10-29-ScalarReplBug.exe-simple
cp Output/2003-10-29-ScalarReplBug.diff-simple Output/2003-10-29-ScalarReplBug.exe-simple
if test -f Output/2003-10-29-ScalarReplBug.extra-results.txt; then \
	  /home/ed/mcsema-testing/llvm-test-suite/ParseMultipleResults /home/ed/mcsema-testing/SANDBOX/test-2015-12-21_15-36-50/SingleSource/UnitTests/2003-10-29-ScalarReplBug Output/2003-10-29-ScalarReplBug.extra-results.txt >> Output/2003-10-29-ScalarReplBug.simple.exec.report.txt; \
	fi
cat Output/2003-10-29-ScalarReplBug.simple.compile.report.txt Output/2003-10-29-ScalarReplBug.simple.exec.report.txt >> Output/2003-10-29-ScalarReplBug.simple.report.txt
---------------------------------------------------------------
>>> ========= '/home/ed/mcsema-testing/SANDBOX/test-2015-12-21_15-36-50/SingleSource/UnitTests/2003-10-29-ScalarReplBug' Program
---------------------------------------------------------------

TEST-PASS: compile /home/ed/mcsema-testing/SANDBOX/test-2015-12-21_15-36-50/SingleSource/UnitTests/2003-10-29-ScalarReplBug
TEST-RESULT-compile-success: pass
TEST-RESULT-compile-hash: d98d26f51c4cb7a2b359e482491ef579
TEST-RESULT-compile-time: user       0.0216
TEST-RESULT-compile-real-time: real       0.0358

TEST-PASS: exec /home/ed/mcsema-testing/SANDBOX/test-2015-12-21_15-36-50/SingleSource/UnitTests/2003-10-29-ScalarReplBug
TEST-RESULT-exec-success: pass
TEST-RESULT-exec-time: user       0.0009
TEST-RESULT-exec-real-time: real       0.0018
/home/ed/mcsema-testing/llvm-test-suite/RunSafely.sh --show-errors -t "/home/ed/mcsema-testing/SANDBOX/test-2015-12-21_15-36-50/tools/timeit" 500 /dev/null Output/2004-02-02-NegativeZero.llvm.o.compile \
	  /usr/bin/clang -I/home/ed/mcsema-testing/SANDBOX/test-2015-12-21_15-36-50/SingleSource/UnitTests -I/home/ed/mcsema-testing/llvm-test-suite/SingleSource/UnitTests -I/home/ed/mcsema-testing/llvm-test-suite/include -I../../include -D_GNU_SOURCE -D__STDC_LIMIT_MACROS -DNDEBUG  -O3  -m64 -fomit-frame-pointer -c /home/ed/mcsema-testing/llvm-test-suite/SingleSource/UnitTests/2004-02-02-NegativeZero.c -o Output/2004-02-02-NegativeZero.llvm.o
cp Output/2004-02-02-NegativeZero.llvm.o.compile.time Output/2004-02-02-NegativeZero.simple.compile.time
/usr/bin/clang++ -o Output/2004-02-02-NegativeZero.simple Output/2004-02-02-NegativeZero.llvm.o -lstdc++   -m64 -fomit-frame-pointer
/home/ed/mcsema-testing/llvm-test-suite/RunSafely.sh -t "/home/ed/mcsema-testing/SANDBOX/test-2015-12-21_15-36-50/tools/timeit-target" 500 /dev/null Output/2004-02-02-NegativeZero.out-simple Output/2004-02-02-NegativeZero.simple 
cp Output/2004-02-02-NegativeZero.simple Output/2004-02-02-NegativeZero.simple-hash; \
	strip --remove-section=.comment --remove-section='.note*' Output/2004-02-02-NegativeZero.simple-hash; \
	/home/ed/mcsema-testing/llvm-test-suite/HashProgramOutput.sh Output/2004-02-02-NegativeZero.simple-hash
if [ -f "/home/ed/mcsema-testing/llvm-test-suite/SingleSource/UnitTests/2004-02-02-NegativeZero.reference_output.little-endian." ]; then \
	  cp /home/ed/mcsema-testing/llvm-test-suite/SingleSource/UnitTests/2004-02-02-NegativeZero.reference_output.little-endian. Output/2004-02-02-NegativeZero.out-nat; \
	elif [ -f "/home/ed/mcsema-testing/llvm-test-suite/SingleSource/UnitTests/2004-02-02-NegativeZero.reference_output." ]; then \
	  cp /home/ed/mcsema-testing/llvm-test-suite/SingleSource/UnitTests/2004-02-02-NegativeZero.reference_output. Output/2004-02-02-NegativeZero.out-nat; \
	elif [ -f "/home/ed/mcsema-testing/llvm-test-suite/SingleSource/UnitTests/2004-02-02-NegativeZero.reference_output.little-endian" ]; then \
	  cp /home/ed/mcsema-testing/llvm-test-suite/SingleSource/UnitTests/2004-02-02-NegativeZero.reference_output.little-endian Output/2004-02-02-NegativeZero.out-nat; \
	elif [ -f "/home/ed/mcsema-testing/llvm-test-suite/SingleSource/UnitTests/2004-02-02-NegativeZero.reference_output" ]; then \
	  cp /home/ed/mcsema-testing/llvm-test-suite/SingleSource/UnitTests/2004-02-02-NegativeZero.reference_output Output/2004-02-02-NegativeZero.out-nat; \
	else \
	  printf "WARNING: %s: %s\n" "NO REFERENCE OUTPUT (using default)" "/home/ed/mcsema-testing/llvm-test-suite/SingleSource/UnitTests/2004-02-02-NegativeZero.reference_output" > Output/2004-02-02-NegativeZero.out-nat; \
	  cp /home/ed/mcsema-testing/llvm-test-suite/default.reference_output Output/2004-02-02-NegativeZero.out-nat; \
	  cat Output/2004-02-02-NegativeZero.out-nat; \
	fi
# Pretend that the reference output was produced instantaneously.
cp /home/ed/mcsema-testing/llvm-test-suite/instant.txt Output/2004-02-02-NegativeZero.out-nat.time
/home/ed/mcsema-testing/llvm-test-suite/DiffOutput.sh "/home/ed/mcsema-testing/SANDBOX/test-2015-12-21_15-36-50/tools/fpcmp " simple 2004-02-02-NegativeZero 
rm -f Output/2004-02-02-NegativeZero.exe-simple
cp Output/2004-02-02-NegativeZero.diff-simple Output/2004-02-02-NegativeZero.exe-simple
if test -f Output/2004-02-02-NegativeZero.extra-results.txt; then \
	  /home/ed/mcsema-testing/llvm-test-suite/ParseMultipleResults /home/ed/mcsema-testing/SANDBOX/test-2015-12-21_15-36-50/SingleSource/UnitTests/2004-02-02-NegativeZero Output/2004-02-02-NegativeZero.extra-results.txt >> Output/2004-02-02-NegativeZero.simple.exec.report.txt; \
	fi
cat Output/2004-02-02-NegativeZero.simple.compile.report.txt Output/2004-02-02-NegativeZero.simple.exec.report.txt >> Output/2004-02-02-NegativeZero.simple.report.txt
---------------------------------------------------------------
>>> ========= '/home/ed/mcsema-testing/SANDBOX/test-2015-12-21_15-36-50/SingleSource/UnitTests/2004-02-02-NegativeZero' Program
---------------------------------------------------------------

TEST-PASS: compile /home/ed/mcsema-testing/SANDBOX/test-2015-12-21_15-36-50/SingleSource/UnitTests/2004-02-02-NegativeZero
TEST-RESULT-compile-success: pass
TEST-RESULT-compile-hash: 31841ecb4cb3519e9bb9731b26520bce
TEST-RESULT-compile-time: user       0.0169
TEST-RESULT-compile-real-time: real       0.0293

TEST-PASS: exec /home/ed/mcsema-testing/SANDBOX/test-2015-12-21_15-36-50/SingleSource/UnitTests/2004-02-02-NegativeZero
TEST-RESULT-exec-success: pass
TEST-RESULT-exec-time: user       0.0009
TEST-RESULT-exec-real-time: real       0.0017
/home/ed/mcsema-testing/llvm-test-suite/RunSafely.sh --show-errors -t "/home/ed/mcsema-testing/SANDBOX/test-2015-12-21_15-36-50/tools/timeit" 500 /dev/null Output/2004-06-20-StaticBitfieldInit.llvm.o.compile \
	  /usr/bin/clang -I/home/ed/mcsema-testing/SANDBOX/test-2015-12-21_15-36-50/SingleSource/UnitTests -I/home/ed/mcsema-testing/llvm-test-suite/SingleSource/UnitTests -I/home/ed/mcsema-testing/llvm-test-suite/include -I../../include -D_GNU_SOURCE -D__STDC_LIMIT_MACROS -DNDEBUG  -O3  -m64 -fomit-frame-pointer -c /home/ed/mcsema-testing/llvm-test-suite/SingleSource/UnitTests/2004-06-20-StaticBitfieldInit.c -o Output/2004-06-20-StaticBitfieldInit.llvm.o
cp Output/2004-06-20-StaticBitfieldInit.llvm.o.compile.time Output/2004-06-20-StaticBitfieldInit.simple.compile.time
/usr/bin/clang++ -o Output/2004-06-20-StaticBitfieldInit.simple Output/2004-06-20-StaticBitfieldInit.llvm.o -lstdc++   -m64 -fomit-frame-pointer
/home/ed/mcsema-testing/llvm-test-suite/RunSafely.sh -t "/home/ed/mcsema-testing/SANDBOX/test-2015-12-21_15-36-50/tools/timeit-target" 500 /dev/null Output/2004-06-20-StaticBitfieldInit.out-simple Output/2004-06-20-StaticBitfieldInit.simple 
cp Output/2004-06-20-StaticBitfieldInit.simple Output/2004-06-20-StaticBitfieldInit.simple-hash; \
	strip --remove-section=.comment --remove-section='.note*' Output/2004-06-20-StaticBitfieldInit.simple-hash; \
	/home/ed/mcsema-testing/llvm-test-suite/HashProgramOutput.sh Output/2004-06-20-StaticBitfieldInit.simple-hash
if [ -f "/home/ed/mcsema-testing/llvm-test-suite/SingleSource/UnitTests/2004-06-20-StaticBitfieldInit.reference_output.little-endian." ]; then \
	  cp /home/ed/mcsema-testing/llvm-test-suite/SingleSource/UnitTests/2004-06-20-StaticBitfieldInit.reference_output.little-endian. Output/2004-06-20-StaticBitfieldInit.out-nat; \
	elif [ -f "/home/ed/mcsema-testing/llvm-test-suite/SingleSource/UnitTests/2004-06-20-StaticBitfieldInit.reference_output." ]; then \
	  cp /home/ed/mcsema-testing/llvm-test-suite/SingleSource/UnitTests/2004-06-20-StaticBitfieldInit.reference_output. Output/2004-06-20-StaticBitfieldInit.out-nat; \
	elif [ -f "/home/ed/mcsema-testing/llvm-test-suite/SingleSource/UnitTests/2004-06-20-StaticBitfieldInit.reference_output.little-endian" ]; then \
	  cp /home/ed/mcsema-testing/llvm-test-suite/SingleSource/UnitTests/2004-06-20-StaticBitfieldInit.reference_output.little-endian Output/2004-06-20-StaticBitfieldInit.out-nat; \
	elif [ -f "/home/ed/mcsema-testing/llvm-test-suite/SingleSource/UnitTests/2004-06-20-StaticBitfieldInit.reference_output" ]; then \
	  cp /home/ed/mcsema-testing/llvm-test-suite/SingleSource/UnitTests/2004-06-20-StaticBitfieldInit.reference_output Output/2004-06-20-StaticBitfieldInit.out-nat; \
	else \
	  printf "WARNING: %s: %s\n" "NO REFERENCE OUTPUT (using default)" "/home/ed/mcsema-testing/llvm-test-suite/SingleSource/UnitTests/2004-06-20-StaticBitfieldInit.reference_output" > Output/2004-06-20-StaticBitfieldInit.out-nat; \
	  cp /home/ed/mcsema-testing/llvm-test-suite/default.reference_output Output/2004-06-20-StaticBitfieldInit.out-nat; \
	  cat Output/2004-06-20-StaticBitfieldInit.out-nat; \
	fi
# Pretend that the reference output was produced instantaneously.
cp /home/ed/mcsema-testing/llvm-test-suite/instant.txt Output/2004-06-20-StaticBitfieldInit.out-nat.time
/home/ed/mcsema-testing/llvm-test-suite/DiffOutput.sh "/home/ed/mcsema-testing/SANDBOX/test-2015-12-21_15-36-50/tools/fpcmp " simple 2004-06-20-StaticBitfieldInit 
rm -f Output/2004-06-20-StaticBitfieldInit.exe-simple
cp Output/2004-06-20-StaticBitfieldInit.diff-simple Output/2004-06-20-StaticBitfieldInit.exe-simple
if test -f Output/2004-06-20-StaticBitfieldInit.extra-results.txt; then \
	  /home/ed/mcsema-testing/llvm-test-suite/ParseMultipleResults /home/ed/mcsema-testing/SANDBOX/test-2015-12-21_15-36-50/SingleSource/UnitTests/2004-06-20-StaticBitfieldInit Output/2004-06-20-StaticBitfieldInit.extra-results.txt >> Output/2004-06-20-StaticBitfieldInit.simple.exec.report.txt; \
	fi
cat Output/2004-06-20-StaticBitfieldInit.simple.compile.report.txt Output/2004-06-20-StaticBitfieldInit.simple.exec.report.txt >> Output/2004-06-20-StaticBitfieldInit.simple.report.txt
---------------------------------------------------------------
>>> ========= '/home/ed/mcsema-testing/SANDBOX/test-2015-12-21_15-36-50/SingleSource/UnitTests/2004-06-20-StaticBitfieldInit' Program
---------------------------------------------------------------

TEST-PASS: compile /home/ed/mcsema-testing/SANDBOX/test-2015-12-21_15-36-50/SingleSource/UnitTests/2004-06-20-StaticBitfieldInit
TEST-RESULT-compile-success: pass
TEST-RESULT-compile-hash: 46ac5b394c0d5b008151c2f261f02e11
TEST-RESULT-compile-time: user       0.0208
TEST-RESULT-compile-real-time: real       0.0339

TEST-PASS: exec /home/ed/mcsema-testing/SANDBOX/test-2015-12-21_15-36-50/SingleSource/UnitTests/2004-06-20-StaticBitfieldInit
TEST-RESULT-exec-success: pass
TEST-RESULT-exec-time: user       0.0009
TEST-RESULT-exec-real-time: real       0.0018
/home/ed/mcsema-testing/llvm-test-suite/RunSafely.sh --show-errors -t "/home/ed/mcsema-testing/SANDBOX/test-2015-12-21_15-36-50/tools/timeit" 500 /dev/null Output/2004-11-28-GlobalBoolLayout.llvm.o.compile \
	  /usr/bin/clang -I/home/ed/mcsema-testing/SANDBOX/test-2015-12-21_15-36-50/SingleSource/UnitTests -I/home/ed/mcsema-testing/llvm-test-suite/SingleSource/UnitTests -I/home/ed/mcsema-testing/llvm-test-suite/include -I../../include -D_GNU_SOURCE -D__STDC_LIMIT_MACROS -DNDEBUG  -O3  -m64 -fomit-frame-pointer -c /home/ed/mcsema-testing/llvm-test-suite/SingleSource/UnitTests/2004-11-28-GlobalBoolLayout.c -o Output/2004-11-28-GlobalBoolLayout.llvm.o
cp Output/2004-11-28-GlobalBoolLayout.llvm.o.compile.time Output/2004-11-28-GlobalBoolLayout.simple.compile.time
/usr/bin/clang++ -o Output/2004-11-28-GlobalBoolLayout.simple Output/2004-11-28-GlobalBoolLayout.llvm.o -lstdc++   -m64 -fomit-frame-pointer
/home/ed/mcsema-testing/llvm-test-suite/RunSafely.sh -t "/home/ed/mcsema-testing/SANDBOX/test-2015-12-21_15-36-50/tools/timeit-target" 500 /dev/null Output/2004-11-28-GlobalBoolLayout.out-simple Output/2004-11-28-GlobalBoolLayout.simple 
cp Output/2004-11-28-GlobalBoolLayout.simple Output/2004-11-28-GlobalBoolLayout.simple-hash; \
	strip --remove-section=.comment --remove-section='.note*' Output/2004-11-28-GlobalBoolLayout.simple-hash; \
	/home/ed/mcsema-testing/llvm-test-suite/HashProgramOutput.sh Output/2004-11-28-GlobalBoolLayout.simple-hash
if [ -f "/home/ed/mcsema-testing/llvm-test-suite/SingleSource/UnitTests/2004-11-28-GlobalBoolLayout.reference_output.little-endian." ]; then \
	  cp /home/ed/mcsema-testing/llvm-test-suite/SingleSource/UnitTests/2004-11-28-GlobalBoolLayout.reference_output.little-endian. Output/2004-11-28-GlobalBoolLayout.out-nat; \
	elif [ -f "/home/ed/mcsema-testing/llvm-test-suite/SingleSource/UnitTests/2004-11-28-GlobalBoolLayout.reference_output." ]; then \
	  cp /home/ed/mcsema-testing/llvm-test-suite/SingleSource/UnitTests/2004-11-28-GlobalBoolLayout.reference_output. Output/2004-11-28-GlobalBoolLayout.out-nat; \
	elif [ -f "/home/ed/mcsema-testing/llvm-test-suite/SingleSource/UnitTests/2004-11-28-GlobalBoolLayout.reference_output.little-endian" ]; then \
	  cp /home/ed/mcsema-testing/llvm-test-suite/SingleSource/UnitTests/2004-11-28-GlobalBoolLayout.reference_output.little-endian Output/2004-11-28-GlobalBoolLayout.out-nat; \
	elif [ -f "/home/ed/mcsema-testing/llvm-test-suite/SingleSource/UnitTests/2004-11-28-GlobalBoolLayout.reference_output" ]; then \
	  cp /home/ed/mcsema-testing/llvm-test-suite/SingleSource/UnitTests/2004-11-28-GlobalBoolLayout.reference_output Output/2004-11-28-GlobalBoolLayout.out-nat; \
	else \
	  printf "WARNING: %s: %s\n" "NO REFERENCE OUTPUT (using default)" "/home/ed/mcsema-testing/llvm-test-suite/SingleSource/UnitTests/2004-11-28-GlobalBoolLayout.reference_output" > Output/2004-11-28-GlobalBoolLayout.out-nat; \
	  cp /home/ed/mcsema-testing/llvm-test-suite/default.reference_output Output/2004-11-28-GlobalBoolLayout.out-nat; \
	  cat Output/2004-11-28-GlobalBoolLayout.out-nat; \
	fi
# Pretend that the reference output was produced instantaneously.
cp /home/ed/mcsema-testing/llvm-test-suite/instant.txt Output/2004-11-28-GlobalBoolLayout.out-nat.time
/home/ed/mcsema-testing/llvm-test-suite/DiffOutput.sh "/home/ed/mcsema-testing/SANDBOX/test-2015-12-21_15-36-50/tools/fpcmp " simple 2004-11-28-GlobalBoolLayout 
rm -f Output/2004-11-28-GlobalBoolLayout.exe-simple
cp Output/2004-11-28-GlobalBoolLayout.diff-simple Output/2004-11-28-GlobalBoolLayout.exe-simple
if test -f Output/2004-11-28-GlobalBoolLayout.extra-results.txt; then \
	  /home/ed/mcsema-testing/llvm-test-suite/ParseMultipleResults /home/ed/mcsema-testing/SANDBOX/test-2015-12-21_15-36-50/SingleSource/UnitTests/2004-11-28-GlobalBoolLayout Output/2004-11-28-GlobalBoolLayout.extra-results.txt >> Output/2004-11-28-GlobalBoolLayout.simple.exec.report.txt; \
	fi
cat Output/2004-11-28-GlobalBoolLayout.simple.compile.report.txt Output/2004-11-28-GlobalBoolLayout.simple.exec.report.txt >> Output/2004-11-28-GlobalBoolLayout.simple.report.txt
---------------------------------------------------------------
>>> ========= '/home/ed/mcsema-testing/SANDBOX/test-2015-12-21_15-36-50/SingleSource/UnitTests/2004-11-28-GlobalBoolLayout' Program
---------------------------------------------------------------

TEST-PASS: compile /home/ed/mcsema-testing/SANDBOX/test-2015-12-21_15-36-50/SingleSource/UnitTests/2004-11-28-GlobalBoolLayout
TEST-RESULT-compile-success: pass
TEST-RESULT-compile-hash: c8866c6ecded3a04c94f1a7c97526375
TEST-RESULT-compile-time: user       0.0310
TEST-RESULT-compile-real-time: real       0.0457

TEST-PASS: exec /home/ed/mcsema-testing/SANDBOX/test-2015-12-21_15-36-50/SingleSource/UnitTests/2004-11-28-GlobalBoolLayout
TEST-RESULT-exec-success: pass
TEST-RESULT-exec-time: user       0.0009
TEST-RESULT-exec-real-time: real       0.0018
/home/ed/mcsema-testing/llvm-test-suite/RunSafely.sh --show-errors -t "/home/ed/mcsema-testing/SANDBOX/test-2015-12-21_15-36-50/tools/timeit" 500 /dev/null Output/2005-05-11-Popcount-ffs-fls.llvm.o.compile \
	  /usr/bin/clang -I/home/ed/mcsema-testing/SANDBOX/test-2015-12-21_15-36-50/SingleSource/UnitTests -I/home/ed/mcsema-testing/llvm-test-suite/SingleSource/UnitTests -I/home/ed/mcsema-testing/llvm-test-suite/include -I../../include -D_GNU_SOURCE -D__STDC_LIMIT_MACROS -DNDEBUG  -O3  -m64 -fomit-frame-pointer -c /home/ed/mcsema-testing/llvm-test-suite/SingleSource/UnitTests/2005-05-11-Popcount-ffs-fls.c -o Output/2005-05-11-Popcount-ffs-fls.llvm.o
cp Output/2005-05-11-Popcount-ffs-fls.llvm.o.compile.time Output/2005-05-11-Popcount-ffs-fls.simple.compile.time
/usr/bin/clang++ -o Output/2005-05-11-Popcount-ffs-fls.simple Output/2005-05-11-Popcount-ffs-fls.llvm.o -lstdc++   -m64 -fomit-frame-pointer
/home/ed/mcsema-testing/llvm-test-suite/RunSafely.sh -t "/home/ed/mcsema-testing/SANDBOX/test-2015-12-21_15-36-50/tools/timeit-target" 500 /dev/null Output/2005-05-11-Popcount-ffs-fls.out-simple Output/2005-05-11-Popcount-ffs-fls.simple 
cp Output/2005-05-11-Popcount-ffs-fls.simple Output/2005-05-11-Popcount-ffs-fls.simple-hash; \
	strip --remove-section=.comment --remove-section='.note*' Output/2005-05-11-Popcount-ffs-fls.simple-hash; \
	/home/ed/mcsema-testing/llvm-test-suite/HashProgramOutput.sh Output/2005-05-11-Popcount-ffs-fls.simple-hash
if [ -f "/home/ed/mcsema-testing/llvm-test-suite/SingleSource/UnitTests/2005-05-11-Popcount-ffs-fls.reference_output.little-endian." ]; then \
	  cp /home/ed/mcsema-testing/llvm-test-suite/SingleSource/UnitTests/2005-05-11-Popcount-ffs-fls.reference_output.little-endian. Output/2005-05-11-Popcount-ffs-fls.out-nat; \
	elif [ -f "/home/ed/mcsema-testing/llvm-test-suite/SingleSource/UnitTests/2005-05-11-Popcount-ffs-fls.reference_output." ]; then \
	  cp /home/ed/mcsema-testing/llvm-test-suite/SingleSource/UnitTests/2005-05-11-Popcount-ffs-fls.reference_output. Output/2005-05-11-Popcount-ffs-fls.out-nat; \
	elif [ -f "/home/ed/mcsema-testing/llvm-test-suite/SingleSource/UnitTests/2005-05-11-Popcount-ffs-fls.reference_output.little-endian" ]; then \
	  cp /home/ed/mcsema-testing/llvm-test-suite/SingleSource/UnitTests/2005-05-11-Popcount-ffs-fls.reference_output.little-endian Output/2005-05-11-Popcount-ffs-fls.out-nat; \
	elif [ -f "/home/ed/mcsema-testing/llvm-test-suite/SingleSource/UnitTests/2005-05-11-Popcount-ffs-fls.reference_output" ]; then \
	  cp /home/ed/mcsema-testing/llvm-test-suite/SingleSource/UnitTests/2005-05-11-Popcount-ffs-fls.reference_output Output/2005-05-11-Popcount-ffs-fls.out-nat; \
	else \
	  printf "WARNING: %s: %s\n" "NO REFERENCE OUTPUT (using default)" "/home/ed/mcsema-testing/llvm-test-suite/SingleSource/UnitTests/2005-05-11-Popcount-ffs-fls.reference_output" > Output/2005-05-11-Popcount-ffs-fls.out-nat; \
	  cp /home/ed/mcsema-testing/llvm-test-suite/default.reference_output Output/2005-05-11-Popcount-ffs-fls.out-nat; \
	  cat Output/2005-05-11-Popcount-ffs-fls.out-nat; \
	fi
# Pretend that the reference output was produced instantaneously.
cp /home/ed/mcsema-testing/llvm-test-suite/instant.txt Output/2005-05-11-Popcount-ffs-fls.out-nat.time
/home/ed/mcsema-testing/llvm-test-suite/DiffOutput.sh "/home/ed/mcsema-testing/SANDBOX/test-2015-12-21_15-36-50/tools/fpcmp " simple 2005-05-11-Popcount-ffs-fls 
rm -f Output/2005-05-11-Popcount-ffs-fls.exe-simple
cp Output/2005-05-11-Popcount-ffs-fls.diff-simple Output/2005-05-11-Popcount-ffs-fls.exe-simple
if test -f Output/2005-05-11-Popcount-ffs-fls.extra-results.txt; then \
	  /home/ed/mcsema-testing/llvm-test-suite/ParseMultipleResults /home/ed/mcsema-testing/SANDBOX/test-2015-12-21_15-36-50/SingleSource/UnitTests/2005-05-11-Popcount-ffs-fls Output/2005-05-11-Popcount-ffs-fls.extra-results.txt >> Output/2005-05-11-Popcount-ffs-fls.simple.exec.report.txt; \
	fi
cat Output/2005-05-11-Popcount-ffs-fls.simple.compile.report.txt Output/2005-05-11-Popcount-ffs-fls.simple.exec.report.txt >> Output/2005-05-11-Popcount-ffs-fls.simple.report.txt
---------------------------------------------------------------
>>> ========= '/home/ed/mcsema-testing/SANDBOX/test-2015-12-21_15-36-50/SingleSource/UnitTests/2005-05-11-Popcount-ffs-fls' Program
---------------------------------------------------------------

TEST-PASS: compile /home/ed/mcsema-testing/SANDBOX/test-2015-12-21_15-36-50/SingleSource/UnitTests/2005-05-11-Popcount-ffs-fls
TEST-RESULT-compile-success: pass
TEST-RESULT-compile-hash: 7c79702ecd149375f39728d14d800ae4
TEST-RESULT-compile-time: user       0.0384
TEST-RESULT-compile-real-time: real       0.0541

TEST-PASS: exec /home/ed/mcsema-testing/SANDBOX/test-2015-12-21_15-36-50/SingleSource/UnitTests/2005-05-11-Popcount-ffs-fls
TEST-RESULT-exec-success: pass
TEST-RESULT-exec-time: user       0.0009
TEST-RESULT-exec-real-time: real       0.0017
/home/ed/mcsema-testing/llvm-test-suite/RunSafely.sh --show-errors -t "/home/ed/mcsema-testing/SANDBOX/test-2015-12-21_15-36-50/tools/timeit" 500 /dev/null Output/2005-05-12-Int64ToFP.llvm.o.compile \
	  /usr/bin/clang -I/home/ed/mcsema-testing/SANDBOX/test-2015-12-21_15-36-50/SingleSource/UnitTests -I/home/ed/mcsema-testing/llvm-test-suite/SingleSource/UnitTests -I/home/ed/mcsema-testing/llvm-test-suite/include -I../../include -D_GNU_SOURCE -D__STDC_LIMIT_MACROS -DNDEBUG  -O3  -m64 -fomit-frame-pointer -c /home/ed/mcsema-testing/llvm-test-suite/SingleSource/UnitTests/2005-05-12-Int64ToFP.c -o Output/2005-05-12-Int64ToFP.llvm.o
cp Output/2005-05-12-Int64ToFP.llvm.o.compile.time Output/2005-05-12-Int64ToFP.simple.compile.time
/usr/bin/clang++ -o Output/2005-05-12-Int64ToFP.simple Output/2005-05-12-Int64ToFP.llvm.o -lstdc++   -m64 -fomit-frame-pointer
/home/ed/mcsema-testing/llvm-test-suite/RunSafely.sh -t "/home/ed/mcsema-testing/SANDBOX/test-2015-12-21_15-36-50/tools/timeit-target" 500 /dev/null Output/2005-05-12-Int64ToFP.out-simple Output/2005-05-12-Int64ToFP.simple 
cp Output/2005-05-12-Int64ToFP.simple Output/2005-05-12-Int64ToFP.simple-hash; \
	strip --remove-section=.comment --remove-section='.note*' Output/2005-05-12-Int64ToFP.simple-hash; \
	/home/ed/mcsema-testing/llvm-test-suite/HashProgramOutput.sh Output/2005-05-12-Int64ToFP.simple-hash
if [ -f "/home/ed/mcsema-testing/llvm-test-suite/SingleSource/UnitTests/2005-05-12-Int64ToFP.reference_output.little-endian." ]; then \
	  cp /home/ed/mcsema-testing/llvm-test-suite/SingleSource/UnitTests/2005-05-12-Int64ToFP.reference_output.little-endian. Output/2005-05-12-Int64ToFP.out-nat; \
	elif [ -f "/home/ed/mcsema-testing/llvm-test-suite/SingleSource/UnitTests/2005-05-12-Int64ToFP.reference_output." ]; then \
	  cp /home/ed/mcsema-testing/llvm-test-suite/SingleSource/UnitTests/2005-05-12-Int64ToFP.reference_output. Output/2005-05-12-Int64ToFP.out-nat; \
	elif [ -f "/home/ed/mcsema-testing/llvm-test-suite/SingleSource/UnitTests/2005-05-12-Int64ToFP.reference_output.little-endian" ]; then \
	  cp /home/ed/mcsema-testing/llvm-test-suite/SingleSource/UnitTests/2005-05-12-Int64ToFP.reference_output.little-endian Output/2005-05-12-Int64ToFP.out-nat; \
	elif [ -f "/home/ed/mcsema-testing/llvm-test-suite/SingleSource/UnitTests/2005-05-12-Int64ToFP.reference_output" ]; then \
	  cp /home/ed/mcsema-testing/llvm-test-suite/SingleSource/UnitTests/2005-05-12-Int64ToFP.reference_output Output/2005-05-12-Int64ToFP.out-nat; \
	else \
	  printf "WARNING: %s: %s\n" "NO REFERENCE OUTPUT (using default)" "/home/ed/mcsema-testing/llvm-test-suite/SingleSource/UnitTests/2005-05-12-Int64ToFP.reference_output" > Output/2005-05-12-Int64ToFP.out-nat; \
	  cp /home/ed/mcsema-testing/llvm-test-suite/default.reference_output Output/2005-05-12-Int64ToFP.out-nat; \
	  cat Output/2005-05-12-Int64ToFP.out-nat; \
	fi
# Pretend that the reference output was produced instantaneously.
cp /home/ed/mcsema-testing/llvm-test-suite/instant.txt Output/2005-05-12-Int64ToFP.out-nat.time
/home/ed/mcsema-testing/llvm-test-suite/DiffOutput.sh "/home/ed/mcsema-testing/SANDBOX/test-2015-12-21_15-36-50/tools/fpcmp " simple 2005-05-12-Int64ToFP 
rm -f Output/2005-05-12-Int64ToFP.exe-simple
cp Output/2005-05-12-Int64ToFP.diff-simple Output/2005-05-12-Int64ToFP.exe-simple
if test -f Output/2005-05-12-Int64ToFP.extra-results.txt; then \
	  /home/ed/mcsema-testing/llvm-test-suite/ParseMultipleResults /home/ed/mcsema-testing/SANDBOX/test-2015-12-21_15-36-50/SingleSource/UnitTests/2005-05-12-Int64ToFP Output/2005-05-12-Int64ToFP.extra-results.txt >> Output/2005-05-12-Int64ToFP.simple.exec.report.txt; \
	fi
cat Output/2005-05-12-Int64ToFP.simple.compile.report.txt Output/2005-05-12-Int64ToFP.simple.exec.report.txt >> Output/2005-05-12-Int64ToFP.simple.report.txt
---------------------------------------------------------------
>>> ========= '/home/ed/mcsema-testing/SANDBOX/test-2015-12-21_15-36-50/SingleSource/UnitTests/2005-05-12-Int64ToFP' Program
---------------------------------------------------------------

TEST-PASS: compile /home/ed/mcsema-testing/SANDBOX/test-2015-12-21_15-36-50/SingleSource/UnitTests/2005-05-12-Int64ToFP
TEST-RESULT-compile-success: pass
TEST-RESULT-compile-hash: ff7f8d6d72e645a7068d2edff405152e
TEST-RESULT-compile-time: user       0.0217
TEST-RESULT-compile-real-time: real       0.0353

TEST-PASS: exec /home/ed/mcsema-testing/SANDBOX/test-2015-12-21_15-36-50/SingleSource/UnitTests/2005-05-12-Int64ToFP
TEST-RESULT-exec-success: pass
TEST-RESULT-exec-time: user       0.0009
TEST-RESULT-exec-real-time: real       0.0017
/home/ed/mcsema-testing/llvm-test-suite/RunSafely.sh --show-errors -t "/home/ed/mcsema-testing/SANDBOX/test-2015-12-21_15-36-50/tools/timeit" 500 /dev/null Output/2005-05-13-SDivTwo.llvm.o.compile \
	  /usr/bin/clang -I/home/ed/mcsema-testing/SANDBOX/test-2015-12-21_15-36-50/SingleSource/UnitTests -I/home/ed/mcsema-testing/llvm-test-suite/SingleSource/UnitTests -I/home/ed/mcsema-testing/llvm-test-suite/include -I../../include -D_GNU_SOURCE -D__STDC_LIMIT_MACROS -DNDEBUG  -O3  -m64 -fomit-frame-pointer -c /home/ed/mcsema-testing/llvm-test-suite/SingleSource/UnitTests/2005-05-13-SDivTwo.c -o Output/2005-05-13-SDivTwo.llvm.o
cp Output/2005-05-13-SDivTwo.llvm.o.compile.time Output/2005-05-13-SDivTwo.simple.compile.time
/usr/bin/clang++ -o Output/2005-05-13-SDivTwo.simple Output/2005-05-13-SDivTwo.llvm.o -lstdc++   -m64 -fomit-frame-pointer
/home/ed/mcsema-testing/llvm-test-suite/RunSafely.sh -t "/home/ed/mcsema-testing/SANDBOX/test-2015-12-21_15-36-50/tools/timeit-target" 500 /dev/null Output/2005-05-13-SDivTwo.out-simple Output/2005-05-13-SDivTwo.simple 
cp Output/2005-05-13-SDivTwo.simple Output/2005-05-13-SDivTwo.simple-hash; \
	strip --remove-section=.comment --remove-section='.note*' Output/2005-05-13-SDivTwo.simple-hash; \
	/home/ed/mcsema-testing/llvm-test-suite/HashProgramOutput.sh Output/2005-05-13-SDivTwo.simple-hash
if [ -f "/home/ed/mcsema-testing/llvm-test-suite/SingleSource/UnitTests/2005-05-13-SDivTwo.reference_output.little-endian." ]; then \
	  cp /home/ed/mcsema-testing/llvm-test-suite/SingleSource/UnitTests/2005-05-13-SDivTwo.reference_output.little-endian. Output/2005-05-13-SDivTwo.out-nat; \
	elif [ -f "/home/ed/mcsema-testing/llvm-test-suite/SingleSource/UnitTests/2005-05-13-SDivTwo.reference_output." ]; then \
	  cp /home/ed/mcsema-testing/llvm-test-suite/SingleSource/UnitTests/2005-05-13-SDivTwo.reference_output. Output/2005-05-13-SDivTwo.out-nat; \
	elif [ -f "/home/ed/mcsema-testing/llvm-test-suite/SingleSource/UnitTests/2005-05-13-SDivTwo.reference_output.little-endian" ]; then \
	  cp /home/ed/mcsema-testing/llvm-test-suite/SingleSource/UnitTests/2005-05-13-SDivTwo.reference_output.little-endian Output/2005-05-13-SDivTwo.out-nat; \
	elif [ -f "/home/ed/mcsema-testing/llvm-test-suite/SingleSource/UnitTests/2005-05-13-SDivTwo.reference_output" ]; then \
	  cp /home/ed/mcsema-testing/llvm-test-suite/SingleSource/UnitTests/2005-05-13-SDivTwo.reference_output Output/2005-05-13-SDivTwo.out-nat; \
	else \
	  printf "WARNING: %s: %s\n" "NO REFERENCE OUTPUT (using default)" "/home/ed/mcsema-testing/llvm-test-suite/SingleSource/UnitTests/2005-05-13-SDivTwo.reference_output" > Output/2005-05-13-SDivTwo.out-nat; \
	  cp /home/ed/mcsema-testing/llvm-test-suite/default.reference_output Output/2005-05-13-SDivTwo.out-nat; \
	  cat Output/2005-05-13-SDivTwo.out-nat; \
	fi
# Pretend that the reference output was produced instantaneously.
cp /home/ed/mcsema-testing/llvm-test-suite/instant.txt Output/2005-05-13-SDivTwo.out-nat.time
/home/ed/mcsema-testing/llvm-test-suite/DiffOutput.sh "/home/ed/mcsema-testing/SANDBOX/test-2015-12-21_15-36-50/tools/fpcmp " simple 2005-05-13-SDivTwo 
rm -f Output/2005-05-13-SDivTwo.exe-simple
cp Output/2005-05-13-SDivTwo.diff-simple Output/2005-05-13-SDivTwo.exe-simple
if test -f Output/2005-05-13-SDivTwo.extra-results.txt; then \
	  /home/ed/mcsema-testing/llvm-test-suite/ParseMultipleResults /home/ed/mcsema-testing/SANDBOX/test-2015-12-21_15-36-50/SingleSource/UnitTests/2005-05-13-SDivTwo Output/2005-05-13-SDivTwo.extra-results.txt >> Output/2005-05-13-SDivTwo.simple.exec.report.txt; \
	fi
cat Output/2005-05-13-SDivTwo.simple.compile.report.txt Output/2005-05-13-SDivTwo.simple.exec.report.txt >> Output/2005-05-13-SDivTwo.simple.report.txt
---------------------------------------------------------------
>>> ========= '/home/ed/mcsema-testing/SANDBOX/test-2015-12-21_15-36-50/SingleSource/UnitTests/2005-05-13-SDivTwo' Program
---------------------------------------------------------------

TEST-PASS: compile /home/ed/mcsema-testing/SANDBOX/test-2015-12-21_15-36-50/SingleSource/UnitTests/2005-05-13-SDivTwo
TEST-RESULT-compile-success: pass
TEST-RESULT-compile-hash: ee8f69fe181bd38135b6d135ecf493f1
TEST-RESULT-compile-time: user       0.0217
TEST-RESULT-compile-real-time: real       0.0353

TEST-PASS: exec /home/ed/mcsema-testing/SANDBOX/test-2015-12-21_15-36-50/SingleSource/UnitTests/2005-05-13-SDivTwo
TEST-RESULT-exec-success: pass
TEST-RESULT-exec-time: user       0.0008
TEST-RESULT-exec-real-time: real       0.0016
/home/ed/mcsema-testing/llvm-test-suite/RunSafely.sh --show-errors -t "/home/ed/mcsema-testing/SANDBOX/test-2015-12-21_15-36-50/tools/timeit" 500 /dev/null Output/2005-07-15-Bitfield-ABI.llvm.o.compile \
	  /usr/bin/clang -I/home/ed/mcsema-testing/SANDBOX/test-2015-12-21_15-36-50/SingleSource/UnitTests -I/home/ed/mcsema-testing/llvm-test-suite/SingleSource/UnitTests -I/home/ed/mcsema-testing/llvm-test-suite/include -I../../include -D_GNU_SOURCE -D__STDC_LIMIT_MACROS -DNDEBUG  -O3  -m64 -fomit-frame-pointer -c /home/ed/mcsema-testing/llvm-test-suite/SingleSource/UnitTests/2005-07-15-Bitfield-ABI.c -o Output/2005-07-15-Bitfield-ABI.llvm.o
cp Output/2005-07-15-Bitfield-ABI.llvm.o.compile.time Output/2005-07-15-Bitfield-ABI.simple.compile.time
/usr/bin/clang++ -o Output/2005-07-15-Bitfield-ABI.simple Output/2005-07-15-Bitfield-ABI.llvm.o -lstdc++   -m64 -fomit-frame-pointer
/home/ed/mcsema-testing/llvm-test-suite/RunSafely.sh -t "/home/ed/mcsema-testing/SANDBOX/test-2015-12-21_15-36-50/tools/timeit-target" 500 /dev/null Output/2005-07-15-Bitfield-ABI.out-simple Output/2005-07-15-Bitfield-ABI.simple 
cp Output/2005-07-15-Bitfield-ABI.simple Output/2005-07-15-Bitfield-ABI.simple-hash; \
	strip --remove-section=.comment --remove-section='.note*' Output/2005-07-15-Bitfield-ABI.simple-hash; \
	/home/ed/mcsema-testing/llvm-test-suite/HashProgramOutput.sh Output/2005-07-15-Bitfield-ABI.simple-hash
if [ -f "/home/ed/mcsema-testing/llvm-test-suite/SingleSource/UnitTests/2005-07-15-Bitfield-ABI.reference_output.little-endian." ]; then \
	  cp /home/ed/mcsema-testing/llvm-test-suite/SingleSource/UnitTests/2005-07-15-Bitfield-ABI.reference_output.little-endian. Output/2005-07-15-Bitfield-ABI.out-nat; \
	elif [ -f "/home/ed/mcsema-testing/llvm-test-suite/SingleSource/UnitTests/2005-07-15-Bitfield-ABI.reference_output." ]; then \
	  cp /home/ed/mcsema-testing/llvm-test-suite/SingleSource/UnitTests/2005-07-15-Bitfield-ABI.reference_output. Output/2005-07-15-Bitfield-ABI.out-nat; \
	elif [ -f "/home/ed/mcsema-testing/llvm-test-suite/SingleSource/UnitTests/2005-07-15-Bitfield-ABI.reference_output.little-endian" ]; then \
	  cp /home/ed/mcsema-testing/llvm-test-suite/SingleSource/UnitTests/2005-07-15-Bitfield-ABI.reference_output.little-endian Output/2005-07-15-Bitfield-ABI.out-nat; \
	elif [ -f "/home/ed/mcsema-testing/llvm-test-suite/SingleSource/UnitTests/2005-07-15-Bitfield-ABI.reference_output" ]; then \
	  cp /home/ed/mcsema-testing/llvm-test-suite/SingleSource/UnitTests/2005-07-15-Bitfield-ABI.reference_output Output/2005-07-15-Bitfield-ABI.out-nat; \
	else \
	  printf "WARNING: %s: %s\n" "NO REFERENCE OUTPUT (using default)" "/home/ed/mcsema-testing/llvm-test-suite/SingleSource/UnitTests/2005-07-15-Bitfield-ABI.reference_output" > Output/2005-07-15-Bitfield-ABI.out-nat; \
	  cp /home/ed/mcsema-testing/llvm-test-suite/default.reference_output Output/2005-07-15-Bitfield-ABI.out-nat; \
	  cat Output/2005-07-15-Bitfield-ABI.out-nat; \
	fi
# Pretend that the reference output was produced instantaneously.
cp /home/ed/mcsema-testing/llvm-test-suite/instant.txt Output/2005-07-15-Bitfield-ABI.out-nat.time
/home/ed/mcsema-testing/llvm-test-suite/DiffOutput.sh "/home/ed/mcsema-testing/SANDBOX/test-2015-12-21_15-36-50/tools/fpcmp " simple 2005-07-15-Bitfield-ABI 
rm -f Output/2005-07-15-Bitfield-ABI.exe-simple
cp Output/2005-07-15-Bitfield-ABI.diff-simple Output/2005-07-15-Bitfield-ABI.exe-simple
if test -f Output/2005-07-15-Bitfield-ABI.extra-results.txt; then \
	  /home/ed/mcsema-testing/llvm-test-suite/ParseMultipleResults /home/ed/mcsema-testing/SANDBOX/test-2015-12-21_15-36-50/SingleSource/UnitTests/2005-07-15-Bitfield-ABI Output/2005-07-15-Bitfield-ABI.extra-results.txt >> Output/2005-07-15-Bitfield-ABI.simple.exec.report.txt; \
	fi
cat Output/2005-07-15-Bitfield-ABI.simple.compile.report.txt Output/2005-07-15-Bitfield-ABI.simple.exec.report.txt >> Output/2005-07-15-Bitfield-ABI.simple.report.txt
---------------------------------------------------------------
>>> ========= '/home/ed/mcsema-testing/SANDBOX/test-2015-12-21_15-36-50/SingleSource/UnitTests/2005-07-15-Bitfield-ABI' Program
---------------------------------------------------------------

TEST-PASS: compile /home/ed/mcsema-testing/SANDBOX/test-2015-12-21_15-36-50/SingleSource/UnitTests/2005-07-15-Bitfield-ABI
TEST-RESULT-compile-success: pass
TEST-RESULT-compile-hash: 0db6cef266b48920cba39d61019465f8
TEST-RESULT-compile-time: user       0.0173
TEST-RESULT-compile-real-time: real       0.0297

TEST-PASS: exec /home/ed/mcsema-testing/SANDBOX/test-2015-12-21_15-36-50/SingleSource/UnitTests/2005-07-15-Bitfield-ABI
TEST-RESULT-exec-success: pass
TEST-RESULT-exec-time: user       0.0008
TEST-RESULT-exec-real-time: real       0.0017
/home/ed/mcsema-testing/llvm-test-suite/RunSafely.sh --show-errors -t "/home/ed/mcsema-testing/SANDBOX/test-2015-12-21_15-36-50/tools/timeit" 500 /dev/null Output/2005-07-17-INT-To-FP.llvm.o.compile \
	  /usr/bin/clang -I/home/ed/mcsema-testing/SANDBOX/test-2015-12-21_15-36-50/SingleSource/UnitTests -I/home/ed/mcsema-testing/llvm-test-suite/SingleSource/UnitTests -I/home/ed/mcsema-testing/llvm-test-suite/include -I../../include -D_GNU_SOURCE -D__STDC_LIMIT_MACROS -DNDEBUG  -O3  -m64 -fomit-frame-pointer -c /home/ed/mcsema-testing/llvm-test-suite/SingleSource/UnitTests/2005-07-17-INT-To-FP.c -o Output/2005-07-17-INT-To-FP.llvm.o
cp Output/2005-07-17-INT-To-FP.llvm.o.compile.time Output/2005-07-17-INT-To-FP.simple.compile.time
/usr/bin/clang++ -o Output/2005-07-17-INT-To-FP.simple Output/2005-07-17-INT-To-FP.llvm.o -lstdc++   -m64 -fomit-frame-pointer
/home/ed/mcsema-testing/llvm-test-suite/RunSafely.sh -t "/home/ed/mcsema-testing/SANDBOX/test-2015-12-21_15-36-50/tools/timeit-target" 500 /dev/null Output/2005-07-17-INT-To-FP.out-simple Output/2005-07-17-INT-To-FP.simple 
cp Output/2005-07-17-INT-To-FP.simple Output/2005-07-17-INT-To-FP.simple-hash; \
	strip --remove-section=.comment --remove-section='.note*' Output/2005-07-17-INT-To-FP.simple-hash; \
	/home/ed/mcsema-testing/llvm-test-suite/HashProgramOutput.sh Output/2005-07-17-INT-To-FP.simple-hash
if [ -f "/home/ed/mcsema-testing/llvm-test-suite/SingleSource/UnitTests/2005-07-17-INT-To-FP.reference_output.little-endian." ]; then \
	  cp /home/ed/mcsema-testing/llvm-test-suite/SingleSource/UnitTests/2005-07-17-INT-To-FP.reference_output.little-endian. Output/2005-07-17-INT-To-FP.out-nat; \
	elif [ -f "/home/ed/mcsema-testing/llvm-test-suite/SingleSource/UnitTests/2005-07-17-INT-To-FP.reference_output." ]; then \
	  cp /home/ed/mcsema-testing/llvm-test-suite/SingleSource/UnitTests/2005-07-17-INT-To-FP.reference_output. Output/2005-07-17-INT-To-FP.out-nat; \
	elif [ -f "/home/ed/mcsema-testing/llvm-test-suite/SingleSource/UnitTests/2005-07-17-INT-To-FP.reference_output.little-endian" ]; then \
	  cp /home/ed/mcsema-testing/llvm-test-suite/SingleSource/UnitTests/2005-07-17-INT-To-FP.reference_output.little-endian Output/2005-07-17-INT-To-FP.out-nat; \
	elif [ -f "/home/ed/mcsema-testing/llvm-test-suite/SingleSource/UnitTests/2005-07-17-INT-To-FP.reference_output" ]; then \
	  cp /home/ed/mcsema-testing/llvm-test-suite/SingleSource/UnitTests/2005-07-17-INT-To-FP.reference_output Output/2005-07-17-INT-To-FP.out-nat; \
	else \
	  printf "WARNING: %s: %s\n" "NO REFERENCE OUTPUT (using default)" "/home/ed/mcsema-testing/llvm-test-suite/SingleSource/UnitTests/2005-07-17-INT-To-FP.reference_output" > Output/2005-07-17-INT-To-FP.out-nat; \
	  cp /home/ed/mcsema-testing/llvm-test-suite/default.reference_output Output/2005-07-17-INT-To-FP.out-nat; \
	  cat Output/2005-07-17-INT-To-FP.out-nat; \
	fi
# Pretend that the reference output was produced instantaneously.
cp /home/ed/mcsema-testing/llvm-test-suite/instant.txt Output/2005-07-17-INT-To-FP.out-nat.time
/home/ed/mcsema-testing/llvm-test-suite/DiffOutput.sh "/home/ed/mcsema-testing/SANDBOX/test-2015-12-21_15-36-50/tools/fpcmp " simple 2005-07-17-INT-To-FP 
rm -f Output/2005-07-17-INT-To-FP.exe-simple
cp Output/2005-07-17-INT-To-FP.diff-simple Output/2005-07-17-INT-To-FP.exe-simple
if test -f Output/2005-07-17-INT-To-FP.extra-results.txt; then \
	  /home/ed/mcsema-testing/llvm-test-suite/ParseMultipleResults /home/ed/mcsema-testing/SANDBOX/test-2015-12-21_15-36-50/SingleSource/UnitTests/2005-07-17-INT-To-FP Output/2005-07-17-INT-To-FP.extra-results.txt >> Output/2005-07-17-INT-To-FP.simple.exec.report.txt; \
	fi
cat Output/2005-07-17-INT-To-FP.simple.compile.report.txt Output/2005-07-17-INT-To-FP.simple.exec.report.txt >> Output/2005-07-17-INT-To-FP.simple.report.txt
---------------------------------------------------------------
>>> ========= '/home/ed/mcsema-testing/SANDBOX/test-2015-12-21_15-36-50/SingleSource/UnitTests/2005-07-17-INT-To-FP' Program
---------------------------------------------------------------

TEST-PASS: compile /home/ed/mcsema-testing/SANDBOX/test-2015-12-21_15-36-50/SingleSource/UnitTests/2005-07-17-INT-To-FP
TEST-RESULT-compile-success: pass
TEST-RESULT-compile-hash: 21fd09be69a66ea2dc04256e46b0417c
TEST-RESULT-compile-time: user       0.0245
TEST-RESULT-compile-real-time: real       0.0387

TEST-PASS: exec /home/ed/mcsema-testing/SANDBOX/test-2015-12-21_15-36-50/SingleSource/UnitTests/2005-07-17-INT-To-FP
TEST-RESULT-exec-success: pass
TEST-RESULT-exec-time: user       0.0012
TEST-RESULT-exec-real-time: real       0.0021
/home/ed/mcsema-testing/llvm-test-suite/RunSafely.sh --show-errors -t "/home/ed/mcsema-testing/SANDBOX/test-2015-12-21_15-36-50/tools/timeit" 500 /dev/null Output/2005-11-29-LongSwitch.llvm.o.compile \
	  /usr/bin/clang -I/home/ed/mcsema-testing/SANDBOX/test-2015-12-21_15-36-50/SingleSource/UnitTests -I/home/ed/mcsema-testing/llvm-test-suite/SingleSource/UnitTests -I/home/ed/mcsema-testing/llvm-test-suite/include -I../../include -D_GNU_SOURCE -D__STDC_LIMIT_MACROS -DNDEBUG  -O3  -m64 -fomit-frame-pointer -c /home/ed/mcsema-testing/llvm-test-suite/SingleSource/UnitTests/2005-11-29-LongSwitch.c -o Output/2005-11-29-LongSwitch.llvm.o
cp Output/2005-11-29-LongSwitch.llvm.o.compile.time Output/2005-11-29-LongSwitch.simple.compile.time
/usr/bin/clang++ -o Output/2005-11-29-LongSwitch.simple Output/2005-11-29-LongSwitch.llvm.o -lstdc++   -m64 -fomit-frame-pointer
/home/ed/mcsema-testing/llvm-test-suite/RunSafely.sh -t "/home/ed/mcsema-testing/SANDBOX/test-2015-12-21_15-36-50/tools/timeit-target" 500 /dev/null Output/2005-11-29-LongSwitch.out-simple Output/2005-11-29-LongSwitch.simple 
cp Output/2005-11-29-LongSwitch.simple Output/2005-11-29-LongSwitch.simple-hash; \
	strip --remove-section=.comment --remove-section='.note*' Output/2005-11-29-LongSwitch.simple-hash; \
	/home/ed/mcsema-testing/llvm-test-suite/HashProgramOutput.sh Output/2005-11-29-LongSwitch.simple-hash
if [ -f "/home/ed/mcsema-testing/llvm-test-suite/SingleSource/UnitTests/2005-11-29-LongSwitch.reference_output.little-endian." ]; then \
	  cp /home/ed/mcsema-testing/llvm-test-suite/SingleSource/UnitTests/2005-11-29-LongSwitch.reference_output.little-endian. Output/2005-11-29-LongSwitch.out-nat; \
	elif [ -f "/home/ed/mcsema-testing/llvm-test-suite/SingleSource/UnitTests/2005-11-29-LongSwitch.reference_output." ]; then \
	  cp /home/ed/mcsema-testing/llvm-test-suite/SingleSource/UnitTests/2005-11-29-LongSwitch.reference_output. Output/2005-11-29-LongSwitch.out-nat; \
	elif [ -f "/home/ed/mcsema-testing/llvm-test-suite/SingleSource/UnitTests/2005-11-29-LongSwitch.reference_output.little-endian" ]; then \
	  cp /home/ed/mcsema-testing/llvm-test-suite/SingleSource/UnitTests/2005-11-29-LongSwitch.reference_output.little-endian Output/2005-11-29-LongSwitch.out-nat; \
	elif [ -f "/home/ed/mcsema-testing/llvm-test-suite/SingleSource/UnitTests/2005-11-29-LongSwitch.reference_output" ]; then \
	  cp /home/ed/mcsema-testing/llvm-test-suite/SingleSource/UnitTests/2005-11-29-LongSwitch.reference_output Output/2005-11-29-LongSwitch.out-nat; \
	else \
	  printf "WARNING: %s: %s\n" "NO REFERENCE OUTPUT (using default)" "/home/ed/mcsema-testing/llvm-test-suite/SingleSource/UnitTests/2005-11-29-LongSwitch.reference_output" > Output/2005-11-29-LongSwitch.out-nat; \
	  cp /home/ed/mcsema-testing/llvm-test-suite/default.reference_output Output/2005-11-29-LongSwitch.out-nat; \
	  cat Output/2005-11-29-LongSwitch.out-nat; \
	fi
# Pretend that the reference output was produced instantaneously.
cp /home/ed/mcsema-testing/llvm-test-suite/instant.txt Output/2005-11-29-LongSwitch.out-nat.time
/home/ed/mcsema-testing/llvm-test-suite/DiffOutput.sh "/home/ed/mcsema-testing/SANDBOX/test-2015-12-21_15-36-50/tools/fpcmp " simple 2005-11-29-LongSwitch 
rm -f Output/2005-11-29-LongSwitch.exe-simple
cp Output/2005-11-29-LongSwitch.diff-simple Output/2005-11-29-LongSwitch.exe-simple
if test -f Output/2005-11-29-LongSwitch.extra-results.txt; then \
	  /home/ed/mcsema-testing/llvm-test-suite/ParseMultipleResults /home/ed/mcsema-testing/SANDBOX/test-2015-12-21_15-36-50/SingleSource/UnitTests/2005-11-29-LongSwitch Output/2005-11-29-LongSwitch.extra-results.txt >> Output/2005-11-29-LongSwitch.simple.exec.report.txt; \
	fi
cat Output/2005-11-29-LongSwitch.simple.compile.report.txt Output/2005-11-29-LongSwitch.simple.exec.report.txt >> Output/2005-11-29-LongSwitch.simple.report.txt
---------------------------------------------------------------
>>> ========= '/home/ed/mcsema-testing/SANDBOX/test-2015-12-21_15-36-50/SingleSource/UnitTests/2005-11-29-LongSwitch' Program
---------------------------------------------------------------

TEST-PASS: compile /home/ed/mcsema-testing/SANDBOX/test-2015-12-21_15-36-50/SingleSource/UnitTests/2005-11-29-LongSwitch
TEST-RESULT-compile-success: pass
TEST-RESULT-compile-hash: 1dc3f58192e9dd62538f2963a344cd24
TEST-RESULT-compile-time: user       0.0214
TEST-RESULT-compile-real-time: real       0.0348

TEST-PASS: exec /home/ed/mcsema-testing/SANDBOX/test-2015-12-21_15-36-50/SingleSource/UnitTests/2005-11-29-LongSwitch
TEST-RESULT-exec-success: pass
TEST-RESULT-exec-time: user       0.0008
TEST-RESULT-exec-real-time: real       0.0016
/home/ed/mcsema-testing/llvm-test-suite/RunSafely.sh --show-errors -t "/home/ed/mcsema-testing/SANDBOX/test-2015-12-21_15-36-50/tools/timeit" 500 /dev/null Output/2006-01-23-UnionInit.llvm.o.compile \
	  /usr/bin/clang -I/home/ed/mcsema-testing/SANDBOX/test-2015-12-21_15-36-50/SingleSource/UnitTests -I/home/ed/mcsema-testing/llvm-test-suite/SingleSource/UnitTests -I/home/ed/mcsema-testing/llvm-test-suite/include -I../../include -D_GNU_SOURCE -D__STDC_LIMIT_MACROS -DNDEBUG  -O3  -m64 -fomit-frame-pointer -c /home/ed/mcsema-testing/llvm-test-suite/SingleSource/UnitTests/2006-01-23-UnionInit.c -o Output/2006-01-23-UnionInit.llvm.o
cp Output/2006-01-23-UnionInit.llvm.o.compile.time Output/2006-01-23-UnionInit.simple.compile.time
/usr/bin/clang++ -o Output/2006-01-23-UnionInit.simple Output/2006-01-23-UnionInit.llvm.o -lstdc++   -m64 -fomit-frame-pointer
/home/ed/mcsema-testing/llvm-test-suite/RunSafely.sh -t "/home/ed/mcsema-testing/SANDBOX/test-2015-12-21_15-36-50/tools/timeit-target" 500 /dev/null Output/2006-01-23-UnionInit.out-simple Output/2006-01-23-UnionInit.simple 
cp Output/2006-01-23-UnionInit.simple Output/2006-01-23-UnionInit.simple-hash; \
	strip --remove-section=.comment --remove-section='.note*' Output/2006-01-23-UnionInit.simple-hash; \
	/home/ed/mcsema-testing/llvm-test-suite/HashProgramOutput.sh Output/2006-01-23-UnionInit.simple-hash
if [ -f "/home/ed/mcsema-testing/llvm-test-suite/SingleSource/UnitTests/2006-01-23-UnionInit.reference_output.little-endian." ]; then \
	  cp /home/ed/mcsema-testing/llvm-test-suite/SingleSource/UnitTests/2006-01-23-UnionInit.reference_output.little-endian. Output/2006-01-23-UnionInit.out-nat; \
	elif [ -f "/home/ed/mcsema-testing/llvm-test-suite/SingleSource/UnitTests/2006-01-23-UnionInit.reference_output." ]; then \
	  cp /home/ed/mcsema-testing/llvm-test-suite/SingleSource/UnitTests/2006-01-23-UnionInit.reference_output. Output/2006-01-23-UnionInit.out-nat; \
	elif [ -f "/home/ed/mcsema-testing/llvm-test-suite/SingleSource/UnitTests/2006-01-23-UnionInit.reference_output.little-endian" ]; then \
	  cp /home/ed/mcsema-testing/llvm-test-suite/SingleSource/UnitTests/2006-01-23-UnionInit.reference_output.little-endian Output/2006-01-23-UnionInit.out-nat; \
	elif [ -f "/home/ed/mcsema-testing/llvm-test-suite/SingleSource/UnitTests/2006-01-23-UnionInit.reference_output" ]; then \
	  cp /home/ed/mcsema-testing/llvm-test-suite/SingleSource/UnitTests/2006-01-23-UnionInit.reference_output Output/2006-01-23-UnionInit.out-nat; \
	else \
	  printf "WARNING: %s: %s\n" "NO REFERENCE OUTPUT (using default)" "/home/ed/mcsema-testing/llvm-test-suite/SingleSource/UnitTests/2006-01-23-UnionInit.reference_output" > Output/2006-01-23-UnionInit.out-nat; \
	  cp /home/ed/mcsema-testing/llvm-test-suite/default.reference_output Output/2006-01-23-UnionInit.out-nat; \
	  cat Output/2006-01-23-UnionInit.out-nat; \
	fi
# Pretend that the reference output was produced instantaneously.
cp /home/ed/mcsema-testing/llvm-test-suite/instant.txt Output/2006-01-23-UnionInit.out-nat.time
/home/ed/mcsema-testing/llvm-test-suite/DiffOutput.sh "/home/ed/mcsema-testing/SANDBOX/test-2015-12-21_15-36-50/tools/fpcmp " simple 2006-01-23-UnionInit 
rm -f Output/2006-01-23-UnionInit.exe-simple
cp Output/2006-01-23-UnionInit.diff-simple Output/2006-01-23-UnionInit.exe-simple
if test -f Output/2006-01-23-UnionInit.extra-results.txt; then \
	  /home/ed/mcsema-testing/llvm-test-suite/ParseMultipleResults /home/ed/mcsema-testing/SANDBOX/test-2015-12-21_15-36-50/SingleSource/UnitTests/2006-01-23-UnionInit Output/2006-01-23-UnionInit.extra-results.txt >> Output/2006-01-23-UnionInit.simple.exec.report.txt; \
	fi
cat Output/2006-01-23-UnionInit.simple.compile.report.txt Output/2006-01-23-UnionInit.simple.exec.report.txt >> Output/2006-01-23-UnionInit.simple.report.txt
---------------------------------------------------------------
>>> ========= '/home/ed/mcsema-testing/SANDBOX/test-2015-12-21_15-36-50/SingleSource/UnitTests/2006-01-23-UnionInit' Program
---------------------------------------------------------------

TEST-PASS: compile /home/ed/mcsema-testing/SANDBOX/test-2015-12-21_15-36-50/SingleSource/UnitTests/2006-01-23-UnionInit
TEST-RESULT-compile-success: pass
TEST-RESULT-compile-hash: 944e87156f16ff93ab36a6e15881ed59
TEST-RESULT-compile-time: user       0.0274
TEST-RESULT-compile-real-time: real       0.0411

TEST-PASS: exec /home/ed/mcsema-testing/SANDBOX/test-2015-12-21_15-36-50/SingleSource/UnitTests/2006-01-23-UnionInit
TEST-RESULT-exec-success: pass
TEST-RESULT-exec-time: user       0.0008
TEST-RESULT-exec-real-time: real       0.0016
/home/ed/mcsema-testing/llvm-test-suite/RunSafely.sh --show-errors -t "/home/ed/mcsema-testing/SANDBOX/test-2015-12-21_15-36-50/tools/timeit" 500 /dev/null Output/2006-01-29-SimpleIndirectCall.llvm.o.compile \
	  /usr/bin/clang -I/home/ed/mcsema-testing/SANDBOX/test-2015-12-21_15-36-50/SingleSource/UnitTests -I/home/ed/mcsema-testing/llvm-test-suite/SingleSource/UnitTests -I/home/ed/mcsema-testing/llvm-test-suite/include -I../../include -D_GNU_SOURCE -D__STDC_LIMIT_MACROS -DNDEBUG  -O3  -m64 -fomit-frame-pointer -c /home/ed/mcsema-testing/llvm-test-suite/SingleSource/UnitTests/2006-01-29-SimpleIndirectCall.c -o Output/2006-01-29-SimpleIndirectCall.llvm.o
cp Output/2006-01-29-SimpleIndirectCall.llvm.o.compile.time Output/2006-01-29-SimpleIndirectCall.simple.compile.time
/usr/bin/clang++ -o Output/2006-01-29-SimpleIndirectCall.simple Output/2006-01-29-SimpleIndirectCall.llvm.o -lstdc++   -m64 -fomit-frame-pointer
/home/ed/mcsema-testing/llvm-test-suite/RunSafely.sh -t "/home/ed/mcsema-testing/SANDBOX/test-2015-12-21_15-36-50/tools/timeit-target" 500 /dev/null Output/2006-01-29-SimpleIndirectCall.out-simple Output/2006-01-29-SimpleIndirectCall.simple 
cp Output/2006-01-29-SimpleIndirectCall.simple Output/2006-01-29-SimpleIndirectCall.simple-hash; \
	strip --remove-section=.comment --remove-section='.note*' Output/2006-01-29-SimpleIndirectCall.simple-hash; \
	/home/ed/mcsema-testing/llvm-test-suite/HashProgramOutput.sh Output/2006-01-29-SimpleIndirectCall.simple-hash
if [ -f "/home/ed/mcsema-testing/llvm-test-suite/SingleSource/UnitTests/2006-01-29-SimpleIndirectCall.reference_output.little-endian." ]; then \
	  cp /home/ed/mcsema-testing/llvm-test-suite/SingleSource/UnitTests/2006-01-29-SimpleIndirectCall.reference_output.little-endian. Output/2006-01-29-SimpleIndirectCall.out-nat; \
	elif [ -f "/home/ed/mcsema-testing/llvm-test-suite/SingleSource/UnitTests/2006-01-29-SimpleIndirectCall.reference_output." ]; then \
	  cp /home/ed/mcsema-testing/llvm-test-suite/SingleSource/UnitTests/2006-01-29-SimpleIndirectCall.reference_output. Output/2006-01-29-SimpleIndirectCall.out-nat; \
	elif [ -f "/home/ed/mcsema-testing/llvm-test-suite/SingleSource/UnitTests/2006-01-29-SimpleIndirectCall.reference_output.little-endian" ]; then \
	  cp /home/ed/mcsema-testing/llvm-test-suite/SingleSource/UnitTests/2006-01-29-SimpleIndirectCall.reference_output.little-endian Output/2006-01-29-SimpleIndirectCall.out-nat; \
	elif [ -f "/home/ed/mcsema-testing/llvm-test-suite/SingleSource/UnitTests/2006-01-29-SimpleIndirectCall.reference_output" ]; then \
	  cp /home/ed/mcsema-testing/llvm-test-suite/SingleSource/UnitTests/2006-01-29-SimpleIndirectCall.reference_output Output/2006-01-29-SimpleIndirectCall.out-nat; \
	else \
	  printf "WARNING: %s: %s\n" "NO REFERENCE OUTPUT (using default)" "/home/ed/mcsema-testing/llvm-test-suite/SingleSource/UnitTests/2006-01-29-SimpleIndirectCall.reference_output" > Output/2006-01-29-SimpleIndirectCall.out-nat; \
	  cp /home/ed/mcsema-testing/llvm-test-suite/default.reference_output Output/2006-01-29-SimpleIndirectCall.out-nat; \
	  cat Output/2006-01-29-SimpleIndirectCall.out-nat; \
	fi
# Pretend that the reference output was produced instantaneously.
cp /home/ed/mcsema-testing/llvm-test-suite/instant.txt Output/2006-01-29-SimpleIndirectCall.out-nat.time
/home/ed/mcsema-testing/llvm-test-suite/DiffOutput.sh "/home/ed/mcsema-testing/SANDBOX/test-2015-12-21_15-36-50/tools/fpcmp " simple 2006-01-29-SimpleIndirectCall 
rm -f Output/2006-01-29-SimpleIndirectCall.exe-simple
cp Output/2006-01-29-SimpleIndirectCall.diff-simple Output/2006-01-29-SimpleIndirectCall.exe-simple
if test -f Output/2006-01-29-SimpleIndirectCall.extra-results.txt; then \
	  /home/ed/mcsema-testing/llvm-test-suite/ParseMultipleResults /home/ed/mcsema-testing/SANDBOX/test-2015-12-21_15-36-50/SingleSource/UnitTests/2006-01-29-SimpleIndirectCall Output/2006-01-29-SimpleIndirectCall.extra-results.txt >> Output/2006-01-29-SimpleIndirectCall.simple.exec.report.txt; \
	fi
cat Output/2006-01-29-SimpleIndirectCall.simple.compile.report.txt Output/2006-01-29-SimpleIndirectCall.simple.exec.report.txt >> Output/2006-01-29-SimpleIndirectCall.simple.report.txt
---------------------------------------------------------------
>>> ========= '/home/ed/mcsema-testing/SANDBOX/test-2015-12-21_15-36-50/SingleSource/UnitTests/2006-01-29-SimpleIndirectCall' Program
---------------------------------------------------------------

TEST-PASS: compile /home/ed/mcsema-testing/SANDBOX/test-2015-12-21_15-36-50/SingleSource/UnitTests/2006-01-29-SimpleIndirectCall
TEST-RESULT-compile-success: pass
TEST-RESULT-compile-hash: 7738d7246daa1d37ba74ba00f3cd3538
TEST-RESULT-compile-time: user       0.0212
TEST-RESULT-compile-real-time: real       0.0344

TEST-PASS: exec /home/ed/mcsema-testing/SANDBOX/test-2015-12-21_15-36-50/SingleSource/UnitTests/2006-01-29-SimpleIndirectCall
TEST-RESULT-exec-success: pass
TEST-RESULT-exec-time: user       0.0008
TEST-RESULT-exec-real-time: real       0.0016
/home/ed/mcsema-testing/llvm-test-suite/RunSafely.sh --show-errors -t "/home/ed/mcsema-testing/SANDBOX/test-2015-12-21_15-36-50/tools/timeit" 500 /dev/null Output/2006-02-04-DivRem.llvm.o.compile \
	  /usr/bin/clang -I/home/ed/mcsema-testing/SANDBOX/test-2015-12-21_15-36-50/SingleSource/UnitTests -I/home/ed/mcsema-testing/llvm-test-suite/SingleSource/UnitTests -I/home/ed/mcsema-testing/llvm-test-suite/include -I../../include -D_GNU_SOURCE -D__STDC_LIMIT_MACROS -DNDEBUG  -O3  -m64 -fomit-frame-pointer -c /home/ed/mcsema-testing/llvm-test-suite/SingleSource/UnitTests/2006-02-04-DivRem.c -o Output/2006-02-04-DivRem.llvm.o
cp Output/2006-02-04-DivRem.llvm.o.compile.time Output/2006-02-04-DivRem.simple.compile.time
/usr/bin/clang++ -o Output/2006-02-04-DivRem.simple Output/2006-02-04-DivRem.llvm.o -lstdc++   -m64 -fomit-frame-pointer
/home/ed/mcsema-testing/llvm-test-suite/RunSafely.sh -t "/home/ed/mcsema-testing/SANDBOX/test-2015-12-21_15-36-50/tools/timeit-target" 500 /dev/null Output/2006-02-04-DivRem.out-simple Output/2006-02-04-DivRem.simple 
cp Output/2006-02-04-DivRem.simple Output/2006-02-04-DivRem.simple-hash; \
	strip --remove-section=.comment --remove-section='.note*' Output/2006-02-04-DivRem.simple-hash; \
	/home/ed/mcsema-testing/llvm-test-suite/HashProgramOutput.sh Output/2006-02-04-DivRem.simple-hash
if [ -f "/home/ed/mcsema-testing/llvm-test-suite/SingleSource/UnitTests/2006-02-04-DivRem.reference_output.little-endian." ]; then \
	  cp /home/ed/mcsema-testing/llvm-test-suite/SingleSource/UnitTests/2006-02-04-DivRem.reference_output.little-endian. Output/2006-02-04-DivRem.out-nat; \
	elif [ -f "/home/ed/mcsema-testing/llvm-test-suite/SingleSource/UnitTests/2006-02-04-DivRem.reference_output." ]; then \
	  cp /home/ed/mcsema-testing/llvm-test-suite/SingleSource/UnitTests/2006-02-04-DivRem.reference_output. Output/2006-02-04-DivRem.out-nat; \
	elif [ -f "/home/ed/mcsema-testing/llvm-test-suite/SingleSource/UnitTests/2006-02-04-DivRem.reference_output.little-endian" ]; then \
	  cp /home/ed/mcsema-testing/llvm-test-suite/SingleSource/UnitTests/2006-02-04-DivRem.reference_output.little-endian Output/2006-02-04-DivRem.out-nat; \
	elif [ -f "/home/ed/mcsema-testing/llvm-test-suite/SingleSource/UnitTests/2006-02-04-DivRem.reference_output" ]; then \
	  cp /home/ed/mcsema-testing/llvm-test-suite/SingleSource/UnitTests/2006-02-04-DivRem.reference_output Output/2006-02-04-DivRem.out-nat; \
	else \
	  printf "WARNING: %s: %s\n" "NO REFERENCE OUTPUT (using default)" "/home/ed/mcsema-testing/llvm-test-suite/SingleSource/UnitTests/2006-02-04-DivRem.reference_output" > Output/2006-02-04-DivRem.out-nat; \
	  cp /home/ed/mcsema-testing/llvm-test-suite/default.reference_output Output/2006-02-04-DivRem.out-nat; \
	  cat Output/2006-02-04-DivRem.out-nat; \
	fi
# Pretend that the reference output was produced instantaneously.
cp /home/ed/mcsema-testing/llvm-test-suite/instant.txt Output/2006-02-04-DivRem.out-nat.time
/home/ed/mcsema-testing/llvm-test-suite/DiffOutput.sh "/home/ed/mcsema-testing/SANDBOX/test-2015-12-21_15-36-50/tools/fpcmp " simple 2006-02-04-DivRem 
rm -f Output/2006-02-04-DivRem.exe-simple
cp Output/2006-02-04-DivRem.diff-simple Output/2006-02-04-DivRem.exe-simple
if test -f Output/2006-02-04-DivRem.extra-results.txt; then \
	  /home/ed/mcsema-testing/llvm-test-suite/ParseMultipleResults /home/ed/mcsema-testing/SANDBOX/test-2015-12-21_15-36-50/SingleSource/UnitTests/2006-02-04-DivRem Output/2006-02-04-DivRem.extra-results.txt >> Output/2006-02-04-DivRem.simple.exec.report.txt; \
	fi
cat Output/2006-02-04-DivRem.simple.compile.report.txt Output/2006-02-04-DivRem.simple.exec.report.txt >> Output/2006-02-04-DivRem.simple.report.txt
---------------------------------------------------------------
>>> ========= '/home/ed/mcsema-testing/SANDBOX/test-2015-12-21_15-36-50/SingleSource/UnitTests/2006-02-04-DivRem' Program
---------------------------------------------------------------

TEST-PASS: compile /home/ed/mcsema-testing/SANDBOX/test-2015-12-21_15-36-50/SingleSource/UnitTests/2006-02-04-DivRem
TEST-RESULT-compile-success: pass
TEST-RESULT-compile-hash: 6e731ee6bed212ff3e0feebe22bfcf6a
TEST-RESULT-compile-time: user       0.0229
TEST-RESULT-compile-real-time: real       0.0363

TEST-PASS: exec /home/ed/mcsema-testing/SANDBOX/test-2015-12-21_15-36-50/SingleSource/UnitTests/2006-02-04-DivRem
TEST-RESULT-exec-success: pass
TEST-RESULT-exec-time: user       0.0008
TEST-RESULT-exec-real-time: real       0.0017
/home/ed/mcsema-testing/llvm-test-suite/RunSafely.sh --show-errors -t "/home/ed/mcsema-testing/SANDBOX/test-2015-12-21_15-36-50/tools/timeit" 500 /dev/null Output/2006-12-01-float_varg.llvm.o.compile \
	  /usr/bin/clang -I/home/ed/mcsema-testing/SANDBOX/test-2015-12-21_15-36-50/SingleSource/UnitTests -I/home/ed/mcsema-testing/llvm-test-suite/SingleSource/UnitTests -I/home/ed/mcsema-testing/llvm-test-suite/include -I../../include -D_GNU_SOURCE -D__STDC_LIMIT_MACROS -DNDEBUG  -O3  -m64 -fomit-frame-pointer -c /home/ed/mcsema-testing/llvm-test-suite/SingleSource/UnitTests/2006-12-01-float_varg.c -o Output/2006-12-01-float_varg.llvm.o
cp Output/2006-12-01-float_varg.llvm.o.compile.time Output/2006-12-01-float_varg.simple.compile.time
/usr/bin/clang++ -o Output/2006-12-01-float_varg.simple Output/2006-12-01-float_varg.llvm.o -lstdc++   -m64 -fomit-frame-pointer
/home/ed/mcsema-testing/llvm-test-suite/RunSafely.sh -t "/home/ed/mcsema-testing/SANDBOX/test-2015-12-21_15-36-50/tools/timeit-target" 500 /dev/null Output/2006-12-01-float_varg.out-simple Output/2006-12-01-float_varg.simple 
cp Output/2006-12-01-float_varg.simple Output/2006-12-01-float_varg.simple-hash; \
	strip --remove-section=.comment --remove-section='.note*' Output/2006-12-01-float_varg.simple-hash; \
	/home/ed/mcsema-testing/llvm-test-suite/HashProgramOutput.sh Output/2006-12-01-float_varg.simple-hash
if [ -f "/home/ed/mcsema-testing/llvm-test-suite/SingleSource/UnitTests/2006-12-01-float_varg.reference_output.little-endian." ]; then \
	  cp /home/ed/mcsema-testing/llvm-test-suite/SingleSource/UnitTests/2006-12-01-float_varg.reference_output.little-endian. Output/2006-12-01-float_varg.out-nat; \
	elif [ -f "/home/ed/mcsema-testing/llvm-test-suite/SingleSource/UnitTests/2006-12-01-float_varg.reference_output." ]; then \
	  cp /home/ed/mcsema-testing/llvm-test-suite/SingleSource/UnitTests/2006-12-01-float_varg.reference_output. Output/2006-12-01-float_varg.out-nat; \
	elif [ -f "/home/ed/mcsema-testing/llvm-test-suite/SingleSource/UnitTests/2006-12-01-float_varg.reference_output.little-endian" ]; then \
	  cp /home/ed/mcsema-testing/llvm-test-suite/SingleSource/UnitTests/2006-12-01-float_varg.reference_output.little-endian Output/2006-12-01-float_varg.out-nat; \
	elif [ -f "/home/ed/mcsema-testing/llvm-test-suite/SingleSource/UnitTests/2006-12-01-float_varg.reference_output" ]; then \
	  cp /home/ed/mcsema-testing/llvm-test-suite/SingleSource/UnitTests/2006-12-01-float_varg.reference_output Output/2006-12-01-float_varg.out-nat; \
	else \
	  printf "WARNING: %s: %s\n" "NO REFERENCE OUTPUT (using default)" "/home/ed/mcsema-testing/llvm-test-suite/SingleSource/UnitTests/2006-12-01-float_varg.reference_output" > Output/2006-12-01-float_varg.out-nat; \
	  cp /home/ed/mcsema-testing/llvm-test-suite/default.reference_output Output/2006-12-01-float_varg.out-nat; \
	  cat Output/2006-12-01-float_varg.out-nat; \
	fi
# Pretend that the reference output was produced instantaneously.
cp /home/ed/mcsema-testing/llvm-test-suite/instant.txt Output/2006-12-01-float_varg.out-nat.time
/home/ed/mcsema-testing/llvm-test-suite/DiffOutput.sh "/home/ed/mcsema-testing/SANDBOX/test-2015-12-21_15-36-50/tools/fpcmp " simple 2006-12-01-float_varg 
rm -f Output/2006-12-01-float_varg.exe-simple
cp Output/2006-12-01-float_varg.diff-simple Output/2006-12-01-float_varg.exe-simple
if test -f Output/2006-12-01-float_varg.extra-results.txt; then \
	  /home/ed/mcsema-testing/llvm-test-suite/ParseMultipleResults /home/ed/mcsema-testing/SANDBOX/test-2015-12-21_15-36-50/SingleSource/UnitTests/2006-12-01-float_varg Output/2006-12-01-float_varg.extra-results.txt >> Output/2006-12-01-float_varg.simple.exec.report.txt; \
	fi
cat Output/2006-12-01-float_varg.simple.compile.report.txt Output/2006-12-01-float_varg.simple.exec.report.txt >> Output/2006-12-01-float_varg.simple.report.txt
---------------------------------------------------------------
>>> ========= '/home/ed/mcsema-testing/SANDBOX/test-2015-12-21_15-36-50/SingleSource/UnitTests/2006-12-01-float_varg' Program
---------------------------------------------------------------

TEST-PASS: compile /home/ed/mcsema-testing/SANDBOX/test-2015-12-21_15-36-50/SingleSource/UnitTests/2006-12-01-float_varg
TEST-RESULT-compile-success: pass
TEST-RESULT-compile-hash: ca9b9143533075fb7b933c65d6a6dfc8
TEST-RESULT-compile-time: user       0.0203
TEST-RESULT-compile-real-time: real       0.0329

TEST-PASS: exec /home/ed/mcsema-testing/SANDBOX/test-2015-12-21_15-36-50/SingleSource/UnitTests/2006-12-01-float_varg
TEST-RESULT-exec-success: pass
TEST-RESULT-exec-time: user       0.0009
TEST-RESULT-exec-real-time: real       0.0017
/home/ed/mcsema-testing/llvm-test-suite/RunSafely.sh --show-errors -t "/home/ed/mcsema-testing/SANDBOX/test-2015-12-21_15-36-50/tools/timeit" 500 /dev/null Output/2006-12-07-Compare64BitConstant.llvm.o.compile \
	  /usr/bin/clang -I/home/ed/mcsema-testing/SANDBOX/test-2015-12-21_15-36-50/SingleSource/UnitTests -I/home/ed/mcsema-testing/llvm-test-suite/SingleSource/UnitTests -I/home/ed/mcsema-testing/llvm-test-suite/include -I../../include -D_GNU_SOURCE -D__STDC_LIMIT_MACROS -DNDEBUG  -O3  -m64 -fomit-frame-pointer -c /home/ed/mcsema-testing/llvm-test-suite/SingleSource/UnitTests/2006-12-07-Compare64BitConstant.c -o Output/2006-12-07-Compare64BitConstant.llvm.o
cp Output/2006-12-07-Compare64BitConstant.llvm.o.compile.time Output/2006-12-07-Compare64BitConstant.simple.compile.time
/usr/bin/clang++ -o Output/2006-12-07-Compare64BitConstant.simple Output/2006-12-07-Compare64BitConstant.llvm.o -lstdc++   -m64 -fomit-frame-pointer
/home/ed/mcsema-testing/llvm-test-suite/RunSafely.sh -t "/home/ed/mcsema-testing/SANDBOX/test-2015-12-21_15-36-50/tools/timeit-target" 500 /dev/null Output/2006-12-07-Compare64BitConstant.out-simple Output/2006-12-07-Compare64BitConstant.simple 
cp Output/2006-12-07-Compare64BitConstant.simple Output/2006-12-07-Compare64BitConstant.simple-hash; \
	strip --remove-section=.comment --remove-section='.note*' Output/2006-12-07-Compare64BitConstant.simple-hash; \
	/home/ed/mcsema-testing/llvm-test-suite/HashProgramOutput.sh Output/2006-12-07-Compare64BitConstant.simple-hash
if [ -f "/home/ed/mcsema-testing/llvm-test-suite/SingleSource/UnitTests/2006-12-07-Compare64BitConstant.reference_output.little-endian." ]; then \
	  cp /home/ed/mcsema-testing/llvm-test-suite/SingleSource/UnitTests/2006-12-07-Compare64BitConstant.reference_output.little-endian. Output/2006-12-07-Compare64BitConstant.out-nat; \
	elif [ -f "/home/ed/mcsema-testing/llvm-test-suite/SingleSource/UnitTests/2006-12-07-Compare64BitConstant.reference_output." ]; then \
	  cp /home/ed/mcsema-testing/llvm-test-suite/SingleSource/UnitTests/2006-12-07-Compare64BitConstant.reference_output. Output/2006-12-07-Compare64BitConstant.out-nat; \
	elif [ -f "/home/ed/mcsema-testing/llvm-test-suite/SingleSource/UnitTests/2006-12-07-Compare64BitConstant.reference_output.little-endian" ]; then \
	  cp /home/ed/mcsema-testing/llvm-test-suite/SingleSource/UnitTests/2006-12-07-Compare64BitConstant.reference_output.little-endian Output/2006-12-07-Compare64BitConstant.out-nat; \
	elif [ -f "/home/ed/mcsema-testing/llvm-test-suite/SingleSource/UnitTests/2006-12-07-Compare64BitConstant.reference_output" ]; then \
	  cp /home/ed/mcsema-testing/llvm-test-suite/SingleSource/UnitTests/2006-12-07-Compare64BitConstant.reference_output Output/2006-12-07-Compare64BitConstant.out-nat; \
	else \
	  printf "WARNING: %s: %s\n" "NO REFERENCE OUTPUT (using default)" "/home/ed/mcsema-testing/llvm-test-suite/SingleSource/UnitTests/2006-12-07-Compare64BitConstant.reference_output" > Output/2006-12-07-Compare64BitConstant.out-nat; \
	  cp /home/ed/mcsema-testing/llvm-test-suite/default.reference_output Output/2006-12-07-Compare64BitConstant.out-nat; \
	  cat Output/2006-12-07-Compare64BitConstant.out-nat; \
	fi
# Pretend that the reference output was produced instantaneously.
cp /home/ed/mcsema-testing/llvm-test-suite/instant.txt Output/2006-12-07-Compare64BitConstant.out-nat.time
/home/ed/mcsema-testing/llvm-test-suite/DiffOutput.sh "/home/ed/mcsema-testing/SANDBOX/test-2015-12-21_15-36-50/tools/fpcmp " simple 2006-12-07-Compare64BitConstant 
rm -f Output/2006-12-07-Compare64BitConstant.exe-simple
cp Output/2006-12-07-Compare64BitConstant.diff-simple Output/2006-12-07-Compare64BitConstant.exe-simple
if test -f Output/2006-12-07-Compare64BitConstant.extra-results.txt; then \
	  /home/ed/mcsema-testing/llvm-test-suite/ParseMultipleResults /home/ed/mcsema-testing/SANDBOX/test-2015-12-21_15-36-50/SingleSource/UnitTests/2006-12-07-Compare64BitConstant Output/2006-12-07-Compare64BitConstant.extra-results.txt >> Output/2006-12-07-Compare64BitConstant.simple.exec.report.txt; \
	fi
cat Output/2006-12-07-Compare64BitConstant.simple.compile.report.txt Output/2006-12-07-Compare64BitConstant.simple.exec.report.txt >> Output/2006-12-07-Compare64BitConstant.simple.report.txt
---------------------------------------------------------------
>>> ========= '/home/ed/mcsema-testing/SANDBOX/test-2015-12-21_15-36-50/SingleSource/UnitTests/2006-12-07-Compare64BitConstant' Program
---------------------------------------------------------------

TEST-PASS: compile /home/ed/mcsema-testing/SANDBOX/test-2015-12-21_15-36-50/SingleSource/UnitTests/2006-12-07-Compare64BitConstant
TEST-RESULT-compile-success: pass
TEST-RESULT-compile-hash: fa54625e3e883a8f32a8b63426b5f8cf
TEST-RESULT-compile-time: user       0.0219
TEST-RESULT-compile-real-time: real       0.0355

TEST-PASS: exec /home/ed/mcsema-testing/SANDBOX/test-2015-12-21_15-36-50/SingleSource/UnitTests/2006-12-07-Compare64BitConstant
TEST-RESULT-exec-success: pass
TEST-RESULT-exec-time: user       0.0009
TEST-RESULT-exec-real-time: real       0.0017
/home/ed/mcsema-testing/llvm-test-suite/RunSafely.sh --show-errors -t "/home/ed/mcsema-testing/SANDBOX/test-2015-12-21_15-36-50/tools/timeit" 500 /dev/null Output/2006-12-11-LoadConstants.llvm.o.compile \
	  /usr/bin/clang -I/home/ed/mcsema-testing/SANDBOX/test-2015-12-21_15-36-50/SingleSource/UnitTests -I/home/ed/mcsema-testing/llvm-test-suite/SingleSource/UnitTests -I/home/ed/mcsema-testing/llvm-test-suite/include -I../../include -D_GNU_SOURCE -D__STDC_LIMIT_MACROS -DNDEBUG  -O3  -m64 -fomit-frame-pointer -c /home/ed/mcsema-testing/llvm-test-suite/SingleSource/UnitTests/2006-12-11-LoadConstants.c -o Output/2006-12-11-LoadConstants.llvm.o
cp Output/2006-12-11-LoadConstants.llvm.o.compile.time Output/2006-12-11-LoadConstants.simple.compile.time
/usr/bin/clang++ -o Output/2006-12-11-LoadConstants.simple Output/2006-12-11-LoadConstants.llvm.o -lstdc++   -m64 -fomit-frame-pointer
/home/ed/mcsema-testing/llvm-test-suite/RunSafely.sh -t "/home/ed/mcsema-testing/SANDBOX/test-2015-12-21_15-36-50/tools/timeit-target" 500 /dev/null Output/2006-12-11-LoadConstants.out-simple Output/2006-12-11-LoadConstants.simple 
cp Output/2006-12-11-LoadConstants.simple Output/2006-12-11-LoadConstants.simple-hash; \
	strip --remove-section=.comment --remove-section='.note*' Output/2006-12-11-LoadConstants.simple-hash; \
	/home/ed/mcsema-testing/llvm-test-suite/HashProgramOutput.sh Output/2006-12-11-LoadConstants.simple-hash
if [ -f "/home/ed/mcsema-testing/llvm-test-suite/SingleSource/UnitTests/2006-12-11-LoadConstants.reference_output.little-endian." ]; then \
	  cp /home/ed/mcsema-testing/llvm-test-suite/SingleSource/UnitTests/2006-12-11-LoadConstants.reference_output.little-endian. Output/2006-12-11-LoadConstants.out-nat; \
	elif [ -f "/home/ed/mcsema-testing/llvm-test-suite/SingleSource/UnitTests/2006-12-11-LoadConstants.reference_output." ]; then \
	  cp /home/ed/mcsema-testing/llvm-test-suite/SingleSource/UnitTests/2006-12-11-LoadConstants.reference_output. Output/2006-12-11-LoadConstants.out-nat; \
	elif [ -f "/home/ed/mcsema-testing/llvm-test-suite/SingleSource/UnitTests/2006-12-11-LoadConstants.reference_output.little-endian" ]; then \
	  cp /home/ed/mcsema-testing/llvm-test-suite/SingleSource/UnitTests/2006-12-11-LoadConstants.reference_output.little-endian Output/2006-12-11-LoadConstants.out-nat; \
	elif [ -f "/home/ed/mcsema-testing/llvm-test-suite/SingleSource/UnitTests/2006-12-11-LoadConstants.reference_output" ]; then \
	  cp /home/ed/mcsema-testing/llvm-test-suite/SingleSource/UnitTests/2006-12-11-LoadConstants.reference_output Output/2006-12-11-LoadConstants.out-nat; \
	else \
	  printf "WARNING: %s: %s\n" "NO REFERENCE OUTPUT (using default)" "/home/ed/mcsema-testing/llvm-test-suite/SingleSource/UnitTests/2006-12-11-LoadConstants.reference_output" > Output/2006-12-11-LoadConstants.out-nat; \
	  cp /home/ed/mcsema-testing/llvm-test-suite/default.reference_output Output/2006-12-11-LoadConstants.out-nat; \
	  cat Output/2006-12-11-LoadConstants.out-nat; \
	fi
# Pretend that the reference output was produced instantaneously.
cp /home/ed/mcsema-testing/llvm-test-suite/instant.txt Output/2006-12-11-LoadConstants.out-nat.time
/home/ed/mcsema-testing/llvm-test-suite/DiffOutput.sh "/home/ed/mcsema-testing/SANDBOX/test-2015-12-21_15-36-50/tools/fpcmp " simple 2006-12-11-LoadConstants 
rm -f Output/2006-12-11-LoadConstants.exe-simple
cp Output/2006-12-11-LoadConstants.diff-simple Output/2006-12-11-LoadConstants.exe-simple
if test -f Output/2006-12-11-LoadConstants.extra-results.txt; then \
	  /home/ed/mcsema-testing/llvm-test-suite/ParseMultipleResults /home/ed/mcsema-testing/SANDBOX/test-2015-12-21_15-36-50/SingleSource/UnitTests/2006-12-11-LoadConstants Output/2006-12-11-LoadConstants.extra-results.txt >> Output/2006-12-11-LoadConstants.simple.exec.report.txt; \
	fi
cat Output/2006-12-11-LoadConstants.simple.compile.report.txt Output/2006-12-11-LoadConstants.simple.exec.report.txt >> Output/2006-12-11-LoadConstants.simple.report.txt
---------------------------------------------------------------
>>> ========= '/home/ed/mcsema-testing/SANDBOX/test-2015-12-21_15-36-50/SingleSource/UnitTests/2006-12-11-LoadConstants' Program
---------------------------------------------------------------

TEST-PASS: compile /home/ed/mcsema-testing/SANDBOX/test-2015-12-21_15-36-50/SingleSource/UnitTests/2006-12-11-LoadConstants
TEST-RESULT-compile-success: pass
TEST-RESULT-compile-hash: e2d0a341eb04334d89d2e4133d44bb38
TEST-RESULT-compile-time: user       0.0777
TEST-RESULT-compile-real-time: real       0.0932

TEST-PASS: exec /home/ed/mcsema-testing/SANDBOX/test-2015-12-21_15-36-50/SingleSource/UnitTests/2006-12-11-LoadConstants
TEST-RESULT-exec-success: pass
TEST-RESULT-exec-time: user       0.0008
TEST-RESULT-exec-real-time: real       0.0018
/home/ed/mcsema-testing/llvm-test-suite/RunSafely.sh --show-errors -t "/home/ed/mcsema-testing/SANDBOX/test-2015-12-21_15-36-50/tools/timeit" 500 /dev/null Output/2007-01-04-KNR-Args.llvm.o.compile \
	  /usr/bin/clang -I/home/ed/mcsema-testing/SANDBOX/test-2015-12-21_15-36-50/SingleSource/UnitTests -I/home/ed/mcsema-testing/llvm-test-suite/SingleSource/UnitTests -I/home/ed/mcsema-testing/llvm-test-suite/include -I../../include -D_GNU_SOURCE -D__STDC_LIMIT_MACROS -DNDEBUG  -O3  -m64 -fomit-frame-pointer -c /home/ed/mcsema-testing/llvm-test-suite/SingleSource/UnitTests/2007-01-04-KNR-Args.c -o Output/2007-01-04-KNR-Args.llvm.o
cp Output/2007-01-04-KNR-Args.llvm.o.compile.time Output/2007-01-04-KNR-Args.simple.compile.time
/usr/bin/clang++ -o Output/2007-01-04-KNR-Args.simple Output/2007-01-04-KNR-Args.llvm.o -lstdc++   -m64 -fomit-frame-pointer
/home/ed/mcsema-testing/llvm-test-suite/RunSafely.sh -t "/home/ed/mcsema-testing/SANDBOX/test-2015-12-21_15-36-50/tools/timeit-target" 500 /dev/null Output/2007-01-04-KNR-Args.out-simple Output/2007-01-04-KNR-Args.simple 
cp Output/2007-01-04-KNR-Args.simple Output/2007-01-04-KNR-Args.simple-hash; \
	strip --remove-section=.comment --remove-section='.note*' Output/2007-01-04-KNR-Args.simple-hash; \
	/home/ed/mcsema-testing/llvm-test-suite/HashProgramOutput.sh Output/2007-01-04-KNR-Args.simple-hash
if [ -f "/home/ed/mcsema-testing/llvm-test-suite/SingleSource/UnitTests/2007-01-04-KNR-Args.reference_output.little-endian." ]; then \
	  cp /home/ed/mcsema-testing/llvm-test-suite/SingleSource/UnitTests/2007-01-04-KNR-Args.reference_output.little-endian. Output/2007-01-04-KNR-Args.out-nat; \
	elif [ -f "/home/ed/mcsema-testing/llvm-test-suite/SingleSource/UnitTests/2007-01-04-KNR-Args.reference_output." ]; then \
	  cp /home/ed/mcsema-testing/llvm-test-suite/SingleSource/UnitTests/2007-01-04-KNR-Args.reference_output. Output/2007-01-04-KNR-Args.out-nat; \
	elif [ -f "/home/ed/mcsema-testing/llvm-test-suite/SingleSource/UnitTests/2007-01-04-KNR-Args.reference_output.little-endian" ]; then \
	  cp /home/ed/mcsema-testing/llvm-test-suite/SingleSource/UnitTests/2007-01-04-KNR-Args.reference_output.little-endian Output/2007-01-04-KNR-Args.out-nat; \
	elif [ -f "/home/ed/mcsema-testing/llvm-test-suite/SingleSource/UnitTests/2007-01-04-KNR-Args.reference_output" ]; then \
	  cp /home/ed/mcsema-testing/llvm-test-suite/SingleSource/UnitTests/2007-01-04-KNR-Args.reference_output Output/2007-01-04-KNR-Args.out-nat; \
	else \
	  printf "WARNING: %s: %s\n" "NO REFERENCE OUTPUT (using default)" "/home/ed/mcsema-testing/llvm-test-suite/SingleSource/UnitTests/2007-01-04-KNR-Args.reference_output" > Output/2007-01-04-KNR-Args.out-nat; \
	  cp /home/ed/mcsema-testing/llvm-test-suite/default.reference_output Output/2007-01-04-KNR-Args.out-nat; \
	  cat Output/2007-01-04-KNR-Args.out-nat; \
	fi
# Pretend that the reference output was produced instantaneously.
cp /home/ed/mcsema-testing/llvm-test-suite/instant.txt Output/2007-01-04-KNR-Args.out-nat.time
/home/ed/mcsema-testing/llvm-test-suite/DiffOutput.sh "/home/ed/mcsema-testing/SANDBOX/test-2015-12-21_15-36-50/tools/fpcmp " simple 2007-01-04-KNR-Args 
rm -f Output/2007-01-04-KNR-Args.exe-simple
cp Output/2007-01-04-KNR-Args.diff-simple Output/2007-01-04-KNR-Args.exe-simple
if test -f Output/2007-01-04-KNR-Args.extra-results.txt; then \
	  /home/ed/mcsema-testing/llvm-test-suite/ParseMultipleResults /home/ed/mcsema-testing/SANDBOX/test-2015-12-21_15-36-50/SingleSource/UnitTests/2007-01-04-KNR-Args Output/2007-01-04-KNR-Args.extra-results.txt >> Output/2007-01-04-KNR-Args.simple.exec.report.txt; \
	fi
cat Output/2007-01-04-KNR-Args.simple.compile.report.txt Output/2007-01-04-KNR-Args.simple.exec.report.txt >> Output/2007-01-04-KNR-Args.simple.report.txt
---------------------------------------------------------------
>>> ========= '/home/ed/mcsema-testing/SANDBOX/test-2015-12-21_15-36-50/SingleSource/UnitTests/2007-01-04-KNR-Args' Program
---------------------------------------------------------------

TEST-PASS: compile /home/ed/mcsema-testing/SANDBOX/test-2015-12-21_15-36-50/SingleSource/UnitTests/2007-01-04-KNR-Args
TEST-RESULT-compile-success: pass
TEST-RESULT-compile-hash: ccc4f570965ec789ca3c4e6f2343cbaf
TEST-RESULT-compile-time: user       0.0228
TEST-RESULT-compile-real-time: real       0.0367

TEST-PASS: exec /home/ed/mcsema-testing/SANDBOX/test-2015-12-21_15-36-50/SingleSource/UnitTests/2007-01-04-KNR-Args
TEST-RESULT-exec-success: pass
TEST-RESULT-exec-time: user       0.0009
TEST-RESULT-exec-real-time: real       0.0019
/home/ed/mcsema-testing/llvm-test-suite/RunSafely.sh --show-errors -t "/home/ed/mcsema-testing/SANDBOX/test-2015-12-21_15-36-50/tools/timeit" 500 /dev/null Output/2007-03-02-VaCopy.llvm.o.compile \
	  /usr/bin/clang -I/home/ed/mcsema-testing/SANDBOX/test-2015-12-21_15-36-50/SingleSource/UnitTests -I/home/ed/mcsema-testing/llvm-test-suite/SingleSource/UnitTests -I/home/ed/mcsema-testing/llvm-test-suite/include -I../../include -D_GNU_SOURCE -D__STDC_LIMIT_MACROS -DNDEBUG  -O3  -m64 -fomit-frame-pointer -c /home/ed/mcsema-testing/llvm-test-suite/SingleSource/UnitTests/2007-03-02-VaCopy.c -o Output/2007-03-02-VaCopy.llvm.o
cp Output/2007-03-02-VaCopy.llvm.o.compile.time Output/2007-03-02-VaCopy.simple.compile.time
/usr/bin/clang++ -o Output/2007-03-02-VaCopy.simple Output/2007-03-02-VaCopy.llvm.o -lstdc++   -m64 -fomit-frame-pointer
/home/ed/mcsema-testing/llvm-test-suite/RunSafely.sh -t "/home/ed/mcsema-testing/SANDBOX/test-2015-12-21_15-36-50/tools/timeit-target" 500 /dev/null Output/2007-03-02-VaCopy.out-simple Output/2007-03-02-VaCopy.simple 
cp Output/2007-03-02-VaCopy.simple Output/2007-03-02-VaCopy.simple-hash; \
	strip --remove-section=.comment --remove-section='.note*' Output/2007-03-02-VaCopy.simple-hash; \
	/home/ed/mcsema-testing/llvm-test-suite/HashProgramOutput.sh Output/2007-03-02-VaCopy.simple-hash
if [ -f "/home/ed/mcsema-testing/llvm-test-suite/SingleSource/UnitTests/2007-03-02-VaCopy.reference_output.little-endian." ]; then \
	  cp /home/ed/mcsema-testing/llvm-test-suite/SingleSource/UnitTests/2007-03-02-VaCopy.reference_output.little-endian. Output/2007-03-02-VaCopy.out-nat; \
	elif [ -f "/home/ed/mcsema-testing/llvm-test-suite/SingleSource/UnitTests/2007-03-02-VaCopy.reference_output." ]; then \
	  cp /home/ed/mcsema-testing/llvm-test-suite/SingleSource/UnitTests/2007-03-02-VaCopy.reference_output. Output/2007-03-02-VaCopy.out-nat; \
	elif [ -f "/home/ed/mcsema-testing/llvm-test-suite/SingleSource/UnitTests/2007-03-02-VaCopy.reference_output.little-endian" ]; then \
	  cp /home/ed/mcsema-testing/llvm-test-suite/SingleSource/UnitTests/2007-03-02-VaCopy.reference_output.little-endian Output/2007-03-02-VaCopy.out-nat; \
	elif [ -f "/home/ed/mcsema-testing/llvm-test-suite/SingleSource/UnitTests/2007-03-02-VaCopy.reference_output" ]; then \
	  cp /home/ed/mcsema-testing/llvm-test-suite/SingleSource/UnitTests/2007-03-02-VaCopy.reference_output Output/2007-03-02-VaCopy.out-nat; \
	else \
	  printf "WARNING: %s: %s\n" "NO REFERENCE OUTPUT (using default)" "/home/ed/mcsema-testing/llvm-test-suite/SingleSource/UnitTests/2007-03-02-VaCopy.reference_output" > Output/2007-03-02-VaCopy.out-nat; \
	  cp /home/ed/mcsema-testing/llvm-test-suite/default.reference_output Output/2007-03-02-VaCopy.out-nat; \
	  cat Output/2007-03-02-VaCopy.out-nat; \
	fi
# Pretend that the reference output was produced instantaneously.
cp /home/ed/mcsema-testing/llvm-test-suite/instant.txt Output/2007-03-02-VaCopy.out-nat.time
/home/ed/mcsema-testing/llvm-test-suite/DiffOutput.sh "/home/ed/mcsema-testing/SANDBOX/test-2015-12-21_15-36-50/tools/fpcmp " simple 2007-03-02-VaCopy 
rm -f Output/2007-03-02-VaCopy.exe-simple
cp Output/2007-03-02-VaCopy.diff-simple Output/2007-03-02-VaCopy.exe-simple
if test -f Output/2007-03-02-VaCopy.extra-results.txt; then \
	  /home/ed/mcsema-testing/llvm-test-suite/ParseMultipleResults /home/ed/mcsema-testing/SANDBOX/test-2015-12-21_15-36-50/SingleSource/UnitTests/2007-03-02-VaCopy Output/2007-03-02-VaCopy.extra-results.txt >> Output/2007-03-02-VaCopy.simple.exec.report.txt; \
	fi
cat Output/2007-03-02-VaCopy.simple.compile.report.txt Output/2007-03-02-VaCopy.simple.exec.report.txt >> Output/2007-03-02-VaCopy.simple.report.txt
---------------------------------------------------------------
>>> ========= '/home/ed/mcsema-testing/SANDBOX/test-2015-12-21_15-36-50/SingleSource/UnitTests/2007-03-02-VaCopy' Program
---------------------------------------------------------------

TEST-PASS: compile /home/ed/mcsema-testing/SANDBOX/test-2015-12-21_15-36-50/SingleSource/UnitTests/2007-03-02-VaCopy
TEST-RESULT-compile-success: pass
TEST-RESULT-compile-hash: b4decf8b4132f4680c9b52e74af4eb94
TEST-RESULT-compile-time: user       0.0230
TEST-RESULT-compile-real-time: real       0.0365

TEST-PASS: exec /home/ed/mcsema-testing/SANDBOX/test-2015-12-21_15-36-50/SingleSource/UnitTests/2007-03-02-VaCopy
TEST-RESULT-exec-success: pass
TEST-RESULT-exec-time: user       0.0009
TEST-RESULT-exec-real-time: real       0.0018
/home/ed/mcsema-testing/llvm-test-suite/RunSafely.sh --show-errors -t "/home/ed/mcsema-testing/SANDBOX/test-2015-12-21_15-36-50/tools/timeit" 500 /dev/null Output/2007-04-10-BitfieldTest.llvm.o.compile \
	  /usr/bin/clang -I/home/ed/mcsema-testing/SANDBOX/test-2015-12-21_15-36-50/SingleSource/UnitTests -I/home/ed/mcsema-testing/llvm-test-suite/SingleSource/UnitTests -I/home/ed/mcsema-testing/llvm-test-suite/include -I../../include -D_GNU_SOURCE -D__STDC_LIMIT_MACROS -DNDEBUG  -O3  -m64 -fomit-frame-pointer -c /home/ed/mcsema-testing/llvm-test-suite/SingleSource/UnitTests/2007-04-10-BitfieldTest.c -o Output/2007-04-10-BitfieldTest.llvm.o
cp Output/2007-04-10-BitfieldTest.llvm.o.compile.time Output/2007-04-10-BitfieldTest.simple.compile.time
/usr/bin/clang++ -o Output/2007-04-10-BitfieldTest.simple Output/2007-04-10-BitfieldTest.llvm.o -lstdc++   -m64 -fomit-frame-pointer
/home/ed/mcsema-testing/llvm-test-suite/RunSafely.sh -t "/home/ed/mcsema-testing/SANDBOX/test-2015-12-21_15-36-50/tools/timeit-target" 500 /dev/null Output/2007-04-10-BitfieldTest.out-simple Output/2007-04-10-BitfieldTest.simple 
cp Output/2007-04-10-BitfieldTest.simple Output/2007-04-10-BitfieldTest.simple-hash; \
	strip --remove-section=.comment --remove-section='.note*' Output/2007-04-10-BitfieldTest.simple-hash; \
	/home/ed/mcsema-testing/llvm-test-suite/HashProgramOutput.sh Output/2007-04-10-BitfieldTest.simple-hash
if [ -f "/home/ed/mcsema-testing/llvm-test-suite/SingleSource/UnitTests/2007-04-10-BitfieldTest.reference_output.little-endian." ]; then \
	  cp /home/ed/mcsema-testing/llvm-test-suite/SingleSource/UnitTests/2007-04-10-BitfieldTest.reference_output.little-endian. Output/2007-04-10-BitfieldTest.out-nat; \
	elif [ -f "/home/ed/mcsema-testing/llvm-test-suite/SingleSource/UnitTests/2007-04-10-BitfieldTest.reference_output." ]; then \
	  cp /home/ed/mcsema-testing/llvm-test-suite/SingleSource/UnitTests/2007-04-10-BitfieldTest.reference_output. Output/2007-04-10-BitfieldTest.out-nat; \
	elif [ -f "/home/ed/mcsema-testing/llvm-test-suite/SingleSource/UnitTests/2007-04-10-BitfieldTest.reference_output.little-endian" ]; then \
	  cp /home/ed/mcsema-testing/llvm-test-suite/SingleSource/UnitTests/2007-04-10-BitfieldTest.reference_output.little-endian Output/2007-04-10-BitfieldTest.out-nat; \
	elif [ -f "/home/ed/mcsema-testing/llvm-test-suite/SingleSource/UnitTests/2007-04-10-BitfieldTest.reference_output" ]; then \
	  cp /home/ed/mcsema-testing/llvm-test-suite/SingleSource/UnitTests/2007-04-10-BitfieldTest.reference_output Output/2007-04-10-BitfieldTest.out-nat; \
	else \
	  printf "WARNING: %s: %s\n" "NO REFERENCE OUTPUT (using default)" "/home/ed/mcsema-testing/llvm-test-suite/SingleSource/UnitTests/2007-04-10-BitfieldTest.reference_output" > Output/2007-04-10-BitfieldTest.out-nat; \
	  cp /home/ed/mcsema-testing/llvm-test-suite/default.reference_output Output/2007-04-10-BitfieldTest.out-nat; \
	  cat Output/2007-04-10-BitfieldTest.out-nat; \
	fi
# Pretend that the reference output was produced instantaneously.
cp /home/ed/mcsema-testing/llvm-test-suite/instant.txt Output/2007-04-10-BitfieldTest.out-nat.time
/home/ed/mcsema-testing/llvm-test-suite/DiffOutput.sh "/home/ed/mcsema-testing/SANDBOX/test-2015-12-21_15-36-50/tools/fpcmp " simple 2007-04-10-BitfieldTest 
rm -f Output/2007-04-10-BitfieldTest.exe-simple
cp Output/2007-04-10-BitfieldTest.diff-simple Output/2007-04-10-BitfieldTest.exe-simple
if test -f Output/2007-04-10-BitfieldTest.extra-results.txt; then \
	  /home/ed/mcsema-testing/llvm-test-suite/ParseMultipleResults /home/ed/mcsema-testing/SANDBOX/test-2015-12-21_15-36-50/SingleSource/UnitTests/2007-04-10-BitfieldTest Output/2007-04-10-BitfieldTest.extra-results.txt >> Output/2007-04-10-BitfieldTest.simple.exec.report.txt; \
	fi
cat Output/2007-04-10-BitfieldTest.simple.compile.report.txt Output/2007-04-10-BitfieldTest.simple.exec.report.txt >> Output/2007-04-10-BitfieldTest.simple.report.txt
---------------------------------------------------------------
>>> ========= '/home/ed/mcsema-testing/SANDBOX/test-2015-12-21_15-36-50/SingleSource/UnitTests/2007-04-10-BitfieldTest' Program
---------------------------------------------------------------

TEST-PASS: compile /home/ed/mcsema-testing/SANDBOX/test-2015-12-21_15-36-50/SingleSource/UnitTests/2007-04-10-BitfieldTest
TEST-RESULT-compile-success: pass
TEST-RESULT-compile-hash: 3d5f6f3733766b211af13ddb6fb5fcff
TEST-RESULT-compile-time: user       0.0257
TEST-RESULT-compile-real-time: real       0.0403

TEST-PASS: exec /home/ed/mcsema-testing/SANDBOX/test-2015-12-21_15-36-50/SingleSource/UnitTests/2007-04-10-BitfieldTest
TEST-RESULT-exec-success: pass
TEST-RESULT-exec-time: user       0.0008
TEST-RESULT-exec-real-time: real       0.0016
/home/ed/mcsema-testing/llvm-test-suite/RunSafely.sh --show-errors -t "/home/ed/mcsema-testing/SANDBOX/test-2015-12-21_15-36-50/tools/timeit" 500 /dev/null Output/2007-04-25-weak.llvm.o.compile \
	  /usr/bin/clang -I/home/ed/mcsema-testing/SANDBOX/test-2015-12-21_15-36-50/SingleSource/UnitTests -I/home/ed/mcsema-testing/llvm-test-suite/SingleSource/UnitTests -I/home/ed/mcsema-testing/llvm-test-suite/include -I../../include -D_GNU_SOURCE -D__STDC_LIMIT_MACROS -DNDEBUG  -O3  -m64 -fomit-frame-pointer -c /home/ed/mcsema-testing/llvm-test-suite/SingleSource/UnitTests/2007-04-25-weak.c -o Output/2007-04-25-weak.llvm.o
cp Output/2007-04-25-weak.llvm.o.compile.time Output/2007-04-25-weak.simple.compile.time
/usr/bin/clang++ -o Output/2007-04-25-weak.simple Output/2007-04-25-weak.llvm.o -lstdc++   -m64 -fomit-frame-pointer
/home/ed/mcsema-testing/llvm-test-suite/RunSafely.sh -t "/home/ed/mcsema-testing/SANDBOX/test-2015-12-21_15-36-50/tools/timeit-target" 500 /dev/null Output/2007-04-25-weak.out-simple Output/2007-04-25-weak.simple 
cp Output/2007-04-25-weak.simple Output/2007-04-25-weak.simple-hash; \
	strip --remove-section=.comment --remove-section='.note*' Output/2007-04-25-weak.simple-hash; \
	/home/ed/mcsema-testing/llvm-test-suite/HashProgramOutput.sh Output/2007-04-25-weak.simple-hash
if [ -f "/home/ed/mcsema-testing/llvm-test-suite/SingleSource/UnitTests/2007-04-25-weak.reference_output.little-endian." ]; then \
	  cp /home/ed/mcsema-testing/llvm-test-suite/SingleSource/UnitTests/2007-04-25-weak.reference_output.little-endian. Output/2007-04-25-weak.out-nat; \
	elif [ -f "/home/ed/mcsema-testing/llvm-test-suite/SingleSource/UnitTests/2007-04-25-weak.reference_output." ]; then \
	  cp /home/ed/mcsema-testing/llvm-test-suite/SingleSource/UnitTests/2007-04-25-weak.reference_output. Output/2007-04-25-weak.out-nat; \
	elif [ -f "/home/ed/mcsema-testing/llvm-test-suite/SingleSource/UnitTests/2007-04-25-weak.reference_output.little-endian" ]; then \
	  cp /home/ed/mcsema-testing/llvm-test-suite/SingleSource/UnitTests/2007-04-25-weak.reference_output.little-endian Output/2007-04-25-weak.out-nat; \
	elif [ -f "/home/ed/mcsema-testing/llvm-test-suite/SingleSource/UnitTests/2007-04-25-weak.reference_output" ]; then \
	  cp /home/ed/mcsema-testing/llvm-test-suite/SingleSource/UnitTests/2007-04-25-weak.reference_output Output/2007-04-25-weak.out-nat; \
	else \
	  printf "WARNING: %s: %s\n" "NO REFERENCE OUTPUT (using default)" "/home/ed/mcsema-testing/llvm-test-suite/SingleSource/UnitTests/2007-04-25-weak.reference_output" > Output/2007-04-25-weak.out-nat; \
	  cp /home/ed/mcsema-testing/llvm-test-suite/default.reference_output Output/2007-04-25-weak.out-nat; \
	  cat Output/2007-04-25-weak.out-nat; \
	fi
# Pretend that the reference output was produced instantaneously.
cp /home/ed/mcsema-testing/llvm-test-suite/instant.txt Output/2007-04-25-weak.out-nat.time
/home/ed/mcsema-testing/llvm-test-suite/DiffOutput.sh "/home/ed/mcsema-testing/SANDBOX/test-2015-12-21_15-36-50/tools/fpcmp " simple 2007-04-25-weak 
rm -f Output/2007-04-25-weak.exe-simple
cp Output/2007-04-25-weak.diff-simple Output/2007-04-25-weak.exe-simple
if test -f Output/2007-04-25-weak.extra-results.txt; then \
	  /home/ed/mcsema-testing/llvm-test-suite/ParseMultipleResults /home/ed/mcsema-testing/SANDBOX/test-2015-12-21_15-36-50/SingleSource/UnitTests/2007-04-25-weak Output/2007-04-25-weak.extra-results.txt >> Output/2007-04-25-weak.simple.exec.report.txt; \
	fi
cat Output/2007-04-25-weak.simple.compile.report.txt Output/2007-04-25-weak.simple.exec.report.txt >> Output/2007-04-25-weak.simple.report.txt
---------------------------------------------------------------
>>> ========= '/home/ed/mcsema-testing/SANDBOX/test-2015-12-21_15-36-50/SingleSource/UnitTests/2007-04-25-weak' Program
---------------------------------------------------------------

TEST-PASS: compile /home/ed/mcsema-testing/SANDBOX/test-2015-12-21_15-36-50/SingleSource/UnitTests/2007-04-25-weak
TEST-RESULT-compile-success: pass
TEST-RESULT-compile-hash: 46975ae8e88c000b199207d55911e74a
TEST-RESULT-compile-time: user       0.0166
TEST-RESULT-compile-real-time: real       0.0328

TEST-PASS: exec /home/ed/mcsema-testing/SANDBOX/test-2015-12-21_15-36-50/SingleSource/UnitTests/2007-04-25-weak
TEST-RESULT-exec-success: pass
TEST-RESULT-exec-time: user       0.0008
TEST-RESULT-exec-real-time: real       0.0016
/home/ed/mcsema-testing/llvm-test-suite/RunSafely.sh --show-errors -t "/home/ed/mcsema-testing/SANDBOX/test-2015-12-21_15-36-50/tools/timeit" 500 /dev/null Output/2008-04-18-LoopBug.llvm.o.compile \
	  /usr/bin/clang -I/home/ed/mcsema-testing/SANDBOX/test-2015-12-21_15-36-50/SingleSource/UnitTests -I/home/ed/mcsema-testing/llvm-test-suite/SingleSource/UnitTests -I/home/ed/mcsema-testing/llvm-test-suite/include -I../../include -D_GNU_SOURCE -D__STDC_LIMIT_MACROS -DNDEBUG  -O3  -m64 -fomit-frame-pointer -c /home/ed/mcsema-testing/llvm-test-suite/SingleSource/UnitTests/2008-04-18-LoopBug.c -o Output/2008-04-18-LoopBug.llvm.o
cp Output/2008-04-18-LoopBug.llvm.o.compile.time Output/2008-04-18-LoopBug.simple.compile.time
/usr/bin/clang++ -o Output/2008-04-18-LoopBug.simple Output/2008-04-18-LoopBug.llvm.o -lstdc++   -m64 -fomit-frame-pointer
/home/ed/mcsema-testing/llvm-test-suite/RunSafely.sh -t "/home/ed/mcsema-testing/SANDBOX/test-2015-12-21_15-36-50/tools/timeit-target" 500 /dev/null Output/2008-04-18-LoopBug.out-simple Output/2008-04-18-LoopBug.simple 
cp Output/2008-04-18-LoopBug.simple Output/2008-04-18-LoopBug.simple-hash; \
	strip --remove-section=.comment --remove-section='.note*' Output/2008-04-18-LoopBug.simple-hash; \
	/home/ed/mcsema-testing/llvm-test-suite/HashProgramOutput.sh Output/2008-04-18-LoopBug.simple-hash
if [ -f "/home/ed/mcsema-testing/llvm-test-suite/SingleSource/UnitTests/2008-04-18-LoopBug.reference_output.little-endian." ]; then \
	  cp /home/ed/mcsema-testing/llvm-test-suite/SingleSource/UnitTests/2008-04-18-LoopBug.reference_output.little-endian. Output/2008-04-18-LoopBug.out-nat; \
	elif [ -f "/home/ed/mcsema-testing/llvm-test-suite/SingleSource/UnitTests/2008-04-18-LoopBug.reference_output." ]; then \
	  cp /home/ed/mcsema-testing/llvm-test-suite/SingleSource/UnitTests/2008-04-18-LoopBug.reference_output. Output/2008-04-18-LoopBug.out-nat; \
	elif [ -f "/home/ed/mcsema-testing/llvm-test-suite/SingleSource/UnitTests/2008-04-18-LoopBug.reference_output.little-endian" ]; then \
	  cp /home/ed/mcsema-testing/llvm-test-suite/SingleSource/UnitTests/2008-04-18-LoopBug.reference_output.little-endian Output/2008-04-18-LoopBug.out-nat; \
	elif [ -f "/home/ed/mcsema-testing/llvm-test-suite/SingleSource/UnitTests/2008-04-18-LoopBug.reference_output" ]; then \
	  cp /home/ed/mcsema-testing/llvm-test-suite/SingleSource/UnitTests/2008-04-18-LoopBug.reference_output Output/2008-04-18-LoopBug.out-nat; \
	else \
	  printf "WARNING: %s: %s\n" "NO REFERENCE OUTPUT (using default)" "/home/ed/mcsema-testing/llvm-test-suite/SingleSource/UnitTests/2008-04-18-LoopBug.reference_output" > Output/2008-04-18-LoopBug.out-nat; \
	  cp /home/ed/mcsema-testing/llvm-test-suite/default.reference_output Output/2008-04-18-LoopBug.out-nat; \
	  cat Output/2008-04-18-LoopBug.out-nat; \
	fi
# Pretend that the reference output was produced instantaneously.
cp /home/ed/mcsema-testing/llvm-test-suite/instant.txt Output/2008-04-18-LoopBug.out-nat.time
/home/ed/mcsema-testing/llvm-test-suite/DiffOutput.sh "/home/ed/mcsema-testing/SANDBOX/test-2015-12-21_15-36-50/tools/fpcmp " simple 2008-04-18-LoopBug 
rm -f Output/2008-04-18-LoopBug.exe-simple
cp Output/2008-04-18-LoopBug.diff-simple Output/2008-04-18-LoopBug.exe-simple
if test -f Output/2008-04-18-LoopBug.extra-results.txt; then \
	  /home/ed/mcsema-testing/llvm-test-suite/ParseMultipleResults /home/ed/mcsema-testing/SANDBOX/test-2015-12-21_15-36-50/SingleSource/UnitTests/2008-04-18-LoopBug Output/2008-04-18-LoopBug.extra-results.txt >> Output/2008-04-18-LoopBug.simple.exec.report.txt; \
	fi
cat Output/2008-04-18-LoopBug.simple.compile.report.txt Output/2008-04-18-LoopBug.simple.exec.report.txt >> Output/2008-04-18-LoopBug.simple.report.txt
---------------------------------------------------------------
>>> ========= '/home/ed/mcsema-testing/SANDBOX/test-2015-12-21_15-36-50/SingleSource/UnitTests/2008-04-18-LoopBug' Program
---------------------------------------------------------------

TEST-PASS: compile /home/ed/mcsema-testing/SANDBOX/test-2015-12-21_15-36-50/SingleSource/UnitTests/2008-04-18-LoopBug
TEST-RESULT-compile-success: pass
TEST-RESULT-compile-hash: 165d4df1a6d52be14d081c91aeaa3168
TEST-RESULT-compile-time: user       0.0199
TEST-RESULT-compile-real-time: real       0.0326

TEST-PASS: exec /home/ed/mcsema-testing/SANDBOX/test-2015-12-21_15-36-50/SingleSource/UnitTests/2008-04-18-LoopBug
TEST-RESULT-exec-success: pass
TEST-RESULT-exec-time: user       0.0008
TEST-RESULT-exec-real-time: real       0.0017
/home/ed/mcsema-testing/llvm-test-suite/RunSafely.sh --show-errors -t "/home/ed/mcsema-testing/SANDBOX/test-2015-12-21_15-36-50/tools/timeit" 500 /dev/null Output/2008-04-20-LoopBug2.llvm.o.compile \
	  /usr/bin/clang -I/home/ed/mcsema-testing/SANDBOX/test-2015-12-21_15-36-50/SingleSource/UnitTests -I/home/ed/mcsema-testing/llvm-test-suite/SingleSource/UnitTests -I/home/ed/mcsema-testing/llvm-test-suite/include -I../../include -D_GNU_SOURCE -D__STDC_LIMIT_MACROS -DNDEBUG  -O3  -m64 -fomit-frame-pointer -c /home/ed/mcsema-testing/llvm-test-suite/SingleSource/UnitTests/2008-04-20-LoopBug2.c -o Output/2008-04-20-LoopBug2.llvm.o
cp Output/2008-04-20-LoopBug2.llvm.o.compile.time Output/2008-04-20-LoopBug2.simple.compile.time
/usr/bin/clang++ -o Output/2008-04-20-LoopBug2.simple Output/2008-04-20-LoopBug2.llvm.o -lstdc++   -m64 -fomit-frame-pointer
/home/ed/mcsema-testing/llvm-test-suite/RunSafely.sh -t "/home/ed/mcsema-testing/SANDBOX/test-2015-12-21_15-36-50/tools/timeit-target" 500 /dev/null Output/2008-04-20-LoopBug2.out-simple Output/2008-04-20-LoopBug2.simple 
cp Output/2008-04-20-LoopBug2.simple Output/2008-04-20-LoopBug2.simple-hash; \
	strip --remove-section=.comment --remove-section='.note*' Output/2008-04-20-LoopBug2.simple-hash; \
	/home/ed/mcsema-testing/llvm-test-suite/HashProgramOutput.sh Output/2008-04-20-LoopBug2.simple-hash
if [ -f "/home/ed/mcsema-testing/llvm-test-suite/SingleSource/UnitTests/2008-04-20-LoopBug2.reference_output.little-endian." ]; then \
	  cp /home/ed/mcsema-testing/llvm-test-suite/SingleSource/UnitTests/2008-04-20-LoopBug2.reference_output.little-endian. Output/2008-04-20-LoopBug2.out-nat; \
	elif [ -f "/home/ed/mcsema-testing/llvm-test-suite/SingleSource/UnitTests/2008-04-20-LoopBug2.reference_output." ]; then \
	  cp /home/ed/mcsema-testing/llvm-test-suite/SingleSource/UnitTests/2008-04-20-LoopBug2.reference_output. Output/2008-04-20-LoopBug2.out-nat; \
	elif [ -f "/home/ed/mcsema-testing/llvm-test-suite/SingleSource/UnitTests/2008-04-20-LoopBug2.reference_output.little-endian" ]; then \
	  cp /home/ed/mcsema-testing/llvm-test-suite/SingleSource/UnitTests/2008-04-20-LoopBug2.reference_output.little-endian Output/2008-04-20-LoopBug2.out-nat; \
	elif [ -f "/home/ed/mcsema-testing/llvm-test-suite/SingleSource/UnitTests/2008-04-20-LoopBug2.reference_output" ]; then \
	  cp /home/ed/mcsema-testing/llvm-test-suite/SingleSource/UnitTests/2008-04-20-LoopBug2.reference_output Output/2008-04-20-LoopBug2.out-nat; \
	else \
	  printf "WARNING: %s: %s\n" "NO REFERENCE OUTPUT (using default)" "/home/ed/mcsema-testing/llvm-test-suite/SingleSource/UnitTests/2008-04-20-LoopBug2.reference_output" > Output/2008-04-20-LoopBug2.out-nat; \
	  cp /home/ed/mcsema-testing/llvm-test-suite/default.reference_output Output/2008-04-20-LoopBug2.out-nat; \
	  cat Output/2008-04-20-LoopBug2.out-nat; \
	fi
# Pretend that the reference output was produced instantaneously.
cp /home/ed/mcsema-testing/llvm-test-suite/instant.txt Output/2008-04-20-LoopBug2.out-nat.time
/home/ed/mcsema-testing/llvm-test-suite/DiffOutput.sh "/home/ed/mcsema-testing/SANDBOX/test-2015-12-21_15-36-50/tools/fpcmp " simple 2008-04-20-LoopBug2 
rm -f Output/2008-04-20-LoopBug2.exe-simple
cp Output/2008-04-20-LoopBug2.diff-simple Output/2008-04-20-LoopBug2.exe-simple
if test -f Output/2008-04-20-LoopBug2.extra-results.txt; then \
	  /home/ed/mcsema-testing/llvm-test-suite/ParseMultipleResults /home/ed/mcsema-testing/SANDBOX/test-2015-12-21_15-36-50/SingleSource/UnitTests/2008-04-20-LoopBug2 Output/2008-04-20-LoopBug2.extra-results.txt >> Output/2008-04-20-LoopBug2.simple.exec.report.txt; \
	fi
cat Output/2008-04-20-LoopBug2.simple.compile.report.txt Output/2008-04-20-LoopBug2.simple.exec.report.txt >> Output/2008-04-20-LoopBug2.simple.report.txt
---------------------------------------------------------------
>>> ========= '/home/ed/mcsema-testing/SANDBOX/test-2015-12-21_15-36-50/SingleSource/UnitTests/2008-04-20-LoopBug2' Program
---------------------------------------------------------------

TEST-PASS: compile /home/ed/mcsema-testing/SANDBOX/test-2015-12-21_15-36-50/SingleSource/UnitTests/2008-04-20-LoopBug2
TEST-RESULT-compile-success: pass
TEST-RESULT-compile-hash: 73b6f20b324bad4923b70ee4981a06be
TEST-RESULT-compile-time: user       0.0203
TEST-RESULT-compile-real-time: real       0.0340

TEST-PASS: exec /home/ed/mcsema-testing/SANDBOX/test-2015-12-21_15-36-50/SingleSource/UnitTests/2008-04-20-LoopBug2
TEST-RESULT-exec-success: pass
TEST-RESULT-exec-time: user       0.0008
TEST-RESULT-exec-real-time: real       0.0018
/home/ed/mcsema-testing/llvm-test-suite/RunSafely.sh --show-errors -t "/home/ed/mcsema-testing/SANDBOX/test-2015-12-21_15-36-50/tools/timeit" 500 /dev/null Output/2008-07-13-InlineSetjmp.llvm.o.compile \
	  /usr/bin/clang -I/home/ed/mcsema-testing/SANDBOX/test-2015-12-21_15-36-50/SingleSource/UnitTests -I/home/ed/mcsema-testing/llvm-test-suite/SingleSource/UnitTests -I/home/ed/mcsema-testing/llvm-test-suite/include -I../../include -D_GNU_SOURCE -D__STDC_LIMIT_MACROS -DNDEBUG  -O3  -m64 -fomit-frame-pointer -c /home/ed/mcsema-testing/llvm-test-suite/SingleSource/UnitTests/2008-07-13-InlineSetjmp.c -o Output/2008-07-13-InlineSetjmp.llvm.o
cp Output/2008-07-13-InlineSetjmp.llvm.o.compile.time Output/2008-07-13-InlineSetjmp.simple.compile.time
/usr/bin/clang++ -o Output/2008-07-13-InlineSetjmp.simple Output/2008-07-13-InlineSetjmp.llvm.o -lstdc++   -m64 -fomit-frame-pointer
/home/ed/mcsema-testing/llvm-test-suite/RunSafely.sh -t "/home/ed/mcsema-testing/SANDBOX/test-2015-12-21_15-36-50/tools/timeit-target" 500 /dev/null Output/2008-07-13-InlineSetjmp.out-simple Output/2008-07-13-InlineSetjmp.simple 
cp Output/2008-07-13-InlineSetjmp.simple Output/2008-07-13-InlineSetjmp.simple-hash; \
	strip --remove-section=.comment --remove-section='.note*' Output/2008-07-13-InlineSetjmp.simple-hash; \
	/home/ed/mcsema-testing/llvm-test-suite/HashProgramOutput.sh Output/2008-07-13-InlineSetjmp.simple-hash
if [ -f "/home/ed/mcsema-testing/llvm-test-suite/SingleSource/UnitTests/2008-07-13-InlineSetjmp.reference_output.little-endian." ]; then \
	  cp /home/ed/mcsema-testing/llvm-test-suite/SingleSource/UnitTests/2008-07-13-InlineSetjmp.reference_output.little-endian. Output/2008-07-13-InlineSetjmp.out-nat; \
	elif [ -f "/home/ed/mcsema-testing/llvm-test-suite/SingleSource/UnitTests/2008-07-13-InlineSetjmp.reference_output." ]; then \
	  cp /home/ed/mcsema-testing/llvm-test-suite/SingleSource/UnitTests/2008-07-13-InlineSetjmp.reference_output. Output/2008-07-13-InlineSetjmp.out-nat; \
	elif [ -f "/home/ed/mcsema-testing/llvm-test-suite/SingleSource/UnitTests/2008-07-13-InlineSetjmp.reference_output.little-endian" ]; then \
	  cp /home/ed/mcsema-testing/llvm-test-suite/SingleSource/UnitTests/2008-07-13-InlineSetjmp.reference_output.little-endian Output/2008-07-13-InlineSetjmp.out-nat; \
	elif [ -f "/home/ed/mcsema-testing/llvm-test-suite/SingleSource/UnitTests/2008-07-13-InlineSetjmp.reference_output" ]; then \
	  cp /home/ed/mcsema-testing/llvm-test-suite/SingleSource/UnitTests/2008-07-13-InlineSetjmp.reference_output Output/2008-07-13-InlineSetjmp.out-nat; \
	else \
	  printf "WARNING: %s: %s\n" "NO REFERENCE OUTPUT (using default)" "/home/ed/mcsema-testing/llvm-test-suite/SingleSource/UnitTests/2008-07-13-InlineSetjmp.reference_output" > Output/2008-07-13-InlineSetjmp.out-nat; \
	  cp /home/ed/mcsema-testing/llvm-test-suite/default.reference_output Output/2008-07-13-InlineSetjmp.out-nat; \
	  cat Output/2008-07-13-InlineSetjmp.out-nat; \
	fi
# Pretend that the reference output was produced instantaneously.
cp /home/ed/mcsema-testing/llvm-test-suite/instant.txt Output/2008-07-13-InlineSetjmp.out-nat.time
/home/ed/mcsema-testing/llvm-test-suite/DiffOutput.sh "/home/ed/mcsema-testing/SANDBOX/test-2015-12-21_15-36-50/tools/fpcmp " simple 2008-07-13-InlineSetjmp 
rm -f Output/2008-07-13-InlineSetjmp.exe-simple
cp Output/2008-07-13-InlineSetjmp.diff-simple Output/2008-07-13-InlineSetjmp.exe-simple
if test -f Output/2008-07-13-InlineSetjmp.extra-results.txt; then \
	  /home/ed/mcsema-testing/llvm-test-suite/ParseMultipleResults /home/ed/mcsema-testing/SANDBOX/test-2015-12-21_15-36-50/SingleSource/UnitTests/2008-07-13-InlineSetjmp Output/2008-07-13-InlineSetjmp.extra-results.txt >> Output/2008-07-13-InlineSetjmp.simple.exec.report.txt; \
	fi
cat Output/2008-07-13-InlineSetjmp.simple.compile.report.txt Output/2008-07-13-InlineSetjmp.simple.exec.report.txt >> Output/2008-07-13-InlineSetjmp.simple.report.txt
---------------------------------------------------------------
>>> ========= '/home/ed/mcsema-testing/SANDBOX/test-2015-12-21_15-36-50/SingleSource/UnitTests/2008-07-13-InlineSetjmp' Program
---------------------------------------------------------------

TEST-PASS: compile /home/ed/mcsema-testing/SANDBOX/test-2015-12-21_15-36-50/SingleSource/UnitTests/2008-07-13-InlineSetjmp
TEST-RESULT-compile-success: pass
TEST-RESULT-compile-hash: 405910345032b697cefe8b1c5790f52c
TEST-RESULT-compile-time: user       0.0225
TEST-RESULT-compile-real-time: real       0.0453

TEST-PASS: exec /home/ed/mcsema-testing/SANDBOX/test-2015-12-21_15-36-50/SingleSource/UnitTests/2008-07-13-InlineSetjmp
TEST-RESULT-exec-success: pass
TEST-RESULT-exec-time: user       0.0009
TEST-RESULT-exec-real-time: real       0.0017
/home/ed/mcsema-testing/llvm-test-suite/RunSafely.sh --show-errors -t "/home/ed/mcsema-testing/SANDBOX/test-2015-12-21_15-36-50/tools/timeit" 500 /dev/null Output/2009-04-16-BitfieldInitialization.llvm.o.compile \
	  /usr/bin/clang -I/home/ed/mcsema-testing/SANDBOX/test-2015-12-21_15-36-50/SingleSource/UnitTests -I/home/ed/mcsema-testing/llvm-test-suite/SingleSource/UnitTests -I/home/ed/mcsema-testing/llvm-test-suite/include -I../../include -D_GNU_SOURCE -D__STDC_LIMIT_MACROS -DNDEBUG  -O3  -m64 -fomit-frame-pointer -c /home/ed/mcsema-testing/llvm-test-suite/SingleSource/UnitTests/2009-04-16-BitfieldInitialization.c -o Output/2009-04-16-BitfieldInitialization.llvm.o
cp Output/2009-04-16-BitfieldInitialization.llvm.o.compile.time Output/2009-04-16-BitfieldInitialization.simple.compile.time
/usr/bin/clang++ -o Output/2009-04-16-BitfieldInitialization.simple Output/2009-04-16-BitfieldInitialization.llvm.o -lstdc++   -m64 -fomit-frame-pointer
/home/ed/mcsema-testing/llvm-test-suite/RunSafely.sh -t "/home/ed/mcsema-testing/SANDBOX/test-2015-12-21_15-36-50/tools/timeit-target" 500 /dev/null Output/2009-04-16-BitfieldInitialization.out-simple Output/2009-04-16-BitfieldInitialization.simple 
cp Output/2009-04-16-BitfieldInitialization.simple Output/2009-04-16-BitfieldInitialization.simple-hash; \
	strip --remove-section=.comment --remove-section='.note*' Output/2009-04-16-BitfieldInitialization.simple-hash; \
	/home/ed/mcsema-testing/llvm-test-suite/HashProgramOutput.sh Output/2009-04-16-BitfieldInitialization.simple-hash
if [ -f "/home/ed/mcsema-testing/llvm-test-suite/SingleSource/UnitTests/2009-04-16-BitfieldInitialization.reference_output.little-endian." ]; then \
	  cp /home/ed/mcsema-testing/llvm-test-suite/SingleSource/UnitTests/2009-04-16-BitfieldInitialization.reference_output.little-endian. Output/2009-04-16-BitfieldInitialization.out-nat; \
	elif [ -f "/home/ed/mcsema-testing/llvm-test-suite/SingleSource/UnitTests/2009-04-16-BitfieldInitialization.reference_output." ]; then \
	  cp /home/ed/mcsema-testing/llvm-test-suite/SingleSource/UnitTests/2009-04-16-BitfieldInitialization.reference_output. Output/2009-04-16-BitfieldInitialization.out-nat; \
	elif [ -f "/home/ed/mcsema-testing/llvm-test-suite/SingleSource/UnitTests/2009-04-16-BitfieldInitialization.reference_output.little-endian" ]; then \
	  cp /home/ed/mcsema-testing/llvm-test-suite/SingleSource/UnitTests/2009-04-16-BitfieldInitialization.reference_output.little-endian Output/2009-04-16-BitfieldInitialization.out-nat; \
	elif [ -f "/home/ed/mcsema-testing/llvm-test-suite/SingleSource/UnitTests/2009-04-16-BitfieldInitialization.reference_output" ]; then \
	  cp /home/ed/mcsema-testing/llvm-test-suite/SingleSource/UnitTests/2009-04-16-BitfieldInitialization.reference_output Output/2009-04-16-BitfieldInitialization.out-nat; \
	else \
	  printf "WARNING: %s: %s\n" "NO REFERENCE OUTPUT (using default)" "/home/ed/mcsema-testing/llvm-test-suite/SingleSource/UnitTests/2009-04-16-BitfieldInitialization.reference_output" > Output/2009-04-16-BitfieldInitialization.out-nat; \
	  cp /home/ed/mcsema-testing/llvm-test-suite/default.reference_output Output/2009-04-16-BitfieldInitialization.out-nat; \
	  cat Output/2009-04-16-BitfieldInitialization.out-nat; \
	fi
# Pretend that the reference output was produced instantaneously.
cp /home/ed/mcsema-testing/llvm-test-suite/instant.txt Output/2009-04-16-BitfieldInitialization.out-nat.time
/home/ed/mcsema-testing/llvm-test-suite/DiffOutput.sh "/home/ed/mcsema-testing/SANDBOX/test-2015-12-21_15-36-50/tools/fpcmp " simple 2009-04-16-BitfieldInitialization 
rm -f Output/2009-04-16-BitfieldInitialization.exe-simple
cp Output/2009-04-16-BitfieldInitialization.diff-simple Output/2009-04-16-BitfieldInitialization.exe-simple
if test -f Output/2009-04-16-BitfieldInitialization.extra-results.txt; then \
	  /home/ed/mcsema-testing/llvm-test-suite/ParseMultipleResults /home/ed/mcsema-testing/SANDBOX/test-2015-12-21_15-36-50/SingleSource/UnitTests/2009-04-16-BitfieldInitialization Output/2009-04-16-BitfieldInitialization.extra-results.txt >> Output/2009-04-16-BitfieldInitialization.simple.exec.report.txt; \
	fi
cat Output/2009-04-16-BitfieldInitialization.simple.compile.report.txt Output/2009-04-16-BitfieldInitialization.simple.exec.report.txt >> Output/2009-04-16-BitfieldInitialization.simple.report.txt
---------------------------------------------------------------
>>> ========= '/home/ed/mcsema-testing/SANDBOX/test-2015-12-21_15-36-50/SingleSource/UnitTests/2009-04-16-BitfieldInitialization' Program
---------------------------------------------------------------

TEST-PASS: compile /home/ed/mcsema-testing/SANDBOX/test-2015-12-21_15-36-50/SingleSource/UnitTests/2009-04-16-BitfieldInitialization
TEST-RESULT-compile-success: pass
TEST-RESULT-compile-hash: 80eb3fa2410588a87e43268e2265c54e
TEST-RESULT-compile-time: user       0.0262
TEST-RESULT-compile-real-time: real       0.0410

TEST-PASS: exec /home/ed/mcsema-testing/SANDBOX/test-2015-12-21_15-36-50/SingleSource/UnitTests/2009-04-16-BitfieldInitialization
TEST-RESULT-exec-success: pass
TEST-RESULT-exec-time: user       0.0009
TEST-RESULT-exec-real-time: real       0.0017
/home/ed/mcsema-testing/llvm-test-suite/RunSafely.sh --show-errors -t "/home/ed/mcsema-testing/SANDBOX/test-2015-12-21_15-36-50/tools/timeit" 500 /dev/null Output/2009-12-07-StructReturn.llvm.o.compile \
	  /usr/bin/clang -I/home/ed/mcsema-testing/SANDBOX/test-2015-12-21_15-36-50/SingleSource/UnitTests -I/home/ed/mcsema-testing/llvm-test-suite/SingleSource/UnitTests -I/home/ed/mcsema-testing/llvm-test-suite/include -I../../include -D_GNU_SOURCE -D__STDC_LIMIT_MACROS -DNDEBUG  -O3  -m64 -fomit-frame-pointer -c /home/ed/mcsema-testing/llvm-test-suite/SingleSource/UnitTests/2009-12-07-StructReturn.c -o Output/2009-12-07-StructReturn.llvm.o
cp Output/2009-12-07-StructReturn.llvm.o.compile.time Output/2009-12-07-StructReturn.simple.compile.time
/usr/bin/clang++ -o Output/2009-12-07-StructReturn.simple Output/2009-12-07-StructReturn.llvm.o -lstdc++   -m64 -fomit-frame-pointer
/home/ed/mcsema-testing/llvm-test-suite/RunSafely.sh -t "/home/ed/mcsema-testing/SANDBOX/test-2015-12-21_15-36-50/tools/timeit-target" 500 /dev/null Output/2009-12-07-StructReturn.out-simple Output/2009-12-07-StructReturn.simple 
cp Output/2009-12-07-StructReturn.simple Output/2009-12-07-StructReturn.simple-hash; \
	strip --remove-section=.comment --remove-section='.note*' Output/2009-12-07-StructReturn.simple-hash; \
	/home/ed/mcsema-testing/llvm-test-suite/HashProgramOutput.sh Output/2009-12-07-StructReturn.simple-hash
if [ -f "/home/ed/mcsema-testing/llvm-test-suite/SingleSource/UnitTests/2009-12-07-StructReturn.reference_output.little-endian." ]; then \
	  cp /home/ed/mcsema-testing/llvm-test-suite/SingleSource/UnitTests/2009-12-07-StructReturn.reference_output.little-endian. Output/2009-12-07-StructReturn.out-nat; \
	elif [ -f "/home/ed/mcsema-testing/llvm-test-suite/SingleSource/UnitTests/2009-12-07-StructReturn.reference_output." ]; then \
	  cp /home/ed/mcsema-testing/llvm-test-suite/SingleSource/UnitTests/2009-12-07-StructReturn.reference_output. Output/2009-12-07-StructReturn.out-nat; \
	elif [ -f "/home/ed/mcsema-testing/llvm-test-suite/SingleSource/UnitTests/2009-12-07-StructReturn.reference_output.little-endian" ]; then \
	  cp /home/ed/mcsema-testing/llvm-test-suite/SingleSource/UnitTests/2009-12-07-StructReturn.reference_output.little-endian Output/2009-12-07-StructReturn.out-nat; \
	elif [ -f "/home/ed/mcsema-testing/llvm-test-suite/SingleSource/UnitTests/2009-12-07-StructReturn.reference_output" ]; then \
	  cp /home/ed/mcsema-testing/llvm-test-suite/SingleSource/UnitTests/2009-12-07-StructReturn.reference_output Output/2009-12-07-StructReturn.out-nat; \
	else \
	  printf "WARNING: %s: %s\n" "NO REFERENCE OUTPUT (using default)" "/home/ed/mcsema-testing/llvm-test-suite/SingleSource/UnitTests/2009-12-07-StructReturn.reference_output" > Output/2009-12-07-StructReturn.out-nat; \
	  cp /home/ed/mcsema-testing/llvm-test-suite/default.reference_output Output/2009-12-07-StructReturn.out-nat; \
	  cat Output/2009-12-07-StructReturn.out-nat; \
	fi
# Pretend that the reference output was produced instantaneously.
cp /home/ed/mcsema-testing/llvm-test-suite/instant.txt Output/2009-12-07-StructReturn.out-nat.time
/home/ed/mcsema-testing/llvm-test-suite/DiffOutput.sh "/home/ed/mcsema-testing/SANDBOX/test-2015-12-21_15-36-50/tools/fpcmp " simple 2009-12-07-StructReturn 
rm -f Output/2009-12-07-StructReturn.exe-simple
cp Output/2009-12-07-StructReturn.diff-simple Output/2009-12-07-StructReturn.exe-simple
if test -f Output/2009-12-07-StructReturn.extra-results.txt; then \
	  /home/ed/mcsema-testing/llvm-test-suite/ParseMultipleResults /home/ed/mcsema-testing/SANDBOX/test-2015-12-21_15-36-50/SingleSource/UnitTests/2009-12-07-StructReturn Output/2009-12-07-StructReturn.extra-results.txt >> Output/2009-12-07-StructReturn.simple.exec.report.txt; \
	fi
cat Output/2009-12-07-StructReturn.simple.compile.report.txt Output/2009-12-07-StructReturn.simple.exec.report.txt >> Output/2009-12-07-StructReturn.simple.report.txt
---------------------------------------------------------------
>>> ========= '/home/ed/mcsema-testing/SANDBOX/test-2015-12-21_15-36-50/SingleSource/UnitTests/2009-12-07-StructReturn' Program
---------------------------------------------------------------

TEST-PASS: compile /home/ed/mcsema-testing/SANDBOX/test-2015-12-21_15-36-50/SingleSource/UnitTests/2009-12-07-StructReturn
TEST-RESULT-compile-success: pass
TEST-RESULT-compile-hash: f598bf6e39f95c0bdda6e6d0109563f6
TEST-RESULT-compile-time: user       0.0188
TEST-RESULT-compile-real-time: real       0.0323

TEST-PASS: exec /home/ed/mcsema-testing/SANDBOX/test-2015-12-21_15-36-50/SingleSource/UnitTests/2009-12-07-StructReturn
TEST-RESULT-exec-success: pass
TEST-RESULT-exec-time: user       0.0008
TEST-RESULT-exec-real-time: real       0.0017
/home/ed/mcsema-testing/llvm-test-suite/RunSafely.sh --show-errors -t "/home/ed/mcsema-testing/SANDBOX/test-2015-12-21_15-36-50/tools/timeit" 500 /dev/null Output/2010-05-24-BitfieldTest.llvm.o.compile \
	  /usr/bin/clang -I/home/ed/mcsema-testing/SANDBOX/test-2015-12-21_15-36-50/SingleSource/UnitTests -I/home/ed/mcsema-testing/llvm-test-suite/SingleSource/UnitTests -I/home/ed/mcsema-testing/llvm-test-suite/include -I../../include -D_GNU_SOURCE -D__STDC_LIMIT_MACROS -DNDEBUG  -O3  -m64 -fomit-frame-pointer -c /home/ed/mcsema-testing/llvm-test-suite/SingleSource/UnitTests/2010-05-24-BitfieldTest.c -o Output/2010-05-24-BitfieldTest.llvm.o
cp Output/2010-05-24-BitfieldTest.llvm.o.compile.time Output/2010-05-24-BitfieldTest.simple.compile.time
/usr/bin/clang++ -o Output/2010-05-24-BitfieldTest.simple Output/2010-05-24-BitfieldTest.llvm.o -lstdc++   -m64 -fomit-frame-pointer
/home/ed/mcsema-testing/llvm-test-suite/RunSafely.sh -t "/home/ed/mcsema-testing/SANDBOX/test-2015-12-21_15-36-50/tools/timeit-target" 500 /dev/null Output/2010-05-24-BitfieldTest.out-simple Output/2010-05-24-BitfieldTest.simple 
cp Output/2010-05-24-BitfieldTest.simple Output/2010-05-24-BitfieldTest.simple-hash; \
	strip --remove-section=.comment --remove-section='.note*' Output/2010-05-24-BitfieldTest.simple-hash; \
	/home/ed/mcsema-testing/llvm-test-suite/HashProgramOutput.sh Output/2010-05-24-BitfieldTest.simple-hash
if [ -f "/home/ed/mcsema-testing/llvm-test-suite/SingleSource/UnitTests/2010-05-24-BitfieldTest.reference_output.little-endian." ]; then \
	  cp /home/ed/mcsema-testing/llvm-test-suite/SingleSource/UnitTests/2010-05-24-BitfieldTest.reference_output.little-endian. Output/2010-05-24-BitfieldTest.out-nat; \
	elif [ -f "/home/ed/mcsema-testing/llvm-test-suite/SingleSource/UnitTests/2010-05-24-BitfieldTest.reference_output." ]; then \
	  cp /home/ed/mcsema-testing/llvm-test-suite/SingleSource/UnitTests/2010-05-24-BitfieldTest.reference_output. Output/2010-05-24-BitfieldTest.out-nat; \
	elif [ -f "/home/ed/mcsema-testing/llvm-test-suite/SingleSource/UnitTests/2010-05-24-BitfieldTest.reference_output.little-endian" ]; then \
	  cp /home/ed/mcsema-testing/llvm-test-suite/SingleSource/UnitTests/2010-05-24-BitfieldTest.reference_output.little-endian Output/2010-05-24-BitfieldTest.out-nat; \
	elif [ -f "/home/ed/mcsema-testing/llvm-test-suite/SingleSource/UnitTests/2010-05-24-BitfieldTest.reference_output" ]; then \
	  cp /home/ed/mcsema-testing/llvm-test-suite/SingleSource/UnitTests/2010-05-24-BitfieldTest.reference_output Output/2010-05-24-BitfieldTest.out-nat; \
	else \
	  printf "WARNING: %s: %s\n" "NO REFERENCE OUTPUT (using default)" "/home/ed/mcsema-testing/llvm-test-suite/SingleSource/UnitTests/2010-05-24-BitfieldTest.reference_output" > Output/2010-05-24-BitfieldTest.out-nat; \
	  cp /home/ed/mcsema-testing/llvm-test-suite/default.reference_output Output/2010-05-24-BitfieldTest.out-nat; \
	  cat Output/2010-05-24-BitfieldTest.out-nat; \
	fi
# Pretend that the reference output was produced instantaneously.
cp /home/ed/mcsema-testing/llvm-test-suite/instant.txt Output/2010-05-24-BitfieldTest.out-nat.time
/home/ed/mcsema-testing/llvm-test-suite/DiffOutput.sh "/home/ed/mcsema-testing/SANDBOX/test-2015-12-21_15-36-50/tools/fpcmp " simple 2010-05-24-BitfieldTest 
rm -f Output/2010-05-24-BitfieldTest.exe-simple
cp Output/2010-05-24-BitfieldTest.diff-simple Output/2010-05-24-BitfieldTest.exe-simple
if test -f Output/2010-05-24-BitfieldTest.extra-results.txt; then \
	  /home/ed/mcsema-testing/llvm-test-suite/ParseMultipleResults /home/ed/mcsema-testing/SANDBOX/test-2015-12-21_15-36-50/SingleSource/UnitTests/2010-05-24-BitfieldTest Output/2010-05-24-BitfieldTest.extra-results.txt >> Output/2010-05-24-BitfieldTest.simple.exec.report.txt; \
	fi
cat Output/2010-05-24-BitfieldTest.simple.compile.report.txt Output/2010-05-24-BitfieldTest.simple.exec.report.txt >> Output/2010-05-24-BitfieldTest.simple.report.txt
---------------------------------------------------------------
>>> ========= '/home/ed/mcsema-testing/SANDBOX/test-2015-12-21_15-36-50/SingleSource/UnitTests/2010-05-24-BitfieldTest' Program
---------------------------------------------------------------

TEST-PASS: compile /home/ed/mcsema-testing/SANDBOX/test-2015-12-21_15-36-50/SingleSource/UnitTests/2010-05-24-BitfieldTest
TEST-RESULT-compile-success: pass
TEST-RESULT-compile-hash: 7f7cd53e307b71517ab835b279337d8e
TEST-RESULT-compile-time: user       0.0168
TEST-RESULT-compile-real-time: real       0.0292

TEST-PASS: exec /home/ed/mcsema-testing/SANDBOX/test-2015-12-21_15-36-50/SingleSource/UnitTests/2010-05-24-BitfieldTest
TEST-RESULT-exec-success: pass
TEST-RESULT-exec-time: user       0.0009
TEST-RESULT-exec-real-time: real       0.0017
/home/ed/mcsema-testing/llvm-test-suite/RunSafely.sh --show-errors -t "/home/ed/mcsema-testing/SANDBOX/test-2015-12-21_15-36-50/tools/timeit" 500 /dev/null Output/AtomicOps.llvm.o.compile \
	  /usr/bin/clang -I/home/ed/mcsema-testing/SANDBOX/test-2015-12-21_15-36-50/SingleSource/UnitTests -I/home/ed/mcsema-testing/llvm-test-suite/SingleSource/UnitTests -I/home/ed/mcsema-testing/llvm-test-suite/include -I../../include -D_GNU_SOURCE -D__STDC_LIMIT_MACROS -DNDEBUG  -O3  -m64 -fomit-frame-pointer -c /home/ed/mcsema-testing/llvm-test-suite/SingleSource/UnitTests/AtomicOps.c -o Output/AtomicOps.llvm.o
cp Output/AtomicOps.llvm.o.compile.time Output/AtomicOps.simple.compile.time
/usr/bin/clang++ -o Output/AtomicOps.simple Output/AtomicOps.llvm.o -lstdc++   -m64 -fomit-frame-pointer
/home/ed/mcsema-testing/llvm-test-suite/RunSafely.sh -t "/home/ed/mcsema-testing/SANDBOX/test-2015-12-21_15-36-50/tools/timeit-target" 500 /dev/null Output/AtomicOps.out-simple Output/AtomicOps.simple 
cp Output/AtomicOps.simple Output/AtomicOps.simple-hash; \
	strip --remove-section=.comment --remove-section='.note*' Output/AtomicOps.simple-hash; \
	/home/ed/mcsema-testing/llvm-test-suite/HashProgramOutput.sh Output/AtomicOps.simple-hash
if [ -f "/home/ed/mcsema-testing/llvm-test-suite/SingleSource/UnitTests/AtomicOps.reference_output.little-endian." ]; then \
	  cp /home/ed/mcsema-testing/llvm-test-suite/SingleSource/UnitTests/AtomicOps.reference_output.little-endian. Output/AtomicOps.out-nat; \
	elif [ -f "/home/ed/mcsema-testing/llvm-test-suite/SingleSource/UnitTests/AtomicOps.reference_output." ]; then \
	  cp /home/ed/mcsema-testing/llvm-test-suite/SingleSource/UnitTests/AtomicOps.reference_output. Output/AtomicOps.out-nat; \
	elif [ -f "/home/ed/mcsema-testing/llvm-test-suite/SingleSource/UnitTests/AtomicOps.reference_output.little-endian" ]; then \
	  cp /home/ed/mcsema-testing/llvm-test-suite/SingleSource/UnitTests/AtomicOps.reference_output.little-endian Output/AtomicOps.out-nat; \
	elif [ -f "/home/ed/mcsema-testing/llvm-test-suite/SingleSource/UnitTests/AtomicOps.reference_output" ]; then \
	  cp /home/ed/mcsema-testing/llvm-test-suite/SingleSource/UnitTests/AtomicOps.reference_output Output/AtomicOps.out-nat; \
	else \
	  printf "WARNING: %s: %s\n" "NO REFERENCE OUTPUT (using default)" "/home/ed/mcsema-testing/llvm-test-suite/SingleSource/UnitTests/AtomicOps.reference_output" > Output/AtomicOps.out-nat; \
	  cp /home/ed/mcsema-testing/llvm-test-suite/default.reference_output Output/AtomicOps.out-nat; \
	  cat Output/AtomicOps.out-nat; \
	fi
# Pretend that the reference output was produced instantaneously.
cp /home/ed/mcsema-testing/llvm-test-suite/instant.txt Output/AtomicOps.out-nat.time
/home/ed/mcsema-testing/llvm-test-suite/DiffOutput.sh "/home/ed/mcsema-testing/SANDBOX/test-2015-12-21_15-36-50/tools/fpcmp " simple AtomicOps 
rm -f Output/AtomicOps.exe-simple
cp Output/AtomicOps.diff-simple Output/AtomicOps.exe-simple
if test -f Output/AtomicOps.extra-results.txt; then \
	  /home/ed/mcsema-testing/llvm-test-suite/ParseMultipleResults /home/ed/mcsema-testing/SANDBOX/test-2015-12-21_15-36-50/SingleSource/UnitTests/AtomicOps Output/AtomicOps.extra-results.txt >> Output/AtomicOps.simple.exec.report.txt; \
	fi
cat Output/AtomicOps.simple.compile.report.txt Output/AtomicOps.simple.exec.report.txt >> Output/AtomicOps.simple.report.txt
---------------------------------------------------------------
>>> ========= '/home/ed/mcsema-testing/SANDBOX/test-2015-12-21_15-36-50/SingleSource/UnitTests/AtomicOps' Program
---------------------------------------------------------------

TEST-PASS: compile /home/ed/mcsema-testing/SANDBOX/test-2015-12-21_15-36-50/SingleSource/UnitTests/AtomicOps
TEST-RESULT-compile-success: pass
TEST-RESULT-compile-hash: a6d5478f8b00d722e6e96a5cb3c47ee0
TEST-RESULT-compile-time: user       0.0241
TEST-RESULT-compile-real-time: real       0.0398

TEST-PASS: exec /home/ed/mcsema-testing/SANDBOX/test-2015-12-21_15-36-50/SingleSource/UnitTests/AtomicOps
TEST-RESULT-exec-success: pass
TEST-RESULT-exec-time: user       0.0008
TEST-RESULT-exec-real-time: real       0.0018
/home/ed/mcsema-testing/llvm-test-suite/RunSafely.sh --show-errors -t "/home/ed/mcsema-testing/SANDBOX/test-2015-12-21_15-36-50/tools/timeit" 500 /dev/null Output/block-byref-test.llvm.o.compile \
	  /usr/bin/clang -I/home/ed/mcsema-testing/SANDBOX/test-2015-12-21_15-36-50/SingleSource/UnitTests -I/home/ed/mcsema-testing/llvm-test-suite/SingleSource/UnitTests -I/home/ed/mcsema-testing/llvm-test-suite/include -I../../include -D_GNU_SOURCE -D__STDC_LIMIT_MACROS -DNDEBUG  -O3  -m64 -fomit-frame-pointer -c /home/ed/mcsema-testing/llvm-test-suite/SingleSource/UnitTests/block-byref-test.c -o Output/block-byref-test.llvm.o
cp Output/block-byref-test.llvm.o.compile.time Output/block-byref-test.simple.compile.time
/usr/bin/clang++ -o Output/block-byref-test.simple Output/block-byref-test.llvm.o -lstdc++   -m64 -fomit-frame-pointer
/home/ed/mcsema-testing/llvm-test-suite/RunSafely.sh -t "/home/ed/mcsema-testing/SANDBOX/test-2015-12-21_15-36-50/tools/timeit-target" 500 /dev/null Output/block-byref-test.out-simple Output/block-byref-test.simple 
cp Output/block-byref-test.simple Output/block-byref-test.simple-hash; \
	strip --remove-section=.comment --remove-section='.note*' Output/block-byref-test.simple-hash; \
	/home/ed/mcsema-testing/llvm-test-suite/HashProgramOutput.sh Output/block-byref-test.simple-hash
if [ -f "/home/ed/mcsema-testing/llvm-test-suite/SingleSource/UnitTests/block-byref-test.reference_output.little-endian." ]; then \
	  cp /home/ed/mcsema-testing/llvm-test-suite/SingleSource/UnitTests/block-byref-test.reference_output.little-endian. Output/block-byref-test.out-nat; \
	elif [ -f "/home/ed/mcsema-testing/llvm-test-suite/SingleSource/UnitTests/block-byref-test.reference_output." ]; then \
	  cp /home/ed/mcsema-testing/llvm-test-suite/SingleSource/UnitTests/block-byref-test.reference_output. Output/block-byref-test.out-nat; \
	elif [ -f "/home/ed/mcsema-testing/llvm-test-suite/SingleSource/UnitTests/block-byref-test.reference_output.little-endian" ]; then \
	  cp /home/ed/mcsema-testing/llvm-test-suite/SingleSource/UnitTests/block-byref-test.reference_output.little-endian Output/block-byref-test.out-nat; \
	elif [ -f "/home/ed/mcsema-testing/llvm-test-suite/SingleSource/UnitTests/block-byref-test.reference_output" ]; then \
	  cp /home/ed/mcsema-testing/llvm-test-suite/SingleSource/UnitTests/block-byref-test.reference_output Output/block-byref-test.out-nat; \
	else \
	  printf "WARNING: %s: %s\n" "NO REFERENCE OUTPUT (using default)" "/home/ed/mcsema-testing/llvm-test-suite/SingleSource/UnitTests/block-byref-test.reference_output" > Output/block-byref-test.out-nat; \
	  cp /home/ed/mcsema-testing/llvm-test-suite/default.reference_output Output/block-byref-test.out-nat; \
	  cat Output/block-byref-test.out-nat; \
	fi
# Pretend that the reference output was produced instantaneously.
cp /home/ed/mcsema-testing/llvm-test-suite/instant.txt Output/block-byref-test.out-nat.time
/home/ed/mcsema-testing/llvm-test-suite/DiffOutput.sh "/home/ed/mcsema-testing/SANDBOX/test-2015-12-21_15-36-50/tools/fpcmp " simple block-byref-test 
rm -f Output/block-byref-test.exe-simple
cp Output/block-byref-test.diff-simple Output/block-byref-test.exe-simple
if test -f Output/block-byref-test.extra-results.txt; then \
	  /home/ed/mcsema-testing/llvm-test-suite/ParseMultipleResults /home/ed/mcsema-testing/SANDBOX/test-2015-12-21_15-36-50/SingleSource/UnitTests/block-byref-test Output/block-byref-test.extra-results.txt >> Output/block-byref-test.simple.exec.report.txt; \
	fi
cat Output/block-byref-test.simple.compile.report.txt Output/block-byref-test.simple.exec.report.txt >> Output/block-byref-test.simple.report.txt
---------------------------------------------------------------
>>> ========= '/home/ed/mcsema-testing/SANDBOX/test-2015-12-21_15-36-50/SingleSource/UnitTests/block-byref-test' Program
---------------------------------------------------------------

TEST-PASS: compile /home/ed/mcsema-testing/SANDBOX/test-2015-12-21_15-36-50/SingleSource/UnitTests/block-byref-test
TEST-RESULT-compile-success: pass
TEST-RESULT-compile-hash: 7f7cd53e307b71517ab835b279337d8e
TEST-RESULT-compile-time: user       0.0154
TEST-RESULT-compile-real-time: real       0.0284

TEST-PASS: exec /home/ed/mcsema-testing/SANDBOX/test-2015-12-21_15-36-50/SingleSource/UnitTests/block-byref-test
TEST-RESULT-exec-success: pass
TEST-RESULT-exec-time: user       0.0008
TEST-RESULT-exec-real-time: real       0.0020
/home/ed/mcsema-testing/llvm-test-suite/RunSafely.sh --show-errors -t "/home/ed/mcsema-testing/SANDBOX/test-2015-12-21_15-36-50/tools/timeit" 500 /dev/null Output/blockstret.llvm.o.compile \
	  /usr/bin/clang -I/home/ed/mcsema-testing/SANDBOX/test-2015-12-21_15-36-50/SingleSource/UnitTests -I/home/ed/mcsema-testing/llvm-test-suite/SingleSource/UnitTests -I/home/ed/mcsema-testing/llvm-test-suite/include -I../../include -D_GNU_SOURCE -D__STDC_LIMIT_MACROS -DNDEBUG  -O3  -m64 -fomit-frame-pointer -c /home/ed/mcsema-testing/llvm-test-suite/SingleSource/UnitTests/blockstret.c -o Output/blockstret.llvm.o
cp Output/blockstret.llvm.o.compile.time Output/blockstret.simple.compile.time
/usr/bin/clang++ -o Output/blockstret.simple Output/blockstret.llvm.o -lstdc++   -m64 -fomit-frame-pointer
/home/ed/mcsema-testing/llvm-test-suite/RunSafely.sh -t "/home/ed/mcsema-testing/SANDBOX/test-2015-12-21_15-36-50/tools/timeit-target" 500 /dev/null Output/blockstret.out-simple Output/blockstret.simple 
cp Output/blockstret.simple Output/blockstret.simple-hash; \
	strip --remove-section=.comment --remove-section='.note*' Output/blockstret.simple-hash; \
	/home/ed/mcsema-testing/llvm-test-suite/HashProgramOutput.sh Output/blockstret.simple-hash
if [ -f "/home/ed/mcsema-testing/llvm-test-suite/SingleSource/UnitTests/blockstret.reference_output.little-endian." ]; then \
	  cp /home/ed/mcsema-testing/llvm-test-suite/SingleSource/UnitTests/blockstret.reference_output.little-endian. Output/blockstret.out-nat; \
	elif [ -f "/home/ed/mcsema-testing/llvm-test-suite/SingleSource/UnitTests/blockstret.reference_output." ]; then \
	  cp /home/ed/mcsema-testing/llvm-test-suite/SingleSource/UnitTests/blockstret.reference_output. Output/blockstret.out-nat; \
	elif [ -f "/home/ed/mcsema-testing/llvm-test-suite/SingleSource/UnitTests/blockstret.reference_output.little-endian" ]; then \
	  cp /home/ed/mcsema-testing/llvm-test-suite/SingleSource/UnitTests/blockstret.reference_output.little-endian Output/blockstret.out-nat; \
	elif [ -f "/home/ed/mcsema-testing/llvm-test-suite/SingleSource/UnitTests/blockstret.reference_output" ]; then \
	  cp /home/ed/mcsema-testing/llvm-test-suite/SingleSource/UnitTests/blockstret.reference_output Output/blockstret.out-nat; \
	else \
	  printf "WARNING: %s: %s\n" "NO REFERENCE OUTPUT (using default)" "/home/ed/mcsema-testing/llvm-test-suite/SingleSource/UnitTests/blockstret.reference_output" > Output/blockstret.out-nat; \
	  cp /home/ed/mcsema-testing/llvm-test-suite/default.reference_output Output/blockstret.out-nat; \
	  cat Output/blockstret.out-nat; \
	fi
# Pretend that the reference output was produced instantaneously.
cp /home/ed/mcsema-testing/llvm-test-suite/instant.txt Output/blockstret.out-nat.time
/home/ed/mcsema-testing/llvm-test-suite/DiffOutput.sh "/home/ed/mcsema-testing/SANDBOX/test-2015-12-21_15-36-50/tools/fpcmp " simple blockstret 
rm -f Output/blockstret.exe-simple
cp Output/blockstret.diff-simple Output/blockstret.exe-simple
if test -f Output/blockstret.extra-results.txt; then \
	  /home/ed/mcsema-testing/llvm-test-suite/ParseMultipleResults /home/ed/mcsema-testing/SANDBOX/test-2015-12-21_15-36-50/SingleSource/UnitTests/blockstret Output/blockstret.extra-results.txt >> Output/blockstret.simple.exec.report.txt; \
	fi
cat Output/blockstret.simple.compile.report.txt Output/blockstret.simple.exec.report.txt >> Output/blockstret.simple.report.txt
---------------------------------------------------------------
>>> ========= '/home/ed/mcsema-testing/SANDBOX/test-2015-12-21_15-36-50/SingleSource/UnitTests/blockstret' Program
---------------------------------------------------------------

TEST-PASS: compile /home/ed/mcsema-testing/SANDBOX/test-2015-12-21_15-36-50/SingleSource/UnitTests/blockstret
TEST-RESULT-compile-success: pass
TEST-RESULT-compile-hash: 7f7cd53e307b71517ab835b279337d8e
TEST-RESULT-compile-time: user       0.0152
TEST-RESULT-compile-real-time: real       0.0274

TEST-PASS: exec /home/ed/mcsema-testing/SANDBOX/test-2015-12-21_15-36-50/SingleSource/UnitTests/blockstret
TEST-RESULT-exec-success: pass
TEST-RESULT-exec-time: user       0.0009
TEST-RESULT-exec-real-time: real       0.0018
/home/ed/mcsema-testing/llvm-test-suite/RunSafely.sh --show-errors -t "/home/ed/mcsema-testing/SANDBOX/test-2015-12-21_15-36-50/tools/timeit" 500 /dev/null Output/byval-alignment.llvm.o.compile \
	  /usr/bin/clang -I/home/ed/mcsema-testing/SANDBOX/test-2015-12-21_15-36-50/SingleSource/UnitTests -I/home/ed/mcsema-testing/llvm-test-suite/SingleSource/UnitTests -I/home/ed/mcsema-testing/llvm-test-suite/include -I../../include -D_GNU_SOURCE -D__STDC_LIMIT_MACROS -DNDEBUG  -O3  -m64 -fomit-frame-pointer -c /home/ed/mcsema-testing/llvm-test-suite/SingleSource/UnitTests/byval-alignment.c -o Output/byval-alignment.llvm.o
cp Output/byval-alignment.llvm.o.compile.time Output/byval-alignment.simple.compile.time
/usr/bin/clang++ -o Output/byval-alignment.simple Output/byval-alignment.llvm.o -lstdc++   -m64 -fomit-frame-pointer
/home/ed/mcsema-testing/llvm-test-suite/RunSafely.sh -t "/home/ed/mcsema-testing/SANDBOX/test-2015-12-21_15-36-50/tools/timeit-target" 500 /dev/null Output/byval-alignment.out-simple Output/byval-alignment.simple 
cp Output/byval-alignment.simple Output/byval-alignment.simple-hash; \
	strip --remove-section=.comment --remove-section='.note*' Output/byval-alignment.simple-hash; \
	/home/ed/mcsema-testing/llvm-test-suite/HashProgramOutput.sh Output/byval-alignment.simple-hash
if [ -f "/home/ed/mcsema-testing/llvm-test-suite/SingleSource/UnitTests/byval-alignment.reference_output.little-endian." ]; then \
	  cp /home/ed/mcsema-testing/llvm-test-suite/SingleSource/UnitTests/byval-alignment.reference_output.little-endian. Output/byval-alignment.out-nat; \
	elif [ -f "/home/ed/mcsema-testing/llvm-test-suite/SingleSource/UnitTests/byval-alignment.reference_output." ]; then \
	  cp /home/ed/mcsema-testing/llvm-test-suite/SingleSource/UnitTests/byval-alignment.reference_output. Output/byval-alignment.out-nat; \
	elif [ -f "/home/ed/mcsema-testing/llvm-test-suite/SingleSource/UnitTests/byval-alignment.reference_output.little-endian" ]; then \
	  cp /home/ed/mcsema-testing/llvm-test-suite/SingleSource/UnitTests/byval-alignment.reference_output.little-endian Output/byval-alignment.out-nat; \
	elif [ -f "/home/ed/mcsema-testing/llvm-test-suite/SingleSource/UnitTests/byval-alignment.reference_output" ]; then \
	  cp /home/ed/mcsema-testing/llvm-test-suite/SingleSource/UnitTests/byval-alignment.reference_output Output/byval-alignment.out-nat; \
	else \
	  printf "WARNING: %s: %s\n" "NO REFERENCE OUTPUT (using default)" "/home/ed/mcsema-testing/llvm-test-suite/SingleSource/UnitTests/byval-alignment.reference_output" > Output/byval-alignment.out-nat; \
	  cp /home/ed/mcsema-testing/llvm-test-suite/default.reference_output Output/byval-alignment.out-nat; \
	  cat Output/byval-alignment.out-nat; \
	fi
# Pretend that the reference output was produced instantaneously.
cp /home/ed/mcsema-testing/llvm-test-suite/instant.txt Output/byval-alignment.out-nat.time
/home/ed/mcsema-testing/llvm-test-suite/DiffOutput.sh "/home/ed/mcsema-testing/SANDBOX/test-2015-12-21_15-36-50/tools/fpcmp " simple byval-alignment 
rm -f Output/byval-alignment.exe-simple
cp Output/byval-alignment.diff-simple Output/byval-alignment.exe-simple
if test -f Output/byval-alignment.extra-results.txt; then \
	  /home/ed/mcsema-testing/llvm-test-suite/ParseMultipleResults /home/ed/mcsema-testing/SANDBOX/test-2015-12-21_15-36-50/SingleSource/UnitTests/byval-alignment Output/byval-alignment.extra-results.txt >> Output/byval-alignment.simple.exec.report.txt; \
	fi
cat Output/byval-alignment.simple.compile.report.txt Output/byval-alignment.simple.exec.report.txt >> Output/byval-alignment.simple.report.txt
---------------------------------------------------------------
>>> ========= '/home/ed/mcsema-testing/SANDBOX/test-2015-12-21_15-36-50/SingleSource/UnitTests/byval-alignment' Program
---------------------------------------------------------------

TEST-PASS: compile /home/ed/mcsema-testing/SANDBOX/test-2015-12-21_15-36-50/SingleSource/UnitTests/byval-alignment
TEST-RESULT-compile-success: pass
TEST-RESULT-compile-hash: 7cf80be40214fab207a0f2c48db07064
TEST-RESULT-compile-time: user       0.0225
TEST-RESULT-compile-real-time: real       0.0366

TEST-PASS: exec /home/ed/mcsema-testing/SANDBOX/test-2015-12-21_15-36-50/SingleSource/UnitTests/byval-alignment
TEST-RESULT-exec-success: pass
TEST-RESULT-exec-time: user       0.0009
TEST-RESULT-exec-real-time: real       0.0019
/home/ed/mcsema-testing/llvm-test-suite/RunSafely.sh --show-errors -t "/home/ed/mcsema-testing/SANDBOX/test-2015-12-21_15-36-50/tools/timeit" 500 /dev/null Output/conditional-gnu-ext.llvm.o.compile \
	  /usr/bin/clang -I/home/ed/mcsema-testing/SANDBOX/test-2015-12-21_15-36-50/SingleSource/UnitTests -I/home/ed/mcsema-testing/llvm-test-suite/SingleSource/UnitTests -I/home/ed/mcsema-testing/llvm-test-suite/include -I../../include -D_GNU_SOURCE -D__STDC_LIMIT_MACROS -DNDEBUG  -O3  -m64 -fomit-frame-pointer -c /home/ed/mcsema-testing/llvm-test-suite/SingleSource/UnitTests/conditional-gnu-ext.c -o Output/conditional-gnu-ext.llvm.o
cp Output/conditional-gnu-ext.llvm.o.compile.time Output/conditional-gnu-ext.simple.compile.time
/usr/bin/clang++ -o Output/conditional-gnu-ext.simple Output/conditional-gnu-ext.llvm.o -lstdc++   -m64 -fomit-frame-pointer
/home/ed/mcsema-testing/llvm-test-suite/RunSafely.sh -t "/home/ed/mcsema-testing/SANDBOX/test-2015-12-21_15-36-50/tools/timeit-target" 500 /dev/null Output/conditional-gnu-ext.out-simple Output/conditional-gnu-ext.simple 
cp Output/conditional-gnu-ext.simple Output/conditional-gnu-ext.simple-hash; \
	strip --remove-section=.comment --remove-section='.note*' Output/conditional-gnu-ext.simple-hash; \
	/home/ed/mcsema-testing/llvm-test-suite/HashProgramOutput.sh Output/conditional-gnu-ext.simple-hash
if [ -f "/home/ed/mcsema-testing/llvm-test-suite/SingleSource/UnitTests/conditional-gnu-ext.reference_output.little-endian." ]; then \
	  cp /home/ed/mcsema-testing/llvm-test-suite/SingleSource/UnitTests/conditional-gnu-ext.reference_output.little-endian. Output/conditional-gnu-ext.out-nat; \
	elif [ -f "/home/ed/mcsema-testing/llvm-test-suite/SingleSource/UnitTests/conditional-gnu-ext.reference_output." ]; then \
	  cp /home/ed/mcsema-testing/llvm-test-suite/SingleSource/UnitTests/conditional-gnu-ext.reference_output. Output/conditional-gnu-ext.out-nat; \
	elif [ -f "/home/ed/mcsema-testing/llvm-test-suite/SingleSource/UnitTests/conditional-gnu-ext.reference_output.little-endian" ]; then \
	  cp /home/ed/mcsema-testing/llvm-test-suite/SingleSource/UnitTests/conditional-gnu-ext.reference_output.little-endian Output/conditional-gnu-ext.out-nat; \
	elif [ -f "/home/ed/mcsema-testing/llvm-test-suite/SingleSource/UnitTests/conditional-gnu-ext.reference_output" ]; then \
	  cp /home/ed/mcsema-testing/llvm-test-suite/SingleSource/UnitTests/conditional-gnu-ext.reference_output Output/conditional-gnu-ext.out-nat; \
	else \
	  printf "WARNING: %s: %s\n" "NO REFERENCE OUTPUT (using default)" "/home/ed/mcsema-testing/llvm-test-suite/SingleSource/UnitTests/conditional-gnu-ext.reference_output" > Output/conditional-gnu-ext.out-nat; \
	  cp /home/ed/mcsema-testing/llvm-test-suite/default.reference_output Output/conditional-gnu-ext.out-nat; \
	  cat Output/conditional-gnu-ext.out-nat; \
	fi
# Pretend that the reference output was produced instantaneously.
cp /home/ed/mcsema-testing/llvm-test-suite/instant.txt Output/conditional-gnu-ext.out-nat.time
/home/ed/mcsema-testing/llvm-test-suite/DiffOutput.sh "/home/ed/mcsema-testing/SANDBOX/test-2015-12-21_15-36-50/tools/fpcmp " simple conditional-gnu-ext 
rm -f Output/conditional-gnu-ext.exe-simple
cp Output/conditional-gnu-ext.diff-simple Output/conditional-gnu-ext.exe-simple
if test -f Output/conditional-gnu-ext.extra-results.txt; then \
	  /home/ed/mcsema-testing/llvm-test-suite/ParseMultipleResults /home/ed/mcsema-testing/SANDBOX/test-2015-12-21_15-36-50/SingleSource/UnitTests/conditional-gnu-ext Output/conditional-gnu-ext.extra-results.txt >> Output/conditional-gnu-ext.simple.exec.report.txt; \
	fi
cat Output/conditional-gnu-ext.simple.compile.report.txt Output/conditional-gnu-ext.simple.exec.report.txt >> Output/conditional-gnu-ext.simple.report.txt
---------------------------------------------------------------
>>> ========= '/home/ed/mcsema-testing/SANDBOX/test-2015-12-21_15-36-50/SingleSource/UnitTests/conditional-gnu-ext' Program
---------------------------------------------------------------

TEST-PASS: compile /home/ed/mcsema-testing/SANDBOX/test-2015-12-21_15-36-50/SingleSource/UnitTests/conditional-gnu-ext
TEST-RESULT-compile-success: pass
TEST-RESULT-compile-hash: 5c842a1854da81f268ef10f1cc3158f9
TEST-RESULT-compile-time: user       0.0177
TEST-RESULT-compile-real-time: real       0.0302

TEST-PASS: exec /home/ed/mcsema-testing/SANDBOX/test-2015-12-21_15-36-50/SingleSource/UnitTests/conditional-gnu-ext
TEST-RESULT-exec-success: pass
TEST-RESULT-exec-time: user       0.0008
TEST-RESULT-exec-real-time: real       0.0017
/home/ed/mcsema-testing/llvm-test-suite/RunSafely.sh --show-errors -t "/home/ed/mcsema-testing/SANDBOX/test-2015-12-21_15-36-50/tools/timeit" 500 /dev/null Output/FloatPrecision.llvm.o.compile \
	  /usr/bin/clang -I/home/ed/mcsema-testing/SANDBOX/test-2015-12-21_15-36-50/SingleSource/UnitTests -I/home/ed/mcsema-testing/llvm-test-suite/SingleSource/UnitTests -I/home/ed/mcsema-testing/llvm-test-suite/include -I../../include -D_GNU_SOURCE -D__STDC_LIMIT_MACROS -DNDEBUG  -O3  -m64 -fomit-frame-pointer -c /home/ed/mcsema-testing/llvm-test-suite/SingleSource/UnitTests/FloatPrecision.c -o Output/FloatPrecision.llvm.o
cp Output/FloatPrecision.llvm.o.compile.time Output/FloatPrecision.simple.compile.time
/usr/bin/clang++ -o Output/FloatPrecision.simple Output/FloatPrecision.llvm.o -lstdc++   -m64 -fomit-frame-pointer
/home/ed/mcsema-testing/llvm-test-suite/RunSafely.sh -t "/home/ed/mcsema-testing/SANDBOX/test-2015-12-21_15-36-50/tools/timeit-target" 500 /dev/null Output/FloatPrecision.out-simple Output/FloatPrecision.simple 
cp Output/FloatPrecision.simple Output/FloatPrecision.simple-hash; \
	strip --remove-section=.comment --remove-section='.note*' Output/FloatPrecision.simple-hash; \
	/home/ed/mcsema-testing/llvm-test-suite/HashProgramOutput.sh Output/FloatPrecision.simple-hash
if [ -f "/home/ed/mcsema-testing/llvm-test-suite/SingleSource/UnitTests/FloatPrecision.reference_output.little-endian." ]; then \
	  cp /home/ed/mcsema-testing/llvm-test-suite/SingleSource/UnitTests/FloatPrecision.reference_output.little-endian. Output/FloatPrecision.out-nat; \
	elif [ -f "/home/ed/mcsema-testing/llvm-test-suite/SingleSource/UnitTests/FloatPrecision.reference_output." ]; then \
	  cp /home/ed/mcsema-testing/llvm-test-suite/SingleSource/UnitTests/FloatPrecision.reference_output. Output/FloatPrecision.out-nat; \
	elif [ -f "/home/ed/mcsema-testing/llvm-test-suite/SingleSource/UnitTests/FloatPrecision.reference_output.little-endian" ]; then \
	  cp /home/ed/mcsema-testing/llvm-test-suite/SingleSource/UnitTests/FloatPrecision.reference_output.little-endian Output/FloatPrecision.out-nat; \
	elif [ -f "/home/ed/mcsema-testing/llvm-test-suite/SingleSource/UnitTests/FloatPrecision.reference_output" ]; then \
	  cp /home/ed/mcsema-testing/llvm-test-suite/SingleSource/UnitTests/FloatPrecision.reference_output Output/FloatPrecision.out-nat; \
	else \
	  printf "WARNING: %s: %s\n" "NO REFERENCE OUTPUT (using default)" "/home/ed/mcsema-testing/llvm-test-suite/SingleSource/UnitTests/FloatPrecision.reference_output" > Output/FloatPrecision.out-nat; \
	  cp /home/ed/mcsema-testing/llvm-test-suite/default.reference_output Output/FloatPrecision.out-nat; \
	  cat Output/FloatPrecision.out-nat; \
	fi
# Pretend that the reference output was produced instantaneously.
cp /home/ed/mcsema-testing/llvm-test-suite/instant.txt Output/FloatPrecision.out-nat.time
/home/ed/mcsema-testing/llvm-test-suite/DiffOutput.sh "/home/ed/mcsema-testing/SANDBOX/test-2015-12-21_15-36-50/tools/fpcmp " simple FloatPrecision 
rm -f Output/FloatPrecision.exe-simple
cp Output/FloatPrecision.diff-simple Output/FloatPrecision.exe-simple
if test -f Output/FloatPrecision.extra-results.txt; then \
	  /home/ed/mcsema-testing/llvm-test-suite/ParseMultipleResults /home/ed/mcsema-testing/SANDBOX/test-2015-12-21_15-36-50/SingleSource/UnitTests/FloatPrecision Output/FloatPrecision.extra-results.txt >> Output/FloatPrecision.simple.exec.report.txt; \
	fi
cat Output/FloatPrecision.simple.compile.report.txt Output/FloatPrecision.simple.exec.report.txt >> Output/FloatPrecision.simple.report.txt
---------------------------------------------------------------
>>> ========= '/home/ed/mcsema-testing/SANDBOX/test-2015-12-21_15-36-50/SingleSource/UnitTests/FloatPrecision' Program
---------------------------------------------------------------

TEST-PASS: compile /home/ed/mcsema-testing/SANDBOX/test-2015-12-21_15-36-50/SingleSource/UnitTests/FloatPrecision
TEST-RESULT-compile-success: pass
TEST-RESULT-compile-hash: 1fe4ed071973a9db3b8628ffd4ab6dfe
TEST-RESULT-compile-time: user       0.0217
TEST-RESULT-compile-real-time: real       0.0358

TEST-PASS: exec /home/ed/mcsema-testing/SANDBOX/test-2015-12-21_15-36-50/SingleSource/UnitTests/FloatPrecision
TEST-RESULT-exec-success: pass
TEST-RESULT-exec-time: user       0.0009
TEST-RESULT-exec-real-time: real       0.0018
/home/ed/mcsema-testing/llvm-test-suite/RunSafely.sh --show-errors -t "/home/ed/mcsema-testing/SANDBOX/test-2015-12-21_15-36-50/tools/timeit" 500 /dev/null Output/ms_struct-bitfield-1.llvm.o.compile \
	  /usr/bin/clang -I/home/ed/mcsema-testing/SANDBOX/test-2015-12-21_15-36-50/SingleSource/UnitTests -I/home/ed/mcsema-testing/llvm-test-suite/SingleSource/UnitTests -I/home/ed/mcsema-testing/llvm-test-suite/include -I../../include -D_GNU_SOURCE -D__STDC_LIMIT_MACROS -DNDEBUG  -O3  -m64 -fomit-frame-pointer -c /home/ed/mcsema-testing/llvm-test-suite/SingleSource/UnitTests/ms_struct-bitfield-1.c -o Output/ms_struct-bitfield-1.llvm.o
cp Output/ms_struct-bitfield-1.llvm.o.compile.time Output/ms_struct-bitfield-1.simple.compile.time
/usr/bin/clang++ -o Output/ms_struct-bitfield-1.simple Output/ms_struct-bitfield-1.llvm.o -lstdc++   -m64 -fomit-frame-pointer
/home/ed/mcsema-testing/llvm-test-suite/RunSafely.sh -t "/home/ed/mcsema-testing/SANDBOX/test-2015-12-21_15-36-50/tools/timeit-target" 500 /dev/null Output/ms_struct-bitfield-1.out-simple Output/ms_struct-bitfield-1.simple 
cp Output/ms_struct-bitfield-1.simple Output/ms_struct-bitfield-1.simple-hash; \
	strip --remove-section=.comment --remove-section='.note*' Output/ms_struct-bitfield-1.simple-hash; \
	/home/ed/mcsema-testing/llvm-test-suite/HashProgramOutput.sh Output/ms_struct-bitfield-1.simple-hash
if [ -f "/home/ed/mcsema-testing/llvm-test-suite/SingleSource/UnitTests/ms_struct-bitfield-1.reference_output.little-endian." ]; then \
	  cp /home/ed/mcsema-testing/llvm-test-suite/SingleSource/UnitTests/ms_struct-bitfield-1.reference_output.little-endian. Output/ms_struct-bitfield-1.out-nat; \
	elif [ -f "/home/ed/mcsema-testing/llvm-test-suite/SingleSource/UnitTests/ms_struct-bitfield-1.reference_output." ]; then \
	  cp /home/ed/mcsema-testing/llvm-test-suite/SingleSource/UnitTests/ms_struct-bitfield-1.reference_output. Output/ms_struct-bitfield-1.out-nat; \
	elif [ -f "/home/ed/mcsema-testing/llvm-test-suite/SingleSource/UnitTests/ms_struct-bitfield-1.reference_output.little-endian" ]; then \
	  cp /home/ed/mcsema-testing/llvm-test-suite/SingleSource/UnitTests/ms_struct-bitfield-1.reference_output.little-endian Output/ms_struct-bitfield-1.out-nat; \
	elif [ -f "/home/ed/mcsema-testing/llvm-test-suite/SingleSource/UnitTests/ms_struct-bitfield-1.reference_output" ]; then \
	  cp /home/ed/mcsema-testing/llvm-test-suite/SingleSource/UnitTests/ms_struct-bitfield-1.reference_output Output/ms_struct-bitfield-1.out-nat; \
	else \
	  printf "WARNING: %s: %s\n" "NO REFERENCE OUTPUT (using default)" "/home/ed/mcsema-testing/llvm-test-suite/SingleSource/UnitTests/ms_struct-bitfield-1.reference_output" > Output/ms_struct-bitfield-1.out-nat; \
	  cp /home/ed/mcsema-testing/llvm-test-suite/default.reference_output Output/ms_struct-bitfield-1.out-nat; \
	  cat Output/ms_struct-bitfield-1.out-nat; \
	fi
exit 0
# Pretend that the reference output was produced instantaneously.
cp /home/ed/mcsema-testing/llvm-test-suite/instant.txt Output/ms_struct-bitfield-1.out-nat.time
/home/ed/mcsema-testing/llvm-test-suite/DiffOutput.sh "/home/ed/mcsema-testing/SANDBOX/test-2015-12-21_15-36-50/tools/fpcmp " simple ms_struct-bitfield-1 
rm -f Output/ms_struct-bitfield-1.exe-simple
cp Output/ms_struct-bitfield-1.diff-simple Output/ms_struct-bitfield-1.exe-simple
if test -f Output/ms_struct-bitfield-1.extra-results.txt; then \
	  /home/ed/mcsema-testing/llvm-test-suite/ParseMultipleResults /home/ed/mcsema-testing/SANDBOX/test-2015-12-21_15-36-50/SingleSource/UnitTests/ms_struct-bitfield-1 Output/ms_struct-bitfield-1.extra-results.txt >> Output/ms_struct-bitfield-1.simple.exec.report.txt; \
	fi
cat Output/ms_struct-bitfield-1.simple.compile.report.txt Output/ms_struct-bitfield-1.simple.exec.report.txt >> Output/ms_struct-bitfield-1.simple.report.txt
---------------------------------------------------------------
>>> ========= '/home/ed/mcsema-testing/SANDBOX/test-2015-12-21_15-36-50/SingleSource/UnitTests/ms_struct-bitfield-1' Program
---------------------------------------------------------------

TEST-PASS: compile /home/ed/mcsema-testing/SANDBOX/test-2015-12-21_15-36-50/SingleSource/UnitTests/ms_struct-bitfield-1
TEST-RESULT-compile-success: pass
TEST-RESULT-compile-hash: 7f7cd53e307b71517ab835b279337d8e
TEST-RESULT-compile-time: user       0.0162
TEST-RESULT-compile-real-time: real       0.0285

TEST-PASS: exec /home/ed/mcsema-testing/SANDBOX/test-2015-12-21_15-36-50/SingleSource/UnitTests/ms_struct-bitfield-1
TEST-RESULT-exec-success: pass
TEST-RESULT-exec-time: user       0.0009
TEST-RESULT-exec-real-time: real       0.0018
/home/ed/mcsema-testing/llvm-test-suite/RunSafely.sh --show-errors -t "/home/ed/mcsema-testing/SANDBOX/test-2015-12-21_15-36-50/tools/timeit" 500 /dev/null Output/ms_struct-bitfield.llvm.o.compile \
	  /usr/bin/clang -I/home/ed/mcsema-testing/SANDBOX/test-2015-12-21_15-36-50/SingleSource/UnitTests -I/home/ed/mcsema-testing/llvm-test-suite/SingleSource/UnitTests -I/home/ed/mcsema-testing/llvm-test-suite/include -I../../include -D_GNU_SOURCE -D__STDC_LIMIT_MACROS -DNDEBUG  -O3  -m64 -fomit-frame-pointer -c /home/ed/mcsema-testing/llvm-test-suite/SingleSource/UnitTests/ms_struct-bitfield.c -o Output/ms_struct-bitfield.llvm.o
cp Output/ms_struct-bitfield.llvm.o.compile.time Output/ms_struct-bitfield.simple.compile.time
/usr/bin/clang++ -o Output/ms_struct-bitfield.simple Output/ms_struct-bitfield.llvm.o -lstdc++   -m64 -fomit-frame-pointer
/home/ed/mcsema-testing/llvm-test-suite/RunSafely.sh -t "/home/ed/mcsema-testing/SANDBOX/test-2015-12-21_15-36-50/tools/timeit-target" 500 /dev/null Output/ms_struct-bitfield.out-simple Output/ms_struct-bitfield.simple 
cp Output/ms_struct-bitfield.simple Output/ms_struct-bitfield.simple-hash; \
	strip --remove-section=.comment --remove-section='.note*' Output/ms_struct-bitfield.simple-hash; \
	/home/ed/mcsema-testing/llvm-test-suite/HashProgramOutput.sh Output/ms_struct-bitfield.simple-hash
if [ -f "/home/ed/mcsema-testing/llvm-test-suite/SingleSource/UnitTests/ms_struct-bitfield.reference_output.little-endian." ]; then \
	  cp /home/ed/mcsema-testing/llvm-test-suite/SingleSource/UnitTests/ms_struct-bitfield.reference_output.little-endian. Output/ms_struct-bitfield.out-nat; \
	elif [ -f "/home/ed/mcsema-testing/llvm-test-suite/SingleSource/UnitTests/ms_struct-bitfield.reference_output." ]; then \
	  cp /home/ed/mcsema-testing/llvm-test-suite/SingleSource/UnitTests/ms_struct-bitfield.reference_output. Output/ms_struct-bitfield.out-nat; \
	elif [ -f "/home/ed/mcsema-testing/llvm-test-suite/SingleSource/UnitTests/ms_struct-bitfield.reference_output.little-endian" ]; then \
	  cp /home/ed/mcsema-testing/llvm-test-suite/SingleSource/UnitTests/ms_struct-bitfield.reference_output.little-endian Output/ms_struct-bitfield.out-nat; \
	elif [ -f "/home/ed/mcsema-testing/llvm-test-suite/SingleSource/UnitTests/ms_struct-bitfield.reference_output" ]; then \
	  cp /home/ed/mcsema-testing/llvm-test-suite/SingleSource/UnitTests/ms_struct-bitfield.reference_output Output/ms_struct-bitfield.out-nat; \
	else \
	  printf "WARNING: %s: %s\n" "NO REFERENCE OUTPUT (using default)" "/home/ed/mcsema-testing/llvm-test-suite/SingleSource/UnitTests/ms_struct-bitfield.reference_output" > Output/ms_struct-bitfield.out-nat; \
	  cp /home/ed/mcsema-testing/llvm-test-suite/default.reference_output Output/ms_struct-bitfield.out-nat; \
	  cat Output/ms_struct-bitfield.out-nat; \
	fi
exit 0
# Pretend that the reference output was produced instantaneously.
cp /home/ed/mcsema-testing/llvm-test-suite/instant.txt Output/ms_struct-bitfield.out-nat.time
/home/ed/mcsema-testing/llvm-test-suite/DiffOutput.sh "/home/ed/mcsema-testing/SANDBOX/test-2015-12-21_15-36-50/tools/fpcmp " simple ms_struct-bitfield 
rm -f Output/ms_struct-bitfield.exe-simple
cp Output/ms_struct-bitfield.diff-simple Output/ms_struct-bitfield.exe-simple
if test -f Output/ms_struct-bitfield.extra-results.txt; then \
	  /home/ed/mcsema-testing/llvm-test-suite/ParseMultipleResults /home/ed/mcsema-testing/SANDBOX/test-2015-12-21_15-36-50/SingleSource/UnitTests/ms_struct-bitfield Output/ms_struct-bitfield.extra-results.txt >> Output/ms_struct-bitfield.simple.exec.report.txt; \
	fi
cat Output/ms_struct-bitfield.simple.compile.report.txt Output/ms_struct-bitfield.simple.exec.report.txt >> Output/ms_struct-bitfield.simple.report.txt
---------------------------------------------------------------
>>> ========= '/home/ed/mcsema-testing/SANDBOX/test-2015-12-21_15-36-50/SingleSource/UnitTests/ms_struct-bitfield' Program
---------------------------------------------------------------

TEST-PASS: compile /home/ed/mcsema-testing/SANDBOX/test-2015-12-21_15-36-50/SingleSource/UnitTests/ms_struct-bitfield
TEST-RESULT-compile-success: pass
TEST-RESULT-compile-hash: c541b49f84703a78a6eff8d56e7c0496
TEST-RESULT-compile-time: user       0.0171
TEST-RESULT-compile-real-time: real       0.0293

TEST-PASS: exec /home/ed/mcsema-testing/SANDBOX/test-2015-12-21_15-36-50/SingleSource/UnitTests/ms_struct-bitfield
TEST-RESULT-exec-success: pass
TEST-RESULT-exec-time: user       0.0008
TEST-RESULT-exec-real-time: real       0.0016
/home/ed/mcsema-testing/llvm-test-suite/RunSafely.sh --show-errors -t "/home/ed/mcsema-testing/SANDBOX/test-2015-12-21_15-36-50/tools/timeit" 500 /dev/null Output/ms_struct-bitfield-init-1.llvm.o.compile \
	  /usr/bin/clang -I/home/ed/mcsema-testing/SANDBOX/test-2015-12-21_15-36-50/SingleSource/UnitTests -I/home/ed/mcsema-testing/llvm-test-suite/SingleSource/UnitTests -I/home/ed/mcsema-testing/llvm-test-suite/include -I../../include -D_GNU_SOURCE -D__STDC_LIMIT_MACROS -DNDEBUG  -O3  -m64 -fomit-frame-pointer -c /home/ed/mcsema-testing/llvm-test-suite/SingleSource/UnitTests/ms_struct-bitfield-init-1.c -o Output/ms_struct-bitfield-init-1.llvm.o
cp Output/ms_struct-bitfield-init-1.llvm.o.compile.time Output/ms_struct-bitfield-init-1.simple.compile.time
/usr/bin/clang++ -o Output/ms_struct-bitfield-init-1.simple Output/ms_struct-bitfield-init-1.llvm.o -lstdc++   -m64 -fomit-frame-pointer
/home/ed/mcsema-testing/llvm-test-suite/RunSafely.sh -t "/home/ed/mcsema-testing/SANDBOX/test-2015-12-21_15-36-50/tools/timeit-target" 500 /dev/null Output/ms_struct-bitfield-init-1.out-simple Output/ms_struct-bitfield-init-1.simple 
cp Output/ms_struct-bitfield-init-1.simple Output/ms_struct-bitfield-init-1.simple-hash; \
	strip --remove-section=.comment --remove-section='.note*' Output/ms_struct-bitfield-init-1.simple-hash; \
	/home/ed/mcsema-testing/llvm-test-suite/HashProgramOutput.sh Output/ms_struct-bitfield-init-1.simple-hash
if [ -f "/home/ed/mcsema-testing/llvm-test-suite/SingleSource/UnitTests/ms_struct-bitfield-init-1.reference_output.little-endian." ]; then \
	  cp /home/ed/mcsema-testing/llvm-test-suite/SingleSource/UnitTests/ms_struct-bitfield-init-1.reference_output.little-endian. Output/ms_struct-bitfield-init-1.out-nat; \
	elif [ -f "/home/ed/mcsema-testing/llvm-test-suite/SingleSource/UnitTests/ms_struct-bitfield-init-1.reference_output." ]; then \
	  cp /home/ed/mcsema-testing/llvm-test-suite/SingleSource/UnitTests/ms_struct-bitfield-init-1.reference_output. Output/ms_struct-bitfield-init-1.out-nat; \
	elif [ -f "/home/ed/mcsema-testing/llvm-test-suite/SingleSource/UnitTests/ms_struct-bitfield-init-1.reference_output.little-endian" ]; then \
	  cp /home/ed/mcsema-testing/llvm-test-suite/SingleSource/UnitTests/ms_struct-bitfield-init-1.reference_output.little-endian Output/ms_struct-bitfield-init-1.out-nat; \
	elif [ -f "/home/ed/mcsema-testing/llvm-test-suite/SingleSource/UnitTests/ms_struct-bitfield-init-1.reference_output" ]; then \
	  cp /home/ed/mcsema-testing/llvm-test-suite/SingleSource/UnitTests/ms_struct-bitfield-init-1.reference_output Output/ms_struct-bitfield-init-1.out-nat; \
	else \
	  printf "WARNING: %s: %s\n" "NO REFERENCE OUTPUT (using default)" "/home/ed/mcsema-testing/llvm-test-suite/SingleSource/UnitTests/ms_struct-bitfield-init-1.reference_output" > Output/ms_struct-bitfield-init-1.out-nat; \
	  cp /home/ed/mcsema-testing/llvm-test-suite/default.reference_output Output/ms_struct-bitfield-init-1.out-nat; \
	  cat Output/ms_struct-bitfield-init-1.out-nat; \
	fi
exit 0
# Pretend that the reference output was produced instantaneously.
cp /home/ed/mcsema-testing/llvm-test-suite/instant.txt Output/ms_struct-bitfield-init-1.out-nat.time
/home/ed/mcsema-testing/llvm-test-suite/DiffOutput.sh "/home/ed/mcsema-testing/SANDBOX/test-2015-12-21_15-36-50/tools/fpcmp " simple ms_struct-bitfield-init-1 
rm -f Output/ms_struct-bitfield-init-1.exe-simple
cp Output/ms_struct-bitfield-init-1.diff-simple Output/ms_struct-bitfield-init-1.exe-simple
if test -f Output/ms_struct-bitfield-init-1.extra-results.txt; then \
	  /home/ed/mcsema-testing/llvm-test-suite/ParseMultipleResults /home/ed/mcsema-testing/SANDBOX/test-2015-12-21_15-36-50/SingleSource/UnitTests/ms_struct-bitfield-init-1 Output/ms_struct-bitfield-init-1.extra-results.txt >> Output/ms_struct-bitfield-init-1.simple.exec.report.txt; \
	fi
cat Output/ms_struct-bitfield-init-1.simple.compile.report.txt Output/ms_struct-bitfield-init-1.simple.exec.report.txt >> Output/ms_struct-bitfield-init-1.simple.report.txt
---------------------------------------------------------------
>>> ========= '/home/ed/mcsema-testing/SANDBOX/test-2015-12-21_15-36-50/SingleSource/UnitTests/ms_struct-bitfield-init-1' Program
---------------------------------------------------------------

TEST-PASS: compile /home/ed/mcsema-testing/SANDBOX/test-2015-12-21_15-36-50/SingleSource/UnitTests/ms_struct-bitfield-init-1
TEST-RESULT-compile-success: pass
TEST-RESULT-compile-hash: a4d8c05b3ea78130970ec68541a36a11
TEST-RESULT-compile-time: user       0.0265
TEST-RESULT-compile-real-time: real       0.0435

TEST-PASS: exec /home/ed/mcsema-testing/SANDBOX/test-2015-12-21_15-36-50/SingleSource/UnitTests/ms_struct-bitfield-init-1
TEST-RESULT-exec-success: pass
TEST-RESULT-exec-time: user       0.0008
TEST-RESULT-exec-real-time: real       0.0016
/home/ed/mcsema-testing/llvm-test-suite/RunSafely.sh --show-errors -t "/home/ed/mcsema-testing/SANDBOX/test-2015-12-21_15-36-50/tools/timeit" 500 /dev/null Output/ms_struct-bitfield-init.llvm.o.compile \
	  /usr/bin/clang -I/home/ed/mcsema-testing/SANDBOX/test-2015-12-21_15-36-50/SingleSource/UnitTests -I/home/ed/mcsema-testing/llvm-test-suite/SingleSource/UnitTests -I/home/ed/mcsema-testing/llvm-test-suite/include -I../../include -D_GNU_SOURCE -D__STDC_LIMIT_MACROS -DNDEBUG  -O3  -m64 -fomit-frame-pointer -c /home/ed/mcsema-testing/llvm-test-suite/SingleSource/UnitTests/ms_struct-bitfield-init.c -o Output/ms_struct-bitfield-init.llvm.o
cp Output/ms_struct-bitfield-init.llvm.o.compile.time Output/ms_struct-bitfield-init.simple.compile.time
/usr/bin/clang++ -o Output/ms_struct-bitfield-init.simple Output/ms_struct-bitfield-init.llvm.o -lstdc++   -m64 -fomit-frame-pointer
/home/ed/mcsema-testing/llvm-test-suite/RunSafely.sh -t "/home/ed/mcsema-testing/SANDBOX/test-2015-12-21_15-36-50/tools/timeit-target" 500 /dev/null Output/ms_struct-bitfield-init.out-simple Output/ms_struct-bitfield-init.simple 
cp Output/ms_struct-bitfield-init.simple Output/ms_struct-bitfield-init.simple-hash; \
	strip --remove-section=.comment --remove-section='.note*' Output/ms_struct-bitfield-init.simple-hash; \
	/home/ed/mcsema-testing/llvm-test-suite/HashProgramOutput.sh Output/ms_struct-bitfield-init.simple-hash
if [ -f "/home/ed/mcsema-testing/llvm-test-suite/SingleSource/UnitTests/ms_struct-bitfield-init.reference_output.little-endian." ]; then \
	  cp /home/ed/mcsema-testing/llvm-test-suite/SingleSource/UnitTests/ms_struct-bitfield-init.reference_output.little-endian. Output/ms_struct-bitfield-init.out-nat; \
	elif [ -f "/home/ed/mcsema-testing/llvm-test-suite/SingleSource/UnitTests/ms_struct-bitfield-init.reference_output." ]; then \
	  cp /home/ed/mcsema-testing/llvm-test-suite/SingleSource/UnitTests/ms_struct-bitfield-init.reference_output. Output/ms_struct-bitfield-init.out-nat; \
	elif [ -f "/home/ed/mcsema-testing/llvm-test-suite/SingleSource/UnitTests/ms_struct-bitfield-init.reference_output.little-endian" ]; then \
	  cp /home/ed/mcsema-testing/llvm-test-suite/SingleSource/UnitTests/ms_struct-bitfield-init.reference_output.little-endian Output/ms_struct-bitfield-init.out-nat; \
	elif [ -f "/home/ed/mcsema-testing/llvm-test-suite/SingleSource/UnitTests/ms_struct-bitfield-init.reference_output" ]; then \
	  cp /home/ed/mcsema-testing/llvm-test-suite/SingleSource/UnitTests/ms_struct-bitfield-init.reference_output Output/ms_struct-bitfield-init.out-nat; \
	else \
	  printf "WARNING: %s: %s\n" "NO REFERENCE OUTPUT (using default)" "/home/ed/mcsema-testing/llvm-test-suite/SingleSource/UnitTests/ms_struct-bitfield-init.reference_output" > Output/ms_struct-bitfield-init.out-nat; \
	  cp /home/ed/mcsema-testing/llvm-test-suite/default.reference_output Output/ms_struct-bitfield-init.out-nat; \
	  cat Output/ms_struct-bitfield-init.out-nat; \
	fi
exit 0
# Pretend that the reference output was produced instantaneously.
cp /home/ed/mcsema-testing/llvm-test-suite/instant.txt Output/ms_struct-bitfield-init.out-nat.time
/home/ed/mcsema-testing/llvm-test-suite/DiffOutput.sh "/home/ed/mcsema-testing/SANDBOX/test-2015-12-21_15-36-50/tools/fpcmp " simple ms_struct-bitfield-init 
rm -f Output/ms_struct-bitfield-init.exe-simple
cp Output/ms_struct-bitfield-init.diff-simple Output/ms_struct-bitfield-init.exe-simple
if test -f Output/ms_struct-bitfield-init.extra-results.txt; then \
	  /home/ed/mcsema-testing/llvm-test-suite/ParseMultipleResults /home/ed/mcsema-testing/SANDBOX/test-2015-12-21_15-36-50/SingleSource/UnitTests/ms_struct-bitfield-init Output/ms_struct-bitfield-init.extra-results.txt >> Output/ms_struct-bitfield-init.simple.exec.report.txt; \
	fi
cat Output/ms_struct-bitfield-init.simple.compile.report.txt Output/ms_struct-bitfield-init.simple.exec.report.txt >> Output/ms_struct-bitfield-init.simple.report.txt
---------------------------------------------------------------
>>> ========= '/home/ed/mcsema-testing/SANDBOX/test-2015-12-21_15-36-50/SingleSource/UnitTests/ms_struct-bitfield-init' Program
---------------------------------------------------------------

TEST-PASS: compile /home/ed/mcsema-testing/SANDBOX/test-2015-12-21_15-36-50/SingleSource/UnitTests/ms_struct-bitfield-init
TEST-RESULT-compile-success: pass
TEST-RESULT-compile-hash: 53647cff1205e4b045eb5c45673947cf
TEST-RESULT-compile-time: user       0.0250
TEST-RESULT-compile-real-time: real       0.0419

TEST-PASS: exec /home/ed/mcsema-testing/SANDBOX/test-2015-12-21_15-36-50/SingleSource/UnitTests/ms_struct-bitfield-init
TEST-RESULT-exec-success: pass
TEST-RESULT-exec-time: user       0.0008
TEST-RESULT-exec-real-time: real       0.0016
/home/ed/mcsema-testing/llvm-test-suite/RunSafely.sh --show-errors -t "/home/ed/mcsema-testing/SANDBOX/test-2015-12-21_15-36-50/tools/timeit" 500 /dev/null Output/ms_struct_pack_layout-1.llvm.o.compile \
	  /usr/bin/clang -I/home/ed/mcsema-testing/SANDBOX/test-2015-12-21_15-36-50/SingleSource/UnitTests -I/home/ed/mcsema-testing/llvm-test-suite/SingleSource/UnitTests -I/home/ed/mcsema-testing/llvm-test-suite/include -I../../include -D_GNU_SOURCE -D__STDC_LIMIT_MACROS -DNDEBUG  -O3  -m64 -fomit-frame-pointer -c /home/ed/mcsema-testing/llvm-test-suite/SingleSource/UnitTests/ms_struct_pack_layout-1.c -o Output/ms_struct_pack_layout-1.llvm.o
cp Output/ms_struct_pack_layout-1.llvm.o.compile.time Output/ms_struct_pack_layout-1.simple.compile.time
/usr/bin/clang++ -o Output/ms_struct_pack_layout-1.simple Output/ms_struct_pack_layout-1.llvm.o -lstdc++   -m64 -fomit-frame-pointer
/home/ed/mcsema-testing/llvm-test-suite/RunSafely.sh -t "/home/ed/mcsema-testing/SANDBOX/test-2015-12-21_15-36-50/tools/timeit-target" 500 /dev/null Output/ms_struct_pack_layout-1.out-simple Output/ms_struct_pack_layout-1.simple 
cp Output/ms_struct_pack_layout-1.simple Output/ms_struct_pack_layout-1.simple-hash; \
	strip --remove-section=.comment --remove-section='.note*' Output/ms_struct_pack_layout-1.simple-hash; \
	/home/ed/mcsema-testing/llvm-test-suite/HashProgramOutput.sh Output/ms_struct_pack_layout-1.simple-hash
if [ -f "/home/ed/mcsema-testing/llvm-test-suite/SingleSource/UnitTests/ms_struct_pack_layout-1.reference_output.little-endian." ]; then \
	  cp /home/ed/mcsema-testing/llvm-test-suite/SingleSource/UnitTests/ms_struct_pack_layout-1.reference_output.little-endian. Output/ms_struct_pack_layout-1.out-nat; \
	elif [ -f "/home/ed/mcsema-testing/llvm-test-suite/SingleSource/UnitTests/ms_struct_pack_layout-1.reference_output." ]; then \
	  cp /home/ed/mcsema-testing/llvm-test-suite/SingleSource/UnitTests/ms_struct_pack_layout-1.reference_output. Output/ms_struct_pack_layout-1.out-nat; \
	elif [ -f "/home/ed/mcsema-testing/llvm-test-suite/SingleSource/UnitTests/ms_struct_pack_layout-1.reference_output.little-endian" ]; then \
	  cp /home/ed/mcsema-testing/llvm-test-suite/SingleSource/UnitTests/ms_struct_pack_layout-1.reference_output.little-endian Output/ms_struct_pack_layout-1.out-nat; \
	elif [ -f "/home/ed/mcsema-testing/llvm-test-suite/SingleSource/UnitTests/ms_struct_pack_layout-1.reference_output" ]; then \
	  cp /home/ed/mcsema-testing/llvm-test-suite/SingleSource/UnitTests/ms_struct_pack_layout-1.reference_output Output/ms_struct_pack_layout-1.out-nat; \
	else \
	  printf "WARNING: %s: %s\n" "NO REFERENCE OUTPUT (using default)" "/home/ed/mcsema-testing/llvm-test-suite/SingleSource/UnitTests/ms_struct_pack_layout-1.reference_output" > Output/ms_struct_pack_layout-1.out-nat; \
	  cp /home/ed/mcsema-testing/llvm-test-suite/default.reference_output Output/ms_struct_pack_layout-1.out-nat; \
	  cat Output/ms_struct_pack_layout-1.out-nat; \
	fi
exit 0
# Pretend that the reference output was produced instantaneously.
cp /home/ed/mcsema-testing/llvm-test-suite/instant.txt Output/ms_struct_pack_layout-1.out-nat.time
/home/ed/mcsema-testing/llvm-test-suite/DiffOutput.sh "/home/ed/mcsema-testing/SANDBOX/test-2015-12-21_15-36-50/tools/fpcmp " simple ms_struct_pack_layout-1 
rm -f Output/ms_struct_pack_layout-1.exe-simple
cp Output/ms_struct_pack_layout-1.diff-simple Output/ms_struct_pack_layout-1.exe-simple
if test -f Output/ms_struct_pack_layout-1.extra-results.txt; then \
	  /home/ed/mcsema-testing/llvm-test-suite/ParseMultipleResults /home/ed/mcsema-testing/SANDBOX/test-2015-12-21_15-36-50/SingleSource/UnitTests/ms_struct_pack_layout-1 Output/ms_struct_pack_layout-1.extra-results.txt >> Output/ms_struct_pack_layout-1.simple.exec.report.txt; \
	fi
cat Output/ms_struct_pack_layout-1.simple.compile.report.txt Output/ms_struct_pack_layout-1.simple.exec.report.txt >> Output/ms_struct_pack_layout-1.simple.report.txt
---------------------------------------------------------------
>>> ========= '/home/ed/mcsema-testing/SANDBOX/test-2015-12-21_15-36-50/SingleSource/UnitTests/ms_struct_pack_layout-1' Program
---------------------------------------------------------------

TEST-PASS: compile /home/ed/mcsema-testing/SANDBOX/test-2015-12-21_15-36-50/SingleSource/UnitTests/ms_struct_pack_layout-1
TEST-RESULT-compile-success: pass
TEST-RESULT-compile-hash: 7f7cd53e307b71517ab835b279337d8e
TEST-RESULT-compile-time: user       0.0161
TEST-RESULT-compile-real-time: real       0.0289

TEST-PASS: exec /home/ed/mcsema-testing/SANDBOX/test-2015-12-21_15-36-50/SingleSource/UnitTests/ms_struct_pack_layout-1
TEST-RESULT-exec-success: pass
TEST-RESULT-exec-time: user       0.0009
TEST-RESULT-exec-real-time: real       0.0019
/home/ed/mcsema-testing/llvm-test-suite/RunSafely.sh --show-errors -t "/home/ed/mcsema-testing/SANDBOX/test-2015-12-21_15-36-50/tools/timeit" 500 /dev/null Output/ms_struct_pack_layout.llvm.o.compile \
	  /usr/bin/clang -I/home/ed/mcsema-testing/SANDBOX/test-2015-12-21_15-36-50/SingleSource/UnitTests -I/home/ed/mcsema-testing/llvm-test-suite/SingleSource/UnitTests -I/home/ed/mcsema-testing/llvm-test-suite/include -I../../include -D_GNU_SOURCE -D__STDC_LIMIT_MACROS -DNDEBUG  -O3  -m64 -fomit-frame-pointer -c /home/ed/mcsema-testing/llvm-test-suite/SingleSource/UnitTests/ms_struct_pack_layout.c -o Output/ms_struct_pack_layout.llvm.o
cp Output/ms_struct_pack_layout.llvm.o.compile.time Output/ms_struct_pack_layout.simple.compile.time
/usr/bin/clang++ -o Output/ms_struct_pack_layout.simple Output/ms_struct_pack_layout.llvm.o -lstdc++   -m64 -fomit-frame-pointer
/home/ed/mcsema-testing/llvm-test-suite/RunSafely.sh -t "/home/ed/mcsema-testing/SANDBOX/test-2015-12-21_15-36-50/tools/timeit-target" 500 /dev/null Output/ms_struct_pack_layout.out-simple Output/ms_struct_pack_layout.simple 
cp Output/ms_struct_pack_layout.simple Output/ms_struct_pack_layout.simple-hash; \
	strip --remove-section=.comment --remove-section='.note*' Output/ms_struct_pack_layout.simple-hash; \
	/home/ed/mcsema-testing/llvm-test-suite/HashProgramOutput.sh Output/ms_struct_pack_layout.simple-hash
if [ -f "/home/ed/mcsema-testing/llvm-test-suite/SingleSource/UnitTests/ms_struct_pack_layout.reference_output.little-endian." ]; then \
	  cp /home/ed/mcsema-testing/llvm-test-suite/SingleSource/UnitTests/ms_struct_pack_layout.reference_output.little-endian. Output/ms_struct_pack_layout.out-nat; \
	elif [ -f "/home/ed/mcsema-testing/llvm-test-suite/SingleSource/UnitTests/ms_struct_pack_layout.reference_output." ]; then \
	  cp /home/ed/mcsema-testing/llvm-test-suite/SingleSource/UnitTests/ms_struct_pack_layout.reference_output. Output/ms_struct_pack_layout.out-nat; \
	elif [ -f "/home/ed/mcsema-testing/llvm-test-suite/SingleSource/UnitTests/ms_struct_pack_layout.reference_output.little-endian" ]; then \
	  cp /home/ed/mcsema-testing/llvm-test-suite/SingleSource/UnitTests/ms_struct_pack_layout.reference_output.little-endian Output/ms_struct_pack_layout.out-nat; \
	elif [ -f "/home/ed/mcsema-testing/llvm-test-suite/SingleSource/UnitTests/ms_struct_pack_layout.reference_output" ]; then \
	  cp /home/ed/mcsema-testing/llvm-test-suite/SingleSource/UnitTests/ms_struct_pack_layout.reference_output Output/ms_struct_pack_layout.out-nat; \
	else \
	  printf "WARNING: %s: %s\n" "NO REFERENCE OUTPUT (using default)" "/home/ed/mcsema-testing/llvm-test-suite/SingleSource/UnitTests/ms_struct_pack_layout.reference_output" > Output/ms_struct_pack_layout.out-nat; \
	  cp /home/ed/mcsema-testing/llvm-test-suite/default.reference_output Output/ms_struct_pack_layout.out-nat; \
	  cat Output/ms_struct_pack_layout.out-nat; \
	fi
exit 0
# Pretend that the reference output was produced instantaneously.
cp /home/ed/mcsema-testing/llvm-test-suite/instant.txt Output/ms_struct_pack_layout.out-nat.time
/home/ed/mcsema-testing/llvm-test-suite/DiffOutput.sh "/home/ed/mcsema-testing/SANDBOX/test-2015-12-21_15-36-50/tools/fpcmp " simple ms_struct_pack_layout 
rm -f Output/ms_struct_pack_layout.exe-simple
cp Output/ms_struct_pack_layout.diff-simple Output/ms_struct_pack_layout.exe-simple
if test -f Output/ms_struct_pack_layout.extra-results.txt; then \
	  /home/ed/mcsema-testing/llvm-test-suite/ParseMultipleResults /home/ed/mcsema-testing/SANDBOX/test-2015-12-21_15-36-50/SingleSource/UnitTests/ms_struct_pack_layout Output/ms_struct_pack_layout.extra-results.txt >> Output/ms_struct_pack_layout.simple.exec.report.txt; \
	fi
cat Output/ms_struct_pack_layout.simple.compile.report.txt Output/ms_struct_pack_layout.simple.exec.report.txt >> Output/ms_struct_pack_layout.simple.report.txt
---------------------------------------------------------------
>>> ========= '/home/ed/mcsema-testing/SANDBOX/test-2015-12-21_15-36-50/SingleSource/UnitTests/ms_struct_pack_layout' Program
---------------------------------------------------------------

TEST-PASS: compile /home/ed/mcsema-testing/SANDBOX/test-2015-12-21_15-36-50/SingleSource/UnitTests/ms_struct_pack_layout
TEST-RESULT-compile-success: pass
TEST-RESULT-compile-hash: 7f7cd53e307b71517ab835b279337d8e
TEST-RESULT-compile-time: user       0.0243
TEST-RESULT-compile-real-time: real       0.0390

TEST-PASS: exec /home/ed/mcsema-testing/SANDBOX/test-2015-12-21_15-36-50/SingleSource/UnitTests/ms_struct_pack_layout
TEST-RESULT-exec-success: pass
TEST-RESULT-exec-time: user       0.0008
TEST-RESULT-exec-real-time: real       0.0017
/home/ed/mcsema-testing/llvm-test-suite/RunSafely.sh --show-errors -t "/home/ed/mcsema-testing/SANDBOX/test-2015-12-21_15-36-50/tools/timeit" 500 /dev/null Output/printargs.llvm.o.compile \
	  /usr/bin/clang -I/home/ed/mcsema-testing/SANDBOX/test-2015-12-21_15-36-50/SingleSource/UnitTests -I/home/ed/mcsema-testing/llvm-test-suite/SingleSource/UnitTests -I/home/ed/mcsema-testing/llvm-test-suite/include -I../../include -D_GNU_SOURCE -D__STDC_LIMIT_MACROS -DNDEBUG  -O3  -m64 -fomit-frame-pointer -c /home/ed/mcsema-testing/llvm-test-suite/SingleSource/UnitTests/printargs.c -o Output/printargs.llvm.o
cp Output/printargs.llvm.o.compile.time Output/printargs.simple.compile.time
/usr/bin/clang++ -o Output/printargs.simple Output/printargs.llvm.o -lstdc++   -m64 -fomit-frame-pointer
/home/ed/mcsema-testing/llvm-test-suite/RunSafely.sh -t "/home/ed/mcsema-testing/SANDBOX/test-2015-12-21_15-36-50/tools/timeit-target" 500 /dev/null Output/printargs.out-simple Output/printargs.simple 
cp Output/printargs.simple Output/printargs.simple-hash; \
	strip --remove-section=.comment --remove-section='.note*' Output/printargs.simple-hash; \
	/home/ed/mcsema-testing/llvm-test-suite/HashProgramOutput.sh Output/printargs.simple-hash
if [ -f "/home/ed/mcsema-testing/llvm-test-suite/SingleSource/UnitTests/printargs.reference_output.little-endian." ]; then \
	  cp /home/ed/mcsema-testing/llvm-test-suite/SingleSource/UnitTests/printargs.reference_output.little-endian. Output/printargs.out-nat; \
	elif [ -f "/home/ed/mcsema-testing/llvm-test-suite/SingleSource/UnitTests/printargs.reference_output." ]; then \
	  cp /home/ed/mcsema-testing/llvm-test-suite/SingleSource/UnitTests/printargs.reference_output. Output/printargs.out-nat; \
	elif [ -f "/home/ed/mcsema-testing/llvm-test-suite/SingleSource/UnitTests/printargs.reference_output.little-endian" ]; then \
	  cp /home/ed/mcsema-testing/llvm-test-suite/SingleSource/UnitTests/printargs.reference_output.little-endian Output/printargs.out-nat; \
	elif [ -f "/home/ed/mcsema-testing/llvm-test-suite/SingleSource/UnitTests/printargs.reference_output" ]; then \
	  cp /home/ed/mcsema-testing/llvm-test-suite/SingleSource/UnitTests/printargs.reference_output Output/printargs.out-nat; \
	else \
	  printf "WARNING: %s: %s\n" "NO REFERENCE OUTPUT (using default)" "/home/ed/mcsema-testing/llvm-test-suite/SingleSource/UnitTests/printargs.reference_output" > Output/printargs.out-nat; \
	  cp /home/ed/mcsema-testing/llvm-test-suite/default.reference_output Output/printargs.out-nat; \
	  cat Output/printargs.out-nat; \
	fi
# Pretend that the reference output was produced instantaneously.
cp /home/ed/mcsema-testing/llvm-test-suite/instant.txt Output/printargs.out-nat.time
/home/ed/mcsema-testing/llvm-test-suite/DiffOutput.sh "/home/ed/mcsema-testing/SANDBOX/test-2015-12-21_15-36-50/tools/fpcmp " simple printargs 
rm -f Output/printargs.exe-simple
cp Output/printargs.diff-simple Output/printargs.exe-simple
if test -f Output/printargs.extra-results.txt; then \
	  /home/ed/mcsema-testing/llvm-test-suite/ParseMultipleResults /home/ed/mcsema-testing/SANDBOX/test-2015-12-21_15-36-50/SingleSource/UnitTests/printargs Output/printargs.extra-results.txt >> Output/printargs.simple.exec.report.txt; \
	fi
cat Output/printargs.simple.compile.report.txt Output/printargs.simple.exec.report.txt >> Output/printargs.simple.report.txt
---------------------------------------------------------------
>>> ========= '/home/ed/mcsema-testing/SANDBOX/test-2015-12-21_15-36-50/SingleSource/UnitTests/printargs' Program
---------------------------------------------------------------

TEST-PASS: compile /home/ed/mcsema-testing/SANDBOX/test-2015-12-21_15-36-50/SingleSource/UnitTests/printargs
TEST-RESULT-compile-success: pass
TEST-RESULT-compile-hash: aebc9aebc50c5f3a7e5f32703a092322
TEST-RESULT-compile-time: user       0.0229
TEST-RESULT-compile-real-time: real       0.0368

TEST-PASS: exec /home/ed/mcsema-testing/SANDBOX/test-2015-12-21_15-36-50/SingleSource/UnitTests/printargs
TEST-RESULT-exec-success: pass
TEST-RESULT-exec-time: user       0.0009
TEST-RESULT-exec-real-time: real       0.0017
/home/ed/mcsema-testing/llvm-test-suite/RunSafely.sh --show-errors -t "/home/ed/mcsema-testing/SANDBOX/test-2015-12-21_15-36-50/tools/timeit" 500 /dev/null Output/StructModifyTest.llvm.o.compile \
	  /usr/bin/clang -I/home/ed/mcsema-testing/SANDBOX/test-2015-12-21_15-36-50/SingleSource/UnitTests -I/home/ed/mcsema-testing/llvm-test-suite/SingleSource/UnitTests -I/home/ed/mcsema-testing/llvm-test-suite/include -I../../include -D_GNU_SOURCE -D__STDC_LIMIT_MACROS -DNDEBUG  -O3  -m64 -fomit-frame-pointer -c /home/ed/mcsema-testing/llvm-test-suite/SingleSource/UnitTests/StructModifyTest.c -o Output/StructModifyTest.llvm.o
cp Output/StructModifyTest.llvm.o.compile.time Output/StructModifyTest.simple.compile.time
/usr/bin/clang++ -o Output/StructModifyTest.simple Output/StructModifyTest.llvm.o -lstdc++   -m64 -fomit-frame-pointer
/home/ed/mcsema-testing/llvm-test-suite/RunSafely.sh -t "/home/ed/mcsema-testing/SANDBOX/test-2015-12-21_15-36-50/tools/timeit-target" 500 /dev/null Output/StructModifyTest.out-simple Output/StructModifyTest.simple 
cp Output/StructModifyTest.simple Output/StructModifyTest.simple-hash; \
	strip --remove-section=.comment --remove-section='.note*' Output/StructModifyTest.simple-hash; \
	/home/ed/mcsema-testing/llvm-test-suite/HashProgramOutput.sh Output/StructModifyTest.simple-hash
if [ -f "/home/ed/mcsema-testing/llvm-test-suite/SingleSource/UnitTests/StructModifyTest.reference_output.little-endian." ]; then \
	  cp /home/ed/mcsema-testing/llvm-test-suite/SingleSource/UnitTests/StructModifyTest.reference_output.little-endian. Output/StructModifyTest.out-nat; \
	elif [ -f "/home/ed/mcsema-testing/llvm-test-suite/SingleSource/UnitTests/StructModifyTest.reference_output." ]; then \
	  cp /home/ed/mcsema-testing/llvm-test-suite/SingleSource/UnitTests/StructModifyTest.reference_output. Output/StructModifyTest.out-nat; \
	elif [ -f "/home/ed/mcsema-testing/llvm-test-suite/SingleSource/UnitTests/StructModifyTest.reference_output.little-endian" ]; then \
	  cp /home/ed/mcsema-testing/llvm-test-suite/SingleSource/UnitTests/StructModifyTest.reference_output.little-endian Output/StructModifyTest.out-nat; \
	elif [ -f "/home/ed/mcsema-testing/llvm-test-suite/SingleSource/UnitTests/StructModifyTest.reference_output" ]; then \
	  cp /home/ed/mcsema-testing/llvm-test-suite/SingleSource/UnitTests/StructModifyTest.reference_output Output/StructModifyTest.out-nat; \
	else \
	  printf "WARNING: %s: %s\n" "NO REFERENCE OUTPUT (using default)" "/home/ed/mcsema-testing/llvm-test-suite/SingleSource/UnitTests/StructModifyTest.reference_output" > Output/StructModifyTest.out-nat; \
	  cp /home/ed/mcsema-testing/llvm-test-suite/default.reference_output Output/StructModifyTest.out-nat; \
	  cat Output/StructModifyTest.out-nat; \
	fi
# Pretend that the reference output was produced instantaneously.
cp /home/ed/mcsema-testing/llvm-test-suite/instant.txt Output/StructModifyTest.out-nat.time
/home/ed/mcsema-testing/llvm-test-suite/DiffOutput.sh "/home/ed/mcsema-testing/SANDBOX/test-2015-12-21_15-36-50/tools/fpcmp " simple StructModifyTest 
rm -f Output/StructModifyTest.exe-simple
cp Output/StructModifyTest.diff-simple Output/StructModifyTest.exe-simple
if test -f Output/StructModifyTest.extra-results.txt; then \
	  /home/ed/mcsema-testing/llvm-test-suite/ParseMultipleResults /home/ed/mcsema-testing/SANDBOX/test-2015-12-21_15-36-50/SingleSource/UnitTests/StructModifyTest Output/StructModifyTest.extra-results.txt >> Output/StructModifyTest.simple.exec.report.txt; \
	fi
cat Output/StructModifyTest.simple.compile.report.txt Output/StructModifyTest.simple.exec.report.txt >> Output/StructModifyTest.simple.report.txt
---------------------------------------------------------------
>>> ========= '/home/ed/mcsema-testing/SANDBOX/test-2015-12-21_15-36-50/SingleSource/UnitTests/StructModifyTest' Program
---------------------------------------------------------------

TEST-PASS: compile /home/ed/mcsema-testing/SANDBOX/test-2015-12-21_15-36-50/SingleSource/UnitTests/StructModifyTest
TEST-RESULT-compile-success: pass
TEST-RESULT-compile-hash: 92f7de09666578defb20ab136ce0dc25
TEST-RESULT-compile-time: user       0.0175
TEST-RESULT-compile-real-time: real       0.0298

TEST-PASS: exec /home/ed/mcsema-testing/SANDBOX/test-2015-12-21_15-36-50/SingleSource/UnitTests/StructModifyTest
TEST-RESULT-exec-success: pass
TEST-RESULT-exec-time: user       0.0009
TEST-RESULT-exec-real-time: real       0.0017
/home/ed/mcsema-testing/llvm-test-suite/RunSafely.sh --show-errors -t "/home/ed/mcsema-testing/SANDBOX/test-2015-12-21_15-36-50/tools/timeit" 500 /dev/null Output/TestLoop.llvm.o.compile \
	  /usr/bin/clang -I/home/ed/mcsema-testing/SANDBOX/test-2015-12-21_15-36-50/SingleSource/UnitTests -I/home/ed/mcsema-testing/llvm-test-suite/SingleSource/UnitTests -I/home/ed/mcsema-testing/llvm-test-suite/include -I../../include -D_GNU_SOURCE -D__STDC_LIMIT_MACROS -DNDEBUG  -O3  -m64 -fomit-frame-pointer -c /home/ed/mcsema-testing/llvm-test-suite/SingleSource/UnitTests/TestLoop.c -o Output/TestLoop.llvm.o
cp Output/TestLoop.llvm.o.compile.time Output/TestLoop.simple.compile.time
/usr/bin/clang++ -o Output/TestLoop.simple Output/TestLoop.llvm.o -lstdc++   -m64 -fomit-frame-pointer
/home/ed/mcsema-testing/llvm-test-suite/RunSafely.sh -t "/home/ed/mcsema-testing/SANDBOX/test-2015-12-21_15-36-50/tools/timeit-target" 500 /dev/null Output/TestLoop.out-simple Output/TestLoop.simple 
cp Output/TestLoop.simple Output/TestLoop.simple-hash; \
	strip --remove-section=.comment --remove-section='.note*' Output/TestLoop.simple-hash; \
	/home/ed/mcsema-testing/llvm-test-suite/HashProgramOutput.sh Output/TestLoop.simple-hash
if [ -f "/home/ed/mcsema-testing/llvm-test-suite/SingleSource/UnitTests/TestLoop.reference_output.little-endian." ]; then \
	  cp /home/ed/mcsema-testing/llvm-test-suite/SingleSource/UnitTests/TestLoop.reference_output.little-endian. Output/TestLoop.out-nat; \
	elif [ -f "/home/ed/mcsema-testing/llvm-test-suite/SingleSource/UnitTests/TestLoop.reference_output." ]; then \
	  cp /home/ed/mcsema-testing/llvm-test-suite/SingleSource/UnitTests/TestLoop.reference_output. Output/TestLoop.out-nat; \
	elif [ -f "/home/ed/mcsema-testing/llvm-test-suite/SingleSource/UnitTests/TestLoop.reference_output.little-endian" ]; then \
	  cp /home/ed/mcsema-testing/llvm-test-suite/SingleSource/UnitTests/TestLoop.reference_output.little-endian Output/TestLoop.out-nat; \
	elif [ -f "/home/ed/mcsema-testing/llvm-test-suite/SingleSource/UnitTests/TestLoop.reference_output" ]; then \
	  cp /home/ed/mcsema-testing/llvm-test-suite/SingleSource/UnitTests/TestLoop.reference_output Output/TestLoop.out-nat; \
	else \
	  printf "WARNING: %s: %s\n" "NO REFERENCE OUTPUT (using default)" "/home/ed/mcsema-testing/llvm-test-suite/SingleSource/UnitTests/TestLoop.reference_output" > Output/TestLoop.out-nat; \
	  cp /home/ed/mcsema-testing/llvm-test-suite/default.reference_output Output/TestLoop.out-nat; \
	  cat Output/TestLoop.out-nat; \
	fi
# Pretend that the reference output was produced instantaneously.
cp /home/ed/mcsema-testing/llvm-test-suite/instant.txt Output/TestLoop.out-nat.time
/home/ed/mcsema-testing/llvm-test-suite/DiffOutput.sh "/home/ed/mcsema-testing/SANDBOX/test-2015-12-21_15-36-50/tools/fpcmp " simple TestLoop 
rm -f Output/TestLoop.exe-simple
cp Output/TestLoop.diff-simple Output/TestLoop.exe-simple
if test -f Output/TestLoop.extra-results.txt; then \
	  /home/ed/mcsema-testing/llvm-test-suite/ParseMultipleResults /home/ed/mcsema-testing/SANDBOX/test-2015-12-21_15-36-50/SingleSource/UnitTests/TestLoop Output/TestLoop.extra-results.txt >> Output/TestLoop.simple.exec.report.txt; \
	fi
cat Output/TestLoop.simple.compile.report.txt Output/TestLoop.simple.exec.report.txt >> Output/TestLoop.simple.report.txt
---------------------------------------------------------------
>>> ========= '/home/ed/mcsema-testing/SANDBOX/test-2015-12-21_15-36-50/SingleSource/UnitTests/TestLoop' Program
---------------------------------------------------------------

TEST-PASS: compile /home/ed/mcsema-testing/SANDBOX/test-2015-12-21_15-36-50/SingleSource/UnitTests/TestLoop
TEST-RESULT-compile-success: pass
TEST-RESULT-compile-hash: f1605611b3a4c3ebbdc6da8f930fcfcb
TEST-RESULT-compile-time: user       0.0229
TEST-RESULT-compile-real-time: real       0.0372

TEST-PASS: exec /home/ed/mcsema-testing/SANDBOX/test-2015-12-21_15-36-50/SingleSource/UnitTests/TestLoop
TEST-RESULT-exec-success: pass
TEST-RESULT-exec-time: user       0.0008
TEST-RESULT-exec-real-time: real       0.0017
/home/ed/mcsema-testing/llvm-test-suite/RunSafely.sh --show-errors -t "/home/ed/mcsema-testing/SANDBOX/test-2015-12-21_15-36-50/tools/timeit" 500 /dev/null Output/vla.llvm.o.compile \
	  /usr/bin/clang -I/home/ed/mcsema-testing/SANDBOX/test-2015-12-21_15-36-50/SingleSource/UnitTests -I/home/ed/mcsema-testing/llvm-test-suite/SingleSource/UnitTests -I/home/ed/mcsema-testing/llvm-test-suite/include -I../../include -D_GNU_SOURCE -D__STDC_LIMIT_MACROS -DNDEBUG  -O3  -m64 -fomit-frame-pointer -c /home/ed/mcsema-testing/llvm-test-suite/SingleSource/UnitTests/vla.c -o Output/vla.llvm.o
cp Output/vla.llvm.o.compile.time Output/vla.simple.compile.time
/usr/bin/clang++ -o Output/vla.simple Output/vla.llvm.o -lstdc++   -m64 -fomit-frame-pointer
/home/ed/mcsema-testing/llvm-test-suite/RunSafely.sh -t "/home/ed/mcsema-testing/SANDBOX/test-2015-12-21_15-36-50/tools/timeit-target" 500 /dev/null Output/vla.out-simple Output/vla.simple 
cp Output/vla.simple Output/vla.simple-hash; \
	strip --remove-section=.comment --remove-section='.note*' Output/vla.simple-hash; \
	/home/ed/mcsema-testing/llvm-test-suite/HashProgramOutput.sh Output/vla.simple-hash
if [ -f "/home/ed/mcsema-testing/llvm-test-suite/SingleSource/UnitTests/vla.reference_output.little-endian." ]; then \
	  cp /home/ed/mcsema-testing/llvm-test-suite/SingleSource/UnitTests/vla.reference_output.little-endian. Output/vla.out-nat; \
	elif [ -f "/home/ed/mcsema-testing/llvm-test-suite/SingleSource/UnitTests/vla.reference_output." ]; then \
	  cp /home/ed/mcsema-testing/llvm-test-suite/SingleSource/UnitTests/vla.reference_output. Output/vla.out-nat; \
	elif [ -f "/home/ed/mcsema-testing/llvm-test-suite/SingleSource/UnitTests/vla.reference_output.little-endian" ]; then \
	  cp /home/ed/mcsema-testing/llvm-test-suite/SingleSource/UnitTests/vla.reference_output.little-endian Output/vla.out-nat; \
	elif [ -f "/home/ed/mcsema-testing/llvm-test-suite/SingleSource/UnitTests/vla.reference_output" ]; then \
	  cp /home/ed/mcsema-testing/llvm-test-suite/SingleSource/UnitTests/vla.reference_output Output/vla.out-nat; \
	else \
	  printf "WARNING: %s: %s\n" "NO REFERENCE OUTPUT (using default)" "/home/ed/mcsema-testing/llvm-test-suite/SingleSource/UnitTests/vla.reference_output" > Output/vla.out-nat; \
	  cp /home/ed/mcsema-testing/llvm-test-suite/default.reference_output Output/vla.out-nat; \
	  cat Output/vla.out-nat; \
	fi
# Pretend that the reference output was produced instantaneously.
cp /home/ed/mcsema-testing/llvm-test-suite/instant.txt Output/vla.out-nat.time
/home/ed/mcsema-testing/llvm-test-suite/DiffOutput.sh "/home/ed/mcsema-testing/SANDBOX/test-2015-12-21_15-36-50/tools/fpcmp " simple vla 
rm -f Output/vla.exe-simple
cp Output/vla.diff-simple Output/vla.exe-simple
if test -f Output/vla.extra-results.txt; then \
	  /home/ed/mcsema-testing/llvm-test-suite/ParseMultipleResults /home/ed/mcsema-testing/SANDBOX/test-2015-12-21_15-36-50/SingleSource/UnitTests/vla Output/vla.extra-results.txt >> Output/vla.simple.exec.report.txt; \
	fi
cat Output/vla.simple.compile.report.txt Output/vla.simple.exec.report.txt >> Output/vla.simple.report.txt
---------------------------------------------------------------
>>> ========= '/home/ed/mcsema-testing/SANDBOX/test-2015-12-21_15-36-50/SingleSource/UnitTests/vla' Program
---------------------------------------------------------------

TEST-PASS: compile /home/ed/mcsema-testing/SANDBOX/test-2015-12-21_15-36-50/SingleSource/UnitTests/vla
TEST-RESULT-compile-success: pass
TEST-RESULT-compile-hash: f84d7a876ae243b0ee0b5df07b74ddf2
TEST-RESULT-compile-time: user       0.0358
TEST-RESULT-compile-real-time: real       0.0505

TEST-PASS: exec /home/ed/mcsema-testing/SANDBOX/test-2015-12-21_15-36-50/SingleSource/UnitTests/vla
TEST-RESULT-exec-success: pass
TEST-RESULT-exec-time: user       0.0009
TEST-RESULT-exec-real-time: real       0.0017
make[3]: Leaving directory `/home/ed/mcsema-testing/SANDBOX/test-2015-12-21_15-36-50/SingleSource/UnitTests'
make[2]: Leaving directory `/home/ed/mcsema-testing/SANDBOX/test-2015-12-21_15-36-50/SingleSource'
make[2]: Entering directory `/home/ed/mcsema-testing/SANDBOX/test-2015-12-21_15-36-50/MultiSource'
make[3]: Entering directory `/home/ed/mcsema-testing/SANDBOX/test-2015-12-21_15-36-50/MultiSource/Applications'
make[4]: Entering directory `/home/ed/mcsema-testing/SANDBOX/test-2015-12-21_15-36-50/MultiSource/Applications/Burg'
yacc -d /home/ed/mcsema-testing/llvm-test-suite/MultiSource/Applications/Burg/gram.y
/home/ed/mcsema-testing/llvm-test-suite/MultiSource/Applications/Burg/gram.y:30.19-20: warning: symbol ID redeclared [-Wother]
 %token <y_string> ID
                   ^^
/home/ed/mcsema-testing/llvm-test-suite/MultiSource/Applications/Burg/gram.y:31.16-18: warning: symbol INT redeclared [-Wother]
 %token <y_int> INT
                ^^^
/home/ed/mcsema-testing/llvm-test-suite/RunSafely.sh --show-errors -t "/home/ed/mcsema-testing/SANDBOX/test-2015-12-21_15-36-50/tools/timeit" 500 /dev/null Output/be.llvm.o.compile \
	  /usr/bin/clang -DDEBUG -I/home/ed/mcsema-testing/SANDBOX/test-2015-12-21_15-36-50/MultiSource/Applications/Burg -I/home/ed/mcsema-testing/llvm-test-suite/MultiSource/Applications/Burg -I/home/ed/mcsema-testing/llvm-test-suite/include -I../../../include -D_GNU_SOURCE -D__STDC_LIMIT_MACROS -DNDEBUG -std=gnu89 -O3  -m64 -fomit-frame-pointer -c /home/ed/mcsema-testing/llvm-test-suite/MultiSource/Applications/Burg/be.c -o Output/be.llvm.o
/home/ed/mcsema-testing/llvm-test-suite/RunSafely.sh --show-errors -t "/home/ed/mcsema-testing/SANDBOX/test-2015-12-21_15-36-50/tools/timeit" 500 /dev/null Output/burs.llvm.o.compile \
	  /usr/bin/clang -DDEBUG -I/home/ed/mcsema-testing/SANDBOX/test-2015-12-21_15-36-50/MultiSource/Applications/Burg -I/home/ed/mcsema-testing/llvm-test-suite/MultiSource/Applications/Burg -I/home/ed/mcsema-testing/llvm-test-suite/include -I../../../include -D_GNU_SOURCE -D__STDC_LIMIT_MACROS -DNDEBUG -std=gnu89 -O3  -m64 -fomit-frame-pointer -c /home/ed/mcsema-testing/llvm-test-suite/MultiSource/Applications/Burg/burs.c -o Output/burs.llvm.o
/home/ed/mcsema-testing/llvm-test-suite/RunSafely.sh --show-errors -t "/home/ed/mcsema-testing/SANDBOX/test-2015-12-21_15-36-50/tools/timeit" 500 /dev/null Output/closure.llvm.o.compile \
	  /usr/bin/clang -DDEBUG -I/home/ed/mcsema-testing/SANDBOX/test-2015-12-21_15-36-50/MultiSource/Applications/Burg -I/home/ed/mcsema-testing/llvm-test-suite/MultiSource/Applications/Burg -I/home/ed/mcsema-testing/llvm-test-suite/include -I../../../include -D_GNU_SOURCE -D__STDC_LIMIT_MACROS -DNDEBUG -std=gnu89 -O3  -m64 -fomit-frame-pointer -c /home/ed/mcsema-testing/llvm-test-suite/MultiSource/Applications/Burg/closure.c -o Output/closure.llvm.o
/home/ed/mcsema-testing/llvm-test-suite/RunSafely.sh --show-errors -t "/home/ed/mcsema-testing/SANDBOX/test-2015-12-21_15-36-50/tools/timeit" 500 /dev/null Output/delta.llvm.o.compile \
	  /usr/bin/clang -DDEBUG -I/home/ed/mcsema-testing/SANDBOX/test-2015-12-21_15-36-50/MultiSource/Applications/Burg -I/home/ed/mcsema-testing/llvm-test-suite/MultiSource/Applications/Burg -I/home/ed/mcsema-testing/llvm-test-suite/include -I../../../include -D_GNU_SOURCE -D__STDC_LIMIT_MACROS -DNDEBUG -std=gnu89 -O3  -m64 -fomit-frame-pointer -c /home/ed/mcsema-testing/llvm-test-suite/MultiSource/Applications/Burg/delta.c -o Output/delta.llvm.o
/home/ed/mcsema-testing/llvm-test-suite/RunSafely.sh --show-errors -t "/home/ed/mcsema-testing/SANDBOX/test-2015-12-21_15-36-50/tools/timeit" 500 /dev/null Output/fe.llvm.o.compile \
	  /usr/bin/clang -DDEBUG -I/home/ed/mcsema-testing/SANDBOX/test-2015-12-21_15-36-50/MultiSource/Applications/Burg -I/home/ed/mcsema-testing/llvm-test-suite/MultiSource/Applications/Burg -I/home/ed/mcsema-testing/llvm-test-suite/include -I../../../include -D_GNU_SOURCE -D__STDC_LIMIT_MACROS -DNDEBUG -std=gnu89 -O3  -m64 -fomit-frame-pointer -c /home/ed/mcsema-testing/llvm-test-suite/MultiSource/Applications/Burg/fe.c -o Output/fe.llvm.o
/home/ed/mcsema-testing/llvm-test-suite/RunSafely.sh --show-errors -t "/home/ed/mcsema-testing/SANDBOX/test-2015-12-21_15-36-50/tools/timeit" 500 /dev/null Output/item.llvm.o.compile \
	  /usr/bin/clang -DDEBUG -I/home/ed/mcsema-testing/SANDBOX/test-2015-12-21_15-36-50/MultiSource/Applications/Burg -I/home/ed/mcsema-testing/llvm-test-suite/MultiSource/Applications/Burg -I/home/ed/mcsema-testing/llvm-test-suite/include -I../../../include -D_GNU_SOURCE -D__STDC_LIMIT_MACROS -DNDEBUG -std=gnu89 -O3  -m64 -fomit-frame-pointer -c /home/ed/mcsema-testing/llvm-test-suite/MultiSource/Applications/Burg/item.c -o Output/item.llvm.o
/home/ed/mcsema-testing/llvm-test-suite/RunSafely.sh --show-errors -t "/home/ed/mcsema-testing/SANDBOX/test-2015-12-21_15-36-50/tools/timeit" 500 /dev/null Output/lex.llvm.o.compile \
	  /usr/bin/clang -DDEBUG -I/home/ed/mcsema-testing/SANDBOX/test-2015-12-21_15-36-50/MultiSource/Applications/Burg -I/home/ed/mcsema-testing/llvm-test-suite/MultiSource/Applications/Burg -I/home/ed/mcsema-testing/llvm-test-suite/include -I../../../include -D_GNU_SOURCE -D__STDC_LIMIT_MACROS -DNDEBUG -std=gnu89 -O3  -m64 -fomit-frame-pointer -c /home/ed/mcsema-testing/llvm-test-suite/MultiSource/Applications/Burg/lex.c -o Output/lex.llvm.o
/home/ed/mcsema-testing/llvm-test-suite/RunSafely.sh --show-errors -t "/home/ed/mcsema-testing/SANDBOX/test-2015-12-21_15-36-50/tools/timeit" 500 /dev/null Output/list.llvm.o.compile \
	  /usr/bin/clang -DDEBUG -I/home/ed/mcsema-testing/SANDBOX/test-2015-12-21_15-36-50/MultiSource/Applications/Burg -I/home/ed/mcsema-testing/llvm-test-suite/MultiSource/Applications/Burg -I/home/ed/mcsema-testing/llvm-test-suite/include -I../../../include -D_GNU_SOURCE -D__STDC_LIMIT_MACROS -DNDEBUG -std=gnu89 -O3  -m64 -fomit-frame-pointer -c /home/ed/mcsema-testing/llvm-test-suite/MultiSource/Applications/Burg/list.c -o Output/list.llvm.o
/home/ed/mcsema-testing/llvm-test-suite/RunSafely.sh --show-errors -t "/home/ed/mcsema-testing/SANDBOX/test-2015-12-21_15-36-50/tools/timeit" 500 /dev/null Output/main.llvm.o.compile \
	  /usr/bin/clang -DDEBUG -I/home/ed/mcsema-testing/SANDBOX/test-2015-12-21_15-36-50/MultiSource/Applications/Burg -I/home/ed/mcsema-testing/llvm-test-suite/MultiSource/Applications/Burg -I/home/ed/mcsema-testing/llvm-test-suite/include -I../../../include -D_GNU_SOURCE -D__STDC_LIMIT_MACROS -DNDEBUG -std=gnu89 -O3  -m64 -fomit-frame-pointer -c /home/ed/mcsema-testing/llvm-test-suite/MultiSource/Applications/Burg/main.c -o Output/main.llvm.o
/home/ed/mcsema-testing/llvm-test-suite/RunSafely.sh --show-errors -t "/home/ed/mcsema-testing/SANDBOX/test-2015-12-21_15-36-50/tools/timeit" 500 /dev/null Output/map.llvm.o.compile \
	  /usr/bin/clang -DDEBUG -I/home/ed/mcsema-testing/SANDBOX/test-2015-12-21_15-36-50/MultiSource/Applications/Burg -I/home/ed/mcsema-testing/llvm-test-suite/MultiSource/Applications/Burg -I/home/ed/mcsema-testing/llvm-test-suite/include -I../../../include -D_GNU_SOURCE -D__STDC_LIMIT_MACROS -DNDEBUG -std=gnu89 -O3  -m64 -fomit-frame-pointer -c /home/ed/mcsema-testing/llvm-test-suite/MultiSource/Applications/Burg/map.c -o Output/map.llvm.o
/home/ed/mcsema-testing/llvm-test-suite/RunSafely.sh --show-errors -t "/home/ed/mcsema-testing/SANDBOX/test-2015-12-21_15-36-50/tools/timeit" 500 /dev/null Output/nonterminal.llvm.o.compile \
	  /usr/bin/clang -DDEBUG -I/home/ed/mcsema-testing/SANDBOX/test-2015-12-21_15-36-50/MultiSource/Applications/Burg -I/home/ed/mcsema-testing/llvm-test-suite/MultiSource/Applications/Burg -I/home/ed/mcsema-testing/llvm-test-suite/include -I../../../include -D_GNU_SOURCE -D__STDC_LIMIT_MACROS -DNDEBUG -std=gnu89 -O3  -m64 -fomit-frame-pointer -c /home/ed/mcsema-testing/llvm-test-suite/MultiSource/Applications/Burg/nonterminal.c -o Output/nonterminal.llvm.o
/home/ed/mcsema-testing/llvm-test-suite/RunSafely.sh --show-errors -t "/home/ed/mcsema-testing/SANDBOX/test-2015-12-21_15-36-50/tools/timeit" 500 /dev/null Output/operator.llvm.o.compile \
	  /usr/bin/clang -DDEBUG -I/home/ed/mcsema-testing/SANDBOX/test-2015-12-21_15-36-50/MultiSource/Applications/Burg -I/home/ed/mcsema-testing/llvm-test-suite/MultiSource/Applications/Burg -I/home/ed/mcsema-testing/llvm-test-suite/include -I../../../include -D_GNU_SOURCE -D__STDC_LIMIT_MACROS -DNDEBUG -std=gnu89 -O3  -m64 -fomit-frame-pointer -c /home/ed/mcsema-testing/llvm-test-suite/MultiSource/Applications/Burg/operator.c -o Output/operator.llvm.o
/home/ed/mcsema-testing/llvm-test-suite/RunSafely.sh --show-errors -t "/home/ed/mcsema-testing/SANDBOX/test-2015-12-21_15-36-50/tools/timeit" 500 /dev/null Output/pattern.llvm.o.compile \
	  /usr/bin/clang -DDEBUG -I/home/ed/mcsema-testing/SANDBOX/test-2015-12-21_15-36-50/MultiSource/Applications/Burg -I/home/ed/mcsema-testing/llvm-test-suite/MultiSource/Applications/Burg -I/home/ed/mcsema-testing/llvm-test-suite/include -I../../../include -D_GNU_SOURCE -D__STDC_LIMIT_MACROS -DNDEBUG -std=gnu89 -O3  -m64 -fomit-frame-pointer -c /home/ed/mcsema-testing/llvm-test-suite/MultiSource/Applications/Burg/pattern.c -o Output/pattern.llvm.o
/home/ed/mcsema-testing/llvm-test-suite/RunSafely.sh --show-errors -t "/home/ed/mcsema-testing/SANDBOX/test-2015-12-21_15-36-50/tools/timeit" 500 /dev/null Output/plank.llvm.o.compile \
	  /usr/bin/clang -DDEBUG -I/home/ed/mcsema-testing/SANDBOX/test-2015-12-21_15-36-50/MultiSource/Applications/Burg -I/home/ed/mcsema-testing/llvm-test-suite/MultiSource/Applications/Burg -I/home/ed/mcsema-testing/llvm-test-suite/include -I../../../include -D_GNU_SOURCE -D__STDC_LIMIT_MACROS -DNDEBUG -std=gnu89 -O3  -m64 -fomit-frame-pointer -c /home/ed/mcsema-testing/llvm-test-suite/MultiSource/Applications/Burg/plank.c -o Output/plank.llvm.o
/home/ed/mcsema-testing/llvm-test-suite/RunSafely.sh --show-errors -t "/home/ed/mcsema-testing/SANDBOX/test-2015-12-21_15-36-50/tools/timeit" 500 /dev/null Output/queue.llvm.o.compile \
	  /usr/bin/clang -DDEBUG -I/home/ed/mcsema-testing/SANDBOX/test-2015-12-21_15-36-50/MultiSource/Applications/Burg -I/home/ed/mcsema-testing/llvm-test-suite/MultiSource/Applications/Burg -I/home/ed/mcsema-testing/llvm-test-suite/include -I../../../include -D_GNU_SOURCE -D__STDC_LIMIT_MACROS -DNDEBUG -std=gnu89 -O3  -m64 -fomit-frame-pointer -c /home/ed/mcsema-testing/llvm-test-suite/MultiSource/Applications/Burg/queue.c -o Output/queue.llvm.o
/home/ed/mcsema-testing/llvm-test-suite/RunSafely.sh --show-errors -t "/home/ed/mcsema-testing/SANDBOX/test-2015-12-21_15-36-50/tools/timeit" 500 /dev/null Output/rule.llvm.o.compile \
	  /usr/bin/clang -DDEBUG -I/home/ed/mcsema-testing/SANDBOX/test-2015-12-21_15-36-50/MultiSource/Applications/Burg -I/home/ed/mcsema-testing/llvm-test-suite/MultiSource/Applications/Burg -I/home/ed/mcsema-testing/llvm-test-suite/include -I../../../include -D_GNU_SOURCE -D__STDC_LIMIT_MACROS -DNDEBUG -std=gnu89 -O3  -m64 -fomit-frame-pointer -c /home/ed/mcsema-testing/llvm-test-suite/MultiSource/Applications/Burg/rule.c -o Output/rule.llvm.o
/home/ed/mcsema-testing/llvm-test-suite/RunSafely.sh --show-errors -t "/home/ed/mcsema-testing/SANDBOX/test-2015-12-21_15-36-50/tools/timeit" 500 /dev/null Output/string.llvm.o.compile \
	  /usr/bin/clang -DDEBUG -I/home/ed/mcsema-testing/SANDBOX/test-2015-12-21_15-36-50/MultiSource/Applications/Burg -I/home/ed/mcsema-testing/llvm-test-suite/MultiSource/Applications/Burg -I/home/ed/mcsema-testing/llvm-test-suite/include -I../../../include -D_GNU_SOURCE -D__STDC_LIMIT_MACROS -DNDEBUG -std=gnu89 -O3  -m64 -fomit-frame-pointer -c /home/ed/mcsema-testing/llvm-test-suite/MultiSource/Applications/Burg/string.c -o Output/string.llvm.o
/home/ed/mcsema-testing/llvm-test-suite/RunSafely.sh --show-errors -t "/home/ed/mcsema-testing/SANDBOX/test-2015-12-21_15-36-50/tools/timeit" 500 /dev/null Output/symtab.llvm.o.compile \
	  /usr/bin/clang -DDEBUG -I/home/ed/mcsema-testing/SANDBOX/test-2015-12-21_15-36-50/MultiSource/Applications/Burg -I/home/ed/mcsema-testing/llvm-test-suite/MultiSource/Applications/Burg -I/home/ed/mcsema-testing/llvm-test-suite/include -I../../../include -D_GNU_SOURCE -D__STDC_LIMIT_MACROS -DNDEBUG -std=gnu89 -O3  -m64 -fomit-frame-pointer -c /home/ed/mcsema-testing/llvm-test-suite/MultiSource/Applications/Burg/symtab.c -o Output/symtab.llvm.o
/home/ed/mcsema-testing/llvm-test-suite/RunSafely.sh --show-errors -t "/home/ed/mcsema-testing/SANDBOX/test-2015-12-21_15-36-50/tools/timeit" 500 /dev/null Output/table.llvm.o.compile \
	  /usr/bin/clang -DDEBUG -I/home/ed/mcsema-testing/SANDBOX/test-2015-12-21_15-36-50/MultiSource/Applications/Burg -I/home/ed/mcsema-testing/llvm-test-suite/MultiSource/Applications/Burg -I/home/ed/mcsema-testing/llvm-test-suite/include -I../../../include -D_GNU_SOURCE -D__STDC_LIMIT_MACROS -DNDEBUG -std=gnu89 -O3  -m64 -fomit-frame-pointer -c /home/ed/mcsema-testing/llvm-test-suite/MultiSource/Applications/Burg/table.c -o Output/table.llvm.o
/home/ed/mcsema-testing/llvm-test-suite/RunSafely.sh --show-errors -t "/home/ed/mcsema-testing/SANDBOX/test-2015-12-21_15-36-50/tools/timeit" 500 /dev/null Output/trim.llvm.o.compile \
	  /usr/bin/clang -DDEBUG -I/home/ed/mcsema-testing/SANDBOX/test-2015-12-21_15-36-50/MultiSource/Applications/Burg -I/home/ed/mcsema-testing/llvm-test-suite/MultiSource/Applications/Burg -I/home/ed/mcsema-testing/llvm-test-suite/include -I../../../include -D_GNU_SOURCE -D__STDC_LIMIT_MACROS -DNDEBUG -std=gnu89 -O3  -m64 -fomit-frame-pointer -c /home/ed/mcsema-testing/llvm-test-suite/MultiSource/Applications/Burg/trim.c -o Output/trim.llvm.o
/home/ed/mcsema-testing/llvm-test-suite/RunSafely.sh --show-errors -t "/home/ed/mcsema-testing/SANDBOX/test-2015-12-21_15-36-50/tools/timeit" 500 /dev/null Output/y.tab.llvm.o.compile \
	  /usr/bin/clang -DDEBUG -I/home/ed/mcsema-testing/SANDBOX/test-2015-12-21_15-36-50/MultiSource/Applications/Burg -I/home/ed/mcsema-testing/llvm-test-suite/MultiSource/Applications/Burg -I/home/ed/mcsema-testing/llvm-test-suite/include -I../../../include -D_GNU_SOURCE -D__STDC_LIMIT_MACROS -DNDEBUG -std=gnu89 -O3  -m64 -fomit-frame-pointer -c y.tab.c -o Output/y.tab.llvm.o
/home/ed/mcsema-testing/llvm-test-suite/RunSafely.sh --show-errors -t "/home/ed/mcsema-testing/SANDBOX/test-2015-12-21_15-36-50/tools/timeit" 500 /dev/null Output/zalloc.llvm.o.compile \
	  /usr/bin/clang -DDEBUG -I/home/ed/mcsema-testing/SANDBOX/test-2015-12-21_15-36-50/MultiSource/Applications/Burg -I/home/ed/mcsema-testing/llvm-test-suite/MultiSource/Applications/Burg -I/home/ed/mcsema-testing/llvm-test-suite/include -I../../../include -D_GNU_SOURCE -D__STDC_LIMIT_MACROS -DNDEBUG -std=gnu89 -O3  -m64 -fomit-frame-pointer -c /home/ed/mcsema-testing/llvm-test-suite/MultiSource/Applications/Burg/zalloc.c -o Output/zalloc.llvm.o
/usr/bin/clang++ -o Output/burg.simple Output/be.llvm.o Output/burs.llvm.o Output/closure.llvm.o Output/delta.llvm.o Output/fe.llvm.o Output/item.llvm.o Output/lex.llvm.o Output/list.llvm.o Output/main.llvm.o Output/map.llvm.o Output/nonterminal.llvm.o Output/operator.llvm.o Output/pattern.llvm.o Output/plank.llvm.o Output/queue.llvm.o Output/rule.llvm.o Output/string.llvm.o Output/symtab.llvm.o Output/table.llvm.o Output/trim.llvm.o Output/y.tab.llvm.o Output/zalloc.llvm.o -lstdc++ -std=gnu89  -m64 -fomit-frame-pointer
/home/ed/mcsema-testing/llvm-test-suite/RunSafely.sh -t "/home/ed/mcsema-testing/SANDBOX/test-2015-12-21_15-36-50/tools/timeit-target" 500 /home/ed/mcsema-testing/llvm-test-suite/MultiSource/Applications/Burg/sample.gr Output/burg.out-simple Output/burg.simple 
cp Output/burg.simple Output/burg.simple-hash; \
	strip --remove-section=.comment --remove-section='.note*' Output/burg.simple-hash; \
	/home/ed/mcsema-testing/llvm-test-suite/HashProgramOutput.sh Output/burg.simple-hash
if [ -f "/home/ed/mcsema-testing/llvm-test-suite/MultiSource/Applications/Burg/burg.reference_output.little-endian." ]; then \
	  cp /home/ed/mcsema-testing/llvm-test-suite/MultiSource/Applications/Burg/burg.reference_output.little-endian. Output/burg.out-nat; \
	elif [ -f "/home/ed/mcsema-testing/llvm-test-suite/MultiSource/Applications/Burg/burg.reference_output." ]; then \
	  cp /home/ed/mcsema-testing/llvm-test-suite/MultiSource/Applications/Burg/burg.reference_output. Output/burg.out-nat; \
	elif [ -f "/home/ed/mcsema-testing/llvm-test-suite/MultiSource/Applications/Burg/burg.reference_output.little-endian" ]; then \
	  cp /home/ed/mcsema-testing/llvm-test-suite/MultiSource/Applications/Burg/burg.reference_output.little-endian Output/burg.out-nat; \
	elif [ -f "/home/ed/mcsema-testing/llvm-test-suite/MultiSource/Applications/Burg/burg.reference_output" ]; then \
	  cp /home/ed/mcsema-testing/llvm-test-suite/MultiSource/Applications/Burg/burg.reference_output Output/burg.out-nat; \
	else \
	  printf "WARNING: %s: %s\n" "NO REFERENCE OUTPUT (using default)" "/home/ed/mcsema-testing/llvm-test-suite/MultiSource/Applications/Burg/burg.reference_output" > Output/burg.out-nat; \
	  cp /home/ed/mcsema-testing/llvm-test-suite/default.reference_output Output/burg.out-nat; \
	  cat Output/burg.out-nat; \
	fi
# Pretend that the reference output was produced instantaneously.
cp /home/ed/mcsema-testing/llvm-test-suite/instant.txt Output/burg.out-nat.time
/home/ed/mcsema-testing/llvm-test-suite/DiffOutput.sh "/home/ed/mcsema-testing/SANDBOX/test-2015-12-21_15-36-50/tools/fpcmp " simple burg 
rm -f Output/burg.exe-simple
cp Output/burg.diff-simple Output/burg.exe-simple
if test -f Output/burg.extra-results.txt; then \
	  /home/ed/mcsema-testing/llvm-test-suite/ParseMultipleResults /home/ed/mcsema-testing/SANDBOX/test-2015-12-21_15-36-50/MultiSource/Applications/Burg/burg Output/burg.extra-results.txt >> Output/burg.simple.exec.report.txt; \
	fi
cat Output/burg.simple.compile.report.txt Output/burg.simple.exec.report.txt >> Output/burg.simple.report.txt
---------------------------------------------------------------
>>> ========= '/home/ed/mcsema-testing/SANDBOX/test-2015-12-21_15-36-50/MultiSource/Applications/Burg/burg' Program
---------------------------------------------------------------

TEST-PASS: compile /home/ed/mcsema-testing/SANDBOX/test-2015-12-21_15-36-50/MultiSource/Applications/Burg/burg
TEST-RESULT-compile-success: pass
TEST-RESULT-compile-hash: e92f33248d014d83efc3a02d34f23674
TEST-RESULT-compile-time: user 1.092900
TEST-RESULT-compile-real-time: real 1.422700

TEST-PASS: exec /home/ed/mcsema-testing/SANDBOX/test-2015-12-21_15-36-50/MultiSource/Applications/Burg/burg
TEST-RESULT-exec-success: pass
TEST-RESULT-exec-time: user       0.0012
TEST-RESULT-exec-real-time: real       0.0023
make[4]: Leaving directory `/home/ed/mcsema-testing/SANDBOX/test-2015-12-21_15-36-50/MultiSource/Applications/Burg'
make[4]: Entering directory `/home/ed/mcsema-testing/SANDBOX/test-2015-12-21_15-36-50/MultiSource/Applications/aha'
/home/ed/mcsema-testing/llvm-test-suite/RunSafely.sh --show-errors -t "/home/ed/mcsema-testing/SANDBOX/test-2015-12-21_15-36-50/tools/timeit" 500 /dev/null Output/aha.llvm.o.compile \
	  /usr/bin/clang  -I/home/ed/mcsema-testing/SANDBOX/test-2015-12-21_15-36-50/MultiSource/Applications/aha -I/home/ed/mcsema-testing/llvm-test-suite/MultiSource/Applications/aha -I/home/ed/mcsema-testing/llvm-test-suite/include -I../../../include -D_GNU_SOURCE -D__STDC_LIMIT_MACROS -DNDEBUG  -O3  -m64 -fomit-frame-pointer -c /home/ed/mcsema-testing/llvm-test-suite/MultiSource/Applications/aha/aha.c -o Output/aha.llvm.o
/home/ed/mcsema-testing/llvm-test-suite/RunSafely.sh --show-errors -t "/home/ed/mcsema-testing/SANDBOX/test-2015-12-21_15-36-50/tools/timeit" 500 /dev/null Output/userfun.llvm.o.compile \
	  /usr/bin/clang  -I/home/ed/mcsema-testing/SANDBOX/test-2015-12-21_15-36-50/MultiSource/Applications/aha -I/home/ed/mcsema-testing/llvm-test-suite/MultiSource/Applications/aha -I/home/ed/mcsema-testing/llvm-test-suite/include -I../../../include -D_GNU_SOURCE -D__STDC_LIMIT_MACROS -DNDEBUG  -O3  -m64 -fomit-frame-pointer -c /home/ed/mcsema-testing/llvm-test-suite/MultiSource/Applications/aha/userfun.c -o Output/userfun.llvm.o
/usr/bin/clang++ -o Output/aha.simple Output/aha.llvm.o Output/userfun.llvm.o    -m64 -fomit-frame-pointer
/home/ed/mcsema-testing/llvm-test-suite/RunSafely.sh -t "/home/ed/mcsema-testing/SANDBOX/test-2015-12-21_15-36-50/tools/timeit-target" 500 /dev/null Output/aha.out-simple Output/aha.simple 
cp Output/aha.simple Output/aha.simple-hash; \
	strip --remove-section=.comment --remove-section='.note*' Output/aha.simple-hash; \
	/home/ed/mcsema-testing/llvm-test-suite/HashProgramOutput.sh Output/aha.simple-hash
if [ -f "/home/ed/mcsema-testing/llvm-test-suite/MultiSource/Applications/aha/aha.reference_output.little-endian." ]; then \
	  cp /home/ed/mcsema-testing/llvm-test-suite/MultiSource/Applications/aha/aha.reference_output.little-endian. Output/aha.out-nat; \
	elif [ -f "/home/ed/mcsema-testing/llvm-test-suite/MultiSource/Applications/aha/aha.reference_output." ]; then \
	  cp /home/ed/mcsema-testing/llvm-test-suite/MultiSource/Applications/aha/aha.reference_output. Output/aha.out-nat; \
	elif [ -f "/home/ed/mcsema-testing/llvm-test-suite/MultiSource/Applications/aha/aha.reference_output.little-endian" ]; then \
	  cp /home/ed/mcsema-testing/llvm-test-suite/MultiSource/Applications/aha/aha.reference_output.little-endian Output/aha.out-nat; \
	elif [ -f "/home/ed/mcsema-testing/llvm-test-suite/MultiSource/Applications/aha/aha.reference_output" ]; then \
	  cp /home/ed/mcsema-testing/llvm-test-suite/MultiSource/Applications/aha/aha.reference_output Output/aha.out-nat; \
	else \
	  printf "WARNING: %s: %s\n" "NO REFERENCE OUTPUT (using default)" "/home/ed/mcsema-testing/llvm-test-suite/MultiSource/Applications/aha/aha.reference_output" > Output/aha.out-nat; \
	  cp /home/ed/mcsema-testing/llvm-test-suite/default.reference_output Output/aha.out-nat; \
	  cat Output/aha.out-nat; \
	fi
# Pretend that the reference output was produced instantaneously.
cp /home/ed/mcsema-testing/llvm-test-suite/instant.txt Output/aha.out-nat.time
/home/ed/mcsema-testing/llvm-test-suite/DiffOutput.sh "/home/ed/mcsema-testing/SANDBOX/test-2015-12-21_15-36-50/tools/fpcmp " simple aha 
rm -f Output/aha.exe-simple
cp Output/aha.diff-simple Output/aha.exe-simple
if test -f Output/aha.extra-results.txt; then \
	  /home/ed/mcsema-testing/llvm-test-suite/ParseMultipleResults /home/ed/mcsema-testing/SANDBOX/test-2015-12-21_15-36-50/MultiSource/Applications/aha/aha Output/aha.extra-results.txt >> Output/aha.simple.exec.report.txt; \
	fi
cat Output/aha.simple.compile.report.txt Output/aha.simple.exec.report.txt >> Output/aha.simple.report.txt
---------------------------------------------------------------
>>> ========= '/home/ed/mcsema-testing/SANDBOX/test-2015-12-21_15-36-50/MultiSource/Applications/aha/aha' Program
---------------------------------------------------------------

TEST-PASS: compile /home/ed/mcsema-testing/SANDBOX/test-2015-12-21_15-36-50/MultiSource/Applications/aha/aha
TEST-RESULT-compile-success: pass
TEST-RESULT-compile-hash: 042a75b6e3344a68303f091555f5a97c
TEST-RESULT-compile-time: user 0.091000
TEST-RESULT-compile-real-time: real 0.119500

TEST-PASS: exec /home/ed/mcsema-testing/SANDBOX/test-2015-12-21_15-36-50/MultiSource/Applications/aha/aha
TEST-RESULT-exec-success: pass
TEST-RESULT-exec-time: user       1.9648
TEST-RESULT-exec-real-time: real       1.9687
make[4]: Leaving directory `/home/ed/mcsema-testing/SANDBOX/test-2015-12-21_15-36-50/MultiSource/Applications/aha'
make[4]: Entering directory `/home/ed/mcsema-testing/SANDBOX/test-2015-12-21_15-36-50/MultiSource/Applications/sgefa'
/home/ed/mcsema-testing/llvm-test-suite/RunSafely.sh --show-errors -t "/home/ed/mcsema-testing/SANDBOX/test-2015-12-21_15-36-50/tools/timeit" 500 /dev/null Output/blas.llvm.o.compile \
	  /usr/bin/clang -DSCALE=40 -I/home/ed/mcsema-testing/SANDBOX/test-2015-12-21_15-36-50/MultiSource/Applications/sgefa -I/home/ed/mcsema-testing/llvm-test-suite/MultiSource/Applications/sgefa -I/home/ed/mcsema-testing/llvm-test-suite/include -I../../../include -D_GNU_SOURCE -D__STDC_LIMIT_MACROS -DNDEBUG  -O3  -m64 -fomit-frame-pointer -c /home/ed/mcsema-testing/llvm-test-suite/MultiSource/Applications/sgefa/blas.c -o Output/blas.llvm.o
/home/ed/mcsema-testing/llvm-test-suite/RunSafely.sh --show-errors -t "/home/ed/mcsema-testing/SANDBOX/test-2015-12-21_15-36-50/tools/timeit" 500 /dev/null Output/driver.llvm.o.compile \
	  /usr/bin/clang -DSCALE=40 -I/home/ed/mcsema-testing/SANDBOX/test-2015-12-21_15-36-50/MultiSource/Applications/sgefa -I/home/ed/mcsema-testing/llvm-test-suite/MultiSource/Applications/sgefa -I/home/ed/mcsema-testing/llvm-test-suite/include -I../../../include -D_GNU_SOURCE -D__STDC_LIMIT_MACROS -DNDEBUG  -O3  -m64 -fomit-frame-pointer -c /home/ed/mcsema-testing/llvm-test-suite/MultiSource/Applications/sgefa/driver.c -o Output/driver.llvm.o
/home/ed/mcsema-testing/llvm-test-suite/RunSafely.sh --show-errors -t "/home/ed/mcsema-testing/SANDBOX/test-2015-12-21_15-36-50/tools/timeit" 500 /dev/null Output/sgefa.llvm.o.compile \
	  /usr/bin/clang -DSCALE=40 -I/home/ed/mcsema-testing/SANDBOX/test-2015-12-21_15-36-50/MultiSource/Applications/sgefa -I/home/ed/mcsema-testing/llvm-test-suite/MultiSource/Applications/sgefa -I/home/ed/mcsema-testing/llvm-test-suite/include -I../../../include -D_GNU_SOURCE -D__STDC_LIMIT_MACROS -DNDEBUG  -O3  -m64 -fomit-frame-pointer -c /home/ed/mcsema-testing/llvm-test-suite/MultiSource/Applications/sgefa/sgefa.c -o Output/sgefa.llvm.o
/home/ed/mcsema-testing/llvm-test-suite/RunSafely.sh --show-errors -t "/home/ed/mcsema-testing/SANDBOX/test-2015-12-21_15-36-50/tools/timeit" 500 /dev/null Output/sgesl.llvm.o.compile \
	  /usr/bin/clang -DSCALE=40 -I/home/ed/mcsema-testing/SANDBOX/test-2015-12-21_15-36-50/MultiSource/Applications/sgefa -I/home/ed/mcsema-testing/llvm-test-suite/MultiSource/Applications/sgefa -I/home/ed/mcsema-testing/llvm-test-suite/include -I../../../include -D_GNU_SOURCE -D__STDC_LIMIT_MACROS -DNDEBUG  -O3  -m64 -fomit-frame-pointer -c /home/ed/mcsema-testing/llvm-test-suite/MultiSource/Applications/sgefa/sgesl.c -o Output/sgesl.llvm.o
/usr/bin/clang++ -o Output/sgefa.simple Output/blas.llvm.o Output/driver.llvm.o Output/sgefa.llvm.o Output/sgesl.llvm.o -lm   -m64 -fomit-frame-pointer
/home/ed/mcsema-testing/llvm-test-suite/RunSafely.sh -t "/home/ed/mcsema-testing/SANDBOX/test-2015-12-21_15-36-50/tools/timeit-target" 500 /dev/null Output/sgefa.out-simple Output/sgefa.simple 
cp Output/sgefa.simple Output/sgefa.simple-hash; \
	strip --remove-section=.comment --remove-section='.note*' Output/sgefa.simple-hash; \
	/home/ed/mcsema-testing/llvm-test-suite/HashProgramOutput.sh Output/sgefa.simple-hash
if [ -f "/home/ed/mcsema-testing/llvm-test-suite/MultiSource/Applications/sgefa/sgefa.reference_output.little-endian." ]; then \
	  cp /home/ed/mcsema-testing/llvm-test-suite/MultiSource/Applications/sgefa/sgefa.reference_output.little-endian. Output/sgefa.out-nat; \
	elif [ -f "/home/ed/mcsema-testing/llvm-test-suite/MultiSource/Applications/sgefa/sgefa.reference_output." ]; then \
	  cp /home/ed/mcsema-testing/llvm-test-suite/MultiSource/Applications/sgefa/sgefa.reference_output. Output/sgefa.out-nat; \
	elif [ -f "/home/ed/mcsema-testing/llvm-test-suite/MultiSource/Applications/sgefa/sgefa.reference_output.little-endian" ]; then \
	  cp /home/ed/mcsema-testing/llvm-test-suite/MultiSource/Applications/sgefa/sgefa.reference_output.little-endian Output/sgefa.out-nat; \
	elif [ -f "/home/ed/mcsema-testing/llvm-test-suite/MultiSource/Applications/sgefa/sgefa.reference_output" ]; then \
	  cp /home/ed/mcsema-testing/llvm-test-suite/MultiSource/Applications/sgefa/sgefa.reference_output Output/sgefa.out-nat; \
	else \
	  printf "WARNING: %s: %s\n" "NO REFERENCE OUTPUT (using default)" "/home/ed/mcsema-testing/llvm-test-suite/MultiSource/Applications/sgefa/sgefa.reference_output" > Output/sgefa.out-nat; \
	  cp /home/ed/mcsema-testing/llvm-test-suite/default.reference_output Output/sgefa.out-nat; \
	  cat Output/sgefa.out-nat; \
	fi
# Pretend that the reference output was produced instantaneously.
cp /home/ed/mcsema-testing/llvm-test-suite/instant.txt Output/sgefa.out-nat.time
/home/ed/mcsema-testing/llvm-test-suite/DiffOutput.sh "/home/ed/mcsema-testing/SANDBOX/test-2015-12-21_15-36-50/tools/fpcmp  -r 0.0001" simple sgefa 
rm -f Output/sgefa.exe-simple
cp Output/sgefa.diff-simple Output/sgefa.exe-simple
if test -f Output/sgefa.extra-results.txt; then \
	  /home/ed/mcsema-testing/llvm-test-suite/ParseMultipleResults /home/ed/mcsema-testing/SANDBOX/test-2015-12-21_15-36-50/MultiSource/Applications/sgefa/sgefa Output/sgefa.extra-results.txt >> Output/sgefa.simple.exec.report.txt; \
	fi
cat Output/sgefa.simple.compile.report.txt Output/sgefa.simple.exec.report.txt >> Output/sgefa.simple.report.txt
---------------------------------------------------------------
>>> ========= '/home/ed/mcsema-testing/SANDBOX/test-2015-12-21_15-36-50/MultiSource/Applications/sgefa/sgefa' Program
---------------------------------------------------------------

TEST-PASS: compile /home/ed/mcsema-testing/SANDBOX/test-2015-12-21_15-36-50/MultiSource/Applications/sgefa/sgefa
TEST-RESULT-compile-success: pass
TEST-RESULT-compile-hash: 988ce270845c60be3b0188aff0bf2383
TEST-RESULT-compile-time: user 0.270600
TEST-RESULT-compile-real-time: real 0.332200

TEST-PASS: exec /home/ed/mcsema-testing/SANDBOX/test-2015-12-21_15-36-50/MultiSource/Applications/sgefa/sgefa
TEST-RESULT-exec-success: pass
TEST-RESULT-exec-time: user       0.2254
TEST-RESULT-exec-real-time: real       0.2275
make[4]: Leaving directory `/home/ed/mcsema-testing/SANDBOX/test-2015-12-21_15-36-50/MultiSource/Applications/sgefa'
make[4]: Entering directory `/home/ed/mcsema-testing/SANDBOX/test-2015-12-21_15-36-50/MultiSource/Applications/siod'
/home/ed/mcsema-testing/llvm-test-suite/RunSafely.sh --show-errors -t "/home/ed/mcsema-testing/SANDBOX/test-2015-12-21_15-36-50/tools/timeit" 500 /dev/null Output/siod.llvm.o.compile \
	  /usr/bin/clang -D__USE_MISC -D__USE_GNU -D__USE_SVID -D__USE_XOPEN_EXTENDED -D__USE_XOPEN -Dunix -I/home/ed/mcsema-testing/SANDBOX/test-2015-12-21_15-36-50/MultiSource/Applications/siod -I/home/ed/mcsema-testing/llvm-test-suite/MultiSource/Applications/siod -I/home/ed/mcsema-testing/llvm-test-suite/include -I../../../include -D_GNU_SOURCE -D__STDC_LIMIT_MACROS -DNDEBUG  -O3  -m64 -fomit-frame-pointer -c /home/ed/mcsema-testing/llvm-test-suite/MultiSource/Applications/siod/siod.c -o Output/siod.llvm.o
/home/ed/mcsema-testing/llvm-test-suite/RunSafely.sh --show-errors -t "/home/ed/mcsema-testing/SANDBOX/test-2015-12-21_15-36-50/tools/timeit" 500 /dev/null Output/slib.llvm.o.compile \
	  /usr/bin/clang -D__USE_MISC -D__USE_GNU -D__USE_SVID -D__USE_XOPEN_EXTENDED -D__USE_XOPEN -Dunix -I/home/ed/mcsema-testing/SANDBOX/test-2015-12-21_15-36-50/MultiSource/Applications/siod -I/home/ed/mcsema-testing/llvm-test-suite/MultiSource/Applications/siod -I/home/ed/mcsema-testing/llvm-test-suite/include -I../../../include -D_GNU_SOURCE -D__STDC_LIMIT_MACROS -DNDEBUG  -O3  -m64 -fomit-frame-pointer -c /home/ed/mcsema-testing/llvm-test-suite/MultiSource/Applications/siod/slib.c -o Output/slib.llvm.o
/home/ed/mcsema-testing/llvm-test-suite/RunSafely.sh --show-errors -t "/home/ed/mcsema-testing/SANDBOX/test-2015-12-21_15-36-50/tools/timeit" 500 /dev/null Output/sliba.llvm.o.compile \
	  /usr/bin/clang -D__USE_MISC -D__USE_GNU -D__USE_SVID -D__USE_XOPEN_EXTENDED -D__USE_XOPEN -Dunix -I/home/ed/mcsema-testing/SANDBOX/test-2015-12-21_15-36-50/MultiSource/Applications/siod -I/home/ed/mcsema-testing/llvm-test-suite/MultiSource/Applications/siod -I/home/ed/mcsema-testing/llvm-test-suite/include -I../../../include -D_GNU_SOURCE -D__STDC_LIMIT_MACROS -DNDEBUG  -O3  -m64 -fomit-frame-pointer -c /home/ed/mcsema-testing/llvm-test-suite/MultiSource/Applications/siod/sliba.c -o Output/sliba.llvm.o
/home/ed/mcsema-testing/llvm-test-suite/RunSafely.sh --show-errors -t "/home/ed/mcsema-testing/SANDBOX/test-2015-12-21_15-36-50/tools/timeit" 500 /dev/null Output/slibu.llvm.o.compile \
	  /usr/bin/clang -D__USE_MISC -D__USE_GNU -D__USE_SVID -D__USE_XOPEN_EXTENDED -D__USE_XOPEN -Dunix -I/home/ed/mcsema-testing/SANDBOX/test-2015-12-21_15-36-50/MultiSource/Applications/siod -I/home/ed/mcsema-testing/llvm-test-suite/MultiSource/Applications/siod -I/home/ed/mcsema-testing/llvm-test-suite/include -I../../../include -D_GNU_SOURCE -D__STDC_LIMIT_MACROS -DNDEBUG  -O3  -m64 -fomit-frame-pointer -c /home/ed/mcsema-testing/llvm-test-suite/MultiSource/Applications/siod/slibu.c -o Output/slibu.llvm.o
/home/ed/mcsema-testing/llvm-test-suite/RunSafely.sh --show-errors -t "/home/ed/mcsema-testing/SANDBOX/test-2015-12-21_15-36-50/tools/timeit" 500 /dev/null Output/trace.llvm.o.compile \
	  /usr/bin/clang -D__USE_MISC -D__USE_GNU -D__USE_SVID -D__USE_XOPEN_EXTENDED -D__USE_XOPEN -Dunix -I/home/ed/mcsema-testing/SANDBOX/test-2015-12-21_15-36-50/MultiSource/Applications/siod -I/home/ed/mcsema-testing/llvm-test-suite/MultiSource/Applications/siod -I/home/ed/mcsema-testing/llvm-test-suite/include -I../../../include -D_GNU_SOURCE -D__STDC_LIMIT_MACROS -DNDEBUG  -O3  -m64 -fomit-frame-pointer -c /home/ed/mcsema-testing/llvm-test-suite/MultiSource/Applications/siod/trace.c -o Output/trace.llvm.o
/usr/bin/clang++ -o Output/siod.simple Output/siod.llvm.o Output/slib.llvm.o Output/sliba.llvm.o Output/slibu.llvm.o Output/trace.llvm.o -lm    -m64 -fomit-frame-pointer
/home/ed/mcsema-testing/llvm-test-suite/RunSafely.sh -t "/home/ed/mcsema-testing/SANDBOX/test-2015-12-21_15-36-50/tools/timeit-target" 500 /dev/null Output/siod.out-simple Output/siod.simple -v1 /home/ed/mcsema-testing/llvm-test-suite/MultiSource/Applications/siod/test.scm
cp Output/siod.simple Output/siod.simple-hash; \
	strip --remove-section=.comment --remove-section='.note*' Output/siod.simple-hash; \
	/home/ed/mcsema-testing/llvm-test-suite/HashProgramOutput.sh Output/siod.simple-hash
if [ -f "/home/ed/mcsema-testing/llvm-test-suite/MultiSource/Applications/siod/siod.reference_output.little-endian." ]; then \
	  cp /home/ed/mcsema-testing/llvm-test-suite/MultiSource/Applications/siod/siod.reference_output.little-endian. Output/siod.out-nat; \
	elif [ -f "/home/ed/mcsema-testing/llvm-test-suite/MultiSource/Applications/siod/siod.reference_output." ]; then \
	  cp /home/ed/mcsema-testing/llvm-test-suite/MultiSource/Applications/siod/siod.reference_output. Output/siod.out-nat; \
	elif [ -f "/home/ed/mcsema-testing/llvm-test-suite/MultiSource/Applications/siod/siod.reference_output.little-endian" ]; then \
	  cp /home/ed/mcsema-testing/llvm-test-suite/MultiSource/Applications/siod/siod.reference_output.little-endian Output/siod.out-nat; \
	elif [ -f "/home/ed/mcsema-testing/llvm-test-suite/MultiSource/Applications/siod/siod.reference_output" ]; then \
	  cp /home/ed/mcsema-testing/llvm-test-suite/MultiSource/Applications/siod/siod.reference_output Output/siod.out-nat; \
	else \
	  printf "WARNING: %s: %s\n" "NO REFERENCE OUTPUT (using default)" "/home/ed/mcsema-testing/llvm-test-suite/MultiSource/Applications/siod/siod.reference_output" > Output/siod.out-nat; \
	  cp /home/ed/mcsema-testing/llvm-test-suite/default.reference_output Output/siod.out-nat; \
	  cat Output/siod.out-nat; \
	fi
# Pretend that the reference output was produced instantaneously.
cp /home/ed/mcsema-testing/llvm-test-suite/instant.txt Output/siod.out-nat.time
/home/ed/mcsema-testing/llvm-test-suite/DiffOutput.sh "/home/ed/mcsema-testing/SANDBOX/test-2015-12-21_15-36-50/tools/fpcmp " simple siod 
rm -f Output/siod.exe-simple
cp Output/siod.diff-simple Output/siod.exe-simple
if test -f Output/siod.extra-results.txt; then \
	  /home/ed/mcsema-testing/llvm-test-suite/ParseMultipleResults /home/ed/mcsema-testing/SANDBOX/test-2015-12-21_15-36-50/MultiSource/Applications/siod/siod Output/siod.extra-results.txt >> Output/siod.simple.exec.report.txt; \
	fi
cat Output/siod.simple.compile.report.txt Output/siod.simple.exec.report.txt >> Output/siod.simple.report.txt
---------------------------------------------------------------
>>> ========= '/home/ed/mcsema-testing/SANDBOX/test-2015-12-21_15-36-50/MultiSource/Applications/siod/siod' Program
---------------------------------------------------------------

TEST-PASS: compile /home/ed/mcsema-testing/SANDBOX/test-2015-12-21_15-36-50/MultiSource/Applications/siod/siod
TEST-RESULT-compile-success: pass
TEST-RESULT-compile-hash: 6a58ff510c65a191ed2524b0225e44dd
TEST-RESULT-compile-time: user 1.533500
TEST-RESULT-compile-real-time: real 1.697300

TEST-PASS: exec /home/ed/mcsema-testing/SANDBOX/test-2015-12-21_15-36-50/MultiSource/Applications/siod/siod
TEST-RESULT-exec-success: pass
TEST-RESULT-exec-time: user       2.4346
TEST-RESULT-exec-real-time: real       2.4447
make[4]: Leaving directory `/home/ed/mcsema-testing/SANDBOX/test-2015-12-21_15-36-50/MultiSource/Applications/siod'
make[4]: Entering directory `/home/ed/mcsema-testing/SANDBOX/test-2015-12-21_15-36-50/MultiSource/Applications/d'
/home/ed/mcsema-testing/llvm-test-suite/RunSafely.sh --show-errors -t "/home/ed/mcsema-testing/SANDBOX/test-2015-12-21_15-36-50/tools/timeit" 500 /dev/null Output/arg.llvm.o.compile \
	  /usr/bin/clang -DD_BUILD_VERSION=5725 -I/home/ed/mcsema-testing/SANDBOX/test-2015-12-21_15-36-50/MultiSource/Applications/d -I/home/ed/mcsema-testing/llvm-test-suite/MultiSource/Applications/d -I/home/ed/mcsema-testing/llvm-test-suite/include -I../../../include -D_GNU_SOURCE -D__STDC_LIMIT_MACROS -DNDEBUG  -O3  -m64 -fomit-frame-pointer -c /home/ed/mcsema-testing/llvm-test-suite/MultiSource/Applications/d/arg.c -o Output/arg.llvm.o
/home/ed/mcsema-testing/llvm-test-suite/RunSafely.sh --show-errors -t "/home/ed/mcsema-testing/SANDBOX/test-2015-12-21_15-36-50/tools/timeit" 500 /dev/null Output/gram.llvm.o.compile \
	  /usr/bin/clang -DD_BUILD_VERSION=5725 -I/home/ed/mcsema-testing/SANDBOX/test-2015-12-21_15-36-50/MultiSource/Applications/d -I/home/ed/mcsema-testing/llvm-test-suite/MultiSource/Applications/d -I/home/ed/mcsema-testing/llvm-test-suite/include -I../../../include -D_GNU_SOURCE -D__STDC_LIMIT_MACROS -DNDEBUG  -O3  -m64 -fomit-frame-pointer -c /home/ed/mcsema-testing/llvm-test-suite/MultiSource/Applications/d/gram.c -o Output/gram.llvm.o
/home/ed/mcsema-testing/llvm-test-suite/RunSafely.sh --show-errors -t "/home/ed/mcsema-testing/SANDBOX/test-2015-12-21_15-36-50/tools/timeit" 500 /dev/null Output/grammar.g.llvm.o.compile \
	  /usr/bin/clang -DD_BUILD_VERSION=5725 -I/home/ed/mcsema-testing/SANDBOX/test-2015-12-21_15-36-50/MultiSource/Applications/d -I/home/ed/mcsema-testing/llvm-test-suite/MultiSource/Applications/d -I/home/ed/mcsema-testing/llvm-test-suite/include -I../../../include -D_GNU_SOURCE -D__STDC_LIMIT_MACROS -DNDEBUG  -O3  -m64 -fomit-frame-pointer -c /home/ed/mcsema-testing/llvm-test-suite/MultiSource/Applications/d/grammar.g.c -o Output/grammar.g.llvm.o
/home/ed/mcsema-testing/llvm-test-suite/RunSafely.sh --show-errors -t "/home/ed/mcsema-testing/SANDBOX/test-2015-12-21_15-36-50/tools/timeit" 500 /dev/null Output/lex.llvm.o.compile \
	  /usr/bin/clang -DD_BUILD_VERSION=5725 -I/home/ed/mcsema-testing/SANDBOX/test-2015-12-21_15-36-50/MultiSource/Applications/d -I/home/ed/mcsema-testing/llvm-test-suite/MultiSource/Applications/d -I/home/ed/mcsema-testing/llvm-test-suite/include -I../../../include -D_GNU_SOURCE -D__STDC_LIMIT_MACROS -DNDEBUG  -O3  -m64 -fomit-frame-pointer -c /home/ed/mcsema-testing/llvm-test-suite/MultiSource/Applications/d/lex.c -o Output/lex.llvm.o
/home/ed/mcsema-testing/llvm-test-suite/RunSafely.sh --show-errors -t "/home/ed/mcsema-testing/SANDBOX/test-2015-12-21_15-36-50/tools/timeit" 500 /dev/null Output/lr.llvm.o.compile \
	  /usr/bin/clang -DD_BUILD_VERSION=5725 -I/home/ed/mcsema-testing/SANDBOX/test-2015-12-21_15-36-50/MultiSource/Applications/d -I/home/ed/mcsema-testing/llvm-test-suite/MultiSource/Applications/d -I/home/ed/mcsema-testing/llvm-test-suite/include -I../../../include -D_GNU_SOURCE -D__STDC_LIMIT_MACROS -DNDEBUG  -O3  -m64 -fomit-frame-pointer -c /home/ed/mcsema-testing/llvm-test-suite/MultiSource/Applications/d/lr.c -o Output/lr.llvm.o
/home/ed/mcsema-testing/llvm-test-suite/RunSafely.sh --show-errors -t "/home/ed/mcsema-testing/SANDBOX/test-2015-12-21_15-36-50/tools/timeit" 500 /dev/null Output/make_dparser.llvm.o.compile \
	  /usr/bin/clang -DD_BUILD_VERSION=5725 -I/home/ed/mcsema-testing/SANDBOX/test-2015-12-21_15-36-50/MultiSource/Applications/d -I/home/ed/mcsema-testing/llvm-test-suite/MultiSource/Applications/d -I/home/ed/mcsema-testing/llvm-test-suite/include -I../../../include -D_GNU_SOURCE -D__STDC_LIMIT_MACROS -DNDEBUG  -O3  -m64 -fomit-frame-pointer -c /home/ed/mcsema-testing/llvm-test-suite/MultiSource/Applications/d/make_dparser.c -o Output/make_dparser.llvm.o
/home/ed/mcsema-testing/llvm-test-suite/RunSafely.sh --show-errors -t "/home/ed/mcsema-testing/SANDBOX/test-2015-12-21_15-36-50/tools/timeit" 500 /dev/null Output/parse.llvm.o.compile \
	  /usr/bin/clang -DD_BUILD_VERSION=5725 -I/home/ed/mcsema-testing/SANDBOX/test-2015-12-21_15-36-50/MultiSource/Applications/d -I/home/ed/mcsema-testing/llvm-test-suite/MultiSource/Applications/d -I/home/ed/mcsema-testing/llvm-test-suite/include -I../../../include -D_GNU_SOURCE -D__STDC_LIMIT_MACROS -DNDEBUG  -O3  -m64 -fomit-frame-pointer -c /home/ed/mcsema-testing/llvm-test-suite/MultiSource/Applications/d/parse.c -o Output/parse.llvm.o
/home/ed/mcsema-testing/llvm-test-suite/RunSafely.sh --show-errors -t "/home/ed/mcsema-testing/SANDBOX/test-2015-12-21_15-36-50/tools/timeit" 500 /dev/null Output/scan.llvm.o.compile \
	  /usr/bin/clang -DD_BUILD_VERSION=5725 -I/home/ed/mcsema-testing/SANDBOX/test-2015-12-21_15-36-50/MultiSource/Applications/d -I/home/ed/mcsema-testing/llvm-test-suite/MultiSource/Applications/d -I/home/ed/mcsema-testing/llvm-test-suite/include -I../../../include -D_GNU_SOURCE -D__STDC_LIMIT_MACROS -DNDEBUG  -O3  -m64 -fomit-frame-pointer -c /home/ed/mcsema-testing/llvm-test-suite/MultiSource/Applications/d/scan.c -o Output/scan.llvm.o
/home/ed/mcsema-testing/llvm-test-suite/RunSafely.sh --show-errors -t "/home/ed/mcsema-testing/SANDBOX/test-2015-12-21_15-36-50/tools/timeit" 500 /dev/null Output/symtab.llvm.o.compile \
	  /usr/bin/clang -DD_BUILD_VERSION=5725 -I/home/ed/mcsema-testing/SANDBOX/test-2015-12-21_15-36-50/MultiSource/Applications/d -I/home/ed/mcsema-testing/llvm-test-suite/MultiSource/Applications/d -I/home/ed/mcsema-testing/llvm-test-suite/include -I../../../include -D_GNU_SOURCE -D__STDC_LIMIT_MACROS -DNDEBUG  -O3  -m64 -fomit-frame-pointer -c /home/ed/mcsema-testing/llvm-test-suite/MultiSource/Applications/d/symtab.c -o Output/symtab.llvm.o
/home/ed/mcsema-testing/llvm-test-suite/RunSafely.sh --show-errors -t "/home/ed/mcsema-testing/SANDBOX/test-2015-12-21_15-36-50/tools/timeit" 500 /dev/null Output/util.llvm.o.compile \
	  /usr/bin/clang -DD_BUILD_VERSION=5725 -I/home/ed/mcsema-testing/SANDBOX/test-2015-12-21_15-36-50/MultiSource/Applications/d -I/home/ed/mcsema-testing/llvm-test-suite/MultiSource/Applications/d -I/home/ed/mcsema-testing/llvm-test-suite/include -I../../../include -D_GNU_SOURCE -D__STDC_LIMIT_MACROS -DNDEBUG  -O3  -m64 -fomit-frame-pointer -c /home/ed/mcsema-testing/llvm-test-suite/MultiSource/Applications/d/util.c -o Output/util.llvm.o
/home/ed/mcsema-testing/llvm-test-suite/RunSafely.sh --show-errors -t "/home/ed/mcsema-testing/SANDBOX/test-2015-12-21_15-36-50/tools/timeit" 500 /dev/null Output/version.llvm.o.compile \
	  /usr/bin/clang -DD_BUILD_VERSION=5725 -I/home/ed/mcsema-testing/SANDBOX/test-2015-12-21_15-36-50/MultiSource/Applications/d -I/home/ed/mcsema-testing/llvm-test-suite/MultiSource/Applications/d -I/home/ed/mcsema-testing/llvm-test-suite/include -I../../../include -D_GNU_SOURCE -D__STDC_LIMIT_MACROS -DNDEBUG  -O3  -m64 -fomit-frame-pointer -c /home/ed/mcsema-testing/llvm-test-suite/MultiSource/Applications/d/version.c -o Output/version.llvm.o
/home/ed/mcsema-testing/llvm-test-suite/RunSafely.sh --show-errors -t "/home/ed/mcsema-testing/SANDBOX/test-2015-12-21_15-36-50/tools/timeit" 500 /dev/null Output/write_ctables.llvm.o.compile \
	  /usr/bin/clang -DD_BUILD_VERSION=5725 -I/home/ed/mcsema-testing/SANDBOX/test-2015-12-21_15-36-50/MultiSource/Applications/d -I/home/ed/mcsema-testing/llvm-test-suite/MultiSource/Applications/d -I/home/ed/mcsema-testing/llvm-test-suite/include -I../../../include -D_GNU_SOURCE -D__STDC_LIMIT_MACROS -DNDEBUG  -O3  -m64 -fomit-frame-pointer -c /home/ed/mcsema-testing/llvm-test-suite/MultiSource/Applications/d/write_ctables.c -o Output/write_ctables.llvm.o
/usr/bin/clang++ -o Output/make_dparser.simple Output/arg.llvm.o Output/gram.llvm.o Output/grammar.g.llvm.o Output/lex.llvm.o Output/lr.llvm.o Output/make_dparser.llvm.o Output/parse.llvm.o Output/scan.llvm.o Output/symtab.llvm.o Output/util.llvm.o Output/version.llvm.o Output/write_ctables.llvm.o    -m64 -fomit-frame-pointer
/home/ed/mcsema-testing/llvm-test-suite/RunSafely.sh -t "/home/ed/mcsema-testing/SANDBOX/test-2015-12-21_15-36-50/tools/timeit-target" 500 /dev/null Output/make_dparser.out-simple Output/make_dparser.simple -v /home/ed/mcsema-testing/llvm-test-suite/MultiSource/Applications/d/grammar.g
/home/ed/mcsema-testing/llvm-test-suite/HashProgramOutput.sh Output/make_dparser.out-simple
cp Output/make_dparser.simple Output/make_dparser.simple-hash; \
	strip --remove-section=.comment --remove-section='.note*' Output/make_dparser.simple-hash; \
	/home/ed/mcsema-testing/llvm-test-suite/HashProgramOutput.sh Output/make_dparser.simple-hash
if [ -f "/home/ed/mcsema-testing/llvm-test-suite/MultiSource/Applications/d/make_dparser.reference_output.little-endian." ]; then \
	  cp /home/ed/mcsema-testing/llvm-test-suite/MultiSource/Applications/d/make_dparser.reference_output.little-endian. Output/make_dparser.out-nat; \
	elif [ -f "/home/ed/mcsema-testing/llvm-test-suite/MultiSource/Applications/d/make_dparser.reference_output." ]; then \
	  cp /home/ed/mcsema-testing/llvm-test-suite/MultiSource/Applications/d/make_dparser.reference_output. Output/make_dparser.out-nat; \
	elif [ -f "/home/ed/mcsema-testing/llvm-test-suite/MultiSource/Applications/d/make_dparser.reference_output.little-endian" ]; then \
	  cp /home/ed/mcsema-testing/llvm-test-suite/MultiSource/Applications/d/make_dparser.reference_output.little-endian Output/make_dparser.out-nat; \
	elif [ -f "/home/ed/mcsema-testing/llvm-test-suite/MultiSource/Applications/d/make_dparser.reference_output" ]; then \
	  cp /home/ed/mcsema-testing/llvm-test-suite/MultiSource/Applications/d/make_dparser.reference_output Output/make_dparser.out-nat; \
	else \
	  printf "WARNING: %s: %s\n" "NO REFERENCE OUTPUT (using default)" "/home/ed/mcsema-testing/llvm-test-suite/MultiSource/Applications/d/make_dparser.reference_output" > Output/make_dparser.out-nat; \
	  cp /home/ed/mcsema-testing/llvm-test-suite/default.reference_output Output/make_dparser.out-nat; \
	  cat Output/make_dparser.out-nat; \
	fi
# Pretend that the reference output was produced instantaneously.
cp /home/ed/mcsema-testing/llvm-test-suite/instant.txt Output/make_dparser.out-nat.time
/home/ed/mcsema-testing/llvm-test-suite/DiffOutput.sh "/home/ed/mcsema-testing/SANDBOX/test-2015-12-21_15-36-50/tools/fpcmp " simple make_dparser 
rm -f Output/make_dparser.exe-simple
cp Output/make_dparser.diff-simple Output/make_dparser.exe-simple
if test -f Output/make_dparser.extra-results.txt; then \
	  /home/ed/mcsema-testing/llvm-test-suite/ParseMultipleResults /home/ed/mcsema-testing/SANDBOX/test-2015-12-21_15-36-50/MultiSource/Applications/d/make_dparser Output/make_dparser.extra-results.txt >> Output/make_dparser.simple.exec.report.txt; \
	fi
cat Output/make_dparser.simple.compile.report.txt Output/make_dparser.simple.exec.report.txt >> Output/make_dparser.simple.report.txt
---------------------------------------------------------------
>>> ========= '/home/ed/mcsema-testing/SANDBOX/test-2015-12-21_15-36-50/MultiSource/Applications/d/make_dparser' Program
---------------------------------------------------------------

TEST-PASS: compile /home/ed/mcsema-testing/SANDBOX/test-2015-12-21_15-36-50/MultiSource/Applications/d/make_dparser
TEST-RESULT-compile-success: pass
TEST-RESULT-compile-hash: ebc83eaa2d2f23f75a8b6d56909b7992
TEST-RESULT-compile-time: user 2.228500
TEST-RESULT-compile-real-time: real 2.478500

TEST-PASS: exec /home/ed/mcsema-testing/SANDBOX/test-2015-12-21_15-36-50/MultiSource/Applications/d/make_dparser
TEST-RESULT-exec-success: pass
TEST-RESULT-exec-time: user       0.0199
TEST-RESULT-exec-real-time: real       0.0229
make[4]: Leaving directory `/home/ed/mcsema-testing/SANDBOX/test-2015-12-21_15-36-50/MultiSource/Applications/d'
make[4]: Entering directory `/home/ed/mcsema-testing/SANDBOX/test-2015-12-21_15-36-50/MultiSource/Applications/spiff'
/home/ed/mcsema-testing/llvm-test-suite/RunSafely.sh --show-errors -t "/home/ed/mcsema-testing/SANDBOX/test-2015-12-21_15-36-50/tools/timeit" 500 /dev/null Output/command.llvm.o.compile \
	  /usr/bin/clang  -I/home/ed/mcsema-testing/SANDBOX/test-2015-12-21_15-36-50/MultiSource/Applications/spiff -I/home/ed/mcsema-testing/llvm-test-suite/MultiSource/Applications/spiff -I/home/ed/mcsema-testing/llvm-test-suite/include -I../../../include -D_GNU_SOURCE -D__STDC_LIMIT_MACROS -DNDEBUG  -O3  -m64 -fomit-frame-pointer -c /home/ed/mcsema-testing/llvm-test-suite/MultiSource/Applications/spiff/command.c -o Output/command.llvm.o
/home/ed/mcsema-testing/llvm-test-suite/RunSafely.sh --show-errors -t "/home/ed/mcsema-testing/SANDBOX/test-2015-12-21_15-36-50/tools/timeit" 500 /dev/null Output/comment.llvm.o.compile \
	  /usr/bin/clang  -I/home/ed/mcsema-testing/SANDBOX/test-2015-12-21_15-36-50/MultiSource/Applications/spiff -I/home/ed/mcsema-testing/llvm-test-suite/MultiSource/Applications/spiff -I/home/ed/mcsema-testing/llvm-test-suite/include -I../../../include -D_GNU_SOURCE -D__STDC_LIMIT_MACROS -DNDEBUG  -O3  -m64 -fomit-frame-pointer -c /home/ed/mcsema-testing/llvm-test-suite/MultiSource/Applications/spiff/comment.c -o Output/comment.llvm.o
/home/ed/mcsema-testing/llvm-test-suite/RunSafely.sh --show-errors -t "/home/ed/mcsema-testing/SANDBOX/test-2015-12-21_15-36-50/tools/timeit" 500 /dev/null Output/compare.llvm.o.compile \
	  /usr/bin/clang  -I/home/ed/mcsema-testing/SANDBOX/test-2015-12-21_15-36-50/MultiSource/Applications/spiff -I/home/ed/mcsema-testing/llvm-test-suite/MultiSource/Applications/spiff -I/home/ed/mcsema-testing/llvm-test-suite/include -I../../../include -D_GNU_SOURCE -D__STDC_LIMIT_MACROS -DNDEBUG  -O3  -m64 -fomit-frame-pointer -c /home/ed/mcsema-testing/llvm-test-suite/MultiSource/Applications/spiff/compare.c -o Output/compare.llvm.o
/home/ed/mcsema-testing/llvm-test-suite/RunSafely.sh --show-errors -t "/home/ed/mcsema-testing/SANDBOX/test-2015-12-21_15-36-50/tools/timeit" 500 /dev/null Output/exact.llvm.o.compile \
	  /usr/bin/clang  -I/home/ed/mcsema-testing/SANDBOX/test-2015-12-21_15-36-50/MultiSource/Applications/spiff -I/home/ed/mcsema-testing/llvm-test-suite/MultiSource/Applications/spiff -I/home/ed/mcsema-testing/llvm-test-suite/include -I../../../include -D_GNU_SOURCE -D__STDC_LIMIT_MACROS -DNDEBUG  -O3  -m64 -fomit-frame-pointer -c /home/ed/mcsema-testing/llvm-test-suite/MultiSource/Applications/spiff/exact.c -o Output/exact.llvm.o
/home/ed/mcsema-testing/llvm-test-suite/RunSafely.sh --show-errors -t "/home/ed/mcsema-testing/SANDBOX/test-2015-12-21_15-36-50/tools/timeit" 500 /dev/null Output/float.llvm.o.compile \
	  /usr/bin/clang  -I/home/ed/mcsema-testing/SANDBOX/test-2015-12-21_15-36-50/MultiSource/Applications/spiff -I/home/ed/mcsema-testing/llvm-test-suite/MultiSource/Applications/spiff -I/home/ed/mcsema-testing/llvm-test-suite/include -I../../../include -D_GNU_SOURCE -D__STDC_LIMIT_MACROS -DNDEBUG  -O3  -m64 -fomit-frame-pointer -c /home/ed/mcsema-testing/llvm-test-suite/MultiSource/Applications/spiff/float.c -o Output/float.llvm.o
/home/ed/mcsema-testing/llvm-test-suite/RunSafely.sh --show-errors -t "/home/ed/mcsema-testing/SANDBOX/test-2015-12-21_15-36-50/tools/timeit" 500 /dev/null Output/floatrep.llvm.o.compile \
	  /usr/bin/clang  -I/home/ed/mcsema-testing/SANDBOX/test-2015-12-21_15-36-50/MultiSource/Applications/spiff -I/home/ed/mcsema-testing/llvm-test-suite/MultiSource/Applications/spiff -I/home/ed/mcsema-testing/llvm-test-suite/include -I../../../include -D_GNU_SOURCE -D__STDC_LIMIT_MACROS -DNDEBUG  -O3  -m64 -fomit-frame-pointer -c /home/ed/mcsema-testing/llvm-test-suite/MultiSource/Applications/spiff/floatrep.c -o Output/floatrep.llvm.o
/home/ed/mcsema-testing/llvm-test-suite/RunSafely.sh --show-errors -t "/home/ed/mcsema-testing/SANDBOX/test-2015-12-21_15-36-50/tools/timeit" 500 /dev/null Output/line.llvm.o.compile \
	  /usr/bin/clang  -I/home/ed/mcsema-testing/SANDBOX/test-2015-12-21_15-36-50/MultiSource/Applications/spiff -I/home/ed/mcsema-testing/llvm-test-suite/MultiSource/Applications/spiff -I/home/ed/mcsema-testing/llvm-test-suite/include -I../../../include -D_GNU_SOURCE -D__STDC_LIMIT_MACROS -DNDEBUG  -O3  -m64 -fomit-frame-pointer -c /home/ed/mcsema-testing/llvm-test-suite/MultiSource/Applications/spiff/line.c -o Output/line.llvm.o
/home/ed/mcsema-testing/llvm-test-suite/RunSafely.sh --show-errors -t "/home/ed/mcsema-testing/SANDBOX/test-2015-12-21_15-36-50/tools/timeit" 500 /dev/null Output/miller.llvm.o.compile \
	  /usr/bin/clang  -I/home/ed/mcsema-testing/SANDBOX/test-2015-12-21_15-36-50/MultiSource/Applications/spiff -I/home/ed/mcsema-testing/llvm-test-suite/MultiSource/Applications/spiff -I/home/ed/mcsema-testing/llvm-test-suite/include -I../../../include -D_GNU_SOURCE -D__STDC_LIMIT_MACROS -DNDEBUG  -O3  -m64 -fomit-frame-pointer -c /home/ed/mcsema-testing/llvm-test-suite/MultiSource/Applications/spiff/miller.c -o Output/miller.llvm.o
/home/ed/mcsema-testing/llvm-test-suite/RunSafely.sh --show-errors -t "/home/ed/mcsema-testing/SANDBOX/test-2015-12-21_15-36-50/tools/timeit" 500 /dev/null Output/misc.llvm.o.compile \
	  /usr/bin/clang  -I/home/ed/mcsema-testing/SANDBOX/test-2015-12-21_15-36-50/MultiSource/Applications/spiff -I/home/ed/mcsema-testing/llvm-test-suite/MultiSource/Applications/spiff -I/home/ed/mcsema-testing/llvm-test-suite/include -I../../../include -D_GNU_SOURCE -D__STDC_LIMIT_MACROS -DNDEBUG  -O3  -m64 -fomit-frame-pointer -c /home/ed/mcsema-testing/llvm-test-suite/MultiSource/Applications/spiff/misc.c -o Output/misc.llvm.o
/home/ed/mcsema-testing/llvm-test-suite/RunSafely.sh --show-errors -t "/home/ed/mcsema-testing/SANDBOX/test-2015-12-21_15-36-50/tools/timeit" 500 /dev/null Output/output.llvm.o.compile \
	  /usr/bin/clang  -I/home/ed/mcsema-testing/SANDBOX/test-2015-12-21_15-36-50/MultiSource/Applications/spiff -I/home/ed/mcsema-testing/llvm-test-suite/MultiSource/Applications/spiff -I/home/ed/mcsema-testing/llvm-test-suite/include -I../../../include -D_GNU_SOURCE -D__STDC_LIMIT_MACROS -DNDEBUG  -O3  -m64 -fomit-frame-pointer -c /home/ed/mcsema-testing/llvm-test-suite/MultiSource/Applications/spiff/output.c -o Output/output.llvm.o
/home/ed/mcsema-testing/llvm-test-suite/RunSafely.sh --show-errors -t "/home/ed/mcsema-testing/SANDBOX/test-2015-12-21_15-36-50/tools/timeit" 500 /dev/null Output/parse.llvm.o.compile \
	  /usr/bin/clang  -I/home/ed/mcsema-testing/SANDBOX/test-2015-12-21_15-36-50/MultiSource/Applications/spiff -I/home/ed/mcsema-testing/llvm-test-suite/MultiSource/Applications/spiff -I/home/ed/mcsema-testing/llvm-test-suite/include -I../../../include -D_GNU_SOURCE -D__STDC_LIMIT_MACROS -DNDEBUG  -O3  -m64 -fomit-frame-pointer -c /home/ed/mcsema-testing/llvm-test-suite/MultiSource/Applications/spiff/parse.c -o Output/parse.llvm.o
/home/ed/mcsema-testing/llvm-test-suite/RunSafely.sh --show-errors -t "/home/ed/mcsema-testing/SANDBOX/test-2015-12-21_15-36-50/tools/timeit" 500 /dev/null Output/spiff.llvm.o.compile \
	  /usr/bin/clang  -I/home/ed/mcsema-testing/SANDBOX/test-2015-12-21_15-36-50/MultiSource/Applications/spiff -I/home/ed/mcsema-testing/llvm-test-suite/MultiSource/Applications/spiff -I/home/ed/mcsema-testing/llvm-test-suite/include -I../../../include -D_GNU_SOURCE -D__STDC_LIMIT_MACROS -DNDEBUG  -O3  -m64 -fomit-frame-pointer -c /home/ed/mcsema-testing/llvm-test-suite/MultiSource/Applications/spiff/spiff.c -o Output/spiff.llvm.o
/home/ed/mcsema-testing/llvm-test-suite/RunSafely.sh --show-errors -t "/home/ed/mcsema-testing/SANDBOX/test-2015-12-21_15-36-50/tools/timeit" 500 /dev/null Output/strings.llvm.o.compile \
	  /usr/bin/clang  -I/home/ed/mcsema-testing/SANDBOX/test-2015-12-21_15-36-50/MultiSource/Applications/spiff -I/home/ed/mcsema-testing/llvm-test-suite/MultiSource/Applications/spiff -I/home/ed/mcsema-testing/llvm-test-suite/include -I../../../include -D_GNU_SOURCE -D__STDC_LIMIT_MACROS -DNDEBUG  -O3  -m64 -fomit-frame-pointer -c /home/ed/mcsema-testing/llvm-test-suite/MultiSource/Applications/spiff/strings.c -o Output/strings.llvm.o
/home/ed/mcsema-testing/llvm-test-suite/RunSafely.sh --show-errors -t "/home/ed/mcsema-testing/SANDBOX/test-2015-12-21_15-36-50/tools/timeit" 500 /dev/null Output/token.llvm.o.compile \
	  /usr/bin/clang  -I/home/ed/mcsema-testing/SANDBOX/test-2015-12-21_15-36-50/MultiSource/Applications/spiff -I/home/ed/mcsema-testing/llvm-test-suite/MultiSource/Applications/spiff -I/home/ed/mcsema-testing/llvm-test-suite/include -I../../../include -D_GNU_SOURCE -D__STDC_LIMIT_MACROS -DNDEBUG  -O3  -m64 -fomit-frame-pointer -c /home/ed/mcsema-testing/llvm-test-suite/MultiSource/Applications/spiff/token.c -o Output/token.llvm.o
/home/ed/mcsema-testing/llvm-test-suite/RunSafely.sh --show-errors -t "/home/ed/mcsema-testing/SANDBOX/test-2015-12-21_15-36-50/tools/timeit" 500 /dev/null Output/tol.llvm.o.compile \
	  /usr/bin/clang  -I/home/ed/mcsema-testing/SANDBOX/test-2015-12-21_15-36-50/MultiSource/Applications/spiff -I/home/ed/mcsema-testing/llvm-test-suite/MultiSource/Applications/spiff -I/home/ed/mcsema-testing/llvm-test-suite/include -I../../../include -D_GNU_SOURCE -D__STDC_LIMIT_MACROS -DNDEBUG  -O3  -m64 -fomit-frame-pointer -c /home/ed/mcsema-testing/llvm-test-suite/MultiSource/Applications/spiff/tol.c -o Output/tol.llvm.o
/home/ed/mcsema-testing/llvm-test-suite/RunSafely.sh --show-errors -t "/home/ed/mcsema-testing/SANDBOX/test-2015-12-21_15-36-50/tools/timeit" 500 /dev/null Output/visual.llvm.o.compile \
	  /usr/bin/clang  -I/home/ed/mcsema-testing/SANDBOX/test-2015-12-21_15-36-50/MultiSource/Applications/spiff -I/home/ed/mcsema-testing/llvm-test-suite/MultiSource/Applications/spiff -I/home/ed/mcsema-testing/llvm-test-suite/include -I../../../include -D_GNU_SOURCE -D__STDC_LIMIT_MACROS -DNDEBUG  -O3  -m64 -fomit-frame-pointer -c /home/ed/mcsema-testing/llvm-test-suite/MultiSource/Applications/spiff/visual.c -o Output/visual.llvm.o
/usr/bin/clang++ -o Output/spiff.simple Output/command.llvm.o Output/comment.llvm.o Output/compare.llvm.o Output/exact.llvm.o Output/float.llvm.o Output/floatrep.llvm.o Output/line.llvm.o Output/miller.llvm.o Output/misc.llvm.o Output/output.llvm.o Output/parse.llvm.o Output/spiff.llvm.o Output/strings.llvm.o Output/token.llvm.o Output/tol.llvm.o Output/visual.llvm.o    -m64 -fomit-frame-pointer
/home/ed/mcsema-testing/llvm-test-suite/RunSafely.sh -t "/home/ed/mcsema-testing/SANDBOX/test-2015-12-21_15-36-50/tools/timeit-target" 500 /dev/null Output/spiff.out-simple Output/spiff.simple /home/ed/mcsema-testing/llvm-test-suite/MultiSource/Applications/spiff/Sample.3 /home/ed/mcsema-testing/llvm-test-suite/MultiSource/Applications/spiff/Sample.4
cp Output/spiff.simple Output/spiff.simple-hash; \
	strip --remove-section=.comment --remove-section='.note*' Output/spiff.simple-hash; \
	/home/ed/mcsema-testing/llvm-test-suite/HashProgramOutput.sh Output/spiff.simple-hash
if [ -f "/home/ed/mcsema-testing/llvm-test-suite/MultiSource/Applications/spiff/spiff.reference_output.little-endian." ]; then \
	  cp /home/ed/mcsema-testing/llvm-test-suite/MultiSource/Applications/spiff/spiff.reference_output.little-endian. Output/spiff.out-nat; \
	elif [ -f "/home/ed/mcsema-testing/llvm-test-suite/MultiSource/Applications/spiff/spiff.reference_output." ]; then \
	  cp /home/ed/mcsema-testing/llvm-test-suite/MultiSource/Applications/spiff/spiff.reference_output. Output/spiff.out-nat; \
	elif [ -f "/home/ed/mcsema-testing/llvm-test-suite/MultiSource/Applications/spiff/spiff.reference_output.little-endian" ]; then \
	  cp /home/ed/mcsema-testing/llvm-test-suite/MultiSource/Applications/spiff/spiff.reference_output.little-endian Output/spiff.out-nat; \
	elif [ -f "/home/ed/mcsema-testing/llvm-test-suite/MultiSource/Applications/spiff/spiff.reference_output" ]; then \
	  cp /home/ed/mcsema-testing/llvm-test-suite/MultiSource/Applications/spiff/spiff.reference_output Output/spiff.out-nat; \
	else \
	  printf "WARNING: %s: %s\n" "NO REFERENCE OUTPUT (using default)" "/home/ed/mcsema-testing/llvm-test-suite/MultiSource/Applications/spiff/spiff.reference_output" > Output/spiff.out-nat; \
	  cp /home/ed/mcsema-testing/llvm-test-suite/default.reference_output Output/spiff.out-nat; \
	  cat Output/spiff.out-nat; \
	fi
# Pretend that the reference output was produced instantaneously.
cp /home/ed/mcsema-testing/llvm-test-suite/instant.txt Output/spiff.out-nat.time
/home/ed/mcsema-testing/llvm-test-suite/DiffOutput.sh "/home/ed/mcsema-testing/SANDBOX/test-2015-12-21_15-36-50/tools/fpcmp " simple spiff 
rm -f Output/spiff.exe-simple
cp Output/spiff.diff-simple Output/spiff.exe-simple
if test -f Output/spiff.extra-results.txt; then \
	  /home/ed/mcsema-testing/llvm-test-suite/ParseMultipleResults /home/ed/mcsema-testing/SANDBOX/test-2015-12-21_15-36-50/MultiSource/Applications/spiff/spiff Output/spiff.extra-results.txt >> Output/spiff.simple.exec.report.txt; \
	fi
cat Output/spiff.simple.compile.report.txt Output/spiff.simple.exec.report.txt >> Output/spiff.simple.report.txt
---------------------------------------------------------------
>>> ========= '/home/ed/mcsema-testing/SANDBOX/test-2015-12-21_15-36-50/MultiSource/Applications/spiff/spiff' Program
---------------------------------------------------------------

TEST-PASS: compile /home/ed/mcsema-testing/SANDBOX/test-2015-12-21_15-36-50/MultiSource/Applications/spiff/spiff
TEST-RESULT-compile-success: pass
TEST-RESULT-compile-hash: 50bf572478f2268f82d81fd6565510e2
TEST-RESULT-compile-time: user 0.770700
TEST-RESULT-compile-real-time: real 1.040200

TEST-PASS: exec /home/ed/mcsema-testing/SANDBOX/test-2015-12-21_15-36-50/MultiSource/Applications/spiff/spiff
TEST-RESULT-exec-success: pass
TEST-RESULT-exec-time: user       1.8967
TEST-RESULT-exec-real-time: real       3.7926
make[4]: Leaving directory `/home/ed/mcsema-testing/SANDBOX/test-2015-12-21_15-36-50/MultiSource/Applications/spiff'
make[4]: Entering directory `/home/ed/mcsema-testing/SANDBOX/test-2015-12-21_15-36-50/MultiSource/Applications/treecc'
/home/ed/mcsema-testing/llvm-test-suite/RunSafely.sh --show-errors -t "/home/ed/mcsema-testing/SANDBOX/test-2015-12-21_15-36-50/tools/timeit" 500 /dev/null Output/context.llvm.o.compile \
	  /usr/bin/clang -I/home/ed/mcsema-testing/SANDBOX/test-2015-12-21_15-36-50/MultiSource/Applications/treecc -I/home/ed/mcsema-testing/llvm-test-suite/MultiSource/Applications/treecc -I/home/ed/mcsema-testing/llvm-test-suite/include -I../../../include -D_GNU_SOURCE -D__STDC_LIMIT_MACROS -DNDEBUG  -O3  -m64 -fomit-frame-pointer -c /home/ed/mcsema-testing/llvm-test-suite/MultiSource/Applications/treecc/context.c -o Output/context.llvm.o
/home/ed/mcsema-testing/llvm-test-suite/RunSafely.sh --show-errors -t "/home/ed/mcsema-testing/SANDBOX/test-2015-12-21_15-36-50/tools/timeit" 500 /dev/null Output/errors.llvm.o.compile \
	  /usr/bin/clang -I/home/ed/mcsema-testing/SANDBOX/test-2015-12-21_15-36-50/MultiSource/Applications/treecc -I/home/ed/mcsema-testing/llvm-test-suite/MultiSource/Applications/treecc -I/home/ed/mcsema-testing/llvm-test-suite/include -I../../../include -D_GNU_SOURCE -D__STDC_LIMIT_MACROS -DNDEBUG  -O3  -m64 -fomit-frame-pointer -c /home/ed/mcsema-testing/llvm-test-suite/MultiSource/Applications/treecc/errors.c -o Output/errors.llvm.o
/home/ed/mcsema-testing/llvm-test-suite/RunSafely.sh --show-errors -t "/home/ed/mcsema-testing/SANDBOX/test-2015-12-21_15-36-50/tools/timeit" 500 /dev/null Output/gen.llvm.o.compile \
	  /usr/bin/clang -I/home/ed/mcsema-testing/SANDBOX/test-2015-12-21_15-36-50/MultiSource/Applications/treecc -I/home/ed/mcsema-testing/llvm-test-suite/MultiSource/Applications/treecc -I/home/ed/mcsema-testing/llvm-test-suite/include -I../../../include -D_GNU_SOURCE -D__STDC_LIMIT_MACROS -DNDEBUG  -O3  -m64 -fomit-frame-pointer -c /home/ed/mcsema-testing/llvm-test-suite/MultiSource/Applications/treecc/gen.c -o Output/gen.llvm.o
/home/ed/mcsema-testing/llvm-test-suite/RunSafely.sh --show-errors -t "/home/ed/mcsema-testing/SANDBOX/test-2015-12-21_15-36-50/tools/timeit" 500 /dev/null Output/gen_c.llvm.o.compile \
	  /usr/bin/clang -I/home/ed/mcsema-testing/SANDBOX/test-2015-12-21_15-36-50/MultiSource/Applications/treecc -I/home/ed/mcsema-testing/llvm-test-suite/MultiSource/Applications/treecc -I/home/ed/mcsema-testing/llvm-test-suite/include -I../../../include -D_GNU_SOURCE -D__STDC_LIMIT_MACROS -DNDEBUG  -O3  -m64 -fomit-frame-pointer -c /home/ed/mcsema-testing/llvm-test-suite/MultiSource/Applications/treecc/gen_c.c -o Output/gen_c.llvm.o
/home/ed/mcsema-testing/llvm-test-suite/RunSafely.sh --show-errors -t "/home/ed/mcsema-testing/SANDBOX/test-2015-12-21_15-36-50/tools/timeit" 500 /dev/null Output/gen_cpp.llvm.o.compile \
	  /usr/bin/clang -I/home/ed/mcsema-testing/SANDBOX/test-2015-12-21_15-36-50/MultiSource/Applications/treecc -I/home/ed/mcsema-testing/llvm-test-suite/MultiSource/Applications/treecc -I/home/ed/mcsema-testing/llvm-test-suite/include -I../../../include -D_GNU_SOURCE -D__STDC_LIMIT_MACROS -DNDEBUG  -O3  -m64 -fomit-frame-pointer -c /home/ed/mcsema-testing/llvm-test-suite/MultiSource/Applications/treecc/gen_cpp.c -o Output/gen_cpp.llvm.o
/home/ed/mcsema-testing/llvm-test-suite/RunSafely.sh --show-errors -t "/home/ed/mcsema-testing/SANDBOX/test-2015-12-21_15-36-50/tools/timeit" 500 /dev/null Output/gen_cs.llvm.o.compile \
	  /usr/bin/clang -I/home/ed/mcsema-testing/SANDBOX/test-2015-12-21_15-36-50/MultiSource/Applications/treecc -I/home/ed/mcsema-testing/llvm-test-suite/MultiSource/Applications/treecc -I/home/ed/mcsema-testing/llvm-test-suite/include -I../../../include -D_GNU_SOURCE -D__STDC_LIMIT_MACROS -DNDEBUG  -O3  -m64 -fomit-frame-pointer -c /home/ed/mcsema-testing/llvm-test-suite/MultiSource/Applications/treecc/gen_cs.c -o Output/gen_cs.llvm.o
/home/ed/mcsema-testing/llvm-test-suite/RunSafely.sh --show-errors -t "/home/ed/mcsema-testing/SANDBOX/test-2015-12-21_15-36-50/tools/timeit" 500 /dev/null Output/gen_java.llvm.o.compile \
	  /usr/bin/clang -I/home/ed/mcsema-testing/SANDBOX/test-2015-12-21_15-36-50/MultiSource/Applications/treecc -I/home/ed/mcsema-testing/llvm-test-suite/MultiSource/Applications/treecc -I/home/ed/mcsema-testing/llvm-test-suite/include -I../../../include -D_GNU_SOURCE -D__STDC_LIMIT_MACROS -DNDEBUG  -O3  -m64 -fomit-frame-pointer -c /home/ed/mcsema-testing/llvm-test-suite/MultiSource/Applications/treecc/gen_java.c -o Output/gen_java.llvm.o
/home/ed/mcsema-testing/llvm-test-suite/RunSafely.sh --show-errors -t "/home/ed/mcsema-testing/SANDBOX/test-2015-12-21_15-36-50/tools/timeit" 500 /dev/null Output/gen_php.llvm.o.compile \
	  /usr/bin/clang -I/home/ed/mcsema-testing/SANDBOX/test-2015-12-21_15-36-50/MultiSource/Applications/treecc -I/home/ed/mcsema-testing/llvm-test-suite/MultiSource/Applications/treecc -I/home/ed/mcsema-testing/llvm-test-suite/include -I../../../include -D_GNU_SOURCE -D__STDC_LIMIT_MACROS -DNDEBUG  -O3  -m64 -fomit-frame-pointer -c /home/ed/mcsema-testing/llvm-test-suite/MultiSource/Applications/treecc/gen_php.c -o Output/gen_php.llvm.o
/home/ed/mcsema-testing/llvm-test-suite/RunSafely.sh --show-errors -t "/home/ed/mcsema-testing/SANDBOX/test-2015-12-21_15-36-50/tools/timeit" 500 /dev/null Output/gen_ruby.llvm.o.compile \
	  /usr/bin/clang -I/home/ed/mcsema-testing/SANDBOX/test-2015-12-21_15-36-50/MultiSource/Applications/treecc -I/home/ed/mcsema-testing/llvm-test-suite/MultiSource/Applications/treecc -I/home/ed/mcsema-testing/llvm-test-suite/include -I../../../include -D_GNU_SOURCE -D__STDC_LIMIT_MACROS -DNDEBUG  -O3  -m64 -fomit-frame-pointer -c /home/ed/mcsema-testing/llvm-test-suite/MultiSource/Applications/treecc/gen_ruby.c -o Output/gen_ruby.llvm.o
/home/ed/mcsema-testing/llvm-test-suite/RunSafely.sh --show-errors -t "/home/ed/mcsema-testing/SANDBOX/test-2015-12-21_15-36-50/tools/timeit" 500 /dev/null Output/input.llvm.o.compile \
	  /usr/bin/clang -I/home/ed/mcsema-testing/SANDBOX/test-2015-12-21_15-36-50/MultiSource/Applications/treecc -I/home/ed/mcsema-testing/llvm-test-suite/MultiSource/Applications/treecc -I/home/ed/mcsema-testing/llvm-test-suite/include -I../../../include -D_GNU_SOURCE -D__STDC_LIMIT_MACROS -DNDEBUG  -O3  -m64 -fomit-frame-pointer -c /home/ed/mcsema-testing/llvm-test-suite/MultiSource/Applications/treecc/input.c -o Output/input.llvm.o
/home/ed/mcsema-testing/llvm-test-suite/RunSafely.sh --show-errors -t "/home/ed/mcsema-testing/SANDBOX/test-2015-12-21_15-36-50/tools/timeit" 500 /dev/null Output/literal.llvm.o.compile \
	  /usr/bin/clang -I/home/ed/mcsema-testing/SANDBOX/test-2015-12-21_15-36-50/MultiSource/Applications/treecc -I/home/ed/mcsema-testing/llvm-test-suite/MultiSource/Applications/treecc -I/home/ed/mcsema-testing/llvm-test-suite/include -I../../../include -D_GNU_SOURCE -D__STDC_LIMIT_MACROS -DNDEBUG  -O3  -m64 -fomit-frame-pointer -c /home/ed/mcsema-testing/llvm-test-suite/MultiSource/Applications/treecc/literal.c -o Output/literal.llvm.o
/home/ed/mcsema-testing/llvm-test-suite/RunSafely.sh --show-errors -t "/home/ed/mcsema-testing/SANDBOX/test-2015-12-21_15-36-50/tools/timeit" 500 /dev/null Output/main.llvm.o.compile \
	  /usr/bin/clang -I/home/ed/mcsema-testing/SANDBOX/test-2015-12-21_15-36-50/MultiSource/Applications/treecc -I/home/ed/mcsema-testing/llvm-test-suite/MultiSource/Applications/treecc -I/home/ed/mcsema-testing/llvm-test-suite/include -I../../../include -D_GNU_SOURCE -D__STDC_LIMIT_MACROS -DNDEBUG  -O3  -m64 -fomit-frame-pointer -c /home/ed/mcsema-testing/llvm-test-suite/MultiSource/Applications/treecc/main.c -o Output/main.llvm.o
/home/ed/mcsema-testing/llvm-test-suite/RunSafely.sh --show-errors -t "/home/ed/mcsema-testing/SANDBOX/test-2015-12-21_15-36-50/tools/timeit" 500 /dev/null Output/node.llvm.o.compile \
	  /usr/bin/clang -I/home/ed/mcsema-testing/SANDBOX/test-2015-12-21_15-36-50/MultiSource/Applications/treecc -I/home/ed/mcsema-testing/llvm-test-suite/MultiSource/Applications/treecc -I/home/ed/mcsema-testing/llvm-test-suite/include -I../../../include -D_GNU_SOURCE -D__STDC_LIMIT_MACROS -DNDEBUG  -O3  -m64 -fomit-frame-pointer -c /home/ed/mcsema-testing/llvm-test-suite/MultiSource/Applications/treecc/node.c -o Output/node.llvm.o
/home/ed/mcsema-testing/llvm-test-suite/RunSafely.sh --show-errors -t "/home/ed/mcsema-testing/SANDBOX/test-2015-12-21_15-36-50/tools/timeit" 500 /dev/null Output/oper.llvm.o.compile \
	  /usr/bin/clang -I/home/ed/mcsema-testing/SANDBOX/test-2015-12-21_15-36-50/MultiSource/Applications/treecc -I/home/ed/mcsema-testing/llvm-test-suite/MultiSource/Applications/treecc -I/home/ed/mcsema-testing/llvm-test-suite/include -I../../../include -D_GNU_SOURCE -D__STDC_LIMIT_MACROS -DNDEBUG  -O3  -m64 -fomit-frame-pointer -c /home/ed/mcsema-testing/llvm-test-suite/MultiSource/Applications/treecc/oper.c -o Output/oper.llvm.o
/home/ed/mcsema-testing/llvm-test-suite/RunSafely.sh --show-errors -t "/home/ed/mcsema-testing/SANDBOX/test-2015-12-21_15-36-50/tools/timeit" 500 /dev/null Output/options.llvm.o.compile \
	  /usr/bin/clang -I/home/ed/mcsema-testing/SANDBOX/test-2015-12-21_15-36-50/MultiSource/Applications/treecc -I/home/ed/mcsema-testing/llvm-test-suite/MultiSource/Applications/treecc -I/home/ed/mcsema-testing/llvm-test-suite/include -I../../../include -D_GNU_SOURCE -D__STDC_LIMIT_MACROS -DNDEBUG  -O3  -m64 -fomit-frame-pointer -c /home/ed/mcsema-testing/llvm-test-suite/MultiSource/Applications/treecc/options.c -o Output/options.llvm.o
/home/ed/mcsema-testing/llvm-test-suite/RunSafely.sh --show-errors -t "/home/ed/mcsema-testing/SANDBOX/test-2015-12-21_15-36-50/tools/timeit" 500 /dev/null Output/parse.llvm.o.compile \
	  /usr/bin/clang -I/home/ed/mcsema-testing/SANDBOX/test-2015-12-21_15-36-50/MultiSource/Applications/treecc -I/home/ed/mcsema-testing/llvm-test-suite/MultiSource/Applications/treecc -I/home/ed/mcsema-testing/llvm-test-suite/include -I../../../include -D_GNU_SOURCE -D__STDC_LIMIT_MACROS -DNDEBUG  -O3  -m64 -fomit-frame-pointer -c /home/ed/mcsema-testing/llvm-test-suite/MultiSource/Applications/treecc/parse.c -o Output/parse.llvm.o
/home/ed/mcsema-testing/llvm-test-suite/RunSafely.sh --show-errors -t "/home/ed/mcsema-testing/SANDBOX/test-2015-12-21_15-36-50/tools/timeit" 500 /dev/null Output/skeleton.llvm.o.compile \
	  /usr/bin/clang -I/home/ed/mcsema-testing/SANDBOX/test-2015-12-21_15-36-50/MultiSource/Applications/treecc -I/home/ed/mcsema-testing/llvm-test-suite/MultiSource/Applications/treecc -I/home/ed/mcsema-testing/llvm-test-suite/include -I../../../include -D_GNU_SOURCE -D__STDC_LIMIT_MACROS -DNDEBUG  -O3  -m64 -fomit-frame-pointer -c /home/ed/mcsema-testing/llvm-test-suite/MultiSource/Applications/treecc/skeleton.c -o Output/skeleton.llvm.o
/home/ed/mcsema-testing/llvm-test-suite/RunSafely.sh --show-errors -t "/home/ed/mcsema-testing/SANDBOX/test-2015-12-21_15-36-50/tools/timeit" 500 /dev/null Output/skels.llvm.o.compile \
	  /usr/bin/clang -I/home/ed/mcsema-testing/SANDBOX/test-2015-12-21_15-36-50/MultiSource/Applications/treecc -I/home/ed/mcsema-testing/llvm-test-suite/MultiSource/Applications/treecc -I/home/ed/mcsema-testing/llvm-test-suite/include -I../../../include -D_GNU_SOURCE -D__STDC_LIMIT_MACROS -DNDEBUG  -O3  -m64 -fomit-frame-pointer -c /home/ed/mcsema-testing/llvm-test-suite/MultiSource/Applications/treecc/skels.c -o Output/skels.llvm.o
/home/ed/mcsema-testing/llvm-test-suite/RunSafely.sh --show-errors -t "/home/ed/mcsema-testing/SANDBOX/test-2015-12-21_15-36-50/tools/timeit" 500 /dev/null Output/stream.llvm.o.compile \
	  /usr/bin/clang -I/home/ed/mcsema-testing/SANDBOX/test-2015-12-21_15-36-50/MultiSource/Applications/treecc -I/home/ed/mcsema-testing/llvm-test-suite/MultiSource/Applications/treecc -I/home/ed/mcsema-testing/llvm-test-suite/include -I../../../include -D_GNU_SOURCE -D__STDC_LIMIT_MACROS -DNDEBUG  -O3  -m64 -fomit-frame-pointer -c /home/ed/mcsema-testing/llvm-test-suite/MultiSource/Applications/treecc/stream.c -o Output/stream.llvm.o
/usr/bin/clang++ -o Output/treecc.simple Output/context.llvm.o Output/errors.llvm.o Output/gen.llvm.o Output/gen_c.llvm.o Output/gen_cpp.llvm.o Output/gen_cs.llvm.o Output/gen_java.llvm.o Output/gen_php.llvm.o Output/gen_ruby.llvm.o Output/input.llvm.o Output/literal.llvm.o Output/main.llvm.o Output/node.llvm.o Output/oper.llvm.o Output/options.llvm.o Output/parse.llvm.o Output/skeleton.llvm.o Output/skels.llvm.o Output/stream.llvm.o    -m64 -fomit-frame-pointer
/home/ed/mcsema-testing/llvm-test-suite/RunSafely.sh -t "/home/ed/mcsema-testing/SANDBOX/test-2015-12-21_15-36-50/tools/timeit-target" 500 /dev/null Output/treecc.out-simple Output/treecc.simple -n /home/ed/mcsema-testing/llvm-test-suite/MultiSource/Applications/treecc/examples/expr_cpp.tc
cp Output/treecc.simple Output/treecc.simple-hash; \
	strip --remove-section=.comment --remove-section='.note*' Output/treecc.simple-hash; \
	/home/ed/mcsema-testing/llvm-test-suite/HashProgramOutput.sh Output/treecc.simple-hash
if [ -f "/home/ed/mcsema-testing/llvm-test-suite/MultiSource/Applications/treecc/treecc.reference_output.little-endian." ]; then \
	  cp /home/ed/mcsema-testing/llvm-test-suite/MultiSource/Applications/treecc/treecc.reference_output.little-endian. Output/treecc.out-nat; \
	elif [ -f "/home/ed/mcsema-testing/llvm-test-suite/MultiSource/Applications/treecc/treecc.reference_output." ]; then \
	  cp /home/ed/mcsema-testing/llvm-test-suite/MultiSource/Applications/treecc/treecc.reference_output. Output/treecc.out-nat; \
	elif [ -f "/home/ed/mcsema-testing/llvm-test-suite/MultiSource/Applications/treecc/treecc.reference_output.little-endian" ]; then \
	  cp /home/ed/mcsema-testing/llvm-test-suite/MultiSource/Applications/treecc/treecc.reference_output.little-endian Output/treecc.out-nat; \
	elif [ -f "/home/ed/mcsema-testing/llvm-test-suite/MultiSource/Applications/treecc/treecc.reference_output" ]; then \
	  cp /home/ed/mcsema-testing/llvm-test-suite/MultiSource/Applications/treecc/treecc.reference_output Output/treecc.out-nat; \
	else \
	  printf "WARNING: %s: %s\n" "NO REFERENCE OUTPUT (using default)" "/home/ed/mcsema-testing/llvm-test-suite/MultiSource/Applications/treecc/treecc.reference_output" > Output/treecc.out-nat; \
	  cp /home/ed/mcsema-testing/llvm-test-suite/default.reference_output Output/treecc.out-nat; \
	  cat Output/treecc.out-nat; \
	fi
# Pretend that the reference output was produced instantaneously.
cp /home/ed/mcsema-testing/llvm-test-suite/instant.txt Output/treecc.out-nat.time
/home/ed/mcsema-testing/llvm-test-suite/DiffOutput.sh "/home/ed/mcsema-testing/SANDBOX/test-2015-12-21_15-36-50/tools/fpcmp " simple treecc 
rm -f Output/treecc.exe-simple
cp Output/treecc.diff-simple Output/treecc.exe-simple
if test -f Output/treecc.extra-results.txt; then \
	  /home/ed/mcsema-testing/llvm-test-suite/ParseMultipleResults /home/ed/mcsema-testing/SANDBOX/test-2015-12-21_15-36-50/MultiSource/Applications/treecc/treecc Output/treecc.extra-results.txt >> Output/treecc.simple.exec.report.txt; \
	fi
cat Output/treecc.simple.compile.report.txt Output/treecc.simple.exec.report.txt >> Output/treecc.simple.report.txt
---------------------------------------------------------------
>>> ========= '/home/ed/mcsema-testing/SANDBOX/test-2015-12-21_15-36-50/MultiSource/Applications/treecc/treecc' Program
---------------------------------------------------------------

TEST-PASS: compile /home/ed/mcsema-testing/SANDBOX/test-2015-12-21_15-36-50/MultiSource/Applications/treecc/treecc
TEST-RESULT-compile-success: pass
TEST-RESULT-compile-hash: 8e5802e295daf81d40e7df44c2bb374e
TEST-RESULT-compile-time: user 1.601100
TEST-RESULT-compile-real-time: real 2.040100

TEST-PASS: exec /home/ed/mcsema-testing/SANDBOX/test-2015-12-21_15-36-50/MultiSource/Applications/treecc/treecc
TEST-RESULT-exec-success: pass
TEST-RESULT-exec-time: user       0.0010
TEST-RESULT-exec-real-time: real       0.0021
make[4]: Leaving directory `/home/ed/mcsema-testing/SANDBOX/test-2015-12-21_15-36-50/MultiSource/Applications/treecc'
make[4]: Entering directory `/home/ed/mcsema-testing/SANDBOX/test-2015-12-21_15-36-50/MultiSource/Applications/SPASS'
/home/ed/mcsema-testing/llvm-test-suite/RunSafely.sh --show-errors -t "/home/ed/mcsema-testing/SANDBOX/test-2015-12-21_15-36-50/tools/timeit" 500 /dev/null Output/analyze.llvm.o.compile \
	  /usr/bin/clang -DCLOCK_NO_TIMING -fno-strict-aliasing -w -I/home/ed/mcsema-testing/SANDBOX/test-2015-12-21_15-36-50/MultiSource/Applications/SPASS -I/home/ed/mcsema-testing/llvm-test-suite/MultiSource/Applications/SPASS -I/home/ed/mcsema-testing/llvm-test-suite/include -I../../../include -D_GNU_SOURCE -D__STDC_LIMIT_MACROS -DNDEBUG  -O3  -m64 -fomit-frame-pointer -c /home/ed/mcsema-testing/llvm-test-suite/MultiSource/Applications/SPASS/analyze.c -o Output/analyze.llvm.o
/home/ed/mcsema-testing/llvm-test-suite/RunSafely.sh --show-errors -t "/home/ed/mcsema-testing/SANDBOX/test-2015-12-21_15-36-50/tools/timeit" 500 /dev/null Output/clause.llvm.o.compile \
	  /usr/bin/clang -DCLOCK_NO_TIMING -fno-strict-aliasing -w -I/home/ed/mcsema-testing/SANDBOX/test-2015-12-21_15-36-50/MultiSource/Applications/SPASS -I/home/ed/mcsema-testing/llvm-test-suite/MultiSource/Applications/SPASS -I/home/ed/mcsema-testing/llvm-test-suite/include -I../../../include -D_GNU_SOURCE -D__STDC_LIMIT_MACROS -DNDEBUG  -O3  -m64 -fomit-frame-pointer -c /home/ed/mcsema-testing/llvm-test-suite/MultiSource/Applications/SPASS/clause.c -o Output/clause.llvm.o
/home/ed/mcsema-testing/llvm-test-suite/RunSafely.sh --show-errors -t "/home/ed/mcsema-testing/SANDBOX/test-2015-12-21_15-36-50/tools/timeit" 500 /dev/null Output/clock.llvm.o.compile \
	  /usr/bin/clang -DCLOCK_NO_TIMING -fno-strict-aliasing -w -I/home/ed/mcsema-testing/SANDBOX/test-2015-12-21_15-36-50/MultiSource/Applications/SPASS -I/home/ed/mcsema-testing/llvm-test-suite/MultiSource/Applications/SPASS -I/home/ed/mcsema-testing/llvm-test-suite/include -I../../../include -D_GNU_SOURCE -D__STDC_LIMIT_MACROS -DNDEBUG  -O3  -m64 -fomit-frame-pointer -c /home/ed/mcsema-testing/llvm-test-suite/MultiSource/Applications/SPASS/clock.c -o Output/clock.llvm.o
/home/ed/mcsema-testing/llvm-test-suite/RunSafely.sh --show-errors -t "/home/ed/mcsema-testing/SANDBOX/test-2015-12-21_15-36-50/tools/timeit" 500 /dev/null Output/closure.llvm.o.compile \
	  /usr/bin/clang -DCLOCK_NO_TIMING -fno-strict-aliasing -w -I/home/ed/mcsema-testing/SANDBOX/test-2015-12-21_15-36-50/MultiSource/Applications/SPASS -I/home/ed/mcsema-testing/llvm-test-suite/MultiSource/Applications/SPASS -I/home/ed/mcsema-testing/llvm-test-suite/include -I../../../include -D_GNU_SOURCE -D__STDC_LIMIT_MACROS -DNDEBUG  -O3  -m64 -fomit-frame-pointer -c /home/ed/mcsema-testing/llvm-test-suite/MultiSource/Applications/SPASS/closure.c -o Output/closure.llvm.o
/home/ed/mcsema-testing/llvm-test-suite/RunSafely.sh --show-errors -t "/home/ed/mcsema-testing/SANDBOX/test-2015-12-21_15-36-50/tools/timeit" 500 /dev/null Output/cnf.llvm.o.compile \
	  /usr/bin/clang -DCLOCK_NO_TIMING -fno-strict-aliasing -w -I/home/ed/mcsema-testing/SANDBOX/test-2015-12-21_15-36-50/MultiSource/Applications/SPASS -I/home/ed/mcsema-testing/llvm-test-suite/MultiSource/Applications/SPASS -I/home/ed/mcsema-testing/llvm-test-suite/include -I../../../include -D_GNU_SOURCE -D__STDC_LIMIT_MACROS -DNDEBUG  -O3  -m64 -fomit-frame-pointer -c /home/ed/mcsema-testing/llvm-test-suite/MultiSource/Applications/SPASS/cnf.c -o Output/cnf.llvm.o
/home/ed/mcsema-testing/llvm-test-suite/RunSafely.sh --show-errors -t "/home/ed/mcsema-testing/SANDBOX/test-2015-12-21_15-36-50/tools/timeit" 500 /dev/null Output/component.llvm.o.compile \
	  /usr/bin/clang -DCLOCK_NO_TIMING -fno-strict-aliasing -w -I/home/ed/mcsema-testing/SANDBOX/test-2015-12-21_15-36-50/MultiSource/Applications/SPASS -I/home/ed/mcsema-testing/llvm-test-suite/MultiSource/Applications/SPASS -I/home/ed/mcsema-testing/llvm-test-suite/include -I../../../include -D_GNU_SOURCE -D__STDC_LIMIT_MACROS -DNDEBUG  -O3  -m64 -fomit-frame-pointer -c /home/ed/mcsema-testing/llvm-test-suite/MultiSource/Applications/SPASS/component.c -o Output/component.llvm.o
/home/ed/mcsema-testing/llvm-test-suite/RunSafely.sh --show-errors -t "/home/ed/mcsema-testing/SANDBOX/test-2015-12-21_15-36-50/tools/timeit" 500 /dev/null Output/condensing.llvm.o.compile \
	  /usr/bin/clang -DCLOCK_NO_TIMING -fno-strict-aliasing -w -I/home/ed/mcsema-testing/SANDBOX/test-2015-12-21_15-36-50/MultiSource/Applications/SPASS -I/home/ed/mcsema-testing/llvm-test-suite/MultiSource/Applications/SPASS -I/home/ed/mcsema-testing/llvm-test-suite/include -I../../../include -D_GNU_SOURCE -D__STDC_LIMIT_MACROS -DNDEBUG  -O3  -m64 -fomit-frame-pointer -c /home/ed/mcsema-testing/llvm-test-suite/MultiSource/Applications/SPASS/condensing.c -o Output/condensing.llvm.o
/home/ed/mcsema-testing/llvm-test-suite/RunSafely.sh --show-errors -t "/home/ed/mcsema-testing/SANDBOX/test-2015-12-21_15-36-50/tools/timeit" 500 /dev/null Output/context.llvm.o.compile \
	  /usr/bin/clang -DCLOCK_NO_TIMING -fno-strict-aliasing -w -I/home/ed/mcsema-testing/SANDBOX/test-2015-12-21_15-36-50/MultiSource/Applications/SPASS -I/home/ed/mcsema-testing/llvm-test-suite/MultiSource/Applications/SPASS -I/home/ed/mcsema-testing/llvm-test-suite/include -I../../../include -D_GNU_SOURCE -D__STDC_LIMIT_MACROS -DNDEBUG  -O3  -m64 -fomit-frame-pointer -c /home/ed/mcsema-testing/llvm-test-suite/MultiSource/Applications/SPASS/context.c -o Output/context.llvm.o
/home/ed/mcsema-testing/llvm-test-suite/RunSafely.sh --show-errors -t "/home/ed/mcsema-testing/SANDBOX/test-2015-12-21_15-36-50/tools/timeit" 500 /dev/null Output/defs.llvm.o.compile \
	  /usr/bin/clang -DCLOCK_NO_TIMING -fno-strict-aliasing -w -I/home/ed/mcsema-testing/SANDBOX/test-2015-12-21_15-36-50/MultiSource/Applications/SPASS -I/home/ed/mcsema-testing/llvm-test-suite/MultiSource/Applications/SPASS -I/home/ed/mcsema-testing/llvm-test-suite/include -I../../../include -D_GNU_SOURCE -D__STDC_LIMIT_MACROS -DNDEBUG  -O3  -m64 -fomit-frame-pointer -c /home/ed/mcsema-testing/llvm-test-suite/MultiSource/Applications/SPASS/defs.c -o Output/defs.llvm.o
/home/ed/mcsema-testing/llvm-test-suite/RunSafely.sh --show-errors -t "/home/ed/mcsema-testing/SANDBOX/test-2015-12-21_15-36-50/tools/timeit" 500 /dev/null Output/dfgparser.llvm.o.compile \
	  /usr/bin/clang -DCLOCK_NO_TIMING -fno-strict-aliasing -w -I/home/ed/mcsema-testing/SANDBOX/test-2015-12-21_15-36-50/MultiSource/Applications/SPASS -I/home/ed/mcsema-testing/llvm-test-suite/MultiSource/Applications/SPASS -I/home/ed/mcsema-testing/llvm-test-suite/include -I../../../include -D_GNU_SOURCE -D__STDC_LIMIT_MACROS -DNDEBUG  -O3  -m64 -fomit-frame-pointer -c /home/ed/mcsema-testing/llvm-test-suite/MultiSource/Applications/SPASS/dfgparser.c -o Output/dfgparser.llvm.o
/home/ed/mcsema-testing/llvm-test-suite/RunSafely.sh --show-errors -t "/home/ed/mcsema-testing/SANDBOX/test-2015-12-21_15-36-50/tools/timeit" 500 /dev/null Output/dfgscanner.llvm.o.compile \
	  /usr/bin/clang -DCLOCK_NO_TIMING -fno-strict-aliasing -w -I/home/ed/mcsema-testing/SANDBOX/test-2015-12-21_15-36-50/MultiSource/Applications/SPASS -I/home/ed/mcsema-testing/llvm-test-suite/MultiSource/Applications/SPASS -I/home/ed/mcsema-testing/llvm-test-suite/include -I../../../include -D_GNU_SOURCE -D__STDC_LIMIT_MACROS -DNDEBUG  -O3  -m64 -fomit-frame-pointer -c /home/ed/mcsema-testing/llvm-test-suite/MultiSource/Applications/SPASS/dfgscanner.c -o Output/dfgscanner.llvm.o
/home/ed/mcsema-testing/llvm-test-suite/RunSafely.sh --show-errors -t "/home/ed/mcsema-testing/SANDBOX/test-2015-12-21_15-36-50/tools/timeit" 500 /dev/null Output/doc-proof.llvm.o.compile \
	  /usr/bin/clang -DCLOCK_NO_TIMING -fno-strict-aliasing -w -I/home/ed/mcsema-testing/SANDBOX/test-2015-12-21_15-36-50/MultiSource/Applications/SPASS -I/home/ed/mcsema-testing/llvm-test-suite/MultiSource/Applications/SPASS -I/home/ed/mcsema-testing/llvm-test-suite/include -I../../../include -D_GNU_SOURCE -D__STDC_LIMIT_MACROS -DNDEBUG  -O3  -m64 -fomit-frame-pointer -c /home/ed/mcsema-testing/llvm-test-suite/MultiSource/Applications/SPASS/doc-proof.c -o Output/doc-proof.llvm.o
/home/ed/mcsema-testing/llvm-test-suite/RunSafely.sh --show-errors -t "/home/ed/mcsema-testing/SANDBOX/test-2015-12-21_15-36-50/tools/timeit" 500 /dev/null Output/flags.llvm.o.compile \
	  /usr/bin/clang -DCLOCK_NO_TIMING -fno-strict-aliasing -w -I/home/ed/mcsema-testing/SANDBOX/test-2015-12-21_15-36-50/MultiSource/Applications/SPASS -I/home/ed/mcsema-testing/llvm-test-suite/MultiSource/Applications/SPASS -I/home/ed/mcsema-testing/llvm-test-suite/include -I../../../include -D_GNU_SOURCE -D__STDC_LIMIT_MACROS -DNDEBUG  -O3  -m64 -fomit-frame-pointer -c /home/ed/mcsema-testing/llvm-test-suite/MultiSource/Applications/SPASS/flags.c -o Output/flags.llvm.o
/home/ed/mcsema-testing/llvm-test-suite/RunSafely.sh --show-errors -t "/home/ed/mcsema-testing/SANDBOX/test-2015-12-21_15-36-50/tools/timeit" 500 /dev/null Output/foldfg.llvm.o.compile \
	  /usr/bin/clang -DCLOCK_NO_TIMING -fno-strict-aliasing -w -I/home/ed/mcsema-testing/SANDBOX/test-2015-12-21_15-36-50/MultiSource/Applications/SPASS -I/home/ed/mcsema-testing/llvm-test-suite/MultiSource/Applications/SPASS -I/home/ed/mcsema-testing/llvm-test-suite/include -I../../../include -D_GNU_SOURCE -D__STDC_LIMIT_MACROS -DNDEBUG  -O3  -m64 -fomit-frame-pointer -c /home/ed/mcsema-testing/llvm-test-suite/MultiSource/Applications/SPASS/foldfg.c -o Output/foldfg.llvm.o
/home/ed/mcsema-testing/llvm-test-suite/RunSafely.sh --show-errors -t "/home/ed/mcsema-testing/SANDBOX/test-2015-12-21_15-36-50/tools/timeit" 500 /dev/null Output/graph.llvm.o.compile \
	  /usr/bin/clang -DCLOCK_NO_TIMING -fno-strict-aliasing -w -I/home/ed/mcsema-testing/SANDBOX/test-2015-12-21_15-36-50/MultiSource/Applications/SPASS -I/home/ed/mcsema-testing/llvm-test-suite/MultiSource/Applications/SPASS -I/home/ed/mcsema-testing/llvm-test-suite/include -I../../../include -D_GNU_SOURCE -D__STDC_LIMIT_MACROS -DNDEBUG  -O3  -m64 -fomit-frame-pointer -c /home/ed/mcsema-testing/llvm-test-suite/MultiSource/Applications/SPASS/graph.c -o Output/graph.llvm.o
/home/ed/mcsema-testing/llvm-test-suite/RunSafely.sh --show-errors -t "/home/ed/mcsema-testing/SANDBOX/test-2015-12-21_15-36-50/tools/timeit" 500 /dev/null Output/hash.llvm.o.compile \
	  /usr/bin/clang -DCLOCK_NO_TIMING -fno-strict-aliasing -w -I/home/ed/mcsema-testing/SANDBOX/test-2015-12-21_15-36-50/MultiSource/Applications/SPASS -I/home/ed/mcsema-testing/llvm-test-suite/MultiSource/Applications/SPASS -I/home/ed/mcsema-testing/llvm-test-suite/include -I../../../include -D_GNU_SOURCE -D__STDC_LIMIT_MACROS -DNDEBUG  -O3  -m64 -fomit-frame-pointer -c /home/ed/mcsema-testing/llvm-test-suite/MultiSource/Applications/SPASS/hash.c -o Output/hash.llvm.o
/home/ed/mcsema-testing/llvm-test-suite/RunSafely.sh --show-errors -t "/home/ed/mcsema-testing/SANDBOX/test-2015-12-21_15-36-50/tools/timeit" 500 /dev/null Output/hasharray.llvm.o.compile \
	  /usr/bin/clang -DCLOCK_NO_TIMING -fno-strict-aliasing -w -I/home/ed/mcsema-testing/SANDBOX/test-2015-12-21_15-36-50/MultiSource/Applications/SPASS -I/home/ed/mcsema-testing/llvm-test-suite/MultiSource/Applications/SPASS -I/home/ed/mcsema-testing/llvm-test-suite/include -I../../../include -D_GNU_SOURCE -D__STDC_LIMIT_MACROS -DNDEBUG  -O3  -m64 -fomit-frame-pointer -c /home/ed/mcsema-testing/llvm-test-suite/MultiSource/Applications/SPASS/hasharray.c -o Output/hasharray.llvm.o
/home/ed/mcsema-testing/llvm-test-suite/RunSafely.sh --show-errors -t "/home/ed/mcsema-testing/SANDBOX/test-2015-12-21_15-36-50/tools/timeit" 500 /dev/null Output/iaparser.llvm.o.compile \
	  /usr/bin/clang -DCLOCK_NO_TIMING -fno-strict-aliasing -w -I/home/ed/mcsema-testing/SANDBOX/test-2015-12-21_15-36-50/MultiSource/Applications/SPASS -I/home/ed/mcsema-testing/llvm-test-suite/MultiSource/Applications/SPASS -I/home/ed/mcsema-testing/llvm-test-suite/include -I../../../include -D_GNU_SOURCE -D__STDC_LIMIT_MACROS -DNDEBUG  -O3  -m64 -fomit-frame-pointer -c /home/ed/mcsema-testing/llvm-test-suite/MultiSource/Applications/SPASS/iaparser.c -o Output/iaparser.llvm.o
/home/ed/mcsema-testing/llvm-test-suite/RunSafely.sh --show-errors -t "/home/ed/mcsema-testing/SANDBOX/test-2015-12-21_15-36-50/tools/timeit" 500 /dev/null Output/iascanner.llvm.o.compile \
	  /usr/bin/clang -DCLOCK_NO_TIMING -fno-strict-aliasing -w -I/home/ed/mcsema-testing/SANDBOX/test-2015-12-21_15-36-50/MultiSource/Applications/SPASS -I/home/ed/mcsema-testing/llvm-test-suite/MultiSource/Applications/SPASS -I/home/ed/mcsema-testing/llvm-test-suite/include -I../../../include -D_GNU_SOURCE -D__STDC_LIMIT_MACROS -DNDEBUG  -O3  -m64 -fomit-frame-pointer -c /home/ed/mcsema-testing/llvm-test-suite/MultiSource/Applications/SPASS/iascanner.c -o Output/iascanner.llvm.o
/home/ed/mcsema-testing/llvm-test-suite/RunSafely.sh --show-errors -t "/home/ed/mcsema-testing/SANDBOX/test-2015-12-21_15-36-50/tools/timeit" 500 /dev/null Output/kbo.llvm.o.compile \
	  /usr/bin/clang -DCLOCK_NO_TIMING -fno-strict-aliasing -w -I/home/ed/mcsema-testing/SANDBOX/test-2015-12-21_15-36-50/MultiSource/Applications/SPASS -I/home/ed/mcsema-testing/llvm-test-suite/MultiSource/Applications/SPASS -I/home/ed/mcsema-testing/llvm-test-suite/include -I../../../include -D_GNU_SOURCE -D__STDC_LIMIT_MACROS -DNDEBUG  -O3  -m64 -fomit-frame-pointer -c /home/ed/mcsema-testing/llvm-test-suite/MultiSource/Applications/SPASS/kbo.c -o Output/kbo.llvm.o
/home/ed/mcsema-testing/llvm-test-suite/RunSafely.sh --show-errors -t "/home/ed/mcsema-testing/SANDBOX/test-2015-12-21_15-36-50/tools/timeit" 500 /dev/null Output/list.llvm.o.compile \
	  /usr/bin/clang -DCLOCK_NO_TIMING -fno-strict-aliasing -w -I/home/ed/mcsema-testing/SANDBOX/test-2015-12-21_15-36-50/MultiSource/Applications/SPASS -I/home/ed/mcsema-testing/llvm-test-suite/MultiSource/Applications/SPASS -I/home/ed/mcsema-testing/llvm-test-suite/include -I../../../include -D_GNU_SOURCE -D__STDC_LIMIT_MACROS -DNDEBUG  -O3  -m64 -fomit-frame-pointer -c /home/ed/mcsema-testing/llvm-test-suite/MultiSource/Applications/SPASS/list.c -o Output/list.llvm.o
/home/ed/mcsema-testing/llvm-test-suite/RunSafely.sh --show-errors -t "/home/ed/mcsema-testing/SANDBOX/test-2015-12-21_15-36-50/tools/timeit" 500 /dev/null Output/memory.llvm.o.compile \
	  /usr/bin/clang -DCLOCK_NO_TIMING -fno-strict-aliasing -w -I/home/ed/mcsema-testing/SANDBOX/test-2015-12-21_15-36-50/MultiSource/Applications/SPASS -I/home/ed/mcsema-testing/llvm-test-suite/MultiSource/Applications/SPASS -I/home/ed/mcsema-testing/llvm-test-suite/include -I../../../include -D_GNU_SOURCE -D__STDC_LIMIT_MACROS -DNDEBUG  -O3  -m64 -fomit-frame-pointer -c /home/ed/mcsema-testing/llvm-test-suite/MultiSource/Applications/SPASS/memory.c -o Output/memory.llvm.o
/home/ed/mcsema-testing/llvm-test-suite/RunSafely.sh --show-errors -t "/home/ed/mcsema-testing/SANDBOX/test-2015-12-21_15-36-50/tools/timeit" 500 /dev/null Output/misc.llvm.o.compile \
	  /usr/bin/clang -DCLOCK_NO_TIMING -fno-strict-aliasing -w -I/home/ed/mcsema-testing/SANDBOX/test-2015-12-21_15-36-50/MultiSource/Applications/SPASS -I/home/ed/mcsema-testing/llvm-test-suite/MultiSource/Applications/SPASS -I/home/ed/mcsema-testing/llvm-test-suite/include -I../../../include -D_GNU_SOURCE -D__STDC_LIMIT_MACROS -DNDEBUG  -O3  -m64 -fomit-frame-pointer -c /home/ed/mcsema-testing/llvm-test-suite/MultiSource/Applications/SPASS/misc.c -o Output/misc.llvm.o
/home/ed/mcsema-testing/llvm-test-suite/RunSafely.sh --show-errors -t "/home/ed/mcsema-testing/SANDBOX/test-2015-12-21_15-36-50/tools/timeit" 500 /dev/null Output/options.llvm.o.compile \
	  /usr/bin/clang -DCLOCK_NO_TIMING -fno-strict-aliasing -w -I/home/ed/mcsema-testing/SANDBOX/test-2015-12-21_15-36-50/MultiSource/Applications/SPASS -I/home/ed/mcsema-testing/llvm-test-suite/MultiSource/Applications/SPASS -I/home/ed/mcsema-testing/llvm-test-suite/include -I../../../include -D_GNU_SOURCE -D__STDC_LIMIT_MACROS -DNDEBUG  -O3  -m64 -fomit-frame-pointer -c /home/ed/mcsema-testing/llvm-test-suite/MultiSource/Applications/SPASS/options.c -o Output/options.llvm.o
/home/ed/mcsema-testing/llvm-test-suite/RunSafely.sh --show-errors -t "/home/ed/mcsema-testing/SANDBOX/test-2015-12-21_15-36-50/tools/timeit" 500 /dev/null Output/order.llvm.o.compile \
	  /usr/bin/clang -DCLOCK_NO_TIMING -fno-strict-aliasing -w -I/home/ed/mcsema-testing/SANDBOX/test-2015-12-21_15-36-50/MultiSource/Applications/SPASS -I/home/ed/mcsema-testing/llvm-test-suite/MultiSource/Applications/SPASS -I/home/ed/mcsema-testing/llvm-test-suite/include -I../../../include -D_GNU_SOURCE -D__STDC_LIMIT_MACROS -DNDEBUG  -O3  -m64 -fomit-frame-pointer -c /home/ed/mcsema-testing/llvm-test-suite/MultiSource/Applications/SPASS/order.c -o Output/order.llvm.o
/home/ed/mcsema-testing/llvm-test-suite/RunSafely.sh --show-errors -t "/home/ed/mcsema-testing/SANDBOX/test-2015-12-21_15-36-50/tools/timeit" 500 /dev/null Output/partition.llvm.o.compile \
	  /usr/bin/clang -DCLOCK_NO_TIMING -fno-strict-aliasing -w -I/home/ed/mcsema-testing/SANDBOX/test-2015-12-21_15-36-50/MultiSource/Applications/SPASS -I/home/ed/mcsema-testing/llvm-test-suite/MultiSource/Applications/SPASS -I/home/ed/mcsema-testing/llvm-test-suite/include -I../../../include -D_GNU_SOURCE -D__STDC_LIMIT_MACROS -DNDEBUG  -O3  -m64 -fomit-frame-pointer -c /home/ed/mcsema-testing/llvm-test-suite/MultiSource/Applications/SPASS/partition.c -o Output/partition.llvm.o
/home/ed/mcsema-testing/llvm-test-suite/RunSafely.sh --show-errors -t "/home/ed/mcsema-testing/SANDBOX/test-2015-12-21_15-36-50/tools/timeit" 500 /dev/null Output/proofcheck.llvm.o.compile \
	  /usr/bin/clang -DCLOCK_NO_TIMING -fno-strict-aliasing -w -I/home/ed/mcsema-testing/SANDBOX/test-2015-12-21_15-36-50/MultiSource/Applications/SPASS -I/home/ed/mcsema-testing/llvm-test-suite/MultiSource/Applications/SPASS -I/home/ed/mcsema-testing/llvm-test-suite/include -I../../../include -D_GNU_SOURCE -D__STDC_LIMIT_MACROS -DNDEBUG  -O3  -m64 -fomit-frame-pointer -c /home/ed/mcsema-testing/llvm-test-suite/MultiSource/Applications/SPASS/proofcheck.c -o Output/proofcheck.llvm.o
/home/ed/mcsema-testing/llvm-test-suite/RunSafely.sh --show-errors -t "/home/ed/mcsema-testing/SANDBOX/test-2015-12-21_15-36-50/tools/timeit" 500 /dev/null Output/renaming.llvm.o.compile \
	  /usr/bin/clang -DCLOCK_NO_TIMING -fno-strict-aliasing -w -I/home/ed/mcsema-testing/SANDBOX/test-2015-12-21_15-36-50/MultiSource/Applications/SPASS -I/home/ed/mcsema-testing/llvm-test-suite/MultiSource/Applications/SPASS -I/home/ed/mcsema-testing/llvm-test-suite/include -I../../../include -D_GNU_SOURCE -D__STDC_LIMIT_MACROS -DNDEBUG  -O3  -m64 -fomit-frame-pointer -c /home/ed/mcsema-testing/llvm-test-suite/MultiSource/Applications/SPASS/renaming.c -o Output/renaming.llvm.o
/home/ed/mcsema-testing/llvm-test-suite/RunSafely.sh --show-errors -t "/home/ed/mcsema-testing/SANDBOX/test-2015-12-21_15-36-50/tools/timeit" 500 /dev/null Output/resolution.llvm.o.compile \
	  /usr/bin/clang -DCLOCK_NO_TIMING -fno-strict-aliasing -w -I/home/ed/mcsema-testing/SANDBOX/test-2015-12-21_15-36-50/MultiSource/Applications/SPASS -I/home/ed/mcsema-testing/llvm-test-suite/MultiSource/Applications/SPASS -I/home/ed/mcsema-testing/llvm-test-suite/include -I../../../include -D_GNU_SOURCE -D__STDC_LIMIT_MACROS -DNDEBUG  -O3  -m64 -fomit-frame-pointer -c /home/ed/mcsema-testing/llvm-test-suite/MultiSource/Applications/SPASS/resolution.c -o Output/resolution.llvm.o
/home/ed/mcsema-testing/llvm-test-suite/RunSafely.sh --show-errors -t "/home/ed/mcsema-testing/SANDBOX/test-2015-12-21_15-36-50/tools/timeit" 500 /dev/null Output/rpos.llvm.o.compile \
	  /usr/bin/clang -DCLOCK_NO_TIMING -fno-strict-aliasing -w -I/home/ed/mcsema-testing/SANDBOX/test-2015-12-21_15-36-50/MultiSource/Applications/SPASS -I/home/ed/mcsema-testing/llvm-test-suite/MultiSource/Applications/SPASS -I/home/ed/mcsema-testing/llvm-test-suite/include -I../../../include -D_GNU_SOURCE -D__STDC_LIMIT_MACROS -DNDEBUG  -O3  -m64 -fomit-frame-pointer -c /home/ed/mcsema-testing/llvm-test-suite/MultiSource/Applications/SPASS/rpos.c -o Output/rpos.llvm.o
/home/ed/mcsema-testing/llvm-test-suite/RunSafely.sh --show-errors -t "/home/ed/mcsema-testing/SANDBOX/test-2015-12-21_15-36-50/tools/timeit" 500 /dev/null Output/rules-inf.llvm.o.compile \
	  /usr/bin/clang -DCLOCK_NO_TIMING -fno-strict-aliasing -w -I/home/ed/mcsema-testing/SANDBOX/test-2015-12-21_15-36-50/MultiSource/Applications/SPASS -I/home/ed/mcsema-testing/llvm-test-suite/MultiSource/Applications/SPASS -I/home/ed/mcsema-testing/llvm-test-suite/include -I../../../include -D_GNU_SOURCE -D__STDC_LIMIT_MACROS -DNDEBUG  -O3  -m64 -fomit-frame-pointer -c /home/ed/mcsema-testing/llvm-test-suite/MultiSource/Applications/SPASS/rules-inf.c -o Output/rules-inf.llvm.o
/home/ed/mcsema-testing/llvm-test-suite/RunSafely.sh --show-errors -t "/home/ed/mcsema-testing/SANDBOX/test-2015-12-21_15-36-50/tools/timeit" 500 /dev/null Output/rules-red.llvm.o.compile \
	  /usr/bin/clang -DCLOCK_NO_TIMING -fno-strict-aliasing -w -I/home/ed/mcsema-testing/SANDBOX/test-2015-12-21_15-36-50/MultiSource/Applications/SPASS -I/home/ed/mcsema-testing/llvm-test-suite/MultiSource/Applications/SPASS -I/home/ed/mcsema-testing/llvm-test-suite/include -I../../../include -D_GNU_SOURCE -D__STDC_LIMIT_MACROS -DNDEBUG  -O3  -m64 -fomit-frame-pointer -c /home/ed/mcsema-testing/llvm-test-suite/MultiSource/Applications/SPASS/rules-red.c -o Output/rules-red.llvm.o
/home/ed/mcsema-testing/llvm-test-suite/RunSafely.sh --show-errors -t "/home/ed/mcsema-testing/SANDBOX/test-2015-12-21_15-36-50/tools/timeit" 500 /dev/null Output/rules-sort.llvm.o.compile \
	  /usr/bin/clang -DCLOCK_NO_TIMING -fno-strict-aliasing -w -I/home/ed/mcsema-testing/SANDBOX/test-2015-12-21_15-36-50/MultiSource/Applications/SPASS -I/home/ed/mcsema-testing/llvm-test-suite/MultiSource/Applications/SPASS -I/home/ed/mcsema-testing/llvm-test-suite/include -I../../../include -D_GNU_SOURCE -D__STDC_LIMIT_MACROS -DNDEBUG  -O3  -m64 -fomit-frame-pointer -c /home/ed/mcsema-testing/llvm-test-suite/MultiSource/Applications/SPASS/rules-sort.c -o Output/rules-sort.llvm.o
/home/ed/mcsema-testing/llvm-test-suite/RunSafely.sh --show-errors -t "/home/ed/mcsema-testing/SANDBOX/test-2015-12-21_15-36-50/tools/timeit" 500 /dev/null Output/rules-split.llvm.o.compile \
	  /usr/bin/clang -DCLOCK_NO_TIMING -fno-strict-aliasing -w -I/home/ed/mcsema-testing/SANDBOX/test-2015-12-21_15-36-50/MultiSource/Applications/SPASS -I/home/ed/mcsema-testing/llvm-test-suite/MultiSource/Applications/SPASS -I/home/ed/mcsema-testing/llvm-test-suite/include -I../../../include -D_GNU_SOURCE -D__STDC_LIMIT_MACROS -DNDEBUG  -O3  -m64 -fomit-frame-pointer -c /home/ed/mcsema-testing/llvm-test-suite/MultiSource/Applications/SPASS/rules-split.c -o Output/rules-split.llvm.o
/home/ed/mcsema-testing/llvm-test-suite/RunSafely.sh --show-errors -t "/home/ed/mcsema-testing/SANDBOX/test-2015-12-21_15-36-50/tools/timeit" 500 /dev/null Output/rules-ur.llvm.o.compile \
	  /usr/bin/clang -DCLOCK_NO_TIMING -fno-strict-aliasing -w -I/home/ed/mcsema-testing/SANDBOX/test-2015-12-21_15-36-50/MultiSource/Applications/SPASS -I/home/ed/mcsema-testing/llvm-test-suite/MultiSource/Applications/SPASS -I/home/ed/mcsema-testing/llvm-test-suite/include -I../../../include -D_GNU_SOURCE -D__STDC_LIMIT_MACROS -DNDEBUG  -O3  -m64 -fomit-frame-pointer -c /home/ed/mcsema-testing/llvm-test-suite/MultiSource/Applications/SPASS/rules-ur.c -o Output/rules-ur.llvm.o
/home/ed/mcsema-testing/llvm-test-suite/RunSafely.sh --show-errors -t "/home/ed/mcsema-testing/SANDBOX/test-2015-12-21_15-36-50/tools/timeit" 500 /dev/null Output/search.llvm.o.compile \
	  /usr/bin/clang -DCLOCK_NO_TIMING -fno-strict-aliasing -w -I/home/ed/mcsema-testing/SANDBOX/test-2015-12-21_15-36-50/MultiSource/Applications/SPASS -I/home/ed/mcsema-testing/llvm-test-suite/MultiSource/Applications/SPASS -I/home/ed/mcsema-testing/llvm-test-suite/include -I../../../include -D_GNU_SOURCE -D__STDC_LIMIT_MACROS -DNDEBUG  -O3  -m64 -fomit-frame-pointer -c /home/ed/mcsema-testing/llvm-test-suite/MultiSource/Applications/SPASS/search.c -o Output/search.llvm.o
/home/ed/mcsema-testing/llvm-test-suite/RunSafely.sh --show-errors -t "/home/ed/mcsema-testing/SANDBOX/test-2015-12-21_15-36-50/tools/timeit" 500 /dev/null Output/sharing.llvm.o.compile \
	  /usr/bin/clang -DCLOCK_NO_TIMING -fno-strict-aliasing -w -I/home/ed/mcsema-testing/SANDBOX/test-2015-12-21_15-36-50/MultiSource/Applications/SPASS -I/home/ed/mcsema-testing/llvm-test-suite/MultiSource/Applications/SPASS -I/home/ed/mcsema-testing/llvm-test-suite/include -I../../../include -D_GNU_SOURCE -D__STDC_LIMIT_MACROS -DNDEBUG  -O3  -m64 -fomit-frame-pointer -c /home/ed/mcsema-testing/llvm-test-suite/MultiSource/Applications/SPASS/sharing.c -o Output/sharing.llvm.o
/home/ed/mcsema-testing/llvm-test-suite/RunSafely.sh --show-errors -t "/home/ed/mcsema-testing/SANDBOX/test-2015-12-21_15-36-50/tools/timeit" 500 /dev/null Output/sort.llvm.o.compile \
	  /usr/bin/clang -DCLOCK_NO_TIMING -fno-strict-aliasing -w -I/home/ed/mcsema-testing/SANDBOX/test-2015-12-21_15-36-50/MultiSource/Applications/SPASS -I/home/ed/mcsema-testing/llvm-test-suite/MultiSource/Applications/SPASS -I/home/ed/mcsema-testing/llvm-test-suite/include -I../../../include -D_GNU_SOURCE -D__STDC_LIMIT_MACROS -DNDEBUG  -O3  -m64 -fomit-frame-pointer -c /home/ed/mcsema-testing/llvm-test-suite/MultiSource/Applications/SPASS/sort.c -o Output/sort.llvm.o
/home/ed/mcsema-testing/llvm-test-suite/RunSafely.sh --show-errors -t "/home/ed/mcsema-testing/SANDBOX/test-2015-12-21_15-36-50/tools/timeit" 500 /dev/null Output/st.llvm.o.compile \
	  /usr/bin/clang -DCLOCK_NO_TIMING -fno-strict-aliasing -w -I/home/ed/mcsema-testing/SANDBOX/test-2015-12-21_15-36-50/MultiSource/Applications/SPASS -I/home/ed/mcsema-testing/llvm-test-suite/MultiSource/Applications/SPASS -I/home/ed/mcsema-testing/llvm-test-suite/include -I../../../include -D_GNU_SOURCE -D__STDC_LIMIT_MACROS -DNDEBUG  -O3  -m64 -fomit-frame-pointer -c /home/ed/mcsema-testing/llvm-test-suite/MultiSource/Applications/SPASS/st.c -o Output/st.llvm.o
/home/ed/mcsema-testing/llvm-test-suite/RunSafely.sh --show-errors -t "/home/ed/mcsema-testing/SANDBOX/test-2015-12-21_15-36-50/tools/timeit" 500 /dev/null Output/stack.llvm.o.compile \
	  /usr/bin/clang -DCLOCK_NO_TIMING -fno-strict-aliasing -w -I/home/ed/mcsema-testing/SANDBOX/test-2015-12-21_15-36-50/MultiSource/Applications/SPASS -I/home/ed/mcsema-testing/llvm-test-suite/MultiSource/Applications/SPASS -I/home/ed/mcsema-testing/llvm-test-suite/include -I../../../include -D_GNU_SOURCE -D__STDC_LIMIT_MACROS -DNDEBUG  -O3  -m64 -fomit-frame-pointer -c /home/ed/mcsema-testing/llvm-test-suite/MultiSource/Applications/SPASS/stack.c -o Output/stack.llvm.o
/home/ed/mcsema-testing/llvm-test-suite/RunSafely.sh --show-errors -t "/home/ed/mcsema-testing/SANDBOX/test-2015-12-21_15-36-50/tools/timeit" 500 /dev/null Output/strings.llvm.o.compile \
	  /usr/bin/clang -DCLOCK_NO_TIMING -fno-strict-aliasing -w -I/home/ed/mcsema-testing/SANDBOX/test-2015-12-21_15-36-50/MultiSource/Applications/SPASS -I/home/ed/mcsema-testing/llvm-test-suite/MultiSource/Applications/SPASS -I/home/ed/mcsema-testing/llvm-test-suite/include -I../../../include -D_GNU_SOURCE -D__STDC_LIMIT_MACROS -DNDEBUG  -O3  -m64 -fomit-frame-pointer -c /home/ed/mcsema-testing/llvm-test-suite/MultiSource/Applications/SPASS/strings.c -o Output/strings.llvm.o
/home/ed/mcsema-testing/llvm-test-suite/RunSafely.sh --show-errors -t "/home/ed/mcsema-testing/SANDBOX/test-2015-12-21_15-36-50/tools/timeit" 500 /dev/null Output/subst.llvm.o.compile \
	  /usr/bin/clang -DCLOCK_NO_TIMING -fno-strict-aliasing -w -I/home/ed/mcsema-testing/SANDBOX/test-2015-12-21_15-36-50/MultiSource/Applications/SPASS -I/home/ed/mcsema-testing/llvm-test-suite/MultiSource/Applications/SPASS -I/home/ed/mcsema-testing/llvm-test-suite/include -I../../../include -D_GNU_SOURCE -D__STDC_LIMIT_MACROS -DNDEBUG  -O3  -m64 -fomit-frame-pointer -c /home/ed/mcsema-testing/llvm-test-suite/MultiSource/Applications/SPASS/subst.c -o Output/subst.llvm.o
/home/ed/mcsema-testing/llvm-test-suite/RunSafely.sh --show-errors -t "/home/ed/mcsema-testing/SANDBOX/test-2015-12-21_15-36-50/tools/timeit" 500 /dev/null Output/subsumption.llvm.o.compile \
	  /usr/bin/clang -DCLOCK_NO_TIMING -fno-strict-aliasing -w -I/home/ed/mcsema-testing/SANDBOX/test-2015-12-21_15-36-50/MultiSource/Applications/SPASS -I/home/ed/mcsema-testing/llvm-test-suite/MultiSource/Applications/SPASS -I/home/ed/mcsema-testing/llvm-test-suite/include -I../../../include -D_GNU_SOURCE -D__STDC_LIMIT_MACROS -DNDEBUG  -O3  -m64 -fomit-frame-pointer -c /home/ed/mcsema-testing/llvm-test-suite/MultiSource/Applications/SPASS/subsumption.c -o Output/subsumption.llvm.o
/home/ed/mcsema-testing/llvm-test-suite/RunSafely.sh --show-errors -t "/home/ed/mcsema-testing/SANDBOX/test-2015-12-21_15-36-50/tools/timeit" 500 /dev/null Output/symbol.llvm.o.compile \
	  /usr/bin/clang -DCLOCK_NO_TIMING -fno-strict-aliasing -w -I/home/ed/mcsema-testing/SANDBOX/test-2015-12-21_15-36-50/MultiSource/Applications/SPASS -I/home/ed/mcsema-testing/llvm-test-suite/MultiSource/Applications/SPASS -I/home/ed/mcsema-testing/llvm-test-suite/include -I../../../include -D_GNU_SOURCE -D__STDC_LIMIT_MACROS -DNDEBUG  -O3  -m64 -fomit-frame-pointer -c /home/ed/mcsema-testing/llvm-test-suite/MultiSource/Applications/SPASS/symbol.c -o Output/symbol.llvm.o
/home/ed/mcsema-testing/llvm-test-suite/RunSafely.sh --show-errors -t "/home/ed/mcsema-testing/SANDBOX/test-2015-12-21_15-36-50/tools/timeit" 500 /dev/null Output/table.llvm.o.compile \
	  /usr/bin/clang -DCLOCK_NO_TIMING -fno-strict-aliasing -w -I/home/ed/mcsema-testing/SANDBOX/test-2015-12-21_15-36-50/MultiSource/Applications/SPASS -I/home/ed/mcsema-testing/llvm-test-suite/MultiSource/Applications/SPASS -I/home/ed/mcsema-testing/llvm-test-suite/include -I../../../include -D_GNU_SOURCE -D__STDC_LIMIT_MACROS -DNDEBUG  -O3  -m64 -fomit-frame-pointer -c /home/ed/mcsema-testing/llvm-test-suite/MultiSource/Applications/SPASS/table.c -o Output/table.llvm.o
/home/ed/mcsema-testing/llvm-test-suite/RunSafely.sh --show-errors -t "/home/ed/mcsema-testing/SANDBOX/test-2015-12-21_15-36-50/tools/timeit" 500 /dev/null Output/tableau.llvm.o.compile \
	  /usr/bin/clang -DCLOCK_NO_TIMING -fno-strict-aliasing -w -I/home/ed/mcsema-testing/SANDBOX/test-2015-12-21_15-36-50/MultiSource/Applications/SPASS -I/home/ed/mcsema-testing/llvm-test-suite/MultiSource/Applications/SPASS -I/home/ed/mcsema-testing/llvm-test-suite/include -I../../../include -D_GNU_SOURCE -D__STDC_LIMIT_MACROS -DNDEBUG  -O3  -m64 -fomit-frame-pointer -c /home/ed/mcsema-testing/llvm-test-suite/MultiSource/Applications/SPASS/tableau.c -o Output/tableau.llvm.o
/home/ed/mcsema-testing/llvm-test-suite/RunSafely.sh --show-errors -t "/home/ed/mcsema-testing/SANDBOX/test-2015-12-21_15-36-50/tools/timeit" 500 /dev/null Output/term.llvm.o.compile \
	  /usr/bin/clang -DCLOCK_NO_TIMING -fno-strict-aliasing -w -I/home/ed/mcsema-testing/SANDBOX/test-2015-12-21_15-36-50/MultiSource/Applications/SPASS -I/home/ed/mcsema-testing/llvm-test-suite/MultiSource/Applications/SPASS -I/home/ed/mcsema-testing/llvm-test-suite/include -I../../../include -D_GNU_SOURCE -D__STDC_LIMIT_MACROS -DNDEBUG  -O3  -m64 -fomit-frame-pointer -c /home/ed/mcsema-testing/llvm-test-suite/MultiSource/Applications/SPASS/term.c -o Output/term.llvm.o
/home/ed/mcsema-testing/llvm-test-suite/RunSafely.sh --show-errors -t "/home/ed/mcsema-testing/SANDBOX/test-2015-12-21_15-36-50/tools/timeit" 500 /dev/null Output/terminator.llvm.o.compile \
	  /usr/bin/clang -DCLOCK_NO_TIMING -fno-strict-aliasing -w -I/home/ed/mcsema-testing/SANDBOX/test-2015-12-21_15-36-50/MultiSource/Applications/SPASS -I/home/ed/mcsema-testing/llvm-test-suite/MultiSource/Applications/SPASS -I/home/ed/mcsema-testing/llvm-test-suite/include -I../../../include -D_GNU_SOURCE -D__STDC_LIMIT_MACROS -DNDEBUG  -O3  -m64 -fomit-frame-pointer -c /home/ed/mcsema-testing/llvm-test-suite/MultiSource/Applications/SPASS/terminator.c -o Output/terminator.llvm.o
/home/ed/mcsema-testing/llvm-test-suite/RunSafely.sh --show-errors -t "/home/ed/mcsema-testing/SANDBOX/test-2015-12-21_15-36-50/tools/timeit" 500 /dev/null Output/top.llvm.o.compile \
	  /usr/bin/clang -DCLOCK_NO_TIMING -fno-strict-aliasing -w -I/home/ed/mcsema-testing/SANDBOX/test-2015-12-21_15-36-50/MultiSource/Applications/SPASS -I/home/ed/mcsema-testing/llvm-test-suite/MultiSource/Applications/SPASS -I/home/ed/mcsema-testing/llvm-test-suite/include -I../../../include -D_GNU_SOURCE -D__STDC_LIMIT_MACROS -DNDEBUG  -O3  -m64 -fomit-frame-pointer -c /home/ed/mcsema-testing/llvm-test-suite/MultiSource/Applications/SPASS/top.c -o Output/top.llvm.o
/home/ed/mcsema-testing/llvm-test-suite/RunSafely.sh --show-errors -t "/home/ed/mcsema-testing/SANDBOX/test-2015-12-21_15-36-50/tools/timeit" 500 /dev/null Output/unify.llvm.o.compile \
	  /usr/bin/clang -DCLOCK_NO_TIMING -fno-strict-aliasing -w -I/home/ed/mcsema-testing/SANDBOX/test-2015-12-21_15-36-50/MultiSource/Applications/SPASS -I/home/ed/mcsema-testing/llvm-test-suite/MultiSource/Applications/SPASS -I/home/ed/mcsema-testing/llvm-test-suite/include -I../../../include -D_GNU_SOURCE -D__STDC_LIMIT_MACROS -DNDEBUG  -O3  -m64 -fomit-frame-pointer -c /home/ed/mcsema-testing/llvm-test-suite/MultiSource/Applications/SPASS/unify.c -o Output/unify.llvm.o
/home/ed/mcsema-testing/llvm-test-suite/RunSafely.sh --show-errors -t "/home/ed/mcsema-testing/SANDBOX/test-2015-12-21_15-36-50/tools/timeit" 500 /dev/null Output/vector.llvm.o.compile \
	  /usr/bin/clang -DCLOCK_NO_TIMING -fno-strict-aliasing -w -I/home/ed/mcsema-testing/SANDBOX/test-2015-12-21_15-36-50/MultiSource/Applications/SPASS -I/home/ed/mcsema-testing/llvm-test-suite/MultiSource/Applications/SPASS -I/home/ed/mcsema-testing/llvm-test-suite/include -I../../../include -D_GNU_SOURCE -D__STDC_LIMIT_MACROS -DNDEBUG  -O3  -m64 -fomit-frame-pointer -c /home/ed/mcsema-testing/llvm-test-suite/MultiSource/Applications/SPASS/vector.c -o Output/vector.llvm.o
/usr/bin/clang++ -o Output/SPASS.simple Output/analyze.llvm.o Output/clause.llvm.o Output/clock.llvm.o Output/closure.llvm.o Output/cnf.llvm.o Output/component.llvm.o Output/condensing.llvm.o Output/context.llvm.o Output/defs.llvm.o Output/dfgparser.llvm.o Output/dfgscanner.llvm.o Output/doc-proof.llvm.o Output/flags.llvm.o Output/foldfg.llvm.o Output/graph.llvm.o Output/hash.llvm.o Output/hasharray.llvm.o Output/iaparser.llvm.o Output/iascanner.llvm.o Output/kbo.llvm.o Output/list.llvm.o Output/memory.llvm.o Output/misc.llvm.o Output/options.llvm.o Output/order.llvm.o Output/partition.llvm.o Output/proofcheck.llvm.o Output/renaming.llvm.o Output/resolution.llvm.o Output/rpos.llvm.o Output/rules-inf.llvm.o Output/rules-red.llvm.o Output/rules-sort.llvm.o Output/rules-split.llvm.o Output/rules-ur.llvm.o Output/search.llvm.o Output/sharing.llvm.o Output/sort.llvm.o Output/st.llvm.o Output/stack.llvm.o Output/strings.llvm.o Output/subst.llvm.o Output/subsumption.llvm.o Output/symbol.llvm.o Output/table.llvm.o Output/tableau.llvm.o Output/term.llvm.o Output/terminator.llvm.o Output/top.llvm.o Output/unify.llvm.o Output/vector.llvm.o -lm   -m64 -fomit-frame-pointer
/home/ed/mcsema-testing/llvm-test-suite/RunSafely.sh -t "/home/ed/mcsema-testing/SANDBOX/test-2015-12-21_15-36-50/tools/timeit-target" 500 /dev/null Output/SPASS.out-simple Output/SPASS.simple "/home/ed/mcsema-testing/llvm-test-suite/MultiSource/Applications/SPASS/problem.dfg"
/home/ed/mcsema-testing/llvm-test-suite/HashProgramOutput.sh Output/SPASS.out-simple
cp Output/SPASS.simple Output/SPASS.simple-hash; \
	strip --remove-section=.comment --remove-section='.note*' Output/SPASS.simple-hash; \
	/home/ed/mcsema-testing/llvm-test-suite/HashProgramOutput.sh Output/SPASS.simple-hash
if [ -f "/home/ed/mcsema-testing/llvm-test-suite/MultiSource/Applications/SPASS/SPASS.reference_output.little-endian." ]; then \
	  cp /home/ed/mcsema-testing/llvm-test-suite/MultiSource/Applications/SPASS/SPASS.reference_output.little-endian. Output/SPASS.out-nat; \
	elif [ -f "/home/ed/mcsema-testing/llvm-test-suite/MultiSource/Applications/SPASS/SPASS.reference_output." ]; then \
	  cp /home/ed/mcsema-testing/llvm-test-suite/MultiSource/Applications/SPASS/SPASS.reference_output. Output/SPASS.out-nat; \
	elif [ -f "/home/ed/mcsema-testing/llvm-test-suite/MultiSource/Applications/SPASS/SPASS.reference_output.little-endian" ]; then \
	  cp /home/ed/mcsema-testing/llvm-test-suite/MultiSource/Applications/SPASS/SPASS.reference_output.little-endian Output/SPASS.out-nat; \
	elif [ -f "/home/ed/mcsema-testing/llvm-test-suite/MultiSource/Applications/SPASS/SPASS.reference_output" ]; then \
	  cp /home/ed/mcsema-testing/llvm-test-suite/MultiSource/Applications/SPASS/SPASS.reference_output Output/SPASS.out-nat; \
	else \
	  printf "WARNING: %s: %s\n" "NO REFERENCE OUTPUT (using default)" "/home/ed/mcsema-testing/llvm-test-suite/MultiSource/Applications/SPASS/SPASS.reference_output" > Output/SPASS.out-nat; \
	  cp /home/ed/mcsema-testing/llvm-test-suite/default.reference_output Output/SPASS.out-nat; \
	  cat Output/SPASS.out-nat; \
	fi
# Pretend that the reference output was produced instantaneously.
cp /home/ed/mcsema-testing/llvm-test-suite/instant.txt Output/SPASS.out-nat.time
/home/ed/mcsema-testing/llvm-test-suite/DiffOutput.sh "/home/ed/mcsema-testing/SANDBOX/test-2015-12-21_15-36-50/tools/fpcmp " simple SPASS 
rm -f Output/SPASS.exe-simple
cp Output/SPASS.diff-simple Output/SPASS.exe-simple
if test -f Output/SPASS.extra-results.txt; then \
	  /home/ed/mcsema-testing/llvm-test-suite/ParseMultipleResults /home/ed/mcsema-testing/SANDBOX/test-2015-12-21_15-36-50/MultiSource/Applications/SPASS/SPASS Output/SPASS.extra-results.txt >> Output/SPASS.simple.exec.report.txt; \
	fi
cat Output/SPASS.simple.compile.report.txt Output/SPASS.simple.exec.report.txt >> Output/SPASS.simple.report.txt
---------------------------------------------------------------
>>> ========= '/home/ed/mcsema-testing/SANDBOX/test-2015-12-21_15-36-50/MultiSource/Applications/SPASS/SPASS' Program
---------------------------------------------------------------

TEST-PASS: compile /home/ed/mcsema-testing/SANDBOX/test-2015-12-21_15-36-50/MultiSource/Applications/SPASS/SPASS
TEST-RESULT-compile-success: pass
TEST-RESULT-compile-hash: 37a11e6c8499452811ce0e085ea4ca05
TEST-RESULT-compile-time: user 10.337800
TEST-RESULT-compile-real-time: real 11.405300

TEST-PASS: exec /home/ed/mcsema-testing/SANDBOX/test-2015-12-21_15-36-50/MultiSource/Applications/SPASS/SPASS
TEST-RESULT-exec-success: pass
TEST-RESULT-exec-time: user       13.6290
TEST-RESULT-exec-real-time: real       13.7050
make[4]: Leaving directory `/home/ed/mcsema-testing/SANDBOX/test-2015-12-21_15-36-50/MultiSource/Applications/SPASS'
make[4]: Entering directory `/home/ed/mcsema-testing/SANDBOX/test-2015-12-21_15-36-50/MultiSource/Applications/oggenc'
/home/ed/mcsema-testing/llvm-test-suite/RunSafely.sh --show-errors -t "/home/ed/mcsema-testing/SANDBOX/test-2015-12-21_15-36-50/tools/timeit" 500 /dev/null Output/oggenc.llvm.o.compile \
	  /usr/bin/clang -fno-strict-aliasing -I/home/ed/mcsema-testing/SANDBOX/test-2015-12-21_15-36-50/MultiSource/Applications/oggenc -I/home/ed/mcsema-testing/llvm-test-suite/MultiSource/Applications/oggenc -I/home/ed/mcsema-testing/llvm-test-suite/include -I../../../include -D_GNU_SOURCE -D__STDC_LIMIT_MACROS -DNDEBUG  -O3  -m64 -fomit-frame-pointer -c /home/ed/mcsema-testing/llvm-test-suite/MultiSource/Applications/oggenc/oggenc.c -o Output/oggenc.llvm.o
/usr/bin/clang++ -o Output/oggenc.simple Output/oggenc.llvm.o -lm   -m64 -fomit-frame-pointer
/home/ed/mcsema-testing/llvm-test-suite/RunSafely.sh -t "/home/ed/mcsema-testing/SANDBOX/test-2015-12-21_15-36-50/tools/timeit-target" 500 /home/ed/mcsema-testing/llvm-test-suite/MultiSource/Applications/oggenc/tune Output/oggenc.out-simple Output/oggenc.simple "-Q -s 901820 -"
cp Output/oggenc.simple Output/oggenc.simple-hash; \
	strip --remove-section=.comment --remove-section='.note*' Output/oggenc.simple-hash; \
	/home/ed/mcsema-testing/llvm-test-suite/HashProgramOutput.sh Output/oggenc.simple-hash
if [ -f "/home/ed/mcsema-testing/llvm-test-suite/MultiSource/Applications/oggenc/oggenc.reference_output.little-endian." ]; then \
	  cp /home/ed/mcsema-testing/llvm-test-suite/MultiSource/Applications/oggenc/oggenc.reference_output.little-endian. Output/oggenc.out-nat; \
	elif [ -f "/home/ed/mcsema-testing/llvm-test-suite/MultiSource/Applications/oggenc/oggenc.reference_output." ]; then \
	  cp /home/ed/mcsema-testing/llvm-test-suite/MultiSource/Applications/oggenc/oggenc.reference_output. Output/oggenc.out-nat; \
	elif [ -f "/home/ed/mcsema-testing/llvm-test-suite/MultiSource/Applications/oggenc/oggenc.reference_output.little-endian" ]; then \
	  cp /home/ed/mcsema-testing/llvm-test-suite/MultiSource/Applications/oggenc/oggenc.reference_output.little-endian Output/oggenc.out-nat; \
	elif [ -f "/home/ed/mcsema-testing/llvm-test-suite/MultiSource/Applications/oggenc/oggenc.reference_output" ]; then \
	  cp /home/ed/mcsema-testing/llvm-test-suite/MultiSource/Applications/oggenc/oggenc.reference_output Output/oggenc.out-nat; \
	else \
	  printf "WARNING: %s: %s\n" "NO REFERENCE OUTPUT (using default)" "/home/ed/mcsema-testing/llvm-test-suite/MultiSource/Applications/oggenc/oggenc.reference_output" > Output/oggenc.out-nat; \
	  cp /home/ed/mcsema-testing/llvm-test-suite/default.reference_output Output/oggenc.out-nat; \
	  cat Output/oggenc.out-nat; \
	fi
# Pretend that the reference output was produced instantaneously.
cp /home/ed/mcsema-testing/llvm-test-suite/instant.txt Output/oggenc.out-nat.time
/home/ed/mcsema-testing/llvm-test-suite/DiffOutput.sh "/home/ed/mcsema-testing/SANDBOX/test-2015-12-21_15-36-50/tools/fpcmp " simple oggenc 
rm -f Output/oggenc.exe-simple
cp Output/oggenc.diff-simple Output/oggenc.exe-simple
if test -f Output/oggenc.extra-results.txt; then \
	  /home/ed/mcsema-testing/llvm-test-suite/ParseMultipleResults /home/ed/mcsema-testing/SANDBOX/test-2015-12-21_15-36-50/MultiSource/Applications/oggenc/oggenc Output/oggenc.extra-results.txt >> Output/oggenc.simple.exec.report.txt; \
	fi
cat Output/oggenc.simple.compile.report.txt Output/oggenc.simple.exec.report.txt >> Output/oggenc.simple.report.txt
---------------------------------------------------------------
>>> ========= '/home/ed/mcsema-testing/SANDBOX/test-2015-12-21_15-36-50/MultiSource/Applications/oggenc/oggenc' Program
---------------------------------------------------------------

TEST-PASS: compile /home/ed/mcsema-testing/SANDBOX/test-2015-12-21_15-36-50/MultiSource/Applications/oggenc/oggenc
TEST-RESULT-compile-success: pass
TEST-RESULT-compile-hash: 167733be5a0deea8cae403a38dd487b4
TEST-RESULT-compile-time: user 3.132900
TEST-RESULT-compile-real-time: real 3.232500

TEST-PASS: exec /home/ed/mcsema-testing/SANDBOX/test-2015-12-21_15-36-50/MultiSource/Applications/oggenc/oggenc
TEST-RESULT-exec-success: pass
TEST-RESULT-exec-time: user       0.1026
TEST-RESULT-exec-real-time: real       0.1296
make[4]: Leaving directory `/home/ed/mcsema-testing/SANDBOX/test-2015-12-21_15-36-50/MultiSource/Applications/oggenc'
make[4]: Entering directory `/home/ed/mcsema-testing/SANDBOX/test-2015-12-21_15-36-50/MultiSource/Applications/JM'
make[5]: Entering directory `/home/ed/mcsema-testing/SANDBOX/test-2015-12-21_15-36-50/MultiSource/Applications/JM/ldecod'
/home/ed/mcsema-testing/llvm-test-suite/RunSafely.sh --show-errors -t "/home/ed/mcsema-testing/SANDBOX/test-2015-12-21_15-36-50/tools/timeit" 500 /dev/null Output/annexb.llvm.o.compile \
	  /usr/bin/clang -D __USE_LARGEFILE64 -D _FILE_OFFSET_BITS=64 -I/home/ed/mcsema-testing/SANDBOX/test-2015-12-21_15-36-50/MultiSource/Applications/JM/ldecod -I/home/ed/mcsema-testing/llvm-test-suite/MultiSource/Applications/JM/ldecod -I/home/ed/mcsema-testing/llvm-test-suite/include -I../../../../include -D_GNU_SOURCE -D__STDC_LIMIT_MACROS -DNDEBUG  -O3  -m64 -fomit-frame-pointer -c /home/ed/mcsema-testing/llvm-test-suite/MultiSource/Applications/JM/ldecod/annexb.c -o Output/annexb.llvm.o
/home/ed/mcsema-testing/llvm-test-suite/RunSafely.sh --show-errors -t "/home/ed/mcsema-testing/SANDBOX/test-2015-12-21_15-36-50/tools/timeit" 500 /dev/null Output/biaridecod.llvm.o.compile \
	  /usr/bin/clang -D __USE_LARGEFILE64 -D _FILE_OFFSET_BITS=64 -I/home/ed/mcsema-testing/SANDBOX/test-2015-12-21_15-36-50/MultiSource/Applications/JM/ldecod -I/home/ed/mcsema-testing/llvm-test-suite/MultiSource/Applications/JM/ldecod -I/home/ed/mcsema-testing/llvm-test-suite/include -I../../../../include -D_GNU_SOURCE -D__STDC_LIMIT_MACROS -DNDEBUG  -O3  -m64 -fomit-frame-pointer -c /home/ed/mcsema-testing/llvm-test-suite/MultiSource/Applications/JM/ldecod/biaridecod.c -o Output/biaridecod.llvm.o
/home/ed/mcsema-testing/llvm-test-suite/RunSafely.sh --show-errors -t "/home/ed/mcsema-testing/SANDBOX/test-2015-12-21_15-36-50/tools/timeit" 500 /dev/null Output/block.llvm.o.compile \
	  /usr/bin/clang -D __USE_LARGEFILE64 -D _FILE_OFFSET_BITS=64 -I/home/ed/mcsema-testing/SANDBOX/test-2015-12-21_15-36-50/MultiSource/Applications/JM/ldecod -I/home/ed/mcsema-testing/llvm-test-suite/MultiSource/Applications/JM/ldecod -I/home/ed/mcsema-testing/llvm-test-suite/include -I../../../../include -D_GNU_SOURCE -D__STDC_LIMIT_MACROS -DNDEBUG  -O3  -m64 -fomit-frame-pointer -c /home/ed/mcsema-testing/llvm-test-suite/MultiSource/Applications/JM/ldecod/block.c -o Output/block.llvm.o
/home/ed/mcsema-testing/llvm-test-suite/RunSafely.sh --show-errors -t "/home/ed/mcsema-testing/SANDBOX/test-2015-12-21_15-36-50/tools/timeit" 500 /dev/null Output/cabac.llvm.o.compile \
	  /usr/bin/clang -D __USE_LARGEFILE64 -D _FILE_OFFSET_BITS=64 -I/home/ed/mcsema-testing/SANDBOX/test-2015-12-21_15-36-50/MultiSource/Applications/JM/ldecod -I/home/ed/mcsema-testing/llvm-test-suite/MultiSource/Applications/JM/ldecod -I/home/ed/mcsema-testing/llvm-test-suite/include -I../../../../include -D_GNU_SOURCE -D__STDC_LIMIT_MACROS -DNDEBUG  -O3  -m64 -fomit-frame-pointer -c /home/ed/mcsema-testing/llvm-test-suite/MultiSource/Applications/JM/ldecod/cabac.c -o Output/cabac.llvm.o
/home/ed/mcsema-testing/llvm-test-suite/RunSafely.sh --show-errors -t "/home/ed/mcsema-testing/SANDBOX/test-2015-12-21_15-36-50/tools/timeit" 500 /dev/null Output/context_ini.llvm.o.compile \
	  /usr/bin/clang -D __USE_LARGEFILE64 -D _FILE_OFFSET_BITS=64 -I/home/ed/mcsema-testing/SANDBOX/test-2015-12-21_15-36-50/MultiSource/Applications/JM/ldecod -I/home/ed/mcsema-testing/llvm-test-suite/MultiSource/Applications/JM/ldecod -I/home/ed/mcsema-testing/llvm-test-suite/include -I../../../../include -D_GNU_SOURCE -D__STDC_LIMIT_MACROS -DNDEBUG  -O3  -m64 -fomit-frame-pointer -c /home/ed/mcsema-testing/llvm-test-suite/MultiSource/Applications/JM/ldecod/context_ini.c -o Output/context_ini.llvm.o
/home/ed/mcsema-testing/llvm-test-suite/RunSafely.sh --show-errors -t "/home/ed/mcsema-testing/SANDBOX/test-2015-12-21_15-36-50/tools/timeit" 500 /dev/null Output/erc_api.llvm.o.compile \
	  /usr/bin/clang -D __USE_LARGEFILE64 -D _FILE_OFFSET_BITS=64 -I/home/ed/mcsema-testing/SANDBOX/test-2015-12-21_15-36-50/MultiSource/Applications/JM/ldecod -I/home/ed/mcsema-testing/llvm-test-suite/MultiSource/Applications/JM/ldecod -I/home/ed/mcsema-testing/llvm-test-suite/include -I../../../../include -D_GNU_SOURCE -D__STDC_LIMIT_MACROS -DNDEBUG  -O3  -m64 -fomit-frame-pointer -c /home/ed/mcsema-testing/llvm-test-suite/MultiSource/Applications/JM/ldecod/erc_api.c -o Output/erc_api.llvm.o
/home/ed/mcsema-testing/llvm-test-suite/RunSafely.sh --show-errors -t "/home/ed/mcsema-testing/SANDBOX/test-2015-12-21_15-36-50/tools/timeit" 500 /dev/null Output/erc_do_i.llvm.o.compile \
	  /usr/bin/clang -D __USE_LARGEFILE64 -D _FILE_OFFSET_BITS=64 -I/home/ed/mcsema-testing/SANDBOX/test-2015-12-21_15-36-50/MultiSource/Applications/JM/ldecod -I/home/ed/mcsema-testing/llvm-test-suite/MultiSource/Applications/JM/ldecod -I/home/ed/mcsema-testing/llvm-test-suite/include -I../../../../include -D_GNU_SOURCE -D__STDC_LIMIT_MACROS -DNDEBUG  -O3  -m64 -fomit-frame-pointer -c /home/ed/mcsema-testing/llvm-test-suite/MultiSource/Applications/JM/ldecod/erc_do_i.c -o Output/erc_do_i.llvm.o
/home/ed/mcsema-testing/llvm-test-suite/RunSafely.sh --show-errors -t "/home/ed/mcsema-testing/SANDBOX/test-2015-12-21_15-36-50/tools/timeit" 500 /dev/null Output/erc_do_p.llvm.o.compile \
	  /usr/bin/clang -D __USE_LARGEFILE64 -D _FILE_OFFSET_BITS=64 -I/home/ed/mcsema-testing/SANDBOX/test-2015-12-21_15-36-50/MultiSource/Applications/JM/ldecod -I/home/ed/mcsema-testing/llvm-test-suite/MultiSource/Applications/JM/ldecod -I/home/ed/mcsema-testing/llvm-test-suite/include -I../../../../include -D_GNU_SOURCE -D__STDC_LIMIT_MACROS -DNDEBUG  -O3  -m64 -fomit-frame-pointer -c /home/ed/mcsema-testing/llvm-test-suite/MultiSource/Applications/JM/ldecod/erc_do_p.c -o Output/erc_do_p.llvm.o
/home/ed/mcsema-testing/llvm-test-suite/RunSafely.sh --show-errors -t "/home/ed/mcsema-testing/SANDBOX/test-2015-12-21_15-36-50/tools/timeit" 500 /dev/null Output/errorconcealment.llvm.o.compile \
	  /usr/bin/clang -D __USE_LARGEFILE64 -D _FILE_OFFSET_BITS=64 -I/home/ed/mcsema-testing/SANDBOX/test-2015-12-21_15-36-50/MultiSource/Applications/JM/ldecod -I/home/ed/mcsema-testing/llvm-test-suite/MultiSource/Applications/JM/ldecod -I/home/ed/mcsema-testing/llvm-test-suite/include -I../../../../include -D_GNU_SOURCE -D__STDC_LIMIT_MACROS -DNDEBUG  -O3  -m64 -fomit-frame-pointer -c /home/ed/mcsema-testing/llvm-test-suite/MultiSource/Applications/JM/ldecod/errorconcealment.c -o Output/errorconcealment.llvm.o
/home/ed/mcsema-testing/llvm-test-suite/RunSafely.sh --show-errors -t "/home/ed/mcsema-testing/SANDBOX/test-2015-12-21_15-36-50/tools/timeit" 500 /dev/null Output/filehandle.llvm.o.compile \
	  /usr/bin/clang -D __USE_LARGEFILE64 -D _FILE_OFFSET_BITS=64 -I/home/ed/mcsema-testing/SANDBOX/test-2015-12-21_15-36-50/MultiSource/Applications/JM/ldecod -I/home/ed/mcsema-testing/llvm-test-suite/MultiSource/Applications/JM/ldecod -I/home/ed/mcsema-testing/llvm-test-suite/include -I../../../../include -D_GNU_SOURCE -D__STDC_LIMIT_MACROS -DNDEBUG  -O3  -m64 -fomit-frame-pointer -c /home/ed/mcsema-testing/llvm-test-suite/MultiSource/Applications/JM/ldecod/filehandle.c -o Output/filehandle.llvm.o
/home/ed/mcsema-testing/llvm-test-suite/RunSafely.sh --show-errors -t "/home/ed/mcsema-testing/SANDBOX/test-2015-12-21_15-36-50/tools/timeit" 500 /dev/null Output/fmo.llvm.o.compile \
	  /usr/bin/clang -D __USE_LARGEFILE64 -D _FILE_OFFSET_BITS=64 -I/home/ed/mcsema-testing/SANDBOX/test-2015-12-21_15-36-50/MultiSource/Applications/JM/ldecod -I/home/ed/mcsema-testing/llvm-test-suite/MultiSource/Applications/JM/ldecod -I/home/ed/mcsema-testing/llvm-test-suite/include -I../../../../include -D_GNU_SOURCE -D__STDC_LIMIT_MACROS -DNDEBUG  -O3  -m64 -fomit-frame-pointer -c /home/ed/mcsema-testing/llvm-test-suite/MultiSource/Applications/JM/ldecod/fmo.c -o Output/fmo.llvm.o
/home/ed/mcsema-testing/llvm-test-suite/RunSafely.sh --show-errors -t "/home/ed/mcsema-testing/SANDBOX/test-2015-12-21_15-36-50/tools/timeit" 500 /dev/null Output/header.llvm.o.compile \
	  /usr/bin/clang -D __USE_LARGEFILE64 -D _FILE_OFFSET_BITS=64 -I/home/ed/mcsema-testing/SANDBOX/test-2015-12-21_15-36-50/MultiSource/Applications/JM/ldecod -I/home/ed/mcsema-testing/llvm-test-suite/MultiSource/Applications/JM/ldecod -I/home/ed/mcsema-testing/llvm-test-suite/include -I../../../../include -D_GNU_SOURCE -D__STDC_LIMIT_MACROS -DNDEBUG  -O3  -m64 -fomit-frame-pointer -c /home/ed/mcsema-testing/llvm-test-suite/MultiSource/Applications/JM/ldecod/header.c -o Output/header.llvm.o
/home/ed/mcsema-testing/llvm-test-suite/RunSafely.sh --show-errors -t "/home/ed/mcsema-testing/SANDBOX/test-2015-12-21_15-36-50/tools/timeit" 500 /dev/null Output/image.llvm.o.compile \
	  /usr/bin/clang -D __USE_LARGEFILE64 -D _FILE_OFFSET_BITS=64 -I/home/ed/mcsema-testing/SANDBOX/test-2015-12-21_15-36-50/MultiSource/Applications/JM/ldecod -I/home/ed/mcsema-testing/llvm-test-suite/MultiSource/Applications/JM/ldecod -I/home/ed/mcsema-testing/llvm-test-suite/include -I../../../../include -D_GNU_SOURCE -D__STDC_LIMIT_MACROS -DNDEBUG  -O3  -m64 -fomit-frame-pointer -c /home/ed/mcsema-testing/llvm-test-suite/MultiSource/Applications/JM/ldecod/image.c -o Output/image.llvm.o
/home/ed/mcsema-testing/llvm-test-suite/RunSafely.sh --show-errors -t "/home/ed/mcsema-testing/SANDBOX/test-2015-12-21_15-36-50/tools/timeit" 500 /dev/null Output/ldecod.llvm.o.compile \
	  /usr/bin/clang -D __USE_LARGEFILE64 -D _FILE_OFFSET_BITS=64 -I/home/ed/mcsema-testing/SANDBOX/test-2015-12-21_15-36-50/MultiSource/Applications/JM/ldecod -I/home/ed/mcsema-testing/llvm-test-suite/MultiSource/Applications/JM/ldecod -I/home/ed/mcsema-testing/llvm-test-suite/include -I../../../../include -D_GNU_SOURCE -D__STDC_LIMIT_MACROS -DNDEBUG  -O3  -m64 -fomit-frame-pointer -c /home/ed/mcsema-testing/llvm-test-suite/MultiSource/Applications/JM/ldecod/ldecod.c -o Output/ldecod.llvm.o
/home/ed/mcsema-testing/llvm-test-suite/RunSafely.sh --show-errors -t "/home/ed/mcsema-testing/SANDBOX/test-2015-12-21_15-36-50/tools/timeit" 500 /dev/null Output/leaky_bucket.llvm.o.compile \
	  /usr/bin/clang -D __USE_LARGEFILE64 -D _FILE_OFFSET_BITS=64 -I/home/ed/mcsema-testing/SANDBOX/test-2015-12-21_15-36-50/MultiSource/Applications/JM/ldecod -I/home/ed/mcsema-testing/llvm-test-suite/MultiSource/Applications/JM/ldecod -I/home/ed/mcsema-testing/llvm-test-suite/include -I../../../../include -D_GNU_SOURCE -D__STDC_LIMIT_MACROS -DNDEBUG  -O3  -m64 -fomit-frame-pointer -c /home/ed/mcsema-testing/llvm-test-suite/MultiSource/Applications/JM/ldecod/leaky_bucket.c -o Output/leaky_bucket.llvm.o
/home/ed/mcsema-testing/llvm-test-suite/RunSafely.sh --show-errors -t "/home/ed/mcsema-testing/SANDBOX/test-2015-12-21_15-36-50/tools/timeit" 500 /dev/null Output/loopFilter.llvm.o.compile \
	  /usr/bin/clang -D __USE_LARGEFILE64 -D _FILE_OFFSET_BITS=64 -I/home/ed/mcsema-testing/SANDBOX/test-2015-12-21_15-36-50/MultiSource/Applications/JM/ldecod -I/home/ed/mcsema-testing/llvm-test-suite/MultiSource/Applications/JM/ldecod -I/home/ed/mcsema-testing/llvm-test-suite/include -I../../../../include -D_GNU_SOURCE -D__STDC_LIMIT_MACROS -DNDEBUG  -O3  -m64 -fomit-frame-pointer -c /home/ed/mcsema-testing/llvm-test-suite/MultiSource/Applications/JM/ldecod/loopFilter.c -o Output/loopFilter.llvm.o
/home/ed/mcsema-testing/llvm-test-suite/RunSafely.sh --show-errors -t "/home/ed/mcsema-testing/SANDBOX/test-2015-12-21_15-36-50/tools/timeit" 500 /dev/null Output/macroblock.llvm.o.compile \
	  /usr/bin/clang -D __USE_LARGEFILE64 -D _FILE_OFFSET_BITS=64 -I/home/ed/mcsema-testing/SANDBOX/test-2015-12-21_15-36-50/MultiSource/Applications/JM/ldecod -I/home/ed/mcsema-testing/llvm-test-suite/MultiSource/Applications/JM/ldecod -I/home/ed/mcsema-testing/llvm-test-suite/include -I../../../../include -D_GNU_SOURCE -D__STDC_LIMIT_MACROS -DNDEBUG  -O3  -m64 -fomit-frame-pointer -c /home/ed/mcsema-testing/llvm-test-suite/MultiSource/Applications/JM/ldecod/macroblock.c -o Output/macroblock.llvm.o
/home/ed/mcsema-testing/llvm-test-suite/RunSafely.sh --show-errors -t "/home/ed/mcsema-testing/SANDBOX/test-2015-12-21_15-36-50/tools/timeit" 500 /dev/null Output/mb_access.llvm.o.compile \
	  /usr/bin/clang -D __USE_LARGEFILE64 -D _FILE_OFFSET_BITS=64 -I/home/ed/mcsema-testing/SANDBOX/test-2015-12-21_15-36-50/MultiSource/Applications/JM/ldecod -I/home/ed/mcsema-testing/llvm-test-suite/MultiSource/Applications/JM/ldecod -I/home/ed/mcsema-testing/llvm-test-suite/include -I../../../../include -D_GNU_SOURCE -D__STDC_LIMIT_MACROS -DNDEBUG  -O3  -m64 -fomit-frame-pointer -c /home/ed/mcsema-testing/llvm-test-suite/MultiSource/Applications/JM/ldecod/mb_access.c -o Output/mb_access.llvm.o
/home/ed/mcsema-testing/llvm-test-suite/RunSafely.sh --show-errors -t "/home/ed/mcsema-testing/SANDBOX/test-2015-12-21_15-36-50/tools/timeit" 500 /dev/null Output/mbuffer.llvm.o.compile \
	  /usr/bin/clang -D __USE_LARGEFILE64 -D _FILE_OFFSET_BITS=64 -I/home/ed/mcsema-testing/SANDBOX/test-2015-12-21_15-36-50/MultiSource/Applications/JM/ldecod -I/home/ed/mcsema-testing/llvm-test-suite/MultiSource/Applications/JM/ldecod -I/home/ed/mcsema-testing/llvm-test-suite/include -I../../../../include -D_GNU_SOURCE -D__STDC_LIMIT_MACROS -DNDEBUG  -O3  -m64 -fomit-frame-pointer -c /home/ed/mcsema-testing/llvm-test-suite/MultiSource/Applications/JM/ldecod/mbuffer.c -o Output/mbuffer.llvm.o
/home/ed/mcsema-testing/llvm-test-suite/RunSafely.sh --show-errors -t "/home/ed/mcsema-testing/SANDBOX/test-2015-12-21_15-36-50/tools/timeit" 500 /dev/null Output/memalloc.llvm.o.compile \
	  /usr/bin/clang -D __USE_LARGEFILE64 -D _FILE_OFFSET_BITS=64 -I/home/ed/mcsema-testing/SANDBOX/test-2015-12-21_15-36-50/MultiSource/Applications/JM/ldecod -I/home/ed/mcsema-testing/llvm-test-suite/MultiSource/Applications/JM/ldecod -I/home/ed/mcsema-testing/llvm-test-suite/include -I../../../../include -D_GNU_SOURCE -D__STDC_LIMIT_MACROS -DNDEBUG  -O3  -m64 -fomit-frame-pointer -c /home/ed/mcsema-testing/llvm-test-suite/MultiSource/Applications/JM/ldecod/memalloc.c -o Output/memalloc.llvm.o
/home/ed/mcsema-testing/llvm-test-suite/RunSafely.sh --show-errors -t "/home/ed/mcsema-testing/SANDBOX/test-2015-12-21_15-36-50/tools/timeit" 500 /dev/null Output/nal.llvm.o.compile \
	  /usr/bin/clang -D __USE_LARGEFILE64 -D _FILE_OFFSET_BITS=64 -I/home/ed/mcsema-testing/SANDBOX/test-2015-12-21_15-36-50/MultiSource/Applications/JM/ldecod -I/home/ed/mcsema-testing/llvm-test-suite/MultiSource/Applications/JM/ldecod -I/home/ed/mcsema-testing/llvm-test-suite/include -I../../../../include -D_GNU_SOURCE -D__STDC_LIMIT_MACROS -DNDEBUG  -O3  -m64 -fomit-frame-pointer -c /home/ed/mcsema-testing/llvm-test-suite/MultiSource/Applications/JM/ldecod/nal.c -o Output/nal.llvm.o
/home/ed/mcsema-testing/llvm-test-suite/RunSafely.sh --show-errors -t "/home/ed/mcsema-testing/SANDBOX/test-2015-12-21_15-36-50/tools/timeit" 500 /dev/null Output/nal_part.llvm.o.compile \
	  /usr/bin/clang -D __USE_LARGEFILE64 -D _FILE_OFFSET_BITS=64 -I/home/ed/mcsema-testing/SANDBOX/test-2015-12-21_15-36-50/MultiSource/Applications/JM/ldecod -I/home/ed/mcsema-testing/llvm-test-suite/MultiSource/Applications/JM/ldecod -I/home/ed/mcsema-testing/llvm-test-suite/include -I../../../../include -D_GNU_SOURCE -D__STDC_LIMIT_MACROS -DNDEBUG  -O3  -m64 -fomit-frame-pointer -c /home/ed/mcsema-testing/llvm-test-suite/MultiSource/Applications/JM/ldecod/nal_part.c -o Output/nal_part.llvm.o
/home/ed/mcsema-testing/llvm-test-suite/RunSafely.sh --show-errors -t "/home/ed/mcsema-testing/SANDBOX/test-2015-12-21_15-36-50/tools/timeit" 500 /dev/null Output/nalu.llvm.o.compile \
	  /usr/bin/clang -D __USE_LARGEFILE64 -D _FILE_OFFSET_BITS=64 -I/home/ed/mcsema-testing/SANDBOX/test-2015-12-21_15-36-50/MultiSource/Applications/JM/ldecod -I/home/ed/mcsema-testing/llvm-test-suite/MultiSource/Applications/JM/ldecod -I/home/ed/mcsema-testing/llvm-test-suite/include -I../../../../include -D_GNU_SOURCE -D__STDC_LIMIT_MACROS -DNDEBUG  -O3  -m64 -fomit-frame-pointer -c /home/ed/mcsema-testing/llvm-test-suite/MultiSource/Applications/JM/ldecod/nalu.c -o Output/nalu.llvm.o
/home/ed/mcsema-testing/llvm-test-suite/RunSafely.sh --show-errors -t "/home/ed/mcsema-testing/SANDBOX/test-2015-12-21_15-36-50/tools/timeit" 500 /dev/null Output/nalucommon.llvm.o.compile \
	  /usr/bin/clang -D __USE_LARGEFILE64 -D _FILE_OFFSET_BITS=64 -I/home/ed/mcsema-testing/SANDBOX/test-2015-12-21_15-36-50/MultiSource/Applications/JM/ldecod -I/home/ed/mcsema-testing/llvm-test-suite/MultiSource/Applications/JM/ldecod -I/home/ed/mcsema-testing/llvm-test-suite/include -I../../../../include -D_GNU_SOURCE -D__STDC_LIMIT_MACROS -DNDEBUG  -O3  -m64 -fomit-frame-pointer -c /home/ed/mcsema-testing/llvm-test-suite/MultiSource/Applications/JM/ldecod/nalucommon.c -o Output/nalucommon.llvm.o
/home/ed/mcsema-testing/llvm-test-suite/RunSafely.sh --show-errors -t "/home/ed/mcsema-testing/SANDBOX/test-2015-12-21_15-36-50/tools/timeit" 500 /dev/null Output/output.llvm.o.compile \
	  /usr/bin/clang -D __USE_LARGEFILE64 -D _FILE_OFFSET_BITS=64 -I/home/ed/mcsema-testing/SANDBOX/test-2015-12-21_15-36-50/MultiSource/Applications/JM/ldecod -I/home/ed/mcsema-testing/llvm-test-suite/MultiSource/Applications/JM/ldecod -I/home/ed/mcsema-testing/llvm-test-suite/include -I../../../../include -D_GNU_SOURCE -D__STDC_LIMIT_MACROS -DNDEBUG  -O3  -m64 -fomit-frame-pointer -c /home/ed/mcsema-testing/llvm-test-suite/MultiSource/Applications/JM/ldecod/output.c -o Output/output.llvm.o
/home/ed/mcsema-testing/llvm-test-suite/RunSafely.sh --show-errors -t "/home/ed/mcsema-testing/SANDBOX/test-2015-12-21_15-36-50/tools/timeit" 500 /dev/null Output/parset.llvm.o.compile \
	  /usr/bin/clang -D __USE_LARGEFILE64 -D _FILE_OFFSET_BITS=64 -I/home/ed/mcsema-testing/SANDBOX/test-2015-12-21_15-36-50/MultiSource/Applications/JM/ldecod -I/home/ed/mcsema-testing/llvm-test-suite/MultiSource/Applications/JM/ldecod -I/home/ed/mcsema-testing/llvm-test-suite/include -I../../../../include -D_GNU_SOURCE -D__STDC_LIMIT_MACROS -DNDEBUG  -O3  -m64 -fomit-frame-pointer -c /home/ed/mcsema-testing/llvm-test-suite/MultiSource/Applications/JM/ldecod/parset.c -o Output/parset.llvm.o
/home/ed/mcsema-testing/llvm-test-suite/RunSafely.sh --show-errors -t "/home/ed/mcsema-testing/SANDBOX/test-2015-12-21_15-36-50/tools/timeit" 500 /dev/null Output/parsetcommon.llvm.o.compile \
	  /usr/bin/clang -D __USE_LARGEFILE64 -D _FILE_OFFSET_BITS=64 -I/home/ed/mcsema-testing/SANDBOX/test-2015-12-21_15-36-50/MultiSource/Applications/JM/ldecod -I/home/ed/mcsema-testing/llvm-test-suite/MultiSource/Applications/JM/ldecod -I/home/ed/mcsema-testing/llvm-test-suite/include -I../../../../include -D_GNU_SOURCE -D__STDC_LIMIT_MACROS -DNDEBUG  -O3  -m64 -fomit-frame-pointer -c /home/ed/mcsema-testing/llvm-test-suite/MultiSource/Applications/JM/ldecod/parsetcommon.c -o Output/parsetcommon.llvm.o
/home/ed/mcsema-testing/llvm-test-suite/RunSafely.sh --show-errors -t "/home/ed/mcsema-testing/SANDBOX/test-2015-12-21_15-36-50/tools/timeit" 500 /dev/null Output/rtp.llvm.o.compile \
	  /usr/bin/clang -D __USE_LARGEFILE64 -D _FILE_OFFSET_BITS=64 -I/home/ed/mcsema-testing/SANDBOX/test-2015-12-21_15-36-50/MultiSource/Applications/JM/ldecod -I/home/ed/mcsema-testing/llvm-test-suite/MultiSource/Applications/JM/ldecod -I/home/ed/mcsema-testing/llvm-test-suite/include -I../../../../include -D_GNU_SOURCE -D__STDC_LIMIT_MACROS -DNDEBUG  -O3  -m64 -fomit-frame-pointer -c /home/ed/mcsema-testing/llvm-test-suite/MultiSource/Applications/JM/ldecod/rtp.c -o Output/rtp.llvm.o
/home/ed/mcsema-testing/llvm-test-suite/RunSafely.sh --show-errors -t "/home/ed/mcsema-testing/SANDBOX/test-2015-12-21_15-36-50/tools/timeit" 500 /dev/null Output/sei.llvm.o.compile \
	  /usr/bin/clang -D __USE_LARGEFILE64 -D _FILE_OFFSET_BITS=64 -I/home/ed/mcsema-testing/SANDBOX/test-2015-12-21_15-36-50/MultiSource/Applications/JM/ldecod -I/home/ed/mcsema-testing/llvm-test-suite/MultiSource/Applications/JM/ldecod -I/home/ed/mcsema-testing/llvm-test-suite/include -I../../../../include -D_GNU_SOURCE -D__STDC_LIMIT_MACROS -DNDEBUG  -O3  -m64 -fomit-frame-pointer -c /home/ed/mcsema-testing/llvm-test-suite/MultiSource/Applications/JM/ldecod/sei.c -o Output/sei.llvm.o
/home/ed/mcsema-testing/llvm-test-suite/RunSafely.sh --show-errors -t "/home/ed/mcsema-testing/SANDBOX/test-2015-12-21_15-36-50/tools/timeit" 500 /dev/null Output/transform8x8.llvm.o.compile \
	  /usr/bin/clang -D __USE_LARGEFILE64 -D _FILE_OFFSET_BITS=64 -I/home/ed/mcsema-testing/SANDBOX/test-2015-12-21_15-36-50/MultiSource/Applications/JM/ldecod -I/home/ed/mcsema-testing/llvm-test-suite/MultiSource/Applications/JM/ldecod -I/home/ed/mcsema-testing/llvm-test-suite/include -I../../../../include -D_GNU_SOURCE -D__STDC_LIMIT_MACROS -DNDEBUG  -O3  -m64 -fomit-frame-pointer -c /home/ed/mcsema-testing/llvm-test-suite/MultiSource/Applications/JM/ldecod/transform8x8.c -o Output/transform8x8.llvm.o
/home/ed/mcsema-testing/llvm-test-suite/RunSafely.sh --show-errors -t "/home/ed/mcsema-testing/SANDBOX/test-2015-12-21_15-36-50/tools/timeit" 500 /dev/null Output/vlc.llvm.o.compile \
	  /usr/bin/clang -D __USE_LARGEFILE64 -D _FILE_OFFSET_BITS=64 -I/home/ed/mcsema-testing/SANDBOX/test-2015-12-21_15-36-50/MultiSource/Applications/JM/ldecod -I/home/ed/mcsema-testing/llvm-test-suite/MultiSource/Applications/JM/ldecod -I/home/ed/mcsema-testing/llvm-test-suite/include -I../../../../include -D_GNU_SOURCE -D__STDC_LIMIT_MACROS -DNDEBUG  -O3  -m64 -fomit-frame-pointer -c /home/ed/mcsema-testing/llvm-test-suite/MultiSource/Applications/JM/ldecod/vlc.c -o Output/vlc.llvm.o
/usr/bin/clang++ -o Output/ldecod.simple Output/annexb.llvm.o Output/biaridecod.llvm.o Output/block.llvm.o Output/cabac.llvm.o Output/context_ini.llvm.o Output/erc_api.llvm.o Output/erc_do_i.llvm.o Output/erc_do_p.llvm.o Output/errorconcealment.llvm.o Output/filehandle.llvm.o Output/fmo.llvm.o Output/header.llvm.o Output/image.llvm.o Output/ldecod.llvm.o Output/leaky_bucket.llvm.o Output/loopFilter.llvm.o Output/macroblock.llvm.o Output/mb_access.llvm.o Output/mbuffer.llvm.o Output/memalloc.llvm.o Output/nal.llvm.o Output/nal_part.llvm.o Output/nalu.llvm.o Output/nalucommon.llvm.o Output/output.llvm.o Output/parset.llvm.o Output/parsetcommon.llvm.o Output/rtp.llvm.o Output/sei.llvm.o Output/transform8x8.llvm.o Output/vlc.llvm.o -lm    -m64 -fomit-frame-pointer
/home/ed/mcsema-testing/llvm-test-suite/RunSafely.sh -t "/home/ed/mcsema-testing/SANDBOX/test-2015-12-21_15-36-50/tools/timeit-target" 500 /dev/null Output/ldecod.out-simple Output/ldecod.simple -i /home/ed/mcsema-testing/llvm-test-suite/MultiSource/Applications/JM/ldecod/data/test.264 -o Output/test_dec.yuv -r /home/ed/mcsema-testing/llvm-test-suite/MultiSource/Applications/JM/ldecod/data/test_rec.yuv
cp Output/ldecod.simple Output/ldecod.simple-hash; \
	strip --remove-section=.comment --remove-section='.note*' Output/ldecod.simple-hash; \
	/home/ed/mcsema-testing/llvm-test-suite/HashProgramOutput.sh Output/ldecod.simple-hash
if [ -f "/home/ed/mcsema-testing/llvm-test-suite/MultiSource/Applications/JM/ldecod/ldecod.reference_output.little-endian." ]; then \
	  cp /home/ed/mcsema-testing/llvm-test-suite/MultiSource/Applications/JM/ldecod/ldecod.reference_output.little-endian. Output/ldecod.out-nat; \
	elif [ -f "/home/ed/mcsema-testing/llvm-test-suite/MultiSource/Applications/JM/ldecod/ldecod.reference_output." ]; then \
	  cp /home/ed/mcsema-testing/llvm-test-suite/MultiSource/Applications/JM/ldecod/ldecod.reference_output. Output/ldecod.out-nat; \
	elif [ -f "/home/ed/mcsema-testing/llvm-test-suite/MultiSource/Applications/JM/ldecod/ldecod.reference_output.little-endian" ]; then \
	  cp /home/ed/mcsema-testing/llvm-test-suite/MultiSource/Applications/JM/ldecod/ldecod.reference_output.little-endian Output/ldecod.out-nat; \
	elif [ -f "/home/ed/mcsema-testing/llvm-test-suite/MultiSource/Applications/JM/ldecod/ldecod.reference_output" ]; then \
	  cp /home/ed/mcsema-testing/llvm-test-suite/MultiSource/Applications/JM/ldecod/ldecod.reference_output Output/ldecod.out-nat; \
	else \
	  printf "WARNING: %s: %s\n" "NO REFERENCE OUTPUT (using default)" "/home/ed/mcsema-testing/llvm-test-suite/MultiSource/Applications/JM/ldecod/ldecod.reference_output" > Output/ldecod.out-nat; \
	  cp /home/ed/mcsema-testing/llvm-test-suite/default.reference_output Output/ldecod.out-nat; \
	  cat Output/ldecod.out-nat; \
	fi
# Pretend that the reference output was produced instantaneously.
cp /home/ed/mcsema-testing/llvm-test-suite/instant.txt Output/ldecod.out-nat.time
/home/ed/mcsema-testing/llvm-test-suite/DiffOutput.sh "/home/ed/mcsema-testing/SANDBOX/test-2015-12-21_15-36-50/tools/fpcmp " simple ldecod 
rm -f Output/ldecod.exe-simple
cp Output/ldecod.diff-simple Output/ldecod.exe-simple
if test -f Output/ldecod.extra-results.txt; then \
	  /home/ed/mcsema-testing/llvm-test-suite/ParseMultipleResults /home/ed/mcsema-testing/SANDBOX/test-2015-12-21_15-36-50/MultiSource/Applications/JM/ldecod/ldecod Output/ldecod.extra-results.txt >> Output/ldecod.simple.exec.report.txt; \
	fi
cat Output/ldecod.simple.compile.report.txt Output/ldecod.simple.exec.report.txt >> Output/ldecod.simple.report.txt
---------------------------------------------------------------
>>> ========= '/home/ed/mcsema-testing/SANDBOX/test-2015-12-21_15-36-50/MultiSource/Applications/JM/ldecod/ldecod' Program
---------------------------------------------------------------

TEST-PASS: compile /home/ed/mcsema-testing/SANDBOX/test-2015-12-21_15-36-50/MultiSource/Applications/JM/ldecod/ldecod
TEST-RESULT-compile-success: pass
TEST-RESULT-compile-hash: faa0e1825f3d2d712df64061342601a8
TEST-RESULT-compile-time: user 4.679700
TEST-RESULT-compile-real-time: real 5.402100

TEST-PASS: exec /home/ed/mcsema-testing/SANDBOX/test-2015-12-21_15-36-50/MultiSource/Applications/JM/ldecod/ldecod
TEST-RESULT-exec-success: pass
TEST-RESULT-exec-time: user       0.0504
TEST-RESULT-exec-real-time: real       0.0673
make[5]: Leaving directory `/home/ed/mcsema-testing/SANDBOX/test-2015-12-21_15-36-50/MultiSource/Applications/JM/ldecod'
make[5]: Entering directory `/home/ed/mcsema-testing/SANDBOX/test-2015-12-21_15-36-50/MultiSource/Applications/JM/lencod'
/home/ed/mcsema-testing/llvm-test-suite/RunSafely.sh --show-errors -t "/home/ed/mcsema-testing/SANDBOX/test-2015-12-21_15-36-50/tools/timeit" 500 /dev/null Output/annexb.llvm.o.compile \
	  /usr/bin/clang -D __USE_LARGEFILE64 -D _FILE_OFFSET_BITS=64 -I/home/ed/mcsema-testing/SANDBOX/test-2015-12-21_15-36-50/MultiSource/Applications/JM/lencod -I/home/ed/mcsema-testing/llvm-test-suite/MultiSource/Applications/JM/lencod -I/home/ed/mcsema-testing/llvm-test-suite/include -I../../../../include -D_GNU_SOURCE -D__STDC_LIMIT_MACROS -DNDEBUG  -O3  -m64 -fomit-frame-pointer -c /home/ed/mcsema-testing/llvm-test-suite/MultiSource/Applications/JM/lencod/annexb.c -o Output/annexb.llvm.o
/home/ed/mcsema-testing/llvm-test-suite/RunSafely.sh --show-errors -t "/home/ed/mcsema-testing/SANDBOX/test-2015-12-21_15-36-50/tools/timeit" 500 /dev/null Output/biariencode.llvm.o.compile \
	  /usr/bin/clang -D __USE_LARGEFILE64 -D _FILE_OFFSET_BITS=64 -I/home/ed/mcsema-testing/SANDBOX/test-2015-12-21_15-36-50/MultiSource/Applications/JM/lencod -I/home/ed/mcsema-testing/llvm-test-suite/MultiSource/Applications/JM/lencod -I/home/ed/mcsema-testing/llvm-test-suite/include -I../../../../include -D_GNU_SOURCE -D__STDC_LIMIT_MACROS -DNDEBUG  -O3  -m64 -fomit-frame-pointer -c /home/ed/mcsema-testing/llvm-test-suite/MultiSource/Applications/JM/lencod/biariencode.c -o Output/biariencode.llvm.o
/home/ed/mcsema-testing/llvm-test-suite/RunSafely.sh --show-errors -t "/home/ed/mcsema-testing/SANDBOX/test-2015-12-21_15-36-50/tools/timeit" 500 /dev/null Output/block.llvm.o.compile \
	  /usr/bin/clang -D __USE_LARGEFILE64 -D _FILE_OFFSET_BITS=64 -I/home/ed/mcsema-testing/SANDBOX/test-2015-12-21_15-36-50/MultiSource/Applications/JM/lencod -I/home/ed/mcsema-testing/llvm-test-suite/MultiSource/Applications/JM/lencod -I/home/ed/mcsema-testing/llvm-test-suite/include -I../../../../include -D_GNU_SOURCE -D__STDC_LIMIT_MACROS -DNDEBUG  -O3  -m64 -fomit-frame-pointer -c /home/ed/mcsema-testing/llvm-test-suite/MultiSource/Applications/JM/lencod/block.c -o Output/block.llvm.o
/home/ed/mcsema-testing/llvm-test-suite/RunSafely.sh --show-errors -t "/home/ed/mcsema-testing/SANDBOX/test-2015-12-21_15-36-50/tools/timeit" 500 /dev/null Output/cabac.llvm.o.compile \
	  /usr/bin/clang -D __USE_LARGEFILE64 -D _FILE_OFFSET_BITS=64 -I/home/ed/mcsema-testing/SANDBOX/test-2015-12-21_15-36-50/MultiSource/Applications/JM/lencod -I/home/ed/mcsema-testing/llvm-test-suite/MultiSource/Applications/JM/lencod -I/home/ed/mcsema-testing/llvm-test-suite/include -I../../../../include -D_GNU_SOURCE -D__STDC_LIMIT_MACROS -DNDEBUG  -O3  -m64 -fomit-frame-pointer -c /home/ed/mcsema-testing/llvm-test-suite/MultiSource/Applications/JM/lencod/cabac.c -o Output/cabac.llvm.o
/home/ed/mcsema-testing/llvm-test-suite/RunSafely.sh --show-errors -t "/home/ed/mcsema-testing/SANDBOX/test-2015-12-21_15-36-50/tools/timeit" 500 /dev/null Output/configfile.llvm.o.compile \
	  /usr/bin/clang -D __USE_LARGEFILE64 -D _FILE_OFFSET_BITS=64 -I/home/ed/mcsema-testing/SANDBOX/test-2015-12-21_15-36-50/MultiSource/Applications/JM/lencod -I/home/ed/mcsema-testing/llvm-test-suite/MultiSource/Applications/JM/lencod -I/home/ed/mcsema-testing/llvm-test-suite/include -I../../../../include -D_GNU_SOURCE -D__STDC_LIMIT_MACROS -DNDEBUG  -O3  -m64 -fomit-frame-pointer -c /home/ed/mcsema-testing/llvm-test-suite/MultiSource/Applications/JM/lencod/configfile.c -o Output/configfile.llvm.o
/home/ed/mcsema-testing/llvm-test-suite/RunSafely.sh --show-errors -t "/home/ed/mcsema-testing/SANDBOX/test-2015-12-21_15-36-50/tools/timeit" 500 /dev/null Output/context_ini.llvm.o.compile \
	  /usr/bin/clang -D __USE_LARGEFILE64 -D _FILE_OFFSET_BITS=64 -I/home/ed/mcsema-testing/SANDBOX/test-2015-12-21_15-36-50/MultiSource/Applications/JM/lencod -I/home/ed/mcsema-testing/llvm-test-suite/MultiSource/Applications/JM/lencod -I/home/ed/mcsema-testing/llvm-test-suite/include -I../../../../include -D_GNU_SOURCE -D__STDC_LIMIT_MACROS -DNDEBUG  -O3  -m64 -fomit-frame-pointer -c /home/ed/mcsema-testing/llvm-test-suite/MultiSource/Applications/JM/lencod/context_ini.c -o Output/context_ini.llvm.o
/home/ed/mcsema-testing/llvm-test-suite/RunSafely.sh --show-errors -t "/home/ed/mcsema-testing/SANDBOX/test-2015-12-21_15-36-50/tools/timeit" 500 /dev/null Output/decoder.llvm.o.compile \
	  /usr/bin/clang -D __USE_LARGEFILE64 -D _FILE_OFFSET_BITS=64 -I/home/ed/mcsema-testing/SANDBOX/test-2015-12-21_15-36-50/MultiSource/Applications/JM/lencod -I/home/ed/mcsema-testing/llvm-test-suite/MultiSource/Applications/JM/lencod -I/home/ed/mcsema-testing/llvm-test-suite/include -I../../../../include -D_GNU_SOURCE -D__STDC_LIMIT_MACROS -DNDEBUG  -O3  -m64 -fomit-frame-pointer -c /home/ed/mcsema-testing/llvm-test-suite/MultiSource/Applications/JM/lencod/decoder.c -o Output/decoder.llvm.o
/home/ed/mcsema-testing/llvm-test-suite/RunSafely.sh --show-errors -t "/home/ed/mcsema-testing/SANDBOX/test-2015-12-21_15-36-50/tools/timeit" 500 /dev/null Output/explicit_gop.llvm.o.compile \
	  /usr/bin/clang -D __USE_LARGEFILE64 -D _FILE_OFFSET_BITS=64 -I/home/ed/mcsema-testing/SANDBOX/test-2015-12-21_15-36-50/MultiSource/Applications/JM/lencod -I/home/ed/mcsema-testing/llvm-test-suite/MultiSource/Applications/JM/lencod -I/home/ed/mcsema-testing/llvm-test-suite/include -I../../../../include -D_GNU_SOURCE -D__STDC_LIMIT_MACROS -DNDEBUG  -O3  -m64 -fomit-frame-pointer -c /home/ed/mcsema-testing/llvm-test-suite/MultiSource/Applications/JM/lencod/explicit_gop.c -o Output/explicit_gop.llvm.o
/home/ed/mcsema-testing/llvm-test-suite/RunSafely.sh --show-errors -t "/home/ed/mcsema-testing/SANDBOX/test-2015-12-21_15-36-50/tools/timeit" 500 /dev/null Output/filehandle.llvm.o.compile \
	  /usr/bin/clang -D __USE_LARGEFILE64 -D _FILE_OFFSET_BITS=64 -I/home/ed/mcsema-testing/SANDBOX/test-2015-12-21_15-36-50/MultiSource/Applications/JM/lencod -I/home/ed/mcsema-testing/llvm-test-suite/MultiSource/Applications/JM/lencod -I/home/ed/mcsema-testing/llvm-test-suite/include -I../../../../include -D_GNU_SOURCE -D__STDC_LIMIT_MACROS -DNDEBUG  -O3  -m64 -fomit-frame-pointer -c /home/ed/mcsema-testing/llvm-test-suite/MultiSource/Applications/JM/lencod/filehandle.c -o Output/filehandle.llvm.o
/home/ed/mcsema-testing/llvm-test-suite/RunSafely.sh --show-errors -t "/home/ed/mcsema-testing/SANDBOX/test-2015-12-21_15-36-50/tools/timeit" 500 /dev/null Output/fmo.llvm.o.compile \
	  /usr/bin/clang -D __USE_LARGEFILE64 -D _FILE_OFFSET_BITS=64 -I/home/ed/mcsema-testing/SANDBOX/test-2015-12-21_15-36-50/MultiSource/Applications/JM/lencod -I/home/ed/mcsema-testing/llvm-test-suite/MultiSource/Applications/JM/lencod -I/home/ed/mcsema-testing/llvm-test-suite/include -I../../../../include -D_GNU_SOURCE -D__STDC_LIMIT_MACROS -DNDEBUG  -O3  -m64 -fomit-frame-pointer -c /home/ed/mcsema-testing/llvm-test-suite/MultiSource/Applications/JM/lencod/fmo.c -o Output/fmo.llvm.o
/home/ed/mcsema-testing/llvm-test-suite/RunSafely.sh --show-errors -t "/home/ed/mcsema-testing/SANDBOX/test-2015-12-21_15-36-50/tools/timeit" 500 /dev/null Output/header.llvm.o.compile \
	  /usr/bin/clang -D __USE_LARGEFILE64 -D _FILE_OFFSET_BITS=64 -I/home/ed/mcsema-testing/SANDBOX/test-2015-12-21_15-36-50/MultiSource/Applications/JM/lencod -I/home/ed/mcsema-testing/llvm-test-suite/MultiSource/Applications/JM/lencod -I/home/ed/mcsema-testing/llvm-test-suite/include -I../../../../include -D_GNU_SOURCE -D__STDC_LIMIT_MACROS -DNDEBUG  -O3  -m64 -fomit-frame-pointer -c /home/ed/mcsema-testing/llvm-test-suite/MultiSource/Applications/JM/lencod/header.c -o Output/header.llvm.o
/home/ed/mcsema-testing/llvm-test-suite/RunSafely.sh --show-errors -t "/home/ed/mcsema-testing/SANDBOX/test-2015-12-21_15-36-50/tools/timeit" 500 /dev/null Output/image.llvm.o.compile \
	  /usr/bin/clang -D __USE_LARGEFILE64 -D _FILE_OFFSET_BITS=64 -I/home/ed/mcsema-testing/SANDBOX/test-2015-12-21_15-36-50/MultiSource/Applications/JM/lencod -I/home/ed/mcsema-testing/llvm-test-suite/MultiSource/Applications/JM/lencod -I/home/ed/mcsema-testing/llvm-test-suite/include -I../../../../include -D_GNU_SOURCE -D__STDC_LIMIT_MACROS -DNDEBUG  -O3  -m64 -fomit-frame-pointer -c /home/ed/mcsema-testing/llvm-test-suite/MultiSource/Applications/JM/lencod/image.c -o Output/image.llvm.o
/home/ed/mcsema-testing/llvm-test-suite/RunSafely.sh --show-errors -t "/home/ed/mcsema-testing/SANDBOX/test-2015-12-21_15-36-50/tools/timeit" 500 /dev/null Output/img_chroma.llvm.o.compile \
	  /usr/bin/clang -D __USE_LARGEFILE64 -D _FILE_OFFSET_BITS=64 -I/home/ed/mcsema-testing/SANDBOX/test-2015-12-21_15-36-50/MultiSource/Applications/JM/lencod -I/home/ed/mcsema-testing/llvm-test-suite/MultiSource/Applications/JM/lencod -I/home/ed/mcsema-testing/llvm-test-suite/include -I../../../../include -D_GNU_SOURCE -D__STDC_LIMIT_MACROS -DNDEBUG  -O3  -m64 -fomit-frame-pointer -c /home/ed/mcsema-testing/llvm-test-suite/MultiSource/Applications/JM/lencod/img_chroma.c -o Output/img_chroma.llvm.o
/home/ed/mcsema-testing/llvm-test-suite/RunSafely.sh --show-errors -t "/home/ed/mcsema-testing/SANDBOX/test-2015-12-21_15-36-50/tools/timeit" 500 /dev/null Output/img_luma.llvm.o.compile \
	  /usr/bin/clang -D __USE_LARGEFILE64 -D _FILE_OFFSET_BITS=64 -I/home/ed/mcsema-testing/SANDBOX/test-2015-12-21_15-36-50/MultiSource/Applications/JM/lencod -I/home/ed/mcsema-testing/llvm-test-suite/MultiSource/Applications/JM/lencod -I/home/ed/mcsema-testing/llvm-test-suite/include -I../../../../include -D_GNU_SOURCE -D__STDC_LIMIT_MACROS -DNDEBUG  -O3  -m64 -fomit-frame-pointer -c /home/ed/mcsema-testing/llvm-test-suite/MultiSource/Applications/JM/lencod/img_luma.c -o Output/img_luma.llvm.o
/home/ed/mcsema-testing/llvm-test-suite/RunSafely.sh --show-errors -t "/home/ed/mcsema-testing/SANDBOX/test-2015-12-21_15-36-50/tools/timeit" 500 /dev/null Output/intrarefresh.llvm.o.compile \
	  /usr/bin/clang -D __USE_LARGEFILE64 -D _FILE_OFFSET_BITS=64 -I/home/ed/mcsema-testing/SANDBOX/test-2015-12-21_15-36-50/MultiSource/Applications/JM/lencod -I/home/ed/mcsema-testing/llvm-test-suite/MultiSource/Applications/JM/lencod -I/home/ed/mcsema-testing/llvm-test-suite/include -I../../../../include -D_GNU_SOURCE -D__STDC_LIMIT_MACROS -DNDEBUG  -O3  -m64 -fomit-frame-pointer -c /home/ed/mcsema-testing/llvm-test-suite/MultiSource/Applications/JM/lencod/intrarefresh.c -o Output/intrarefresh.llvm.o
/home/ed/mcsema-testing/llvm-test-suite/RunSafely.sh --show-errors -t "/home/ed/mcsema-testing/SANDBOX/test-2015-12-21_15-36-50/tools/timeit" 500 /dev/null Output/leaky_bucket.llvm.o.compile \
	  /usr/bin/clang -D __USE_LARGEFILE64 -D _FILE_OFFSET_BITS=64 -I/home/ed/mcsema-testing/SANDBOX/test-2015-12-21_15-36-50/MultiSource/Applications/JM/lencod -I/home/ed/mcsema-testing/llvm-test-suite/MultiSource/Applications/JM/lencod -I/home/ed/mcsema-testing/llvm-test-suite/include -I../../../../include -D_GNU_SOURCE -D__STDC_LIMIT_MACROS -DNDEBUG  -O3  -m64 -fomit-frame-pointer -c /home/ed/mcsema-testing/llvm-test-suite/MultiSource/Applications/JM/lencod/leaky_bucket.c -o Output/leaky_bucket.llvm.o
/home/ed/mcsema-testing/llvm-test-suite/RunSafely.sh --show-errors -t "/home/ed/mcsema-testing/SANDBOX/test-2015-12-21_15-36-50/tools/timeit" 500 /dev/null Output/lencod.llvm.o.compile \
	  /usr/bin/clang -D __USE_LARGEFILE64 -D _FILE_OFFSET_BITS=64 -I/home/ed/mcsema-testing/SANDBOX/test-2015-12-21_15-36-50/MultiSource/Applications/JM/lencod -I/home/ed/mcsema-testing/llvm-test-suite/MultiSource/Applications/JM/lencod -I/home/ed/mcsema-testing/llvm-test-suite/include -I../../../../include -D_GNU_SOURCE -D__STDC_LIMIT_MACROS -DNDEBUG  -O3  -m64 -fomit-frame-pointer -c /home/ed/mcsema-testing/llvm-test-suite/MultiSource/Applications/JM/lencod/lencod.c -o Output/lencod.llvm.o
/home/ed/mcsema-testing/llvm-test-suite/RunSafely.sh --show-errors -t "/home/ed/mcsema-testing/SANDBOX/test-2015-12-21_15-36-50/tools/timeit" 500 /dev/null Output/loopFilter.llvm.o.compile \
	  /usr/bin/clang -D __USE_LARGEFILE64 -D _FILE_OFFSET_BITS=64 -I/home/ed/mcsema-testing/SANDBOX/test-2015-12-21_15-36-50/MultiSource/Applications/JM/lencod -I/home/ed/mcsema-testing/llvm-test-suite/MultiSource/Applications/JM/lencod -I/home/ed/mcsema-testing/llvm-test-suite/include -I../../../../include -D_GNU_SOURCE -D__STDC_LIMIT_MACROS -DNDEBUG  -O3  -m64 -fomit-frame-pointer -c /home/ed/mcsema-testing/llvm-test-suite/MultiSource/Applications/JM/lencod/loopFilter.c -o Output/loopFilter.llvm.o
/home/ed/mcsema-testing/llvm-test-suite/RunSafely.sh --show-errors -t "/home/ed/mcsema-testing/SANDBOX/test-2015-12-21_15-36-50/tools/timeit" 500 /dev/null Output/macroblock.llvm.o.compile \
	  /usr/bin/clang -D __USE_LARGEFILE64 -D _FILE_OFFSET_BITS=64 -I/home/ed/mcsema-testing/SANDBOX/test-2015-12-21_15-36-50/MultiSource/Applications/JM/lencod -I/home/ed/mcsema-testing/llvm-test-suite/MultiSource/Applications/JM/lencod -I/home/ed/mcsema-testing/llvm-test-suite/include -I../../../../include -D_GNU_SOURCE -D__STDC_LIMIT_MACROS -DNDEBUG  -O3  -m64 -fomit-frame-pointer -c /home/ed/mcsema-testing/llvm-test-suite/MultiSource/Applications/JM/lencod/macroblock.c -o Output/macroblock.llvm.o
/home/ed/mcsema-testing/llvm-test-suite/RunSafely.sh --show-errors -t "/home/ed/mcsema-testing/SANDBOX/test-2015-12-21_15-36-50/tools/timeit" 500 /dev/null Output/mb_access.llvm.o.compile \
	  /usr/bin/clang -D __USE_LARGEFILE64 -D _FILE_OFFSET_BITS=64 -I/home/ed/mcsema-testing/SANDBOX/test-2015-12-21_15-36-50/MultiSource/Applications/JM/lencod -I/home/ed/mcsema-testing/llvm-test-suite/MultiSource/Applications/JM/lencod -I/home/ed/mcsema-testing/llvm-test-suite/include -I../../../../include -D_GNU_SOURCE -D__STDC_LIMIT_MACROS -DNDEBUG  -O3  -m64 -fomit-frame-pointer -c /home/ed/mcsema-testing/llvm-test-suite/MultiSource/Applications/JM/lencod/mb_access.c -o Output/mb_access.llvm.o
/home/ed/mcsema-testing/llvm-test-suite/RunSafely.sh --show-errors -t "/home/ed/mcsema-testing/SANDBOX/test-2015-12-21_15-36-50/tools/timeit" 500 /dev/null Output/mbuffer.llvm.o.compile \
	  /usr/bin/clang -D __USE_LARGEFILE64 -D _FILE_OFFSET_BITS=64 -I/home/ed/mcsema-testing/SANDBOX/test-2015-12-21_15-36-50/MultiSource/Applications/JM/lencod -I/home/ed/mcsema-testing/llvm-test-suite/MultiSource/Applications/JM/lencod -I/home/ed/mcsema-testing/llvm-test-suite/include -I../../../../include -D_GNU_SOURCE -D__STDC_LIMIT_MACROS -DNDEBUG  -O3  -m64 -fomit-frame-pointer -c /home/ed/mcsema-testing/llvm-test-suite/MultiSource/Applications/JM/lencod/mbuffer.c -o Output/mbuffer.llvm.o
/home/ed/mcsema-testing/llvm-test-suite/RunSafely.sh --show-errors -t "/home/ed/mcsema-testing/SANDBOX/test-2015-12-21_15-36-50/tools/timeit" 500 /dev/null Output/md_high.llvm.o.compile \
	  /usr/bin/clang -D __USE_LARGEFILE64 -D _FILE_OFFSET_BITS=64 -I/home/ed/mcsema-testing/SANDBOX/test-2015-12-21_15-36-50/MultiSource/Applications/JM/lencod -I/home/ed/mcsema-testing/llvm-test-suite/MultiSource/Applications/JM/lencod -I/home/ed/mcsema-testing/llvm-test-suite/include -I../../../../include -D_GNU_SOURCE -D__STDC_LIMIT_MACROS -DNDEBUG  -O3  -m64 -fomit-frame-pointer -c /home/ed/mcsema-testing/llvm-test-suite/MultiSource/Applications/JM/lencod/md_high.c -o Output/md_high.llvm.o
/home/ed/mcsema-testing/llvm-test-suite/RunSafely.sh --show-errors -t "/home/ed/mcsema-testing/SANDBOX/test-2015-12-21_15-36-50/tools/timeit" 500 /dev/null Output/md_highfast.llvm.o.compile \
	  /usr/bin/clang -D __USE_LARGEFILE64 -D _FILE_OFFSET_BITS=64 -I/home/ed/mcsema-testing/SANDBOX/test-2015-12-21_15-36-50/MultiSource/Applications/JM/lencod -I/home/ed/mcsema-testing/llvm-test-suite/MultiSource/Applications/JM/lencod -I/home/ed/mcsema-testing/llvm-test-suite/include -I../../../../include -D_GNU_SOURCE -D__STDC_LIMIT_MACROS -DNDEBUG  -O3  -m64 -fomit-frame-pointer -c /home/ed/mcsema-testing/llvm-test-suite/MultiSource/Applications/JM/lencod/md_highfast.c -o Output/md_highfast.llvm.o
/home/ed/mcsema-testing/llvm-test-suite/RunSafely.sh --show-errors -t "/home/ed/mcsema-testing/SANDBOX/test-2015-12-21_15-36-50/tools/timeit" 500 /dev/null Output/md_highloss.llvm.o.compile \
	  /usr/bin/clang -D __USE_LARGEFILE64 -D _FILE_OFFSET_BITS=64 -I/home/ed/mcsema-testing/SANDBOX/test-2015-12-21_15-36-50/MultiSource/Applications/JM/lencod -I/home/ed/mcsema-testing/llvm-test-suite/MultiSource/Applications/JM/lencod -I/home/ed/mcsema-testing/llvm-test-suite/include -I../../../../include -D_GNU_SOURCE -D__STDC_LIMIT_MACROS -DNDEBUG  -O3  -m64 -fomit-frame-pointer -c /home/ed/mcsema-testing/llvm-test-suite/MultiSource/Applications/JM/lencod/md_highloss.c -o Output/md_highloss.llvm.o
/home/ed/mcsema-testing/llvm-test-suite/RunSafely.sh --show-errors -t "/home/ed/mcsema-testing/SANDBOX/test-2015-12-21_15-36-50/tools/timeit" 500 /dev/null Output/md_low.llvm.o.compile \
	  /usr/bin/clang -D __USE_LARGEFILE64 -D _FILE_OFFSET_BITS=64 -I/home/ed/mcsema-testing/SANDBOX/test-2015-12-21_15-36-50/MultiSource/Applications/JM/lencod -I/home/ed/mcsema-testing/llvm-test-suite/MultiSource/Applications/JM/lencod -I/home/ed/mcsema-testing/llvm-test-suite/include -I../../../../include -D_GNU_SOURCE -D__STDC_LIMIT_MACROS -DNDEBUG  -O3  -m64 -fomit-frame-pointer -c /home/ed/mcsema-testing/llvm-test-suite/MultiSource/Applications/JM/lencod/md_low.c -o Output/md_low.llvm.o
/home/ed/mcsema-testing/llvm-test-suite/RunSafely.sh --show-errors -t "/home/ed/mcsema-testing/SANDBOX/test-2015-12-21_15-36-50/tools/timeit" 500 /dev/null Output/me_distortion.llvm.o.compile \
	  /usr/bin/clang -D __USE_LARGEFILE64 -D _FILE_OFFSET_BITS=64 -I/home/ed/mcsema-testing/SANDBOX/test-2015-12-21_15-36-50/MultiSource/Applications/JM/lencod -I/home/ed/mcsema-testing/llvm-test-suite/MultiSource/Applications/JM/lencod -I/home/ed/mcsema-testing/llvm-test-suite/include -I../../../../include -D_GNU_SOURCE -D__STDC_LIMIT_MACROS -DNDEBUG  -O3  -m64 -fomit-frame-pointer -c /home/ed/mcsema-testing/llvm-test-suite/MultiSource/Applications/JM/lencod/me_distortion.c -o Output/me_distortion.llvm.o
/home/ed/mcsema-testing/llvm-test-suite/RunSafely.sh --show-errors -t "/home/ed/mcsema-testing/SANDBOX/test-2015-12-21_15-36-50/tools/timeit" 500 /dev/null Output/me_epzs.llvm.o.compile \
	  /usr/bin/clang -D __USE_LARGEFILE64 -D _FILE_OFFSET_BITS=64 -I/home/ed/mcsema-testing/SANDBOX/test-2015-12-21_15-36-50/MultiSource/Applications/JM/lencod -I/home/ed/mcsema-testing/llvm-test-suite/MultiSource/Applications/JM/lencod -I/home/ed/mcsema-testing/llvm-test-suite/include -I../../../../include -D_GNU_SOURCE -D__STDC_LIMIT_MACROS -DNDEBUG  -O3  -m64 -fomit-frame-pointer -c /home/ed/mcsema-testing/llvm-test-suite/MultiSource/Applications/JM/lencod/me_epzs.c -o Output/me_epzs.llvm.o
/home/ed/mcsema-testing/llvm-test-suite/RunSafely.sh --show-errors -t "/home/ed/mcsema-testing/SANDBOX/test-2015-12-21_15-36-50/tools/timeit" 500 /dev/null Output/me_fullfast.llvm.o.compile \
	  /usr/bin/clang -D __USE_LARGEFILE64 -D _FILE_OFFSET_BITS=64 -I/home/ed/mcsema-testing/SANDBOX/test-2015-12-21_15-36-50/MultiSource/Applications/JM/lencod -I/home/ed/mcsema-testing/llvm-test-suite/MultiSource/Applications/JM/lencod -I/home/ed/mcsema-testing/llvm-test-suite/include -I../../../../include -D_GNU_SOURCE -D__STDC_LIMIT_MACROS -DNDEBUG  -O3  -m64 -fomit-frame-pointer -c /home/ed/mcsema-testing/llvm-test-suite/MultiSource/Applications/JM/lencod/me_fullfast.c -o Output/me_fullfast.llvm.o
/home/ed/mcsema-testing/llvm-test-suite/RunSafely.sh --show-errors -t "/home/ed/mcsema-testing/SANDBOX/test-2015-12-21_15-36-50/tools/timeit" 500 /dev/null Output/me_fullsearch.llvm.o.compile \
	  /usr/bin/clang -D __USE_LARGEFILE64 -D _FILE_OFFSET_BITS=64 -I/home/ed/mcsema-testing/SANDBOX/test-2015-12-21_15-36-50/MultiSource/Applications/JM/lencod -I/home/ed/mcsema-testing/llvm-test-suite/MultiSource/Applications/JM/lencod -I/home/ed/mcsema-testing/llvm-test-suite/include -I../../../../include -D_GNU_SOURCE -D__STDC_LIMIT_MACROS -DNDEBUG  -O3  -m64 -fomit-frame-pointer -c /home/ed/mcsema-testing/llvm-test-suite/MultiSource/Applications/JM/lencod/me_fullsearch.c -o Output/me_fullsearch.llvm.o
/home/ed/mcsema-testing/llvm-test-suite/RunSafely.sh --show-errors -t "/home/ed/mcsema-testing/SANDBOX/test-2015-12-21_15-36-50/tools/timeit" 500 /dev/null Output/me_umhex.llvm.o.compile \
	  /usr/bin/clang -D __USE_LARGEFILE64 -D _FILE_OFFSET_BITS=64 -I/home/ed/mcsema-testing/SANDBOX/test-2015-12-21_15-36-50/MultiSource/Applications/JM/lencod -I/home/ed/mcsema-testing/llvm-test-suite/MultiSource/Applications/JM/lencod -I/home/ed/mcsema-testing/llvm-test-suite/include -I../../../../include -D_GNU_SOURCE -D__STDC_LIMIT_MACROS -DNDEBUG  -O3  -m64 -fomit-frame-pointer -c /home/ed/mcsema-testing/llvm-test-suite/MultiSource/Applications/JM/lencod/me_umhex.c -o Output/me_umhex.llvm.o
/home/ed/mcsema-testing/llvm-test-suite/RunSafely.sh --show-errors -t "/home/ed/mcsema-testing/SANDBOX/test-2015-12-21_15-36-50/tools/timeit" 500 /dev/null Output/me_umhexsmp.llvm.o.compile \
	  /usr/bin/clang -D __USE_LARGEFILE64 -D _FILE_OFFSET_BITS=64 -I/home/ed/mcsema-testing/SANDBOX/test-2015-12-21_15-36-50/MultiSource/Applications/JM/lencod -I/home/ed/mcsema-testing/llvm-test-suite/MultiSource/Applications/JM/lencod -I/home/ed/mcsema-testing/llvm-test-suite/include -I../../../../include -D_GNU_SOURCE -D__STDC_LIMIT_MACROS -DNDEBUG  -O3  -m64 -fomit-frame-pointer -c /home/ed/mcsema-testing/llvm-test-suite/MultiSource/Applications/JM/lencod/me_umhexsmp.c -o Output/me_umhexsmp.llvm.o
/home/ed/mcsema-testing/llvm-test-suite/RunSafely.sh --show-errors -t "/home/ed/mcsema-testing/SANDBOX/test-2015-12-21_15-36-50/tools/timeit" 500 /dev/null Output/memalloc.llvm.o.compile \
	  /usr/bin/clang -D __USE_LARGEFILE64 -D _FILE_OFFSET_BITS=64 -I/home/ed/mcsema-testing/SANDBOX/test-2015-12-21_15-36-50/MultiSource/Applications/JM/lencod -I/home/ed/mcsema-testing/llvm-test-suite/MultiSource/Applications/JM/lencod -I/home/ed/mcsema-testing/llvm-test-suite/include -I../../../../include -D_GNU_SOURCE -D__STDC_LIMIT_MACROS -DNDEBUG  -O3  -m64 -fomit-frame-pointer -c /home/ed/mcsema-testing/llvm-test-suite/MultiSource/Applications/JM/lencod/memalloc.c -o Output/memalloc.llvm.o
/home/ed/mcsema-testing/llvm-test-suite/RunSafely.sh --show-errors -t "/home/ed/mcsema-testing/SANDBOX/test-2015-12-21_15-36-50/tools/timeit" 500 /dev/null Output/mode_decision.llvm.o.compile \
	  /usr/bin/clang -D __USE_LARGEFILE64 -D _FILE_OFFSET_BITS=64 -I/home/ed/mcsema-testing/SANDBOX/test-2015-12-21_15-36-50/MultiSource/Applications/JM/lencod -I/home/ed/mcsema-testing/llvm-test-suite/MultiSource/Applications/JM/lencod -I/home/ed/mcsema-testing/llvm-test-suite/include -I../../../../include -D_GNU_SOURCE -D__STDC_LIMIT_MACROS -DNDEBUG  -O3  -m64 -fomit-frame-pointer -c /home/ed/mcsema-testing/llvm-test-suite/MultiSource/Applications/JM/lencod/mode_decision.c -o Output/mode_decision.llvm.o
/home/ed/mcsema-testing/llvm-test-suite/RunSafely.sh --show-errors -t "/home/ed/mcsema-testing/SANDBOX/test-2015-12-21_15-36-50/tools/timeit" 500 /dev/null Output/mv-search.llvm.o.compile \
	  /usr/bin/clang -D __USE_LARGEFILE64 -D _FILE_OFFSET_BITS=64 -I/home/ed/mcsema-testing/SANDBOX/test-2015-12-21_15-36-50/MultiSource/Applications/JM/lencod -I/home/ed/mcsema-testing/llvm-test-suite/MultiSource/Applications/JM/lencod -I/home/ed/mcsema-testing/llvm-test-suite/include -I../../../../include -D_GNU_SOURCE -D__STDC_LIMIT_MACROS -DNDEBUG  -O3  -m64 -fomit-frame-pointer -c /home/ed/mcsema-testing/llvm-test-suite/MultiSource/Applications/JM/lencod/mv-search.c -o Output/mv-search.llvm.o
/home/ed/mcsema-testing/llvm-test-suite/RunSafely.sh --show-errors -t "/home/ed/mcsema-testing/SANDBOX/test-2015-12-21_15-36-50/tools/timeit" 500 /dev/null Output/nal.llvm.o.compile \
	  /usr/bin/clang -D __USE_LARGEFILE64 -D _FILE_OFFSET_BITS=64 -I/home/ed/mcsema-testing/SANDBOX/test-2015-12-21_15-36-50/MultiSource/Applications/JM/lencod -I/home/ed/mcsema-testing/llvm-test-suite/MultiSource/Applications/JM/lencod -I/home/ed/mcsema-testing/llvm-test-suite/include -I../../../../include -D_GNU_SOURCE -D__STDC_LIMIT_MACROS -DNDEBUG  -O3  -m64 -fomit-frame-pointer -c /home/ed/mcsema-testing/llvm-test-suite/MultiSource/Applications/JM/lencod/nal.c -o Output/nal.llvm.o
/home/ed/mcsema-testing/llvm-test-suite/RunSafely.sh --show-errors -t "/home/ed/mcsema-testing/SANDBOX/test-2015-12-21_15-36-50/tools/timeit" 500 /dev/null Output/nalu.llvm.o.compile \
	  /usr/bin/clang -D __USE_LARGEFILE64 -D _FILE_OFFSET_BITS=64 -I/home/ed/mcsema-testing/SANDBOX/test-2015-12-21_15-36-50/MultiSource/Applications/JM/lencod -I/home/ed/mcsema-testing/llvm-test-suite/MultiSource/Applications/JM/lencod -I/home/ed/mcsema-testing/llvm-test-suite/include -I../../../../include -D_GNU_SOURCE -D__STDC_LIMIT_MACROS -DNDEBUG  -O3  -m64 -fomit-frame-pointer -c /home/ed/mcsema-testing/llvm-test-suite/MultiSource/Applications/JM/lencod/nalu.c -o Output/nalu.llvm.o
/home/ed/mcsema-testing/llvm-test-suite/RunSafely.sh --show-errors -t "/home/ed/mcsema-testing/SANDBOX/test-2015-12-21_15-36-50/tools/timeit" 500 /dev/null Output/nalucommon.llvm.o.compile \
	  /usr/bin/clang -D __USE_LARGEFILE64 -D _FILE_OFFSET_BITS=64 -I/home/ed/mcsema-testing/SANDBOX/test-2015-12-21_15-36-50/MultiSource/Applications/JM/lencod -I/home/ed/mcsema-testing/llvm-test-suite/MultiSource/Applications/JM/lencod -I/home/ed/mcsema-testing/llvm-test-suite/include -I../../../../include -D_GNU_SOURCE -D__STDC_LIMIT_MACROS -DNDEBUG  -O3  -m64 -fomit-frame-pointer -c /home/ed/mcsema-testing/llvm-test-suite/MultiSource/Applications/JM/lencod/nalucommon.c -o Output/nalucommon.llvm.o
/home/ed/mcsema-testing/llvm-test-suite/RunSafely.sh --show-errors -t "/home/ed/mcsema-testing/SANDBOX/test-2015-12-21_15-36-50/tools/timeit" 500 /dev/null Output/output.llvm.o.compile \
	  /usr/bin/clang -D __USE_LARGEFILE64 -D _FILE_OFFSET_BITS=64 -I/home/ed/mcsema-testing/SANDBOX/test-2015-12-21_15-36-50/MultiSource/Applications/JM/lencod -I/home/ed/mcsema-testing/llvm-test-suite/MultiSource/Applications/JM/lencod -I/home/ed/mcsema-testing/llvm-test-suite/include -I../../../../include -D_GNU_SOURCE -D__STDC_LIMIT_MACROS -DNDEBUG  -O3  -m64 -fomit-frame-pointer -c /home/ed/mcsema-testing/llvm-test-suite/MultiSource/Applications/JM/lencod/output.c -o Output/output.llvm.o
/home/ed/mcsema-testing/llvm-test-suite/RunSafely.sh --show-errors -t "/home/ed/mcsema-testing/SANDBOX/test-2015-12-21_15-36-50/tools/timeit" 500 /dev/null Output/parset.llvm.o.compile \
	  /usr/bin/clang -D __USE_LARGEFILE64 -D _FILE_OFFSET_BITS=64 -I/home/ed/mcsema-testing/SANDBOX/test-2015-12-21_15-36-50/MultiSource/Applications/JM/lencod -I/home/ed/mcsema-testing/llvm-test-suite/MultiSource/Applications/JM/lencod -I/home/ed/mcsema-testing/llvm-test-suite/include -I../../../../include -D_GNU_SOURCE -D__STDC_LIMIT_MACROS -DNDEBUG  -O3  -m64 -fomit-frame-pointer -c /home/ed/mcsema-testing/llvm-test-suite/MultiSource/Applications/JM/lencod/parset.c -o Output/parset.llvm.o
/home/ed/mcsema-testing/llvm-test-suite/RunSafely.sh --show-errors -t "/home/ed/mcsema-testing/SANDBOX/test-2015-12-21_15-36-50/tools/timeit" 500 /dev/null Output/parsetcommon.llvm.o.compile \
	  /usr/bin/clang -D __USE_LARGEFILE64 -D _FILE_OFFSET_BITS=64 -I/home/ed/mcsema-testing/SANDBOX/test-2015-12-21_15-36-50/MultiSource/Applications/JM/lencod -I/home/ed/mcsema-testing/llvm-test-suite/MultiSource/Applications/JM/lencod -I/home/ed/mcsema-testing/llvm-test-suite/include -I../../../../include -D_GNU_SOURCE -D__STDC_LIMIT_MACROS -DNDEBUG  -O3  -m64 -fomit-frame-pointer -c /home/ed/mcsema-testing/llvm-test-suite/MultiSource/Applications/JM/lencod/parsetcommon.c -o Output/parsetcommon.llvm.o
/home/ed/mcsema-testing/llvm-test-suite/RunSafely.sh --show-errors -t "/home/ed/mcsema-testing/SANDBOX/test-2015-12-21_15-36-50/tools/timeit" 500 /dev/null Output/q_matrix.llvm.o.compile \
	  /usr/bin/clang -D __USE_LARGEFILE64 -D _FILE_OFFSET_BITS=64 -I/home/ed/mcsema-testing/SANDBOX/test-2015-12-21_15-36-50/MultiSource/Applications/JM/lencod -I/home/ed/mcsema-testing/llvm-test-suite/MultiSource/Applications/JM/lencod -I/home/ed/mcsema-testing/llvm-test-suite/include -I../../../../include -D_GNU_SOURCE -D__STDC_LIMIT_MACROS -DNDEBUG  -O3  -m64 -fomit-frame-pointer -c /home/ed/mcsema-testing/llvm-test-suite/MultiSource/Applications/JM/lencod/q_matrix.c -o Output/q_matrix.llvm.o
/home/ed/mcsema-testing/llvm-test-suite/RunSafely.sh --show-errors -t "/home/ed/mcsema-testing/SANDBOX/test-2015-12-21_15-36-50/tools/timeit" 500 /dev/null Output/q_offsets.llvm.o.compile \
	  /usr/bin/clang -D __USE_LARGEFILE64 -D _FILE_OFFSET_BITS=64 -I/home/ed/mcsema-testing/SANDBOX/test-2015-12-21_15-36-50/MultiSource/Applications/JM/lencod -I/home/ed/mcsema-testing/llvm-test-suite/MultiSource/Applications/JM/lencod -I/home/ed/mcsema-testing/llvm-test-suite/include -I../../../../include -D_GNU_SOURCE -D__STDC_LIMIT_MACROS -DNDEBUG  -O3  -m64 -fomit-frame-pointer -c /home/ed/mcsema-testing/llvm-test-suite/MultiSource/Applications/JM/lencod/q_offsets.c -o Output/q_offsets.llvm.o
/home/ed/mcsema-testing/llvm-test-suite/RunSafely.sh --show-errors -t "/home/ed/mcsema-testing/SANDBOX/test-2015-12-21_15-36-50/tools/timeit" 500 /dev/null Output/ratectl.llvm.o.compile \
	  /usr/bin/clang -D __USE_LARGEFILE64 -D _FILE_OFFSET_BITS=64 -I/home/ed/mcsema-testing/SANDBOX/test-2015-12-21_15-36-50/MultiSource/Applications/JM/lencod -I/home/ed/mcsema-testing/llvm-test-suite/MultiSource/Applications/JM/lencod -I/home/ed/mcsema-testing/llvm-test-suite/include -I../../../../include -D_GNU_SOURCE -D__STDC_LIMIT_MACROS -DNDEBUG  -O3  -m64 -fomit-frame-pointer -c /home/ed/mcsema-testing/llvm-test-suite/MultiSource/Applications/JM/lencod/ratectl.c -o Output/ratectl.llvm.o
/home/ed/mcsema-testing/llvm-test-suite/RunSafely.sh --show-errors -t "/home/ed/mcsema-testing/SANDBOX/test-2015-12-21_15-36-50/tools/timeit" 500 /dev/null Output/rc_quadratic.llvm.o.compile \
	  /usr/bin/clang -D __USE_LARGEFILE64 -D _FILE_OFFSET_BITS=64 -I/home/ed/mcsema-testing/SANDBOX/test-2015-12-21_15-36-50/MultiSource/Applications/JM/lencod -I/home/ed/mcsema-testing/llvm-test-suite/MultiSource/Applications/JM/lencod -I/home/ed/mcsema-testing/llvm-test-suite/include -I../../../../include -D_GNU_SOURCE -D__STDC_LIMIT_MACROS -DNDEBUG  -O3  -m64 -fomit-frame-pointer -c /home/ed/mcsema-testing/llvm-test-suite/MultiSource/Applications/JM/lencod/rc_quadratic.c -o Output/rc_quadratic.llvm.o
/home/ed/mcsema-testing/llvm-test-suite/RunSafely.sh --show-errors -t "/home/ed/mcsema-testing/SANDBOX/test-2015-12-21_15-36-50/tools/timeit" 500 /dev/null Output/rdopt.llvm.o.compile \
	  /usr/bin/clang -D __USE_LARGEFILE64 -D _FILE_OFFSET_BITS=64 -I/home/ed/mcsema-testing/SANDBOX/test-2015-12-21_15-36-50/MultiSource/Applications/JM/lencod -I/home/ed/mcsema-testing/llvm-test-suite/MultiSource/Applications/JM/lencod -I/home/ed/mcsema-testing/llvm-test-suite/include -I../../../../include -D_GNU_SOURCE -D__STDC_LIMIT_MACROS -DNDEBUG  -O3  -m64 -fomit-frame-pointer -c /home/ed/mcsema-testing/llvm-test-suite/MultiSource/Applications/JM/lencod/rdopt.c -o Output/rdopt.llvm.o
/home/ed/mcsema-testing/llvm-test-suite/RunSafely.sh --show-errors -t "/home/ed/mcsema-testing/SANDBOX/test-2015-12-21_15-36-50/tools/timeit" 500 /dev/null Output/rdopt_coding_state.llvm.o.compile \
	  /usr/bin/clang -D __USE_LARGEFILE64 -D _FILE_OFFSET_BITS=64 -I/home/ed/mcsema-testing/SANDBOX/test-2015-12-21_15-36-50/MultiSource/Applications/JM/lencod -I/home/ed/mcsema-testing/llvm-test-suite/MultiSource/Applications/JM/lencod -I/home/ed/mcsema-testing/llvm-test-suite/include -I../../../../include -D_GNU_SOURCE -D__STDC_LIMIT_MACROS -DNDEBUG  -O3  -m64 -fomit-frame-pointer -c /home/ed/mcsema-testing/llvm-test-suite/MultiSource/Applications/JM/lencod/rdopt_coding_state.c -o Output/rdopt_coding_state.llvm.o
/home/ed/mcsema-testing/llvm-test-suite/RunSafely.sh --show-errors -t "/home/ed/mcsema-testing/SANDBOX/test-2015-12-21_15-36-50/tools/timeit" 500 /dev/null Output/rdpicdecision.llvm.o.compile \
	  /usr/bin/clang -D __USE_LARGEFILE64 -D _FILE_OFFSET_BITS=64 -I/home/ed/mcsema-testing/SANDBOX/test-2015-12-21_15-36-50/MultiSource/Applications/JM/lencod -I/home/ed/mcsema-testing/llvm-test-suite/MultiSource/Applications/JM/lencod -I/home/ed/mcsema-testing/llvm-test-suite/include -I../../../../include -D_GNU_SOURCE -D__STDC_LIMIT_MACROS -DNDEBUG  -O3  -m64 -fomit-frame-pointer -c /home/ed/mcsema-testing/llvm-test-suite/MultiSource/Applications/JM/lencod/rdpicdecision.c -o Output/rdpicdecision.llvm.o
/home/ed/mcsema-testing/llvm-test-suite/RunSafely.sh --show-errors -t "/home/ed/mcsema-testing/SANDBOX/test-2015-12-21_15-36-50/tools/timeit" 500 /dev/null Output/refbuf.llvm.o.compile \
	  /usr/bin/clang -D __USE_LARGEFILE64 -D _FILE_OFFSET_BITS=64 -I/home/ed/mcsema-testing/SANDBOX/test-2015-12-21_15-36-50/MultiSource/Applications/JM/lencod -I/home/ed/mcsema-testing/llvm-test-suite/MultiSource/Applications/JM/lencod -I/home/ed/mcsema-testing/llvm-test-suite/include -I../../../../include -D_GNU_SOURCE -D__STDC_LIMIT_MACROS -DNDEBUG  -O3  -m64 -fomit-frame-pointer -c /home/ed/mcsema-testing/llvm-test-suite/MultiSource/Applications/JM/lencod/refbuf.c -o Output/refbuf.llvm.o
/home/ed/mcsema-testing/llvm-test-suite/RunSafely.sh --show-errors -t "/home/ed/mcsema-testing/SANDBOX/test-2015-12-21_15-36-50/tools/timeit" 500 /dev/null Output/rtp.llvm.o.compile \
	  /usr/bin/clang -D __USE_LARGEFILE64 -D _FILE_OFFSET_BITS=64 -I/home/ed/mcsema-testing/SANDBOX/test-2015-12-21_15-36-50/MultiSource/Applications/JM/lencod -I/home/ed/mcsema-testing/llvm-test-suite/MultiSource/Applications/JM/lencod -I/home/ed/mcsema-testing/llvm-test-suite/include -I../../../../include -D_GNU_SOURCE -D__STDC_LIMIT_MACROS -DNDEBUG  -O3  -m64 -fomit-frame-pointer -c /home/ed/mcsema-testing/llvm-test-suite/MultiSource/Applications/JM/lencod/rtp.c -o Output/rtp.llvm.o
/home/ed/mcsema-testing/llvm-test-suite/RunSafely.sh --show-errors -t "/home/ed/mcsema-testing/SANDBOX/test-2015-12-21_15-36-50/tools/timeit" 500 /dev/null Output/sei.llvm.o.compile \
	  /usr/bin/clang -D __USE_LARGEFILE64 -D _FILE_OFFSET_BITS=64 -I/home/ed/mcsema-testing/SANDBOX/test-2015-12-21_15-36-50/MultiSource/Applications/JM/lencod -I/home/ed/mcsema-testing/llvm-test-suite/MultiSource/Applications/JM/lencod -I/home/ed/mcsema-testing/llvm-test-suite/include -I../../../../include -D_GNU_SOURCE -D__STDC_LIMIT_MACROS -DNDEBUG  -O3  -m64 -fomit-frame-pointer -c /home/ed/mcsema-testing/llvm-test-suite/MultiSource/Applications/JM/lencod/sei.c -o Output/sei.llvm.o
/home/ed/mcsema-testing/llvm-test-suite/RunSafely.sh --show-errors -t "/home/ed/mcsema-testing/SANDBOX/test-2015-12-21_15-36-50/tools/timeit" 500 /dev/null Output/slice.llvm.o.compile \
	  /usr/bin/clang -D __USE_LARGEFILE64 -D _FILE_OFFSET_BITS=64 -I/home/ed/mcsema-testing/SANDBOX/test-2015-12-21_15-36-50/MultiSource/Applications/JM/lencod -I/home/ed/mcsema-testing/llvm-test-suite/MultiSource/Applications/JM/lencod -I/home/ed/mcsema-testing/llvm-test-suite/include -I../../../../include -D_GNU_SOURCE -D__STDC_LIMIT_MACROS -DNDEBUG  -O3  -m64 -fomit-frame-pointer -c /home/ed/mcsema-testing/llvm-test-suite/MultiSource/Applications/JM/lencod/slice.c -o Output/slice.llvm.o
/home/ed/mcsema-testing/llvm-test-suite/RunSafely.sh --show-errors -t "/home/ed/mcsema-testing/SANDBOX/test-2015-12-21_15-36-50/tools/timeit" 500 /dev/null Output/symbol.llvm.o.compile \
	  /usr/bin/clang -D __USE_LARGEFILE64 -D _FILE_OFFSET_BITS=64 -I/home/ed/mcsema-testing/SANDBOX/test-2015-12-21_15-36-50/MultiSource/Applications/JM/lencod -I/home/ed/mcsema-testing/llvm-test-suite/MultiSource/Applications/JM/lencod -I/home/ed/mcsema-testing/llvm-test-suite/include -I../../../../include -D_GNU_SOURCE -D__STDC_LIMIT_MACROS -DNDEBUG  -O3  -m64 -fomit-frame-pointer -c /home/ed/mcsema-testing/llvm-test-suite/MultiSource/Applications/JM/lencod/symbol.c -o Output/symbol.llvm.o
/home/ed/mcsema-testing/llvm-test-suite/RunSafely.sh --show-errors -t "/home/ed/mcsema-testing/SANDBOX/test-2015-12-21_15-36-50/tools/timeit" 500 /dev/null Output/transform8x8.llvm.o.compile \
	  /usr/bin/clang -D __USE_LARGEFILE64 -D _FILE_OFFSET_BITS=64 -I/home/ed/mcsema-testing/SANDBOX/test-2015-12-21_15-36-50/MultiSource/Applications/JM/lencod -I/home/ed/mcsema-testing/llvm-test-suite/MultiSource/Applications/JM/lencod -I/home/ed/mcsema-testing/llvm-test-suite/include -I../../../../include -D_GNU_SOURCE -D__STDC_LIMIT_MACROS -DNDEBUG  -O3  -m64 -fomit-frame-pointer -c /home/ed/mcsema-testing/llvm-test-suite/MultiSource/Applications/JM/lencod/transform8x8.c -o Output/transform8x8.llvm.o
/home/ed/mcsema-testing/llvm-test-suite/RunSafely.sh --show-errors -t "/home/ed/mcsema-testing/SANDBOX/test-2015-12-21_15-36-50/tools/timeit" 500 /dev/null Output/vlc.llvm.o.compile \
	  /usr/bin/clang -D __USE_LARGEFILE64 -D _FILE_OFFSET_BITS=64 -I/home/ed/mcsema-testing/SANDBOX/test-2015-12-21_15-36-50/MultiSource/Applications/JM/lencod -I/home/ed/mcsema-testing/llvm-test-suite/MultiSource/Applications/JM/lencod -I/home/ed/mcsema-testing/llvm-test-suite/include -I../../../../include -D_GNU_SOURCE -D__STDC_LIMIT_MACROS -DNDEBUG  -O3  -m64 -fomit-frame-pointer -c /home/ed/mcsema-testing/llvm-test-suite/MultiSource/Applications/JM/lencod/vlc.c -o Output/vlc.llvm.o
/home/ed/mcsema-testing/llvm-test-suite/RunSafely.sh --show-errors -t "/home/ed/mcsema-testing/SANDBOX/test-2015-12-21_15-36-50/tools/timeit" 500 /dev/null Output/weighted_prediction.llvm.o.compile \
	  /usr/bin/clang -D __USE_LARGEFILE64 -D _FILE_OFFSET_BITS=64 -I/home/ed/mcsema-testing/SANDBOX/test-2015-12-21_15-36-50/MultiSource/Applications/JM/lencod -I/home/ed/mcsema-testing/llvm-test-suite/MultiSource/Applications/JM/lencod -I/home/ed/mcsema-testing/llvm-test-suite/include -I../../../../include -D_GNU_SOURCE -D__STDC_LIMIT_MACROS -DNDEBUG  -O3  -m64 -fomit-frame-pointer -c /home/ed/mcsema-testing/llvm-test-suite/MultiSource/Applications/JM/lencod/weighted_prediction.c -o Output/weighted_prediction.llvm.o
/usr/bin/clang++ -o Output/lencod.simple Output/annexb.llvm.o Output/biariencode.llvm.o Output/block.llvm.o Output/cabac.llvm.o Output/configfile.llvm.o Output/context_ini.llvm.o Output/decoder.llvm.o Output/explicit_gop.llvm.o Output/filehandle.llvm.o Output/fmo.llvm.o Output/header.llvm.o Output/image.llvm.o Output/img_chroma.llvm.o Output/img_luma.llvm.o Output/intrarefresh.llvm.o Output/leaky_bucket.llvm.o Output/lencod.llvm.o Output/loopFilter.llvm.o Output/macroblock.llvm.o Output/mb_access.llvm.o Output/mbuffer.llvm.o Output/md_high.llvm.o Output/md_highfast.llvm.o Output/md_highloss.llvm.o Output/md_low.llvm.o Output/me_distortion.llvm.o Output/me_epzs.llvm.o Output/me_fullfast.llvm.o Output/me_fullsearch.llvm.o Output/me_umhex.llvm.o Output/me_umhexsmp.llvm.o Output/memalloc.llvm.o Output/mode_decision.llvm.o Output/mv-search.llvm.o Output/nal.llvm.o Output/nalu.llvm.o Output/nalucommon.llvm.o Output/output.llvm.o Output/parset.llvm.o Output/parsetcommon.llvm.o Output/q_matrix.llvm.o Output/q_offsets.llvm.o Output/ratectl.llvm.o Output/rc_quadratic.llvm.o Output/rdopt.llvm.o Output/rdopt_coding_state.llvm.o Output/rdpicdecision.llvm.o Output/refbuf.llvm.o Output/rtp.llvm.o Output/sei.llvm.o Output/slice.llvm.o Output/symbol.llvm.o Output/transform8x8.llvm.o Output/vlc.llvm.o Output/weighted_prediction.llvm.o -lm    -m64 -fomit-frame-pointer
/home/ed/mcsema-testing/llvm-test-suite/RunSafely.sh -t "/home/ed/mcsema-testing/SANDBOX/test-2015-12-21_15-36-50/tools/timeit-target" 500 /dev/null Output/lencod.out-simple Output/lencod.simple -d /home/ed/mcsema-testing/llvm-test-suite/MultiSource/Applications/JM/lencod/data/encoder.cfg -p InputFile=/home/ed/mcsema-testing/llvm-test-suite/MultiSource/Applications/JM/lencod/data/foreman_part_qcif_444.yuv -p LeakyBucketRateFile=/home/ed/mcsema-testing/llvm-test-suite/MultiSource/Applications/JM/lencod/data/leakybucketrate.cfg -p QmatrixFile=/home/ed/mcsema-testing/llvm-test-suite/MultiSource/Applications/JM/lencod/data/q_matrix.cfg
cp Output/lencod.simple Output/lencod.simple-hash; \
	strip --remove-section=.comment --remove-section='.note*' Output/lencod.simple-hash; \
	/home/ed/mcsema-testing/llvm-test-suite/HashProgramOutput.sh Output/lencod.simple-hash
if [ -f "/home/ed/mcsema-testing/llvm-test-suite/MultiSource/Applications/JM/lencod/lencod.reference_output.little-endian." ]; then \
	  cp /home/ed/mcsema-testing/llvm-test-suite/MultiSource/Applications/JM/lencod/lencod.reference_output.little-endian. Output/lencod.out-nat; \
	elif [ -f "/home/ed/mcsema-testing/llvm-test-suite/MultiSource/Applications/JM/lencod/lencod.reference_output." ]; then \
	  cp /home/ed/mcsema-testing/llvm-test-suite/MultiSource/Applications/JM/lencod/lencod.reference_output. Output/lencod.out-nat; \
	elif [ -f "/home/ed/mcsema-testing/llvm-test-suite/MultiSource/Applications/JM/lencod/lencod.reference_output.little-endian" ]; then \
	  cp /home/ed/mcsema-testing/llvm-test-suite/MultiSource/Applications/JM/lencod/lencod.reference_output.little-endian Output/lencod.out-nat; \
	elif [ -f "/home/ed/mcsema-testing/llvm-test-suite/MultiSource/Applications/JM/lencod/lencod.reference_output" ]; then \
	  cp /home/ed/mcsema-testing/llvm-test-suite/MultiSource/Applications/JM/lencod/lencod.reference_output Output/lencod.out-nat; \
	else \
	  printf "WARNING: %s: %s\n" "NO REFERENCE OUTPUT (using default)" "/home/ed/mcsema-testing/llvm-test-suite/MultiSource/Applications/JM/lencod/lencod.reference_output" > Output/lencod.out-nat; \
	  cp /home/ed/mcsema-testing/llvm-test-suite/default.reference_output Output/lencod.out-nat; \
	  cat Output/lencod.out-nat; \
	fi
# Pretend that the reference output was produced instantaneously.
cp /home/ed/mcsema-testing/llvm-test-suite/instant.txt Output/lencod.out-nat.time
/home/ed/mcsema-testing/llvm-test-suite/DiffOutput.sh "/home/ed/mcsema-testing/SANDBOX/test-2015-12-21_15-36-50/tools/fpcmp  -r 0.025" simple lencod 
rm -f Output/lencod.exe-simple
cp Output/lencod.diff-simple Output/lencod.exe-simple
if test -f Output/lencod.extra-results.txt; then \
	  /home/ed/mcsema-testing/llvm-test-suite/ParseMultipleResults /home/ed/mcsema-testing/SANDBOX/test-2015-12-21_15-36-50/MultiSource/Applications/JM/lencod/lencod Output/lencod.extra-results.txt >> Output/lencod.simple.exec.report.txt; \
	fi
cat Output/lencod.simple.compile.report.txt Output/lencod.simple.exec.report.txt >> Output/lencod.simple.report.txt
---------------------------------------------------------------
>>> ========= '/home/ed/mcsema-testing/SANDBOX/test-2015-12-21_15-36-50/MultiSource/Applications/JM/lencod/lencod' Program
---------------------------------------------------------------

TEST-PASS: compile /home/ed/mcsema-testing/SANDBOX/test-2015-12-21_15-36-50/MultiSource/Applications/JM/lencod/lencod
TEST-RESULT-compile-success: pass
TEST-RESULT-compile-hash: 66f34518db24e614920c76d1c2e5e1e9
TEST-RESULT-compile-time: user 10.332000
TEST-RESULT-compile-real-time: real 11.480200

TEST-PASS: exec /home/ed/mcsema-testing/SANDBOX/test-2015-12-21_15-36-50/MultiSource/Applications/JM/lencod/lencod
TEST-RESULT-exec-success: pass
TEST-RESULT-exec-time: user       5.1019
TEST-RESULT-exec-real-time: real       5.1319
make[5]: Leaving directory `/home/ed/mcsema-testing/SANDBOX/test-2015-12-21_15-36-50/MultiSource/Applications/JM/lencod'
make[4]: Leaving directory `/home/ed/mcsema-testing/SANDBOX/test-2015-12-21_15-36-50/MultiSource/Applications/JM'
make[4]: Entering directory `/home/ed/mcsema-testing/SANDBOX/test-2015-12-21_15-36-50/MultiSource/Applications/viterbi'
/home/ed/mcsema-testing/llvm-test-suite/RunSafely.sh --show-errors -t "/home/ed/mcsema-testing/SANDBOX/test-2015-12-21_15-36-50/tools/timeit" 500 /dev/null Output/dec_viterbi_F.llvm.o.compile \
	  /usr/bin/clang -I/home/ed/mcsema-testing/llvm-test-suite/MultiSource/Applications/viterbi -DPROJ_SRC_DIR=\"/home/ed/mcsema-testing/llvm-test-suite/MultiSource/Applications/viterbi\" -I/home/ed/mcsema-testing/SANDBOX/test-2015-12-21_15-36-50/MultiSource/Applications/viterbi -I/home/ed/mcsema-testing/llvm-test-suite/MultiSource/Applications/viterbi -I/home/ed/mcsema-testing/llvm-test-suite/include -I../../../include -D_GNU_SOURCE -D__STDC_LIMIT_MACROS -DNDEBUG  -O3  -m64 -fomit-frame-pointer -c /home/ed/mcsema-testing/llvm-test-suite/MultiSource/Applications/viterbi/dec_viterbi_F.c -o Output/dec_viterbi_F.llvm.o
/home/ed/mcsema-testing/llvm-test-suite/RunSafely.sh --show-errors -t "/home/ed/mcsema-testing/SANDBOX/test-2015-12-21_15-36-50/tools/timeit" 500 /dev/null Output/init_viterbi.llvm.o.compile \
	  /usr/bin/clang -I/home/ed/mcsema-testing/llvm-test-suite/MultiSource/Applications/viterbi -DPROJ_SRC_DIR=\"/home/ed/mcsema-testing/llvm-test-suite/MultiSource/Applications/viterbi\" -I/home/ed/mcsema-testing/SANDBOX/test-2015-12-21_15-36-50/MultiSource/Applications/viterbi -I/home/ed/mcsema-testing/llvm-test-suite/MultiSource/Applications/viterbi -I/home/ed/mcsema-testing/llvm-test-suite/include -I../../../include -D_GNU_SOURCE -D__STDC_LIMIT_MACROS -DNDEBUG  -O3  -m64 -fomit-frame-pointer -c /home/ed/mcsema-testing/llvm-test-suite/MultiSource/Applications/viterbi/init_viterbi.c -o Output/init_viterbi.llvm.o
/home/ed/mcsema-testing/llvm-test-suite/RunSafely.sh --show-errors -t "/home/ed/mcsema-testing/SANDBOX/test-2015-12-21_15-36-50/tools/timeit" 500 /dev/null Output/read_dmatrix.llvm.o.compile \
	  /usr/bin/clang -I/home/ed/mcsema-testing/llvm-test-suite/MultiSource/Applications/viterbi -DPROJ_SRC_DIR=\"/home/ed/mcsema-testing/llvm-test-suite/MultiSource/Applications/viterbi\" -I/home/ed/mcsema-testing/SANDBOX/test-2015-12-21_15-36-50/MultiSource/Applications/viterbi -I/home/ed/mcsema-testing/llvm-test-suite/MultiSource/Applications/viterbi -I/home/ed/mcsema-testing/llvm-test-suite/include -I../../../include -D_GNU_SOURCE -D__STDC_LIMIT_MACROS -DNDEBUG  -O3  -m64 -fomit-frame-pointer -c /home/ed/mcsema-testing/llvm-test-suite/MultiSource/Applications/viterbi/read_dmatrix.c -o Output/read_dmatrix.llvm.o
/home/ed/mcsema-testing/llvm-test-suite/RunSafely.sh --show-errors -t "/home/ed/mcsema-testing/SANDBOX/test-2015-12-21_15-36-50/tools/timeit" 500 /dev/null Output/test.llvm.o.compile \
	  /usr/bin/clang -I/home/ed/mcsema-testing/llvm-test-suite/MultiSource/Applications/viterbi -DPROJ_SRC_DIR=\"/home/ed/mcsema-testing/llvm-test-suite/MultiSource/Applications/viterbi\" -I/home/ed/mcsema-testing/SANDBOX/test-2015-12-21_15-36-50/MultiSource/Applications/viterbi -I/home/ed/mcsema-testing/llvm-test-suite/MultiSource/Applications/viterbi -I/home/ed/mcsema-testing/llvm-test-suite/include -I../../../include -D_GNU_SOURCE -D__STDC_LIMIT_MACROS -DNDEBUG  -O3  -m64 -fomit-frame-pointer -c /home/ed/mcsema-testing/llvm-test-suite/MultiSource/Applications/viterbi/test.c -o Output/test.llvm.o
/usr/bin/clang++ -o Output/viterbi.simple Output/dec_viterbi_F.llvm.o Output/init_viterbi.llvm.o Output/read_dmatrix.llvm.o Output/test.llvm.o    -m64 -fomit-frame-pointer
/home/ed/mcsema-testing/llvm-test-suite/RunSafely.sh -t "/home/ed/mcsema-testing/SANDBOX/test-2015-12-21_15-36-50/tools/timeit-target" 500 /dev/null Output/viterbi.out-simple Output/viterbi.simple 
cp Output/viterbi.simple Output/viterbi.simple-hash; \
	strip --remove-section=.comment --remove-section='.note*' Output/viterbi.simple-hash; \
	/home/ed/mcsema-testing/llvm-test-suite/HashProgramOutput.sh Output/viterbi.simple-hash
if [ -f "/home/ed/mcsema-testing/llvm-test-suite/MultiSource/Applications/viterbi/viterbi.reference_output.little-endian." ]; then \
	  cp /home/ed/mcsema-testing/llvm-test-suite/MultiSource/Applications/viterbi/viterbi.reference_output.little-endian. Output/viterbi.out-nat; \
	elif [ -f "/home/ed/mcsema-testing/llvm-test-suite/MultiSource/Applications/viterbi/viterbi.reference_output." ]; then \
	  cp /home/ed/mcsema-testing/llvm-test-suite/MultiSource/Applications/viterbi/viterbi.reference_output. Output/viterbi.out-nat; \
	elif [ -f "/home/ed/mcsema-testing/llvm-test-suite/MultiSource/Applications/viterbi/viterbi.reference_output.little-endian" ]; then \
	  cp /home/ed/mcsema-testing/llvm-test-suite/MultiSource/Applications/viterbi/viterbi.reference_output.little-endian Output/viterbi.out-nat; \
	elif [ -f "/home/ed/mcsema-testing/llvm-test-suite/MultiSource/Applications/viterbi/viterbi.reference_output" ]; then \
	  cp /home/ed/mcsema-testing/llvm-test-suite/MultiSource/Applications/viterbi/viterbi.reference_output Output/viterbi.out-nat; \
	else \
	  printf "WARNING: %s: %s\n" "NO REFERENCE OUTPUT (using default)" "/home/ed/mcsema-testing/llvm-test-suite/MultiSource/Applications/viterbi/viterbi.reference_output" > Output/viterbi.out-nat; \
	  cp /home/ed/mcsema-testing/llvm-test-suite/default.reference_output Output/viterbi.out-nat; \
	  cat Output/viterbi.out-nat; \
	fi
# Pretend that the reference output was produced instantaneously.
cp /home/ed/mcsema-testing/llvm-test-suite/instant.txt Output/viterbi.out-nat.time
/home/ed/mcsema-testing/llvm-test-suite/DiffOutput.sh "/home/ed/mcsema-testing/SANDBOX/test-2015-12-21_15-36-50/tools/fpcmp " simple viterbi 
rm -f Output/viterbi.exe-simple
cp Output/viterbi.diff-simple Output/viterbi.exe-simple
if test -f Output/viterbi.extra-results.txt; then \
	  /home/ed/mcsema-testing/llvm-test-suite/ParseMultipleResults /home/ed/mcsema-testing/SANDBOX/test-2015-12-21_15-36-50/MultiSource/Applications/viterbi/viterbi Output/viterbi.extra-results.txt >> Output/viterbi.simple.exec.report.txt; \
	fi
cat Output/viterbi.simple.compile.report.txt Output/viterbi.simple.exec.report.txt >> Output/viterbi.simple.report.txt
---------------------------------------------------------------
>>> ========= '/home/ed/mcsema-testing/SANDBOX/test-2015-12-21_15-36-50/MultiSource/Applications/viterbi/viterbi' Program
---------------------------------------------------------------

TEST-PASS: compile /home/ed/mcsema-testing/SANDBOX/test-2015-12-21_15-36-50/MultiSource/Applications/viterbi/viterbi
TEST-RESULT-compile-success: pass
TEST-RESULT-compile-hash: 4e705bc45073142f809cced530302e3f
TEST-RESULT-compile-time: user 0.179100
TEST-RESULT-compile-real-time: real 0.243100

TEST-PASS: exec /home/ed/mcsema-testing/SANDBOX/test-2015-12-21_15-36-50/MultiSource/Applications/viterbi/viterbi
TEST-RESULT-exec-success: pass
TEST-RESULT-exec-time: user       1.5781
TEST-RESULT-exec-real-time: real       1.5932
make[4]: Leaving directory `/home/ed/mcsema-testing/SANDBOX/test-2015-12-21_15-36-50/MultiSource/Applications/viterbi'
make[4]: Entering directory `/home/ed/mcsema-testing/SANDBOX/test-2015-12-21_15-36-50/MultiSource/Applications/SIBsim4'
/home/ed/mcsema-testing/llvm-test-suite/RunSafely.sh --show-errors -t "/home/ed/mcsema-testing/SANDBOX/test-2015-12-21_15-36-50/tools/timeit" 500 /dev/null Output/align.llvm.o.compile \
	  /usr/bin/clang  -I/home/ed/mcsema-testing/SANDBOX/test-2015-12-21_15-36-50/MultiSource/Applications/SIBsim4 -I/home/ed/mcsema-testing/llvm-test-suite/MultiSource/Applications/SIBsim4 -I/home/ed/mcsema-testing/llvm-test-suite/include -I../../../include -D_GNU_SOURCE -D__STDC_LIMIT_MACROS -DNDEBUG  -O3  -m64 -fomit-frame-pointer -c /home/ed/mcsema-testing/llvm-test-suite/MultiSource/Applications/SIBsim4/align.c -o Output/align.llvm.o
/home/ed/mcsema-testing/llvm-test-suite/RunSafely.sh --show-errors -t "/home/ed/mcsema-testing/SANDBOX/test-2015-12-21_15-36-50/tools/timeit" 500 /dev/null Output/misc.llvm.o.compile \
	  /usr/bin/clang  -I/home/ed/mcsema-testing/SANDBOX/test-2015-12-21_15-36-50/MultiSource/Applications/SIBsim4 -I/home/ed/mcsema-testing/llvm-test-suite/MultiSource/Applications/SIBsim4 -I/home/ed/mcsema-testing/llvm-test-suite/include -I../../../include -D_GNU_SOURCE -D__STDC_LIMIT_MACROS -DNDEBUG  -O3  -m64 -fomit-frame-pointer -c /home/ed/mcsema-testing/llvm-test-suite/MultiSource/Applications/SIBsim4/misc.c -o Output/misc.llvm.o
/home/ed/mcsema-testing/llvm-test-suite/RunSafely.sh --show-errors -t "/home/ed/mcsema-testing/SANDBOX/test-2015-12-21_15-36-50/tools/timeit" 500 /dev/null Output/sim4.init.llvm.o.compile \
	  /usr/bin/clang  -I/home/ed/mcsema-testing/SANDBOX/test-2015-12-21_15-36-50/MultiSource/Applications/SIBsim4 -I/home/ed/mcsema-testing/llvm-test-suite/MultiSource/Applications/SIBsim4 -I/home/ed/mcsema-testing/llvm-test-suite/include -I../../../include -D_GNU_SOURCE -D__STDC_LIMIT_MACROS -DNDEBUG  -O3  -m64 -fomit-frame-pointer -c /home/ed/mcsema-testing/llvm-test-suite/MultiSource/Applications/SIBsim4/sim4.init.c -o Output/sim4.init.llvm.o
/home/ed/mcsema-testing/llvm-test-suite/RunSafely.sh --show-errors -t "/home/ed/mcsema-testing/SANDBOX/test-2015-12-21_15-36-50/tools/timeit" 500 /dev/null Output/sim4b1.llvm.o.compile \
	  /usr/bin/clang  -I/home/ed/mcsema-testing/SANDBOX/test-2015-12-21_15-36-50/MultiSource/Applications/SIBsim4 -I/home/ed/mcsema-testing/llvm-test-suite/MultiSource/Applications/SIBsim4 -I/home/ed/mcsema-testing/llvm-test-suite/include -I../../../include -D_GNU_SOURCE -D__STDC_LIMIT_MACROS -DNDEBUG  -O3  -m64 -fomit-frame-pointer -c /home/ed/mcsema-testing/llvm-test-suite/MultiSource/Applications/SIBsim4/sim4b1.c -o Output/sim4b1.llvm.o
/usr/bin/clang++ -o Output/SIBsim4.simple Output/align.llvm.o Output/misc.llvm.o Output/sim4.init.llvm.o Output/sim4b1.llvm.o    -m64 -fomit-frame-pointer
/home/ed/mcsema-testing/llvm-test-suite/RunSafely.sh -t "/home/ed/mcsema-testing/SANDBOX/test-2015-12-21_15-36-50/tools/timeit-target" 500 /dev/null Output/SIBsim4.out-simple Output/SIBsim4.simple -A4 /home/ed/mcsema-testing/llvm-test-suite/MultiSource/Applications/SIBsim4/x.fa /home/ed/mcsema-testing/llvm-test-suite/MultiSource/Applications/SIBsim4/y.fa
cp Output/SIBsim4.simple Output/SIBsim4.simple-hash; \
	strip --remove-section=.comment --remove-section='.note*' Output/SIBsim4.simple-hash; \
	/home/ed/mcsema-testing/llvm-test-suite/HashProgramOutput.sh Output/SIBsim4.simple-hash
if [ -f "/home/ed/mcsema-testing/llvm-test-suite/MultiSource/Applications/SIBsim4/SIBsim4.reference_output.little-endian." ]; then \
	  cp /home/ed/mcsema-testing/llvm-test-suite/MultiSource/Applications/SIBsim4/SIBsim4.reference_output.little-endian. Output/SIBsim4.out-nat; \
	elif [ -f "/home/ed/mcsema-testing/llvm-test-suite/MultiSource/Applications/SIBsim4/SIBsim4.reference_output." ]; then \
	  cp /home/ed/mcsema-testing/llvm-test-suite/MultiSource/Applications/SIBsim4/SIBsim4.reference_output. Output/SIBsim4.out-nat; \
	elif [ -f "/home/ed/mcsema-testing/llvm-test-suite/MultiSource/Applications/SIBsim4/SIBsim4.reference_output.little-endian" ]; then \
	  cp /home/ed/mcsema-testing/llvm-test-suite/MultiSource/Applications/SIBsim4/SIBsim4.reference_output.little-endian Output/SIBsim4.out-nat; \
	elif [ -f "/home/ed/mcsema-testing/llvm-test-suite/MultiSource/Applications/SIBsim4/SIBsim4.reference_output" ]; then \
	  cp /home/ed/mcsema-testing/llvm-test-suite/MultiSource/Applications/SIBsim4/SIBsim4.reference_output Output/SIBsim4.out-nat; \
	else \
	  printf "WARNING: %s: %s\n" "NO REFERENCE OUTPUT (using default)" "/home/ed/mcsema-testing/llvm-test-suite/MultiSource/Applications/SIBsim4/SIBsim4.reference_output" > Output/SIBsim4.out-nat; \
	  cp /home/ed/mcsema-testing/llvm-test-suite/default.reference_output Output/SIBsim4.out-nat; \
	  cat Output/SIBsim4.out-nat; \
	fi
# Pretend that the reference output was produced instantaneously.
cp /home/ed/mcsema-testing/llvm-test-suite/instant.txt Output/SIBsim4.out-nat.time
/home/ed/mcsema-testing/llvm-test-suite/DiffOutput.sh "/home/ed/mcsema-testing/SANDBOX/test-2015-12-21_15-36-50/tools/fpcmp " simple SIBsim4 
rm -f Output/SIBsim4.exe-simple
cp Output/SIBsim4.diff-simple Output/SIBsim4.exe-simple
if test -f Output/SIBsim4.extra-results.txt; then \
	  /home/ed/mcsema-testing/llvm-test-suite/ParseMultipleResults /home/ed/mcsema-testing/SANDBOX/test-2015-12-21_15-36-50/MultiSource/Applications/SIBsim4/SIBsim4 Output/SIBsim4.extra-results.txt >> Output/SIBsim4.simple.exec.report.txt; \
	fi
cat Output/SIBsim4.simple.compile.report.txt Output/SIBsim4.simple.exec.report.txt >> Output/SIBsim4.simple.report.txt
---------------------------------------------------------------
>>> ========= '/home/ed/mcsema-testing/SANDBOX/test-2015-12-21_15-36-50/MultiSource/Applications/SIBsim4/SIBsim4' Program
---------------------------------------------------------------

TEST-PASS: compile /home/ed/mcsema-testing/SANDBOX/test-2015-12-21_15-36-50/MultiSource/Applications/SIBsim4/SIBsim4
TEST-RESULT-compile-success: pass
TEST-RESULT-compile-hash: e401f2dda4748acb2b84e1c8b8fc538a
TEST-RESULT-compile-time: user 0.944600
TEST-RESULT-compile-real-time: real 1.026200

TEST-PASS: exec /home/ed/mcsema-testing/SANDBOX/test-2015-12-21_15-36-50/MultiSource/Applications/SIBsim4/SIBsim4
TEST-RESULT-exec-success: pass
TEST-RESULT-exec-time: user       3.1050
TEST-RESULT-exec-real-time: real       3.1342
make[4]: Leaving directory `/home/ed/mcsema-testing/SANDBOX/test-2015-12-21_15-36-50/MultiSource/Applications/SIBsim4'
make[4]: Entering directory `/home/ed/mcsema-testing/SANDBOX/test-2015-12-21_15-36-50/MultiSource/Applications/ClamAV'
/home/ed/mcsema-testing/llvm-test-suite/RunSafely.sh --show-errors -t "/home/ed/mcsema-testing/SANDBOX/test-2015-12-21_15-36-50/tools/timeit" 500 /dev/null Output/clamscan_clamscan.llvm.o.compile \
	  /usr/bin/clang -DHAVE_CONFIG_H -I. -DDONT_LOCK_DBDIRS -DC_LINUX -DFPU_WORDS_BIGENDIAN=0 -DWORDS_BIGENDIAN=0 -I/home/ed/mcsema-testing/SANDBOX/test-2015-12-21_15-36-50/MultiSource/Applications/ClamAV -I/home/ed/mcsema-testing/llvm-test-suite/MultiSource/Applications/ClamAV -I/home/ed/mcsema-testing/llvm-test-suite/include -I../../..//include -D_GNU_SOURCE -D__STDC_LIMIT_MACROS -DNDEBUG  -O3  -m64 -fomit-frame-pointer -c /home/ed/mcsema-testing/llvm-test-suite/MultiSource/Applications/ClamAV/clamscan_clamscan.c -o Output/clamscan_clamscan.llvm.o
/home/ed/mcsema-testing/llvm-test-suite/RunSafely.sh --show-errors -t "/home/ed/mcsema-testing/SANDBOX/test-2015-12-21_15-36-50/tools/timeit" 500 /dev/null Output/clamscan_manager.llvm.o.compile \
	  /usr/bin/clang -DHAVE_CONFIG_H -I. -DDONT_LOCK_DBDIRS -DC_LINUX -DFPU_WORDS_BIGENDIAN=0 -DWORDS_BIGENDIAN=0 -I/home/ed/mcsema-testing/SANDBOX/test-2015-12-21_15-36-50/MultiSource/Applications/ClamAV -I/home/ed/mcsema-testing/llvm-test-suite/MultiSource/Applications/ClamAV -I/home/ed/mcsema-testing/llvm-test-suite/include -I../../..//include -D_GNU_SOURCE -D__STDC_LIMIT_MACROS -DNDEBUG  -O3  -m64 -fomit-frame-pointer -c /home/ed/mcsema-testing/llvm-test-suite/MultiSource/Applications/ClamAV/clamscan_manager.c -o Output/clamscan_manager.llvm.o
/home/ed/mcsema-testing/llvm-test-suite/RunSafely.sh --show-errors -t "/home/ed/mcsema-testing/SANDBOX/test-2015-12-21_15-36-50/tools/timeit" 500 /dev/null Output/clamscan_others.llvm.o.compile \
	  /usr/bin/clang -DHAVE_CONFIG_H -I. -DDONT_LOCK_DBDIRS -DC_LINUX -DFPU_WORDS_BIGENDIAN=0 -DWORDS_BIGENDIAN=0 -I/home/ed/mcsema-testing/SANDBOX/test-2015-12-21_15-36-50/MultiSource/Applications/ClamAV -I/home/ed/mcsema-testing/llvm-test-suite/MultiSource/Applications/ClamAV -I/home/ed/mcsema-testing/llvm-test-suite/include -I../../..//include -D_GNU_SOURCE -D__STDC_LIMIT_MACROS -DNDEBUG  -O3  -m64 -fomit-frame-pointer -c /home/ed/mcsema-testing/llvm-test-suite/MultiSource/Applications/ClamAV/clamscan_others.c -o Output/clamscan_others.llvm.o
/home/ed/mcsema-testing/llvm-test-suite/RunSafely.sh --show-errors -t "/home/ed/mcsema-testing/SANDBOX/test-2015-12-21_15-36-50/tools/timeit" 500 /dev/null Output/clamscan_treewalk.llvm.o.compile \
	  /usr/bin/clang -DHAVE_CONFIG_H -I. -DDONT_LOCK_DBDIRS -DC_LINUX -DFPU_WORDS_BIGENDIAN=0 -DWORDS_BIGENDIAN=0 -I/home/ed/mcsema-testing/SANDBOX/test-2015-12-21_15-36-50/MultiSource/Applications/ClamAV -I/home/ed/mcsema-testing/llvm-test-suite/MultiSource/Applications/ClamAV -I/home/ed/mcsema-testing/llvm-test-suite/include -I../../..//include -D_GNU_SOURCE -D__STDC_LIMIT_MACROS -DNDEBUG  -O3  -m64 -fomit-frame-pointer -c /home/ed/mcsema-testing/llvm-test-suite/MultiSource/Applications/ClamAV/clamscan_treewalk.c -o Output/clamscan_treewalk.llvm.o
/home/ed/mcsema-testing/llvm-test-suite/RunSafely.sh --show-errors -t "/home/ed/mcsema-testing/SANDBOX/test-2015-12-21_15-36-50/tools/timeit" 500 /dev/null Output/libclamav_aspack.llvm.o.compile \
	  /usr/bin/clang -DHAVE_CONFIG_H -I. -DDONT_LOCK_DBDIRS -DC_LINUX -DFPU_WORDS_BIGENDIAN=0 -DWORDS_BIGENDIAN=0 -I/home/ed/mcsema-testing/SANDBOX/test-2015-12-21_15-36-50/MultiSource/Applications/ClamAV -I/home/ed/mcsema-testing/llvm-test-suite/MultiSource/Applications/ClamAV -I/home/ed/mcsema-testing/llvm-test-suite/include -I../../..//include -D_GNU_SOURCE -D__STDC_LIMIT_MACROS -DNDEBUG  -O3  -m64 -fomit-frame-pointer -c /home/ed/mcsema-testing/llvm-test-suite/MultiSource/Applications/ClamAV/libclamav_aspack.c -o Output/libclamav_aspack.llvm.o
/home/ed/mcsema-testing/llvm-test-suite/RunSafely.sh --show-errors -t "/home/ed/mcsema-testing/SANDBOX/test-2015-12-21_15-36-50/tools/timeit" 500 /dev/null Output/libclamav_autoit.llvm.o.compile \
	  /usr/bin/clang -DHAVE_CONFIG_H -I. -DDONT_LOCK_DBDIRS -DC_LINUX -DFPU_WORDS_BIGENDIAN=0 -DWORDS_BIGENDIAN=0 -I/home/ed/mcsema-testing/SANDBOX/test-2015-12-21_15-36-50/MultiSource/Applications/ClamAV -I/home/ed/mcsema-testing/llvm-test-suite/MultiSource/Applications/ClamAV -I/home/ed/mcsema-testing/llvm-test-suite/include -I../../..//include -D_GNU_SOURCE -D__STDC_LIMIT_MACROS -DNDEBUG  -O3  -m64 -fomit-frame-pointer -c /home/ed/mcsema-testing/llvm-test-suite/MultiSource/Applications/ClamAV/libclamav_autoit.c -o Output/libclamav_autoit.llvm.o
/home/ed/mcsema-testing/llvm-test-suite/RunSafely.sh --show-errors -t "/home/ed/mcsema-testing/SANDBOX/test-2015-12-21_15-36-50/tools/timeit" 500 /dev/null Output/libclamav_binhex.llvm.o.compile \
	  /usr/bin/clang -DHAVE_CONFIG_H -I. -DDONT_LOCK_DBDIRS -DC_LINUX -DFPU_WORDS_BIGENDIAN=0 -DWORDS_BIGENDIAN=0 -I/home/ed/mcsema-testing/SANDBOX/test-2015-12-21_15-36-50/MultiSource/Applications/ClamAV -I/home/ed/mcsema-testing/llvm-test-suite/MultiSource/Applications/ClamAV -I/home/ed/mcsema-testing/llvm-test-suite/include -I../../..//include -D_GNU_SOURCE -D__STDC_LIMIT_MACROS -DNDEBUG  -O3  -m64 -fomit-frame-pointer -c /home/ed/mcsema-testing/llvm-test-suite/MultiSource/Applications/ClamAV/libclamav_binhex.c -o Output/libclamav_binhex.llvm.o
/home/ed/mcsema-testing/llvm-test-suite/RunSafely.sh --show-errors -t "/home/ed/mcsema-testing/SANDBOX/test-2015-12-21_15-36-50/tools/timeit" 500 /dev/null Output/libclamav_blob.llvm.o.compile \
	  /usr/bin/clang -DHAVE_CONFIG_H -I. -DDONT_LOCK_DBDIRS -DC_LINUX -DFPU_WORDS_BIGENDIAN=0 -DWORDS_BIGENDIAN=0 -I/home/ed/mcsema-testing/SANDBOX/test-2015-12-21_15-36-50/MultiSource/Applications/ClamAV -I/home/ed/mcsema-testing/llvm-test-suite/MultiSource/Applications/ClamAV -I/home/ed/mcsema-testing/llvm-test-suite/include -I../../..//include -D_GNU_SOURCE -D__STDC_LIMIT_MACROS -DNDEBUG  -O3  -m64 -fomit-frame-pointer -c /home/ed/mcsema-testing/llvm-test-suite/MultiSource/Applications/ClamAV/libclamav_blob.c -o Output/libclamav_blob.llvm.o
/home/ed/mcsema-testing/llvm-test-suite/RunSafely.sh --show-errors -t "/home/ed/mcsema-testing/SANDBOX/test-2015-12-21_15-36-50/tools/timeit" 500 /dev/null Output/libclamav_cab.llvm.o.compile \
	  /usr/bin/clang -DHAVE_CONFIG_H -I. -DDONT_LOCK_DBDIRS -DC_LINUX -DFPU_WORDS_BIGENDIAN=0 -DWORDS_BIGENDIAN=0 -I/home/ed/mcsema-testing/SANDBOX/test-2015-12-21_15-36-50/MultiSource/Applications/ClamAV -I/home/ed/mcsema-testing/llvm-test-suite/MultiSource/Applications/ClamAV -I/home/ed/mcsema-testing/llvm-test-suite/include -I../../..//include -D_GNU_SOURCE -D__STDC_LIMIT_MACROS -DNDEBUG  -O3  -m64 -fomit-frame-pointer -c /home/ed/mcsema-testing/llvm-test-suite/MultiSource/Applications/ClamAV/libclamav_cab.c -o Output/libclamav_cab.llvm.o
/home/ed/mcsema-testing/llvm-test-suite/RunSafely.sh --show-errors -t "/home/ed/mcsema-testing/SANDBOX/test-2015-12-21_15-36-50/tools/timeit" 500 /dev/null Output/libclamav_chmunpack.llvm.o.compile \
	  /usr/bin/clang -DHAVE_CONFIG_H -I. -DDONT_LOCK_DBDIRS -DC_LINUX -DFPU_WORDS_BIGENDIAN=0 -DWORDS_BIGENDIAN=0 -I/home/ed/mcsema-testing/SANDBOX/test-2015-12-21_15-36-50/MultiSource/Applications/ClamAV -I/home/ed/mcsema-testing/llvm-test-suite/MultiSource/Applications/ClamAV -I/home/ed/mcsema-testing/llvm-test-suite/include -I../../..//include -D_GNU_SOURCE -D__STDC_LIMIT_MACROS -DNDEBUG  -O3  -m64 -fomit-frame-pointer -c /home/ed/mcsema-testing/llvm-test-suite/MultiSource/Applications/ClamAV/libclamav_chmunpack.c -o Output/libclamav_chmunpack.llvm.o
/home/ed/mcsema-testing/llvm-test-suite/RunSafely.sh --show-errors -t "/home/ed/mcsema-testing/SANDBOX/test-2015-12-21_15-36-50/tools/timeit" 500 /dev/null Output/libclamav_cvd.llvm.o.compile \
	  /usr/bin/clang -DHAVE_CONFIG_H -I. -DDONT_LOCK_DBDIRS -DC_LINUX -DFPU_WORDS_BIGENDIAN=0 -DWORDS_BIGENDIAN=0 -I/home/ed/mcsema-testing/SANDBOX/test-2015-12-21_15-36-50/MultiSource/Applications/ClamAV -I/home/ed/mcsema-testing/llvm-test-suite/MultiSource/Applications/ClamAV -I/home/ed/mcsema-testing/llvm-test-suite/include -I../../..//include -D_GNU_SOURCE -D__STDC_LIMIT_MACROS -DNDEBUG  -O3  -m64 -fomit-frame-pointer -c /home/ed/mcsema-testing/llvm-test-suite/MultiSource/Applications/ClamAV/libclamav_cvd.c -o Output/libclamav_cvd.llvm.o
/home/ed/mcsema-testing/llvm-test-suite/RunSafely.sh --show-errors -t "/home/ed/mcsema-testing/SANDBOX/test-2015-12-21_15-36-50/tools/timeit" 500 /dev/null Output/libclamav_dconf.llvm.o.compile \
	  /usr/bin/clang -DHAVE_CONFIG_H -I. -DDONT_LOCK_DBDIRS -DC_LINUX -DFPU_WORDS_BIGENDIAN=0 -DWORDS_BIGENDIAN=0 -I/home/ed/mcsema-testing/SANDBOX/test-2015-12-21_15-36-50/MultiSource/Applications/ClamAV -I/home/ed/mcsema-testing/llvm-test-suite/MultiSource/Applications/ClamAV -I/home/ed/mcsema-testing/llvm-test-suite/include -I../../..//include -D_GNU_SOURCE -D__STDC_LIMIT_MACROS -DNDEBUG  -O3  -m64 -fomit-frame-pointer -c /home/ed/mcsema-testing/llvm-test-suite/MultiSource/Applications/ClamAV/libclamav_dconf.c -o Output/libclamav_dconf.llvm.o
/home/ed/mcsema-testing/llvm-test-suite/RunSafely.sh --show-errors -t "/home/ed/mcsema-testing/SANDBOX/test-2015-12-21_15-36-50/tools/timeit" 500 /dev/null Output/libclamav_dsig.llvm.o.compile \
	  /usr/bin/clang -DHAVE_CONFIG_H -I. -DDONT_LOCK_DBDIRS -DC_LINUX -DFPU_WORDS_BIGENDIAN=0 -DWORDS_BIGENDIAN=0 -I/home/ed/mcsema-testing/SANDBOX/test-2015-12-21_15-36-50/MultiSource/Applications/ClamAV -I/home/ed/mcsema-testing/llvm-test-suite/MultiSource/Applications/ClamAV -I/home/ed/mcsema-testing/llvm-test-suite/include -I../../..//include -D_GNU_SOURCE -D__STDC_LIMIT_MACROS -DNDEBUG  -O3  -m64 -fomit-frame-pointer -c /home/ed/mcsema-testing/llvm-test-suite/MultiSource/Applications/ClamAV/libclamav_dsig.c -o Output/libclamav_dsig.llvm.o
/home/ed/mcsema-testing/llvm-test-suite/RunSafely.sh --show-errors -t "/home/ed/mcsema-testing/SANDBOX/test-2015-12-21_15-36-50/tools/timeit" 500 /dev/null Output/libclamav_elf.llvm.o.compile \
	  /usr/bin/clang -DHAVE_CONFIG_H -I. -DDONT_LOCK_DBDIRS -DC_LINUX -DFPU_WORDS_BIGENDIAN=0 -DWORDS_BIGENDIAN=0 -I/home/ed/mcsema-testing/SANDBOX/test-2015-12-21_15-36-50/MultiSource/Applications/ClamAV -I/home/ed/mcsema-testing/llvm-test-suite/MultiSource/Applications/ClamAV -I/home/ed/mcsema-testing/llvm-test-suite/include -I../../..//include -D_GNU_SOURCE -D__STDC_LIMIT_MACROS -DNDEBUG  -O3  -m64 -fomit-frame-pointer -c /home/ed/mcsema-testing/llvm-test-suite/MultiSource/Applications/ClamAV/libclamav_elf.c -o Output/libclamav_elf.llvm.o
/home/ed/mcsema-testing/llvm-test-suite/RunSafely.sh --show-errors -t "/home/ed/mcsema-testing/SANDBOX/test-2015-12-21_15-36-50/tools/timeit" 500 /dev/null Output/libclamav_entconv.llvm.o.compile \
	  /usr/bin/clang -DHAVE_CONFIG_H -I. -DDONT_LOCK_DBDIRS -DC_LINUX -DFPU_WORDS_BIGENDIAN=0 -DWORDS_BIGENDIAN=0 -I/home/ed/mcsema-testing/SANDBOX/test-2015-12-21_15-36-50/MultiSource/Applications/ClamAV -I/home/ed/mcsema-testing/llvm-test-suite/MultiSource/Applications/ClamAV -I/home/ed/mcsema-testing/llvm-test-suite/include -I../../..//include -D_GNU_SOURCE -D__STDC_LIMIT_MACROS -DNDEBUG  -O3  -m64 -fomit-frame-pointer -c /home/ed/mcsema-testing/llvm-test-suite/MultiSource/Applications/ClamAV/libclamav_entconv.c -o Output/libclamav_entconv.llvm.o
/home/ed/mcsema-testing/llvm-test-suite/RunSafely.sh --show-errors -t "/home/ed/mcsema-testing/SANDBOX/test-2015-12-21_15-36-50/tools/timeit" 500 /dev/null Output/libclamav_filetypes.llvm.o.compile \
	  /usr/bin/clang -DHAVE_CONFIG_H -I. -DDONT_LOCK_DBDIRS -DC_LINUX -DFPU_WORDS_BIGENDIAN=0 -DWORDS_BIGENDIAN=0 -I/home/ed/mcsema-testing/SANDBOX/test-2015-12-21_15-36-50/MultiSource/Applications/ClamAV -I/home/ed/mcsema-testing/llvm-test-suite/MultiSource/Applications/ClamAV -I/home/ed/mcsema-testing/llvm-test-suite/include -I../../..//include -D_GNU_SOURCE -D__STDC_LIMIT_MACROS -DNDEBUG  -O3  -m64 -fomit-frame-pointer -c /home/ed/mcsema-testing/llvm-test-suite/MultiSource/Applications/ClamAV/libclamav_filetypes.c -o Output/libclamav_filetypes.llvm.o
/home/ed/mcsema-testing/llvm-test-suite/RunSafely.sh --show-errors -t "/home/ed/mcsema-testing/SANDBOX/test-2015-12-21_15-36-50/tools/timeit" 500 /dev/null Output/libclamav_fsg.llvm.o.compile \
	  /usr/bin/clang -DHAVE_CONFIG_H -I. -DDONT_LOCK_DBDIRS -DC_LINUX -DFPU_WORDS_BIGENDIAN=0 -DWORDS_BIGENDIAN=0 -I/home/ed/mcsema-testing/SANDBOX/test-2015-12-21_15-36-50/MultiSource/Applications/ClamAV -I/home/ed/mcsema-testing/llvm-test-suite/MultiSource/Applications/ClamAV -I/home/ed/mcsema-testing/llvm-test-suite/include -I../../..//include -D_GNU_SOURCE -D__STDC_LIMIT_MACROS -DNDEBUG  -O3  -m64 -fomit-frame-pointer -c /home/ed/mcsema-testing/llvm-test-suite/MultiSource/Applications/ClamAV/libclamav_fsg.c -o Output/libclamav_fsg.llvm.o
/home/ed/mcsema-testing/llvm-test-suite/RunSafely.sh --show-errors -t "/home/ed/mcsema-testing/SANDBOX/test-2015-12-21_15-36-50/tools/timeit" 500 /dev/null Output/libclamav_hashtab.llvm.o.compile \
	  /usr/bin/clang -DHAVE_CONFIG_H -I. -DDONT_LOCK_DBDIRS -DC_LINUX -DFPU_WORDS_BIGENDIAN=0 -DWORDS_BIGENDIAN=0 -I/home/ed/mcsema-testing/SANDBOX/test-2015-12-21_15-36-50/MultiSource/Applications/ClamAV -I/home/ed/mcsema-testing/llvm-test-suite/MultiSource/Applications/ClamAV -I/home/ed/mcsema-testing/llvm-test-suite/include -I../../..//include -D_GNU_SOURCE -D__STDC_LIMIT_MACROS -DNDEBUG  -O3  -m64 -fomit-frame-pointer -c /home/ed/mcsema-testing/llvm-test-suite/MultiSource/Applications/ClamAV/libclamav_hashtab.c -o Output/libclamav_hashtab.llvm.o
/home/ed/mcsema-testing/llvm-test-suite/RunSafely.sh --show-errors -t "/home/ed/mcsema-testing/SANDBOX/test-2015-12-21_15-36-50/tools/timeit" 500 /dev/null Output/libclamav_htmlnorm.llvm.o.compile \
	  /usr/bin/clang -DHAVE_CONFIG_H -I. -DDONT_LOCK_DBDIRS -DC_LINUX -DFPU_WORDS_BIGENDIAN=0 -DWORDS_BIGENDIAN=0 -I/home/ed/mcsema-testing/SANDBOX/test-2015-12-21_15-36-50/MultiSource/Applications/ClamAV -I/home/ed/mcsema-testing/llvm-test-suite/MultiSource/Applications/ClamAV -I/home/ed/mcsema-testing/llvm-test-suite/include -I../../..//include -D_GNU_SOURCE -D__STDC_LIMIT_MACROS -DNDEBUG  -O3  -m64 -fomit-frame-pointer -c /home/ed/mcsema-testing/llvm-test-suite/MultiSource/Applications/ClamAV/libclamav_htmlnorm.c -o Output/libclamav_htmlnorm.llvm.o
/home/ed/mcsema-testing/llvm-test-suite/RunSafely.sh --show-errors -t "/home/ed/mcsema-testing/SANDBOX/test-2015-12-21_15-36-50/tools/timeit" 500 /dev/null Output/libclamav_is_tar.llvm.o.compile \
	  /usr/bin/clang -DHAVE_CONFIG_H -I. -DDONT_LOCK_DBDIRS -DC_LINUX -DFPU_WORDS_BIGENDIAN=0 -DWORDS_BIGENDIAN=0 -I/home/ed/mcsema-testing/SANDBOX/test-2015-12-21_15-36-50/MultiSource/Applications/ClamAV -I/home/ed/mcsema-testing/llvm-test-suite/MultiSource/Applications/ClamAV -I/home/ed/mcsema-testing/llvm-test-suite/include -I../../..//include -D_GNU_SOURCE -D__STDC_LIMIT_MACROS -DNDEBUG  -O3  -m64 -fomit-frame-pointer -c /home/ed/mcsema-testing/llvm-test-suite/MultiSource/Applications/ClamAV/libclamav_is_tar.c -o Output/libclamav_is_tar.llvm.o
/home/ed/mcsema-testing/llvm-test-suite/RunSafely.sh --show-errors -t "/home/ed/mcsema-testing/SANDBOX/test-2015-12-21_15-36-50/tools/timeit" 500 /dev/null Output/libclamav_jscript.llvm.o.compile \
	  /usr/bin/clang -DHAVE_CONFIG_H -I. -DDONT_LOCK_DBDIRS -DC_LINUX -DFPU_WORDS_BIGENDIAN=0 -DWORDS_BIGENDIAN=0 -I/home/ed/mcsema-testing/SANDBOX/test-2015-12-21_15-36-50/MultiSource/Applications/ClamAV -I/home/ed/mcsema-testing/llvm-test-suite/MultiSource/Applications/ClamAV -I/home/ed/mcsema-testing/llvm-test-suite/include -I../../..//include -D_GNU_SOURCE -D__STDC_LIMIT_MACROS -DNDEBUG  -O3  -m64 -fomit-frame-pointer -c /home/ed/mcsema-testing/llvm-test-suite/MultiSource/Applications/ClamAV/libclamav_jscript.c -o Output/libclamav_jscript.llvm.o
/home/ed/mcsema-testing/llvm-test-suite/RunSafely.sh --show-errors -t "/home/ed/mcsema-testing/SANDBOX/test-2015-12-21_15-36-50/tools/timeit" 500 /dev/null Output/libclamav_line.llvm.o.compile \
	  /usr/bin/clang -DHAVE_CONFIG_H -I. -DDONT_LOCK_DBDIRS -DC_LINUX -DFPU_WORDS_BIGENDIAN=0 -DWORDS_BIGENDIAN=0 -I/home/ed/mcsema-testing/SANDBOX/test-2015-12-21_15-36-50/MultiSource/Applications/ClamAV -I/home/ed/mcsema-testing/llvm-test-suite/MultiSource/Applications/ClamAV -I/home/ed/mcsema-testing/llvm-test-suite/include -I../../..//include -D_GNU_SOURCE -D__STDC_LIMIT_MACROS -DNDEBUG  -O3  -m64 -fomit-frame-pointer -c /home/ed/mcsema-testing/llvm-test-suite/MultiSource/Applications/ClamAV/libclamav_line.c -o Output/libclamav_line.llvm.o
/home/ed/mcsema-testing/llvm-test-suite/RunSafely.sh --show-errors -t "/home/ed/mcsema-testing/SANDBOX/test-2015-12-21_15-36-50/tools/timeit" 500 /dev/null Output/libclamav_lockdb.llvm.o.compile \
	  /usr/bin/clang -DHAVE_CONFIG_H -I. -DDONT_LOCK_DBDIRS -DC_LINUX -DFPU_WORDS_BIGENDIAN=0 -DWORDS_BIGENDIAN=0 -I/home/ed/mcsema-testing/SANDBOX/test-2015-12-21_15-36-50/MultiSource/Applications/ClamAV -I/home/ed/mcsema-testing/llvm-test-suite/MultiSource/Applications/ClamAV -I/home/ed/mcsema-testing/llvm-test-suite/include -I../../..//include -D_GNU_SOURCE -D__STDC_LIMIT_MACROS -DNDEBUG  -O3  -m64 -fomit-frame-pointer -c /home/ed/mcsema-testing/llvm-test-suite/MultiSource/Applications/ClamAV/libclamav_lockdb.c -o Output/libclamav_lockdb.llvm.o
/home/ed/mcsema-testing/llvm-test-suite/RunSafely.sh --show-errors -t "/home/ed/mcsema-testing/SANDBOX/test-2015-12-21_15-36-50/tools/timeit" 500 /dev/null Output/libclamav_matcher-ac.llvm.o.compile \
	  /usr/bin/clang -DHAVE_CONFIG_H -I. -DDONT_LOCK_DBDIRS -DC_LINUX -DFPU_WORDS_BIGENDIAN=0 -DWORDS_BIGENDIAN=0 -I/home/ed/mcsema-testing/SANDBOX/test-2015-12-21_15-36-50/MultiSource/Applications/ClamAV -I/home/ed/mcsema-testing/llvm-test-suite/MultiSource/Applications/ClamAV -I/home/ed/mcsema-testing/llvm-test-suite/include -I../../..//include -D_GNU_SOURCE -D__STDC_LIMIT_MACROS -DNDEBUG  -O3  -m64 -fomit-frame-pointer -c /home/ed/mcsema-testing/llvm-test-suite/MultiSource/Applications/ClamAV/libclamav_matcher-ac.c -o Output/libclamav_matcher-ac.llvm.o
/home/ed/mcsema-testing/llvm-test-suite/RunSafely.sh --show-errors -t "/home/ed/mcsema-testing/SANDBOX/test-2015-12-21_15-36-50/tools/timeit" 500 /dev/null Output/libclamav_matcher-bm.llvm.o.compile \
	  /usr/bin/clang -DHAVE_CONFIG_H -I. -DDONT_LOCK_DBDIRS -DC_LINUX -DFPU_WORDS_BIGENDIAN=0 -DWORDS_BIGENDIAN=0 -I/home/ed/mcsema-testing/SANDBOX/test-2015-12-21_15-36-50/MultiSource/Applications/ClamAV -I/home/ed/mcsema-testing/llvm-test-suite/MultiSource/Applications/ClamAV -I/home/ed/mcsema-testing/llvm-test-suite/include -I../../..//include -D_GNU_SOURCE -D__STDC_LIMIT_MACROS -DNDEBUG  -O3  -m64 -fomit-frame-pointer -c /home/ed/mcsema-testing/llvm-test-suite/MultiSource/Applications/ClamAV/libclamav_matcher-bm.c -o Output/libclamav_matcher-bm.llvm.o
/home/ed/mcsema-testing/llvm-test-suite/RunSafely.sh --show-errors -t "/home/ed/mcsema-testing/SANDBOX/test-2015-12-21_15-36-50/tools/timeit" 500 /dev/null Output/libclamav_matcher.llvm.o.compile \
	  /usr/bin/clang -DHAVE_CONFIG_H -I. -DDONT_LOCK_DBDIRS -DC_LINUX -DFPU_WORDS_BIGENDIAN=0 -DWORDS_BIGENDIAN=0 -I/home/ed/mcsema-testing/SANDBOX/test-2015-12-21_15-36-50/MultiSource/Applications/ClamAV -I/home/ed/mcsema-testing/llvm-test-suite/MultiSource/Applications/ClamAV -I/home/ed/mcsema-testing/llvm-test-suite/include -I../../..//include -D_GNU_SOURCE -D__STDC_LIMIT_MACROS -DNDEBUG  -O3  -m64 -fomit-frame-pointer -c /home/ed/mcsema-testing/llvm-test-suite/MultiSource/Applications/ClamAV/libclamav_matcher.c -o Output/libclamav_matcher.llvm.o
/home/ed/mcsema-testing/llvm-test-suite/RunSafely.sh --show-errors -t "/home/ed/mcsema-testing/SANDBOX/test-2015-12-21_15-36-50/tools/timeit" 500 /dev/null Output/libclamav_mbox.llvm.o.compile \
	  /usr/bin/clang -DHAVE_CONFIG_H -I. -DDONT_LOCK_DBDIRS -DC_LINUX -DFPU_WORDS_BIGENDIAN=0 -DWORDS_BIGENDIAN=0 -I/home/ed/mcsema-testing/SANDBOX/test-2015-12-21_15-36-50/MultiSource/Applications/ClamAV -I/home/ed/mcsema-testing/llvm-test-suite/MultiSource/Applications/ClamAV -I/home/ed/mcsema-testing/llvm-test-suite/include -I../../..//include -D_GNU_SOURCE -D__STDC_LIMIT_MACROS -DNDEBUG  -O3  -m64 -fomit-frame-pointer -c /home/ed/mcsema-testing/llvm-test-suite/MultiSource/Applications/ClamAV/libclamav_mbox.c -o Output/libclamav_mbox.llvm.o
/home/ed/mcsema-testing/llvm-test-suite/RunSafely.sh --show-errors -t "/home/ed/mcsema-testing/SANDBOX/test-2015-12-21_15-36-50/tools/timeit" 500 /dev/null Output/libclamav_md5.llvm.o.compile \
	  /usr/bin/clang -DHAVE_CONFIG_H -I. -DDONT_LOCK_DBDIRS -DC_LINUX -DFPU_WORDS_BIGENDIAN=0 -DWORDS_BIGENDIAN=0 -I/home/ed/mcsema-testing/SANDBOX/test-2015-12-21_15-36-50/MultiSource/Applications/ClamAV -I/home/ed/mcsema-testing/llvm-test-suite/MultiSource/Applications/ClamAV -I/home/ed/mcsema-testing/llvm-test-suite/include -I../../..//include -D_GNU_SOURCE -D__STDC_LIMIT_MACROS -DNDEBUG  -O3  -m64 -fomit-frame-pointer -c /home/ed/mcsema-testing/llvm-test-suite/MultiSource/Applications/ClamAV/libclamav_md5.c -o Output/libclamav_md5.llvm.o
/home/ed/mcsema-testing/llvm-test-suite/RunSafely.sh --show-errors -t "/home/ed/mcsema-testing/SANDBOX/test-2015-12-21_15-36-50/tools/timeit" 500 /dev/null Output/libclamav_message.llvm.o.compile \
	  /usr/bin/clang -DHAVE_CONFIG_H -I. -DDONT_LOCK_DBDIRS -DC_LINUX -DFPU_WORDS_BIGENDIAN=0 -DWORDS_BIGENDIAN=0 -I/home/ed/mcsema-testing/SANDBOX/test-2015-12-21_15-36-50/MultiSource/Applications/ClamAV -I/home/ed/mcsema-testing/llvm-test-suite/MultiSource/Applications/ClamAV -I/home/ed/mcsema-testing/llvm-test-suite/include -I../../..//include -D_GNU_SOURCE -D__STDC_LIMIT_MACROS -DNDEBUG  -O3  -m64 -fomit-frame-pointer -c /home/ed/mcsema-testing/llvm-test-suite/MultiSource/Applications/ClamAV/libclamav_message.c -o Output/libclamav_message.llvm.o
/home/ed/mcsema-testing/llvm-test-suite/RunSafely.sh --show-errors -t "/home/ed/mcsema-testing/SANDBOX/test-2015-12-21_15-36-50/tools/timeit" 500 /dev/null Output/libclamav_mew.llvm.o.compile \
	  /usr/bin/clang -DHAVE_CONFIG_H -I. -DDONT_LOCK_DBDIRS -DC_LINUX -DFPU_WORDS_BIGENDIAN=0 -DWORDS_BIGENDIAN=0 -I/home/ed/mcsema-testing/SANDBOX/test-2015-12-21_15-36-50/MultiSource/Applications/ClamAV -I/home/ed/mcsema-testing/llvm-test-suite/MultiSource/Applications/ClamAV -I/home/ed/mcsema-testing/llvm-test-suite/include -I../../..//include -D_GNU_SOURCE -D__STDC_LIMIT_MACROS -DNDEBUG  -O3  -m64 -fomit-frame-pointer -c /home/ed/mcsema-testing/llvm-test-suite/MultiSource/Applications/ClamAV/libclamav_mew.c -o Output/libclamav_mew.llvm.o
/home/ed/mcsema-testing/llvm-test-suite/RunSafely.sh --show-errors -t "/home/ed/mcsema-testing/SANDBOX/test-2015-12-21_15-36-50/tools/timeit" 500 /dev/null Output/libclamav_msexpand.llvm.o.compile \
	  /usr/bin/clang -DHAVE_CONFIG_H -I. -DDONT_LOCK_DBDIRS -DC_LINUX -DFPU_WORDS_BIGENDIAN=0 -DWORDS_BIGENDIAN=0 -I/home/ed/mcsema-testing/SANDBOX/test-2015-12-21_15-36-50/MultiSource/Applications/ClamAV -I/home/ed/mcsema-testing/llvm-test-suite/MultiSource/Applications/ClamAV -I/home/ed/mcsema-testing/llvm-test-suite/include -I../../..//include -D_GNU_SOURCE -D__STDC_LIMIT_MACROS -DNDEBUG  -O3  -m64 -fomit-frame-pointer -c /home/ed/mcsema-testing/llvm-test-suite/MultiSource/Applications/ClamAV/libclamav_msexpand.c -o Output/libclamav_msexpand.llvm.o
/home/ed/mcsema-testing/llvm-test-suite/RunSafely.sh --show-errors -t "/home/ed/mcsema-testing/SANDBOX/test-2015-12-21_15-36-50/tools/timeit" 500 /dev/null Output/libclamav_mspack.llvm.o.compile \
	  /usr/bin/clang -DHAVE_CONFIG_H -I. -DDONT_LOCK_DBDIRS -DC_LINUX -DFPU_WORDS_BIGENDIAN=0 -DWORDS_BIGENDIAN=0 -I/home/ed/mcsema-testing/SANDBOX/test-2015-12-21_15-36-50/MultiSource/Applications/ClamAV -I/home/ed/mcsema-testing/llvm-test-suite/MultiSource/Applications/ClamAV -I/home/ed/mcsema-testing/llvm-test-suite/include -I../../..//include -D_GNU_SOURCE -D__STDC_LIMIT_MACROS -DNDEBUG  -O3  -m64 -fomit-frame-pointer -c /home/ed/mcsema-testing/llvm-test-suite/MultiSource/Applications/ClamAV/libclamav_mspack.c -o Output/libclamav_mspack.llvm.o
/home/ed/mcsema-testing/llvm-test-suite/RunSafely.sh --show-errors -t "/home/ed/mcsema-testing/SANDBOX/test-2015-12-21_15-36-50/tools/timeit" 500 /dev/null Output/libclamav_nsis_LZMADecode.llvm.o.compile \
	  /usr/bin/clang -DHAVE_CONFIG_H -I. -DDONT_LOCK_DBDIRS -DC_LINUX -DFPU_WORDS_BIGENDIAN=0 -DWORDS_BIGENDIAN=0 -I/home/ed/mcsema-testing/SANDBOX/test-2015-12-21_15-36-50/MultiSource/Applications/ClamAV -I/home/ed/mcsema-testing/llvm-test-suite/MultiSource/Applications/ClamAV -I/home/ed/mcsema-testing/llvm-test-suite/include -I../../..//include -D_GNU_SOURCE -D__STDC_LIMIT_MACROS -DNDEBUG  -O3  -m64 -fomit-frame-pointer -c /home/ed/mcsema-testing/llvm-test-suite/MultiSource/Applications/ClamAV/libclamav_nsis_LZMADecode.c -o Output/libclamav_nsis_LZMADecode.llvm.o
/home/ed/mcsema-testing/llvm-test-suite/RunSafely.sh --show-errors -t "/home/ed/mcsema-testing/SANDBOX/test-2015-12-21_15-36-50/tools/timeit" 500 /dev/null Output/libclamav_nsis_bzlib.llvm.o.compile \
	  /usr/bin/clang -DHAVE_CONFIG_H -I. -DDONT_LOCK_DBDIRS -DC_LINUX -DFPU_WORDS_BIGENDIAN=0 -DWORDS_BIGENDIAN=0 -I/home/ed/mcsema-testing/SANDBOX/test-2015-12-21_15-36-50/MultiSource/Applications/ClamAV -I/home/ed/mcsema-testing/llvm-test-suite/MultiSource/Applications/ClamAV -I/home/ed/mcsema-testing/llvm-test-suite/include -I../../..//include -D_GNU_SOURCE -D__STDC_LIMIT_MACROS -DNDEBUG  -O3  -m64 -fomit-frame-pointer -c /home/ed/mcsema-testing/llvm-test-suite/MultiSource/Applications/ClamAV/libclamav_nsis_bzlib.c -o Output/libclamav_nsis_bzlib.llvm.o
/home/ed/mcsema-testing/llvm-test-suite/RunSafely.sh --show-errors -t "/home/ed/mcsema-testing/SANDBOX/test-2015-12-21_15-36-50/tools/timeit" 500 /dev/null Output/libclamav_nsis_infblock.llvm.o.compile \
	  /usr/bin/clang -DHAVE_CONFIG_H -I. -DDONT_LOCK_DBDIRS -DC_LINUX -DFPU_WORDS_BIGENDIAN=0 -DWORDS_BIGENDIAN=0 -I/home/ed/mcsema-testing/SANDBOX/test-2015-12-21_15-36-50/MultiSource/Applications/ClamAV -I/home/ed/mcsema-testing/llvm-test-suite/MultiSource/Applications/ClamAV -I/home/ed/mcsema-testing/llvm-test-suite/include -I../../..//include -D_GNU_SOURCE -D__STDC_LIMIT_MACROS -DNDEBUG  -O3  -m64 -fomit-frame-pointer -c /home/ed/mcsema-testing/llvm-test-suite/MultiSource/Applications/ClamAV/libclamav_nsis_infblock.c -o Output/libclamav_nsis_infblock.llvm.o
/home/ed/mcsema-testing/llvm-test-suite/RunSafely.sh --show-errors -t "/home/ed/mcsema-testing/SANDBOX/test-2015-12-21_15-36-50/tools/timeit" 500 /dev/null Output/libclamav_nsis_nulsft.llvm.o.compile \
	  /usr/bin/clang -DHAVE_CONFIG_H -I. -DDONT_LOCK_DBDIRS -DC_LINUX -DFPU_WORDS_BIGENDIAN=0 -DWORDS_BIGENDIAN=0 -I/home/ed/mcsema-testing/SANDBOX/test-2015-12-21_15-36-50/MultiSource/Applications/ClamAV -I/home/ed/mcsema-testing/llvm-test-suite/MultiSource/Applications/ClamAV -I/home/ed/mcsema-testing/llvm-test-suite/include -I../../..//include -D_GNU_SOURCE -D__STDC_LIMIT_MACROS -DNDEBUG  -O3  -m64 -fomit-frame-pointer -c /home/ed/mcsema-testing/llvm-test-suite/MultiSource/Applications/ClamAV/libclamav_nsis_nulsft.c -o Output/libclamav_nsis_nulsft.llvm.o
/home/ed/mcsema-testing/llvm-test-suite/RunSafely.sh --show-errors -t "/home/ed/mcsema-testing/SANDBOX/test-2015-12-21_15-36-50/tools/timeit" 500 /dev/null Output/libclamav_ole2_extract.llvm.o.compile \
	  /usr/bin/clang -DHAVE_CONFIG_H -I. -DDONT_LOCK_DBDIRS -DC_LINUX -DFPU_WORDS_BIGENDIAN=0 -DWORDS_BIGENDIAN=0 -I/home/ed/mcsema-testing/SANDBOX/test-2015-12-21_15-36-50/MultiSource/Applications/ClamAV -I/home/ed/mcsema-testing/llvm-test-suite/MultiSource/Applications/ClamAV -I/home/ed/mcsema-testing/llvm-test-suite/include -I../../..//include -D_GNU_SOURCE -D__STDC_LIMIT_MACROS -DNDEBUG  -O3  -m64 -fomit-frame-pointer -c /home/ed/mcsema-testing/llvm-test-suite/MultiSource/Applications/ClamAV/libclamav_ole2_extract.c -o Output/libclamav_ole2_extract.llvm.o
/home/ed/mcsema-testing/llvm-test-suite/RunSafely.sh --show-errors -t "/home/ed/mcsema-testing/SANDBOX/test-2015-12-21_15-36-50/tools/timeit" 500 /dev/null Output/libclamav_others.llvm.o.compile \
	  /usr/bin/clang -DHAVE_CONFIG_H -I. -DDONT_LOCK_DBDIRS -DC_LINUX -DFPU_WORDS_BIGENDIAN=0 -DWORDS_BIGENDIAN=0 -I/home/ed/mcsema-testing/SANDBOX/test-2015-12-21_15-36-50/MultiSource/Applications/ClamAV -I/home/ed/mcsema-testing/llvm-test-suite/MultiSource/Applications/ClamAV -I/home/ed/mcsema-testing/llvm-test-suite/include -I../../..//include -D_GNU_SOURCE -D__STDC_LIMIT_MACROS -DNDEBUG  -O3  -m64 -fomit-frame-pointer -c /home/ed/mcsema-testing/llvm-test-suite/MultiSource/Applications/ClamAV/libclamav_others.c -o Output/libclamav_others.llvm.o
/home/ed/mcsema-testing/llvm-test-suite/RunSafely.sh --show-errors -t "/home/ed/mcsema-testing/SANDBOX/test-2015-12-21_15-36-50/tools/timeit" 500 /dev/null Output/libclamav_packlibs.llvm.o.compile \
	  /usr/bin/clang -DHAVE_CONFIG_H -I. -DDONT_LOCK_DBDIRS -DC_LINUX -DFPU_WORDS_BIGENDIAN=0 -DWORDS_BIGENDIAN=0 -I/home/ed/mcsema-testing/SANDBOX/test-2015-12-21_15-36-50/MultiSource/Applications/ClamAV -I/home/ed/mcsema-testing/llvm-test-suite/MultiSource/Applications/ClamAV -I/home/ed/mcsema-testing/llvm-test-suite/include -I../../..//include -D_GNU_SOURCE -D__STDC_LIMIT_MACROS -DNDEBUG  -O3  -m64 -fomit-frame-pointer -c /home/ed/mcsema-testing/llvm-test-suite/MultiSource/Applications/ClamAV/libclamav_packlibs.c -o Output/libclamav_packlibs.llvm.o
/home/ed/mcsema-testing/llvm-test-suite/RunSafely.sh --show-errors -t "/home/ed/mcsema-testing/SANDBOX/test-2015-12-21_15-36-50/tools/timeit" 500 /dev/null Output/libclamav_pdf.llvm.o.compile \
	  /usr/bin/clang -DHAVE_CONFIG_H -I. -DDONT_LOCK_DBDIRS -DC_LINUX -DFPU_WORDS_BIGENDIAN=0 -DWORDS_BIGENDIAN=0 -I/home/ed/mcsema-testing/SANDBOX/test-2015-12-21_15-36-50/MultiSource/Applications/ClamAV -I/home/ed/mcsema-testing/llvm-test-suite/MultiSource/Applications/ClamAV -I/home/ed/mcsema-testing/llvm-test-suite/include -I../../..//include -D_GNU_SOURCE -D__STDC_LIMIT_MACROS -DNDEBUG  -O3  -m64 -fomit-frame-pointer -c /home/ed/mcsema-testing/llvm-test-suite/MultiSource/Applications/ClamAV/libclamav_pdf.c -o Output/libclamav_pdf.llvm.o
/home/ed/mcsema-testing/llvm-test-suite/RunSafely.sh --show-errors -t "/home/ed/mcsema-testing/SANDBOX/test-2015-12-21_15-36-50/tools/timeit" 500 /dev/null Output/libclamav_pe.llvm.o.compile \
	  /usr/bin/clang -DHAVE_CONFIG_H -I. -DDONT_LOCK_DBDIRS -DC_LINUX -DFPU_WORDS_BIGENDIAN=0 -DWORDS_BIGENDIAN=0 -I/home/ed/mcsema-testing/SANDBOX/test-2015-12-21_15-36-50/MultiSource/Applications/ClamAV -I/home/ed/mcsema-testing/llvm-test-suite/MultiSource/Applications/ClamAV -I/home/ed/mcsema-testing/llvm-test-suite/include -I../../..//include -D_GNU_SOURCE -D__STDC_LIMIT_MACROS -DNDEBUG  -O3  -m64 -fomit-frame-pointer -c /home/ed/mcsema-testing/llvm-test-suite/MultiSource/Applications/ClamAV/libclamav_pe.c -o Output/libclamav_pe.llvm.o
/home/ed/mcsema-testing/llvm-test-suite/RunSafely.sh --show-errors -t "/home/ed/mcsema-testing/SANDBOX/test-2015-12-21_15-36-50/tools/timeit" 500 /dev/null Output/libclamav_petite.llvm.o.compile \
	  /usr/bin/clang -DHAVE_CONFIG_H -I. -DDONT_LOCK_DBDIRS -DC_LINUX -DFPU_WORDS_BIGENDIAN=0 -DWORDS_BIGENDIAN=0 -I/home/ed/mcsema-testing/SANDBOX/test-2015-12-21_15-36-50/MultiSource/Applications/ClamAV -I/home/ed/mcsema-testing/llvm-test-suite/MultiSource/Applications/ClamAV -I/home/ed/mcsema-testing/llvm-test-suite/include -I../../..//include -D_GNU_SOURCE -D__STDC_LIMIT_MACROS -DNDEBUG  -O3  -m64 -fomit-frame-pointer -c /home/ed/mcsema-testing/llvm-test-suite/MultiSource/Applications/ClamAV/libclamav_petite.c -o Output/libclamav_petite.llvm.o
/home/ed/mcsema-testing/llvm-test-suite/RunSafely.sh --show-errors -t "/home/ed/mcsema-testing/SANDBOX/test-2015-12-21_15-36-50/tools/timeit" 500 /dev/null Output/libclamav_phish_domaincheck_db.llvm.o.compile \
	  /usr/bin/clang -DHAVE_CONFIG_H -I. -DDONT_LOCK_DBDIRS -DC_LINUX -DFPU_WORDS_BIGENDIAN=0 -DWORDS_BIGENDIAN=0 -I/home/ed/mcsema-testing/SANDBOX/test-2015-12-21_15-36-50/MultiSource/Applications/ClamAV -I/home/ed/mcsema-testing/llvm-test-suite/MultiSource/Applications/ClamAV -I/home/ed/mcsema-testing/llvm-test-suite/include -I../../..//include -D_GNU_SOURCE -D__STDC_LIMIT_MACROS -DNDEBUG  -O3  -m64 -fomit-frame-pointer -c /home/ed/mcsema-testing/llvm-test-suite/MultiSource/Applications/ClamAV/libclamav_phish_domaincheck_db.c -o Output/libclamav_phish_domaincheck_db.llvm.o
/home/ed/mcsema-testing/llvm-test-suite/RunSafely.sh --show-errors -t "/home/ed/mcsema-testing/SANDBOX/test-2015-12-21_15-36-50/tools/timeit" 500 /dev/null Output/libclamav_phish_whitelist.llvm.o.compile \
	  /usr/bin/clang -DHAVE_CONFIG_H -I. -DDONT_LOCK_DBDIRS -DC_LINUX -DFPU_WORDS_BIGENDIAN=0 -DWORDS_BIGENDIAN=0 -I/home/ed/mcsema-testing/SANDBOX/test-2015-12-21_15-36-50/MultiSource/Applications/ClamAV -I/home/ed/mcsema-testing/llvm-test-suite/MultiSource/Applications/ClamAV -I/home/ed/mcsema-testing/llvm-test-suite/include -I../../..//include -D_GNU_SOURCE -D__STDC_LIMIT_MACROS -DNDEBUG  -O3  -m64 -fomit-frame-pointer -c /home/ed/mcsema-testing/llvm-test-suite/MultiSource/Applications/ClamAV/libclamav_phish_whitelist.c -o Output/libclamav_phish_whitelist.llvm.o
/home/ed/mcsema-testing/llvm-test-suite/RunSafely.sh --show-errors -t "/home/ed/mcsema-testing/SANDBOX/test-2015-12-21_15-36-50/tools/timeit" 500 /dev/null Output/libclamav_phishcheck.llvm.o.compile \
	  /usr/bin/clang -DHAVE_CONFIG_H -I. -DDONT_LOCK_DBDIRS -DC_LINUX -DFPU_WORDS_BIGENDIAN=0 -DWORDS_BIGENDIAN=0 -I/home/ed/mcsema-testing/SANDBOX/test-2015-12-21_15-36-50/MultiSource/Applications/ClamAV -I/home/ed/mcsema-testing/llvm-test-suite/MultiSource/Applications/ClamAV -I/home/ed/mcsema-testing/llvm-test-suite/include -I../../..//include -D_GNU_SOURCE -D__STDC_LIMIT_MACROS -DNDEBUG  -O3  -m64 -fomit-frame-pointer -c /home/ed/mcsema-testing/llvm-test-suite/MultiSource/Applications/ClamAV/libclamav_phishcheck.c -o Output/libclamav_phishcheck.llvm.o
/home/ed/mcsema-testing/llvm-test-suite/RunSafely.sh --show-errors -t "/home/ed/mcsema-testing/SANDBOX/test-2015-12-21_15-36-50/tools/timeit" 500 /dev/null Output/libclamav_pst.llvm.o.compile \
	  /usr/bin/clang -DHAVE_CONFIG_H -I. -DDONT_LOCK_DBDIRS -DC_LINUX -DFPU_WORDS_BIGENDIAN=0 -DWORDS_BIGENDIAN=0 -I/home/ed/mcsema-testing/SANDBOX/test-2015-12-21_15-36-50/MultiSource/Applications/ClamAV -I/home/ed/mcsema-testing/llvm-test-suite/MultiSource/Applications/ClamAV -I/home/ed/mcsema-testing/llvm-test-suite/include -I../../..//include -D_GNU_SOURCE -D__STDC_LIMIT_MACROS -DNDEBUG  -O3  -m64 -fomit-frame-pointer -c /home/ed/mcsema-testing/llvm-test-suite/MultiSource/Applications/ClamAV/libclamav_pst.c -o Output/libclamav_pst.llvm.o
/home/ed/mcsema-testing/llvm-test-suite/RunSafely.sh --show-errors -t "/home/ed/mcsema-testing/SANDBOX/test-2015-12-21_15-36-50/tools/timeit" 500 /dev/null Output/libclamav_readdb.llvm.o.compile \
	  /usr/bin/clang -DHAVE_CONFIG_H -I. -DDONT_LOCK_DBDIRS -DC_LINUX -DFPU_WORDS_BIGENDIAN=0 -DWORDS_BIGENDIAN=0 -I/home/ed/mcsema-testing/SANDBOX/test-2015-12-21_15-36-50/MultiSource/Applications/ClamAV -I/home/ed/mcsema-testing/llvm-test-suite/MultiSource/Applications/ClamAV -I/home/ed/mcsema-testing/llvm-test-suite/include -I../../..//include -D_GNU_SOURCE -D__STDC_LIMIT_MACROS -DNDEBUG  -O3  -m64 -fomit-frame-pointer -c /home/ed/mcsema-testing/llvm-test-suite/MultiSource/Applications/ClamAV/libclamav_readdb.c -o Output/libclamav_readdb.llvm.o
/home/ed/mcsema-testing/llvm-test-suite/RunSafely.sh --show-errors -t "/home/ed/mcsema-testing/SANDBOX/test-2015-12-21_15-36-50/tools/timeit" 500 /dev/null Output/libclamav_rebuildpe.llvm.o.compile \
	  /usr/bin/clang -DHAVE_CONFIG_H -I. -DDONT_LOCK_DBDIRS -DC_LINUX -DFPU_WORDS_BIGENDIAN=0 -DWORDS_BIGENDIAN=0 -I/home/ed/mcsema-testing/SANDBOX/test-2015-12-21_15-36-50/MultiSource/Applications/ClamAV -I/home/ed/mcsema-testing/llvm-test-suite/MultiSource/Applications/ClamAV -I/home/ed/mcsema-testing/llvm-test-suite/include -I../../..//include -D_GNU_SOURCE -D__STDC_LIMIT_MACROS -DNDEBUG  -O3  -m64 -fomit-frame-pointer -c /home/ed/mcsema-testing/llvm-test-suite/MultiSource/Applications/ClamAV/libclamav_rebuildpe.c -o Output/libclamav_rebuildpe.llvm.o
/home/ed/mcsema-testing/llvm-test-suite/RunSafely.sh --show-errors -t "/home/ed/mcsema-testing/SANDBOX/test-2015-12-21_15-36-50/tools/timeit" 500 /dev/null Output/libclamav_regex_list.llvm.o.compile \
	  /usr/bin/clang -DHAVE_CONFIG_H -I. -DDONT_LOCK_DBDIRS -DC_LINUX -DFPU_WORDS_BIGENDIAN=0 -DWORDS_BIGENDIAN=0 -I/home/ed/mcsema-testing/SANDBOX/test-2015-12-21_15-36-50/MultiSource/Applications/ClamAV -I/home/ed/mcsema-testing/llvm-test-suite/MultiSource/Applications/ClamAV -I/home/ed/mcsema-testing/llvm-test-suite/include -I../../..//include -D_GNU_SOURCE -D__STDC_LIMIT_MACROS -DNDEBUG  -O3  -m64 -fomit-frame-pointer -c /home/ed/mcsema-testing/llvm-test-suite/MultiSource/Applications/ClamAV/libclamav_regex_list.c -o Output/libclamav_regex_list.llvm.o
/home/ed/mcsema-testing/llvm-test-suite/RunSafely.sh --show-errors -t "/home/ed/mcsema-testing/SANDBOX/test-2015-12-21_15-36-50/tools/timeit" 500 /dev/null Output/libclamav_regex_regcomp.llvm.o.compile \
	  /usr/bin/clang -DHAVE_CONFIG_H -I. -DDONT_LOCK_DBDIRS -DC_LINUX -DFPU_WORDS_BIGENDIAN=0 -DWORDS_BIGENDIAN=0 -I/home/ed/mcsema-testing/SANDBOX/test-2015-12-21_15-36-50/MultiSource/Applications/ClamAV -I/home/ed/mcsema-testing/llvm-test-suite/MultiSource/Applications/ClamAV -I/home/ed/mcsema-testing/llvm-test-suite/include -I../../..//include -D_GNU_SOURCE -D__STDC_LIMIT_MACROS -DNDEBUG  -O3  -m64 -fomit-frame-pointer -c /home/ed/mcsema-testing/llvm-test-suite/MultiSource/Applications/ClamAV/libclamav_regex_regcomp.c -o Output/libclamav_regex_regcomp.llvm.o
/home/ed/mcsema-testing/llvm-test-suite/RunSafely.sh --show-errors -t "/home/ed/mcsema-testing/SANDBOX/test-2015-12-21_15-36-50/tools/timeit" 500 /dev/null Output/libclamav_regex_regerror.llvm.o.compile \
	  /usr/bin/clang -DHAVE_CONFIG_H -I. -DDONT_LOCK_DBDIRS -DC_LINUX -DFPU_WORDS_BIGENDIAN=0 -DWORDS_BIGENDIAN=0 -I/home/ed/mcsema-testing/SANDBOX/test-2015-12-21_15-36-50/MultiSource/Applications/ClamAV -I/home/ed/mcsema-testing/llvm-test-suite/MultiSource/Applications/ClamAV -I/home/ed/mcsema-testing/llvm-test-suite/include -I../../..//include -D_GNU_SOURCE -D__STDC_LIMIT_MACROS -DNDEBUG  -O3  -m64 -fomit-frame-pointer -c /home/ed/mcsema-testing/llvm-test-suite/MultiSource/Applications/ClamAV/libclamav_regex_regerror.c -o Output/libclamav_regex_regerror.llvm.o
/home/ed/mcsema-testing/llvm-test-suite/RunSafely.sh --show-errors -t "/home/ed/mcsema-testing/SANDBOX/test-2015-12-21_15-36-50/tools/timeit" 500 /dev/null Output/libclamav_regex_regexec.llvm.o.compile \
	  /usr/bin/clang -DHAVE_CONFIG_H -I. -DDONT_LOCK_DBDIRS -DC_LINUX -DFPU_WORDS_BIGENDIAN=0 -DWORDS_BIGENDIAN=0 -I/home/ed/mcsema-testing/SANDBOX/test-2015-12-21_15-36-50/MultiSource/Applications/ClamAV -I/home/ed/mcsema-testing/llvm-test-suite/MultiSource/Applications/ClamAV -I/home/ed/mcsema-testing/llvm-test-suite/include -I../../..//include -D_GNU_SOURCE -D__STDC_LIMIT_MACROS -DNDEBUG  -O3  -m64 -fomit-frame-pointer -c /home/ed/mcsema-testing/llvm-test-suite/MultiSource/Applications/ClamAV/libclamav_regex_regexec.c -o Output/libclamav_regex_regexec.llvm.o
/home/ed/mcsema-testing/llvm-test-suite/RunSafely.sh --show-errors -t "/home/ed/mcsema-testing/SANDBOX/test-2015-12-21_15-36-50/tools/timeit" 500 /dev/null Output/libclamav_regex_regfree.llvm.o.compile \
	  /usr/bin/clang -DHAVE_CONFIG_H -I. -DDONT_LOCK_DBDIRS -DC_LINUX -DFPU_WORDS_BIGENDIAN=0 -DWORDS_BIGENDIAN=0 -I/home/ed/mcsema-testing/SANDBOX/test-2015-12-21_15-36-50/MultiSource/Applications/ClamAV -I/home/ed/mcsema-testing/llvm-test-suite/MultiSource/Applications/ClamAV -I/home/ed/mcsema-testing/llvm-test-suite/include -I../../..//include -D_GNU_SOURCE -D__STDC_LIMIT_MACROS -DNDEBUG  -O3  -m64 -fomit-frame-pointer -c /home/ed/mcsema-testing/llvm-test-suite/MultiSource/Applications/ClamAV/libclamav_regex_regfree.c -o Output/libclamav_regex_regfree.llvm.o
/home/ed/mcsema-testing/llvm-test-suite/RunSafely.sh --show-errors -t "/home/ed/mcsema-testing/SANDBOX/test-2015-12-21_15-36-50/tools/timeit" 500 /dev/null Output/libclamav_regex_strlcpy.llvm.o.compile \
	  /usr/bin/clang -DHAVE_CONFIG_H -I. -DDONT_LOCK_DBDIRS -DC_LINUX -DFPU_WORDS_BIGENDIAN=0 -DWORDS_BIGENDIAN=0 -I/home/ed/mcsema-testing/SANDBOX/test-2015-12-21_15-36-50/MultiSource/Applications/ClamAV -I/home/ed/mcsema-testing/llvm-test-suite/MultiSource/Applications/ClamAV -I/home/ed/mcsema-testing/llvm-test-suite/include -I../../..//include -D_GNU_SOURCE -D__STDC_LIMIT_MACROS -DNDEBUG  -O3  -m64 -fomit-frame-pointer -c /home/ed/mcsema-testing/llvm-test-suite/MultiSource/Applications/ClamAV/libclamav_regex_strlcpy.c -o Output/libclamav_regex_strlcpy.llvm.o
/home/ed/mcsema-testing/llvm-test-suite/RunSafely.sh --show-errors -t "/home/ed/mcsema-testing/SANDBOX/test-2015-12-21_15-36-50/tools/timeit" 500 /dev/null Output/libclamav_rtf.llvm.o.compile \
	  /usr/bin/clang -DHAVE_CONFIG_H -I. -DDONT_LOCK_DBDIRS -DC_LINUX -DFPU_WORDS_BIGENDIAN=0 -DWORDS_BIGENDIAN=0 -I/home/ed/mcsema-testing/SANDBOX/test-2015-12-21_15-36-50/MultiSource/Applications/ClamAV -I/home/ed/mcsema-testing/llvm-test-suite/MultiSource/Applications/ClamAV -I/home/ed/mcsema-testing/llvm-test-suite/include -I../../..//include -D_GNU_SOURCE -D__STDC_LIMIT_MACROS -DNDEBUG  -O3  -m64 -fomit-frame-pointer -c /home/ed/mcsema-testing/llvm-test-suite/MultiSource/Applications/ClamAV/libclamav_rtf.c -o Output/libclamav_rtf.llvm.o
/home/ed/mcsema-testing/llvm-test-suite/RunSafely.sh --show-errors -t "/home/ed/mcsema-testing/SANDBOX/test-2015-12-21_15-36-50/tools/timeit" 500 /dev/null Output/libclamav_scanners.llvm.o.compile \
	  /usr/bin/clang -DHAVE_CONFIG_H -I. -DDONT_LOCK_DBDIRS -DC_LINUX -DFPU_WORDS_BIGENDIAN=0 -DWORDS_BIGENDIAN=0 -I/home/ed/mcsema-testing/SANDBOX/test-2015-12-21_15-36-50/MultiSource/Applications/ClamAV -I/home/ed/mcsema-testing/llvm-test-suite/MultiSource/Applications/ClamAV -I/home/ed/mcsema-testing/llvm-test-suite/include -I../../..//include -D_GNU_SOURCE -D__STDC_LIMIT_MACROS -DNDEBUG  -O3  -m64 -fomit-frame-pointer -c /home/ed/mcsema-testing/llvm-test-suite/MultiSource/Applications/ClamAV/libclamav_scanners.c -o Output/libclamav_scanners.llvm.o
/home/ed/mcsema-testing/llvm-test-suite/RunSafely.sh --show-errors -t "/home/ed/mcsema-testing/SANDBOX/test-2015-12-21_15-36-50/tools/timeit" 500 /dev/null Output/libclamav_sis.llvm.o.compile \
	  /usr/bin/clang -DHAVE_CONFIG_H -I. -DDONT_LOCK_DBDIRS -DC_LINUX -DFPU_WORDS_BIGENDIAN=0 -DWORDS_BIGENDIAN=0 -I/home/ed/mcsema-testing/SANDBOX/test-2015-12-21_15-36-50/MultiSource/Applications/ClamAV -I/home/ed/mcsema-testing/llvm-test-suite/MultiSource/Applications/ClamAV -I/home/ed/mcsema-testing/llvm-test-suite/include -I../../..//include -D_GNU_SOURCE -D__STDC_LIMIT_MACROS -DNDEBUG  -O3  -m64 -fomit-frame-pointer -c /home/ed/mcsema-testing/llvm-test-suite/MultiSource/Applications/ClamAV/libclamav_sis.c -o Output/libclamav_sis.llvm.o
/home/ed/mcsema-testing/llvm-test-suite/RunSafely.sh --show-errors -t "/home/ed/mcsema-testing/SANDBOX/test-2015-12-21_15-36-50/tools/timeit" 500 /dev/null Output/libclamav_snprintf.llvm.o.compile \
	  /usr/bin/clang -DHAVE_CONFIG_H -I. -DDONT_LOCK_DBDIRS -DC_LINUX -DFPU_WORDS_BIGENDIAN=0 -DWORDS_BIGENDIAN=0 -I/home/ed/mcsema-testing/SANDBOX/test-2015-12-21_15-36-50/MultiSource/Applications/ClamAV -I/home/ed/mcsema-testing/llvm-test-suite/MultiSource/Applications/ClamAV -I/home/ed/mcsema-testing/llvm-test-suite/include -I../../..//include -D_GNU_SOURCE -D__STDC_LIMIT_MACROS -DNDEBUG  -O3  -m64 -fomit-frame-pointer -c /home/ed/mcsema-testing/llvm-test-suite/MultiSource/Applications/ClamAV/libclamav_snprintf.c -o Output/libclamav_snprintf.llvm.o
/home/ed/mcsema-testing/llvm-test-suite/RunSafely.sh --show-errors -t "/home/ed/mcsema-testing/SANDBOX/test-2015-12-21_15-36-50/tools/timeit" 500 /dev/null Output/libclamav_special.llvm.o.compile \
	  /usr/bin/clang -DHAVE_CONFIG_H -I. -DDONT_LOCK_DBDIRS -DC_LINUX -DFPU_WORDS_BIGENDIAN=0 -DWORDS_BIGENDIAN=0 -I/home/ed/mcsema-testing/SANDBOX/test-2015-12-21_15-36-50/MultiSource/Applications/ClamAV -I/home/ed/mcsema-testing/llvm-test-suite/MultiSource/Applications/ClamAV -I/home/ed/mcsema-testing/llvm-test-suite/include -I../../..//include -D_GNU_SOURCE -D__STDC_LIMIT_MACROS -DNDEBUG  -O3  -m64 -fomit-frame-pointer -c /home/ed/mcsema-testing/llvm-test-suite/MultiSource/Applications/ClamAV/libclamav_special.c -o Output/libclamav_special.llvm.o
/home/ed/mcsema-testing/llvm-test-suite/RunSafely.sh --show-errors -t "/home/ed/mcsema-testing/SANDBOX/test-2015-12-21_15-36-50/tools/timeit" 500 /dev/null Output/libclamav_spin.llvm.o.compile \
	  /usr/bin/clang -DHAVE_CONFIG_H -I. -DDONT_LOCK_DBDIRS -DC_LINUX -DFPU_WORDS_BIGENDIAN=0 -DWORDS_BIGENDIAN=0 -I/home/ed/mcsema-testing/SANDBOX/test-2015-12-21_15-36-50/MultiSource/Applications/ClamAV -I/home/ed/mcsema-testing/llvm-test-suite/MultiSource/Applications/ClamAV -I/home/ed/mcsema-testing/llvm-test-suite/include -I../../..//include -D_GNU_SOURCE -D__STDC_LIMIT_MACROS -DNDEBUG  -O3  -m64 -fomit-frame-pointer -c /home/ed/mcsema-testing/llvm-test-suite/MultiSource/Applications/ClamAV/libclamav_spin.c -o Output/libclamav_spin.llvm.o
/home/ed/mcsema-testing/llvm-test-suite/RunSafely.sh --show-errors -t "/home/ed/mcsema-testing/SANDBOX/test-2015-12-21_15-36-50/tools/timeit" 500 /dev/null Output/libclamav_str.llvm.o.compile \
	  /usr/bin/clang -DHAVE_CONFIG_H -I. -DDONT_LOCK_DBDIRS -DC_LINUX -DFPU_WORDS_BIGENDIAN=0 -DWORDS_BIGENDIAN=0 -I/home/ed/mcsema-testing/SANDBOX/test-2015-12-21_15-36-50/MultiSource/Applications/ClamAV -I/home/ed/mcsema-testing/llvm-test-suite/MultiSource/Applications/ClamAV -I/home/ed/mcsema-testing/llvm-test-suite/include -I../../..//include -D_GNU_SOURCE -D__STDC_LIMIT_MACROS -DNDEBUG  -O3  -m64 -fomit-frame-pointer -c /home/ed/mcsema-testing/llvm-test-suite/MultiSource/Applications/ClamAV/libclamav_str.c -o Output/libclamav_str.llvm.o
/home/ed/mcsema-testing/llvm-test-suite/RunSafely.sh --show-errors -t "/home/ed/mcsema-testing/SANDBOX/test-2015-12-21_15-36-50/tools/timeit" 500 /dev/null Output/libclamav_suecrypt.llvm.o.compile \
	  /usr/bin/clang -DHAVE_CONFIG_H -I. -DDONT_LOCK_DBDIRS -DC_LINUX -DFPU_WORDS_BIGENDIAN=0 -DWORDS_BIGENDIAN=0 -I/home/ed/mcsema-testing/SANDBOX/test-2015-12-21_15-36-50/MultiSource/Applications/ClamAV -I/home/ed/mcsema-testing/llvm-test-suite/MultiSource/Applications/ClamAV -I/home/ed/mcsema-testing/llvm-test-suite/include -I../../..//include -D_GNU_SOURCE -D__STDC_LIMIT_MACROS -DNDEBUG  -O3  -m64 -fomit-frame-pointer -c /home/ed/mcsema-testing/llvm-test-suite/MultiSource/Applications/ClamAV/libclamav_suecrypt.c -o Output/libclamav_suecrypt.llvm.o
/home/ed/mcsema-testing/llvm-test-suite/RunSafely.sh --show-errors -t "/home/ed/mcsema-testing/SANDBOX/test-2015-12-21_15-36-50/tools/timeit" 500 /dev/null Output/libclamav_table.llvm.o.compile \
	  /usr/bin/clang -DHAVE_CONFIG_H -I. -DDONT_LOCK_DBDIRS -DC_LINUX -DFPU_WORDS_BIGENDIAN=0 -DWORDS_BIGENDIAN=0 -I/home/ed/mcsema-testing/SANDBOX/test-2015-12-21_15-36-50/MultiSource/Applications/ClamAV -I/home/ed/mcsema-testing/llvm-test-suite/MultiSource/Applications/ClamAV -I/home/ed/mcsema-testing/llvm-test-suite/include -I../../..//include -D_GNU_SOURCE -D__STDC_LIMIT_MACROS -DNDEBUG  -O3  -m64 -fomit-frame-pointer -c /home/ed/mcsema-testing/llvm-test-suite/MultiSource/Applications/ClamAV/libclamav_table.c -o Output/libclamav_table.llvm.o
/home/ed/mcsema-testing/llvm-test-suite/RunSafely.sh --show-errors -t "/home/ed/mcsema-testing/SANDBOX/test-2015-12-21_15-36-50/tools/timeit" 500 /dev/null Output/libclamav_text.llvm.o.compile \
	  /usr/bin/clang -DHAVE_CONFIG_H -I. -DDONT_LOCK_DBDIRS -DC_LINUX -DFPU_WORDS_BIGENDIAN=0 -DWORDS_BIGENDIAN=0 -I/home/ed/mcsema-testing/SANDBOX/test-2015-12-21_15-36-50/MultiSource/Applications/ClamAV -I/home/ed/mcsema-testing/llvm-test-suite/MultiSource/Applications/ClamAV -I/home/ed/mcsema-testing/llvm-test-suite/include -I../../..//include -D_GNU_SOURCE -D__STDC_LIMIT_MACROS -DNDEBUG  -O3  -m64 -fomit-frame-pointer -c /home/ed/mcsema-testing/llvm-test-suite/MultiSource/Applications/ClamAV/libclamav_text.c -o Output/libclamav_text.llvm.o
/home/ed/mcsema-testing/llvm-test-suite/RunSafely.sh --show-errors -t "/home/ed/mcsema-testing/SANDBOX/test-2015-12-21_15-36-50/tools/timeit" 500 /dev/null Output/libclamav_tnef.llvm.o.compile \
	  /usr/bin/clang -DHAVE_CONFIG_H -I. -DDONT_LOCK_DBDIRS -DC_LINUX -DFPU_WORDS_BIGENDIAN=0 -DWORDS_BIGENDIAN=0 -I/home/ed/mcsema-testing/SANDBOX/test-2015-12-21_15-36-50/MultiSource/Applications/ClamAV -I/home/ed/mcsema-testing/llvm-test-suite/MultiSource/Applications/ClamAV -I/home/ed/mcsema-testing/llvm-test-suite/include -I../../..//include -D_GNU_SOURCE -D__STDC_LIMIT_MACROS -DNDEBUG  -O3  -m64 -fomit-frame-pointer -c /home/ed/mcsema-testing/llvm-test-suite/MultiSource/Applications/ClamAV/libclamav_tnef.c -o Output/libclamav_tnef.llvm.o
/home/ed/mcsema-testing/llvm-test-suite/RunSafely.sh --show-errors -t "/home/ed/mcsema-testing/SANDBOX/test-2015-12-21_15-36-50/tools/timeit" 500 /dev/null Output/libclamav_unarj.llvm.o.compile \
	  /usr/bin/clang -DHAVE_CONFIG_H -I. -DDONT_LOCK_DBDIRS -DC_LINUX -DFPU_WORDS_BIGENDIAN=0 -DWORDS_BIGENDIAN=0 -I/home/ed/mcsema-testing/SANDBOX/test-2015-12-21_15-36-50/MultiSource/Applications/ClamAV -I/home/ed/mcsema-testing/llvm-test-suite/MultiSource/Applications/ClamAV -I/home/ed/mcsema-testing/llvm-test-suite/include -I../../..//include -D_GNU_SOURCE -D__STDC_LIMIT_MACROS -DNDEBUG  -O3  -m64 -fomit-frame-pointer -c /home/ed/mcsema-testing/llvm-test-suite/MultiSource/Applications/ClamAV/libclamav_unarj.c -o Output/libclamav_unarj.llvm.o
/home/ed/mcsema-testing/llvm-test-suite/RunSafely.sh --show-errors -t "/home/ed/mcsema-testing/SANDBOX/test-2015-12-21_15-36-50/tools/timeit" 500 /dev/null Output/libclamav_unsp.llvm.o.compile \
	  /usr/bin/clang -DHAVE_CONFIG_H -I. -DDONT_LOCK_DBDIRS -DC_LINUX -DFPU_WORDS_BIGENDIAN=0 -DWORDS_BIGENDIAN=0 -I/home/ed/mcsema-testing/SANDBOX/test-2015-12-21_15-36-50/MultiSource/Applications/ClamAV -I/home/ed/mcsema-testing/llvm-test-suite/MultiSource/Applications/ClamAV -I/home/ed/mcsema-testing/llvm-test-suite/include -I../../..//include -D_GNU_SOURCE -D__STDC_LIMIT_MACROS -DNDEBUG  -O3  -m64 -fomit-frame-pointer -c /home/ed/mcsema-testing/llvm-test-suite/MultiSource/Applications/ClamAV/libclamav_unsp.c -o Output/libclamav_unsp.llvm.o
/home/ed/mcsema-testing/llvm-test-suite/RunSafely.sh --show-errors -t "/home/ed/mcsema-testing/SANDBOX/test-2015-12-21_15-36-50/tools/timeit" 500 /dev/null Output/libclamav_untar.llvm.o.compile \
	  /usr/bin/clang -DHAVE_CONFIG_H -I. -DDONT_LOCK_DBDIRS -DC_LINUX -DFPU_WORDS_BIGENDIAN=0 -DWORDS_BIGENDIAN=0 -I/home/ed/mcsema-testing/SANDBOX/test-2015-12-21_15-36-50/MultiSource/Applications/ClamAV -I/home/ed/mcsema-testing/llvm-test-suite/MultiSource/Applications/ClamAV -I/home/ed/mcsema-testing/llvm-test-suite/include -I../../..//include -D_GNU_SOURCE -D__STDC_LIMIT_MACROS -DNDEBUG  -O3  -m64 -fomit-frame-pointer -c /home/ed/mcsema-testing/llvm-test-suite/MultiSource/Applications/ClamAV/libclamav_untar.c -o Output/libclamav_untar.llvm.o
/home/ed/mcsema-testing/llvm-test-suite/RunSafely.sh --show-errors -t "/home/ed/mcsema-testing/SANDBOX/test-2015-12-21_15-36-50/tools/timeit" 500 /dev/null Output/libclamav_unzip.llvm.o.compile \
	  /usr/bin/clang -DHAVE_CONFIG_H -I. -DDONT_LOCK_DBDIRS -DC_LINUX -DFPU_WORDS_BIGENDIAN=0 -DWORDS_BIGENDIAN=0 -I/home/ed/mcsema-testing/SANDBOX/test-2015-12-21_15-36-50/MultiSource/Applications/ClamAV -I/home/ed/mcsema-testing/llvm-test-suite/MultiSource/Applications/ClamAV -I/home/ed/mcsema-testing/llvm-test-suite/include -I../../..//include -D_GNU_SOURCE -D__STDC_LIMIT_MACROS -DNDEBUG  -O3  -m64 -fomit-frame-pointer -c /home/ed/mcsema-testing/llvm-test-suite/MultiSource/Applications/ClamAV/libclamav_unzip.c -o Output/libclamav_unzip.llvm.o
/home/ed/mcsema-testing/llvm-test-suite/RunSafely.sh --show-errors -t "/home/ed/mcsema-testing/SANDBOX/test-2015-12-21_15-36-50/tools/timeit" 500 /dev/null Output/libclamav_upack.llvm.o.compile \
	  /usr/bin/clang -DHAVE_CONFIG_H -I. -DDONT_LOCK_DBDIRS -DC_LINUX -DFPU_WORDS_BIGENDIAN=0 -DWORDS_BIGENDIAN=0 -I/home/ed/mcsema-testing/SANDBOX/test-2015-12-21_15-36-50/MultiSource/Applications/ClamAV -I/home/ed/mcsema-testing/llvm-test-suite/MultiSource/Applications/ClamAV -I/home/ed/mcsema-testing/llvm-test-suite/include -I../../..//include -D_GNU_SOURCE -D__STDC_LIMIT_MACROS -DNDEBUG  -O3  -m64 -fomit-frame-pointer -c /home/ed/mcsema-testing/llvm-test-suite/MultiSource/Applications/ClamAV/libclamav_upack.c -o Output/libclamav_upack.llvm.o
/home/ed/mcsema-testing/llvm-test-suite/RunSafely.sh --show-errors -t "/home/ed/mcsema-testing/SANDBOX/test-2015-12-21_15-36-50/tools/timeit" 500 /dev/null Output/libclamav_upx.llvm.o.compile \
	  /usr/bin/clang -DHAVE_CONFIG_H -I. -DDONT_LOCK_DBDIRS -DC_LINUX -DFPU_WORDS_BIGENDIAN=0 -DWORDS_BIGENDIAN=0 -I/home/ed/mcsema-testing/SANDBOX/test-2015-12-21_15-36-50/MultiSource/Applications/ClamAV -I/home/ed/mcsema-testing/llvm-test-suite/MultiSource/Applications/ClamAV -I/home/ed/mcsema-testing/llvm-test-suite/include -I../../..//include -D_GNU_SOURCE -D__STDC_LIMIT_MACROS -DNDEBUG  -O3  -m64 -fomit-frame-pointer -c /home/ed/mcsema-testing/llvm-test-suite/MultiSource/Applications/ClamAV/libclamav_upx.c -o Output/libclamav_upx.llvm.o
/home/ed/mcsema-testing/llvm-test-suite/RunSafely.sh --show-errors -t "/home/ed/mcsema-testing/SANDBOX/test-2015-12-21_15-36-50/tools/timeit" 500 /dev/null Output/libclamav_uuencode.llvm.o.compile \
	  /usr/bin/clang -DHAVE_CONFIG_H -I. -DDONT_LOCK_DBDIRS -DC_LINUX -DFPU_WORDS_BIGENDIAN=0 -DWORDS_BIGENDIAN=0 -I/home/ed/mcsema-testing/SANDBOX/test-2015-12-21_15-36-50/MultiSource/Applications/ClamAV -I/home/ed/mcsema-testing/llvm-test-suite/MultiSource/Applications/ClamAV -I/home/ed/mcsema-testing/llvm-test-suite/include -I../../..//include -D_GNU_SOURCE -D__STDC_LIMIT_MACROS -DNDEBUG  -O3  -m64 -fomit-frame-pointer -c /home/ed/mcsema-testing/llvm-test-suite/MultiSource/Applications/ClamAV/libclamav_uuencode.c -o Output/libclamav_uuencode.llvm.o
/home/ed/mcsema-testing/llvm-test-suite/RunSafely.sh --show-errors -t "/home/ed/mcsema-testing/SANDBOX/test-2015-12-21_15-36-50/tools/timeit" 500 /dev/null Output/libclamav_vba_extract.llvm.o.compile \
	  /usr/bin/clang -DHAVE_CONFIG_H -I. -DDONT_LOCK_DBDIRS -DC_LINUX -DFPU_WORDS_BIGENDIAN=0 -DWORDS_BIGENDIAN=0 -I/home/ed/mcsema-testing/SANDBOX/test-2015-12-21_15-36-50/MultiSource/Applications/ClamAV -I/home/ed/mcsema-testing/llvm-test-suite/MultiSource/Applications/ClamAV -I/home/ed/mcsema-testing/llvm-test-suite/include -I../../..//include -D_GNU_SOURCE -D__STDC_LIMIT_MACROS -DNDEBUG  -O3  -m64 -fomit-frame-pointer -c /home/ed/mcsema-testing/llvm-test-suite/MultiSource/Applications/ClamAV/libclamav_vba_extract.c -o Output/libclamav_vba_extract.llvm.o
/home/ed/mcsema-testing/llvm-test-suite/RunSafely.sh --show-errors -t "/home/ed/mcsema-testing/SANDBOX/test-2015-12-21_15-36-50/tools/timeit" 500 /dev/null Output/libclamav_wwunpack.llvm.o.compile \
	  /usr/bin/clang -DHAVE_CONFIG_H -I. -DDONT_LOCK_DBDIRS -DC_LINUX -DFPU_WORDS_BIGENDIAN=0 -DWORDS_BIGENDIAN=0 -I/home/ed/mcsema-testing/SANDBOX/test-2015-12-21_15-36-50/MultiSource/Applications/ClamAV -I/home/ed/mcsema-testing/llvm-test-suite/MultiSource/Applications/ClamAV -I/home/ed/mcsema-testing/llvm-test-suite/include -I../../..//include -D_GNU_SOURCE -D__STDC_LIMIT_MACROS -DNDEBUG  -O3  -m64 -fomit-frame-pointer -c /home/ed/mcsema-testing/llvm-test-suite/MultiSource/Applications/ClamAV/libclamav_wwunpack.c -o Output/libclamav_wwunpack.llvm.o
/home/ed/mcsema-testing/llvm-test-suite/RunSafely.sh --show-errors -t "/home/ed/mcsema-testing/SANDBOX/test-2015-12-21_15-36-50/tools/timeit" 500 /dev/null Output/libclamav_yc.llvm.o.compile \
	  /usr/bin/clang -DHAVE_CONFIG_H -I. -DDONT_LOCK_DBDIRS -DC_LINUX -DFPU_WORDS_BIGENDIAN=0 -DWORDS_BIGENDIAN=0 -I/home/ed/mcsema-testing/SANDBOX/test-2015-12-21_15-36-50/MultiSource/Applications/ClamAV -I/home/ed/mcsema-testing/llvm-test-suite/MultiSource/Applications/ClamAV -I/home/ed/mcsema-testing/llvm-test-suite/include -I../../..//include -D_GNU_SOURCE -D__STDC_LIMIT_MACROS -DNDEBUG  -O3  -m64 -fomit-frame-pointer -c /home/ed/mcsema-testing/llvm-test-suite/MultiSource/Applications/ClamAV/libclamav_yc.c -o Output/libclamav_yc.llvm.o
/home/ed/mcsema-testing/llvm-test-suite/RunSafely.sh --show-errors -t "/home/ed/mcsema-testing/SANDBOX/test-2015-12-21_15-36-50/tools/timeit" 500 /dev/null Output/shared_cdiff.llvm.o.compile \
	  /usr/bin/clang -DHAVE_CONFIG_H -I. -DDONT_LOCK_DBDIRS -DC_LINUX -DFPU_WORDS_BIGENDIAN=0 -DWORDS_BIGENDIAN=0 -I/home/ed/mcsema-testing/SANDBOX/test-2015-12-21_15-36-50/MultiSource/Applications/ClamAV -I/home/ed/mcsema-testing/llvm-test-suite/MultiSource/Applications/ClamAV -I/home/ed/mcsema-testing/llvm-test-suite/include -I../../..//include -D_GNU_SOURCE -D__STDC_LIMIT_MACROS -DNDEBUG  -O3  -m64 -fomit-frame-pointer -c /home/ed/mcsema-testing/llvm-test-suite/MultiSource/Applications/ClamAV/shared_cdiff.c -o Output/shared_cdiff.llvm.o
/home/ed/mcsema-testing/llvm-test-suite/RunSafely.sh --show-errors -t "/home/ed/mcsema-testing/SANDBOX/test-2015-12-21_15-36-50/tools/timeit" 500 /dev/null Output/shared_cfgparser.llvm.o.compile \
	  /usr/bin/clang -DHAVE_CONFIG_H -I. -DDONT_LOCK_DBDIRS -DC_LINUX -DFPU_WORDS_BIGENDIAN=0 -DWORDS_BIGENDIAN=0 -I/home/ed/mcsema-testing/SANDBOX/test-2015-12-21_15-36-50/MultiSource/Applications/ClamAV -I/home/ed/mcsema-testing/llvm-test-suite/MultiSource/Applications/ClamAV -I/home/ed/mcsema-testing/llvm-test-suite/include -I../../..//include -D_GNU_SOURCE -D__STDC_LIMIT_MACROS -DNDEBUG  -O3  -m64 -fomit-frame-pointer -c /home/ed/mcsema-testing/llvm-test-suite/MultiSource/Applications/ClamAV/shared_cfgparser.c -o Output/shared_cfgparser.llvm.o
/home/ed/mcsema-testing/llvm-test-suite/RunSafely.sh --show-errors -t "/home/ed/mcsema-testing/SANDBOX/test-2015-12-21_15-36-50/tools/timeit" 500 /dev/null Output/shared_getopt.llvm.o.compile \
	  /usr/bin/clang -DHAVE_CONFIG_H -I. -DDONT_LOCK_DBDIRS -DC_LINUX -DFPU_WORDS_BIGENDIAN=0 -DWORDS_BIGENDIAN=0 -I/home/ed/mcsema-testing/SANDBOX/test-2015-12-21_15-36-50/MultiSource/Applications/ClamAV -I/home/ed/mcsema-testing/llvm-test-suite/MultiSource/Applications/ClamAV -I/home/ed/mcsema-testing/llvm-test-suite/include -I../../..//include -D_GNU_SOURCE -D__STDC_LIMIT_MACROS -DNDEBUG  -O3  -m64 -fomit-frame-pointer -c /home/ed/mcsema-testing/llvm-test-suite/MultiSource/Applications/ClamAV/shared_getopt.c -o Output/shared_getopt.llvm.o
/home/ed/mcsema-testing/llvm-test-suite/RunSafely.sh --show-errors -t "/home/ed/mcsema-testing/SANDBOX/test-2015-12-21_15-36-50/tools/timeit" 500 /dev/null Output/shared_misc.llvm.o.compile \
	  /usr/bin/clang -DHAVE_CONFIG_H -I. -DDONT_LOCK_DBDIRS -DC_LINUX -DFPU_WORDS_BIGENDIAN=0 -DWORDS_BIGENDIAN=0 -I/home/ed/mcsema-testing/SANDBOX/test-2015-12-21_15-36-50/MultiSource/Applications/ClamAV -I/home/ed/mcsema-testing/llvm-test-suite/MultiSource/Applications/ClamAV -I/home/ed/mcsema-testing/llvm-test-suite/include -I../../..//include -D_GNU_SOURCE -D__STDC_LIMIT_MACROS -DNDEBUG  -O3  -m64 -fomit-frame-pointer -c /home/ed/mcsema-testing/llvm-test-suite/MultiSource/Applications/ClamAV/shared_misc.c -o Output/shared_misc.llvm.o
/home/ed/mcsema-testing/llvm-test-suite/RunSafely.sh --show-errors -t "/home/ed/mcsema-testing/SANDBOX/test-2015-12-21_15-36-50/tools/timeit" 500 /dev/null Output/shared_network.llvm.o.compile \
	  /usr/bin/clang -DHAVE_CONFIG_H -I. -DDONT_LOCK_DBDIRS -DC_LINUX -DFPU_WORDS_BIGENDIAN=0 -DWORDS_BIGENDIAN=0 -I/home/ed/mcsema-testing/SANDBOX/test-2015-12-21_15-36-50/MultiSource/Applications/ClamAV -I/home/ed/mcsema-testing/llvm-test-suite/MultiSource/Applications/ClamAV -I/home/ed/mcsema-testing/llvm-test-suite/include -I../../..//include -D_GNU_SOURCE -D__STDC_LIMIT_MACROS -DNDEBUG  -O3  -m64 -fomit-frame-pointer -c /home/ed/mcsema-testing/llvm-test-suite/MultiSource/Applications/ClamAV/shared_network.c -o Output/shared_network.llvm.o
/home/ed/mcsema-testing/llvm-test-suite/RunSafely.sh --show-errors -t "/home/ed/mcsema-testing/SANDBOX/test-2015-12-21_15-36-50/tools/timeit" 500 /dev/null Output/shared_options.llvm.o.compile \
	  /usr/bin/clang -DHAVE_CONFIG_H -I. -DDONT_LOCK_DBDIRS -DC_LINUX -DFPU_WORDS_BIGENDIAN=0 -DWORDS_BIGENDIAN=0 -I/home/ed/mcsema-testing/SANDBOX/test-2015-12-21_15-36-50/MultiSource/Applications/ClamAV -I/home/ed/mcsema-testing/llvm-test-suite/MultiSource/Applications/ClamAV -I/home/ed/mcsema-testing/llvm-test-suite/include -I../../..//include -D_GNU_SOURCE -D__STDC_LIMIT_MACROS -DNDEBUG  -O3  -m64 -fomit-frame-pointer -c /home/ed/mcsema-testing/llvm-test-suite/MultiSource/Applications/ClamAV/shared_options.c -o Output/shared_options.llvm.o
/home/ed/mcsema-testing/llvm-test-suite/RunSafely.sh --show-errors -t "/home/ed/mcsema-testing/SANDBOX/test-2015-12-21_15-36-50/tools/timeit" 500 /dev/null Output/shared_output.llvm.o.compile \
	  /usr/bin/clang -DHAVE_CONFIG_H -I. -DDONT_LOCK_DBDIRS -DC_LINUX -DFPU_WORDS_BIGENDIAN=0 -DWORDS_BIGENDIAN=0 -I/home/ed/mcsema-testing/SANDBOX/test-2015-12-21_15-36-50/MultiSource/Applications/ClamAV -I/home/ed/mcsema-testing/llvm-test-suite/MultiSource/Applications/ClamAV -I/home/ed/mcsema-testing/llvm-test-suite/include -I../../..//include -D_GNU_SOURCE -D__STDC_LIMIT_MACROS -DNDEBUG  -O3  -m64 -fomit-frame-pointer -c /home/ed/mcsema-testing/llvm-test-suite/MultiSource/Applications/ClamAV/shared_output.c -o Output/shared_output.llvm.o
/home/ed/mcsema-testing/llvm-test-suite/RunSafely.sh --show-errors -t "/home/ed/mcsema-testing/SANDBOX/test-2015-12-21_15-36-50/tools/timeit" 500 /dev/null Output/shared_sha256.llvm.o.compile \
	  /usr/bin/clang -DHAVE_CONFIG_H -I. -DDONT_LOCK_DBDIRS -DC_LINUX -DFPU_WORDS_BIGENDIAN=0 -DWORDS_BIGENDIAN=0 -I/home/ed/mcsema-testing/SANDBOX/test-2015-12-21_15-36-50/MultiSource/Applications/ClamAV -I/home/ed/mcsema-testing/llvm-test-suite/MultiSource/Applications/ClamAV -I/home/ed/mcsema-testing/llvm-test-suite/include -I../../..//include -D_GNU_SOURCE -D__STDC_LIMIT_MACROS -DNDEBUG  -O3  -m64 -fomit-frame-pointer -c /home/ed/mcsema-testing/llvm-test-suite/MultiSource/Applications/ClamAV/shared_sha256.c -o Output/shared_sha256.llvm.o
/usr/bin/clang++ -o Output/clamscan.simple Output/clamscan_clamscan.llvm.o Output/clamscan_manager.llvm.o Output/clamscan_others.llvm.o Output/clamscan_treewalk.llvm.o Output/libclamav_aspack.llvm.o Output/libclamav_autoit.llvm.o Output/libclamav_binhex.llvm.o Output/libclamav_blob.llvm.o Output/libclamav_cab.llvm.o Output/libclamav_chmunpack.llvm.o Output/libclamav_cvd.llvm.o Output/libclamav_dconf.llvm.o Output/libclamav_dsig.llvm.o Output/libclamav_elf.llvm.o Output/libclamav_entconv.llvm.o Output/libclamav_filetypes.llvm.o Output/libclamav_fsg.llvm.o Output/libclamav_hashtab.llvm.o Output/libclamav_htmlnorm.llvm.o Output/libclamav_is_tar.llvm.o Output/libclamav_jscript.llvm.o Output/libclamav_line.llvm.o Output/libclamav_lockdb.llvm.o Output/libclamav_matcher-ac.llvm.o Output/libclamav_matcher-bm.llvm.o Output/libclamav_matcher.llvm.o Output/libclamav_mbox.llvm.o Output/libclamav_md5.llvm.o Output/libclamav_message.llvm.o Output/libclamav_mew.llvm.o Output/libclamav_msexpand.llvm.o Output/libclamav_mspack.llvm.o Output/libclamav_nsis_LZMADecode.llvm.o Output/libclamav_nsis_bzlib.llvm.o Output/libclamav_nsis_infblock.llvm.o Output/libclamav_nsis_nulsft.llvm.o Output/libclamav_ole2_extract.llvm.o Output/libclamav_others.llvm.o Output/libclamav_packlibs.llvm.o Output/libclamav_pdf.llvm.o Output/libclamav_pe.llvm.o Output/libclamav_petite.llvm.o Output/libclamav_phish_domaincheck_db.llvm.o Output/libclamav_phish_whitelist.llvm.o Output/libclamav_phishcheck.llvm.o Output/libclamav_pst.llvm.o Output/libclamav_readdb.llvm.o Output/libclamav_rebuildpe.llvm.o Output/libclamav_regex_list.llvm.o Output/libclamav_regex_regcomp.llvm.o Output/libclamav_regex_regerror.llvm.o Output/libclamav_regex_regexec.llvm.o Output/libclamav_regex_regfree.llvm.o Output/libclamav_regex_strlcpy.llvm.o Output/libclamav_rtf.llvm.o Output/libclamav_scanners.llvm.o Output/libclamav_sis.llvm.o Output/libclamav_snprintf.llvm.o Output/libclamav_special.llvm.o Output/libclamav_spin.llvm.o Output/libclamav_str.llvm.o Output/libclamav_suecrypt.llvm.o Output/libclamav_table.llvm.o Output/libclamav_text.llvm.o Output/libclamav_tnef.llvm.o Output/libclamav_unarj.llvm.o Output/libclamav_unsp.llvm.o Output/libclamav_untar.llvm.o Output/libclamav_unzip.llvm.o Output/libclamav_upack.llvm.o Output/libclamav_upx.llvm.o Output/libclamav_uuencode.llvm.o Output/libclamav_vba_extract.llvm.o Output/libclamav_wwunpack.llvm.o Output/libclamav_yc.llvm.o Output/shared_cdiff.llvm.o Output/shared_cfgparser.llvm.o Output/shared_getopt.llvm.o Output/shared_misc.llvm.o Output/shared_network.llvm.o Output/shared_options.llvm.o Output/shared_output.llvm.o Output/shared_sha256.llvm.o -lz   -m64 -fomit-frame-pointer
/home/ed/mcsema-testing/llvm-test-suite/RunSafely.sh -t "/home/ed/mcsema-testing/SANDBOX/test-2015-12-21_15-36-50/tools/timeit-target" 500 /dev/null Output/clamscan.out-simple Output/clamscan.simple --debug --exclude-dir .svn --verbose -d/home/ed/mcsema-testing/llvm-test-suite/MultiSource/Applications/ClamAV/dbdir -r /home/ed/mcsema-testing/llvm-test-suite/MultiSource/Applications/ClamAV/inputs/clam.cab /home/ed/mcsema-testing/llvm-test-suite/MultiSource/Applications/ClamAV/inputs/clamdoc.tar.gz /home/ed/mcsema-testing/llvm-test-suite/MultiSource/Applications/ClamAV/inputs/clam.exe /home/ed/mcsema-testing/llvm-test-suite/MultiSource/Applications/ClamAV/inputs/clam.exe.bz2 /home/ed/mcsema-testing/llvm-test-suite/MultiSource/Applications/ClamAV/inputs/clam-v2.rar /home/ed/mcsema-testing/llvm-test-suite/MultiSource/Applications/ClamAV/inputs/clam-v3.rar /home/ed/mcsema-testing/llvm-test-suite/MultiSource/Applications/ClamAV/inputs/clam.zip /home/ed/mcsema-testing/llvm-test-suite/MultiSource/Applications/ClamAV/inputs/README /home/ed/mcsema-testing/llvm-test-suite/MultiSource/Applications/ClamAV/inputs/rtf-test/Doc11.rtf /home/ed/mcsema-testing/llvm-test-suite/MultiSource/Applications/ClamAV/inputs/rtf-test/Doc1.rtf /home/ed/mcsema-testing/llvm-test-suite/MultiSource/Applications/ClamAV/inputs/rtf-test/Doc22.rtf /home/ed/mcsema-testing/llvm-test-suite/MultiSource/Applications/ClamAV/inputs/rtf-test/Doc2.rtf /home/ed/mcsema-testing/llvm-test-suite/MultiSource/Applications/ClamAV/inputs/rtf-test/doc3.rtf /home/ed/mcsema-testing/llvm-test-suite/MultiSource/Applications/ClamAV/inputs/rtf-test/docCLAMexe.rtf /home/ed/mcsema-testing/llvm-test-suite/MultiSource/Applications/ClamAV/inputs/rtf-test/rtf1.rtf /home/ed/mcsema-testing/llvm-test-suite/MultiSource/Applications/ClamAV/inputs/rtf-test/rtf-novirus.rtf
cp Output/clamscan.simple Output/clamscan.simple-hash; \
	strip --remove-section=.comment --remove-section='.note*' Output/clamscan.simple-hash; \
	/home/ed/mcsema-testing/llvm-test-suite/HashProgramOutput.sh Output/clamscan.simple-hash
if [ -f "/home/ed/mcsema-testing/llvm-test-suite/MultiSource/Applications/ClamAV/clamscan.reference_output.little-endian." ]; then \
	  cp /home/ed/mcsema-testing/llvm-test-suite/MultiSource/Applications/ClamAV/clamscan.reference_output.little-endian. Output/clamscan.out-nat; \
	elif [ -f "/home/ed/mcsema-testing/llvm-test-suite/MultiSource/Applications/ClamAV/clamscan.reference_output." ]; then \
	  cp /home/ed/mcsema-testing/llvm-test-suite/MultiSource/Applications/ClamAV/clamscan.reference_output. Output/clamscan.out-nat; \
	elif [ -f "/home/ed/mcsema-testing/llvm-test-suite/MultiSource/Applications/ClamAV/clamscan.reference_output.little-endian" ]; then \
	  cp /home/ed/mcsema-testing/llvm-test-suite/MultiSource/Applications/ClamAV/clamscan.reference_output.little-endian Output/clamscan.out-nat; \
	elif [ -f "/home/ed/mcsema-testing/llvm-test-suite/MultiSource/Applications/ClamAV/clamscan.reference_output" ]; then \
	  cp /home/ed/mcsema-testing/llvm-test-suite/MultiSource/Applications/ClamAV/clamscan.reference_output Output/clamscan.out-nat; \
	else \
	  printf "WARNING: %s: %s\n" "NO REFERENCE OUTPUT (using default)" "/home/ed/mcsema-testing/llvm-test-suite/MultiSource/Applications/ClamAV/clamscan.reference_output" > Output/clamscan.out-nat; \
	  cp /home/ed/mcsema-testing/llvm-test-suite/default.reference_output Output/clamscan.out-nat; \
	  cat Output/clamscan.out-nat; \
	fi
# Pretend that the reference output was produced instantaneously.
cp /home/ed/mcsema-testing/llvm-test-suite/instant.txt Output/clamscan.out-nat.time
/home/ed/mcsema-testing/llvm-test-suite/DiffOutput.sh "diff " simple clamscan 
rm -f Output/clamscan.exe-simple
cp Output/clamscan.diff-simple Output/clamscan.exe-simple
if test -f Output/clamscan.extra-results.txt; then \
	  /home/ed/mcsema-testing/llvm-test-suite/ParseMultipleResults /home/ed/mcsema-testing/SANDBOX/test-2015-12-21_15-36-50/MultiSource/Applications/ClamAV/clamscan Output/clamscan.extra-results.txt >> Output/clamscan.simple.exec.report.txt; \
	fi
cat Output/clamscan.simple.compile.report.txt Output/clamscan.simple.exec.report.txt >> Output/clamscan.simple.report.txt
---------------------------------------------------------------
>>> ========= '/home/ed/mcsema-testing/SANDBOX/test-2015-12-21_15-36-50/MultiSource/Applications/ClamAV/clamscan' Program
---------------------------------------------------------------

TEST-PASS: compile /home/ed/mcsema-testing/SANDBOX/test-2015-12-21_15-36-50/MultiSource/Applications/ClamAV/clamscan
TEST-RESULT-compile-success: pass
TEST-RESULT-compile-hash: 7fa64146088d8cead3697ddfe7007771
TEST-RESULT-compile-time: user 10.850300
TEST-RESULT-compile-real-time: real 12.562100

TEST-PASS: exec /home/ed/mcsema-testing/SANDBOX/test-2015-12-21_15-36-50/MultiSource/Applications/ClamAV/clamscan
TEST-RESULT-exec-success: pass
TEST-RESULT-exec-time: user       0.0966
TEST-RESULT-exec-real-time: real       0.1286
make[4]: Leaving directory `/home/ed/mcsema-testing/SANDBOX/test-2015-12-21_15-36-50/MultiSource/Applications/ClamAV'
make[4]: Entering directory `/home/ed/mcsema-testing/SANDBOX/test-2015-12-21_15-36-50/MultiSource/Applications/sqlite3'
tclsh /home/ed/mcsema-testing/llvm-test-suite/MultiSource/Applications/sqlite3/speedtest.tcl
/home/ed/mcsema-testing/llvm-test-suite/RunSafely.sh --show-errors -t "/home/ed/mcsema-testing/SANDBOX/test-2015-12-21_15-36-50/tools/timeit" 500 /dev/null Output/shell.llvm.o.compile \
	  /usr/bin/clang -DSTDC_HEADERS=1 -DHAVE_SYS_TYPES_H=1 -DHAVE_SYS_STAT_H=1 -DHAVE_STDLIB_H=1 -DHAVE_STRING_H=1 -DHAVE_MEMORY_H=1 -DHAVE_STRINGS_H=1 -DHAVE_INTTYPES_H=1 -DHAVE_STDINT_H=1 -DHAVE_UNISTD_H=1 -DSQLITE_OMIT_LOAD_EXTENSION=1 -DSQLITE_THREADSAFE=0 -I. -I/home/ed/mcsema-testing/SANDBOX/test-2015-12-21_15-36-50/MultiSource/Applications/sqlite3 -I/home/ed/mcsema-testing/llvm-test-suite/MultiSource/Applications/sqlite3 -I/home/ed/mcsema-testing/llvm-test-suite/include -I../../..//include -D_GNU_SOURCE -D__STDC_LIMIT_MACROS -DNDEBUG  -O3  -m64 -fomit-frame-pointer -c /home/ed/mcsema-testing/llvm-test-suite/MultiSource/Applications/sqlite3/shell.c -o Output/shell.llvm.o
/home/ed/mcsema-testing/llvm-test-suite/RunSafely.sh --show-errors -t "/home/ed/mcsema-testing/SANDBOX/test-2015-12-21_15-36-50/tools/timeit" 500 /dev/null Output/sqlite3.llvm.o.compile \
	  /usr/bin/clang -DSTDC_HEADERS=1 -DHAVE_SYS_TYPES_H=1 -DHAVE_SYS_STAT_H=1 -DHAVE_STDLIB_H=1 -DHAVE_STRING_H=1 -DHAVE_MEMORY_H=1 -DHAVE_STRINGS_H=1 -DHAVE_INTTYPES_H=1 -DHAVE_STDINT_H=1 -DHAVE_UNISTD_H=1 -DSQLITE_OMIT_LOAD_EXTENSION=1 -DSQLITE_THREADSAFE=0 -I. -I/home/ed/mcsema-testing/SANDBOX/test-2015-12-21_15-36-50/MultiSource/Applications/sqlite3 -I/home/ed/mcsema-testing/llvm-test-suite/MultiSource/Applications/sqlite3 -I/home/ed/mcsema-testing/llvm-test-suite/include -I../../..//include -D_GNU_SOURCE -D__STDC_LIMIT_MACROS -DNDEBUG  -O3  -m64 -fomit-frame-pointer -c /home/ed/mcsema-testing/llvm-test-suite/MultiSource/Applications/sqlite3/sqlite3.c -o Output/sqlite3.llvm.o
/usr/bin/clang++ -o Output/sqlite3.simple Output/shell.llvm.o Output/sqlite3.llvm.o    -m64 -fomit-frame-pointer
/home/ed/mcsema-testing/llvm-test-suite/RunSafely.sh -t "/home/ed/mcsema-testing/SANDBOX/test-2015-12-21_15-36-50/tools/timeit-target" 500 /home/ed/mcsema-testing/llvm-test-suite/MultiSource/Applications/sqlite3/commands Output/sqlite3.out-simple Output/sqlite3.simple :memory:
cp Output/sqlite3.simple Output/sqlite3.simple-hash; \
	strip --remove-section=.comment --remove-section='.note*' Output/sqlite3.simple-hash; \
	/home/ed/mcsema-testing/llvm-test-suite/HashProgramOutput.sh Output/sqlite3.simple-hash
if [ -f "/home/ed/mcsema-testing/llvm-test-suite/MultiSource/Applications/sqlite3/sqlite3.reference_output.little-endian." ]; then \
	  cp /home/ed/mcsema-testing/llvm-test-suite/MultiSource/Applications/sqlite3/sqlite3.reference_output.little-endian. Output/sqlite3.out-nat; \
	elif [ -f "/home/ed/mcsema-testing/llvm-test-suite/MultiSource/Applications/sqlite3/sqlite3.reference_output." ]; then \
	  cp /home/ed/mcsema-testing/llvm-test-suite/MultiSource/Applications/sqlite3/sqlite3.reference_output. Output/sqlite3.out-nat; \
	elif [ -f "/home/ed/mcsema-testing/llvm-test-suite/MultiSource/Applications/sqlite3/sqlite3.reference_output.little-endian" ]; then \
	  cp /home/ed/mcsema-testing/llvm-test-suite/MultiSource/Applications/sqlite3/sqlite3.reference_output.little-endian Output/sqlite3.out-nat; \
	elif [ -f "/home/ed/mcsema-testing/llvm-test-suite/MultiSource/Applications/sqlite3/sqlite3.reference_output" ]; then \
	  cp /home/ed/mcsema-testing/llvm-test-suite/MultiSource/Applications/sqlite3/sqlite3.reference_output Output/sqlite3.out-nat; \
	else \
	  printf "WARNING: %s: %s\n" "NO REFERENCE OUTPUT (using default)" "/home/ed/mcsema-testing/llvm-test-suite/MultiSource/Applications/sqlite3/sqlite3.reference_output" > Output/sqlite3.out-nat; \
	  cp /home/ed/mcsema-testing/llvm-test-suite/default.reference_output Output/sqlite3.out-nat; \
	  cat Output/sqlite3.out-nat; \
	fi
# Pretend that the reference output was produced instantaneously.
cp /home/ed/mcsema-testing/llvm-test-suite/instant.txt Output/sqlite3.out-nat.time
/home/ed/mcsema-testing/llvm-test-suite/DiffOutput.sh "/home/ed/mcsema-testing/SANDBOX/test-2015-12-21_15-36-50/tools/fpcmp  -r 1.0e-9" simple sqlite3 
rm -f Output/sqlite3.exe-simple
cp Output/sqlite3.diff-simple Output/sqlite3.exe-simple
if test -f Output/sqlite3.extra-results.txt; then \
	  /home/ed/mcsema-testing/llvm-test-suite/ParseMultipleResults /home/ed/mcsema-testing/SANDBOX/test-2015-12-21_15-36-50/MultiSource/Applications/sqlite3/sqlite3 Output/sqlite3.extra-results.txt >> Output/sqlite3.simple.exec.report.txt; \
	fi
cat Output/sqlite3.simple.compile.report.txt Output/sqlite3.simple.exec.report.txt >> Output/sqlite3.simple.report.txt
---------------------------------------------------------------
>>> ========= '/home/ed/mcsema-testing/SANDBOX/test-2015-12-21_15-36-50/MultiSource/Applications/sqlite3/sqlite3' Program
---------------------------------------------------------------

TEST-PASS: compile /home/ed/mcsema-testing/SANDBOX/test-2015-12-21_15-36-50/MultiSource/Applications/sqlite3/sqlite3
TEST-RESULT-compile-success: pass
TEST-RESULT-compile-hash: 6ab91d9f7a72ed5bb9ef0cde87491fb2
TEST-RESULT-compile-time: user 13.885500
TEST-RESULT-compile-real-time: real 14.067300

TEST-PASS: exec /home/ed/mcsema-testing/SANDBOX/test-2015-12-21_15-36-50/MultiSource/Applications/sqlite3/sqlite3
TEST-RESULT-exec-success: pass
TEST-RESULT-exec-time: user       2.9695
TEST-RESULT-exec-real-time: real       3.0499
make[4]: Leaving directory `/home/ed/mcsema-testing/SANDBOX/test-2015-12-21_15-36-50/MultiSource/Applications/sqlite3'
make[4]: Entering directory `/home/ed/mcsema-testing/SANDBOX/test-2015-12-21_15-36-50/MultiSource/Applications/lemon'
/home/ed/mcsema-testing/llvm-test-suite/RunSafely.sh --show-errors -t "/home/ed/mcsema-testing/SANDBOX/test-2015-12-21_15-36-50/tools/timeit" 1500 /dev/null Output/lemon.llvm.o.compile \
	  /usr/bin/clang -I/home/ed/mcsema-testing/SANDBOX/test-2015-12-21_15-36-50/MultiSource/Applications/lemon -I/home/ed/mcsema-testing/llvm-test-suite/MultiSource/Applications/lemon -I/home/ed/mcsema-testing/llvm-test-suite/include -I../../..//include -D_GNU_SOURCE -D__STDC_LIMIT_MACROS -DNDEBUG  -O3  -m64 -fomit-frame-pointer -c /home/ed/mcsema-testing/llvm-test-suite/MultiSource/Applications/lemon/lemon.c -o Output/lemon.llvm.o
/usr/bin/clang++ -o Output/lemon.simple Output/lemon.llvm.o    -m64 -fomit-frame-pointer
/home/ed/mcsema-testing/llvm-test-suite/RunSafely.sh -t "/home/ed/mcsema-testing/SANDBOX/test-2015-12-21_15-36-50/tools/timeit-target" 1500 /dev/null Output/lemon.out-simple Output/lemon.simple /home/ed/mcsema-testing/llvm-test-suite/MultiSource/Applications/lemon/parse.y /home/ed/mcsema-testing/llvm-test-suite/MultiSource/Applications/lemon/example1.y /home/ed/mcsema-testing/llvm-test-suite/MultiSource/Applications/lemon/example2.y /home/ed/mcsema-testing/llvm-test-suite/MultiSource/Applications/lemon/example3.y /home/ed/mcsema-testing/llvm-test-suite/MultiSource/Applications/lemon/example4.y /home/ed/mcsema-testing/llvm-test-suite/MultiSource/Applications/lemon/example5.y /home/ed/mcsema-testing/llvm-test-suite/MultiSource/Applications/lemon/lighttpd_configparser.y /home/ed/mcsema-testing/llvm-test-suite/MultiSource/Applications/lemon/lighttpd_mod_ssi_exprparser.y /home/ed/mcsema-testing/llvm-test-suite/MultiSource/Applications/lemon/wireshark_dtd_grammar.lemon /home/ed/mcsema-testing/llvm-test-suite/MultiSource/Applications/lemon/wireshark_grammar.lemon /home/ed/mcsema-testing/llvm-test-suite/MultiSource/Applications/lemon/wireshark_mate_grammar.lemon /home/ed/mcsema-testing/llvm-test-suite/MultiSource/Applications/lemon/xapian_queryparser.lemony /home/ed/mcsema-testing/llvm-test-suite/MultiSource/Applications/lemon/ecmascript.y
/home/ed/mcsema-testing/llvm-test-suite/HashProgramOutput.sh Output/lemon.out-simple
cp Output/lemon.simple Output/lemon.simple-hash; \
	strip --remove-section=.comment --remove-section='.note*' Output/lemon.simple-hash; \
	/home/ed/mcsema-testing/llvm-test-suite/HashProgramOutput.sh Output/lemon.simple-hash
if [ -f "/home/ed/mcsema-testing/llvm-test-suite/MultiSource/Applications/lemon/lemon.reference_output.little-endian." ]; then \
	  cp /home/ed/mcsema-testing/llvm-test-suite/MultiSource/Applications/lemon/lemon.reference_output.little-endian. Output/lemon.out-nat; \
	elif [ -f "/home/ed/mcsema-testing/llvm-test-suite/MultiSource/Applications/lemon/lemon.reference_output." ]; then \
	  cp /home/ed/mcsema-testing/llvm-test-suite/MultiSource/Applications/lemon/lemon.reference_output. Output/lemon.out-nat; \
	elif [ -f "/home/ed/mcsema-testing/llvm-test-suite/MultiSource/Applications/lemon/lemon.reference_output.little-endian" ]; then \
	  cp /home/ed/mcsema-testing/llvm-test-suite/MultiSource/Applications/lemon/lemon.reference_output.little-endian Output/lemon.out-nat; \
	elif [ -f "/home/ed/mcsema-testing/llvm-test-suite/MultiSource/Applications/lemon/lemon.reference_output" ]; then \
	  cp /home/ed/mcsema-testing/llvm-test-suite/MultiSource/Applications/lemon/lemon.reference_output Output/lemon.out-nat; \
	else \
	  printf "WARNING: %s: %s\n" "NO REFERENCE OUTPUT (using default)" "/home/ed/mcsema-testing/llvm-test-suite/MultiSource/Applications/lemon/lemon.reference_output" > Output/lemon.out-nat; \
	  cp /home/ed/mcsema-testing/llvm-test-suite/default.reference_output Output/lemon.out-nat; \
	  cat Output/lemon.out-nat; \
	fi
# Pretend that the reference output was produced instantaneously.
cp /home/ed/mcsema-testing/llvm-test-suite/instant.txt Output/lemon.out-nat.time
/home/ed/mcsema-testing/llvm-test-suite/DiffOutput.sh "diff " simple lemon 
rm -f Output/lemon.exe-simple
cp Output/lemon.diff-simple Output/lemon.exe-simple
if test -f Output/lemon.extra-results.txt; then \
	  /home/ed/mcsema-testing/llvm-test-suite/ParseMultipleResults /home/ed/mcsema-testing/SANDBOX/test-2015-12-21_15-36-50/MultiSource/Applications/lemon/lemon Output/lemon.extra-results.txt >> Output/lemon.simple.exec.report.txt; \
	fi
cat Output/lemon.simple.compile.report.txt Output/lemon.simple.exec.report.txt >> Output/lemon.simple.report.txt
---------------------------------------------------------------
>>> ========= '/home/ed/mcsema-testing/SANDBOX/test-2015-12-21_15-36-50/MultiSource/Applications/lemon/lemon' Program
---------------------------------------------------------------

TEST-PASS: compile /home/ed/mcsema-testing/SANDBOX/test-2015-12-21_15-36-50/MultiSource/Applications/lemon/lemon
TEST-RESULT-compile-success: pass
TEST-RESULT-compile-hash: 7effd3e74afcf964fe527921f91bd064
TEST-RESULT-compile-time: user 0.766900
TEST-RESULT-compile-real-time: real 0.796200

TEST-PASS: exec /home/ed/mcsema-testing/SANDBOX/test-2015-12-21_15-36-50/MultiSource/Applications/lemon/lemon
TEST-RESULT-exec-success: pass
TEST-RESULT-exec-time: user       0.8474
TEST-RESULT-exec-real-time: real       1.1059
make[4]: Leaving directory `/home/ed/mcsema-testing/SANDBOX/test-2015-12-21_15-36-50/MultiSource/Applications/lemon'
make[4]: Entering directory `/home/ed/mcsema-testing/SANDBOX/test-2015-12-21_15-36-50/MultiSource/Applications/lambda-0.1.3'
/home/ed/mcsema-testing/llvm-test-suite/RunSafely.sh --show-errors -t "/home/ed/mcsema-testing/SANDBOX/test-2015-12-21_15-36-50/tools/timeit" 500 /dev/null Output/lambda.llvm.o.compile \
	  /usr/bin/clang++ -I/home/ed/mcsema-testing/SANDBOX/test-2015-12-21_15-36-50/MultiSource/Applications/lambda-0.1.3 -I/home/ed/mcsema-testing/llvm-test-suite/MultiSource/Applications/lambda-0.1.3 -I/home/ed/mcsema-testing/llvm-test-suite/include -I../../../include -D_GNU_SOURCE -D__STDC_LIMIT_MACROS -DNDEBUG  -O3  -m64 -fomit-frame-pointer -c /home/ed/mcsema-testing/llvm-test-suite/MultiSource/Applications/lambda-0.1.3/lambda.cc -o Output/lambda.llvm.o
/home/ed/mcsema-testing/llvm-test-suite/RunSafely.sh --show-errors -t "/home/ed/mcsema-testing/SANDBOX/test-2015-12-21_15-36-50/tools/timeit" 500 /dev/null Output/node.llvm.o.compile \
	  /usr/bin/clang++ -I/home/ed/mcsema-testing/SANDBOX/test-2015-12-21_15-36-50/MultiSource/Applications/lambda-0.1.3 -I/home/ed/mcsema-testing/llvm-test-suite/MultiSource/Applications/lambda-0.1.3 -I/home/ed/mcsema-testing/llvm-test-suite/include -I../../../include -D_GNU_SOURCE -D__STDC_LIMIT_MACROS -DNDEBUG  -O3  -m64 -fomit-frame-pointer -c /home/ed/mcsema-testing/llvm-test-suite/MultiSource/Applications/lambda-0.1.3/node.cc -o Output/node.llvm.o
/home/ed/mcsema-testing/llvm-test-suite/RunSafely.sh --show-errors -t "/home/ed/mcsema-testing/SANDBOX/test-2015-12-21_15-36-50/tools/timeit" 500 /dev/null Output/parse.llvm.o.compile \
	  /usr/bin/clang++ -I/home/ed/mcsema-testing/SANDBOX/test-2015-12-21_15-36-50/MultiSource/Applications/lambda-0.1.3 -I/home/ed/mcsema-testing/llvm-test-suite/MultiSource/Applications/lambda-0.1.3 -I/home/ed/mcsema-testing/llvm-test-suite/include -I../../../include -D_GNU_SOURCE -D__STDC_LIMIT_MACROS -DNDEBUG  -O3  -m64 -fomit-frame-pointer -c /home/ed/mcsema-testing/llvm-test-suite/MultiSource/Applications/lambda-0.1.3/parse.cc -o Output/parse.llvm.o
/home/ed/mcsema-testing/llvm-test-suite/RunSafely.sh --show-errors -t "/home/ed/mcsema-testing/SANDBOX/test-2015-12-21_15-36-50/tools/timeit" 500 /dev/null Output/token_stream.llvm.o.compile \
	  /usr/bin/clang++ -I/home/ed/mcsema-testing/SANDBOX/test-2015-12-21_15-36-50/MultiSource/Applications/lambda-0.1.3 -I/home/ed/mcsema-testing/llvm-test-suite/MultiSource/Applications/lambda-0.1.3 -I/home/ed/mcsema-testing/llvm-test-suite/include -I../../../include -D_GNU_SOURCE -D__STDC_LIMIT_MACROS -DNDEBUG  -O3  -m64 -fomit-frame-pointer -c /home/ed/mcsema-testing/llvm-test-suite/MultiSource/Applications/lambda-0.1.3/token_stream.cc -o Output/token_stream.llvm.o
/usr/bin/clang++ -o Output/lambda.simple Output/lambda.llvm.o Output/node.llvm.o Output/parse.llvm.o Output/token_stream.llvm.o -lstdc++   -m64 -fomit-frame-pointer
/home/ed/mcsema-testing/llvm-test-suite/RunSafely.sh -t "/home/ed/mcsema-testing/SANDBOX/test-2015-12-21_15-36-50/tools/timeit-target" 500 /home/ed/mcsema-testing/llvm-test-suite/MultiSource/Applications/lambda-0.1.3/input Output/lambda.out-simple Output/lambda.simple 
cp Output/lambda.simple Output/lambda.simple-hash; \
	strip --remove-section=.comment --remove-section='.note*' Output/lambda.simple-hash; \
	/home/ed/mcsema-testing/llvm-test-suite/HashProgramOutput.sh Output/lambda.simple-hash
if [ -f "/home/ed/mcsema-testing/llvm-test-suite/MultiSource/Applications/lambda-0.1.3/lambda.reference_output.little-endian." ]; then \
	  cp /home/ed/mcsema-testing/llvm-test-suite/MultiSource/Applications/lambda-0.1.3/lambda.reference_output.little-endian. Output/lambda.out-nat; \
	elif [ -f "/home/ed/mcsema-testing/llvm-test-suite/MultiSource/Applications/lambda-0.1.3/lambda.reference_output." ]; then \
	  cp /home/ed/mcsema-testing/llvm-test-suite/MultiSource/Applications/lambda-0.1.3/lambda.reference_output. Output/lambda.out-nat; \
	elif [ -f "/home/ed/mcsema-testing/llvm-test-suite/MultiSource/Applications/lambda-0.1.3/lambda.reference_output.little-endian" ]; then \
	  cp /home/ed/mcsema-testing/llvm-test-suite/MultiSource/Applications/lambda-0.1.3/lambda.reference_output.little-endian Output/lambda.out-nat; \
	elif [ -f "/home/ed/mcsema-testing/llvm-test-suite/MultiSource/Applications/lambda-0.1.3/lambda.reference_output" ]; then \
	  cp /home/ed/mcsema-testing/llvm-test-suite/MultiSource/Applications/lambda-0.1.3/lambda.reference_output Output/lambda.out-nat; \
	else \
	  printf "WARNING: %s: %s\n" "NO REFERENCE OUTPUT (using default)" "/home/ed/mcsema-testing/llvm-test-suite/MultiSource/Applications/lambda-0.1.3/lambda.reference_output" > Output/lambda.out-nat; \
	  cp /home/ed/mcsema-testing/llvm-test-suite/default.reference_output Output/lambda.out-nat; \
	  cat Output/lambda.out-nat; \
	fi
# Pretend that the reference output was produced instantaneously.
cp /home/ed/mcsema-testing/llvm-test-suite/instant.txt Output/lambda.out-nat.time
/home/ed/mcsema-testing/llvm-test-suite/DiffOutput.sh "/home/ed/mcsema-testing/SANDBOX/test-2015-12-21_15-36-50/tools/fpcmp " simple lambda 
rm -f Output/lambda.exe-simple
cp Output/lambda.diff-simple Output/lambda.exe-simple
if test -f Output/lambda.extra-results.txt; then \
	  /home/ed/mcsema-testing/llvm-test-suite/ParseMultipleResults /home/ed/mcsema-testing/SANDBOX/test-2015-12-21_15-36-50/MultiSource/Applications/lambda-0.1.3/lambda Output/lambda.extra-results.txt >> Output/lambda.simple.exec.report.txt; \
	fi
cat Output/lambda.simple.compile.report.txt Output/lambda.simple.exec.report.txt >> Output/lambda.simple.report.txt
---------------------------------------------------------------
>>> ========= '/home/ed/mcsema-testing/SANDBOX/test-2015-12-21_15-36-50/MultiSource/Applications/lambda-0.1.3/lambda' Program
---------------------------------------------------------------

TEST-PASS: compile /home/ed/mcsema-testing/SANDBOX/test-2015-12-21_15-36-50/MultiSource/Applications/lambda-0.1.3/lambda
TEST-RESULT-compile-success: pass
TEST-RESULT-compile-hash: 412a1601361e91011437843f5b1c7f86
TEST-RESULT-compile-time: user 0.505300
TEST-RESULT-compile-real-time: real 0.578800

TEST-PASS: exec /home/ed/mcsema-testing/SANDBOX/test-2015-12-21_15-36-50/MultiSource/Applications/lambda-0.1.3/lambda
TEST-RESULT-exec-success: pass
TEST-RESULT-exec-time: user       3.5042
TEST-RESULT-exec-real-time: real       3.5113
make[4]: Leaving directory `/home/ed/mcsema-testing/SANDBOX/test-2015-12-21_15-36-50/MultiSource/Applications/lambda-0.1.3'
make[4]: Entering directory `/home/ed/mcsema-testing/SANDBOX/test-2015-12-21_15-36-50/MultiSource/Applications/hbd'
/home/ed/mcsema-testing/llvm-test-suite/RunSafely.sh --show-errors -t "/home/ed/mcsema-testing/SANDBOX/test-2015-12-21_15-36-50/tools/timeit" 500 /dev/null Output/access.llvm.o.compile \
	  /usr/bin/clang++ -DHAVE_CONFIG_H -I/home/ed/mcsema-testing/SANDBOX/test-2015-12-21_15-36-50/MultiSource/Applications/hbd -I/home/ed/mcsema-testing/llvm-test-suite/MultiSource/Applications/hbd -I/home/ed/mcsema-testing/llvm-test-suite/include -I../../../include -D_GNU_SOURCE -D__STDC_LIMIT_MACROS -DNDEBUG  -O3  -m64 -fomit-frame-pointer -c /home/ed/mcsema-testing/llvm-test-suite/MultiSource/Applications/hbd/access.cpp -o Output/access.llvm.o
/home/ed/mcsema-testing/llvm-test-suite/RunSafely.sh --show-errors -t "/home/ed/mcsema-testing/SANDBOX/test-2015-12-21_15-36-50/tools/timeit" 500 /dev/null Output/class.llvm.o.compile \
	  /usr/bin/clang++ -DHAVE_CONFIG_H -I/home/ed/mcsema-testing/SANDBOX/test-2015-12-21_15-36-50/MultiSource/Applications/hbd -I/home/ed/mcsema-testing/llvm-test-suite/MultiSource/Applications/hbd -I/home/ed/mcsema-testing/llvm-test-suite/include -I../../../include -D_GNU_SOURCE -D__STDC_LIMIT_MACROS -DNDEBUG  -O3  -m64 -fomit-frame-pointer -c /home/ed/mcsema-testing/llvm-test-suite/MultiSource/Applications/hbd/class.cpp -o Output/class.llvm.o
/home/ed/mcsema-testing/llvm-test-suite/RunSafely.sh --show-errors -t "/home/ed/mcsema-testing/SANDBOX/test-2015-12-21_15-36-50/tools/timeit" 500 /dev/null Output/cp.llvm.o.compile \
	  /usr/bin/clang++ -DHAVE_CONFIG_H -I/home/ed/mcsema-testing/SANDBOX/test-2015-12-21_15-36-50/MultiSource/Applications/hbd -I/home/ed/mcsema-testing/llvm-test-suite/MultiSource/Applications/hbd -I/home/ed/mcsema-testing/llvm-test-suite/include -I../../../include -D_GNU_SOURCE -D__STDC_LIMIT_MACROS -DNDEBUG  -O3  -m64 -fomit-frame-pointer -c /home/ed/mcsema-testing/llvm-test-suite/MultiSource/Applications/hbd/cp.cpp -o Output/cp.llvm.o
/home/ed/mcsema-testing/llvm-test-suite/RunSafely.sh --show-errors -t "/home/ed/mcsema-testing/SANDBOX/test-2015-12-21_15-36-50/tools/timeit" 500 /dev/null Output/d1-pushc.llvm.o.compile \
	  /usr/bin/clang++ -DHAVE_CONFIG_H -I/home/ed/mcsema-testing/SANDBOX/test-2015-12-21_15-36-50/MultiSource/Applications/hbd -I/home/ed/mcsema-testing/llvm-test-suite/MultiSource/Applications/hbd -I/home/ed/mcsema-testing/llvm-test-suite/include -I../../../include -D_GNU_SOURCE -D__STDC_LIMIT_MACROS -DNDEBUG  -O3  -m64 -fomit-frame-pointer -c /home/ed/mcsema-testing/llvm-test-suite/MultiSource/Applications/hbd/d1-pushc.cpp -o Output/d1-pushc.llvm.o
/home/ed/mcsema-testing/llvm-test-suite/RunSafely.sh --show-errors -t "/home/ed/mcsema-testing/SANDBOX/test-2015-12-21_15-36-50/tools/timeit" 500 /dev/null Output/d2-pushl.llvm.o.compile \
	  /usr/bin/clang++ -DHAVE_CONFIG_H -I/home/ed/mcsema-testing/SANDBOX/test-2015-12-21_15-36-50/MultiSource/Applications/hbd -I/home/ed/mcsema-testing/llvm-test-suite/MultiSource/Applications/hbd -I/home/ed/mcsema-testing/llvm-test-suite/include -I../../../include -D_GNU_SOURCE -D__STDC_LIMIT_MACROS -DNDEBUG  -O3  -m64 -fomit-frame-pointer -c /home/ed/mcsema-testing/llvm-test-suite/MultiSource/Applications/hbd/d2-pushl.cpp -o Output/d2-pushl.llvm.o
/home/ed/mcsema-testing/llvm-test-suite/RunSafely.sh --show-errors -t "/home/ed/mcsema-testing/SANDBOX/test-2015-12-21_15-36-50/tools/timeit" 500 /dev/null Output/d3-popl.llvm.o.compile \
	  /usr/bin/clang++ -DHAVE_CONFIG_H -I/home/ed/mcsema-testing/SANDBOX/test-2015-12-21_15-36-50/MultiSource/Applications/hbd -I/home/ed/mcsema-testing/llvm-test-suite/MultiSource/Applications/hbd -I/home/ed/mcsema-testing/llvm-test-suite/include -I../../../include -D_GNU_SOURCE -D__STDC_LIMIT_MACROS -DNDEBUG  -O3  -m64 -fomit-frame-pointer -c /home/ed/mcsema-testing/llvm-test-suite/MultiSource/Applications/hbd/d3-popl.cpp -o Output/d3-popl.llvm.o
/home/ed/mcsema-testing/llvm-test-suite/RunSafely.sh --show-errors -t "/home/ed/mcsema-testing/SANDBOX/test-2015-12-21_15-36-50/tools/timeit" 500 /dev/null Output/d4-array.llvm.o.compile \
	  /usr/bin/clang++ -DHAVE_CONFIG_H -I/home/ed/mcsema-testing/SANDBOX/test-2015-12-21_15-36-50/MultiSource/Applications/hbd -I/home/ed/mcsema-testing/llvm-test-suite/MultiSource/Applications/hbd -I/home/ed/mcsema-testing/llvm-test-suite/include -I../../../include -D_GNU_SOURCE -D__STDC_LIMIT_MACROS -DNDEBUG  -O3  -m64 -fomit-frame-pointer -c /home/ed/mcsema-testing/llvm-test-suite/MultiSource/Applications/hbd/d4-array.cpp -o Output/d4-array.llvm.o
/home/ed/mcsema-testing/llvm-test-suite/RunSafely.sh --show-errors -t "/home/ed/mcsema-testing/SANDBOX/test-2015-12-21_15-36-50/tools/timeit" 500 /dev/null Output/d5-stack.llvm.o.compile \
	  /usr/bin/clang++ -DHAVE_CONFIG_H -I/home/ed/mcsema-testing/SANDBOX/test-2015-12-21_15-36-50/MultiSource/Applications/hbd -I/home/ed/mcsema-testing/llvm-test-suite/MultiSource/Applications/hbd -I/home/ed/mcsema-testing/llvm-test-suite/include -I../../../include -D_GNU_SOURCE -D__STDC_LIMIT_MACROS -DNDEBUG  -O3  -m64 -fomit-frame-pointer -c /home/ed/mcsema-testing/llvm-test-suite/MultiSource/Applications/hbd/d5-stack.cpp -o Output/d5-stack.llvm.o
/home/ed/mcsema-testing/llvm-test-suite/RunSafely.sh --show-errors -t "/home/ed/mcsema-testing/SANDBOX/test-2015-12-21_15-36-50/tools/timeit" 500 /dev/null Output/d6-arith.llvm.o.compile \
	  /usr/bin/clang++ -DHAVE_CONFIG_H -I/home/ed/mcsema-testing/SANDBOX/test-2015-12-21_15-36-50/MultiSource/Applications/hbd -I/home/ed/mcsema-testing/llvm-test-suite/MultiSource/Applications/hbd -I/home/ed/mcsema-testing/llvm-test-suite/include -I../../../include -D_GNU_SOURCE -D__STDC_LIMIT_MACROS -DNDEBUG  -O3  -m64 -fomit-frame-pointer -c /home/ed/mcsema-testing/llvm-test-suite/MultiSource/Applications/hbd/d6-arith.cpp -o Output/d6-arith.llvm.o
/home/ed/mcsema-testing/llvm-test-suite/RunSafely.sh --show-errors -t "/home/ed/mcsema-testing/SANDBOX/test-2015-12-21_15-36-50/tools/timeit" 500 /dev/null Output/d7-cntrl.llvm.o.compile \
	  /usr/bin/clang++ -DHAVE_CONFIG_H -I/home/ed/mcsema-testing/SANDBOX/test-2015-12-21_15-36-50/MultiSource/Applications/hbd -I/home/ed/mcsema-testing/llvm-test-suite/MultiSource/Applications/hbd -I/home/ed/mcsema-testing/llvm-test-suite/include -I../../../include -D_GNU_SOURCE -D__STDC_LIMIT_MACROS -DNDEBUG  -O3  -m64 -fomit-frame-pointer -c /home/ed/mcsema-testing/llvm-test-suite/MultiSource/Applications/hbd/d7-cntrl.cpp -o Output/d7-cntrl.llvm.o
/home/ed/mcsema-testing/llvm-test-suite/RunSafely.sh --show-errors -t "/home/ed/mcsema-testing/SANDBOX/test-2015-12-21_15-36-50/tools/timeit" 500 /dev/null Output/d8-ret.llvm.o.compile \
	  /usr/bin/clang++ -DHAVE_CONFIG_H -I/home/ed/mcsema-testing/SANDBOX/test-2015-12-21_15-36-50/MultiSource/Applications/hbd -I/home/ed/mcsema-testing/llvm-test-suite/MultiSource/Applications/hbd -I/home/ed/mcsema-testing/llvm-test-suite/include -I../../../include -D_GNU_SOURCE -D__STDC_LIMIT_MACROS -DNDEBUG  -O3  -m64 -fomit-frame-pointer -c /home/ed/mcsema-testing/llvm-test-suite/MultiSource/Applications/hbd/d8-ret.cpp -o Output/d8-ret.llvm.o
/home/ed/mcsema-testing/llvm-test-suite/RunSafely.sh --show-errors -t "/home/ed/mcsema-testing/SANDBOX/test-2015-12-21_15-36-50/tools/timeit" 500 /dev/null Output/d9-swtch.llvm.o.compile \
	  /usr/bin/clang++ -DHAVE_CONFIG_H -I/home/ed/mcsema-testing/SANDBOX/test-2015-12-21_15-36-50/MultiSource/Applications/hbd -I/home/ed/mcsema-testing/llvm-test-suite/MultiSource/Applications/hbd -I/home/ed/mcsema-testing/llvm-test-suite/include -I../../../include -D_GNU_SOURCE -D__STDC_LIMIT_MACROS -DNDEBUG  -O3  -m64 -fomit-frame-pointer -c /home/ed/mcsema-testing/llvm-test-suite/MultiSource/Applications/hbd/d9-swtch.cpp -o Output/d9-swtch.llvm.o
/home/ed/mcsema-testing/llvm-test-suite/RunSafely.sh --show-errors -t "/home/ed/mcsema-testing/SANDBOX/test-2015-12-21_15-36-50/tools/timeit" 500 /dev/null Output/da-field.llvm.o.compile \
	  /usr/bin/clang++ -DHAVE_CONFIG_H -I/home/ed/mcsema-testing/SANDBOX/test-2015-12-21_15-36-50/MultiSource/Applications/hbd -I/home/ed/mcsema-testing/llvm-test-suite/MultiSource/Applications/hbd -I/home/ed/mcsema-testing/llvm-test-suite/include -I../../../include -D_GNU_SOURCE -D__STDC_LIMIT_MACROS -DNDEBUG  -O3  -m64 -fomit-frame-pointer -c /home/ed/mcsema-testing/llvm-test-suite/MultiSource/Applications/hbd/da-field.cpp -o Output/da-field.llvm.o
/home/ed/mcsema-testing/llvm-test-suite/RunSafely.sh --show-errors -t "/home/ed/mcsema-testing/SANDBOX/test-2015-12-21_15-36-50/tools/timeit" 500 /dev/null Output/db-meth.llvm.o.compile \
	  /usr/bin/clang++ -DHAVE_CONFIG_H -I/home/ed/mcsema-testing/SANDBOX/test-2015-12-21_15-36-50/MultiSource/Applications/hbd -I/home/ed/mcsema-testing/llvm-test-suite/MultiSource/Applications/hbd -I/home/ed/mcsema-testing/llvm-test-suite/include -I../../../include -D_GNU_SOURCE -D__STDC_LIMIT_MACROS -DNDEBUG  -O3  -m64 -fomit-frame-pointer -c /home/ed/mcsema-testing/llvm-test-suite/MultiSource/Applications/hbd/db-meth.cpp -o Output/db-meth.llvm.o
/home/ed/mcsema-testing/llvm-test-suite/RunSafely.sh --show-errors -t "/home/ed/mcsema-testing/SANDBOX/test-2015-12-21_15-36-50/tools/timeit" 500 /dev/null Output/dc-misc.llvm.o.compile \
	  /usr/bin/clang++ -DHAVE_CONFIG_H -I/home/ed/mcsema-testing/SANDBOX/test-2015-12-21_15-36-50/MultiSource/Applications/hbd -I/home/ed/mcsema-testing/llvm-test-suite/MultiSource/Applications/hbd -I/home/ed/mcsema-testing/llvm-test-suite/include -I../../../include -D_GNU_SOURCE -D__STDC_LIMIT_MACROS -DNDEBUG  -O3  -m64 -fomit-frame-pointer -c /home/ed/mcsema-testing/llvm-test-suite/MultiSource/Applications/hbd/dc-misc.cpp -o Output/dc-misc.llvm.o
/home/ed/mcsema-testing/llvm-test-suite/RunSafely.sh --show-errors -t "/home/ed/mcsema-testing/SANDBOX/test-2015-12-21_15-36-50/tools/timeit" 500 /dev/null Output/decomp.llvm.o.compile \
	  /usr/bin/clang++ -DHAVE_CONFIG_H -I/home/ed/mcsema-testing/SANDBOX/test-2015-12-21_15-36-50/MultiSource/Applications/hbd -I/home/ed/mcsema-testing/llvm-test-suite/MultiSource/Applications/hbd -I/home/ed/mcsema-testing/llvm-test-suite/include -I../../../include -D_GNU_SOURCE -D__STDC_LIMIT_MACROS -DNDEBUG  -O3  -m64 -fomit-frame-pointer -c /home/ed/mcsema-testing/llvm-test-suite/MultiSource/Applications/hbd/decomp.cpp -o Output/decomp.llvm.o
/home/ed/mcsema-testing/llvm-test-suite/RunSafely.sh --show-errors -t "/home/ed/mcsema-testing/SANDBOX/test-2015-12-21_15-36-50/tools/timeit" 500 /dev/null Output/err.llvm.o.compile \
	  /usr/bin/clang++ -DHAVE_CONFIG_H -I/home/ed/mcsema-testing/SANDBOX/test-2015-12-21_15-36-50/MultiSource/Applications/hbd -I/home/ed/mcsema-testing/llvm-test-suite/MultiSource/Applications/hbd -I/home/ed/mcsema-testing/llvm-test-suite/include -I../../../include -D_GNU_SOURCE -D__STDC_LIMIT_MACROS -DNDEBUG  -O3  -m64 -fomit-frame-pointer -c /home/ed/mcsema-testing/llvm-test-suite/MultiSource/Applications/hbd/err.cpp -o Output/err.llvm.o
/home/ed/mcsema-testing/llvm-test-suite/RunSafely.sh --show-errors -t "/home/ed/mcsema-testing/SANDBOX/test-2015-12-21_15-36-50/tools/timeit" 500 /dev/null Output/exp.llvm.o.compile \
	  /usr/bin/clang++ -DHAVE_CONFIG_H -I/home/ed/mcsema-testing/SANDBOX/test-2015-12-21_15-36-50/MultiSource/Applications/hbd -I/home/ed/mcsema-testing/llvm-test-suite/MultiSource/Applications/hbd -I/home/ed/mcsema-testing/llvm-test-suite/include -I../../../include -D_GNU_SOURCE -D__STDC_LIMIT_MACROS -DNDEBUG  -O3  -m64 -fomit-frame-pointer -c /home/ed/mcsema-testing/llvm-test-suite/MultiSource/Applications/hbd/exp.cpp -o Output/exp.llvm.o
/home/ed/mcsema-testing/llvm-test-suite/RunSafely.sh --show-errors -t "/home/ed/mcsema-testing/SANDBOX/test-2015-12-21_15-36-50/tools/timeit" 500 /dev/null Output/hbd.llvm.o.compile \
	  /usr/bin/clang++ -DHAVE_CONFIG_H -I/home/ed/mcsema-testing/SANDBOX/test-2015-12-21_15-36-50/MultiSource/Applications/hbd -I/home/ed/mcsema-testing/llvm-test-suite/MultiSource/Applications/hbd -I/home/ed/mcsema-testing/llvm-test-suite/include -I../../../include -D_GNU_SOURCE -D__STDC_LIMIT_MACROS -DNDEBUG  -O3  -m64 -fomit-frame-pointer -c /home/ed/mcsema-testing/llvm-test-suite/MultiSource/Applications/hbd/hbd.cpp -o Output/hbd.llvm.o
/home/ed/mcsema-testing/llvm-test-suite/RunSafely.sh --show-errors -t "/home/ed/mcsema-testing/SANDBOX/test-2015-12-21_15-36-50/tools/timeit" 500 /dev/null Output/id.llvm.o.compile \
	  /usr/bin/clang++ -DHAVE_CONFIG_H -I/home/ed/mcsema-testing/SANDBOX/test-2015-12-21_15-36-50/MultiSource/Applications/hbd -I/home/ed/mcsema-testing/llvm-test-suite/MultiSource/Applications/hbd -I/home/ed/mcsema-testing/llvm-test-suite/include -I../../../include -D_GNU_SOURCE -D__STDC_LIMIT_MACROS -DNDEBUG  -O3  -m64 -fomit-frame-pointer -c /home/ed/mcsema-testing/llvm-test-suite/MultiSource/Applications/hbd/id.cpp -o Output/id.llvm.o
/home/ed/mcsema-testing/llvm-test-suite/RunSafely.sh --show-errors -t "/home/ed/mcsema-testing/SANDBOX/test-2015-12-21_15-36-50/tools/timeit" 500 /dev/null Output/op.llvm.o.compile \
	  /usr/bin/clang++ -DHAVE_CONFIG_H -I/home/ed/mcsema-testing/SANDBOX/test-2015-12-21_15-36-50/MultiSource/Applications/hbd -I/home/ed/mcsema-testing/llvm-test-suite/MultiSource/Applications/hbd -I/home/ed/mcsema-testing/llvm-test-suite/include -I../../../include -D_GNU_SOURCE -D__STDC_LIMIT_MACROS -DNDEBUG  -O3  -m64 -fomit-frame-pointer -c /home/ed/mcsema-testing/llvm-test-suite/MultiSource/Applications/hbd/op.cpp -o Output/op.llvm.o
/home/ed/mcsema-testing/llvm-test-suite/RunSafely.sh --show-errors -t "/home/ed/mcsema-testing/SANDBOX/test-2015-12-21_15-36-50/tools/timeit" 500 /dev/null Output/sig.llvm.o.compile \
	  /usr/bin/clang++ -DHAVE_CONFIG_H -I/home/ed/mcsema-testing/SANDBOX/test-2015-12-21_15-36-50/MultiSource/Applications/hbd -I/home/ed/mcsema-testing/llvm-test-suite/MultiSource/Applications/hbd -I/home/ed/mcsema-testing/llvm-test-suite/include -I../../../include -D_GNU_SOURCE -D__STDC_LIMIT_MACROS -DNDEBUG  -O3  -m64 -fomit-frame-pointer -c /home/ed/mcsema-testing/llvm-test-suite/MultiSource/Applications/hbd/sig.cpp -o Output/sig.llvm.o
/home/ed/mcsema-testing/llvm-test-suite/RunSafely.sh --show-errors -t "/home/ed/mcsema-testing/SANDBOX/test-2015-12-21_15-36-50/tools/timeit" 500 /dev/null Output/version.llvm.o.compile \
	  /usr/bin/clang++ -DHAVE_CONFIG_H -I/home/ed/mcsema-testing/SANDBOX/test-2015-12-21_15-36-50/MultiSource/Applications/hbd -I/home/ed/mcsema-testing/llvm-test-suite/MultiSource/Applications/hbd -I/home/ed/mcsema-testing/llvm-test-suite/include -I../../../include -D_GNU_SOURCE -D__STDC_LIMIT_MACROS -DNDEBUG  -O3  -m64 -fomit-frame-pointer -c /home/ed/mcsema-testing/llvm-test-suite/MultiSource/Applications/hbd/version.cpp -o Output/version.llvm.o
/usr/bin/clang++ -o Output/hbd.simple Output/access.llvm.o Output/class.llvm.o Output/cp.llvm.o Output/d1-pushc.llvm.o Output/d2-pushl.llvm.o Output/d3-popl.llvm.o Output/d4-array.llvm.o Output/d5-stack.llvm.o Output/d6-arith.llvm.o Output/d7-cntrl.llvm.o Output/d8-ret.llvm.o Output/d9-swtch.llvm.o Output/da-field.llvm.o Output/db-meth.llvm.o Output/dc-misc.llvm.o Output/decomp.llvm.o Output/err.llvm.o Output/exp.llvm.o Output/hbd.llvm.o Output/id.llvm.o Output/op.llvm.o Output/sig.llvm.o Output/version.llvm.o -lstdc++   -m64 -fomit-frame-pointer
/home/ed/mcsema-testing/llvm-test-suite/RunSafely.sh -t "/home/ed/mcsema-testing/SANDBOX/test-2015-12-21_15-36-50/tools/timeit-target" 500 /dev/null Output/hbd.out-simple Output/hbd.simple /home/ed/mcsema-testing/llvm-test-suite/MultiSource/Applications/hbd/Sort.class
cp Output/hbd.simple Output/hbd.simple-hash; \
	strip --remove-section=.comment --remove-section='.note*' Output/hbd.simple-hash; \
	/home/ed/mcsema-testing/llvm-test-suite/HashProgramOutput.sh Output/hbd.simple-hash
if [ -f "/home/ed/mcsema-testing/llvm-test-suite/MultiSource/Applications/hbd/hbd.reference_output.little-endian." ]; then \
	  cp /home/ed/mcsema-testing/llvm-test-suite/MultiSource/Applications/hbd/hbd.reference_output.little-endian. Output/hbd.out-nat; \
	elif [ -f "/home/ed/mcsema-testing/llvm-test-suite/MultiSource/Applications/hbd/hbd.reference_output." ]; then \
	  cp /home/ed/mcsema-testing/llvm-test-suite/MultiSource/Applications/hbd/hbd.reference_output. Output/hbd.out-nat; \
	elif [ -f "/home/ed/mcsema-testing/llvm-test-suite/MultiSource/Applications/hbd/hbd.reference_output.little-endian" ]; then \
	  cp /home/ed/mcsema-testing/llvm-test-suite/MultiSource/Applications/hbd/hbd.reference_output.little-endian Output/hbd.out-nat; \
	elif [ -f "/home/ed/mcsema-testing/llvm-test-suite/MultiSource/Applications/hbd/hbd.reference_output" ]; then \
	  cp /home/ed/mcsema-testing/llvm-test-suite/MultiSource/Applications/hbd/hbd.reference_output Output/hbd.out-nat; \
	else \
	  printf "WARNING: %s: %s\n" "NO REFERENCE OUTPUT (using default)" "/home/ed/mcsema-testing/llvm-test-suite/MultiSource/Applications/hbd/hbd.reference_output" > Output/hbd.out-nat; \
	  cp /home/ed/mcsema-testing/llvm-test-suite/default.reference_output Output/hbd.out-nat; \
	  cat Output/hbd.out-nat; \
	fi
# Pretend that the reference output was produced instantaneously.
cp /home/ed/mcsema-testing/llvm-test-suite/instant.txt Output/hbd.out-nat.time
/home/ed/mcsema-testing/llvm-test-suite/DiffOutput.sh "/home/ed/mcsema-testing/SANDBOX/test-2015-12-21_15-36-50/tools/fpcmp " simple hbd 
rm -f Output/hbd.exe-simple
cp Output/hbd.diff-simple Output/hbd.exe-simple
if test -f Output/hbd.extra-results.txt; then \
	  /home/ed/mcsema-testing/llvm-test-suite/ParseMultipleResults /home/ed/mcsema-testing/SANDBOX/test-2015-12-21_15-36-50/MultiSource/Applications/hbd/hbd Output/hbd.extra-results.txt >> Output/hbd.simple.exec.report.txt; \
	fi
cat Output/hbd.simple.compile.report.txt Output/hbd.simple.exec.report.txt >> Output/hbd.simple.report.txt
---------------------------------------------------------------
>>> ========= '/home/ed/mcsema-testing/SANDBOX/test-2015-12-21_15-36-50/MultiSource/Applications/hbd/hbd' Program
---------------------------------------------------------------

TEST-PASS: compile /home/ed/mcsema-testing/SANDBOX/test-2015-12-21_15-36-50/MultiSource/Applications/hbd/hbd
TEST-RESULT-compile-success: pass
TEST-RESULT-compile-hash: a5c17fc50085617d6985158e5751c0e4
TEST-RESULT-compile-time: user 1.335000
TEST-RESULT-compile-real-time: real 1.705600

TEST-PASS: exec /home/ed/mcsema-testing/SANDBOX/test-2015-12-21_15-36-50/MultiSource/Applications/hbd/hbd
TEST-RESULT-exec-success: pass
TEST-RESULT-exec-time: user       0.0019
TEST-RESULT-exec-real-time: real       0.0030
make[4]: Leaving directory `/home/ed/mcsema-testing/SANDBOX/test-2015-12-21_15-36-50/MultiSource/Applications/hbd'
make[4]: Entering directory `/home/ed/mcsema-testing/SANDBOX/test-2015-12-21_15-36-50/MultiSource/Applications/hexxagon'
/home/ed/mcsema-testing/llvm-test-suite/RunSafely.sh --show-errors -t "/home/ed/mcsema-testing/SANDBOX/test-2015-12-21_15-36-50/tools/timeit" 500 /dev/null Output/bitboard64.llvm.o.compile \
	  /usr/bin/clang++ -I/home/ed/mcsema-testing/SANDBOX/test-2015-12-21_15-36-50/MultiSource/Applications/hexxagon -I/home/ed/mcsema-testing/llvm-test-suite/MultiSource/Applications/hexxagon -I/home/ed/mcsema-testing/llvm-test-suite/include -I../../../include -D_GNU_SOURCE -D__STDC_LIMIT_MACROS -DNDEBUG  -O3  -m64 -fomit-frame-pointer -c /home/ed/mcsema-testing/llvm-test-suite/MultiSource/Applications/hexxagon/bitboard64.cpp -o Output/bitboard64.llvm.o
/home/ed/mcsema-testing/llvm-test-suite/RunSafely.sh --show-errors -t "/home/ed/mcsema-testing/SANDBOX/test-2015-12-21_15-36-50/tools/timeit" 500 /dev/null Output/hexxagon.llvm.o.compile \
	  /usr/bin/clang++ -I/home/ed/mcsema-testing/SANDBOX/test-2015-12-21_15-36-50/MultiSource/Applications/hexxagon -I/home/ed/mcsema-testing/llvm-test-suite/MultiSource/Applications/hexxagon -I/home/ed/mcsema-testing/llvm-test-suite/include -I../../../include -D_GNU_SOURCE -D__STDC_LIMIT_MACROS -DNDEBUG  -O3  -m64 -fomit-frame-pointer -c /home/ed/mcsema-testing/llvm-test-suite/MultiSource/Applications/hexxagon/hexxagon.cpp -o Output/hexxagon.llvm.o
/home/ed/mcsema-testing/llvm-test-suite/RunSafely.sh --show-errors -t "/home/ed/mcsema-testing/SANDBOX/test-2015-12-21_15-36-50/tools/timeit" 500 /dev/null Output/hexxagonboard.llvm.o.compile \
	  /usr/bin/clang++ -I/home/ed/mcsema-testing/SANDBOX/test-2015-12-21_15-36-50/MultiSource/Applications/hexxagon -I/home/ed/mcsema-testing/llvm-test-suite/MultiSource/Applications/hexxagon -I/home/ed/mcsema-testing/llvm-test-suite/include -I../../../include -D_GNU_SOURCE -D__STDC_LIMIT_MACROS -DNDEBUG  -O3  -m64 -fomit-frame-pointer -c /home/ed/mcsema-testing/llvm-test-suite/MultiSource/Applications/hexxagon/hexxagonboard.cpp -o Output/hexxagonboard.llvm.o
/home/ed/mcsema-testing/llvm-test-suite/RunSafely.sh --show-errors -t "/home/ed/mcsema-testing/SANDBOX/test-2015-12-21_15-36-50/tools/timeit" 500 /dev/null Output/hexxagongame.llvm.o.compile \
	  /usr/bin/clang++ -I/home/ed/mcsema-testing/SANDBOX/test-2015-12-21_15-36-50/MultiSource/Applications/hexxagon -I/home/ed/mcsema-testing/llvm-test-suite/MultiSource/Applications/hexxagon -I/home/ed/mcsema-testing/llvm-test-suite/include -I../../../include -D_GNU_SOURCE -D__STDC_LIMIT_MACROS -DNDEBUG  -O3  -m64 -fomit-frame-pointer -c /home/ed/mcsema-testing/llvm-test-suite/MultiSource/Applications/hexxagon/hexxagongame.cpp -o Output/hexxagongame.llvm.o
/home/ed/mcsema-testing/llvm-test-suite/RunSafely.sh --show-errors -t "/home/ed/mcsema-testing/SANDBOX/test-2015-12-21_15-36-50/tools/timeit" 500 /dev/null Output/hexxagonmove.llvm.o.compile \
	  /usr/bin/clang++ -I/home/ed/mcsema-testing/SANDBOX/test-2015-12-21_15-36-50/MultiSource/Applications/hexxagon -I/home/ed/mcsema-testing/llvm-test-suite/MultiSource/Applications/hexxagon -I/home/ed/mcsema-testing/llvm-test-suite/include -I../../../include -D_GNU_SOURCE -D__STDC_LIMIT_MACROS -DNDEBUG  -O3  -m64 -fomit-frame-pointer -c /home/ed/mcsema-testing/llvm-test-suite/MultiSource/Applications/hexxagon/hexxagonmove.cpp -o Output/hexxagonmove.llvm.o
/usr/bin/clang++ -o Output/hexxagon.simple Output/bitboard64.llvm.o Output/hexxagon.llvm.o Output/hexxagonboard.llvm.o Output/hexxagongame.llvm.o Output/hexxagonmove.llvm.o -lstdc++   -m64 -fomit-frame-pointer
/home/ed/mcsema-testing/llvm-test-suite/RunSafely.sh -t "/home/ed/mcsema-testing/SANDBOX/test-2015-12-21_15-36-50/tools/timeit-target" 500 /home/ed/mcsema-testing/llvm-test-suite/MultiSource/Applications/hexxagon/input Output/hexxagon.out-simple Output/hexxagon.simple 
cp Output/hexxagon.simple Output/hexxagon.simple-hash; \
	strip --remove-section=.comment --remove-section='.note*' Output/hexxagon.simple-hash; \
	/home/ed/mcsema-testing/llvm-test-suite/HashProgramOutput.sh Output/hexxagon.simple-hash
if [ -f "/home/ed/mcsema-testing/llvm-test-suite/MultiSource/Applications/hexxagon/hexxagon.reference_output.little-endian." ]; then \
	  cp /home/ed/mcsema-testing/llvm-test-suite/MultiSource/Applications/hexxagon/hexxagon.reference_output.little-endian. Output/hexxagon.out-nat; \
	elif [ -f "/home/ed/mcsema-testing/llvm-test-suite/MultiSource/Applications/hexxagon/hexxagon.reference_output." ]; then \
	  cp /home/ed/mcsema-testing/llvm-test-suite/MultiSource/Applications/hexxagon/hexxagon.reference_output. Output/hexxagon.out-nat; \
	elif [ -f "/home/ed/mcsema-testing/llvm-test-suite/MultiSource/Applications/hexxagon/hexxagon.reference_output.little-endian" ]; then \
	  cp /home/ed/mcsema-testing/llvm-test-suite/MultiSource/Applications/hexxagon/hexxagon.reference_output.little-endian Output/hexxagon.out-nat; \
	elif [ -f "/home/ed/mcsema-testing/llvm-test-suite/MultiSource/Applications/hexxagon/hexxagon.reference_output" ]; then \
	  cp /home/ed/mcsema-testing/llvm-test-suite/MultiSource/Applications/hexxagon/hexxagon.reference_output Output/hexxagon.out-nat; \
	else \
	  printf "WARNING: %s: %s\n" "NO REFERENCE OUTPUT (using default)" "/home/ed/mcsema-testing/llvm-test-suite/MultiSource/Applications/hexxagon/hexxagon.reference_output" > Output/hexxagon.out-nat; \
	  cp /home/ed/mcsema-testing/llvm-test-suite/default.reference_output Output/hexxagon.out-nat; \
	  cat Output/hexxagon.out-nat; \
	fi
# Pretend that the reference output was produced instantaneously.
cp /home/ed/mcsema-testing/llvm-test-suite/instant.txt Output/hexxagon.out-nat.time
/home/ed/mcsema-testing/llvm-test-suite/DiffOutput.sh "/home/ed/mcsema-testing/SANDBOX/test-2015-12-21_15-36-50/tools/fpcmp " simple hexxagon 
rm -f Output/hexxagon.exe-simple
cp Output/hexxagon.diff-simple Output/hexxagon.exe-simple
if test -f Output/hexxagon.extra-results.txt; then \
	  /home/ed/mcsema-testing/llvm-test-suite/ParseMultipleResults /home/ed/mcsema-testing/SANDBOX/test-2015-12-21_15-36-50/MultiSource/Applications/hexxagon/hexxagon Output/hexxagon.extra-results.txt >> Output/hexxagon.simple.exec.report.txt; \
	fi
cat Output/hexxagon.simple.compile.report.txt Output/hexxagon.simple.exec.report.txt >> Output/hexxagon.simple.report.txt
---------------------------------------------------------------
>>> ========= '/home/ed/mcsema-testing/SANDBOX/test-2015-12-21_15-36-50/MultiSource/Applications/hexxagon/hexxagon' Program
---------------------------------------------------------------

TEST-PASS: compile /home/ed/mcsema-testing/SANDBOX/test-2015-12-21_15-36-50/MultiSource/Applications/hexxagon/hexxagon
TEST-RESULT-compile-success: pass
TEST-RESULT-compile-hash: 0d5675e2359c9cc1054fd287ed3d4e54
TEST-RESULT-compile-time: user 0.786000
TEST-RESULT-compile-real-time: real 0.907100

TEST-PASS: exec /home/ed/mcsema-testing/SANDBOX/test-2015-12-21_15-36-50/MultiSource/Applications/hexxagon/hexxagon
TEST-RESULT-exec-success: pass
TEST-RESULT-exec-time: user       8.9640
TEST-RESULT-exec-real-time: real       8.9817
make[4]: Leaving directory `/home/ed/mcsema-testing/SANDBOX/test-2015-12-21_15-36-50/MultiSource/Applications/hexxagon'
make[4]: Entering directory `/home/ed/mcsema-testing/SANDBOX/test-2015-12-21_15-36-50/MultiSource/Applications/minisat'
/home/ed/mcsema-testing/llvm-test-suite/RunSafely.sh --show-errors -t "/home/ed/mcsema-testing/SANDBOX/test-2015-12-21_15-36-50/tools/timeit" 500 /dev/null Output/Main.llvm.o.compile \
	  /usr/bin/clang++ -D NDEBUG -I/home/ed/mcsema-testing/SANDBOX/test-2015-12-21_15-36-50/MultiSource/Applications/minisat -I/home/ed/mcsema-testing/llvm-test-suite/MultiSource/Applications/minisat -I/home/ed/mcsema-testing/llvm-test-suite/include -I../../../include -D_GNU_SOURCE -D__STDC_LIMIT_MACROS -DNDEBUG  -O3  -m64 -fomit-frame-pointer -c /home/ed/mcsema-testing/llvm-test-suite/MultiSource/Applications/minisat/Main.cpp -o Output/Main.llvm.o
/home/ed/mcsema-testing/llvm-test-suite/RunSafely.sh --show-errors -t "/home/ed/mcsema-testing/SANDBOX/test-2015-12-21_15-36-50/tools/timeit" 500 /dev/null Output/Solver.llvm.o.compile \
	  /usr/bin/clang++ -D NDEBUG -I/home/ed/mcsema-testing/SANDBOX/test-2015-12-21_15-36-50/MultiSource/Applications/minisat -I/home/ed/mcsema-testing/llvm-test-suite/MultiSource/Applications/minisat -I/home/ed/mcsema-testing/llvm-test-suite/include -I../../../include -D_GNU_SOURCE -D__STDC_LIMIT_MACROS -DNDEBUG  -O3  -m64 -fomit-frame-pointer -c /home/ed/mcsema-testing/llvm-test-suite/MultiSource/Applications/minisat/Solver.cpp -o Output/Solver.llvm.o
/usr/bin/clang++ -o Output/minisat.simple Output/Main.llvm.o Output/Solver.llvm.o -lstdc++ -lm   -m64 -fomit-frame-pointer
/home/ed/mcsema-testing/llvm-test-suite/RunSafely.sh -t "/home/ed/mcsema-testing/SANDBOX/test-2015-12-21_15-36-50/tools/timeit-target" 500 /dev/null Output/minisat.out-simple Output/minisat.simple -verbosity=0 /home/ed/mcsema-testing/llvm-test-suite/MultiSource/Applications/minisat/short.cnf
cp Output/minisat.simple Output/minisat.simple-hash; \
	strip --remove-section=.comment --remove-section='.note*' Output/minisat.simple-hash; \
	/home/ed/mcsema-testing/llvm-test-suite/HashProgramOutput.sh Output/minisat.simple-hash
if [ -f "/home/ed/mcsema-testing/llvm-test-suite/MultiSource/Applications/minisat/minisat.reference_output.little-endian." ]; then \
	  cp /home/ed/mcsema-testing/llvm-test-suite/MultiSource/Applications/minisat/minisat.reference_output.little-endian. Output/minisat.out-nat; \
	elif [ -f "/home/ed/mcsema-testing/llvm-test-suite/MultiSource/Applications/minisat/minisat.reference_output." ]; then \
	  cp /home/ed/mcsema-testing/llvm-test-suite/MultiSource/Applications/minisat/minisat.reference_output. Output/minisat.out-nat; \
	elif [ -f "/home/ed/mcsema-testing/llvm-test-suite/MultiSource/Applications/minisat/minisat.reference_output.little-endian" ]; then \
	  cp /home/ed/mcsema-testing/llvm-test-suite/MultiSource/Applications/minisat/minisat.reference_output.little-endian Output/minisat.out-nat; \
	elif [ -f "/home/ed/mcsema-testing/llvm-test-suite/MultiSource/Applications/minisat/minisat.reference_output" ]; then \
	  cp /home/ed/mcsema-testing/llvm-test-suite/MultiSource/Applications/minisat/minisat.reference_output Output/minisat.out-nat; \
	else \
	  printf "WARNING: %s: %s\n" "NO REFERENCE OUTPUT (using default)" "/home/ed/mcsema-testing/llvm-test-suite/MultiSource/Applications/minisat/minisat.reference_output" > Output/minisat.out-nat; \
	  cp /home/ed/mcsema-testing/llvm-test-suite/default.reference_output Output/minisat.out-nat; \
	  cat Output/minisat.out-nat; \
	fi
# Pretend that the reference output was produced instantaneously.
cp /home/ed/mcsema-testing/llvm-test-suite/instant.txt Output/minisat.out-nat.time
/home/ed/mcsema-testing/llvm-test-suite/DiffOutput.sh "/home/ed/mcsema-testing/SANDBOX/test-2015-12-21_15-36-50/tools/fpcmp  -r 0.1" simple minisat 
rm -f Output/minisat.exe-simple
cp Output/minisat.diff-simple Output/minisat.exe-simple
if test -f Output/minisat.extra-results.txt; then \
	  /home/ed/mcsema-testing/llvm-test-suite/ParseMultipleResults /home/ed/mcsema-testing/SANDBOX/test-2015-12-21_15-36-50/MultiSource/Applications/minisat/minisat Output/minisat.extra-results.txt >> Output/minisat.simple.exec.report.txt; \
	fi
cat Output/minisat.simple.compile.report.txt Output/minisat.simple.exec.report.txt >> Output/minisat.simple.report.txt
---------------------------------------------------------------
>>> ========= '/home/ed/mcsema-testing/SANDBOX/test-2015-12-21_15-36-50/MultiSource/Applications/minisat/minisat' Program
---------------------------------------------------------------

TEST-PASS: compile /home/ed/mcsema-testing/SANDBOX/test-2015-12-21_15-36-50/MultiSource/Applications/minisat/minisat
TEST-RESULT-compile-success: pass
TEST-RESULT-compile-hash: e14b546f7a96b12d09c663b80e3c8fcd
TEST-RESULT-compile-time: user 0.475200
TEST-RESULT-compile-real-time: real 0.521200

TEST-PASS: exec /home/ed/mcsema-testing/SANDBOX/test-2015-12-21_15-36-50/MultiSource/Applications/minisat/minisat
TEST-RESULT-exec-success: pass
TEST-RESULT-exec-time: user       6.5923
TEST-RESULT-exec-real-time: real       6.6418
make[4]: Leaving directory `/home/ed/mcsema-testing/SANDBOX/test-2015-12-21_15-36-50/MultiSource/Applications/minisat'
make[4]: Entering directory `/home/ed/mcsema-testing/SANDBOX/test-2015-12-21_15-36-50/MultiSource/Applications/ALAC'
make[5]: Entering directory `/home/ed/mcsema-testing/SANDBOX/test-2015-12-21_15-36-50/MultiSource/Applications/ALAC/encode'
/home/ed/mcsema-testing/llvm-test-suite/RunSafely.sh --show-errors -t "/home/ed/mcsema-testing/SANDBOX/test-2015-12-21_15-36-50/tools/timeit" 500 /dev/null Output/ALACBitUtilities.llvm.o.compile \
	  /usr/bin/clang -I/home/ed/mcsema-testing/SANDBOX/test-2015-12-21_15-36-50/MultiSource/Applications/ALAC/encode -I/home/ed/mcsema-testing/llvm-test-suite/MultiSource/Applications/ALAC/encode -I/home/ed/mcsema-testing/llvm-test-suite/include -I../../../../include -D_GNU_SOURCE -D__STDC_LIMIT_MACROS -DNDEBUG -DTARGET_RT_LITTLE_ENDIAN=1 -O3  -m64 -fomit-frame-pointer -c /home/ed/mcsema-testing/llvm-test-suite/MultiSource/Applications/ALAC/encode/ALACBitUtilities.c -o Output/ALACBitUtilities.llvm.o
/home/ed/mcsema-testing/llvm-test-suite/RunSafely.sh --show-errors -t "/home/ed/mcsema-testing/SANDBOX/test-2015-12-21_15-36-50/tools/timeit" 500 /dev/null Output/ALACDecoder.llvm.o.compile \
	  /usr/bin/clang++ -I/home/ed/mcsema-testing/SANDBOX/test-2015-12-21_15-36-50/MultiSource/Applications/ALAC/encode -I/home/ed/mcsema-testing/llvm-test-suite/MultiSource/Applications/ALAC/encode -I/home/ed/mcsema-testing/llvm-test-suite/include -I../../../../include -D_GNU_SOURCE -D__STDC_LIMIT_MACROS -DNDEBUG -DTARGET_RT_LITTLE_ENDIAN=1 -O3  -m64 -fomit-frame-pointer -c /home/ed/mcsema-testing/llvm-test-suite/MultiSource/Applications/ALAC/encode/ALACDecoder.cpp -o Output/ALACDecoder.llvm.o
/home/ed/mcsema-testing/llvm-test-suite/RunSafely.sh --show-errors -t "/home/ed/mcsema-testing/SANDBOX/test-2015-12-21_15-36-50/tools/timeit" 500 /dev/null Output/ALACEncoder.llvm.o.compile \
	  /usr/bin/clang++ -I/home/ed/mcsema-testing/SANDBOX/test-2015-12-21_15-36-50/MultiSource/Applications/ALAC/encode -I/home/ed/mcsema-testing/llvm-test-suite/MultiSource/Applications/ALAC/encode -I/home/ed/mcsema-testing/llvm-test-suite/include -I../../../../include -D_GNU_SOURCE -D__STDC_LIMIT_MACROS -DNDEBUG -DTARGET_RT_LITTLE_ENDIAN=1 -O3  -m64 -fomit-frame-pointer -c /home/ed/mcsema-testing/llvm-test-suite/MultiSource/Applications/ALAC/encode/ALACEncoder.cpp -o Output/ALACEncoder.llvm.o
/home/ed/mcsema-testing/llvm-test-suite/RunSafely.sh --show-errors -t "/home/ed/mcsema-testing/SANDBOX/test-2015-12-21_15-36-50/tools/timeit" 500 /dev/null Output/CAFFileALAC.llvm.o.compile \
	  /usr/bin/clang++ -I/home/ed/mcsema-testing/SANDBOX/test-2015-12-21_15-36-50/MultiSource/Applications/ALAC/encode -I/home/ed/mcsema-testing/llvm-test-suite/MultiSource/Applications/ALAC/encode -I/home/ed/mcsema-testing/llvm-test-suite/include -I../../../../include -D_GNU_SOURCE -D__STDC_LIMIT_MACROS -DNDEBUG -DTARGET_RT_LITTLE_ENDIAN=1 -O3  -m64 -fomit-frame-pointer -c /home/ed/mcsema-testing/llvm-test-suite/MultiSource/Applications/ALAC/encode/CAFFileALAC.cpp -o Output/CAFFileALAC.llvm.o
/home/ed/mcsema-testing/llvm-test-suite/RunSafely.sh --show-errors -t "/home/ed/mcsema-testing/SANDBOX/test-2015-12-21_15-36-50/tools/timeit" 500 /dev/null Output/EndianPortable.llvm.o.compile \
	  /usr/bin/clang -I/home/ed/mcsema-testing/SANDBOX/test-2015-12-21_15-36-50/MultiSource/Applications/ALAC/encode -I/home/ed/mcsema-testing/llvm-test-suite/MultiSource/Applications/ALAC/encode -I/home/ed/mcsema-testing/llvm-test-suite/include -I../../../../include -D_GNU_SOURCE -D__STDC_LIMIT_MACROS -DNDEBUG -DTARGET_RT_LITTLE_ENDIAN=1 -O3  -m64 -fomit-frame-pointer -c /home/ed/mcsema-testing/llvm-test-suite/MultiSource/Applications/ALAC/encode/EndianPortable.c -o Output/EndianPortable.llvm.o
/home/ed/mcsema-testing/llvm-test-suite/RunSafely.sh --show-errors -t "/home/ed/mcsema-testing/SANDBOX/test-2015-12-21_15-36-50/tools/timeit" 500 /dev/null Output/ag_dec.llvm.o.compile \
	  /usr/bin/clang -I/home/ed/mcsema-testing/SANDBOX/test-2015-12-21_15-36-50/MultiSource/Applications/ALAC/encode -I/home/ed/mcsema-testing/llvm-test-suite/MultiSource/Applications/ALAC/encode -I/home/ed/mcsema-testing/llvm-test-suite/include -I../../../../include -D_GNU_SOURCE -D__STDC_LIMIT_MACROS -DNDEBUG -DTARGET_RT_LITTLE_ENDIAN=1 -O3  -m64 -fomit-frame-pointer -c /home/ed/mcsema-testing/llvm-test-suite/MultiSource/Applications/ALAC/encode/ag_dec.c -o Output/ag_dec.llvm.o
/home/ed/mcsema-testing/llvm-test-suite/RunSafely.sh --show-errors -t "/home/ed/mcsema-testing/SANDBOX/test-2015-12-21_15-36-50/tools/timeit" 500 /dev/null Output/ag_enc.llvm.o.compile \
	  /usr/bin/clang -I/home/ed/mcsema-testing/SANDBOX/test-2015-12-21_15-36-50/MultiSource/Applications/ALAC/encode -I/home/ed/mcsema-testing/llvm-test-suite/MultiSource/Applications/ALAC/encode -I/home/ed/mcsema-testing/llvm-test-suite/include -I../../../../include -D_GNU_SOURCE -D__STDC_LIMIT_MACROS -DNDEBUG -DTARGET_RT_LITTLE_ENDIAN=1 -O3  -m64 -fomit-frame-pointer -c /home/ed/mcsema-testing/llvm-test-suite/MultiSource/Applications/ALAC/encode/ag_enc.c -o Output/ag_enc.llvm.o
/home/ed/mcsema-testing/llvm-test-suite/RunSafely.sh --show-errors -t "/home/ed/mcsema-testing/SANDBOX/test-2015-12-21_15-36-50/tools/timeit" 500 /dev/null Output/dp_dec.llvm.o.compile \
	  /usr/bin/clang -I/home/ed/mcsema-testing/SANDBOX/test-2015-12-21_15-36-50/MultiSource/Applications/ALAC/encode -I/home/ed/mcsema-testing/llvm-test-suite/MultiSource/Applications/ALAC/encode -I/home/ed/mcsema-testing/llvm-test-suite/include -I../../../../include -D_GNU_SOURCE -D__STDC_LIMIT_MACROS -DNDEBUG -DTARGET_RT_LITTLE_ENDIAN=1 -O3  -m64 -fomit-frame-pointer -c /home/ed/mcsema-testing/llvm-test-suite/MultiSource/Applications/ALAC/encode/dp_dec.c -o Output/dp_dec.llvm.o
/home/ed/mcsema-testing/llvm-test-suite/RunSafely.sh --show-errors -t "/home/ed/mcsema-testing/SANDBOX/test-2015-12-21_15-36-50/tools/timeit" 500 /dev/null Output/dp_enc.llvm.o.compile \
	  /usr/bin/clang -I/home/ed/mcsema-testing/SANDBOX/test-2015-12-21_15-36-50/MultiSource/Applications/ALAC/encode -I/home/ed/mcsema-testing/llvm-test-suite/MultiSource/Applications/ALAC/encode -I/home/ed/mcsema-testing/llvm-test-suite/include -I../../../../include -D_GNU_SOURCE -D__STDC_LIMIT_MACROS -DNDEBUG -DTARGET_RT_LITTLE_ENDIAN=1 -O3  -m64 -fomit-frame-pointer -c /home/ed/mcsema-testing/llvm-test-suite/MultiSource/Applications/ALAC/encode/dp_enc.c -o Output/dp_enc.llvm.o
/home/ed/mcsema-testing/llvm-test-suite/RunSafely.sh --show-errors -t "/home/ed/mcsema-testing/SANDBOX/test-2015-12-21_15-36-50/tools/timeit" 500 /dev/null Output/main.llvm.o.compile \
	  /usr/bin/clang++ -I/home/ed/mcsema-testing/SANDBOX/test-2015-12-21_15-36-50/MultiSource/Applications/ALAC/encode -I/home/ed/mcsema-testing/llvm-test-suite/MultiSource/Applications/ALAC/encode -I/home/ed/mcsema-testing/llvm-test-suite/include -I../../../../include -D_GNU_SOURCE -D__STDC_LIMIT_MACROS -DNDEBUG -DTARGET_RT_LITTLE_ENDIAN=1 -O3  -m64 -fomit-frame-pointer -c /home/ed/mcsema-testing/llvm-test-suite/MultiSource/Applications/ALAC/encode/main.cpp -o Output/main.llvm.o
/home/ed/mcsema-testing/llvm-test-suite/RunSafely.sh --show-errors -t "/home/ed/mcsema-testing/SANDBOX/test-2015-12-21_15-36-50/tools/timeit" 500 /dev/null Output/matrix_dec.llvm.o.compile \
	  /usr/bin/clang -I/home/ed/mcsema-testing/SANDBOX/test-2015-12-21_15-36-50/MultiSource/Applications/ALAC/encode -I/home/ed/mcsema-testing/llvm-test-suite/MultiSource/Applications/ALAC/encode -I/home/ed/mcsema-testing/llvm-test-suite/include -I../../../../include -D_GNU_SOURCE -D__STDC_LIMIT_MACROS -DNDEBUG -DTARGET_RT_LITTLE_ENDIAN=1 -O3  -m64 -fomit-frame-pointer -c /home/ed/mcsema-testing/llvm-test-suite/MultiSource/Applications/ALAC/encode/matrix_dec.c -o Output/matrix_dec.llvm.o
/home/ed/mcsema-testing/llvm-test-suite/RunSafely.sh --show-errors -t "/home/ed/mcsema-testing/SANDBOX/test-2015-12-21_15-36-50/tools/timeit" 500 /dev/null Output/matrix_enc.llvm.o.compile \
	  /usr/bin/clang -I/home/ed/mcsema-testing/SANDBOX/test-2015-12-21_15-36-50/MultiSource/Applications/ALAC/encode -I/home/ed/mcsema-testing/llvm-test-suite/MultiSource/Applications/ALAC/encode -I/home/ed/mcsema-testing/llvm-test-suite/include -I../../../../include -D_GNU_SOURCE -D__STDC_LIMIT_MACROS -DNDEBUG -DTARGET_RT_LITTLE_ENDIAN=1 -O3  -m64 -fomit-frame-pointer -c /home/ed/mcsema-testing/llvm-test-suite/MultiSource/Applications/ALAC/encode/matrix_enc.c -o Output/matrix_enc.llvm.o
/usr/bin/clang++ -o Output/alacconvert-encode.simple Output/ALACBitUtilities.llvm.o Output/ALACDecoder.llvm.o Output/ALACEncoder.llvm.o Output/CAFFileALAC.llvm.o Output/EndianPortable.llvm.o Output/ag_dec.llvm.o Output/ag_enc.llvm.o Output/dp_dec.llvm.o Output/dp_enc.llvm.o Output/main.llvm.o Output/matrix_dec.llvm.o Output/matrix_enc.llvm.o -lstdc++ -DTARGET_RT_LITTLE_ENDIAN=1  -m64 -fomit-frame-pointer
/home/ed/mcsema-testing/llvm-test-suite/RunSafely.sh -t "/home/ed/mcsema-testing/SANDBOX/test-2015-12-21_15-36-50/tools/timeit-target" 500 /home/ed/mcsema-testing/llvm-test-suite/MultiSource/Applications/ALAC/encode/tune.wav Output/alacconvert-encode.out-simple Output/alacconvert-encode.simple - -
cp Output/alacconvert-encode.simple Output/alacconvert-encode.simple-hash; \
	strip --remove-section=.comment --remove-section='.note*' Output/alacconvert-encode.simple-hash; \
	/home/ed/mcsema-testing/llvm-test-suite/HashProgramOutput.sh Output/alacconvert-encode.simple-hash
if [ -f "/home/ed/mcsema-testing/llvm-test-suite/MultiSource/Applications/ALAC/encode/alacconvert-encode.reference_output.little-endian." ]; then \
	  cp /home/ed/mcsema-testing/llvm-test-suite/MultiSource/Applications/ALAC/encode/alacconvert-encode.reference_output.little-endian. Output/alacconvert-encode.out-nat; \
	elif [ -f "/home/ed/mcsema-testing/llvm-test-suite/MultiSource/Applications/ALAC/encode/alacconvert-encode.reference_output." ]; then \
	  cp /home/ed/mcsema-testing/llvm-test-suite/MultiSource/Applications/ALAC/encode/alacconvert-encode.reference_output. Output/alacconvert-encode.out-nat; \
	elif [ -f "/home/ed/mcsema-testing/llvm-test-suite/MultiSource/Applications/ALAC/encode/alacconvert-encode.reference_output.little-endian" ]; then \
	  cp /home/ed/mcsema-testing/llvm-test-suite/MultiSource/Applications/ALAC/encode/alacconvert-encode.reference_output.little-endian Output/alacconvert-encode.out-nat; \
	elif [ -f "/home/ed/mcsema-testing/llvm-test-suite/MultiSource/Applications/ALAC/encode/alacconvert-encode.reference_output" ]; then \
	  cp /home/ed/mcsema-testing/llvm-test-suite/MultiSource/Applications/ALAC/encode/alacconvert-encode.reference_output Output/alacconvert-encode.out-nat; \
	else \
	  printf "WARNING: %s: %s\n" "NO REFERENCE OUTPUT (using default)" "/home/ed/mcsema-testing/llvm-test-suite/MultiSource/Applications/ALAC/encode/alacconvert-encode.reference_output" > Output/alacconvert-encode.out-nat; \
	  cp /home/ed/mcsema-testing/llvm-test-suite/default.reference_output Output/alacconvert-encode.out-nat; \
	  cat Output/alacconvert-encode.out-nat; \
	fi
# Pretend that the reference output was produced instantaneously.
cp /home/ed/mcsema-testing/llvm-test-suite/instant.txt Output/alacconvert-encode.out-nat.time
/home/ed/mcsema-testing/llvm-test-suite/DiffOutput.sh "/home/ed/mcsema-testing/SANDBOX/test-2015-12-21_15-36-50/tools/fpcmp " simple alacconvert-encode 
rm -f Output/alacconvert-encode.exe-simple
cp Output/alacconvert-encode.diff-simple Output/alacconvert-encode.exe-simple
if test -f Output/alacconvert-encode.extra-results.txt; then \
	  /home/ed/mcsema-testing/llvm-test-suite/ParseMultipleResults /home/ed/mcsema-testing/SANDBOX/test-2015-12-21_15-36-50/MultiSource/Applications/ALAC/encode/alacconvert-encode Output/alacconvert-encode.extra-results.txt >> Output/alacconvert-encode.simple.exec.report.txt; \
	fi
cat Output/alacconvert-encode.simple.compile.report.txt Output/alacconvert-encode.simple.exec.report.txt >> Output/alacconvert-encode.simple.report.txt
---------------------------------------------------------------
>>> ========= '/home/ed/mcsema-testing/SANDBOX/test-2015-12-21_15-36-50/MultiSource/Applications/ALAC/encode/alacconvert-encode' Program
---------------------------------------------------------------

TEST-PASS: compile /home/ed/mcsema-testing/SANDBOX/test-2015-12-21_15-36-50/MultiSource/Applications/ALAC/encode/alacconvert-encode
TEST-RESULT-compile-success: pass
TEST-RESULT-compile-hash: f655dd42570f66c4b8f67d0521a34e5a
TEST-RESULT-compile-time: user 0.817500
TEST-RESULT-compile-real-time: real 1.009000

TEST-PASS: exec /home/ed/mcsema-testing/SANDBOX/test-2015-12-21_15-36-50/MultiSource/Applications/ALAC/encode/alacconvert-encode
TEST-RESULT-exec-success: pass
TEST-RESULT-exec-time: user       0.0356
TEST-RESULT-exec-real-time: real       0.0378
make[5]: Leaving directory `/home/ed/mcsema-testing/SANDBOX/test-2015-12-21_15-36-50/MultiSource/Applications/ALAC/encode'
make[5]: Entering directory `/home/ed/mcsema-testing/SANDBOX/test-2015-12-21_15-36-50/MultiSource/Applications/ALAC/decode'
/home/ed/mcsema-testing/llvm-test-suite/RunSafely.sh --show-errors -t "/home/ed/mcsema-testing/SANDBOX/test-2015-12-21_15-36-50/tools/timeit" 500 /dev/null Output/ALACBitUtilities.llvm.o.compile \
	  /usr/bin/clang -I/home/ed/mcsema-testing/SANDBOX/test-2015-12-21_15-36-50/MultiSource/Applications/ALAC/decode -I/home/ed/mcsema-testing/llvm-test-suite/MultiSource/Applications/ALAC/decode -I/home/ed/mcsema-testing/llvm-test-suite/include -I../../../../include -D_GNU_SOURCE -D__STDC_LIMIT_MACROS -DNDEBUG -DTARGET_RT_LITTLE_ENDIAN=1 -O3  -m64 -fomit-frame-pointer -c /home/ed/mcsema-testing/llvm-test-suite/MultiSource/Applications/ALAC/decode/ALACBitUtilities.c -o Output/ALACBitUtilities.llvm.o
/home/ed/mcsema-testing/llvm-test-suite/RunSafely.sh --show-errors -t "/home/ed/mcsema-testing/SANDBOX/test-2015-12-21_15-36-50/tools/timeit" 500 /dev/null Output/ALACDecoder.llvm.o.compile \
	  /usr/bin/clang++ -I/home/ed/mcsema-testing/SANDBOX/test-2015-12-21_15-36-50/MultiSource/Applications/ALAC/decode -I/home/ed/mcsema-testing/llvm-test-suite/MultiSource/Applications/ALAC/decode -I/home/ed/mcsema-testing/llvm-test-suite/include -I../../../../include -D_GNU_SOURCE -D__STDC_LIMIT_MACROS -DNDEBUG -DTARGET_RT_LITTLE_ENDIAN=1 -O3  -m64 -fomit-frame-pointer -c /home/ed/mcsema-testing/llvm-test-suite/MultiSource/Applications/ALAC/decode/ALACDecoder.cpp -o Output/ALACDecoder.llvm.o
/home/ed/mcsema-testing/llvm-test-suite/RunSafely.sh --show-errors -t "/home/ed/mcsema-testing/SANDBOX/test-2015-12-21_15-36-50/tools/timeit" 500 /dev/null Output/ALACEncoder.llvm.o.compile \
	  /usr/bin/clang++ -I/home/ed/mcsema-testing/SANDBOX/test-2015-12-21_15-36-50/MultiSource/Applications/ALAC/decode -I/home/ed/mcsema-testing/llvm-test-suite/MultiSource/Applications/ALAC/decode -I/home/ed/mcsema-testing/llvm-test-suite/include -I../../../../include -D_GNU_SOURCE -D__STDC_LIMIT_MACROS -DNDEBUG -DTARGET_RT_LITTLE_ENDIAN=1 -O3  -m64 -fomit-frame-pointer -c /home/ed/mcsema-testing/llvm-test-suite/MultiSource/Applications/ALAC/decode/ALACEncoder.cpp -o Output/ALACEncoder.llvm.o
/home/ed/mcsema-testing/llvm-test-suite/RunSafely.sh --show-errors -t "/home/ed/mcsema-testing/SANDBOX/test-2015-12-21_15-36-50/tools/timeit" 500 /dev/null Output/CAFFileALAC.llvm.o.compile \
	  /usr/bin/clang++ -I/home/ed/mcsema-testing/SANDBOX/test-2015-12-21_15-36-50/MultiSource/Applications/ALAC/decode -I/home/ed/mcsema-testing/llvm-test-suite/MultiSource/Applications/ALAC/decode -I/home/ed/mcsema-testing/llvm-test-suite/include -I../../../../include -D_GNU_SOURCE -D__STDC_LIMIT_MACROS -DNDEBUG -DTARGET_RT_LITTLE_ENDIAN=1 -O3  -m64 -fomit-frame-pointer -c /home/ed/mcsema-testing/llvm-test-suite/MultiSource/Applications/ALAC/decode/CAFFileALAC.cpp -o Output/CAFFileALAC.llvm.o
/home/ed/mcsema-testing/llvm-test-suite/RunSafely.sh --show-errors -t "/home/ed/mcsema-testing/SANDBOX/test-2015-12-21_15-36-50/tools/timeit" 500 /dev/null Output/EndianPortable.llvm.o.compile \
	  /usr/bin/clang -I/home/ed/mcsema-testing/SANDBOX/test-2015-12-21_15-36-50/MultiSource/Applications/ALAC/decode -I/home/ed/mcsema-testing/llvm-test-suite/MultiSource/Applications/ALAC/decode -I/home/ed/mcsema-testing/llvm-test-suite/include -I../../../../include -D_GNU_SOURCE -D__STDC_LIMIT_MACROS -DNDEBUG -DTARGET_RT_LITTLE_ENDIAN=1 -O3  -m64 -fomit-frame-pointer -c /home/ed/mcsema-testing/llvm-test-suite/MultiSource/Applications/ALAC/decode/EndianPortable.c -o Output/EndianPortable.llvm.o
/home/ed/mcsema-testing/llvm-test-suite/RunSafely.sh --show-errors -t "/home/ed/mcsema-testing/SANDBOX/test-2015-12-21_15-36-50/tools/timeit" 500 /dev/null Output/ag_dec.llvm.o.compile \
	  /usr/bin/clang -I/home/ed/mcsema-testing/SANDBOX/test-2015-12-21_15-36-50/MultiSource/Applications/ALAC/decode -I/home/ed/mcsema-testing/llvm-test-suite/MultiSource/Applications/ALAC/decode -I/home/ed/mcsema-testing/llvm-test-suite/include -I../../../../include -D_GNU_SOURCE -D__STDC_LIMIT_MACROS -DNDEBUG -DTARGET_RT_LITTLE_ENDIAN=1 -O3  -m64 -fomit-frame-pointer -c /home/ed/mcsema-testing/llvm-test-suite/MultiSource/Applications/ALAC/decode/ag_dec.c -o Output/ag_dec.llvm.o
/home/ed/mcsema-testing/llvm-test-suite/RunSafely.sh --show-errors -t "/home/ed/mcsema-testing/SANDBOX/test-2015-12-21_15-36-50/tools/timeit" 500 /dev/null Output/ag_enc.llvm.o.compile \
	  /usr/bin/clang -I/home/ed/mcsema-testing/SANDBOX/test-2015-12-21_15-36-50/MultiSource/Applications/ALAC/decode -I/home/ed/mcsema-testing/llvm-test-suite/MultiSource/Applications/ALAC/decode -I/home/ed/mcsema-testing/llvm-test-suite/include -I../../../../include -D_GNU_SOURCE -D__STDC_LIMIT_MACROS -DNDEBUG -DTARGET_RT_LITTLE_ENDIAN=1 -O3  -m64 -fomit-frame-pointer -c /home/ed/mcsema-testing/llvm-test-suite/MultiSource/Applications/ALAC/decode/ag_enc.c -o Output/ag_enc.llvm.o
/home/ed/mcsema-testing/llvm-test-suite/RunSafely.sh --show-errors -t "/home/ed/mcsema-testing/SANDBOX/test-2015-12-21_15-36-50/tools/timeit" 500 /dev/null Output/dp_dec.llvm.o.compile \
	  /usr/bin/clang -I/home/ed/mcsema-testing/SANDBOX/test-2015-12-21_15-36-50/MultiSource/Applications/ALAC/decode -I/home/ed/mcsema-testing/llvm-test-suite/MultiSource/Applications/ALAC/decode -I/home/ed/mcsema-testing/llvm-test-suite/include -I../../../../include -D_GNU_SOURCE -D__STDC_LIMIT_MACROS -DNDEBUG -DTARGET_RT_LITTLE_ENDIAN=1 -O3  -m64 -fomit-frame-pointer -c /home/ed/mcsema-testing/llvm-test-suite/MultiSource/Applications/ALAC/decode/dp_dec.c -o Output/dp_dec.llvm.o
/home/ed/mcsema-testing/llvm-test-suite/RunSafely.sh --show-errors -t "/home/ed/mcsema-testing/SANDBOX/test-2015-12-21_15-36-50/tools/timeit" 500 /dev/null Output/dp_enc.llvm.o.compile \
	  /usr/bin/clang -I/home/ed/mcsema-testing/SANDBOX/test-2015-12-21_15-36-50/MultiSource/Applications/ALAC/decode -I/home/ed/mcsema-testing/llvm-test-suite/MultiSource/Applications/ALAC/decode -I/home/ed/mcsema-testing/llvm-test-suite/include -I../../../../include -D_GNU_SOURCE -D__STDC_LIMIT_MACROS -DNDEBUG -DTARGET_RT_LITTLE_ENDIAN=1 -O3  -m64 -fomit-frame-pointer -c /home/ed/mcsema-testing/llvm-test-suite/MultiSource/Applications/ALAC/decode/dp_enc.c -o Output/dp_enc.llvm.o
/home/ed/mcsema-testing/llvm-test-suite/RunSafely.sh --show-errors -t "/home/ed/mcsema-testing/SANDBOX/test-2015-12-21_15-36-50/tools/timeit" 500 /dev/null Output/main.llvm.o.compile \
	  /usr/bin/clang++ -I/home/ed/mcsema-testing/SANDBOX/test-2015-12-21_15-36-50/MultiSource/Applications/ALAC/decode -I/home/ed/mcsema-testing/llvm-test-suite/MultiSource/Applications/ALAC/decode -I/home/ed/mcsema-testing/llvm-test-suite/include -I../../../../include -D_GNU_SOURCE -D__STDC_LIMIT_MACROS -DNDEBUG -DTARGET_RT_LITTLE_ENDIAN=1 -O3  -m64 -fomit-frame-pointer -c /home/ed/mcsema-testing/llvm-test-suite/MultiSource/Applications/ALAC/decode/main.cpp -o Output/main.llvm.o
/home/ed/mcsema-testing/llvm-test-suite/RunSafely.sh --show-errors -t "/home/ed/mcsema-testing/SANDBOX/test-2015-12-21_15-36-50/tools/timeit" 500 /dev/null Output/matrix_dec.llvm.o.compile \
	  /usr/bin/clang -I/home/ed/mcsema-testing/SANDBOX/test-2015-12-21_15-36-50/MultiSource/Applications/ALAC/decode -I/home/ed/mcsema-testing/llvm-test-suite/MultiSource/Applications/ALAC/decode -I/home/ed/mcsema-testing/llvm-test-suite/include -I../../../../include -D_GNU_SOURCE -D__STDC_LIMIT_MACROS -DNDEBUG -DTARGET_RT_LITTLE_ENDIAN=1 -O3  -m64 -fomit-frame-pointer -c /home/ed/mcsema-testing/llvm-test-suite/MultiSource/Applications/ALAC/decode/matrix_dec.c -o Output/matrix_dec.llvm.o
/home/ed/mcsema-testing/llvm-test-suite/RunSafely.sh --show-errors -t "/home/ed/mcsema-testing/SANDBOX/test-2015-12-21_15-36-50/tools/timeit" 500 /dev/null Output/matrix_enc.llvm.o.compile \
	  /usr/bin/clang -I/home/ed/mcsema-testing/SANDBOX/test-2015-12-21_15-36-50/MultiSource/Applications/ALAC/decode -I/home/ed/mcsema-testing/llvm-test-suite/MultiSource/Applications/ALAC/decode -I/home/ed/mcsema-testing/llvm-test-suite/include -I../../../../include -D_GNU_SOURCE -D__STDC_LIMIT_MACROS -DNDEBUG -DTARGET_RT_LITTLE_ENDIAN=1 -O3  -m64 -fomit-frame-pointer -c /home/ed/mcsema-testing/llvm-test-suite/MultiSource/Applications/ALAC/decode/matrix_enc.c -o Output/matrix_enc.llvm.o
/usr/bin/clang++ -o Output/alacconvert-decode.simple Output/ALACBitUtilities.llvm.o Output/ALACDecoder.llvm.o Output/ALACEncoder.llvm.o Output/CAFFileALAC.llvm.o Output/EndianPortable.llvm.o Output/ag_dec.llvm.o Output/ag_enc.llvm.o Output/dp_dec.llvm.o Output/dp_enc.llvm.o Output/main.llvm.o Output/matrix_dec.llvm.o Output/matrix_enc.llvm.o -lstdc++ -DTARGET_RT_LITTLE_ENDIAN=1  -m64 -fomit-frame-pointer
/home/ed/mcsema-testing/llvm-test-suite/RunSafely.sh -t "/home/ed/mcsema-testing/SANDBOX/test-2015-12-21_15-36-50/tools/timeit-target" 500 /home/ed/mcsema-testing/llvm-test-suite/MultiSource/Applications/ALAC/decode/tune.caf Output/alacconvert-decode.out-simple Output/alacconvert-decode.simple - -
cp Output/alacconvert-decode.simple Output/alacconvert-decode.simple-hash; \
	strip --remove-section=.comment --remove-section='.note*' Output/alacconvert-decode.simple-hash; \
	/home/ed/mcsema-testing/llvm-test-suite/HashProgramOutput.sh Output/alacconvert-decode.simple-hash
if [ -f "/home/ed/mcsema-testing/llvm-test-suite/MultiSource/Applications/ALAC/decode/alacconvert-decode.reference_output.little-endian." ]; then \
	  cp /home/ed/mcsema-testing/llvm-test-suite/MultiSource/Applications/ALAC/decode/alacconvert-decode.reference_output.little-endian. Output/alacconvert-decode.out-nat; \
	elif [ -f "/home/ed/mcsema-testing/llvm-test-suite/MultiSource/Applications/ALAC/decode/alacconvert-decode.reference_output." ]; then \
	  cp /home/ed/mcsema-testing/llvm-test-suite/MultiSource/Applications/ALAC/decode/alacconvert-decode.reference_output. Output/alacconvert-decode.out-nat; \
	elif [ -f "/home/ed/mcsema-testing/llvm-test-suite/MultiSource/Applications/ALAC/decode/alacconvert-decode.reference_output.little-endian" ]; then \
	  cp /home/ed/mcsema-testing/llvm-test-suite/MultiSource/Applications/ALAC/decode/alacconvert-decode.reference_output.little-endian Output/alacconvert-decode.out-nat; \
	elif [ -f "/home/ed/mcsema-testing/llvm-test-suite/MultiSource/Applications/ALAC/decode/alacconvert-decode.reference_output" ]; then \
	  cp /home/ed/mcsema-testing/llvm-test-suite/MultiSource/Applications/ALAC/decode/alacconvert-decode.reference_output Output/alacconvert-decode.out-nat; \
	else \
	  printf "WARNING: %s: %s\n" "NO REFERENCE OUTPUT (using default)" "/home/ed/mcsema-testing/llvm-test-suite/MultiSource/Applications/ALAC/decode/alacconvert-decode.reference_output" > Output/alacconvert-decode.out-nat; \
	  cp /home/ed/mcsema-testing/llvm-test-suite/default.reference_output Output/alacconvert-decode.out-nat; \
	  cat Output/alacconvert-decode.out-nat; \
	fi
# Pretend that the reference output was produced instantaneously.
cp /home/ed/mcsema-testing/llvm-test-suite/instant.txt Output/alacconvert-decode.out-nat.time
/home/ed/mcsema-testing/llvm-test-suite/DiffOutput.sh "/home/ed/mcsema-testing/SANDBOX/test-2015-12-21_15-36-50/tools/fpcmp " simple alacconvert-decode 
rm -f Output/alacconvert-decode.exe-simple
cp Output/alacconvert-decode.diff-simple Output/alacconvert-decode.exe-simple
if test -f Output/alacconvert-decode.extra-results.txt; then \
	  /home/ed/mcsema-testing/llvm-test-suite/ParseMultipleResults /home/ed/mcsema-testing/SANDBOX/test-2015-12-21_15-36-50/MultiSource/Applications/ALAC/decode/alacconvert-decode Output/alacconvert-decode.extra-results.txt >> Output/alacconvert-decode.simple.exec.report.txt; \
	fi
cat Output/alacconvert-decode.simple.compile.report.txt Output/alacconvert-decode.simple.exec.report.txt >> Output/alacconvert-decode.simple.report.txt
---------------------------------------------------------------
>>> ========= '/home/ed/mcsema-testing/SANDBOX/test-2015-12-21_15-36-50/MultiSource/Applications/ALAC/decode/alacconvert-decode' Program
---------------------------------------------------------------

TEST-PASS: compile /home/ed/mcsema-testing/SANDBOX/test-2015-12-21_15-36-50/MultiSource/Applications/ALAC/decode/alacconvert-decode
TEST-RESULT-compile-success: pass
TEST-RESULT-compile-hash: f655dd42570f66c4b8f67d0521a34e5a
TEST-RESULT-compile-time: user 0.816700
TEST-RESULT-compile-real-time: real 1.005600

TEST-PASS: exec /home/ed/mcsema-testing/SANDBOX/test-2015-12-21_15-36-50/MultiSource/Applications/ALAC/decode/alacconvert-decode
TEST-RESULT-exec-success: pass
TEST-RESULT-exec-time: user       0.0167
TEST-RESULT-exec-real-time: real       0.0191
make[5]: Leaving directory `/home/ed/mcsema-testing/SANDBOX/test-2015-12-21_15-36-50/MultiSource/Applications/ALAC/decode'
make[4]: Leaving directory `/home/ed/mcsema-testing/SANDBOX/test-2015-12-21_15-36-50/MultiSource/Applications/ALAC'
make[4]: Entering directory `/home/ed/mcsema-testing/SANDBOX/test-2015-12-21_15-36-50/MultiSource/Applications/lua'
if [ ! -f ./generate_inputs.sh ]; \
	then \
		cp -f /home/ed/mcsema-testing/llvm-test-suite/MultiSource/Applications/lua/generate_inputs.sh . ; \
		cp -f -r /home/ed/mcsema-testing/llvm-test-suite/MultiSource/Applications/lua/test . ; \
		cp -f -r /home/ed/mcsema-testing/llvm-test-suite/MultiSource/Applications/lua/bench . ; \
		cp -f -r /home/ed/mcsema-testing/llvm-test-suite/MultiSource/Applications/lua/input . ; \
		cp -f /home/ed/mcsema-testing/llvm-test-suite/MultiSource/Applications/lua/*.lua . ; \
	fi
./generate_inputs.sh
gen. input file: 'input/moments-input400000.txt'
gen. input file: 'input/regexmatch-input2000.txt'
gen. input file: 'input/reversefile-input50.txt'
gen. input file: 'input/spellcheck-input30.txt'
gen. input file: 'input/sumcol-input2000.txt'
gen. input file: 'input/wc-input3000.txt'
gen. input file: 'input/wordfreq-input20.txt'
/home/ed/mcsema-testing/llvm-test-suite/RunSafely.sh --show-errors -t "/home/ed/mcsema-testing/SANDBOX/test-2015-12-21_15-36-50/tools/timeit" 500 /dev/null Output/lapi.llvm.o.compile \
	  /usr/bin/clang -DLUA_USE_POSIX -I/home/ed/mcsema-testing/SANDBOX/test-2015-12-21_15-36-50/MultiSource/Applications/lua -I/home/ed/mcsema-testing/llvm-test-suite/MultiSource/Applications/lua -I/home/ed/mcsema-testing/llvm-test-suite/include -I../../..//include -D_GNU_SOURCE -D__STDC_LIMIT_MACROS -DNDEBUG  -O3  -m64 -fomit-frame-pointer -c /home/ed/mcsema-testing/llvm-test-suite/MultiSource/Applications/lua/lapi.c -o Output/lapi.llvm.o
/home/ed/mcsema-testing/llvm-test-suite/RunSafely.sh --show-errors -t "/home/ed/mcsema-testing/SANDBOX/test-2015-12-21_15-36-50/tools/timeit" 500 /dev/null Output/lauxlib.llvm.o.compile \
	  /usr/bin/clang -DLUA_USE_POSIX -I/home/ed/mcsema-testing/SANDBOX/test-2015-12-21_15-36-50/MultiSource/Applications/lua -I/home/ed/mcsema-testing/llvm-test-suite/MultiSource/Applications/lua -I/home/ed/mcsema-testing/llvm-test-suite/include -I../../..//include -D_GNU_SOURCE -D__STDC_LIMIT_MACROS -DNDEBUG  -O3  -m64 -fomit-frame-pointer -c /home/ed/mcsema-testing/llvm-test-suite/MultiSource/Applications/lua/lauxlib.c -o Output/lauxlib.llvm.o
/home/ed/mcsema-testing/llvm-test-suite/RunSafely.sh --show-errors -t "/home/ed/mcsema-testing/SANDBOX/test-2015-12-21_15-36-50/tools/timeit" 500 /dev/null Output/lbaselib.llvm.o.compile \
	  /usr/bin/clang -DLUA_USE_POSIX -I/home/ed/mcsema-testing/SANDBOX/test-2015-12-21_15-36-50/MultiSource/Applications/lua -I/home/ed/mcsema-testing/llvm-test-suite/MultiSource/Applications/lua -I/home/ed/mcsema-testing/llvm-test-suite/include -I../../..//include -D_GNU_SOURCE -D__STDC_LIMIT_MACROS -DNDEBUG  -O3  -m64 -fomit-frame-pointer -c /home/ed/mcsema-testing/llvm-test-suite/MultiSource/Applications/lua/lbaselib.c -o Output/lbaselib.llvm.o
/home/ed/mcsema-testing/llvm-test-suite/RunSafely.sh --show-errors -t "/home/ed/mcsema-testing/SANDBOX/test-2015-12-21_15-36-50/tools/timeit" 500 /dev/null Output/lcode.llvm.o.compile \
	  /usr/bin/clang -DLUA_USE_POSIX -I/home/ed/mcsema-testing/SANDBOX/test-2015-12-21_15-36-50/MultiSource/Applications/lua -I/home/ed/mcsema-testing/llvm-test-suite/MultiSource/Applications/lua -I/home/ed/mcsema-testing/llvm-test-suite/include -I../../..//include -D_GNU_SOURCE -D__STDC_LIMIT_MACROS -DNDEBUG  -O3  -m64 -fomit-frame-pointer -c /home/ed/mcsema-testing/llvm-test-suite/MultiSource/Applications/lua/lcode.c -o Output/lcode.llvm.o
/home/ed/mcsema-testing/llvm-test-suite/RunSafely.sh --show-errors -t "/home/ed/mcsema-testing/SANDBOX/test-2015-12-21_15-36-50/tools/timeit" 500 /dev/null Output/ldblib.llvm.o.compile \
	  /usr/bin/clang -DLUA_USE_POSIX -I/home/ed/mcsema-testing/SANDBOX/test-2015-12-21_15-36-50/MultiSource/Applications/lua -I/home/ed/mcsema-testing/llvm-test-suite/MultiSource/Applications/lua -I/home/ed/mcsema-testing/llvm-test-suite/include -I../../..//include -D_GNU_SOURCE -D__STDC_LIMIT_MACROS -DNDEBUG  -O3  -m64 -fomit-frame-pointer -c /home/ed/mcsema-testing/llvm-test-suite/MultiSource/Applications/lua/ldblib.c -o Output/ldblib.llvm.o
/home/ed/mcsema-testing/llvm-test-suite/RunSafely.sh --show-errors -t "/home/ed/mcsema-testing/SANDBOX/test-2015-12-21_15-36-50/tools/timeit" 500 /dev/null Output/ldebug.llvm.o.compile \
	  /usr/bin/clang -DLUA_USE_POSIX -I/home/ed/mcsema-testing/SANDBOX/test-2015-12-21_15-36-50/MultiSource/Applications/lua -I/home/ed/mcsema-testing/llvm-test-suite/MultiSource/Applications/lua -I/home/ed/mcsema-testing/llvm-test-suite/include -I../../..//include -D_GNU_SOURCE -D__STDC_LIMIT_MACROS -DNDEBUG  -O3  -m64 -fomit-frame-pointer -c /home/ed/mcsema-testing/llvm-test-suite/MultiSource/Applications/lua/ldebug.c -o Output/ldebug.llvm.o
/home/ed/mcsema-testing/llvm-test-suite/RunSafely.sh --show-errors -t "/home/ed/mcsema-testing/SANDBOX/test-2015-12-21_15-36-50/tools/timeit" 500 /dev/null Output/ldo.llvm.o.compile \
	  /usr/bin/clang -DLUA_USE_POSIX -I/home/ed/mcsema-testing/SANDBOX/test-2015-12-21_15-36-50/MultiSource/Applications/lua -I/home/ed/mcsema-testing/llvm-test-suite/MultiSource/Applications/lua -I/home/ed/mcsema-testing/llvm-test-suite/include -I../../..//include -D_GNU_SOURCE -D__STDC_LIMIT_MACROS -DNDEBUG  -O3  -m64 -fomit-frame-pointer -c /home/ed/mcsema-testing/llvm-test-suite/MultiSource/Applications/lua/ldo.c -o Output/ldo.llvm.o
/home/ed/mcsema-testing/llvm-test-suite/RunSafely.sh --show-errors -t "/home/ed/mcsema-testing/SANDBOX/test-2015-12-21_15-36-50/tools/timeit" 500 /dev/null Output/ldump.llvm.o.compile \
	  /usr/bin/clang -DLUA_USE_POSIX -I/home/ed/mcsema-testing/SANDBOX/test-2015-12-21_15-36-50/MultiSource/Applications/lua -I/home/ed/mcsema-testing/llvm-test-suite/MultiSource/Applications/lua -I/home/ed/mcsema-testing/llvm-test-suite/include -I../../..//include -D_GNU_SOURCE -D__STDC_LIMIT_MACROS -DNDEBUG  -O3  -m64 -fomit-frame-pointer -c /home/ed/mcsema-testing/llvm-test-suite/MultiSource/Applications/lua/ldump.c -o Output/ldump.llvm.o
/home/ed/mcsema-testing/llvm-test-suite/RunSafely.sh --show-errors -t "/home/ed/mcsema-testing/SANDBOX/test-2015-12-21_15-36-50/tools/timeit" 500 /dev/null Output/lfunc.llvm.o.compile \
	  /usr/bin/clang -DLUA_USE_POSIX -I/home/ed/mcsema-testing/SANDBOX/test-2015-12-21_15-36-50/MultiSource/Applications/lua -I/home/ed/mcsema-testing/llvm-test-suite/MultiSource/Applications/lua -I/home/ed/mcsema-testing/llvm-test-suite/include -I../../..//include -D_GNU_SOURCE -D__STDC_LIMIT_MACROS -DNDEBUG  -O3  -m64 -fomit-frame-pointer -c /home/ed/mcsema-testing/llvm-test-suite/MultiSource/Applications/lua/lfunc.c -o Output/lfunc.llvm.o
/home/ed/mcsema-testing/llvm-test-suite/RunSafely.sh --show-errors -t "/home/ed/mcsema-testing/SANDBOX/test-2015-12-21_15-36-50/tools/timeit" 500 /dev/null Output/lgc.llvm.o.compile \
	  /usr/bin/clang -DLUA_USE_POSIX -I/home/ed/mcsema-testing/SANDBOX/test-2015-12-21_15-36-50/MultiSource/Applications/lua -I/home/ed/mcsema-testing/llvm-test-suite/MultiSource/Applications/lua -I/home/ed/mcsema-testing/llvm-test-suite/include -I../../..//include -D_GNU_SOURCE -D__STDC_LIMIT_MACROS -DNDEBUG  -O3  -m64 -fomit-frame-pointer -c /home/ed/mcsema-testing/llvm-test-suite/MultiSource/Applications/lua/lgc.c -o Output/lgc.llvm.o
/home/ed/mcsema-testing/llvm-test-suite/RunSafely.sh --show-errors -t "/home/ed/mcsema-testing/SANDBOX/test-2015-12-21_15-36-50/tools/timeit" 500 /dev/null Output/linit.llvm.o.compile \
	  /usr/bin/clang -DLUA_USE_POSIX -I/home/ed/mcsema-testing/SANDBOX/test-2015-12-21_15-36-50/MultiSource/Applications/lua -I/home/ed/mcsema-testing/llvm-test-suite/MultiSource/Applications/lua -I/home/ed/mcsema-testing/llvm-test-suite/include -I../../..//include -D_GNU_SOURCE -D__STDC_LIMIT_MACROS -DNDEBUG  -O3  -m64 -fomit-frame-pointer -c /home/ed/mcsema-testing/llvm-test-suite/MultiSource/Applications/lua/linit.c -o Output/linit.llvm.o
/home/ed/mcsema-testing/llvm-test-suite/RunSafely.sh --show-errors -t "/home/ed/mcsema-testing/SANDBOX/test-2015-12-21_15-36-50/tools/timeit" 500 /dev/null Output/liolib.llvm.o.compile \
	  /usr/bin/clang -DLUA_USE_POSIX -I/home/ed/mcsema-testing/SANDBOX/test-2015-12-21_15-36-50/MultiSource/Applications/lua -I/home/ed/mcsema-testing/llvm-test-suite/MultiSource/Applications/lua -I/home/ed/mcsema-testing/llvm-test-suite/include -I../../..//include -D_GNU_SOURCE -D__STDC_LIMIT_MACROS -DNDEBUG  -O3  -m64 -fomit-frame-pointer -c /home/ed/mcsema-testing/llvm-test-suite/MultiSource/Applications/lua/liolib.c -o Output/liolib.llvm.o
/home/ed/mcsema-testing/llvm-test-suite/RunSafely.sh --show-errors -t "/home/ed/mcsema-testing/SANDBOX/test-2015-12-21_15-36-50/tools/timeit" 500 /dev/null Output/llex.llvm.o.compile \
	  /usr/bin/clang -DLUA_USE_POSIX -I/home/ed/mcsema-testing/SANDBOX/test-2015-12-21_15-36-50/MultiSource/Applications/lua -I/home/ed/mcsema-testing/llvm-test-suite/MultiSource/Applications/lua -I/home/ed/mcsema-testing/llvm-test-suite/include -I../../..//include -D_GNU_SOURCE -D__STDC_LIMIT_MACROS -DNDEBUG  -O3  -m64 -fomit-frame-pointer -c /home/ed/mcsema-testing/llvm-test-suite/MultiSource/Applications/lua/llex.c -o Output/llex.llvm.o
/home/ed/mcsema-testing/llvm-test-suite/RunSafely.sh --show-errors -t "/home/ed/mcsema-testing/SANDBOX/test-2015-12-21_15-36-50/tools/timeit" 500 /dev/null Output/lmathlib.llvm.o.compile \
	  /usr/bin/clang -DLUA_USE_POSIX -I/home/ed/mcsema-testing/SANDBOX/test-2015-12-21_15-36-50/MultiSource/Applications/lua -I/home/ed/mcsema-testing/llvm-test-suite/MultiSource/Applications/lua -I/home/ed/mcsema-testing/llvm-test-suite/include -I../../..//include -D_GNU_SOURCE -D__STDC_LIMIT_MACROS -DNDEBUG  -O3  -m64 -fomit-frame-pointer -c /home/ed/mcsema-testing/llvm-test-suite/MultiSource/Applications/lua/lmathlib.c -o Output/lmathlib.llvm.o
/home/ed/mcsema-testing/llvm-test-suite/RunSafely.sh --show-errors -t "/home/ed/mcsema-testing/SANDBOX/test-2015-12-21_15-36-50/tools/timeit" 500 /dev/null Output/lmem.llvm.o.compile \
	  /usr/bin/clang -DLUA_USE_POSIX -I/home/ed/mcsema-testing/SANDBOX/test-2015-12-21_15-36-50/MultiSource/Applications/lua -I/home/ed/mcsema-testing/llvm-test-suite/MultiSource/Applications/lua -I/home/ed/mcsema-testing/llvm-test-suite/include -I../../..//include -D_GNU_SOURCE -D__STDC_LIMIT_MACROS -DNDEBUG  -O3  -m64 -fomit-frame-pointer -c /home/ed/mcsema-testing/llvm-test-suite/MultiSource/Applications/lua/lmem.c -o Output/lmem.llvm.o
/home/ed/mcsema-testing/llvm-test-suite/RunSafely.sh --show-errors -t "/home/ed/mcsema-testing/SANDBOX/test-2015-12-21_15-36-50/tools/timeit" 500 /dev/null Output/loadlib.llvm.o.compile \
	  /usr/bin/clang -DLUA_USE_POSIX -I/home/ed/mcsema-testing/SANDBOX/test-2015-12-21_15-36-50/MultiSource/Applications/lua -I/home/ed/mcsema-testing/llvm-test-suite/MultiSource/Applications/lua -I/home/ed/mcsema-testing/llvm-test-suite/include -I../../..//include -D_GNU_SOURCE -D__STDC_LIMIT_MACROS -DNDEBUG  -O3  -m64 -fomit-frame-pointer -c /home/ed/mcsema-testing/llvm-test-suite/MultiSource/Applications/lua/loadlib.c -o Output/loadlib.llvm.o
/home/ed/mcsema-testing/llvm-test-suite/RunSafely.sh --show-errors -t "/home/ed/mcsema-testing/SANDBOX/test-2015-12-21_15-36-50/tools/timeit" 500 /dev/null Output/lobject.llvm.o.compile \
	  /usr/bin/clang -DLUA_USE_POSIX -I/home/ed/mcsema-testing/SANDBOX/test-2015-12-21_15-36-50/MultiSource/Applications/lua -I/home/ed/mcsema-testing/llvm-test-suite/MultiSource/Applications/lua -I/home/ed/mcsema-testing/llvm-test-suite/include -I../../..//include -D_GNU_SOURCE -D__STDC_LIMIT_MACROS -DNDEBUG  -O3  -m64 -fomit-frame-pointer -c /home/ed/mcsema-testing/llvm-test-suite/MultiSource/Applications/lua/lobject.c -o Output/lobject.llvm.o
/home/ed/mcsema-testing/llvm-test-suite/RunSafely.sh --show-errors -t "/home/ed/mcsema-testing/SANDBOX/test-2015-12-21_15-36-50/tools/timeit" 500 /dev/null Output/lopcodes.llvm.o.compile \
	  /usr/bin/clang -DLUA_USE_POSIX -I/home/ed/mcsema-testing/SANDBOX/test-2015-12-21_15-36-50/MultiSource/Applications/lua -I/home/ed/mcsema-testing/llvm-test-suite/MultiSource/Applications/lua -I/home/ed/mcsema-testing/llvm-test-suite/include -I../../..//include -D_GNU_SOURCE -D__STDC_LIMIT_MACROS -DNDEBUG  -O3  -m64 -fomit-frame-pointer -c /home/ed/mcsema-testing/llvm-test-suite/MultiSource/Applications/lua/lopcodes.c -o Output/lopcodes.llvm.o
/home/ed/mcsema-testing/llvm-test-suite/RunSafely.sh --show-errors -t "/home/ed/mcsema-testing/SANDBOX/test-2015-12-21_15-36-50/tools/timeit" 500 /dev/null Output/loslib.llvm.o.compile \
	  /usr/bin/clang -DLUA_USE_POSIX -I/home/ed/mcsema-testing/SANDBOX/test-2015-12-21_15-36-50/MultiSource/Applications/lua -I/home/ed/mcsema-testing/llvm-test-suite/MultiSource/Applications/lua -I/home/ed/mcsema-testing/llvm-test-suite/include -I../../..//include -D_GNU_SOURCE -D__STDC_LIMIT_MACROS -DNDEBUG  -O3  -m64 -fomit-frame-pointer -c /home/ed/mcsema-testing/llvm-test-suite/MultiSource/Applications/lua/loslib.c -o Output/loslib.llvm.o
/home/ed/mcsema-testing/llvm-test-suite/RunSafely.sh --show-errors -t "/home/ed/mcsema-testing/SANDBOX/test-2015-12-21_15-36-50/tools/timeit" 500 /dev/null Output/lparser.llvm.o.compile \
	  /usr/bin/clang -DLUA_USE_POSIX -I/home/ed/mcsema-testing/SANDBOX/test-2015-12-21_15-36-50/MultiSource/Applications/lua -I/home/ed/mcsema-testing/llvm-test-suite/MultiSource/Applications/lua -I/home/ed/mcsema-testing/llvm-test-suite/include -I../../..//include -D_GNU_SOURCE -D__STDC_LIMIT_MACROS -DNDEBUG  -O3  -m64 -fomit-frame-pointer -c /home/ed/mcsema-testing/llvm-test-suite/MultiSource/Applications/lua/lparser.c -o Output/lparser.llvm.o
/home/ed/mcsema-testing/llvm-test-suite/RunSafely.sh --show-errors -t "/home/ed/mcsema-testing/SANDBOX/test-2015-12-21_15-36-50/tools/timeit" 500 /dev/null Output/lstate.llvm.o.compile \
	  /usr/bin/clang -DLUA_USE_POSIX -I/home/ed/mcsema-testing/SANDBOX/test-2015-12-21_15-36-50/MultiSource/Applications/lua -I/home/ed/mcsema-testing/llvm-test-suite/MultiSource/Applications/lua -I/home/ed/mcsema-testing/llvm-test-suite/include -I../../..//include -D_GNU_SOURCE -D__STDC_LIMIT_MACROS -DNDEBUG  -O3  -m64 -fomit-frame-pointer -c /home/ed/mcsema-testing/llvm-test-suite/MultiSource/Applications/lua/lstate.c -o Output/lstate.llvm.o
/home/ed/mcsema-testing/llvm-test-suite/RunSafely.sh --show-errors -t "/home/ed/mcsema-testing/SANDBOX/test-2015-12-21_15-36-50/tools/timeit" 500 /dev/null Output/lstring.llvm.o.compile \
	  /usr/bin/clang -DLUA_USE_POSIX -I/home/ed/mcsema-testing/SANDBOX/test-2015-12-21_15-36-50/MultiSource/Applications/lua -I/home/ed/mcsema-testing/llvm-test-suite/MultiSource/Applications/lua -I/home/ed/mcsema-testing/llvm-test-suite/include -I../../..//include -D_GNU_SOURCE -D__STDC_LIMIT_MACROS -DNDEBUG  -O3  -m64 -fomit-frame-pointer -c /home/ed/mcsema-testing/llvm-test-suite/MultiSource/Applications/lua/lstring.c -o Output/lstring.llvm.o
/home/ed/mcsema-testing/llvm-test-suite/RunSafely.sh --show-errors -t "/home/ed/mcsema-testing/SANDBOX/test-2015-12-21_15-36-50/tools/timeit" 500 /dev/null Output/lstrlib.llvm.o.compile \
	  /usr/bin/clang -DLUA_USE_POSIX -I/home/ed/mcsema-testing/SANDBOX/test-2015-12-21_15-36-50/MultiSource/Applications/lua -I/home/ed/mcsema-testing/llvm-test-suite/MultiSource/Applications/lua -I/home/ed/mcsema-testing/llvm-test-suite/include -I../../..//include -D_GNU_SOURCE -D__STDC_LIMIT_MACROS -DNDEBUG  -O3  -m64 -fomit-frame-pointer -c /home/ed/mcsema-testing/llvm-test-suite/MultiSource/Applications/lua/lstrlib.c -o Output/lstrlib.llvm.o
/home/ed/mcsema-testing/llvm-test-suite/RunSafely.sh --show-errors -t "/home/ed/mcsema-testing/SANDBOX/test-2015-12-21_15-36-50/tools/timeit" 500 /dev/null Output/ltable.llvm.o.compile \
	  /usr/bin/clang -DLUA_USE_POSIX -I/home/ed/mcsema-testing/SANDBOX/test-2015-12-21_15-36-50/MultiSource/Applications/lua -I/home/ed/mcsema-testing/llvm-test-suite/MultiSource/Applications/lua -I/home/ed/mcsema-testing/llvm-test-suite/include -I../../..//include -D_GNU_SOURCE -D__STDC_LIMIT_MACROS -DNDEBUG  -O3  -m64 -fomit-frame-pointer -c /home/ed/mcsema-testing/llvm-test-suite/MultiSource/Applications/lua/ltable.c -o Output/ltable.llvm.o
/home/ed/mcsema-testing/llvm-test-suite/RunSafely.sh --show-errors -t "/home/ed/mcsema-testing/SANDBOX/test-2015-12-21_15-36-50/tools/timeit" 500 /dev/null Output/ltablib.llvm.o.compile \
	  /usr/bin/clang -DLUA_USE_POSIX -I/home/ed/mcsema-testing/SANDBOX/test-2015-12-21_15-36-50/MultiSource/Applications/lua -I/home/ed/mcsema-testing/llvm-test-suite/MultiSource/Applications/lua -I/home/ed/mcsema-testing/llvm-test-suite/include -I../../..//include -D_GNU_SOURCE -D__STDC_LIMIT_MACROS -DNDEBUG  -O3  -m64 -fomit-frame-pointer -c /home/ed/mcsema-testing/llvm-test-suite/MultiSource/Applications/lua/ltablib.c -o Output/ltablib.llvm.o
/home/ed/mcsema-testing/llvm-test-suite/RunSafely.sh --show-errors -t "/home/ed/mcsema-testing/SANDBOX/test-2015-12-21_15-36-50/tools/timeit" 500 /dev/null Output/ltm.llvm.o.compile \
	  /usr/bin/clang -DLUA_USE_POSIX -I/home/ed/mcsema-testing/SANDBOX/test-2015-12-21_15-36-50/MultiSource/Applications/lua -I/home/ed/mcsema-testing/llvm-test-suite/MultiSource/Applications/lua -I/home/ed/mcsema-testing/llvm-test-suite/include -I../../..//include -D_GNU_SOURCE -D__STDC_LIMIT_MACROS -DNDEBUG  -O3  -m64 -fomit-frame-pointer -c /home/ed/mcsema-testing/llvm-test-suite/MultiSource/Applications/lua/ltm.c -o Output/ltm.llvm.o
/home/ed/mcsema-testing/llvm-test-suite/RunSafely.sh --show-errors -t "/home/ed/mcsema-testing/SANDBOX/test-2015-12-21_15-36-50/tools/timeit" 500 /dev/null Output/lua.llvm.o.compile \
	  /usr/bin/clang -DLUA_USE_POSIX -I/home/ed/mcsema-testing/SANDBOX/test-2015-12-21_15-36-50/MultiSource/Applications/lua -I/home/ed/mcsema-testing/llvm-test-suite/MultiSource/Applications/lua -I/home/ed/mcsema-testing/llvm-test-suite/include -I../../..//include -D_GNU_SOURCE -D__STDC_LIMIT_MACROS -DNDEBUG  -O3  -m64 -fomit-frame-pointer -c /home/ed/mcsema-testing/llvm-test-suite/MultiSource/Applications/lua/lua.c -o Output/lua.llvm.o
/home/ed/mcsema-testing/llvm-test-suite/RunSafely.sh --show-errors -t "/home/ed/mcsema-testing/SANDBOX/test-2015-12-21_15-36-50/tools/timeit" 500 /dev/null Output/lundump.llvm.o.compile \
	  /usr/bin/clang -DLUA_USE_POSIX -I/home/ed/mcsema-testing/SANDBOX/test-2015-12-21_15-36-50/MultiSource/Applications/lua -I/home/ed/mcsema-testing/llvm-test-suite/MultiSource/Applications/lua -I/home/ed/mcsema-testing/llvm-test-suite/include -I../../..//include -D_GNU_SOURCE -D__STDC_LIMIT_MACROS -DNDEBUG  -O3  -m64 -fomit-frame-pointer -c /home/ed/mcsema-testing/llvm-test-suite/MultiSource/Applications/lua/lundump.c -o Output/lundump.llvm.o
/home/ed/mcsema-testing/llvm-test-suite/RunSafely.sh --show-errors -t "/home/ed/mcsema-testing/SANDBOX/test-2015-12-21_15-36-50/tools/timeit" 500 /dev/null Output/lvm.llvm.o.compile \
	  /usr/bin/clang -DLUA_USE_POSIX -I/home/ed/mcsema-testing/SANDBOX/test-2015-12-21_15-36-50/MultiSource/Applications/lua -I/home/ed/mcsema-testing/llvm-test-suite/MultiSource/Applications/lua -I/home/ed/mcsema-testing/llvm-test-suite/include -I../../..//include -D_GNU_SOURCE -D__STDC_LIMIT_MACROS -DNDEBUG  -O3  -m64 -fomit-frame-pointer -c /home/ed/mcsema-testing/llvm-test-suite/MultiSource/Applications/lua/lvm.c -o Output/lvm.llvm.o
/home/ed/mcsema-testing/llvm-test-suite/RunSafely.sh --show-errors -t "/home/ed/mcsema-testing/SANDBOX/test-2015-12-21_15-36-50/tools/timeit" 500 /dev/null Output/lzio.llvm.o.compile \
	  /usr/bin/clang -DLUA_USE_POSIX -I/home/ed/mcsema-testing/SANDBOX/test-2015-12-21_15-36-50/MultiSource/Applications/lua -I/home/ed/mcsema-testing/llvm-test-suite/MultiSource/Applications/lua -I/home/ed/mcsema-testing/llvm-test-suite/include -I../../..//include -D_GNU_SOURCE -D__STDC_LIMIT_MACROS -DNDEBUG  -O3  -m64 -fomit-frame-pointer -c /home/ed/mcsema-testing/llvm-test-suite/MultiSource/Applications/lua/lzio.c -o Output/lzio.llvm.o
/usr/bin/clang++ -o Output/lua.simple Output/lapi.llvm.o Output/lauxlib.llvm.o Output/lbaselib.llvm.o Output/lcode.llvm.o Output/ldblib.llvm.o Output/ldebug.llvm.o Output/ldo.llvm.o Output/ldump.llvm.o Output/lfunc.llvm.o Output/lgc.llvm.o Output/linit.llvm.o Output/liolib.llvm.o Output/llex.llvm.o Output/lmathlib.llvm.o Output/lmem.llvm.o Output/loadlib.llvm.o Output/lobject.llvm.o Output/lopcodes.llvm.o Output/loslib.llvm.o Output/lparser.llvm.o Output/lstate.llvm.o Output/lstring.llvm.o Output/lstrlib.llvm.o Output/ltable.llvm.o Output/ltablib.llvm.o Output/ltm.llvm.o Output/lua.llvm.o Output/lundump.llvm.o Output/lvm.llvm.o Output/lzio.llvm.o -lm   -m64 -fomit-frame-pointer
/home/ed/mcsema-testing/llvm-test-suite/RunSafely.sh -t "/home/ed/mcsema-testing/SANDBOX/test-2015-12-21_15-36-50/tools/timeit-target" 500 /dev/null Output/lua.out-simple Output/lua.simple alltests.lua "\<in"
/home/ed/mcsema-testing/llvm-test-suite/HashProgramOutput.sh Output/lua.out-simple
cp Output/lua.simple Output/lua.simple-hash; \
	strip --remove-section=.comment --remove-section='.note*' Output/lua.simple-hash; \
	/home/ed/mcsema-testing/llvm-test-suite/HashProgramOutput.sh Output/lua.simple-hash
if [ -f "/home/ed/mcsema-testing/llvm-test-suite/MultiSource/Applications/lua/lua.reference_output.little-endian." ]; then \
	  cp /home/ed/mcsema-testing/llvm-test-suite/MultiSource/Applications/lua/lua.reference_output.little-endian. Output/lua.out-nat; \
	elif [ -f "/home/ed/mcsema-testing/llvm-test-suite/MultiSource/Applications/lua/lua.reference_output." ]; then \
	  cp /home/ed/mcsema-testing/llvm-test-suite/MultiSource/Applications/lua/lua.reference_output. Output/lua.out-nat; \
	elif [ -f "/home/ed/mcsema-testing/llvm-test-suite/MultiSource/Applications/lua/lua.reference_output.little-endian" ]; then \
	  cp /home/ed/mcsema-testing/llvm-test-suite/MultiSource/Applications/lua/lua.reference_output.little-endian Output/lua.out-nat; \
	elif [ -f "/home/ed/mcsema-testing/llvm-test-suite/MultiSource/Applications/lua/lua.reference_output" ]; then \
	  cp /home/ed/mcsema-testing/llvm-test-suite/MultiSource/Applications/lua/lua.reference_output Output/lua.out-nat; \
	else \
	  printf "WARNING: %s: %s\n" "NO REFERENCE OUTPUT (using default)" "/home/ed/mcsema-testing/llvm-test-suite/MultiSource/Applications/lua/lua.reference_output" > Output/lua.out-nat; \
	  cp /home/ed/mcsema-testing/llvm-test-suite/default.reference_output Output/lua.out-nat; \
	  cat Output/lua.out-nat; \
	fi
# Pretend that the reference output was produced instantaneously.
cp /home/ed/mcsema-testing/llvm-test-suite/instant.txt Output/lua.out-nat.time
/home/ed/mcsema-testing/llvm-test-suite/DiffOutput.sh "diff " simple lua 
rm -f Output/lua.exe-simple
cp Output/lua.diff-simple Output/lua.exe-simple
if test -f Output/lua.extra-results.txt; then \
	  /home/ed/mcsema-testing/llvm-test-suite/ParseMultipleResults /home/ed/mcsema-testing/SANDBOX/test-2015-12-21_15-36-50/MultiSource/Applications/lua/lua Output/lua.extra-results.txt >> Output/lua.simple.exec.report.txt; \
	fi
cat Output/lua.simple.compile.report.txt Output/lua.simple.exec.report.txt >> Output/lua.simple.report.txt
---------------------------------------------------------------
>>> ========= '/home/ed/mcsema-testing/SANDBOX/test-2015-12-21_15-36-50/MultiSource/Applications/lua/lua' Program
---------------------------------------------------------------

TEST-PASS: compile /home/ed/mcsema-testing/SANDBOX/test-2015-12-21_15-36-50/MultiSource/Applications/lua/lua
TEST-RESULT-compile-success: pass
TEST-RESULT-compile-hash: a4b0db8314ca2dbb6f29f62c653081c2
TEST-RESULT-compile-time: user 2.932500
TEST-RESULT-compile-real-time: real 3.458900

TEST-PASS: exec /home/ed/mcsema-testing/SANDBOX/test-2015-12-21_15-36-50/MultiSource/Applications/lua/lua
TEST-RESULT-exec-success: pass
TEST-RESULT-exec-time: user       17.6524
TEST-RESULT-exec-real-time: real       17.8098
make[4]: Leaving directory `/home/ed/mcsema-testing/SANDBOX/test-2015-12-21_15-36-50/MultiSource/Applications/lua'
make[4]: Entering directory `/home/ed/mcsema-testing/SANDBOX/test-2015-12-21_15-36-50/MultiSource/Applications/obsequi'
/home/ed/mcsema-testing/llvm-test-suite/RunSafely.sh --show-errors -t "/home/ed/mcsema-testing/SANDBOX/test-2015-12-21_15-36-50/tools/timeit" 500 /dev/null Output/display.llvm.o.compile \
	  /usr/bin/clang -DCOUNTBITS16 -DLASTBIT16 -DCOUNTMOVES_TABLE -DTWO_STAGE_GENERATION -DHASHCODEBITS=23 -I/home/ed/mcsema-testing/SANDBOX/test-2015-12-21_15-36-50/MultiSource/Applications/obsequi -I/home/ed/mcsema-testing/llvm-test-suite/MultiSource/Applications/obsequi -I/home/ed/mcsema-testing/llvm-test-suite/include -I../../../include -D_GNU_SOURCE -D__STDC_LIMIT_MACROS -DNDEBUG  -O3  -m64 -fomit-frame-pointer -c /home/ed/mcsema-testing/llvm-test-suite/MultiSource/Applications/obsequi/display.c -o Output/display.llvm.o
/home/ed/mcsema-testing/llvm-test-suite/RunSafely.sh --show-errors -t "/home/ed/mcsema-testing/SANDBOX/test-2015-12-21_15-36-50/tools/timeit" 500 /dev/null Output/does_x_win.llvm.o.compile \
	  /usr/bin/clang -DCOUNTBITS16 -DLASTBIT16 -DCOUNTMOVES_TABLE -DTWO_STAGE_GENERATION -DHASHCODEBITS=23 -I/home/ed/mcsema-testing/SANDBOX/test-2015-12-21_15-36-50/MultiSource/Applications/obsequi -I/home/ed/mcsema-testing/llvm-test-suite/MultiSource/Applications/obsequi -I/home/ed/mcsema-testing/llvm-test-suite/include -I../../../include -D_GNU_SOURCE -D__STDC_LIMIT_MACROS -DNDEBUG  -O3  -m64 -fomit-frame-pointer -c /home/ed/mcsema-testing/llvm-test-suite/MultiSource/Applications/obsequi/does_x_win.c -o Output/does_x_win.llvm.o
/home/ed/mcsema-testing/llvm-test-suite/RunSafely.sh --show-errors -t "/home/ed/mcsema-testing/SANDBOX/test-2015-12-21_15-36-50/tools/timeit" 500 /dev/null Output/hash.llvm.o.compile \
	  /usr/bin/clang -DCOUNTBITS16 -DLASTBIT16 -DCOUNTMOVES_TABLE -DTWO_STAGE_GENERATION -DHASHCODEBITS=23 -I/home/ed/mcsema-testing/SANDBOX/test-2015-12-21_15-36-50/MultiSource/Applications/obsequi -I/home/ed/mcsema-testing/llvm-test-suite/MultiSource/Applications/obsequi -I/home/ed/mcsema-testing/llvm-test-suite/include -I../../../include -D_GNU_SOURCE -D__STDC_LIMIT_MACROS -DNDEBUG  -O3  -m64 -fomit-frame-pointer -c /home/ed/mcsema-testing/llvm-test-suite/MultiSource/Applications/obsequi/hash.c -o Output/hash.llvm.o
/home/ed/mcsema-testing/llvm-test-suite/RunSafely.sh --show-errors -t "/home/ed/mcsema-testing/SANDBOX/test-2015-12-21_15-36-50/tools/timeit" 500 /dev/null Output/init.llvm.o.compile \
	  /usr/bin/clang -DCOUNTBITS16 -DLASTBIT16 -DCOUNTMOVES_TABLE -DTWO_STAGE_GENERATION -DHASHCODEBITS=23 -I/home/ed/mcsema-testing/SANDBOX/test-2015-12-21_15-36-50/MultiSource/Applications/obsequi -I/home/ed/mcsema-testing/llvm-test-suite/MultiSource/Applications/obsequi -I/home/ed/mcsema-testing/llvm-test-suite/include -I../../../include -D_GNU_SOURCE -D__STDC_LIMIT_MACROS -DNDEBUG  -O3  -m64 -fomit-frame-pointer -c /home/ed/mcsema-testing/llvm-test-suite/MultiSource/Applications/obsequi/init.c -o Output/init.llvm.o
/home/ed/mcsema-testing/llvm-test-suite/RunSafely.sh --show-errors -t "/home/ed/mcsema-testing/SANDBOX/test-2015-12-21_15-36-50/tools/timeit" 500 /dev/null Output/move_gen.llvm.o.compile \
	  /usr/bin/clang -DCOUNTBITS16 -DLASTBIT16 -DCOUNTMOVES_TABLE -DTWO_STAGE_GENERATION -DHASHCODEBITS=23 -I/home/ed/mcsema-testing/SANDBOX/test-2015-12-21_15-36-50/MultiSource/Applications/obsequi -I/home/ed/mcsema-testing/llvm-test-suite/MultiSource/Applications/obsequi -I/home/ed/mcsema-testing/llvm-test-suite/include -I../../../include -D_GNU_SOURCE -D__STDC_LIMIT_MACROS -DNDEBUG  -O3  -m64 -fomit-frame-pointer -c /home/ed/mcsema-testing/llvm-test-suite/MultiSource/Applications/obsequi/move_gen.c -o Output/move_gen.llvm.o
/home/ed/mcsema-testing/llvm-test-suite/RunSafely.sh --show-errors -t "/home/ed/mcsema-testing/SANDBOX/test-2015-12-21_15-36-50/tools/timeit" 500 /dev/null Output/move_sort.llvm.o.compile \
	  /usr/bin/clang -DCOUNTBITS16 -DLASTBIT16 -DCOUNTMOVES_TABLE -DTWO_STAGE_GENERATION -DHASHCODEBITS=23 -I/home/ed/mcsema-testing/SANDBOX/test-2015-12-21_15-36-50/MultiSource/Applications/obsequi -I/home/ed/mcsema-testing/llvm-test-suite/MultiSource/Applications/obsequi -I/home/ed/mcsema-testing/llvm-test-suite/include -I../../../include -D_GNU_SOURCE -D__STDC_LIMIT_MACROS -DNDEBUG  -O3  -m64 -fomit-frame-pointer -c /home/ed/mcsema-testing/llvm-test-suite/MultiSource/Applications/obsequi/move_sort.c -o Output/move_sort.llvm.o
/home/ed/mcsema-testing/llvm-test-suite/RunSafely.sh --show-errors -t "/home/ed/mcsema-testing/SANDBOX/test-2015-12-21_15-36-50/tools/timeit" 500 /dev/null Output/negamax.llvm.o.compile \
	  /usr/bin/clang -DCOUNTBITS16 -DLASTBIT16 -DCOUNTMOVES_TABLE -DTWO_STAGE_GENERATION -DHASHCODEBITS=23 -I/home/ed/mcsema-testing/SANDBOX/test-2015-12-21_15-36-50/MultiSource/Applications/obsequi -I/home/ed/mcsema-testing/llvm-test-suite/MultiSource/Applications/obsequi -I/home/ed/mcsema-testing/llvm-test-suite/include -I../../../include -D_GNU_SOURCE -D__STDC_LIMIT_MACROS -DNDEBUG  -O3  -m64 -fomit-frame-pointer -c /home/ed/mcsema-testing/llvm-test-suite/MultiSource/Applications/obsequi/negamax.c -o Output/negamax.llvm.o
/home/ed/mcsema-testing/llvm-test-suite/RunSafely.sh --show-errors -t "/home/ed/mcsema-testing/SANDBOX/test-2015-12-21_15-36-50/tools/timeit" 500 /dev/null Output/obsequi.llvm.o.compile \
	  /usr/bin/clang -DCOUNTBITS16 -DLASTBIT16 -DCOUNTMOVES_TABLE -DTWO_STAGE_GENERATION -DHASHCODEBITS=23 -I/home/ed/mcsema-testing/SANDBOX/test-2015-12-21_15-36-50/MultiSource/Applications/obsequi -I/home/ed/mcsema-testing/llvm-test-suite/MultiSource/Applications/obsequi -I/home/ed/mcsema-testing/llvm-test-suite/include -I../../../include -D_GNU_SOURCE -D__STDC_LIMIT_MACROS -DNDEBUG  -O3  -m64 -fomit-frame-pointer -c /home/ed/mcsema-testing/llvm-test-suite/MultiSource/Applications/obsequi/obsequi.c -o Output/obsequi.llvm.o
/home/ed/mcsema-testing/llvm-test-suite/RunSafely.sh --show-errors -t "/home/ed/mcsema-testing/SANDBOX/test-2015-12-21_15-36-50/tools/timeit" 500 /dev/null Output/position_values.llvm.o.compile \
	  /usr/bin/clang -DCOUNTBITS16 -DLASTBIT16 -DCOUNTMOVES_TABLE -DTWO_STAGE_GENERATION -DHASHCODEBITS=23 -I/home/ed/mcsema-testing/SANDBOX/test-2015-12-21_15-36-50/MultiSource/Applications/obsequi -I/home/ed/mcsema-testing/llvm-test-suite/MultiSource/Applications/obsequi -I/home/ed/mcsema-testing/llvm-test-suite/include -I../../../include -D_GNU_SOURCE -D__STDC_LIMIT_MACROS -DNDEBUG  -O3  -m64 -fomit-frame-pointer -c /home/ed/mcsema-testing/llvm-test-suite/MultiSource/Applications/obsequi/position_values.c -o Output/position_values.llvm.o
/home/ed/mcsema-testing/llvm-test-suite/RunSafely.sh --show-errors -t "/home/ed/mcsema-testing/SANDBOX/test-2015-12-21_15-36-50/tools/timeit" 500 /dev/null Output/tables.llvm.o.compile \
	  /usr/bin/clang -DCOUNTBITS16 -DLASTBIT16 -DCOUNTMOVES_TABLE -DTWO_STAGE_GENERATION -DHASHCODEBITS=23 -I/home/ed/mcsema-testing/SANDBOX/test-2015-12-21_15-36-50/MultiSource/Applications/obsequi -I/home/ed/mcsema-testing/llvm-test-suite/MultiSource/Applications/obsequi -I/home/ed/mcsema-testing/llvm-test-suite/include -I../../../include -D_GNU_SOURCE -D__STDC_LIMIT_MACROS -DNDEBUG  -O3  -m64 -fomit-frame-pointer -c /home/ed/mcsema-testing/llvm-test-suite/MultiSource/Applications/obsequi/tables.c -o Output/tables.llvm.o
/home/ed/mcsema-testing/llvm-test-suite/RunSafely.sh --show-errors -t "/home/ed/mcsema-testing/SANDBOX/test-2015-12-21_15-36-50/tools/timeit" 500 /dev/null Output/toggle_move.llvm.o.compile \
	  /usr/bin/clang -DCOUNTBITS16 -DLASTBIT16 -DCOUNTMOVES_TABLE -DTWO_STAGE_GENERATION -DHASHCODEBITS=23 -I/home/ed/mcsema-testing/SANDBOX/test-2015-12-21_15-36-50/MultiSource/Applications/obsequi -I/home/ed/mcsema-testing/llvm-test-suite/MultiSource/Applications/obsequi -I/home/ed/mcsema-testing/llvm-test-suite/include -I../../../include -D_GNU_SOURCE -D__STDC_LIMIT_MACROS -DNDEBUG  -O3  -m64 -fomit-frame-pointer -c /home/ed/mcsema-testing/llvm-test-suite/MultiSource/Applications/obsequi/toggle_move.c -o Output/toggle_move.llvm.o
/home/ed/mcsema-testing/llvm-test-suite/RunSafely.sh --show-errors -t "/home/ed/mcsema-testing/SANDBOX/test-2015-12-21_15-36-50/tools/timeit" 500 /dev/null Output/traits.llvm.o.compile \
	  /usr/bin/clang -DCOUNTBITS16 -DLASTBIT16 -DCOUNTMOVES_TABLE -DTWO_STAGE_GENERATION -DHASHCODEBITS=23 -I/home/ed/mcsema-testing/SANDBOX/test-2015-12-21_15-36-50/MultiSource/Applications/obsequi -I/home/ed/mcsema-testing/llvm-test-suite/MultiSource/Applications/obsequi -I/home/ed/mcsema-testing/llvm-test-suite/include -I../../../include -D_GNU_SOURCE -D__STDC_LIMIT_MACROS -DNDEBUG  -O3  -m64 -fomit-frame-pointer -c /home/ed/mcsema-testing/llvm-test-suite/MultiSource/Applications/obsequi/traits.c -o Output/traits.llvm.o
/home/ed/mcsema-testing/llvm-test-suite/RunSafely.sh --show-errors -t "/home/ed/mcsema-testing/SANDBOX/test-2015-12-21_15-36-50/tools/timeit" 500 /dev/null Output/utils.llvm.o.compile \
	  /usr/bin/clang -DCOUNTBITS16 -DLASTBIT16 -DCOUNTMOVES_TABLE -DTWO_STAGE_GENERATION -DHASHCODEBITS=23 -I/home/ed/mcsema-testing/SANDBOX/test-2015-12-21_15-36-50/MultiSource/Applications/obsequi -I/home/ed/mcsema-testing/llvm-test-suite/MultiSource/Applications/obsequi -I/home/ed/mcsema-testing/llvm-test-suite/include -I../../../include -D_GNU_SOURCE -D__STDC_LIMIT_MACROS -DNDEBUG  -O3  -m64 -fomit-frame-pointer -c /home/ed/mcsema-testing/llvm-test-suite/MultiSource/Applications/obsequi/utils.c -o Output/utils.llvm.o
/usr/bin/clang++ -o Output/Obsequi.simple Output/display.llvm.o Output/does_x_win.llvm.o Output/hash.llvm.o Output/init.llvm.o Output/move_gen.llvm.o Output/move_sort.llvm.o Output/negamax.llvm.o Output/obsequi.llvm.o Output/position_values.llvm.o Output/tables.llvm.o Output/toggle_move.llvm.o Output/traits.llvm.o Output/utils.llvm.o -lsupc++   -m64 -fomit-frame-pointer
/home/ed/mcsema-testing/llvm-test-suite/RunSafely.sh -t "/home/ed/mcsema-testing/SANDBOX/test-2015-12-21_15-36-50/tools/timeit-target" 500 /home/ed/mcsema-testing/llvm-test-suite/MultiSource/Applications/obsequi/input Output/Obsequi.out-simple Output/Obsequi.simple 
cp Output/Obsequi.simple Output/Obsequi.simple-hash; \
	strip --remove-section=.comment --remove-section='.note*' Output/Obsequi.simple-hash; \
	/home/ed/mcsema-testing/llvm-test-suite/HashProgramOutput.sh Output/Obsequi.simple-hash
if [ -f "/home/ed/mcsema-testing/llvm-test-suite/MultiSource/Applications/obsequi/Obsequi.reference_output.little-endian." ]; then \
	  cp /home/ed/mcsema-testing/llvm-test-suite/MultiSource/Applications/obsequi/Obsequi.reference_output.little-endian. Output/Obsequi.out-nat; \
	elif [ -f "/home/ed/mcsema-testing/llvm-test-suite/MultiSource/Applications/obsequi/Obsequi.reference_output." ]; then \
	  cp /home/ed/mcsema-testing/llvm-test-suite/MultiSource/Applications/obsequi/Obsequi.reference_output. Output/Obsequi.out-nat; \
	elif [ -f "/home/ed/mcsema-testing/llvm-test-suite/MultiSource/Applications/obsequi/Obsequi.reference_output.little-endian" ]; then \
	  cp /home/ed/mcsema-testing/llvm-test-suite/MultiSource/Applications/obsequi/Obsequi.reference_output.little-endian Output/Obsequi.out-nat; \
	elif [ -f "/home/ed/mcsema-testing/llvm-test-suite/MultiSource/Applications/obsequi/Obsequi.reference_output" ]; then \
	  cp /home/ed/mcsema-testing/llvm-test-suite/MultiSource/Applications/obsequi/Obsequi.reference_output Output/Obsequi.out-nat; \
	else \
	  printf "WARNING: %s: %s\n" "NO REFERENCE OUTPUT (using default)" "/home/ed/mcsema-testing/llvm-test-suite/MultiSource/Applications/obsequi/Obsequi.reference_output" > Output/Obsequi.out-nat; \
	  cp /home/ed/mcsema-testing/llvm-test-suite/default.reference_output Output/Obsequi.out-nat; \
	  cat Output/Obsequi.out-nat; \
	fi
# Pretend that the reference output was produced instantaneously.
cp /home/ed/mcsema-testing/llvm-test-suite/instant.txt Output/Obsequi.out-nat.time
/home/ed/mcsema-testing/llvm-test-suite/DiffOutput.sh "/home/ed/mcsema-testing/SANDBOX/test-2015-12-21_15-36-50/tools/fpcmp " simple Obsequi 
rm -f Output/Obsequi.exe-simple
cp Output/Obsequi.diff-simple Output/Obsequi.exe-simple
if test -f Output/Obsequi.extra-results.txt; then \
	  /home/ed/mcsema-testing/llvm-test-suite/ParseMultipleResults /home/ed/mcsema-testing/SANDBOX/test-2015-12-21_15-36-50/MultiSource/Applications/obsequi/Obsequi Output/Obsequi.extra-results.txt >> Output/Obsequi.simple.exec.report.txt; \
	fi
cat Output/Obsequi.simple.compile.report.txt Output/Obsequi.simple.exec.report.txt >> Output/Obsequi.simple.report.txt
---------------------------------------------------------------
>>> ========= '/home/ed/mcsema-testing/SANDBOX/test-2015-12-21_15-36-50/MultiSource/Applications/obsequi/Obsequi' Program
---------------------------------------------------------------

TEST-PASS: compile /home/ed/mcsema-testing/SANDBOX/test-2015-12-21_15-36-50/MultiSource/Applications/obsequi/Obsequi
TEST-RESULT-compile-success: pass
TEST-RESULT-compile-hash: 13d9968856abcbb914a78d2a87b41e9a
TEST-RESULT-compile-time: user 0.854400
TEST-RESULT-compile-real-time: real 1.091400

TEST-PASS: exec /home/ed/mcsema-testing/SANDBOX/test-2015-12-21_15-36-50/MultiSource/Applications/obsequi/Obsequi
TEST-RESULT-exec-success: pass
TEST-RESULT-exec-time: user       1.5456
TEST-RESULT-exec-real-time: real       2.1045
make[4]: Leaving directory `/home/ed/mcsema-testing/SANDBOX/test-2015-12-21_15-36-50/MultiSource/Applications/obsequi'
make[4]: Entering directory `/home/ed/mcsema-testing/SANDBOX/test-2015-12-21_15-36-50/MultiSource/Applications/kimwitu++'
/home/ed/mcsema-testing/llvm-test-suite/RunSafely.sh --show-errors -t "/home/ed/mcsema-testing/SANDBOX/test-2015-12-21_15-36-50/tools/timeit" 500 /dev/null Output/abs.llvm.o.compile \
	  /usr/bin/clang++ -I/home/ed/mcsema-testing/llvm-test-suite/MultiSource/Applications/kimwitu++ -DYYDEBUG=1 -I/home/ed/mcsema-testing/SANDBOX/test-2015-12-21_15-36-50/MultiSource/Applications/kimwitu++ -I/home/ed/mcsema-testing/llvm-test-suite/MultiSource/Applications/kimwitu++ -I/home/ed/mcsema-testing/llvm-test-suite/include -I../../../include -D_GNU_SOURCE -D__STDC_LIMIT_MACROS -DNDEBUG  -O3  -m64 -fomit-frame-pointer -c /home/ed/mcsema-testing/llvm-test-suite/MultiSource/Applications/kimwitu++/abs.cc -o Output/abs.llvm.o
/home/ed/mcsema-testing/llvm-test-suite/RunSafely.sh --show-errors -t "/home/ed/mcsema-testing/SANDBOX/test-2015-12-21_15-36-50/tools/timeit" 500 /dev/null Output/error.llvm.o.compile \
	  /usr/bin/clang++ -I/home/ed/mcsema-testing/llvm-test-suite/MultiSource/Applications/kimwitu++ -DYYDEBUG=1 -I/home/ed/mcsema-testing/SANDBOX/test-2015-12-21_15-36-50/MultiSource/Applications/kimwitu++ -I/home/ed/mcsema-testing/llvm-test-suite/MultiSource/Applications/kimwitu++ -I/home/ed/mcsema-testing/llvm-test-suite/include -I../../../include -D_GNU_SOURCE -D__STDC_LIMIT_MACROS -DNDEBUG  -O3  -m64 -fomit-frame-pointer -c /home/ed/mcsema-testing/llvm-test-suite/MultiSource/Applications/kimwitu++/error.cc -o Output/error.llvm.o
/home/ed/mcsema-testing/llvm-test-suite/RunSafely.sh --show-errors -t "/home/ed/mcsema-testing/SANDBOX/test-2015-12-21_15-36-50/tools/timeit" 500 /dev/null Output/gen.llvm.o.compile \
	  /usr/bin/clang++ -I/home/ed/mcsema-testing/llvm-test-suite/MultiSource/Applications/kimwitu++ -DYYDEBUG=1 -I/home/ed/mcsema-testing/SANDBOX/test-2015-12-21_15-36-50/MultiSource/Applications/kimwitu++ -I/home/ed/mcsema-testing/llvm-test-suite/MultiSource/Applications/kimwitu++ -I/home/ed/mcsema-testing/llvm-test-suite/include -I../../../include -D_GNU_SOURCE -D__STDC_LIMIT_MACROS -DNDEBUG  -O3  -m64 -fomit-frame-pointer -c /home/ed/mcsema-testing/llvm-test-suite/MultiSource/Applications/kimwitu++/gen.cc -o Output/gen.llvm.o
/home/ed/mcsema-testing/llvm-test-suite/RunSafely.sh --show-errors -t "/home/ed/mcsema-testing/SANDBOX/test-2015-12-21_15-36-50/tools/timeit" 500 /dev/null Output/gutil.llvm.o.compile \
	  /usr/bin/clang++ -I/home/ed/mcsema-testing/llvm-test-suite/MultiSource/Applications/kimwitu++ -DYYDEBUG=1 -I/home/ed/mcsema-testing/SANDBOX/test-2015-12-21_15-36-50/MultiSource/Applications/kimwitu++ -I/home/ed/mcsema-testing/llvm-test-suite/MultiSource/Applications/kimwitu++ -I/home/ed/mcsema-testing/llvm-test-suite/include -I../../../include -D_GNU_SOURCE -D__STDC_LIMIT_MACROS -DNDEBUG  -O3  -m64 -fomit-frame-pointer -c /home/ed/mcsema-testing/llvm-test-suite/MultiSource/Applications/kimwitu++/gutil.cc -o Output/gutil.llvm.o
/home/ed/mcsema-testing/llvm-test-suite/RunSafely.sh --show-errors -t "/home/ed/mcsema-testing/SANDBOX/test-2015-12-21_15-36-50/tools/timeit" 500 /dev/null Output/k.llvm.o.compile \
	  /usr/bin/clang++ -I/home/ed/mcsema-testing/llvm-test-suite/MultiSource/Applications/kimwitu++ -DYYDEBUG=1 -I/home/ed/mcsema-testing/SANDBOX/test-2015-12-21_15-36-50/MultiSource/Applications/kimwitu++ -I/home/ed/mcsema-testing/llvm-test-suite/MultiSource/Applications/kimwitu++ -I/home/ed/mcsema-testing/llvm-test-suite/include -I../../../include -D_GNU_SOURCE -D__STDC_LIMIT_MACROS -DNDEBUG  -O3  -m64 -fomit-frame-pointer -c /home/ed/mcsema-testing/llvm-test-suite/MultiSource/Applications/kimwitu++/k.cc -o Output/k.llvm.o
/home/ed/mcsema-testing/llvm-test-suite/RunSafely.sh --show-errors -t "/home/ed/mcsema-testing/SANDBOX/test-2015-12-21_15-36-50/tools/timeit" 500 /dev/null Output/kimwl.llvm.o.compile \
	  /usr/bin/clang++ -I/home/ed/mcsema-testing/llvm-test-suite/MultiSource/Applications/kimwitu++ -DYYDEBUG=1 -I/home/ed/mcsema-testing/SANDBOX/test-2015-12-21_15-36-50/MultiSource/Applications/kimwitu++ -I/home/ed/mcsema-testing/llvm-test-suite/MultiSource/Applications/kimwitu++ -I/home/ed/mcsema-testing/llvm-test-suite/include -I../../../include -D_GNU_SOURCE -D__STDC_LIMIT_MACROS -DNDEBUG  -O3  -m64 -fomit-frame-pointer -c /home/ed/mcsema-testing/llvm-test-suite/MultiSource/Applications/kimwitu++/kimwl.cc -o Output/kimwl.llvm.o
/home/ed/mcsema-testing/llvm-test-suite/RunSafely.sh --show-errors -t "/home/ed/mcsema-testing/SANDBOX/test-2015-12-21_15-36-50/tools/timeit" 500 /dev/null Output/kimwy.llvm.o.compile \
	  /usr/bin/clang++ -I/home/ed/mcsema-testing/llvm-test-suite/MultiSource/Applications/kimwitu++ -DYYDEBUG=1 -I/home/ed/mcsema-testing/SANDBOX/test-2015-12-21_15-36-50/MultiSource/Applications/kimwitu++ -I/home/ed/mcsema-testing/llvm-test-suite/MultiSource/Applications/kimwitu++ -I/home/ed/mcsema-testing/llvm-test-suite/include -I../../../include -D_GNU_SOURCE -D__STDC_LIMIT_MACROS -DNDEBUG  -O3  -m64 -fomit-frame-pointer -c /home/ed/mcsema-testing/llvm-test-suite/MultiSource/Applications/kimwitu++/kimwy.cc -o Output/kimwy.llvm.o
/home/ed/mcsema-testing/llvm-test-suite/RunSafely.sh --show-errors -t "/home/ed/mcsema-testing/SANDBOX/test-2015-12-21_15-36-50/tools/timeit" 500 /dev/null Output/main.llvm.o.compile \
	  /usr/bin/clang++ -I/home/ed/mcsema-testing/llvm-test-suite/MultiSource/Applications/kimwitu++ -DYYDEBUG=1 -I/home/ed/mcsema-testing/SANDBOX/test-2015-12-21_15-36-50/MultiSource/Applications/kimwitu++ -I/home/ed/mcsema-testing/llvm-test-suite/MultiSource/Applications/kimwitu++ -I/home/ed/mcsema-testing/llvm-test-suite/include -I../../../include -D_GNU_SOURCE -D__STDC_LIMIT_MACROS -DNDEBUG  -O3  -m64 -fomit-frame-pointer -c /home/ed/mcsema-testing/llvm-test-suite/MultiSource/Applications/kimwitu++/main.cc -o Output/main.llvm.o
/home/ed/mcsema-testing/llvm-test-suite/RunSafely.sh --show-errors -t "/home/ed/mcsema-testing/SANDBOX/test-2015-12-21_15-36-50/tools/timeit" 500 /dev/null Output/occur.llvm.o.compile \
	  /usr/bin/clang++ -I/home/ed/mcsema-testing/llvm-test-suite/MultiSource/Applications/kimwitu++ -DYYDEBUG=1 -I/home/ed/mcsema-testing/SANDBOX/test-2015-12-21_15-36-50/MultiSource/Applications/kimwitu++ -I/home/ed/mcsema-testing/llvm-test-suite/MultiSource/Applications/kimwitu++ -I/home/ed/mcsema-testing/llvm-test-suite/include -I../../../include -D_GNU_SOURCE -D__STDC_LIMIT_MACROS -DNDEBUG  -O3  -m64 -fomit-frame-pointer -c /home/ed/mcsema-testing/llvm-test-suite/MultiSource/Applications/kimwitu++/occur.cc -o Output/occur.llvm.o
/home/ed/mcsema-testing/llvm-test-suite/RunSafely.sh --show-errors -t "/home/ed/mcsema-testing/SANDBOX/test-2015-12-21_15-36-50/tools/timeit" 500 /dev/null Output/parse.llvm.o.compile \
	  /usr/bin/clang++ -I/home/ed/mcsema-testing/llvm-test-suite/MultiSource/Applications/kimwitu++ -DYYDEBUG=1 -I/home/ed/mcsema-testing/SANDBOX/test-2015-12-21_15-36-50/MultiSource/Applications/kimwitu++ -I/home/ed/mcsema-testing/llvm-test-suite/MultiSource/Applications/kimwitu++ -I/home/ed/mcsema-testing/llvm-test-suite/include -I../../../include -D_GNU_SOURCE -D__STDC_LIMIT_MACROS -DNDEBUG  -O3  -m64 -fomit-frame-pointer -c /home/ed/mcsema-testing/llvm-test-suite/MultiSource/Applications/kimwitu++/parse.cc -o Output/parse.llvm.o
/home/ed/mcsema-testing/llvm-test-suite/RunSafely.sh --show-errors -t "/home/ed/mcsema-testing/SANDBOX/test-2015-12-21_15-36-50/tools/timeit" 500 /dev/null Output/pat.llvm.o.compile \
	  /usr/bin/clang++ -I/home/ed/mcsema-testing/llvm-test-suite/MultiSource/Applications/kimwitu++ -DYYDEBUG=1 -I/home/ed/mcsema-testing/SANDBOX/test-2015-12-21_15-36-50/MultiSource/Applications/kimwitu++ -I/home/ed/mcsema-testing/llvm-test-suite/MultiSource/Applications/kimwitu++ -I/home/ed/mcsema-testing/llvm-test-suite/include -I../../../include -D_GNU_SOURCE -D__STDC_LIMIT_MACROS -DNDEBUG  -O3  -m64 -fomit-frame-pointer -c /home/ed/mcsema-testing/llvm-test-suite/MultiSource/Applications/kimwitu++/pat.cc -o Output/pat.llvm.o
/home/ed/mcsema-testing/llvm-test-suite/RunSafely.sh --show-errors -t "/home/ed/mcsema-testing/SANDBOX/test-2015-12-21_15-36-50/tools/timeit" 500 /dev/null Output/rk.llvm.o.compile \
	  /usr/bin/clang++ -I/home/ed/mcsema-testing/llvm-test-suite/MultiSource/Applications/kimwitu++ -DYYDEBUG=1 -I/home/ed/mcsema-testing/SANDBOX/test-2015-12-21_15-36-50/MultiSource/Applications/kimwitu++ -I/home/ed/mcsema-testing/llvm-test-suite/MultiSource/Applications/kimwitu++ -I/home/ed/mcsema-testing/llvm-test-suite/include -I../../../include -D_GNU_SOURCE -D__STDC_LIMIT_MACROS -DNDEBUG  -O3  -m64 -fomit-frame-pointer -c /home/ed/mcsema-testing/llvm-test-suite/MultiSource/Applications/kimwitu++/rk.cc -o Output/rk.llvm.o
/home/ed/mcsema-testing/llvm-test-suite/RunSafely.sh --show-errors -t "/home/ed/mcsema-testing/SANDBOX/test-2015-12-21_15-36-50/tools/timeit" 500 /dev/null Output/unpk.llvm.o.compile \
	  /usr/bin/clang++ -I/home/ed/mcsema-testing/llvm-test-suite/MultiSource/Applications/kimwitu++ -DYYDEBUG=1 -I/home/ed/mcsema-testing/SANDBOX/test-2015-12-21_15-36-50/MultiSource/Applications/kimwitu++ -I/home/ed/mcsema-testing/llvm-test-suite/MultiSource/Applications/kimwitu++ -I/home/ed/mcsema-testing/llvm-test-suite/include -I../../../include -D_GNU_SOURCE -D__STDC_LIMIT_MACROS -DNDEBUG  -O3  -m64 -fomit-frame-pointer -c /home/ed/mcsema-testing/llvm-test-suite/MultiSource/Applications/kimwitu++/unpk.cc -o Output/unpk.llvm.o
/home/ed/mcsema-testing/llvm-test-suite/RunSafely.sh --show-errors -t "/home/ed/mcsema-testing/SANDBOX/test-2015-12-21_15-36-50/tools/timeit" 500 /dev/null Output/util.llvm.o.compile \
	  /usr/bin/clang++ -I/home/ed/mcsema-testing/llvm-test-suite/MultiSource/Applications/kimwitu++ -DYYDEBUG=1 -I/home/ed/mcsema-testing/SANDBOX/test-2015-12-21_15-36-50/MultiSource/Applications/kimwitu++ -I/home/ed/mcsema-testing/llvm-test-suite/MultiSource/Applications/kimwitu++ -I/home/ed/mcsema-testing/llvm-test-suite/include -I../../../include -D_GNU_SOURCE -D__STDC_LIMIT_MACROS -DNDEBUG  -O3  -m64 -fomit-frame-pointer -c /home/ed/mcsema-testing/llvm-test-suite/MultiSource/Applications/kimwitu++/util.cc -o Output/util.llvm.o
/usr/bin/clang++ -o Output/kc.simple Output/abs.llvm.o Output/error.llvm.o Output/gen.llvm.o Output/gutil.llvm.o Output/k.llvm.o Output/kimwl.llvm.o Output/kimwy.llvm.o Output/main.llvm.o Output/occur.llvm.o Output/parse.llvm.o Output/pat.llvm.o Output/rk.llvm.o Output/unpk.llvm.o Output/util.llvm.o -lstdc++   -m64 -fomit-frame-pointer
/home/ed/mcsema-testing/llvm-test-suite/RunSafely.sh -t "/home/ed/mcsema-testing/SANDBOX/test-2015-12-21_15-36-50/tools/timeit-target" 500 /dev/null Output/kc.out-simple Output/kc.simple -f test  -o -v -s kcc /home/ed/mcsema-testing/llvm-test-suite/MultiSource/Applications/kimwitu++/inputs/f3.k /home/ed/mcsema-testing/llvm-test-suite/MultiSource/Applications/kimwitu++/inputs/f2.k /home/ed/mcsema-testing/llvm-test-suite/MultiSource/Applications/kimwitu++/inputs/f1.k
/home/ed/mcsema-testing/llvm-test-suite/HashProgramOutput.sh Output/kc.out-simple
cp Output/kc.simple Output/kc.simple-hash; \
	strip --remove-section=.comment --remove-section='.note*' Output/kc.simple-hash; \
	/home/ed/mcsema-testing/llvm-test-suite/HashProgramOutput.sh Output/kc.simple-hash
if [ -f "/home/ed/mcsema-testing/llvm-test-suite/MultiSource/Applications/kimwitu++/kc.reference_output.little-endian." ]; then \
	  cp /home/ed/mcsema-testing/llvm-test-suite/MultiSource/Applications/kimwitu++/kc.reference_output.little-endian. Output/kc.out-nat; \
	elif [ -f "/home/ed/mcsema-testing/llvm-test-suite/MultiSource/Applications/kimwitu++/kc.reference_output." ]; then \
	  cp /home/ed/mcsema-testing/llvm-test-suite/MultiSource/Applications/kimwitu++/kc.reference_output. Output/kc.out-nat; \
	elif [ -f "/home/ed/mcsema-testing/llvm-test-suite/MultiSource/Applications/kimwitu++/kc.reference_output.little-endian" ]; then \
	  cp /home/ed/mcsema-testing/llvm-test-suite/MultiSource/Applications/kimwitu++/kc.reference_output.little-endian Output/kc.out-nat; \
	elif [ -f "/home/ed/mcsema-testing/llvm-test-suite/MultiSource/Applications/kimwitu++/kc.reference_output" ]; then \
	  cp /home/ed/mcsema-testing/llvm-test-suite/MultiSource/Applications/kimwitu++/kc.reference_output Output/kc.out-nat; \
	else \
	  printf "WARNING: %s: %s\n" "NO REFERENCE OUTPUT (using default)" "/home/ed/mcsema-testing/llvm-test-suite/MultiSource/Applications/kimwitu++/kc.reference_output" > Output/kc.out-nat; \
	  cp /home/ed/mcsema-testing/llvm-test-suite/default.reference_output Output/kc.out-nat; \
	  cat Output/kc.out-nat; \
	fi
# Pretend that the reference output was produced instantaneously.
cp /home/ed/mcsema-testing/llvm-test-suite/instant.txt Output/kc.out-nat.time
/home/ed/mcsema-testing/llvm-test-suite/DiffOutput.sh "/home/ed/mcsema-testing/SANDBOX/test-2015-12-21_15-36-50/tools/fpcmp " simple kc 
rm -f Output/kc.exe-simple
cp Output/kc.diff-simple Output/kc.exe-simple
if test -f Output/kc.extra-results.txt; then \
	  /home/ed/mcsema-testing/llvm-test-suite/ParseMultipleResults /home/ed/mcsema-testing/SANDBOX/test-2015-12-21_15-36-50/MultiSource/Applications/kimwitu++/kc Output/kc.extra-results.txt >> Output/kc.simple.exec.report.txt; \
	fi
cat Output/kc.simple.compile.report.txt Output/kc.simple.exec.report.txt >> Output/kc.simple.report.txt
---------------------------------------------------------------
>>> ========= '/home/ed/mcsema-testing/SANDBOX/test-2015-12-21_15-36-50/MultiSource/Applications/kimwitu++/kc' Program
---------------------------------------------------------------

TEST-PASS: compile /home/ed/mcsema-testing/SANDBOX/test-2015-12-21_15-36-50/MultiSource/Applications/kimwitu++/kc
TEST-RESULT-compile-success: pass
TEST-RESULT-compile-hash: 92d63720da4b7a7d25818daa5d89ea67
TEST-RESULT-compile-time: user 11.425000
TEST-RESULT-compile-real-time: real 12.069900

TEST-PASS: exec /home/ed/mcsema-testing/SANDBOX/test-2015-12-21_15-36-50/MultiSource/Applications/kimwitu++/kc
TEST-RESULT-exec-success: pass
TEST-RESULT-exec-time: user       0.0403
TEST-RESULT-exec-real-time: real       0.1237
make[4]: Leaving directory `/home/ed/mcsema-testing/SANDBOX/test-2015-12-21_15-36-50/MultiSource/Applications/kimwitu++'
make[3]: Leaving directory `/home/ed/mcsema-testing/SANDBOX/test-2015-12-21_15-36-50/MultiSource/Applications'
make[3]: Entering directory `/home/ed/mcsema-testing/SANDBOX/test-2015-12-21_15-36-50/MultiSource/Benchmarks'
make[4]: Entering directory `/home/ed/mcsema-testing/SANDBOX/test-2015-12-21_15-36-50/MultiSource/Benchmarks/Fhourstones'
/home/ed/mcsema-testing/llvm-test-suite/RunSafely.sh --show-errors -t "/home/ed/mcsema-testing/SANDBOX/test-2015-12-21_15-36-50/tools/timeit" 500 /dev/null Output/c4.llvm.o.compile \
	  /usr/bin/clang -DUNIX -DTRANSIZE=1050011 -DPROBES=8 -DREPORTPLY=8 -I/home/ed/mcsema-testing/SANDBOX/test-2015-12-21_15-36-50/MultiSource/Benchmarks/Fhourstones -I/home/ed/mcsema-testing/llvm-test-suite/MultiSource/Benchmarks/Fhourstones -I/home/ed/mcsema-testing/llvm-test-suite/include -I../../../include -D_GNU_SOURCE -D__STDC_LIMIT_MACROS -DNDEBUG  -O3  -m64 -fomit-frame-pointer -c /home/ed/mcsema-testing/llvm-test-suite/MultiSource/Benchmarks/Fhourstones/c4.c -o Output/c4.llvm.o
/home/ed/mcsema-testing/llvm-test-suite/RunSafely.sh --show-errors -t "/home/ed/mcsema-testing/SANDBOX/test-2015-12-21_15-36-50/tools/timeit" 500 /dev/null Output/play.llvm.o.compile \
	  /usr/bin/clang -DUNIX -DTRANSIZE=1050011 -DPROBES=8 -DREPORTPLY=8 -I/home/ed/mcsema-testing/SANDBOX/test-2015-12-21_15-36-50/MultiSource/Benchmarks/Fhourstones -I/home/ed/mcsema-testing/llvm-test-suite/MultiSource/Benchmarks/Fhourstones -I/home/ed/mcsema-testing/llvm-test-suite/include -I../../../include -D_GNU_SOURCE -D__STDC_LIMIT_MACROS -DNDEBUG  -O3  -m64 -fomit-frame-pointer -c /home/ed/mcsema-testing/llvm-test-suite/MultiSource/Benchmarks/Fhourstones/play.c -o Output/play.llvm.o
/home/ed/mcsema-testing/llvm-test-suite/RunSafely.sh --show-errors -t "/home/ed/mcsema-testing/SANDBOX/test-2015-12-21_15-36-50/tools/timeit" 500 /dev/null Output/time.llvm.o.compile \
	  /usr/bin/clang -DUNIX -DTRANSIZE=1050011 -DPROBES=8 -DREPORTPLY=8 -I/home/ed/mcsema-testing/SANDBOX/test-2015-12-21_15-36-50/MultiSource/Benchmarks/Fhourstones -I/home/ed/mcsema-testing/llvm-test-suite/MultiSource/Benchmarks/Fhourstones -I/home/ed/mcsema-testing/llvm-test-suite/include -I../../../include -D_GNU_SOURCE -D__STDC_LIMIT_MACROS -DNDEBUG  -O3  -m64 -fomit-frame-pointer -c /home/ed/mcsema-testing/llvm-test-suite/MultiSource/Benchmarks/Fhourstones/time.c -o Output/time.llvm.o
/home/ed/mcsema-testing/llvm-test-suite/RunSafely.sh --show-errors -t "/home/ed/mcsema-testing/SANDBOX/test-2015-12-21_15-36-50/tools/timeit" 500 /dev/null Output/trans.llvm.o.compile \
	  /usr/bin/clang -DUNIX -DTRANSIZE=1050011 -DPROBES=8 -DREPORTPLY=8 -I/home/ed/mcsema-testing/SANDBOX/test-2015-12-21_15-36-50/MultiSource/Benchmarks/Fhourstones -I/home/ed/mcsema-testing/llvm-test-suite/MultiSource/Benchmarks/Fhourstones -I/home/ed/mcsema-testing/llvm-test-suite/include -I../../../include -D_GNU_SOURCE -D__STDC_LIMIT_MACROS -DNDEBUG  -O3  -m64 -fomit-frame-pointer -c /home/ed/mcsema-testing/llvm-test-suite/MultiSource/Benchmarks/Fhourstones/trans.c -o Output/trans.llvm.o
/usr/bin/clang++ -o Output/fhourstones.simple Output/c4.llvm.o Output/play.llvm.o Output/time.llvm.o Output/trans.llvm.o    -m64 -fomit-frame-pointer
/home/ed/mcsema-testing/llvm-test-suite/RunSafely.sh -t "/home/ed/mcsema-testing/SANDBOX/test-2015-12-21_15-36-50/tools/timeit-target" 500 /home/ed/mcsema-testing/llvm-test-suite/MultiSource/Benchmarks/Fhourstones/input Output/fhourstones.out-simple Output/fhourstones.simple 
cp Output/fhourstones.simple Output/fhourstones.simple-hash; \
	strip --remove-section=.comment --remove-section='.note*' Output/fhourstones.simple-hash; \
	/home/ed/mcsema-testing/llvm-test-suite/HashProgramOutput.sh Output/fhourstones.simple-hash
if [ -f "/home/ed/mcsema-testing/llvm-test-suite/MultiSource/Benchmarks/Fhourstones/fhourstones.reference_output.little-endian." ]; then \
	  cp /home/ed/mcsema-testing/llvm-test-suite/MultiSource/Benchmarks/Fhourstones/fhourstones.reference_output.little-endian. Output/fhourstones.out-nat; \
	elif [ -f "/home/ed/mcsema-testing/llvm-test-suite/MultiSource/Benchmarks/Fhourstones/fhourstones.reference_output." ]; then \
	  cp /home/ed/mcsema-testing/llvm-test-suite/MultiSource/Benchmarks/Fhourstones/fhourstones.reference_output. Output/fhourstones.out-nat; \
	elif [ -f "/home/ed/mcsema-testing/llvm-test-suite/MultiSource/Benchmarks/Fhourstones/fhourstones.reference_output.little-endian" ]; then \
	  cp /home/ed/mcsema-testing/llvm-test-suite/MultiSource/Benchmarks/Fhourstones/fhourstones.reference_output.little-endian Output/fhourstones.out-nat; \
	elif [ -f "/home/ed/mcsema-testing/llvm-test-suite/MultiSource/Benchmarks/Fhourstones/fhourstones.reference_output" ]; then \
	  cp /home/ed/mcsema-testing/llvm-test-suite/MultiSource/Benchmarks/Fhourstones/fhourstones.reference_output Output/fhourstones.out-nat; \
	else \
	  printf "WARNING: %s: %s\n" "NO REFERENCE OUTPUT (using default)" "/home/ed/mcsema-testing/llvm-test-suite/MultiSource/Benchmarks/Fhourstones/fhourstones.reference_output" > Output/fhourstones.out-nat; \
	  cp /home/ed/mcsema-testing/llvm-test-suite/default.reference_output Output/fhourstones.out-nat; \
	  cat Output/fhourstones.out-nat; \
	fi
# Pretend that the reference output was produced instantaneously.
cp /home/ed/mcsema-testing/llvm-test-suite/instant.txt Output/fhourstones.out-nat.time
/home/ed/mcsema-testing/llvm-test-suite/DiffOutput.sh "/home/ed/mcsema-testing/SANDBOX/test-2015-12-21_15-36-50/tools/fpcmp " simple fhourstones 
rm -f Output/fhourstones.exe-simple
cp Output/fhourstones.diff-simple Output/fhourstones.exe-simple
if test -f Output/fhourstones.extra-results.txt; then \
	  /home/ed/mcsema-testing/llvm-test-suite/ParseMultipleResults /home/ed/mcsema-testing/SANDBOX/test-2015-12-21_15-36-50/MultiSource/Benchmarks/Fhourstones/fhourstones Output/fhourstones.extra-results.txt >> Output/fhourstones.simple.exec.report.txt; \
	fi
cat Output/fhourstones.simple.compile.report.txt Output/fhourstones.simple.exec.report.txt >> Output/fhourstones.simple.report.txt
---------------------------------------------------------------
>>> ========= '/home/ed/mcsema-testing/SANDBOX/test-2015-12-21_15-36-50/MultiSource/Benchmarks/Fhourstones/fhourstones' Program
---------------------------------------------------------------

TEST-PASS: compile /home/ed/mcsema-testing/SANDBOX/test-2015-12-21_15-36-50/MultiSource/Benchmarks/Fhourstones/fhourstones
TEST-RESULT-compile-success: pass
TEST-RESULT-compile-hash: 9ea48234e3e13bc88037ee8bbb96e12c
TEST-RESULT-compile-time: user 0.146300
TEST-RESULT-compile-real-time: real 0.214500

TEST-PASS: exec /home/ed/mcsema-testing/SANDBOX/test-2015-12-21_15-36-50/MultiSource/Benchmarks/Fhourstones/fhourstones
TEST-RESULT-exec-success: pass
TEST-RESULT-exec-time: user       0.9263
TEST-RESULT-exec-real-time: real       0.9334
make[4]: Leaving directory `/home/ed/mcsema-testing/SANDBOX/test-2015-12-21_15-36-50/MultiSource/Benchmarks/Fhourstones'
make[4]: Entering directory `/home/ed/mcsema-testing/SANDBOX/test-2015-12-21_15-36-50/MultiSource/Benchmarks/Fhourstones-3.1'
/home/ed/mcsema-testing/llvm-test-suite/RunSafely.sh --show-errors -t "/home/ed/mcsema-testing/SANDBOX/test-2015-12-21_15-36-50/tools/timeit" 500 /dev/null Output/SearchGame.llvm.o.compile \
	  /usr/bin/clang -I/home/ed/mcsema-testing/SANDBOX/test-2015-12-21_15-36-50/MultiSource/Benchmarks/Fhourstones-3.1 -I/home/ed/mcsema-testing/llvm-test-suite/MultiSource/Benchmarks/Fhourstones-3.1 -I/home/ed/mcsema-testing/llvm-test-suite/include -I../../../include -D_GNU_SOURCE -D__STDC_LIMIT_MACROS -DNDEBUG  -O3  -m64 -fomit-frame-pointer -c /home/ed/mcsema-testing/llvm-test-suite/MultiSource/Benchmarks/Fhourstones-3.1/SearchGame.c -o Output/SearchGame.llvm.o
/usr/bin/clang++ -o Output/fhourstones3.1.simple Output/SearchGame.llvm.o    -m64 -fomit-frame-pointer
/home/ed/mcsema-testing/llvm-test-suite/RunSafely.sh -t "/home/ed/mcsema-testing/SANDBOX/test-2015-12-21_15-36-50/tools/timeit-target" 500 /home/ed/mcsema-testing/llvm-test-suite/MultiSource/Benchmarks/Fhourstones-3.1/inputs Output/fhourstones3.1.out-simple Output/fhourstones3.1.simple 
cp Output/fhourstones3.1.simple Output/fhourstones3.1.simple-hash; \
	strip --remove-section=.comment --remove-section='.note*' Output/fhourstones3.1.simple-hash; \
	/home/ed/mcsema-testing/llvm-test-suite/HashProgramOutput.sh Output/fhourstones3.1.simple-hash
if [ -f "/home/ed/mcsema-testing/llvm-test-suite/MultiSource/Benchmarks/Fhourstones-3.1/fhourstones3.1.reference_output.little-endian." ]; then \
	  cp /home/ed/mcsema-testing/llvm-test-suite/MultiSource/Benchmarks/Fhourstones-3.1/fhourstones3.1.reference_output.little-endian. Output/fhourstones3.1.out-nat; \
	elif [ -f "/home/ed/mcsema-testing/llvm-test-suite/MultiSource/Benchmarks/Fhourstones-3.1/fhourstones3.1.reference_output." ]; then \
	  cp /home/ed/mcsema-testing/llvm-test-suite/MultiSource/Benchmarks/Fhourstones-3.1/fhourstones3.1.reference_output. Output/fhourstones3.1.out-nat; \
	elif [ -f "/home/ed/mcsema-testing/llvm-test-suite/MultiSource/Benchmarks/Fhourstones-3.1/fhourstones3.1.reference_output.little-endian" ]; then \
	  cp /home/ed/mcsema-testing/llvm-test-suite/MultiSource/Benchmarks/Fhourstones-3.1/fhourstones3.1.reference_output.little-endian Output/fhourstones3.1.out-nat; \
	elif [ -f "/home/ed/mcsema-testing/llvm-test-suite/MultiSource/Benchmarks/Fhourstones-3.1/fhourstones3.1.reference_output" ]; then \
	  cp /home/ed/mcsema-testing/llvm-test-suite/MultiSource/Benchmarks/Fhourstones-3.1/fhourstones3.1.reference_output Output/fhourstones3.1.out-nat; \
	else \
	  printf "WARNING: %s: %s\n" "NO REFERENCE OUTPUT (using default)" "/home/ed/mcsema-testing/llvm-test-suite/MultiSource/Benchmarks/Fhourstones-3.1/fhourstones3.1.reference_output" > Output/fhourstones3.1.out-nat; \
	  cp /home/ed/mcsema-testing/llvm-test-suite/default.reference_output Output/fhourstones3.1.out-nat; \
	  cat Output/fhourstones3.1.out-nat; \
	fi
# Pretend that the reference output was produced instantaneously.
cp /home/ed/mcsema-testing/llvm-test-suite/instant.txt Output/fhourstones3.1.out-nat.time
/home/ed/mcsema-testing/llvm-test-suite/DiffOutput.sh "/home/ed/mcsema-testing/SANDBOX/test-2015-12-21_15-36-50/tools/fpcmp " simple fhourstones3.1 
rm -f Output/fhourstones3.1.exe-simple
cp Output/fhourstones3.1.diff-simple Output/fhourstones3.1.exe-simple
if test -f Output/fhourstones3.1.extra-results.txt; then \
	  /home/ed/mcsema-testing/llvm-test-suite/ParseMultipleResults /home/ed/mcsema-testing/SANDBOX/test-2015-12-21_15-36-50/MultiSource/Benchmarks/Fhourstones-3.1/fhourstones3.1 Output/fhourstones3.1.extra-results.txt >> Output/fhourstones3.1.simple.exec.report.txt; \
	fi
cat Output/fhourstones3.1.simple.compile.report.txt Output/fhourstones3.1.simple.exec.report.txt >> Output/fhourstones3.1.simple.report.txt
---------------------------------------------------------------
>>> ========= '/home/ed/mcsema-testing/SANDBOX/test-2015-12-21_15-36-50/MultiSource/Benchmarks/Fhourstones-3.1/fhourstones3.1' Program
---------------------------------------------------------------

TEST-PASS: compile /home/ed/mcsema-testing/SANDBOX/test-2015-12-21_15-36-50/MultiSource/Benchmarks/Fhourstones-3.1/fhourstones3.1
TEST-RESULT-compile-success: pass
TEST-RESULT-compile-hash: a2629f29b7f54580b2cce594716e2ba8
TEST-RESULT-compile-time: user 0.097200
TEST-RESULT-compile-real-time: real 0.114000

TEST-PASS: exec /home/ed/mcsema-testing/SANDBOX/test-2015-12-21_15-36-50/MultiSource/Benchmarks/Fhourstones-3.1/fhourstones3.1
TEST-RESULT-exec-success: pass
TEST-RESULT-exec-time: user       1.1064
TEST-RESULT-exec-real-time: real       1.1252
make[4]: Leaving directory `/home/ed/mcsema-testing/SANDBOX/test-2015-12-21_15-36-50/MultiSource/Benchmarks/Fhourstones-3.1'
make[4]: Entering directory `/home/ed/mcsema-testing/SANDBOX/test-2015-12-21_15-36-50/MultiSource/Benchmarks/McCat'
make[5]: Entering directory `/home/ed/mcsema-testing/SANDBOX/test-2015-12-21_15-36-50/MultiSource/Benchmarks/McCat/01-qbsort'
/home/ed/mcsema-testing/llvm-test-suite/RunSafely.sh --show-errors -t "/home/ed/mcsema-testing/SANDBOX/test-2015-12-21_15-36-50/tools/timeit" 500 /dev/null Output/benchmark.llvm.o.compile \
	  /usr/bin/clang -I/home/ed/mcsema-testing/SANDBOX/test-2015-12-21_15-36-50/MultiSource/Benchmarks/McCat/01-qbsort -I/home/ed/mcsema-testing/llvm-test-suite/MultiSource/Benchmarks/McCat/01-qbsort -I/home/ed/mcsema-testing/llvm-test-suite/include -I../../../../include -D_GNU_SOURCE -D__STDC_LIMIT_MACROS -DNDEBUG  -O3  -m64 -fomit-frame-pointer -c /home/ed/mcsema-testing/llvm-test-suite/MultiSource/Benchmarks/McCat/01-qbsort/benchmark.c -o Output/benchmark.llvm.o
/home/ed/mcsema-testing/llvm-test-suite/RunSafely.sh --show-errors -t "/home/ed/mcsema-testing/SANDBOX/test-2015-12-21_15-36-50/tools/timeit" 500 /dev/null Output/readlist.llvm.o.compile \
	  /usr/bin/clang -I/home/ed/mcsema-testing/SANDBOX/test-2015-12-21_15-36-50/MultiSource/Benchmarks/McCat/01-qbsort -I/home/ed/mcsema-testing/llvm-test-suite/MultiSource/Benchmarks/McCat/01-qbsort -I/home/ed/mcsema-testing/llvm-test-suite/include -I../../../../include -D_GNU_SOURCE -D__STDC_LIMIT_MACROS -DNDEBUG  -O3  -m64 -fomit-frame-pointer -c /home/ed/mcsema-testing/llvm-test-suite/MultiSource/Benchmarks/McCat/01-qbsort/readlist.c -o Output/readlist.llvm.o
/home/ed/mcsema-testing/llvm-test-suite/RunSafely.sh --show-errors -t "/home/ed/mcsema-testing/SANDBOX/test-2015-12-21_15-36-50/tools/timeit" 500 /dev/null Output/sort.llvm.o.compile \
	  /usr/bin/clang -I/home/ed/mcsema-testing/SANDBOX/test-2015-12-21_15-36-50/MultiSource/Benchmarks/McCat/01-qbsort -I/home/ed/mcsema-testing/llvm-test-suite/MultiSource/Benchmarks/McCat/01-qbsort -I/home/ed/mcsema-testing/llvm-test-suite/include -I../../../../include -D_GNU_SOURCE -D__STDC_LIMIT_MACROS -DNDEBUG  -O3  -m64 -fomit-frame-pointer -c /home/ed/mcsema-testing/llvm-test-suite/MultiSource/Benchmarks/McCat/01-qbsort/sort.c -o Output/sort.llvm.o
/usr/bin/clang++ -o Output/qbsort.simple Output/benchmark.llvm.o Output/readlist.llvm.o Output/sort.llvm.o -lm   -m64 -fomit-frame-pointer
/home/ed/mcsema-testing/llvm-test-suite/RunSafely.sh -t "/home/ed/mcsema-testing/SANDBOX/test-2015-12-21_15-36-50/tools/timeit-target" 500 /home/ed/mcsema-testing/llvm-test-suite/MultiSource/Benchmarks/McCat/01-qbsort/benchmark.in3 Output/qbsort.out-simple Output/qbsort.simple 1000
/home/ed/mcsema-testing/llvm-test-suite/HashProgramOutput.sh Output/qbsort.out-simple
cp Output/qbsort.simple Output/qbsort.simple-hash; \
	strip --remove-section=.comment --remove-section='.note*' Output/qbsort.simple-hash; \
	/home/ed/mcsema-testing/llvm-test-suite/HashProgramOutput.sh Output/qbsort.simple-hash
if [ -f "/home/ed/mcsema-testing/llvm-test-suite/MultiSource/Benchmarks/McCat/01-qbsort/qbsort.reference_output.little-endian." ]; then \
	  cp /home/ed/mcsema-testing/llvm-test-suite/MultiSource/Benchmarks/McCat/01-qbsort/qbsort.reference_output.little-endian. Output/qbsort.out-nat; \
	elif [ -f "/home/ed/mcsema-testing/llvm-test-suite/MultiSource/Benchmarks/McCat/01-qbsort/qbsort.reference_output." ]; then \
	  cp /home/ed/mcsema-testing/llvm-test-suite/MultiSource/Benchmarks/McCat/01-qbsort/qbsort.reference_output. Output/qbsort.out-nat; \
	elif [ -f "/home/ed/mcsema-testing/llvm-test-suite/MultiSource/Benchmarks/McCat/01-qbsort/qbsort.reference_output.little-endian" ]; then \
	  cp /home/ed/mcsema-testing/llvm-test-suite/MultiSource/Benchmarks/McCat/01-qbsort/qbsort.reference_output.little-endian Output/qbsort.out-nat; \
	elif [ -f "/home/ed/mcsema-testing/llvm-test-suite/MultiSource/Benchmarks/McCat/01-qbsort/qbsort.reference_output" ]; then \
	  cp /home/ed/mcsema-testing/llvm-test-suite/MultiSource/Benchmarks/McCat/01-qbsort/qbsort.reference_output Output/qbsort.out-nat; \
	else \
	  printf "WARNING: %s: %s\n" "NO REFERENCE OUTPUT (using default)" "/home/ed/mcsema-testing/llvm-test-suite/MultiSource/Benchmarks/McCat/01-qbsort/qbsort.reference_output" > Output/qbsort.out-nat; \
	  cp /home/ed/mcsema-testing/llvm-test-suite/default.reference_output Output/qbsort.out-nat; \
	  cat Output/qbsort.out-nat; \
	fi
# Pretend that the reference output was produced instantaneously.
cp /home/ed/mcsema-testing/llvm-test-suite/instant.txt Output/qbsort.out-nat.time
/home/ed/mcsema-testing/llvm-test-suite/DiffOutput.sh "/home/ed/mcsema-testing/SANDBOX/test-2015-12-21_15-36-50/tools/fpcmp " simple qbsort 
rm -f Output/qbsort.exe-simple
cp Output/qbsort.diff-simple Output/qbsort.exe-simple
if test -f Output/qbsort.extra-results.txt; then \
	  /home/ed/mcsema-testing/llvm-test-suite/ParseMultipleResults /home/ed/mcsema-testing/SANDBOX/test-2015-12-21_15-36-50/MultiSource/Benchmarks/McCat/01-qbsort/qbsort Output/qbsort.extra-results.txt >> Output/qbsort.simple.exec.report.txt; \
	fi
cat Output/qbsort.simple.compile.report.txt Output/qbsort.simple.exec.report.txt >> Output/qbsort.simple.report.txt
---------------------------------------------------------------
>>> ========= '/home/ed/mcsema-testing/SANDBOX/test-2015-12-21_15-36-50/MultiSource/Benchmarks/McCat/01-qbsort/qbsort' Program
---------------------------------------------------------------

TEST-PASS: compile /home/ed/mcsema-testing/SANDBOX/test-2015-12-21_15-36-50/MultiSource/Benchmarks/McCat/01-qbsort/qbsort
TEST-RESULT-compile-success: pass
TEST-RESULT-compile-hash: 4cdb3761f0e7fca4e00ed240ca72f4eb
TEST-RESULT-compile-time: user 0.104600
TEST-RESULT-compile-real-time: real 0.158400

TEST-PASS: exec /home/ed/mcsema-testing/SANDBOX/test-2015-12-21_15-36-50/MultiSource/Benchmarks/McCat/01-qbsort/qbsort
TEST-RESULT-exec-success: pass
TEST-RESULT-exec-time: user       0.0544
TEST-RESULT-exec-real-time: real       0.0704
make[5]: Leaving directory `/home/ed/mcsema-testing/SANDBOX/test-2015-12-21_15-36-50/MultiSource/Benchmarks/McCat/01-qbsort'
make[5]: Entering directory `/home/ed/mcsema-testing/SANDBOX/test-2015-12-21_15-36-50/MultiSource/Benchmarks/McCat/04-bisect'
/home/ed/mcsema-testing/llvm-test-suite/RunSafely.sh --show-errors -t "/home/ed/mcsema-testing/SANDBOX/test-2015-12-21_15-36-50/tools/timeit" 500 /dev/null Output/allocvector.llvm.o.compile \
	  /usr/bin/clang -I/home/ed/mcsema-testing/SANDBOX/test-2015-12-21_15-36-50/MultiSource/Benchmarks/McCat/04-bisect -I/home/ed/mcsema-testing/llvm-test-suite/MultiSource/Benchmarks/McCat/04-bisect -I/home/ed/mcsema-testing/llvm-test-suite/include -I../../../../include -D_GNU_SOURCE -D__STDC_LIMIT_MACROS -DNDEBUG  -O3  -m64 -fomit-frame-pointer -c /home/ed/mcsema-testing/llvm-test-suite/MultiSource/Benchmarks/McCat/04-bisect/allocvector.c -o Output/allocvector.llvm.o
/home/ed/mcsema-testing/llvm-test-suite/RunSafely.sh --show-errors -t "/home/ed/mcsema-testing/SANDBOX/test-2015-12-21_15-36-50/tools/timeit" 500 /dev/null Output/bisect_test.llvm.o.compile \
	  /usr/bin/clang -I/home/ed/mcsema-testing/SANDBOX/test-2015-12-21_15-36-50/MultiSource/Benchmarks/McCat/04-bisect -I/home/ed/mcsema-testing/llvm-test-suite/MultiSource/Benchmarks/McCat/04-bisect -I/home/ed/mcsema-testing/llvm-test-suite/include -I../../../../include -D_GNU_SOURCE -D__STDC_LIMIT_MACROS -DNDEBUG  -O3  -m64 -fomit-frame-pointer -c /home/ed/mcsema-testing/llvm-test-suite/MultiSource/Benchmarks/McCat/04-bisect/bisect_test.c -o Output/bisect_test.llvm.o
/home/ed/mcsema-testing/llvm-test-suite/RunSafely.sh --show-errors -t "/home/ed/mcsema-testing/SANDBOX/test-2015-12-21_15-36-50/tools/timeit" 500 /dev/null Output/dbisect.llvm.o.compile \
	  /usr/bin/clang -I/home/ed/mcsema-testing/SANDBOX/test-2015-12-21_15-36-50/MultiSource/Benchmarks/McCat/04-bisect -I/home/ed/mcsema-testing/llvm-test-suite/MultiSource/Benchmarks/McCat/04-bisect -I/home/ed/mcsema-testing/llvm-test-suite/include -I../../../../include -D_GNU_SOURCE -D__STDC_LIMIT_MACROS -DNDEBUG  -O3  -m64 -fomit-frame-pointer -c /home/ed/mcsema-testing/llvm-test-suite/MultiSource/Benchmarks/McCat/04-bisect/dbisect.c -o Output/dbisect.llvm.o
/usr/bin/clang++ -o Output/bisect.simple Output/allocvector.llvm.o Output/bisect_test.llvm.o Output/dbisect.llvm.o -lm   -m64 -fomit-frame-pointer
/home/ed/mcsema-testing/llvm-test-suite/RunSafely.sh -t "/home/ed/mcsema-testing/SANDBOX/test-2015-12-21_15-36-50/tools/timeit-target" 500 /home/ed/mcsema-testing/llvm-test-suite/MultiSource/Benchmarks/McCat/04-bisect/bisect_test.in Output/bisect.out-simple Output/bisect.simple 
cp Output/bisect.simple Output/bisect.simple-hash; \
	strip --remove-section=.comment --remove-section='.note*' Output/bisect.simple-hash; \
	/home/ed/mcsema-testing/llvm-test-suite/HashProgramOutput.sh Output/bisect.simple-hash
if [ -f "/home/ed/mcsema-testing/llvm-test-suite/MultiSource/Benchmarks/McCat/04-bisect/bisect.reference_output.little-endian." ]; then \
	  cp /home/ed/mcsema-testing/llvm-test-suite/MultiSource/Benchmarks/McCat/04-bisect/bisect.reference_output.little-endian. Output/bisect.out-nat; \
	elif [ -f "/home/ed/mcsema-testing/llvm-test-suite/MultiSource/Benchmarks/McCat/04-bisect/bisect.reference_output." ]; then \
	  cp /home/ed/mcsema-testing/llvm-test-suite/MultiSource/Benchmarks/McCat/04-bisect/bisect.reference_output. Output/bisect.out-nat; \
	elif [ -f "/home/ed/mcsema-testing/llvm-test-suite/MultiSource/Benchmarks/McCat/04-bisect/bisect.reference_output.little-endian" ]; then \
	  cp /home/ed/mcsema-testing/llvm-test-suite/MultiSource/Benchmarks/McCat/04-bisect/bisect.reference_output.little-endian Output/bisect.out-nat; \
	elif [ -f "/home/ed/mcsema-testing/llvm-test-suite/MultiSource/Benchmarks/McCat/04-bisect/bisect.reference_output" ]; then \
	  cp /home/ed/mcsema-testing/llvm-test-suite/MultiSource/Benchmarks/McCat/04-bisect/bisect.reference_output Output/bisect.out-nat; \
	else \
	  printf "WARNING: %s: %s\n" "NO REFERENCE OUTPUT (using default)" "/home/ed/mcsema-testing/llvm-test-suite/MultiSource/Benchmarks/McCat/04-bisect/bisect.reference_output" > Output/bisect.out-nat; \
	  cp /home/ed/mcsema-testing/llvm-test-suite/default.reference_output Output/bisect.out-nat; \
	  cat Output/bisect.out-nat; \
	fi
# Pretend that the reference output was produced instantaneously.
cp /home/ed/mcsema-testing/llvm-test-suite/instant.txt Output/bisect.out-nat.time
/home/ed/mcsema-testing/llvm-test-suite/DiffOutput.sh "/home/ed/mcsema-testing/SANDBOX/test-2015-12-21_15-36-50/tools/fpcmp  -r 0.001" simple bisect 
rm -f Output/bisect.exe-simple
cp Output/bisect.diff-simple Output/bisect.exe-simple
if test -f Output/bisect.extra-results.txt; then \
	  /home/ed/mcsema-testing/llvm-test-suite/ParseMultipleResults /home/ed/mcsema-testing/SANDBOX/test-2015-12-21_15-36-50/MultiSource/Benchmarks/McCat/04-bisect/bisect Output/bisect.extra-results.txt >> Output/bisect.simple.exec.report.txt; \
	fi
cat Output/bisect.simple.compile.report.txt Output/bisect.simple.exec.report.txt >> Output/bisect.simple.report.txt
---------------------------------------------------------------
>>> ========= '/home/ed/mcsema-testing/SANDBOX/test-2015-12-21_15-36-50/MultiSource/Benchmarks/McCat/04-bisect/bisect' Program
---------------------------------------------------------------

TEST-PASS: compile /home/ed/mcsema-testing/SANDBOX/test-2015-12-21_15-36-50/MultiSource/Benchmarks/McCat/04-bisect/bisect
TEST-RESULT-compile-success: pass
TEST-RESULT-compile-hash: f1f869628419a6b87364b818dd585095
TEST-RESULT-compile-time: user 0.132500
TEST-RESULT-compile-real-time: real 0.190800

TEST-PASS: exec /home/ed/mcsema-testing/SANDBOX/test-2015-12-21_15-36-50/MultiSource/Benchmarks/McCat/04-bisect/bisect
TEST-RESULT-exec-success: pass
TEST-RESULT-exec-time: user       0.0870
TEST-RESULT-exec-real-time: real       0.0895
make[5]: Leaving directory `/home/ed/mcsema-testing/SANDBOX/test-2015-12-21_15-36-50/MultiSource/Benchmarks/McCat/04-bisect'
make[5]: Entering directory `/home/ed/mcsema-testing/SANDBOX/test-2015-12-21_15-36-50/MultiSource/Benchmarks/McCat/08-main'
/home/ed/mcsema-testing/llvm-test-suite/RunSafely.sh --show-errors -t "/home/ed/mcsema-testing/SANDBOX/test-2015-12-21_15-36-50/tools/timeit" 500 /dev/null Output/convert.llvm.o.compile \
	  /usr/bin/clang -I/home/ed/mcsema-testing/SANDBOX/test-2015-12-21_15-36-50/MultiSource/Benchmarks/McCat/08-main -I/home/ed/mcsema-testing/llvm-test-suite/MultiSource/Benchmarks/McCat/08-main -I/home/ed/mcsema-testing/llvm-test-suite/include -I../../../../include -D_GNU_SOURCE -D__STDC_LIMIT_MACROS -DNDEBUG  -O3  -m64 -fomit-frame-pointer -c /home/ed/mcsema-testing/llvm-test-suite/MultiSource/Benchmarks/McCat/08-main/convert.c -o Output/convert.llvm.o
/home/ed/mcsema-testing/llvm-test-suite/RunSafely.sh --show-errors -t "/home/ed/mcsema-testing/SANDBOX/test-2015-12-21_15-36-50/tools/timeit" 500 /dev/null Output/main.llvm.o.compile \
	  /usr/bin/clang -I/home/ed/mcsema-testing/SANDBOX/test-2015-12-21_15-36-50/MultiSource/Benchmarks/McCat/08-main -I/home/ed/mcsema-testing/llvm-test-suite/MultiSource/Benchmarks/McCat/08-main -I/home/ed/mcsema-testing/llvm-test-suite/include -I../../../../include -D_GNU_SOURCE -D__STDC_LIMIT_MACROS -DNDEBUG  -O3  -m64 -fomit-frame-pointer -c /home/ed/mcsema-testing/llvm-test-suite/MultiSource/Benchmarks/McCat/08-main/main.c -o Output/main.llvm.o
/home/ed/mcsema-testing/llvm-test-suite/RunSafely.sh --show-errors -t "/home/ed/mcsema-testing/SANDBOX/test-2015-12-21_15-36-50/tools/timeit" 500 /dev/null Output/object.llvm.o.compile \
	  /usr/bin/clang -I/home/ed/mcsema-testing/SANDBOX/test-2015-12-21_15-36-50/MultiSource/Benchmarks/McCat/08-main -I/home/ed/mcsema-testing/llvm-test-suite/MultiSource/Benchmarks/McCat/08-main -I/home/ed/mcsema-testing/llvm-test-suite/include -I../../../../include -D_GNU_SOURCE -D__STDC_LIMIT_MACROS -DNDEBUG  -O3  -m64 -fomit-frame-pointer -c /home/ed/mcsema-testing/llvm-test-suite/MultiSource/Benchmarks/McCat/08-main/object.c -o Output/object.llvm.o
/home/ed/mcsema-testing/llvm-test-suite/RunSafely.sh --show-errors -t "/home/ed/mcsema-testing/SANDBOX/test-2015-12-21_15-36-50/tools/timeit" 500 /dev/null Output/trig.llvm.o.compile \
	  /usr/bin/clang -I/home/ed/mcsema-testing/SANDBOX/test-2015-12-21_15-36-50/MultiSource/Benchmarks/McCat/08-main -I/home/ed/mcsema-testing/llvm-test-suite/MultiSource/Benchmarks/McCat/08-main -I/home/ed/mcsema-testing/llvm-test-suite/include -I../../../../include -D_GNU_SOURCE -D__STDC_LIMIT_MACROS -DNDEBUG  -O3  -m64 -fomit-frame-pointer -c /home/ed/mcsema-testing/llvm-test-suite/MultiSource/Benchmarks/McCat/08-main/trig.c -o Output/trig.llvm.o
/usr/bin/clang++ -o Output/main.simple Output/convert.llvm.o Output/main.llvm.o Output/object.llvm.o Output/trig.llvm.o -lm   -m64 -fomit-frame-pointer
/home/ed/mcsema-testing/llvm-test-suite/RunSafely.sh -t "/home/ed/mcsema-testing/SANDBOX/test-2015-12-21_15-36-50/tools/timeit-target" 500 /dev/null Output/main.out-simple Output/main.simple 
/home/ed/mcsema-testing/llvm-test-suite/HashProgramOutput.sh Output/main.out-simple
cp Output/main.simple Output/main.simple-hash; \
	strip --remove-section=.comment --remove-section='.note*' Output/main.simple-hash; \
	/home/ed/mcsema-testing/llvm-test-suite/HashProgramOutput.sh Output/main.simple-hash
if [ -f "/home/ed/mcsema-testing/llvm-test-suite/MultiSource/Benchmarks/McCat/08-main/main.reference_output.little-endian." ]; then \
	  cp /home/ed/mcsema-testing/llvm-test-suite/MultiSource/Benchmarks/McCat/08-main/main.reference_output.little-endian. Output/main.out-nat; \
	elif [ -f "/home/ed/mcsema-testing/llvm-test-suite/MultiSource/Benchmarks/McCat/08-main/main.reference_output." ]; then \
	  cp /home/ed/mcsema-testing/llvm-test-suite/MultiSource/Benchmarks/McCat/08-main/main.reference_output. Output/main.out-nat; \
	elif [ -f "/home/ed/mcsema-testing/llvm-test-suite/MultiSource/Benchmarks/McCat/08-main/main.reference_output.little-endian" ]; then \
	  cp /home/ed/mcsema-testing/llvm-test-suite/MultiSource/Benchmarks/McCat/08-main/main.reference_output.little-endian Output/main.out-nat; \
	elif [ -f "/home/ed/mcsema-testing/llvm-test-suite/MultiSource/Benchmarks/McCat/08-main/main.reference_output" ]; then \
	  cp /home/ed/mcsema-testing/llvm-test-suite/MultiSource/Benchmarks/McCat/08-main/main.reference_output Output/main.out-nat; \
	else \
	  printf "WARNING: %s: %s\n" "NO REFERENCE OUTPUT (using default)" "/home/ed/mcsema-testing/llvm-test-suite/MultiSource/Benchmarks/McCat/08-main/main.reference_output" > Output/main.out-nat; \
	  cp /home/ed/mcsema-testing/llvm-test-suite/default.reference_output Output/main.out-nat; \
	  cat Output/main.out-nat; \
	fi
# Pretend that the reference output was produced instantaneously.
cp /home/ed/mcsema-testing/llvm-test-suite/instant.txt Output/main.out-nat.time
/home/ed/mcsema-testing/llvm-test-suite/DiffOutput.sh "/home/ed/mcsema-testing/SANDBOX/test-2015-12-21_15-36-50/tools/fpcmp " simple main 
rm -f Output/main.exe-simple
cp Output/main.diff-simple Output/main.exe-simple
if test -f Output/main.extra-results.txt; then \
	  /home/ed/mcsema-testing/llvm-test-suite/ParseMultipleResults /home/ed/mcsema-testing/SANDBOX/test-2015-12-21_15-36-50/MultiSource/Benchmarks/McCat/08-main/main Output/main.extra-results.txt >> Output/main.simple.exec.report.txt; \
	fi
cat Output/main.simple.compile.report.txt Output/main.simple.exec.report.txt >> Output/main.simple.report.txt
---------------------------------------------------------------
>>> ========= '/home/ed/mcsema-testing/SANDBOX/test-2015-12-21_15-36-50/MultiSource/Benchmarks/McCat/08-main/main' Program
---------------------------------------------------------------

TEST-PASS: compile /home/ed/mcsema-testing/SANDBOX/test-2015-12-21_15-36-50/MultiSource/Benchmarks/McCat/08-main/main
TEST-RESULT-compile-success: pass
TEST-RESULT-compile-hash: 9d2a12b6c3a6a9ad7ea89d3546587e50
TEST-RESULT-compile-time: user 0.237600
TEST-RESULT-compile-real-time: real 0.307000

TEST-PASS: exec /home/ed/mcsema-testing/SANDBOX/test-2015-12-21_15-36-50/MultiSource/Benchmarks/McCat/08-main/main
TEST-RESULT-exec-success: pass
TEST-RESULT-exec-time: user       0.0344
TEST-RESULT-exec-real-time: real       0.0473
make[5]: Leaving directory `/home/ed/mcsema-testing/SANDBOX/test-2015-12-21_15-36-50/MultiSource/Benchmarks/McCat/08-main'
make[5]: Entering directory `/home/ed/mcsema-testing/SANDBOX/test-2015-12-21_15-36-50/MultiSource/Benchmarks/McCat/12-IOtest'
/home/ed/mcsema-testing/llvm-test-suite/RunSafely.sh --show-errors -t "/home/ed/mcsema-testing/SANDBOX/test-2015-12-21_15-36-50/tools/timeit" 500 /dev/null Output/IOtest.llvm.o.compile \
	  /usr/bin/clang -I/home/ed/mcsema-testing/SANDBOX/test-2015-12-21_15-36-50/MultiSource/Benchmarks/McCat/12-IOtest -I/home/ed/mcsema-testing/llvm-test-suite/MultiSource/Benchmarks/McCat/12-IOtest -I/home/ed/mcsema-testing/llvm-test-suite/include -I../../../../include -D_GNU_SOURCE -D__STDC_LIMIT_MACROS -DNDEBUG  -O3  -m64 -fomit-frame-pointer -c /home/ed/mcsema-testing/llvm-test-suite/MultiSource/Benchmarks/McCat/12-IOtest/IOtest.c -o Output/IOtest.llvm.o
/home/ed/mcsema-testing/llvm-test-suite/RunSafely.sh --show-errors -t "/home/ed/mcsema-testing/SANDBOX/test-2015-12-21_15-36-50/tools/timeit" 500 /dev/null Output/IOtestA.llvm.o.compile \
	  /usr/bin/clang -I/home/ed/mcsema-testing/SANDBOX/test-2015-12-21_15-36-50/MultiSource/Benchmarks/McCat/12-IOtest -I/home/ed/mcsema-testing/llvm-test-suite/MultiSource/Benchmarks/McCat/12-IOtest -I/home/ed/mcsema-testing/llvm-test-suite/include -I../../../../include -D_GNU_SOURCE -D__STDC_LIMIT_MACROS -DNDEBUG  -O3  -m64 -fomit-frame-pointer -c /home/ed/mcsema-testing/llvm-test-suite/MultiSource/Benchmarks/McCat/12-IOtest/IOtestA.c -o Output/IOtestA.llvm.o
/home/ed/mcsema-testing/llvm-test-suite/RunSafely.sh --show-errors -t "/home/ed/mcsema-testing/SANDBOX/test-2015-12-21_15-36-50/tools/timeit" 500 /dev/null Output/IOtestB.llvm.o.compile \
	  /usr/bin/clang -I/home/ed/mcsema-testing/SANDBOX/test-2015-12-21_15-36-50/MultiSource/Benchmarks/McCat/12-IOtest -I/home/ed/mcsema-testing/llvm-test-suite/MultiSource/Benchmarks/McCat/12-IOtest -I/home/ed/mcsema-testing/llvm-test-suite/include -I../../../../include -D_GNU_SOURCE -D__STDC_LIMIT_MACROS -DNDEBUG  -O3  -m64 -fomit-frame-pointer -c /home/ed/mcsema-testing/llvm-test-suite/MultiSource/Benchmarks/McCat/12-IOtest/IOtestB.c -o Output/IOtestB.llvm.o
/home/ed/mcsema-testing/llvm-test-suite/RunSafely.sh --show-errors -t "/home/ed/mcsema-testing/SANDBOX/test-2015-12-21_15-36-50/tools/timeit" 500 /dev/null Output/IOtestC.llvm.o.compile \
	  /usr/bin/clang -I/home/ed/mcsema-testing/SANDBOX/test-2015-12-21_15-36-50/MultiSource/Benchmarks/McCat/12-IOtest -I/home/ed/mcsema-testing/llvm-test-suite/MultiSource/Benchmarks/McCat/12-IOtest -I/home/ed/mcsema-testing/llvm-test-suite/include -I../../../../include -D_GNU_SOURCE -D__STDC_LIMIT_MACROS -DNDEBUG  -O3  -m64 -fomit-frame-pointer -c /home/ed/mcsema-testing/llvm-test-suite/MultiSource/Benchmarks/McCat/12-IOtest/IOtestC.c -o Output/IOtestC.llvm.o
/usr/bin/clang++ -o Output/iotest.simple Output/IOtest.llvm.o Output/IOtestA.llvm.o Output/IOtestB.llvm.o Output/IOtestC.llvm.o    -m64 -fomit-frame-pointer
/home/ed/mcsema-testing/llvm-test-suite/RunSafely.sh -t "/home/ed/mcsema-testing/SANDBOX/test-2015-12-21_15-36-50/tools/timeit-target" 500 /dev/null Output/iotest.out-simple Output/iotest.simple 
cp Output/iotest.simple Output/iotest.simple-hash; \
	strip --remove-section=.comment --remove-section='.note*' Output/iotest.simple-hash; \
	/home/ed/mcsema-testing/llvm-test-suite/HashProgramOutput.sh Output/iotest.simple-hash
if [ -f "/home/ed/mcsema-testing/llvm-test-suite/MultiSource/Benchmarks/McCat/12-IOtest/iotest.reference_output.little-endian." ]; then \
	  cp /home/ed/mcsema-testing/llvm-test-suite/MultiSource/Benchmarks/McCat/12-IOtest/iotest.reference_output.little-endian. Output/iotest.out-nat; \
	elif [ -f "/home/ed/mcsema-testing/llvm-test-suite/MultiSource/Benchmarks/McCat/12-IOtest/iotest.reference_output." ]; then \
	  cp /home/ed/mcsema-testing/llvm-test-suite/MultiSource/Benchmarks/McCat/12-IOtest/iotest.reference_output. Output/iotest.out-nat; \
	elif [ -f "/home/ed/mcsema-testing/llvm-test-suite/MultiSource/Benchmarks/McCat/12-IOtest/iotest.reference_output.little-endian" ]; then \
	  cp /home/ed/mcsema-testing/llvm-test-suite/MultiSource/Benchmarks/McCat/12-IOtest/iotest.reference_output.little-endian Output/iotest.out-nat; \
	elif [ -f "/home/ed/mcsema-testing/llvm-test-suite/MultiSource/Benchmarks/McCat/12-IOtest/iotest.reference_output" ]; then \
	  cp /home/ed/mcsema-testing/llvm-test-suite/MultiSource/Benchmarks/McCat/12-IOtest/iotest.reference_output Output/iotest.out-nat; \
	else \
	  printf "WARNING: %s: %s\n" "NO REFERENCE OUTPUT (using default)" "/home/ed/mcsema-testing/llvm-test-suite/MultiSource/Benchmarks/McCat/12-IOtest/iotest.reference_output" > Output/iotest.out-nat; \
	  cp /home/ed/mcsema-testing/llvm-test-suite/default.reference_output Output/iotest.out-nat; \
	  cat Output/iotest.out-nat; \
	fi
# Pretend that the reference output was produced instantaneously.
cp /home/ed/mcsema-testing/llvm-test-suite/instant.txt Output/iotest.out-nat.time
/home/ed/mcsema-testing/llvm-test-suite/DiffOutput.sh "/home/ed/mcsema-testing/SANDBOX/test-2015-12-21_15-36-50/tools/fpcmp " simple iotest 
rm -f Output/iotest.exe-simple
cp Output/iotest.diff-simple Output/iotest.exe-simple
if test -f Output/iotest.extra-results.txt; then \
	  /home/ed/mcsema-testing/llvm-test-suite/ParseMultipleResults /home/ed/mcsema-testing/SANDBOX/test-2015-12-21_15-36-50/MultiSource/Benchmarks/McCat/12-IOtest/iotest Output/iotest.extra-results.txt >> Output/iotest.simple.exec.report.txt; \
	fi
cat Output/iotest.simple.compile.report.txt Output/iotest.simple.exec.report.txt >> Output/iotest.simple.report.txt
---------------------------------------------------------------
>>> ========= '/home/ed/mcsema-testing/SANDBOX/test-2015-12-21_15-36-50/MultiSource/Benchmarks/McCat/12-IOtest/iotest' Program
---------------------------------------------------------------

TEST-PASS: compile /home/ed/mcsema-testing/SANDBOX/test-2015-12-21_15-36-50/MultiSource/Benchmarks/McCat/12-IOtest/iotest
TEST-RESULT-compile-success: pass
TEST-RESULT-compile-hash: 7ffd233d73482306b890e291be969071
TEST-RESULT-compile-time: user 0.104400
TEST-RESULT-compile-real-time: real 0.182600

TEST-PASS: exec /home/ed/mcsema-testing/SANDBOX/test-2015-12-21_15-36-50/MultiSource/Benchmarks/McCat/12-IOtest/iotest
TEST-RESULT-exec-success: pass
TEST-RESULT-exec-time: user       0.2852
TEST-RESULT-exec-real-time: real       0.2880
make[5]: Leaving directory `/home/ed/mcsema-testing/SANDBOX/test-2015-12-21_15-36-50/MultiSource/Benchmarks/McCat/12-IOtest'
make[5]: Entering directory `/home/ed/mcsema-testing/SANDBOX/test-2015-12-21_15-36-50/MultiSource/Benchmarks/McCat/17-bintr'
/home/ed/mcsema-testing/llvm-test-suite/RunSafely.sh --show-errors -t "/home/ed/mcsema-testing/SANDBOX/test-2015-12-21_15-36-50/tools/timeit" 500 /dev/null Output/bintree.llvm.o.compile \
	  /usr/bin/clang -I/home/ed/mcsema-testing/SANDBOX/test-2015-12-21_15-36-50/MultiSource/Benchmarks/McCat/17-bintr -I/home/ed/mcsema-testing/llvm-test-suite/MultiSource/Benchmarks/McCat/17-bintr -I/home/ed/mcsema-testing/llvm-test-suite/include -I../../../../include -D_GNU_SOURCE -D__STDC_LIMIT_MACROS -DNDEBUG  -O3  -m64 -fomit-frame-pointer -c /home/ed/mcsema-testing/llvm-test-suite/MultiSource/Benchmarks/McCat/17-bintr/bintree.c -o Output/bintree.llvm.o
/home/ed/mcsema-testing/llvm-test-suite/RunSafely.sh --show-errors -t "/home/ed/mcsema-testing/SANDBOX/test-2015-12-21_15-36-50/tools/timeit" 500 /dev/null Output/bnchmrk.llvm.o.compile \
	  /usr/bin/clang -I/home/ed/mcsema-testing/SANDBOX/test-2015-12-21_15-36-50/MultiSource/Benchmarks/McCat/17-bintr -I/home/ed/mcsema-testing/llvm-test-suite/MultiSource/Benchmarks/McCat/17-bintr -I/home/ed/mcsema-testing/llvm-test-suite/include -I../../../../include -D_GNU_SOURCE -D__STDC_LIMIT_MACROS -DNDEBUG  -O3  -m64 -fomit-frame-pointer -c /home/ed/mcsema-testing/llvm-test-suite/MultiSource/Benchmarks/McCat/17-bintr/bnchmrk.c -o Output/bnchmrk.llvm.o
/usr/bin/clang++ -o Output/bintr.simple Output/bintree.llvm.o Output/bnchmrk.llvm.o -lm   -m64 -fomit-frame-pointer
/home/ed/mcsema-testing/llvm-test-suite/RunSafely.sh -t "/home/ed/mcsema-testing/SANDBOX/test-2015-12-21_15-36-50/tools/timeit-target" 500 /home/ed/mcsema-testing/llvm-test-suite/MultiSource/Benchmarks/McCat/17-bintr/bnchmrk.in1 Output/bintr.out-simple Output/bintr.simple 
cp Output/bintr.simple Output/bintr.simple-hash; \
	strip --remove-section=.comment --remove-section='.note*' Output/bintr.simple-hash; \
	/home/ed/mcsema-testing/llvm-test-suite/HashProgramOutput.sh Output/bintr.simple-hash
if [ -f "/home/ed/mcsema-testing/llvm-test-suite/MultiSource/Benchmarks/McCat/17-bintr/bintr.reference_output.little-endian." ]; then \
	  cp /home/ed/mcsema-testing/llvm-test-suite/MultiSource/Benchmarks/McCat/17-bintr/bintr.reference_output.little-endian. Output/bintr.out-nat; \
	elif [ -f "/home/ed/mcsema-testing/llvm-test-suite/MultiSource/Benchmarks/McCat/17-bintr/bintr.reference_output." ]; then \
	  cp /home/ed/mcsema-testing/llvm-test-suite/MultiSource/Benchmarks/McCat/17-bintr/bintr.reference_output. Output/bintr.out-nat; \
	elif [ -f "/home/ed/mcsema-testing/llvm-test-suite/MultiSource/Benchmarks/McCat/17-bintr/bintr.reference_output.little-endian" ]; then \
	  cp /home/ed/mcsema-testing/llvm-test-suite/MultiSource/Benchmarks/McCat/17-bintr/bintr.reference_output.little-endian Output/bintr.out-nat; \
	elif [ -f "/home/ed/mcsema-testing/llvm-test-suite/MultiSource/Benchmarks/McCat/17-bintr/bintr.reference_output" ]; then \
	  cp /home/ed/mcsema-testing/llvm-test-suite/MultiSource/Benchmarks/McCat/17-bintr/bintr.reference_output Output/bintr.out-nat; \
	else \
	  printf "WARNING: %s: %s\n" "NO REFERENCE OUTPUT (using default)" "/home/ed/mcsema-testing/llvm-test-suite/MultiSource/Benchmarks/McCat/17-bintr/bintr.reference_output" > Output/bintr.out-nat; \
	  cp /home/ed/mcsema-testing/llvm-test-suite/default.reference_output Output/bintr.out-nat; \
	  cat Output/bintr.out-nat; \
	fi
# Pretend that the reference output was produced instantaneously.
cp /home/ed/mcsema-testing/llvm-test-suite/instant.txt Output/bintr.out-nat.time
/home/ed/mcsema-testing/llvm-test-suite/DiffOutput.sh "/home/ed/mcsema-testing/SANDBOX/test-2015-12-21_15-36-50/tools/fpcmp " simple bintr 
rm -f Output/bintr.exe-simple
cp Output/bintr.diff-simple Output/bintr.exe-simple
if test -f Output/bintr.extra-results.txt; then \
	  /home/ed/mcsema-testing/llvm-test-suite/ParseMultipleResults /home/ed/mcsema-testing/SANDBOX/test-2015-12-21_15-36-50/MultiSource/Benchmarks/McCat/17-bintr/bintr Output/bintr.extra-results.txt >> Output/bintr.simple.exec.report.txt; \
	fi
cat Output/bintr.simple.compile.report.txt Output/bintr.simple.exec.report.txt >> Output/bintr.simple.report.txt
---------------------------------------------------------------
>>> ========= '/home/ed/mcsema-testing/SANDBOX/test-2015-12-21_15-36-50/MultiSource/Benchmarks/McCat/17-bintr/bintr' Program
---------------------------------------------------------------

TEST-PASS: compile /home/ed/mcsema-testing/SANDBOX/test-2015-12-21_15-36-50/MultiSource/Benchmarks/McCat/17-bintr/bintr
TEST-RESULT-compile-success: pass
TEST-RESULT-compile-hash: 49081281af868a693f91b1d492f89587
TEST-RESULT-compile-time: user 0.074400
TEST-RESULT-compile-real-time: real 0.113100

TEST-PASS: exec /home/ed/mcsema-testing/SANDBOX/test-2015-12-21_15-36-50/MultiSource/Benchmarks/McCat/17-bintr/bintr
TEST-RESULT-exec-success: pass
TEST-RESULT-exec-time: user       0.0944
TEST-RESULT-exec-real-time: real       0.0984
make[5]: Leaving directory `/home/ed/mcsema-testing/SANDBOX/test-2015-12-21_15-36-50/MultiSource/Benchmarks/McCat/17-bintr'
make[5]: Entering directory `/home/ed/mcsema-testing/SANDBOX/test-2015-12-21_15-36-50/MultiSource/Benchmarks/McCat/03-testtrie'
/home/ed/mcsema-testing/llvm-test-suite/RunSafely.sh --show-errors -t "/home/ed/mcsema-testing/SANDBOX/test-2015-12-21_15-36-50/tools/timeit" 500 /dev/null Output/charsequence.llvm.o.compile \
	  /usr/bin/clang -I/home/ed/mcsema-testing/SANDBOX/test-2015-12-21_15-36-50/MultiSource/Benchmarks/McCat/03-testtrie -I/home/ed/mcsema-testing/llvm-test-suite/MultiSource/Benchmarks/McCat/03-testtrie -I/home/ed/mcsema-testing/llvm-test-suite/include -I../../../../include -D_GNU_SOURCE -D__STDC_LIMIT_MACROS -DNDEBUG  -O3  -m64 -fomit-frame-pointer -c /home/ed/mcsema-testing/llvm-test-suite/MultiSource/Benchmarks/McCat/03-testtrie/charsequence.c -o Output/charsequence.llvm.o
/home/ed/mcsema-testing/llvm-test-suite/RunSafely.sh --show-errors -t "/home/ed/mcsema-testing/SANDBOX/test-2015-12-21_15-36-50/tools/timeit" 500 /dev/null Output/main.llvm.o.compile \
	  /usr/bin/clang -I/home/ed/mcsema-testing/SANDBOX/test-2015-12-21_15-36-50/MultiSource/Benchmarks/McCat/03-testtrie -I/home/ed/mcsema-testing/llvm-test-suite/MultiSource/Benchmarks/McCat/03-testtrie -I/home/ed/mcsema-testing/llvm-test-suite/include -I../../../../include -D_GNU_SOURCE -D__STDC_LIMIT_MACROS -DNDEBUG  -O3  -m64 -fomit-frame-pointer -c /home/ed/mcsema-testing/llvm-test-suite/MultiSource/Benchmarks/McCat/03-testtrie/main.c -o Output/main.llvm.o
/home/ed/mcsema-testing/llvm-test-suite/RunSafely.sh --show-errors -t "/home/ed/mcsema-testing/SANDBOX/test-2015-12-21_15-36-50/tools/timeit" 500 /dev/null Output/trie.llvm.o.compile \
	  /usr/bin/clang -I/home/ed/mcsema-testing/SANDBOX/test-2015-12-21_15-36-50/MultiSource/Benchmarks/McCat/03-testtrie -I/home/ed/mcsema-testing/llvm-test-suite/MultiSource/Benchmarks/McCat/03-testtrie -I/home/ed/mcsema-testing/llvm-test-suite/include -I../../../../include -D_GNU_SOURCE -D__STDC_LIMIT_MACROS -DNDEBUG  -O3  -m64 -fomit-frame-pointer -c /home/ed/mcsema-testing/llvm-test-suite/MultiSource/Benchmarks/McCat/03-testtrie/trie.c -o Output/trie.llvm.o
/usr/bin/clang++ -o Output/testtrie.simple Output/charsequence.llvm.o Output/main.llvm.o Output/trie.llvm.o -lm   -m64 -fomit-frame-pointer
/home/ed/mcsema-testing/llvm-test-suite/RunSafely.sh -t "/home/ed/mcsema-testing/SANDBOX/test-2015-12-21_15-36-50/tools/timeit-target" 500 /dev/null Output/testtrie.out-simple Output/testtrie.simple /home/ed/mcsema-testing/llvm-test-suite/MultiSource/Benchmarks/McCat/03-testtrie/testtrie.in2
cp Output/testtrie.simple Output/testtrie.simple-hash; \
	strip --remove-section=.comment --remove-section='.note*' Output/testtrie.simple-hash; \
	/home/ed/mcsema-testing/llvm-test-suite/HashProgramOutput.sh Output/testtrie.simple-hash
if [ -f "/home/ed/mcsema-testing/llvm-test-suite/MultiSource/Benchmarks/McCat/03-testtrie/testtrie.reference_output.little-endian." ]; then \
	  cp /home/ed/mcsema-testing/llvm-test-suite/MultiSource/Benchmarks/McCat/03-testtrie/testtrie.reference_output.little-endian. Output/testtrie.out-nat; \
	elif [ -f "/home/ed/mcsema-testing/llvm-test-suite/MultiSource/Benchmarks/McCat/03-testtrie/testtrie.reference_output." ]; then \
	  cp /home/ed/mcsema-testing/llvm-test-suite/MultiSource/Benchmarks/McCat/03-testtrie/testtrie.reference_output. Output/testtrie.out-nat; \
	elif [ -f "/home/ed/mcsema-testing/llvm-test-suite/MultiSource/Benchmarks/McCat/03-testtrie/testtrie.reference_output.little-endian" ]; then \
	  cp /home/ed/mcsema-testing/llvm-test-suite/MultiSource/Benchmarks/McCat/03-testtrie/testtrie.reference_output.little-endian Output/testtrie.out-nat; \
	elif [ -f "/home/ed/mcsema-testing/llvm-test-suite/MultiSource/Benchmarks/McCat/03-testtrie/testtrie.reference_output" ]; then \
	  cp /home/ed/mcsema-testing/llvm-test-suite/MultiSource/Benchmarks/McCat/03-testtrie/testtrie.reference_output Output/testtrie.out-nat; \
	else \
	  printf "WARNING: %s: %s\n" "NO REFERENCE OUTPUT (using default)" "/home/ed/mcsema-testing/llvm-test-suite/MultiSource/Benchmarks/McCat/03-testtrie/testtrie.reference_output" > Output/testtrie.out-nat; \
	  cp /home/ed/mcsema-testing/llvm-test-suite/default.reference_output Output/testtrie.out-nat; \
	  cat Output/testtrie.out-nat; \
	fi
# Pretend that the reference output was produced instantaneously.
cp /home/ed/mcsema-testing/llvm-test-suite/instant.txt Output/testtrie.out-nat.time
/home/ed/mcsema-testing/llvm-test-suite/DiffOutput.sh "/home/ed/mcsema-testing/SANDBOX/test-2015-12-21_15-36-50/tools/fpcmp " simple testtrie 
rm -f Output/testtrie.exe-simple
cp Output/testtrie.diff-simple Output/testtrie.exe-simple
if test -f Output/testtrie.extra-results.txt; then \
	  /home/ed/mcsema-testing/llvm-test-suite/ParseMultipleResults /home/ed/mcsema-testing/SANDBOX/test-2015-12-21_15-36-50/MultiSource/Benchmarks/McCat/03-testtrie/testtrie Output/testtrie.extra-results.txt >> Output/testtrie.simple.exec.report.txt; \
	fi
cat Output/testtrie.simple.compile.report.txt Output/testtrie.simple.exec.report.txt >> Output/testtrie.simple.report.txt
---------------------------------------------------------------
>>> ========= '/home/ed/mcsema-testing/SANDBOX/test-2015-12-21_15-36-50/MultiSource/Benchmarks/McCat/03-testtrie/testtrie' Program
---------------------------------------------------------------

TEST-PASS: compile /home/ed/mcsema-testing/SANDBOX/test-2015-12-21_15-36-50/MultiSource/Benchmarks/McCat/03-testtrie/testtrie
TEST-RESULT-compile-success: pass
TEST-RESULT-compile-hash: c01d80bf5d319411045209bfbc0ed3bb
TEST-RESULT-compile-time: user 0.104100
TEST-RESULT-compile-real-time: real 0.152000

TEST-PASS: exec /home/ed/mcsema-testing/SANDBOX/test-2015-12-21_15-36-50/MultiSource/Benchmarks/McCat/03-testtrie/testtrie
TEST-RESULT-exec-success: pass
TEST-RESULT-exec-time: user       0.0067
TEST-RESULT-exec-real-time: real       0.0179
make[5]: Leaving directory `/home/ed/mcsema-testing/SANDBOX/test-2015-12-21_15-36-50/MultiSource/Benchmarks/McCat/03-testtrie'
make[5]: Entering directory `/home/ed/mcsema-testing/SANDBOX/test-2015-12-21_15-36-50/MultiSource/Benchmarks/McCat/05-eks'
/home/ed/mcsema-testing/llvm-test-suite/RunSafely.sh --show-errors -t "/home/ed/mcsema-testing/SANDBOX/test-2015-12-21_15-36-50/tools/timeit" 500 /dev/null Output/Divsol.llvm.o.compile \
	  /usr/bin/clang -I/home/ed/mcsema-testing/SANDBOX/test-2015-12-21_15-36-50/MultiSource/Benchmarks/McCat/05-eks -I/home/ed/mcsema-testing/llvm-test-suite/MultiSource/Benchmarks/McCat/05-eks -I/home/ed/mcsema-testing/llvm-test-suite/include -I../../../../include -D_GNU_SOURCE -D__STDC_LIMIT_MACROS -DNDEBUG  -O3  -m64 -fomit-frame-pointer -c /home/ed/mcsema-testing/llvm-test-suite/MultiSource/Benchmarks/McCat/05-eks/Divsol.c -o Output/Divsol.llvm.o
/home/ed/mcsema-testing/llvm-test-suite/RunSafely.sh --show-errors -t "/home/ed/mcsema-testing/SANDBOX/test-2015-12-21_15-36-50/tools/timeit" 500 /dev/null Output/Jacobi.llvm.o.compile \
	  /usr/bin/clang -I/home/ed/mcsema-testing/SANDBOX/test-2015-12-21_15-36-50/MultiSource/Benchmarks/McCat/05-eks -I/home/ed/mcsema-testing/llvm-test-suite/MultiSource/Benchmarks/McCat/05-eks -I/home/ed/mcsema-testing/llvm-test-suite/include -I../../../../include -D_GNU_SOURCE -D__STDC_LIMIT_MACROS -DNDEBUG  -O3  -m64 -fomit-frame-pointer -c /home/ed/mcsema-testing/llvm-test-suite/MultiSource/Benchmarks/McCat/05-eks/Jacobi.c -o Output/Jacobi.llvm.o
/home/ed/mcsema-testing/llvm-test-suite/RunSafely.sh --show-errors -t "/home/ed/mcsema-testing/SANDBOX/test-2015-12-21_15-36-50/tools/timeit" 500 /dev/null Output/MM.llvm.o.compile \
	  /usr/bin/clang -I/home/ed/mcsema-testing/SANDBOX/test-2015-12-21_15-36-50/MultiSource/Benchmarks/McCat/05-eks -I/home/ed/mcsema-testing/llvm-test-suite/MultiSource/Benchmarks/McCat/05-eks -I/home/ed/mcsema-testing/llvm-test-suite/include -I../../../../include -D_GNU_SOURCE -D__STDC_LIMIT_MACROS -DNDEBUG  -O3  -m64 -fomit-frame-pointer -c /home/ed/mcsema-testing/llvm-test-suite/MultiSource/Benchmarks/McCat/05-eks/MM.c -o Output/MM.llvm.o
/home/ed/mcsema-testing/llvm-test-suite/RunSafely.sh --show-errors -t "/home/ed/mcsema-testing/SANDBOX/test-2015-12-21_15-36-50/tools/timeit" 500 /dev/null Output/QRfact.llvm.o.compile \
	  /usr/bin/clang -I/home/ed/mcsema-testing/SANDBOX/test-2015-12-21_15-36-50/MultiSource/Benchmarks/McCat/05-eks -I/home/ed/mcsema-testing/llvm-test-suite/MultiSource/Benchmarks/McCat/05-eks -I/home/ed/mcsema-testing/llvm-test-suite/include -I../../../../include -D_GNU_SOURCE -D__STDC_LIMIT_MACROS -DNDEBUG  -O3  -m64 -fomit-frame-pointer -c /home/ed/mcsema-testing/llvm-test-suite/MultiSource/Benchmarks/McCat/05-eks/QRfact.c -o Output/QRfact.llvm.o
/home/ed/mcsema-testing/llvm-test-suite/RunSafely.sh --show-errors -t "/home/ed/mcsema-testing/SANDBOX/test-2015-12-21_15-36-50/tools/timeit" 500 /dev/null Output/Triang.llvm.o.compile \
	  /usr/bin/clang -I/home/ed/mcsema-testing/SANDBOX/test-2015-12-21_15-36-50/MultiSource/Benchmarks/McCat/05-eks -I/home/ed/mcsema-testing/llvm-test-suite/MultiSource/Benchmarks/McCat/05-eks -I/home/ed/mcsema-testing/llvm-test-suite/include -I../../../../include -D_GNU_SOURCE -D__STDC_LIMIT_MACROS -DNDEBUG  -O3  -m64 -fomit-frame-pointer -c /home/ed/mcsema-testing/llvm-test-suite/MultiSource/Benchmarks/McCat/05-eks/Triang.c -o Output/Triang.llvm.o
/home/ed/mcsema-testing/llvm-test-suite/RunSafely.sh --show-errors -t "/home/ed/mcsema-testing/SANDBOX/test-2015-12-21_15-36-50/tools/timeit" 500 /dev/null Output/main.llvm.o.compile \
	  /usr/bin/clang -I/home/ed/mcsema-testing/SANDBOX/test-2015-12-21_15-36-50/MultiSource/Benchmarks/McCat/05-eks -I/home/ed/mcsema-testing/llvm-test-suite/MultiSource/Benchmarks/McCat/05-eks -I/home/ed/mcsema-testing/llvm-test-suite/include -I../../../../include -D_GNU_SOURCE -D__STDC_LIMIT_MACROS -DNDEBUG  -O3  -m64 -fomit-frame-pointer -c /home/ed/mcsema-testing/llvm-test-suite/MultiSource/Benchmarks/McCat/05-eks/main.c -o Output/main.llvm.o
/home/ed/mcsema-testing/llvm-test-suite/RunSafely.sh --show-errors -t "/home/ed/mcsema-testing/SANDBOX/test-2015-12-21_15-36-50/tools/timeit" 500 /dev/null Output/print.llvm.o.compile \
	  /usr/bin/clang -I/home/ed/mcsema-testing/SANDBOX/test-2015-12-21_15-36-50/MultiSource/Benchmarks/McCat/05-eks -I/home/ed/mcsema-testing/llvm-test-suite/MultiSource/Benchmarks/McCat/05-eks -I/home/ed/mcsema-testing/llvm-test-suite/include -I../../../../include -D_GNU_SOURCE -D__STDC_LIMIT_MACROS -DNDEBUG  -O3  -m64 -fomit-frame-pointer -c /home/ed/mcsema-testing/llvm-test-suite/MultiSource/Benchmarks/McCat/05-eks/print.c -o Output/print.llvm.o
/usr/bin/clang++ -o Output/eks.simple Output/Divsol.llvm.o Output/Jacobi.llvm.o Output/MM.llvm.o Output/QRfact.llvm.o Output/Triang.llvm.o Output/main.llvm.o Output/print.llvm.o -lm   -m64 -fomit-frame-pointer
/home/ed/mcsema-testing/llvm-test-suite/RunSafely.sh -t "/home/ed/mcsema-testing/SANDBOX/test-2015-12-21_15-36-50/tools/timeit-target" 500 /dev/null Output/eks.out-simple Output/eks.simple 
cp Output/eks.simple Output/eks.simple-hash; \
	strip --remove-section=.comment --remove-section='.note*' Output/eks.simple-hash; \
	/home/ed/mcsema-testing/llvm-test-suite/HashProgramOutput.sh Output/eks.simple-hash
if [ -f "/home/ed/mcsema-testing/llvm-test-suite/MultiSource/Benchmarks/McCat/05-eks/eks.reference_output.little-endian." ]; then \
	  cp /home/ed/mcsema-testing/llvm-test-suite/MultiSource/Benchmarks/McCat/05-eks/eks.reference_output.little-endian. Output/eks.out-nat; \
	elif [ -f "/home/ed/mcsema-testing/llvm-test-suite/MultiSource/Benchmarks/McCat/05-eks/eks.reference_output." ]; then \
	  cp /home/ed/mcsema-testing/llvm-test-suite/MultiSource/Benchmarks/McCat/05-eks/eks.reference_output. Output/eks.out-nat; \
	elif [ -f "/home/ed/mcsema-testing/llvm-test-suite/MultiSource/Benchmarks/McCat/05-eks/eks.reference_output.little-endian" ]; then \
	  cp /home/ed/mcsema-testing/llvm-test-suite/MultiSource/Benchmarks/McCat/05-eks/eks.reference_output.little-endian Output/eks.out-nat; \
	elif [ -f "/home/ed/mcsema-testing/llvm-test-suite/MultiSource/Benchmarks/McCat/05-eks/eks.reference_output" ]; then \
	  cp /home/ed/mcsema-testing/llvm-test-suite/MultiSource/Benchmarks/McCat/05-eks/eks.reference_output Output/eks.out-nat; \
	else \
	  printf "WARNING: %s: %s\n" "NO REFERENCE OUTPUT (using default)" "/home/ed/mcsema-testing/llvm-test-suite/MultiSource/Benchmarks/McCat/05-eks/eks.reference_output" > Output/eks.out-nat; \
	  cp /home/ed/mcsema-testing/llvm-test-suite/default.reference_output Output/eks.out-nat; \
	  cat Output/eks.out-nat; \
	fi
# Pretend that the reference output was produced instantaneously.
cp /home/ed/mcsema-testing/llvm-test-suite/instant.txt Output/eks.out-nat.time
/home/ed/mcsema-testing/llvm-test-suite/DiffOutput.sh "/home/ed/mcsema-testing/SANDBOX/test-2015-12-21_15-36-50/tools/fpcmp " simple eks 
rm -f Output/eks.exe-simple
cp Output/eks.diff-simple Output/eks.exe-simple
if test -f Output/eks.extra-results.txt; then \
	  /home/ed/mcsema-testing/llvm-test-suite/ParseMultipleResults /home/ed/mcsema-testing/SANDBOX/test-2015-12-21_15-36-50/MultiSource/Benchmarks/McCat/05-eks/eks Output/eks.extra-results.txt >> Output/eks.simple.exec.report.txt; \
	fi
cat Output/eks.simple.compile.report.txt Output/eks.simple.exec.report.txt >> Output/eks.simple.report.txt
---------------------------------------------------------------
>>> ========= '/home/ed/mcsema-testing/SANDBOX/test-2015-12-21_15-36-50/MultiSource/Benchmarks/McCat/05-eks/eks' Program
---------------------------------------------------------------

TEST-PASS: compile /home/ed/mcsema-testing/SANDBOX/test-2015-12-21_15-36-50/MultiSource/Benchmarks/McCat/05-eks/eks
TEST-RESULT-compile-success: pass
TEST-RESULT-compile-hash: 2507c957ee0c67076a6712034e36c83f
TEST-RESULT-compile-time: user 0.460000
TEST-RESULT-compile-real-time: real 0.622600

TEST-PASS: exec /home/ed/mcsema-testing/SANDBOX/test-2015-12-21_15-36-50/MultiSource/Benchmarks/McCat/05-eks/eks
TEST-RESULT-exec-success: pass
TEST-RESULT-exec-time: user       0.0030
TEST-RESULT-exec-real-time: real       0.0039
make[5]: Leaving directory `/home/ed/mcsema-testing/SANDBOX/test-2015-12-21_15-36-50/MultiSource/Benchmarks/McCat/05-eks'
make[5]: Entering directory `/home/ed/mcsema-testing/SANDBOX/test-2015-12-21_15-36-50/MultiSource/Benchmarks/McCat/09-vor'
/home/ed/mcsema-testing/llvm-test-suite/RunSafely.sh --show-errors -t "/home/ed/mcsema-testing/SANDBOX/test-2015-12-21_15-36-50/tools/timeit" 500 /dev/null Output/ch.llvm.o.compile \
	  /usr/bin/clang -I/home/ed/mcsema-testing/SANDBOX/test-2015-12-21_15-36-50/MultiSource/Benchmarks/McCat/09-vor -I/home/ed/mcsema-testing/llvm-test-suite/MultiSource/Benchmarks/McCat/09-vor -I/home/ed/mcsema-testing/llvm-test-suite/include -I../../../../include -D_GNU_SOURCE -D__STDC_LIMIT_MACROS -DNDEBUG  -O3  -m64 -fomit-frame-pointer -c /home/ed/mcsema-testing/llvm-test-suite/MultiSource/Benchmarks/McCat/09-vor/ch.c -o Output/ch.llvm.o
/home/ed/mcsema-testing/llvm-test-suite/RunSafely.sh --show-errors -t "/home/ed/mcsema-testing/SANDBOX/test-2015-12-21_15-36-50/tools/timeit" 500 /dev/null Output/intersec.llvm.o.compile \
	  /usr/bin/clang -I/home/ed/mcsema-testing/SANDBOX/test-2015-12-21_15-36-50/MultiSource/Benchmarks/McCat/09-vor -I/home/ed/mcsema-testing/llvm-test-suite/MultiSource/Benchmarks/McCat/09-vor -I/home/ed/mcsema-testing/llvm-test-suite/include -I../../../../include -D_GNU_SOURCE -D__STDC_LIMIT_MACROS -DNDEBUG  -O3  -m64 -fomit-frame-pointer -c /home/ed/mcsema-testing/llvm-test-suite/MultiSource/Benchmarks/McCat/09-vor/intersec.c -o Output/intersec.llvm.o
/home/ed/mcsema-testing/llvm-test-suite/RunSafely.sh --show-errors -t "/home/ed/mcsema-testing/SANDBOX/test-2015-12-21_15-36-50/tools/timeit" 500 /dev/null Output/pointlis.llvm.o.compile \
	  /usr/bin/clang -I/home/ed/mcsema-testing/SANDBOX/test-2015-12-21_15-36-50/MultiSource/Benchmarks/McCat/09-vor -I/home/ed/mcsema-testing/llvm-test-suite/MultiSource/Benchmarks/McCat/09-vor -I/home/ed/mcsema-testing/llvm-test-suite/include -I../../../../include -D_GNU_SOURCE -D__STDC_LIMIT_MACROS -DNDEBUG  -O3  -m64 -fomit-frame-pointer -c /home/ed/mcsema-testing/llvm-test-suite/MultiSource/Benchmarks/McCat/09-vor/pointlis.c -o Output/pointlis.llvm.o
/home/ed/mcsema-testing/llvm-test-suite/RunSafely.sh --show-errors -t "/home/ed/mcsema-testing/SANDBOX/test-2015-12-21_15-36-50/tools/timeit" 500 /dev/null Output/splay.llvm.o.compile \
	  /usr/bin/clang -I/home/ed/mcsema-testing/SANDBOX/test-2015-12-21_15-36-50/MultiSource/Benchmarks/McCat/09-vor -I/home/ed/mcsema-testing/llvm-test-suite/MultiSource/Benchmarks/McCat/09-vor -I/home/ed/mcsema-testing/llvm-test-suite/include -I../../../../include -D_GNU_SOURCE -D__STDC_LIMIT_MACROS -DNDEBUG  -O3  -m64 -fomit-frame-pointer -c /home/ed/mcsema-testing/llvm-test-suite/MultiSource/Benchmarks/McCat/09-vor/splay.c -o Output/splay.llvm.o
/home/ed/mcsema-testing/llvm-test-suite/RunSafely.sh --show-errors -t "/home/ed/mcsema-testing/SANDBOX/test-2015-12-21_15-36-50/tools/timeit" 500 /dev/null Output/splay2.llvm.o.compile \
	  /usr/bin/clang -I/home/ed/mcsema-testing/SANDBOX/test-2015-12-21_15-36-50/MultiSource/Benchmarks/McCat/09-vor -I/home/ed/mcsema-testing/llvm-test-suite/MultiSource/Benchmarks/McCat/09-vor -I/home/ed/mcsema-testing/llvm-test-suite/include -I../../../../include -D_GNU_SOURCE -D__STDC_LIMIT_MACROS -DNDEBUG  -O3  -m64 -fomit-frame-pointer -c /home/ed/mcsema-testing/llvm-test-suite/MultiSource/Benchmarks/McCat/09-vor/splay2.c -o Output/splay2.llvm.o
/home/ed/mcsema-testing/llvm-test-suite/RunSafely.sh --show-errors -t "/home/ed/mcsema-testing/SANDBOX/test-2015-12-21_15-36-50/tools/timeit" 500 /dev/null Output/vor.llvm.o.compile \
	  /usr/bin/clang -I/home/ed/mcsema-testing/SANDBOX/test-2015-12-21_15-36-50/MultiSource/Benchmarks/McCat/09-vor -I/home/ed/mcsema-testing/llvm-test-suite/MultiSource/Benchmarks/McCat/09-vor -I/home/ed/mcsema-testing/llvm-test-suite/include -I../../../../include -D_GNU_SOURCE -D__STDC_LIMIT_MACROS -DNDEBUG  -O3  -m64 -fomit-frame-pointer -c /home/ed/mcsema-testing/llvm-test-suite/MultiSource/Benchmarks/McCat/09-vor/vor.c -o Output/vor.llvm.o
/usr/bin/clang++ -o Output/vor.simple Output/ch.llvm.o Output/intersec.llvm.o Output/pointlis.llvm.o Output/splay.llvm.o Output/splay2.llvm.o Output/vor.llvm.o -lm   -m64 -fomit-frame-pointer
/home/ed/mcsema-testing/llvm-test-suite/RunSafely.sh -t "/home/ed/mcsema-testing/SANDBOX/test-2015-12-21_15-36-50/tools/timeit-target" 500 /home/ed/mcsema-testing/llvm-test-suite/MultiSource/Benchmarks/McCat/09-vor/vor.in3 Output/vor.out-simple Output/vor.simple 
cp Output/vor.simple Output/vor.simple-hash; \
	strip --remove-section=.comment --remove-section='.note*' Output/vor.simple-hash; \
	/home/ed/mcsema-testing/llvm-test-suite/HashProgramOutput.sh Output/vor.simple-hash
if [ -f "/home/ed/mcsema-testing/llvm-test-suite/MultiSource/Benchmarks/McCat/09-vor/vor.reference_output.little-endian." ]; then \
	  cp /home/ed/mcsema-testing/llvm-test-suite/MultiSource/Benchmarks/McCat/09-vor/vor.reference_output.little-endian. Output/vor.out-nat; \
	elif [ -f "/home/ed/mcsema-testing/llvm-test-suite/MultiSource/Benchmarks/McCat/09-vor/vor.reference_output." ]; then \
	  cp /home/ed/mcsema-testing/llvm-test-suite/MultiSource/Benchmarks/McCat/09-vor/vor.reference_output. Output/vor.out-nat; \
	elif [ -f "/home/ed/mcsema-testing/llvm-test-suite/MultiSource/Benchmarks/McCat/09-vor/vor.reference_output.little-endian" ]; then \
	  cp /home/ed/mcsema-testing/llvm-test-suite/MultiSource/Benchmarks/McCat/09-vor/vor.reference_output.little-endian Output/vor.out-nat; \
	elif [ -f "/home/ed/mcsema-testing/llvm-test-suite/MultiSource/Benchmarks/McCat/09-vor/vor.reference_output" ]; then \
	  cp /home/ed/mcsema-testing/llvm-test-suite/MultiSource/Benchmarks/McCat/09-vor/vor.reference_output Output/vor.out-nat; \
	else \
	  printf "WARNING: %s: %s\n" "NO REFERENCE OUTPUT (using default)" "/home/ed/mcsema-testing/llvm-test-suite/MultiSource/Benchmarks/McCat/09-vor/vor.reference_output" > Output/vor.out-nat; \
	  cp /home/ed/mcsema-testing/llvm-test-suite/default.reference_output Output/vor.out-nat; \
	  cat Output/vor.out-nat; \
	fi
# Pretend that the reference output was produced instantaneously.
cp /home/ed/mcsema-testing/llvm-test-suite/instant.txt Output/vor.out-nat.time
/home/ed/mcsema-testing/llvm-test-suite/DiffOutput.sh "/home/ed/mcsema-testing/SANDBOX/test-2015-12-21_15-36-50/tools/fpcmp " simple vor 
rm -f Output/vor.exe-simple
cp Output/vor.diff-simple Output/vor.exe-simple
if test -f Output/vor.extra-results.txt; then \
	  /home/ed/mcsema-testing/llvm-test-suite/ParseMultipleResults /home/ed/mcsema-testing/SANDBOX/test-2015-12-21_15-36-50/MultiSource/Benchmarks/McCat/09-vor/vor Output/vor.extra-results.txt >> Output/vor.simple.exec.report.txt; \
	fi
cat Output/vor.simple.compile.report.txt Output/vor.simple.exec.report.txt >> Output/vor.simple.report.txt
---------------------------------------------------------------
>>> ========= '/home/ed/mcsema-testing/SANDBOX/test-2015-12-21_15-36-50/MultiSource/Benchmarks/McCat/09-vor/vor' Program
---------------------------------------------------------------

TEST-PASS: compile /home/ed/mcsema-testing/SANDBOX/test-2015-12-21_15-36-50/MultiSource/Benchmarks/McCat/09-vor/vor
TEST-RESULT-compile-success: pass
TEST-RESULT-compile-hash: 36f1e5a39bf0351a5f458699c230d456
TEST-RESULT-compile-time: user 0.294500
TEST-RESULT-compile-real-time: real 0.407200

TEST-PASS: exec /home/ed/mcsema-testing/SANDBOX/test-2015-12-21_15-36-50/MultiSource/Benchmarks/McCat/09-vor/vor
TEST-RESULT-exec-success: pass
TEST-RESULT-exec-time: user       0.0961
TEST-RESULT-exec-real-time: real       0.1073
make[5]: Leaving directory `/home/ed/mcsema-testing/SANDBOX/test-2015-12-21_15-36-50/MultiSource/Benchmarks/McCat/09-vor'
make[5]: Entering directory `/home/ed/mcsema-testing/SANDBOX/test-2015-12-21_15-36-50/MultiSource/Benchmarks/McCat/15-trie'
/home/ed/mcsema-testing/llvm-test-suite/RunSafely.sh --show-errors -t "/home/ed/mcsema-testing/SANDBOX/test-2015-12-21_15-36-50/tools/timeit" 500 /dev/null Output/trie.llvm.o.compile \
	  /usr/bin/clang -I/home/ed/mcsema-testing/SANDBOX/test-2015-12-21_15-36-50/MultiSource/Benchmarks/McCat/15-trie -I/home/ed/mcsema-testing/llvm-test-suite/MultiSource/Benchmarks/McCat/15-trie -I/home/ed/mcsema-testing/llvm-test-suite/include -I../../../../include -D_GNU_SOURCE -D__STDC_LIMIT_MACROS -DNDEBUG  -O3  -m64 -fomit-frame-pointer -c /home/ed/mcsema-testing/llvm-test-suite/MultiSource/Benchmarks/McCat/15-trie/trie.c -o Output/trie.llvm.o
/usr/bin/clang++ -o Output/trie.simple Output/trie.llvm.o -lm   -m64 -fomit-frame-pointer
/home/ed/mcsema-testing/llvm-test-suite/RunSafely.sh -t "/home/ed/mcsema-testing/SANDBOX/test-2015-12-21_15-36-50/tools/timeit-target" 500 /dev/null Output/trie.out-simple Output/trie.simple /home/ed/mcsema-testing/llvm-test-suite/MultiSource/Benchmarks/McCat/15-trie/trie.in1
cp Output/trie.simple Output/trie.simple-hash; \
	strip --remove-section=.comment --remove-section='.note*' Output/trie.simple-hash; \
	/home/ed/mcsema-testing/llvm-test-suite/HashProgramOutput.sh Output/trie.simple-hash
if [ -f "/home/ed/mcsema-testing/llvm-test-suite/MultiSource/Benchmarks/McCat/15-trie/trie.reference_output.little-endian." ]; then \
	  cp /home/ed/mcsema-testing/llvm-test-suite/MultiSource/Benchmarks/McCat/15-trie/trie.reference_output.little-endian. Output/trie.out-nat; \
	elif [ -f "/home/ed/mcsema-testing/llvm-test-suite/MultiSource/Benchmarks/McCat/15-trie/trie.reference_output." ]; then \
	  cp /home/ed/mcsema-testing/llvm-test-suite/MultiSource/Benchmarks/McCat/15-trie/trie.reference_output. Output/trie.out-nat; \
	elif [ -f "/home/ed/mcsema-testing/llvm-test-suite/MultiSource/Benchmarks/McCat/15-trie/trie.reference_output.little-endian" ]; then \
	  cp /home/ed/mcsema-testing/llvm-test-suite/MultiSource/Benchmarks/McCat/15-trie/trie.reference_output.little-endian Output/trie.out-nat; \
	elif [ -f "/home/ed/mcsema-testing/llvm-test-suite/MultiSource/Benchmarks/McCat/15-trie/trie.reference_output" ]; then \
	  cp /home/ed/mcsema-testing/llvm-test-suite/MultiSource/Benchmarks/McCat/15-trie/trie.reference_output Output/trie.out-nat; \
	else \
	  printf "WARNING: %s: %s\n" "NO REFERENCE OUTPUT (using default)" "/home/ed/mcsema-testing/llvm-test-suite/MultiSource/Benchmarks/McCat/15-trie/trie.reference_output" > Output/trie.out-nat; \
	  cp /home/ed/mcsema-testing/llvm-test-suite/default.reference_output Output/trie.out-nat; \
	  cat Output/trie.out-nat; \
	fi
# Pretend that the reference output was produced instantaneously.
cp /home/ed/mcsema-testing/llvm-test-suite/instant.txt Output/trie.out-nat.time
/home/ed/mcsema-testing/llvm-test-suite/DiffOutput.sh "/home/ed/mcsema-testing/SANDBOX/test-2015-12-21_15-36-50/tools/fpcmp " simple trie 
rm -f Output/trie.exe-simple
cp Output/trie.diff-simple Output/trie.exe-simple
if test -f Output/trie.extra-results.txt; then \
	  /home/ed/mcsema-testing/llvm-test-suite/ParseMultipleResults /home/ed/mcsema-testing/SANDBOX/test-2015-12-21_15-36-50/MultiSource/Benchmarks/McCat/15-trie/trie Output/trie.extra-results.txt >> Output/trie.simple.exec.report.txt; \
	fi
cat Output/trie.simple.compile.report.txt Output/trie.simple.exec.report.txt >> Output/trie.simple.report.txt
---------------------------------------------------------------
>>> ========= '/home/ed/mcsema-testing/SANDBOX/test-2015-12-21_15-36-50/MultiSource/Benchmarks/McCat/15-trie/trie' Program
---------------------------------------------------------------

TEST-PASS: compile /home/ed/mcsema-testing/SANDBOX/test-2015-12-21_15-36-50/MultiSource/Benchmarks/McCat/15-trie/trie
TEST-RESULT-compile-success: pass
TEST-RESULT-compile-hash: ce9ae372d831e7fccf730d594bcd0fb2
TEST-RESULT-compile-time: user 0.053900
TEST-RESULT-compile-real-time: real 0.070400

TEST-PASS: exec /home/ed/mcsema-testing/SANDBOX/test-2015-12-21_15-36-50/MultiSource/Benchmarks/McCat/15-trie/trie
TEST-RESULT-exec-success: pass
TEST-RESULT-exec-time: user       0.0015
TEST-RESULT-exec-real-time: real       0.0034
make[5]: Leaving directory `/home/ed/mcsema-testing/SANDBOX/test-2015-12-21_15-36-50/MultiSource/Benchmarks/McCat/15-trie'
make[5]: Entering directory `/home/ed/mcsema-testing/SANDBOX/test-2015-12-21_15-36-50/MultiSource/Benchmarks/McCat/18-imp'
/home/ed/mcsema-testing/llvm-test-suite/RunSafely.sh --show-errors -t "/home/ed/mcsema-testing/SANDBOX/test-2015-12-21_15-36-50/tools/timeit" 500 /dev/null Output/L_canny.llvm.o.compile \
	  /usr/bin/clang -I/home/ed/mcsema-testing/SANDBOX/test-2015-12-21_15-36-50/MultiSource/Benchmarks/McCat/18-imp -I/home/ed/mcsema-testing/llvm-test-suite/MultiSource/Benchmarks/McCat/18-imp -I/home/ed/mcsema-testing/llvm-test-suite/include -I../../../../include -D_GNU_SOURCE -D__STDC_LIMIT_MACROS -DNDEBUG  -O3  -m64 -fomit-frame-pointer -c /home/ed/mcsema-testing/llvm-test-suite/MultiSource/Benchmarks/McCat/18-imp/L_canny.c -o Output/L_canny.llvm.o
/home/ed/mcsema-testing/llvm-test-suite/RunSafely.sh --show-errors -t "/home/ed/mcsema-testing/SANDBOX/test-2015-12-21_15-36-50/tools/timeit" 500 /dev/null Output/main.llvm.o.compile \
	  /usr/bin/clang -I/home/ed/mcsema-testing/SANDBOX/test-2015-12-21_15-36-50/MultiSource/Benchmarks/McCat/18-imp -I/home/ed/mcsema-testing/llvm-test-suite/MultiSource/Benchmarks/McCat/18-imp -I/home/ed/mcsema-testing/llvm-test-suite/include -I../../../../include -D_GNU_SOURCE -D__STDC_LIMIT_MACROS -DNDEBUG  -O3  -m64 -fomit-frame-pointer -c /home/ed/mcsema-testing/llvm-test-suite/MultiSource/Benchmarks/McCat/18-imp/main.c -o Output/main.llvm.o
/home/ed/mcsema-testing/llvm-test-suite/RunSafely.sh --show-errors -t "/home/ed/mcsema-testing/SANDBOX/test-2015-12-21_15-36-50/tools/timeit" 500 /dev/null Output/pgm.llvm.o.compile \
	  /usr/bin/clang -I/home/ed/mcsema-testing/SANDBOX/test-2015-12-21_15-36-50/MultiSource/Benchmarks/McCat/18-imp -I/home/ed/mcsema-testing/llvm-test-suite/MultiSource/Benchmarks/McCat/18-imp -I/home/ed/mcsema-testing/llvm-test-suite/include -I../../../../include -D_GNU_SOURCE -D__STDC_LIMIT_MACROS -DNDEBUG  -O3  -m64 -fomit-frame-pointer -c /home/ed/mcsema-testing/llvm-test-suite/MultiSource/Benchmarks/McCat/18-imp/pgm.c -o Output/pgm.llvm.o
/home/ed/mcsema-testing/llvm-test-suite/RunSafely.sh --show-errors -t "/home/ed/mcsema-testing/SANDBOX/test-2015-12-21_15-36-50/tools/timeit" 500 /dev/null Output/textloc.llvm.o.compile \
	  /usr/bin/clang -I/home/ed/mcsema-testing/SANDBOX/test-2015-12-21_15-36-50/MultiSource/Benchmarks/McCat/18-imp -I/home/ed/mcsema-testing/llvm-test-suite/MultiSource/Benchmarks/McCat/18-imp -I/home/ed/mcsema-testing/llvm-test-suite/include -I../../../../include -D_GNU_SOURCE -D__STDC_LIMIT_MACROS -DNDEBUG  -O3  -m64 -fomit-frame-pointer -c /home/ed/mcsema-testing/llvm-test-suite/MultiSource/Benchmarks/McCat/18-imp/textloc.c -o Output/textloc.llvm.o
/usr/bin/clang++ -o Output/imp.simple Output/L_canny.llvm.o Output/main.llvm.o Output/pgm.llvm.o Output/textloc.llvm.o -lm   -m64 -fomit-frame-pointer
/home/ed/mcsema-testing/llvm-test-suite/RunSafely.sh -t "/home/ed/mcsema-testing/SANDBOX/test-2015-12-21_15-36-50/tools/timeit-target" 500 /dev/null Output/imp.out-simple Output/imp.simple /home/ed/mcsema-testing/llvm-test-suite/MultiSource/Benchmarks/McCat/18-imp/sg01.imp
cp Output/imp.simple Output/imp.simple-hash; \
	strip --remove-section=.comment --remove-section='.note*' Output/imp.simple-hash; \
	/home/ed/mcsema-testing/llvm-test-suite/HashProgramOutput.sh Output/imp.simple-hash
if [ -f "/home/ed/mcsema-testing/llvm-test-suite/MultiSource/Benchmarks/McCat/18-imp/imp.reference_output.little-endian." ]; then \
	  cp /home/ed/mcsema-testing/llvm-test-suite/MultiSource/Benchmarks/McCat/18-imp/imp.reference_output.little-endian. Output/imp.out-nat; \
	elif [ -f "/home/ed/mcsema-testing/llvm-test-suite/MultiSource/Benchmarks/McCat/18-imp/imp.reference_output." ]; then \
	  cp /home/ed/mcsema-testing/llvm-test-suite/MultiSource/Benchmarks/McCat/18-imp/imp.reference_output. Output/imp.out-nat; \
	elif [ -f "/home/ed/mcsema-testing/llvm-test-suite/MultiSource/Benchmarks/McCat/18-imp/imp.reference_output.little-endian" ]; then \
	  cp /home/ed/mcsema-testing/llvm-test-suite/MultiSource/Benchmarks/McCat/18-imp/imp.reference_output.little-endian Output/imp.out-nat; \
	elif [ -f "/home/ed/mcsema-testing/llvm-test-suite/MultiSource/Benchmarks/McCat/18-imp/imp.reference_output" ]; then \
	  cp /home/ed/mcsema-testing/llvm-test-suite/MultiSource/Benchmarks/McCat/18-imp/imp.reference_output Output/imp.out-nat; \
	else \
	  printf "WARNING: %s: %s\n" "NO REFERENCE OUTPUT (using default)" "/home/ed/mcsema-testing/llvm-test-suite/MultiSource/Benchmarks/McCat/18-imp/imp.reference_output" > Output/imp.out-nat; \
	  cp /home/ed/mcsema-testing/llvm-test-suite/default.reference_output Output/imp.out-nat; \
	  cat Output/imp.out-nat; \
	fi
# Pretend that the reference output was produced instantaneously.
cp /home/ed/mcsema-testing/llvm-test-suite/instant.txt Output/imp.out-nat.time
/home/ed/mcsema-testing/llvm-test-suite/DiffOutput.sh "/home/ed/mcsema-testing/SANDBOX/test-2015-12-21_15-36-50/tools/fpcmp " simple imp 
rm -f Output/imp.exe-simple
cp Output/imp.diff-simple Output/imp.exe-simple
if test -f Output/imp.extra-results.txt; then \
	  /home/ed/mcsema-testing/llvm-test-suite/ParseMultipleResults /home/ed/mcsema-testing/SANDBOX/test-2015-12-21_15-36-50/MultiSource/Benchmarks/McCat/18-imp/imp Output/imp.extra-results.txt >> Output/imp.simple.exec.report.txt; \
	fi
cat Output/imp.simple.compile.report.txt Output/imp.simple.exec.report.txt >> Output/imp.simple.report.txt
---------------------------------------------------------------
>>> ========= '/home/ed/mcsema-testing/SANDBOX/test-2015-12-21_15-36-50/MultiSource/Benchmarks/McCat/18-imp/imp' Program
---------------------------------------------------------------

TEST-PASS: compile /home/ed/mcsema-testing/SANDBOX/test-2015-12-21_15-36-50/MultiSource/Benchmarks/McCat/18-imp/imp
TEST-RESULT-compile-success: pass
TEST-RESULT-compile-hash: fb320babc276e791dda4c914f7e995a6
TEST-RESULT-compile-time: user 0.293100
TEST-RESULT-compile-real-time: real 0.365600

TEST-PASS: exec /home/ed/mcsema-testing/SANDBOX/test-2015-12-21_15-36-50/MultiSource/Benchmarks/McCat/18-imp/imp
TEST-RESULT-exec-success: pass
TEST-RESULT-exec-time: user       0.0500
TEST-RESULT-exec-real-time: real       0.0554
make[5]: Leaving directory `/home/ed/mcsema-testing/SANDBOX/test-2015-12-21_15-36-50/MultiSource/Benchmarks/McCat/18-imp'
make[4]: Leaving directory `/home/ed/mcsema-testing/SANDBOX/test-2015-12-21_15-36-50/MultiSource/Benchmarks/McCat'
make[4]: Entering directory `/home/ed/mcsema-testing/SANDBOX/test-2015-12-21_15-36-50/MultiSource/Benchmarks/Olden'
make[5]: Entering directory `/home/ed/mcsema-testing/SANDBOX/test-2015-12-21_15-36-50/MultiSource/Benchmarks/Olden/bh'
/home/ed/mcsema-testing/llvm-test-suite/RunSafely.sh --show-errors -t "/home/ed/mcsema-testing/SANDBOX/test-2015-12-21_15-36-50/tools/timeit" 500 /dev/null Output/args.llvm.o.compile \
	  /usr/bin/clang -DTORONTO -I/home/ed/mcsema-testing/SANDBOX/test-2015-12-21_15-36-50/MultiSource/Benchmarks/Olden/bh -I/home/ed/mcsema-testing/llvm-test-suite/MultiSource/Benchmarks/Olden/bh -I/home/ed/mcsema-testing/llvm-test-suite/include -I../../../../include -D_GNU_SOURCE -D__STDC_LIMIT_MACROS -DNDEBUG  -O3  -m64 -fomit-frame-pointer -c /home/ed/mcsema-testing/llvm-test-suite/MultiSource/Benchmarks/Olden/bh/args.c -o Output/args.llvm.o
/home/ed/mcsema-testing/llvm-test-suite/RunSafely.sh --show-errors -t "/home/ed/mcsema-testing/SANDBOX/test-2015-12-21_15-36-50/tools/timeit" 500 /dev/null Output/newbh.llvm.o.compile \
	  /usr/bin/clang -DTORONTO -I/home/ed/mcsema-testing/SANDBOX/test-2015-12-21_15-36-50/MultiSource/Benchmarks/Olden/bh -I/home/ed/mcsema-testing/llvm-test-suite/MultiSource/Benchmarks/Olden/bh -I/home/ed/mcsema-testing/llvm-test-suite/include -I../../../../include -D_GNU_SOURCE -D__STDC_LIMIT_MACROS -DNDEBUG  -O3  -m64 -fomit-frame-pointer -c /home/ed/mcsema-testing/llvm-test-suite/MultiSource/Benchmarks/Olden/bh/newbh.c -o Output/newbh.llvm.o
/home/ed/mcsema-testing/llvm-test-suite/RunSafely.sh --show-errors -t "/home/ed/mcsema-testing/SANDBOX/test-2015-12-21_15-36-50/tools/timeit" 500 /dev/null Output/util.llvm.o.compile \
	  /usr/bin/clang -DTORONTO -I/home/ed/mcsema-testing/SANDBOX/test-2015-12-21_15-36-50/MultiSource/Benchmarks/Olden/bh -I/home/ed/mcsema-testing/llvm-test-suite/MultiSource/Benchmarks/Olden/bh -I/home/ed/mcsema-testing/llvm-test-suite/include -I../../../../include -D_GNU_SOURCE -D__STDC_LIMIT_MACROS -DNDEBUG  -O3  -m64 -fomit-frame-pointer -c /home/ed/mcsema-testing/llvm-test-suite/MultiSource/Benchmarks/Olden/bh/util.c -o Output/util.llvm.o
/home/ed/mcsema-testing/llvm-test-suite/RunSafely.sh --show-errors -t "/home/ed/mcsema-testing/SANDBOX/test-2015-12-21_15-36-50/tools/timeit" 500 /dev/null Output/walksub.llvm.o.compile \
	  /usr/bin/clang -DTORONTO -I/home/ed/mcsema-testing/SANDBOX/test-2015-12-21_15-36-50/MultiSource/Benchmarks/Olden/bh -I/home/ed/mcsema-testing/llvm-test-suite/MultiSource/Benchmarks/Olden/bh -I/home/ed/mcsema-testing/llvm-test-suite/include -I../../../../include -D_GNU_SOURCE -D__STDC_LIMIT_MACROS -DNDEBUG  -O3  -m64 -fomit-frame-pointer -c /home/ed/mcsema-testing/llvm-test-suite/MultiSource/Benchmarks/Olden/bh/walksub.c -o Output/walksub.llvm.o
/usr/bin/clang++ -o Output/bh.simple Output/args.llvm.o Output/newbh.llvm.o Output/util.llvm.o Output/walksub.llvm.o -lm   -m64 -fomit-frame-pointer
/home/ed/mcsema-testing/llvm-test-suite/RunSafely.sh -t "/home/ed/mcsema-testing/SANDBOX/test-2015-12-21_15-36-50/tools/timeit-target" 500 /dev/null Output/bh.out-simple Output/bh.simple 20000 20
cp Output/bh.simple Output/bh.simple-hash; \
	strip --remove-section=.comment --remove-section='.note*' Output/bh.simple-hash; \
	/home/ed/mcsema-testing/llvm-test-suite/HashProgramOutput.sh Output/bh.simple-hash
if [ -f "/home/ed/mcsema-testing/llvm-test-suite/MultiSource/Benchmarks/Olden/bh/bh.reference_output.little-endian." ]; then \
	  cp /home/ed/mcsema-testing/llvm-test-suite/MultiSource/Benchmarks/Olden/bh/bh.reference_output.little-endian. Output/bh.out-nat; \
	elif [ -f "/home/ed/mcsema-testing/llvm-test-suite/MultiSource/Benchmarks/Olden/bh/bh.reference_output." ]; then \
	  cp /home/ed/mcsema-testing/llvm-test-suite/MultiSource/Benchmarks/Olden/bh/bh.reference_output. Output/bh.out-nat; \
	elif [ -f "/home/ed/mcsema-testing/llvm-test-suite/MultiSource/Benchmarks/Olden/bh/bh.reference_output.little-endian" ]; then \
	  cp /home/ed/mcsema-testing/llvm-test-suite/MultiSource/Benchmarks/Olden/bh/bh.reference_output.little-endian Output/bh.out-nat; \
	elif [ -f "/home/ed/mcsema-testing/llvm-test-suite/MultiSource/Benchmarks/Olden/bh/bh.reference_output" ]; then \
	  cp /home/ed/mcsema-testing/llvm-test-suite/MultiSource/Benchmarks/Olden/bh/bh.reference_output Output/bh.out-nat; \
	else \
	  printf "WARNING: %s: %s\n" "NO REFERENCE OUTPUT (using default)" "/home/ed/mcsema-testing/llvm-test-suite/MultiSource/Benchmarks/Olden/bh/bh.reference_output" > Output/bh.out-nat; \
	  cp /home/ed/mcsema-testing/llvm-test-suite/default.reference_output Output/bh.out-nat; \
	  cat Output/bh.out-nat; \
	fi
# Pretend that the reference output was produced instantaneously.
cp /home/ed/mcsema-testing/llvm-test-suite/instant.txt Output/bh.out-nat.time
/home/ed/mcsema-testing/llvm-test-suite/DiffOutput.sh "/home/ed/mcsema-testing/SANDBOX/test-2015-12-21_15-36-50/tools/fpcmp " simple bh 
rm -f Output/bh.exe-simple
cp Output/bh.diff-simple Output/bh.exe-simple
if test -f Output/bh.extra-results.txt; then \
	  /home/ed/mcsema-testing/llvm-test-suite/ParseMultipleResults /home/ed/mcsema-testing/SANDBOX/test-2015-12-21_15-36-50/MultiSource/Benchmarks/Olden/bh/bh Output/bh.extra-results.txt >> Output/bh.simple.exec.report.txt; \
	fi
cat Output/bh.simple.compile.report.txt Output/bh.simple.exec.report.txt >> Output/bh.simple.report.txt
---------------------------------------------------------------
>>> ========= '/home/ed/mcsema-testing/SANDBOX/test-2015-12-21_15-36-50/MultiSource/Benchmarks/Olden/bh/bh' Program
---------------------------------------------------------------

TEST-PASS: compile /home/ed/mcsema-testing/SANDBOX/test-2015-12-21_15-36-50/MultiSource/Benchmarks/Olden/bh/bh
TEST-RESULT-compile-success: pass
TEST-RESULT-compile-hash: 23c448663346dcd0569b05840aa218c9
TEST-RESULT-compile-time: user 0.249000
TEST-RESULT-compile-real-time: real 0.334300

TEST-PASS: exec /home/ed/mcsema-testing/SANDBOX/test-2015-12-21_15-36-50/MultiSource/Benchmarks/Olden/bh/bh
TEST-RESULT-exec-success: pass
TEST-RESULT-exec-time: user       1.3736
TEST-RESULT-exec-real-time: real       1.3883
make[5]: Leaving directory `/home/ed/mcsema-testing/SANDBOX/test-2015-12-21_15-36-50/MultiSource/Benchmarks/Olden/bh'
make[5]: Entering directory `/home/ed/mcsema-testing/SANDBOX/test-2015-12-21_15-36-50/MultiSource/Benchmarks/Olden/em3d'
/home/ed/mcsema-testing/llvm-test-suite/RunSafely.sh --show-errors -t "/home/ed/mcsema-testing/SANDBOX/test-2015-12-21_15-36-50/tools/timeit" 500 /dev/null Output/args.llvm.o.compile \
	  /usr/bin/clang -DTORONTO -I/home/ed/mcsema-testing/SANDBOX/test-2015-12-21_15-36-50/MultiSource/Benchmarks/Olden/em3d -I/home/ed/mcsema-testing/llvm-test-suite/MultiSource/Benchmarks/Olden/em3d -I/home/ed/mcsema-testing/llvm-test-suite/include -I../../../../include -D_GNU_SOURCE -D__STDC_LIMIT_MACROS -DNDEBUG  -O3  -m64 -fomit-frame-pointer -c /home/ed/mcsema-testing/llvm-test-suite/MultiSource/Benchmarks/Olden/em3d/args.c -o Output/args.llvm.o
/home/ed/mcsema-testing/llvm-test-suite/RunSafely.sh --show-errors -t "/home/ed/mcsema-testing/SANDBOX/test-2015-12-21_15-36-50/tools/timeit" 500 /dev/null Output/em3d.llvm.o.compile \
	  /usr/bin/clang -DTORONTO -I/home/ed/mcsema-testing/SANDBOX/test-2015-12-21_15-36-50/MultiSource/Benchmarks/Olden/em3d -I/home/ed/mcsema-testing/llvm-test-suite/MultiSource/Benchmarks/Olden/em3d -I/home/ed/mcsema-testing/llvm-test-suite/include -I../../../../include -D_GNU_SOURCE -D__STDC_LIMIT_MACROS -DNDEBUG  -O3  -m64 -fomit-frame-pointer -c /home/ed/mcsema-testing/llvm-test-suite/MultiSource/Benchmarks/Olden/em3d/em3d.c -o Output/em3d.llvm.o
/home/ed/mcsema-testing/llvm-test-suite/RunSafely.sh --show-errors -t "/home/ed/mcsema-testing/SANDBOX/test-2015-12-21_15-36-50/tools/timeit" 500 /dev/null Output/main.llvm.o.compile \
	  /usr/bin/clang -DTORONTO -I/home/ed/mcsema-testing/SANDBOX/test-2015-12-21_15-36-50/MultiSource/Benchmarks/Olden/em3d -I/home/ed/mcsema-testing/llvm-test-suite/MultiSource/Benchmarks/Olden/em3d -I/home/ed/mcsema-testing/llvm-test-suite/include -I../../../../include -D_GNU_SOURCE -D__STDC_LIMIT_MACROS -DNDEBUG  -O3  -m64 -fomit-frame-pointer -c /home/ed/mcsema-testing/llvm-test-suite/MultiSource/Benchmarks/Olden/em3d/main.c -o Output/main.llvm.o
/home/ed/mcsema-testing/llvm-test-suite/RunSafely.sh --show-errors -t "/home/ed/mcsema-testing/SANDBOX/test-2015-12-21_15-36-50/tools/timeit" 500 /dev/null Output/make_graph.llvm.o.compile \
	  /usr/bin/clang -DTORONTO -I/home/ed/mcsema-testing/SANDBOX/test-2015-12-21_15-36-50/MultiSource/Benchmarks/Olden/em3d -I/home/ed/mcsema-testing/llvm-test-suite/MultiSource/Benchmarks/Olden/em3d -I/home/ed/mcsema-testing/llvm-test-suite/include -I../../../../include -D_GNU_SOURCE -D__STDC_LIMIT_MACROS -DNDEBUG  -O3  -m64 -fomit-frame-pointer -c /home/ed/mcsema-testing/llvm-test-suite/MultiSource/Benchmarks/Olden/em3d/make_graph.c -o Output/make_graph.llvm.o
/home/ed/mcsema-testing/llvm-test-suite/RunSafely.sh --show-errors -t "/home/ed/mcsema-testing/SANDBOX/test-2015-12-21_15-36-50/tools/timeit" 500 /dev/null Output/util.llvm.o.compile \
	  /usr/bin/clang -DTORONTO -I/home/ed/mcsema-testing/SANDBOX/test-2015-12-21_15-36-50/MultiSource/Benchmarks/Olden/em3d -I/home/ed/mcsema-testing/llvm-test-suite/MultiSource/Benchmarks/Olden/em3d -I/home/ed/mcsema-testing/llvm-test-suite/include -I../../../../include -D_GNU_SOURCE -D__STDC_LIMIT_MACROS -DNDEBUG  -O3  -m64 -fomit-frame-pointer -c /home/ed/mcsema-testing/llvm-test-suite/MultiSource/Benchmarks/Olden/em3d/util.c -o Output/util.llvm.o
/usr/bin/clang++ -o Output/em3d.simple Output/args.llvm.o Output/em3d.llvm.o Output/main.llvm.o Output/make_graph.llvm.o Output/util.llvm.o    -m64 -fomit-frame-pointer
/home/ed/mcsema-testing/llvm-test-suite/RunSafely.sh -t "/home/ed/mcsema-testing/SANDBOX/test-2015-12-21_15-36-50/tools/timeit-target" 500 /dev/null Output/em3d.out-simple Output/em3d.simple 1024 1000 125
cp Output/em3d.simple Output/em3d.simple-hash; \
	strip --remove-section=.comment --remove-section='.note*' Output/em3d.simple-hash; \
	/home/ed/mcsema-testing/llvm-test-suite/HashProgramOutput.sh Output/em3d.simple-hash
if [ -f "/home/ed/mcsema-testing/llvm-test-suite/MultiSource/Benchmarks/Olden/em3d/em3d.reference_output.little-endian." ]; then \
	  cp /home/ed/mcsema-testing/llvm-test-suite/MultiSource/Benchmarks/Olden/em3d/em3d.reference_output.little-endian. Output/em3d.out-nat; \
	elif [ -f "/home/ed/mcsema-testing/llvm-test-suite/MultiSource/Benchmarks/Olden/em3d/em3d.reference_output." ]; then \
	  cp /home/ed/mcsema-testing/llvm-test-suite/MultiSource/Benchmarks/Olden/em3d/em3d.reference_output. Output/em3d.out-nat; \
	elif [ -f "/home/ed/mcsema-testing/llvm-test-suite/MultiSource/Benchmarks/Olden/em3d/em3d.reference_output.little-endian" ]; then \
	  cp /home/ed/mcsema-testing/llvm-test-suite/MultiSource/Benchmarks/Olden/em3d/em3d.reference_output.little-endian Output/em3d.out-nat; \
	elif [ -f "/home/ed/mcsema-testing/llvm-test-suite/MultiSource/Benchmarks/Olden/em3d/em3d.reference_output" ]; then \
	  cp /home/ed/mcsema-testing/llvm-test-suite/MultiSource/Benchmarks/Olden/em3d/em3d.reference_output Output/em3d.out-nat; \
	else \
	  printf "WARNING: %s: %s\n" "NO REFERENCE OUTPUT (using default)" "/home/ed/mcsema-testing/llvm-test-suite/MultiSource/Benchmarks/Olden/em3d/em3d.reference_output" > Output/em3d.out-nat; \
	  cp /home/ed/mcsema-testing/llvm-test-suite/default.reference_output Output/em3d.out-nat; \
	  cat Output/em3d.out-nat; \
	fi
# Pretend that the reference output was produced instantaneously.
cp /home/ed/mcsema-testing/llvm-test-suite/instant.txt Output/em3d.out-nat.time
/home/ed/mcsema-testing/llvm-test-suite/DiffOutput.sh "/home/ed/mcsema-testing/SANDBOX/test-2015-12-21_15-36-50/tools/fpcmp " simple em3d 
rm -f Output/em3d.exe-simple
cp Output/em3d.diff-simple Output/em3d.exe-simple
if test -f Output/em3d.extra-results.txt; then \
	  /home/ed/mcsema-testing/llvm-test-suite/ParseMultipleResults /home/ed/mcsema-testing/SANDBOX/test-2015-12-21_15-36-50/MultiSource/Benchmarks/Olden/em3d/em3d Output/em3d.extra-results.txt >> Output/em3d.simple.exec.report.txt; \
	fi
cat Output/em3d.simple.compile.report.txt Output/em3d.simple.exec.report.txt >> Output/em3d.simple.report.txt
---------------------------------------------------------------
>>> ========= '/home/ed/mcsema-testing/SANDBOX/test-2015-12-21_15-36-50/MultiSource/Benchmarks/Olden/em3d/em3d' Program
---------------------------------------------------------------

TEST-PASS: compile /home/ed/mcsema-testing/SANDBOX/test-2015-12-21_15-36-50/MultiSource/Benchmarks/Olden/em3d/em3d
TEST-RESULT-compile-success: pass
TEST-RESULT-compile-hash: dd25ab1a8a6d1d487dbc8a289eb8fb33
TEST-RESULT-compile-time: user 0.182700
TEST-RESULT-compile-real-time: real 0.266100

TEST-PASS: exec /home/ed/mcsema-testing/SANDBOX/test-2015-12-21_15-36-50/MultiSource/Benchmarks/Olden/em3d/em3d
TEST-RESULT-exec-success: pass
TEST-RESULT-exec-time: user       2.3230
TEST-RESULT-exec-real-time: real       2.3556
make[5]: Leaving directory `/home/ed/mcsema-testing/SANDBOX/test-2015-12-21_15-36-50/MultiSource/Benchmarks/Olden/em3d'
make[5]: Entering directory `/home/ed/mcsema-testing/SANDBOX/test-2015-12-21_15-36-50/MultiSource/Benchmarks/Olden/mst'
/home/ed/mcsema-testing/llvm-test-suite/RunSafely.sh --show-errors -t "/home/ed/mcsema-testing/SANDBOX/test-2015-12-21_15-36-50/tools/timeit" 500 /dev/null Output/args.llvm.o.compile \
	  /usr/bin/clang -DTORONTO -I/home/ed/mcsema-testing/SANDBOX/test-2015-12-21_15-36-50/MultiSource/Benchmarks/Olden/mst -I/home/ed/mcsema-testing/llvm-test-suite/MultiSource/Benchmarks/Olden/mst -I/home/ed/mcsema-testing/llvm-test-suite/include -I../../../../include -D_GNU_SOURCE -D__STDC_LIMIT_MACROS -DNDEBUG  -O3  -m64 -fomit-frame-pointer -c /home/ed/mcsema-testing/llvm-test-suite/MultiSource/Benchmarks/Olden/mst/args.c -o Output/args.llvm.o
/home/ed/mcsema-testing/llvm-test-suite/RunSafely.sh --show-errors -t "/home/ed/mcsema-testing/SANDBOX/test-2015-12-21_15-36-50/tools/timeit" 500 /dev/null Output/hash.llvm.o.compile \
	  /usr/bin/clang -DTORONTO -I/home/ed/mcsema-testing/SANDBOX/test-2015-12-21_15-36-50/MultiSource/Benchmarks/Olden/mst -I/home/ed/mcsema-testing/llvm-test-suite/MultiSource/Benchmarks/Olden/mst -I/home/ed/mcsema-testing/llvm-test-suite/include -I../../../../include -D_GNU_SOURCE -D__STDC_LIMIT_MACROS -DNDEBUG  -O3  -m64 -fomit-frame-pointer -c /home/ed/mcsema-testing/llvm-test-suite/MultiSource/Benchmarks/Olden/mst/hash.c -o Output/hash.llvm.o
/home/ed/mcsema-testing/llvm-test-suite/RunSafely.sh --show-errors -t "/home/ed/mcsema-testing/SANDBOX/test-2015-12-21_15-36-50/tools/timeit" 500 /dev/null Output/main.llvm.o.compile \
	  /usr/bin/clang -DTORONTO -I/home/ed/mcsema-testing/SANDBOX/test-2015-12-21_15-36-50/MultiSource/Benchmarks/Olden/mst -I/home/ed/mcsema-testing/llvm-test-suite/MultiSource/Benchmarks/Olden/mst -I/home/ed/mcsema-testing/llvm-test-suite/include -I../../../../include -D_GNU_SOURCE -D__STDC_LIMIT_MACROS -DNDEBUG  -O3  -m64 -fomit-frame-pointer -c /home/ed/mcsema-testing/llvm-test-suite/MultiSource/Benchmarks/Olden/mst/main.c -o Output/main.llvm.o
/home/ed/mcsema-testing/llvm-test-suite/RunSafely.sh --show-errors -t "/home/ed/mcsema-testing/SANDBOX/test-2015-12-21_15-36-50/tools/timeit" 500 /dev/null Output/makegraph.llvm.o.compile \
	  /usr/bin/clang -DTORONTO -I/home/ed/mcsema-testing/SANDBOX/test-2015-12-21_15-36-50/MultiSource/Benchmarks/Olden/mst -I/home/ed/mcsema-testing/llvm-test-suite/MultiSource/Benchmarks/Olden/mst -I/home/ed/mcsema-testing/llvm-test-suite/include -I../../../../include -D_GNU_SOURCE -D__STDC_LIMIT_MACROS -DNDEBUG  -O3  -m64 -fomit-frame-pointer -c /home/ed/mcsema-testing/llvm-test-suite/MultiSource/Benchmarks/Olden/mst/makegraph.c -o Output/makegraph.llvm.o
/usr/bin/clang++ -o Output/mst.simple Output/args.llvm.o Output/hash.llvm.o Output/main.llvm.o Output/makegraph.llvm.o    -m64 -fomit-frame-pointer
/home/ed/mcsema-testing/llvm-test-suite/RunSafely.sh -t "/home/ed/mcsema-testing/SANDBOX/test-2015-12-21_15-36-50/tools/timeit-target" 500 /dev/null Output/mst.out-simple Output/mst.simple 1000
cp Output/mst.simple Output/mst.simple-hash; \
	strip --remove-section=.comment --remove-section='.note*' Output/mst.simple-hash; \
	/home/ed/mcsema-testing/llvm-test-suite/HashProgramOutput.sh Output/mst.simple-hash
if [ -f "/home/ed/mcsema-testing/llvm-test-suite/MultiSource/Benchmarks/Olden/mst/mst.reference_output.little-endian." ]; then \
	  cp /home/ed/mcsema-testing/llvm-test-suite/MultiSource/Benchmarks/Olden/mst/mst.reference_output.little-endian. Output/mst.out-nat; \
	elif [ -f "/home/ed/mcsema-testing/llvm-test-suite/MultiSource/Benchmarks/Olden/mst/mst.reference_output." ]; then \
	  cp /home/ed/mcsema-testing/llvm-test-suite/MultiSource/Benchmarks/Olden/mst/mst.reference_output. Output/mst.out-nat; \
	elif [ -f "/home/ed/mcsema-testing/llvm-test-suite/MultiSource/Benchmarks/Olden/mst/mst.reference_output.little-endian" ]; then \
	  cp /home/ed/mcsema-testing/llvm-test-suite/MultiSource/Benchmarks/Olden/mst/mst.reference_output.little-endian Output/mst.out-nat; \
	elif [ -f "/home/ed/mcsema-testing/llvm-test-suite/MultiSource/Benchmarks/Olden/mst/mst.reference_output" ]; then \
	  cp /home/ed/mcsema-testing/llvm-test-suite/MultiSource/Benchmarks/Olden/mst/mst.reference_output Output/mst.out-nat; \
	else \
	  printf "WARNING: %s: %s\n" "NO REFERENCE OUTPUT (using default)" "/home/ed/mcsema-testing/llvm-test-suite/MultiSource/Benchmarks/Olden/mst/mst.reference_output" > Output/mst.out-nat; \
	  cp /home/ed/mcsema-testing/llvm-test-suite/default.reference_output Output/mst.out-nat; \
	  cat Output/mst.out-nat; \
	fi
# Pretend that the reference output was produced instantaneously.
cp /home/ed/mcsema-testing/llvm-test-suite/instant.txt Output/mst.out-nat.time
/home/ed/mcsema-testing/llvm-test-suite/DiffOutput.sh "/home/ed/mcsema-testing/SANDBOX/test-2015-12-21_15-36-50/tools/fpcmp " simple mst 
rm -f Output/mst.exe-simple
cp Output/mst.diff-simple Output/mst.exe-simple
if test -f Output/mst.extra-results.txt; then \
	  /home/ed/mcsema-testing/llvm-test-suite/ParseMultipleResults /home/ed/mcsema-testing/SANDBOX/test-2015-12-21_15-36-50/MultiSource/Benchmarks/Olden/mst/mst Output/mst.extra-results.txt >> Output/mst.simple.exec.report.txt; \
	fi
cat Output/mst.simple.compile.report.txt Output/mst.simple.exec.report.txt >> Output/mst.simple.report.txt
---------------------------------------------------------------
>>> ========= '/home/ed/mcsema-testing/SANDBOX/test-2015-12-21_15-36-50/MultiSource/Benchmarks/Olden/mst/mst' Program
---------------------------------------------------------------

TEST-PASS: compile /home/ed/mcsema-testing/SANDBOX/test-2015-12-21_15-36-50/MultiSource/Benchmarks/Olden/mst/mst
TEST-RESULT-compile-success: pass
TEST-RESULT-compile-hash: 40545772feeb7a8c119fdce516963001
TEST-RESULT-compile-time: user 0.129800
TEST-RESULT-compile-real-time: real 0.189400

TEST-PASS: exec /home/ed/mcsema-testing/SANDBOX/test-2015-12-21_15-36-50/MultiSource/Benchmarks/Olden/mst/mst
TEST-RESULT-exec-success: pass
TEST-RESULT-exec-time: user       0.0994
TEST-RESULT-exec-real-time: real       0.1138
make[5]: Leaving directory `/home/ed/mcsema-testing/SANDBOX/test-2015-12-21_15-36-50/MultiSource/Benchmarks/Olden/mst'
make[5]: Entering directory `/home/ed/mcsema-testing/SANDBOX/test-2015-12-21_15-36-50/MultiSource/Benchmarks/Olden/power'
/home/ed/mcsema-testing/llvm-test-suite/RunSafely.sh --show-errors -t "/home/ed/mcsema-testing/SANDBOX/test-2015-12-21_15-36-50/tools/timeit" 500 /dev/null Output/build.llvm.o.compile \
	  /usr/bin/clang -DTORONTO -I/home/ed/mcsema-testing/SANDBOX/test-2015-12-21_15-36-50/MultiSource/Benchmarks/Olden/power -I/home/ed/mcsema-testing/llvm-test-suite/MultiSource/Benchmarks/Olden/power -I/home/ed/mcsema-testing/llvm-test-suite/include -I../../../../include -D_GNU_SOURCE -D__STDC_LIMIT_MACROS -DNDEBUG  -O3  -m64 -fomit-frame-pointer -c /home/ed/mcsema-testing/llvm-test-suite/MultiSource/Benchmarks/Olden/power/build.c -o Output/build.llvm.o
/home/ed/mcsema-testing/llvm-test-suite/RunSafely.sh --show-errors -t "/home/ed/mcsema-testing/SANDBOX/test-2015-12-21_15-36-50/tools/timeit" 500 /dev/null Output/compute.llvm.o.compile \
	  /usr/bin/clang -DTORONTO -I/home/ed/mcsema-testing/SANDBOX/test-2015-12-21_15-36-50/MultiSource/Benchmarks/Olden/power -I/home/ed/mcsema-testing/llvm-test-suite/MultiSource/Benchmarks/Olden/power -I/home/ed/mcsema-testing/llvm-test-suite/include -I../../../../include -D_GNU_SOURCE -D__STDC_LIMIT_MACROS -DNDEBUG  -O3  -m64 -fomit-frame-pointer -c /home/ed/mcsema-testing/llvm-test-suite/MultiSource/Benchmarks/Olden/power/compute.c -o Output/compute.llvm.o
/home/ed/mcsema-testing/llvm-test-suite/RunSafely.sh --show-errors -t "/home/ed/mcsema-testing/SANDBOX/test-2015-12-21_15-36-50/tools/timeit" 500 /dev/null Output/main.llvm.o.compile \
	  /usr/bin/clang -DTORONTO -I/home/ed/mcsema-testing/SANDBOX/test-2015-12-21_15-36-50/MultiSource/Benchmarks/Olden/power -I/home/ed/mcsema-testing/llvm-test-suite/MultiSource/Benchmarks/Olden/power -I/home/ed/mcsema-testing/llvm-test-suite/include -I../../../../include -D_GNU_SOURCE -D__STDC_LIMIT_MACROS -DNDEBUG  -O3  -m64 -fomit-frame-pointer -c /home/ed/mcsema-testing/llvm-test-suite/MultiSource/Benchmarks/Olden/power/main.c -o Output/main.llvm.o
/usr/bin/clang++ -o Output/power.simple Output/build.llvm.o Output/compute.llvm.o Output/main.llvm.o -lm   -m64 -fomit-frame-pointer
/home/ed/mcsema-testing/llvm-test-suite/RunSafely.sh -t "/home/ed/mcsema-testing/SANDBOX/test-2015-12-21_15-36-50/tools/timeit-target" 500 /dev/null Output/power.out-simple Output/power.simple 
cp Output/power.simple Output/power.simple-hash; \
	strip --remove-section=.comment --remove-section='.note*' Output/power.simple-hash; \
	/home/ed/mcsema-testing/llvm-test-suite/HashProgramOutput.sh Output/power.simple-hash
if [ -f "/home/ed/mcsema-testing/llvm-test-suite/MultiSource/Benchmarks/Olden/power/power.reference_output.little-endian." ]; then \
	  cp /home/ed/mcsema-testing/llvm-test-suite/MultiSource/Benchmarks/Olden/power/power.reference_output.little-endian. Output/power.out-nat; \
	elif [ -f "/home/ed/mcsema-testing/llvm-test-suite/MultiSource/Benchmarks/Olden/power/power.reference_output." ]; then \
	  cp /home/ed/mcsema-testing/llvm-test-suite/MultiSource/Benchmarks/Olden/power/power.reference_output. Output/power.out-nat; \
	elif [ -f "/home/ed/mcsema-testing/llvm-test-suite/MultiSource/Benchmarks/Olden/power/power.reference_output.little-endian" ]; then \
	  cp /home/ed/mcsema-testing/llvm-test-suite/MultiSource/Benchmarks/Olden/power/power.reference_output.little-endian Output/power.out-nat; \
	elif [ -f "/home/ed/mcsema-testing/llvm-test-suite/MultiSource/Benchmarks/Olden/power/power.reference_output" ]; then \
	  cp /home/ed/mcsema-testing/llvm-test-suite/MultiSource/Benchmarks/Olden/power/power.reference_output Output/power.out-nat; \
	else \
	  printf "WARNING: %s: %s\n" "NO REFERENCE OUTPUT (using default)" "/home/ed/mcsema-testing/llvm-test-suite/MultiSource/Benchmarks/Olden/power/power.reference_output" > Output/power.out-nat; \
	  cp /home/ed/mcsema-testing/llvm-test-suite/default.reference_output Output/power.out-nat; \
	  cat Output/power.out-nat; \
	fi
# Pretend that the reference output was produced instantaneously.
cp /home/ed/mcsema-testing/llvm-test-suite/instant.txt Output/power.out-nat.time
/home/ed/mcsema-testing/llvm-test-suite/DiffOutput.sh "/home/ed/mcsema-testing/SANDBOX/test-2015-12-21_15-36-50/tools/fpcmp  -r 0.00001" simple power 
rm -f Output/power.exe-simple
cp Output/power.diff-simple Output/power.exe-simple
if test -f Output/power.extra-results.txt; then \
	  /home/ed/mcsema-testing/llvm-test-suite/ParseMultipleResults /home/ed/mcsema-testing/SANDBOX/test-2015-12-21_15-36-50/MultiSource/Benchmarks/Olden/power/power Output/power.extra-results.txt >> Output/power.simple.exec.report.txt; \
	fi
cat Output/power.simple.compile.report.txt Output/power.simple.exec.report.txt >> Output/power.simple.report.txt
---------------------------------------------------------------
>>> ========= '/home/ed/mcsema-testing/SANDBOX/test-2015-12-21_15-36-50/MultiSource/Benchmarks/Olden/power/power' Program
---------------------------------------------------------------

TEST-PASS: compile /home/ed/mcsema-testing/SANDBOX/test-2015-12-21_15-36-50/MultiSource/Benchmarks/Olden/power/power
TEST-RESULT-compile-success: pass
TEST-RESULT-compile-hash: 8d45dbb3d6d6064e13a1d893fbafb381
TEST-RESULT-compile-time: user 0.123800
TEST-RESULT-compile-real-time: real 0.175500

TEST-PASS: exec /home/ed/mcsema-testing/SANDBOX/test-2015-12-21_15-36-50/MultiSource/Benchmarks/Olden/power/power
TEST-RESULT-exec-success: pass
TEST-RESULT-exec-time: user       1.1376
TEST-RESULT-exec-real-time: real       1.1419
make[5]: Leaving directory `/home/ed/mcsema-testing/SANDBOX/test-2015-12-21_15-36-50/MultiSource/Benchmarks/Olden/power'
make[5]: Entering directory `/home/ed/mcsema-testing/SANDBOX/test-2015-12-21_15-36-50/MultiSource/Benchmarks/Olden/tsp'
/home/ed/mcsema-testing/llvm-test-suite/RunSafely.sh --show-errors -t "/home/ed/mcsema-testing/SANDBOX/test-2015-12-21_15-36-50/tools/timeit" 500 /dev/null Output/args.llvm.o.compile \
	  /usr/bin/clang -DTORONTO -I/home/ed/mcsema-testing/SANDBOX/test-2015-12-21_15-36-50/MultiSource/Benchmarks/Olden/tsp -I/home/ed/mcsema-testing/llvm-test-suite/MultiSource/Benchmarks/Olden/tsp -I/home/ed/mcsema-testing/llvm-test-suite/include -I../../../../include -D_GNU_SOURCE -D__STDC_LIMIT_MACROS -DNDEBUG  -O3  -m64 -fomit-frame-pointer -c /home/ed/mcsema-testing/llvm-test-suite/MultiSource/Benchmarks/Olden/tsp/args.c -o Output/args.llvm.o
/home/ed/mcsema-testing/llvm-test-suite/RunSafely.sh --show-errors -t "/home/ed/mcsema-testing/SANDBOX/test-2015-12-21_15-36-50/tools/timeit" 500 /dev/null Output/build.llvm.o.compile \
	  /usr/bin/clang -DTORONTO -I/home/ed/mcsema-testing/SANDBOX/test-2015-12-21_15-36-50/MultiSource/Benchmarks/Olden/tsp -I/home/ed/mcsema-testing/llvm-test-suite/MultiSource/Benchmarks/Olden/tsp -I/home/ed/mcsema-testing/llvm-test-suite/include -I../../../../include -D_GNU_SOURCE -D__STDC_LIMIT_MACROS -DNDEBUG  -O3  -m64 -fomit-frame-pointer -c /home/ed/mcsema-testing/llvm-test-suite/MultiSource/Benchmarks/Olden/tsp/build.c -o Output/build.llvm.o
/home/ed/mcsema-testing/llvm-test-suite/RunSafely.sh --show-errors -t "/home/ed/mcsema-testing/SANDBOX/test-2015-12-21_15-36-50/tools/timeit" 500 /dev/null Output/main.llvm.o.compile \
	  /usr/bin/clang -DTORONTO -I/home/ed/mcsema-testing/SANDBOX/test-2015-12-21_15-36-50/MultiSource/Benchmarks/Olden/tsp -I/home/ed/mcsema-testing/llvm-test-suite/MultiSource/Benchmarks/Olden/tsp -I/home/ed/mcsema-testing/llvm-test-suite/include -I../../../../include -D_GNU_SOURCE -D__STDC_LIMIT_MACROS -DNDEBUG  -O3  -m64 -fomit-frame-pointer -c /home/ed/mcsema-testing/llvm-test-suite/MultiSource/Benchmarks/Olden/tsp/main.c -o Output/main.llvm.o
/home/ed/mcsema-testing/llvm-test-suite/RunSafely.sh --show-errors -t "/home/ed/mcsema-testing/SANDBOX/test-2015-12-21_15-36-50/tools/timeit" 500 /dev/null Output/tsp.llvm.o.compile \
	  /usr/bin/clang -DTORONTO -I/home/ed/mcsema-testing/SANDBOX/test-2015-12-21_15-36-50/MultiSource/Benchmarks/Olden/tsp -I/home/ed/mcsema-testing/llvm-test-suite/MultiSource/Benchmarks/Olden/tsp -I/home/ed/mcsema-testing/llvm-test-suite/include -I../../../../include -D_GNU_SOURCE -D__STDC_LIMIT_MACROS -DNDEBUG  -O3  -m64 -fomit-frame-pointer -c /home/ed/mcsema-testing/llvm-test-suite/MultiSource/Benchmarks/Olden/tsp/tsp.c -o Output/tsp.llvm.o
/usr/bin/clang++ -o Output/tsp.simple Output/args.llvm.o Output/build.llvm.o Output/main.llvm.o Output/tsp.llvm.o -lm   -m64 -fomit-frame-pointer
/home/ed/mcsema-testing/llvm-test-suite/RunSafely.sh -t "/home/ed/mcsema-testing/SANDBOX/test-2015-12-21_15-36-50/tools/timeit-target" 500 /dev/null Output/tsp.out-simple Output/tsp.simple 1024000
cp Output/tsp.simple Output/tsp.simple-hash; \
	strip --remove-section=.comment --remove-section='.note*' Output/tsp.simple-hash; \
	/home/ed/mcsema-testing/llvm-test-suite/HashProgramOutput.sh Output/tsp.simple-hash
if [ -f "/home/ed/mcsema-testing/llvm-test-suite/MultiSource/Benchmarks/Olden/tsp/tsp.reference_output.little-endian." ]; then \
	  cp /home/ed/mcsema-testing/llvm-test-suite/MultiSource/Benchmarks/Olden/tsp/tsp.reference_output.little-endian. Output/tsp.out-nat; \
	elif [ -f "/home/ed/mcsema-testing/llvm-test-suite/MultiSource/Benchmarks/Olden/tsp/tsp.reference_output." ]; then \
	  cp /home/ed/mcsema-testing/llvm-test-suite/MultiSource/Benchmarks/Olden/tsp/tsp.reference_output. Output/tsp.out-nat; \
	elif [ -f "/home/ed/mcsema-testing/llvm-test-suite/MultiSource/Benchmarks/Olden/tsp/tsp.reference_output.little-endian" ]; then \
	  cp /home/ed/mcsema-testing/llvm-test-suite/MultiSource/Benchmarks/Olden/tsp/tsp.reference_output.little-endian Output/tsp.out-nat; \
	elif [ -f "/home/ed/mcsema-testing/llvm-test-suite/MultiSource/Benchmarks/Olden/tsp/tsp.reference_output" ]; then \
	  cp /home/ed/mcsema-testing/llvm-test-suite/MultiSource/Benchmarks/Olden/tsp/tsp.reference_output Output/tsp.out-nat; \
	else \
	  printf "WARNING: %s: %s\n" "NO REFERENCE OUTPUT (using default)" "/home/ed/mcsema-testing/llvm-test-suite/MultiSource/Benchmarks/Olden/tsp/tsp.reference_output" > Output/tsp.out-nat; \
	  cp /home/ed/mcsema-testing/llvm-test-suite/default.reference_output Output/tsp.out-nat; \
	  cat Output/tsp.out-nat; \
	fi
# Pretend that the reference output was produced instantaneously.
cp /home/ed/mcsema-testing/llvm-test-suite/instant.txt Output/tsp.out-nat.time
/home/ed/mcsema-testing/llvm-test-suite/DiffOutput.sh "/home/ed/mcsema-testing/SANDBOX/test-2015-12-21_15-36-50/tools/fpcmp " simple tsp 
rm -f Output/tsp.exe-simple
cp Output/tsp.diff-simple Output/tsp.exe-simple
if test -f Output/tsp.extra-results.txt; then \
	  /home/ed/mcsema-testing/llvm-test-suite/ParseMultipleResults /home/ed/mcsema-testing/SANDBOX/test-2015-12-21_15-36-50/MultiSource/Benchmarks/Olden/tsp/tsp Output/tsp.extra-results.txt >> Output/tsp.simple.exec.report.txt; \
	fi
cat Output/tsp.simple.compile.report.txt Output/tsp.simple.exec.report.txt >> Output/tsp.simple.report.txt
---------------------------------------------------------------
>>> ========= '/home/ed/mcsema-testing/SANDBOX/test-2015-12-21_15-36-50/MultiSource/Benchmarks/Olden/tsp/tsp' Program
---------------------------------------------------------------

TEST-PASS: compile /home/ed/mcsema-testing/SANDBOX/test-2015-12-21_15-36-50/MultiSource/Benchmarks/Olden/tsp/tsp
TEST-RESULT-compile-success: pass
TEST-RESULT-compile-hash: 0370cd7d909dfca883454295174e23a2
TEST-RESULT-compile-time: user 0.128000
TEST-RESULT-compile-real-time: real 0.196600

TEST-PASS: exec /home/ed/mcsema-testing/SANDBOX/test-2015-12-21_15-36-50/MultiSource/Benchmarks/Olden/tsp/tsp
TEST-RESULT-exec-success: pass
TEST-RESULT-exec-time: user       1.0450
TEST-RESULT-exec-real-time: real       1.0819
make[5]: Leaving directory `/home/ed/mcsema-testing/SANDBOX/test-2015-12-21_15-36-50/MultiSource/Benchmarks/Olden/tsp'
make[5]: Entering directory `/home/ed/mcsema-testing/SANDBOX/test-2015-12-21_15-36-50/MultiSource/Benchmarks/Olden/bisort'
/home/ed/mcsema-testing/llvm-test-suite/RunSafely.sh --show-errors -t "/home/ed/mcsema-testing/SANDBOX/test-2015-12-21_15-36-50/tools/timeit" 500 /dev/null Output/args.llvm.o.compile \
	  /usr/bin/clang -DTORONTO -I/home/ed/mcsema-testing/SANDBOX/test-2015-12-21_15-36-50/MultiSource/Benchmarks/Olden/bisort -I/home/ed/mcsema-testing/llvm-test-suite/MultiSource/Benchmarks/Olden/bisort -I/home/ed/mcsema-testing/llvm-test-suite/include -I../../../../include -D_GNU_SOURCE -D__STDC_LIMIT_MACROS -DNDEBUG  -O3  -m64 -fomit-frame-pointer -c /home/ed/mcsema-testing/llvm-test-suite/MultiSource/Benchmarks/Olden/bisort/args.c -o Output/args.llvm.o
/home/ed/mcsema-testing/llvm-test-suite/RunSafely.sh --show-errors -t "/home/ed/mcsema-testing/SANDBOX/test-2015-12-21_15-36-50/tools/timeit" 500 /dev/null Output/bitonic.llvm.o.compile \
	  /usr/bin/clang -DTORONTO -I/home/ed/mcsema-testing/SANDBOX/test-2015-12-21_15-36-50/MultiSource/Benchmarks/Olden/bisort -I/home/ed/mcsema-testing/llvm-test-suite/MultiSource/Benchmarks/Olden/bisort -I/home/ed/mcsema-testing/llvm-test-suite/include -I../../../../include -D_GNU_SOURCE -D__STDC_LIMIT_MACROS -DNDEBUG  -O3  -m64 -fomit-frame-pointer -c /home/ed/mcsema-testing/llvm-test-suite/MultiSource/Benchmarks/Olden/bisort/bitonic.c -o Output/bitonic.llvm.o
/usr/bin/clang++ -o Output/bisort.simple Output/args.llvm.o Output/bitonic.llvm.o -lm   -m64 -fomit-frame-pointer
/home/ed/mcsema-testing/llvm-test-suite/RunSafely.sh -t "/home/ed/mcsema-testing/SANDBOX/test-2015-12-21_15-36-50/tools/timeit-target" 500 /dev/null Output/bisort.out-simple Output/bisort.simple 700000
cp Output/bisort.simple Output/bisort.simple-hash; \
	strip --remove-section=.comment --remove-section='.note*' Output/bisort.simple-hash; \
	/home/ed/mcsema-testing/llvm-test-suite/HashProgramOutput.sh Output/bisort.simple-hash
if [ -f "/home/ed/mcsema-testing/llvm-test-suite/MultiSource/Benchmarks/Olden/bisort/bisort.reference_output.little-endian." ]; then \
	  cp /home/ed/mcsema-testing/llvm-test-suite/MultiSource/Benchmarks/Olden/bisort/bisort.reference_output.little-endian. Output/bisort.out-nat; \
	elif [ -f "/home/ed/mcsema-testing/llvm-test-suite/MultiSource/Benchmarks/Olden/bisort/bisort.reference_output." ]; then \
	  cp /home/ed/mcsema-testing/llvm-test-suite/MultiSource/Benchmarks/Olden/bisort/bisort.reference_output. Output/bisort.out-nat; \
	elif [ -f "/home/ed/mcsema-testing/llvm-test-suite/MultiSource/Benchmarks/Olden/bisort/bisort.reference_output.little-endian" ]; then \
	  cp /home/ed/mcsema-testing/llvm-test-suite/MultiSource/Benchmarks/Olden/bisort/bisort.reference_output.little-endian Output/bisort.out-nat; \
	elif [ -f "/home/ed/mcsema-testing/llvm-test-suite/MultiSource/Benchmarks/Olden/bisort/bisort.reference_output" ]; then \
	  cp /home/ed/mcsema-testing/llvm-test-suite/MultiSource/Benchmarks/Olden/bisort/bisort.reference_output Output/bisort.out-nat; \
	else \
	  printf "WARNING: %s: %s\n" "NO REFERENCE OUTPUT (using default)" "/home/ed/mcsema-testing/llvm-test-suite/MultiSource/Benchmarks/Olden/bisort/bisort.reference_output" > Output/bisort.out-nat; \
	  cp /home/ed/mcsema-testing/llvm-test-suite/default.reference_output Output/bisort.out-nat; \
	  cat Output/bisort.out-nat; \
	fi
# Pretend that the reference output was produced instantaneously.
cp /home/ed/mcsema-testing/llvm-test-suite/instant.txt Output/bisort.out-nat.time
/home/ed/mcsema-testing/llvm-test-suite/DiffOutput.sh "/home/ed/mcsema-testing/SANDBOX/test-2015-12-21_15-36-50/tools/fpcmp " simple bisort 
rm -f Output/bisort.exe-simple
cp Output/bisort.diff-simple Output/bisort.exe-simple
if test -f Output/bisort.extra-results.txt; then \
	  /home/ed/mcsema-testing/llvm-test-suite/ParseMultipleResults /home/ed/mcsema-testing/SANDBOX/test-2015-12-21_15-36-50/MultiSource/Benchmarks/Olden/bisort/bisort Output/bisort.extra-results.txt >> Output/bisort.simple.exec.report.txt; \
	fi
cat Output/bisort.simple.compile.report.txt Output/bisort.simple.exec.report.txt >> Output/bisort.simple.report.txt
---------------------------------------------------------------
>>> ========= '/home/ed/mcsema-testing/SANDBOX/test-2015-12-21_15-36-50/MultiSource/Benchmarks/Olden/bisort/bisort' Program
---------------------------------------------------------------

TEST-PASS: compile /home/ed/mcsema-testing/SANDBOX/test-2015-12-21_15-36-50/MultiSource/Benchmarks/Olden/bisort/bisort
TEST-RESULT-compile-success: pass
TEST-RESULT-compile-hash: ce681b63eaa0abd77ff222943bce25cd
TEST-RESULT-compile-time: user 0.065900
TEST-RESULT-compile-real-time: real 0.096600

TEST-PASS: exec /home/ed/mcsema-testing/SANDBOX/test-2015-12-21_15-36-50/MultiSource/Benchmarks/Olden/bisort/bisort
TEST-RESULT-exec-success: pass
TEST-RESULT-exec-time: user       0.5405
TEST-RESULT-exec-real-time: real       0.5519
make[5]: Leaving directory `/home/ed/mcsema-testing/SANDBOX/test-2015-12-21_15-36-50/MultiSource/Benchmarks/Olden/bisort'
make[5]: Entering directory `/home/ed/mcsema-testing/SANDBOX/test-2015-12-21_15-36-50/MultiSource/Benchmarks/Olden/health'
/home/ed/mcsema-testing/llvm-test-suite/RunSafely.sh --show-errors -t "/home/ed/mcsema-testing/SANDBOX/test-2015-12-21_15-36-50/tools/timeit" 500 /dev/null Output/args.llvm.o.compile \
	  /usr/bin/clang -DTORONTO -I/home/ed/mcsema-testing/SANDBOX/test-2015-12-21_15-36-50/MultiSource/Benchmarks/Olden/health -I/home/ed/mcsema-testing/llvm-test-suite/MultiSource/Benchmarks/Olden/health -I/home/ed/mcsema-testing/llvm-test-suite/include -I../../../../include -D_GNU_SOURCE -D__STDC_LIMIT_MACROS -DNDEBUG  -O3  -m64 -fomit-frame-pointer -c /home/ed/mcsema-testing/llvm-test-suite/MultiSource/Benchmarks/Olden/health/args.c -o Output/args.llvm.o
/home/ed/mcsema-testing/llvm-test-suite/RunSafely.sh --show-errors -t "/home/ed/mcsema-testing/SANDBOX/test-2015-12-21_15-36-50/tools/timeit" 500 /dev/null Output/health.llvm.o.compile \
	  /usr/bin/clang -DTORONTO -I/home/ed/mcsema-testing/SANDBOX/test-2015-12-21_15-36-50/MultiSource/Benchmarks/Olden/health -I/home/ed/mcsema-testing/llvm-test-suite/MultiSource/Benchmarks/Olden/health -I/home/ed/mcsema-testing/llvm-test-suite/include -I../../../../include -D_GNU_SOURCE -D__STDC_LIMIT_MACROS -DNDEBUG  -O3  -m64 -fomit-frame-pointer -c /home/ed/mcsema-testing/llvm-test-suite/MultiSource/Benchmarks/Olden/health/health.c -o Output/health.llvm.o
/home/ed/mcsema-testing/llvm-test-suite/RunSafely.sh --show-errors -t "/home/ed/mcsema-testing/SANDBOX/test-2015-12-21_15-36-50/tools/timeit" 500 /dev/null Output/list.llvm.o.compile \
	  /usr/bin/clang -DTORONTO -I/home/ed/mcsema-testing/SANDBOX/test-2015-12-21_15-36-50/MultiSource/Benchmarks/Olden/health -I/home/ed/mcsema-testing/llvm-test-suite/MultiSource/Benchmarks/Olden/health -I/home/ed/mcsema-testing/llvm-test-suite/include -I../../../../include -D_GNU_SOURCE -D__STDC_LIMIT_MACROS -DNDEBUG  -O3  -m64 -fomit-frame-pointer -c /home/ed/mcsema-testing/llvm-test-suite/MultiSource/Benchmarks/Olden/health/list.c -o Output/list.llvm.o
/home/ed/mcsema-testing/llvm-test-suite/RunSafely.sh --show-errors -t "/home/ed/mcsema-testing/SANDBOX/test-2015-12-21_15-36-50/tools/timeit" 500 /dev/null Output/poisson.llvm.o.compile \
	  /usr/bin/clang -DTORONTO -I/home/ed/mcsema-testing/SANDBOX/test-2015-12-21_15-36-50/MultiSource/Benchmarks/Olden/health -I/home/ed/mcsema-testing/llvm-test-suite/MultiSource/Benchmarks/Olden/health -I/home/ed/mcsema-testing/llvm-test-suite/include -I../../../../include -D_GNU_SOURCE -D__STDC_LIMIT_MACROS -DNDEBUG  -O3  -m64 -fomit-frame-pointer -c /home/ed/mcsema-testing/llvm-test-suite/MultiSource/Benchmarks/Olden/health/poisson.c -o Output/poisson.llvm.o
/usr/bin/clang++ -o Output/health.simple Output/args.llvm.o Output/health.llvm.o Output/list.llvm.o Output/poisson.llvm.o -lm   -m64 -fomit-frame-pointer
/home/ed/mcsema-testing/llvm-test-suite/RunSafely.sh -t "/home/ed/mcsema-testing/SANDBOX/test-2015-12-21_15-36-50/tools/timeit-target" 500 /dev/null Output/health.out-simple Output/health.simple 9 20 1
cp Output/health.simple Output/health.simple-hash; \
	strip --remove-section=.comment --remove-section='.note*' Output/health.simple-hash; \
	/home/ed/mcsema-testing/llvm-test-suite/HashProgramOutput.sh Output/health.simple-hash
if [ -f "/home/ed/mcsema-testing/llvm-test-suite/MultiSource/Benchmarks/Olden/health/health.reference_output.little-endian." ]; then \
	  cp /home/ed/mcsema-testing/llvm-test-suite/MultiSource/Benchmarks/Olden/health/health.reference_output.little-endian. Output/health.out-nat; \
	elif [ -f "/home/ed/mcsema-testing/llvm-test-suite/MultiSource/Benchmarks/Olden/health/health.reference_output." ]; then \
	  cp /home/ed/mcsema-testing/llvm-test-suite/MultiSource/Benchmarks/Olden/health/health.reference_output. Output/health.out-nat; \
	elif [ -f "/home/ed/mcsema-testing/llvm-test-suite/MultiSource/Benchmarks/Olden/health/health.reference_output.little-endian" ]; then \
	  cp /home/ed/mcsema-testing/llvm-test-suite/MultiSource/Benchmarks/Olden/health/health.reference_output.little-endian Output/health.out-nat; \
	elif [ -f "/home/ed/mcsema-testing/llvm-test-suite/MultiSource/Benchmarks/Olden/health/health.reference_output" ]; then \
	  cp /home/ed/mcsema-testing/llvm-test-suite/MultiSource/Benchmarks/Olden/health/health.reference_output Output/health.out-nat; \
	else \
	  printf "WARNING: %s: %s\n" "NO REFERENCE OUTPUT (using default)" "/home/ed/mcsema-testing/llvm-test-suite/MultiSource/Benchmarks/Olden/health/health.reference_output" > Output/health.out-nat; \
	  cp /home/ed/mcsema-testing/llvm-test-suite/default.reference_output Output/health.out-nat; \
	  cat Output/health.out-nat; \
	fi
# Pretend that the reference output was produced instantaneously.
cp /home/ed/mcsema-testing/llvm-test-suite/instant.txt Output/health.out-nat.time
/home/ed/mcsema-testing/llvm-test-suite/DiffOutput.sh "/home/ed/mcsema-testing/SANDBOX/test-2015-12-21_15-36-50/tools/fpcmp  -r 0.001" simple health 
rm -f Output/health.exe-simple
cp Output/health.diff-simple Output/health.exe-simple
if test -f Output/health.extra-results.txt; then \
	  /home/ed/mcsema-testing/llvm-test-suite/ParseMultipleResults /home/ed/mcsema-testing/SANDBOX/test-2015-12-21_15-36-50/MultiSource/Benchmarks/Olden/health/health Output/health.extra-results.txt >> Output/health.simple.exec.report.txt; \
	fi
cat Output/health.simple.compile.report.txt Output/health.simple.exec.report.txt >> Output/health.simple.report.txt
---------------------------------------------------------------
>>> ========= '/home/ed/mcsema-testing/SANDBOX/test-2015-12-21_15-36-50/MultiSource/Benchmarks/Olden/health/health' Program
---------------------------------------------------------------

TEST-PASS: compile /home/ed/mcsema-testing/SANDBOX/test-2015-12-21_15-36-50/MultiSource/Benchmarks/Olden/health/health
TEST-RESULT-compile-success: pass
TEST-RESULT-compile-hash: 744ae68917187c064099e10a159486f6
TEST-RESULT-compile-time: user 0.147700
TEST-RESULT-compile-real-time: real 0.209200

TEST-PASS: exec /home/ed/mcsema-testing/SANDBOX/test-2015-12-21_15-36-50/MultiSource/Benchmarks/Olden/health/health
TEST-RESULT-exec-success: pass
TEST-RESULT-exec-time: user       0.4350
TEST-RESULT-exec-real-time: real       0.4772
make[5]: Leaving directory `/home/ed/mcsema-testing/SANDBOX/test-2015-12-21_15-36-50/MultiSource/Benchmarks/Olden/health'
make[5]: Entering directory `/home/ed/mcsema-testing/SANDBOX/test-2015-12-21_15-36-50/MultiSource/Benchmarks/Olden/perimeter'
/home/ed/mcsema-testing/llvm-test-suite/RunSafely.sh --show-errors -t "/home/ed/mcsema-testing/SANDBOX/test-2015-12-21_15-36-50/tools/timeit" 500 /dev/null Output/args.llvm.o.compile \
	  /usr/bin/clang -DTORONTO -I/home/ed/mcsema-testing/SANDBOX/test-2015-12-21_15-36-50/MultiSource/Benchmarks/Olden/perimeter -I/home/ed/mcsema-testing/llvm-test-suite/MultiSource/Benchmarks/Olden/perimeter -I/home/ed/mcsema-testing/llvm-test-suite/include -I../../../../include -D_GNU_SOURCE -D__STDC_LIMIT_MACROS -DNDEBUG  -O3  -m64 -fomit-frame-pointer -c /home/ed/mcsema-testing/llvm-test-suite/MultiSource/Benchmarks/Olden/perimeter/args.c -o Output/args.llvm.o
/home/ed/mcsema-testing/llvm-test-suite/RunSafely.sh --show-errors -t "/home/ed/mcsema-testing/SANDBOX/test-2015-12-21_15-36-50/tools/timeit" 500 /dev/null Output/main.llvm.o.compile \
	  /usr/bin/clang -DTORONTO -I/home/ed/mcsema-testing/SANDBOX/test-2015-12-21_15-36-50/MultiSource/Benchmarks/Olden/perimeter -I/home/ed/mcsema-testing/llvm-test-suite/MultiSource/Benchmarks/Olden/perimeter -I/home/ed/mcsema-testing/llvm-test-suite/include -I../../../../include -D_GNU_SOURCE -D__STDC_LIMIT_MACROS -DNDEBUG  -O3  -m64 -fomit-frame-pointer -c /home/ed/mcsema-testing/llvm-test-suite/MultiSource/Benchmarks/Olden/perimeter/main.c -o Output/main.llvm.o
/home/ed/mcsema-testing/llvm-test-suite/RunSafely.sh --show-errors -t "/home/ed/mcsema-testing/SANDBOX/test-2015-12-21_15-36-50/tools/timeit" 500 /dev/null Output/maketree.llvm.o.compile \
	  /usr/bin/clang -DTORONTO -I/home/ed/mcsema-testing/SANDBOX/test-2015-12-21_15-36-50/MultiSource/Benchmarks/Olden/perimeter -I/home/ed/mcsema-testing/llvm-test-suite/MultiSource/Benchmarks/Olden/perimeter -I/home/ed/mcsema-testing/llvm-test-suite/include -I../../../../include -D_GNU_SOURCE -D__STDC_LIMIT_MACROS -DNDEBUG  -O3  -m64 -fomit-frame-pointer -c /home/ed/mcsema-testing/llvm-test-suite/MultiSource/Benchmarks/Olden/perimeter/maketree.c -o Output/maketree.llvm.o
/usr/bin/clang++ -o Output/perimeter.simple Output/args.llvm.o Output/main.llvm.o Output/maketree.llvm.o    -m64 -fomit-frame-pointer
/home/ed/mcsema-testing/llvm-test-suite/RunSafely.sh -t "/home/ed/mcsema-testing/SANDBOX/test-2015-12-21_15-36-50/tools/timeit-target" 500 /dev/null Output/perimeter.out-simple Output/perimeter.simple 10
cp Output/perimeter.simple Output/perimeter.simple-hash; \
	strip --remove-section=.comment --remove-section='.note*' Output/perimeter.simple-hash; \
	/home/ed/mcsema-testing/llvm-test-suite/HashProgramOutput.sh Output/perimeter.simple-hash
if [ -f "/home/ed/mcsema-testing/llvm-test-suite/MultiSource/Benchmarks/Olden/perimeter/perimeter.reference_output.little-endian." ]; then \
	  cp /home/ed/mcsema-testing/llvm-test-suite/MultiSource/Benchmarks/Olden/perimeter/perimeter.reference_output.little-endian. Output/perimeter.out-nat; \
	elif [ -f "/home/ed/mcsema-testing/llvm-test-suite/MultiSource/Benchmarks/Olden/perimeter/perimeter.reference_output." ]; then \
	  cp /home/ed/mcsema-testing/llvm-test-suite/MultiSource/Benchmarks/Olden/perimeter/perimeter.reference_output. Output/perimeter.out-nat; \
	elif [ -f "/home/ed/mcsema-testing/llvm-test-suite/MultiSource/Benchmarks/Olden/perimeter/perimeter.reference_output.little-endian" ]; then \
	  cp /home/ed/mcsema-testing/llvm-test-suite/MultiSource/Benchmarks/Olden/perimeter/perimeter.reference_output.little-endian Output/perimeter.out-nat; \
	elif [ -f "/home/ed/mcsema-testing/llvm-test-suite/MultiSource/Benchmarks/Olden/perimeter/perimeter.reference_output" ]; then \
	  cp /home/ed/mcsema-testing/llvm-test-suite/MultiSource/Benchmarks/Olden/perimeter/perimeter.reference_output Output/perimeter.out-nat; \
	else \
	  printf "WARNING: %s: %s\n" "NO REFERENCE OUTPUT (using default)" "/home/ed/mcsema-testing/llvm-test-suite/MultiSource/Benchmarks/Olden/perimeter/perimeter.reference_output" > Output/perimeter.out-nat; \
	  cp /home/ed/mcsema-testing/llvm-test-suite/default.reference_output Output/perimeter.out-nat; \
	  cat Output/perimeter.out-nat; \
	fi
# Pretend that the reference output was produced instantaneously.
cp /home/ed/mcsema-testing/llvm-test-suite/instant.txt Output/perimeter.out-nat.time
/home/ed/mcsema-testing/llvm-test-suite/DiffOutput.sh "/home/ed/mcsema-testing/SANDBOX/test-2015-12-21_15-36-50/tools/fpcmp " simple perimeter 
rm -f Output/perimeter.exe-simple
cp Output/perimeter.diff-simple Output/perimeter.exe-simple
if test -f Output/perimeter.extra-results.txt; then \
	  /home/ed/mcsema-testing/llvm-test-suite/ParseMultipleResults /home/ed/mcsema-testing/SANDBOX/test-2015-12-21_15-36-50/MultiSource/Benchmarks/Olden/perimeter/perimeter Output/perimeter.extra-results.txt >> Output/perimeter.simple.exec.report.txt; \
	fi
cat Output/perimeter.simple.compile.report.txt Output/perimeter.simple.exec.report.txt >> Output/perimeter.simple.report.txt
---------------------------------------------------------------
>>> ========= '/home/ed/mcsema-testing/SANDBOX/test-2015-12-21_15-36-50/MultiSource/Benchmarks/Olden/perimeter/perimeter' Program
---------------------------------------------------------------

TEST-PASS: compile /home/ed/mcsema-testing/SANDBOX/test-2015-12-21_15-36-50/MultiSource/Benchmarks/Olden/perimeter/perimeter
TEST-RESULT-compile-success: pass
TEST-RESULT-compile-hash: a4091d214305599efe271c3ce42e0942
TEST-RESULT-compile-time: user 0.087300
TEST-RESULT-compile-real-time: real 0.129800

TEST-PASS: exec /home/ed/mcsema-testing/SANDBOX/test-2015-12-21_15-36-50/MultiSource/Benchmarks/Olden/perimeter/perimeter
TEST-RESULT-exec-success: pass
TEST-RESULT-exec-time: user       0.2343
TEST-RESULT-exec-real-time: real       0.2799
make[5]: Leaving directory `/home/ed/mcsema-testing/SANDBOX/test-2015-12-21_15-36-50/MultiSource/Benchmarks/Olden/perimeter'
make[5]: Entering directory `/home/ed/mcsema-testing/SANDBOX/test-2015-12-21_15-36-50/MultiSource/Benchmarks/Olden/treeadd'
/home/ed/mcsema-testing/llvm-test-suite/RunSafely.sh --show-errors -t "/home/ed/mcsema-testing/SANDBOX/test-2015-12-21_15-36-50/tools/timeit" 500 /dev/null Output/args.llvm.o.compile \
	  /usr/bin/clang -DTORONTO -I/home/ed/mcsema-testing/SANDBOX/test-2015-12-21_15-36-50/MultiSource/Benchmarks/Olden/treeadd -I/home/ed/mcsema-testing/llvm-test-suite/MultiSource/Benchmarks/Olden/treeadd -I/home/ed/mcsema-testing/llvm-test-suite/include -I../../../../include -D_GNU_SOURCE -D__STDC_LIMIT_MACROS -DNDEBUG  -O3  -m64 -fomit-frame-pointer -c /home/ed/mcsema-testing/llvm-test-suite/MultiSource/Benchmarks/Olden/treeadd/args.c -o Output/args.llvm.o
/home/ed/mcsema-testing/llvm-test-suite/RunSafely.sh --show-errors -t "/home/ed/mcsema-testing/SANDBOX/test-2015-12-21_15-36-50/tools/timeit" 500 /dev/null Output/node.llvm.o.compile \
	  /usr/bin/clang -DTORONTO -I/home/ed/mcsema-testing/SANDBOX/test-2015-12-21_15-36-50/MultiSource/Benchmarks/Olden/treeadd -I/home/ed/mcsema-testing/llvm-test-suite/MultiSource/Benchmarks/Olden/treeadd -I/home/ed/mcsema-testing/llvm-test-suite/include -I../../../../include -D_GNU_SOURCE -D__STDC_LIMIT_MACROS -DNDEBUG  -O3  -m64 -fomit-frame-pointer -c /home/ed/mcsema-testing/llvm-test-suite/MultiSource/Benchmarks/Olden/treeadd/node.c -o Output/node.llvm.o
/home/ed/mcsema-testing/llvm-test-suite/RunSafely.sh --show-errors -t "/home/ed/mcsema-testing/SANDBOX/test-2015-12-21_15-36-50/tools/timeit" 500 /dev/null Output/par-alloc.llvm.o.compile \
	  /usr/bin/clang -DTORONTO -I/home/ed/mcsema-testing/SANDBOX/test-2015-12-21_15-36-50/MultiSource/Benchmarks/Olden/treeadd -I/home/ed/mcsema-testing/llvm-test-suite/MultiSource/Benchmarks/Olden/treeadd -I/home/ed/mcsema-testing/llvm-test-suite/include -I../../../../include -D_GNU_SOURCE -D__STDC_LIMIT_MACROS -DNDEBUG  -O3  -m64 -fomit-frame-pointer -c /home/ed/mcsema-testing/llvm-test-suite/MultiSource/Benchmarks/Olden/treeadd/par-alloc.c -o Output/par-alloc.llvm.o
/usr/bin/clang++ -o Output/treeadd.simple Output/args.llvm.o Output/node.llvm.o Output/par-alloc.llvm.o    -m64 -fomit-frame-pointer
/home/ed/mcsema-testing/llvm-test-suite/RunSafely.sh -t "/home/ed/mcsema-testing/SANDBOX/test-2015-12-21_15-36-50/tools/timeit-target" 500 /dev/null Output/treeadd.out-simple Output/treeadd.simple 22
cp Output/treeadd.simple Output/treeadd.simple-hash; \
	strip --remove-section=.comment --remove-section='.note*' Output/treeadd.simple-hash; \
	/home/ed/mcsema-testing/llvm-test-suite/HashProgramOutput.sh Output/treeadd.simple-hash
if [ -f "/home/ed/mcsema-testing/llvm-test-suite/MultiSource/Benchmarks/Olden/treeadd/treeadd.reference_output.little-endian." ]; then \
	  cp /home/ed/mcsema-testing/llvm-test-suite/MultiSource/Benchmarks/Olden/treeadd/treeadd.reference_output.little-endian. Output/treeadd.out-nat; \
	elif [ -f "/home/ed/mcsema-testing/llvm-test-suite/MultiSource/Benchmarks/Olden/treeadd/treeadd.reference_output." ]; then \
	  cp /home/ed/mcsema-testing/llvm-test-suite/MultiSource/Benchmarks/Olden/treeadd/treeadd.reference_output. Output/treeadd.out-nat; \
	elif [ -f "/home/ed/mcsema-testing/llvm-test-suite/MultiSource/Benchmarks/Olden/treeadd/treeadd.reference_output.little-endian" ]; then \
	  cp /home/ed/mcsema-testing/llvm-test-suite/MultiSource/Benchmarks/Olden/treeadd/treeadd.reference_output.little-endian Output/treeadd.out-nat; \
	elif [ -f "/home/ed/mcsema-testing/llvm-test-suite/MultiSource/Benchmarks/Olden/treeadd/treeadd.reference_output" ]; then \
	  cp /home/ed/mcsema-testing/llvm-test-suite/MultiSource/Benchmarks/Olden/treeadd/treeadd.reference_output Output/treeadd.out-nat; \
	else \
	  printf "WARNING: %s: %s\n" "NO REFERENCE OUTPUT (using default)" "/home/ed/mcsema-testing/llvm-test-suite/MultiSource/Benchmarks/Olden/treeadd/treeadd.reference_output" > Output/treeadd.out-nat; \
	  cp /home/ed/mcsema-testing/llvm-test-suite/default.reference_output Output/treeadd.out-nat; \
	  cat Output/treeadd.out-nat; \
	fi
# Pretend that the reference output was produced instantaneously.
cp /home/ed/mcsema-testing/llvm-test-suite/instant.txt Output/treeadd.out-nat.time
/home/ed/mcsema-testing/llvm-test-suite/DiffOutput.sh "/home/ed/mcsema-testing/SANDBOX/test-2015-12-21_15-36-50/tools/fpcmp " simple treeadd 
rm -f Output/treeadd.exe-simple
cp Output/treeadd.diff-simple Output/treeadd.exe-simple
if test -f Output/treeadd.extra-results.txt; then \
	  /home/ed/mcsema-testing/llvm-test-suite/ParseMultipleResults /home/ed/mcsema-testing/SANDBOX/test-2015-12-21_15-36-50/MultiSource/Benchmarks/Olden/treeadd/treeadd Output/treeadd.extra-results.txt >> Output/treeadd.simple.exec.report.txt; \
	fi
cat Output/treeadd.simple.compile.report.txt Output/treeadd.simple.exec.report.txt >> Output/treeadd.simple.report.txt
---------------------------------------------------------------
>>> ========= '/home/ed/mcsema-testing/SANDBOX/test-2015-12-21_15-36-50/MultiSource/Benchmarks/Olden/treeadd/treeadd' Program
---------------------------------------------------------------

TEST-PASS: compile /home/ed/mcsema-testing/SANDBOX/test-2015-12-21_15-36-50/MultiSource/Benchmarks/Olden/treeadd/treeadd
TEST-RESULT-compile-success: pass
TEST-RESULT-compile-hash: d24ddc27dca98bec28456cd8a8637a8c
TEST-RESULT-compile-time: user 0.065400
TEST-RESULT-compile-real-time: real 0.113000

TEST-PASS: exec /home/ed/mcsema-testing/SANDBOX/test-2015-12-21_15-36-50/MultiSource/Benchmarks/Olden/treeadd/treeadd
TEST-RESULT-exec-success: pass
TEST-RESULT-exec-time: user       0.1671
TEST-RESULT-exec-real-time: real       0.2329
make[5]: Leaving directory `/home/ed/mcsema-testing/SANDBOX/test-2015-12-21_15-36-50/MultiSource/Benchmarks/Olden/treeadd'
make[5]: Entering directory `/home/ed/mcsema-testing/SANDBOX/test-2015-12-21_15-36-50/MultiSource/Benchmarks/Olden/voronoi'
/home/ed/mcsema-testing/llvm-test-suite/RunSafely.sh --show-errors -t "/home/ed/mcsema-testing/SANDBOX/test-2015-12-21_15-36-50/tools/timeit" 500 /dev/null Output/args.llvm.o.compile \
	  /usr/bin/clang -DTORONTO -I/home/ed/mcsema-testing/SANDBOX/test-2015-12-21_15-36-50/MultiSource/Benchmarks/Olden/voronoi -I/home/ed/mcsema-testing/llvm-test-suite/MultiSource/Benchmarks/Olden/voronoi -I/home/ed/mcsema-testing/llvm-test-suite/include -I../../../../include -D_GNU_SOURCE -D__STDC_LIMIT_MACROS -DNDEBUG  -O3  -m64 -fomit-frame-pointer -c /home/ed/mcsema-testing/llvm-test-suite/MultiSource/Benchmarks/Olden/voronoi/args.c -o Output/args.llvm.o
/home/ed/mcsema-testing/llvm-test-suite/RunSafely.sh --show-errors -t "/home/ed/mcsema-testing/SANDBOX/test-2015-12-21_15-36-50/tools/timeit" 500 /dev/null Output/newvor.llvm.o.compile \
	  /usr/bin/clang -DTORONTO -I/home/ed/mcsema-testing/SANDBOX/test-2015-12-21_15-36-50/MultiSource/Benchmarks/Olden/voronoi -I/home/ed/mcsema-testing/llvm-test-suite/MultiSource/Benchmarks/Olden/voronoi -I/home/ed/mcsema-testing/llvm-test-suite/include -I../../../../include -D_GNU_SOURCE -D__STDC_LIMIT_MACROS -DNDEBUG  -O3  -m64 -fomit-frame-pointer -c /home/ed/mcsema-testing/llvm-test-suite/MultiSource/Benchmarks/Olden/voronoi/newvor.c -o Output/newvor.llvm.o
/home/ed/mcsema-testing/llvm-test-suite/RunSafely.sh --show-errors -t "/home/ed/mcsema-testing/SANDBOX/test-2015-12-21_15-36-50/tools/timeit" 500 /dev/null Output/output.llvm.o.compile \
	  /usr/bin/clang -DTORONTO -I/home/ed/mcsema-testing/SANDBOX/test-2015-12-21_15-36-50/MultiSource/Benchmarks/Olden/voronoi -I/home/ed/mcsema-testing/llvm-test-suite/MultiSource/Benchmarks/Olden/voronoi -I/home/ed/mcsema-testing/llvm-test-suite/include -I../../../../include -D_GNU_SOURCE -D__STDC_LIMIT_MACROS -DNDEBUG  -O3  -m64 -fomit-frame-pointer -c /home/ed/mcsema-testing/llvm-test-suite/MultiSource/Benchmarks/Olden/voronoi/output.c -o Output/output.llvm.o
/home/ed/mcsema-testing/llvm-test-suite/RunSafely.sh --show-errors -t "/home/ed/mcsema-testing/SANDBOX/test-2015-12-21_15-36-50/tools/timeit" 500 /dev/null Output/vector.llvm.o.compile \
	  /usr/bin/clang -DTORONTO -I/home/ed/mcsema-testing/SANDBOX/test-2015-12-21_15-36-50/MultiSource/Benchmarks/Olden/voronoi -I/home/ed/mcsema-testing/llvm-test-suite/MultiSource/Benchmarks/Olden/voronoi -I/home/ed/mcsema-testing/llvm-test-suite/include -I../../../../include -D_GNU_SOURCE -D__STDC_LIMIT_MACROS -DNDEBUG  -O3  -m64 -fomit-frame-pointer -c /home/ed/mcsema-testing/llvm-test-suite/MultiSource/Benchmarks/Olden/voronoi/vector.c -o Output/vector.llvm.o
/usr/bin/clang++ -o Output/voronoi.simple Output/args.llvm.o Output/newvor.llvm.o Output/output.llvm.o Output/vector.llvm.o -lm   -m64 -fomit-frame-pointer
/home/ed/mcsema-testing/llvm-test-suite/RunSafely.sh -t "/home/ed/mcsema-testing/SANDBOX/test-2015-12-21_15-36-50/tools/timeit-target" 500 /dev/null Output/voronoi.out-simple Output/voronoi.simple 100000 20 32 7
/home/ed/mcsema-testing/llvm-test-suite/HashProgramOutput.sh Output/voronoi.out-simple
cp Output/voronoi.simple Output/voronoi.simple-hash; \
	strip --remove-section=.comment --remove-section='.note*' Output/voronoi.simple-hash; \
	/home/ed/mcsema-testing/llvm-test-suite/HashProgramOutput.sh Output/voronoi.simple-hash
if [ -f "/home/ed/mcsema-testing/llvm-test-suite/MultiSource/Benchmarks/Olden/voronoi/voronoi.reference_output.little-endian." ]; then \
	  cp /home/ed/mcsema-testing/llvm-test-suite/MultiSource/Benchmarks/Olden/voronoi/voronoi.reference_output.little-endian. Output/voronoi.out-nat; \
	elif [ -f "/home/ed/mcsema-testing/llvm-test-suite/MultiSource/Benchmarks/Olden/voronoi/voronoi.reference_output." ]; then \
	  cp /home/ed/mcsema-testing/llvm-test-suite/MultiSource/Benchmarks/Olden/voronoi/voronoi.reference_output. Output/voronoi.out-nat; \
	elif [ -f "/home/ed/mcsema-testing/llvm-test-suite/MultiSource/Benchmarks/Olden/voronoi/voronoi.reference_output.little-endian" ]; then \
	  cp /home/ed/mcsema-testing/llvm-test-suite/MultiSource/Benchmarks/Olden/voronoi/voronoi.reference_output.little-endian Output/voronoi.out-nat; \
	elif [ -f "/home/ed/mcsema-testing/llvm-test-suite/MultiSource/Benchmarks/Olden/voronoi/voronoi.reference_output" ]; then \
	  cp /home/ed/mcsema-testing/llvm-test-suite/MultiSource/Benchmarks/Olden/voronoi/voronoi.reference_output Output/voronoi.out-nat; \
	else \
	  printf "WARNING: %s: %s\n" "NO REFERENCE OUTPUT (using default)" "/home/ed/mcsema-testing/llvm-test-suite/MultiSource/Benchmarks/Olden/voronoi/voronoi.reference_output" > Output/voronoi.out-nat; \
	  cp /home/ed/mcsema-testing/llvm-test-suite/default.reference_output Output/voronoi.out-nat; \
	  cat Output/voronoi.out-nat; \
	fi
# Pretend that the reference output was produced instantaneously.
cp /home/ed/mcsema-testing/llvm-test-suite/instant.txt Output/voronoi.out-nat.time
/home/ed/mcsema-testing/llvm-test-suite/DiffOutput.sh "/home/ed/mcsema-testing/SANDBOX/test-2015-12-21_15-36-50/tools/fpcmp " simple voronoi 
rm -f Output/voronoi.exe-simple
cp Output/voronoi.diff-simple Output/voronoi.exe-simple
if test -f Output/voronoi.extra-results.txt; then \
	  /home/ed/mcsema-testing/llvm-test-suite/ParseMultipleResults /home/ed/mcsema-testing/SANDBOX/test-2015-12-21_15-36-50/MultiSource/Benchmarks/Olden/voronoi/voronoi Output/voronoi.extra-results.txt >> Output/voronoi.simple.exec.report.txt; \
	fi
cat Output/voronoi.simple.compile.report.txt Output/voronoi.simple.exec.report.txt >> Output/voronoi.simple.report.txt
---------------------------------------------------------------
>>> ========= '/home/ed/mcsema-testing/SANDBOX/test-2015-12-21_15-36-50/MultiSource/Benchmarks/Olden/voronoi/voronoi' Program
---------------------------------------------------------------

TEST-PASS: compile /home/ed/mcsema-testing/SANDBOX/test-2015-12-21_15-36-50/MultiSource/Benchmarks/Olden/voronoi/voronoi
TEST-RESULT-compile-success: pass
TEST-RESULT-compile-hash: 96457451d7e69cf7aa300c8e20dd835a
TEST-RESULT-compile-time: user 0.216000
TEST-RESULT-compile-real-time: real 0.279900

TEST-PASS: exec /home/ed/mcsema-testing/SANDBOX/test-2015-12-21_15-36-50/MultiSource/Benchmarks/Olden/voronoi/voronoi
TEST-RESULT-exec-success: pass
TEST-RESULT-exec-time: user       0.2313
TEST-RESULT-exec-real-time: real       0.3026
make[5]: Leaving directory `/home/ed/mcsema-testing/SANDBOX/test-2015-12-21_15-36-50/MultiSource/Benchmarks/Olden/voronoi'
make[4]: Leaving directory `/home/ed/mcsema-testing/SANDBOX/test-2015-12-21_15-36-50/MultiSource/Benchmarks/Olden'
make[4]: Entering directory `/home/ed/mcsema-testing/SANDBOX/test-2015-12-21_15-36-50/MultiSource/Benchmarks/Ptrdist'
make[5]: Entering directory `/home/ed/mcsema-testing/SANDBOX/test-2015-12-21_15-36-50/MultiSource/Benchmarks/Ptrdist/anagram'
/home/ed/mcsema-testing/llvm-test-suite/RunSafely.sh --show-errors -t "/home/ed/mcsema-testing/SANDBOX/test-2015-12-21_15-36-50/tools/timeit" 500 /dev/null Output/anagram.llvm.o.compile \
	  /usr/bin/clang -I/home/ed/mcsema-testing/SANDBOX/test-2015-12-21_15-36-50/MultiSource/Benchmarks/Ptrdist/anagram -I/home/ed/mcsema-testing/llvm-test-suite/MultiSource/Benchmarks/Ptrdist/anagram -I/home/ed/mcsema-testing/llvm-test-suite/include -I../../../../include -D_GNU_SOURCE -D__STDC_LIMIT_MACROS -DNDEBUG  -O3  -m64 -fomit-frame-pointer -c /home/ed/mcsema-testing/llvm-test-suite/MultiSource/Benchmarks/Ptrdist/anagram/anagram.c -o Output/anagram.llvm.o
/usr/bin/clang++ -o Output/anagram.simple Output/anagram.llvm.o    -m64 -fomit-frame-pointer
/home/ed/mcsema-testing/llvm-test-suite/RunSafely.sh -t "/home/ed/mcsema-testing/SANDBOX/test-2015-12-21_15-36-50/tools/timeit-target" 500 /home/ed/mcsema-testing/llvm-test-suite/MultiSource/Benchmarks/Ptrdist/anagram/input.OUT Output/anagram.out-simple Output/anagram.simple /home/ed/mcsema-testing/llvm-test-suite/MultiSource/Benchmarks/Ptrdist/anagram/words 2
cp Output/anagram.simple Output/anagram.simple-hash; \
	strip --remove-section=.comment --remove-section='.note*' Output/anagram.simple-hash; \
	/home/ed/mcsema-testing/llvm-test-suite/HashProgramOutput.sh Output/anagram.simple-hash
if [ -f "/home/ed/mcsema-testing/llvm-test-suite/MultiSource/Benchmarks/Ptrdist/anagram/anagram.reference_output.little-endian." ]; then \
	  cp /home/ed/mcsema-testing/llvm-test-suite/MultiSource/Benchmarks/Ptrdist/anagram/anagram.reference_output.little-endian. Output/anagram.out-nat; \
	elif [ -f "/home/ed/mcsema-testing/llvm-test-suite/MultiSource/Benchmarks/Ptrdist/anagram/anagram.reference_output." ]; then \
	  cp /home/ed/mcsema-testing/llvm-test-suite/MultiSource/Benchmarks/Ptrdist/anagram/anagram.reference_output. Output/anagram.out-nat; \
	elif [ -f "/home/ed/mcsema-testing/llvm-test-suite/MultiSource/Benchmarks/Ptrdist/anagram/anagram.reference_output.little-endian" ]; then \
	  cp /home/ed/mcsema-testing/llvm-test-suite/MultiSource/Benchmarks/Ptrdist/anagram/anagram.reference_output.little-endian Output/anagram.out-nat; \
	elif [ -f "/home/ed/mcsema-testing/llvm-test-suite/MultiSource/Benchmarks/Ptrdist/anagram/anagram.reference_output" ]; then \
	  cp /home/ed/mcsema-testing/llvm-test-suite/MultiSource/Benchmarks/Ptrdist/anagram/anagram.reference_output Output/anagram.out-nat; \
	else \
	  printf "WARNING: %s: %s\n" "NO REFERENCE OUTPUT (using default)" "/home/ed/mcsema-testing/llvm-test-suite/MultiSource/Benchmarks/Ptrdist/anagram/anagram.reference_output" > Output/anagram.out-nat; \
	  cp /home/ed/mcsema-testing/llvm-test-suite/default.reference_output Output/anagram.out-nat; \
	  cat Output/anagram.out-nat; \
	fi
# Pretend that the reference output was produced instantaneously.
cp /home/ed/mcsema-testing/llvm-test-suite/instant.txt Output/anagram.out-nat.time
/home/ed/mcsema-testing/llvm-test-suite/DiffOutput.sh "/home/ed/mcsema-testing/SANDBOX/test-2015-12-21_15-36-50/tools/fpcmp " simple anagram 
rm -f Output/anagram.exe-simple
cp Output/anagram.diff-simple Output/anagram.exe-simple
if test -f Output/anagram.extra-results.txt; then \
	  /home/ed/mcsema-testing/llvm-test-suite/ParseMultipleResults /home/ed/mcsema-testing/SANDBOX/test-2015-12-21_15-36-50/MultiSource/Benchmarks/Ptrdist/anagram/anagram Output/anagram.extra-results.txt >> Output/anagram.simple.exec.report.txt; \
	fi
cat Output/anagram.simple.compile.report.txt Output/anagram.simple.exec.report.txt >> Output/anagram.simple.report.txt
---------------------------------------------------------------
>>> ========= '/home/ed/mcsema-testing/SANDBOX/test-2015-12-21_15-36-50/MultiSource/Benchmarks/Ptrdist/anagram/anagram' Program
---------------------------------------------------------------

TEST-PASS: compile /home/ed/mcsema-testing/SANDBOX/test-2015-12-21_15-36-50/MultiSource/Benchmarks/Ptrdist/anagram/anagram
TEST-RESULT-compile-success: pass
TEST-RESULT-compile-hash: e1db5a3cfef3a55c0fa71fab63cd9fb0
TEST-RESULT-compile-time: user 0.082900
TEST-RESULT-compile-real-time: real 0.139100

TEST-PASS: exec /home/ed/mcsema-testing/SANDBOX/test-2015-12-21_15-36-50/MultiSource/Benchmarks/Ptrdist/anagram/anagram
TEST-RESULT-exec-success: pass
TEST-RESULT-exec-time: user       0.7716
TEST-RESULT-exec-real-time: real       0.8086
make[5]: Leaving directory `/home/ed/mcsema-testing/SANDBOX/test-2015-12-21_15-36-50/MultiSource/Benchmarks/Ptrdist/anagram'
make[5]: Entering directory `/home/ed/mcsema-testing/SANDBOX/test-2015-12-21_15-36-50/MultiSource/Benchmarks/Ptrdist/bc'
/home/ed/mcsema-testing/llvm-test-suite/RunSafely.sh --show-errors -t "/home/ed/mcsema-testing/SANDBOX/test-2015-12-21_15-36-50/tools/timeit" 500 /dev/null Output/bc.llvm.o.compile \
	  /usr/bin/clang -I/home/ed/mcsema-testing/SANDBOX/test-2015-12-21_15-36-50/MultiSource/Benchmarks/Ptrdist/bc -I/home/ed/mcsema-testing/llvm-test-suite/MultiSource/Benchmarks/Ptrdist/bc -I/home/ed/mcsema-testing/llvm-test-suite/include -I../../../../include -D_GNU_SOURCE -D__STDC_LIMIT_MACROS -DNDEBUG  -O3  -m64 -fomit-frame-pointer -c /home/ed/mcsema-testing/llvm-test-suite/MultiSource/Benchmarks/Ptrdist/bc/bc.c -o Output/bc.llvm.o
/home/ed/mcsema-testing/llvm-test-suite/RunSafely.sh --show-errors -t "/home/ed/mcsema-testing/SANDBOX/test-2015-12-21_15-36-50/tools/timeit" 500 /dev/null Output/execute.llvm.o.compile \
	  /usr/bin/clang -I/home/ed/mcsema-testing/SANDBOX/test-2015-12-21_15-36-50/MultiSource/Benchmarks/Ptrdist/bc -I/home/ed/mcsema-testing/llvm-test-suite/MultiSource/Benchmarks/Ptrdist/bc -I/home/ed/mcsema-testing/llvm-test-suite/include -I../../../../include -D_GNU_SOURCE -D__STDC_LIMIT_MACROS -DNDEBUG  -O3  -m64 -fomit-frame-pointer -c /home/ed/mcsema-testing/llvm-test-suite/MultiSource/Benchmarks/Ptrdist/bc/execute.c -o Output/execute.llvm.o
/home/ed/mcsema-testing/llvm-test-suite/RunSafely.sh --show-errors -t "/home/ed/mcsema-testing/SANDBOX/test-2015-12-21_15-36-50/tools/timeit" 500 /dev/null Output/global.llvm.o.compile \
	  /usr/bin/clang -I/home/ed/mcsema-testing/SANDBOX/test-2015-12-21_15-36-50/MultiSource/Benchmarks/Ptrdist/bc -I/home/ed/mcsema-testing/llvm-test-suite/MultiSource/Benchmarks/Ptrdist/bc -I/home/ed/mcsema-testing/llvm-test-suite/include -I../../../../include -D_GNU_SOURCE -D__STDC_LIMIT_MACROS -DNDEBUG  -O3  -m64 -fomit-frame-pointer -c /home/ed/mcsema-testing/llvm-test-suite/MultiSource/Benchmarks/Ptrdist/bc/global.c -o Output/global.llvm.o
/home/ed/mcsema-testing/llvm-test-suite/RunSafely.sh --show-errors -t "/home/ed/mcsema-testing/SANDBOX/test-2015-12-21_15-36-50/tools/timeit" 500 /dev/null Output/load.llvm.o.compile \
	  /usr/bin/clang -I/home/ed/mcsema-testing/SANDBOX/test-2015-12-21_15-36-50/MultiSource/Benchmarks/Ptrdist/bc -I/home/ed/mcsema-testing/llvm-test-suite/MultiSource/Benchmarks/Ptrdist/bc -I/home/ed/mcsema-testing/llvm-test-suite/include -I../../../../include -D_GNU_SOURCE -D__STDC_LIMIT_MACROS -DNDEBUG  -O3  -m64 -fomit-frame-pointer -c /home/ed/mcsema-testing/llvm-test-suite/MultiSource/Benchmarks/Ptrdist/bc/load.c -o Output/load.llvm.o
/home/ed/mcsema-testing/llvm-test-suite/RunSafely.sh --show-errors -t "/home/ed/mcsema-testing/SANDBOX/test-2015-12-21_15-36-50/tools/timeit" 500 /dev/null Output/main.llvm.o.compile \
	  /usr/bin/clang -I/home/ed/mcsema-testing/SANDBOX/test-2015-12-21_15-36-50/MultiSource/Benchmarks/Ptrdist/bc -I/home/ed/mcsema-testing/llvm-test-suite/MultiSource/Benchmarks/Ptrdist/bc -I/home/ed/mcsema-testing/llvm-test-suite/include -I../../../../include -D_GNU_SOURCE -D__STDC_LIMIT_MACROS -DNDEBUG  -O3  -m64 -fomit-frame-pointer -c /home/ed/mcsema-testing/llvm-test-suite/MultiSource/Benchmarks/Ptrdist/bc/main.c -o Output/main.llvm.o
/home/ed/mcsema-testing/llvm-test-suite/RunSafely.sh --show-errors -t "/home/ed/mcsema-testing/SANDBOX/test-2015-12-21_15-36-50/tools/timeit" 500 /dev/null Output/number.llvm.o.compile \
	  /usr/bin/clang -I/home/ed/mcsema-testing/SANDBOX/test-2015-12-21_15-36-50/MultiSource/Benchmarks/Ptrdist/bc -I/home/ed/mcsema-testing/llvm-test-suite/MultiSource/Benchmarks/Ptrdist/bc -I/home/ed/mcsema-testing/llvm-test-suite/include -I../../../../include -D_GNU_SOURCE -D__STDC_LIMIT_MACROS -DNDEBUG  -O3  -m64 -fomit-frame-pointer -c /home/ed/mcsema-testing/llvm-test-suite/MultiSource/Benchmarks/Ptrdist/bc/number.c -o Output/number.llvm.o
/home/ed/mcsema-testing/llvm-test-suite/RunSafely.sh --show-errors -t "/home/ed/mcsema-testing/SANDBOX/test-2015-12-21_15-36-50/tools/timeit" 500 /dev/null Output/scan.llvm.o.compile \
	  /usr/bin/clang -I/home/ed/mcsema-testing/SANDBOX/test-2015-12-21_15-36-50/MultiSource/Benchmarks/Ptrdist/bc -I/home/ed/mcsema-testing/llvm-test-suite/MultiSource/Benchmarks/Ptrdist/bc -I/home/ed/mcsema-testing/llvm-test-suite/include -I../../../../include -D_GNU_SOURCE -D__STDC_LIMIT_MACROS -DNDEBUG  -O3  -m64 -fomit-frame-pointer -c /home/ed/mcsema-testing/llvm-test-suite/MultiSource/Benchmarks/Ptrdist/bc/scan.c -o Output/scan.llvm.o
/home/ed/mcsema-testing/llvm-test-suite/RunSafely.sh --show-errors -t "/home/ed/mcsema-testing/SANDBOX/test-2015-12-21_15-36-50/tools/timeit" 500 /dev/null Output/storage.llvm.o.compile \
	  /usr/bin/clang -I/home/ed/mcsema-testing/SANDBOX/test-2015-12-21_15-36-50/MultiSource/Benchmarks/Ptrdist/bc -I/home/ed/mcsema-testing/llvm-test-suite/MultiSource/Benchmarks/Ptrdist/bc -I/home/ed/mcsema-testing/llvm-test-suite/include -I../../../../include -D_GNU_SOURCE -D__STDC_LIMIT_MACROS -DNDEBUG  -O3  -m64 -fomit-frame-pointer -c /home/ed/mcsema-testing/llvm-test-suite/MultiSource/Benchmarks/Ptrdist/bc/storage.c -o Output/storage.llvm.o
/home/ed/mcsema-testing/llvm-test-suite/RunSafely.sh --show-errors -t "/home/ed/mcsema-testing/SANDBOX/test-2015-12-21_15-36-50/tools/timeit" 500 /dev/null Output/util.llvm.o.compile \
	  /usr/bin/clang -I/home/ed/mcsema-testing/SANDBOX/test-2015-12-21_15-36-50/MultiSource/Benchmarks/Ptrdist/bc -I/home/ed/mcsema-testing/llvm-test-suite/MultiSource/Benchmarks/Ptrdist/bc -I/home/ed/mcsema-testing/llvm-test-suite/include -I../../../../include -D_GNU_SOURCE -D__STDC_LIMIT_MACROS -DNDEBUG  -O3  -m64 -fomit-frame-pointer -c /home/ed/mcsema-testing/llvm-test-suite/MultiSource/Benchmarks/Ptrdist/bc/util.c -o Output/util.llvm.o
/usr/bin/clang++ -o Output/bc.simple Output/bc.llvm.o Output/execute.llvm.o Output/global.llvm.o Output/load.llvm.o Output/main.llvm.o Output/number.llvm.o Output/scan.llvm.o Output/storage.llvm.o Output/util.llvm.o    -m64 -fomit-frame-pointer
/home/ed/mcsema-testing/llvm-test-suite/RunSafely.sh -t "/home/ed/mcsema-testing/SANDBOX/test-2015-12-21_15-36-50/tools/timeit-target" 500 /home/ed/mcsema-testing/llvm-test-suite/MultiSource/Benchmarks/Ptrdist/bc/primes.b Output/bc.out-simple Output/bc.simple 
/home/ed/mcsema-testing/llvm-test-suite/HashProgramOutput.sh Output/bc.out-simple
cp Output/bc.simple Output/bc.simple-hash; \
	strip --remove-section=.comment --remove-section='.note*' Output/bc.simple-hash; \
	/home/ed/mcsema-testing/llvm-test-suite/HashProgramOutput.sh Output/bc.simple-hash
if [ -f "/home/ed/mcsema-testing/llvm-test-suite/MultiSource/Benchmarks/Ptrdist/bc/bc.reference_output.little-endian." ]; then \
	  cp /home/ed/mcsema-testing/llvm-test-suite/MultiSource/Benchmarks/Ptrdist/bc/bc.reference_output.little-endian. Output/bc.out-nat; \
	elif [ -f "/home/ed/mcsema-testing/llvm-test-suite/MultiSource/Benchmarks/Ptrdist/bc/bc.reference_output." ]; then \
	  cp /home/ed/mcsema-testing/llvm-test-suite/MultiSource/Benchmarks/Ptrdist/bc/bc.reference_output. Output/bc.out-nat; \
	elif [ -f "/home/ed/mcsema-testing/llvm-test-suite/MultiSource/Benchmarks/Ptrdist/bc/bc.reference_output.little-endian" ]; then \
	  cp /home/ed/mcsema-testing/llvm-test-suite/MultiSource/Benchmarks/Ptrdist/bc/bc.reference_output.little-endian Output/bc.out-nat; \
	elif [ -f "/home/ed/mcsema-testing/llvm-test-suite/MultiSource/Benchmarks/Ptrdist/bc/bc.reference_output" ]; then \
	  cp /home/ed/mcsema-testing/llvm-test-suite/MultiSource/Benchmarks/Ptrdist/bc/bc.reference_output Output/bc.out-nat; \
	else \
	  printf "WARNING: %s: %s\n" "NO REFERENCE OUTPUT (using default)" "/home/ed/mcsema-testing/llvm-test-suite/MultiSource/Benchmarks/Ptrdist/bc/bc.reference_output" > Output/bc.out-nat; \
	  cp /home/ed/mcsema-testing/llvm-test-suite/default.reference_output Output/bc.out-nat; \
	  cat Output/bc.out-nat; \
	fi
# Pretend that the reference output was produced instantaneously.
cp /home/ed/mcsema-testing/llvm-test-suite/instant.txt Output/bc.out-nat.time
/home/ed/mcsema-testing/llvm-test-suite/DiffOutput.sh "/home/ed/mcsema-testing/SANDBOX/test-2015-12-21_15-36-50/tools/fpcmp " simple bc 
rm -f Output/bc.exe-simple
cp Output/bc.diff-simple Output/bc.exe-simple
if test -f Output/bc.extra-results.txt; then \
	  /home/ed/mcsema-testing/llvm-test-suite/ParseMultipleResults /home/ed/mcsema-testing/SANDBOX/test-2015-12-21_15-36-50/MultiSource/Benchmarks/Ptrdist/bc/bc Output/bc.extra-results.txt >> Output/bc.simple.exec.report.txt; \
	fi
cat Output/bc.simple.compile.report.txt Output/bc.simple.exec.report.txt >> Output/bc.simple.report.txt
---------------------------------------------------------------
>>> ========= '/home/ed/mcsema-testing/SANDBOX/test-2015-12-21_15-36-50/MultiSource/Benchmarks/Ptrdist/bc/bc' Program
---------------------------------------------------------------

TEST-PASS: compile /home/ed/mcsema-testing/SANDBOX/test-2015-12-21_15-36-50/MultiSource/Benchmarks/Ptrdist/bc/bc
TEST-RESULT-compile-success: pass
TEST-RESULT-compile-hash: 15421b7d5e6a76fed3bb05bd7070d480
TEST-RESULT-compile-time: user 0.903900
TEST-RESULT-compile-real-time: real 1.123500

TEST-PASS: exec /home/ed/mcsema-testing/SANDBOX/test-2015-12-21_15-36-50/MultiSource/Benchmarks/Ptrdist/bc/bc
TEST-RESULT-exec-success: pass
TEST-RESULT-exec-time: user       0.4680
TEST-RESULT-exec-real-time: real       0.4839
make[5]: Leaving directory `/home/ed/mcsema-testing/SANDBOX/test-2015-12-21_15-36-50/MultiSource/Benchmarks/Ptrdist/bc'
make[5]: Entering directory `/home/ed/mcsema-testing/SANDBOX/test-2015-12-21_15-36-50/MultiSource/Benchmarks/Ptrdist/ft'
/home/ed/mcsema-testing/llvm-test-suite/RunSafely.sh --show-errors -t "/home/ed/mcsema-testing/SANDBOX/test-2015-12-21_15-36-50/tools/timeit" 500 /dev/null Output/Fheap.llvm.o.compile \
	  /usr/bin/clang -I/home/ed/mcsema-testing/SANDBOX/test-2015-12-21_15-36-50/MultiSource/Benchmarks/Ptrdist/ft -I/home/ed/mcsema-testing/llvm-test-suite/MultiSource/Benchmarks/Ptrdist/ft -I/home/ed/mcsema-testing/llvm-test-suite/include -I../../../../include -D_GNU_SOURCE -D__STDC_LIMIT_MACROS -DNDEBUG  -O3  -m64 -fomit-frame-pointer -c /home/ed/mcsema-testing/llvm-test-suite/MultiSource/Benchmarks/Ptrdist/ft/Fheap.c -o Output/Fheap.llvm.o
/home/ed/mcsema-testing/llvm-test-suite/RunSafely.sh --show-errors -t "/home/ed/mcsema-testing/SANDBOX/test-2015-12-21_15-36-50/tools/timeit" 500 /dev/null Output/Fsanity.llvm.o.compile \
	  /usr/bin/clang -I/home/ed/mcsema-testing/SANDBOX/test-2015-12-21_15-36-50/MultiSource/Benchmarks/Ptrdist/ft -I/home/ed/mcsema-testing/llvm-test-suite/MultiSource/Benchmarks/Ptrdist/ft -I/home/ed/mcsema-testing/llvm-test-suite/include -I../../../../include -D_GNU_SOURCE -D__STDC_LIMIT_MACROS -DNDEBUG  -O3  -m64 -fomit-frame-pointer -c /home/ed/mcsema-testing/llvm-test-suite/MultiSource/Benchmarks/Ptrdist/ft/Fsanity.c -o Output/Fsanity.llvm.o
/home/ed/mcsema-testing/llvm-test-suite/RunSafely.sh --show-errors -t "/home/ed/mcsema-testing/SANDBOX/test-2015-12-21_15-36-50/tools/timeit" 500 /dev/null Output/ft.llvm.o.compile \
	  /usr/bin/clang -I/home/ed/mcsema-testing/SANDBOX/test-2015-12-21_15-36-50/MultiSource/Benchmarks/Ptrdist/ft -I/home/ed/mcsema-testing/llvm-test-suite/MultiSource/Benchmarks/Ptrdist/ft -I/home/ed/mcsema-testing/llvm-test-suite/include -I../../../../include -D_GNU_SOURCE -D__STDC_LIMIT_MACROS -DNDEBUG  -O3  -m64 -fomit-frame-pointer -c /home/ed/mcsema-testing/llvm-test-suite/MultiSource/Benchmarks/Ptrdist/ft/ft.c -o Output/ft.llvm.o
/home/ed/mcsema-testing/llvm-test-suite/RunSafely.sh --show-errors -t "/home/ed/mcsema-testing/SANDBOX/test-2015-12-21_15-36-50/tools/timeit" 500 /dev/null Output/graph.llvm.o.compile \
	  /usr/bin/clang -I/home/ed/mcsema-testing/SANDBOX/test-2015-12-21_15-36-50/MultiSource/Benchmarks/Ptrdist/ft -I/home/ed/mcsema-testing/llvm-test-suite/MultiSource/Benchmarks/Ptrdist/ft -I/home/ed/mcsema-testing/llvm-test-suite/include -I../../../../include -D_GNU_SOURCE -D__STDC_LIMIT_MACROS -DNDEBUG  -O3  -m64 -fomit-frame-pointer -c /home/ed/mcsema-testing/llvm-test-suite/MultiSource/Benchmarks/Ptrdist/ft/graph.c -o Output/graph.llvm.o
/home/ed/mcsema-testing/llvm-test-suite/RunSafely.sh --show-errors -t "/home/ed/mcsema-testing/SANDBOX/test-2015-12-21_15-36-50/tools/timeit" 500 /dev/null Output/item.llvm.o.compile \
	  /usr/bin/clang -I/home/ed/mcsema-testing/SANDBOX/test-2015-12-21_15-36-50/MultiSource/Benchmarks/Ptrdist/ft -I/home/ed/mcsema-testing/llvm-test-suite/MultiSource/Benchmarks/Ptrdist/ft -I/home/ed/mcsema-testing/llvm-test-suite/include -I../../../../include -D_GNU_SOURCE -D__STDC_LIMIT_MACROS -DNDEBUG  -O3  -m64 -fomit-frame-pointer -c /home/ed/mcsema-testing/llvm-test-suite/MultiSource/Benchmarks/Ptrdist/ft/item.c -o Output/item.llvm.o
/usr/bin/clang++ -o Output/ft.simple Output/Fheap.llvm.o Output/Fsanity.llvm.o Output/ft.llvm.o Output/graph.llvm.o Output/item.llvm.o    -m64 -fomit-frame-pointer
/home/ed/mcsema-testing/llvm-test-suite/RunSafely.sh -t "/home/ed/mcsema-testing/SANDBOX/test-2015-12-21_15-36-50/tools/timeit-target" 500 /dev/null Output/ft.out-simple Output/ft.simple 1500 100000
/home/ed/mcsema-testing/llvm-test-suite/HashProgramOutput.sh Output/ft.out-simple
cp Output/ft.simple Output/ft.simple-hash; \
	strip --remove-section=.comment --remove-section='.note*' Output/ft.simple-hash; \
	/home/ed/mcsema-testing/llvm-test-suite/HashProgramOutput.sh Output/ft.simple-hash
if [ -f "/home/ed/mcsema-testing/llvm-test-suite/MultiSource/Benchmarks/Ptrdist/ft/ft.reference_output.little-endian." ]; then \
	  cp /home/ed/mcsema-testing/llvm-test-suite/MultiSource/Benchmarks/Ptrdist/ft/ft.reference_output.little-endian. Output/ft.out-nat; \
	elif [ -f "/home/ed/mcsema-testing/llvm-test-suite/MultiSource/Benchmarks/Ptrdist/ft/ft.reference_output." ]; then \
	  cp /home/ed/mcsema-testing/llvm-test-suite/MultiSource/Benchmarks/Ptrdist/ft/ft.reference_output. Output/ft.out-nat; \
	elif [ -f "/home/ed/mcsema-testing/llvm-test-suite/MultiSource/Benchmarks/Ptrdist/ft/ft.reference_output.little-endian" ]; then \
	  cp /home/ed/mcsema-testing/llvm-test-suite/MultiSource/Benchmarks/Ptrdist/ft/ft.reference_output.little-endian Output/ft.out-nat; \
	elif [ -f "/home/ed/mcsema-testing/llvm-test-suite/MultiSource/Benchmarks/Ptrdist/ft/ft.reference_output" ]; then \
	  cp /home/ed/mcsema-testing/llvm-test-suite/MultiSource/Benchmarks/Ptrdist/ft/ft.reference_output Output/ft.out-nat; \
	else \
	  printf "WARNING: %s: %s\n" "NO REFERENCE OUTPUT (using default)" "/home/ed/mcsema-testing/llvm-test-suite/MultiSource/Benchmarks/Ptrdist/ft/ft.reference_output" > Output/ft.out-nat; \
	  cp /home/ed/mcsema-testing/llvm-test-suite/default.reference_output Output/ft.out-nat; \
	  cat Output/ft.out-nat; \
	fi
# Pretend that the reference output was produced instantaneously.
cp /home/ed/mcsema-testing/llvm-test-suite/instant.txt Output/ft.out-nat.time
/home/ed/mcsema-testing/llvm-test-suite/DiffOutput.sh "/home/ed/mcsema-testing/SANDBOX/test-2015-12-21_15-36-50/tools/fpcmp " simple ft 
rm -f Output/ft.exe-simple
cp Output/ft.diff-simple Output/ft.exe-simple
if test -f Output/ft.extra-results.txt; then \
	  /home/ed/mcsema-testing/llvm-test-suite/ParseMultipleResults /home/ed/mcsema-testing/SANDBOX/test-2015-12-21_15-36-50/MultiSource/Benchmarks/Ptrdist/ft/ft Output/ft.extra-results.txt >> Output/ft.simple.exec.report.txt; \
	fi
cat Output/ft.simple.compile.report.txt Output/ft.simple.exec.report.txt >> Output/ft.simple.report.txt
---------------------------------------------------------------
>>> ========= '/home/ed/mcsema-testing/SANDBOX/test-2015-12-21_15-36-50/MultiSource/Benchmarks/Ptrdist/ft/ft' Program
---------------------------------------------------------------

TEST-PASS: compile /home/ed/mcsema-testing/SANDBOX/test-2015-12-21_15-36-50/MultiSource/Benchmarks/Ptrdist/ft/ft
TEST-RESULT-compile-success: pass
TEST-RESULT-compile-hash: 790e3d303d76f8083e69c450af5ed391
TEST-RESULT-compile-time: user 0.195100
TEST-RESULT-compile-real-time: real 0.272100

TEST-PASS: exec /home/ed/mcsema-testing/SANDBOX/test-2015-12-21_15-36-50/MultiSource/Benchmarks/Ptrdist/ft/ft
TEST-RESULT-exec-success: pass
TEST-RESULT-exec-time: user       0.9011
TEST-RESULT-exec-real-time: real       0.9164
make[5]: Leaving directory `/home/ed/mcsema-testing/SANDBOX/test-2015-12-21_15-36-50/MultiSource/Benchmarks/Ptrdist/ft'
make[5]: Entering directory `/home/ed/mcsema-testing/SANDBOX/test-2015-12-21_15-36-50/MultiSource/Benchmarks/Ptrdist/ks'
/home/ed/mcsema-testing/llvm-test-suite/RunSafely.sh --show-errors -t "/home/ed/mcsema-testing/SANDBOX/test-2015-12-21_15-36-50/tools/timeit" 500 /dev/null Output/KS-1.llvm.o.compile \
	  /usr/bin/clang -I/home/ed/mcsema-testing/SANDBOX/test-2015-12-21_15-36-50/MultiSource/Benchmarks/Ptrdist/ks -I/home/ed/mcsema-testing/llvm-test-suite/MultiSource/Benchmarks/Ptrdist/ks -I/home/ed/mcsema-testing/llvm-test-suite/include -I../../../../include -D_GNU_SOURCE -D__STDC_LIMIT_MACROS -DNDEBUG  -O3  -m64 -fomit-frame-pointer -c /home/ed/mcsema-testing/llvm-test-suite/MultiSource/Benchmarks/Ptrdist/ks/KS-1.c -o Output/KS-1.llvm.o
/home/ed/mcsema-testing/llvm-test-suite/RunSafely.sh --show-errors -t "/home/ed/mcsema-testing/SANDBOX/test-2015-12-21_15-36-50/tools/timeit" 500 /dev/null Output/KS-2.llvm.o.compile \
	  /usr/bin/clang -I/home/ed/mcsema-testing/SANDBOX/test-2015-12-21_15-36-50/MultiSource/Benchmarks/Ptrdist/ks -I/home/ed/mcsema-testing/llvm-test-suite/MultiSource/Benchmarks/Ptrdist/ks -I/home/ed/mcsema-testing/llvm-test-suite/include -I../../../../include -D_GNU_SOURCE -D__STDC_LIMIT_MACROS -DNDEBUG  -O3  -m64 -fomit-frame-pointer -c /home/ed/mcsema-testing/llvm-test-suite/MultiSource/Benchmarks/Ptrdist/ks/KS-2.c -o Output/KS-2.llvm.o
/usr/bin/clang++ -o Output/ks.simple Output/KS-1.llvm.o Output/KS-2.llvm.o    -m64 -fomit-frame-pointer
/home/ed/mcsema-testing/llvm-test-suite/RunSafely.sh -t "/home/ed/mcsema-testing/SANDBOX/test-2015-12-21_15-36-50/tools/timeit-target" 500 /dev/null Output/ks.out-simple Output/ks.simple /home/ed/mcsema-testing/llvm-test-suite/MultiSource/Benchmarks/Ptrdist/ks/KL-4.in
cp Output/ks.simple Output/ks.simple-hash; \
	strip --remove-section=.comment --remove-section='.note*' Output/ks.simple-hash; \
	/home/ed/mcsema-testing/llvm-test-suite/HashProgramOutput.sh Output/ks.simple-hash
if [ -f "/home/ed/mcsema-testing/llvm-test-suite/MultiSource/Benchmarks/Ptrdist/ks/ks.reference_output.little-endian." ]; then \
	  cp /home/ed/mcsema-testing/llvm-test-suite/MultiSource/Benchmarks/Ptrdist/ks/ks.reference_output.little-endian. Output/ks.out-nat; \
	elif [ -f "/home/ed/mcsema-testing/llvm-test-suite/MultiSource/Benchmarks/Ptrdist/ks/ks.reference_output." ]; then \
	  cp /home/ed/mcsema-testing/llvm-test-suite/MultiSource/Benchmarks/Ptrdist/ks/ks.reference_output. Output/ks.out-nat; \
	elif [ -f "/home/ed/mcsema-testing/llvm-test-suite/MultiSource/Benchmarks/Ptrdist/ks/ks.reference_output.little-endian" ]; then \
	  cp /home/ed/mcsema-testing/llvm-test-suite/MultiSource/Benchmarks/Ptrdist/ks/ks.reference_output.little-endian Output/ks.out-nat; \
	elif [ -f "/home/ed/mcsema-testing/llvm-test-suite/MultiSource/Benchmarks/Ptrdist/ks/ks.reference_output" ]; then \
	  cp /home/ed/mcsema-testing/llvm-test-suite/MultiSource/Benchmarks/Ptrdist/ks/ks.reference_output Output/ks.out-nat; \
	else \
	  printf "WARNING: %s: %s\n" "NO REFERENCE OUTPUT (using default)" "/home/ed/mcsema-testing/llvm-test-suite/MultiSource/Benchmarks/Ptrdist/ks/ks.reference_output" > Output/ks.out-nat; \
	  cp /home/ed/mcsema-testing/llvm-test-suite/default.reference_output Output/ks.out-nat; \
	  cat Output/ks.out-nat; \
	fi
# Pretend that the reference output was produced instantaneously.
cp /home/ed/mcsema-testing/llvm-test-suite/instant.txt Output/ks.out-nat.time
/home/ed/mcsema-testing/llvm-test-suite/DiffOutput.sh "/home/ed/mcsema-testing/SANDBOX/test-2015-12-21_15-36-50/tools/fpcmp " simple ks 
rm -f Output/ks.exe-simple
cp Output/ks.diff-simple Output/ks.exe-simple
if test -f Output/ks.extra-results.txt; then \
	  /home/ed/mcsema-testing/llvm-test-suite/ParseMultipleResults /home/ed/mcsema-testing/SANDBOX/test-2015-12-21_15-36-50/MultiSource/Benchmarks/Ptrdist/ks/ks Output/ks.extra-results.txt >> Output/ks.simple.exec.report.txt; \
	fi
cat Output/ks.simple.compile.report.txt Output/ks.simple.exec.report.txt >> Output/ks.simple.report.txt
---------------------------------------------------------------
>>> ========= '/home/ed/mcsema-testing/SANDBOX/test-2015-12-21_15-36-50/MultiSource/Benchmarks/Ptrdist/ks/ks' Program
---------------------------------------------------------------

TEST-PASS: compile /home/ed/mcsema-testing/SANDBOX/test-2015-12-21_15-36-50/MultiSource/Benchmarks/Ptrdist/ks/ks
TEST-RESULT-compile-success: pass
TEST-RESULT-compile-hash: 7579b8219c374e7c253434efb841f3a6
TEST-RESULT-compile-time: user 0.127000
TEST-RESULT-compile-real-time: real 0.163000

TEST-PASS: exec /home/ed/mcsema-testing/SANDBOX/test-2015-12-21_15-36-50/MultiSource/Benchmarks/Ptrdist/ks/ks
TEST-RESULT-exec-success: pass
TEST-RESULT-exec-time: user       1.6944
TEST-RESULT-exec-real-time: real       1.6998
make[5]: Leaving directory `/home/ed/mcsema-testing/SANDBOX/test-2015-12-21_15-36-50/MultiSource/Benchmarks/Ptrdist/ks'
make[5]: Entering directory `/home/ed/mcsema-testing/SANDBOX/test-2015-12-21_15-36-50/MultiSource/Benchmarks/Ptrdist/yacr2'
/home/ed/mcsema-testing/llvm-test-suite/RunSafely.sh --show-errors -t "/home/ed/mcsema-testing/SANDBOX/test-2015-12-21_15-36-50/tools/timeit" 500 /dev/null Output/assign.llvm.o.compile \
	  /usr/bin/clang -DTODD -I/home/ed/mcsema-testing/SANDBOX/test-2015-12-21_15-36-50/MultiSource/Benchmarks/Ptrdist/yacr2 -I/home/ed/mcsema-testing/llvm-test-suite/MultiSource/Benchmarks/Ptrdist/yacr2 -I/home/ed/mcsema-testing/llvm-test-suite/include -I../../../../include -D_GNU_SOURCE -D__STDC_LIMIT_MACROS -DNDEBUG  -O3  -m64 -fomit-frame-pointer -c /home/ed/mcsema-testing/llvm-test-suite/MultiSource/Benchmarks/Ptrdist/yacr2/assign.c -o Output/assign.llvm.o
/home/ed/mcsema-testing/llvm-test-suite/RunSafely.sh --show-errors -t "/home/ed/mcsema-testing/SANDBOX/test-2015-12-21_15-36-50/tools/timeit" 500 /dev/null Output/channel.llvm.o.compile \
	  /usr/bin/clang -DTODD -I/home/ed/mcsema-testing/SANDBOX/test-2015-12-21_15-36-50/MultiSource/Benchmarks/Ptrdist/yacr2 -I/home/ed/mcsema-testing/llvm-test-suite/MultiSource/Benchmarks/Ptrdist/yacr2 -I/home/ed/mcsema-testing/llvm-test-suite/include -I../../../../include -D_GNU_SOURCE -D__STDC_LIMIT_MACROS -DNDEBUG  -O3  -m64 -fomit-frame-pointer -c /home/ed/mcsema-testing/llvm-test-suite/MultiSource/Benchmarks/Ptrdist/yacr2/channel.c -o Output/channel.llvm.o
/home/ed/mcsema-testing/llvm-test-suite/RunSafely.sh --show-errors -t "/home/ed/mcsema-testing/SANDBOX/test-2015-12-21_15-36-50/tools/timeit" 500 /dev/null Output/hcg.llvm.o.compile \
	  /usr/bin/clang -DTODD -I/home/ed/mcsema-testing/SANDBOX/test-2015-12-21_15-36-50/MultiSource/Benchmarks/Ptrdist/yacr2 -I/home/ed/mcsema-testing/llvm-test-suite/MultiSource/Benchmarks/Ptrdist/yacr2 -I/home/ed/mcsema-testing/llvm-test-suite/include -I../../../../include -D_GNU_SOURCE -D__STDC_LIMIT_MACROS -DNDEBUG  -O3  -m64 -fomit-frame-pointer -c /home/ed/mcsema-testing/llvm-test-suite/MultiSource/Benchmarks/Ptrdist/yacr2/hcg.c -o Output/hcg.llvm.o
/home/ed/mcsema-testing/llvm-test-suite/RunSafely.sh --show-errors -t "/home/ed/mcsema-testing/SANDBOX/test-2015-12-21_15-36-50/tools/timeit" 500 /dev/null Output/main.llvm.o.compile \
	  /usr/bin/clang -DTODD -I/home/ed/mcsema-testing/SANDBOX/test-2015-12-21_15-36-50/MultiSource/Benchmarks/Ptrdist/yacr2 -I/home/ed/mcsema-testing/llvm-test-suite/MultiSource/Benchmarks/Ptrdist/yacr2 -I/home/ed/mcsema-testing/llvm-test-suite/include -I../../../../include -D_GNU_SOURCE -D__STDC_LIMIT_MACROS -DNDEBUG  -O3  -m64 -fomit-frame-pointer -c /home/ed/mcsema-testing/llvm-test-suite/MultiSource/Benchmarks/Ptrdist/yacr2/main.c -o Output/main.llvm.o
/home/ed/mcsema-testing/llvm-test-suite/RunSafely.sh --show-errors -t "/home/ed/mcsema-testing/SANDBOX/test-2015-12-21_15-36-50/tools/timeit" 500 /dev/null Output/maze.llvm.o.compile \
	  /usr/bin/clang -DTODD -I/home/ed/mcsema-testing/SANDBOX/test-2015-12-21_15-36-50/MultiSource/Benchmarks/Ptrdist/yacr2 -I/home/ed/mcsema-testing/llvm-test-suite/MultiSource/Benchmarks/Ptrdist/yacr2 -I/home/ed/mcsema-testing/llvm-test-suite/include -I../../../../include -D_GNU_SOURCE -D__STDC_LIMIT_MACROS -DNDEBUG  -O3  -m64 -fomit-frame-pointer -c /home/ed/mcsema-testing/llvm-test-suite/MultiSource/Benchmarks/Ptrdist/yacr2/maze.c -o Output/maze.llvm.o
/home/ed/mcsema-testing/llvm-test-suite/RunSafely.sh --show-errors -t "/home/ed/mcsema-testing/SANDBOX/test-2015-12-21_15-36-50/tools/timeit" 500 /dev/null Output/option.llvm.o.compile \
	  /usr/bin/clang -DTODD -I/home/ed/mcsema-testing/SANDBOX/test-2015-12-21_15-36-50/MultiSource/Benchmarks/Ptrdist/yacr2 -I/home/ed/mcsema-testing/llvm-test-suite/MultiSource/Benchmarks/Ptrdist/yacr2 -I/home/ed/mcsema-testing/llvm-test-suite/include -I../../../../include -D_GNU_SOURCE -D__STDC_LIMIT_MACROS -DNDEBUG  -O3  -m64 -fomit-frame-pointer -c /home/ed/mcsema-testing/llvm-test-suite/MultiSource/Benchmarks/Ptrdist/yacr2/option.c -o Output/option.llvm.o
/home/ed/mcsema-testing/llvm-test-suite/RunSafely.sh --show-errors -t "/home/ed/mcsema-testing/SANDBOX/test-2015-12-21_15-36-50/tools/timeit" 500 /dev/null Output/vcg.llvm.o.compile \
	  /usr/bin/clang -DTODD -I/home/ed/mcsema-testing/SANDBOX/test-2015-12-21_15-36-50/MultiSource/Benchmarks/Ptrdist/yacr2 -I/home/ed/mcsema-testing/llvm-test-suite/MultiSource/Benchmarks/Ptrdist/yacr2 -I/home/ed/mcsema-testing/llvm-test-suite/include -I../../../../include -D_GNU_SOURCE -D__STDC_LIMIT_MACROS -DNDEBUG  -O3  -m64 -fomit-frame-pointer -c /home/ed/mcsema-testing/llvm-test-suite/MultiSource/Benchmarks/Ptrdist/yacr2/vcg.c -o Output/vcg.llvm.o
/usr/bin/clang++ -o Output/yacr2.simple Output/assign.llvm.o Output/channel.llvm.o Output/hcg.llvm.o Output/main.llvm.o Output/maze.llvm.o Output/option.llvm.o Output/vcg.llvm.o    -m64 -fomit-frame-pointer
/home/ed/mcsema-testing/llvm-test-suite/RunSafely.sh -t "/home/ed/mcsema-testing/SANDBOX/test-2015-12-21_15-36-50/tools/timeit-target" 500 /dev/null Output/yacr2.out-simple Output/yacr2.simple /home/ed/mcsema-testing/llvm-test-suite/MultiSource/Benchmarks/Ptrdist/yacr2/input2.in
/home/ed/mcsema-testing/llvm-test-suite/HashProgramOutput.sh Output/yacr2.out-simple
cp Output/yacr2.simple Output/yacr2.simple-hash; \
	strip --remove-section=.comment --remove-section='.note*' Output/yacr2.simple-hash; \
	/home/ed/mcsema-testing/llvm-test-suite/HashProgramOutput.sh Output/yacr2.simple-hash
if [ -f "/home/ed/mcsema-testing/llvm-test-suite/MultiSource/Benchmarks/Ptrdist/yacr2/yacr2.reference_output.little-endian." ]; then \
	  cp /home/ed/mcsema-testing/llvm-test-suite/MultiSource/Benchmarks/Ptrdist/yacr2/yacr2.reference_output.little-endian. Output/yacr2.out-nat; \
	elif [ -f "/home/ed/mcsema-testing/llvm-test-suite/MultiSource/Benchmarks/Ptrdist/yacr2/yacr2.reference_output." ]; then \
	  cp /home/ed/mcsema-testing/llvm-test-suite/MultiSource/Benchmarks/Ptrdist/yacr2/yacr2.reference_output. Output/yacr2.out-nat; \
	elif [ -f "/home/ed/mcsema-testing/llvm-test-suite/MultiSource/Benchmarks/Ptrdist/yacr2/yacr2.reference_output.little-endian" ]; then \
	  cp /home/ed/mcsema-testing/llvm-test-suite/MultiSource/Benchmarks/Ptrdist/yacr2/yacr2.reference_output.little-endian Output/yacr2.out-nat; \
	elif [ -f "/home/ed/mcsema-testing/llvm-test-suite/MultiSource/Benchmarks/Ptrdist/yacr2/yacr2.reference_output" ]; then \
	  cp /home/ed/mcsema-testing/llvm-test-suite/MultiSource/Benchmarks/Ptrdist/yacr2/yacr2.reference_output Output/yacr2.out-nat; \
	else \
	  printf "WARNING: %s: %s\n" "NO REFERENCE OUTPUT (using default)" "/home/ed/mcsema-testing/llvm-test-suite/MultiSource/Benchmarks/Ptrdist/yacr2/yacr2.reference_output" > Output/yacr2.out-nat; \
	  cp /home/ed/mcsema-testing/llvm-test-suite/default.reference_output Output/yacr2.out-nat; \
	  cat Output/yacr2.out-nat; \
	fi
# Pretend that the reference output was produced instantaneously.
cp /home/ed/mcsema-testing/llvm-test-suite/instant.txt Output/yacr2.out-nat.time
/home/ed/mcsema-testing/llvm-test-suite/DiffOutput.sh "/home/ed/mcsema-testing/SANDBOX/test-2015-12-21_15-36-50/tools/fpcmp " simple yacr2 
rm -f Output/yacr2.exe-simple
cp Output/yacr2.diff-simple Output/yacr2.exe-simple
if test -f Output/yacr2.extra-results.txt; then \
	  /home/ed/mcsema-testing/llvm-test-suite/ParseMultipleResults /home/ed/mcsema-testing/SANDBOX/test-2015-12-21_15-36-50/MultiSource/Benchmarks/Ptrdist/yacr2/yacr2 Output/yacr2.extra-results.txt >> Output/yacr2.simple.exec.report.txt; \
	fi
cat Output/yacr2.simple.compile.report.txt Output/yacr2.simple.exec.report.txt >> Output/yacr2.simple.report.txt
---------------------------------------------------------------
>>> ========= '/home/ed/mcsema-testing/SANDBOX/test-2015-12-21_15-36-50/MultiSource/Benchmarks/Ptrdist/yacr2/yacr2' Program
---------------------------------------------------------------

TEST-PASS: compile /home/ed/mcsema-testing/SANDBOX/test-2015-12-21_15-36-50/MultiSource/Benchmarks/Ptrdist/yacr2/yacr2
TEST-RESULT-compile-success: pass
TEST-RESULT-compile-hash: ca2cdd57afd1b26c087f7038d660e927
TEST-RESULT-compile-time: user 0.486700
TEST-RESULT-compile-real-time: real 0.607500

TEST-PASS: exec /home/ed/mcsema-testing/SANDBOX/test-2015-12-21_15-36-50/MultiSource/Benchmarks/Ptrdist/yacr2/yacr2
TEST-RESULT-exec-success: pass
TEST-RESULT-exec-time: user       0.5596
TEST-RESULT-exec-real-time: real       0.5714
make[5]: Leaving directory `/home/ed/mcsema-testing/SANDBOX/test-2015-12-21_15-36-50/MultiSource/Benchmarks/Ptrdist/yacr2'
make[4]: Leaving directory `/home/ed/mcsema-testing/SANDBOX/test-2015-12-21_15-36-50/MultiSource/Benchmarks/Ptrdist'
make[4]: Entering directory `/home/ed/mcsema-testing/SANDBOX/test-2015-12-21_15-36-50/MultiSource/Benchmarks/llubenchmark'
/home/ed/mcsema-testing/llvm-test-suite/RunSafely.sh --show-errors -t "/home/ed/mcsema-testing/SANDBOX/test-2015-12-21_15-36-50/tools/timeit" 500 /dev/null Output/llubenchmark.llvm.o.compile \
	  /usr/bin/clang  -I/home/ed/mcsema-testing/SANDBOX/test-2015-12-21_15-36-50/MultiSource/Benchmarks/llubenchmark -I/home/ed/mcsema-testing/llvm-test-suite/MultiSource/Benchmarks/llubenchmark -I/home/ed/mcsema-testing/llvm-test-suite/include -I../../../include -D_GNU_SOURCE -D__STDC_LIMIT_MACROS -DNDEBUG  -O3  -m64 -fomit-frame-pointer -c /home/ed/mcsema-testing/llvm-test-suite/MultiSource/Benchmarks/llubenchmark/llubenchmark.c -o Output/llubenchmark.llvm.o
/usr/bin/clang++ -o Output/llu.simple Output/llubenchmark.llvm.o    -m64 -fomit-frame-pointer
/home/ed/mcsema-testing/llvm-test-suite/RunSafely.sh -t "/home/ed/mcsema-testing/SANDBOX/test-2015-12-21_15-36-50/tools/timeit-target" 500 /dev/null Output/llu.out-simple Output/llu.simple -i 3000
cp Output/llu.simple Output/llu.simple-hash; \
	strip --remove-section=.comment --remove-section='.note*' Output/llu.simple-hash; \
	/home/ed/mcsema-testing/llvm-test-suite/HashProgramOutput.sh Output/llu.simple-hash
if [ -f "/home/ed/mcsema-testing/llvm-test-suite/MultiSource/Benchmarks/llubenchmark/llu.reference_output.little-endian." ]; then \
	  cp /home/ed/mcsema-testing/llvm-test-suite/MultiSource/Benchmarks/llubenchmark/llu.reference_output.little-endian. Output/llu.out-nat; \
	elif [ -f "/home/ed/mcsema-testing/llvm-test-suite/MultiSource/Benchmarks/llubenchmark/llu.reference_output." ]; then \
	  cp /home/ed/mcsema-testing/llvm-test-suite/MultiSource/Benchmarks/llubenchmark/llu.reference_output. Output/llu.out-nat; \
	elif [ -f "/home/ed/mcsema-testing/llvm-test-suite/MultiSource/Benchmarks/llubenchmark/llu.reference_output.little-endian" ]; then \
	  cp /home/ed/mcsema-testing/llvm-test-suite/MultiSource/Benchmarks/llubenchmark/llu.reference_output.little-endian Output/llu.out-nat; \
	elif [ -f "/home/ed/mcsema-testing/llvm-test-suite/MultiSource/Benchmarks/llubenchmark/llu.reference_output" ]; then \
	  cp /home/ed/mcsema-testing/llvm-test-suite/MultiSource/Benchmarks/llubenchmark/llu.reference_output Output/llu.out-nat; \
	else \
	  printf "WARNING: %s: %s\n" "NO REFERENCE OUTPUT (using default)" "/home/ed/mcsema-testing/llvm-test-suite/MultiSource/Benchmarks/llubenchmark/llu.reference_output" > Output/llu.out-nat; \
	  cp /home/ed/mcsema-testing/llvm-test-suite/default.reference_output Output/llu.out-nat; \
	  cat Output/llu.out-nat; \
	fi
# Pretend that the reference output was produced instantaneously.
cp /home/ed/mcsema-testing/llvm-test-suite/instant.txt Output/llu.out-nat.time
/home/ed/mcsema-testing/llvm-test-suite/DiffOutput.sh "/home/ed/mcsema-testing/SANDBOX/test-2015-12-21_15-36-50/tools/fpcmp " simple llu 
rm -f Output/llu.exe-simple
cp Output/llu.diff-simple Output/llu.exe-simple
if test -f Output/llu.extra-results.txt; then \
	  /home/ed/mcsema-testing/llvm-test-suite/ParseMultipleResults /home/ed/mcsema-testing/SANDBOX/test-2015-12-21_15-36-50/MultiSource/Benchmarks/llubenchmark/llu Output/llu.extra-results.txt >> Output/llu.simple.exec.report.txt; \
	fi
cat Output/llu.simple.compile.report.txt Output/llu.simple.exec.report.txt >> Output/llu.simple.report.txt
---------------------------------------------------------------
>>> ========= '/home/ed/mcsema-testing/SANDBOX/test-2015-12-21_15-36-50/MultiSource/Benchmarks/llubenchmark/llu' Program
---------------------------------------------------------------

TEST-PASS: compile /home/ed/mcsema-testing/SANDBOX/test-2015-12-21_15-36-50/MultiSource/Benchmarks/llubenchmark/llu
TEST-RESULT-compile-success: pass
TEST-RESULT-compile-hash: 88f670524cfd071bdad6fde3525a626c
TEST-RESULT-compile-time: user 0.045500
TEST-RESULT-compile-real-time: real 0.071900

TEST-PASS: exec /home/ed/mcsema-testing/SANDBOX/test-2015-12-21_15-36-50/MultiSource/Benchmarks/llubenchmark/llu
TEST-RESULT-exec-success: pass
TEST-RESULT-exec-time: user       8.3336
TEST-RESULT-exec-real-time: real       8.3641
make[4]: Leaving directory `/home/ed/mcsema-testing/SANDBOX/test-2015-12-21_15-36-50/MultiSource/Benchmarks/llubenchmark'
make[4]: Entering directory `/home/ed/mcsema-testing/SANDBOX/test-2015-12-21_15-36-50/MultiSource/Benchmarks/sim'
/home/ed/mcsema-testing/llvm-test-suite/RunSafely.sh --show-errors -t "/home/ed/mcsema-testing/SANDBOX/test-2015-12-21_15-36-50/tools/timeit" 500 /dev/null Output/sim.llvm.o.compile \
	  /usr/bin/clang -DUNIX -I/home/ed/mcsema-testing/SANDBOX/test-2015-12-21_15-36-50/MultiSource/Benchmarks/sim -I/home/ed/mcsema-testing/llvm-test-suite/MultiSource/Benchmarks/sim -I/home/ed/mcsema-testing/llvm-test-suite/include -I../../../include -D_GNU_SOURCE -D__STDC_LIMIT_MACROS -DNDEBUG  -O3  -m64 -fomit-frame-pointer -c /home/ed/mcsema-testing/llvm-test-suite/MultiSource/Benchmarks/sim/sim.c -o Output/sim.llvm.o
/usr/bin/clang++ -o Output/sim.simple Output/sim.llvm.o    -m64 -fomit-frame-pointer
/home/ed/mcsema-testing/llvm-test-suite/RunSafely.sh -t "/home/ed/mcsema-testing/SANDBOX/test-2015-12-21_15-36-50/tools/timeit-target" 500 /dev/null Output/sim.out-simple Output/sim.simple 8 /home/ed/mcsema-testing/llvm-test-suite/MultiSource/Benchmarks/sim/tob.38-44 /home/ed/mcsema-testing/llvm-test-suite/MultiSource/Benchmarks/sim/liv.42-48
cp Output/sim.simple Output/sim.simple-hash; \
	strip --remove-section=.comment --remove-section='.note*' Output/sim.simple-hash; \
	/home/ed/mcsema-testing/llvm-test-suite/HashProgramOutput.sh Output/sim.simple-hash
if [ -f "/home/ed/mcsema-testing/llvm-test-suite/MultiSource/Benchmarks/sim/sim.reference_output.little-endian." ]; then \
	  cp /home/ed/mcsema-testing/llvm-test-suite/MultiSource/Benchmarks/sim/sim.reference_output.little-endian. Output/sim.out-nat; \
	elif [ -f "/home/ed/mcsema-testing/llvm-test-suite/MultiSource/Benchmarks/sim/sim.reference_output." ]; then \
	  cp /home/ed/mcsema-testing/llvm-test-suite/MultiSource/Benchmarks/sim/sim.reference_output. Output/sim.out-nat; \
	elif [ -f "/home/ed/mcsema-testing/llvm-test-suite/MultiSource/Benchmarks/sim/sim.reference_output.little-endian" ]; then \
	  cp /home/ed/mcsema-testing/llvm-test-suite/MultiSource/Benchmarks/sim/sim.reference_output.little-endian Output/sim.out-nat; \
	elif [ -f "/home/ed/mcsema-testing/llvm-test-suite/MultiSource/Benchmarks/sim/sim.reference_output" ]; then \
	  cp /home/ed/mcsema-testing/llvm-test-suite/MultiSource/Benchmarks/sim/sim.reference_output Output/sim.out-nat; \
	else \
	  printf "WARNING: %s: %s\n" "NO REFERENCE OUTPUT (using default)" "/home/ed/mcsema-testing/llvm-test-suite/MultiSource/Benchmarks/sim/sim.reference_output" > Output/sim.out-nat; \
	  cp /home/ed/mcsema-testing/llvm-test-suite/default.reference_output Output/sim.out-nat; \
	  cat Output/sim.out-nat; \
	fi
# Pretend that the reference output was produced instantaneously.
cp /home/ed/mcsema-testing/llvm-test-suite/instant.txt Output/sim.out-nat.time
/home/ed/mcsema-testing/llvm-test-suite/DiffOutput.sh "/home/ed/mcsema-testing/SANDBOX/test-2015-12-21_15-36-50/tools/fpcmp " simple sim 
rm -f Output/sim.exe-simple
cp Output/sim.diff-simple Output/sim.exe-simple
if test -f Output/sim.extra-results.txt; then \
	  /home/ed/mcsema-testing/llvm-test-suite/ParseMultipleResults /home/ed/mcsema-testing/SANDBOX/test-2015-12-21_15-36-50/MultiSource/Benchmarks/sim/sim Output/sim.extra-results.txt >> Output/sim.simple.exec.report.txt; \
	fi
cat Output/sim.simple.compile.report.txt Output/sim.simple.exec.report.txt >> Output/sim.simple.report.txt
---------------------------------------------------------------
>>> ========= '/home/ed/mcsema-testing/SANDBOX/test-2015-12-21_15-36-50/MultiSource/Benchmarks/sim/sim' Program
---------------------------------------------------------------

TEST-PASS: compile /home/ed/mcsema-testing/SANDBOX/test-2015-12-21_15-36-50/MultiSource/Benchmarks/sim/sim
TEST-RESULT-compile-success: pass
TEST-RESULT-compile-hash: 94de7db6f0f849463c0d6e04bf7ea0e9
TEST-RESULT-compile-time: user 0.205600
TEST-RESULT-compile-real-time: real 0.235700

TEST-PASS: exec /home/ed/mcsema-testing/SANDBOX/test-2015-12-21_15-36-50/MultiSource/Benchmarks/sim/sim
TEST-RESULT-exec-success: pass
TEST-RESULT-exec-time: user       3.5121
TEST-RESULT-exec-real-time: real       3.5321
make[4]: Leaving directory `/home/ed/mcsema-testing/SANDBOX/test-2015-12-21_15-36-50/MultiSource/Benchmarks/sim'
make[4]: Entering directory `/home/ed/mcsema-testing/SANDBOX/test-2015-12-21_15-36-50/MultiSource/Benchmarks/FreeBench'
make[5]: Entering directory `/home/ed/mcsema-testing/SANDBOX/test-2015-12-21_15-36-50/MultiSource/Benchmarks/FreeBench/distray'
/home/ed/mcsema-testing/llvm-test-suite/RunSafely.sh --show-errors -t "/home/ed/mcsema-testing/SANDBOX/test-2015-12-21_15-36-50/tools/timeit" 500 /dev/null Output/distray.llvm.o.compile \
	  /usr/bin/clang -DVERSION='"1.00"' -DCOMPDATE="\"today\"" -DCFLAGS='""' -DHOSTNAME="\"thishost\""  -I/home/ed/mcsema-testing/SANDBOX/test-2015-12-21_15-36-50/MultiSource/Benchmarks/FreeBench/distray -I/home/ed/mcsema-testing/llvm-test-suite/MultiSource/Benchmarks/FreeBench/distray -I/home/ed/mcsema-testing/llvm-test-suite/include -I../../../../include -D_GNU_SOURCE -D__STDC_LIMIT_MACROS -DNDEBUG  -O3  -m64 -fomit-frame-pointer -c /home/ed/mcsema-testing/llvm-test-suite/MultiSource/Benchmarks/FreeBench/distray/distray.c -o Output/distray.llvm.o
/usr/bin/clang++ -o Output/distray.simple Output/distray.llvm.o -lm   -m64 -fomit-frame-pointer
/home/ed/mcsema-testing/llvm-test-suite/RunSafely.sh -t "/home/ed/mcsema-testing/SANDBOX/test-2015-12-21_15-36-50/tools/timeit-target" 500 /dev/null Output/distray.out-simple Output/distray.simple /home/ed/mcsema-testing/llvm-test-suite/MultiSource/Benchmarks/FreeBench/distray/test.in
/home/ed/mcsema-testing/llvm-test-suite/HashProgramOutput.sh Output/distray.out-simple
cp Output/distray.simple Output/distray.simple-hash; \
	strip --remove-section=.comment --remove-section='.note*' Output/distray.simple-hash; \
	/home/ed/mcsema-testing/llvm-test-suite/HashProgramOutput.sh Output/distray.simple-hash
if [ -f "/home/ed/mcsema-testing/llvm-test-suite/MultiSource/Benchmarks/FreeBench/distray/distray.reference_output.little-endian." ]; then \
	  cp /home/ed/mcsema-testing/llvm-test-suite/MultiSource/Benchmarks/FreeBench/distray/distray.reference_output.little-endian. Output/distray.out-nat; \
	elif [ -f "/home/ed/mcsema-testing/llvm-test-suite/MultiSource/Benchmarks/FreeBench/distray/distray.reference_output." ]; then \
	  cp /home/ed/mcsema-testing/llvm-test-suite/MultiSource/Benchmarks/FreeBench/distray/distray.reference_output. Output/distray.out-nat; \
	elif [ -f "/home/ed/mcsema-testing/llvm-test-suite/MultiSource/Benchmarks/FreeBench/distray/distray.reference_output.little-endian" ]; then \
	  cp /home/ed/mcsema-testing/llvm-test-suite/MultiSource/Benchmarks/FreeBench/distray/distray.reference_output.little-endian Output/distray.out-nat; \
	elif [ -f "/home/ed/mcsema-testing/llvm-test-suite/MultiSource/Benchmarks/FreeBench/distray/distray.reference_output" ]; then \
	  cp /home/ed/mcsema-testing/llvm-test-suite/MultiSource/Benchmarks/FreeBench/distray/distray.reference_output Output/distray.out-nat; \
	else \
	  printf "WARNING: %s: %s\n" "NO REFERENCE OUTPUT (using default)" "/home/ed/mcsema-testing/llvm-test-suite/MultiSource/Benchmarks/FreeBench/distray/distray.reference_output" > Output/distray.out-nat; \
	  cp /home/ed/mcsema-testing/llvm-test-suite/default.reference_output Output/distray.out-nat; \
	  cat Output/distray.out-nat; \
	fi
# Pretend that the reference output was produced instantaneously.
cp /home/ed/mcsema-testing/llvm-test-suite/instant.txt Output/distray.out-nat.time
/home/ed/mcsema-testing/llvm-test-suite/DiffOutput.sh "/home/ed/mcsema-testing/SANDBOX/test-2015-12-21_15-36-50/tools/fpcmp " simple distray 
rm -f Output/distray.exe-simple
cp Output/distray.diff-simple Output/distray.exe-simple
if test -f Output/distray.extra-results.txt; then \
	  /home/ed/mcsema-testing/llvm-test-suite/ParseMultipleResults /home/ed/mcsema-testing/SANDBOX/test-2015-12-21_15-36-50/MultiSource/Benchmarks/FreeBench/distray/distray Output/distray.extra-results.txt >> Output/distray.simple.exec.report.txt; \
	fi
cat Output/distray.simple.compile.report.txt Output/distray.simple.exec.report.txt >> Output/distray.simple.report.txt
---------------------------------------------------------------
>>> ========= '/home/ed/mcsema-testing/SANDBOX/test-2015-12-21_15-36-50/MultiSource/Benchmarks/FreeBench/distray/distray' Program
---------------------------------------------------------------

TEST-PASS: compile /home/ed/mcsema-testing/SANDBOX/test-2015-12-21_15-36-50/MultiSource/Benchmarks/FreeBench/distray/distray
TEST-RESULT-compile-success: pass
TEST-RESULT-compile-hash: 021e5d52893ba6d46ab6e1f4d3297ddb
TEST-RESULT-compile-time: user 0.085200
TEST-RESULT-compile-real-time: real 0.103300

TEST-PASS: exec /home/ed/mcsema-testing/SANDBOX/test-2015-12-21_15-36-50/MultiSource/Benchmarks/FreeBench/distray/distray
TEST-RESULT-exec-success: pass
TEST-RESULT-exec-time: user       0.1208
TEST-RESULT-exec-real-time: real       0.1239
make[5]: Leaving directory `/home/ed/mcsema-testing/SANDBOX/test-2015-12-21_15-36-50/MultiSource/Benchmarks/FreeBench/distray'
make[5]: Entering directory `/home/ed/mcsema-testing/SANDBOX/test-2015-12-21_15-36-50/MultiSource/Benchmarks/FreeBench/mason'
/home/ed/mcsema-testing/llvm-test-suite/RunSafely.sh --show-errors -t "/home/ed/mcsema-testing/SANDBOX/test-2015-12-21_15-36-50/tools/timeit" 500 /dev/null Output/mason.llvm.o.compile \
	  /usr/bin/clang -DVERSION='"1.00"' -DCOMPDATE="\"today\"" -DCFLAGS='""' -DHOSTNAME="\"thishost\""  -I/home/ed/mcsema-testing/SANDBOX/test-2015-12-21_15-36-50/MultiSource/Benchmarks/FreeBench/mason -I/home/ed/mcsema-testing/llvm-test-suite/MultiSource/Benchmarks/FreeBench/mason -I/home/ed/mcsema-testing/llvm-test-suite/include -I../../../../include -D_GNU_SOURCE -D__STDC_LIMIT_MACROS -DNDEBUG  -O3  -m64 -fomit-frame-pointer -c /home/ed/mcsema-testing/llvm-test-suite/MultiSource/Benchmarks/FreeBench/mason/mason.c -o Output/mason.llvm.o
/usr/bin/clang++ -o Output/mason.simple Output/mason.llvm.o    -m64 -fomit-frame-pointer
/home/ed/mcsema-testing/llvm-test-suite/RunSafely.sh -t "/home/ed/mcsema-testing/SANDBOX/test-2015-12-21_15-36-50/tools/timeit-target" 500 /dev/null Output/mason.out-simple Output/mason.simple /home/ed/mcsema-testing/llvm-test-suite/MultiSource/Benchmarks/FreeBench/mason/test.in
cp Output/mason.simple Output/mason.simple-hash; \
	strip --remove-section=.comment --remove-section='.note*' Output/mason.simple-hash; \
	/home/ed/mcsema-testing/llvm-test-suite/HashProgramOutput.sh Output/mason.simple-hash
if [ -f "/home/ed/mcsema-testing/llvm-test-suite/MultiSource/Benchmarks/FreeBench/mason/mason.reference_output.little-endian." ]; then \
	  cp /home/ed/mcsema-testing/llvm-test-suite/MultiSource/Benchmarks/FreeBench/mason/mason.reference_output.little-endian. Output/mason.out-nat; \
	elif [ -f "/home/ed/mcsema-testing/llvm-test-suite/MultiSource/Benchmarks/FreeBench/mason/mason.reference_output." ]; then \
	  cp /home/ed/mcsema-testing/llvm-test-suite/MultiSource/Benchmarks/FreeBench/mason/mason.reference_output. Output/mason.out-nat; \
	elif [ -f "/home/ed/mcsema-testing/llvm-test-suite/MultiSource/Benchmarks/FreeBench/mason/mason.reference_output.little-endian" ]; then \
	  cp /home/ed/mcsema-testing/llvm-test-suite/MultiSource/Benchmarks/FreeBench/mason/mason.reference_output.little-endian Output/mason.out-nat; \
	elif [ -f "/home/ed/mcsema-testing/llvm-test-suite/MultiSource/Benchmarks/FreeBench/mason/mason.reference_output" ]; then \
	  cp /home/ed/mcsema-testing/llvm-test-suite/MultiSource/Benchmarks/FreeBench/mason/mason.reference_output Output/mason.out-nat; \
	else \
	  printf "WARNING: %s: %s\n" "NO REFERENCE OUTPUT (using default)" "/home/ed/mcsema-testing/llvm-test-suite/MultiSource/Benchmarks/FreeBench/mason/mason.reference_output" > Output/mason.out-nat; \
	  cp /home/ed/mcsema-testing/llvm-test-suite/default.reference_output Output/mason.out-nat; \
	  cat Output/mason.out-nat; \
	fi
# Pretend that the reference output was produced instantaneously.
cp /home/ed/mcsema-testing/llvm-test-suite/instant.txt Output/mason.out-nat.time
/home/ed/mcsema-testing/llvm-test-suite/DiffOutput.sh "/home/ed/mcsema-testing/SANDBOX/test-2015-12-21_15-36-50/tools/fpcmp " simple mason 
rm -f Output/mason.exe-simple
cp Output/mason.diff-simple Output/mason.exe-simple
if test -f Output/mason.extra-results.txt; then \
	  /home/ed/mcsema-testing/llvm-test-suite/ParseMultipleResults /home/ed/mcsema-testing/SANDBOX/test-2015-12-21_15-36-50/MultiSource/Benchmarks/FreeBench/mason/mason Output/mason.extra-results.txt >> Output/mason.simple.exec.report.txt; \
	fi
cat Output/mason.simple.compile.report.txt Output/mason.simple.exec.report.txt >> Output/mason.simple.report.txt
---------------------------------------------------------------
>>> ========= '/home/ed/mcsema-testing/SANDBOX/test-2015-12-21_15-36-50/MultiSource/Benchmarks/FreeBench/mason/mason' Program
---------------------------------------------------------------

TEST-PASS: compile /home/ed/mcsema-testing/SANDBOX/test-2015-12-21_15-36-50/MultiSource/Benchmarks/FreeBench/mason/mason
TEST-RESULT-compile-success: pass
TEST-RESULT-compile-hash: 934df38595a8969558c54e8af53cfe5f
TEST-RESULT-compile-time: user 0.051500
TEST-RESULT-compile-real-time: real 0.067500

TEST-PASS: exec /home/ed/mcsema-testing/SANDBOX/test-2015-12-21_15-36-50/MultiSource/Benchmarks/FreeBench/mason/mason
TEST-RESULT-exec-success: pass
TEST-RESULT-exec-time: user       0.1371
TEST-RESULT-exec-real-time: real       0.1390
make[5]: Leaving directory `/home/ed/mcsema-testing/SANDBOX/test-2015-12-21_15-36-50/MultiSource/Benchmarks/FreeBench/mason'
make[5]: Entering directory `/home/ed/mcsema-testing/SANDBOX/test-2015-12-21_15-36-50/MultiSource/Benchmarks/FreeBench/pcompress2'
if [ ! /home/ed/mcsema-testing/llvm-test-suite/MultiSource/Benchmarks/FreeBench/pcompress2 = /home/ed/mcsema-testing/SANDBOX/test-2015-12-21_15-36-50/MultiSource/Benchmarks/FreeBench/pcompress2 ]; \
	then \
	  cp  /home/ed/mcsema-testing/llvm-test-suite/MultiSource/Benchmarks/FreeBench/pcompress2/test.in /home/ed/mcsema-testing/SANDBOX/test-2015-12-21_15-36-50/MultiSource/Benchmarks/FreeBench/pcompress2/test.in; \
	fi
/home/ed/mcsema-testing/llvm-test-suite/RunSafely.sh --show-errors -t "/home/ed/mcsema-testing/SANDBOX/test-2015-12-21_15-36-50/tools/timeit" 500 /dev/null Output/arithmetic.llvm.o.compile \
	  /usr/bin/clang -DVERSION='"1.00"' -DCOMPDATE="\"today\"" -DCFLAGS='""' -DHOSTNAME="\"thishost\""  -I/home/ed/mcsema-testing/SANDBOX/test-2015-12-21_15-36-50/MultiSource/Benchmarks/FreeBench/pcompress2 -I/home/ed/mcsema-testing/llvm-test-suite/MultiSource/Benchmarks/FreeBench/pcompress2 -I/home/ed/mcsema-testing/llvm-test-suite/include -I../../../../include -D_GNU_SOURCE -D__STDC_LIMIT_MACROS -DNDEBUG  -O3  -m64 -fomit-frame-pointer -c /home/ed/mcsema-testing/llvm-test-suite/MultiSource/Benchmarks/FreeBench/pcompress2/arithmetic.c -o Output/arithmetic.llvm.o
/home/ed/mcsema-testing/llvm-test-suite/RunSafely.sh --show-errors -t "/home/ed/mcsema-testing/SANDBOX/test-2015-12-21_15-36-50/tools/timeit" 500 /dev/null Output/compress.llvm.o.compile \
	  /usr/bin/clang -DVERSION='"1.00"' -DCOMPDATE="\"today\"" -DCFLAGS='""' -DHOSTNAME="\"thishost\""  -I/home/ed/mcsema-testing/SANDBOX/test-2015-12-21_15-36-50/MultiSource/Benchmarks/FreeBench/pcompress2 -I/home/ed/mcsema-testing/llvm-test-suite/MultiSource/Benchmarks/FreeBench/pcompress2 -I/home/ed/mcsema-testing/llvm-test-suite/include -I../../../../include -D_GNU_SOURCE -D__STDC_LIMIT_MACROS -DNDEBUG  -O3  -m64 -fomit-frame-pointer -c /home/ed/mcsema-testing/llvm-test-suite/MultiSource/Benchmarks/FreeBench/pcompress2/compress.c -o Output/compress.llvm.o
/home/ed/mcsema-testing/llvm-test-suite/RunSafely.sh --show-errors -t "/home/ed/mcsema-testing/SANDBOX/test-2015-12-21_15-36-50/tools/timeit" 500 /dev/null Output/pcompress2.llvm.o.compile \
	  /usr/bin/clang -DVERSION='"1.00"' -DCOMPDATE="\"today\"" -DCFLAGS='""' -DHOSTNAME="\"thishost\""  -I/home/ed/mcsema-testing/SANDBOX/test-2015-12-21_15-36-50/MultiSource/Benchmarks/FreeBench/pcompress2 -I/home/ed/mcsema-testing/llvm-test-suite/MultiSource/Benchmarks/FreeBench/pcompress2 -I/home/ed/mcsema-testing/llvm-test-suite/include -I../../../../include -D_GNU_SOURCE -D__STDC_LIMIT_MACROS -DNDEBUG  -O3  -m64 -fomit-frame-pointer -c /home/ed/mcsema-testing/llvm-test-suite/MultiSource/Benchmarks/FreeBench/pcompress2/pcompress2.c -o Output/pcompress2.llvm.o
/home/ed/mcsema-testing/llvm-test-suite/RunSafely.sh --show-errors -t "/home/ed/mcsema-testing/SANDBOX/test-2015-12-21_15-36-50/tools/timeit" 500 /dev/null Output/unarithmetic.llvm.o.compile \
	  /usr/bin/clang -DVERSION='"1.00"' -DCOMPDATE="\"today\"" -DCFLAGS='""' -DHOSTNAME="\"thishost\""  -I/home/ed/mcsema-testing/SANDBOX/test-2015-12-21_15-36-50/MultiSource/Benchmarks/FreeBench/pcompress2 -I/home/ed/mcsema-testing/llvm-test-suite/MultiSource/Benchmarks/FreeBench/pcompress2 -I/home/ed/mcsema-testing/llvm-test-suite/include -I../../../../include -D_GNU_SOURCE -D__STDC_LIMIT_MACROS -DNDEBUG  -O3  -m64 -fomit-frame-pointer -c /home/ed/mcsema-testing/llvm-test-suite/MultiSource/Benchmarks/FreeBench/pcompress2/unarithmetic.c -o Output/unarithmetic.llvm.o
/home/ed/mcsema-testing/llvm-test-suite/RunSafely.sh --show-errors -t "/home/ed/mcsema-testing/SANDBOX/test-2015-12-21_15-36-50/tools/timeit" 500 /dev/null Output/uncompress.llvm.o.compile \
	  /usr/bin/clang -DVERSION='"1.00"' -DCOMPDATE="\"today\"" -DCFLAGS='""' -DHOSTNAME="\"thishost\""  -I/home/ed/mcsema-testing/SANDBOX/test-2015-12-21_15-36-50/MultiSource/Benchmarks/FreeBench/pcompress2 -I/home/ed/mcsema-testing/llvm-test-suite/MultiSource/Benchmarks/FreeBench/pcompress2 -I/home/ed/mcsema-testing/llvm-test-suite/include -I../../../../include -D_GNU_SOURCE -D__STDC_LIMIT_MACROS -DNDEBUG  -O3  -m64 -fomit-frame-pointer -c /home/ed/mcsema-testing/llvm-test-suite/MultiSource/Benchmarks/FreeBench/pcompress2/uncompress.c -o Output/uncompress.llvm.o
/usr/bin/clang++ -o Output/pcompress2.simple Output/arithmetic.llvm.o Output/compress.llvm.o Output/pcompress2.llvm.o Output/unarithmetic.llvm.o Output/uncompress.llvm.o    -m64 -fomit-frame-pointer
/home/ed/mcsema-testing/llvm-test-suite/RunSafely.sh -t "/home/ed/mcsema-testing/SANDBOX/test-2015-12-21_15-36-50/tools/timeit-target" 500 /dev/null Output/pcompress2.out-simple Output/pcompress2.simple /home/ed/mcsema-testing/SANDBOX/test-2015-12-21_15-36-50/MultiSource/Benchmarks/FreeBench/pcompress2/test.in
cp Output/pcompress2.simple Output/pcompress2.simple-hash; \
	strip --remove-section=.comment --remove-section='.note*' Output/pcompress2.simple-hash; \
	/home/ed/mcsema-testing/llvm-test-suite/HashProgramOutput.sh Output/pcompress2.simple-hash
if [ -f "/home/ed/mcsema-testing/llvm-test-suite/MultiSource/Benchmarks/FreeBench/pcompress2/pcompress2.reference_output.little-endian." ]; then \
	  cp /home/ed/mcsema-testing/llvm-test-suite/MultiSource/Benchmarks/FreeBench/pcompress2/pcompress2.reference_output.little-endian. Output/pcompress2.out-nat; \
	elif [ -f "/home/ed/mcsema-testing/llvm-test-suite/MultiSource/Benchmarks/FreeBench/pcompress2/pcompress2.reference_output." ]; then \
	  cp /home/ed/mcsema-testing/llvm-test-suite/MultiSource/Benchmarks/FreeBench/pcompress2/pcompress2.reference_output. Output/pcompress2.out-nat; \
	elif [ -f "/home/ed/mcsema-testing/llvm-test-suite/MultiSource/Benchmarks/FreeBench/pcompress2/pcompress2.reference_output.little-endian" ]; then \
	  cp /home/ed/mcsema-testing/llvm-test-suite/MultiSource/Benchmarks/FreeBench/pcompress2/pcompress2.reference_output.little-endian Output/pcompress2.out-nat; \
	elif [ -f "/home/ed/mcsema-testing/llvm-test-suite/MultiSource/Benchmarks/FreeBench/pcompress2/pcompress2.reference_output" ]; then \
	  cp /home/ed/mcsema-testing/llvm-test-suite/MultiSource/Benchmarks/FreeBench/pcompress2/pcompress2.reference_output Output/pcompress2.out-nat; \
	else \
	  printf "WARNING: %s: %s\n" "NO REFERENCE OUTPUT (using default)" "/home/ed/mcsema-testing/llvm-test-suite/MultiSource/Benchmarks/FreeBench/pcompress2/pcompress2.reference_output" > Output/pcompress2.out-nat; \
	  cp /home/ed/mcsema-testing/llvm-test-suite/default.reference_output Output/pcompress2.out-nat; \
	  cat Output/pcompress2.out-nat; \
	fi
# Pretend that the reference output was produced instantaneously.
cp /home/ed/mcsema-testing/llvm-test-suite/instant.txt Output/pcompress2.out-nat.time
/home/ed/mcsema-testing/llvm-test-suite/DiffOutput.sh "/home/ed/mcsema-testing/SANDBOX/test-2015-12-21_15-36-50/tools/fpcmp " simple pcompress2 
rm -f Output/pcompress2.exe-simple
cp Output/pcompress2.diff-simple Output/pcompress2.exe-simple
if test -f Output/pcompress2.extra-results.txt; then \
	  /home/ed/mcsema-testing/llvm-test-suite/ParseMultipleResults /home/ed/mcsema-testing/SANDBOX/test-2015-12-21_15-36-50/MultiSource/Benchmarks/FreeBench/pcompress2/pcompress2 Output/pcompress2.extra-results.txt >> Output/pcompress2.simple.exec.report.txt; \
	fi
cat Output/pcompress2.simple.compile.report.txt Output/pcompress2.simple.exec.report.txt >> Output/pcompress2.simple.report.txt
---------------------------------------------------------------
>>> ========= '/home/ed/mcsema-testing/SANDBOX/test-2015-12-21_15-36-50/MultiSource/Benchmarks/FreeBench/pcompress2/pcompress2' Program
---------------------------------------------------------------

TEST-PASS: compile /home/ed/mcsema-testing/SANDBOX/test-2015-12-21_15-36-50/MultiSource/Benchmarks/FreeBench/pcompress2/pcompress2
TEST-RESULT-compile-success: pass
TEST-RESULT-compile-hash: 798527792f9e055739c68ea55b600103
TEST-RESULT-compile-time: user 0.227300
TEST-RESULT-compile-real-time: real 0.306200

TEST-PASS: exec /home/ed/mcsema-testing/SANDBOX/test-2015-12-21_15-36-50/MultiSource/Benchmarks/FreeBench/pcompress2/pcompress2
TEST-RESULT-exec-success: pass
TEST-RESULT-exec-time: user       0.1127
TEST-RESULT-exec-real-time: real       0.1201
make[5]: Leaving directory `/home/ed/mcsema-testing/SANDBOX/test-2015-12-21_15-36-50/MultiSource/Benchmarks/FreeBench/pcompress2'
make[5]: Entering directory `/home/ed/mcsema-testing/SANDBOX/test-2015-12-21_15-36-50/MultiSource/Benchmarks/FreeBench/analyzer'
/home/ed/mcsema-testing/llvm-test-suite/RunSafely.sh --show-errors -t "/home/ed/mcsema-testing/SANDBOX/test-2015-12-21_15-36-50/tools/timeit" 500 /dev/null Output/analyzer.llvm.o.compile \
	  /usr/bin/clang -DVERSION='"1.00"' -DCOMPDATE="\"today\"" -DCFLAGS='""' -DHOSTNAME="\"thishost\""  -I/home/ed/mcsema-testing/SANDBOX/test-2015-12-21_15-36-50/MultiSource/Benchmarks/FreeBench/analyzer -I/home/ed/mcsema-testing/llvm-test-suite/MultiSource/Benchmarks/FreeBench/analyzer -I/home/ed/mcsema-testing/llvm-test-suite/include -I../../../../include -D_GNU_SOURCE -D__STDC_LIMIT_MACROS -DNDEBUG  -O3  -m64 -fomit-frame-pointer -c /home/ed/mcsema-testing/llvm-test-suite/MultiSource/Benchmarks/FreeBench/analyzer/analyzer.c -o Output/analyzer.llvm.o
/home/ed/mcsema-testing/llvm-test-suite/RunSafely.sh --show-errors -t "/home/ed/mcsema-testing/SANDBOX/test-2015-12-21_15-36-50/tools/timeit" 500 /dev/null Output/functs.llvm.o.compile \
	  /usr/bin/clang -DVERSION='"1.00"' -DCOMPDATE="\"today\"" -DCFLAGS='""' -DHOSTNAME="\"thishost\""  -I/home/ed/mcsema-testing/SANDBOX/test-2015-12-21_15-36-50/MultiSource/Benchmarks/FreeBench/analyzer -I/home/ed/mcsema-testing/llvm-test-suite/MultiSource/Benchmarks/FreeBench/analyzer -I/home/ed/mcsema-testing/llvm-test-suite/include -I../../../../include -D_GNU_SOURCE -D__STDC_LIMIT_MACROS -DNDEBUG  -O3  -m64 -fomit-frame-pointer -c /home/ed/mcsema-testing/llvm-test-suite/MultiSource/Benchmarks/FreeBench/analyzer/functs.c -o Output/functs.llvm.o
/home/ed/mcsema-testing/llvm-test-suite/RunSafely.sh --show-errors -t "/home/ed/mcsema-testing/SANDBOX/test-2015-12-21_15-36-50/tools/timeit" 500 /dev/null Output/help.llvm.o.compile \
	  /usr/bin/clang -DVERSION='"1.00"' -DCOMPDATE="\"today\"" -DCFLAGS='""' -DHOSTNAME="\"thishost\""  -I/home/ed/mcsema-testing/SANDBOX/test-2015-12-21_15-36-50/MultiSource/Benchmarks/FreeBench/analyzer -I/home/ed/mcsema-testing/llvm-test-suite/MultiSource/Benchmarks/FreeBench/analyzer -I/home/ed/mcsema-testing/llvm-test-suite/include -I../../../../include -D_GNU_SOURCE -D__STDC_LIMIT_MACROS -DNDEBUG  -O3  -m64 -fomit-frame-pointer -c /home/ed/mcsema-testing/llvm-test-suite/MultiSource/Benchmarks/FreeBench/analyzer/help.c -o Output/help.llvm.o
/home/ed/mcsema-testing/llvm-test-suite/RunSafely.sh --show-errors -t "/home/ed/mcsema-testing/SANDBOX/test-2015-12-21_15-36-50/tools/timeit" 500 /dev/null Output/parse_settings.llvm.o.compile \
	  /usr/bin/clang -DVERSION='"1.00"' -DCOMPDATE="\"today\"" -DCFLAGS='""' -DHOSTNAME="\"thishost\""  -I/home/ed/mcsema-testing/SANDBOX/test-2015-12-21_15-36-50/MultiSource/Benchmarks/FreeBench/analyzer -I/home/ed/mcsema-testing/llvm-test-suite/MultiSource/Benchmarks/FreeBench/analyzer -I/home/ed/mcsema-testing/llvm-test-suite/include -I../../../../include -D_GNU_SOURCE -D__STDC_LIMIT_MACROS -DNDEBUG  -O3  -m64 -fomit-frame-pointer -c /home/ed/mcsema-testing/llvm-test-suite/MultiSource/Benchmarks/FreeBench/analyzer/parse_settings.c -o Output/parse_settings.llvm.o
/home/ed/mcsema-testing/llvm-test-suite/RunSafely.sh --show-errors -t "/home/ed/mcsema-testing/SANDBOX/test-2015-12-21_15-36-50/tools/timeit" 500 /dev/null Output/types.llvm.o.compile \
	  /usr/bin/clang -DVERSION='"1.00"' -DCOMPDATE="\"today\"" -DCFLAGS='""' -DHOSTNAME="\"thishost\""  -I/home/ed/mcsema-testing/SANDBOX/test-2015-12-21_15-36-50/MultiSource/Benchmarks/FreeBench/analyzer -I/home/ed/mcsema-testing/llvm-test-suite/MultiSource/Benchmarks/FreeBench/analyzer -I/home/ed/mcsema-testing/llvm-test-suite/include -I../../../../include -D_GNU_SOURCE -D__STDC_LIMIT_MACROS -DNDEBUG  -O3  -m64 -fomit-frame-pointer -c /home/ed/mcsema-testing/llvm-test-suite/MultiSource/Benchmarks/FreeBench/analyzer/types.c -o Output/types.llvm.o
/usr/bin/clang++ -o Output/analyzer.simple Output/analyzer.llvm.o Output/functs.llvm.o Output/help.llvm.o Output/parse_settings.llvm.o Output/types.llvm.o    -m64 -fomit-frame-pointer
/home/ed/mcsema-testing/llvm-test-suite/RunSafely.sh -t "/home/ed/mcsema-testing/SANDBOX/test-2015-12-21_15-36-50/tools/timeit-target" 500 /dev/null Output/analyzer.out-simple Output/analyzer.simple /home/ed/mcsema-testing/llvm-test-suite/MultiSource/Benchmarks/FreeBench/analyzer/test.in
cp Output/analyzer.simple Output/analyzer.simple-hash; \
	strip --remove-section=.comment --remove-section='.note*' Output/analyzer.simple-hash; \
	/home/ed/mcsema-testing/llvm-test-suite/HashProgramOutput.sh Output/analyzer.simple-hash
if [ -f "/home/ed/mcsema-testing/llvm-test-suite/MultiSource/Benchmarks/FreeBench/analyzer/analyzer.reference_output.little-endian." ]; then \
	  cp /home/ed/mcsema-testing/llvm-test-suite/MultiSource/Benchmarks/FreeBench/analyzer/analyzer.reference_output.little-endian. Output/analyzer.out-nat; \
	elif [ -f "/home/ed/mcsema-testing/llvm-test-suite/MultiSource/Benchmarks/FreeBench/analyzer/analyzer.reference_output." ]; then \
	  cp /home/ed/mcsema-testing/llvm-test-suite/MultiSource/Benchmarks/FreeBench/analyzer/analyzer.reference_output. Output/analyzer.out-nat; \
	elif [ -f "/home/ed/mcsema-testing/llvm-test-suite/MultiSource/Benchmarks/FreeBench/analyzer/analyzer.reference_output.little-endian" ]; then \
	  cp /home/ed/mcsema-testing/llvm-test-suite/MultiSource/Benchmarks/FreeBench/analyzer/analyzer.reference_output.little-endian Output/analyzer.out-nat; \
	elif [ -f "/home/ed/mcsema-testing/llvm-test-suite/MultiSource/Benchmarks/FreeBench/analyzer/analyzer.reference_output" ]; then \
	  cp /home/ed/mcsema-testing/llvm-test-suite/MultiSource/Benchmarks/FreeBench/analyzer/analyzer.reference_output Output/analyzer.out-nat; \
	else \
	  printf "WARNING: %s: %s\n" "NO REFERENCE OUTPUT (using default)" "/home/ed/mcsema-testing/llvm-test-suite/MultiSource/Benchmarks/FreeBench/analyzer/analyzer.reference_output" > Output/analyzer.out-nat; \
	  cp /home/ed/mcsema-testing/llvm-test-suite/default.reference_output Output/analyzer.out-nat; \
	  cat Output/analyzer.out-nat; \
	fi
# Pretend that the reference output was produced instantaneously.
cp /home/ed/mcsema-testing/llvm-test-suite/instant.txt Output/analyzer.out-nat.time
/home/ed/mcsema-testing/llvm-test-suite/DiffOutput.sh "/home/ed/mcsema-testing/SANDBOX/test-2015-12-21_15-36-50/tools/fpcmp " simple analyzer 
rm -f Output/analyzer.exe-simple
cp Output/analyzer.diff-simple Output/analyzer.exe-simple
if test -f Output/analyzer.extra-results.txt; then \
	  /home/ed/mcsema-testing/llvm-test-suite/ParseMultipleResults /home/ed/mcsema-testing/SANDBOX/test-2015-12-21_15-36-50/MultiSource/Benchmarks/FreeBench/analyzer/analyzer Output/analyzer.extra-results.txt >> Output/analyzer.simple.exec.report.txt; \
	fi
cat Output/analyzer.simple.compile.report.txt Output/analyzer.simple.exec.report.txt >> Output/analyzer.simple.report.txt
---------------------------------------------------------------
>>> ========= '/home/ed/mcsema-testing/SANDBOX/test-2015-12-21_15-36-50/MultiSource/Benchmarks/FreeBench/analyzer/analyzer' Program
---------------------------------------------------------------

TEST-PASS: compile /home/ed/mcsema-testing/SANDBOX/test-2015-12-21_15-36-50/MultiSource/Benchmarks/FreeBench/analyzer/analyzer
TEST-RESULT-compile-success: pass
TEST-RESULT-compile-hash: 8e3348fa8532b7d34acee92ddad30906
TEST-RESULT-compile-time: user 0.222600
TEST-RESULT-compile-real-time: real 0.298900

TEST-PASS: exec /home/ed/mcsema-testing/SANDBOX/test-2015-12-21_15-36-50/MultiSource/Benchmarks/FreeBench/analyzer/analyzer
TEST-RESULT-exec-success: pass
TEST-RESULT-exec-time: user       0.0568
TEST-RESULT-exec-real-time: real       0.0590
make[5]: Leaving directory `/home/ed/mcsema-testing/SANDBOX/test-2015-12-21_15-36-50/MultiSource/Benchmarks/FreeBench/analyzer'
make[5]: Entering directory `/home/ed/mcsema-testing/SANDBOX/test-2015-12-21_15-36-50/MultiSource/Benchmarks/FreeBench/fourinarow'
/home/ed/mcsema-testing/llvm-test-suite/RunSafely.sh --show-errors -t "/home/ed/mcsema-testing/SANDBOX/test-2015-12-21_15-36-50/tools/timeit" 500 /dev/null Output/fourinarow.llvm.o.compile \
	  /usr/bin/clang -DVERSION='"1.00"' -DCOMPDATE="\"today\"" -DCFLAGS='""' -DHOSTNAME="\"thishost\""  -I/home/ed/mcsema-testing/SANDBOX/test-2015-12-21_15-36-50/MultiSource/Benchmarks/FreeBench/fourinarow -I/home/ed/mcsema-testing/llvm-test-suite/MultiSource/Benchmarks/FreeBench/fourinarow -I/home/ed/mcsema-testing/llvm-test-suite/include -I../../../../include -D_GNU_SOURCE -D__STDC_LIMIT_MACROS -DNDEBUG  -O3  -m64 -fomit-frame-pointer -c /home/ed/mcsema-testing/llvm-test-suite/MultiSource/Benchmarks/FreeBench/fourinarow/fourinarow.c -o Output/fourinarow.llvm.o
/usr/bin/clang++ -o Output/fourinarow.simple Output/fourinarow.llvm.o    -m64 -fomit-frame-pointer
/home/ed/mcsema-testing/llvm-test-suite/RunSafely.sh -t "/home/ed/mcsema-testing/SANDBOX/test-2015-12-21_15-36-50/tools/timeit-target" 500 /dev/null Output/fourinarow.out-simple Output/fourinarow.simple /home/ed/mcsema-testing/llvm-test-suite/MultiSource/Benchmarks/FreeBench/fourinarow/test.in
cp Output/fourinarow.simple Output/fourinarow.simple-hash; \
	strip --remove-section=.comment --remove-section='.note*' Output/fourinarow.simple-hash; \
	/home/ed/mcsema-testing/llvm-test-suite/HashProgramOutput.sh Output/fourinarow.simple-hash
if [ -f "/home/ed/mcsema-testing/llvm-test-suite/MultiSource/Benchmarks/FreeBench/fourinarow/fourinarow.reference_output.little-endian." ]; then \
	  cp /home/ed/mcsema-testing/llvm-test-suite/MultiSource/Benchmarks/FreeBench/fourinarow/fourinarow.reference_output.little-endian. Output/fourinarow.out-nat; \
	elif [ -f "/home/ed/mcsema-testing/llvm-test-suite/MultiSource/Benchmarks/FreeBench/fourinarow/fourinarow.reference_output." ]; then \
	  cp /home/ed/mcsema-testing/llvm-test-suite/MultiSource/Benchmarks/FreeBench/fourinarow/fourinarow.reference_output. Output/fourinarow.out-nat; \
	elif [ -f "/home/ed/mcsema-testing/llvm-test-suite/MultiSource/Benchmarks/FreeBench/fourinarow/fourinarow.reference_output.little-endian" ]; then \
	  cp /home/ed/mcsema-testing/llvm-test-suite/MultiSource/Benchmarks/FreeBench/fourinarow/fourinarow.reference_output.little-endian Output/fourinarow.out-nat; \
	elif [ -f "/home/ed/mcsema-testing/llvm-test-suite/MultiSource/Benchmarks/FreeBench/fourinarow/fourinarow.reference_output" ]; then \
	  cp /home/ed/mcsema-testing/llvm-test-suite/MultiSource/Benchmarks/FreeBench/fourinarow/fourinarow.reference_output Output/fourinarow.out-nat; \
	else \
	  printf "WARNING: %s: %s\n" "NO REFERENCE OUTPUT (using default)" "/home/ed/mcsema-testing/llvm-test-suite/MultiSource/Benchmarks/FreeBench/fourinarow/fourinarow.reference_output" > Output/fourinarow.out-nat; \
	  cp /home/ed/mcsema-testing/llvm-test-suite/default.reference_output Output/fourinarow.out-nat; \
	  cat Output/fourinarow.out-nat; \
	fi
# Pretend that the reference output was produced instantaneously.
cp /home/ed/mcsema-testing/llvm-test-suite/instant.txt Output/fourinarow.out-nat.time
/home/ed/mcsema-testing/llvm-test-suite/DiffOutput.sh "/home/ed/mcsema-testing/SANDBOX/test-2015-12-21_15-36-50/tools/fpcmp " simple fourinarow 
rm -f Output/fourinarow.exe-simple
cp Output/fourinarow.diff-simple Output/fourinarow.exe-simple
if test -f Output/fourinarow.extra-results.txt; then \
	  /home/ed/mcsema-testing/llvm-test-suite/ParseMultipleResults /home/ed/mcsema-testing/SANDBOX/test-2015-12-21_15-36-50/MultiSource/Benchmarks/FreeBench/fourinarow/fourinarow Output/fourinarow.extra-results.txt >> Output/fourinarow.simple.exec.report.txt; \
	fi
cat Output/fourinarow.simple.compile.report.txt Output/fourinarow.simple.exec.report.txt >> Output/fourinarow.simple.report.txt
---------------------------------------------------------------
>>> ========= '/home/ed/mcsema-testing/SANDBOX/test-2015-12-21_15-36-50/MultiSource/Benchmarks/FreeBench/fourinarow/fourinarow' Program
---------------------------------------------------------------

TEST-PASS: compile /home/ed/mcsema-testing/SANDBOX/test-2015-12-21_15-36-50/MultiSource/Benchmarks/FreeBench/fourinarow/fourinarow
TEST-RESULT-compile-success: pass
TEST-RESULT-compile-hash: 9b0918358b0e7a58ba6d8b7ad8f86af2
TEST-RESULT-compile-time: user 0.151300
TEST-RESULT-compile-real-time: real 0.169800

TEST-PASS: exec /home/ed/mcsema-testing/SANDBOX/test-2015-12-21_15-36-50/MultiSource/Benchmarks/FreeBench/fourinarow/fourinarow
TEST-RESULT-exec-success: pass
TEST-RESULT-exec-time: user       0.2645
TEST-RESULT-exec-real-time: real       0.2658
make[5]: Leaving directory `/home/ed/mcsema-testing/SANDBOX/test-2015-12-21_15-36-50/MultiSource/Benchmarks/FreeBench/fourinarow'
make[5]: Entering directory `/home/ed/mcsema-testing/SANDBOX/test-2015-12-21_15-36-50/MultiSource/Benchmarks/FreeBench/neural'
/home/ed/mcsema-testing/llvm-test-suite/RunSafely.sh --show-errors -t "/home/ed/mcsema-testing/SANDBOX/test-2015-12-21_15-36-50/tools/timeit" 500 /dev/null Output/neural.llvm.o.compile \
	  /usr/bin/clang -DVERSION='"1.00"' -DCOMPDATE="\"today\"" -DCFLAGS='""' -DHOSTNAME="\"thishost\""  -I/home/ed/mcsema-testing/SANDBOX/test-2015-12-21_15-36-50/MultiSource/Benchmarks/FreeBench/neural -I/home/ed/mcsema-testing/llvm-test-suite/MultiSource/Benchmarks/FreeBench/neural -I/home/ed/mcsema-testing/llvm-test-suite/include -I../../../../include -D_GNU_SOURCE -D__STDC_LIMIT_MACROS -DNDEBUG  -O3  -m64 -fomit-frame-pointer -c /home/ed/mcsema-testing/llvm-test-suite/MultiSource/Benchmarks/FreeBench/neural/neural.c -o Output/neural.llvm.o
/usr/bin/clang++ -o Output/neural.simple Output/neural.llvm.o -lm   -m64 -fomit-frame-pointer
/home/ed/mcsema-testing/llvm-test-suite/RunSafely.sh -t "/home/ed/mcsema-testing/SANDBOX/test-2015-12-21_15-36-50/tools/timeit-target" 500 /dev/null Output/neural.out-simple Output/neural.simple /home/ed/mcsema-testing/llvm-test-suite/MultiSource/Benchmarks/FreeBench/neural/test.in
cp Output/neural.simple Output/neural.simple-hash; \
	strip --remove-section=.comment --remove-section='.note*' Output/neural.simple-hash; \
	/home/ed/mcsema-testing/llvm-test-suite/HashProgramOutput.sh Output/neural.simple-hash
if [ -f "/home/ed/mcsema-testing/llvm-test-suite/MultiSource/Benchmarks/FreeBench/neural/neural.reference_output.little-endian." ]; then \
	  cp /home/ed/mcsema-testing/llvm-test-suite/MultiSource/Benchmarks/FreeBench/neural/neural.reference_output.little-endian. Output/neural.out-nat; \
	elif [ -f "/home/ed/mcsema-testing/llvm-test-suite/MultiSource/Benchmarks/FreeBench/neural/neural.reference_output." ]; then \
	  cp /home/ed/mcsema-testing/llvm-test-suite/MultiSource/Benchmarks/FreeBench/neural/neural.reference_output. Output/neural.out-nat; \
	elif [ -f "/home/ed/mcsema-testing/llvm-test-suite/MultiSource/Benchmarks/FreeBench/neural/neural.reference_output.little-endian" ]; then \
	  cp /home/ed/mcsema-testing/llvm-test-suite/MultiSource/Benchmarks/FreeBench/neural/neural.reference_output.little-endian Output/neural.out-nat; \
	elif [ -f "/home/ed/mcsema-testing/llvm-test-suite/MultiSource/Benchmarks/FreeBench/neural/neural.reference_output" ]; then \
	  cp /home/ed/mcsema-testing/llvm-test-suite/MultiSource/Benchmarks/FreeBench/neural/neural.reference_output Output/neural.out-nat; \
	else \
	  printf "WARNING: %s: %s\n" "NO REFERENCE OUTPUT (using default)" "/home/ed/mcsema-testing/llvm-test-suite/MultiSource/Benchmarks/FreeBench/neural/neural.reference_output" > Output/neural.out-nat; \
	  cp /home/ed/mcsema-testing/llvm-test-suite/default.reference_output Output/neural.out-nat; \
	  cat Output/neural.out-nat; \
	fi
# Pretend that the reference output was produced instantaneously.
cp /home/ed/mcsema-testing/llvm-test-suite/instant.txt Output/neural.out-nat.time
/home/ed/mcsema-testing/llvm-test-suite/DiffOutput.sh "/home/ed/mcsema-testing/SANDBOX/test-2015-12-21_15-36-50/tools/fpcmp " simple neural 
rm -f Output/neural.exe-simple
cp Output/neural.diff-simple Output/neural.exe-simple
if test -f Output/neural.extra-results.txt; then \
	  /home/ed/mcsema-testing/llvm-test-suite/ParseMultipleResults /home/ed/mcsema-testing/SANDBOX/test-2015-12-21_15-36-50/MultiSource/Benchmarks/FreeBench/neural/neural Output/neural.extra-results.txt >> Output/neural.simple.exec.report.txt; \
	fi
cat Output/neural.simple.compile.report.txt Output/neural.simple.exec.report.txt >> Output/neural.simple.report.txt
---------------------------------------------------------------
>>> ========= '/home/ed/mcsema-testing/SANDBOX/test-2015-12-21_15-36-50/MultiSource/Benchmarks/FreeBench/neural/neural' Program
---------------------------------------------------------------

TEST-PASS: compile /home/ed/mcsema-testing/SANDBOX/test-2015-12-21_15-36-50/MultiSource/Benchmarks/FreeBench/neural/neural
TEST-RESULT-compile-success: pass
TEST-RESULT-compile-hash: c274f98f7f366965ea4bd24b4ae32502
TEST-RESULT-compile-time: user 0.118000
TEST-RESULT-compile-real-time: real 0.136700

TEST-PASS: exec /home/ed/mcsema-testing/SANDBOX/test-2015-12-21_15-36-50/MultiSource/Benchmarks/FreeBench/neural/neural
TEST-RESULT-exec-success: pass
TEST-RESULT-exec-time: user       0.2129
TEST-RESULT-exec-real-time: real       0.2153
make[5]: Leaving directory `/home/ed/mcsema-testing/SANDBOX/test-2015-12-21_15-36-50/MultiSource/Benchmarks/FreeBench/neural'
make[5]: Entering directory `/home/ed/mcsema-testing/SANDBOX/test-2015-12-21_15-36-50/MultiSource/Benchmarks/FreeBench/pifft'
/home/ed/mcsema-testing/llvm-test-suite/RunSafely.sh --show-errors -t "/home/ed/mcsema-testing/SANDBOX/test-2015-12-21_15-36-50/tools/timeit" 500 /dev/null Output/fftsg.llvm.o.compile \
	  /usr/bin/clang -DVERSION='"1.00"' -DCOMPDATE="\"today\"" -DCFLAGS='""' -DHOSTNAME="\"thishost\""  -I/home/ed/mcsema-testing/SANDBOX/test-2015-12-21_15-36-50/MultiSource/Benchmarks/FreeBench/pifft -I/home/ed/mcsema-testing/llvm-test-suite/MultiSource/Benchmarks/FreeBench/pifft -I/home/ed/mcsema-testing/llvm-test-suite/include -I../../../../include -D_GNU_SOURCE -D__STDC_LIMIT_MACROS -DNDEBUG  -O3  -m64 -fomit-frame-pointer -c /home/ed/mcsema-testing/llvm-test-suite/MultiSource/Benchmarks/FreeBench/pifft/fftsg.c -o Output/fftsg.llvm.o
/home/ed/mcsema-testing/llvm-test-suite/RunSafely.sh --show-errors -t "/home/ed/mcsema-testing/SANDBOX/test-2015-12-21_15-36-50/tools/timeit" 500 /dev/null Output/pifft.llvm.o.compile \
	  /usr/bin/clang -DVERSION='"1.00"' -DCOMPDATE="\"today\"" -DCFLAGS='""' -DHOSTNAME="\"thishost\""  -I/home/ed/mcsema-testing/SANDBOX/test-2015-12-21_15-36-50/MultiSource/Benchmarks/FreeBench/pifft -I/home/ed/mcsema-testing/llvm-test-suite/MultiSource/Benchmarks/FreeBench/pifft -I/home/ed/mcsema-testing/llvm-test-suite/include -I../../../../include -D_GNU_SOURCE -D__STDC_LIMIT_MACROS -DNDEBUG  -O3  -m64 -fomit-frame-pointer -c /home/ed/mcsema-testing/llvm-test-suite/MultiSource/Benchmarks/FreeBench/pifft/pifft.c -o Output/pifft.llvm.o
/usr/bin/clang++ -o Output/pifft.simple Output/fftsg.llvm.o Output/pifft.llvm.o -lm   -m64 -fomit-frame-pointer
/home/ed/mcsema-testing/llvm-test-suite/RunSafely.sh -t "/home/ed/mcsema-testing/SANDBOX/test-2015-12-21_15-36-50/tools/timeit-target" 500 /dev/null Output/pifft.out-simple Output/pifft.simple /home/ed/mcsema-testing/llvm-test-suite/MultiSource/Benchmarks/FreeBench/pifft/test.in
cp Output/pifft.simple Output/pifft.simple-hash; \
	strip --remove-section=.comment --remove-section='.note*' Output/pifft.simple-hash; \
	/home/ed/mcsema-testing/llvm-test-suite/HashProgramOutput.sh Output/pifft.simple-hash
if [ -f "/home/ed/mcsema-testing/llvm-test-suite/MultiSource/Benchmarks/FreeBench/pifft/pifft.reference_output.little-endian." ]; then \
	  cp /home/ed/mcsema-testing/llvm-test-suite/MultiSource/Benchmarks/FreeBench/pifft/pifft.reference_output.little-endian. Output/pifft.out-nat; \
	elif [ -f "/home/ed/mcsema-testing/llvm-test-suite/MultiSource/Benchmarks/FreeBench/pifft/pifft.reference_output." ]; then \
	  cp /home/ed/mcsema-testing/llvm-test-suite/MultiSource/Benchmarks/FreeBench/pifft/pifft.reference_output. Output/pifft.out-nat; \
	elif [ -f "/home/ed/mcsema-testing/llvm-test-suite/MultiSource/Benchmarks/FreeBench/pifft/pifft.reference_output.little-endian" ]; then \
	  cp /home/ed/mcsema-testing/llvm-test-suite/MultiSource/Benchmarks/FreeBench/pifft/pifft.reference_output.little-endian Output/pifft.out-nat; \
	elif [ -f "/home/ed/mcsema-testing/llvm-test-suite/MultiSource/Benchmarks/FreeBench/pifft/pifft.reference_output" ]; then \
	  cp /home/ed/mcsema-testing/llvm-test-suite/MultiSource/Benchmarks/FreeBench/pifft/pifft.reference_output Output/pifft.out-nat; \
	else \
	  printf "WARNING: %s: %s\n" "NO REFERENCE OUTPUT (using default)" "/home/ed/mcsema-testing/llvm-test-suite/MultiSource/Benchmarks/FreeBench/pifft/pifft.reference_output" > Output/pifft.out-nat; \
	  cp /home/ed/mcsema-testing/llvm-test-suite/default.reference_output Output/pifft.out-nat; \
	  cat Output/pifft.out-nat; \
	fi
# Pretend that the reference output was produced instantaneously.
cp /home/ed/mcsema-testing/llvm-test-suite/instant.txt Output/pifft.out-nat.time
/home/ed/mcsema-testing/llvm-test-suite/DiffOutput.sh "/home/ed/mcsema-testing/SANDBOX/test-2015-12-21_15-36-50/tools/fpcmp " simple pifft 
rm -f Output/pifft.exe-simple
cp Output/pifft.diff-simple Output/pifft.exe-simple
if test -f Output/pifft.extra-results.txt; then \
	  /home/ed/mcsema-testing/llvm-test-suite/ParseMultipleResults /home/ed/mcsema-testing/SANDBOX/test-2015-12-21_15-36-50/MultiSource/Benchmarks/FreeBench/pifft/pifft Output/pifft.extra-results.txt >> Output/pifft.simple.exec.report.txt; \
	fi
cat Output/pifft.simple.compile.report.txt Output/pifft.simple.exec.report.txt >> Output/pifft.simple.report.txt
---------------------------------------------------------------
>>> ========= '/home/ed/mcsema-testing/SANDBOX/test-2015-12-21_15-36-50/MultiSource/Benchmarks/FreeBench/pifft/pifft' Program
---------------------------------------------------------------

TEST-PASS: compile /home/ed/mcsema-testing/SANDBOX/test-2015-12-21_15-36-50/MultiSource/Benchmarks/FreeBench/pifft/pifft
TEST-RESULT-compile-success: pass
TEST-RESULT-compile-hash: 61b236a6049561a0a80e7b64d3b9fd53
TEST-RESULT-compile-time: user 0.624500
TEST-RESULT-compile-real-time: real 0.665600

TEST-PASS: exec /home/ed/mcsema-testing/SANDBOX/test-2015-12-21_15-36-50/MultiSource/Benchmarks/FreeBench/pifft/pifft
TEST-RESULT-exec-success: pass
TEST-RESULT-exec-time: user       0.0815
TEST-RESULT-exec-real-time: real       0.0836
make[5]: Leaving directory `/home/ed/mcsema-testing/SANDBOX/test-2015-12-21_15-36-50/MultiSource/Benchmarks/FreeBench/pifft'
make[4]: Leaving directory `/home/ed/mcsema-testing/SANDBOX/test-2015-12-21_15-36-50/MultiSource/Benchmarks/FreeBench'
make[4]: Entering directory `/home/ed/mcsema-testing/SANDBOX/test-2015-12-21_15-36-50/MultiSource/Benchmarks/MallocBench'
make[5]: Entering directory `/home/ed/mcsema-testing/SANDBOX/test-2015-12-21_15-36-50/MultiSource/Benchmarks/MallocBench/cfrac'
/home/ed/mcsema-testing/llvm-test-suite/RunSafely.sh --show-errors -t "/home/ed/mcsema-testing/SANDBOX/test-2015-12-21_15-36-50/tools/timeit" 500 /dev/null Output/atop.llvm.o.compile \
	  /usr/bin/clang -DNOMEMOPT -I/home/ed/mcsema-testing/SANDBOX/test-2015-12-21_15-36-50/MultiSource/Benchmarks/MallocBench/cfrac -I/home/ed/mcsema-testing/llvm-test-suite/MultiSource/Benchmarks/MallocBench/cfrac -I/home/ed/mcsema-testing/llvm-test-suite/include -I../../../../include -D_GNU_SOURCE -D__STDC_LIMIT_MACROS -DNDEBUG  -O3  -m64 -fomit-frame-pointer -c /home/ed/mcsema-testing/llvm-test-suite/MultiSource/Benchmarks/MallocBench/cfrac/atop.c -o Output/atop.llvm.o
/home/ed/mcsema-testing/llvm-test-suite/RunSafely.sh --show-errors -t "/home/ed/mcsema-testing/SANDBOX/test-2015-12-21_15-36-50/tools/timeit" 500 /dev/null Output/cfrac.llvm.o.compile \
	  /usr/bin/clang -DNOMEMOPT -I/home/ed/mcsema-testing/SANDBOX/test-2015-12-21_15-36-50/MultiSource/Benchmarks/MallocBench/cfrac -I/home/ed/mcsema-testing/llvm-test-suite/MultiSource/Benchmarks/MallocBench/cfrac -I/home/ed/mcsema-testing/llvm-test-suite/include -I../../../../include -D_GNU_SOURCE -D__STDC_LIMIT_MACROS -DNDEBUG  -O3  -m64 -fomit-frame-pointer -c /home/ed/mcsema-testing/llvm-test-suite/MultiSource/Benchmarks/MallocBench/cfrac/cfrac.c -o Output/cfrac.llvm.o
/home/ed/mcsema-testing/llvm-test-suite/RunSafely.sh --show-errors -t "/home/ed/mcsema-testing/SANDBOX/test-2015-12-21_15-36-50/tools/timeit" 500 /dev/null Output/errorp.llvm.o.compile \
	  /usr/bin/clang -DNOMEMOPT -I/home/ed/mcsema-testing/SANDBOX/test-2015-12-21_15-36-50/MultiSource/Benchmarks/MallocBench/cfrac -I/home/ed/mcsema-testing/llvm-test-suite/MultiSource/Benchmarks/MallocBench/cfrac -I/home/ed/mcsema-testing/llvm-test-suite/include -I../../../../include -D_GNU_SOURCE -D__STDC_LIMIT_MACROS -DNDEBUG  -O3  -m64 -fomit-frame-pointer -c /home/ed/mcsema-testing/llvm-test-suite/MultiSource/Benchmarks/MallocBench/cfrac/errorp.c -o Output/errorp.llvm.o
/home/ed/mcsema-testing/llvm-test-suite/RunSafely.sh --show-errors -t "/home/ed/mcsema-testing/SANDBOX/test-2015-12-21_15-36-50/tools/timeit" 500 /dev/null Output/itop.llvm.o.compile \
	  /usr/bin/clang -DNOMEMOPT -I/home/ed/mcsema-testing/SANDBOX/test-2015-12-21_15-36-50/MultiSource/Benchmarks/MallocBench/cfrac -I/home/ed/mcsema-testing/llvm-test-suite/MultiSource/Benchmarks/MallocBench/cfrac -I/home/ed/mcsema-testing/llvm-test-suite/include -I../../../../include -D_GNU_SOURCE -D__STDC_LIMIT_MACROS -DNDEBUG  -O3  -m64 -fomit-frame-pointer -c /home/ed/mcsema-testing/llvm-test-suite/MultiSource/Benchmarks/MallocBench/cfrac/itop.c -o Output/itop.llvm.o
/home/ed/mcsema-testing/llvm-test-suite/RunSafely.sh --show-errors -t "/home/ed/mcsema-testing/SANDBOX/test-2015-12-21_15-36-50/tools/timeit" 500 /dev/null Output/pabs.llvm.o.compile \
	  /usr/bin/clang -DNOMEMOPT -I/home/ed/mcsema-testing/SANDBOX/test-2015-12-21_15-36-50/MultiSource/Benchmarks/MallocBench/cfrac -I/home/ed/mcsema-testing/llvm-test-suite/MultiSource/Benchmarks/MallocBench/cfrac -I/home/ed/mcsema-testing/llvm-test-suite/include -I../../../../include -D_GNU_SOURCE -D__STDC_LIMIT_MACROS -DNDEBUG  -O3  -m64 -fomit-frame-pointer -c /home/ed/mcsema-testing/llvm-test-suite/MultiSource/Benchmarks/MallocBench/cfrac/pabs.c -o Output/pabs.llvm.o
/home/ed/mcsema-testing/llvm-test-suite/RunSafely.sh --show-errors -t "/home/ed/mcsema-testing/SANDBOX/test-2015-12-21_15-36-50/tools/timeit" 500 /dev/null Output/padd.llvm.o.compile \
	  /usr/bin/clang -DNOMEMOPT -I/home/ed/mcsema-testing/SANDBOX/test-2015-12-21_15-36-50/MultiSource/Benchmarks/MallocBench/cfrac -I/home/ed/mcsema-testing/llvm-test-suite/MultiSource/Benchmarks/MallocBench/cfrac -I/home/ed/mcsema-testing/llvm-test-suite/include -I../../../../include -D_GNU_SOURCE -D__STDC_LIMIT_MACROS -DNDEBUG  -O3  -m64 -fomit-frame-pointer -c /home/ed/mcsema-testing/llvm-test-suite/MultiSource/Benchmarks/MallocBench/cfrac/padd.c -o Output/padd.llvm.o
/home/ed/mcsema-testing/llvm-test-suite/RunSafely.sh --show-errors -t "/home/ed/mcsema-testing/SANDBOX/test-2015-12-21_15-36-50/tools/timeit" 500 /dev/null Output/pcfrac.llvm.o.compile \
	  /usr/bin/clang -DNOMEMOPT -I/home/ed/mcsema-testing/SANDBOX/test-2015-12-21_15-36-50/MultiSource/Benchmarks/MallocBench/cfrac -I/home/ed/mcsema-testing/llvm-test-suite/MultiSource/Benchmarks/MallocBench/cfrac -I/home/ed/mcsema-testing/llvm-test-suite/include -I../../../../include -D_GNU_SOURCE -D__STDC_LIMIT_MACROS -DNDEBUG  -O3  -m64 -fomit-frame-pointer -c /home/ed/mcsema-testing/llvm-test-suite/MultiSource/Benchmarks/MallocBench/cfrac/pcfrac.c -o Output/pcfrac.llvm.o
/home/ed/mcsema-testing/llvm-test-suite/RunSafely.sh --show-errors -t "/home/ed/mcsema-testing/SANDBOX/test-2015-12-21_15-36-50/tools/timeit" 500 /dev/null Output/pcmp.llvm.o.compile \
	  /usr/bin/clang -DNOMEMOPT -I/home/ed/mcsema-testing/SANDBOX/test-2015-12-21_15-36-50/MultiSource/Benchmarks/MallocBench/cfrac -I/home/ed/mcsema-testing/llvm-test-suite/MultiSource/Benchmarks/MallocBench/cfrac -I/home/ed/mcsema-testing/llvm-test-suite/include -I../../../../include -D_GNU_SOURCE -D__STDC_LIMIT_MACROS -DNDEBUG  -O3  -m64 -fomit-frame-pointer -c /home/ed/mcsema-testing/llvm-test-suite/MultiSource/Benchmarks/MallocBench/cfrac/pcmp.c -o Output/pcmp.llvm.o
/home/ed/mcsema-testing/llvm-test-suite/RunSafely.sh --show-errors -t "/home/ed/mcsema-testing/SANDBOX/test-2015-12-21_15-36-50/tools/timeit" 500 /dev/null Output/pconst.llvm.o.compile \
	  /usr/bin/clang -DNOMEMOPT -I/home/ed/mcsema-testing/SANDBOX/test-2015-12-21_15-36-50/MultiSource/Benchmarks/MallocBench/cfrac -I/home/ed/mcsema-testing/llvm-test-suite/MultiSource/Benchmarks/MallocBench/cfrac -I/home/ed/mcsema-testing/llvm-test-suite/include -I../../../../include -D_GNU_SOURCE -D__STDC_LIMIT_MACROS -DNDEBUG  -O3  -m64 -fomit-frame-pointer -c /home/ed/mcsema-testing/llvm-test-suite/MultiSource/Benchmarks/MallocBench/cfrac/pconst.c -o Output/pconst.llvm.o
/home/ed/mcsema-testing/llvm-test-suite/RunSafely.sh --show-errors -t "/home/ed/mcsema-testing/SANDBOX/test-2015-12-21_15-36-50/tools/timeit" 500 /dev/null Output/pdivmod.llvm.o.compile \
	  /usr/bin/clang -DNOMEMOPT -I/home/ed/mcsema-testing/SANDBOX/test-2015-12-21_15-36-50/MultiSource/Benchmarks/MallocBench/cfrac -I/home/ed/mcsema-testing/llvm-test-suite/MultiSource/Benchmarks/MallocBench/cfrac -I/home/ed/mcsema-testing/llvm-test-suite/include -I../../../../include -D_GNU_SOURCE -D__STDC_LIMIT_MACROS -DNDEBUG  -O3  -m64 -fomit-frame-pointer -c /home/ed/mcsema-testing/llvm-test-suite/MultiSource/Benchmarks/MallocBench/cfrac/pdivmod.c -o Output/pdivmod.llvm.o
/home/ed/mcsema-testing/llvm-test-suite/RunSafely.sh --show-errors -t "/home/ed/mcsema-testing/SANDBOX/test-2015-12-21_15-36-50/tools/timeit" 500 /dev/null Output/pfloat.llvm.o.compile \
	  /usr/bin/clang -DNOMEMOPT -I/home/ed/mcsema-testing/SANDBOX/test-2015-12-21_15-36-50/MultiSource/Benchmarks/MallocBench/cfrac -I/home/ed/mcsema-testing/llvm-test-suite/MultiSource/Benchmarks/MallocBench/cfrac -I/home/ed/mcsema-testing/llvm-test-suite/include -I../../../../include -D_GNU_SOURCE -D__STDC_LIMIT_MACROS -DNDEBUG  -O3  -m64 -fomit-frame-pointer -c /home/ed/mcsema-testing/llvm-test-suite/MultiSource/Benchmarks/MallocBench/cfrac/pfloat.c -o Output/pfloat.llvm.o
/home/ed/mcsema-testing/llvm-test-suite/RunSafely.sh --show-errors -t "/home/ed/mcsema-testing/SANDBOX/test-2015-12-21_15-36-50/tools/timeit" 500 /dev/null Output/pgcd.llvm.o.compile \
	  /usr/bin/clang -DNOMEMOPT -I/home/ed/mcsema-testing/SANDBOX/test-2015-12-21_15-36-50/MultiSource/Benchmarks/MallocBench/cfrac -I/home/ed/mcsema-testing/llvm-test-suite/MultiSource/Benchmarks/MallocBench/cfrac -I/home/ed/mcsema-testing/llvm-test-suite/include -I../../../../include -D_GNU_SOURCE -D__STDC_LIMIT_MACROS -DNDEBUG  -O3  -m64 -fomit-frame-pointer -c /home/ed/mcsema-testing/llvm-test-suite/MultiSource/Benchmarks/MallocBench/cfrac/pgcd.c -o Output/pgcd.llvm.o
/home/ed/mcsema-testing/llvm-test-suite/RunSafely.sh --show-errors -t "/home/ed/mcsema-testing/SANDBOX/test-2015-12-21_15-36-50/tools/timeit" 500 /dev/null Output/phalf.llvm.o.compile \
	  /usr/bin/clang -DNOMEMOPT -I/home/ed/mcsema-testing/SANDBOX/test-2015-12-21_15-36-50/MultiSource/Benchmarks/MallocBench/cfrac -I/home/ed/mcsema-testing/llvm-test-suite/MultiSource/Benchmarks/MallocBench/cfrac -I/home/ed/mcsema-testing/llvm-test-suite/include -I../../../../include -D_GNU_SOURCE -D__STDC_LIMIT_MACROS -DNDEBUG  -O3  -m64 -fomit-frame-pointer -c /home/ed/mcsema-testing/llvm-test-suite/MultiSource/Benchmarks/MallocBench/cfrac/phalf.c -o Output/phalf.llvm.o
/home/ed/mcsema-testing/llvm-test-suite/RunSafely.sh --show-errors -t "/home/ed/mcsema-testing/SANDBOX/test-2015-12-21_15-36-50/tools/timeit" 500 /dev/null Output/picmp.llvm.o.compile \
	  /usr/bin/clang -DNOMEMOPT -I/home/ed/mcsema-testing/SANDBOX/test-2015-12-21_15-36-50/MultiSource/Benchmarks/MallocBench/cfrac -I/home/ed/mcsema-testing/llvm-test-suite/MultiSource/Benchmarks/MallocBench/cfrac -I/home/ed/mcsema-testing/llvm-test-suite/include -I../../../../include -D_GNU_SOURCE -D__STDC_LIMIT_MACROS -DNDEBUG  -O3  -m64 -fomit-frame-pointer -c /home/ed/mcsema-testing/llvm-test-suite/MultiSource/Benchmarks/MallocBench/cfrac/picmp.c -o Output/picmp.llvm.o
/home/ed/mcsema-testing/llvm-test-suite/RunSafely.sh --show-errors -t "/home/ed/mcsema-testing/SANDBOX/test-2015-12-21_15-36-50/tools/timeit" 500 /dev/null Output/pidiv.llvm.o.compile \
	  /usr/bin/clang -DNOMEMOPT -I/home/ed/mcsema-testing/SANDBOX/test-2015-12-21_15-36-50/MultiSource/Benchmarks/MallocBench/cfrac -I/home/ed/mcsema-testing/llvm-test-suite/MultiSource/Benchmarks/MallocBench/cfrac -I/home/ed/mcsema-testing/llvm-test-suite/include -I../../../../include -D_GNU_SOURCE -D__STDC_LIMIT_MACROS -DNDEBUG  -O3  -m64 -fomit-frame-pointer -c /home/ed/mcsema-testing/llvm-test-suite/MultiSource/Benchmarks/MallocBench/cfrac/pidiv.c -o Output/pidiv.llvm.o
/home/ed/mcsema-testing/llvm-test-suite/RunSafely.sh --show-errors -t "/home/ed/mcsema-testing/SANDBOX/test-2015-12-21_15-36-50/tools/timeit" 500 /dev/null Output/pimod.llvm.o.compile \
	  /usr/bin/clang -DNOMEMOPT -I/home/ed/mcsema-testing/SANDBOX/test-2015-12-21_15-36-50/MultiSource/Benchmarks/MallocBench/cfrac -I/home/ed/mcsema-testing/llvm-test-suite/MultiSource/Benchmarks/MallocBench/cfrac -I/home/ed/mcsema-testing/llvm-test-suite/include -I../../../../include -D_GNU_SOURCE -D__STDC_LIMIT_MACROS -DNDEBUG  -O3  -m64 -fomit-frame-pointer -c /home/ed/mcsema-testing/llvm-test-suite/MultiSource/Benchmarks/MallocBench/cfrac/pimod.c -o Output/pimod.llvm.o
/home/ed/mcsema-testing/llvm-test-suite/RunSafely.sh --show-errors -t "/home/ed/mcsema-testing/SANDBOX/test-2015-12-21_15-36-50/tools/timeit" 500 /dev/null Output/pio.llvm.o.compile \
	  /usr/bin/clang -DNOMEMOPT -I/home/ed/mcsema-testing/SANDBOX/test-2015-12-21_15-36-50/MultiSource/Benchmarks/MallocBench/cfrac -I/home/ed/mcsema-testing/llvm-test-suite/MultiSource/Benchmarks/MallocBench/cfrac -I/home/ed/mcsema-testing/llvm-test-suite/include -I../../../../include -D_GNU_SOURCE -D__STDC_LIMIT_MACROS -DNDEBUG  -O3  -m64 -fomit-frame-pointer -c /home/ed/mcsema-testing/llvm-test-suite/MultiSource/Benchmarks/MallocBench/cfrac/pio.c -o Output/pio.llvm.o
/home/ed/mcsema-testing/llvm-test-suite/RunSafely.sh --show-errors -t "/home/ed/mcsema-testing/SANDBOX/test-2015-12-21_15-36-50/tools/timeit" 500 /dev/null Output/pmul.llvm.o.compile \
	  /usr/bin/clang -DNOMEMOPT -I/home/ed/mcsema-testing/SANDBOX/test-2015-12-21_15-36-50/MultiSource/Benchmarks/MallocBench/cfrac -I/home/ed/mcsema-testing/llvm-test-suite/MultiSource/Benchmarks/MallocBench/cfrac -I/home/ed/mcsema-testing/llvm-test-suite/include -I../../../../include -D_GNU_SOURCE -D__STDC_LIMIT_MACROS -DNDEBUG  -O3  -m64 -fomit-frame-pointer -c /home/ed/mcsema-testing/llvm-test-suite/MultiSource/Benchmarks/MallocBench/cfrac/pmul.c -o Output/pmul.llvm.o
/home/ed/mcsema-testing/llvm-test-suite/RunSafely.sh --show-errors -t "/home/ed/mcsema-testing/SANDBOX/test-2015-12-21_15-36-50/tools/timeit" 500 /dev/null Output/pneg.llvm.o.compile \
	  /usr/bin/clang -DNOMEMOPT -I/home/ed/mcsema-testing/SANDBOX/test-2015-12-21_15-36-50/MultiSource/Benchmarks/MallocBench/cfrac -I/home/ed/mcsema-testing/llvm-test-suite/MultiSource/Benchmarks/MallocBench/cfrac -I/home/ed/mcsema-testing/llvm-test-suite/include -I../../../../include -D_GNU_SOURCE -D__STDC_LIMIT_MACROS -DNDEBUG  -O3  -m64 -fomit-frame-pointer -c /home/ed/mcsema-testing/llvm-test-suite/MultiSource/Benchmarks/MallocBench/cfrac/pneg.c -o Output/pneg.llvm.o
/home/ed/mcsema-testing/llvm-test-suite/RunSafely.sh --show-errors -t "/home/ed/mcsema-testing/SANDBOX/test-2015-12-21_15-36-50/tools/timeit" 500 /dev/null Output/podd.llvm.o.compile \
	  /usr/bin/clang -DNOMEMOPT -I/home/ed/mcsema-testing/SANDBOX/test-2015-12-21_15-36-50/MultiSource/Benchmarks/MallocBench/cfrac -I/home/ed/mcsema-testing/llvm-test-suite/MultiSource/Benchmarks/MallocBench/cfrac -I/home/ed/mcsema-testing/llvm-test-suite/include -I../../../../include -D_GNU_SOURCE -D__STDC_LIMIT_MACROS -DNDEBUG  -O3  -m64 -fomit-frame-pointer -c /home/ed/mcsema-testing/llvm-test-suite/MultiSource/Benchmarks/MallocBench/cfrac/podd.c -o Output/podd.llvm.o
/home/ed/mcsema-testing/llvm-test-suite/RunSafely.sh --show-errors -t "/home/ed/mcsema-testing/SANDBOX/test-2015-12-21_15-36-50/tools/timeit" 500 /dev/null Output/pops.llvm.o.compile \
	  /usr/bin/clang -DNOMEMOPT -I/home/ed/mcsema-testing/SANDBOX/test-2015-12-21_15-36-50/MultiSource/Benchmarks/MallocBench/cfrac -I/home/ed/mcsema-testing/llvm-test-suite/MultiSource/Benchmarks/MallocBench/cfrac -I/home/ed/mcsema-testing/llvm-test-suite/include -I../../../../include -D_GNU_SOURCE -D__STDC_LIMIT_MACROS -DNDEBUG  -O3  -m64 -fomit-frame-pointer -c /home/ed/mcsema-testing/llvm-test-suite/MultiSource/Benchmarks/MallocBench/cfrac/pops.c -o Output/pops.llvm.o
/home/ed/mcsema-testing/llvm-test-suite/RunSafely.sh --show-errors -t "/home/ed/mcsema-testing/SANDBOX/test-2015-12-21_15-36-50/tools/timeit" 500 /dev/null Output/ppowmod.llvm.o.compile \
	  /usr/bin/clang -DNOMEMOPT -I/home/ed/mcsema-testing/SANDBOX/test-2015-12-21_15-36-50/MultiSource/Benchmarks/MallocBench/cfrac -I/home/ed/mcsema-testing/llvm-test-suite/MultiSource/Benchmarks/MallocBench/cfrac -I/home/ed/mcsema-testing/llvm-test-suite/include -I../../../../include -D_GNU_SOURCE -D__STDC_LIMIT_MACROS -DNDEBUG  -O3  -m64 -fomit-frame-pointer -c /home/ed/mcsema-testing/llvm-test-suite/MultiSource/Benchmarks/MallocBench/cfrac/ppowmod.c -o Output/ppowmod.llvm.o
/home/ed/mcsema-testing/llvm-test-suite/RunSafely.sh --show-errors -t "/home/ed/mcsema-testing/SANDBOX/test-2015-12-21_15-36-50/tools/timeit" 500 /dev/null Output/primes.llvm.o.compile \
	  /usr/bin/clang -DNOMEMOPT -I/home/ed/mcsema-testing/SANDBOX/test-2015-12-21_15-36-50/MultiSource/Benchmarks/MallocBench/cfrac -I/home/ed/mcsema-testing/llvm-test-suite/MultiSource/Benchmarks/MallocBench/cfrac -I/home/ed/mcsema-testing/llvm-test-suite/include -I../../../../include -D_GNU_SOURCE -D__STDC_LIMIT_MACROS -DNDEBUG  -O3  -m64 -fomit-frame-pointer -c /home/ed/mcsema-testing/llvm-test-suite/MultiSource/Benchmarks/MallocBench/cfrac/primes.c -o Output/primes.llvm.o
/home/ed/mcsema-testing/llvm-test-suite/RunSafely.sh --show-errors -t "/home/ed/mcsema-testing/SANDBOX/test-2015-12-21_15-36-50/tools/timeit" 500 /dev/null Output/psqrt.llvm.o.compile \
	  /usr/bin/clang -DNOMEMOPT -I/home/ed/mcsema-testing/SANDBOX/test-2015-12-21_15-36-50/MultiSource/Benchmarks/MallocBench/cfrac -I/home/ed/mcsema-testing/llvm-test-suite/MultiSource/Benchmarks/MallocBench/cfrac -I/home/ed/mcsema-testing/llvm-test-suite/include -I../../../../include -D_GNU_SOURCE -D__STDC_LIMIT_MACROS -DNDEBUG  -O3  -m64 -fomit-frame-pointer -c /home/ed/mcsema-testing/llvm-test-suite/MultiSource/Benchmarks/MallocBench/cfrac/psqrt.c -o Output/psqrt.llvm.o
/home/ed/mcsema-testing/llvm-test-suite/RunSafely.sh --show-errors -t "/home/ed/mcsema-testing/SANDBOX/test-2015-12-21_15-36-50/tools/timeit" 500 /dev/null Output/psub.llvm.o.compile \
	  /usr/bin/clang -DNOMEMOPT -I/home/ed/mcsema-testing/SANDBOX/test-2015-12-21_15-36-50/MultiSource/Benchmarks/MallocBench/cfrac -I/home/ed/mcsema-testing/llvm-test-suite/MultiSource/Benchmarks/MallocBench/cfrac -I/home/ed/mcsema-testing/llvm-test-suite/include -I../../../../include -D_GNU_SOURCE -D__STDC_LIMIT_MACROS -DNDEBUG  -O3  -m64 -fomit-frame-pointer -c /home/ed/mcsema-testing/llvm-test-suite/MultiSource/Benchmarks/MallocBench/cfrac/psub.c -o Output/psub.llvm.o
/home/ed/mcsema-testing/llvm-test-suite/RunSafely.sh --show-errors -t "/home/ed/mcsema-testing/SANDBOX/test-2015-12-21_15-36-50/tools/timeit" 500 /dev/null Output/ptoa.llvm.o.compile \
	  /usr/bin/clang -DNOMEMOPT -I/home/ed/mcsema-testing/SANDBOX/test-2015-12-21_15-36-50/MultiSource/Benchmarks/MallocBench/cfrac -I/home/ed/mcsema-testing/llvm-test-suite/MultiSource/Benchmarks/MallocBench/cfrac -I/home/ed/mcsema-testing/llvm-test-suite/include -I../../../../include -D_GNU_SOURCE -D__STDC_LIMIT_MACROS -DNDEBUG  -O3  -m64 -fomit-frame-pointer -c /home/ed/mcsema-testing/llvm-test-suite/MultiSource/Benchmarks/MallocBench/cfrac/ptoa.c -o Output/ptoa.llvm.o
/home/ed/mcsema-testing/llvm-test-suite/RunSafely.sh --show-errors -t "/home/ed/mcsema-testing/SANDBOX/test-2015-12-21_15-36-50/tools/timeit" 500 /dev/null Output/ptou.llvm.o.compile \
	  /usr/bin/clang -DNOMEMOPT -I/home/ed/mcsema-testing/SANDBOX/test-2015-12-21_15-36-50/MultiSource/Benchmarks/MallocBench/cfrac -I/home/ed/mcsema-testing/llvm-test-suite/MultiSource/Benchmarks/MallocBench/cfrac -I/home/ed/mcsema-testing/llvm-test-suite/include -I../../../../include -D_GNU_SOURCE -D__STDC_LIMIT_MACROS -DNDEBUG  -O3  -m64 -fomit-frame-pointer -c /home/ed/mcsema-testing/llvm-test-suite/MultiSource/Benchmarks/MallocBench/cfrac/ptou.c -o Output/ptou.llvm.o
/home/ed/mcsema-testing/llvm-test-suite/RunSafely.sh --show-errors -t "/home/ed/mcsema-testing/SANDBOX/test-2015-12-21_15-36-50/tools/timeit" 500 /dev/null Output/utop.llvm.o.compile \
	  /usr/bin/clang -DNOMEMOPT -I/home/ed/mcsema-testing/SANDBOX/test-2015-12-21_15-36-50/MultiSource/Benchmarks/MallocBench/cfrac -I/home/ed/mcsema-testing/llvm-test-suite/MultiSource/Benchmarks/MallocBench/cfrac -I/home/ed/mcsema-testing/llvm-test-suite/include -I../../../../include -D_GNU_SOURCE -D__STDC_LIMIT_MACROS -DNDEBUG  -O3  -m64 -fomit-frame-pointer -c /home/ed/mcsema-testing/llvm-test-suite/MultiSource/Benchmarks/MallocBench/cfrac/utop.c -o Output/utop.llvm.o
/usr/bin/clang++ -o Output/cfrac.simple Output/atop.llvm.o Output/cfrac.llvm.o Output/errorp.llvm.o Output/itop.llvm.o Output/pabs.llvm.o Output/padd.llvm.o Output/pcfrac.llvm.o Output/pcmp.llvm.o Output/pconst.llvm.o Output/pdivmod.llvm.o Output/pfloat.llvm.o Output/pgcd.llvm.o Output/phalf.llvm.o Output/picmp.llvm.o Output/pidiv.llvm.o Output/pimod.llvm.o Output/pio.llvm.o Output/pmul.llvm.o Output/pneg.llvm.o Output/podd.llvm.o Output/pops.llvm.o Output/ppowmod.llvm.o Output/primes.llvm.o Output/psqrt.llvm.o Output/psub.llvm.o Output/ptoa.llvm.o Output/ptou.llvm.o Output/utop.llvm.o -lm   -m64 -fomit-frame-pointer
/home/ed/mcsema-testing/llvm-test-suite/RunSafely.sh -t "/home/ed/mcsema-testing/SANDBOX/test-2015-12-21_15-36-50/tools/timeit-target" 500 /dev/null Output/cfrac.out-simple Output/cfrac.simple 41757646344123832613190542166099121
cp Output/cfrac.simple Output/cfrac.simple-hash; \
	strip --remove-section=.comment --remove-section='.note*' Output/cfrac.simple-hash; \
	/home/ed/mcsema-testing/llvm-test-suite/HashProgramOutput.sh Output/cfrac.simple-hash
if [ -f "/home/ed/mcsema-testing/llvm-test-suite/MultiSource/Benchmarks/MallocBench/cfrac/cfrac.reference_output.little-endian." ]; then \
	  cp /home/ed/mcsema-testing/llvm-test-suite/MultiSource/Benchmarks/MallocBench/cfrac/cfrac.reference_output.little-endian. Output/cfrac.out-nat; \
	elif [ -f "/home/ed/mcsema-testing/llvm-test-suite/MultiSource/Benchmarks/MallocBench/cfrac/cfrac.reference_output." ]; then \
	  cp /home/ed/mcsema-testing/llvm-test-suite/MultiSource/Benchmarks/MallocBench/cfrac/cfrac.reference_output. Output/cfrac.out-nat; \
	elif [ -f "/home/ed/mcsema-testing/llvm-test-suite/MultiSource/Benchmarks/MallocBench/cfrac/cfrac.reference_output.little-endian" ]; then \
	  cp /home/ed/mcsema-testing/llvm-test-suite/MultiSource/Benchmarks/MallocBench/cfrac/cfrac.reference_output.little-endian Output/cfrac.out-nat; \
	elif [ -f "/home/ed/mcsema-testing/llvm-test-suite/MultiSource/Benchmarks/MallocBench/cfrac/cfrac.reference_output" ]; then \
	  cp /home/ed/mcsema-testing/llvm-test-suite/MultiSource/Benchmarks/MallocBench/cfrac/cfrac.reference_output Output/cfrac.out-nat; \
	else \
	  printf "WARNING: %s: %s\n" "NO REFERENCE OUTPUT (using default)" "/home/ed/mcsema-testing/llvm-test-suite/MultiSource/Benchmarks/MallocBench/cfrac/cfrac.reference_output" > Output/cfrac.out-nat; \
	  cp /home/ed/mcsema-testing/llvm-test-suite/default.reference_output Output/cfrac.out-nat; \
	  cat Output/cfrac.out-nat; \
	fi
# Pretend that the reference output was produced instantaneously.
cp /home/ed/mcsema-testing/llvm-test-suite/instant.txt Output/cfrac.out-nat.time
/home/ed/mcsema-testing/llvm-test-suite/DiffOutput.sh "/home/ed/mcsema-testing/SANDBOX/test-2015-12-21_15-36-50/tools/fpcmp " simple cfrac 
rm -f Output/cfrac.exe-simple
cp Output/cfrac.diff-simple Output/cfrac.exe-simple
if test -f Output/cfrac.extra-results.txt; then \
	  /home/ed/mcsema-testing/llvm-test-suite/ParseMultipleResults /home/ed/mcsema-testing/SANDBOX/test-2015-12-21_15-36-50/MultiSource/Benchmarks/MallocBench/cfrac/cfrac Output/cfrac.extra-results.txt >> Output/cfrac.simple.exec.report.txt; \
	fi
cat Output/cfrac.simple.compile.report.txt Output/cfrac.simple.exec.report.txt >> Output/cfrac.simple.report.txt
---------------------------------------------------------------
>>> ========= '/home/ed/mcsema-testing/SANDBOX/test-2015-12-21_15-36-50/MultiSource/Benchmarks/MallocBench/cfrac/cfrac' Program
---------------------------------------------------------------

TEST-PASS: compile /home/ed/mcsema-testing/SANDBOX/test-2015-12-21_15-36-50/MultiSource/Benchmarks/MallocBench/cfrac/cfrac
TEST-RESULT-compile-success: pass
TEST-RESULT-compile-hash: f699de8f69cb6fa841600f4ec460acab
TEST-RESULT-compile-time: user 0.882300
TEST-RESULT-compile-real-time: real 1.259400

TEST-PASS: exec /home/ed/mcsema-testing/SANDBOX/test-2015-12-21_15-36-50/MultiSource/Benchmarks/MallocBench/cfrac/cfrac
TEST-RESULT-exec-success: pass
TEST-RESULT-exec-time: user       0.9215
TEST-RESULT-exec-real-time: real       0.9243
make[5]: Leaving directory `/home/ed/mcsema-testing/SANDBOX/test-2015-12-21_15-36-50/MultiSource/Benchmarks/MallocBench/cfrac'
make[5]: Entering directory `/home/ed/mcsema-testing/SANDBOX/test-2015-12-21_15-36-50/MultiSource/Benchmarks/MallocBench/espresso'
/home/ed/mcsema-testing/llvm-test-suite/RunSafely.sh --show-errors -t "/home/ed/mcsema-testing/SANDBOX/test-2015-12-21_15-36-50/tools/timeit" 500 /dev/null Output/cofactor.llvm.o.compile \
	  /usr/bin/clang -DNOMEMOPT -I/home/ed/mcsema-testing/SANDBOX/test-2015-12-21_15-36-50/MultiSource/Benchmarks/MallocBench/espresso -I/home/ed/mcsema-testing/llvm-test-suite/MultiSource/Benchmarks/MallocBench/espresso -I/home/ed/mcsema-testing/llvm-test-suite/include -I../../../../include -D_GNU_SOURCE -D__STDC_LIMIT_MACROS -DNDEBUG -std=gnu89 -O3  -m64 -fomit-frame-pointer -c /home/ed/mcsema-testing/llvm-test-suite/MultiSource/Benchmarks/MallocBench/espresso/cofactor.c -o Output/cofactor.llvm.o
/home/ed/mcsema-testing/llvm-test-suite/RunSafely.sh --show-errors -t "/home/ed/mcsema-testing/SANDBOX/test-2015-12-21_15-36-50/tools/timeit" 500 /dev/null Output/cols.llvm.o.compile \
	  /usr/bin/clang -DNOMEMOPT -I/home/ed/mcsema-testing/SANDBOX/test-2015-12-21_15-36-50/MultiSource/Benchmarks/MallocBench/espresso -I/home/ed/mcsema-testing/llvm-test-suite/MultiSource/Benchmarks/MallocBench/espresso -I/home/ed/mcsema-testing/llvm-test-suite/include -I../../../../include -D_GNU_SOURCE -D__STDC_LIMIT_MACROS -DNDEBUG -std=gnu89 -O3  -m64 -fomit-frame-pointer -c /home/ed/mcsema-testing/llvm-test-suite/MultiSource/Benchmarks/MallocBench/espresso/cols.c -o Output/cols.llvm.o
/home/ed/mcsema-testing/llvm-test-suite/RunSafely.sh --show-errors -t "/home/ed/mcsema-testing/SANDBOX/test-2015-12-21_15-36-50/tools/timeit" 500 /dev/null Output/compl.llvm.o.compile \
	  /usr/bin/clang -DNOMEMOPT -I/home/ed/mcsema-testing/SANDBOX/test-2015-12-21_15-36-50/MultiSource/Benchmarks/MallocBench/espresso -I/home/ed/mcsema-testing/llvm-test-suite/MultiSource/Benchmarks/MallocBench/espresso -I/home/ed/mcsema-testing/llvm-test-suite/include -I../../../../include -D_GNU_SOURCE -D__STDC_LIMIT_MACROS -DNDEBUG -std=gnu89 -O3  -m64 -fomit-frame-pointer -c /home/ed/mcsema-testing/llvm-test-suite/MultiSource/Benchmarks/MallocBench/espresso/compl.c -o Output/compl.llvm.o
/home/ed/mcsema-testing/llvm-test-suite/RunSafely.sh --show-errors -t "/home/ed/mcsema-testing/SANDBOX/test-2015-12-21_15-36-50/tools/timeit" 500 /dev/null Output/contain.llvm.o.compile \
	  /usr/bin/clang -DNOMEMOPT -I/home/ed/mcsema-testing/SANDBOX/test-2015-12-21_15-36-50/MultiSource/Benchmarks/MallocBench/espresso -I/home/ed/mcsema-testing/llvm-test-suite/MultiSource/Benchmarks/MallocBench/espresso -I/home/ed/mcsema-testing/llvm-test-suite/include -I../../../../include -D_GNU_SOURCE -D__STDC_LIMIT_MACROS -DNDEBUG -std=gnu89 -O3  -m64 -fomit-frame-pointer -c /home/ed/mcsema-testing/llvm-test-suite/MultiSource/Benchmarks/MallocBench/espresso/contain.c -o Output/contain.llvm.o
/home/ed/mcsema-testing/llvm-test-suite/RunSafely.sh --show-errors -t "/home/ed/mcsema-testing/SANDBOX/test-2015-12-21_15-36-50/tools/timeit" 500 /dev/null Output/cubestr.llvm.o.compile \
	  /usr/bin/clang -DNOMEMOPT -I/home/ed/mcsema-testing/SANDBOX/test-2015-12-21_15-36-50/MultiSource/Benchmarks/MallocBench/espresso -I/home/ed/mcsema-testing/llvm-test-suite/MultiSource/Benchmarks/MallocBench/espresso -I/home/ed/mcsema-testing/llvm-test-suite/include -I../../../../include -D_GNU_SOURCE -D__STDC_LIMIT_MACROS -DNDEBUG -std=gnu89 -O3  -m64 -fomit-frame-pointer -c /home/ed/mcsema-testing/llvm-test-suite/MultiSource/Benchmarks/MallocBench/espresso/cubestr.c -o Output/cubestr.llvm.o
/home/ed/mcsema-testing/llvm-test-suite/RunSafely.sh --show-errors -t "/home/ed/mcsema-testing/SANDBOX/test-2015-12-21_15-36-50/tools/timeit" 500 /dev/null Output/cvrin.llvm.o.compile \
	  /usr/bin/clang -DNOMEMOPT -I/home/ed/mcsema-testing/SANDBOX/test-2015-12-21_15-36-50/MultiSource/Benchmarks/MallocBench/espresso -I/home/ed/mcsema-testing/llvm-test-suite/MultiSource/Benchmarks/MallocBench/espresso -I/home/ed/mcsema-testing/llvm-test-suite/include -I../../../../include -D_GNU_SOURCE -D__STDC_LIMIT_MACROS -DNDEBUG -std=gnu89 -O3  -m64 -fomit-frame-pointer -c /home/ed/mcsema-testing/llvm-test-suite/MultiSource/Benchmarks/MallocBench/espresso/cvrin.c -o Output/cvrin.llvm.o
/home/ed/mcsema-testing/llvm-test-suite/RunSafely.sh --show-errors -t "/home/ed/mcsema-testing/SANDBOX/test-2015-12-21_15-36-50/tools/timeit" 500 /dev/null Output/cvrm.llvm.o.compile \
	  /usr/bin/clang -DNOMEMOPT -I/home/ed/mcsema-testing/SANDBOX/test-2015-12-21_15-36-50/MultiSource/Benchmarks/MallocBench/espresso -I/home/ed/mcsema-testing/llvm-test-suite/MultiSource/Benchmarks/MallocBench/espresso -I/home/ed/mcsema-testing/llvm-test-suite/include -I../../../../include -D_GNU_SOURCE -D__STDC_LIMIT_MACROS -DNDEBUG -std=gnu89 -O3  -m64 -fomit-frame-pointer -c /home/ed/mcsema-testing/llvm-test-suite/MultiSource/Benchmarks/MallocBench/espresso/cvrm.c -o Output/cvrm.llvm.o
/home/ed/mcsema-testing/llvm-test-suite/RunSafely.sh --show-errors -t "/home/ed/mcsema-testing/SANDBOX/test-2015-12-21_15-36-50/tools/timeit" 500 /dev/null Output/cvrmisc.llvm.o.compile \
	  /usr/bin/clang -DNOMEMOPT -I/home/ed/mcsema-testing/SANDBOX/test-2015-12-21_15-36-50/MultiSource/Benchmarks/MallocBench/espresso -I/home/ed/mcsema-testing/llvm-test-suite/MultiSource/Benchmarks/MallocBench/espresso -I/home/ed/mcsema-testing/llvm-test-suite/include -I../../../../include -D_GNU_SOURCE -D__STDC_LIMIT_MACROS -DNDEBUG -std=gnu89 -O3  -m64 -fomit-frame-pointer -c /home/ed/mcsema-testing/llvm-test-suite/MultiSource/Benchmarks/MallocBench/espresso/cvrmisc.c -o Output/cvrmisc.llvm.o
/home/ed/mcsema-testing/llvm-test-suite/RunSafely.sh --show-errors -t "/home/ed/mcsema-testing/SANDBOX/test-2015-12-21_15-36-50/tools/timeit" 500 /dev/null Output/cvrout.llvm.o.compile \
	  /usr/bin/clang -DNOMEMOPT -I/home/ed/mcsema-testing/SANDBOX/test-2015-12-21_15-36-50/MultiSource/Benchmarks/MallocBench/espresso -I/home/ed/mcsema-testing/llvm-test-suite/MultiSource/Benchmarks/MallocBench/espresso -I/home/ed/mcsema-testing/llvm-test-suite/include -I../../../../include -D_GNU_SOURCE -D__STDC_LIMIT_MACROS -DNDEBUG -std=gnu89 -O3  -m64 -fomit-frame-pointer -c /home/ed/mcsema-testing/llvm-test-suite/MultiSource/Benchmarks/MallocBench/espresso/cvrout.c -o Output/cvrout.llvm.o
/home/ed/mcsema-testing/llvm-test-suite/RunSafely.sh --show-errors -t "/home/ed/mcsema-testing/SANDBOX/test-2015-12-21_15-36-50/tools/timeit" 500 /dev/null Output/dominate.llvm.o.compile \
	  /usr/bin/clang -DNOMEMOPT -I/home/ed/mcsema-testing/SANDBOX/test-2015-12-21_15-36-50/MultiSource/Benchmarks/MallocBench/espresso -I/home/ed/mcsema-testing/llvm-test-suite/MultiSource/Benchmarks/MallocBench/espresso -I/home/ed/mcsema-testing/llvm-test-suite/include -I../../../../include -D_GNU_SOURCE -D__STDC_LIMIT_MACROS -DNDEBUG -std=gnu89 -O3  -m64 -fomit-frame-pointer -c /home/ed/mcsema-testing/llvm-test-suite/MultiSource/Benchmarks/MallocBench/espresso/dominate.c -o Output/dominate.llvm.o
/home/ed/mcsema-testing/llvm-test-suite/RunSafely.sh --show-errors -t "/home/ed/mcsema-testing/SANDBOX/test-2015-12-21_15-36-50/tools/timeit" 500 /dev/null Output/equiv.llvm.o.compile \
	  /usr/bin/clang -DNOMEMOPT -I/home/ed/mcsema-testing/SANDBOX/test-2015-12-21_15-36-50/MultiSource/Benchmarks/MallocBench/espresso -I/home/ed/mcsema-testing/llvm-test-suite/MultiSource/Benchmarks/MallocBench/espresso -I/home/ed/mcsema-testing/llvm-test-suite/include -I../../../../include -D_GNU_SOURCE -D__STDC_LIMIT_MACROS -DNDEBUG -std=gnu89 -O3  -m64 -fomit-frame-pointer -c /home/ed/mcsema-testing/llvm-test-suite/MultiSource/Benchmarks/MallocBench/espresso/equiv.c -o Output/equiv.llvm.o
/home/ed/mcsema-testing/llvm-test-suite/RunSafely.sh --show-errors -t "/home/ed/mcsema-testing/SANDBOX/test-2015-12-21_15-36-50/tools/timeit" 500 /dev/null Output/espresso.llvm.o.compile \
	  /usr/bin/clang -DNOMEMOPT -I/home/ed/mcsema-testing/SANDBOX/test-2015-12-21_15-36-50/MultiSource/Benchmarks/MallocBench/espresso -I/home/ed/mcsema-testing/llvm-test-suite/MultiSource/Benchmarks/MallocBench/espresso -I/home/ed/mcsema-testing/llvm-test-suite/include -I../../../../include -D_GNU_SOURCE -D__STDC_LIMIT_MACROS -DNDEBUG -std=gnu89 -O3  -m64 -fomit-frame-pointer -c /home/ed/mcsema-testing/llvm-test-suite/MultiSource/Benchmarks/MallocBench/espresso/espresso.c -o Output/espresso.llvm.o
/home/ed/mcsema-testing/llvm-test-suite/RunSafely.sh --show-errors -t "/home/ed/mcsema-testing/SANDBOX/test-2015-12-21_15-36-50/tools/timeit" 500 /dev/null Output/essen.llvm.o.compile \
	  /usr/bin/clang -DNOMEMOPT -I/home/ed/mcsema-testing/SANDBOX/test-2015-12-21_15-36-50/MultiSource/Benchmarks/MallocBench/espresso -I/home/ed/mcsema-testing/llvm-test-suite/MultiSource/Benchmarks/MallocBench/espresso -I/home/ed/mcsema-testing/llvm-test-suite/include -I../../../../include -D_GNU_SOURCE -D__STDC_LIMIT_MACROS -DNDEBUG -std=gnu89 -O3  -m64 -fomit-frame-pointer -c /home/ed/mcsema-testing/llvm-test-suite/MultiSource/Benchmarks/MallocBench/espresso/essen.c -o Output/essen.llvm.o
/home/ed/mcsema-testing/llvm-test-suite/RunSafely.sh --show-errors -t "/home/ed/mcsema-testing/SANDBOX/test-2015-12-21_15-36-50/tools/timeit" 500 /dev/null Output/exact.llvm.o.compile \
	  /usr/bin/clang -DNOMEMOPT -I/home/ed/mcsema-testing/SANDBOX/test-2015-12-21_15-36-50/MultiSource/Benchmarks/MallocBench/espresso -I/home/ed/mcsema-testing/llvm-test-suite/MultiSource/Benchmarks/MallocBench/espresso -I/home/ed/mcsema-testing/llvm-test-suite/include -I../../../../include -D_GNU_SOURCE -D__STDC_LIMIT_MACROS -DNDEBUG -std=gnu89 -O3  -m64 -fomit-frame-pointer -c /home/ed/mcsema-testing/llvm-test-suite/MultiSource/Benchmarks/MallocBench/espresso/exact.c -o Output/exact.llvm.o
/home/ed/mcsema-testing/llvm-test-suite/RunSafely.sh --show-errors -t "/home/ed/mcsema-testing/SANDBOX/test-2015-12-21_15-36-50/tools/timeit" 500 /dev/null Output/expand.llvm.o.compile \
	  /usr/bin/clang -DNOMEMOPT -I/home/ed/mcsema-testing/SANDBOX/test-2015-12-21_15-36-50/MultiSource/Benchmarks/MallocBench/espresso -I/home/ed/mcsema-testing/llvm-test-suite/MultiSource/Benchmarks/MallocBench/espresso -I/home/ed/mcsema-testing/llvm-test-suite/include -I../../../../include -D_GNU_SOURCE -D__STDC_LIMIT_MACROS -DNDEBUG -std=gnu89 -O3  -m64 -fomit-frame-pointer -c /home/ed/mcsema-testing/llvm-test-suite/MultiSource/Benchmarks/MallocBench/espresso/expand.c -o Output/expand.llvm.o
/home/ed/mcsema-testing/llvm-test-suite/RunSafely.sh --show-errors -t "/home/ed/mcsema-testing/SANDBOX/test-2015-12-21_15-36-50/tools/timeit" 500 /dev/null Output/gasp.llvm.o.compile \
	  /usr/bin/clang -DNOMEMOPT -I/home/ed/mcsema-testing/SANDBOX/test-2015-12-21_15-36-50/MultiSource/Benchmarks/MallocBench/espresso -I/home/ed/mcsema-testing/llvm-test-suite/MultiSource/Benchmarks/MallocBench/espresso -I/home/ed/mcsema-testing/llvm-test-suite/include -I../../../../include -D_GNU_SOURCE -D__STDC_LIMIT_MACROS -DNDEBUG -std=gnu89 -O3  -m64 -fomit-frame-pointer -c /home/ed/mcsema-testing/llvm-test-suite/MultiSource/Benchmarks/MallocBench/espresso/gasp.c -o Output/gasp.llvm.o
/home/ed/mcsema-testing/llvm-test-suite/RunSafely.sh --show-errors -t "/home/ed/mcsema-testing/SANDBOX/test-2015-12-21_15-36-50/tools/timeit" 500 /dev/null Output/getopt.llvm.o.compile \
	  /usr/bin/clang -DNOMEMOPT -I/home/ed/mcsema-testing/SANDBOX/test-2015-12-21_15-36-50/MultiSource/Benchmarks/MallocBench/espresso -I/home/ed/mcsema-testing/llvm-test-suite/MultiSource/Benchmarks/MallocBench/espresso -I/home/ed/mcsema-testing/llvm-test-suite/include -I../../../../include -D_GNU_SOURCE -D__STDC_LIMIT_MACROS -DNDEBUG -std=gnu89 -O3  -m64 -fomit-frame-pointer -c /home/ed/mcsema-testing/llvm-test-suite/MultiSource/Benchmarks/MallocBench/espresso/getopt.c -o Output/getopt.llvm.o
/home/ed/mcsema-testing/llvm-test-suite/RunSafely.sh --show-errors -t "/home/ed/mcsema-testing/SANDBOX/test-2015-12-21_15-36-50/tools/timeit" 500 /dev/null Output/gimpel.llvm.o.compile \
	  /usr/bin/clang -DNOMEMOPT -I/home/ed/mcsema-testing/SANDBOX/test-2015-12-21_15-36-50/MultiSource/Benchmarks/MallocBench/espresso -I/home/ed/mcsema-testing/llvm-test-suite/MultiSource/Benchmarks/MallocBench/espresso -I/home/ed/mcsema-testing/llvm-test-suite/include -I../../../../include -D_GNU_SOURCE -D__STDC_LIMIT_MACROS -DNDEBUG -std=gnu89 -O3  -m64 -fomit-frame-pointer -c /home/ed/mcsema-testing/llvm-test-suite/MultiSource/Benchmarks/MallocBench/espresso/gimpel.c -o Output/gimpel.llvm.o
/home/ed/mcsema-testing/llvm-test-suite/RunSafely.sh --show-errors -t "/home/ed/mcsema-testing/SANDBOX/test-2015-12-21_15-36-50/tools/timeit" 500 /dev/null Output/globals.llvm.o.compile \
	  /usr/bin/clang -DNOMEMOPT -I/home/ed/mcsema-testing/SANDBOX/test-2015-12-21_15-36-50/MultiSource/Benchmarks/MallocBench/espresso -I/home/ed/mcsema-testing/llvm-test-suite/MultiSource/Benchmarks/MallocBench/espresso -I/home/ed/mcsema-testing/llvm-test-suite/include -I../../../../include -D_GNU_SOURCE -D__STDC_LIMIT_MACROS -DNDEBUG -std=gnu89 -O3  -m64 -fomit-frame-pointer -c /home/ed/mcsema-testing/llvm-test-suite/MultiSource/Benchmarks/MallocBench/espresso/globals.c -o Output/globals.llvm.o
/home/ed/mcsema-testing/llvm-test-suite/RunSafely.sh --show-errors -t "/home/ed/mcsema-testing/SANDBOX/test-2015-12-21_15-36-50/tools/timeit" 500 /dev/null Output/hack.llvm.o.compile \
	  /usr/bin/clang -DNOMEMOPT -I/home/ed/mcsema-testing/SANDBOX/test-2015-12-21_15-36-50/MultiSource/Benchmarks/MallocBench/espresso -I/home/ed/mcsema-testing/llvm-test-suite/MultiSource/Benchmarks/MallocBench/espresso -I/home/ed/mcsema-testing/llvm-test-suite/include -I../../../../include -D_GNU_SOURCE -D__STDC_LIMIT_MACROS -DNDEBUG -std=gnu89 -O3  -m64 -fomit-frame-pointer -c /home/ed/mcsema-testing/llvm-test-suite/MultiSource/Benchmarks/MallocBench/espresso/hack.c -o Output/hack.llvm.o
/home/ed/mcsema-testing/llvm-test-suite/RunSafely.sh --show-errors -t "/home/ed/mcsema-testing/SANDBOX/test-2015-12-21_15-36-50/tools/timeit" 500 /dev/null Output/indep.llvm.o.compile \
	  /usr/bin/clang -DNOMEMOPT -I/home/ed/mcsema-testing/SANDBOX/test-2015-12-21_15-36-50/MultiSource/Benchmarks/MallocBench/espresso -I/home/ed/mcsema-testing/llvm-test-suite/MultiSource/Benchmarks/MallocBench/espresso -I/home/ed/mcsema-testing/llvm-test-suite/include -I../../../../include -D_GNU_SOURCE -D__STDC_LIMIT_MACROS -DNDEBUG -std=gnu89 -O3  -m64 -fomit-frame-pointer -c /home/ed/mcsema-testing/llvm-test-suite/MultiSource/Benchmarks/MallocBench/espresso/indep.c -o Output/indep.llvm.o
/home/ed/mcsema-testing/llvm-test-suite/RunSafely.sh --show-errors -t "/home/ed/mcsema-testing/SANDBOX/test-2015-12-21_15-36-50/tools/timeit" 500 /dev/null Output/irred.llvm.o.compile \
	  /usr/bin/clang -DNOMEMOPT -I/home/ed/mcsema-testing/SANDBOX/test-2015-12-21_15-36-50/MultiSource/Benchmarks/MallocBench/espresso -I/home/ed/mcsema-testing/llvm-test-suite/MultiSource/Benchmarks/MallocBench/espresso -I/home/ed/mcsema-testing/llvm-test-suite/include -I../../../../include -D_GNU_SOURCE -D__STDC_LIMIT_MACROS -DNDEBUG -std=gnu89 -O3  -m64 -fomit-frame-pointer -c /home/ed/mcsema-testing/llvm-test-suite/MultiSource/Benchmarks/MallocBench/espresso/irred.c -o Output/irred.llvm.o
/home/ed/mcsema-testing/llvm-test-suite/RunSafely.sh --show-errors -t "/home/ed/mcsema-testing/SANDBOX/test-2015-12-21_15-36-50/tools/timeit" 500 /dev/null Output/main.llvm.o.compile \
	  /usr/bin/clang -DNOMEMOPT -I/home/ed/mcsema-testing/SANDBOX/test-2015-12-21_15-36-50/MultiSource/Benchmarks/MallocBench/espresso -I/home/ed/mcsema-testing/llvm-test-suite/MultiSource/Benchmarks/MallocBench/espresso -I/home/ed/mcsema-testing/llvm-test-suite/include -I../../../../include -D_GNU_SOURCE -D__STDC_LIMIT_MACROS -DNDEBUG -std=gnu89 -O3  -m64 -fomit-frame-pointer -c /home/ed/mcsema-testing/llvm-test-suite/MultiSource/Benchmarks/MallocBench/espresso/main.c -o Output/main.llvm.o
/home/ed/mcsema-testing/llvm-test-suite/RunSafely.sh --show-errors -t "/home/ed/mcsema-testing/SANDBOX/test-2015-12-21_15-36-50/tools/timeit" 500 /dev/null Output/map.llvm.o.compile \
	  /usr/bin/clang -DNOMEMOPT -I/home/ed/mcsema-testing/SANDBOX/test-2015-12-21_15-36-50/MultiSource/Benchmarks/MallocBench/espresso -I/home/ed/mcsema-testing/llvm-test-suite/MultiSource/Benchmarks/MallocBench/espresso -I/home/ed/mcsema-testing/llvm-test-suite/include -I../../../../include -D_GNU_SOURCE -D__STDC_LIMIT_MACROS -DNDEBUG -std=gnu89 -O3  -m64 -fomit-frame-pointer -c /home/ed/mcsema-testing/llvm-test-suite/MultiSource/Benchmarks/MallocBench/espresso/map.c -o Output/map.llvm.o
/home/ed/mcsema-testing/llvm-test-suite/RunSafely.sh --show-errors -t "/home/ed/mcsema-testing/SANDBOX/test-2015-12-21_15-36-50/tools/timeit" 500 /dev/null Output/matrix.llvm.o.compile \
	  /usr/bin/clang -DNOMEMOPT -I/home/ed/mcsema-testing/SANDBOX/test-2015-12-21_15-36-50/MultiSource/Benchmarks/MallocBench/espresso -I/home/ed/mcsema-testing/llvm-test-suite/MultiSource/Benchmarks/MallocBench/espresso -I/home/ed/mcsema-testing/llvm-test-suite/include -I../../../../include -D_GNU_SOURCE -D__STDC_LIMIT_MACROS -DNDEBUG -std=gnu89 -O3  -m64 -fomit-frame-pointer -c /home/ed/mcsema-testing/llvm-test-suite/MultiSource/Benchmarks/MallocBench/espresso/matrix.c -o Output/matrix.llvm.o
/home/ed/mcsema-testing/llvm-test-suite/RunSafely.sh --show-errors -t "/home/ed/mcsema-testing/SANDBOX/test-2015-12-21_15-36-50/tools/timeit" 500 /dev/null Output/mincov.llvm.o.compile \
	  /usr/bin/clang -DNOMEMOPT -I/home/ed/mcsema-testing/SANDBOX/test-2015-12-21_15-36-50/MultiSource/Benchmarks/MallocBench/espresso -I/home/ed/mcsema-testing/llvm-test-suite/MultiSource/Benchmarks/MallocBench/espresso -I/home/ed/mcsema-testing/llvm-test-suite/include -I../../../../include -D_GNU_SOURCE -D__STDC_LIMIT_MACROS -DNDEBUG -std=gnu89 -O3  -m64 -fomit-frame-pointer -c /home/ed/mcsema-testing/llvm-test-suite/MultiSource/Benchmarks/MallocBench/espresso/mincov.c -o Output/mincov.llvm.o
/home/ed/mcsema-testing/llvm-test-suite/RunSafely.sh --show-errors -t "/home/ed/mcsema-testing/SANDBOX/test-2015-12-21_15-36-50/tools/timeit" 500 /dev/null Output/opo.llvm.o.compile \
	  /usr/bin/clang -DNOMEMOPT -I/home/ed/mcsema-testing/SANDBOX/test-2015-12-21_15-36-50/MultiSource/Benchmarks/MallocBench/espresso -I/home/ed/mcsema-testing/llvm-test-suite/MultiSource/Benchmarks/MallocBench/espresso -I/home/ed/mcsema-testing/llvm-test-suite/include -I../../../../include -D_GNU_SOURCE -D__STDC_LIMIT_MACROS -DNDEBUG -std=gnu89 -O3  -m64 -fomit-frame-pointer -c /home/ed/mcsema-testing/llvm-test-suite/MultiSource/Benchmarks/MallocBench/espresso/opo.c -o Output/opo.llvm.o
/home/ed/mcsema-testing/llvm-test-suite/RunSafely.sh --show-errors -t "/home/ed/mcsema-testing/SANDBOX/test-2015-12-21_15-36-50/tools/timeit" 500 /dev/null Output/pair.llvm.o.compile \
	  /usr/bin/clang -DNOMEMOPT -I/home/ed/mcsema-testing/SANDBOX/test-2015-12-21_15-36-50/MultiSource/Benchmarks/MallocBench/espresso -I/home/ed/mcsema-testing/llvm-test-suite/MultiSource/Benchmarks/MallocBench/espresso -I/home/ed/mcsema-testing/llvm-test-suite/include -I../../../../include -D_GNU_SOURCE -D__STDC_LIMIT_MACROS -DNDEBUG -std=gnu89 -O3  -m64 -fomit-frame-pointer -c /home/ed/mcsema-testing/llvm-test-suite/MultiSource/Benchmarks/MallocBench/espresso/pair.c -o Output/pair.llvm.o
/home/ed/mcsema-testing/llvm-test-suite/RunSafely.sh --show-errors -t "/home/ed/mcsema-testing/SANDBOX/test-2015-12-21_15-36-50/tools/timeit" 500 /dev/null Output/part.llvm.o.compile \
	  /usr/bin/clang -DNOMEMOPT -I/home/ed/mcsema-testing/SANDBOX/test-2015-12-21_15-36-50/MultiSource/Benchmarks/MallocBench/espresso -I/home/ed/mcsema-testing/llvm-test-suite/MultiSource/Benchmarks/MallocBench/espresso -I/home/ed/mcsema-testing/llvm-test-suite/include -I../../../../include -D_GNU_SOURCE -D__STDC_LIMIT_MACROS -DNDEBUG -std=gnu89 -O3  -m64 -fomit-frame-pointer -c /home/ed/mcsema-testing/llvm-test-suite/MultiSource/Benchmarks/MallocBench/espresso/part.c -o Output/part.llvm.o
/home/ed/mcsema-testing/llvm-test-suite/RunSafely.sh --show-errors -t "/home/ed/mcsema-testing/SANDBOX/test-2015-12-21_15-36-50/tools/timeit" 500 /dev/null Output/primes.llvm.o.compile \
	  /usr/bin/clang -DNOMEMOPT -I/home/ed/mcsema-testing/SANDBOX/test-2015-12-21_15-36-50/MultiSource/Benchmarks/MallocBench/espresso -I/home/ed/mcsema-testing/llvm-test-suite/MultiSource/Benchmarks/MallocBench/espresso -I/home/ed/mcsema-testing/llvm-test-suite/include -I../../../../include -D_GNU_SOURCE -D__STDC_LIMIT_MACROS -DNDEBUG -std=gnu89 -O3  -m64 -fomit-frame-pointer -c /home/ed/mcsema-testing/llvm-test-suite/MultiSource/Benchmarks/MallocBench/espresso/primes.c -o Output/primes.llvm.o
/home/ed/mcsema-testing/llvm-test-suite/RunSafely.sh --show-errors -t "/home/ed/mcsema-testing/SANDBOX/test-2015-12-21_15-36-50/tools/timeit" 500 /dev/null Output/reduce.llvm.o.compile \
	  /usr/bin/clang -DNOMEMOPT -I/home/ed/mcsema-testing/SANDBOX/test-2015-12-21_15-36-50/MultiSource/Benchmarks/MallocBench/espresso -I/home/ed/mcsema-testing/llvm-test-suite/MultiSource/Benchmarks/MallocBench/espresso -I/home/ed/mcsema-testing/llvm-test-suite/include -I../../../../include -D_GNU_SOURCE -D__STDC_LIMIT_MACROS -DNDEBUG -std=gnu89 -O3  -m64 -fomit-frame-pointer -c /home/ed/mcsema-testing/llvm-test-suite/MultiSource/Benchmarks/MallocBench/espresso/reduce.c -o Output/reduce.llvm.o
/home/ed/mcsema-testing/llvm-test-suite/RunSafely.sh --show-errors -t "/home/ed/mcsema-testing/SANDBOX/test-2015-12-21_15-36-50/tools/timeit" 500 /dev/null Output/rows.llvm.o.compile \
	  /usr/bin/clang -DNOMEMOPT -I/home/ed/mcsema-testing/SANDBOX/test-2015-12-21_15-36-50/MultiSource/Benchmarks/MallocBench/espresso -I/home/ed/mcsema-testing/llvm-test-suite/MultiSource/Benchmarks/MallocBench/espresso -I/home/ed/mcsema-testing/llvm-test-suite/include -I../../../../include -D_GNU_SOURCE -D__STDC_LIMIT_MACROS -DNDEBUG -std=gnu89 -O3  -m64 -fomit-frame-pointer -c /home/ed/mcsema-testing/llvm-test-suite/MultiSource/Benchmarks/MallocBench/espresso/rows.c -o Output/rows.llvm.o
/home/ed/mcsema-testing/llvm-test-suite/RunSafely.sh --show-errors -t "/home/ed/mcsema-testing/SANDBOX/test-2015-12-21_15-36-50/tools/timeit" 500 /dev/null Output/set.llvm.o.compile \
	  /usr/bin/clang -DNOMEMOPT -I/home/ed/mcsema-testing/SANDBOX/test-2015-12-21_15-36-50/MultiSource/Benchmarks/MallocBench/espresso -I/home/ed/mcsema-testing/llvm-test-suite/MultiSource/Benchmarks/MallocBench/espresso -I/home/ed/mcsema-testing/llvm-test-suite/include -I../../../../include -D_GNU_SOURCE -D__STDC_LIMIT_MACROS -DNDEBUG -std=gnu89 -O3  -m64 -fomit-frame-pointer -c /home/ed/mcsema-testing/llvm-test-suite/MultiSource/Benchmarks/MallocBench/espresso/set.c -o Output/set.llvm.o
/home/ed/mcsema-testing/llvm-test-suite/RunSafely.sh --show-errors -t "/home/ed/mcsema-testing/SANDBOX/test-2015-12-21_15-36-50/tools/timeit" 500 /dev/null Output/setc.llvm.o.compile \
	  /usr/bin/clang -DNOMEMOPT -I/home/ed/mcsema-testing/SANDBOX/test-2015-12-21_15-36-50/MultiSource/Benchmarks/MallocBench/espresso -I/home/ed/mcsema-testing/llvm-test-suite/MultiSource/Benchmarks/MallocBench/espresso -I/home/ed/mcsema-testing/llvm-test-suite/include -I../../../../include -D_GNU_SOURCE -D__STDC_LIMIT_MACROS -DNDEBUG -std=gnu89 -O3  -m64 -fomit-frame-pointer -c /home/ed/mcsema-testing/llvm-test-suite/MultiSource/Benchmarks/MallocBench/espresso/setc.c -o Output/setc.llvm.o
/home/ed/mcsema-testing/llvm-test-suite/RunSafely.sh --show-errors -t "/home/ed/mcsema-testing/SANDBOX/test-2015-12-21_15-36-50/tools/timeit" 500 /dev/null Output/sharp.llvm.o.compile \
	  /usr/bin/clang -DNOMEMOPT -I/home/ed/mcsema-testing/SANDBOX/test-2015-12-21_15-36-50/MultiSource/Benchmarks/MallocBench/espresso -I/home/ed/mcsema-testing/llvm-test-suite/MultiSource/Benchmarks/MallocBench/espresso -I/home/ed/mcsema-testing/llvm-test-suite/include -I../../../../include -D_GNU_SOURCE -D__STDC_LIMIT_MACROS -DNDEBUG -std=gnu89 -O3  -m64 -fomit-frame-pointer -c /home/ed/mcsema-testing/llvm-test-suite/MultiSource/Benchmarks/MallocBench/espresso/sharp.c -o Output/sharp.llvm.o
/home/ed/mcsema-testing/llvm-test-suite/RunSafely.sh --show-errors -t "/home/ed/mcsema-testing/SANDBOX/test-2015-12-21_15-36-50/tools/timeit" 500 /dev/null Output/sminterf.llvm.o.compile \
	  /usr/bin/clang -DNOMEMOPT -I/home/ed/mcsema-testing/SANDBOX/test-2015-12-21_15-36-50/MultiSource/Benchmarks/MallocBench/espresso -I/home/ed/mcsema-testing/llvm-test-suite/MultiSource/Benchmarks/MallocBench/espresso -I/home/ed/mcsema-testing/llvm-test-suite/include -I../../../../include -D_GNU_SOURCE -D__STDC_LIMIT_MACROS -DNDEBUG -std=gnu89 -O3  -m64 -fomit-frame-pointer -c /home/ed/mcsema-testing/llvm-test-suite/MultiSource/Benchmarks/MallocBench/espresso/sminterf.c -o Output/sminterf.llvm.o
/home/ed/mcsema-testing/llvm-test-suite/RunSafely.sh --show-errors -t "/home/ed/mcsema-testing/SANDBOX/test-2015-12-21_15-36-50/tools/timeit" 500 /dev/null Output/solution.llvm.o.compile \
	  /usr/bin/clang -DNOMEMOPT -I/home/ed/mcsema-testing/SANDBOX/test-2015-12-21_15-36-50/MultiSource/Benchmarks/MallocBench/espresso -I/home/ed/mcsema-testing/llvm-test-suite/MultiSource/Benchmarks/MallocBench/espresso -I/home/ed/mcsema-testing/llvm-test-suite/include -I../../../../include -D_GNU_SOURCE -D__STDC_LIMIT_MACROS -DNDEBUG -std=gnu89 -O3  -m64 -fomit-frame-pointer -c /home/ed/mcsema-testing/llvm-test-suite/MultiSource/Benchmarks/MallocBench/espresso/solution.c -o Output/solution.llvm.o
/home/ed/mcsema-testing/llvm-test-suite/RunSafely.sh --show-errors -t "/home/ed/mcsema-testing/SANDBOX/test-2015-12-21_15-36-50/tools/timeit" 500 /dev/null Output/sparse.llvm.o.compile \
	  /usr/bin/clang -DNOMEMOPT -I/home/ed/mcsema-testing/SANDBOX/test-2015-12-21_15-36-50/MultiSource/Benchmarks/MallocBench/espresso -I/home/ed/mcsema-testing/llvm-test-suite/MultiSource/Benchmarks/MallocBench/espresso -I/home/ed/mcsema-testing/llvm-test-suite/include -I../../../../include -D_GNU_SOURCE -D__STDC_LIMIT_MACROS -DNDEBUG -std=gnu89 -O3  -m64 -fomit-frame-pointer -c /home/ed/mcsema-testing/llvm-test-suite/MultiSource/Benchmarks/MallocBench/espresso/sparse.c -o Output/sparse.llvm.o
/home/ed/mcsema-testing/llvm-test-suite/RunSafely.sh --show-errors -t "/home/ed/mcsema-testing/SANDBOX/test-2015-12-21_15-36-50/tools/timeit" 500 /dev/null Output/unate.llvm.o.compile \
	  /usr/bin/clang -DNOMEMOPT -I/home/ed/mcsema-testing/SANDBOX/test-2015-12-21_15-36-50/MultiSource/Benchmarks/MallocBench/espresso -I/home/ed/mcsema-testing/llvm-test-suite/MultiSource/Benchmarks/MallocBench/espresso -I/home/ed/mcsema-testing/llvm-test-suite/include -I../../../../include -D_GNU_SOURCE -D__STDC_LIMIT_MACROS -DNDEBUG -std=gnu89 -O3  -m64 -fomit-frame-pointer -c /home/ed/mcsema-testing/llvm-test-suite/MultiSource/Benchmarks/MallocBench/espresso/unate.c -o Output/unate.llvm.o
/home/ed/mcsema-testing/llvm-test-suite/RunSafely.sh --show-errors -t "/home/ed/mcsema-testing/SANDBOX/test-2015-12-21_15-36-50/tools/timeit" 500 /dev/null Output/utility.llvm.o.compile \
	  /usr/bin/clang -DNOMEMOPT -I/home/ed/mcsema-testing/SANDBOX/test-2015-12-21_15-36-50/MultiSource/Benchmarks/MallocBench/espresso -I/home/ed/mcsema-testing/llvm-test-suite/MultiSource/Benchmarks/MallocBench/espresso -I/home/ed/mcsema-testing/llvm-test-suite/include -I../../../../include -D_GNU_SOURCE -D__STDC_LIMIT_MACROS -DNDEBUG -std=gnu89 -O3  -m64 -fomit-frame-pointer -c /home/ed/mcsema-testing/llvm-test-suite/MultiSource/Benchmarks/MallocBench/espresso/utility.c -o Output/utility.llvm.o
/home/ed/mcsema-testing/llvm-test-suite/RunSafely.sh --show-errors -t "/home/ed/mcsema-testing/SANDBOX/test-2015-12-21_15-36-50/tools/timeit" 500 /dev/null Output/verify.llvm.o.compile \
	  /usr/bin/clang -DNOMEMOPT -I/home/ed/mcsema-testing/SANDBOX/test-2015-12-21_15-36-50/MultiSource/Benchmarks/MallocBench/espresso -I/home/ed/mcsema-testing/llvm-test-suite/MultiSource/Benchmarks/MallocBench/espresso -I/home/ed/mcsema-testing/llvm-test-suite/include -I../../../../include -D_GNU_SOURCE -D__STDC_LIMIT_MACROS -DNDEBUG -std=gnu89 -O3  -m64 -fomit-frame-pointer -c /home/ed/mcsema-testing/llvm-test-suite/MultiSource/Benchmarks/MallocBench/espresso/verify.c -o Output/verify.llvm.o
/usr/bin/clang++ -o Output/espresso.simple Output/cofactor.llvm.o Output/cols.llvm.o Output/compl.llvm.o Output/contain.llvm.o Output/cubestr.llvm.o Output/cvrin.llvm.o Output/cvrm.llvm.o Output/cvrmisc.llvm.o Output/cvrout.llvm.o Output/dominate.llvm.o Output/equiv.llvm.o Output/espresso.llvm.o Output/essen.llvm.o Output/exact.llvm.o Output/expand.llvm.o Output/gasp.llvm.o Output/getopt.llvm.o Output/gimpel.llvm.o Output/globals.llvm.o Output/hack.llvm.o Output/indep.llvm.o Output/irred.llvm.o Output/main.llvm.o Output/map.llvm.o Output/matrix.llvm.o Output/mincov.llvm.o Output/opo.llvm.o Output/pair.llvm.o Output/part.llvm.o Output/primes.llvm.o Output/reduce.llvm.o Output/rows.llvm.o Output/set.llvm.o Output/setc.llvm.o Output/sharp.llvm.o Output/sminterf.llvm.o Output/solution.llvm.o Output/sparse.llvm.o Output/unate.llvm.o Output/utility.llvm.o Output/verify.llvm.o  -std=gnu89  -m64 -fomit-frame-pointer
/home/ed/mcsema-testing/llvm-test-suite/RunSafely.sh -t "/home/ed/mcsema-testing/SANDBOX/test-2015-12-21_15-36-50/tools/timeit-target" 500 /dev/null Output/espresso.out-simple Output/espresso.simple -t /home/ed/mcsema-testing/llvm-test-suite/MultiSource/Benchmarks/MallocBench/espresso/INPUT/largest.espresso
cp Output/espresso.simple Output/espresso.simple-hash; \
	strip --remove-section=.comment --remove-section='.note*' Output/espresso.simple-hash; \
	/home/ed/mcsema-testing/llvm-test-suite/HashProgramOutput.sh Output/espresso.simple-hash
if [ -f "/home/ed/mcsema-testing/llvm-test-suite/MultiSource/Benchmarks/MallocBench/espresso/espresso.reference_output.little-endian." ]; then \
	  cp /home/ed/mcsema-testing/llvm-test-suite/MultiSource/Benchmarks/MallocBench/espresso/espresso.reference_output.little-endian. Output/espresso.out-nat; \
	elif [ -f "/home/ed/mcsema-testing/llvm-test-suite/MultiSource/Benchmarks/MallocBench/espresso/espresso.reference_output." ]; then \
	  cp /home/ed/mcsema-testing/llvm-test-suite/MultiSource/Benchmarks/MallocBench/espresso/espresso.reference_output. Output/espresso.out-nat; \
	elif [ -f "/home/ed/mcsema-testing/llvm-test-suite/MultiSource/Benchmarks/MallocBench/espresso/espresso.reference_output.little-endian" ]; then \
	  cp /home/ed/mcsema-testing/llvm-test-suite/MultiSource/Benchmarks/MallocBench/espresso/espresso.reference_output.little-endian Output/espresso.out-nat; \
	elif [ -f "/home/ed/mcsema-testing/llvm-test-suite/MultiSource/Benchmarks/MallocBench/espresso/espresso.reference_output" ]; then \
	  cp /home/ed/mcsema-testing/llvm-test-suite/MultiSource/Benchmarks/MallocBench/espresso/espresso.reference_output Output/espresso.out-nat; \
	else \
	  printf "WARNING: %s: %s\n" "NO REFERENCE OUTPUT (using default)" "/home/ed/mcsema-testing/llvm-test-suite/MultiSource/Benchmarks/MallocBench/espresso/espresso.reference_output" > Output/espresso.out-nat; \
	  cp /home/ed/mcsema-testing/llvm-test-suite/default.reference_output Output/espresso.out-nat; \
	  cat Output/espresso.out-nat; \
	fi
# Pretend that the reference output was produced instantaneously.
cp /home/ed/mcsema-testing/llvm-test-suite/instant.txt Output/espresso.out-nat.time
/home/ed/mcsema-testing/llvm-test-suite/DiffOutput.sh "/home/ed/mcsema-testing/SANDBOX/test-2015-12-21_15-36-50/tools/fpcmp " simple espresso 
rm -f Output/espresso.exe-simple
cp Output/espresso.diff-simple Output/espresso.exe-simple
if test -f Output/espresso.extra-results.txt; then \
	  /home/ed/mcsema-testing/llvm-test-suite/ParseMultipleResults /home/ed/mcsema-testing/SANDBOX/test-2015-12-21_15-36-50/MultiSource/Benchmarks/MallocBench/espresso/espresso Output/espresso.extra-results.txt >> Output/espresso.simple.exec.report.txt; \
	fi
cat Output/espresso.simple.compile.report.txt Output/espresso.simple.exec.report.txt >> Output/espresso.simple.report.txt
---------------------------------------------------------------
>>> ========= '/home/ed/mcsema-testing/SANDBOX/test-2015-12-21_15-36-50/MultiSource/Benchmarks/MallocBench/espresso/espresso' Program
---------------------------------------------------------------

TEST-PASS: compile /home/ed/mcsema-testing/SANDBOX/test-2015-12-21_15-36-50/MultiSource/Benchmarks/MallocBench/espresso/espresso
TEST-RESULT-compile-success: pass
TEST-RESULT-compile-hash: d5d4b3fb444f2ed1ae6e35dedeb44981
TEST-RESULT-compile-time: user 3.914000
TEST-RESULT-compile-real-time: real 4.663200

TEST-PASS: exec /home/ed/mcsema-testing/SANDBOX/test-2015-12-21_15-36-50/MultiSource/Benchmarks/MallocBench/espresso/espresso
TEST-RESULT-exec-success: pass
TEST-RESULT-exec-time: user       0.3550
TEST-RESULT-exec-real-time: real       0.3589
make[5]: Leaving directory `/home/ed/mcsema-testing/SANDBOX/test-2015-12-21_15-36-50/MultiSource/Benchmarks/MallocBench/espresso'
make[5]: Entering directory `/home/ed/mcsema-testing/SANDBOX/test-2015-12-21_15-36-50/MultiSource/Benchmarks/MallocBench/gs'
/home/ed/mcsema-testing/llvm-test-suite/RunSafely.sh --show-errors -t "/home/ed/mcsema-testing/SANDBOX/test-2015-12-21_15-36-50/tools/timeit" 500 /dev/null Output/gdevmem.llvm.o.compile \
	  /usr/bin/clang -DNOMEMOPT -DGS_LIB_DEFAULT=\"/home/ed/mcsema-testing/llvm-test-suite/MultiSource/Benchmarks/MallocBench/gs:/home/ed/mcsema-testing/llvm-test-suite/MultiSource/Benchmarks/MallocBench/gs/fonts\" -DNOPRIVATE -I/home/ed/mcsema-testing/SANDBOX/test-2015-12-21_15-36-50/MultiSource/Benchmarks/MallocBench/gs -I/home/ed/mcsema-testing/llvm-test-suite/MultiSource/Benchmarks/MallocBench/gs -I/home/ed/mcsema-testing/llvm-test-suite/include -I../../../../include -D_GNU_SOURCE -D__STDC_LIMIT_MACROS -DNDEBUG -Wno-implicit-function-declaration -O3  -m64 -fomit-frame-pointer -c /home/ed/mcsema-testing/llvm-test-suite/MultiSource/Benchmarks/MallocBench/gs/gdevmem.c -o Output/gdevmem.llvm.o
/home/ed/mcsema-testing/llvm-test-suite/RunSafely.sh --show-errors -t "/home/ed/mcsema-testing/SANDBOX/test-2015-12-21_15-36-50/tools/timeit" 500 /dev/null Output/gdevs.llvm.o.compile \
	  /usr/bin/clang -DNOMEMOPT -DGS_LIB_DEFAULT=\"/home/ed/mcsema-testing/llvm-test-suite/MultiSource/Benchmarks/MallocBench/gs:/home/ed/mcsema-testing/llvm-test-suite/MultiSource/Benchmarks/MallocBench/gs/fonts\" -DNOPRIVATE -I/home/ed/mcsema-testing/SANDBOX/test-2015-12-21_15-36-50/MultiSource/Benchmarks/MallocBench/gs -I/home/ed/mcsema-testing/llvm-test-suite/MultiSource/Benchmarks/MallocBench/gs -I/home/ed/mcsema-testing/llvm-test-suite/include -I../../../../include -D_GNU_SOURCE -D__STDC_LIMIT_MACROS -DNDEBUG -Wno-implicit-function-declaration -O3  -m64 -fomit-frame-pointer -c /home/ed/mcsema-testing/llvm-test-suite/MultiSource/Benchmarks/MallocBench/gs/gdevs.c -o Output/gdevs.llvm.o
/home/ed/mcsema-testing/llvm-test-suite/RunSafely.sh --show-errors -t "/home/ed/mcsema-testing/SANDBOX/test-2015-12-21_15-36-50/tools/timeit" 500 /dev/null Output/gp_unix.llvm.o.compile \
	  /usr/bin/clang -DNOMEMOPT -DGS_LIB_DEFAULT=\"/home/ed/mcsema-testing/llvm-test-suite/MultiSource/Benchmarks/MallocBench/gs:/home/ed/mcsema-testing/llvm-test-suite/MultiSource/Benchmarks/MallocBench/gs/fonts\" -DNOPRIVATE -I/home/ed/mcsema-testing/SANDBOX/test-2015-12-21_15-36-50/MultiSource/Benchmarks/MallocBench/gs -I/home/ed/mcsema-testing/llvm-test-suite/MultiSource/Benchmarks/MallocBench/gs -I/home/ed/mcsema-testing/llvm-test-suite/include -I../../../../include -D_GNU_SOURCE -D__STDC_LIMIT_MACROS -DNDEBUG -Wno-implicit-function-declaration -O3  -m64 -fomit-frame-pointer -c /home/ed/mcsema-testing/llvm-test-suite/MultiSource/Benchmarks/MallocBench/gs/gp_unix.c -o Output/gp_unix.llvm.o
/home/ed/mcsema-testing/llvm-test-suite/RunSafely.sh --show-errors -t "/home/ed/mcsema-testing/SANDBOX/test-2015-12-21_15-36-50/tools/timeit" 500 /dev/null Output/gs.llvm.o.compile \
	  /usr/bin/clang -DNOMEMOPT -DGS_LIB_DEFAULT=\"/home/ed/mcsema-testing/llvm-test-suite/MultiSource/Benchmarks/MallocBench/gs:/home/ed/mcsema-testing/llvm-test-suite/MultiSource/Benchmarks/MallocBench/gs/fonts\" -DNOPRIVATE -I/home/ed/mcsema-testing/SANDBOX/test-2015-12-21_15-36-50/MultiSource/Benchmarks/MallocBench/gs -I/home/ed/mcsema-testing/llvm-test-suite/MultiSource/Benchmarks/MallocBench/gs -I/home/ed/mcsema-testing/llvm-test-suite/include -I../../../../include -D_GNU_SOURCE -D__STDC_LIMIT_MACROS -DNDEBUG -Wno-implicit-function-declaration -O3  -m64 -fomit-frame-pointer -c /home/ed/mcsema-testing/llvm-test-suite/MultiSource/Benchmarks/MallocBench/gs/gs.c -o Output/gs.llvm.o
/home/ed/mcsema-testing/llvm-test-suite/RunSafely.sh --show-errors -t "/home/ed/mcsema-testing/SANDBOX/test-2015-12-21_15-36-50/tools/timeit" 500 /dev/null Output/gschar.llvm.o.compile \
	  /usr/bin/clang -DNOMEMOPT -DGS_LIB_DEFAULT=\"/home/ed/mcsema-testing/llvm-test-suite/MultiSource/Benchmarks/MallocBench/gs:/home/ed/mcsema-testing/llvm-test-suite/MultiSource/Benchmarks/MallocBench/gs/fonts\" -DNOPRIVATE -I/home/ed/mcsema-testing/SANDBOX/test-2015-12-21_15-36-50/MultiSource/Benchmarks/MallocBench/gs -I/home/ed/mcsema-testing/llvm-test-suite/MultiSource/Benchmarks/MallocBench/gs -I/home/ed/mcsema-testing/llvm-test-suite/include -I../../../../include -D_GNU_SOURCE -D__STDC_LIMIT_MACROS -DNDEBUG -Wno-implicit-function-declaration -O3  -m64 -fomit-frame-pointer -c /home/ed/mcsema-testing/llvm-test-suite/MultiSource/Benchmarks/MallocBench/gs/gschar.c -o Output/gschar.llvm.o
/home/ed/mcsema-testing/llvm-test-suite/RunSafely.sh --show-errors -t "/home/ed/mcsema-testing/SANDBOX/test-2015-12-21_15-36-50/tools/timeit" 500 /dev/null Output/gscolor.llvm.o.compile \
	  /usr/bin/clang -DNOMEMOPT -DGS_LIB_DEFAULT=\"/home/ed/mcsema-testing/llvm-test-suite/MultiSource/Benchmarks/MallocBench/gs:/home/ed/mcsema-testing/llvm-test-suite/MultiSource/Benchmarks/MallocBench/gs/fonts\" -DNOPRIVATE -I/home/ed/mcsema-testing/SANDBOX/test-2015-12-21_15-36-50/MultiSource/Benchmarks/MallocBench/gs -I/home/ed/mcsema-testing/llvm-test-suite/MultiSource/Benchmarks/MallocBench/gs -I/home/ed/mcsema-testing/llvm-test-suite/include -I../../../../include -D_GNU_SOURCE -D__STDC_LIMIT_MACROS -DNDEBUG -Wno-implicit-function-declaration -O3  -m64 -fomit-frame-pointer -c /home/ed/mcsema-testing/llvm-test-suite/MultiSource/Benchmarks/MallocBench/gs/gscolor.c -o Output/gscolor.llvm.o
/home/ed/mcsema-testing/llvm-test-suite/RunSafely.sh --show-errors -t "/home/ed/mcsema-testing/SANDBOX/test-2015-12-21_15-36-50/tools/timeit" 500 /dev/null Output/gscoord.llvm.o.compile \
	  /usr/bin/clang -DNOMEMOPT -DGS_LIB_DEFAULT=\"/home/ed/mcsema-testing/llvm-test-suite/MultiSource/Benchmarks/MallocBench/gs:/home/ed/mcsema-testing/llvm-test-suite/MultiSource/Benchmarks/MallocBench/gs/fonts\" -DNOPRIVATE -I/home/ed/mcsema-testing/SANDBOX/test-2015-12-21_15-36-50/MultiSource/Benchmarks/MallocBench/gs -I/home/ed/mcsema-testing/llvm-test-suite/MultiSource/Benchmarks/MallocBench/gs -I/home/ed/mcsema-testing/llvm-test-suite/include -I../../../../include -D_GNU_SOURCE -D__STDC_LIMIT_MACROS -DNDEBUG -Wno-implicit-function-declaration -O3  -m64 -fomit-frame-pointer -c /home/ed/mcsema-testing/llvm-test-suite/MultiSource/Benchmarks/MallocBench/gs/gscoord.c -o Output/gscoord.llvm.o
/home/ed/mcsema-testing/llvm-test-suite/RunSafely.sh --show-errors -t "/home/ed/mcsema-testing/SANDBOX/test-2015-12-21_15-36-50/tools/timeit" 500 /dev/null Output/gsdevice.llvm.o.compile \
	  /usr/bin/clang -DNOMEMOPT -DGS_LIB_DEFAULT=\"/home/ed/mcsema-testing/llvm-test-suite/MultiSource/Benchmarks/MallocBench/gs:/home/ed/mcsema-testing/llvm-test-suite/MultiSource/Benchmarks/MallocBench/gs/fonts\" -DNOPRIVATE -I/home/ed/mcsema-testing/SANDBOX/test-2015-12-21_15-36-50/MultiSource/Benchmarks/MallocBench/gs -I/home/ed/mcsema-testing/llvm-test-suite/MultiSource/Benchmarks/MallocBench/gs -I/home/ed/mcsema-testing/llvm-test-suite/include -I../../../../include -D_GNU_SOURCE -D__STDC_LIMIT_MACROS -DNDEBUG -Wno-implicit-function-declaration -O3  -m64 -fomit-frame-pointer -c /home/ed/mcsema-testing/llvm-test-suite/MultiSource/Benchmarks/MallocBench/gs/gsdevice.c -o Output/gsdevice.llvm.o
/home/ed/mcsema-testing/llvm-test-suite/RunSafely.sh --show-errors -t "/home/ed/mcsema-testing/SANDBOX/test-2015-12-21_15-36-50/tools/timeit" 500 /dev/null Output/gsfile.llvm.o.compile \
	  /usr/bin/clang -DNOMEMOPT -DGS_LIB_DEFAULT=\"/home/ed/mcsema-testing/llvm-test-suite/MultiSource/Benchmarks/MallocBench/gs:/home/ed/mcsema-testing/llvm-test-suite/MultiSource/Benchmarks/MallocBench/gs/fonts\" -DNOPRIVATE -I/home/ed/mcsema-testing/SANDBOX/test-2015-12-21_15-36-50/MultiSource/Benchmarks/MallocBench/gs -I/home/ed/mcsema-testing/llvm-test-suite/MultiSource/Benchmarks/MallocBench/gs -I/home/ed/mcsema-testing/llvm-test-suite/include -I../../../../include -D_GNU_SOURCE -D__STDC_LIMIT_MACROS -DNDEBUG -Wno-implicit-function-declaration -O3  -m64 -fomit-frame-pointer -c /home/ed/mcsema-testing/llvm-test-suite/MultiSource/Benchmarks/MallocBench/gs/gsfile.c -o Output/gsfile.llvm.o
/home/ed/mcsema-testing/llvm-test-suite/RunSafely.sh --show-errors -t "/home/ed/mcsema-testing/SANDBOX/test-2015-12-21_15-36-50/tools/timeit" 500 /dev/null Output/gsfont.llvm.o.compile \
	  /usr/bin/clang -DNOMEMOPT -DGS_LIB_DEFAULT=\"/home/ed/mcsema-testing/llvm-test-suite/MultiSource/Benchmarks/MallocBench/gs:/home/ed/mcsema-testing/llvm-test-suite/MultiSource/Benchmarks/MallocBench/gs/fonts\" -DNOPRIVATE -I/home/ed/mcsema-testing/SANDBOX/test-2015-12-21_15-36-50/MultiSource/Benchmarks/MallocBench/gs -I/home/ed/mcsema-testing/llvm-test-suite/MultiSource/Benchmarks/MallocBench/gs -I/home/ed/mcsema-testing/llvm-test-suite/include -I../../../../include -D_GNU_SOURCE -D__STDC_LIMIT_MACROS -DNDEBUG -Wno-implicit-function-declaration -O3  -m64 -fomit-frame-pointer -c /home/ed/mcsema-testing/llvm-test-suite/MultiSource/Benchmarks/MallocBench/gs/gsfont.c -o Output/gsfont.llvm.o
/home/ed/mcsema-testing/llvm-test-suite/RunSafely.sh --show-errors -t "/home/ed/mcsema-testing/SANDBOX/test-2015-12-21_15-36-50/tools/timeit" 500 /dev/null Output/gsim2out.llvm.o.compile \
	  /usr/bin/clang -DNOMEMOPT -DGS_LIB_DEFAULT=\"/home/ed/mcsema-testing/llvm-test-suite/MultiSource/Benchmarks/MallocBench/gs:/home/ed/mcsema-testing/llvm-test-suite/MultiSource/Benchmarks/MallocBench/gs/fonts\" -DNOPRIVATE -I/home/ed/mcsema-testing/SANDBOX/test-2015-12-21_15-36-50/MultiSource/Benchmarks/MallocBench/gs -I/home/ed/mcsema-testing/llvm-test-suite/MultiSource/Benchmarks/MallocBench/gs -I/home/ed/mcsema-testing/llvm-test-suite/include -I../../../../include -D_GNU_SOURCE -D__STDC_LIMIT_MACROS -DNDEBUG -Wno-implicit-function-declaration -O3  -m64 -fomit-frame-pointer -c /home/ed/mcsema-testing/llvm-test-suite/MultiSource/Benchmarks/MallocBench/gs/gsim2out.c -o Output/gsim2out.llvm.o
/home/ed/mcsema-testing/llvm-test-suite/RunSafely.sh --show-errors -t "/home/ed/mcsema-testing/SANDBOX/test-2015-12-21_15-36-50/tools/timeit" 500 /dev/null Output/gsimage.llvm.o.compile \
	  /usr/bin/clang -DNOMEMOPT -DGS_LIB_DEFAULT=\"/home/ed/mcsema-testing/llvm-test-suite/MultiSource/Benchmarks/MallocBench/gs:/home/ed/mcsema-testing/llvm-test-suite/MultiSource/Benchmarks/MallocBench/gs/fonts\" -DNOPRIVATE -I/home/ed/mcsema-testing/SANDBOX/test-2015-12-21_15-36-50/MultiSource/Benchmarks/MallocBench/gs -I/home/ed/mcsema-testing/llvm-test-suite/MultiSource/Benchmarks/MallocBench/gs -I/home/ed/mcsema-testing/llvm-test-suite/include -I../../../../include -D_GNU_SOURCE -D__STDC_LIMIT_MACROS -DNDEBUG -Wno-implicit-function-declaration -O3  -m64 -fomit-frame-pointer -c /home/ed/mcsema-testing/llvm-test-suite/MultiSource/Benchmarks/MallocBench/gs/gsimage.c -o Output/gsimage.llvm.o
/home/ed/mcsema-testing/llvm-test-suite/RunSafely.sh --show-errors -t "/home/ed/mcsema-testing/SANDBOX/test-2015-12-21_15-36-50/tools/timeit" 500 /dev/null Output/gsline.llvm.o.compile \
	  /usr/bin/clang -DNOMEMOPT -DGS_LIB_DEFAULT=\"/home/ed/mcsema-testing/llvm-test-suite/MultiSource/Benchmarks/MallocBench/gs:/home/ed/mcsema-testing/llvm-test-suite/MultiSource/Benchmarks/MallocBench/gs/fonts\" -DNOPRIVATE -I/home/ed/mcsema-testing/SANDBOX/test-2015-12-21_15-36-50/MultiSource/Benchmarks/MallocBench/gs -I/home/ed/mcsema-testing/llvm-test-suite/MultiSource/Benchmarks/MallocBench/gs -I/home/ed/mcsema-testing/llvm-test-suite/include -I../../../../include -D_GNU_SOURCE -D__STDC_LIMIT_MACROS -DNDEBUG -Wno-implicit-function-declaration -O3  -m64 -fomit-frame-pointer -c /home/ed/mcsema-testing/llvm-test-suite/MultiSource/Benchmarks/MallocBench/gs/gsline.c -o Output/gsline.llvm.o
/home/ed/mcsema-testing/llvm-test-suite/RunSafely.sh --show-errors -t "/home/ed/mcsema-testing/SANDBOX/test-2015-12-21_15-36-50/tools/timeit" 500 /dev/null Output/gsmain.llvm.o.compile \
	  /usr/bin/clang -DNOMEMOPT -DGS_LIB_DEFAULT=\"/home/ed/mcsema-testing/llvm-test-suite/MultiSource/Benchmarks/MallocBench/gs:/home/ed/mcsema-testing/llvm-test-suite/MultiSource/Benchmarks/MallocBench/gs/fonts\" -DNOPRIVATE -I/home/ed/mcsema-testing/SANDBOX/test-2015-12-21_15-36-50/MultiSource/Benchmarks/MallocBench/gs -I/home/ed/mcsema-testing/llvm-test-suite/MultiSource/Benchmarks/MallocBench/gs -I/home/ed/mcsema-testing/llvm-test-suite/include -I../../../../include -D_GNU_SOURCE -D__STDC_LIMIT_MACROS -DNDEBUG -Wno-implicit-function-declaration -O3  -m64 -fomit-frame-pointer -c /home/ed/mcsema-testing/llvm-test-suite/MultiSource/Benchmarks/MallocBench/gs/gsmain.c -o Output/gsmain.llvm.o
/home/ed/mcsema-testing/llvm-test-suite/RunSafely.sh --show-errors -t "/home/ed/mcsema-testing/SANDBOX/test-2015-12-21_15-36-50/tools/timeit" 500 /dev/null Output/gsmatrix.llvm.o.compile \
	  /usr/bin/clang -DNOMEMOPT -DGS_LIB_DEFAULT=\"/home/ed/mcsema-testing/llvm-test-suite/MultiSource/Benchmarks/MallocBench/gs:/home/ed/mcsema-testing/llvm-test-suite/MultiSource/Benchmarks/MallocBench/gs/fonts\" -DNOPRIVATE -I/home/ed/mcsema-testing/SANDBOX/test-2015-12-21_15-36-50/MultiSource/Benchmarks/MallocBench/gs -I/home/ed/mcsema-testing/llvm-test-suite/MultiSource/Benchmarks/MallocBench/gs -I/home/ed/mcsema-testing/llvm-test-suite/include -I../../../../include -D_GNU_SOURCE -D__STDC_LIMIT_MACROS -DNDEBUG -Wno-implicit-function-declaration -O3  -m64 -fomit-frame-pointer -c /home/ed/mcsema-testing/llvm-test-suite/MultiSource/Benchmarks/MallocBench/gs/gsmatrix.c -o Output/gsmatrix.llvm.o
/home/ed/mcsema-testing/llvm-test-suite/RunSafely.sh --show-errors -t "/home/ed/mcsema-testing/SANDBOX/test-2015-12-21_15-36-50/tools/timeit" 500 /dev/null Output/gsmisc.llvm.o.compile \
	  /usr/bin/clang -DNOMEMOPT -DGS_LIB_DEFAULT=\"/home/ed/mcsema-testing/llvm-test-suite/MultiSource/Benchmarks/MallocBench/gs:/home/ed/mcsema-testing/llvm-test-suite/MultiSource/Benchmarks/MallocBench/gs/fonts\" -DNOPRIVATE -I/home/ed/mcsema-testing/SANDBOX/test-2015-12-21_15-36-50/MultiSource/Benchmarks/MallocBench/gs -I/home/ed/mcsema-testing/llvm-test-suite/MultiSource/Benchmarks/MallocBench/gs -I/home/ed/mcsema-testing/llvm-test-suite/include -I../../../../include -D_GNU_SOURCE -D__STDC_LIMIT_MACROS -DNDEBUG -Wno-implicit-function-declaration -O3  -m64 -fomit-frame-pointer -c /home/ed/mcsema-testing/llvm-test-suite/MultiSource/Benchmarks/MallocBench/gs/gsmisc.c -o Output/gsmisc.llvm.o
/home/ed/mcsema-testing/llvm-test-suite/RunSafely.sh --show-errors -t "/home/ed/mcsema-testing/SANDBOX/test-2015-12-21_15-36-50/tools/timeit" 500 /dev/null Output/gspaint.llvm.o.compile \
	  /usr/bin/clang -DNOMEMOPT -DGS_LIB_DEFAULT=\"/home/ed/mcsema-testing/llvm-test-suite/MultiSource/Benchmarks/MallocBench/gs:/home/ed/mcsema-testing/llvm-test-suite/MultiSource/Benchmarks/MallocBench/gs/fonts\" -DNOPRIVATE -I/home/ed/mcsema-testing/SANDBOX/test-2015-12-21_15-36-50/MultiSource/Benchmarks/MallocBench/gs -I/home/ed/mcsema-testing/llvm-test-suite/MultiSource/Benchmarks/MallocBench/gs -I/home/ed/mcsema-testing/llvm-test-suite/include -I../../../../include -D_GNU_SOURCE -D__STDC_LIMIT_MACROS -DNDEBUG -Wno-implicit-function-declaration -O3  -m64 -fomit-frame-pointer -c /home/ed/mcsema-testing/llvm-test-suite/MultiSource/Benchmarks/MallocBench/gs/gspaint.c -o Output/gspaint.llvm.o
/home/ed/mcsema-testing/llvm-test-suite/RunSafely.sh --show-errors -t "/home/ed/mcsema-testing/SANDBOX/test-2015-12-21_15-36-50/tools/timeit" 500 /dev/null Output/gspath.llvm.o.compile \
	  /usr/bin/clang -DNOMEMOPT -DGS_LIB_DEFAULT=\"/home/ed/mcsema-testing/llvm-test-suite/MultiSource/Benchmarks/MallocBench/gs:/home/ed/mcsema-testing/llvm-test-suite/MultiSource/Benchmarks/MallocBench/gs/fonts\" -DNOPRIVATE -I/home/ed/mcsema-testing/SANDBOX/test-2015-12-21_15-36-50/MultiSource/Benchmarks/MallocBench/gs -I/home/ed/mcsema-testing/llvm-test-suite/MultiSource/Benchmarks/MallocBench/gs -I/home/ed/mcsema-testing/llvm-test-suite/include -I../../../../include -D_GNU_SOURCE -D__STDC_LIMIT_MACROS -DNDEBUG -Wno-implicit-function-declaration -O3  -m64 -fomit-frame-pointer -c /home/ed/mcsema-testing/llvm-test-suite/MultiSource/Benchmarks/MallocBench/gs/gspath.c -o Output/gspath.llvm.o
/home/ed/mcsema-testing/llvm-test-suite/RunSafely.sh --show-errors -t "/home/ed/mcsema-testing/SANDBOX/test-2015-12-21_15-36-50/tools/timeit" 500 /dev/null Output/gspath2.llvm.o.compile \
	  /usr/bin/clang -DNOMEMOPT -DGS_LIB_DEFAULT=\"/home/ed/mcsema-testing/llvm-test-suite/MultiSource/Benchmarks/MallocBench/gs:/home/ed/mcsema-testing/llvm-test-suite/MultiSource/Benchmarks/MallocBench/gs/fonts\" -DNOPRIVATE -I/home/ed/mcsema-testing/SANDBOX/test-2015-12-21_15-36-50/MultiSource/Benchmarks/MallocBench/gs -I/home/ed/mcsema-testing/llvm-test-suite/MultiSource/Benchmarks/MallocBench/gs -I/home/ed/mcsema-testing/llvm-test-suite/include -I../../../../include -D_GNU_SOURCE -D__STDC_LIMIT_MACROS -DNDEBUG -Wno-implicit-function-declaration -O3  -m64 -fomit-frame-pointer -c /home/ed/mcsema-testing/llvm-test-suite/MultiSource/Benchmarks/MallocBench/gs/gspath2.c -o Output/gspath2.llvm.o
/home/ed/mcsema-testing/llvm-test-suite/RunSafely.sh --show-errors -t "/home/ed/mcsema-testing/SANDBOX/test-2015-12-21_15-36-50/tools/timeit" 500 /dev/null Output/gsstate.llvm.o.compile \
	  /usr/bin/clang -DNOMEMOPT -DGS_LIB_DEFAULT=\"/home/ed/mcsema-testing/llvm-test-suite/MultiSource/Benchmarks/MallocBench/gs:/home/ed/mcsema-testing/llvm-test-suite/MultiSource/Benchmarks/MallocBench/gs/fonts\" -DNOPRIVATE -I/home/ed/mcsema-testing/SANDBOX/test-2015-12-21_15-36-50/MultiSource/Benchmarks/MallocBench/gs -I/home/ed/mcsema-testing/llvm-test-suite/MultiSource/Benchmarks/MallocBench/gs -I/home/ed/mcsema-testing/llvm-test-suite/include -I../../../../include -D_GNU_SOURCE -D__STDC_LIMIT_MACROS -DNDEBUG -Wno-implicit-function-declaration -O3  -m64 -fomit-frame-pointer -c /home/ed/mcsema-testing/llvm-test-suite/MultiSource/Benchmarks/MallocBench/gs/gsstate.c -o Output/gsstate.llvm.o
/home/ed/mcsema-testing/llvm-test-suite/RunSafely.sh --show-errors -t "/home/ed/mcsema-testing/SANDBOX/test-2015-12-21_15-36-50/tools/timeit" 500 /dev/null Output/gstype1.llvm.o.compile \
	  /usr/bin/clang -DNOMEMOPT -DGS_LIB_DEFAULT=\"/home/ed/mcsema-testing/llvm-test-suite/MultiSource/Benchmarks/MallocBench/gs:/home/ed/mcsema-testing/llvm-test-suite/MultiSource/Benchmarks/MallocBench/gs/fonts\" -DNOPRIVATE -I/home/ed/mcsema-testing/SANDBOX/test-2015-12-21_15-36-50/MultiSource/Benchmarks/MallocBench/gs -I/home/ed/mcsema-testing/llvm-test-suite/MultiSource/Benchmarks/MallocBench/gs -I/home/ed/mcsema-testing/llvm-test-suite/include -I../../../../include -D_GNU_SOURCE -D__STDC_LIMIT_MACROS -DNDEBUG -Wno-implicit-function-declaration -O3  -m64 -fomit-frame-pointer -c /home/ed/mcsema-testing/llvm-test-suite/MultiSource/Benchmarks/MallocBench/gs/gstype1.c -o Output/gstype1.llvm.o
/home/ed/mcsema-testing/llvm-test-suite/RunSafely.sh --show-errors -t "/home/ed/mcsema-testing/SANDBOX/test-2015-12-21_15-36-50/tools/timeit" 500 /dev/null Output/gxcache.llvm.o.compile \
	  /usr/bin/clang -DNOMEMOPT -DGS_LIB_DEFAULT=\"/home/ed/mcsema-testing/llvm-test-suite/MultiSource/Benchmarks/MallocBench/gs:/home/ed/mcsema-testing/llvm-test-suite/MultiSource/Benchmarks/MallocBench/gs/fonts\" -DNOPRIVATE -I/home/ed/mcsema-testing/SANDBOX/test-2015-12-21_15-36-50/MultiSource/Benchmarks/MallocBench/gs -I/home/ed/mcsema-testing/llvm-test-suite/MultiSource/Benchmarks/MallocBench/gs -I/home/ed/mcsema-testing/llvm-test-suite/include -I../../../../include -D_GNU_SOURCE -D__STDC_LIMIT_MACROS -DNDEBUG -Wno-implicit-function-declaration -O3  -m64 -fomit-frame-pointer -c /home/ed/mcsema-testing/llvm-test-suite/MultiSource/Benchmarks/MallocBench/gs/gxcache.c -o Output/gxcache.llvm.o
/home/ed/mcsema-testing/llvm-test-suite/RunSafely.sh --show-errors -t "/home/ed/mcsema-testing/SANDBOX/test-2015-12-21_15-36-50/tools/timeit" 500 /dev/null Output/gxcolor.llvm.o.compile \
	  /usr/bin/clang -DNOMEMOPT -DGS_LIB_DEFAULT=\"/home/ed/mcsema-testing/llvm-test-suite/MultiSource/Benchmarks/MallocBench/gs:/home/ed/mcsema-testing/llvm-test-suite/MultiSource/Benchmarks/MallocBench/gs/fonts\" -DNOPRIVATE -I/home/ed/mcsema-testing/SANDBOX/test-2015-12-21_15-36-50/MultiSource/Benchmarks/MallocBench/gs -I/home/ed/mcsema-testing/llvm-test-suite/MultiSource/Benchmarks/MallocBench/gs -I/home/ed/mcsema-testing/llvm-test-suite/include -I../../../../include -D_GNU_SOURCE -D__STDC_LIMIT_MACROS -DNDEBUG -Wno-implicit-function-declaration -O3  -m64 -fomit-frame-pointer -c /home/ed/mcsema-testing/llvm-test-suite/MultiSource/Benchmarks/MallocBench/gs/gxcolor.c -o Output/gxcolor.llvm.o
/home/ed/mcsema-testing/llvm-test-suite/RunSafely.sh --show-errors -t "/home/ed/mcsema-testing/SANDBOX/test-2015-12-21_15-36-50/tools/timeit" 500 /dev/null Output/gxdither.llvm.o.compile \
	  /usr/bin/clang -DNOMEMOPT -DGS_LIB_DEFAULT=\"/home/ed/mcsema-testing/llvm-test-suite/MultiSource/Benchmarks/MallocBench/gs:/home/ed/mcsema-testing/llvm-test-suite/MultiSource/Benchmarks/MallocBench/gs/fonts\" -DNOPRIVATE -I/home/ed/mcsema-testing/SANDBOX/test-2015-12-21_15-36-50/MultiSource/Benchmarks/MallocBench/gs -I/home/ed/mcsema-testing/llvm-test-suite/MultiSource/Benchmarks/MallocBench/gs -I/home/ed/mcsema-testing/llvm-test-suite/include -I../../../../include -D_GNU_SOURCE -D__STDC_LIMIT_MACROS -DNDEBUG -Wno-implicit-function-declaration -O3  -m64 -fomit-frame-pointer -c /home/ed/mcsema-testing/llvm-test-suite/MultiSource/Benchmarks/MallocBench/gs/gxdither.c -o Output/gxdither.llvm.o
/home/ed/mcsema-testing/llvm-test-suite/RunSafely.sh --show-errors -t "/home/ed/mcsema-testing/SANDBOX/test-2015-12-21_15-36-50/tools/timeit" 500 /dev/null Output/gxdraw.llvm.o.compile \
	  /usr/bin/clang -DNOMEMOPT -DGS_LIB_DEFAULT=\"/home/ed/mcsema-testing/llvm-test-suite/MultiSource/Benchmarks/MallocBench/gs:/home/ed/mcsema-testing/llvm-test-suite/MultiSource/Benchmarks/MallocBench/gs/fonts\" -DNOPRIVATE -I/home/ed/mcsema-testing/SANDBOX/test-2015-12-21_15-36-50/MultiSource/Benchmarks/MallocBench/gs -I/home/ed/mcsema-testing/llvm-test-suite/MultiSource/Benchmarks/MallocBench/gs -I/home/ed/mcsema-testing/llvm-test-suite/include -I../../../../include -D_GNU_SOURCE -D__STDC_LIMIT_MACROS -DNDEBUG -Wno-implicit-function-declaration -O3  -m64 -fomit-frame-pointer -c /home/ed/mcsema-testing/llvm-test-suite/MultiSource/Benchmarks/MallocBench/gs/gxdraw.c -o Output/gxdraw.llvm.o
/home/ed/mcsema-testing/llvm-test-suite/RunSafely.sh --show-errors -t "/home/ed/mcsema-testing/SANDBOX/test-2015-12-21_15-36-50/tools/timeit" 500 /dev/null Output/gxfill.llvm.o.compile \
	  /usr/bin/clang -DNOMEMOPT -DGS_LIB_DEFAULT=\"/home/ed/mcsema-testing/llvm-test-suite/MultiSource/Benchmarks/MallocBench/gs:/home/ed/mcsema-testing/llvm-test-suite/MultiSource/Benchmarks/MallocBench/gs/fonts\" -DNOPRIVATE -I/home/ed/mcsema-testing/SANDBOX/test-2015-12-21_15-36-50/MultiSource/Benchmarks/MallocBench/gs -I/home/ed/mcsema-testing/llvm-test-suite/MultiSource/Benchmarks/MallocBench/gs -I/home/ed/mcsema-testing/llvm-test-suite/include -I../../../../include -D_GNU_SOURCE -D__STDC_LIMIT_MACROS -DNDEBUG -Wno-implicit-function-declaration -O3  -m64 -fomit-frame-pointer -c /home/ed/mcsema-testing/llvm-test-suite/MultiSource/Benchmarks/MallocBench/gs/gxfill.c -o Output/gxfill.llvm.o
/home/ed/mcsema-testing/llvm-test-suite/RunSafely.sh --show-errors -t "/home/ed/mcsema-testing/SANDBOX/test-2015-12-21_15-36-50/tools/timeit" 500 /dev/null Output/gxht.llvm.o.compile \
	  /usr/bin/clang -DNOMEMOPT -DGS_LIB_DEFAULT=\"/home/ed/mcsema-testing/llvm-test-suite/MultiSource/Benchmarks/MallocBench/gs:/home/ed/mcsema-testing/llvm-test-suite/MultiSource/Benchmarks/MallocBench/gs/fonts\" -DNOPRIVATE -I/home/ed/mcsema-testing/SANDBOX/test-2015-12-21_15-36-50/MultiSource/Benchmarks/MallocBench/gs -I/home/ed/mcsema-testing/llvm-test-suite/MultiSource/Benchmarks/MallocBench/gs -I/home/ed/mcsema-testing/llvm-test-suite/include -I../../../../include -D_GNU_SOURCE -D__STDC_LIMIT_MACROS -DNDEBUG -Wno-implicit-function-declaration -O3  -m64 -fomit-frame-pointer -c /home/ed/mcsema-testing/llvm-test-suite/MultiSource/Benchmarks/MallocBench/gs/gxht.c -o Output/gxht.llvm.o
/home/ed/mcsema-testing/llvm-test-suite/RunSafely.sh --show-errors -t "/home/ed/mcsema-testing/SANDBOX/test-2015-12-21_15-36-50/tools/timeit" 500 /dev/null Output/gxpath.llvm.o.compile \
	  /usr/bin/clang -DNOMEMOPT -DGS_LIB_DEFAULT=\"/home/ed/mcsema-testing/llvm-test-suite/MultiSource/Benchmarks/MallocBench/gs:/home/ed/mcsema-testing/llvm-test-suite/MultiSource/Benchmarks/MallocBench/gs/fonts\" -DNOPRIVATE -I/home/ed/mcsema-testing/SANDBOX/test-2015-12-21_15-36-50/MultiSource/Benchmarks/MallocBench/gs -I/home/ed/mcsema-testing/llvm-test-suite/MultiSource/Benchmarks/MallocBench/gs -I/home/ed/mcsema-testing/llvm-test-suite/include -I../../../../include -D_GNU_SOURCE -D__STDC_LIMIT_MACROS -DNDEBUG -Wno-implicit-function-declaration -O3  -m64 -fomit-frame-pointer -c /home/ed/mcsema-testing/llvm-test-suite/MultiSource/Benchmarks/MallocBench/gs/gxpath.c -o Output/gxpath.llvm.o
/home/ed/mcsema-testing/llvm-test-suite/RunSafely.sh --show-errors -t "/home/ed/mcsema-testing/SANDBOX/test-2015-12-21_15-36-50/tools/timeit" 500 /dev/null Output/gxpath2.llvm.o.compile \
	  /usr/bin/clang -DNOMEMOPT -DGS_LIB_DEFAULT=\"/home/ed/mcsema-testing/llvm-test-suite/MultiSource/Benchmarks/MallocBench/gs:/home/ed/mcsema-testing/llvm-test-suite/MultiSource/Benchmarks/MallocBench/gs/fonts\" -DNOPRIVATE -I/home/ed/mcsema-testing/SANDBOX/test-2015-12-21_15-36-50/MultiSource/Benchmarks/MallocBench/gs -I/home/ed/mcsema-testing/llvm-test-suite/MultiSource/Benchmarks/MallocBench/gs -I/home/ed/mcsema-testing/llvm-test-suite/include -I../../../../include -D_GNU_SOURCE -D__STDC_LIMIT_MACROS -DNDEBUG -Wno-implicit-function-declaration -O3  -m64 -fomit-frame-pointer -c /home/ed/mcsema-testing/llvm-test-suite/MultiSource/Benchmarks/MallocBench/gs/gxpath2.c -o Output/gxpath2.llvm.o
/home/ed/mcsema-testing/llvm-test-suite/RunSafely.sh --show-errors -t "/home/ed/mcsema-testing/SANDBOX/test-2015-12-21_15-36-50/tools/timeit" 500 /dev/null Output/gxstroke.llvm.o.compile \
	  /usr/bin/clang -DNOMEMOPT -DGS_LIB_DEFAULT=\"/home/ed/mcsema-testing/llvm-test-suite/MultiSource/Benchmarks/MallocBench/gs:/home/ed/mcsema-testing/llvm-test-suite/MultiSource/Benchmarks/MallocBench/gs/fonts\" -DNOPRIVATE -I/home/ed/mcsema-testing/SANDBOX/test-2015-12-21_15-36-50/MultiSource/Benchmarks/MallocBench/gs -I/home/ed/mcsema-testing/llvm-test-suite/MultiSource/Benchmarks/MallocBench/gs -I/home/ed/mcsema-testing/llvm-test-suite/include -I../../../../include -D_GNU_SOURCE -D__STDC_LIMIT_MACROS -DNDEBUG -Wno-implicit-function-declaration -O3  -m64 -fomit-frame-pointer -c /home/ed/mcsema-testing/llvm-test-suite/MultiSource/Benchmarks/MallocBench/gs/gxstroke.c -o Output/gxstroke.llvm.o
/home/ed/mcsema-testing/llvm-test-suite/RunSafely.sh --show-errors -t "/home/ed/mcsema-testing/SANDBOX/test-2015-12-21_15-36-50/tools/timeit" 500 /dev/null Output/ialloc.llvm.o.compile \
	  /usr/bin/clang -DNOMEMOPT -DGS_LIB_DEFAULT=\"/home/ed/mcsema-testing/llvm-test-suite/MultiSource/Benchmarks/MallocBench/gs:/home/ed/mcsema-testing/llvm-test-suite/MultiSource/Benchmarks/MallocBench/gs/fonts\" -DNOPRIVATE -I/home/ed/mcsema-testing/SANDBOX/test-2015-12-21_15-36-50/MultiSource/Benchmarks/MallocBench/gs -I/home/ed/mcsema-testing/llvm-test-suite/MultiSource/Benchmarks/MallocBench/gs -I/home/ed/mcsema-testing/llvm-test-suite/include -I../../../../include -D_GNU_SOURCE -D__STDC_LIMIT_MACROS -DNDEBUG -Wno-implicit-function-declaration -O3  -m64 -fomit-frame-pointer -c /home/ed/mcsema-testing/llvm-test-suite/MultiSource/Benchmarks/MallocBench/gs/ialloc.c -o Output/ialloc.llvm.o
/home/ed/mcsema-testing/llvm-test-suite/RunSafely.sh --show-errors -t "/home/ed/mcsema-testing/SANDBOX/test-2015-12-21_15-36-50/tools/timeit" 500 /dev/null Output/idebug.llvm.o.compile \
	  /usr/bin/clang -DNOMEMOPT -DGS_LIB_DEFAULT=\"/home/ed/mcsema-testing/llvm-test-suite/MultiSource/Benchmarks/MallocBench/gs:/home/ed/mcsema-testing/llvm-test-suite/MultiSource/Benchmarks/MallocBench/gs/fonts\" -DNOPRIVATE -I/home/ed/mcsema-testing/SANDBOX/test-2015-12-21_15-36-50/MultiSource/Benchmarks/MallocBench/gs -I/home/ed/mcsema-testing/llvm-test-suite/MultiSource/Benchmarks/MallocBench/gs -I/home/ed/mcsema-testing/llvm-test-suite/include -I../../../../include -D_GNU_SOURCE -D__STDC_LIMIT_MACROS -DNDEBUG -Wno-implicit-function-declaration -O3  -m64 -fomit-frame-pointer -c /home/ed/mcsema-testing/llvm-test-suite/MultiSource/Benchmarks/MallocBench/gs/idebug.c -o Output/idebug.llvm.o
/home/ed/mcsema-testing/llvm-test-suite/RunSafely.sh --show-errors -t "/home/ed/mcsema-testing/SANDBOX/test-2015-12-21_15-36-50/tools/timeit" 500 /dev/null Output/idict.llvm.o.compile \
	  /usr/bin/clang -DNOMEMOPT -DGS_LIB_DEFAULT=\"/home/ed/mcsema-testing/llvm-test-suite/MultiSource/Benchmarks/MallocBench/gs:/home/ed/mcsema-testing/llvm-test-suite/MultiSource/Benchmarks/MallocBench/gs/fonts\" -DNOPRIVATE -I/home/ed/mcsema-testing/SANDBOX/test-2015-12-21_15-36-50/MultiSource/Benchmarks/MallocBench/gs -I/home/ed/mcsema-testing/llvm-test-suite/MultiSource/Benchmarks/MallocBench/gs -I/home/ed/mcsema-testing/llvm-test-suite/include -I../../../../include -D_GNU_SOURCE -D__STDC_LIMIT_MACROS -DNDEBUG -Wno-implicit-function-declaration -O3  -m64 -fomit-frame-pointer -c /home/ed/mcsema-testing/llvm-test-suite/MultiSource/Benchmarks/MallocBench/gs/idict.c -o Output/idict.llvm.o
/home/ed/mcsema-testing/llvm-test-suite/RunSafely.sh --show-errors -t "/home/ed/mcsema-testing/SANDBOX/test-2015-12-21_15-36-50/tools/timeit" 500 /dev/null Output/iinit.llvm.o.compile \
	  /usr/bin/clang -DNOMEMOPT -DGS_LIB_DEFAULT=\"/home/ed/mcsema-testing/llvm-test-suite/MultiSource/Benchmarks/MallocBench/gs:/home/ed/mcsema-testing/llvm-test-suite/MultiSource/Benchmarks/MallocBench/gs/fonts\" -DNOPRIVATE -I/home/ed/mcsema-testing/SANDBOX/test-2015-12-21_15-36-50/MultiSource/Benchmarks/MallocBench/gs -I/home/ed/mcsema-testing/llvm-test-suite/MultiSource/Benchmarks/MallocBench/gs -I/home/ed/mcsema-testing/llvm-test-suite/include -I../../../../include -D_GNU_SOURCE -D__STDC_LIMIT_MACROS -DNDEBUG -Wno-implicit-function-declaration -O3  -m64 -fomit-frame-pointer -c /home/ed/mcsema-testing/llvm-test-suite/MultiSource/Benchmarks/MallocBench/gs/iinit.c -o Output/iinit.llvm.o
/home/ed/mcsema-testing/llvm-test-suite/RunSafely.sh --show-errors -t "/home/ed/mcsema-testing/SANDBOX/test-2015-12-21_15-36-50/tools/timeit" 500 /dev/null Output/iname.llvm.o.compile \
	  /usr/bin/clang -DNOMEMOPT -DGS_LIB_DEFAULT=\"/home/ed/mcsema-testing/llvm-test-suite/MultiSource/Benchmarks/MallocBench/gs:/home/ed/mcsema-testing/llvm-test-suite/MultiSource/Benchmarks/MallocBench/gs/fonts\" -DNOPRIVATE -I/home/ed/mcsema-testing/SANDBOX/test-2015-12-21_15-36-50/MultiSource/Benchmarks/MallocBench/gs -I/home/ed/mcsema-testing/llvm-test-suite/MultiSource/Benchmarks/MallocBench/gs -I/home/ed/mcsema-testing/llvm-test-suite/include -I../../../../include -D_GNU_SOURCE -D__STDC_LIMIT_MACROS -DNDEBUG -Wno-implicit-function-declaration -O3  -m64 -fomit-frame-pointer -c /home/ed/mcsema-testing/llvm-test-suite/MultiSource/Benchmarks/MallocBench/gs/iname.c -o Output/iname.llvm.o
/home/ed/mcsema-testing/llvm-test-suite/RunSafely.sh --show-errors -t "/home/ed/mcsema-testing/SANDBOX/test-2015-12-21_15-36-50/tools/timeit" 500 /dev/null Output/interp.llvm.o.compile \
	  /usr/bin/clang -DNOMEMOPT -DGS_LIB_DEFAULT=\"/home/ed/mcsema-testing/llvm-test-suite/MultiSource/Benchmarks/MallocBench/gs:/home/ed/mcsema-testing/llvm-test-suite/MultiSource/Benchmarks/MallocBench/gs/fonts\" -DNOPRIVATE -I/home/ed/mcsema-testing/SANDBOX/test-2015-12-21_15-36-50/MultiSource/Benchmarks/MallocBench/gs -I/home/ed/mcsema-testing/llvm-test-suite/MultiSource/Benchmarks/MallocBench/gs -I/home/ed/mcsema-testing/llvm-test-suite/include -I../../../../include -D_GNU_SOURCE -D__STDC_LIMIT_MACROS -DNDEBUG -Wno-implicit-function-declaration -O3  -m64 -fomit-frame-pointer -c /home/ed/mcsema-testing/llvm-test-suite/MultiSource/Benchmarks/MallocBench/gs/interp.c -o Output/interp.llvm.o
/home/ed/mcsema-testing/llvm-test-suite/RunSafely.sh --show-errors -t "/home/ed/mcsema-testing/SANDBOX/test-2015-12-21_15-36-50/tools/timeit" 500 /dev/null Output/iscan.llvm.o.compile \
	  /usr/bin/clang -DNOMEMOPT -DGS_LIB_DEFAULT=\"/home/ed/mcsema-testing/llvm-test-suite/MultiSource/Benchmarks/MallocBench/gs:/home/ed/mcsema-testing/llvm-test-suite/MultiSource/Benchmarks/MallocBench/gs/fonts\" -DNOPRIVATE -I/home/ed/mcsema-testing/SANDBOX/test-2015-12-21_15-36-50/MultiSource/Benchmarks/MallocBench/gs -I/home/ed/mcsema-testing/llvm-test-suite/MultiSource/Benchmarks/MallocBench/gs -I/home/ed/mcsema-testing/llvm-test-suite/include -I../../../../include -D_GNU_SOURCE -D__STDC_LIMIT_MACROS -DNDEBUG -Wno-implicit-function-declaration -O3  -m64 -fomit-frame-pointer -c /home/ed/mcsema-testing/llvm-test-suite/MultiSource/Benchmarks/MallocBench/gs/iscan.c -o Output/iscan.llvm.o
/home/ed/mcsema-testing/llvm-test-suite/RunSafely.sh --show-errors -t "/home/ed/mcsema-testing/SANDBOX/test-2015-12-21_15-36-50/tools/timeit" 500 /dev/null Output/iutil.llvm.o.compile \
	  /usr/bin/clang -DNOMEMOPT -DGS_LIB_DEFAULT=\"/home/ed/mcsema-testing/llvm-test-suite/MultiSource/Benchmarks/MallocBench/gs:/home/ed/mcsema-testing/llvm-test-suite/MultiSource/Benchmarks/MallocBench/gs/fonts\" -DNOPRIVATE -I/home/ed/mcsema-testing/SANDBOX/test-2015-12-21_15-36-50/MultiSource/Benchmarks/MallocBench/gs -I/home/ed/mcsema-testing/llvm-test-suite/MultiSource/Benchmarks/MallocBench/gs -I/home/ed/mcsema-testing/llvm-test-suite/include -I../../../../include -D_GNU_SOURCE -D__STDC_LIMIT_MACROS -DNDEBUG -Wno-implicit-function-declaration -O3  -m64 -fomit-frame-pointer -c /home/ed/mcsema-testing/llvm-test-suite/MultiSource/Benchmarks/MallocBench/gs/iutil.c -o Output/iutil.llvm.o
/home/ed/mcsema-testing/llvm-test-suite/RunSafely.sh --show-errors -t "/home/ed/mcsema-testing/SANDBOX/test-2015-12-21_15-36-50/tools/timeit" 500 /dev/null Output/stream.llvm.o.compile \
	  /usr/bin/clang -DNOMEMOPT -DGS_LIB_DEFAULT=\"/home/ed/mcsema-testing/llvm-test-suite/MultiSource/Benchmarks/MallocBench/gs:/home/ed/mcsema-testing/llvm-test-suite/MultiSource/Benchmarks/MallocBench/gs/fonts\" -DNOPRIVATE -I/home/ed/mcsema-testing/SANDBOX/test-2015-12-21_15-36-50/MultiSource/Benchmarks/MallocBench/gs -I/home/ed/mcsema-testing/llvm-test-suite/MultiSource/Benchmarks/MallocBench/gs -I/home/ed/mcsema-testing/llvm-test-suite/include -I../../../../include -D_GNU_SOURCE -D__STDC_LIMIT_MACROS -DNDEBUG -Wno-implicit-function-declaration -O3  -m64 -fomit-frame-pointer -c /home/ed/mcsema-testing/llvm-test-suite/MultiSource/Benchmarks/MallocBench/gs/stream.c -o Output/stream.llvm.o
/home/ed/mcsema-testing/llvm-test-suite/RunSafely.sh --show-errors -t "/home/ed/mcsema-testing/SANDBOX/test-2015-12-21_15-36-50/tools/timeit" 500 /dev/null Output/utrace.llvm.o.compile \
	  /usr/bin/clang -DNOMEMOPT -DGS_LIB_DEFAULT=\"/home/ed/mcsema-testing/llvm-test-suite/MultiSource/Benchmarks/MallocBench/gs:/home/ed/mcsema-testing/llvm-test-suite/MultiSource/Benchmarks/MallocBench/gs/fonts\" -DNOPRIVATE -I/home/ed/mcsema-testing/SANDBOX/test-2015-12-21_15-36-50/MultiSource/Benchmarks/MallocBench/gs -I/home/ed/mcsema-testing/llvm-test-suite/MultiSource/Benchmarks/MallocBench/gs -I/home/ed/mcsema-testing/llvm-test-suite/include -I../../../../include -D_GNU_SOURCE -D__STDC_LIMIT_MACROS -DNDEBUG -Wno-implicit-function-declaration -O3  -m64 -fomit-frame-pointer -c /home/ed/mcsema-testing/llvm-test-suite/MultiSource/Benchmarks/MallocBench/gs/utrace.c -o Output/utrace.llvm.o
/home/ed/mcsema-testing/llvm-test-suite/RunSafely.sh --show-errors -t "/home/ed/mcsema-testing/SANDBOX/test-2015-12-21_15-36-50/tools/timeit" 500 /dev/null Output/zarith.llvm.o.compile \
	  /usr/bin/clang -DNOMEMOPT -DGS_LIB_DEFAULT=\"/home/ed/mcsema-testing/llvm-test-suite/MultiSource/Benchmarks/MallocBench/gs:/home/ed/mcsema-testing/llvm-test-suite/MultiSource/Benchmarks/MallocBench/gs/fonts\" -DNOPRIVATE -I/home/ed/mcsema-testing/SANDBOX/test-2015-12-21_15-36-50/MultiSource/Benchmarks/MallocBench/gs -I/home/ed/mcsema-testing/llvm-test-suite/MultiSource/Benchmarks/MallocBench/gs -I/home/ed/mcsema-testing/llvm-test-suite/include -I../../../../include -D_GNU_SOURCE -D__STDC_LIMIT_MACROS -DNDEBUG -Wno-implicit-function-declaration -O3  -m64 -fomit-frame-pointer -c /home/ed/mcsema-testing/llvm-test-suite/MultiSource/Benchmarks/MallocBench/gs/zarith.c -o Output/zarith.llvm.o
/home/ed/mcsema-testing/llvm-test-suite/RunSafely.sh --show-errors -t "/home/ed/mcsema-testing/SANDBOX/test-2015-12-21_15-36-50/tools/timeit" 500 /dev/null Output/zarray.llvm.o.compile \
	  /usr/bin/clang -DNOMEMOPT -DGS_LIB_DEFAULT=\"/home/ed/mcsema-testing/llvm-test-suite/MultiSource/Benchmarks/MallocBench/gs:/home/ed/mcsema-testing/llvm-test-suite/MultiSource/Benchmarks/MallocBench/gs/fonts\" -DNOPRIVATE -I/home/ed/mcsema-testing/SANDBOX/test-2015-12-21_15-36-50/MultiSource/Benchmarks/MallocBench/gs -I/home/ed/mcsema-testing/llvm-test-suite/MultiSource/Benchmarks/MallocBench/gs -I/home/ed/mcsema-testing/llvm-test-suite/include -I../../../../include -D_GNU_SOURCE -D__STDC_LIMIT_MACROS -DNDEBUG -Wno-implicit-function-declaration -O3  -m64 -fomit-frame-pointer -c /home/ed/mcsema-testing/llvm-test-suite/MultiSource/Benchmarks/MallocBench/gs/zarray.c -o Output/zarray.llvm.o
/home/ed/mcsema-testing/llvm-test-suite/RunSafely.sh --show-errors -t "/home/ed/mcsema-testing/SANDBOX/test-2015-12-21_15-36-50/tools/timeit" 500 /dev/null Output/zchar.llvm.o.compile \
	  /usr/bin/clang -DNOMEMOPT -DGS_LIB_DEFAULT=\"/home/ed/mcsema-testing/llvm-test-suite/MultiSource/Benchmarks/MallocBench/gs:/home/ed/mcsema-testing/llvm-test-suite/MultiSource/Benchmarks/MallocBench/gs/fonts\" -DNOPRIVATE -I/home/ed/mcsema-testing/SANDBOX/test-2015-12-21_15-36-50/MultiSource/Benchmarks/MallocBench/gs -I/home/ed/mcsema-testing/llvm-test-suite/MultiSource/Benchmarks/MallocBench/gs -I/home/ed/mcsema-testing/llvm-test-suite/include -I../../../../include -D_GNU_SOURCE -D__STDC_LIMIT_MACROS -DNDEBUG -Wno-implicit-function-declaration -O3  -m64 -fomit-frame-pointer -c /home/ed/mcsema-testing/llvm-test-suite/MultiSource/Benchmarks/MallocBench/gs/zchar.c -o Output/zchar.llvm.o
/home/ed/mcsema-testing/llvm-test-suite/RunSafely.sh --show-errors -t "/home/ed/mcsema-testing/SANDBOX/test-2015-12-21_15-36-50/tools/timeit" 500 /dev/null Output/zcolor.llvm.o.compile \
	  /usr/bin/clang -DNOMEMOPT -DGS_LIB_DEFAULT=\"/home/ed/mcsema-testing/llvm-test-suite/MultiSource/Benchmarks/MallocBench/gs:/home/ed/mcsema-testing/llvm-test-suite/MultiSource/Benchmarks/MallocBench/gs/fonts\" -DNOPRIVATE -I/home/ed/mcsema-testing/SANDBOX/test-2015-12-21_15-36-50/MultiSource/Benchmarks/MallocBench/gs -I/home/ed/mcsema-testing/llvm-test-suite/MultiSource/Benchmarks/MallocBench/gs -I/home/ed/mcsema-testing/llvm-test-suite/include -I../../../../include -D_GNU_SOURCE -D__STDC_LIMIT_MACROS -DNDEBUG -Wno-implicit-function-declaration -O3  -m64 -fomit-frame-pointer -c /home/ed/mcsema-testing/llvm-test-suite/MultiSource/Benchmarks/MallocBench/gs/zcolor.c -o Output/zcolor.llvm.o
/home/ed/mcsema-testing/llvm-test-suite/RunSafely.sh --show-errors -t "/home/ed/mcsema-testing/SANDBOX/test-2015-12-21_15-36-50/tools/timeit" 500 /dev/null Output/zcontrol.llvm.o.compile \
	  /usr/bin/clang -DNOMEMOPT -DGS_LIB_DEFAULT=\"/home/ed/mcsema-testing/llvm-test-suite/MultiSource/Benchmarks/MallocBench/gs:/home/ed/mcsema-testing/llvm-test-suite/MultiSource/Benchmarks/MallocBench/gs/fonts\" -DNOPRIVATE -I/home/ed/mcsema-testing/SANDBOX/test-2015-12-21_15-36-50/MultiSource/Benchmarks/MallocBench/gs -I/home/ed/mcsema-testing/llvm-test-suite/MultiSource/Benchmarks/MallocBench/gs -I/home/ed/mcsema-testing/llvm-test-suite/include -I../../../../include -D_GNU_SOURCE -D__STDC_LIMIT_MACROS -DNDEBUG -Wno-implicit-function-declaration -O3  -m64 -fomit-frame-pointer -c /home/ed/mcsema-testing/llvm-test-suite/MultiSource/Benchmarks/MallocBench/gs/zcontrol.c -o Output/zcontrol.llvm.o
/home/ed/mcsema-testing/llvm-test-suite/RunSafely.sh --show-errors -t "/home/ed/mcsema-testing/SANDBOX/test-2015-12-21_15-36-50/tools/timeit" 500 /dev/null Output/zdevice.llvm.o.compile \
	  /usr/bin/clang -DNOMEMOPT -DGS_LIB_DEFAULT=\"/home/ed/mcsema-testing/llvm-test-suite/MultiSource/Benchmarks/MallocBench/gs:/home/ed/mcsema-testing/llvm-test-suite/MultiSource/Benchmarks/MallocBench/gs/fonts\" -DNOPRIVATE -I/home/ed/mcsema-testing/SANDBOX/test-2015-12-21_15-36-50/MultiSource/Benchmarks/MallocBench/gs -I/home/ed/mcsema-testing/llvm-test-suite/MultiSource/Benchmarks/MallocBench/gs -I/home/ed/mcsema-testing/llvm-test-suite/include -I../../../../include -D_GNU_SOURCE -D__STDC_LIMIT_MACROS -DNDEBUG -Wno-implicit-function-declaration -O3  -m64 -fomit-frame-pointer -c /home/ed/mcsema-testing/llvm-test-suite/MultiSource/Benchmarks/MallocBench/gs/zdevice.c -o Output/zdevice.llvm.o
/home/ed/mcsema-testing/llvm-test-suite/RunSafely.sh --show-errors -t "/home/ed/mcsema-testing/SANDBOX/test-2015-12-21_15-36-50/tools/timeit" 500 /dev/null Output/zdict.llvm.o.compile \
	  /usr/bin/clang -DNOMEMOPT -DGS_LIB_DEFAULT=\"/home/ed/mcsema-testing/llvm-test-suite/MultiSource/Benchmarks/MallocBench/gs:/home/ed/mcsema-testing/llvm-test-suite/MultiSource/Benchmarks/MallocBench/gs/fonts\" -DNOPRIVATE -I/home/ed/mcsema-testing/SANDBOX/test-2015-12-21_15-36-50/MultiSource/Benchmarks/MallocBench/gs -I/home/ed/mcsema-testing/llvm-test-suite/MultiSource/Benchmarks/MallocBench/gs -I/home/ed/mcsema-testing/llvm-test-suite/include -I../../../../include -D_GNU_SOURCE -D__STDC_LIMIT_MACROS -DNDEBUG -Wno-implicit-function-declaration -O3  -m64 -fomit-frame-pointer -c /home/ed/mcsema-testing/llvm-test-suite/MultiSource/Benchmarks/MallocBench/gs/zdict.c -o Output/zdict.llvm.o
/home/ed/mcsema-testing/llvm-test-suite/RunSafely.sh --show-errors -t "/home/ed/mcsema-testing/SANDBOX/test-2015-12-21_15-36-50/tools/timeit" 500 /dev/null Output/zfile.llvm.o.compile \
	  /usr/bin/clang -DNOMEMOPT -DGS_LIB_DEFAULT=\"/home/ed/mcsema-testing/llvm-test-suite/MultiSource/Benchmarks/MallocBench/gs:/home/ed/mcsema-testing/llvm-test-suite/MultiSource/Benchmarks/MallocBench/gs/fonts\" -DNOPRIVATE -I/home/ed/mcsema-testing/SANDBOX/test-2015-12-21_15-36-50/MultiSource/Benchmarks/MallocBench/gs -I/home/ed/mcsema-testing/llvm-test-suite/MultiSource/Benchmarks/MallocBench/gs -I/home/ed/mcsema-testing/llvm-test-suite/include -I../../../../include -D_GNU_SOURCE -D__STDC_LIMIT_MACROS -DNDEBUG -Wno-implicit-function-declaration -O3  -m64 -fomit-frame-pointer -c /home/ed/mcsema-testing/llvm-test-suite/MultiSource/Benchmarks/MallocBench/gs/zfile.c -o Output/zfile.llvm.o
/home/ed/mcsema-testing/llvm-test-suite/RunSafely.sh --show-errors -t "/home/ed/mcsema-testing/SANDBOX/test-2015-12-21_15-36-50/tools/timeit" 500 /dev/null Output/zfont.llvm.o.compile \
	  /usr/bin/clang -DNOMEMOPT -DGS_LIB_DEFAULT=\"/home/ed/mcsema-testing/llvm-test-suite/MultiSource/Benchmarks/MallocBench/gs:/home/ed/mcsema-testing/llvm-test-suite/MultiSource/Benchmarks/MallocBench/gs/fonts\" -DNOPRIVATE -I/home/ed/mcsema-testing/SANDBOX/test-2015-12-21_15-36-50/MultiSource/Benchmarks/MallocBench/gs -I/home/ed/mcsema-testing/llvm-test-suite/MultiSource/Benchmarks/MallocBench/gs -I/home/ed/mcsema-testing/llvm-test-suite/include -I../../../../include -D_GNU_SOURCE -D__STDC_LIMIT_MACROS -DNDEBUG -Wno-implicit-function-declaration -O3  -m64 -fomit-frame-pointer -c /home/ed/mcsema-testing/llvm-test-suite/MultiSource/Benchmarks/MallocBench/gs/zfont.c -o Output/zfont.llvm.o
/home/ed/mcsema-testing/llvm-test-suite/RunSafely.sh --show-errors -t "/home/ed/mcsema-testing/SANDBOX/test-2015-12-21_15-36-50/tools/timeit" 500 /dev/null Output/zgeneric.llvm.o.compile \
	  /usr/bin/clang -DNOMEMOPT -DGS_LIB_DEFAULT=\"/home/ed/mcsema-testing/llvm-test-suite/MultiSource/Benchmarks/MallocBench/gs:/home/ed/mcsema-testing/llvm-test-suite/MultiSource/Benchmarks/MallocBench/gs/fonts\" -DNOPRIVATE -I/home/ed/mcsema-testing/SANDBOX/test-2015-12-21_15-36-50/MultiSource/Benchmarks/MallocBench/gs -I/home/ed/mcsema-testing/llvm-test-suite/MultiSource/Benchmarks/MallocBench/gs -I/home/ed/mcsema-testing/llvm-test-suite/include -I../../../../include -D_GNU_SOURCE -D__STDC_LIMIT_MACROS -DNDEBUG -Wno-implicit-function-declaration -O3  -m64 -fomit-frame-pointer -c /home/ed/mcsema-testing/llvm-test-suite/MultiSource/Benchmarks/MallocBench/gs/zgeneric.c -o Output/zgeneric.llvm.o
/home/ed/mcsema-testing/llvm-test-suite/RunSafely.sh --show-errors -t "/home/ed/mcsema-testing/SANDBOX/test-2015-12-21_15-36-50/tools/timeit" 500 /dev/null Output/zgstate.llvm.o.compile \
	  /usr/bin/clang -DNOMEMOPT -DGS_LIB_DEFAULT=\"/home/ed/mcsema-testing/llvm-test-suite/MultiSource/Benchmarks/MallocBench/gs:/home/ed/mcsema-testing/llvm-test-suite/MultiSource/Benchmarks/MallocBench/gs/fonts\" -DNOPRIVATE -I/home/ed/mcsema-testing/SANDBOX/test-2015-12-21_15-36-50/MultiSource/Benchmarks/MallocBench/gs -I/home/ed/mcsema-testing/llvm-test-suite/MultiSource/Benchmarks/MallocBench/gs -I/home/ed/mcsema-testing/llvm-test-suite/include -I../../../../include -D_GNU_SOURCE -D__STDC_LIMIT_MACROS -DNDEBUG -Wno-implicit-function-declaration -O3  -m64 -fomit-frame-pointer -c /home/ed/mcsema-testing/llvm-test-suite/MultiSource/Benchmarks/MallocBench/gs/zgstate.c -o Output/zgstate.llvm.o
/home/ed/mcsema-testing/llvm-test-suite/RunSafely.sh --show-errors -t "/home/ed/mcsema-testing/SANDBOX/test-2015-12-21_15-36-50/tools/timeit" 500 /dev/null Output/zht.llvm.o.compile \
	  /usr/bin/clang -DNOMEMOPT -DGS_LIB_DEFAULT=\"/home/ed/mcsema-testing/llvm-test-suite/MultiSource/Benchmarks/MallocBench/gs:/home/ed/mcsema-testing/llvm-test-suite/MultiSource/Benchmarks/MallocBench/gs/fonts\" -DNOPRIVATE -I/home/ed/mcsema-testing/SANDBOX/test-2015-12-21_15-36-50/MultiSource/Benchmarks/MallocBench/gs -I/home/ed/mcsema-testing/llvm-test-suite/MultiSource/Benchmarks/MallocBench/gs -I/home/ed/mcsema-testing/llvm-test-suite/include -I../../../../include -D_GNU_SOURCE -D__STDC_LIMIT_MACROS -DNDEBUG -Wno-implicit-function-declaration -O3  -m64 -fomit-frame-pointer -c /home/ed/mcsema-testing/llvm-test-suite/MultiSource/Benchmarks/MallocBench/gs/zht.c -o Output/zht.llvm.o
/home/ed/mcsema-testing/llvm-test-suite/RunSafely.sh --show-errors -t "/home/ed/mcsema-testing/SANDBOX/test-2015-12-21_15-36-50/tools/timeit" 500 /dev/null Output/zmath.llvm.o.compile \
	  /usr/bin/clang -DNOMEMOPT -DGS_LIB_DEFAULT=\"/home/ed/mcsema-testing/llvm-test-suite/MultiSource/Benchmarks/MallocBench/gs:/home/ed/mcsema-testing/llvm-test-suite/MultiSource/Benchmarks/MallocBench/gs/fonts\" -DNOPRIVATE -I/home/ed/mcsema-testing/SANDBOX/test-2015-12-21_15-36-50/MultiSource/Benchmarks/MallocBench/gs -I/home/ed/mcsema-testing/llvm-test-suite/MultiSource/Benchmarks/MallocBench/gs -I/home/ed/mcsema-testing/llvm-test-suite/include -I../../../../include -D_GNU_SOURCE -D__STDC_LIMIT_MACROS -DNDEBUG -Wno-implicit-function-declaration -O3  -m64 -fomit-frame-pointer -c /home/ed/mcsema-testing/llvm-test-suite/MultiSource/Benchmarks/MallocBench/gs/zmath.c -o Output/zmath.llvm.o
/home/ed/mcsema-testing/llvm-test-suite/RunSafely.sh --show-errors -t "/home/ed/mcsema-testing/SANDBOX/test-2015-12-21_15-36-50/tools/timeit" 500 /dev/null Output/zmatrix.llvm.o.compile \
	  /usr/bin/clang -DNOMEMOPT -DGS_LIB_DEFAULT=\"/home/ed/mcsema-testing/llvm-test-suite/MultiSource/Benchmarks/MallocBench/gs:/home/ed/mcsema-testing/llvm-test-suite/MultiSource/Benchmarks/MallocBench/gs/fonts\" -DNOPRIVATE -I/home/ed/mcsema-testing/SANDBOX/test-2015-12-21_15-36-50/MultiSource/Benchmarks/MallocBench/gs -I/home/ed/mcsema-testing/llvm-test-suite/MultiSource/Benchmarks/MallocBench/gs -I/home/ed/mcsema-testing/llvm-test-suite/include -I../../../../include -D_GNU_SOURCE -D__STDC_LIMIT_MACROS -DNDEBUG -Wno-implicit-function-declaration -O3  -m64 -fomit-frame-pointer -c /home/ed/mcsema-testing/llvm-test-suite/MultiSource/Benchmarks/MallocBench/gs/zmatrix.c -o Output/zmatrix.llvm.o
/home/ed/mcsema-testing/llvm-test-suite/RunSafely.sh --show-errors -t "/home/ed/mcsema-testing/SANDBOX/test-2015-12-21_15-36-50/tools/timeit" 500 /dev/null Output/zmisc.llvm.o.compile \
	  /usr/bin/clang -DNOMEMOPT -DGS_LIB_DEFAULT=\"/home/ed/mcsema-testing/llvm-test-suite/MultiSource/Benchmarks/MallocBench/gs:/home/ed/mcsema-testing/llvm-test-suite/MultiSource/Benchmarks/MallocBench/gs/fonts\" -DNOPRIVATE -I/home/ed/mcsema-testing/SANDBOX/test-2015-12-21_15-36-50/MultiSource/Benchmarks/MallocBench/gs -I/home/ed/mcsema-testing/llvm-test-suite/MultiSource/Benchmarks/MallocBench/gs -I/home/ed/mcsema-testing/llvm-test-suite/include -I../../../../include -D_GNU_SOURCE -D__STDC_LIMIT_MACROS -DNDEBUG -Wno-implicit-function-declaration -O3  -m64 -fomit-frame-pointer -c /home/ed/mcsema-testing/llvm-test-suite/MultiSource/Benchmarks/MallocBench/gs/zmisc.c -o Output/zmisc.llvm.o
/home/ed/mcsema-testing/llvm-test-suite/RunSafely.sh --show-errors -t "/home/ed/mcsema-testing/SANDBOX/test-2015-12-21_15-36-50/tools/timeit" 500 /dev/null Output/zpacked.llvm.o.compile \
	  /usr/bin/clang -DNOMEMOPT -DGS_LIB_DEFAULT=\"/home/ed/mcsema-testing/llvm-test-suite/MultiSource/Benchmarks/MallocBench/gs:/home/ed/mcsema-testing/llvm-test-suite/MultiSource/Benchmarks/MallocBench/gs/fonts\" -DNOPRIVATE -I/home/ed/mcsema-testing/SANDBOX/test-2015-12-21_15-36-50/MultiSource/Benchmarks/MallocBench/gs -I/home/ed/mcsema-testing/llvm-test-suite/MultiSource/Benchmarks/MallocBench/gs -I/home/ed/mcsema-testing/llvm-test-suite/include -I../../../../include -D_GNU_SOURCE -D__STDC_LIMIT_MACROS -DNDEBUG -Wno-implicit-function-declaration -O3  -m64 -fomit-frame-pointer -c /home/ed/mcsema-testing/llvm-test-suite/MultiSource/Benchmarks/MallocBench/gs/zpacked.c -o Output/zpacked.llvm.o
/home/ed/mcsema-testing/llvm-test-suite/RunSafely.sh --show-errors -t "/home/ed/mcsema-testing/SANDBOX/test-2015-12-21_15-36-50/tools/timeit" 500 /dev/null Output/zpaint.llvm.o.compile \
	  /usr/bin/clang -DNOMEMOPT -DGS_LIB_DEFAULT=\"/home/ed/mcsema-testing/llvm-test-suite/MultiSource/Benchmarks/MallocBench/gs:/home/ed/mcsema-testing/llvm-test-suite/MultiSource/Benchmarks/MallocBench/gs/fonts\" -DNOPRIVATE -I/home/ed/mcsema-testing/SANDBOX/test-2015-12-21_15-36-50/MultiSource/Benchmarks/MallocBench/gs -I/home/ed/mcsema-testing/llvm-test-suite/MultiSource/Benchmarks/MallocBench/gs -I/home/ed/mcsema-testing/llvm-test-suite/include -I../../../../include -D_GNU_SOURCE -D__STDC_LIMIT_MACROS -DNDEBUG -Wno-implicit-function-declaration -O3  -m64 -fomit-frame-pointer -c /home/ed/mcsema-testing/llvm-test-suite/MultiSource/Benchmarks/MallocBench/gs/zpaint.c -o Output/zpaint.llvm.o
/home/ed/mcsema-testing/llvm-test-suite/RunSafely.sh --show-errors -t "/home/ed/mcsema-testing/SANDBOX/test-2015-12-21_15-36-50/tools/timeit" 500 /dev/null Output/zpath.llvm.o.compile \
	  /usr/bin/clang -DNOMEMOPT -DGS_LIB_DEFAULT=\"/home/ed/mcsema-testing/llvm-test-suite/MultiSource/Benchmarks/MallocBench/gs:/home/ed/mcsema-testing/llvm-test-suite/MultiSource/Benchmarks/MallocBench/gs/fonts\" -DNOPRIVATE -I/home/ed/mcsema-testing/SANDBOX/test-2015-12-21_15-36-50/MultiSource/Benchmarks/MallocBench/gs -I/home/ed/mcsema-testing/llvm-test-suite/MultiSource/Benchmarks/MallocBench/gs -I/home/ed/mcsema-testing/llvm-test-suite/include -I../../../../include -D_GNU_SOURCE -D__STDC_LIMIT_MACROS -DNDEBUG -Wno-implicit-function-declaration -O3  -m64 -fomit-frame-pointer -c /home/ed/mcsema-testing/llvm-test-suite/MultiSource/Benchmarks/MallocBench/gs/zpath.c -o Output/zpath.llvm.o
/home/ed/mcsema-testing/llvm-test-suite/RunSafely.sh --show-errors -t "/home/ed/mcsema-testing/SANDBOX/test-2015-12-21_15-36-50/tools/timeit" 500 /dev/null Output/zpath2.llvm.o.compile \
	  /usr/bin/clang -DNOMEMOPT -DGS_LIB_DEFAULT=\"/home/ed/mcsema-testing/llvm-test-suite/MultiSource/Benchmarks/MallocBench/gs:/home/ed/mcsema-testing/llvm-test-suite/MultiSource/Benchmarks/MallocBench/gs/fonts\" -DNOPRIVATE -I/home/ed/mcsema-testing/SANDBOX/test-2015-12-21_15-36-50/MultiSource/Benchmarks/MallocBench/gs -I/home/ed/mcsema-testing/llvm-test-suite/MultiSource/Benchmarks/MallocBench/gs -I/home/ed/mcsema-testing/llvm-test-suite/include -I../../../../include -D_GNU_SOURCE -D__STDC_LIMIT_MACROS -DNDEBUG -Wno-implicit-function-declaration -O3  -m64 -fomit-frame-pointer -c /home/ed/mcsema-testing/llvm-test-suite/MultiSource/Benchmarks/MallocBench/gs/zpath2.c -o Output/zpath2.llvm.o
/home/ed/mcsema-testing/llvm-test-suite/RunSafely.sh --show-errors -t "/home/ed/mcsema-testing/SANDBOX/test-2015-12-21_15-36-50/tools/timeit" 500 /dev/null Output/zrelbit.llvm.o.compile \
	  /usr/bin/clang -DNOMEMOPT -DGS_LIB_DEFAULT=\"/home/ed/mcsema-testing/llvm-test-suite/MultiSource/Benchmarks/MallocBench/gs:/home/ed/mcsema-testing/llvm-test-suite/MultiSource/Benchmarks/MallocBench/gs/fonts\" -DNOPRIVATE -I/home/ed/mcsema-testing/SANDBOX/test-2015-12-21_15-36-50/MultiSource/Benchmarks/MallocBench/gs -I/home/ed/mcsema-testing/llvm-test-suite/MultiSource/Benchmarks/MallocBench/gs -I/home/ed/mcsema-testing/llvm-test-suite/include -I../../../../include -D_GNU_SOURCE -D__STDC_LIMIT_MACROS -DNDEBUG -Wno-implicit-function-declaration -O3  -m64 -fomit-frame-pointer -c /home/ed/mcsema-testing/llvm-test-suite/MultiSource/Benchmarks/MallocBench/gs/zrelbit.c -o Output/zrelbit.llvm.o
/home/ed/mcsema-testing/llvm-test-suite/RunSafely.sh --show-errors -t "/home/ed/mcsema-testing/SANDBOX/test-2015-12-21_15-36-50/tools/timeit" 500 /dev/null Output/zstack.llvm.o.compile \
	  /usr/bin/clang -DNOMEMOPT -DGS_LIB_DEFAULT=\"/home/ed/mcsema-testing/llvm-test-suite/MultiSource/Benchmarks/MallocBench/gs:/home/ed/mcsema-testing/llvm-test-suite/MultiSource/Benchmarks/MallocBench/gs/fonts\" -DNOPRIVATE -I/home/ed/mcsema-testing/SANDBOX/test-2015-12-21_15-36-50/MultiSource/Benchmarks/MallocBench/gs -I/home/ed/mcsema-testing/llvm-test-suite/MultiSource/Benchmarks/MallocBench/gs -I/home/ed/mcsema-testing/llvm-test-suite/include -I../../../../include -D_GNU_SOURCE -D__STDC_LIMIT_MACROS -DNDEBUG -Wno-implicit-function-declaration -O3  -m64 -fomit-frame-pointer -c /home/ed/mcsema-testing/llvm-test-suite/MultiSource/Benchmarks/MallocBench/gs/zstack.c -o Output/zstack.llvm.o
/home/ed/mcsema-testing/llvm-test-suite/RunSafely.sh --show-errors -t "/home/ed/mcsema-testing/SANDBOX/test-2015-12-21_15-36-50/tools/timeit" 500 /dev/null Output/zstring.llvm.o.compile \
	  /usr/bin/clang -DNOMEMOPT -DGS_LIB_DEFAULT=\"/home/ed/mcsema-testing/llvm-test-suite/MultiSource/Benchmarks/MallocBench/gs:/home/ed/mcsema-testing/llvm-test-suite/MultiSource/Benchmarks/MallocBench/gs/fonts\" -DNOPRIVATE -I/home/ed/mcsema-testing/SANDBOX/test-2015-12-21_15-36-50/MultiSource/Benchmarks/MallocBench/gs -I/home/ed/mcsema-testing/llvm-test-suite/MultiSource/Benchmarks/MallocBench/gs -I/home/ed/mcsema-testing/llvm-test-suite/include -I../../../../include -D_GNU_SOURCE -D__STDC_LIMIT_MACROS -DNDEBUG -Wno-implicit-function-declaration -O3  -m64 -fomit-frame-pointer -c /home/ed/mcsema-testing/llvm-test-suite/MultiSource/Benchmarks/MallocBench/gs/zstring.c -o Output/zstring.llvm.o
/home/ed/mcsema-testing/llvm-test-suite/RunSafely.sh --show-errors -t "/home/ed/mcsema-testing/SANDBOX/test-2015-12-21_15-36-50/tools/timeit" 500 /dev/null Output/ztype.llvm.o.compile \
	  /usr/bin/clang -DNOMEMOPT -DGS_LIB_DEFAULT=\"/home/ed/mcsema-testing/llvm-test-suite/MultiSource/Benchmarks/MallocBench/gs:/home/ed/mcsema-testing/llvm-test-suite/MultiSource/Benchmarks/MallocBench/gs/fonts\" -DNOPRIVATE -I/home/ed/mcsema-testing/SANDBOX/test-2015-12-21_15-36-50/MultiSource/Benchmarks/MallocBench/gs -I/home/ed/mcsema-testing/llvm-test-suite/MultiSource/Benchmarks/MallocBench/gs -I/home/ed/mcsema-testing/llvm-test-suite/include -I../../../../include -D_GNU_SOURCE -D__STDC_LIMIT_MACROS -DNDEBUG -Wno-implicit-function-declaration -O3  -m64 -fomit-frame-pointer -c /home/ed/mcsema-testing/llvm-test-suite/MultiSource/Benchmarks/MallocBench/gs/ztype.c -o Output/ztype.llvm.o
/home/ed/mcsema-testing/llvm-test-suite/RunSafely.sh --show-errors -t "/home/ed/mcsema-testing/SANDBOX/test-2015-12-21_15-36-50/tools/timeit" 500 /dev/null Output/zvmem.llvm.o.compile \
	  /usr/bin/clang -DNOMEMOPT -DGS_LIB_DEFAULT=\"/home/ed/mcsema-testing/llvm-test-suite/MultiSource/Benchmarks/MallocBench/gs:/home/ed/mcsema-testing/llvm-test-suite/MultiSource/Benchmarks/MallocBench/gs/fonts\" -DNOPRIVATE -I/home/ed/mcsema-testing/SANDBOX/test-2015-12-21_15-36-50/MultiSource/Benchmarks/MallocBench/gs -I/home/ed/mcsema-testing/llvm-test-suite/MultiSource/Benchmarks/MallocBench/gs -I/home/ed/mcsema-testing/llvm-test-suite/include -I../../../../include -D_GNU_SOURCE -D__STDC_LIMIT_MACROS -DNDEBUG -Wno-implicit-function-declaration -O3  -m64 -fomit-frame-pointer -c /home/ed/mcsema-testing/llvm-test-suite/MultiSource/Benchmarks/MallocBench/gs/zvmem.c -o Output/zvmem.llvm.o
/usr/bin/clang++ -o Output/gs.simple Output/gdevmem.llvm.o Output/gdevs.llvm.o Output/gp_unix.llvm.o Output/gs.llvm.o Output/gschar.llvm.o Output/gscolor.llvm.o Output/gscoord.llvm.o Output/gsdevice.llvm.o Output/gsfile.llvm.o Output/gsfont.llvm.o Output/gsim2out.llvm.o Output/gsimage.llvm.o Output/gsline.llvm.o Output/gsmain.llvm.o Output/gsmatrix.llvm.o Output/gsmisc.llvm.o Output/gspaint.llvm.o Output/gspath.llvm.o Output/gspath2.llvm.o Output/gsstate.llvm.o Output/gstype1.llvm.o Output/gxcache.llvm.o Output/gxcolor.llvm.o Output/gxdither.llvm.o Output/gxdraw.llvm.o Output/gxfill.llvm.o Output/gxht.llvm.o Output/gxpath.llvm.o Output/gxpath2.llvm.o Output/gxstroke.llvm.o Output/ialloc.llvm.o Output/idebug.llvm.o Output/idict.llvm.o Output/iinit.llvm.o Output/iname.llvm.o Output/interp.llvm.o Output/iscan.llvm.o Output/iutil.llvm.o Output/stream.llvm.o Output/utrace.llvm.o Output/zarith.llvm.o Output/zarray.llvm.o Output/zchar.llvm.o Output/zcolor.llvm.o Output/zcontrol.llvm.o Output/zdevice.llvm.o Output/zdict.llvm.o Output/zfile.llvm.o Output/zfont.llvm.o Output/zgeneric.llvm.o Output/zgstate.llvm.o Output/zht.llvm.o Output/zmath.llvm.o Output/zmatrix.llvm.o Output/zmisc.llvm.o Output/zpacked.llvm.o Output/zpaint.llvm.o Output/zpath.llvm.o Output/zpath2.llvm.o Output/zrelbit.llvm.o Output/zstack.llvm.o Output/zstring.llvm.o Output/ztype.llvm.o Output/zvmem.llvm.o -lm -Wno-implicit-function-declaration  -m64 -fomit-frame-pointer
/home/ed/mcsema-testing/llvm-test-suite/RunSafely.sh -t "/home/ed/mcsema-testing/SANDBOX/test-2015-12-21_15-36-50/tools/timeit-target" 500 /dev/null Output/gs.out-simple Output/gs.simple -DNODISPLAY /home/ed/mcsema-testing/llvm-test-suite/MultiSource/Benchmarks/MallocBench/gs/INPUT/large.ps
cp Output/gs.simple Output/gs.simple-hash; \
	strip --remove-section=.comment --remove-section='.note*' Output/gs.simple-hash; \
	/home/ed/mcsema-testing/llvm-test-suite/HashProgramOutput.sh Output/gs.simple-hash
if [ -f "/home/ed/mcsema-testing/llvm-test-suite/MultiSource/Benchmarks/MallocBench/gs/gs.reference_output.little-endian." ]; then \
	  cp /home/ed/mcsema-testing/llvm-test-suite/MultiSource/Benchmarks/MallocBench/gs/gs.reference_output.little-endian. Output/gs.out-nat; \
	elif [ -f "/home/ed/mcsema-testing/llvm-test-suite/MultiSource/Benchmarks/MallocBench/gs/gs.reference_output." ]; then \
	  cp /home/ed/mcsema-testing/llvm-test-suite/MultiSource/Benchmarks/MallocBench/gs/gs.reference_output. Output/gs.out-nat; \
	elif [ -f "/home/ed/mcsema-testing/llvm-test-suite/MultiSource/Benchmarks/MallocBench/gs/gs.reference_output.little-endian" ]; then \
	  cp /home/ed/mcsema-testing/llvm-test-suite/MultiSource/Benchmarks/MallocBench/gs/gs.reference_output.little-endian Output/gs.out-nat; \
	elif [ -f "/home/ed/mcsema-testing/llvm-test-suite/MultiSource/Benchmarks/MallocBench/gs/gs.reference_output" ]; then \
	  cp /home/ed/mcsema-testing/llvm-test-suite/MultiSource/Benchmarks/MallocBench/gs/gs.reference_output Output/gs.out-nat; \
	else \
	  printf "WARNING: %s: %s\n" "NO REFERENCE OUTPUT (using default)" "/home/ed/mcsema-testing/llvm-test-suite/MultiSource/Benchmarks/MallocBench/gs/gs.reference_output" > Output/gs.out-nat; \
	  cp /home/ed/mcsema-testing/llvm-test-suite/default.reference_output Output/gs.out-nat; \
	  cat Output/gs.out-nat; \
	fi
# Pretend that the reference output was produced instantaneously.
cp /home/ed/mcsema-testing/llvm-test-suite/instant.txt Output/gs.out-nat.time
/home/ed/mcsema-testing/llvm-test-suite/DiffOutput.sh "/home/ed/mcsema-testing/SANDBOX/test-2015-12-21_15-36-50/tools/fpcmp " simple gs 
rm -f Output/gs.exe-simple
cp Output/gs.diff-simple Output/gs.exe-simple
if test -f Output/gs.extra-results.txt; then \
	  /home/ed/mcsema-testing/llvm-test-suite/ParseMultipleResults /home/ed/mcsema-testing/SANDBOX/test-2015-12-21_15-36-50/MultiSource/Benchmarks/MallocBench/gs/gs Output/gs.extra-results.txt >> Output/gs.simple.exec.report.txt; \
	fi
cat Output/gs.simple.compile.report.txt Output/gs.simple.exec.report.txt >> Output/gs.simple.report.txt
---------------------------------------------------------------
>>> ========= '/home/ed/mcsema-testing/SANDBOX/test-2015-12-21_15-36-50/MultiSource/Benchmarks/MallocBench/gs/gs' Program
---------------------------------------------------------------

TEST-PASS: compile /home/ed/mcsema-testing/SANDBOX/test-2015-12-21_15-36-50/MultiSource/Benchmarks/MallocBench/gs/gs
TEST-RESULT-compile-success: pass
TEST-RESULT-compile-hash: ca3c277d53129beee3e36b20f7fe09ec
TEST-RESULT-compile-time: user 3.529800
TEST-RESULT-compile-real-time: real 4.514000

TEST-PASS: exec /home/ed/mcsema-testing/SANDBOX/test-2015-12-21_15-36-50/MultiSource/Benchmarks/MallocBench/gs/gs
TEST-RESULT-exec-success: pass
TEST-RESULT-exec-time: user       0.0347
TEST-RESULT-exec-real-time: real       0.0372
make[5]: Leaving directory `/home/ed/mcsema-testing/SANDBOX/test-2015-12-21_15-36-50/MultiSource/Benchmarks/MallocBench/gs'
make[4]: Leaving directory `/home/ed/mcsema-testing/SANDBOX/test-2015-12-21_15-36-50/MultiSource/Benchmarks/MallocBench'
make[4]: Entering directory `/home/ed/mcsema-testing/SANDBOX/test-2015-12-21_15-36-50/MultiSource/Benchmarks/Prolangs-C'
make[5]: Entering directory `/home/ed/mcsema-testing/SANDBOX/test-2015-12-21_15-36-50/MultiSource/Benchmarks/Prolangs-C/TimberWolfMC'
/home/ed/mcsema-testing/llvm-test-suite/RunSafely.sh --show-errors -t "/home/ed/mcsema-testing/SANDBOX/test-2015-12-21_15-36-50/tools/timeit" 500 /dev/null Output/23tree.llvm.o.compile \
	  /usr/bin/clang -I/home/ed/mcsema-testing/SANDBOX/test-2015-12-21_15-36-50/MultiSource/Benchmarks/Prolangs-C/TimberWolfMC -I/home/ed/mcsema-testing/llvm-test-suite/MultiSource/Benchmarks/Prolangs-C/TimberWolfMC -I/home/ed/mcsema-testing/llvm-test-suite/include -I../../../../include -D_GNU_SOURCE -D__STDC_LIMIT_MACROS -DNDEBUG  -O3  -m64 -fomit-frame-pointer -c /home/ed/mcsema-testing/llvm-test-suite/MultiSource/Benchmarks/Prolangs-C/TimberWolfMC/23tree.c -o Output/23tree.llvm.o
/home/ed/mcsema-testing/llvm-test-suite/RunSafely.sh --show-errors -t "/home/ed/mcsema-testing/SANDBOX/test-2015-12-21_15-36-50/tools/timeit" 500 /dev/null Output/addpins.llvm.o.compile \
	  /usr/bin/clang -I/home/ed/mcsema-testing/SANDBOX/test-2015-12-21_15-36-50/MultiSource/Benchmarks/Prolangs-C/TimberWolfMC -I/home/ed/mcsema-testing/llvm-test-suite/MultiSource/Benchmarks/Prolangs-C/TimberWolfMC -I/home/ed/mcsema-testing/llvm-test-suite/include -I../../../../include -D_GNU_SOURCE -D__STDC_LIMIT_MACROS -DNDEBUG  -O3  -m64 -fomit-frame-pointer -c /home/ed/mcsema-testing/llvm-test-suite/MultiSource/Benchmarks/Prolangs-C/TimberWolfMC/addpins.c -o Output/addpins.llvm.o
/home/ed/mcsema-testing/llvm-test-suite/RunSafely.sh --show-errors -t "/home/ed/mcsema-testing/SANDBOX/test-2015-12-21_15-36-50/tools/timeit" 500 /dev/null Output/analyze.llvm.o.compile \
	  /usr/bin/clang -I/home/ed/mcsema-testing/SANDBOX/test-2015-12-21_15-36-50/MultiSource/Benchmarks/Prolangs-C/TimberWolfMC -I/home/ed/mcsema-testing/llvm-test-suite/MultiSource/Benchmarks/Prolangs-C/TimberWolfMC -I/home/ed/mcsema-testing/llvm-test-suite/include -I../../../../include -D_GNU_SOURCE -D__STDC_LIMIT_MACROS -DNDEBUG  -O3  -m64 -fomit-frame-pointer -c /home/ed/mcsema-testing/llvm-test-suite/MultiSource/Benchmarks/Prolangs-C/TimberWolfMC/analyze.c -o Output/analyze.llvm.o
/home/ed/mcsema-testing/llvm-test-suite/RunSafely.sh --show-errors -t "/home/ed/mcsema-testing/SANDBOX/test-2015-12-21_15-36-50/tools/timeit" 500 /dev/null Output/bellman.llvm.o.compile \
	  /usr/bin/clang -I/home/ed/mcsema-testing/SANDBOX/test-2015-12-21_15-36-50/MultiSource/Benchmarks/Prolangs-C/TimberWolfMC -I/home/ed/mcsema-testing/llvm-test-suite/MultiSource/Benchmarks/Prolangs-C/TimberWolfMC -I/home/ed/mcsema-testing/llvm-test-suite/include -I../../../../include -D_GNU_SOURCE -D__STDC_LIMIT_MACROS -DNDEBUG  -O3  -m64 -fomit-frame-pointer -c /home/ed/mcsema-testing/llvm-test-suite/MultiSource/Benchmarks/Prolangs-C/TimberWolfMC/bellman.c -o Output/bellman.llvm.o
/home/ed/mcsema-testing/llvm-test-suite/RunSafely.sh --show-errors -t "/home/ed/mcsema-testing/SANDBOX/test-2015-12-21_15-36-50/tools/timeit" 500 /dev/null Output/buster.llvm.o.compile \
	  /usr/bin/clang -I/home/ed/mcsema-testing/SANDBOX/test-2015-12-21_15-36-50/MultiSource/Benchmarks/Prolangs-C/TimberWolfMC -I/home/ed/mcsema-testing/llvm-test-suite/MultiSource/Benchmarks/Prolangs-C/TimberWolfMC -I/home/ed/mcsema-testing/llvm-test-suite/include -I../../../../include -D_GNU_SOURCE -D__STDC_LIMIT_MACROS -DNDEBUG  -O3  -m64 -fomit-frame-pointer -c /home/ed/mcsema-testing/llvm-test-suite/MultiSource/Benchmarks/Prolangs-C/TimberWolfMC/buster.c -o Output/buster.llvm.o
/home/ed/mcsema-testing/llvm-test-suite/RunSafely.sh --show-errors -t "/home/ed/mcsema-testing/SANDBOX/test-2015-12-21_15-36-50/tools/timeit" 500 /dev/null Output/changraph.llvm.o.compile \
	  /usr/bin/clang -I/home/ed/mcsema-testing/SANDBOX/test-2015-12-21_15-36-50/MultiSource/Benchmarks/Prolangs-C/TimberWolfMC -I/home/ed/mcsema-testing/llvm-test-suite/MultiSource/Benchmarks/Prolangs-C/TimberWolfMC -I/home/ed/mcsema-testing/llvm-test-suite/include -I../../../../include -D_GNU_SOURCE -D__STDC_LIMIT_MACROS -DNDEBUG  -O3  -m64 -fomit-frame-pointer -c /home/ed/mcsema-testing/llvm-test-suite/MultiSource/Benchmarks/Prolangs-C/TimberWolfMC/changraph.c -o Output/changraph.llvm.o
/home/ed/mcsema-testing/llvm-test-suite/RunSafely.sh --show-errors -t "/home/ed/mcsema-testing/SANDBOX/test-2015-12-21_15-36-50/tools/timeit" 500 /dev/null Output/checkpen.llvm.o.compile \
	  /usr/bin/clang -I/home/ed/mcsema-testing/SANDBOX/test-2015-12-21_15-36-50/MultiSource/Benchmarks/Prolangs-C/TimberWolfMC -I/home/ed/mcsema-testing/llvm-test-suite/MultiSource/Benchmarks/Prolangs-C/TimberWolfMC -I/home/ed/mcsema-testing/llvm-test-suite/include -I../../../../include -D_GNU_SOURCE -D__STDC_LIMIT_MACROS -DNDEBUG  -O3  -m64 -fomit-frame-pointer -c /home/ed/mcsema-testing/llvm-test-suite/MultiSource/Benchmarks/Prolangs-C/TimberWolfMC/checkpen.c -o Output/checkpen.llvm.o
/home/ed/mcsema-testing/llvm-test-suite/RunSafely.sh --show-errors -t "/home/ed/mcsema-testing/SANDBOX/test-2015-12-21_15-36-50/tools/timeit" 500 /dev/null Output/config1.llvm.o.compile \
	  /usr/bin/clang -I/home/ed/mcsema-testing/SANDBOX/test-2015-12-21_15-36-50/MultiSource/Benchmarks/Prolangs-C/TimberWolfMC -I/home/ed/mcsema-testing/llvm-test-suite/MultiSource/Benchmarks/Prolangs-C/TimberWolfMC -I/home/ed/mcsema-testing/llvm-test-suite/include -I../../../../include -D_GNU_SOURCE -D__STDC_LIMIT_MACROS -DNDEBUG  -O3  -m64 -fomit-frame-pointer -c /home/ed/mcsema-testing/llvm-test-suite/MultiSource/Benchmarks/Prolangs-C/TimberWolfMC/config1.c -o Output/config1.llvm.o
/home/ed/mcsema-testing/llvm-test-suite/RunSafely.sh --show-errors -t "/home/ed/mcsema-testing/SANDBOX/test-2015-12-21_15-36-50/tools/timeit" 500 /dev/null Output/config2.llvm.o.compile \
	  /usr/bin/clang -I/home/ed/mcsema-testing/SANDBOX/test-2015-12-21_15-36-50/MultiSource/Benchmarks/Prolangs-C/TimberWolfMC -I/home/ed/mcsema-testing/llvm-test-suite/MultiSource/Benchmarks/Prolangs-C/TimberWolfMC -I/home/ed/mcsema-testing/llvm-test-suite/include -I../../../../include -D_GNU_SOURCE -D__STDC_LIMIT_MACROS -DNDEBUG  -O3  -m64 -fomit-frame-pointer -c /home/ed/mcsema-testing/llvm-test-suite/MultiSource/Benchmarks/Prolangs-C/TimberWolfMC/config2.c -o Output/config2.llvm.o
/home/ed/mcsema-testing/llvm-test-suite/RunSafely.sh --show-errors -t "/home/ed/mcsema-testing/SANDBOX/test-2015-12-21_15-36-50/tools/timeit" 500 /dev/null Output/config3.llvm.o.compile \
	  /usr/bin/clang -I/home/ed/mcsema-testing/SANDBOX/test-2015-12-21_15-36-50/MultiSource/Benchmarks/Prolangs-C/TimberWolfMC -I/home/ed/mcsema-testing/llvm-test-suite/MultiSource/Benchmarks/Prolangs-C/TimberWolfMC -I/home/ed/mcsema-testing/llvm-test-suite/include -I../../../../include -D_GNU_SOURCE -D__STDC_LIMIT_MACROS -DNDEBUG  -O3  -m64 -fomit-frame-pointer -c /home/ed/mcsema-testing/llvm-test-suite/MultiSource/Benchmarks/Prolangs-C/TimberWolfMC/config3.c -o Output/config3.llvm.o
/home/ed/mcsema-testing/llvm-test-suite/RunSafely.sh --show-errors -t "/home/ed/mcsema-testing/SANDBOX/test-2015-12-21_15-36-50/tools/timeit" 500 /dev/null Output/density.llvm.o.compile \
	  /usr/bin/clang -I/home/ed/mcsema-testing/SANDBOX/test-2015-12-21_15-36-50/MultiSource/Benchmarks/Prolangs-C/TimberWolfMC -I/home/ed/mcsema-testing/llvm-test-suite/MultiSource/Benchmarks/Prolangs-C/TimberWolfMC -I/home/ed/mcsema-testing/llvm-test-suite/include -I../../../../include -D_GNU_SOURCE -D__STDC_LIMIT_MACROS -DNDEBUG  -O3  -m64 -fomit-frame-pointer -c /home/ed/mcsema-testing/llvm-test-suite/MultiSource/Benchmarks/Prolangs-C/TimberWolfMC/density.c -o Output/density.llvm.o
/home/ed/mcsema-testing/llvm-test-suite/RunSafely.sh --show-errors -t "/home/ed/mcsema-testing/SANDBOX/test-2015-12-21_15-36-50/tools/timeit" 500 /dev/null Output/doborder.llvm.o.compile \
	  /usr/bin/clang -I/home/ed/mcsema-testing/SANDBOX/test-2015-12-21_15-36-50/MultiSource/Benchmarks/Prolangs-C/TimberWolfMC -I/home/ed/mcsema-testing/llvm-test-suite/MultiSource/Benchmarks/Prolangs-C/TimberWolfMC -I/home/ed/mcsema-testing/llvm-test-suite/include -I../../../../include -D_GNU_SOURCE -D__STDC_LIMIT_MACROS -DNDEBUG  -O3  -m64 -fomit-frame-pointer -c /home/ed/mcsema-testing/llvm-test-suite/MultiSource/Benchmarks/Prolangs-C/TimberWolfMC/doborder.c -o Output/doborder.llvm.o
/home/ed/mcsema-testing/llvm-test-suite/RunSafely.sh --show-errors -t "/home/ed/mcsema-testing/SANDBOX/test-2015-12-21_15-36-50/tools/timeit" 500 /dev/null Output/doublecheck.llvm.o.compile \
	  /usr/bin/clang -I/home/ed/mcsema-testing/SANDBOX/test-2015-12-21_15-36-50/MultiSource/Benchmarks/Prolangs-C/TimberWolfMC -I/home/ed/mcsema-testing/llvm-test-suite/MultiSource/Benchmarks/Prolangs-C/TimberWolfMC -I/home/ed/mcsema-testing/llvm-test-suite/include -I../../../../include -D_GNU_SOURCE -D__STDC_LIMIT_MACROS -DNDEBUG  -O3  -m64 -fomit-frame-pointer -c /home/ed/mcsema-testing/llvm-test-suite/MultiSource/Benchmarks/Prolangs-C/TimberWolfMC/doublecheck.c -o Output/doublecheck.llvm.o
/home/ed/mcsema-testing/llvm-test-suite/RunSafely.sh --show-errors -t "/home/ed/mcsema-testing/SANDBOX/test-2015-12-21_15-36-50/tools/timeit" 500 /dev/null Output/finalout.llvm.o.compile \
	  /usr/bin/clang -I/home/ed/mcsema-testing/SANDBOX/test-2015-12-21_15-36-50/MultiSource/Benchmarks/Prolangs-C/TimberWolfMC -I/home/ed/mcsema-testing/llvm-test-suite/MultiSource/Benchmarks/Prolangs-C/TimberWolfMC -I/home/ed/mcsema-testing/llvm-test-suite/include -I../../../../include -D_GNU_SOURCE -D__STDC_LIMIT_MACROS -DNDEBUG  -O3  -m64 -fomit-frame-pointer -c /home/ed/mcsema-testing/llvm-test-suite/MultiSource/Benchmarks/Prolangs-C/TimberWolfMC/finalout.c -o Output/finalout.llvm.o
/home/ed/mcsema-testing/llvm-test-suite/RunSafely.sh --show-errors -t "/home/ed/mcsema-testing/SANDBOX/test-2015-12-21_15-36-50/tools/timeit" 500 /dev/null Output/finalpin.llvm.o.compile \
	  /usr/bin/clang -I/home/ed/mcsema-testing/SANDBOX/test-2015-12-21_15-36-50/MultiSource/Benchmarks/Prolangs-C/TimberWolfMC -I/home/ed/mcsema-testing/llvm-test-suite/MultiSource/Benchmarks/Prolangs-C/TimberWolfMC -I/home/ed/mcsema-testing/llvm-test-suite/include -I../../../../include -D_GNU_SOURCE -D__STDC_LIMIT_MACROS -DNDEBUG  -O3  -m64 -fomit-frame-pointer -c /home/ed/mcsema-testing/llvm-test-suite/MultiSource/Benchmarks/Prolangs-C/TimberWolfMC/finalpin.c -o Output/finalpin.llvm.o
/home/ed/mcsema-testing/llvm-test-suite/RunSafely.sh --show-errors -t "/home/ed/mcsema-testing/SANDBOX/test-2015-12-21_15-36-50/tools/timeit" 500 /dev/null Output/findcheck.llvm.o.compile \
	  /usr/bin/clang -I/home/ed/mcsema-testing/SANDBOX/test-2015-12-21_15-36-50/MultiSource/Benchmarks/Prolangs-C/TimberWolfMC -I/home/ed/mcsema-testing/llvm-test-suite/MultiSource/Benchmarks/Prolangs-C/TimberWolfMC -I/home/ed/mcsema-testing/llvm-test-suite/include -I../../../../include -D_GNU_SOURCE -D__STDC_LIMIT_MACROS -DNDEBUG  -O3  -m64 -fomit-frame-pointer -c /home/ed/mcsema-testing/llvm-test-suite/MultiSource/Benchmarks/Prolangs-C/TimberWolfMC/findcheck.c -o Output/findcheck.llvm.o
/home/ed/mcsema-testing/llvm-test-suite/RunSafely.sh --show-errors -t "/home/ed/mcsema-testing/SANDBOX/test-2015-12-21_15-36-50/tools/timeit" 500 /dev/null Output/findcost.llvm.o.compile \
	  /usr/bin/clang -I/home/ed/mcsema-testing/SANDBOX/test-2015-12-21_15-36-50/MultiSource/Benchmarks/Prolangs-C/TimberWolfMC -I/home/ed/mcsema-testing/llvm-test-suite/MultiSource/Benchmarks/Prolangs-C/TimberWolfMC -I/home/ed/mcsema-testing/llvm-test-suite/include -I../../../../include -D_GNU_SOURCE -D__STDC_LIMIT_MACROS -DNDEBUG  -O3  -m64 -fomit-frame-pointer -c /home/ed/mcsema-testing/llvm-test-suite/MultiSource/Benchmarks/Prolangs-C/TimberWolfMC/findcost.c -o Output/findcost.llvm.o
/home/ed/mcsema-testing/llvm-test-suite/RunSafely.sh --show-errors -t "/home/ed/mcsema-testing/SANDBOX/test-2015-12-21_15-36-50/tools/timeit" 500 /dev/null Output/findloc.llvm.o.compile \
	  /usr/bin/clang -I/home/ed/mcsema-testing/SANDBOX/test-2015-12-21_15-36-50/MultiSource/Benchmarks/Prolangs-C/TimberWolfMC -I/home/ed/mcsema-testing/llvm-test-suite/MultiSource/Benchmarks/Prolangs-C/TimberWolfMC -I/home/ed/mcsema-testing/llvm-test-suite/include -I../../../../include -D_GNU_SOURCE -D__STDC_LIMIT_MACROS -DNDEBUG  -O3  -m64 -fomit-frame-pointer -c /home/ed/mcsema-testing/llvm-test-suite/MultiSource/Benchmarks/Prolangs-C/TimberWolfMC/findloc.c -o Output/findloc.llvm.o
/home/ed/mcsema-testing/llvm-test-suite/RunSafely.sh --show-errors -t "/home/ed/mcsema-testing/SANDBOX/test-2015-12-21_15-36-50/tools/timeit" 500 /dev/null Output/findnodes.llvm.o.compile \
	  /usr/bin/clang -I/home/ed/mcsema-testing/SANDBOX/test-2015-12-21_15-36-50/MultiSource/Benchmarks/Prolangs-C/TimberWolfMC -I/home/ed/mcsema-testing/llvm-test-suite/MultiSource/Benchmarks/Prolangs-C/TimberWolfMC -I/home/ed/mcsema-testing/llvm-test-suite/include -I../../../../include -D_GNU_SOURCE -D__STDC_LIMIT_MACROS -DNDEBUG  -O3  -m64 -fomit-frame-pointer -c /home/ed/mcsema-testing/llvm-test-suite/MultiSource/Benchmarks/Prolangs-C/TimberWolfMC/findnodes.c -o Output/findnodes.llvm.o
/home/ed/mcsema-testing/llvm-test-suite/RunSafely.sh --show-errors -t "/home/ed/mcsema-testing/SANDBOX/test-2015-12-21_15-36-50/tools/timeit" 500 /dev/null Output/findside.llvm.o.compile \
	  /usr/bin/clang -I/home/ed/mcsema-testing/SANDBOX/test-2015-12-21_15-36-50/MultiSource/Benchmarks/Prolangs-C/TimberWolfMC -I/home/ed/mcsema-testing/llvm-test-suite/MultiSource/Benchmarks/Prolangs-C/TimberWolfMC -I/home/ed/mcsema-testing/llvm-test-suite/include -I../../../../include -D_GNU_SOURCE -D__STDC_LIMIT_MACROS -DNDEBUG  -O3  -m64 -fomit-frame-pointer -c /home/ed/mcsema-testing/llvm-test-suite/MultiSource/Benchmarks/Prolangs-C/TimberWolfMC/findside.c -o Output/findside.llvm.o
/home/ed/mcsema-testing/llvm-test-suite/RunSafely.sh --show-errors -t "/home/ed/mcsema-testing/SANDBOX/test-2015-12-21_15-36-50/tools/timeit" 500 /dev/null Output/fixpenal.llvm.o.compile \
	  /usr/bin/clang -I/home/ed/mcsema-testing/SANDBOX/test-2015-12-21_15-36-50/MultiSource/Benchmarks/Prolangs-C/TimberWolfMC -I/home/ed/mcsema-testing/llvm-test-suite/MultiSource/Benchmarks/Prolangs-C/TimberWolfMC -I/home/ed/mcsema-testing/llvm-test-suite/include -I../../../../include -D_GNU_SOURCE -D__STDC_LIMIT_MACROS -DNDEBUG  -O3  -m64 -fomit-frame-pointer -c /home/ed/mcsema-testing/llvm-test-suite/MultiSource/Benchmarks/Prolangs-C/TimberWolfMC/fixpenal.c -o Output/fixpenal.llvm.o
/home/ed/mcsema-testing/llvm-test-suite/RunSafely.sh --show-errors -t "/home/ed/mcsema-testing/SANDBOX/test-2015-12-21_15-36-50/tools/timeit" 500 /dev/null Output/fulllink.llvm.o.compile \
	  /usr/bin/clang -I/home/ed/mcsema-testing/SANDBOX/test-2015-12-21_15-36-50/MultiSource/Benchmarks/Prolangs-C/TimberWolfMC -I/home/ed/mcsema-testing/llvm-test-suite/MultiSource/Benchmarks/Prolangs-C/TimberWolfMC -I/home/ed/mcsema-testing/llvm-test-suite/include -I../../../../include -D_GNU_SOURCE -D__STDC_LIMIT_MACROS -DNDEBUG  -O3  -m64 -fomit-frame-pointer -c /home/ed/mcsema-testing/llvm-test-suite/MultiSource/Benchmarks/Prolangs-C/TimberWolfMC/fulllink.c -o Output/fulllink.llvm.o
/home/ed/mcsema-testing/llvm-test-suite/RunSafely.sh --show-errors -t "/home/ed/mcsema-testing/SANDBOX/test-2015-12-21_15-36-50/tools/timeit" 500 /dev/null Output/fuloop.llvm.o.compile \
	  /usr/bin/clang -I/home/ed/mcsema-testing/SANDBOX/test-2015-12-21_15-36-50/MultiSource/Benchmarks/Prolangs-C/TimberWolfMC -I/home/ed/mcsema-testing/llvm-test-suite/MultiSource/Benchmarks/Prolangs-C/TimberWolfMC -I/home/ed/mcsema-testing/llvm-test-suite/include -I../../../../include -D_GNU_SOURCE -D__STDC_LIMIT_MACROS -DNDEBUG  -O3  -m64 -fomit-frame-pointer -c /home/ed/mcsema-testing/llvm-test-suite/MultiSource/Benchmarks/Prolangs-C/TimberWolfMC/fuloop.c -o Output/fuloop.llvm.o
/home/ed/mcsema-testing/llvm-test-suite/RunSafely.sh --show-errors -t "/home/ed/mcsema-testing/SANDBOX/test-2015-12-21_15-36-50/tools/timeit" 500 /dev/null Output/genorient.llvm.o.compile \
	  /usr/bin/clang -I/home/ed/mcsema-testing/SANDBOX/test-2015-12-21_15-36-50/MultiSource/Benchmarks/Prolangs-C/TimberWolfMC -I/home/ed/mcsema-testing/llvm-test-suite/MultiSource/Benchmarks/Prolangs-C/TimberWolfMC -I/home/ed/mcsema-testing/llvm-test-suite/include -I../../../../include -D_GNU_SOURCE -D__STDC_LIMIT_MACROS -DNDEBUG  -O3  -m64 -fomit-frame-pointer -c /home/ed/mcsema-testing/llvm-test-suite/MultiSource/Benchmarks/Prolangs-C/TimberWolfMC/genorient.c -o Output/genorient.llvm.o
/home/ed/mcsema-testing/llvm-test-suite/RunSafely.sh --show-errors -t "/home/ed/mcsema-testing/SANDBOX/test-2015-12-21_15-36-50/tools/timeit" 500 /dev/null Output/gentwf.llvm.o.compile \
	  /usr/bin/clang -I/home/ed/mcsema-testing/SANDBOX/test-2015-12-21_15-36-50/MultiSource/Benchmarks/Prolangs-C/TimberWolfMC -I/home/ed/mcsema-testing/llvm-test-suite/MultiSource/Benchmarks/Prolangs-C/TimberWolfMC -I/home/ed/mcsema-testing/llvm-test-suite/include -I../../../../include -D_GNU_SOURCE -D__STDC_LIMIT_MACROS -DNDEBUG  -O3  -m64 -fomit-frame-pointer -c /home/ed/mcsema-testing/llvm-test-suite/MultiSource/Benchmarks/Prolangs-C/TimberWolfMC/gentwf.c -o Output/gentwf.llvm.o
/home/ed/mcsema-testing/llvm-test-suite/RunSafely.sh --show-errors -t "/home/ed/mcsema-testing/SANDBOX/test-2015-12-21_15-36-50/tools/timeit" 500 /dev/null Output/ggenorien.llvm.o.compile \
	  /usr/bin/clang -I/home/ed/mcsema-testing/SANDBOX/test-2015-12-21_15-36-50/MultiSource/Benchmarks/Prolangs-C/TimberWolfMC -I/home/ed/mcsema-testing/llvm-test-suite/MultiSource/Benchmarks/Prolangs-C/TimberWolfMC -I/home/ed/mcsema-testing/llvm-test-suite/include -I../../../../include -D_GNU_SOURCE -D__STDC_LIMIT_MACROS -DNDEBUG  -O3  -m64 -fomit-frame-pointer -c /home/ed/mcsema-testing/llvm-test-suite/MultiSource/Benchmarks/Prolangs-C/TimberWolfMC/ggenorien.c -o Output/ggenorien.llvm.o
/home/ed/mcsema-testing/llvm-test-suite/RunSafely.sh --show-errors -t "/home/ed/mcsema-testing/SANDBOX/test-2015-12-21_15-36-50/tools/timeit" 500 /dev/null Output/gglobals.llvm.o.compile \
	  /usr/bin/clang -I/home/ed/mcsema-testing/SANDBOX/test-2015-12-21_15-36-50/MultiSource/Benchmarks/Prolangs-C/TimberWolfMC -I/home/ed/mcsema-testing/llvm-test-suite/MultiSource/Benchmarks/Prolangs-C/TimberWolfMC -I/home/ed/mcsema-testing/llvm-test-suite/include -I../../../../include -D_GNU_SOURCE -D__STDC_LIMIT_MACROS -DNDEBUG  -O3  -m64 -fomit-frame-pointer -c /home/ed/mcsema-testing/llvm-test-suite/MultiSource/Benchmarks/Prolangs-C/TimberWolfMC/gglobals.c -o Output/gglobals.llvm.o
/home/ed/mcsema-testing/llvm-test-suite/RunSafely.sh --show-errors -t "/home/ed/mcsema-testing/SANDBOX/test-2015-12-21_15-36-50/tools/timeit" 500 /dev/null Output/globals.llvm.o.compile \
	  /usr/bin/clang -I/home/ed/mcsema-testing/SANDBOX/test-2015-12-21_15-36-50/MultiSource/Benchmarks/Prolangs-C/TimberWolfMC -I/home/ed/mcsema-testing/llvm-test-suite/MultiSource/Benchmarks/Prolangs-C/TimberWolfMC -I/home/ed/mcsema-testing/llvm-test-suite/include -I../../../../include -D_GNU_SOURCE -D__STDC_LIMIT_MACROS -DNDEBUG  -O3  -m64 -fomit-frame-pointer -c /home/ed/mcsema-testing/llvm-test-suite/MultiSource/Benchmarks/Prolangs-C/TimberWolfMC/globals.c -o Output/globals.llvm.o
/home/ed/mcsema-testing/llvm-test-suite/RunSafely.sh --show-errors -t "/home/ed/mcsema-testing/SANDBOX/test-2015-12-21_15-36-50/tools/timeit" 500 /dev/null Output/gmain.llvm.o.compile \
	  /usr/bin/clang -I/home/ed/mcsema-testing/SANDBOX/test-2015-12-21_15-36-50/MultiSource/Benchmarks/Prolangs-C/TimberWolfMC -I/home/ed/mcsema-testing/llvm-test-suite/MultiSource/Benchmarks/Prolangs-C/TimberWolfMC -I/home/ed/mcsema-testing/llvm-test-suite/include -I../../../../include -D_GNU_SOURCE -D__STDC_LIMIT_MACROS -DNDEBUG  -O3  -m64 -fomit-frame-pointer -c /home/ed/mcsema-testing/llvm-test-suite/MultiSource/Benchmarks/Prolangs-C/TimberWolfMC/gmain.c -o Output/gmain.llvm.o
/home/ed/mcsema-testing/llvm-test-suite/RunSafely.sh --show-errors -t "/home/ed/mcsema-testing/SANDBOX/test-2015-12-21_15-36-50/tools/timeit" 500 /dev/null Output/goverlap.llvm.o.compile \
	  /usr/bin/clang -I/home/ed/mcsema-testing/SANDBOX/test-2015-12-21_15-36-50/MultiSource/Benchmarks/Prolangs-C/TimberWolfMC -I/home/ed/mcsema-testing/llvm-test-suite/MultiSource/Benchmarks/Prolangs-C/TimberWolfMC -I/home/ed/mcsema-testing/llvm-test-suite/include -I../../../../include -D_GNU_SOURCE -D__STDC_LIMIT_MACROS -DNDEBUG  -O3  -m64 -fomit-frame-pointer -c /home/ed/mcsema-testing/llvm-test-suite/MultiSource/Benchmarks/Prolangs-C/TimberWolfMC/goverlap.c -o Output/goverlap.llvm.o
/home/ed/mcsema-testing/llvm-test-suite/RunSafely.sh --show-errors -t "/home/ed/mcsema-testing/SANDBOX/test-2015-12-21_15-36-50/tools/timeit" 500 /dev/null Output/goverlapf.llvm.o.compile \
	  /usr/bin/clang -I/home/ed/mcsema-testing/SANDBOX/test-2015-12-21_15-36-50/MultiSource/Benchmarks/Prolangs-C/TimberWolfMC -I/home/ed/mcsema-testing/llvm-test-suite/MultiSource/Benchmarks/Prolangs-C/TimberWolfMC -I/home/ed/mcsema-testing/llvm-test-suite/include -I../../../../include -D_GNU_SOURCE -D__STDC_LIMIT_MACROS -DNDEBUG  -O3  -m64 -fomit-frame-pointer -c /home/ed/mcsema-testing/llvm-test-suite/MultiSource/Benchmarks/Prolangs-C/TimberWolfMC/goverlapf.c -o Output/goverlapf.llvm.o
/home/ed/mcsema-testing/llvm-test-suite/RunSafely.sh --show-errors -t "/home/ed/mcsema-testing/SANDBOX/test-2015-12-21_15-36-50/tools/timeit" 500 /dev/null Output/goverlapx.llvm.o.compile \
	  /usr/bin/clang -I/home/ed/mcsema-testing/SANDBOX/test-2015-12-21_15-36-50/MultiSource/Benchmarks/Prolangs-C/TimberWolfMC -I/home/ed/mcsema-testing/llvm-test-suite/MultiSource/Benchmarks/Prolangs-C/TimberWolfMC -I/home/ed/mcsema-testing/llvm-test-suite/include -I../../../../include -D_GNU_SOURCE -D__STDC_LIMIT_MACROS -DNDEBUG  -O3  -m64 -fomit-frame-pointer -c /home/ed/mcsema-testing/llvm-test-suite/MultiSource/Benchmarks/Prolangs-C/TimberWolfMC/goverlapx.c -o Output/goverlapx.llvm.o
/home/ed/mcsema-testing/llvm-test-suite/RunSafely.sh --show-errors -t "/home/ed/mcsema-testing/SANDBOX/test-2015-12-21_15-36-50/tools/timeit" 500 /dev/null Output/gpass2.llvm.o.compile \
	  /usr/bin/clang -I/home/ed/mcsema-testing/SANDBOX/test-2015-12-21_15-36-50/MultiSource/Benchmarks/Prolangs-C/TimberWolfMC -I/home/ed/mcsema-testing/llvm-test-suite/MultiSource/Benchmarks/Prolangs-C/TimberWolfMC -I/home/ed/mcsema-testing/llvm-test-suite/include -I../../../../include -D_GNU_SOURCE -D__STDC_LIMIT_MACROS -DNDEBUG  -O3  -m64 -fomit-frame-pointer -c /home/ed/mcsema-testing/llvm-test-suite/MultiSource/Benchmarks/Prolangs-C/TimberWolfMC/gpass2.c -o Output/gpass2.llvm.o
/home/ed/mcsema-testing/llvm-test-suite/RunSafely.sh --show-errors -t "/home/ed/mcsema-testing/SANDBOX/test-2015-12-21_15-36-50/tools/timeit" 500 /dev/null Output/grdcell.llvm.o.compile \
	  /usr/bin/clang -I/home/ed/mcsema-testing/SANDBOX/test-2015-12-21_15-36-50/MultiSource/Benchmarks/Prolangs-C/TimberWolfMC -I/home/ed/mcsema-testing/llvm-test-suite/MultiSource/Benchmarks/Prolangs-C/TimberWolfMC -I/home/ed/mcsema-testing/llvm-test-suite/include -I../../../../include -D_GNU_SOURCE -D__STDC_LIMIT_MACROS -DNDEBUG  -O3  -m64 -fomit-frame-pointer -c /home/ed/mcsema-testing/llvm-test-suite/MultiSource/Benchmarks/Prolangs-C/TimberWolfMC/grdcell.c -o Output/grdcell.llvm.o
/home/ed/mcsema-testing/llvm-test-suite/RunSafely.sh --show-errors -t "/home/ed/mcsema-testing/SANDBOX/test-2015-12-21_15-36-50/tools/timeit" 500 /dev/null Output/grepair.llvm.o.compile \
	  /usr/bin/clang -I/home/ed/mcsema-testing/SANDBOX/test-2015-12-21_15-36-50/MultiSource/Benchmarks/Prolangs-C/TimberWolfMC -I/home/ed/mcsema-testing/llvm-test-suite/MultiSource/Benchmarks/Prolangs-C/TimberWolfMC -I/home/ed/mcsema-testing/llvm-test-suite/include -I../../../../include -D_GNU_SOURCE -D__STDC_LIMIT_MACROS -DNDEBUG  -O3  -m64 -fomit-frame-pointer -c /home/ed/mcsema-testing/llvm-test-suite/MultiSource/Benchmarks/Prolangs-C/TimberWolfMC/grepair.c -o Output/grepair.llvm.o
/home/ed/mcsema-testing/llvm-test-suite/RunSafely.sh --show-errors -t "/home/ed/mcsema-testing/SANDBOX/test-2015-12-21_15-36-50/tools/timeit" 500 /dev/null Output/hash.llvm.o.compile \
	  /usr/bin/clang -I/home/ed/mcsema-testing/SANDBOX/test-2015-12-21_15-36-50/MultiSource/Benchmarks/Prolangs-C/TimberWolfMC -I/home/ed/mcsema-testing/llvm-test-suite/MultiSource/Benchmarks/Prolangs-C/TimberWolfMC -I/home/ed/mcsema-testing/llvm-test-suite/include -I../../../../include -D_GNU_SOURCE -D__STDC_LIMIT_MACROS -DNDEBUG  -O3  -m64 -fomit-frame-pointer -c /home/ed/mcsema-testing/llvm-test-suite/MultiSource/Benchmarks/Prolangs-C/TimberWolfMC/hash.c -o Output/hash.llvm.o
/home/ed/mcsema-testing/llvm-test-suite/RunSafely.sh --show-errors -t "/home/ed/mcsema-testing/SANDBOX/test-2015-12-21_15-36-50/tools/timeit" 500 /dev/null Output/hprobes.llvm.o.compile \
	  /usr/bin/clang -I/home/ed/mcsema-testing/SANDBOX/test-2015-12-21_15-36-50/MultiSource/Benchmarks/Prolangs-C/TimberWolfMC -I/home/ed/mcsema-testing/llvm-test-suite/MultiSource/Benchmarks/Prolangs-C/TimberWolfMC -I/home/ed/mcsema-testing/llvm-test-suite/include -I../../../../include -D_GNU_SOURCE -D__STDC_LIMIT_MACROS -DNDEBUG  -O3  -m64 -fomit-frame-pointer -c /home/ed/mcsema-testing/llvm-test-suite/MultiSource/Benchmarks/Prolangs-C/TimberWolfMC/hprobes.c -o Output/hprobes.llvm.o
/home/ed/mcsema-testing/llvm-test-suite/RunSafely.sh --show-errors -t "/home/ed/mcsema-testing/SANDBOX/test-2015-12-21_15-36-50/tools/timeit" 500 /dev/null Output/initbb.llvm.o.compile \
	  /usr/bin/clang -I/home/ed/mcsema-testing/SANDBOX/test-2015-12-21_15-36-50/MultiSource/Benchmarks/Prolangs-C/TimberWolfMC -I/home/ed/mcsema-testing/llvm-test-suite/MultiSource/Benchmarks/Prolangs-C/TimberWolfMC -I/home/ed/mcsema-testing/llvm-test-suite/include -I../../../../include -D_GNU_SOURCE -D__STDC_LIMIT_MACROS -DNDEBUG  -O3  -m64 -fomit-frame-pointer -c /home/ed/mcsema-testing/llvm-test-suite/MultiSource/Benchmarks/Prolangs-C/TimberWolfMC/initbb.c -o Output/initbb.llvm.o
/home/ed/mcsema-testing/llvm-test-suite/RunSafely.sh --show-errors -t "/home/ed/mcsema-testing/SANDBOX/test-2015-12-21_15-36-50/tools/timeit" 500 /dev/null Output/loadbins.llvm.o.compile \
	  /usr/bin/clang -I/home/ed/mcsema-testing/SANDBOX/test-2015-12-21_15-36-50/MultiSource/Benchmarks/Prolangs-C/TimberWolfMC -I/home/ed/mcsema-testing/llvm-test-suite/MultiSource/Benchmarks/Prolangs-C/TimberWolfMC -I/home/ed/mcsema-testing/llvm-test-suite/include -I../../../../include -D_GNU_SOURCE -D__STDC_LIMIT_MACROS -DNDEBUG  -O3  -m64 -fomit-frame-pointer -c /home/ed/mcsema-testing/llvm-test-suite/MultiSource/Benchmarks/Prolangs-C/TimberWolfMC/loadbins.c -o Output/loadbins.llvm.o
/home/ed/mcsema-testing/llvm-test-suite/RunSafely.sh --show-errors -t "/home/ed/mcsema-testing/SANDBOX/test-2015-12-21_15-36-50/tools/timeit" 500 /dev/null Output/loadpg.llvm.o.compile \
	  /usr/bin/clang -I/home/ed/mcsema-testing/SANDBOX/test-2015-12-21_15-36-50/MultiSource/Benchmarks/Prolangs-C/TimberWolfMC -I/home/ed/mcsema-testing/llvm-test-suite/MultiSource/Benchmarks/Prolangs-C/TimberWolfMC -I/home/ed/mcsema-testing/llvm-test-suite/include -I../../../../include -D_GNU_SOURCE -D__STDC_LIMIT_MACROS -DNDEBUG  -O3  -m64 -fomit-frame-pointer -c /home/ed/mcsema-testing/llvm-test-suite/MultiSource/Benchmarks/Prolangs-C/TimberWolfMC/loadpg.c -o Output/loadpg.llvm.o
/home/ed/mcsema-testing/llvm-test-suite/RunSafely.sh --show-errors -t "/home/ed/mcsema-testing/SANDBOX/test-2015-12-21_15-36-50/tools/timeit" 500 /dev/null Output/main.llvm.o.compile \
	  /usr/bin/clang -I/home/ed/mcsema-testing/SANDBOX/test-2015-12-21_15-36-50/MultiSource/Benchmarks/Prolangs-C/TimberWolfMC -I/home/ed/mcsema-testing/llvm-test-suite/MultiSource/Benchmarks/Prolangs-C/TimberWolfMC -I/home/ed/mcsema-testing/llvm-test-suite/include -I../../../../include -D_GNU_SOURCE -D__STDC_LIMIT_MACROS -DNDEBUG  -O3  -m64 -fomit-frame-pointer -c /home/ed/mcsema-testing/llvm-test-suite/MultiSource/Benchmarks/Prolangs-C/TimberWolfMC/main.c -o Output/main.llvm.o
/home/ed/mcsema-testing/llvm-test-suite/RunSafely.sh --show-errors -t "/home/ed/mcsema-testing/SANDBOX/test-2015-12-21_15-36-50/tools/timeit" 500 /dev/null Output/makebins.llvm.o.compile \
	  /usr/bin/clang -I/home/ed/mcsema-testing/SANDBOX/test-2015-12-21_15-36-50/MultiSource/Benchmarks/Prolangs-C/TimberWolfMC -I/home/ed/mcsema-testing/llvm-test-suite/MultiSource/Benchmarks/Prolangs-C/TimberWolfMC -I/home/ed/mcsema-testing/llvm-test-suite/include -I../../../../include -D_GNU_SOURCE -D__STDC_LIMIT_MACROS -DNDEBUG  -O3  -m64 -fomit-frame-pointer -c /home/ed/mcsema-testing/llvm-test-suite/MultiSource/Benchmarks/Prolangs-C/TimberWolfMC/makebins.c -o Output/makebins.llvm.o
/home/ed/mcsema-testing/llvm-test-suite/RunSafely.sh --show-errors -t "/home/ed/mcsema-testing/SANDBOX/test-2015-12-21_15-36-50/tools/timeit" 500 /dev/null Output/makelink.llvm.o.compile \
	  /usr/bin/clang -I/home/ed/mcsema-testing/SANDBOX/test-2015-12-21_15-36-50/MultiSource/Benchmarks/Prolangs-C/TimberWolfMC -I/home/ed/mcsema-testing/llvm-test-suite/MultiSource/Benchmarks/Prolangs-C/TimberWolfMC -I/home/ed/mcsema-testing/llvm-test-suite/include -I../../../../include -D_GNU_SOURCE -D__STDC_LIMIT_MACROS -DNDEBUG  -O3  -m64 -fomit-frame-pointer -c /home/ed/mcsema-testing/llvm-test-suite/MultiSource/Benchmarks/Prolangs-C/TimberWolfMC/makelink.c -o Output/makelink.llvm.o
/home/ed/mcsema-testing/llvm-test-suite/RunSafely.sh --show-errors -t "/home/ed/mcsema-testing/SANDBOX/test-2015-12-21_15-36-50/tools/timeit" 500 /dev/null Output/makesite.llvm.o.compile \
	  /usr/bin/clang -I/home/ed/mcsema-testing/SANDBOX/test-2015-12-21_15-36-50/MultiSource/Benchmarks/Prolangs-C/TimberWolfMC -I/home/ed/mcsema-testing/llvm-test-suite/MultiSource/Benchmarks/Prolangs-C/TimberWolfMC -I/home/ed/mcsema-testing/llvm-test-suite/include -I../../../../include -D_GNU_SOURCE -D__STDC_LIMIT_MACROS -DNDEBUG  -O3  -m64 -fomit-frame-pointer -c /home/ed/mcsema-testing/llvm-test-suite/MultiSource/Benchmarks/Prolangs-C/TimberWolfMC/makesite.c -o Output/makesite.llvm.o
/home/ed/mcsema-testing/llvm-test-suite/RunSafely.sh --show-errors -t "/home/ed/mcsema-testing/SANDBOX/test-2015-12-21_15-36-50/tools/timeit" 500 /dev/null Output/move.llvm.o.compile \
	  /usr/bin/clang -I/home/ed/mcsema-testing/SANDBOX/test-2015-12-21_15-36-50/MultiSource/Benchmarks/Prolangs-C/TimberWolfMC -I/home/ed/mcsema-testing/llvm-test-suite/MultiSource/Benchmarks/Prolangs-C/TimberWolfMC -I/home/ed/mcsema-testing/llvm-test-suite/include -I../../../../include -D_GNU_SOURCE -D__STDC_LIMIT_MACROS -DNDEBUG  -O3  -m64 -fomit-frame-pointer -c /home/ed/mcsema-testing/llvm-test-suite/MultiSource/Benchmarks/Prolangs-C/TimberWolfMC/move.c -o Output/move.llvm.o
/home/ed/mcsema-testing/llvm-test-suite/RunSafely.sh --show-errors -t "/home/ed/mcsema-testing/SANDBOX/test-2015-12-21_15-36-50/tools/timeit" 500 /dev/null Output/mshortest.llvm.o.compile \
	  /usr/bin/clang -I/home/ed/mcsema-testing/SANDBOX/test-2015-12-21_15-36-50/MultiSource/Benchmarks/Prolangs-C/TimberWolfMC -I/home/ed/mcsema-testing/llvm-test-suite/MultiSource/Benchmarks/Prolangs-C/TimberWolfMC -I/home/ed/mcsema-testing/llvm-test-suite/include -I../../../../include -D_GNU_SOURCE -D__STDC_LIMIT_MACROS -DNDEBUG  -O3  -m64 -fomit-frame-pointer -c /home/ed/mcsema-testing/llvm-test-suite/MultiSource/Benchmarks/Prolangs-C/TimberWolfMC/mshortest.c -o Output/mshortest.llvm.o
/home/ed/mcsema-testing/llvm-test-suite/RunSafely.sh --show-errors -t "/home/ed/mcsema-testing/SANDBOX/test-2015-12-21_15-36-50/tools/timeit" 500 /dev/null Output/mt.llvm.o.compile \
	  /usr/bin/clang -I/home/ed/mcsema-testing/SANDBOX/test-2015-12-21_15-36-50/MultiSource/Benchmarks/Prolangs-C/TimberWolfMC -I/home/ed/mcsema-testing/llvm-test-suite/MultiSource/Benchmarks/Prolangs-C/TimberWolfMC -I/home/ed/mcsema-testing/llvm-test-suite/include -I../../../../include -D_GNU_SOURCE -D__STDC_LIMIT_MACROS -DNDEBUG  -O3  -m64 -fomit-frame-pointer -c /home/ed/mcsema-testing/llvm-test-suite/MultiSource/Benchmarks/Prolangs-C/TimberWolfMC/mt.c -o Output/mt.llvm.o
/home/ed/mcsema-testing/llvm-test-suite/RunSafely.sh --show-errors -t "/home/ed/mcsema-testing/SANDBOX/test-2015-12-21_15-36-50/tools/timeit" 500 /dev/null Output/neworient.llvm.o.compile \
	  /usr/bin/clang -I/home/ed/mcsema-testing/SANDBOX/test-2015-12-21_15-36-50/MultiSource/Benchmarks/Prolangs-C/TimberWolfMC -I/home/ed/mcsema-testing/llvm-test-suite/MultiSource/Benchmarks/Prolangs-C/TimberWolfMC -I/home/ed/mcsema-testing/llvm-test-suite/include -I../../../../include -D_GNU_SOURCE -D__STDC_LIMIT_MACROS -DNDEBUG  -O3  -m64 -fomit-frame-pointer -c /home/ed/mcsema-testing/llvm-test-suite/MultiSource/Benchmarks/Prolangs-C/TimberWolfMC/neworient.c -o Output/neworient.llvm.o
/home/ed/mcsema-testing/llvm-test-suite/RunSafely.sh --show-errors -t "/home/ed/mcsema-testing/SANDBOX/test-2015-12-21_15-36-50/tools/timeit" 500 /dev/null Output/outbig.llvm.o.compile \
	  /usr/bin/clang -I/home/ed/mcsema-testing/SANDBOX/test-2015-12-21_15-36-50/MultiSource/Benchmarks/Prolangs-C/TimberWolfMC -I/home/ed/mcsema-testing/llvm-test-suite/MultiSource/Benchmarks/Prolangs-C/TimberWolfMC -I/home/ed/mcsema-testing/llvm-test-suite/include -I../../../../include -D_GNU_SOURCE -D__STDC_LIMIT_MACROS -DNDEBUG  -O3  -m64 -fomit-frame-pointer -c /home/ed/mcsema-testing/llvm-test-suite/MultiSource/Benchmarks/Prolangs-C/TimberWolfMC/outbig.c -o Output/outbig.llvm.o
/home/ed/mcsema-testing/llvm-test-suite/RunSafely.sh --show-errors -t "/home/ed/mcsema-testing/SANDBOX/test-2015-12-21_15-36-50/tools/timeit" 500 /dev/null Output/outgeo.llvm.o.compile \
	  /usr/bin/clang -I/home/ed/mcsema-testing/SANDBOX/test-2015-12-21_15-36-50/MultiSource/Benchmarks/Prolangs-C/TimberWolfMC -I/home/ed/mcsema-testing/llvm-test-suite/MultiSource/Benchmarks/Prolangs-C/TimberWolfMC -I/home/ed/mcsema-testing/llvm-test-suite/include -I../../../../include -D_GNU_SOURCE -D__STDC_LIMIT_MACROS -DNDEBUG  -O3  -m64 -fomit-frame-pointer -c /home/ed/mcsema-testing/llvm-test-suite/MultiSource/Benchmarks/Prolangs-C/TimberWolfMC/outgeo.c -o Output/outgeo.llvm.o
/home/ed/mcsema-testing/llvm-test-suite/RunSafely.sh --show-errors -t "/home/ed/mcsema-testing/SANDBOX/test-2015-12-21_15-36-50/tools/timeit" 500 /dev/null Output/outpin.llvm.o.compile \
	  /usr/bin/clang -I/home/ed/mcsema-testing/SANDBOX/test-2015-12-21_15-36-50/MultiSource/Benchmarks/Prolangs-C/TimberWolfMC -I/home/ed/mcsema-testing/llvm-test-suite/MultiSource/Benchmarks/Prolangs-C/TimberWolfMC -I/home/ed/mcsema-testing/llvm-test-suite/include -I../../../../include -D_GNU_SOURCE -D__STDC_LIMIT_MACROS -DNDEBUG  -O3  -m64 -fomit-frame-pointer -c /home/ed/mcsema-testing/llvm-test-suite/MultiSource/Benchmarks/Prolangs-C/TimberWolfMC/outpin.c -o Output/outpin.llvm.o
/home/ed/mcsema-testing/llvm-test-suite/RunSafely.sh --show-errors -t "/home/ed/mcsema-testing/SANDBOX/test-2015-12-21_15-36-50/tools/timeit" 500 /dev/null Output/output.llvm.o.compile \
	  /usr/bin/clang -I/home/ed/mcsema-testing/SANDBOX/test-2015-12-21_15-36-50/MultiSource/Benchmarks/Prolangs-C/TimberWolfMC -I/home/ed/mcsema-testing/llvm-test-suite/MultiSource/Benchmarks/Prolangs-C/TimberWolfMC -I/home/ed/mcsema-testing/llvm-test-suite/include -I../../../../include -D_GNU_SOURCE -D__STDC_LIMIT_MACROS -DNDEBUG  -O3  -m64 -fomit-frame-pointer -c /home/ed/mcsema-testing/llvm-test-suite/MultiSource/Benchmarks/Prolangs-C/TimberWolfMC/output.c -o Output/output.llvm.o
/home/ed/mcsema-testing/llvm-test-suite/RunSafely.sh --show-errors -t "/home/ed/mcsema-testing/SANDBOX/test-2015-12-21_15-36-50/tools/timeit" 500 /dev/null Output/outsmall.llvm.o.compile \
	  /usr/bin/clang -I/home/ed/mcsema-testing/SANDBOX/test-2015-12-21_15-36-50/MultiSource/Benchmarks/Prolangs-C/TimberWolfMC -I/home/ed/mcsema-testing/llvm-test-suite/MultiSource/Benchmarks/Prolangs-C/TimberWolfMC -I/home/ed/mcsema-testing/llvm-test-suite/include -I../../../../include -D_GNU_SOURCE -D__STDC_LIMIT_MACROS -DNDEBUG  -O3  -m64 -fomit-frame-pointer -c /home/ed/mcsema-testing/llvm-test-suite/MultiSource/Benchmarks/Prolangs-C/TimberWolfMC/outsmall.c -o Output/outsmall.llvm.o
/home/ed/mcsema-testing/llvm-test-suite/RunSafely.sh --show-errors -t "/home/ed/mcsema-testing/SANDBOX/test-2015-12-21_15-36-50/tools/timeit" 500 /dev/null Output/parser.llvm.o.compile \
	  /usr/bin/clang -I/home/ed/mcsema-testing/SANDBOX/test-2015-12-21_15-36-50/MultiSource/Benchmarks/Prolangs-C/TimberWolfMC -I/home/ed/mcsema-testing/llvm-test-suite/MultiSource/Benchmarks/Prolangs-C/TimberWolfMC -I/home/ed/mcsema-testing/llvm-test-suite/include -I../../../../include -D_GNU_SOURCE -D__STDC_LIMIT_MACROS -DNDEBUG  -O3  -m64 -fomit-frame-pointer -c /home/ed/mcsema-testing/llvm-test-suite/MultiSource/Benchmarks/Prolangs-C/TimberWolfMC/parser.c -o Output/parser.llvm.o
/home/ed/mcsema-testing/llvm-test-suite/RunSafely.sh --show-errors -t "/home/ed/mcsema-testing/SANDBOX/test-2015-12-21_15-36-50/tools/timeit" 500 /dev/null Output/pass2.llvm.o.compile \
	  /usr/bin/clang -I/home/ed/mcsema-testing/SANDBOX/test-2015-12-21_15-36-50/MultiSource/Benchmarks/Prolangs-C/TimberWolfMC -I/home/ed/mcsema-testing/llvm-test-suite/MultiSource/Benchmarks/Prolangs-C/TimberWolfMC -I/home/ed/mcsema-testing/llvm-test-suite/include -I../../../../include -D_GNU_SOURCE -D__STDC_LIMIT_MACROS -DNDEBUG  -O3  -m64 -fomit-frame-pointer -c /home/ed/mcsema-testing/llvm-test-suite/MultiSource/Benchmarks/Prolangs-C/TimberWolfMC/pass2.c -o Output/pass2.llvm.o
/home/ed/mcsema-testing/llvm-test-suite/RunSafely.sh --show-errors -t "/home/ed/mcsema-testing/SANDBOX/test-2015-12-21_15-36-50/tools/timeit" 500 /dev/null Output/perimeter.llvm.o.compile \
	  /usr/bin/clang -I/home/ed/mcsema-testing/SANDBOX/test-2015-12-21_15-36-50/MultiSource/Benchmarks/Prolangs-C/TimberWolfMC -I/home/ed/mcsema-testing/llvm-test-suite/MultiSource/Benchmarks/Prolangs-C/TimberWolfMC -I/home/ed/mcsema-testing/llvm-test-suite/include -I../../../../include -D_GNU_SOURCE -D__STDC_LIMIT_MACROS -DNDEBUG  -O3  -m64 -fomit-frame-pointer -c /home/ed/mcsema-testing/llvm-test-suite/MultiSource/Benchmarks/Prolangs-C/TimberWolfMC/perimeter.c -o Output/perimeter.llvm.o
/home/ed/mcsema-testing/llvm-test-suite/RunSafely.sh --show-errors -t "/home/ed/mcsema-testing/SANDBOX/test-2015-12-21_15-36-50/tools/timeit" 500 /dev/null Output/placepads.llvm.o.compile \
	  /usr/bin/clang -I/home/ed/mcsema-testing/SANDBOX/test-2015-12-21_15-36-50/MultiSource/Benchmarks/Prolangs-C/TimberWolfMC -I/home/ed/mcsema-testing/llvm-test-suite/MultiSource/Benchmarks/Prolangs-C/TimberWolfMC -I/home/ed/mcsema-testing/llvm-test-suite/include -I../../../../include -D_GNU_SOURCE -D__STDC_LIMIT_MACROS -DNDEBUG  -O3  -m64 -fomit-frame-pointer -c /home/ed/mcsema-testing/llvm-test-suite/MultiSource/Benchmarks/Prolangs-C/TimberWolfMC/placepads.c -o Output/placepads.llvm.o
/home/ed/mcsema-testing/llvm-test-suite/RunSafely.sh --show-errors -t "/home/ed/mcsema-testing/SANDBOX/test-2015-12-21_15-36-50/tools/timeit" 500 /dev/null Output/placepin.llvm.o.compile \
	  /usr/bin/clang -I/home/ed/mcsema-testing/SANDBOX/test-2015-12-21_15-36-50/MultiSource/Benchmarks/Prolangs-C/TimberWolfMC -I/home/ed/mcsema-testing/llvm-test-suite/MultiSource/Benchmarks/Prolangs-C/TimberWolfMC -I/home/ed/mcsema-testing/llvm-test-suite/include -I../../../../include -D_GNU_SOURCE -D__STDC_LIMIT_MACROS -DNDEBUG  -O3  -m64 -fomit-frame-pointer -c /home/ed/mcsema-testing/llvm-test-suite/MultiSource/Benchmarks/Prolangs-C/TimberWolfMC/placepin.c -o Output/placepin.llvm.o
/home/ed/mcsema-testing/llvm-test-suite/RunSafely.sh --show-errors -t "/home/ed/mcsema-testing/SANDBOX/test-2015-12-21_15-36-50/tools/timeit" 500 /dev/null Output/prboard.llvm.o.compile \
	  /usr/bin/clang -I/home/ed/mcsema-testing/SANDBOX/test-2015-12-21_15-36-50/MultiSource/Benchmarks/Prolangs-C/TimberWolfMC -I/home/ed/mcsema-testing/llvm-test-suite/MultiSource/Benchmarks/Prolangs-C/TimberWolfMC -I/home/ed/mcsema-testing/llvm-test-suite/include -I../../../../include -D_GNU_SOURCE -D__STDC_LIMIT_MACROS -DNDEBUG  -O3  -m64 -fomit-frame-pointer -c /home/ed/mcsema-testing/llvm-test-suite/MultiSource/Benchmarks/Prolangs-C/TimberWolfMC/prboard.c -o Output/prboard.llvm.o
/home/ed/mcsema-testing/llvm-test-suite/RunSafely.sh --show-errors -t "/home/ed/mcsema-testing/SANDBOX/test-2015-12-21_15-36-50/tools/timeit" 500 /dev/null Output/prepair.llvm.o.compile \
	  /usr/bin/clang -I/home/ed/mcsema-testing/SANDBOX/test-2015-12-21_15-36-50/MultiSource/Benchmarks/Prolangs-C/TimberWolfMC -I/home/ed/mcsema-testing/llvm-test-suite/MultiSource/Benchmarks/Prolangs-C/TimberWolfMC -I/home/ed/mcsema-testing/llvm-test-suite/include -I../../../../include -D_GNU_SOURCE -D__STDC_LIMIT_MACROS -DNDEBUG  -O3  -m64 -fomit-frame-pointer -c /home/ed/mcsema-testing/llvm-test-suite/MultiSource/Benchmarks/Prolangs-C/TimberWolfMC/prepair.c -o Output/prepair.llvm.o
/home/ed/mcsema-testing/llvm-test-suite/RunSafely.sh --show-errors -t "/home/ed/mcsema-testing/SANDBOX/test-2015-12-21_15-36-50/tools/timeit" 500 /dev/null Output/prestrict.llvm.o.compile \
	  /usr/bin/clang -I/home/ed/mcsema-testing/SANDBOX/test-2015-12-21_15-36-50/MultiSource/Benchmarks/Prolangs-C/TimberWolfMC -I/home/ed/mcsema-testing/llvm-test-suite/MultiSource/Benchmarks/Prolangs-C/TimberWolfMC -I/home/ed/mcsema-testing/llvm-test-suite/include -I../../../../include -D_GNU_SOURCE -D__STDC_LIMIT_MACROS -DNDEBUG  -O3  -m64 -fomit-frame-pointer -c /home/ed/mcsema-testing/llvm-test-suite/MultiSource/Benchmarks/Prolangs-C/TimberWolfMC/prestrict.c -o Output/prestrict.llvm.o
/home/ed/mcsema-testing/llvm-test-suite/RunSafely.sh --show-errors -t "/home/ed/mcsema-testing/SANDBOX/test-2015-12-21_15-36-50/tools/timeit" 500 /dev/null Output/printgph.llvm.o.compile \
	  /usr/bin/clang -I/home/ed/mcsema-testing/SANDBOX/test-2015-12-21_15-36-50/MultiSource/Benchmarks/Prolangs-C/TimberWolfMC -I/home/ed/mcsema-testing/llvm-test-suite/MultiSource/Benchmarks/Prolangs-C/TimberWolfMC -I/home/ed/mcsema-testing/llvm-test-suite/include -I../../../../include -D_GNU_SOURCE -D__STDC_LIMIT_MACROS -DNDEBUG  -O3  -m64 -fomit-frame-pointer -c /home/ed/mcsema-testing/llvm-test-suite/MultiSource/Benchmarks/Prolangs-C/TimberWolfMC/printgph.c -o Output/printgph.llvm.o
/home/ed/mcsema-testing/llvm-test-suite/RunSafely.sh --show-errors -t "/home/ed/mcsema-testing/SANDBOX/test-2015-12-21_15-36-50/tools/timeit" 500 /dev/null Output/printnets.llvm.o.compile \
	  /usr/bin/clang -I/home/ed/mcsema-testing/SANDBOX/test-2015-12-21_15-36-50/MultiSource/Benchmarks/Prolangs-C/TimberWolfMC -I/home/ed/mcsema-testing/llvm-test-suite/MultiSource/Benchmarks/Prolangs-C/TimberWolfMC -I/home/ed/mcsema-testing/llvm-test-suite/include -I../../../../include -D_GNU_SOURCE -D__STDC_LIMIT_MACROS -DNDEBUG  -O3  -m64 -fomit-frame-pointer -c /home/ed/mcsema-testing/llvm-test-suite/MultiSource/Benchmarks/Prolangs-C/TimberWolfMC/printnets.c -o Output/printnets.llvm.o
/home/ed/mcsema-testing/llvm-test-suite/RunSafely.sh --show-errors -t "/home/ed/mcsema-testing/SANDBOX/test-2015-12-21_15-36-50/tools/timeit" 500 /dev/null Output/procesnet.llvm.o.compile \
	  /usr/bin/clang -I/home/ed/mcsema-testing/SANDBOX/test-2015-12-21_15-36-50/MultiSource/Benchmarks/Prolangs-C/TimberWolfMC -I/home/ed/mcsema-testing/llvm-test-suite/MultiSource/Benchmarks/Prolangs-C/TimberWolfMC -I/home/ed/mcsema-testing/llvm-test-suite/include -I../../../../include -D_GNU_SOURCE -D__STDC_LIMIT_MACROS -DNDEBUG  -O3  -m64 -fomit-frame-pointer -c /home/ed/mcsema-testing/llvm-test-suite/MultiSource/Benchmarks/Prolangs-C/TimberWolfMC/procesnet.c -o Output/procesnet.llvm.o
/home/ed/mcsema-testing/llvm-test-suite/RunSafely.sh --show-errors -t "/home/ed/mcsema-testing/SANDBOX/test-2015-12-21_15-36-50/tools/timeit" 500 /dev/null Output/readcells.llvm.o.compile \
	  /usr/bin/clang -I/home/ed/mcsema-testing/SANDBOX/test-2015-12-21_15-36-50/MultiSource/Benchmarks/Prolangs-C/TimberWolfMC -I/home/ed/mcsema-testing/llvm-test-suite/MultiSource/Benchmarks/Prolangs-C/TimberWolfMC -I/home/ed/mcsema-testing/llvm-test-suite/include -I../../../../include -D_GNU_SOURCE -D__STDC_LIMIT_MACROS -DNDEBUG  -O3  -m64 -fomit-frame-pointer -c /home/ed/mcsema-testing/llvm-test-suite/MultiSource/Benchmarks/Prolangs-C/TimberWolfMC/readcells.c -o Output/readcells.llvm.o
/home/ed/mcsema-testing/llvm-test-suite/RunSafely.sh --show-errors -t "/home/ed/mcsema-testing/SANDBOX/test-2015-12-21_15-36-50/tools/timeit" 500 /dev/null Output/readgeo.llvm.o.compile \
	  /usr/bin/clang -I/home/ed/mcsema-testing/SANDBOX/test-2015-12-21_15-36-50/MultiSource/Benchmarks/Prolangs-C/TimberWolfMC -I/home/ed/mcsema-testing/llvm-test-suite/MultiSource/Benchmarks/Prolangs-C/TimberWolfMC -I/home/ed/mcsema-testing/llvm-test-suite/include -I../../../../include -D_GNU_SOURCE -D__STDC_LIMIT_MACROS -DNDEBUG  -O3  -m64 -fomit-frame-pointer -c /home/ed/mcsema-testing/llvm-test-suite/MultiSource/Benchmarks/Prolangs-C/TimberWolfMC/readgeo.c -o Output/readgeo.llvm.o
/home/ed/mcsema-testing/llvm-test-suite/RunSafely.sh --show-errors -t "/home/ed/mcsema-testing/SANDBOX/test-2015-12-21_15-36-50/tools/timeit" 500 /dev/null Output/readgraph.llvm.o.compile \
	  /usr/bin/clang -I/home/ed/mcsema-testing/SANDBOX/test-2015-12-21_15-36-50/MultiSource/Benchmarks/Prolangs-C/TimberWolfMC -I/home/ed/mcsema-testing/llvm-test-suite/MultiSource/Benchmarks/Prolangs-C/TimberWolfMC -I/home/ed/mcsema-testing/llvm-test-suite/include -I../../../../include -D_GNU_SOURCE -D__STDC_LIMIT_MACROS -DNDEBUG  -O3  -m64 -fomit-frame-pointer -c /home/ed/mcsema-testing/llvm-test-suite/MultiSource/Benchmarks/Prolangs-C/TimberWolfMC/readgraph.c -o Output/readgraph.llvm.o
/home/ed/mcsema-testing/llvm-test-suite/RunSafely.sh --show-errors -t "/home/ed/mcsema-testing/SANDBOX/test-2015-12-21_15-36-50/tools/timeit" 500 /dev/null Output/readnets.llvm.o.compile \
	  /usr/bin/clang -I/home/ed/mcsema-testing/SANDBOX/test-2015-12-21_15-36-50/MultiSource/Benchmarks/Prolangs-C/TimberWolfMC -I/home/ed/mcsema-testing/llvm-test-suite/MultiSource/Benchmarks/Prolangs-C/TimberWolfMC -I/home/ed/mcsema-testing/llvm-test-suite/include -I../../../../include -D_GNU_SOURCE -D__STDC_LIMIT_MACROS -DNDEBUG  -O3  -m64 -fomit-frame-pointer -c /home/ed/mcsema-testing/llvm-test-suite/MultiSource/Benchmarks/Prolangs-C/TimberWolfMC/readnets.c -o Output/readnets.llvm.o
/home/ed/mcsema-testing/llvm-test-suite/RunSafely.sh --show-errors -t "/home/ed/mcsema-testing/SANDBOX/test-2015-12-21_15-36-50/tools/timeit" 500 /dev/null Output/readpar.llvm.o.compile \
	  /usr/bin/clang -I/home/ed/mcsema-testing/SANDBOX/test-2015-12-21_15-36-50/MultiSource/Benchmarks/Prolangs-C/TimberWolfMC -I/home/ed/mcsema-testing/llvm-test-suite/MultiSource/Benchmarks/Prolangs-C/TimberWolfMC -I/home/ed/mcsema-testing/llvm-test-suite/include -I../../../../include -D_GNU_SOURCE -D__STDC_LIMIT_MACROS -DNDEBUG  -O3  -m64 -fomit-frame-pointer -c /home/ed/mcsema-testing/llvm-test-suite/MultiSource/Benchmarks/Prolangs-C/TimberWolfMC/readpar.c -o Output/readpar.llvm.o
/home/ed/mcsema-testing/llvm-test-suite/RunSafely.sh --show-errors -t "/home/ed/mcsema-testing/SANDBOX/test-2015-12-21_15-36-50/tools/timeit" 500 /dev/null Output/readpnode.llvm.o.compile \
	  /usr/bin/clang -I/home/ed/mcsema-testing/SANDBOX/test-2015-12-21_15-36-50/MultiSource/Benchmarks/Prolangs-C/TimberWolfMC -I/home/ed/mcsema-testing/llvm-test-suite/MultiSource/Benchmarks/Prolangs-C/TimberWolfMC -I/home/ed/mcsema-testing/llvm-test-suite/include -I../../../../include -D_GNU_SOURCE -D__STDC_LIMIT_MACROS -DNDEBUG  -O3  -m64 -fomit-frame-pointer -c /home/ed/mcsema-testing/llvm-test-suite/MultiSource/Benchmarks/Prolangs-C/TimberWolfMC/readpnode.c -o Output/readpnode.llvm.o
/home/ed/mcsema-testing/llvm-test-suite/RunSafely.sh --show-errors -t "/home/ed/mcsema-testing/SANDBOX/test-2015-12-21_15-36-50/tools/timeit" 500 /dev/null Output/rebin.llvm.o.compile \
	  /usr/bin/clang -I/home/ed/mcsema-testing/SANDBOX/test-2015-12-21_15-36-50/MultiSource/Benchmarks/Prolangs-C/TimberWolfMC -I/home/ed/mcsema-testing/llvm-test-suite/MultiSource/Benchmarks/Prolangs-C/TimberWolfMC -I/home/ed/mcsema-testing/llvm-test-suite/include -I../../../../include -D_GNU_SOURCE -D__STDC_LIMIT_MACROS -DNDEBUG  -O3  -m64 -fomit-frame-pointer -c /home/ed/mcsema-testing/llvm-test-suite/MultiSource/Benchmarks/Prolangs-C/TimberWolfMC/rebin.c -o Output/rebin.llvm.o
/home/ed/mcsema-testing/llvm-test-suite/RunSafely.sh --show-errors -t "/home/ed/mcsema-testing/SANDBOX/test-2015-12-21_15-36-50/tools/timeit" 500 /dev/null Output/reduceg.llvm.o.compile \
	  /usr/bin/clang -I/home/ed/mcsema-testing/SANDBOX/test-2015-12-21_15-36-50/MultiSource/Benchmarks/Prolangs-C/TimberWolfMC -I/home/ed/mcsema-testing/llvm-test-suite/MultiSource/Benchmarks/Prolangs-C/TimberWolfMC -I/home/ed/mcsema-testing/llvm-test-suite/include -I../../../../include -D_GNU_SOURCE -D__STDC_LIMIT_MACROS -DNDEBUG  -O3  -m64 -fomit-frame-pointer -c /home/ed/mcsema-testing/llvm-test-suite/MultiSource/Benchmarks/Prolangs-C/TimberWolfMC/reduceg.c -o Output/reduceg.llvm.o
/home/ed/mcsema-testing/llvm-test-suite/RunSafely.sh --show-errors -t "/home/ed/mcsema-testing/SANDBOX/test-2015-12-21_15-36-50/tools/timeit" 500 /dev/null Output/rglobals.llvm.o.compile \
	  /usr/bin/clang -I/home/ed/mcsema-testing/SANDBOX/test-2015-12-21_15-36-50/MultiSource/Benchmarks/Prolangs-C/TimberWolfMC -I/home/ed/mcsema-testing/llvm-test-suite/MultiSource/Benchmarks/Prolangs-C/TimberWolfMC -I/home/ed/mcsema-testing/llvm-test-suite/include -I../../../../include -D_GNU_SOURCE -D__STDC_LIMIT_MACROS -DNDEBUG  -O3  -m64 -fomit-frame-pointer -c /home/ed/mcsema-testing/llvm-test-suite/MultiSource/Benchmarks/Prolangs-C/TimberWolfMC/rglobals.c -o Output/rglobals.llvm.o
/home/ed/mcsema-testing/llvm-test-suite/RunSafely.sh --show-errors -t "/home/ed/mcsema-testing/SANDBOX/test-2015-12-21_15-36-50/tools/timeit" 500 /dev/null Output/rmain.llvm.o.compile \
	  /usr/bin/clang -I/home/ed/mcsema-testing/SANDBOX/test-2015-12-21_15-36-50/MultiSource/Benchmarks/Prolangs-C/TimberWolfMC -I/home/ed/mcsema-testing/llvm-test-suite/MultiSource/Benchmarks/Prolangs-C/TimberWolfMC -I/home/ed/mcsema-testing/llvm-test-suite/include -I../../../../include -D_GNU_SOURCE -D__STDC_LIMIT_MACROS -DNDEBUG  -O3  -m64 -fomit-frame-pointer -c /home/ed/mcsema-testing/llvm-test-suite/MultiSource/Benchmarks/Prolangs-C/TimberWolfMC/rmain.c -o Output/rmain.llvm.o
/home/ed/mcsema-testing/llvm-test-suite/RunSafely.sh --show-errors -t "/home/ed/mcsema-testing/SANDBOX/test-2015-12-21_15-36-50/tools/timeit" 500 /dev/null Output/routenet.llvm.o.compile \
	  /usr/bin/clang -I/home/ed/mcsema-testing/SANDBOX/test-2015-12-21_15-36-50/MultiSource/Benchmarks/Prolangs-C/TimberWolfMC -I/home/ed/mcsema-testing/llvm-test-suite/MultiSource/Benchmarks/Prolangs-C/TimberWolfMC -I/home/ed/mcsema-testing/llvm-test-suite/include -I../../../../include -D_GNU_SOURCE -D__STDC_LIMIT_MACROS -DNDEBUG  -O3  -m64 -fomit-frame-pointer -c /home/ed/mcsema-testing/llvm-test-suite/MultiSource/Benchmarks/Prolangs-C/TimberWolfMC/routenet.c -o Output/routenet.llvm.o
/home/ed/mcsema-testing/llvm-test-suite/RunSafely.sh --show-errors -t "/home/ed/mcsema-testing/SANDBOX/test-2015-12-21_15-36-50/tools/timeit" 500 /dev/null Output/savewolf.llvm.o.compile \
	  /usr/bin/clang -I/home/ed/mcsema-testing/SANDBOX/test-2015-12-21_15-36-50/MultiSource/Benchmarks/Prolangs-C/TimberWolfMC -I/home/ed/mcsema-testing/llvm-test-suite/MultiSource/Benchmarks/Prolangs-C/TimberWolfMC -I/home/ed/mcsema-testing/llvm-test-suite/include -I../../../../include -D_GNU_SOURCE -D__STDC_LIMIT_MACROS -DNDEBUG  -O3  -m64 -fomit-frame-pointer -c /home/ed/mcsema-testing/llvm-test-suite/MultiSource/Benchmarks/Prolangs-C/TimberWolfMC/savewolf.c -o Output/savewolf.llvm.o
/home/ed/mcsema-testing/llvm-test-suite/RunSafely.sh --show-errors -t "/home/ed/mcsema-testing/SANDBOX/test-2015-12-21_15-36-50/tools/timeit" 500 /dev/null Output/scrapnet.llvm.o.compile \
	  /usr/bin/clang -I/home/ed/mcsema-testing/SANDBOX/test-2015-12-21_15-36-50/MultiSource/Benchmarks/Prolangs-C/TimberWolfMC -I/home/ed/mcsema-testing/llvm-test-suite/MultiSource/Benchmarks/Prolangs-C/TimberWolfMC -I/home/ed/mcsema-testing/llvm-test-suite/include -I../../../../include -D_GNU_SOURCE -D__STDC_LIMIT_MACROS -DNDEBUG  -O3  -m64 -fomit-frame-pointer -c /home/ed/mcsema-testing/llvm-test-suite/MultiSource/Benchmarks/Prolangs-C/TimberWolfMC/scrapnet.c -o Output/scrapnet.llvm.o
/home/ed/mcsema-testing/llvm-test-suite/RunSafely.sh --show-errors -t "/home/ed/mcsema-testing/SANDBOX/test-2015-12-21_15-36-50/tools/timeit" 500 /dev/null Output/scrappin.llvm.o.compile \
	  /usr/bin/clang -I/home/ed/mcsema-testing/SANDBOX/test-2015-12-21_15-36-50/MultiSource/Benchmarks/Prolangs-C/TimberWolfMC -I/home/ed/mcsema-testing/llvm-test-suite/MultiSource/Benchmarks/Prolangs-C/TimberWolfMC -I/home/ed/mcsema-testing/llvm-test-suite/include -I../../../../include -D_GNU_SOURCE -D__STDC_LIMIT_MACROS -DNDEBUG  -O3  -m64 -fomit-frame-pointer -c /home/ed/mcsema-testing/llvm-test-suite/MultiSource/Benchmarks/Prolangs-C/TimberWolfMC/scrappin.c -o Output/scrappin.llvm.o
/home/ed/mcsema-testing/llvm-test-suite/RunSafely.sh --show-errors -t "/home/ed/mcsema-testing/SANDBOX/test-2015-12-21_15-36-50/tools/timeit" 500 /dev/null Output/selectpin.llvm.o.compile \
	  /usr/bin/clang -I/home/ed/mcsema-testing/SANDBOX/test-2015-12-21_15-36-50/MultiSource/Benchmarks/Prolangs-C/TimberWolfMC -I/home/ed/mcsema-testing/llvm-test-suite/MultiSource/Benchmarks/Prolangs-C/TimberWolfMC -I/home/ed/mcsema-testing/llvm-test-suite/include -I../../../../include -D_GNU_SOURCE -D__STDC_LIMIT_MACROS -DNDEBUG  -O3  -m64 -fomit-frame-pointer -c /home/ed/mcsema-testing/llvm-test-suite/MultiSource/Benchmarks/Prolangs-C/TimberWolfMC/selectpin.c -o Output/selectpin.llvm.o
/home/ed/mcsema-testing/llvm-test-suite/RunSafely.sh --show-errors -t "/home/ed/mcsema-testing/SANDBOX/test-2015-12-21_15-36-50/tools/timeit" 500 /dev/null Output/setpwates.llvm.o.compile \
	  /usr/bin/clang -I/home/ed/mcsema-testing/SANDBOX/test-2015-12-21_15-36-50/MultiSource/Benchmarks/Prolangs-C/TimberWolfMC -I/home/ed/mcsema-testing/llvm-test-suite/MultiSource/Benchmarks/Prolangs-C/TimberWolfMC -I/home/ed/mcsema-testing/llvm-test-suite/include -I../../../../include -D_GNU_SOURCE -D__STDC_LIMIT_MACROS -DNDEBUG  -O3  -m64 -fomit-frame-pointer -c /home/ed/mcsema-testing/llvm-test-suite/MultiSource/Benchmarks/Prolangs-C/TimberWolfMC/setpwates.c -o Output/setpwates.llvm.o
/home/ed/mcsema-testing/llvm-test-suite/RunSafely.sh --show-errors -t "/home/ed/mcsema-testing/SANDBOX/test-2015-12-21_15-36-50/tools/timeit" 500 /dev/null Output/shortpath.llvm.o.compile \
	  /usr/bin/clang -I/home/ed/mcsema-testing/SANDBOX/test-2015-12-21_15-36-50/MultiSource/Benchmarks/Prolangs-C/TimberWolfMC -I/home/ed/mcsema-testing/llvm-test-suite/MultiSource/Benchmarks/Prolangs-C/TimberWolfMC -I/home/ed/mcsema-testing/llvm-test-suite/include -I../../../../include -D_GNU_SOURCE -D__STDC_LIMIT_MACROS -DNDEBUG  -O3  -m64 -fomit-frame-pointer -c /home/ed/mcsema-testing/llvm-test-suite/MultiSource/Benchmarks/Prolangs-C/TimberWolfMC/shortpath.c -o Output/shortpath.llvm.o
/home/ed/mcsema-testing/llvm-test-suite/RunSafely.sh --show-errors -t "/home/ed/mcsema-testing/SANDBOX/test-2015-12-21_15-36-50/tools/timeit" 500 /dev/null Output/test2loop.llvm.o.compile \
	  /usr/bin/clang -I/home/ed/mcsema-testing/SANDBOX/test-2015-12-21_15-36-50/MultiSource/Benchmarks/Prolangs-C/TimberWolfMC -I/home/ed/mcsema-testing/llvm-test-suite/MultiSource/Benchmarks/Prolangs-C/TimberWolfMC -I/home/ed/mcsema-testing/llvm-test-suite/include -I../../../../include -D_GNU_SOURCE -D__STDC_LIMIT_MACROS -DNDEBUG  -O3  -m64 -fomit-frame-pointer -c /home/ed/mcsema-testing/llvm-test-suite/MultiSource/Benchmarks/Prolangs-C/TimberWolfMC/test2loop.c -o Output/test2loop.llvm.o
/home/ed/mcsema-testing/llvm-test-suite/RunSafely.sh --show-errors -t "/home/ed/mcsema-testing/SANDBOX/test-2015-12-21_15-36-50/tools/timeit" 500 /dev/null Output/testloop.llvm.o.compile \
	  /usr/bin/clang -I/home/ed/mcsema-testing/SANDBOX/test-2015-12-21_15-36-50/MultiSource/Benchmarks/Prolangs-C/TimberWolfMC -I/home/ed/mcsema-testing/llvm-test-suite/MultiSource/Benchmarks/Prolangs-C/TimberWolfMC -I/home/ed/mcsema-testing/llvm-test-suite/include -I../../../../include -D_GNU_SOURCE -D__STDC_LIMIT_MACROS -DNDEBUG  -O3  -m64 -fomit-frame-pointer -c /home/ed/mcsema-testing/llvm-test-suite/MultiSource/Benchmarks/Prolangs-C/TimberWolfMC/testloop.c -o Output/testloop.llvm.o
/home/ed/mcsema-testing/llvm-test-suite/RunSafely.sh --show-errors -t "/home/ed/mcsema-testing/SANDBOX/test-2015-12-21_15-36-50/tools/timeit" 500 /dev/null Output/twstats.llvm.o.compile \
	  /usr/bin/clang -I/home/ed/mcsema-testing/SANDBOX/test-2015-12-21_15-36-50/MultiSource/Benchmarks/Prolangs-C/TimberWolfMC -I/home/ed/mcsema-testing/llvm-test-suite/MultiSource/Benchmarks/Prolangs-C/TimberWolfMC -I/home/ed/mcsema-testing/llvm-test-suite/include -I../../../../include -D_GNU_SOURCE -D__STDC_LIMIT_MACROS -DNDEBUG  -O3  -m64 -fomit-frame-pointer -c /home/ed/mcsema-testing/llvm-test-suite/MultiSource/Benchmarks/Prolangs-C/TimberWolfMC/twstats.c -o Output/twstats.llvm.o
/home/ed/mcsema-testing/llvm-test-suite/RunSafely.sh --show-errors -t "/home/ed/mcsema-testing/SANDBOX/test-2015-12-21_15-36-50/tools/timeit" 500 /dev/null Output/uaspect.llvm.o.compile \
	  /usr/bin/clang -I/home/ed/mcsema-testing/SANDBOX/test-2015-12-21_15-36-50/MultiSource/Benchmarks/Prolangs-C/TimberWolfMC -I/home/ed/mcsema-testing/llvm-test-suite/MultiSource/Benchmarks/Prolangs-C/TimberWolfMC -I/home/ed/mcsema-testing/llvm-test-suite/include -I../../../../include -D_GNU_SOURCE -D__STDC_LIMIT_MACROS -DNDEBUG  -O3  -m64 -fomit-frame-pointer -c /home/ed/mcsema-testing/llvm-test-suite/MultiSource/Benchmarks/Prolangs-C/TimberWolfMC/uaspect.c -o Output/uaspect.llvm.o
/home/ed/mcsema-testing/llvm-test-suite/RunSafely.sh --show-errors -t "/home/ed/mcsema-testing/SANDBOX/test-2015-12-21_15-36-50/tools/timeit" 500 /dev/null Output/ufixnet.llvm.o.compile \
	  /usr/bin/clang -I/home/ed/mcsema-testing/SANDBOX/test-2015-12-21_15-36-50/MultiSource/Benchmarks/Prolangs-C/TimberWolfMC -I/home/ed/mcsema-testing/llvm-test-suite/MultiSource/Benchmarks/Prolangs-C/TimberWolfMC -I/home/ed/mcsema-testing/llvm-test-suite/include -I../../../../include -D_GNU_SOURCE -D__STDC_LIMIT_MACROS -DNDEBUG  -O3  -m64 -fomit-frame-pointer -c /home/ed/mcsema-testing/llvm-test-suite/MultiSource/Benchmarks/Prolangs-C/TimberWolfMC/ufixnet.c -o Output/ufixnet.llvm.o
/home/ed/mcsema-testing/llvm-test-suite/RunSafely.sh --show-errors -t "/home/ed/mcsema-testing/SANDBOX/test-2015-12-21_15-36-50/tools/timeit" 500 /dev/null Output/ufixpin.llvm.o.compile \
	  /usr/bin/clang -I/home/ed/mcsema-testing/SANDBOX/test-2015-12-21_15-36-50/MultiSource/Benchmarks/Prolangs-C/TimberWolfMC -I/home/ed/mcsema-testing/llvm-test-suite/MultiSource/Benchmarks/Prolangs-C/TimberWolfMC -I/home/ed/mcsema-testing/llvm-test-suite/include -I../../../../include -D_GNU_SOURCE -D__STDC_LIMIT_MACROS -DNDEBUG  -O3  -m64 -fomit-frame-pointer -c /home/ed/mcsema-testing/llvm-test-suite/MultiSource/Benchmarks/Prolangs-C/TimberWolfMC/ufixpin.c -o Output/ufixpin.llvm.o
/home/ed/mcsema-testing/llvm-test-suite/RunSafely.sh --show-errors -t "/home/ed/mcsema-testing/SANDBOX/test-2015-12-21_15-36-50/tools/timeit" 500 /dev/null Output/uloop.llvm.o.compile \
	  /usr/bin/clang -I/home/ed/mcsema-testing/SANDBOX/test-2015-12-21_15-36-50/MultiSource/Benchmarks/Prolangs-C/TimberWolfMC -I/home/ed/mcsema-testing/llvm-test-suite/MultiSource/Benchmarks/Prolangs-C/TimberWolfMC -I/home/ed/mcsema-testing/llvm-test-suite/include -I../../../../include -D_GNU_SOURCE -D__STDC_LIMIT_MACROS -DNDEBUG  -O3  -m64 -fomit-frame-pointer -c /home/ed/mcsema-testing/llvm-test-suite/MultiSource/Benchmarks/Prolangs-C/TimberWolfMC/uloop.c -o Output/uloop.llvm.o
/home/ed/mcsema-testing/llvm-test-suite/RunSafely.sh --show-errors -t "/home/ed/mcsema-testing/SANDBOX/test-2015-12-21_15-36-50/tools/timeit" 500 /dev/null Output/unbust.llvm.o.compile \
	  /usr/bin/clang -I/home/ed/mcsema-testing/SANDBOX/test-2015-12-21_15-36-50/MultiSource/Benchmarks/Prolangs-C/TimberWolfMC -I/home/ed/mcsema-testing/llvm-test-suite/MultiSource/Benchmarks/Prolangs-C/TimberWolfMC -I/home/ed/mcsema-testing/llvm-test-suite/include -I../../../../include -D_GNU_SOURCE -D__STDC_LIMIT_MACROS -DNDEBUG  -O3  -m64 -fomit-frame-pointer -c /home/ed/mcsema-testing/llvm-test-suite/MultiSource/Benchmarks/Prolangs-C/TimberWolfMC/unbust.c -o Output/unbust.llvm.o
/home/ed/mcsema-testing/llvm-test-suite/RunSafely.sh --show-errors -t "/home/ed/mcsema-testing/SANDBOX/test-2015-12-21_15-36-50/tools/timeit" 500 /dev/null Output/upin.llvm.o.compile \
	  /usr/bin/clang -I/home/ed/mcsema-testing/SANDBOX/test-2015-12-21_15-36-50/MultiSource/Benchmarks/Prolangs-C/TimberWolfMC -I/home/ed/mcsema-testing/llvm-test-suite/MultiSource/Benchmarks/Prolangs-C/TimberWolfMC -I/home/ed/mcsema-testing/llvm-test-suite/include -I../../../../include -D_GNU_SOURCE -D__STDC_LIMIT_MACROS -DNDEBUG  -O3  -m64 -fomit-frame-pointer -c /home/ed/mcsema-testing/llvm-test-suite/MultiSource/Benchmarks/Prolangs-C/TimberWolfMC/upin.c -o Output/upin.llvm.o
/home/ed/mcsema-testing/llvm-test-suite/RunSafely.sh --show-errors -t "/home/ed/mcsema-testing/SANDBOX/test-2015-12-21_15-36-50/tools/timeit" 500 /dev/null Output/upinswap.llvm.o.compile \
	  /usr/bin/clang -I/home/ed/mcsema-testing/SANDBOX/test-2015-12-21_15-36-50/MultiSource/Benchmarks/Prolangs-C/TimberWolfMC -I/home/ed/mcsema-testing/llvm-test-suite/MultiSource/Benchmarks/Prolangs-C/TimberWolfMC -I/home/ed/mcsema-testing/llvm-test-suite/include -I../../../../include -D_GNU_SOURCE -D__STDC_LIMIT_MACROS -DNDEBUG  -O3  -m64 -fomit-frame-pointer -c /home/ed/mcsema-testing/llvm-test-suite/MultiSource/Benchmarks/Prolangs-C/TimberWolfMC/upinswap.c -o Output/upinswap.llvm.o
/home/ed/mcsema-testing/llvm-test-suite/RunSafely.sh --show-errors -t "/home/ed/mcsema-testing/SANDBOX/test-2015-12-21_15-36-50/tools/timeit" 500 /dev/null Output/usite0.llvm.o.compile \
	  /usr/bin/clang -I/home/ed/mcsema-testing/SANDBOX/test-2015-12-21_15-36-50/MultiSource/Benchmarks/Prolangs-C/TimberWolfMC -I/home/ed/mcsema-testing/llvm-test-suite/MultiSource/Benchmarks/Prolangs-C/TimberWolfMC -I/home/ed/mcsema-testing/llvm-test-suite/include -I../../../../include -D_GNU_SOURCE -D__STDC_LIMIT_MACROS -DNDEBUG  -O3  -m64 -fomit-frame-pointer -c /home/ed/mcsema-testing/llvm-test-suite/MultiSource/Benchmarks/Prolangs-C/TimberWolfMC/usite0.c -o Output/usite0.llvm.o
/home/ed/mcsema-testing/llvm-test-suite/RunSafely.sh --show-errors -t "/home/ed/mcsema-testing/SANDBOX/test-2015-12-21_15-36-50/tools/timeit" 500 /dev/null Output/usite1.llvm.o.compile \
	  /usr/bin/clang -I/home/ed/mcsema-testing/SANDBOX/test-2015-12-21_15-36-50/MultiSource/Benchmarks/Prolangs-C/TimberWolfMC -I/home/ed/mcsema-testing/llvm-test-suite/MultiSource/Benchmarks/Prolangs-C/TimberWolfMC -I/home/ed/mcsema-testing/llvm-test-suite/include -I../../../../include -D_GNU_SOURCE -D__STDC_LIMIT_MACROS -DNDEBUG  -O3  -m64 -fomit-frame-pointer -c /home/ed/mcsema-testing/llvm-test-suite/MultiSource/Benchmarks/Prolangs-C/TimberWolfMC/usite1.c -o Output/usite1.llvm.o
/home/ed/mcsema-testing/llvm-test-suite/RunSafely.sh --show-errors -t "/home/ed/mcsema-testing/SANDBOX/test-2015-12-21_15-36-50/tools/timeit" 500 /dev/null Output/usite2.llvm.o.compile \
	  /usr/bin/clang -I/home/ed/mcsema-testing/SANDBOX/test-2015-12-21_15-36-50/MultiSource/Benchmarks/Prolangs-C/TimberWolfMC -I/home/ed/mcsema-testing/llvm-test-suite/MultiSource/Benchmarks/Prolangs-C/TimberWolfMC -I/home/ed/mcsema-testing/llvm-test-suite/include -I../../../../include -D_GNU_SOURCE -D__STDC_LIMIT_MACROS -DNDEBUG  -O3  -m64 -fomit-frame-pointer -c /home/ed/mcsema-testing/llvm-test-suite/MultiSource/Benchmarks/Prolangs-C/TimberWolfMC/usite2.c -o Output/usite2.llvm.o
/home/ed/mcsema-testing/llvm-test-suite/RunSafely.sh --show-errors -t "/home/ed/mcsema-testing/SANDBOX/test-2015-12-21_15-36-50/tools/timeit" 500 /dev/null Output/usiteo1.llvm.o.compile \
	  /usr/bin/clang -I/home/ed/mcsema-testing/SANDBOX/test-2015-12-21_15-36-50/MultiSource/Benchmarks/Prolangs-C/TimberWolfMC -I/home/ed/mcsema-testing/llvm-test-suite/MultiSource/Benchmarks/Prolangs-C/TimberWolfMC -I/home/ed/mcsema-testing/llvm-test-suite/include -I../../../../include -D_GNU_SOURCE -D__STDC_LIMIT_MACROS -DNDEBUG  -O3  -m64 -fomit-frame-pointer -c /home/ed/mcsema-testing/llvm-test-suite/MultiSource/Benchmarks/Prolangs-C/TimberWolfMC/usiteo1.c -o Output/usiteo1.llvm.o
/home/ed/mcsema-testing/llvm-test-suite/RunSafely.sh --show-errors -t "/home/ed/mcsema-testing/SANDBOX/test-2015-12-21_15-36-50/tools/timeit" 500 /dev/null Output/usiteo2.llvm.o.compile \
	  /usr/bin/clang -I/home/ed/mcsema-testing/SANDBOX/test-2015-12-21_15-36-50/MultiSource/Benchmarks/Prolangs-C/TimberWolfMC -I/home/ed/mcsema-testing/llvm-test-suite/MultiSource/Benchmarks/Prolangs-C/TimberWolfMC -I/home/ed/mcsema-testing/llvm-test-suite/include -I../../../../include -D_GNU_SOURCE -D__STDC_LIMIT_MACROS -DNDEBUG  -O3  -m64 -fomit-frame-pointer -c /home/ed/mcsema-testing/llvm-test-suite/MultiSource/Benchmarks/Prolangs-C/TimberWolfMC/usiteo2.c -o Output/usiteo2.llvm.o
/home/ed/mcsema-testing/llvm-test-suite/RunSafely.sh --show-errors -t "/home/ed/mcsema-testing/SANDBOX/test-2015-12-21_15-36-50/tools/timeit" 500 /dev/null Output/usoftnet.llvm.o.compile \
	  /usr/bin/clang -I/home/ed/mcsema-testing/SANDBOX/test-2015-12-21_15-36-50/MultiSource/Benchmarks/Prolangs-C/TimberWolfMC -I/home/ed/mcsema-testing/llvm-test-suite/MultiSource/Benchmarks/Prolangs-C/TimberWolfMC -I/home/ed/mcsema-testing/llvm-test-suite/include -I../../../../include -D_GNU_SOURCE -D__STDC_LIMIT_MACROS -DNDEBUG  -O3  -m64 -fomit-frame-pointer -c /home/ed/mcsema-testing/llvm-test-suite/MultiSource/Benchmarks/Prolangs-C/TimberWolfMC/usoftnet.c -o Output/usoftnet.llvm.o
/home/ed/mcsema-testing/llvm-test-suite/RunSafely.sh --show-errors -t "/home/ed/mcsema-testing/SANDBOX/test-2015-12-21_15-36-50/tools/timeit" 500 /dev/null Output/usoftpin.llvm.o.compile \
	  /usr/bin/clang -I/home/ed/mcsema-testing/SANDBOX/test-2015-12-21_15-36-50/MultiSource/Benchmarks/Prolangs-C/TimberWolfMC -I/home/ed/mcsema-testing/llvm-test-suite/MultiSource/Benchmarks/Prolangs-C/TimberWolfMC -I/home/ed/mcsema-testing/llvm-test-suite/include -I../../../../include -D_GNU_SOURCE -D__STDC_LIMIT_MACROS -DNDEBUG  -O3  -m64 -fomit-frame-pointer -c /home/ed/mcsema-testing/llvm-test-suite/MultiSource/Benchmarks/Prolangs-C/TimberWolfMC/usoftpin.c -o Output/usoftpin.llvm.o
/home/ed/mcsema-testing/llvm-test-suite/RunSafely.sh --show-errors -t "/home/ed/mcsema-testing/SANDBOX/test-2015-12-21_15-36-50/tools/timeit" 500 /dev/null Output/utemp.llvm.o.compile \
	  /usr/bin/clang -I/home/ed/mcsema-testing/SANDBOX/test-2015-12-21_15-36-50/MultiSource/Benchmarks/Prolangs-C/TimberWolfMC -I/home/ed/mcsema-testing/llvm-test-suite/MultiSource/Benchmarks/Prolangs-C/TimberWolfMC -I/home/ed/mcsema-testing/llvm-test-suite/include -I../../../../include -D_GNU_SOURCE -D__STDC_LIMIT_MACROS -DNDEBUG  -O3  -m64 -fomit-frame-pointer -c /home/ed/mcsema-testing/llvm-test-suite/MultiSource/Benchmarks/Prolangs-C/TimberWolfMC/utemp.c -o Output/utemp.llvm.o
/home/ed/mcsema-testing/llvm-test-suite/RunSafely.sh --show-errors -t "/home/ed/mcsema-testing/SANDBOX/test-2015-12-21_15-36-50/tools/timeit" 500 /dev/null Output/vprobes.llvm.o.compile \
	  /usr/bin/clang -I/home/ed/mcsema-testing/SANDBOX/test-2015-12-21_15-36-50/MultiSource/Benchmarks/Prolangs-C/TimberWolfMC -I/home/ed/mcsema-testing/llvm-test-suite/MultiSource/Benchmarks/Prolangs-C/TimberWolfMC -I/home/ed/mcsema-testing/llvm-test-suite/include -I../../../../include -D_GNU_SOURCE -D__STDC_LIMIT_MACROS -DNDEBUG  -O3  -m64 -fomit-frame-pointer -c /home/ed/mcsema-testing/llvm-test-suite/MultiSource/Benchmarks/Prolangs-C/TimberWolfMC/vprobes.c -o Output/vprobes.llvm.o
/home/ed/mcsema-testing/llvm-test-suite/RunSafely.sh --show-errors -t "/home/ed/mcsema-testing/SANDBOX/test-2015-12-21_15-36-50/tools/timeit" 500 /dev/null Output/watesides.llvm.o.compile \
	  /usr/bin/clang -I/home/ed/mcsema-testing/SANDBOX/test-2015-12-21_15-36-50/MultiSource/Benchmarks/Prolangs-C/TimberWolfMC -I/home/ed/mcsema-testing/llvm-test-suite/MultiSource/Benchmarks/Prolangs-C/TimberWolfMC -I/home/ed/mcsema-testing/llvm-test-suite/include -I../../../../include -D_GNU_SOURCE -D__STDC_LIMIT_MACROS -DNDEBUG  -O3  -m64 -fomit-frame-pointer -c /home/ed/mcsema-testing/llvm-test-suite/MultiSource/Benchmarks/Prolangs-C/TimberWolfMC/watesides.c -o Output/watesides.llvm.o
/home/ed/mcsema-testing/llvm-test-suite/RunSafely.sh --show-errors -t "/home/ed/mcsema-testing/SANDBOX/test-2015-12-21_15-36-50/tools/timeit" 500 /dev/null Output/wirecosts.llvm.o.compile \
	  /usr/bin/clang -I/home/ed/mcsema-testing/SANDBOX/test-2015-12-21_15-36-50/MultiSource/Benchmarks/Prolangs-C/TimberWolfMC -I/home/ed/mcsema-testing/llvm-test-suite/MultiSource/Benchmarks/Prolangs-C/TimberWolfMC -I/home/ed/mcsema-testing/llvm-test-suite/include -I../../../../include -D_GNU_SOURCE -D__STDC_LIMIT_MACROS -DNDEBUG  -O3  -m64 -fomit-frame-pointer -c /home/ed/mcsema-testing/llvm-test-suite/MultiSource/Benchmarks/Prolangs-C/TimberWolfMC/wirecosts.c -o Output/wirecosts.llvm.o
/home/ed/mcsema-testing/llvm-test-suite/RunSafely.sh --show-errors -t "/home/ed/mcsema-testing/SANDBOX/test-2015-12-21_15-36-50/tools/timeit" 500 /dev/null Output/wireest.llvm.o.compile \
	  /usr/bin/clang -I/home/ed/mcsema-testing/SANDBOX/test-2015-12-21_15-36-50/MultiSource/Benchmarks/Prolangs-C/TimberWolfMC -I/home/ed/mcsema-testing/llvm-test-suite/MultiSource/Benchmarks/Prolangs-C/TimberWolfMC -I/home/ed/mcsema-testing/llvm-test-suite/include -I../../../../include -D_GNU_SOURCE -D__STDC_LIMIT_MACROS -DNDEBUG  -O3  -m64 -fomit-frame-pointer -c /home/ed/mcsema-testing/llvm-test-suite/MultiSource/Benchmarks/Prolangs-C/TimberWolfMC/wireest.c -o Output/wireest.llvm.o
/home/ed/mcsema-testing/llvm-test-suite/RunSafely.sh --show-errors -t "/home/ed/mcsema-testing/SANDBOX/test-2015-12-21_15-36-50/tools/timeit" 500 /dev/null Output/wireratio.llvm.o.compile \
	  /usr/bin/clang -I/home/ed/mcsema-testing/SANDBOX/test-2015-12-21_15-36-50/MultiSource/Benchmarks/Prolangs-C/TimberWolfMC -I/home/ed/mcsema-testing/llvm-test-suite/MultiSource/Benchmarks/Prolangs-C/TimberWolfMC -I/home/ed/mcsema-testing/llvm-test-suite/include -I../../../../include -D_GNU_SOURCE -D__STDC_LIMIT_MACROS -DNDEBUG  -O3  -m64 -fomit-frame-pointer -c /home/ed/mcsema-testing/llvm-test-suite/MultiSource/Benchmarks/Prolangs-C/TimberWolfMC/wireratio.c -o Output/wireratio.llvm.o
/home/ed/mcsema-testing/llvm-test-suite/RunSafely.sh --show-errors -t "/home/ed/mcsema-testing/SANDBOX/test-2015-12-21_15-36-50/tools/timeit" 500 /dev/null Output/woverlap.llvm.o.compile \
	  /usr/bin/clang -I/home/ed/mcsema-testing/SANDBOX/test-2015-12-21_15-36-50/MultiSource/Benchmarks/Prolangs-C/TimberWolfMC -I/home/ed/mcsema-testing/llvm-test-suite/MultiSource/Benchmarks/Prolangs-C/TimberWolfMC -I/home/ed/mcsema-testing/llvm-test-suite/include -I../../../../include -D_GNU_SOURCE -D__STDC_LIMIT_MACROS -DNDEBUG  -O3  -m64 -fomit-frame-pointer -c /home/ed/mcsema-testing/llvm-test-suite/MultiSource/Benchmarks/Prolangs-C/TimberWolfMC/woverlap.c -o Output/woverlap.llvm.o
/home/ed/mcsema-testing/llvm-test-suite/RunSafely.sh --show-errors -t "/home/ed/mcsema-testing/SANDBOX/test-2015-12-21_15-36-50/tools/timeit" 500 /dev/null Output/woverlapf.llvm.o.compile \
	  /usr/bin/clang -I/home/ed/mcsema-testing/SANDBOX/test-2015-12-21_15-36-50/MultiSource/Benchmarks/Prolangs-C/TimberWolfMC -I/home/ed/mcsema-testing/llvm-test-suite/MultiSource/Benchmarks/Prolangs-C/TimberWolfMC -I/home/ed/mcsema-testing/llvm-test-suite/include -I../../../../include -D_GNU_SOURCE -D__STDC_LIMIT_MACROS -DNDEBUG  -O3  -m64 -fomit-frame-pointer -c /home/ed/mcsema-testing/llvm-test-suite/MultiSource/Benchmarks/Prolangs-C/TimberWolfMC/woverlapf.c -o Output/woverlapf.llvm.o
/home/ed/mcsema-testing/llvm-test-suite/RunSafely.sh --show-errors -t "/home/ed/mcsema-testing/SANDBOX/test-2015-12-21_15-36-50/tools/timeit" 500 /dev/null Output/woverlapx.llvm.o.compile \
	  /usr/bin/clang -I/home/ed/mcsema-testing/SANDBOX/test-2015-12-21_15-36-50/MultiSource/Benchmarks/Prolangs-C/TimberWolfMC -I/home/ed/mcsema-testing/llvm-test-suite/MultiSource/Benchmarks/Prolangs-C/TimberWolfMC -I/home/ed/mcsema-testing/llvm-test-suite/include -I../../../../include -D_GNU_SOURCE -D__STDC_LIMIT_MACROS -DNDEBUG  -O3  -m64 -fomit-frame-pointer -c /home/ed/mcsema-testing/llvm-test-suite/MultiSource/Benchmarks/Prolangs-C/TimberWolfMC/woverlapx.c -o Output/woverlapx.llvm.o
/home/ed/mcsema-testing/llvm-test-suite/RunSafely.sh --show-errors -t "/home/ed/mcsema-testing/SANDBOX/test-2015-12-21_15-36-50/tools/timeit" 500 /dev/null Output/xgraph.llvm.o.compile \
	  /usr/bin/clang -I/home/ed/mcsema-testing/SANDBOX/test-2015-12-21_15-36-50/MultiSource/Benchmarks/Prolangs-C/TimberWolfMC -I/home/ed/mcsema-testing/llvm-test-suite/MultiSource/Benchmarks/Prolangs-C/TimberWolfMC -I/home/ed/mcsema-testing/llvm-test-suite/include -I../../../../include -D_GNU_SOURCE -D__STDC_LIMIT_MACROS -DNDEBUG  -O3  -m64 -fomit-frame-pointer -c /home/ed/mcsema-testing/llvm-test-suite/MultiSource/Benchmarks/Prolangs-C/TimberWolfMC/xgraph.c -o Output/xgraph.llvm.o
/home/ed/mcsema-testing/llvm-test-suite/RunSafely.sh --show-errors -t "/home/ed/mcsema-testing/SANDBOX/test-2015-12-21_15-36-50/tools/timeit" 500 /dev/null Output/ygraph.llvm.o.compile \
	  /usr/bin/clang -I/home/ed/mcsema-testing/SANDBOX/test-2015-12-21_15-36-50/MultiSource/Benchmarks/Prolangs-C/TimberWolfMC -I/home/ed/mcsema-testing/llvm-test-suite/MultiSource/Benchmarks/Prolangs-C/TimberWolfMC -I/home/ed/mcsema-testing/llvm-test-suite/include -I../../../../include -D_GNU_SOURCE -D__STDC_LIMIT_MACROS -DNDEBUG  -O3  -m64 -fomit-frame-pointer -c /home/ed/mcsema-testing/llvm-test-suite/MultiSource/Benchmarks/Prolangs-C/TimberWolfMC/ygraph.c -o Output/ygraph.llvm.o
/usr/bin/clang++ -o Output/timberwolfmc.simple Output/23tree.llvm.o Output/addpins.llvm.o Output/analyze.llvm.o Output/bellman.llvm.o Output/buster.llvm.o Output/changraph.llvm.o Output/checkpen.llvm.o Output/config1.llvm.o Output/config2.llvm.o Output/config3.llvm.o Output/density.llvm.o Output/doborder.llvm.o Output/doublecheck.llvm.o Output/finalout.llvm.o Output/finalpin.llvm.o Output/findcheck.llvm.o Output/findcost.llvm.o Output/findloc.llvm.o Output/findnodes.llvm.o Output/findside.llvm.o Output/fixpenal.llvm.o Output/fulllink.llvm.o Output/fuloop.llvm.o Output/genorient.llvm.o Output/gentwf.llvm.o Output/ggenorien.llvm.o Output/gglobals.llvm.o Output/globals.llvm.o Output/gmain.llvm.o Output/goverlap.llvm.o Output/goverlapf.llvm.o Output/goverlapx.llvm.o Output/gpass2.llvm.o Output/grdcell.llvm.o Output/grepair.llvm.o Output/hash.llvm.o Output/hprobes.llvm.o Output/initbb.llvm.o Output/loadbins.llvm.o Output/loadpg.llvm.o Output/main.llvm.o Output/makebins.llvm.o Output/makelink.llvm.o Output/makesite.llvm.o Output/move.llvm.o Output/mshortest.llvm.o Output/mt.llvm.o Output/neworient.llvm.o Output/outbig.llvm.o Output/outgeo.llvm.o Output/outpin.llvm.o Output/output.llvm.o Output/outsmall.llvm.o Output/parser.llvm.o Output/pass2.llvm.o Output/perimeter.llvm.o Output/placepads.llvm.o Output/placepin.llvm.o Output/prboard.llvm.o Output/prepair.llvm.o Output/prestrict.llvm.o Output/printgph.llvm.o Output/printnets.llvm.o Output/procesnet.llvm.o Output/readcells.llvm.o Output/readgeo.llvm.o Output/readgraph.llvm.o Output/readnets.llvm.o Output/readpar.llvm.o Output/readpnode.llvm.o Output/rebin.llvm.o Output/reduceg.llvm.o Output/rglobals.llvm.o Output/rmain.llvm.o Output/routenet.llvm.o Output/savewolf.llvm.o Output/scrapnet.llvm.o Output/scrappin.llvm.o Output/selectpin.llvm.o Output/setpwates.llvm.o Output/shortpath.llvm.o Output/test2loop.llvm.o Output/testloop.llvm.o Output/twstats.llvm.o Output/uaspect.llvm.o Output/ufixnet.llvm.o Output/ufixpin.llvm.o Output/uloop.llvm.o Output/unbust.llvm.o Output/upin.llvm.o Output/upinswap.llvm.o Output/usite0.llvm.o Output/usite1.llvm.o Output/usite2.llvm.o Output/usiteo1.llvm.o Output/usiteo2.llvm.o Output/usoftnet.llvm.o Output/usoftpin.llvm.o Output/utemp.llvm.o Output/vprobes.llvm.o Output/watesides.llvm.o Output/wirecosts.llvm.o Output/wireest.llvm.o Output/wireratio.llvm.o Output/woverlap.llvm.o Output/woverlapf.llvm.o Output/woverlapx.llvm.o Output/xgraph.llvm.o Output/ygraph.llvm.o -lm   -m64 -fomit-frame-pointer
/home/ed/mcsema-testing/llvm-test-suite/RunSafely.sh -t "/home/ed/mcsema-testing/SANDBOX/test-2015-12-21_15-36-50/tools/timeit-target" 500 /dev/null Output/timberwolfmc.out-simple Output/timberwolfmc.simple 
cp Output/timberwolfmc.simple Output/timberwolfmc.simple-hash; \
	strip --remove-section=.comment --remove-section='.note*' Output/timberwolfmc.simple-hash; \
	/home/ed/mcsema-testing/llvm-test-suite/HashProgramOutput.sh Output/timberwolfmc.simple-hash
if [ -f "/home/ed/mcsema-testing/llvm-test-suite/MultiSource/Benchmarks/Prolangs-C/TimberWolfMC/timberwolfmc.reference_output.little-endian." ]; then \
	  cp /home/ed/mcsema-testing/llvm-test-suite/MultiSource/Benchmarks/Prolangs-C/TimberWolfMC/timberwolfmc.reference_output.little-endian. Output/timberwolfmc.out-nat; \
	elif [ -f "/home/ed/mcsema-testing/llvm-test-suite/MultiSource/Benchmarks/Prolangs-C/TimberWolfMC/timberwolfmc.reference_output." ]; then \
	  cp /home/ed/mcsema-testing/llvm-test-suite/MultiSource/Benchmarks/Prolangs-C/TimberWolfMC/timberwolfmc.reference_output. Output/timberwolfmc.out-nat; \
	elif [ -f "/home/ed/mcsema-testing/llvm-test-suite/MultiSource/Benchmarks/Prolangs-C/TimberWolfMC/timberwolfmc.reference_output.little-endian" ]; then \
	  cp /home/ed/mcsema-testing/llvm-test-suite/MultiSource/Benchmarks/Prolangs-C/TimberWolfMC/timberwolfmc.reference_output.little-endian Output/timberwolfmc.out-nat; \
	elif [ -f "/home/ed/mcsema-testing/llvm-test-suite/MultiSource/Benchmarks/Prolangs-C/TimberWolfMC/timberwolfmc.reference_output" ]; then \
	  cp /home/ed/mcsema-testing/llvm-test-suite/MultiSource/Benchmarks/Prolangs-C/TimberWolfMC/timberwolfmc.reference_output Output/timberwolfmc.out-nat; \
	else \
	  printf "WARNING: %s: %s\n" "NO REFERENCE OUTPUT (using default)" "/home/ed/mcsema-testing/llvm-test-suite/MultiSource/Benchmarks/Prolangs-C/TimberWolfMC/timberwolfmc.reference_output" > Output/timberwolfmc.out-nat; \
	  cp /home/ed/mcsema-testing/llvm-test-suite/default.reference_output Output/timberwolfmc.out-nat; \
	  cat Output/timberwolfmc.out-nat; \
	fi
# Pretend that the reference output was produced instantaneously.
cp /home/ed/mcsema-testing/llvm-test-suite/instant.txt Output/timberwolfmc.out-nat.time
/home/ed/mcsema-testing/llvm-test-suite/DiffOutput.sh "/home/ed/mcsema-testing/SANDBOX/test-2015-12-21_15-36-50/tools/fpcmp " simple timberwolfmc 
rm -f Output/timberwolfmc.exe-simple
cp Output/timberwolfmc.diff-simple Output/timberwolfmc.exe-simple
if test -f Output/timberwolfmc.extra-results.txt; then \
	  /home/ed/mcsema-testing/llvm-test-suite/ParseMultipleResults /home/ed/mcsema-testing/SANDBOX/test-2015-12-21_15-36-50/MultiSource/Benchmarks/Prolangs-C/TimberWolfMC/timberwolfmc Output/timberwolfmc.extra-results.txt >> Output/timberwolfmc.simple.exec.report.txt; \
	fi
cat Output/timberwolfmc.simple.compile.report.txt Output/timberwolfmc.simple.exec.report.txt >> Output/timberwolfmc.simple.report.txt
---------------------------------------------------------------
>>> ========= '/home/ed/mcsema-testing/SANDBOX/test-2015-12-21_15-36-50/MultiSource/Benchmarks/Prolangs-C/TimberWolfMC/timberwolfmc' Program
---------------------------------------------------------------

TEST-PASS: compile /home/ed/mcsema-testing/SANDBOX/test-2015-12-21_15-36-50/MultiSource/Benchmarks/Prolangs-C/TimberWolfMC/timberwolfmc
TEST-RESULT-compile-success: pass
TEST-RESULT-compile-hash: 0ccb0a0b8aed5236293350d8fe48e0af
TEST-RESULT-compile-time: user 7.538100
TEST-RESULT-compile-real-time: real 9.717000

TEST-PASS: exec /home/ed/mcsema-testing/SANDBOX/test-2015-12-21_15-36-50/MultiSource/Benchmarks/Prolangs-C/TimberWolfMC/timberwolfmc
TEST-RESULT-exec-success: pass
TEST-RESULT-exec-time: user       0.0009
TEST-RESULT-exec-real-time: real       0.0018
make[5]: Leaving directory `/home/ed/mcsema-testing/SANDBOX/test-2015-12-21_15-36-50/MultiSource/Benchmarks/Prolangs-C/TimberWolfMC'
make[5]: Entering directory `/home/ed/mcsema-testing/SANDBOX/test-2015-12-21_15-36-50/MultiSource/Benchmarks/Prolangs-C/agrep'
/home/ed/mcsema-testing/llvm-test-suite/RunSafely.sh --show-errors -t "/home/ed/mcsema-testing/SANDBOX/test-2015-12-21_15-36-50/tools/timeit" 500 /dev/null Output/asearch.llvm.o.compile \
	  /usr/bin/clang -I/home/ed/mcsema-testing/SANDBOX/test-2015-12-21_15-36-50/MultiSource/Benchmarks/Prolangs-C/agrep -I/home/ed/mcsema-testing/llvm-test-suite/MultiSource/Benchmarks/Prolangs-C/agrep -I/home/ed/mcsema-testing/llvm-test-suite/include -I../../../../include -D_GNU_SOURCE -D__STDC_LIMIT_MACROS -DNDEBUG  -O3  -m64 -fomit-frame-pointer -c /home/ed/mcsema-testing/llvm-test-suite/MultiSource/Benchmarks/Prolangs-C/agrep/asearch.c -o Output/asearch.llvm.o
/home/ed/mcsema-testing/llvm-test-suite/RunSafely.sh --show-errors -t "/home/ed/mcsema-testing/SANDBOX/test-2015-12-21_15-36-50/tools/timeit" 500 /dev/null Output/asearch1.llvm.o.compile \
	  /usr/bin/clang -I/home/ed/mcsema-testing/SANDBOX/test-2015-12-21_15-36-50/MultiSource/Benchmarks/Prolangs-C/agrep -I/home/ed/mcsema-testing/llvm-test-suite/MultiSource/Benchmarks/Prolangs-C/agrep -I/home/ed/mcsema-testing/llvm-test-suite/include -I../../../../include -D_GNU_SOURCE -D__STDC_LIMIT_MACROS -DNDEBUG  -O3  -m64 -fomit-frame-pointer -c /home/ed/mcsema-testing/llvm-test-suite/MultiSource/Benchmarks/Prolangs-C/agrep/asearch1.c -o Output/asearch1.llvm.o
/home/ed/mcsema-testing/llvm-test-suite/RunSafely.sh --show-errors -t "/home/ed/mcsema-testing/SANDBOX/test-2015-12-21_15-36-50/tools/timeit" 500 /dev/null Output/bitap.llvm.o.compile \
	  /usr/bin/clang -I/home/ed/mcsema-testing/SANDBOX/test-2015-12-21_15-36-50/MultiSource/Benchmarks/Prolangs-C/agrep -I/home/ed/mcsema-testing/llvm-test-suite/MultiSource/Benchmarks/Prolangs-C/agrep -I/home/ed/mcsema-testing/llvm-test-suite/include -I../../../../include -D_GNU_SOURCE -D__STDC_LIMIT_MACROS -DNDEBUG  -O3  -m64 -fomit-frame-pointer -c /home/ed/mcsema-testing/llvm-test-suite/MultiSource/Benchmarks/Prolangs-C/agrep/bitap.c -o Output/bitap.llvm.o
/home/ed/mcsema-testing/llvm-test-suite/RunSafely.sh --show-errors -t "/home/ed/mcsema-testing/SANDBOX/test-2015-12-21_15-36-50/tools/timeit" 500 /dev/null Output/checkfile.llvm.o.compile \
	  /usr/bin/clang -I/home/ed/mcsema-testing/SANDBOX/test-2015-12-21_15-36-50/MultiSource/Benchmarks/Prolangs-C/agrep -I/home/ed/mcsema-testing/llvm-test-suite/MultiSource/Benchmarks/Prolangs-C/agrep -I/home/ed/mcsema-testing/llvm-test-suite/include -I../../../../include -D_GNU_SOURCE -D__STDC_LIMIT_MACROS -DNDEBUG  -O3  -m64 -fomit-frame-pointer -c /home/ed/mcsema-testing/llvm-test-suite/MultiSource/Benchmarks/Prolangs-C/agrep/checkfile.c -o Output/checkfile.llvm.o
/home/ed/mcsema-testing/llvm-test-suite/RunSafely.sh --show-errors -t "/home/ed/mcsema-testing/SANDBOX/test-2015-12-21_15-36-50/tools/timeit" 500 /dev/null Output/compat.llvm.o.compile \
	  /usr/bin/clang -I/home/ed/mcsema-testing/SANDBOX/test-2015-12-21_15-36-50/MultiSource/Benchmarks/Prolangs-C/agrep -I/home/ed/mcsema-testing/llvm-test-suite/MultiSource/Benchmarks/Prolangs-C/agrep -I/home/ed/mcsema-testing/llvm-test-suite/include -I../../../../include -D_GNU_SOURCE -D__STDC_LIMIT_MACROS -DNDEBUG  -O3  -m64 -fomit-frame-pointer -c /home/ed/mcsema-testing/llvm-test-suite/MultiSource/Benchmarks/Prolangs-C/agrep/compat.c -o Output/compat.llvm.o
/home/ed/mcsema-testing/llvm-test-suite/RunSafely.sh --show-errors -t "/home/ed/mcsema-testing/SANDBOX/test-2015-12-21_15-36-50/tools/timeit" 500 /dev/null Output/follow.llvm.o.compile \
	  /usr/bin/clang -I/home/ed/mcsema-testing/SANDBOX/test-2015-12-21_15-36-50/MultiSource/Benchmarks/Prolangs-C/agrep -I/home/ed/mcsema-testing/llvm-test-suite/MultiSource/Benchmarks/Prolangs-C/agrep -I/home/ed/mcsema-testing/llvm-test-suite/include -I../../../../include -D_GNU_SOURCE -D__STDC_LIMIT_MACROS -DNDEBUG  -O3  -m64 -fomit-frame-pointer -c /home/ed/mcsema-testing/llvm-test-suite/MultiSource/Benchmarks/Prolangs-C/agrep/follow.c -o Output/follow.llvm.o
/home/ed/mcsema-testing/llvm-test-suite/RunSafely.sh --show-errors -t "/home/ed/mcsema-testing/SANDBOX/test-2015-12-21_15-36-50/tools/timeit" 500 /dev/null Output/main.llvm.o.compile \
	  /usr/bin/clang -I/home/ed/mcsema-testing/SANDBOX/test-2015-12-21_15-36-50/MultiSource/Benchmarks/Prolangs-C/agrep -I/home/ed/mcsema-testing/llvm-test-suite/MultiSource/Benchmarks/Prolangs-C/agrep -I/home/ed/mcsema-testing/llvm-test-suite/include -I../../../../include -D_GNU_SOURCE -D__STDC_LIMIT_MACROS -DNDEBUG  -O3  -m64 -fomit-frame-pointer -c /home/ed/mcsema-testing/llvm-test-suite/MultiSource/Benchmarks/Prolangs-C/agrep/main.c -o Output/main.llvm.o
/home/ed/mcsema-testing/llvm-test-suite/RunSafely.sh --show-errors -t "/home/ed/mcsema-testing/SANDBOX/test-2015-12-21_15-36-50/tools/timeit" 500 /dev/null Output/maskgen.llvm.o.compile \
	  /usr/bin/clang -I/home/ed/mcsema-testing/SANDBOX/test-2015-12-21_15-36-50/MultiSource/Benchmarks/Prolangs-C/agrep -I/home/ed/mcsema-testing/llvm-test-suite/MultiSource/Benchmarks/Prolangs-C/agrep -I/home/ed/mcsema-testing/llvm-test-suite/include -I../../../../include -D_GNU_SOURCE -D__STDC_LIMIT_MACROS -DNDEBUG  -O3  -m64 -fomit-frame-pointer -c /home/ed/mcsema-testing/llvm-test-suite/MultiSource/Benchmarks/Prolangs-C/agrep/maskgen.c -o Output/maskgen.llvm.o
/home/ed/mcsema-testing/llvm-test-suite/RunSafely.sh --show-errors -t "/home/ed/mcsema-testing/SANDBOX/test-2015-12-21_15-36-50/tools/timeit" 500 /dev/null Output/mgrep.llvm.o.compile \
	  /usr/bin/clang -I/home/ed/mcsema-testing/SANDBOX/test-2015-12-21_15-36-50/MultiSource/Benchmarks/Prolangs-C/agrep -I/home/ed/mcsema-testing/llvm-test-suite/MultiSource/Benchmarks/Prolangs-C/agrep -I/home/ed/mcsema-testing/llvm-test-suite/include -I../../../../include -D_GNU_SOURCE -D__STDC_LIMIT_MACROS -DNDEBUG  -O3  -m64 -fomit-frame-pointer -c /home/ed/mcsema-testing/llvm-test-suite/MultiSource/Benchmarks/Prolangs-C/agrep/mgrep.c -o Output/mgrep.llvm.o
/home/ed/mcsema-testing/llvm-test-suite/RunSafely.sh --show-errors -t "/home/ed/mcsema-testing/SANDBOX/test-2015-12-21_15-36-50/tools/timeit" 500 /dev/null Output/parse.llvm.o.compile \
	  /usr/bin/clang -I/home/ed/mcsema-testing/SANDBOX/test-2015-12-21_15-36-50/MultiSource/Benchmarks/Prolangs-C/agrep -I/home/ed/mcsema-testing/llvm-test-suite/MultiSource/Benchmarks/Prolangs-C/agrep -I/home/ed/mcsema-testing/llvm-test-suite/include -I../../../../include -D_GNU_SOURCE -D__STDC_LIMIT_MACROS -DNDEBUG  -O3  -m64 -fomit-frame-pointer -c /home/ed/mcsema-testing/llvm-test-suite/MultiSource/Benchmarks/Prolangs-C/agrep/parse.c -o Output/parse.llvm.o
/home/ed/mcsema-testing/llvm-test-suite/RunSafely.sh --show-errors -t "/home/ed/mcsema-testing/SANDBOX/test-2015-12-21_15-36-50/tools/timeit" 500 /dev/null Output/preprocess.llvm.o.compile \
	  /usr/bin/clang -I/home/ed/mcsema-testing/SANDBOX/test-2015-12-21_15-36-50/MultiSource/Benchmarks/Prolangs-C/agrep -I/home/ed/mcsema-testing/llvm-test-suite/MultiSource/Benchmarks/Prolangs-C/agrep -I/home/ed/mcsema-testing/llvm-test-suite/include -I../../../../include -D_GNU_SOURCE -D__STDC_LIMIT_MACROS -DNDEBUG  -O3  -m64 -fomit-frame-pointer -c /home/ed/mcsema-testing/llvm-test-suite/MultiSource/Benchmarks/Prolangs-C/agrep/preprocess.c -o Output/preprocess.llvm.o
/home/ed/mcsema-testing/llvm-test-suite/RunSafely.sh --show-errors -t "/home/ed/mcsema-testing/SANDBOX/test-2015-12-21_15-36-50/tools/timeit" 500 /dev/null Output/sgrep.llvm.o.compile \
	  /usr/bin/clang -I/home/ed/mcsema-testing/SANDBOX/test-2015-12-21_15-36-50/MultiSource/Benchmarks/Prolangs-C/agrep -I/home/ed/mcsema-testing/llvm-test-suite/MultiSource/Benchmarks/Prolangs-C/agrep -I/home/ed/mcsema-testing/llvm-test-suite/include -I../../../../include -D_GNU_SOURCE -D__STDC_LIMIT_MACROS -DNDEBUG  -O3  -m64 -fomit-frame-pointer -c /home/ed/mcsema-testing/llvm-test-suite/MultiSource/Benchmarks/Prolangs-C/agrep/sgrep.c -o Output/sgrep.llvm.o
/home/ed/mcsema-testing/llvm-test-suite/RunSafely.sh --show-errors -t "/home/ed/mcsema-testing/SANDBOX/test-2015-12-21_15-36-50/tools/timeit" 500 /dev/null Output/utilities.llvm.o.compile \
	  /usr/bin/clang -I/home/ed/mcsema-testing/SANDBOX/test-2015-12-21_15-36-50/MultiSource/Benchmarks/Prolangs-C/agrep -I/home/ed/mcsema-testing/llvm-test-suite/MultiSource/Benchmarks/Prolangs-C/agrep -I/home/ed/mcsema-testing/llvm-test-suite/include -I../../../../include -D_GNU_SOURCE -D__STDC_LIMIT_MACROS -DNDEBUG  -O3  -m64 -fomit-frame-pointer -c /home/ed/mcsema-testing/llvm-test-suite/MultiSource/Benchmarks/Prolangs-C/agrep/utilities.c -o Output/utilities.llvm.o
/usr/bin/clang++ -o Output/agrep.simple Output/asearch.llvm.o Output/asearch1.llvm.o Output/bitap.llvm.o Output/checkfile.llvm.o Output/compat.llvm.o Output/follow.llvm.o Output/main.llvm.o Output/maskgen.llvm.o Output/mgrep.llvm.o Output/parse.llvm.o Output/preprocess.llvm.o Output/sgrep.llvm.o Output/utilities.llvm.o    -m64 -fomit-frame-pointer
/home/ed/mcsema-testing/llvm-test-suite/RunSafely.sh -t "/home/ed/mcsema-testing/SANDBOX/test-2015-12-21_15-36-50/tools/timeit-target" 500 /dev/null Output/agrep.out-simple Output/agrep.simple -2 int /home/ed/mcsema-testing/llvm-test-suite/MultiSource/Benchmarks/Prolangs-C/agrep/InstructionCombining.cpp.txt
/home/ed/mcsema-testing/llvm-test-suite/HashProgramOutput.sh Output/agrep.out-simple
cp Output/agrep.simple Output/agrep.simple-hash; \
	strip --remove-section=.comment --remove-section='.note*' Output/agrep.simple-hash; \
	/home/ed/mcsema-testing/llvm-test-suite/HashProgramOutput.sh Output/agrep.simple-hash
if [ -f "/home/ed/mcsema-testing/llvm-test-suite/MultiSource/Benchmarks/Prolangs-C/agrep/agrep.reference_output.little-endian." ]; then \
	  cp /home/ed/mcsema-testing/llvm-test-suite/MultiSource/Benchmarks/Prolangs-C/agrep/agrep.reference_output.little-endian. Output/agrep.out-nat; \
	elif [ -f "/home/ed/mcsema-testing/llvm-test-suite/MultiSource/Benchmarks/Prolangs-C/agrep/agrep.reference_output." ]; then \
	  cp /home/ed/mcsema-testing/llvm-test-suite/MultiSource/Benchmarks/Prolangs-C/agrep/agrep.reference_output. Output/agrep.out-nat; \
	elif [ -f "/home/ed/mcsema-testing/llvm-test-suite/MultiSource/Benchmarks/Prolangs-C/agrep/agrep.reference_output.little-endian" ]; then \
	  cp /home/ed/mcsema-testing/llvm-test-suite/MultiSource/Benchmarks/Prolangs-C/agrep/agrep.reference_output.little-endian Output/agrep.out-nat; \
	elif [ -f "/home/ed/mcsema-testing/llvm-test-suite/MultiSource/Benchmarks/Prolangs-C/agrep/agrep.reference_output" ]; then \
	  cp /home/ed/mcsema-testing/llvm-test-suite/MultiSource/Benchmarks/Prolangs-C/agrep/agrep.reference_output Output/agrep.out-nat; \
	else \
	  printf "WARNING: %s: %s\n" "NO REFERENCE OUTPUT (using default)" "/home/ed/mcsema-testing/llvm-test-suite/MultiSource/Benchmarks/Prolangs-C/agrep/agrep.reference_output" > Output/agrep.out-nat; \
	  cp /home/ed/mcsema-testing/llvm-test-suite/default.reference_output Output/agrep.out-nat; \
	  cat Output/agrep.out-nat; \
	fi
# Pretend that the reference output was produced instantaneously.
cp /home/ed/mcsema-testing/llvm-test-suite/instant.txt Output/agrep.out-nat.time
/home/ed/mcsema-testing/llvm-test-suite/DiffOutput.sh "/home/ed/mcsema-testing/SANDBOX/test-2015-12-21_15-36-50/tools/fpcmp " simple agrep 
rm -f Output/agrep.exe-simple
cp Output/agrep.diff-simple Output/agrep.exe-simple
if test -f Output/agrep.extra-results.txt; then \
	  /home/ed/mcsema-testing/llvm-test-suite/ParseMultipleResults /home/ed/mcsema-testing/SANDBOX/test-2015-12-21_15-36-50/MultiSource/Benchmarks/Prolangs-C/agrep/agrep Output/agrep.extra-results.txt >> Output/agrep.simple.exec.report.txt; \
	fi
cat Output/agrep.simple.compile.report.txt Output/agrep.simple.exec.report.txt >> Output/agrep.simple.report.txt
---------------------------------------------------------------
>>> ========= '/home/ed/mcsema-testing/SANDBOX/test-2015-12-21_15-36-50/MultiSource/Benchmarks/Prolangs-C/agrep/agrep' Program
---------------------------------------------------------------

TEST-PASS: compile /home/ed/mcsema-testing/SANDBOX/test-2015-12-21_15-36-50/MultiSource/Benchmarks/Prolangs-C/agrep/agrep
TEST-RESULT-compile-success: pass
TEST-RESULT-compile-hash: 70062954bb1727b92105e0cbfc8d1698
TEST-RESULT-compile-time: user 1.037800
TEST-RESULT-compile-real-time: real 1.297900

TEST-PASS: exec /home/ed/mcsema-testing/SANDBOX/test-2015-12-21_15-36-50/MultiSource/Benchmarks/Prolangs-C/agrep/agrep
TEST-RESULT-exec-success: pass
TEST-RESULT-exec-time: user       0.0031
TEST-RESULT-exec-real-time: real       0.0058
make[5]: Leaving directory `/home/ed/mcsema-testing/SANDBOX/test-2015-12-21_15-36-50/MultiSource/Benchmarks/Prolangs-C/agrep'
make[5]: Entering directory `/home/ed/mcsema-testing/SANDBOX/test-2015-12-21_15-36-50/MultiSource/Benchmarks/Prolangs-C/allroots'
/home/ed/mcsema-testing/llvm-test-suite/RunSafely.sh --show-errors -t "/home/ed/mcsema-testing/SANDBOX/test-2015-12-21_15-36-50/tools/timeit" 500 /dev/null Output/all.llvm.o.compile \
	  /usr/bin/clang -I/home/ed/mcsema-testing/SANDBOX/test-2015-12-21_15-36-50/MultiSource/Benchmarks/Prolangs-C/allroots -I/home/ed/mcsema-testing/llvm-test-suite/MultiSource/Benchmarks/Prolangs-C/allroots -I/home/ed/mcsema-testing/llvm-test-suite/include -I../../../../include -D_GNU_SOURCE -D__STDC_LIMIT_MACROS -DNDEBUG  -O3  -m64 -fomit-frame-pointer -c /home/ed/mcsema-testing/llvm-test-suite/MultiSource/Benchmarks/Prolangs-C/allroots/all.c -o Output/all.llvm.o
/home/ed/mcsema-testing/llvm-test-suite/RunSafely.sh --show-errors -t "/home/ed/mcsema-testing/SANDBOX/test-2015-12-21_15-36-50/tools/timeit" 500 /dev/null Output/horners.llvm.o.compile \
	  /usr/bin/clang -I/home/ed/mcsema-testing/SANDBOX/test-2015-12-21_15-36-50/MultiSource/Benchmarks/Prolangs-C/allroots -I/home/ed/mcsema-testing/llvm-test-suite/MultiSource/Benchmarks/Prolangs-C/allroots -I/home/ed/mcsema-testing/llvm-test-suite/include -I../../../../include -D_GNU_SOURCE -D__STDC_LIMIT_MACROS -DNDEBUG  -O3  -m64 -fomit-frame-pointer -c /home/ed/mcsema-testing/llvm-test-suite/MultiSource/Benchmarks/Prolangs-C/allroots/horners.c -o Output/horners.llvm.o
/home/ed/mcsema-testing/llvm-test-suite/RunSafely.sh --show-errors -t "/home/ed/mcsema-testing/SANDBOX/test-2015-12-21_15-36-50/tools/timeit" 500 /dev/null Output/newton.llvm.o.compile \
	  /usr/bin/clang -I/home/ed/mcsema-testing/SANDBOX/test-2015-12-21_15-36-50/MultiSource/Benchmarks/Prolangs-C/allroots -I/home/ed/mcsema-testing/llvm-test-suite/MultiSource/Benchmarks/Prolangs-C/allroots -I/home/ed/mcsema-testing/llvm-test-suite/include -I../../../../include -D_GNU_SOURCE -D__STDC_LIMIT_MACROS -DNDEBUG  -O3  -m64 -fomit-frame-pointer -c /home/ed/mcsema-testing/llvm-test-suite/MultiSource/Benchmarks/Prolangs-C/allroots/newton.c -o Output/newton.llvm.o
/usr/bin/clang++ -o Output/allroots.simple Output/all.llvm.o Output/horners.llvm.o Output/newton.llvm.o -lm   -m64 -fomit-frame-pointer
/home/ed/mcsema-testing/llvm-test-suite/RunSafely.sh -t "/home/ed/mcsema-testing/SANDBOX/test-2015-12-21_15-36-50/tools/timeit-target" 500 /dev/null Output/allroots.out-simple Output/allroots.simple 
cp Output/allroots.simple Output/allroots.simple-hash; \
	strip --remove-section=.comment --remove-section='.note*' Output/allroots.simple-hash; \
	/home/ed/mcsema-testing/llvm-test-suite/HashProgramOutput.sh Output/allroots.simple-hash
if [ -f "/home/ed/mcsema-testing/llvm-test-suite/MultiSource/Benchmarks/Prolangs-C/allroots/allroots.reference_output.little-endian." ]; then \
	  cp /home/ed/mcsema-testing/llvm-test-suite/MultiSource/Benchmarks/Prolangs-C/allroots/allroots.reference_output.little-endian. Output/allroots.out-nat; \
	elif [ -f "/home/ed/mcsema-testing/llvm-test-suite/MultiSource/Benchmarks/Prolangs-C/allroots/allroots.reference_output." ]; then \
	  cp /home/ed/mcsema-testing/llvm-test-suite/MultiSource/Benchmarks/Prolangs-C/allroots/allroots.reference_output. Output/allroots.out-nat; \
	elif [ -f "/home/ed/mcsema-testing/llvm-test-suite/MultiSource/Benchmarks/Prolangs-C/allroots/allroots.reference_output.little-endian" ]; then \
	  cp /home/ed/mcsema-testing/llvm-test-suite/MultiSource/Benchmarks/Prolangs-C/allroots/allroots.reference_output.little-endian Output/allroots.out-nat; \
	elif [ -f "/home/ed/mcsema-testing/llvm-test-suite/MultiSource/Benchmarks/Prolangs-C/allroots/allroots.reference_output" ]; then \
	  cp /home/ed/mcsema-testing/llvm-test-suite/MultiSource/Benchmarks/Prolangs-C/allroots/allroots.reference_output Output/allroots.out-nat; \
	else \
	  printf "WARNING: %s: %s\n" "NO REFERENCE OUTPUT (using default)" "/home/ed/mcsema-testing/llvm-test-suite/MultiSource/Benchmarks/Prolangs-C/allroots/allroots.reference_output" > Output/allroots.out-nat; \
	  cp /home/ed/mcsema-testing/llvm-test-suite/default.reference_output Output/allroots.out-nat; \
	  cat Output/allroots.out-nat; \
	fi
# Pretend that the reference output was produced instantaneously.
cp /home/ed/mcsema-testing/llvm-test-suite/instant.txt Output/allroots.out-nat.time
/home/ed/mcsema-testing/llvm-test-suite/DiffOutput.sh "/home/ed/mcsema-testing/SANDBOX/test-2015-12-21_15-36-50/tools/fpcmp " simple allroots 
rm -f Output/allroots.exe-simple
cp Output/allroots.diff-simple Output/allroots.exe-simple
if test -f Output/allroots.extra-results.txt; then \
	  /home/ed/mcsema-testing/llvm-test-suite/ParseMultipleResults /home/ed/mcsema-testing/SANDBOX/test-2015-12-21_15-36-50/MultiSource/Benchmarks/Prolangs-C/allroots/allroots Output/allroots.extra-results.txt >> Output/allroots.simple.exec.report.txt; \
	fi
cat Output/allroots.simple.compile.report.txt Output/allroots.simple.exec.report.txt >> Output/allroots.simple.report.txt
---------------------------------------------------------------
>>> ========= '/home/ed/mcsema-testing/SANDBOX/test-2015-12-21_15-36-50/MultiSource/Benchmarks/Prolangs-C/allroots/allroots' Program
---------------------------------------------------------------

TEST-PASS: compile /home/ed/mcsema-testing/SANDBOX/test-2015-12-21_15-36-50/MultiSource/Benchmarks/Prolangs-C/allroots/allroots
TEST-RESULT-compile-success: pass
TEST-RESULT-compile-hash: a017763ec665efff414bed98166b3a05
TEST-RESULT-compile-time: user 0.093800
TEST-RESULT-compile-real-time: real 0.139000

TEST-PASS: exec /home/ed/mcsema-testing/SANDBOX/test-2015-12-21_15-36-50/MultiSource/Benchmarks/Prolangs-C/allroots/allroots
TEST-RESULT-exec-success: pass
TEST-RESULT-exec-time: user       0.0009
TEST-RESULT-exec-real-time: real       0.0020
make[5]: Leaving directory `/home/ed/mcsema-testing/SANDBOX/test-2015-12-21_15-36-50/MultiSource/Benchmarks/Prolangs-C/allroots'
make[5]: Entering directory `/home/ed/mcsema-testing/SANDBOX/test-2015-12-21_15-36-50/MultiSource/Benchmarks/Prolangs-C/archie-client'
/home/ed/mcsema-testing/llvm-test-suite/RunSafely.sh --show-errors -t "/home/ed/mcsema-testing/SANDBOX/test-2015-12-21_15-36-50/tools/timeit" 500 /dev/null Output/aquery.llvm.o.compile \
	  /usr/bin/clang -I/home/ed/mcsema-testing/SANDBOX/test-2015-12-21_15-36-50/MultiSource/Benchmarks/Prolangs-C/archie-client -I/home/ed/mcsema-testing/llvm-test-suite/MultiSource/Benchmarks/Prolangs-C/archie-client -I/home/ed/mcsema-testing/llvm-test-suite/include -I../../../../include -D_GNU_SOURCE -D__STDC_LIMIT_MACROS -DNDEBUG  -O3  -m64 -fomit-frame-pointer -c /home/ed/mcsema-testing/llvm-test-suite/MultiSource/Benchmarks/Prolangs-C/archie-client/aquery.c -o Output/aquery.llvm.o
/home/ed/mcsema-testing/llvm-test-suite/RunSafely.sh --show-errors -t "/home/ed/mcsema-testing/SANDBOX/test-2015-12-21_15-36-50/tools/timeit" 500 /dev/null Output/archie.llvm.o.compile \
	  /usr/bin/clang -I/home/ed/mcsema-testing/SANDBOX/test-2015-12-21_15-36-50/MultiSource/Benchmarks/Prolangs-C/archie-client -I/home/ed/mcsema-testing/llvm-test-suite/MultiSource/Benchmarks/Prolangs-C/archie-client -I/home/ed/mcsema-testing/llvm-test-suite/include -I../../../../include -D_GNU_SOURCE -D__STDC_LIMIT_MACROS -DNDEBUG  -O3  -m64 -fomit-frame-pointer -c /home/ed/mcsema-testing/llvm-test-suite/MultiSource/Benchmarks/Prolangs-C/archie-client/archie.c -o Output/archie.llvm.o
/home/ed/mcsema-testing/llvm-test-suite/RunSafely.sh --show-errors -t "/home/ed/mcsema-testing/SANDBOX/test-2015-12-21_15-36-50/tools/timeit" 500 /dev/null Output/atalloc.llvm.o.compile \
	  /usr/bin/clang -I/home/ed/mcsema-testing/SANDBOX/test-2015-12-21_15-36-50/MultiSource/Benchmarks/Prolangs-C/archie-client -I/home/ed/mcsema-testing/llvm-test-suite/MultiSource/Benchmarks/Prolangs-C/archie-client -I/home/ed/mcsema-testing/llvm-test-suite/include -I../../../../include -D_GNU_SOURCE -D__STDC_LIMIT_MACROS -DNDEBUG  -O3  -m64 -fomit-frame-pointer -c /home/ed/mcsema-testing/llvm-test-suite/MultiSource/Benchmarks/Prolangs-C/archie-client/atalloc.c -o Output/atalloc.llvm.o
/home/ed/mcsema-testing/llvm-test-suite/RunSafely.sh --show-errors -t "/home/ed/mcsema-testing/SANDBOX/test-2015-12-21_15-36-50/tools/timeit" 500 /dev/null Output/dirsend.llvm.o.compile \
	  /usr/bin/clang -I/home/ed/mcsema-testing/SANDBOX/test-2015-12-21_15-36-50/MultiSource/Benchmarks/Prolangs-C/archie-client -I/home/ed/mcsema-testing/llvm-test-suite/MultiSource/Benchmarks/Prolangs-C/archie-client -I/home/ed/mcsema-testing/llvm-test-suite/include -I../../../../include -D_GNU_SOURCE -D__STDC_LIMIT_MACROS -DNDEBUG  -O3  -m64 -fomit-frame-pointer -c /home/ed/mcsema-testing/llvm-test-suite/MultiSource/Benchmarks/Prolangs-C/archie-client/dirsend.c -o Output/dirsend.llvm.o
/home/ed/mcsema-testing/llvm-test-suite/RunSafely.sh --show-errors -t "/home/ed/mcsema-testing/SANDBOX/test-2015-12-21_15-36-50/tools/timeit" 500 /dev/null Output/get_pauth.llvm.o.compile \
	  /usr/bin/clang -I/home/ed/mcsema-testing/SANDBOX/test-2015-12-21_15-36-50/MultiSource/Benchmarks/Prolangs-C/archie-client -I/home/ed/mcsema-testing/llvm-test-suite/MultiSource/Benchmarks/Prolangs-C/archie-client -I/home/ed/mcsema-testing/llvm-test-suite/include -I../../../../include -D_GNU_SOURCE -D__STDC_LIMIT_MACROS -DNDEBUG  -O3  -m64 -fomit-frame-pointer -c /home/ed/mcsema-testing/llvm-test-suite/MultiSource/Benchmarks/Prolangs-C/archie-client/get_pauth.c -o Output/get_pauth.llvm.o
/home/ed/mcsema-testing/llvm-test-suite/RunSafely.sh --show-errors -t "/home/ed/mcsema-testing/SANDBOX/test-2015-12-21_15-36-50/tools/timeit" 500 /dev/null Output/get_vdir.llvm.o.compile \
	  /usr/bin/clang -I/home/ed/mcsema-testing/SANDBOX/test-2015-12-21_15-36-50/MultiSource/Benchmarks/Prolangs-C/archie-client -I/home/ed/mcsema-testing/llvm-test-suite/MultiSource/Benchmarks/Prolangs-C/archie-client -I/home/ed/mcsema-testing/llvm-test-suite/include -I../../../../include -D_GNU_SOURCE -D__STDC_LIMIT_MACROS -DNDEBUG  -O3  -m64 -fomit-frame-pointer -c /home/ed/mcsema-testing/llvm-test-suite/MultiSource/Benchmarks/Prolangs-C/archie-client/get_vdir.c -o Output/get_vdir.llvm.o
/home/ed/mcsema-testing/llvm-test-suite/RunSafely.sh --show-errors -t "/home/ed/mcsema-testing/SANDBOX/test-2015-12-21_15-36-50/tools/timeit" 500 /dev/null Output/perrmesg.llvm.o.compile \
	  /usr/bin/clang -I/home/ed/mcsema-testing/SANDBOX/test-2015-12-21_15-36-50/MultiSource/Benchmarks/Prolangs-C/archie-client -I/home/ed/mcsema-testing/llvm-test-suite/MultiSource/Benchmarks/Prolangs-C/archie-client -I/home/ed/mcsema-testing/llvm-test-suite/include -I../../../../include -D_GNU_SOURCE -D__STDC_LIMIT_MACROS -DNDEBUG  -O3  -m64 -fomit-frame-pointer -c /home/ed/mcsema-testing/llvm-test-suite/MultiSource/Benchmarks/Prolangs-C/archie-client/perrmesg.c -o Output/perrmesg.llvm.o
/home/ed/mcsema-testing/llvm-test-suite/RunSafely.sh --show-errors -t "/home/ed/mcsema-testing/SANDBOX/test-2015-12-21_15-36-50/tools/timeit" 500 /dev/null Output/procquery.llvm.o.compile \
	  /usr/bin/clang -I/home/ed/mcsema-testing/SANDBOX/test-2015-12-21_15-36-50/MultiSource/Benchmarks/Prolangs-C/archie-client -I/home/ed/mcsema-testing/llvm-test-suite/MultiSource/Benchmarks/Prolangs-C/archie-client -I/home/ed/mcsema-testing/llvm-test-suite/include -I../../../../include -D_GNU_SOURCE -D__STDC_LIMIT_MACROS -DNDEBUG  -O3  -m64 -fomit-frame-pointer -c /home/ed/mcsema-testing/llvm-test-suite/MultiSource/Benchmarks/Prolangs-C/archie-client/procquery.c -o Output/procquery.llvm.o
/home/ed/mcsema-testing/llvm-test-suite/RunSafely.sh --show-errors -t "/home/ed/mcsema-testing/SANDBOX/test-2015-12-21_15-36-50/tools/timeit" 500 /dev/null Output/ptalloc.llvm.o.compile \
	  /usr/bin/clang -I/home/ed/mcsema-testing/SANDBOX/test-2015-12-21_15-36-50/MultiSource/Benchmarks/Prolangs-C/archie-client -I/home/ed/mcsema-testing/llvm-test-suite/MultiSource/Benchmarks/Prolangs-C/archie-client -I/home/ed/mcsema-testing/llvm-test-suite/include -I../../../../include -D_GNU_SOURCE -D__STDC_LIMIT_MACROS -DNDEBUG  -O3  -m64 -fomit-frame-pointer -c /home/ed/mcsema-testing/llvm-test-suite/MultiSource/Benchmarks/Prolangs-C/archie-client/ptalloc.c -o Output/ptalloc.llvm.o
/home/ed/mcsema-testing/llvm-test-suite/RunSafely.sh --show-errors -t "/home/ed/mcsema-testing/SANDBOX/test-2015-12-21_15-36-50/tools/timeit" 500 /dev/null Output/regex.llvm.o.compile \
	  /usr/bin/clang -I/home/ed/mcsema-testing/SANDBOX/test-2015-12-21_15-36-50/MultiSource/Benchmarks/Prolangs-C/archie-client -I/home/ed/mcsema-testing/llvm-test-suite/MultiSource/Benchmarks/Prolangs-C/archie-client -I/home/ed/mcsema-testing/llvm-test-suite/include -I../../../../include -D_GNU_SOURCE -D__STDC_LIMIT_MACROS -DNDEBUG  -O3  -m64 -fomit-frame-pointer -c /home/ed/mcsema-testing/llvm-test-suite/MultiSource/Benchmarks/Prolangs-C/archie-client/regex.c -o Output/regex.llvm.o
/home/ed/mcsema-testing/llvm-test-suite/RunSafely.sh --show-errors -t "/home/ed/mcsema-testing/SANDBOX/test-2015-12-21_15-36-50/tools/timeit" 500 /dev/null Output/stcopy.llvm.o.compile \
	  /usr/bin/clang -I/home/ed/mcsema-testing/SANDBOX/test-2015-12-21_15-36-50/MultiSource/Benchmarks/Prolangs-C/archie-client -I/home/ed/mcsema-testing/llvm-test-suite/MultiSource/Benchmarks/Prolangs-C/archie-client -I/home/ed/mcsema-testing/llvm-test-suite/include -I../../../../include -D_GNU_SOURCE -D__STDC_LIMIT_MACROS -DNDEBUG  -O3  -m64 -fomit-frame-pointer -c /home/ed/mcsema-testing/llvm-test-suite/MultiSource/Benchmarks/Prolangs-C/archie-client/stcopy.c -o Output/stcopy.llvm.o
/home/ed/mcsema-testing/llvm-test-suite/RunSafely.sh --show-errors -t "/home/ed/mcsema-testing/SANDBOX/test-2015-12-21_15-36-50/tools/timeit" 500 /dev/null Output/support.llvm.o.compile \
	  /usr/bin/clang -I/home/ed/mcsema-testing/SANDBOX/test-2015-12-21_15-36-50/MultiSource/Benchmarks/Prolangs-C/archie-client -I/home/ed/mcsema-testing/llvm-test-suite/MultiSource/Benchmarks/Prolangs-C/archie-client -I/home/ed/mcsema-testing/llvm-test-suite/include -I../../../../include -D_GNU_SOURCE -D__STDC_LIMIT_MACROS -DNDEBUG  -O3  -m64 -fomit-frame-pointer -c /home/ed/mcsema-testing/llvm-test-suite/MultiSource/Benchmarks/Prolangs-C/archie-client/support.c -o Output/support.llvm.o
/home/ed/mcsema-testing/llvm-test-suite/RunSafely.sh --show-errors -t "/home/ed/mcsema-testing/SANDBOX/test-2015-12-21_15-36-50/tools/timeit" 500 /dev/null Output/vl_comp.llvm.o.compile \
	  /usr/bin/clang -I/home/ed/mcsema-testing/SANDBOX/test-2015-12-21_15-36-50/MultiSource/Benchmarks/Prolangs-C/archie-client -I/home/ed/mcsema-testing/llvm-test-suite/MultiSource/Benchmarks/Prolangs-C/archie-client -I/home/ed/mcsema-testing/llvm-test-suite/include -I../../../../include -D_GNU_SOURCE -D__STDC_LIMIT_MACROS -DNDEBUG  -O3  -m64 -fomit-frame-pointer -c /home/ed/mcsema-testing/llvm-test-suite/MultiSource/Benchmarks/Prolangs-C/archie-client/vl_comp.c -o Output/vl_comp.llvm.o
/home/ed/mcsema-testing/llvm-test-suite/RunSafely.sh --show-errors -t "/home/ed/mcsema-testing/SANDBOX/test-2015-12-21_15-36-50/tools/timeit" 500 /dev/null Output/vlalloc.llvm.o.compile \
	  /usr/bin/clang -I/home/ed/mcsema-testing/SANDBOX/test-2015-12-21_15-36-50/MultiSource/Benchmarks/Prolangs-C/archie-client -I/home/ed/mcsema-testing/llvm-test-suite/MultiSource/Benchmarks/Prolangs-C/archie-client -I/home/ed/mcsema-testing/llvm-test-suite/include -I../../../../include -D_GNU_SOURCE -D__STDC_LIMIT_MACROS -DNDEBUG  -O3  -m64 -fomit-frame-pointer -c /home/ed/mcsema-testing/llvm-test-suite/MultiSource/Benchmarks/Prolangs-C/archie-client/vlalloc.c -o Output/vlalloc.llvm.o
/usr/bin/clang++ -o Output/archie.simple Output/aquery.llvm.o Output/archie.llvm.o Output/atalloc.llvm.o Output/dirsend.llvm.o Output/get_pauth.llvm.o Output/get_vdir.llvm.o Output/perrmesg.llvm.o Output/procquery.llvm.o Output/ptalloc.llvm.o Output/regex.llvm.o Output/stcopy.llvm.o Output/support.llvm.o Output/vl_comp.llvm.o Output/vlalloc.llvm.o    -m64 -fomit-frame-pointer
/home/ed/mcsema-testing/llvm-test-suite/RunSafely.sh -t "/home/ed/mcsema-testing/SANDBOX/test-2015-12-21_15-36-50/tools/timeit-target" 500 /dev/null Output/archie.out-simple Output/archie.simple 
cp Output/archie.simple Output/archie.simple-hash; \
	strip --remove-section=.comment --remove-section='.note*' Output/archie.simple-hash; \
	/home/ed/mcsema-testing/llvm-test-suite/HashProgramOutput.sh Output/archie.simple-hash
if [ -f "/home/ed/mcsema-testing/llvm-test-suite/MultiSource/Benchmarks/Prolangs-C/archie-client/archie.reference_output.little-endian." ]; then \
	  cp /home/ed/mcsema-testing/llvm-test-suite/MultiSource/Benchmarks/Prolangs-C/archie-client/archie.reference_output.little-endian. Output/archie.out-nat; \
	elif [ -f "/home/ed/mcsema-testing/llvm-test-suite/MultiSource/Benchmarks/Prolangs-C/archie-client/archie.reference_output." ]; then \
	  cp /home/ed/mcsema-testing/llvm-test-suite/MultiSource/Benchmarks/Prolangs-C/archie-client/archie.reference_output. Output/archie.out-nat; \
	elif [ -f "/home/ed/mcsema-testing/llvm-test-suite/MultiSource/Benchmarks/Prolangs-C/archie-client/archie.reference_output.little-endian" ]; then \
	  cp /home/ed/mcsema-testing/llvm-test-suite/MultiSource/Benchmarks/Prolangs-C/archie-client/archie.reference_output.little-endian Output/archie.out-nat; \
	elif [ -f "/home/ed/mcsema-testing/llvm-test-suite/MultiSource/Benchmarks/Prolangs-C/archie-client/archie.reference_output" ]; then \
	  cp /home/ed/mcsema-testing/llvm-test-suite/MultiSource/Benchmarks/Prolangs-C/archie-client/archie.reference_output Output/archie.out-nat; \
	else \
	  printf "WARNING: %s: %s\n" "NO REFERENCE OUTPUT (using default)" "/home/ed/mcsema-testing/llvm-test-suite/MultiSource/Benchmarks/Prolangs-C/archie-client/archie.reference_output" > Output/archie.out-nat; \
	  cp /home/ed/mcsema-testing/llvm-test-suite/default.reference_output Output/archie.out-nat; \
	  cat Output/archie.out-nat; \
	fi
# Pretend that the reference output was produced instantaneously.
cp /home/ed/mcsema-testing/llvm-test-suite/instant.txt Output/archie.out-nat.time
/home/ed/mcsema-testing/llvm-test-suite/DiffOutput.sh "/home/ed/mcsema-testing/SANDBOX/test-2015-12-21_15-36-50/tools/fpcmp " simple archie 
rm -f Output/archie.exe-simple
cp Output/archie.diff-simple Output/archie.exe-simple
if test -f Output/archie.extra-results.txt; then \
	  /home/ed/mcsema-testing/llvm-test-suite/ParseMultipleResults /home/ed/mcsema-testing/SANDBOX/test-2015-12-21_15-36-50/MultiSource/Benchmarks/Prolangs-C/archie-client/archie Output/archie.extra-results.txt >> Output/archie.simple.exec.report.txt; \
	fi
cat Output/archie.simple.compile.report.txt Output/archie.simple.exec.report.txt >> Output/archie.simple.report.txt
---------------------------------------------------------------
>>> ========= '/home/ed/mcsema-testing/SANDBOX/test-2015-12-21_15-36-50/MultiSource/Benchmarks/Prolangs-C/archie-client/archie' Program
---------------------------------------------------------------

TEST-PASS: compile /home/ed/mcsema-testing/SANDBOX/test-2015-12-21_15-36-50/MultiSource/Benchmarks/Prolangs-C/archie-client/archie
TEST-RESULT-compile-success: pass
TEST-RESULT-compile-hash: 0088de35f389b8bf31a0cafe7f1b7fd9
TEST-RESULT-compile-time: user 0.614100
TEST-RESULT-compile-real-time: real 0.894400

TEST-PASS: exec /home/ed/mcsema-testing/SANDBOX/test-2015-12-21_15-36-50/MultiSource/Benchmarks/Prolangs-C/archie-client/archie
TEST-RESULT-exec-success: pass
TEST-RESULT-exec-time: user       0.0008
TEST-RESULT-exec-real-time: real       0.0018
make[5]: Leaving directory `/home/ed/mcsema-testing/SANDBOX/test-2015-12-21_15-36-50/MultiSource/Benchmarks/Prolangs-C/archie-client'
make[5]: Entering directory `/home/ed/mcsema-testing/SANDBOX/test-2015-12-21_15-36-50/MultiSource/Benchmarks/Prolangs-C/assembler'
/home/ed/mcsema-testing/llvm-test-suite/RunSafely.sh --show-errors -t "/home/ed/mcsema-testing/SANDBOX/test-2015-12-21_15-36-50/tools/timeit" 500 /dev/null Output/assem.llvm.o.compile \
	  /usr/bin/clang -I/home/ed/mcsema-testing/SANDBOX/test-2015-12-21_15-36-50/MultiSource/Benchmarks/Prolangs-C/assembler -I/home/ed/mcsema-testing/llvm-test-suite/MultiSource/Benchmarks/Prolangs-C/assembler -I/home/ed/mcsema-testing/llvm-test-suite/include -I../../../../include -D_GNU_SOURCE -D__STDC_LIMIT_MACROS -DNDEBUG  -O3  -m64 -fomit-frame-pointer -c /home/ed/mcsema-testing/llvm-test-suite/MultiSource/Benchmarks/Prolangs-C/assembler/assem.c -o Output/assem.llvm.o
/home/ed/mcsema-testing/llvm-test-suite/RunSafely.sh --show-errors -t "/home/ed/mcsema-testing/SANDBOX/test-2015-12-21_15-36-50/tools/timeit" 500 /dev/null Output/buffer.llvm.o.compile \
	  /usr/bin/clang -I/home/ed/mcsema-testing/SANDBOX/test-2015-12-21_15-36-50/MultiSource/Benchmarks/Prolangs-C/assembler -I/home/ed/mcsema-testing/llvm-test-suite/MultiSource/Benchmarks/Prolangs-C/assembler -I/home/ed/mcsema-testing/llvm-test-suite/include -I../../../../include -D_GNU_SOURCE -D__STDC_LIMIT_MACROS -DNDEBUG  -O3  -m64 -fomit-frame-pointer -c /home/ed/mcsema-testing/llvm-test-suite/MultiSource/Benchmarks/Prolangs-C/assembler/buffer.c -o Output/buffer.llvm.o
/home/ed/mcsema-testing/llvm-test-suite/RunSafely.sh --show-errors -t "/home/ed/mcsema-testing/SANDBOX/test-2015-12-21_15-36-50/tools/timeit" 500 /dev/null Output/code.llvm.o.compile \
	  /usr/bin/clang -I/home/ed/mcsema-testing/SANDBOX/test-2015-12-21_15-36-50/MultiSource/Benchmarks/Prolangs-C/assembler -I/home/ed/mcsema-testing/llvm-test-suite/MultiSource/Benchmarks/Prolangs-C/assembler -I/home/ed/mcsema-testing/llvm-test-suite/include -I../../../../include -D_GNU_SOURCE -D__STDC_LIMIT_MACROS -DNDEBUG  -O3  -m64 -fomit-frame-pointer -c /home/ed/mcsema-testing/llvm-test-suite/MultiSource/Benchmarks/Prolangs-C/assembler/code.c -o Output/code.llvm.o
/home/ed/mcsema-testing/llvm-test-suite/RunSafely.sh --show-errors -t "/home/ed/mcsema-testing/SANDBOX/test-2015-12-21_15-36-50/tools/timeit" 500 /dev/null Output/convert.llvm.o.compile \
	  /usr/bin/clang -I/home/ed/mcsema-testing/SANDBOX/test-2015-12-21_15-36-50/MultiSource/Benchmarks/Prolangs-C/assembler -I/home/ed/mcsema-testing/llvm-test-suite/MultiSource/Benchmarks/Prolangs-C/assembler -I/home/ed/mcsema-testing/llvm-test-suite/include -I../../../../include -D_GNU_SOURCE -D__STDC_LIMIT_MACROS -DNDEBUG  -O3  -m64 -fomit-frame-pointer -c /home/ed/mcsema-testing/llvm-test-suite/MultiSource/Benchmarks/Prolangs-C/assembler/convert.c -o Output/convert.llvm.o
/home/ed/mcsema-testing/llvm-test-suite/RunSafely.sh --show-errors -t "/home/ed/mcsema-testing/SANDBOX/test-2015-12-21_15-36-50/tools/timeit" 500 /dev/null Output/op_tab.llvm.o.compile \
	  /usr/bin/clang -I/home/ed/mcsema-testing/SANDBOX/test-2015-12-21_15-36-50/MultiSource/Benchmarks/Prolangs-C/assembler -I/home/ed/mcsema-testing/llvm-test-suite/MultiSource/Benchmarks/Prolangs-C/assembler -I/home/ed/mcsema-testing/llvm-test-suite/include -I../../../../include -D_GNU_SOURCE -D__STDC_LIMIT_MACROS -DNDEBUG  -O3  -m64 -fomit-frame-pointer -c /home/ed/mcsema-testing/llvm-test-suite/MultiSource/Benchmarks/Prolangs-C/assembler/op_tab.c -o Output/op_tab.llvm.o
/home/ed/mcsema-testing/llvm-test-suite/RunSafely.sh --show-errors -t "/home/ed/mcsema-testing/SANDBOX/test-2015-12-21_15-36-50/tools/timeit" 500 /dev/null Output/pass1.llvm.o.compile \
	  /usr/bin/clang -I/home/ed/mcsema-testing/SANDBOX/test-2015-12-21_15-36-50/MultiSource/Benchmarks/Prolangs-C/assembler -I/home/ed/mcsema-testing/llvm-test-suite/MultiSource/Benchmarks/Prolangs-C/assembler -I/home/ed/mcsema-testing/llvm-test-suite/include -I../../../../include -D_GNU_SOURCE -D__STDC_LIMIT_MACROS -DNDEBUG  -O3  -m64 -fomit-frame-pointer -c /home/ed/mcsema-testing/llvm-test-suite/MultiSource/Benchmarks/Prolangs-C/assembler/pass1.c -o Output/pass1.llvm.o
/home/ed/mcsema-testing/llvm-test-suite/RunSafely.sh --show-errors -t "/home/ed/mcsema-testing/SANDBOX/test-2015-12-21_15-36-50/tools/timeit" 500 /dev/null Output/pass2.llvm.o.compile \
	  /usr/bin/clang -I/home/ed/mcsema-testing/SANDBOX/test-2015-12-21_15-36-50/MultiSource/Benchmarks/Prolangs-C/assembler -I/home/ed/mcsema-testing/llvm-test-suite/MultiSource/Benchmarks/Prolangs-C/assembler -I/home/ed/mcsema-testing/llvm-test-suite/include -I../../../../include -D_GNU_SOURCE -D__STDC_LIMIT_MACROS -DNDEBUG  -O3  -m64 -fomit-frame-pointer -c /home/ed/mcsema-testing/llvm-test-suite/MultiSource/Benchmarks/Prolangs-C/assembler/pass2.c -o Output/pass2.llvm.o
/home/ed/mcsema-testing/llvm-test-suite/RunSafely.sh --show-errors -t "/home/ed/mcsema-testing/SANDBOX/test-2015-12-21_15-36-50/tools/timeit" 500 /dev/null Output/pseudo.llvm.o.compile \
	  /usr/bin/clang -I/home/ed/mcsema-testing/SANDBOX/test-2015-12-21_15-36-50/MultiSource/Benchmarks/Prolangs-C/assembler -I/home/ed/mcsema-testing/llvm-test-suite/MultiSource/Benchmarks/Prolangs-C/assembler -I/home/ed/mcsema-testing/llvm-test-suite/include -I../../../../include -D_GNU_SOURCE -D__STDC_LIMIT_MACROS -DNDEBUG  -O3  -m64 -fomit-frame-pointer -c /home/ed/mcsema-testing/llvm-test-suite/MultiSource/Benchmarks/Prolangs-C/assembler/pseudo.c -o Output/pseudo.llvm.o
/home/ed/mcsema-testing/llvm-test-suite/RunSafely.sh --show-errors -t "/home/ed/mcsema-testing/SANDBOX/test-2015-12-21_15-36-50/tools/timeit" 500 /dev/null Output/record.llvm.o.compile \
	  /usr/bin/clang -I/home/ed/mcsema-testing/SANDBOX/test-2015-12-21_15-36-50/MultiSource/Benchmarks/Prolangs-C/assembler -I/home/ed/mcsema-testing/llvm-test-suite/MultiSource/Benchmarks/Prolangs-C/assembler -I/home/ed/mcsema-testing/llvm-test-suite/include -I../../../../include -D_GNU_SOURCE -D__STDC_LIMIT_MACROS -DNDEBUG  -O3  -m64 -fomit-frame-pointer -c /home/ed/mcsema-testing/llvm-test-suite/MultiSource/Benchmarks/Prolangs-C/assembler/record.c -o Output/record.llvm.o
/home/ed/mcsema-testing/llvm-test-suite/RunSafely.sh --show-errors -t "/home/ed/mcsema-testing/SANDBOX/test-2015-12-21_15-36-50/tools/timeit" 500 /dev/null Output/scan_line.llvm.o.compile \
	  /usr/bin/clang -I/home/ed/mcsema-testing/SANDBOX/test-2015-12-21_15-36-50/MultiSource/Benchmarks/Prolangs-C/assembler -I/home/ed/mcsema-testing/llvm-test-suite/MultiSource/Benchmarks/Prolangs-C/assembler -I/home/ed/mcsema-testing/llvm-test-suite/include -I../../../../include -D_GNU_SOURCE -D__STDC_LIMIT_MACROS -DNDEBUG  -O3  -m64 -fomit-frame-pointer -c /home/ed/mcsema-testing/llvm-test-suite/MultiSource/Benchmarks/Prolangs-C/assembler/scan_line.c -o Output/scan_line.llvm.o
/home/ed/mcsema-testing/llvm-test-suite/RunSafely.sh --show-errors -t "/home/ed/mcsema-testing/SANDBOX/test-2015-12-21_15-36-50/tools/timeit" 500 /dev/null Output/stringI.llvm.o.compile \
	  /usr/bin/clang -I/home/ed/mcsema-testing/SANDBOX/test-2015-12-21_15-36-50/MultiSource/Benchmarks/Prolangs-C/assembler -I/home/ed/mcsema-testing/llvm-test-suite/MultiSource/Benchmarks/Prolangs-C/assembler -I/home/ed/mcsema-testing/llvm-test-suite/include -I../../../../include -D_GNU_SOURCE -D__STDC_LIMIT_MACROS -DNDEBUG  -O3  -m64 -fomit-frame-pointer -c /home/ed/mcsema-testing/llvm-test-suite/MultiSource/Benchmarks/Prolangs-C/assembler/stringI.c -o Output/stringI.llvm.o
/home/ed/mcsema-testing/llvm-test-suite/RunSafely.sh --show-errors -t "/home/ed/mcsema-testing/SANDBOX/test-2015-12-21_15-36-50/tools/timeit" 500 /dev/null Output/sym_tab.llvm.o.compile \
	  /usr/bin/clang -I/home/ed/mcsema-testing/SANDBOX/test-2015-12-21_15-36-50/MultiSource/Benchmarks/Prolangs-C/assembler -I/home/ed/mcsema-testing/llvm-test-suite/MultiSource/Benchmarks/Prolangs-C/assembler -I/home/ed/mcsema-testing/llvm-test-suite/include -I../../../../include -D_GNU_SOURCE -D__STDC_LIMIT_MACROS -DNDEBUG  -O3  -m64 -fomit-frame-pointer -c /home/ed/mcsema-testing/llvm-test-suite/MultiSource/Benchmarks/Prolangs-C/assembler/sym_tab.c -o Output/sym_tab.llvm.o
/usr/bin/clang++ -o Output/assembler.simple Output/assem.llvm.o Output/buffer.llvm.o Output/code.llvm.o Output/convert.llvm.o Output/op_tab.llvm.o Output/pass1.llvm.o Output/pass2.llvm.o Output/pseudo.llvm.o Output/record.llvm.o Output/scan_line.llvm.o Output/stringI.llvm.o Output/sym_tab.llvm.o -lm   -m64 -fomit-frame-pointer
/home/ed/mcsema-testing/llvm-test-suite/RunSafely.sh -t "/home/ed/mcsema-testing/SANDBOX/test-2015-12-21_15-36-50/tools/timeit-target" 500 /dev/null Output/assembler.out-simple Output/assembler.simple 
cp Output/assembler.simple Output/assembler.simple-hash; \
	strip --remove-section=.comment --remove-section='.note*' Output/assembler.simple-hash; \
	/home/ed/mcsema-testing/llvm-test-suite/HashProgramOutput.sh Output/assembler.simple-hash
if [ -f "/home/ed/mcsema-testing/llvm-test-suite/MultiSource/Benchmarks/Prolangs-C/assembler/assembler.reference_output.little-endian." ]; then \
	  cp /home/ed/mcsema-testing/llvm-test-suite/MultiSource/Benchmarks/Prolangs-C/assembler/assembler.reference_output.little-endian. Output/assembler.out-nat; \
	elif [ -f "/home/ed/mcsema-testing/llvm-test-suite/MultiSource/Benchmarks/Prolangs-C/assembler/assembler.reference_output." ]; then \
	  cp /home/ed/mcsema-testing/llvm-test-suite/MultiSource/Benchmarks/Prolangs-C/assembler/assembler.reference_output. Output/assembler.out-nat; \
	elif [ -f "/home/ed/mcsema-testing/llvm-test-suite/MultiSource/Benchmarks/Prolangs-C/assembler/assembler.reference_output.little-endian" ]; then \
	  cp /home/ed/mcsema-testing/llvm-test-suite/MultiSource/Benchmarks/Prolangs-C/assembler/assembler.reference_output.little-endian Output/assembler.out-nat; \
	elif [ -f "/home/ed/mcsema-testing/llvm-test-suite/MultiSource/Benchmarks/Prolangs-C/assembler/assembler.reference_output" ]; then \
	  cp /home/ed/mcsema-testing/llvm-test-suite/MultiSource/Benchmarks/Prolangs-C/assembler/assembler.reference_output Output/assembler.out-nat; \
	else \
	  printf "WARNING: %s: %s\n" "NO REFERENCE OUTPUT (using default)" "/home/ed/mcsema-testing/llvm-test-suite/MultiSource/Benchmarks/Prolangs-C/assembler/assembler.reference_output" > Output/assembler.out-nat; \
	  cp /home/ed/mcsema-testing/llvm-test-suite/default.reference_output Output/assembler.out-nat; \
	  cat Output/assembler.out-nat; \
	fi
# Pretend that the reference output was produced instantaneously.
cp /home/ed/mcsema-testing/llvm-test-suite/instant.txt Output/assembler.out-nat.time
/home/ed/mcsema-testing/llvm-test-suite/DiffOutput.sh "/home/ed/mcsema-testing/SANDBOX/test-2015-12-21_15-36-50/tools/fpcmp " simple assembler 
rm -f Output/assembler.exe-simple
cp Output/assembler.diff-simple Output/assembler.exe-simple
if test -f Output/assembler.extra-results.txt; then \
	  /home/ed/mcsema-testing/llvm-test-suite/ParseMultipleResults /home/ed/mcsema-testing/SANDBOX/test-2015-12-21_15-36-50/MultiSource/Benchmarks/Prolangs-C/assembler/assembler Output/assembler.extra-results.txt >> Output/assembler.simple.exec.report.txt; \
	fi
cat Output/assembler.simple.compile.report.txt Output/assembler.simple.exec.report.txt >> Output/assembler.simple.report.txt
---------------------------------------------------------------
>>> ========= '/home/ed/mcsema-testing/SANDBOX/test-2015-12-21_15-36-50/MultiSource/Benchmarks/Prolangs-C/assembler/assembler' Program
---------------------------------------------------------------

TEST-PASS: compile /home/ed/mcsema-testing/SANDBOX/test-2015-12-21_15-36-50/MultiSource/Benchmarks/Prolangs-C/assembler/assembler
TEST-RESULT-compile-success: pass
TEST-RESULT-compile-hash: 8f767808e3747cbc9dd4eba4f3ac8152
TEST-RESULT-compile-time: user 0.610000
TEST-RESULT-compile-real-time: real 0.920800

TEST-PASS: exec /home/ed/mcsema-testing/SANDBOX/test-2015-12-21_15-36-50/MultiSource/Benchmarks/Prolangs-C/assembler/assembler
TEST-RESULT-exec-success: pass
TEST-RESULT-exec-time: user       0.0008
TEST-RESULT-exec-real-time: real       0.0017
make[5]: Leaving directory `/home/ed/mcsema-testing/SANDBOX/test-2015-12-21_15-36-50/MultiSource/Benchmarks/Prolangs-C/assembler'
make[5]: Entering directory `/home/ed/mcsema-testing/SANDBOX/test-2015-12-21_15-36-50/MultiSource/Benchmarks/Prolangs-C/bison'
/home/ed/mcsema-testing/llvm-test-suite/RunSafely.sh --show-errors -t "/home/ed/mcsema-testing/SANDBOX/test-2015-12-21_15-36-50/tools/timeit" 500 /dev/null Output/LR0.llvm.o.compile \
	  /usr/bin/clang -I/home/ed/mcsema-testing/SANDBOX/test-2015-12-21_15-36-50/MultiSource/Benchmarks/Prolangs-C/bison -I/home/ed/mcsema-testing/llvm-test-suite/MultiSource/Benchmarks/Prolangs-C/bison -I/home/ed/mcsema-testing/llvm-test-suite/include -I../../../../include -D_GNU_SOURCE -D__STDC_LIMIT_MACROS -DNDEBUG  -O3  -m64 -fomit-frame-pointer -c /home/ed/mcsema-testing/llvm-test-suite/MultiSource/Benchmarks/Prolangs-C/bison/LR0.c -o Output/LR0.llvm.o
/home/ed/mcsema-testing/llvm-test-suite/RunSafely.sh --show-errors -t "/home/ed/mcsema-testing/SANDBOX/test-2015-12-21_15-36-50/tools/timeit" 500 /dev/null Output/allocate.llvm.o.compile \
	  /usr/bin/clang -I/home/ed/mcsema-testing/SANDBOX/test-2015-12-21_15-36-50/MultiSource/Benchmarks/Prolangs-C/bison -I/home/ed/mcsema-testing/llvm-test-suite/MultiSource/Benchmarks/Prolangs-C/bison -I/home/ed/mcsema-testing/llvm-test-suite/include -I../../../../include -D_GNU_SOURCE -D__STDC_LIMIT_MACROS -DNDEBUG  -O3  -m64 -fomit-frame-pointer -c /home/ed/mcsema-testing/llvm-test-suite/MultiSource/Benchmarks/Prolangs-C/bison/allocate.c -o Output/allocate.llvm.o
/home/ed/mcsema-testing/llvm-test-suite/RunSafely.sh --show-errors -t "/home/ed/mcsema-testing/SANDBOX/test-2015-12-21_15-36-50/tools/timeit" 500 /dev/null Output/closure.llvm.o.compile \
	  /usr/bin/clang -I/home/ed/mcsema-testing/SANDBOX/test-2015-12-21_15-36-50/MultiSource/Benchmarks/Prolangs-C/bison -I/home/ed/mcsema-testing/llvm-test-suite/MultiSource/Benchmarks/Prolangs-C/bison -I/home/ed/mcsema-testing/llvm-test-suite/include -I../../../../include -D_GNU_SOURCE -D__STDC_LIMIT_MACROS -DNDEBUG  -O3  -m64 -fomit-frame-pointer -c /home/ed/mcsema-testing/llvm-test-suite/MultiSource/Benchmarks/Prolangs-C/bison/closure.c -o Output/closure.llvm.o
/home/ed/mcsema-testing/llvm-test-suite/RunSafely.sh --show-errors -t "/home/ed/mcsema-testing/SANDBOX/test-2015-12-21_15-36-50/tools/timeit" 500 /dev/null Output/conflicts.llvm.o.compile \
	  /usr/bin/clang -I/home/ed/mcsema-testing/SANDBOX/test-2015-12-21_15-36-50/MultiSource/Benchmarks/Prolangs-C/bison -I/home/ed/mcsema-testing/llvm-test-suite/MultiSource/Benchmarks/Prolangs-C/bison -I/home/ed/mcsema-testing/llvm-test-suite/include -I../../../../include -D_GNU_SOURCE -D__STDC_LIMIT_MACROS -DNDEBUG  -O3  -m64 -fomit-frame-pointer -c /home/ed/mcsema-testing/llvm-test-suite/MultiSource/Benchmarks/Prolangs-C/bison/conflicts.c -o Output/conflicts.llvm.o
/home/ed/mcsema-testing/llvm-test-suite/RunSafely.sh --show-errors -t "/home/ed/mcsema-testing/SANDBOX/test-2015-12-21_15-36-50/tools/timeit" 500 /dev/null Output/derives.llvm.o.compile \
	  /usr/bin/clang -I/home/ed/mcsema-testing/SANDBOX/test-2015-12-21_15-36-50/MultiSource/Benchmarks/Prolangs-C/bison -I/home/ed/mcsema-testing/llvm-test-suite/MultiSource/Benchmarks/Prolangs-C/bison -I/home/ed/mcsema-testing/llvm-test-suite/include -I../../../../include -D_GNU_SOURCE -D__STDC_LIMIT_MACROS -DNDEBUG  -O3  -m64 -fomit-frame-pointer -c /home/ed/mcsema-testing/llvm-test-suite/MultiSource/Benchmarks/Prolangs-C/bison/derives.c -o Output/derives.llvm.o
/home/ed/mcsema-testing/llvm-test-suite/RunSafely.sh --show-errors -t "/home/ed/mcsema-testing/SANDBOX/test-2015-12-21_15-36-50/tools/timeit" 500 /dev/null Output/files.llvm.o.compile \
	  /usr/bin/clang -I/home/ed/mcsema-testing/SANDBOX/test-2015-12-21_15-36-50/MultiSource/Benchmarks/Prolangs-C/bison -I/home/ed/mcsema-testing/llvm-test-suite/MultiSource/Benchmarks/Prolangs-C/bison -I/home/ed/mcsema-testing/llvm-test-suite/include -I../../../../include -D_GNU_SOURCE -D__STDC_LIMIT_MACROS -DNDEBUG  -O3  -m64 -fomit-frame-pointer -c /home/ed/mcsema-testing/llvm-test-suite/MultiSource/Benchmarks/Prolangs-C/bison/files.c -o Output/files.llvm.o
/home/ed/mcsema-testing/llvm-test-suite/RunSafely.sh --show-errors -t "/home/ed/mcsema-testing/SANDBOX/test-2015-12-21_15-36-50/tools/timeit" 500 /dev/null Output/getargs.llvm.o.compile \
	  /usr/bin/clang -I/home/ed/mcsema-testing/SANDBOX/test-2015-12-21_15-36-50/MultiSource/Benchmarks/Prolangs-C/bison -I/home/ed/mcsema-testing/llvm-test-suite/MultiSource/Benchmarks/Prolangs-C/bison -I/home/ed/mcsema-testing/llvm-test-suite/include -I../../../../include -D_GNU_SOURCE -D__STDC_LIMIT_MACROS -DNDEBUG  -O3  -m64 -fomit-frame-pointer -c /home/ed/mcsema-testing/llvm-test-suite/MultiSource/Benchmarks/Prolangs-C/bison/getargs.c -o Output/getargs.llvm.o
/home/ed/mcsema-testing/llvm-test-suite/RunSafely.sh --show-errors -t "/home/ed/mcsema-testing/SANDBOX/test-2015-12-21_15-36-50/tools/timeit" 500 /dev/null Output/getopt.llvm.o.compile \
	  /usr/bin/clang -I/home/ed/mcsema-testing/SANDBOX/test-2015-12-21_15-36-50/MultiSource/Benchmarks/Prolangs-C/bison -I/home/ed/mcsema-testing/llvm-test-suite/MultiSource/Benchmarks/Prolangs-C/bison -I/home/ed/mcsema-testing/llvm-test-suite/include -I../../../../include -D_GNU_SOURCE -D__STDC_LIMIT_MACROS -DNDEBUG  -O3  -m64 -fomit-frame-pointer -c /home/ed/mcsema-testing/llvm-test-suite/MultiSource/Benchmarks/Prolangs-C/bison/getopt.c -o Output/getopt.llvm.o
/home/ed/mcsema-testing/llvm-test-suite/RunSafely.sh --show-errors -t "/home/ed/mcsema-testing/SANDBOX/test-2015-12-21_15-36-50/tools/timeit" 500 /dev/null Output/gram.llvm.o.compile \
	  /usr/bin/clang -I/home/ed/mcsema-testing/SANDBOX/test-2015-12-21_15-36-50/MultiSource/Benchmarks/Prolangs-C/bison -I/home/ed/mcsema-testing/llvm-test-suite/MultiSource/Benchmarks/Prolangs-C/bison -I/home/ed/mcsema-testing/llvm-test-suite/include -I../../../../include -D_GNU_SOURCE -D__STDC_LIMIT_MACROS -DNDEBUG  -O3  -m64 -fomit-frame-pointer -c /home/ed/mcsema-testing/llvm-test-suite/MultiSource/Benchmarks/Prolangs-C/bison/gram.c -o Output/gram.llvm.o
/home/ed/mcsema-testing/llvm-test-suite/RunSafely.sh --show-errors -t "/home/ed/mcsema-testing/SANDBOX/test-2015-12-21_15-36-50/tools/timeit" 500 /dev/null Output/lalr.llvm.o.compile \
	  /usr/bin/clang -I/home/ed/mcsema-testing/SANDBOX/test-2015-12-21_15-36-50/MultiSource/Benchmarks/Prolangs-C/bison -I/home/ed/mcsema-testing/llvm-test-suite/MultiSource/Benchmarks/Prolangs-C/bison -I/home/ed/mcsema-testing/llvm-test-suite/include -I../../../../include -D_GNU_SOURCE -D__STDC_LIMIT_MACROS -DNDEBUG  -O3  -m64 -fomit-frame-pointer -c /home/ed/mcsema-testing/llvm-test-suite/MultiSource/Benchmarks/Prolangs-C/bison/lalr.c -o Output/lalr.llvm.o
/home/ed/mcsema-testing/llvm-test-suite/RunSafely.sh --show-errors -t "/home/ed/mcsema-testing/SANDBOX/test-2015-12-21_15-36-50/tools/timeit" 500 /dev/null Output/lex.llvm.o.compile \
	  /usr/bin/clang -I/home/ed/mcsema-testing/SANDBOX/test-2015-12-21_15-36-50/MultiSource/Benchmarks/Prolangs-C/bison -I/home/ed/mcsema-testing/llvm-test-suite/MultiSource/Benchmarks/Prolangs-C/bison -I/home/ed/mcsema-testing/llvm-test-suite/include -I../../../../include -D_GNU_SOURCE -D__STDC_LIMIT_MACROS -DNDEBUG  -O3  -m64 -fomit-frame-pointer -c /home/ed/mcsema-testing/llvm-test-suite/MultiSource/Benchmarks/Prolangs-C/bison/lex.c -o Output/lex.llvm.o
/home/ed/mcsema-testing/llvm-test-suite/RunSafely.sh --show-errors -t "/home/ed/mcsema-testing/SANDBOX/test-2015-12-21_15-36-50/tools/timeit" 500 /dev/null Output/main.llvm.o.compile \
	  /usr/bin/clang -I/home/ed/mcsema-testing/SANDBOX/test-2015-12-21_15-36-50/MultiSource/Benchmarks/Prolangs-C/bison -I/home/ed/mcsema-testing/llvm-test-suite/MultiSource/Benchmarks/Prolangs-C/bison -I/home/ed/mcsema-testing/llvm-test-suite/include -I../../../../include -D_GNU_SOURCE -D__STDC_LIMIT_MACROS -DNDEBUG  -O3  -m64 -fomit-frame-pointer -c /home/ed/mcsema-testing/llvm-test-suite/MultiSource/Benchmarks/Prolangs-C/bison/main.c -o Output/main.llvm.o
/home/ed/mcsema-testing/llvm-test-suite/RunSafely.sh --show-errors -t "/home/ed/mcsema-testing/SANDBOX/test-2015-12-21_15-36-50/tools/timeit" 500 /dev/null Output/nullable.llvm.o.compile \
	  /usr/bin/clang -I/home/ed/mcsema-testing/SANDBOX/test-2015-12-21_15-36-50/MultiSource/Benchmarks/Prolangs-C/bison -I/home/ed/mcsema-testing/llvm-test-suite/MultiSource/Benchmarks/Prolangs-C/bison -I/home/ed/mcsema-testing/llvm-test-suite/include -I../../../../include -D_GNU_SOURCE -D__STDC_LIMIT_MACROS -DNDEBUG  -O3  -m64 -fomit-frame-pointer -c /home/ed/mcsema-testing/llvm-test-suite/MultiSource/Benchmarks/Prolangs-C/bison/nullable.c -o Output/nullable.llvm.o
/home/ed/mcsema-testing/llvm-test-suite/RunSafely.sh --show-errors -t "/home/ed/mcsema-testing/SANDBOX/test-2015-12-21_15-36-50/tools/timeit" 500 /dev/null Output/output.llvm.o.compile \
	  /usr/bin/clang -I/home/ed/mcsema-testing/SANDBOX/test-2015-12-21_15-36-50/MultiSource/Benchmarks/Prolangs-C/bison -I/home/ed/mcsema-testing/llvm-test-suite/MultiSource/Benchmarks/Prolangs-C/bison -I/home/ed/mcsema-testing/llvm-test-suite/include -I../../../../include -D_GNU_SOURCE -D__STDC_LIMIT_MACROS -DNDEBUG  -O3  -m64 -fomit-frame-pointer -c /home/ed/mcsema-testing/llvm-test-suite/MultiSource/Benchmarks/Prolangs-C/bison/output.c -o Output/output.llvm.o
/home/ed/mcsema-testing/llvm-test-suite/RunSafely.sh --show-errors -t "/home/ed/mcsema-testing/SANDBOX/test-2015-12-21_15-36-50/tools/timeit" 500 /dev/null Output/print.llvm.o.compile \
	  /usr/bin/clang -I/home/ed/mcsema-testing/SANDBOX/test-2015-12-21_15-36-50/MultiSource/Benchmarks/Prolangs-C/bison -I/home/ed/mcsema-testing/llvm-test-suite/MultiSource/Benchmarks/Prolangs-C/bison -I/home/ed/mcsema-testing/llvm-test-suite/include -I../../../../include -D_GNU_SOURCE -D__STDC_LIMIT_MACROS -DNDEBUG  -O3  -m64 -fomit-frame-pointer -c /home/ed/mcsema-testing/llvm-test-suite/MultiSource/Benchmarks/Prolangs-C/bison/print.c -o Output/print.llvm.o
/home/ed/mcsema-testing/llvm-test-suite/RunSafely.sh --show-errors -t "/home/ed/mcsema-testing/SANDBOX/test-2015-12-21_15-36-50/tools/timeit" 500 /dev/null Output/reader.llvm.o.compile \
	  /usr/bin/clang -I/home/ed/mcsema-testing/SANDBOX/test-2015-12-21_15-36-50/MultiSource/Benchmarks/Prolangs-C/bison -I/home/ed/mcsema-testing/llvm-test-suite/MultiSource/Benchmarks/Prolangs-C/bison -I/home/ed/mcsema-testing/llvm-test-suite/include -I../../../../include -D_GNU_SOURCE -D__STDC_LIMIT_MACROS -DNDEBUG  -O3  -m64 -fomit-frame-pointer -c /home/ed/mcsema-testing/llvm-test-suite/MultiSource/Benchmarks/Prolangs-C/bison/reader.c -o Output/reader.llvm.o
/home/ed/mcsema-testing/llvm-test-suite/RunSafely.sh --show-errors -t "/home/ed/mcsema-testing/SANDBOX/test-2015-12-21_15-36-50/tools/timeit" 500 /dev/null Output/symtab.llvm.o.compile \
	  /usr/bin/clang -I/home/ed/mcsema-testing/SANDBOX/test-2015-12-21_15-36-50/MultiSource/Benchmarks/Prolangs-C/bison -I/home/ed/mcsema-testing/llvm-test-suite/MultiSource/Benchmarks/Prolangs-C/bison -I/home/ed/mcsema-testing/llvm-test-suite/include -I../../../../include -D_GNU_SOURCE -D__STDC_LIMIT_MACROS -DNDEBUG  -O3  -m64 -fomit-frame-pointer -c /home/ed/mcsema-testing/llvm-test-suite/MultiSource/Benchmarks/Prolangs-C/bison/symtab.c -o Output/symtab.llvm.o
/home/ed/mcsema-testing/llvm-test-suite/RunSafely.sh --show-errors -t "/home/ed/mcsema-testing/SANDBOX/test-2015-12-21_15-36-50/tools/timeit" 500 /dev/null Output/warshall.llvm.o.compile \
	  /usr/bin/clang -I/home/ed/mcsema-testing/SANDBOX/test-2015-12-21_15-36-50/MultiSource/Benchmarks/Prolangs-C/bison -I/home/ed/mcsema-testing/llvm-test-suite/MultiSource/Benchmarks/Prolangs-C/bison -I/home/ed/mcsema-testing/llvm-test-suite/include -I../../../../include -D_GNU_SOURCE -D__STDC_LIMIT_MACROS -DNDEBUG  -O3  -m64 -fomit-frame-pointer -c /home/ed/mcsema-testing/llvm-test-suite/MultiSource/Benchmarks/Prolangs-C/bison/warshall.c -o Output/warshall.llvm.o
/usr/bin/clang++ -o Output/mybison.simple Output/LR0.llvm.o Output/allocate.llvm.o Output/closure.llvm.o Output/conflicts.llvm.o Output/derives.llvm.o Output/files.llvm.o Output/getargs.llvm.o Output/getopt.llvm.o Output/gram.llvm.o Output/lalr.llvm.o Output/lex.llvm.o Output/main.llvm.o Output/nullable.llvm.o Output/output.llvm.o Output/print.llvm.o Output/reader.llvm.o Output/symtab.llvm.o Output/warshall.llvm.o    -m64 -fomit-frame-pointer
Output/files.llvm.o: In function `openfiles':
/home/ed/mcsema-testing/llvm-test-suite/MultiSource/Benchmarks/Prolangs-C/bison/files.c:(.text+0x504): warning: the use of `mktemp' is dangerous, better use `mkstemp' or `mkdtemp'
/home/ed/mcsema-testing/llvm-test-suite/RunSafely.sh -t "/home/ed/mcsema-testing/SANDBOX/test-2015-12-21_15-36-50/tools/timeit-target" 500 /dev/null Output/mybison.out-simple Output/mybison.simple /home/ed/mcsema-testing/llvm-test-suite/MultiSource/Benchmarks/Prolangs-C/bison/parse.y.in -v
cp Output/mybison.simple Output/mybison.simple-hash; \
	strip --remove-section=.comment --remove-section='.note*' Output/mybison.simple-hash; \
	/home/ed/mcsema-testing/llvm-test-suite/HashProgramOutput.sh Output/mybison.simple-hash
if [ -f "/home/ed/mcsema-testing/llvm-test-suite/MultiSource/Benchmarks/Prolangs-C/bison/mybison.reference_output.little-endian." ]; then \
	  cp /home/ed/mcsema-testing/llvm-test-suite/MultiSource/Benchmarks/Prolangs-C/bison/mybison.reference_output.little-endian. Output/mybison.out-nat; \
	elif [ -f "/home/ed/mcsema-testing/llvm-test-suite/MultiSource/Benchmarks/Prolangs-C/bison/mybison.reference_output." ]; then \
	  cp /home/ed/mcsema-testing/llvm-test-suite/MultiSource/Benchmarks/Prolangs-C/bison/mybison.reference_output. Output/mybison.out-nat; \
	elif [ -f "/home/ed/mcsema-testing/llvm-test-suite/MultiSource/Benchmarks/Prolangs-C/bison/mybison.reference_output.little-endian" ]; then \
	  cp /home/ed/mcsema-testing/llvm-test-suite/MultiSource/Benchmarks/Prolangs-C/bison/mybison.reference_output.little-endian Output/mybison.out-nat; \
	elif [ -f "/home/ed/mcsema-testing/llvm-test-suite/MultiSource/Benchmarks/Prolangs-C/bison/mybison.reference_output" ]; then \
	  cp /home/ed/mcsema-testing/llvm-test-suite/MultiSource/Benchmarks/Prolangs-C/bison/mybison.reference_output Output/mybison.out-nat; \
	else \
	  printf "WARNING: %s: %s\n" "NO REFERENCE OUTPUT (using default)" "/home/ed/mcsema-testing/llvm-test-suite/MultiSource/Benchmarks/Prolangs-C/bison/mybison.reference_output" > Output/mybison.out-nat; \
	  cp /home/ed/mcsema-testing/llvm-test-suite/default.reference_output Output/mybison.out-nat; \
	  cat Output/mybison.out-nat; \
	fi
# Pretend that the reference output was produced instantaneously.
cp /home/ed/mcsema-testing/llvm-test-suite/instant.txt Output/mybison.out-nat.time
/home/ed/mcsema-testing/llvm-test-suite/DiffOutput.sh "/home/ed/mcsema-testing/SANDBOX/test-2015-12-21_15-36-50/tools/fpcmp " simple mybison 
rm -f Output/mybison.exe-simple
cp Output/mybison.diff-simple Output/mybison.exe-simple
if test -f Output/mybison.extra-results.txt; then \
	  /home/ed/mcsema-testing/llvm-test-suite/ParseMultipleResults /home/ed/mcsema-testing/SANDBOX/test-2015-12-21_15-36-50/MultiSource/Benchmarks/Prolangs-C/bison/mybison Output/mybison.extra-results.txt >> Output/mybison.simple.exec.report.txt; \
	fi
cat Output/mybison.simple.compile.report.txt Output/mybison.simple.exec.report.txt >> Output/mybison.simple.report.txt
---------------------------------------------------------------
>>> ========= '/home/ed/mcsema-testing/SANDBOX/test-2015-12-21_15-36-50/MultiSource/Benchmarks/Prolangs-C/bison/mybison' Program
---------------------------------------------------------------

TEST-PASS: compile /home/ed/mcsema-testing/SANDBOX/test-2015-12-21_15-36-50/MultiSource/Benchmarks/Prolangs-C/bison/mybison
TEST-RESULT-compile-success: pass
TEST-RESULT-compile-hash: 85f7c02803fbee8a7783b3b79fb0753c
TEST-RESULT-compile-time: user 1.223500
TEST-RESULT-compile-real-time: real 1.529500

TEST-PASS: exec /home/ed/mcsema-testing/SANDBOX/test-2015-12-21_15-36-50/MultiSource/Benchmarks/Prolangs-C/bison/mybison
TEST-RESULT-exec-success: pass
TEST-RESULT-exec-time: user       0.0023
TEST-RESULT-exec-real-time: real       0.0048
make[5]: Leaving directory `/home/ed/mcsema-testing/SANDBOX/test-2015-12-21_15-36-50/MultiSource/Benchmarks/Prolangs-C/bison'
make[5]: Entering directory `/home/ed/mcsema-testing/SANDBOX/test-2015-12-21_15-36-50/MultiSource/Benchmarks/Prolangs-C/cdecl'
/home/ed/mcsema-testing/llvm-test-suite/RunSafely.sh --show-errors -t "/home/ed/mcsema-testing/SANDBOX/test-2015-12-21_15-36-50/tools/timeit" 500 /dev/null Output/cdecl.llvm.o.compile \
	  /usr/bin/clang -I/home/ed/mcsema-testing/SANDBOX/test-2015-12-21_15-36-50/MultiSource/Benchmarks/Prolangs-C/cdecl -I/home/ed/mcsema-testing/llvm-test-suite/MultiSource/Benchmarks/Prolangs-C/cdecl -I/home/ed/mcsema-testing/llvm-test-suite/include -I../../../../include -D_GNU_SOURCE -D__STDC_LIMIT_MACROS -DNDEBUG -std=gnu89 -O3  -m64 -fomit-frame-pointer -c /home/ed/mcsema-testing/llvm-test-suite/MultiSource/Benchmarks/Prolangs-C/cdecl/cdecl.c -o Output/cdecl.llvm.o
/usr/bin/clang++ -o Output/cdecl.simple Output/cdecl.llvm.o  -std=gnu89  -m64 -fomit-frame-pointer
/home/ed/mcsema-testing/llvm-test-suite/RunSafely.sh -t "/home/ed/mcsema-testing/SANDBOX/test-2015-12-21_15-36-50/tools/timeit-target" 500 /home/ed/mcsema-testing/llvm-test-suite/MultiSource/Benchmarks/Prolangs-C/cdecl/testset Output/cdecl.out-simple Output/cdecl.simple 
cp Output/cdecl.simple Output/cdecl.simple-hash; \
	strip --remove-section=.comment --remove-section='.note*' Output/cdecl.simple-hash; \
	/home/ed/mcsema-testing/llvm-test-suite/HashProgramOutput.sh Output/cdecl.simple-hash
if [ -f "/home/ed/mcsema-testing/llvm-test-suite/MultiSource/Benchmarks/Prolangs-C/cdecl/cdecl.reference_output.little-endian." ]; then \
	  cp /home/ed/mcsema-testing/llvm-test-suite/MultiSource/Benchmarks/Prolangs-C/cdecl/cdecl.reference_output.little-endian. Output/cdecl.out-nat; \
	elif [ -f "/home/ed/mcsema-testing/llvm-test-suite/MultiSource/Benchmarks/Prolangs-C/cdecl/cdecl.reference_output." ]; then \
	  cp /home/ed/mcsema-testing/llvm-test-suite/MultiSource/Benchmarks/Prolangs-C/cdecl/cdecl.reference_output. Output/cdecl.out-nat; \
	elif [ -f "/home/ed/mcsema-testing/llvm-test-suite/MultiSource/Benchmarks/Prolangs-C/cdecl/cdecl.reference_output.little-endian" ]; then \
	  cp /home/ed/mcsema-testing/llvm-test-suite/MultiSource/Benchmarks/Prolangs-C/cdecl/cdecl.reference_output.little-endian Output/cdecl.out-nat; \
	elif [ -f "/home/ed/mcsema-testing/llvm-test-suite/MultiSource/Benchmarks/Prolangs-C/cdecl/cdecl.reference_output" ]; then \
	  cp /home/ed/mcsema-testing/llvm-test-suite/MultiSource/Benchmarks/Prolangs-C/cdecl/cdecl.reference_output Output/cdecl.out-nat; \
	else \
	  printf "WARNING: %s: %s\n" "NO REFERENCE OUTPUT (using default)" "/home/ed/mcsema-testing/llvm-test-suite/MultiSource/Benchmarks/Prolangs-C/cdecl/cdecl.reference_output" > Output/cdecl.out-nat; \
	  cp /home/ed/mcsema-testing/llvm-test-suite/default.reference_output Output/cdecl.out-nat; \
	  cat Output/cdecl.out-nat; \
	fi
# Pretend that the reference output was produced instantaneously.
cp /home/ed/mcsema-testing/llvm-test-suite/instant.txt Output/cdecl.out-nat.time
/home/ed/mcsema-testing/llvm-test-suite/DiffOutput.sh "/home/ed/mcsema-testing/SANDBOX/test-2015-12-21_15-36-50/tools/fpcmp " simple cdecl 
rm -f Output/cdecl.exe-simple
cp Output/cdecl.diff-simple Output/cdecl.exe-simple
if test -f Output/cdecl.extra-results.txt; then \
	  /home/ed/mcsema-testing/llvm-test-suite/ParseMultipleResults /home/ed/mcsema-testing/SANDBOX/test-2015-12-21_15-36-50/MultiSource/Benchmarks/Prolangs-C/cdecl/cdecl Output/cdecl.extra-results.txt >> Output/cdecl.simple.exec.report.txt; \
	fi
cat Output/cdecl.simple.compile.report.txt Output/cdecl.simple.exec.report.txt >> Output/cdecl.simple.report.txt
---------------------------------------------------------------
>>> ========= '/home/ed/mcsema-testing/SANDBOX/test-2015-12-21_15-36-50/MultiSource/Benchmarks/Prolangs-C/cdecl/cdecl' Program
---------------------------------------------------------------

TEST-PASS: compile /home/ed/mcsema-testing/SANDBOX/test-2015-12-21_15-36-50/MultiSource/Benchmarks/Prolangs-C/cdecl/cdecl
TEST-RESULT-compile-success: pass
TEST-RESULT-compile-hash: c722f0e3272d5b3422b67330ed53ea2e
TEST-RESULT-compile-time: user 0.292300
TEST-RESULT-compile-real-time: real 0.328200

TEST-PASS: exec /home/ed/mcsema-testing/SANDBOX/test-2015-12-21_15-36-50/MultiSource/Benchmarks/Prolangs-C/cdecl/cdecl
TEST-RESULT-exec-success: pass
TEST-RESULT-exec-time: user       0.0011
TEST-RESULT-exec-real-time: real       0.0030
make[5]: Leaving directory `/home/ed/mcsema-testing/SANDBOX/test-2015-12-21_15-36-50/MultiSource/Benchmarks/Prolangs-C/cdecl'
make[5]: Entering directory `/home/ed/mcsema-testing/SANDBOX/test-2015-12-21_15-36-50/MultiSource/Benchmarks/Prolangs-C/compiler'
/home/ed/mcsema-testing/llvm-test-suite/RunSafely.sh --show-errors -t "/home/ed/mcsema-testing/SANDBOX/test-2015-12-21_15-36-50/tools/timeit" 500 /dev/null Output/emitter.llvm.o.compile \
	  /usr/bin/clang -I/home/ed/mcsema-testing/SANDBOX/test-2015-12-21_15-36-50/MultiSource/Benchmarks/Prolangs-C/compiler -I/home/ed/mcsema-testing/llvm-test-suite/MultiSource/Benchmarks/Prolangs-C/compiler -I/home/ed/mcsema-testing/llvm-test-suite/include -I../../../../include -D_GNU_SOURCE -D__STDC_LIMIT_MACROS -DNDEBUG  -O3  -m64 -fomit-frame-pointer -c /home/ed/mcsema-testing/llvm-test-suite/MultiSource/Benchmarks/Prolangs-C/compiler/emitter.c -o Output/emitter.llvm.o
/home/ed/mcsema-testing/llvm-test-suite/RunSafely.sh --show-errors -t "/home/ed/mcsema-testing/SANDBOX/test-2015-12-21_15-36-50/tools/timeit" 500 /dev/null Output/error.llvm.o.compile \
	  /usr/bin/clang -I/home/ed/mcsema-testing/SANDBOX/test-2015-12-21_15-36-50/MultiSource/Benchmarks/Prolangs-C/compiler -I/home/ed/mcsema-testing/llvm-test-suite/MultiSource/Benchmarks/Prolangs-C/compiler -I/home/ed/mcsema-testing/llvm-test-suite/include -I../../../../include -D_GNU_SOURCE -D__STDC_LIMIT_MACROS -DNDEBUG  -O3  -m64 -fomit-frame-pointer -c /home/ed/mcsema-testing/llvm-test-suite/MultiSource/Benchmarks/Prolangs-C/compiler/error.c -o Output/error.llvm.o
/home/ed/mcsema-testing/llvm-test-suite/RunSafely.sh --show-errors -t "/home/ed/mcsema-testing/SANDBOX/test-2015-12-21_15-36-50/tools/timeit" 500 /dev/null Output/init.llvm.o.compile \
	  /usr/bin/clang -I/home/ed/mcsema-testing/SANDBOX/test-2015-12-21_15-36-50/MultiSource/Benchmarks/Prolangs-C/compiler -I/home/ed/mcsema-testing/llvm-test-suite/MultiSource/Benchmarks/Prolangs-C/compiler -I/home/ed/mcsema-testing/llvm-test-suite/include -I../../../../include -D_GNU_SOURCE -D__STDC_LIMIT_MACROS -DNDEBUG  -O3  -m64 -fomit-frame-pointer -c /home/ed/mcsema-testing/llvm-test-suite/MultiSource/Benchmarks/Prolangs-C/compiler/init.c -o Output/init.llvm.o
/home/ed/mcsema-testing/llvm-test-suite/RunSafely.sh --show-errors -t "/home/ed/mcsema-testing/SANDBOX/test-2015-12-21_15-36-50/tools/timeit" 500 /dev/null Output/lexer.llvm.o.compile \
	  /usr/bin/clang -I/home/ed/mcsema-testing/SANDBOX/test-2015-12-21_15-36-50/MultiSource/Benchmarks/Prolangs-C/compiler -I/home/ed/mcsema-testing/llvm-test-suite/MultiSource/Benchmarks/Prolangs-C/compiler -I/home/ed/mcsema-testing/llvm-test-suite/include -I../../../../include -D_GNU_SOURCE -D__STDC_LIMIT_MACROS -DNDEBUG  -O3  -m64 -fomit-frame-pointer -c /home/ed/mcsema-testing/llvm-test-suite/MultiSource/Benchmarks/Prolangs-C/compiler/lexer.c -o Output/lexer.llvm.o
/home/ed/mcsema-testing/llvm-test-suite/RunSafely.sh --show-errors -t "/home/ed/mcsema-testing/SANDBOX/test-2015-12-21_15-36-50/tools/timeit" 500 /dev/null Output/main.llvm.o.compile \
	  /usr/bin/clang -I/home/ed/mcsema-testing/SANDBOX/test-2015-12-21_15-36-50/MultiSource/Benchmarks/Prolangs-C/compiler -I/home/ed/mcsema-testing/llvm-test-suite/MultiSource/Benchmarks/Prolangs-C/compiler -I/home/ed/mcsema-testing/llvm-test-suite/include -I../../../../include -D_GNU_SOURCE -D__STDC_LIMIT_MACROS -DNDEBUG  -O3  -m64 -fomit-frame-pointer -c /home/ed/mcsema-testing/llvm-test-suite/MultiSource/Benchmarks/Prolangs-C/compiler/main.c -o Output/main.llvm.o
/home/ed/mcsema-testing/llvm-test-suite/RunSafely.sh --show-errors -t "/home/ed/mcsema-testing/SANDBOX/test-2015-12-21_15-36-50/tools/timeit" 500 /dev/null Output/parser.llvm.o.compile \
	  /usr/bin/clang -I/home/ed/mcsema-testing/SANDBOX/test-2015-12-21_15-36-50/MultiSource/Benchmarks/Prolangs-C/compiler -I/home/ed/mcsema-testing/llvm-test-suite/MultiSource/Benchmarks/Prolangs-C/compiler -I/home/ed/mcsema-testing/llvm-test-suite/include -I../../../../include -D_GNU_SOURCE -D__STDC_LIMIT_MACROS -DNDEBUG  -O3  -m64 -fomit-frame-pointer -c /home/ed/mcsema-testing/llvm-test-suite/MultiSource/Benchmarks/Prolangs-C/compiler/parser.c -o Output/parser.llvm.o
/home/ed/mcsema-testing/llvm-test-suite/RunSafely.sh --show-errors -t "/home/ed/mcsema-testing/SANDBOX/test-2015-12-21_15-36-50/tools/timeit" 500 /dev/null Output/symbol.llvm.o.compile \
	  /usr/bin/clang -I/home/ed/mcsema-testing/SANDBOX/test-2015-12-21_15-36-50/MultiSource/Benchmarks/Prolangs-C/compiler -I/home/ed/mcsema-testing/llvm-test-suite/MultiSource/Benchmarks/Prolangs-C/compiler -I/home/ed/mcsema-testing/llvm-test-suite/include -I../../../../include -D_GNU_SOURCE -D__STDC_LIMIT_MACROS -DNDEBUG  -O3  -m64 -fomit-frame-pointer -c /home/ed/mcsema-testing/llvm-test-suite/MultiSource/Benchmarks/Prolangs-C/compiler/symbol.c -o Output/symbol.llvm.o
/usr/bin/clang++ -o Output/compiler.simple Output/emitter.llvm.o Output/error.llvm.o Output/init.llvm.o Output/lexer.llvm.o Output/main.llvm.o Output/parser.llvm.o Output/symbol.llvm.o    -m64 -fomit-frame-pointer
/home/ed/mcsema-testing/llvm-test-suite/RunSafely.sh -t "/home/ed/mcsema-testing/SANDBOX/test-2015-12-21_15-36-50/tools/timeit-target" 500 /dev/null Output/compiler.out-simple Output/compiler.simple 
cp Output/compiler.simple Output/compiler.simple-hash; \
	strip --remove-section=.comment --remove-section='.note*' Output/compiler.simple-hash; \
	/home/ed/mcsema-testing/llvm-test-suite/HashProgramOutput.sh Output/compiler.simple-hash
if [ -f "/home/ed/mcsema-testing/llvm-test-suite/MultiSource/Benchmarks/Prolangs-C/compiler/compiler.reference_output.little-endian." ]; then \
	  cp /home/ed/mcsema-testing/llvm-test-suite/MultiSource/Benchmarks/Prolangs-C/compiler/compiler.reference_output.little-endian. Output/compiler.out-nat; \
	elif [ -f "/home/ed/mcsema-testing/llvm-test-suite/MultiSource/Benchmarks/Prolangs-C/compiler/compiler.reference_output." ]; then \
	  cp /home/ed/mcsema-testing/llvm-test-suite/MultiSource/Benchmarks/Prolangs-C/compiler/compiler.reference_output. Output/compiler.out-nat; \
	elif [ -f "/home/ed/mcsema-testing/llvm-test-suite/MultiSource/Benchmarks/Prolangs-C/compiler/compiler.reference_output.little-endian" ]; then \
	  cp /home/ed/mcsema-testing/llvm-test-suite/MultiSource/Benchmarks/Prolangs-C/compiler/compiler.reference_output.little-endian Output/compiler.out-nat; \
	elif [ -f "/home/ed/mcsema-testing/llvm-test-suite/MultiSource/Benchmarks/Prolangs-C/compiler/compiler.reference_output" ]; then \
	  cp /home/ed/mcsema-testing/llvm-test-suite/MultiSource/Benchmarks/Prolangs-C/compiler/compiler.reference_output Output/compiler.out-nat; \
	else \
	  printf "WARNING: %s: %s\n" "NO REFERENCE OUTPUT (using default)" "/home/ed/mcsema-testing/llvm-test-suite/MultiSource/Benchmarks/Prolangs-C/compiler/compiler.reference_output" > Output/compiler.out-nat; \
	  cp /home/ed/mcsema-testing/llvm-test-suite/default.reference_output Output/compiler.out-nat; \
	  cat Output/compiler.out-nat; \
	fi
# Pretend that the reference output was produced instantaneously.
cp /home/ed/mcsema-testing/llvm-test-suite/instant.txt Output/compiler.out-nat.time
/home/ed/mcsema-testing/llvm-test-suite/DiffOutput.sh "/home/ed/mcsema-testing/SANDBOX/test-2015-12-21_15-36-50/tools/fpcmp " simple compiler 
rm -f Output/compiler.exe-simple
cp Output/compiler.diff-simple Output/compiler.exe-simple
if test -f Output/compiler.extra-results.txt; then \
	  /home/ed/mcsema-testing/llvm-test-suite/ParseMultipleResults /home/ed/mcsema-testing/SANDBOX/test-2015-12-21_15-36-50/MultiSource/Benchmarks/Prolangs-C/compiler/compiler Output/compiler.extra-results.txt >> Output/compiler.simple.exec.report.txt; \
	fi
cat Output/compiler.simple.compile.report.txt Output/compiler.simple.exec.report.txt >> Output/compiler.simple.report.txt
---------------------------------------------------------------
>>> ========= '/home/ed/mcsema-testing/SANDBOX/test-2015-12-21_15-36-50/MultiSource/Benchmarks/Prolangs-C/compiler/compiler' Program
---------------------------------------------------------------

TEST-PASS: compile /home/ed/mcsema-testing/SANDBOX/test-2015-12-21_15-36-50/MultiSource/Benchmarks/Prolangs-C/compiler/compiler
TEST-RESULT-compile-success: pass
TEST-RESULT-compile-hash: ebd1e86b82fcaee09c3d7a21770832e2
TEST-RESULT-compile-time: user 0.380000
TEST-RESULT-compile-real-time: real 0.490300

TEST-PASS: exec /home/ed/mcsema-testing/SANDBOX/test-2015-12-21_15-36-50/MultiSource/Benchmarks/Prolangs-C/compiler/compiler
TEST-RESULT-exec-success: pass
TEST-RESULT-exec-time: user       0.0008
TEST-RESULT-exec-real-time: real       0.0017
make[5]: Leaving directory `/home/ed/mcsema-testing/SANDBOX/test-2015-12-21_15-36-50/MultiSource/Benchmarks/Prolangs-C/compiler'
make[5]: Entering directory `/home/ed/mcsema-testing/SANDBOX/test-2015-12-21_15-36-50/MultiSource/Benchmarks/Prolangs-C/fixoutput'
/home/ed/mcsema-testing/llvm-test-suite/RunSafely.sh --show-errors -t "/home/ed/mcsema-testing/SANDBOX/test-2015-12-21_15-36-50/tools/timeit" 500 /dev/null Output/fixoutput.llvm.o.compile \
	  /usr/bin/clang -I/home/ed/mcsema-testing/SANDBOX/test-2015-12-21_15-36-50/MultiSource/Benchmarks/Prolangs-C/fixoutput -I/home/ed/mcsema-testing/llvm-test-suite/MultiSource/Benchmarks/Prolangs-C/fixoutput -I/home/ed/mcsema-testing/llvm-test-suite/include -I../../../../include -D_GNU_SOURCE -D__STDC_LIMIT_MACROS -DNDEBUG  -O3  -m64 -fomit-frame-pointer -c /home/ed/mcsema-testing/llvm-test-suite/MultiSource/Benchmarks/Prolangs-C/fixoutput/fixoutput.c -o Output/fixoutput.llvm.o
/home/ed/mcsema-testing/llvm-test-suite/RunSafely.sh --show-errors -t "/home/ed/mcsema-testing/SANDBOX/test-2015-12-21_15-36-50/tools/timeit" 500 /dev/null Output/stringI.llvm.o.compile \
	  /usr/bin/clang -I/home/ed/mcsema-testing/SANDBOX/test-2015-12-21_15-36-50/MultiSource/Benchmarks/Prolangs-C/fixoutput -I/home/ed/mcsema-testing/llvm-test-suite/MultiSource/Benchmarks/Prolangs-C/fixoutput -I/home/ed/mcsema-testing/llvm-test-suite/include -I../../../../include -D_GNU_SOURCE -D__STDC_LIMIT_MACROS -DNDEBUG  -O3  -m64 -fomit-frame-pointer -c /home/ed/mcsema-testing/llvm-test-suite/MultiSource/Benchmarks/Prolangs-C/fixoutput/stringI.c -o Output/stringI.llvm.o
/usr/bin/clang++ -o Output/fixoutput.simple Output/fixoutput.llvm.o Output/stringI.llvm.o    -m64 -fomit-frame-pointer
/home/ed/mcsema-testing/llvm-test-suite/RunSafely.sh -t "/home/ed/mcsema-testing/SANDBOX/test-2015-12-21_15-36-50/tools/timeit-target" 500 /dev/null Output/fixoutput.out-simple Output/fixoutput.simple 
cp Output/fixoutput.simple Output/fixoutput.simple-hash; \
	strip --remove-section=.comment --remove-section='.note*' Output/fixoutput.simple-hash; \
	/home/ed/mcsema-testing/llvm-test-suite/HashProgramOutput.sh Output/fixoutput.simple-hash
if [ -f "/home/ed/mcsema-testing/llvm-test-suite/MultiSource/Benchmarks/Prolangs-C/fixoutput/fixoutput.reference_output.little-endian." ]; then \
	  cp /home/ed/mcsema-testing/llvm-test-suite/MultiSource/Benchmarks/Prolangs-C/fixoutput/fixoutput.reference_output.little-endian. Output/fixoutput.out-nat; \
	elif [ -f "/home/ed/mcsema-testing/llvm-test-suite/MultiSource/Benchmarks/Prolangs-C/fixoutput/fixoutput.reference_output." ]; then \
	  cp /home/ed/mcsema-testing/llvm-test-suite/MultiSource/Benchmarks/Prolangs-C/fixoutput/fixoutput.reference_output. Output/fixoutput.out-nat; \
	elif [ -f "/home/ed/mcsema-testing/llvm-test-suite/MultiSource/Benchmarks/Prolangs-C/fixoutput/fixoutput.reference_output.little-endian" ]; then \
	  cp /home/ed/mcsema-testing/llvm-test-suite/MultiSource/Benchmarks/Prolangs-C/fixoutput/fixoutput.reference_output.little-endian Output/fixoutput.out-nat; \
	elif [ -f "/home/ed/mcsema-testing/llvm-test-suite/MultiSource/Benchmarks/Prolangs-C/fixoutput/fixoutput.reference_output" ]; then \
	  cp /home/ed/mcsema-testing/llvm-test-suite/MultiSource/Benchmarks/Prolangs-C/fixoutput/fixoutput.reference_output Output/fixoutput.out-nat; \
	else \
	  printf "WARNING: %s: %s\n" "NO REFERENCE OUTPUT (using default)" "/home/ed/mcsema-testing/llvm-test-suite/MultiSource/Benchmarks/Prolangs-C/fixoutput/fixoutput.reference_output" > Output/fixoutput.out-nat; \
	  cp /home/ed/mcsema-testing/llvm-test-suite/default.reference_output Output/fixoutput.out-nat; \
	  cat Output/fixoutput.out-nat; \
	fi
# Pretend that the reference output was produced instantaneously.
cp /home/ed/mcsema-testing/llvm-test-suite/instant.txt Output/fixoutput.out-nat.time
/home/ed/mcsema-testing/llvm-test-suite/DiffOutput.sh "/home/ed/mcsema-testing/SANDBOX/test-2015-12-21_15-36-50/tools/fpcmp " simple fixoutput 
rm -f Output/fixoutput.exe-simple
cp Output/fixoutput.diff-simple Output/fixoutput.exe-simple
if test -f Output/fixoutput.extra-results.txt; then \
	  /home/ed/mcsema-testing/llvm-test-suite/ParseMultipleResults /home/ed/mcsema-testing/SANDBOX/test-2015-12-21_15-36-50/MultiSource/Benchmarks/Prolangs-C/fixoutput/fixoutput Output/fixoutput.extra-results.txt >> Output/fixoutput.simple.exec.report.txt; \
	fi
cat Output/fixoutput.simple.compile.report.txt Output/fixoutput.simple.exec.report.txt >> Output/fixoutput.simple.report.txt
---------------------------------------------------------------
>>> ========= '/home/ed/mcsema-testing/SANDBOX/test-2015-12-21_15-36-50/MultiSource/Benchmarks/Prolangs-C/fixoutput/fixoutput' Program
---------------------------------------------------------------

TEST-PASS: compile /home/ed/mcsema-testing/SANDBOX/test-2015-12-21_15-36-50/MultiSource/Benchmarks/Prolangs-C/fixoutput/fixoutput
TEST-RESULT-compile-success: pass
TEST-RESULT-compile-hash: 42bc6227df791dfe84c472a13a266bfd
TEST-RESULT-compile-time: user 0.073500
TEST-RESULT-compile-real-time: real 0.105700

TEST-PASS: exec /home/ed/mcsema-testing/SANDBOX/test-2015-12-21_15-36-50/MultiSource/Benchmarks/Prolangs-C/fixoutput/fixoutput
TEST-RESULT-exec-success: pass
TEST-RESULT-exec-time: user       0.0009
TEST-RESULT-exec-real-time: real       0.0018
make[5]: Leaving directory `/home/ed/mcsema-testing/SANDBOX/test-2015-12-21_15-36-50/MultiSource/Benchmarks/Prolangs-C/fixoutput'
make[5]: Entering directory `/home/ed/mcsema-testing/SANDBOX/test-2015-12-21_15-36-50/MultiSource/Benchmarks/Prolangs-C/football'
/home/ed/mcsema-testing/llvm-test-suite/RunSafely.sh --show-errors -t "/home/ed/mcsema-testing/SANDBOX/test-2015-12-21_15-36-50/tools/timeit" 500 /dev/null Output/common.llvm.o.compile \
	  /usr/bin/clang -I/home/ed/mcsema-testing/SANDBOX/test-2015-12-21_15-36-50/MultiSource/Benchmarks/Prolangs-C/football -I/home/ed/mcsema-testing/llvm-test-suite/MultiSource/Benchmarks/Prolangs-C/football -I/home/ed/mcsema-testing/llvm-test-suite/include -I../../../../include -D_GNU_SOURCE -D__STDC_LIMIT_MACROS -DNDEBUG  -O3  -m64 -fomit-frame-pointer -c /home/ed/mcsema-testing/llvm-test-suite/MultiSource/Benchmarks/Prolangs-C/football/common.c -o Output/common.llvm.o
/home/ed/mcsema-testing/llvm-test-suite/RunSafely.sh --show-errors -t "/home/ed/mcsema-testing/SANDBOX/test-2015-12-21_15-36-50/tools/timeit" 500 /dev/null Output/io.llvm.o.compile \
	  /usr/bin/clang -I/home/ed/mcsema-testing/SANDBOX/test-2015-12-21_15-36-50/MultiSource/Benchmarks/Prolangs-C/football -I/home/ed/mcsema-testing/llvm-test-suite/MultiSource/Benchmarks/Prolangs-C/football -I/home/ed/mcsema-testing/llvm-test-suite/include -I../../../../include -D_GNU_SOURCE -D__STDC_LIMIT_MACROS -DNDEBUG  -O3  -m64 -fomit-frame-pointer -c /home/ed/mcsema-testing/llvm-test-suite/MultiSource/Benchmarks/Prolangs-C/football/io.c -o Output/io.llvm.o
/home/ed/mcsema-testing/llvm-test-suite/RunSafely.sh --show-errors -t "/home/ed/mcsema-testing/SANDBOX/test-2015-12-21_15-36-50/tools/timeit" 500 /dev/null Output/sort.llvm.o.compile \
	  /usr/bin/clang -I/home/ed/mcsema-testing/SANDBOX/test-2015-12-21_15-36-50/MultiSource/Benchmarks/Prolangs-C/football -I/home/ed/mcsema-testing/llvm-test-suite/MultiSource/Benchmarks/Prolangs-C/football -I/home/ed/mcsema-testing/llvm-test-suite/include -I../../../../include -D_GNU_SOURCE -D__STDC_LIMIT_MACROS -DNDEBUG  -O3  -m64 -fomit-frame-pointer -c /home/ed/mcsema-testing/llvm-test-suite/MultiSource/Benchmarks/Prolangs-C/football/sort.c -o Output/sort.llvm.o
/home/ed/mcsema-testing/llvm-test-suite/RunSafely.sh --show-errors -t "/home/ed/mcsema-testing/SANDBOX/test-2015-12-21_15-36-50/tools/timeit" 500 /dev/null Output/stats.llvm.o.compile \
	  /usr/bin/clang -I/home/ed/mcsema-testing/SANDBOX/test-2015-12-21_15-36-50/MultiSource/Benchmarks/Prolangs-C/football -I/home/ed/mcsema-testing/llvm-test-suite/MultiSource/Benchmarks/Prolangs-C/football -I/home/ed/mcsema-testing/llvm-test-suite/include -I../../../../include -D_GNU_SOURCE -D__STDC_LIMIT_MACROS -DNDEBUG  -O3  -m64 -fomit-frame-pointer -c /home/ed/mcsema-testing/llvm-test-suite/MultiSource/Benchmarks/Prolangs-C/football/stats.c -o Output/stats.llvm.o
/usr/bin/clang++ -o Output/football.simple Output/common.llvm.o Output/io.llvm.o Output/sort.llvm.o Output/stats.llvm.o    -m64 -fomit-frame-pointer
/home/ed/mcsema-testing/llvm-test-suite/RunSafely.sh -t "/home/ed/mcsema-testing/SANDBOX/test-2015-12-21_15-36-50/tools/timeit-target" 500 /dev/null Output/football.out-simple Output/football.simple 
cp Output/football.simple Output/football.simple-hash; \
	strip --remove-section=.comment --remove-section='.note*' Output/football.simple-hash; \
	/home/ed/mcsema-testing/llvm-test-suite/HashProgramOutput.sh Output/football.simple-hash
if [ -f "/home/ed/mcsema-testing/llvm-test-suite/MultiSource/Benchmarks/Prolangs-C/football/football.reference_output.little-endian." ]; then \
	  cp /home/ed/mcsema-testing/llvm-test-suite/MultiSource/Benchmarks/Prolangs-C/football/football.reference_output.little-endian. Output/football.out-nat; \
	elif [ -f "/home/ed/mcsema-testing/llvm-test-suite/MultiSource/Benchmarks/Prolangs-C/football/football.reference_output." ]; then \
	  cp /home/ed/mcsema-testing/llvm-test-suite/MultiSource/Benchmarks/Prolangs-C/football/football.reference_output. Output/football.out-nat; \
	elif [ -f "/home/ed/mcsema-testing/llvm-test-suite/MultiSource/Benchmarks/Prolangs-C/football/football.reference_output.little-endian" ]; then \
	  cp /home/ed/mcsema-testing/llvm-test-suite/MultiSource/Benchmarks/Prolangs-C/football/football.reference_output.little-endian Output/football.out-nat; \
	elif [ -f "/home/ed/mcsema-testing/llvm-test-suite/MultiSource/Benchmarks/Prolangs-C/football/football.reference_output" ]; then \
	  cp /home/ed/mcsema-testing/llvm-test-suite/MultiSource/Benchmarks/Prolangs-C/football/football.reference_output Output/football.out-nat; \
	else \
	  printf "WARNING: %s: %s\n" "NO REFERENCE OUTPUT (using default)" "/home/ed/mcsema-testing/llvm-test-suite/MultiSource/Benchmarks/Prolangs-C/football/football.reference_output" > Output/football.out-nat; \
	  cp /home/ed/mcsema-testing/llvm-test-suite/default.reference_output Output/football.out-nat; \
	  cat Output/football.out-nat; \
	fi
# Pretend that the reference output was produced instantaneously.
cp /home/ed/mcsema-testing/llvm-test-suite/instant.txt Output/football.out-nat.time
/home/ed/mcsema-testing/llvm-test-suite/DiffOutput.sh "/home/ed/mcsema-testing/SANDBOX/test-2015-12-21_15-36-50/tools/fpcmp " simple football 
rm -f Output/football.exe-simple
cp Output/football.diff-simple Output/football.exe-simple
if test -f Output/football.extra-results.txt; then \
	  /home/ed/mcsema-testing/llvm-test-suite/ParseMultipleResults /home/ed/mcsema-testing/SANDBOX/test-2015-12-21_15-36-50/MultiSource/Benchmarks/Prolangs-C/football/football Output/football.extra-results.txt >> Output/football.simple.exec.report.txt; \
	fi
cat Output/football.simple.compile.report.txt Output/football.simple.exec.report.txt >> Output/football.simple.report.txt
---------------------------------------------------------------
>>> ========= '/home/ed/mcsema-testing/SANDBOX/test-2015-12-21_15-36-50/MultiSource/Benchmarks/Prolangs-C/football/football' Program
---------------------------------------------------------------

TEST-PASS: compile /home/ed/mcsema-testing/SANDBOX/test-2015-12-21_15-36-50/MultiSource/Benchmarks/Prolangs-C/football/football
TEST-RESULT-compile-success: pass
TEST-RESULT-compile-hash: 6769dab37784331e3cc62d31116b3fcd
TEST-RESULT-compile-time: user 0.567300
TEST-RESULT-compile-real-time: real 0.647700

TEST-PASS: exec /home/ed/mcsema-testing/SANDBOX/test-2015-12-21_15-36-50/MultiSource/Benchmarks/Prolangs-C/football/football
TEST-RESULT-exec-success: pass
TEST-RESULT-exec-time: user       0.0008
TEST-RESULT-exec-real-time: real       0.0018
make[5]: Leaving directory `/home/ed/mcsema-testing/SANDBOX/test-2015-12-21_15-36-50/MultiSource/Benchmarks/Prolangs-C/football'
make[5]: Entering directory `/home/ed/mcsema-testing/SANDBOX/test-2015-12-21_15-36-50/MultiSource/Benchmarks/Prolangs-C/gnugo'
/home/ed/mcsema-testing/llvm-test-suite/RunSafely.sh --show-errors -t "/home/ed/mcsema-testing/SANDBOX/test-2015-12-21_15-36-50/tools/timeit" 500 /dev/null Output/count.llvm.o.compile \
	  /usr/bin/clang -I/home/ed/mcsema-testing/SANDBOX/test-2015-12-21_15-36-50/MultiSource/Benchmarks/Prolangs-C/gnugo -I/home/ed/mcsema-testing/llvm-test-suite/MultiSource/Benchmarks/Prolangs-C/gnugo -I/home/ed/mcsema-testing/llvm-test-suite/include -I../../../../include -D_GNU_SOURCE -D__STDC_LIMIT_MACROS -DNDEBUG  -O3  -m64 -fomit-frame-pointer -c /home/ed/mcsema-testing/llvm-test-suite/MultiSource/Benchmarks/Prolangs-C/gnugo/count.c -o Output/count.llvm.o
/home/ed/mcsema-testing/llvm-test-suite/RunSafely.sh --show-errors -t "/home/ed/mcsema-testing/SANDBOX/test-2015-12-21_15-36-50/tools/timeit" 500 /dev/null Output/countlib.llvm.o.compile \
	  /usr/bin/clang -I/home/ed/mcsema-testing/SANDBOX/test-2015-12-21_15-36-50/MultiSource/Benchmarks/Prolangs-C/gnugo -I/home/ed/mcsema-testing/llvm-test-suite/MultiSource/Benchmarks/Prolangs-C/gnugo -I/home/ed/mcsema-testing/llvm-test-suite/include -I../../../../include -D_GNU_SOURCE -D__STDC_LIMIT_MACROS -DNDEBUG  -O3  -m64 -fomit-frame-pointer -c /home/ed/mcsema-testing/llvm-test-suite/MultiSource/Benchmarks/Prolangs-C/gnugo/countlib.c -o Output/countlib.llvm.o
/home/ed/mcsema-testing/llvm-test-suite/RunSafely.sh --show-errors -t "/home/ed/mcsema-testing/SANDBOX/test-2015-12-21_15-36-50/tools/timeit" 500 /dev/null Output/endgame.llvm.o.compile \
	  /usr/bin/clang -I/home/ed/mcsema-testing/SANDBOX/test-2015-12-21_15-36-50/MultiSource/Benchmarks/Prolangs-C/gnugo -I/home/ed/mcsema-testing/llvm-test-suite/MultiSource/Benchmarks/Prolangs-C/gnugo -I/home/ed/mcsema-testing/llvm-test-suite/include -I../../../../include -D_GNU_SOURCE -D__STDC_LIMIT_MACROS -DNDEBUG  -O3  -m64 -fomit-frame-pointer -c /home/ed/mcsema-testing/llvm-test-suite/MultiSource/Benchmarks/Prolangs-C/gnugo/endgame.c -o Output/endgame.llvm.o
/home/ed/mcsema-testing/llvm-test-suite/RunSafely.sh --show-errors -t "/home/ed/mcsema-testing/SANDBOX/test-2015-12-21_15-36-50/tools/timeit" 500 /dev/null Output/eval.llvm.o.compile \
	  /usr/bin/clang -I/home/ed/mcsema-testing/SANDBOX/test-2015-12-21_15-36-50/MultiSource/Benchmarks/Prolangs-C/gnugo -I/home/ed/mcsema-testing/llvm-test-suite/MultiSource/Benchmarks/Prolangs-C/gnugo -I/home/ed/mcsema-testing/llvm-test-suite/include -I../../../../include -D_GNU_SOURCE -D__STDC_LIMIT_MACROS -DNDEBUG  -O3  -m64 -fomit-frame-pointer -c /home/ed/mcsema-testing/llvm-test-suite/MultiSource/Benchmarks/Prolangs-C/gnugo/eval.c -o Output/eval.llvm.o
/home/ed/mcsema-testing/llvm-test-suite/RunSafely.sh --show-errors -t "/home/ed/mcsema-testing/SANDBOX/test-2015-12-21_15-36-50/tools/timeit" 500 /dev/null Output/exambord.llvm.o.compile \
	  /usr/bin/clang -I/home/ed/mcsema-testing/SANDBOX/test-2015-12-21_15-36-50/MultiSource/Benchmarks/Prolangs-C/gnugo -I/home/ed/mcsema-testing/llvm-test-suite/MultiSource/Benchmarks/Prolangs-C/gnugo -I/home/ed/mcsema-testing/llvm-test-suite/include -I../../../../include -D_GNU_SOURCE -D__STDC_LIMIT_MACROS -DNDEBUG  -O3  -m64 -fomit-frame-pointer -c /home/ed/mcsema-testing/llvm-test-suite/MultiSource/Benchmarks/Prolangs-C/gnugo/exambord.c -o Output/exambord.llvm.o
/home/ed/mcsema-testing/llvm-test-suite/RunSafely.sh --show-errors -t "/home/ed/mcsema-testing/SANDBOX/test-2015-12-21_15-36-50/tools/timeit" 500 /dev/null Output/findcolr.llvm.o.compile \
	  /usr/bin/clang -I/home/ed/mcsema-testing/SANDBOX/test-2015-12-21_15-36-50/MultiSource/Benchmarks/Prolangs-C/gnugo -I/home/ed/mcsema-testing/llvm-test-suite/MultiSource/Benchmarks/Prolangs-C/gnugo -I/home/ed/mcsema-testing/llvm-test-suite/include -I../../../../include -D_GNU_SOURCE -D__STDC_LIMIT_MACROS -DNDEBUG  -O3  -m64 -fomit-frame-pointer -c /home/ed/mcsema-testing/llvm-test-suite/MultiSource/Benchmarks/Prolangs-C/gnugo/findcolr.c -o Output/findcolr.llvm.o
/home/ed/mcsema-testing/llvm-test-suite/RunSafely.sh --show-errors -t "/home/ed/mcsema-testing/SANDBOX/test-2015-12-21_15-36-50/tools/timeit" 500 /dev/null Output/findnext.llvm.o.compile \
	  /usr/bin/clang -I/home/ed/mcsema-testing/SANDBOX/test-2015-12-21_15-36-50/MultiSource/Benchmarks/Prolangs-C/gnugo -I/home/ed/mcsema-testing/llvm-test-suite/MultiSource/Benchmarks/Prolangs-C/gnugo -I/home/ed/mcsema-testing/llvm-test-suite/include -I../../../../include -D_GNU_SOURCE -D__STDC_LIMIT_MACROS -DNDEBUG  -O3  -m64 -fomit-frame-pointer -c /home/ed/mcsema-testing/llvm-test-suite/MultiSource/Benchmarks/Prolangs-C/gnugo/findnext.c -o Output/findnext.llvm.o
/home/ed/mcsema-testing/llvm-test-suite/RunSafely.sh --show-errors -t "/home/ed/mcsema-testing/SANDBOX/test-2015-12-21_15-36-50/tools/timeit" 500 /dev/null Output/findopen.llvm.o.compile \
	  /usr/bin/clang -I/home/ed/mcsema-testing/SANDBOX/test-2015-12-21_15-36-50/MultiSource/Benchmarks/Prolangs-C/gnugo -I/home/ed/mcsema-testing/llvm-test-suite/MultiSource/Benchmarks/Prolangs-C/gnugo -I/home/ed/mcsema-testing/llvm-test-suite/include -I../../../../include -D_GNU_SOURCE -D__STDC_LIMIT_MACROS -DNDEBUG  -O3  -m64 -fomit-frame-pointer -c /home/ed/mcsema-testing/llvm-test-suite/MultiSource/Benchmarks/Prolangs-C/gnugo/findopen.c -o Output/findopen.llvm.o
/home/ed/mcsema-testing/llvm-test-suite/RunSafely.sh --show-errors -t "/home/ed/mcsema-testing/SANDBOX/test-2015-12-21_15-36-50/tools/timeit" 500 /dev/null Output/findpatn.llvm.o.compile \
	  /usr/bin/clang -I/home/ed/mcsema-testing/SANDBOX/test-2015-12-21_15-36-50/MultiSource/Benchmarks/Prolangs-C/gnugo -I/home/ed/mcsema-testing/llvm-test-suite/MultiSource/Benchmarks/Prolangs-C/gnugo -I/home/ed/mcsema-testing/llvm-test-suite/include -I../../../../include -D_GNU_SOURCE -D__STDC_LIMIT_MACROS -DNDEBUG  -O3  -m64 -fomit-frame-pointer -c /home/ed/mcsema-testing/llvm-test-suite/MultiSource/Benchmarks/Prolangs-C/gnugo/findpatn.c -o Output/findpatn.llvm.o
/home/ed/mcsema-testing/llvm-test-suite/RunSafely.sh --show-errors -t "/home/ed/mcsema-testing/SANDBOX/test-2015-12-21_15-36-50/tools/timeit" 500 /dev/null Output/findsavr.llvm.o.compile \
	  /usr/bin/clang -I/home/ed/mcsema-testing/SANDBOX/test-2015-12-21_15-36-50/MultiSource/Benchmarks/Prolangs-C/gnugo -I/home/ed/mcsema-testing/llvm-test-suite/MultiSource/Benchmarks/Prolangs-C/gnugo -I/home/ed/mcsema-testing/llvm-test-suite/include -I../../../../include -D_GNU_SOURCE -D__STDC_LIMIT_MACROS -DNDEBUG  -O3  -m64 -fomit-frame-pointer -c /home/ed/mcsema-testing/llvm-test-suite/MultiSource/Benchmarks/Prolangs-C/gnugo/findsavr.c -o Output/findsavr.llvm.o
/home/ed/mcsema-testing/llvm-test-suite/RunSafely.sh --show-errors -t "/home/ed/mcsema-testing/SANDBOX/test-2015-12-21_15-36-50/tools/timeit" 500 /dev/null Output/findwinr.llvm.o.compile \
	  /usr/bin/clang -I/home/ed/mcsema-testing/SANDBOX/test-2015-12-21_15-36-50/MultiSource/Benchmarks/Prolangs-C/gnugo -I/home/ed/mcsema-testing/llvm-test-suite/MultiSource/Benchmarks/Prolangs-C/gnugo -I/home/ed/mcsema-testing/llvm-test-suite/include -I../../../../include -D_GNU_SOURCE -D__STDC_LIMIT_MACROS -DNDEBUG  -O3  -m64 -fomit-frame-pointer -c /home/ed/mcsema-testing/llvm-test-suite/MultiSource/Benchmarks/Prolangs-C/gnugo/findwinr.c -o Output/findwinr.llvm.o
/home/ed/mcsema-testing/llvm-test-suite/RunSafely.sh --show-errors -t "/home/ed/mcsema-testing/SANDBOX/test-2015-12-21_15-36-50/tools/timeit" 500 /dev/null Output/fioe.llvm.o.compile \
	  /usr/bin/clang -I/home/ed/mcsema-testing/SANDBOX/test-2015-12-21_15-36-50/MultiSource/Benchmarks/Prolangs-C/gnugo -I/home/ed/mcsema-testing/llvm-test-suite/MultiSource/Benchmarks/Prolangs-C/gnugo -I/home/ed/mcsema-testing/llvm-test-suite/include -I../../../../include -D_GNU_SOURCE -D__STDC_LIMIT_MACROS -DNDEBUG  -O3  -m64 -fomit-frame-pointer -c /home/ed/mcsema-testing/llvm-test-suite/MultiSource/Benchmarks/Prolangs-C/gnugo/fioe.c -o Output/fioe.llvm.o
/home/ed/mcsema-testing/llvm-test-suite/RunSafely.sh --show-errors -t "/home/ed/mcsema-testing/SANDBOX/test-2015-12-21_15-36-50/tools/timeit" 500 /dev/null Output/genmove.llvm.o.compile \
	  /usr/bin/clang -I/home/ed/mcsema-testing/SANDBOX/test-2015-12-21_15-36-50/MultiSource/Benchmarks/Prolangs-C/gnugo -I/home/ed/mcsema-testing/llvm-test-suite/MultiSource/Benchmarks/Prolangs-C/gnugo -I/home/ed/mcsema-testing/llvm-test-suite/include -I../../../../include -D_GNU_SOURCE -D__STDC_LIMIT_MACROS -DNDEBUG  -O3  -m64 -fomit-frame-pointer -c /home/ed/mcsema-testing/llvm-test-suite/MultiSource/Benchmarks/Prolangs-C/gnugo/genmove.c -o Output/genmove.llvm.o
/home/ed/mcsema-testing/llvm-test-suite/RunSafely.sh --show-errors -t "/home/ed/mcsema-testing/SANDBOX/test-2015-12-21_15-36-50/tools/timeit" 500 /dev/null Output/getij.llvm.o.compile \
	  /usr/bin/clang -I/home/ed/mcsema-testing/SANDBOX/test-2015-12-21_15-36-50/MultiSource/Benchmarks/Prolangs-C/gnugo -I/home/ed/mcsema-testing/llvm-test-suite/MultiSource/Benchmarks/Prolangs-C/gnugo -I/home/ed/mcsema-testing/llvm-test-suite/include -I../../../../include -D_GNU_SOURCE -D__STDC_LIMIT_MACROS -DNDEBUG  -O3  -m64 -fomit-frame-pointer -c /home/ed/mcsema-testing/llvm-test-suite/MultiSource/Benchmarks/Prolangs-C/gnugo/getij.c -o Output/getij.llvm.o
/home/ed/mcsema-testing/llvm-test-suite/RunSafely.sh --show-errors -t "/home/ed/mcsema-testing/SANDBOX/test-2015-12-21_15-36-50/tools/timeit" 500 /dev/null Output/getmove.llvm.o.compile \
	  /usr/bin/clang -I/home/ed/mcsema-testing/SANDBOX/test-2015-12-21_15-36-50/MultiSource/Benchmarks/Prolangs-C/gnugo -I/home/ed/mcsema-testing/llvm-test-suite/MultiSource/Benchmarks/Prolangs-C/gnugo -I/home/ed/mcsema-testing/llvm-test-suite/include -I../../../../include -D_GNU_SOURCE -D__STDC_LIMIT_MACROS -DNDEBUG  -O3  -m64 -fomit-frame-pointer -c /home/ed/mcsema-testing/llvm-test-suite/MultiSource/Benchmarks/Prolangs-C/gnugo/getmove.c -o Output/getmove.llvm.o
/home/ed/mcsema-testing/llvm-test-suite/RunSafely.sh --show-errors -t "/home/ed/mcsema-testing/SANDBOX/test-2015-12-21_15-36-50/tools/timeit" 500 /dev/null Output/initmark.llvm.o.compile \
	  /usr/bin/clang -I/home/ed/mcsema-testing/SANDBOX/test-2015-12-21_15-36-50/MultiSource/Benchmarks/Prolangs-C/gnugo -I/home/ed/mcsema-testing/llvm-test-suite/MultiSource/Benchmarks/Prolangs-C/gnugo -I/home/ed/mcsema-testing/llvm-test-suite/include -I../../../../include -D_GNU_SOURCE -D__STDC_LIMIT_MACROS -DNDEBUG  -O3  -m64 -fomit-frame-pointer -c /home/ed/mcsema-testing/llvm-test-suite/MultiSource/Benchmarks/Prolangs-C/gnugo/initmark.c -o Output/initmark.llvm.o
/home/ed/mcsema-testing/llvm-test-suite/RunSafely.sh --show-errors -t "/home/ed/mcsema-testing/SANDBOX/test-2015-12-21_15-36-50/tools/timeit" 500 /dev/null Output/main.llvm.o.compile \
	  /usr/bin/clang -I/home/ed/mcsema-testing/SANDBOX/test-2015-12-21_15-36-50/MultiSource/Benchmarks/Prolangs-C/gnugo -I/home/ed/mcsema-testing/llvm-test-suite/MultiSource/Benchmarks/Prolangs-C/gnugo -I/home/ed/mcsema-testing/llvm-test-suite/include -I../../../../include -D_GNU_SOURCE -D__STDC_LIMIT_MACROS -DNDEBUG  -O3  -m64 -fomit-frame-pointer -c /home/ed/mcsema-testing/llvm-test-suite/MultiSource/Benchmarks/Prolangs-C/gnugo/main.c -o Output/main.llvm.o
/home/ed/mcsema-testing/llvm-test-suite/RunSafely.sh --show-errors -t "/home/ed/mcsema-testing/SANDBOX/test-2015-12-21_15-36-50/tools/timeit" 500 /dev/null Output/matchpat.llvm.o.compile \
	  /usr/bin/clang -I/home/ed/mcsema-testing/SANDBOX/test-2015-12-21_15-36-50/MultiSource/Benchmarks/Prolangs-C/gnugo -I/home/ed/mcsema-testing/llvm-test-suite/MultiSource/Benchmarks/Prolangs-C/gnugo -I/home/ed/mcsema-testing/llvm-test-suite/include -I../../../../include -D_GNU_SOURCE -D__STDC_LIMIT_MACROS -DNDEBUG  -O3  -m64 -fomit-frame-pointer -c /home/ed/mcsema-testing/llvm-test-suite/MultiSource/Benchmarks/Prolangs-C/gnugo/matchpat.c -o Output/matchpat.llvm.o
/home/ed/mcsema-testing/llvm-test-suite/RunSafely.sh --show-errors -t "/home/ed/mcsema-testing/SANDBOX/test-2015-12-21_15-36-50/tools/timeit" 500 /dev/null Output/opening.llvm.o.compile \
	  /usr/bin/clang -I/home/ed/mcsema-testing/SANDBOX/test-2015-12-21_15-36-50/MultiSource/Benchmarks/Prolangs-C/gnugo -I/home/ed/mcsema-testing/llvm-test-suite/MultiSource/Benchmarks/Prolangs-C/gnugo -I/home/ed/mcsema-testing/llvm-test-suite/include -I../../../../include -D_GNU_SOURCE -D__STDC_LIMIT_MACROS -DNDEBUG  -O3  -m64 -fomit-frame-pointer -c /home/ed/mcsema-testing/llvm-test-suite/MultiSource/Benchmarks/Prolangs-C/gnugo/opening.c -o Output/opening.llvm.o
/home/ed/mcsema-testing/llvm-test-suite/RunSafely.sh --show-errors -t "/home/ed/mcsema-testing/SANDBOX/test-2015-12-21_15-36-50/tools/timeit" 500 /dev/null Output/openregn.llvm.o.compile \
	  /usr/bin/clang -I/home/ed/mcsema-testing/SANDBOX/test-2015-12-21_15-36-50/MultiSource/Benchmarks/Prolangs-C/gnugo -I/home/ed/mcsema-testing/llvm-test-suite/MultiSource/Benchmarks/Prolangs-C/gnugo -I/home/ed/mcsema-testing/llvm-test-suite/include -I../../../../include -D_GNU_SOURCE -D__STDC_LIMIT_MACROS -DNDEBUG  -O3  -m64 -fomit-frame-pointer -c /home/ed/mcsema-testing/llvm-test-suite/MultiSource/Benchmarks/Prolangs-C/gnugo/openregn.c -o Output/openregn.llvm.o
/home/ed/mcsema-testing/llvm-test-suite/RunSafely.sh --show-errors -t "/home/ed/mcsema-testing/SANDBOX/test-2015-12-21_15-36-50/tools/timeit" 500 /dev/null Output/random.llvm.o.compile \
	  /usr/bin/clang -I/home/ed/mcsema-testing/SANDBOX/test-2015-12-21_15-36-50/MultiSource/Benchmarks/Prolangs-C/gnugo -I/home/ed/mcsema-testing/llvm-test-suite/MultiSource/Benchmarks/Prolangs-C/gnugo -I/home/ed/mcsema-testing/llvm-test-suite/include -I../../../../include -D_GNU_SOURCE -D__STDC_LIMIT_MACROS -DNDEBUG  -O3  -m64 -fomit-frame-pointer -c /home/ed/mcsema-testing/llvm-test-suite/MultiSource/Benchmarks/Prolangs-C/gnugo/random.c -o Output/random.llvm.o
/home/ed/mcsema-testing/llvm-test-suite/RunSafely.sh --show-errors -t "/home/ed/mcsema-testing/SANDBOX/test-2015-12-21_15-36-50/tools/timeit" 500 /dev/null Output/seed.llvm.o.compile \
	  /usr/bin/clang -I/home/ed/mcsema-testing/SANDBOX/test-2015-12-21_15-36-50/MultiSource/Benchmarks/Prolangs-C/gnugo -I/home/ed/mcsema-testing/llvm-test-suite/MultiSource/Benchmarks/Prolangs-C/gnugo -I/home/ed/mcsema-testing/llvm-test-suite/include -I../../../../include -D_GNU_SOURCE -D__STDC_LIMIT_MACROS -DNDEBUG  -O3  -m64 -fomit-frame-pointer -c /home/ed/mcsema-testing/llvm-test-suite/MultiSource/Benchmarks/Prolangs-C/gnugo/seed.c -o Output/seed.llvm.o
/home/ed/mcsema-testing/llvm-test-suite/RunSafely.sh --show-errors -t "/home/ed/mcsema-testing/SANDBOX/test-2015-12-21_15-36-50/tools/timeit" 500 /dev/null Output/sethand.llvm.o.compile \
	  /usr/bin/clang -I/home/ed/mcsema-testing/SANDBOX/test-2015-12-21_15-36-50/MultiSource/Benchmarks/Prolangs-C/gnugo -I/home/ed/mcsema-testing/llvm-test-suite/MultiSource/Benchmarks/Prolangs-C/gnugo -I/home/ed/mcsema-testing/llvm-test-suite/include -I../../../../include -D_GNU_SOURCE -D__STDC_LIMIT_MACROS -DNDEBUG  -O3  -m64 -fomit-frame-pointer -c /home/ed/mcsema-testing/llvm-test-suite/MultiSource/Benchmarks/Prolangs-C/gnugo/sethand.c -o Output/sethand.llvm.o
/home/ed/mcsema-testing/llvm-test-suite/RunSafely.sh --show-errors -t "/home/ed/mcsema-testing/SANDBOX/test-2015-12-21_15-36-50/tools/timeit" 500 /dev/null Output/showbord.llvm.o.compile \
	  /usr/bin/clang -I/home/ed/mcsema-testing/SANDBOX/test-2015-12-21_15-36-50/MultiSource/Benchmarks/Prolangs-C/gnugo -I/home/ed/mcsema-testing/llvm-test-suite/MultiSource/Benchmarks/Prolangs-C/gnugo -I/home/ed/mcsema-testing/llvm-test-suite/include -I../../../../include -D_GNU_SOURCE -D__STDC_LIMIT_MACROS -DNDEBUG  -O3  -m64 -fomit-frame-pointer -c /home/ed/mcsema-testing/llvm-test-suite/MultiSource/Benchmarks/Prolangs-C/gnugo/showbord.c -o Output/showbord.llvm.o
/home/ed/mcsema-testing/llvm-test-suite/RunSafely.sh --show-errors -t "/home/ed/mcsema-testing/SANDBOX/test-2015-12-21_15-36-50/tools/timeit" 500 /dev/null Output/showinst.llvm.o.compile \
	  /usr/bin/clang -I/home/ed/mcsema-testing/SANDBOX/test-2015-12-21_15-36-50/MultiSource/Benchmarks/Prolangs-C/gnugo -I/home/ed/mcsema-testing/llvm-test-suite/MultiSource/Benchmarks/Prolangs-C/gnugo -I/home/ed/mcsema-testing/llvm-test-suite/include -I../../../../include -D_GNU_SOURCE -D__STDC_LIMIT_MACROS -DNDEBUG  -O3  -m64 -fomit-frame-pointer -c /home/ed/mcsema-testing/llvm-test-suite/MultiSource/Benchmarks/Prolangs-C/gnugo/showinst.c -o Output/showinst.llvm.o
/home/ed/mcsema-testing/llvm-test-suite/RunSafely.sh --show-errors -t "/home/ed/mcsema-testing/SANDBOX/test-2015-12-21_15-36-50/tools/timeit" 500 /dev/null Output/suicide.llvm.o.compile \
	  /usr/bin/clang -I/home/ed/mcsema-testing/SANDBOX/test-2015-12-21_15-36-50/MultiSource/Benchmarks/Prolangs-C/gnugo -I/home/ed/mcsema-testing/llvm-test-suite/MultiSource/Benchmarks/Prolangs-C/gnugo -I/home/ed/mcsema-testing/llvm-test-suite/include -I../../../../include -D_GNU_SOURCE -D__STDC_LIMIT_MACROS -DNDEBUG  -O3  -m64 -fomit-frame-pointer -c /home/ed/mcsema-testing/llvm-test-suite/MultiSource/Benchmarks/Prolangs-C/gnugo/suicide.c -o Output/suicide.llvm.o
/usr/bin/clang++ -o Output/gnugo.simple Output/count.llvm.o Output/countlib.llvm.o Output/endgame.llvm.o Output/eval.llvm.o Output/exambord.llvm.o Output/findcolr.llvm.o Output/findnext.llvm.o Output/findopen.llvm.o Output/findpatn.llvm.o Output/findsavr.llvm.o Output/findwinr.llvm.o Output/fioe.llvm.o Output/genmove.llvm.o Output/getij.llvm.o Output/getmove.llvm.o Output/initmark.llvm.o Output/main.llvm.o Output/matchpat.llvm.o Output/opening.llvm.o Output/openregn.llvm.o Output/random.llvm.o Output/seed.llvm.o Output/sethand.llvm.o Output/showbord.llvm.o Output/showinst.llvm.o Output/suicide.llvm.o    -m64 -fomit-frame-pointer
/home/ed/mcsema-testing/llvm-test-suite/RunSafely.sh -t "/home/ed/mcsema-testing/SANDBOX/test-2015-12-21_15-36-50/tools/timeit-target" 500 /home/ed/mcsema-testing/llvm-test-suite/MultiSource/Benchmarks/Prolangs-C/gnugo/stdin Output/gnugo.out-simple Output/gnugo.simple 
/home/ed/mcsema-testing/llvm-test-suite/HashProgramOutput.sh Output/gnugo.out-simple
cp Output/gnugo.simple Output/gnugo.simple-hash; \
	strip --remove-section=.comment --remove-section='.note*' Output/gnugo.simple-hash; \
	/home/ed/mcsema-testing/llvm-test-suite/HashProgramOutput.sh Output/gnugo.simple-hash
if [ -f "/home/ed/mcsema-testing/llvm-test-suite/MultiSource/Benchmarks/Prolangs-C/gnugo/gnugo.reference_output.little-endian." ]; then \
	  cp /home/ed/mcsema-testing/llvm-test-suite/MultiSource/Benchmarks/Prolangs-C/gnugo/gnugo.reference_output.little-endian. Output/gnugo.out-nat; \
	elif [ -f "/home/ed/mcsema-testing/llvm-test-suite/MultiSource/Benchmarks/Prolangs-C/gnugo/gnugo.reference_output." ]; then \
	  cp /home/ed/mcsema-testing/llvm-test-suite/MultiSource/Benchmarks/Prolangs-C/gnugo/gnugo.reference_output. Output/gnugo.out-nat; \
	elif [ -f "/home/ed/mcsema-testing/llvm-test-suite/MultiSource/Benchmarks/Prolangs-C/gnugo/gnugo.reference_output.little-endian" ]; then \
	  cp /home/ed/mcsema-testing/llvm-test-suite/MultiSource/Benchmarks/Prolangs-C/gnugo/gnugo.reference_output.little-endian Output/gnugo.out-nat; \
	elif [ -f "/home/ed/mcsema-testing/llvm-test-suite/MultiSource/Benchmarks/Prolangs-C/gnugo/gnugo.reference_output" ]; then \
	  cp /home/ed/mcsema-testing/llvm-test-suite/MultiSource/Benchmarks/Prolangs-C/gnugo/gnugo.reference_output Output/gnugo.out-nat; \
	else \
	  printf "WARNING: %s: %s\n" "NO REFERENCE OUTPUT (using default)" "/home/ed/mcsema-testing/llvm-test-suite/MultiSource/Benchmarks/Prolangs-C/gnugo/gnugo.reference_output" > Output/gnugo.out-nat; \
	  cp /home/ed/mcsema-testing/llvm-test-suite/default.reference_output Output/gnugo.out-nat; \
	  cat Output/gnugo.out-nat; \
	fi
# Pretend that the reference output was produced instantaneously.
cp /home/ed/mcsema-testing/llvm-test-suite/instant.txt Output/gnugo.out-nat.time
/home/ed/mcsema-testing/llvm-test-suite/DiffOutput.sh "/home/ed/mcsema-testing/SANDBOX/test-2015-12-21_15-36-50/tools/fpcmp " simple gnugo 
rm -f Output/gnugo.exe-simple
cp Output/gnugo.diff-simple Output/gnugo.exe-simple
if test -f Output/gnugo.extra-results.txt; then \
	  /home/ed/mcsema-testing/llvm-test-suite/ParseMultipleResults /home/ed/mcsema-testing/SANDBOX/test-2015-12-21_15-36-50/MultiSource/Benchmarks/Prolangs-C/gnugo/gnugo Output/gnugo.extra-results.txt >> Output/gnugo.simple.exec.report.txt; \
	fi
cat Output/gnugo.simple.compile.report.txt Output/gnugo.simple.exec.report.txt >> Output/gnugo.simple.report.txt
---------------------------------------------------------------
>>> ========= '/home/ed/mcsema-testing/SANDBOX/test-2015-12-21_15-36-50/MultiSource/Benchmarks/Prolangs-C/gnugo/gnugo' Program
---------------------------------------------------------------

TEST-PASS: compile /home/ed/mcsema-testing/SANDBOX/test-2015-12-21_15-36-50/MultiSource/Benchmarks/Prolangs-C/gnugo/gnugo
TEST-RESULT-compile-success: pass
TEST-RESULT-compile-hash: 9a15bade40cc766573a3038e87559d20
TEST-RESULT-compile-time: user 0.721700
TEST-RESULT-compile-real-time: real 1.136000

TEST-PASS: exec /home/ed/mcsema-testing/SANDBOX/test-2015-12-21_15-36-50/MultiSource/Benchmarks/Prolangs-C/gnugo/gnugo
TEST-RESULT-exec-success: pass
TEST-RESULT-exec-time: user       0.0355
TEST-RESULT-exec-real-time: real       0.0383
make[5]: Leaving directory `/home/ed/mcsema-testing/SANDBOX/test-2015-12-21_15-36-50/MultiSource/Benchmarks/Prolangs-C/gnugo'
make[5]: Entering directory `/home/ed/mcsema-testing/SANDBOX/test-2015-12-21_15-36-50/MultiSource/Benchmarks/Prolangs-C/loader'
/home/ed/mcsema-testing/llvm-test-suite/RunSafely.sh --show-errors -t "/home/ed/mcsema-testing/SANDBOX/test-2015-12-21_15-36-50/tools/timeit" 500 /dev/null Output/convert.llvm.o.compile \
	  /usr/bin/clang -I/home/ed/mcsema-testing/SANDBOX/test-2015-12-21_15-36-50/MultiSource/Benchmarks/Prolangs-C/loader -I/home/ed/mcsema-testing/llvm-test-suite/MultiSource/Benchmarks/Prolangs-C/loader -I/home/ed/mcsema-testing/llvm-test-suite/include -I../../../../include -D_GNU_SOURCE -D__STDC_LIMIT_MACROS -DNDEBUG  -O3  -m64 -fomit-frame-pointer -c /home/ed/mcsema-testing/llvm-test-suite/MultiSource/Benchmarks/Prolangs-C/loader/convert.c -o Output/convert.llvm.o
/home/ed/mcsema-testing/llvm-test-suite/RunSafely.sh --show-errors -t "/home/ed/mcsema-testing/SANDBOX/test-2015-12-21_15-36-50/tools/timeit" 500 /dev/null Output/load.llvm.o.compile \
	  /usr/bin/clang -I/home/ed/mcsema-testing/SANDBOX/test-2015-12-21_15-36-50/MultiSource/Benchmarks/Prolangs-C/loader -I/home/ed/mcsema-testing/llvm-test-suite/MultiSource/Benchmarks/Prolangs-C/loader -I/home/ed/mcsema-testing/llvm-test-suite/include -I../../../../include -D_GNU_SOURCE -D__STDC_LIMIT_MACROS -DNDEBUG  -O3  -m64 -fomit-frame-pointer -c /home/ed/mcsema-testing/llvm-test-suite/MultiSource/Benchmarks/Prolangs-C/loader/load.c -o Output/load.llvm.o
/home/ed/mcsema-testing/llvm-test-suite/RunSafely.sh --show-errors -t "/home/ed/mcsema-testing/SANDBOX/test-2015-12-21_15-36-50/tools/timeit" 500 /dev/null Output/memory.llvm.o.compile \
	  /usr/bin/clang -I/home/ed/mcsema-testing/SANDBOX/test-2015-12-21_15-36-50/MultiSource/Benchmarks/Prolangs-C/loader -I/home/ed/mcsema-testing/llvm-test-suite/MultiSource/Benchmarks/Prolangs-C/loader -I/home/ed/mcsema-testing/llvm-test-suite/include -I../../../../include -D_GNU_SOURCE -D__STDC_LIMIT_MACROS -DNDEBUG  -O3  -m64 -fomit-frame-pointer -c /home/ed/mcsema-testing/llvm-test-suite/MultiSource/Benchmarks/Prolangs-C/loader/memory.c -o Output/memory.llvm.o
/home/ed/mcsema-testing/llvm-test-suite/RunSafely.sh --show-errors -t "/home/ed/mcsema-testing/SANDBOX/test-2015-12-21_15-36-50/tools/timeit" 500 /dev/null Output/pass1.llvm.o.compile \
	  /usr/bin/clang -I/home/ed/mcsema-testing/SANDBOX/test-2015-12-21_15-36-50/MultiSource/Benchmarks/Prolangs-C/loader -I/home/ed/mcsema-testing/llvm-test-suite/MultiSource/Benchmarks/Prolangs-C/loader -I/home/ed/mcsema-testing/llvm-test-suite/include -I../../../../include -D_GNU_SOURCE -D__STDC_LIMIT_MACROS -DNDEBUG  -O3  -m64 -fomit-frame-pointer -c /home/ed/mcsema-testing/llvm-test-suite/MultiSource/Benchmarks/Prolangs-C/loader/pass1.c -o Output/pass1.llvm.o
/home/ed/mcsema-testing/llvm-test-suite/RunSafely.sh --show-errors -t "/home/ed/mcsema-testing/SANDBOX/test-2015-12-21_15-36-50/tools/timeit" 500 /dev/null Output/pass2.llvm.o.compile \
	  /usr/bin/clang -I/home/ed/mcsema-testing/SANDBOX/test-2015-12-21_15-36-50/MultiSource/Benchmarks/Prolangs-C/loader -I/home/ed/mcsema-testing/llvm-test-suite/MultiSource/Benchmarks/Prolangs-C/loader -I/home/ed/mcsema-testing/llvm-test-suite/include -I../../../../include -D_GNU_SOURCE -D__STDC_LIMIT_MACROS -DNDEBUG  -O3  -m64 -fomit-frame-pointer -c /home/ed/mcsema-testing/llvm-test-suite/MultiSource/Benchmarks/Prolangs-C/loader/pass2.c -o Output/pass2.llvm.o
/home/ed/mcsema-testing/llvm-test-suite/RunSafely.sh --show-errors -t "/home/ed/mcsema-testing/SANDBOX/test-2015-12-21_15-36-50/tools/timeit" 500 /dev/null Output/print.llvm.o.compile \
	  /usr/bin/clang -I/home/ed/mcsema-testing/SANDBOX/test-2015-12-21_15-36-50/MultiSource/Benchmarks/Prolangs-C/loader -I/home/ed/mcsema-testing/llvm-test-suite/MultiSource/Benchmarks/Prolangs-C/loader -I/home/ed/mcsema-testing/llvm-test-suite/include -I../../../../include -D_GNU_SOURCE -D__STDC_LIMIT_MACROS -DNDEBUG  -O3  -m64 -fomit-frame-pointer -c /home/ed/mcsema-testing/llvm-test-suite/MultiSource/Benchmarks/Prolangs-C/loader/print.c -o Output/print.llvm.o
/home/ed/mcsema-testing/llvm-test-suite/RunSafely.sh --show-errors -t "/home/ed/mcsema-testing/SANDBOX/test-2015-12-21_15-36-50/tools/timeit" 500 /dev/null Output/stringI.llvm.o.compile \
	  /usr/bin/clang -I/home/ed/mcsema-testing/SANDBOX/test-2015-12-21_15-36-50/MultiSource/Benchmarks/Prolangs-C/loader -I/home/ed/mcsema-testing/llvm-test-suite/MultiSource/Benchmarks/Prolangs-C/loader -I/home/ed/mcsema-testing/llvm-test-suite/include -I../../../../include -D_GNU_SOURCE -D__STDC_LIMIT_MACROS -DNDEBUG  -O3  -m64 -fomit-frame-pointer -c /home/ed/mcsema-testing/llvm-test-suite/MultiSource/Benchmarks/Prolangs-C/loader/stringI.c -o Output/stringI.llvm.o
/home/ed/mcsema-testing/llvm-test-suite/RunSafely.sh --show-errors -t "/home/ed/mcsema-testing/SANDBOX/test-2015-12-21_15-36-50/tools/timeit" 500 /dev/null Output/sym_tab.llvm.o.compile \
	  /usr/bin/clang -I/home/ed/mcsema-testing/SANDBOX/test-2015-12-21_15-36-50/MultiSource/Benchmarks/Prolangs-C/loader -I/home/ed/mcsema-testing/llvm-test-suite/MultiSource/Benchmarks/Prolangs-C/loader -I/home/ed/mcsema-testing/llvm-test-suite/include -I../../../../include -D_GNU_SOURCE -D__STDC_LIMIT_MACROS -DNDEBUG  -O3  -m64 -fomit-frame-pointer -c /home/ed/mcsema-testing/llvm-test-suite/MultiSource/Benchmarks/Prolangs-C/loader/sym_tab.c -o Output/sym_tab.llvm.o
/usr/bin/clang++ -o Output/loader.simple Output/convert.llvm.o Output/load.llvm.o Output/memory.llvm.o Output/pass1.llvm.o Output/pass2.llvm.o Output/print.llvm.o Output/stringI.llvm.o Output/sym_tab.llvm.o -lm   -m64 -fomit-frame-pointer
/home/ed/mcsema-testing/llvm-test-suite/RunSafely.sh -t "/home/ed/mcsema-testing/SANDBOX/test-2015-12-21_15-36-50/tools/timeit-target" 500 /dev/null Output/loader.out-simple Output/loader.simple 
cp Output/loader.simple Output/loader.simple-hash; \
	strip --remove-section=.comment --remove-section='.note*' Output/loader.simple-hash; \
	/home/ed/mcsema-testing/llvm-test-suite/HashProgramOutput.sh Output/loader.simple-hash
if [ -f "/home/ed/mcsema-testing/llvm-test-suite/MultiSource/Benchmarks/Prolangs-C/loader/loader.reference_output.little-endian." ]; then \
	  cp /home/ed/mcsema-testing/llvm-test-suite/MultiSource/Benchmarks/Prolangs-C/loader/loader.reference_output.little-endian. Output/loader.out-nat; \
	elif [ -f "/home/ed/mcsema-testing/llvm-test-suite/MultiSource/Benchmarks/Prolangs-C/loader/loader.reference_output." ]; then \
	  cp /home/ed/mcsema-testing/llvm-test-suite/MultiSource/Benchmarks/Prolangs-C/loader/loader.reference_output. Output/loader.out-nat; \
	elif [ -f "/home/ed/mcsema-testing/llvm-test-suite/MultiSource/Benchmarks/Prolangs-C/loader/loader.reference_output.little-endian" ]; then \
	  cp /home/ed/mcsema-testing/llvm-test-suite/MultiSource/Benchmarks/Prolangs-C/loader/loader.reference_output.little-endian Output/loader.out-nat; \
	elif [ -f "/home/ed/mcsema-testing/llvm-test-suite/MultiSource/Benchmarks/Prolangs-C/loader/loader.reference_output" ]; then \
	  cp /home/ed/mcsema-testing/llvm-test-suite/MultiSource/Benchmarks/Prolangs-C/loader/loader.reference_output Output/loader.out-nat; \
	else \
	  printf "WARNING: %s: %s\n" "NO REFERENCE OUTPUT (using default)" "/home/ed/mcsema-testing/llvm-test-suite/MultiSource/Benchmarks/Prolangs-C/loader/loader.reference_output" > Output/loader.out-nat; \
	  cp /home/ed/mcsema-testing/llvm-test-suite/default.reference_output Output/loader.out-nat; \
	  cat Output/loader.out-nat; \
	fi
# Pretend that the reference output was produced instantaneously.
cp /home/ed/mcsema-testing/llvm-test-suite/instant.txt Output/loader.out-nat.time
/home/ed/mcsema-testing/llvm-test-suite/DiffOutput.sh "/home/ed/mcsema-testing/SANDBOX/test-2015-12-21_15-36-50/tools/fpcmp " simple loader 
rm -f Output/loader.exe-simple
cp Output/loader.diff-simple Output/loader.exe-simple
if test -f Output/loader.extra-results.txt; then \
	  /home/ed/mcsema-testing/llvm-test-suite/ParseMultipleResults /home/ed/mcsema-testing/SANDBOX/test-2015-12-21_15-36-50/MultiSource/Benchmarks/Prolangs-C/loader/loader Output/loader.extra-results.txt >> Output/loader.simple.exec.report.txt; \
	fi
cat Output/loader.simple.compile.report.txt Output/loader.simple.exec.report.txt >> Output/loader.simple.report.txt
---------------------------------------------------------------
>>> ========= '/home/ed/mcsema-testing/SANDBOX/test-2015-12-21_15-36-50/MultiSource/Benchmarks/Prolangs-C/loader/loader' Program
---------------------------------------------------------------

TEST-PASS: compile /home/ed/mcsema-testing/SANDBOX/test-2015-12-21_15-36-50/MultiSource/Benchmarks/Prolangs-C/loader/loader
TEST-RESULT-compile-success: pass
TEST-RESULT-compile-hash: 5c7a6547ce51f7d1b5e0033023645c74
TEST-RESULT-compile-time: user 0.318600
TEST-RESULT-compile-real-time: real 0.449100

TEST-PASS: exec /home/ed/mcsema-testing/SANDBOX/test-2015-12-21_15-36-50/MultiSource/Benchmarks/Prolangs-C/loader/loader
TEST-RESULT-exec-success: pass
TEST-RESULT-exec-time: user       0.0009
TEST-RESULT-exec-real-time: real       0.0019
make[5]: Leaving directory `/home/ed/mcsema-testing/SANDBOX/test-2015-12-21_15-36-50/MultiSource/Benchmarks/Prolangs-C/loader'
make[5]: Entering directory `/home/ed/mcsema-testing/SANDBOX/test-2015-12-21_15-36-50/MultiSource/Benchmarks/Prolangs-C/plot2fig'
/home/ed/mcsema-testing/llvm-test-suite/RunSafely.sh --show-errors -t "/home/ed/mcsema-testing/SANDBOX/test-2015-12-21_15-36-50/tools/timeit" 500 /dev/null Output/alabel.llvm.o.compile \
	  /usr/bin/clang -I/home/ed/mcsema-testing/SANDBOX/test-2015-12-21_15-36-50/MultiSource/Benchmarks/Prolangs-C/plot2fig -I/home/ed/mcsema-testing/llvm-test-suite/MultiSource/Benchmarks/Prolangs-C/plot2fig -I/home/ed/mcsema-testing/llvm-test-suite/include -I../../../../include -D_GNU_SOURCE -D__STDC_LIMIT_MACROS -DNDEBUG  -O3  -m64 -fomit-frame-pointer -c /home/ed/mcsema-testing/llvm-test-suite/MultiSource/Benchmarks/Prolangs-C/plot2fig/alabel.c -o Output/alabel.llvm.o
/home/ed/mcsema-testing/llvm-test-suite/RunSafely.sh --show-errors -t "/home/ed/mcsema-testing/SANDBOX/test-2015-12-21_15-36-50/tools/timeit" 500 /dev/null Output/arc.llvm.o.compile \
	  /usr/bin/clang -I/home/ed/mcsema-testing/SANDBOX/test-2015-12-21_15-36-50/MultiSource/Benchmarks/Prolangs-C/plot2fig -I/home/ed/mcsema-testing/llvm-test-suite/MultiSource/Benchmarks/Prolangs-C/plot2fig -I/home/ed/mcsema-testing/llvm-test-suite/include -I../../../../include -D_GNU_SOURCE -D__STDC_LIMIT_MACROS -DNDEBUG  -O3  -m64 -fomit-frame-pointer -c /home/ed/mcsema-testing/llvm-test-suite/MultiSource/Benchmarks/Prolangs-C/plot2fig/arc.c -o Output/arc.llvm.o
/home/ed/mcsema-testing/llvm-test-suite/RunSafely.sh --show-errors -t "/home/ed/mcsema-testing/SANDBOX/test-2015-12-21_15-36-50/tools/timeit" 500 /dev/null Output/circle.llvm.o.compile \
	  /usr/bin/clang -I/home/ed/mcsema-testing/SANDBOX/test-2015-12-21_15-36-50/MultiSource/Benchmarks/Prolangs-C/plot2fig -I/home/ed/mcsema-testing/llvm-test-suite/MultiSource/Benchmarks/Prolangs-C/plot2fig -I/home/ed/mcsema-testing/llvm-test-suite/include -I../../../../include -D_GNU_SOURCE -D__STDC_LIMIT_MACROS -DNDEBUG  -O3  -m64 -fomit-frame-pointer -c /home/ed/mcsema-testing/llvm-test-suite/MultiSource/Benchmarks/Prolangs-C/plot2fig/circle.c -o Output/circle.llvm.o
/home/ed/mcsema-testing/llvm-test-suite/RunSafely.sh --show-errors -t "/home/ed/mcsema-testing/SANDBOX/test-2015-12-21_15-36-50/tools/timeit" 500 /dev/null Output/closepl.llvm.o.compile \
	  /usr/bin/clang -I/home/ed/mcsema-testing/SANDBOX/test-2015-12-21_15-36-50/MultiSource/Benchmarks/Prolangs-C/plot2fig -I/home/ed/mcsema-testing/llvm-test-suite/MultiSource/Benchmarks/Prolangs-C/plot2fig -I/home/ed/mcsema-testing/llvm-test-suite/include -I../../../../include -D_GNU_SOURCE -D__STDC_LIMIT_MACROS -DNDEBUG  -O3  -m64 -fomit-frame-pointer -c /home/ed/mcsema-testing/llvm-test-suite/MultiSource/Benchmarks/Prolangs-C/plot2fig/closepl.c -o Output/closepl.llvm.o
/home/ed/mcsema-testing/llvm-test-suite/RunSafely.sh --show-errors -t "/home/ed/mcsema-testing/SANDBOX/test-2015-12-21_15-36-50/tools/timeit" 500 /dev/null Output/color.llvm.o.compile \
	  /usr/bin/clang -I/home/ed/mcsema-testing/SANDBOX/test-2015-12-21_15-36-50/MultiSource/Benchmarks/Prolangs-C/plot2fig -I/home/ed/mcsema-testing/llvm-test-suite/MultiSource/Benchmarks/Prolangs-C/plot2fig -I/home/ed/mcsema-testing/llvm-test-suite/include -I../../../../include -D_GNU_SOURCE -D__STDC_LIMIT_MACROS -DNDEBUG  -O3  -m64 -fomit-frame-pointer -c /home/ed/mcsema-testing/llvm-test-suite/MultiSource/Benchmarks/Prolangs-C/plot2fig/color.c -o Output/color.llvm.o
/home/ed/mcsema-testing/llvm-test-suite/RunSafely.sh --show-errors -t "/home/ed/mcsema-testing/SANDBOX/test-2015-12-21_15-36-50/tools/timeit" 500 /dev/null Output/cont.llvm.o.compile \
	  /usr/bin/clang -I/home/ed/mcsema-testing/SANDBOX/test-2015-12-21_15-36-50/MultiSource/Benchmarks/Prolangs-C/plot2fig -I/home/ed/mcsema-testing/llvm-test-suite/MultiSource/Benchmarks/Prolangs-C/plot2fig -I/home/ed/mcsema-testing/llvm-test-suite/include -I../../../../include -D_GNU_SOURCE -D__STDC_LIMIT_MACROS -DNDEBUG  -O3  -m64 -fomit-frame-pointer -c /home/ed/mcsema-testing/llvm-test-suite/MultiSource/Benchmarks/Prolangs-C/plot2fig/cont.c -o Output/cont.llvm.o
/home/ed/mcsema-testing/llvm-test-suite/RunSafely.sh --show-errors -t "/home/ed/mcsema-testing/SANDBOX/test-2015-12-21_15-36-50/tools/timeit" 500 /dev/null Output/dot.llvm.o.compile \
	  /usr/bin/clang -I/home/ed/mcsema-testing/SANDBOX/test-2015-12-21_15-36-50/MultiSource/Benchmarks/Prolangs-C/plot2fig -I/home/ed/mcsema-testing/llvm-test-suite/MultiSource/Benchmarks/Prolangs-C/plot2fig -I/home/ed/mcsema-testing/llvm-test-suite/include -I../../../../include -D_GNU_SOURCE -D__STDC_LIMIT_MACROS -DNDEBUG  -O3  -m64 -fomit-frame-pointer -c /home/ed/mcsema-testing/llvm-test-suite/MultiSource/Benchmarks/Prolangs-C/plot2fig/dot.c -o Output/dot.llvm.o
/home/ed/mcsema-testing/llvm-test-suite/RunSafely.sh --show-errors -t "/home/ed/mcsema-testing/SANDBOX/test-2015-12-21_15-36-50/tools/timeit" 500 /dev/null Output/draw_line.llvm.o.compile \
	  /usr/bin/clang -I/home/ed/mcsema-testing/SANDBOX/test-2015-12-21_15-36-50/MultiSource/Benchmarks/Prolangs-C/plot2fig -I/home/ed/mcsema-testing/llvm-test-suite/MultiSource/Benchmarks/Prolangs-C/plot2fig -I/home/ed/mcsema-testing/llvm-test-suite/include -I../../../../include -D_GNU_SOURCE -D__STDC_LIMIT_MACROS -DNDEBUG  -O3  -m64 -fomit-frame-pointer -c /home/ed/mcsema-testing/llvm-test-suite/MultiSource/Benchmarks/Prolangs-C/plot2fig/draw_line.c -o Output/draw_line.llvm.o
/home/ed/mcsema-testing/llvm-test-suite/RunSafely.sh --show-errors -t "/home/ed/mcsema-testing/SANDBOX/test-2015-12-21_15-36-50/tools/timeit" 500 /dev/null Output/erase.llvm.o.compile \
	  /usr/bin/clang -I/home/ed/mcsema-testing/SANDBOX/test-2015-12-21_15-36-50/MultiSource/Benchmarks/Prolangs-C/plot2fig -I/home/ed/mcsema-testing/llvm-test-suite/MultiSource/Benchmarks/Prolangs-C/plot2fig -I/home/ed/mcsema-testing/llvm-test-suite/include -I../../../../include -D_GNU_SOURCE -D__STDC_LIMIT_MACROS -DNDEBUG  -O3  -m64 -fomit-frame-pointer -c /home/ed/mcsema-testing/llvm-test-suite/MultiSource/Benchmarks/Prolangs-C/plot2fig/erase.c -o Output/erase.llvm.o
/home/ed/mcsema-testing/llvm-test-suite/RunSafely.sh --show-errors -t "/home/ed/mcsema-testing/SANDBOX/test-2015-12-21_15-36-50/tools/timeit" 500 /dev/null Output/fill.llvm.o.compile \
	  /usr/bin/clang -I/home/ed/mcsema-testing/SANDBOX/test-2015-12-21_15-36-50/MultiSource/Benchmarks/Prolangs-C/plot2fig -I/home/ed/mcsema-testing/llvm-test-suite/MultiSource/Benchmarks/Prolangs-C/plot2fig -I/home/ed/mcsema-testing/llvm-test-suite/include -I../../../../include -D_GNU_SOURCE -D__STDC_LIMIT_MACROS -DNDEBUG  -O3  -m64 -fomit-frame-pointer -c /home/ed/mcsema-testing/llvm-test-suite/MultiSource/Benchmarks/Prolangs-C/plot2fig/fill.c -o Output/fill.llvm.o
/home/ed/mcsema-testing/llvm-test-suite/RunSafely.sh --show-errors -t "/home/ed/mcsema-testing/SANDBOX/test-2015-12-21_15-36-50/tools/timeit" 500 /dev/null Output/fontname.llvm.o.compile \
	  /usr/bin/clang -I/home/ed/mcsema-testing/SANDBOX/test-2015-12-21_15-36-50/MultiSource/Benchmarks/Prolangs-C/plot2fig -I/home/ed/mcsema-testing/llvm-test-suite/MultiSource/Benchmarks/Prolangs-C/plot2fig -I/home/ed/mcsema-testing/llvm-test-suite/include -I../../../../include -D_GNU_SOURCE -D__STDC_LIMIT_MACROS -DNDEBUG  -O3  -m64 -fomit-frame-pointer -c /home/ed/mcsema-testing/llvm-test-suite/MultiSource/Benchmarks/Prolangs-C/plot2fig/fontname.c -o Output/fontname.llvm.o
/home/ed/mcsema-testing/llvm-test-suite/RunSafely.sh --show-errors -t "/home/ed/mcsema-testing/SANDBOX/test-2015-12-21_15-36-50/tools/timeit" 500 /dev/null Output/fontsize.llvm.o.compile \
	  /usr/bin/clang -I/home/ed/mcsema-testing/SANDBOX/test-2015-12-21_15-36-50/MultiSource/Benchmarks/Prolangs-C/plot2fig -I/home/ed/mcsema-testing/llvm-test-suite/MultiSource/Benchmarks/Prolangs-C/plot2fig -I/home/ed/mcsema-testing/llvm-test-suite/include -I../../../../include -D_GNU_SOURCE -D__STDC_LIMIT_MACROS -DNDEBUG  -O3  -m64 -fomit-frame-pointer -c /home/ed/mcsema-testing/llvm-test-suite/MultiSource/Benchmarks/Prolangs-C/plot2fig/fontsize.c -o Output/fontsize.llvm.o
/home/ed/mcsema-testing/llvm-test-suite/RunSafely.sh --show-errors -t "/home/ed/mcsema-testing/SANDBOX/test-2015-12-21_15-36-50/tools/timeit" 500 /dev/null Output/label.llvm.o.compile \
	  /usr/bin/clang -I/home/ed/mcsema-testing/SANDBOX/test-2015-12-21_15-36-50/MultiSource/Benchmarks/Prolangs-C/plot2fig -I/home/ed/mcsema-testing/llvm-test-suite/MultiSource/Benchmarks/Prolangs-C/plot2fig -I/home/ed/mcsema-testing/llvm-test-suite/include -I../../../../include -D_GNU_SOURCE -D__STDC_LIMIT_MACROS -DNDEBUG  -O3  -m64 -fomit-frame-pointer -c /home/ed/mcsema-testing/llvm-test-suite/MultiSource/Benchmarks/Prolangs-C/plot2fig/label.c -o Output/label.llvm.o
/home/ed/mcsema-testing/llvm-test-suite/RunSafely.sh --show-errors -t "/home/ed/mcsema-testing/SANDBOX/test-2015-12-21_15-36-50/tools/timeit" 500 /dev/null Output/line.llvm.o.compile \
	  /usr/bin/clang -I/home/ed/mcsema-testing/SANDBOX/test-2015-12-21_15-36-50/MultiSource/Benchmarks/Prolangs-C/plot2fig -I/home/ed/mcsema-testing/llvm-test-suite/MultiSource/Benchmarks/Prolangs-C/plot2fig -I/home/ed/mcsema-testing/llvm-test-suite/include -I../../../../include -D_GNU_SOURCE -D__STDC_LIMIT_MACROS -DNDEBUG  -O3  -m64 -fomit-frame-pointer -c /home/ed/mcsema-testing/llvm-test-suite/MultiSource/Benchmarks/Prolangs-C/plot2fig/line.c -o Output/line.llvm.o
/home/ed/mcsema-testing/llvm-test-suite/RunSafely.sh --show-errors -t "/home/ed/mcsema-testing/SANDBOX/test-2015-12-21_15-36-50/tools/timeit" 500 /dev/null Output/linemod.llvm.o.compile \
	  /usr/bin/clang -I/home/ed/mcsema-testing/SANDBOX/test-2015-12-21_15-36-50/MultiSource/Benchmarks/Prolangs-C/plot2fig -I/home/ed/mcsema-testing/llvm-test-suite/MultiSource/Benchmarks/Prolangs-C/plot2fig -I/home/ed/mcsema-testing/llvm-test-suite/include -I../../../../include -D_GNU_SOURCE -D__STDC_LIMIT_MACROS -DNDEBUG  -O3  -m64 -fomit-frame-pointer -c /home/ed/mcsema-testing/llvm-test-suite/MultiSource/Benchmarks/Prolangs-C/plot2fig/linemod.c -o Output/linemod.llvm.o
/home/ed/mcsema-testing/llvm-test-suite/RunSafely.sh --show-errors -t "/home/ed/mcsema-testing/SANDBOX/test-2015-12-21_15-36-50/tools/timeit" 500 /dev/null Output/move.llvm.o.compile \
	  /usr/bin/clang -I/home/ed/mcsema-testing/SANDBOX/test-2015-12-21_15-36-50/MultiSource/Benchmarks/Prolangs-C/plot2fig -I/home/ed/mcsema-testing/llvm-test-suite/MultiSource/Benchmarks/Prolangs-C/plot2fig -I/home/ed/mcsema-testing/llvm-test-suite/include -I../../../../include -D_GNU_SOURCE -D__STDC_LIMIT_MACROS -DNDEBUG  -O3  -m64 -fomit-frame-pointer -c /home/ed/mcsema-testing/llvm-test-suite/MultiSource/Benchmarks/Prolangs-C/plot2fig/move.c -o Output/move.llvm.o
/home/ed/mcsema-testing/llvm-test-suite/RunSafely.sh --show-errors -t "/home/ed/mcsema-testing/SANDBOX/test-2015-12-21_15-36-50/tools/timeit" 500 /dev/null Output/openpl.llvm.o.compile \
	  /usr/bin/clang -I/home/ed/mcsema-testing/SANDBOX/test-2015-12-21_15-36-50/MultiSource/Benchmarks/Prolangs-C/plot2fig -I/home/ed/mcsema-testing/llvm-test-suite/MultiSource/Benchmarks/Prolangs-C/plot2fig -I/home/ed/mcsema-testing/llvm-test-suite/include -I../../../../include -D_GNU_SOURCE -D__STDC_LIMIT_MACROS -DNDEBUG  -O3  -m64 -fomit-frame-pointer -c /home/ed/mcsema-testing/llvm-test-suite/MultiSource/Benchmarks/Prolangs-C/plot2fig/openpl.c -o Output/openpl.llvm.o
/home/ed/mcsema-testing/llvm-test-suite/RunSafely.sh --show-errors -t "/home/ed/mcsema-testing/SANDBOX/test-2015-12-21_15-36-50/tools/timeit" 500 /dev/null Output/plot.llvm.o.compile \
	  /usr/bin/clang -I/home/ed/mcsema-testing/SANDBOX/test-2015-12-21_15-36-50/MultiSource/Benchmarks/Prolangs-C/plot2fig -I/home/ed/mcsema-testing/llvm-test-suite/MultiSource/Benchmarks/Prolangs-C/plot2fig -I/home/ed/mcsema-testing/llvm-test-suite/include -I../../../../include -D_GNU_SOURCE -D__STDC_LIMIT_MACROS -DNDEBUG  -O3  -m64 -fomit-frame-pointer -c /home/ed/mcsema-testing/llvm-test-suite/MultiSource/Benchmarks/Prolangs-C/plot2fig/plot.c -o Output/plot.llvm.o
/home/ed/mcsema-testing/llvm-test-suite/RunSafely.sh --show-errors -t "/home/ed/mcsema-testing/SANDBOX/test-2015-12-21_15-36-50/tools/timeit" 500 /dev/null Output/point.llvm.o.compile \
	  /usr/bin/clang -I/home/ed/mcsema-testing/SANDBOX/test-2015-12-21_15-36-50/MultiSource/Benchmarks/Prolangs-C/plot2fig -I/home/ed/mcsema-testing/llvm-test-suite/MultiSource/Benchmarks/Prolangs-C/plot2fig -I/home/ed/mcsema-testing/llvm-test-suite/include -I../../../../include -D_GNU_SOURCE -D__STDC_LIMIT_MACROS -DNDEBUG  -O3  -m64 -fomit-frame-pointer -c /home/ed/mcsema-testing/llvm-test-suite/MultiSource/Benchmarks/Prolangs-C/plot2fig/point.c -o Output/point.llvm.o
/home/ed/mcsema-testing/llvm-test-suite/RunSafely.sh --show-errors -t "/home/ed/mcsema-testing/SANDBOX/test-2015-12-21_15-36-50/tools/timeit" 500 /dev/null Output/rotate.llvm.o.compile \
	  /usr/bin/clang -I/home/ed/mcsema-testing/SANDBOX/test-2015-12-21_15-36-50/MultiSource/Benchmarks/Prolangs-C/plot2fig -I/home/ed/mcsema-testing/llvm-test-suite/MultiSource/Benchmarks/Prolangs-C/plot2fig -I/home/ed/mcsema-testing/llvm-test-suite/include -I../../../../include -D_GNU_SOURCE -D__STDC_LIMIT_MACROS -DNDEBUG  -O3  -m64 -fomit-frame-pointer -c /home/ed/mcsema-testing/llvm-test-suite/MultiSource/Benchmarks/Prolangs-C/plot2fig/rotate.c -o Output/rotate.llvm.o
/home/ed/mcsema-testing/llvm-test-suite/RunSafely.sh --show-errors -t "/home/ed/mcsema-testing/SANDBOX/test-2015-12-21_15-36-50/tools/timeit" 500 /dev/null Output/space.llvm.o.compile \
	  /usr/bin/clang -I/home/ed/mcsema-testing/SANDBOX/test-2015-12-21_15-36-50/MultiSource/Benchmarks/Prolangs-C/plot2fig -I/home/ed/mcsema-testing/llvm-test-suite/MultiSource/Benchmarks/Prolangs-C/plot2fig -I/home/ed/mcsema-testing/llvm-test-suite/include -I../../../../include -D_GNU_SOURCE -D__STDC_LIMIT_MACROS -DNDEBUG  -O3  -m64 -fomit-frame-pointer -c /home/ed/mcsema-testing/llvm-test-suite/MultiSource/Benchmarks/Prolangs-C/plot2fig/space.c -o Output/space.llvm.o
/usr/bin/clang++ -o Output/plot2fig.simple Output/alabel.llvm.o Output/arc.llvm.o Output/circle.llvm.o Output/closepl.llvm.o Output/color.llvm.o Output/cont.llvm.o Output/dot.llvm.o Output/draw_line.llvm.o Output/erase.llvm.o Output/fill.llvm.o Output/fontname.llvm.o Output/fontsize.llvm.o Output/label.llvm.o Output/line.llvm.o Output/linemod.llvm.o Output/move.llvm.o Output/openpl.llvm.o Output/plot.llvm.o Output/point.llvm.o Output/rotate.llvm.o Output/space.llvm.o    -m64 -fomit-frame-pointer
/home/ed/mcsema-testing/llvm-test-suite/RunSafely.sh -t "/home/ed/mcsema-testing/SANDBOX/test-2015-12-21_15-36-50/tools/timeit-target" 500 /dev/null Output/plot2fig.out-simple Output/plot2fig.simple 
cp Output/plot2fig.simple Output/plot2fig.simple-hash; \
	strip --remove-section=.comment --remove-section='.note*' Output/plot2fig.simple-hash; \
	/home/ed/mcsema-testing/llvm-test-suite/HashProgramOutput.sh Output/plot2fig.simple-hash
if [ -f "/home/ed/mcsema-testing/llvm-test-suite/MultiSource/Benchmarks/Prolangs-C/plot2fig/plot2fig.reference_output.little-endian." ]; then \
	  cp /home/ed/mcsema-testing/llvm-test-suite/MultiSource/Benchmarks/Prolangs-C/plot2fig/plot2fig.reference_output.little-endian. Output/plot2fig.out-nat; \
	elif [ -f "/home/ed/mcsema-testing/llvm-test-suite/MultiSource/Benchmarks/Prolangs-C/plot2fig/plot2fig.reference_output." ]; then \
	  cp /home/ed/mcsema-testing/llvm-test-suite/MultiSource/Benchmarks/Prolangs-C/plot2fig/plot2fig.reference_output. Output/plot2fig.out-nat; \
	elif [ -f "/home/ed/mcsema-testing/llvm-test-suite/MultiSource/Benchmarks/Prolangs-C/plot2fig/plot2fig.reference_output.little-endian" ]; then \
	  cp /home/ed/mcsema-testing/llvm-test-suite/MultiSource/Benchmarks/Prolangs-C/plot2fig/plot2fig.reference_output.little-endian Output/plot2fig.out-nat; \
	elif [ -f "/home/ed/mcsema-testing/llvm-test-suite/MultiSource/Benchmarks/Prolangs-C/plot2fig/plot2fig.reference_output" ]; then \
	  cp /home/ed/mcsema-testing/llvm-test-suite/MultiSource/Benchmarks/Prolangs-C/plot2fig/plot2fig.reference_output Output/plot2fig.out-nat; \
	else \
	  printf "WARNING: %s: %s\n" "NO REFERENCE OUTPUT (using default)" "/home/ed/mcsema-testing/llvm-test-suite/MultiSource/Benchmarks/Prolangs-C/plot2fig/plot2fig.reference_output" > Output/plot2fig.out-nat; \
	  cp /home/ed/mcsema-testing/llvm-test-suite/default.reference_output Output/plot2fig.out-nat; \
	  cat Output/plot2fig.out-nat; \
	fi
# Pretend that the reference output was produced instantaneously.
cp /home/ed/mcsema-testing/llvm-test-suite/instant.txt Output/plot2fig.out-nat.time
/home/ed/mcsema-testing/llvm-test-suite/DiffOutput.sh "/home/ed/mcsema-testing/SANDBOX/test-2015-12-21_15-36-50/tools/fpcmp " simple plot2fig 
rm -f Output/plot2fig.exe-simple
cp Output/plot2fig.diff-simple Output/plot2fig.exe-simple
if test -f Output/plot2fig.extra-results.txt; then \
	  /home/ed/mcsema-testing/llvm-test-suite/ParseMultipleResults /home/ed/mcsema-testing/SANDBOX/test-2015-12-21_15-36-50/MultiSource/Benchmarks/Prolangs-C/plot2fig/plot2fig Output/plot2fig.extra-results.txt >> Output/plot2fig.simple.exec.report.txt; \
	fi
cat Output/plot2fig.simple.compile.report.txt Output/plot2fig.simple.exec.report.txt >> Output/plot2fig.simple.report.txt
---------------------------------------------------------------
>>> ========= '/home/ed/mcsema-testing/SANDBOX/test-2015-12-21_15-36-50/MultiSource/Benchmarks/Prolangs-C/plot2fig/plot2fig' Program
---------------------------------------------------------------

TEST-PASS: compile /home/ed/mcsema-testing/SANDBOX/test-2015-12-21_15-36-50/MultiSource/Benchmarks/Prolangs-C/plot2fig/plot2fig
TEST-RESULT-compile-success: pass
TEST-RESULT-compile-hash: 07956c704e1a335c01d40da19ff86e1b
TEST-RESULT-compile-time: user 0.616200
TEST-RESULT-compile-real-time: real 0.924300

TEST-PASS: exec /home/ed/mcsema-testing/SANDBOX/test-2015-12-21_15-36-50/MultiSource/Benchmarks/Prolangs-C/plot2fig/plot2fig
TEST-RESULT-exec-success: pass
TEST-RESULT-exec-time: user       0.0009
TEST-RESULT-exec-real-time: real       0.0018
make[5]: Leaving directory `/home/ed/mcsema-testing/SANDBOX/test-2015-12-21_15-36-50/MultiSource/Benchmarks/Prolangs-C/plot2fig'
make[5]: Entering directory `/home/ed/mcsema-testing/SANDBOX/test-2015-12-21_15-36-50/MultiSource/Benchmarks/Prolangs-C/simulator'
/home/ed/mcsema-testing/llvm-test-suite/RunSafely.sh --show-errors -t "/home/ed/mcsema-testing/SANDBOX/test-2015-12-21_15-36-50/tools/timeit" 500 /dev/null Output/convert.llvm.o.compile \
	  /usr/bin/clang -I/home/ed/mcsema-testing/SANDBOX/test-2015-12-21_15-36-50/MultiSource/Benchmarks/Prolangs-C/simulator -I/home/ed/mcsema-testing/llvm-test-suite/MultiSource/Benchmarks/Prolangs-C/simulator -I/home/ed/mcsema-testing/llvm-test-suite/include -I../../../../include -D_GNU_SOURCE -D__STDC_LIMIT_MACROS -DNDEBUG  -O3  -m64 -fomit-frame-pointer -c /home/ed/mcsema-testing/llvm-test-suite/MultiSource/Benchmarks/Prolangs-C/simulator/convert.c -o Output/convert.llvm.o
/home/ed/mcsema-testing/llvm-test-suite/RunSafely.sh --show-errors -t "/home/ed/mcsema-testing/SANDBOX/test-2015-12-21_15-36-50/tools/timeit" 500 /dev/null Output/debugger.llvm.o.compile \
	  /usr/bin/clang -I/home/ed/mcsema-testing/SANDBOX/test-2015-12-21_15-36-50/MultiSource/Benchmarks/Prolangs-C/simulator -I/home/ed/mcsema-testing/llvm-test-suite/MultiSource/Benchmarks/Prolangs-C/simulator -I/home/ed/mcsema-testing/llvm-test-suite/include -I../../../../include -D_GNU_SOURCE -D__STDC_LIMIT_MACROS -DNDEBUG  -O3  -m64 -fomit-frame-pointer -c /home/ed/mcsema-testing/llvm-test-suite/MultiSource/Benchmarks/Prolangs-C/simulator/debugger.c -o Output/debugger.llvm.o
/home/ed/mcsema-testing/llvm-test-suite/RunSafely.sh --show-errors -t "/home/ed/mcsema-testing/SANDBOX/test-2015-12-21_15-36-50/tools/timeit" 500 /dev/null Output/format.llvm.o.compile \
	  /usr/bin/clang -I/home/ed/mcsema-testing/SANDBOX/test-2015-12-21_15-36-50/MultiSource/Benchmarks/Prolangs-C/simulator -I/home/ed/mcsema-testing/llvm-test-suite/MultiSource/Benchmarks/Prolangs-C/simulator -I/home/ed/mcsema-testing/llvm-test-suite/include -I../../../../include -D_GNU_SOURCE -D__STDC_LIMIT_MACROS -DNDEBUG  -O3  -m64 -fomit-frame-pointer -c /home/ed/mcsema-testing/llvm-test-suite/MultiSource/Benchmarks/Prolangs-C/simulator/format.c -o Output/format.llvm.o
/home/ed/mcsema-testing/llvm-test-suite/RunSafely.sh --show-errors -t "/home/ed/mcsema-testing/SANDBOX/test-2015-12-21_15-36-50/tools/timeit" 500 /dev/null Output/instruct.llvm.o.compile \
	  /usr/bin/clang -I/home/ed/mcsema-testing/SANDBOX/test-2015-12-21_15-36-50/MultiSource/Benchmarks/Prolangs-C/simulator -I/home/ed/mcsema-testing/llvm-test-suite/MultiSource/Benchmarks/Prolangs-C/simulator -I/home/ed/mcsema-testing/llvm-test-suite/include -I../../../../include -D_GNU_SOURCE -D__STDC_LIMIT_MACROS -DNDEBUG  -O3  -m64 -fomit-frame-pointer -c /home/ed/mcsema-testing/llvm-test-suite/MultiSource/Benchmarks/Prolangs-C/simulator/instruct.c -o Output/instruct.llvm.o
/home/ed/mcsema-testing/llvm-test-suite/RunSafely.sh --show-errors -t "/home/ed/mcsema-testing/SANDBOX/test-2015-12-21_15-36-50/tools/timeit" 500 /dev/null Output/instruct2.llvm.o.compile \
	  /usr/bin/clang -I/home/ed/mcsema-testing/SANDBOX/test-2015-12-21_15-36-50/MultiSource/Benchmarks/Prolangs-C/simulator -I/home/ed/mcsema-testing/llvm-test-suite/MultiSource/Benchmarks/Prolangs-C/simulator -I/home/ed/mcsema-testing/llvm-test-suite/include -I../../../../include -D_GNU_SOURCE -D__STDC_LIMIT_MACROS -DNDEBUG  -O3  -m64 -fomit-frame-pointer -c /home/ed/mcsema-testing/llvm-test-suite/MultiSource/Benchmarks/Prolangs-C/simulator/instruct2.c -o Output/instruct2.llvm.o
/home/ed/mcsema-testing/llvm-test-suite/RunSafely.sh --show-errors -t "/home/ed/mcsema-testing/SANDBOX/test-2015-12-21_15-36-50/tools/timeit" 500 /dev/null Output/interupt.llvm.o.compile \
	  /usr/bin/clang -I/home/ed/mcsema-testing/SANDBOX/test-2015-12-21_15-36-50/MultiSource/Benchmarks/Prolangs-C/simulator -I/home/ed/mcsema-testing/llvm-test-suite/MultiSource/Benchmarks/Prolangs-C/simulator -I/home/ed/mcsema-testing/llvm-test-suite/include -I../../../../include -D_GNU_SOURCE -D__STDC_LIMIT_MACROS -DNDEBUG  -O3  -m64 -fomit-frame-pointer -c /home/ed/mcsema-testing/llvm-test-suite/MultiSource/Benchmarks/Prolangs-C/simulator/interupt.c -o Output/interupt.llvm.o
/home/ed/mcsema-testing/llvm-test-suite/RunSafely.sh --show-errors -t "/home/ed/mcsema-testing/SANDBOX/test-2015-12-21_15-36-50/tools/timeit" 500 /dev/null Output/loadexe.llvm.o.compile \
	  /usr/bin/clang -I/home/ed/mcsema-testing/SANDBOX/test-2015-12-21_15-36-50/MultiSource/Benchmarks/Prolangs-C/simulator -I/home/ed/mcsema-testing/llvm-test-suite/MultiSource/Benchmarks/Prolangs-C/simulator -I/home/ed/mcsema-testing/llvm-test-suite/include -I../../../../include -D_GNU_SOURCE -D__STDC_LIMIT_MACROS -DNDEBUG  -O3  -m64 -fomit-frame-pointer -c /home/ed/mcsema-testing/llvm-test-suite/MultiSource/Benchmarks/Prolangs-C/simulator/loadexe.c -o Output/loadexe.llvm.o
/home/ed/mcsema-testing/llvm-test-suite/RunSafely.sh --show-errors -t "/home/ed/mcsema-testing/SANDBOX/test-2015-12-21_15-36-50/tools/timeit" 500 /dev/null Output/machine.llvm.o.compile \
	  /usr/bin/clang -I/home/ed/mcsema-testing/SANDBOX/test-2015-12-21_15-36-50/MultiSource/Benchmarks/Prolangs-C/simulator -I/home/ed/mcsema-testing/llvm-test-suite/MultiSource/Benchmarks/Prolangs-C/simulator -I/home/ed/mcsema-testing/llvm-test-suite/include -I../../../../include -D_GNU_SOURCE -D__STDC_LIMIT_MACROS -DNDEBUG  -O3  -m64 -fomit-frame-pointer -c /home/ed/mcsema-testing/llvm-test-suite/MultiSource/Benchmarks/Prolangs-C/simulator/machine.c -o Output/machine.llvm.o
/home/ed/mcsema-testing/llvm-test-suite/RunSafely.sh --show-errors -t "/home/ed/mcsema-testing/SANDBOX/test-2015-12-21_15-36-50/tools/timeit" 500 /dev/null Output/memory.llvm.o.compile \
	  /usr/bin/clang -I/home/ed/mcsema-testing/SANDBOX/test-2015-12-21_15-36-50/MultiSource/Benchmarks/Prolangs-C/simulator -I/home/ed/mcsema-testing/llvm-test-suite/MultiSource/Benchmarks/Prolangs-C/simulator -I/home/ed/mcsema-testing/llvm-test-suite/include -I../../../../include -D_GNU_SOURCE -D__STDC_LIMIT_MACROS -DNDEBUG  -O3  -m64 -fomit-frame-pointer -c /home/ed/mcsema-testing/llvm-test-suite/MultiSource/Benchmarks/Prolangs-C/simulator/memory.c -o Output/memory.llvm.o
/home/ed/mcsema-testing/llvm-test-suite/RunSafely.sh --show-errors -t "/home/ed/mcsema-testing/SANDBOX/test-2015-12-21_15-36-50/tools/timeit" 500 /dev/null Output/print.llvm.o.compile \
	  /usr/bin/clang -I/home/ed/mcsema-testing/SANDBOX/test-2015-12-21_15-36-50/MultiSource/Benchmarks/Prolangs-C/simulator -I/home/ed/mcsema-testing/llvm-test-suite/MultiSource/Benchmarks/Prolangs-C/simulator -I/home/ed/mcsema-testing/llvm-test-suite/include -I../../../../include -D_GNU_SOURCE -D__STDC_LIMIT_MACROS -DNDEBUG  -O3  -m64 -fomit-frame-pointer -c /home/ed/mcsema-testing/llvm-test-suite/MultiSource/Benchmarks/Prolangs-C/simulator/print.c -o Output/print.llvm.o
/home/ed/mcsema-testing/llvm-test-suite/RunSafely.sh --show-errors -t "/home/ed/mcsema-testing/SANDBOX/test-2015-12-21_15-36-50/tools/timeit" 500 /dev/null Output/sim_debug.llvm.o.compile \
	  /usr/bin/clang -I/home/ed/mcsema-testing/SANDBOX/test-2015-12-21_15-36-50/MultiSource/Benchmarks/Prolangs-C/simulator -I/home/ed/mcsema-testing/llvm-test-suite/MultiSource/Benchmarks/Prolangs-C/simulator -I/home/ed/mcsema-testing/llvm-test-suite/include -I../../../../include -D_GNU_SOURCE -D__STDC_LIMIT_MACROS -DNDEBUG  -O3  -m64 -fomit-frame-pointer -c /home/ed/mcsema-testing/llvm-test-suite/MultiSource/Benchmarks/Prolangs-C/simulator/sim_debug.c -o Output/sim_debug.llvm.o
/home/ed/mcsema-testing/llvm-test-suite/RunSafely.sh --show-errors -t "/home/ed/mcsema-testing/SANDBOX/test-2015-12-21_15-36-50/tools/timeit" 500 /dev/null Output/stringI.llvm.o.compile \
	  /usr/bin/clang -I/home/ed/mcsema-testing/SANDBOX/test-2015-12-21_15-36-50/MultiSource/Benchmarks/Prolangs-C/simulator -I/home/ed/mcsema-testing/llvm-test-suite/MultiSource/Benchmarks/Prolangs-C/simulator -I/home/ed/mcsema-testing/llvm-test-suite/include -I../../../../include -D_GNU_SOURCE -D__STDC_LIMIT_MACROS -DNDEBUG  -O3  -m64 -fomit-frame-pointer -c /home/ed/mcsema-testing/llvm-test-suite/MultiSource/Benchmarks/Prolangs-C/simulator/stringI.c -o Output/stringI.llvm.o
/home/ed/mcsema-testing/llvm-test-suite/RunSafely.sh --show-errors -t "/home/ed/mcsema-testing/SANDBOX/test-2015-12-21_15-36-50/tools/timeit" 500 /dev/null Output/sym_tab.llvm.o.compile \
	  /usr/bin/clang -I/home/ed/mcsema-testing/SANDBOX/test-2015-12-21_15-36-50/MultiSource/Benchmarks/Prolangs-C/simulator -I/home/ed/mcsema-testing/llvm-test-suite/MultiSource/Benchmarks/Prolangs-C/simulator -I/home/ed/mcsema-testing/llvm-test-suite/include -I../../../../include -D_GNU_SOURCE -D__STDC_LIMIT_MACROS -DNDEBUG  -O3  -m64 -fomit-frame-pointer -c /home/ed/mcsema-testing/llvm-test-suite/MultiSource/Benchmarks/Prolangs-C/simulator/sym_tab.c -o Output/sym_tab.llvm.o
/usr/bin/clang++ -o Output/simulator.simple Output/convert.llvm.o Output/debugger.llvm.o Output/format.llvm.o Output/instruct.llvm.o Output/instruct2.llvm.o Output/interupt.llvm.o Output/loadexe.llvm.o Output/machine.llvm.o Output/memory.llvm.o Output/print.llvm.o Output/sim_debug.llvm.o Output/stringI.llvm.o Output/sym_tab.llvm.o -lm   -m64 -fomit-frame-pointer
/home/ed/mcsema-testing/llvm-test-suite/RunSafely.sh -t "/home/ed/mcsema-testing/SANDBOX/test-2015-12-21_15-36-50/tools/timeit-target" 500 /dev/null Output/simulator.out-simple Output/simulator.simple 
cp Output/simulator.simple Output/simulator.simple-hash; \
	strip --remove-section=.comment --remove-section='.note*' Output/simulator.simple-hash; \
	/home/ed/mcsema-testing/llvm-test-suite/HashProgramOutput.sh Output/simulator.simple-hash
if [ -f "/home/ed/mcsema-testing/llvm-test-suite/MultiSource/Benchmarks/Prolangs-C/simulator/simulator.reference_output.little-endian." ]; then \
	  cp /home/ed/mcsema-testing/llvm-test-suite/MultiSource/Benchmarks/Prolangs-C/simulator/simulator.reference_output.little-endian. Output/simulator.out-nat; \
	elif [ -f "/home/ed/mcsema-testing/llvm-test-suite/MultiSource/Benchmarks/Prolangs-C/simulator/simulator.reference_output." ]; then \
	  cp /home/ed/mcsema-testing/llvm-test-suite/MultiSource/Benchmarks/Prolangs-C/simulator/simulator.reference_output. Output/simulator.out-nat; \
	elif [ -f "/home/ed/mcsema-testing/llvm-test-suite/MultiSource/Benchmarks/Prolangs-C/simulator/simulator.reference_output.little-endian" ]; then \
	  cp /home/ed/mcsema-testing/llvm-test-suite/MultiSource/Benchmarks/Prolangs-C/simulator/simulator.reference_output.little-endian Output/simulator.out-nat; \
	elif [ -f "/home/ed/mcsema-testing/llvm-test-suite/MultiSource/Benchmarks/Prolangs-C/simulator/simulator.reference_output" ]; then \
	  cp /home/ed/mcsema-testing/llvm-test-suite/MultiSource/Benchmarks/Prolangs-C/simulator/simulator.reference_output Output/simulator.out-nat; \
	else \
	  printf "WARNING: %s: %s\n" "NO REFERENCE OUTPUT (using default)" "/home/ed/mcsema-testing/llvm-test-suite/MultiSource/Benchmarks/Prolangs-C/simulator/simulator.reference_output" > Output/simulator.out-nat; \
	  cp /home/ed/mcsema-testing/llvm-test-suite/default.reference_output Output/simulator.out-nat; \
	  cat Output/simulator.out-nat; \
	fi
# Pretend that the reference output was produced instantaneously.
cp /home/ed/mcsema-testing/llvm-test-suite/instant.txt Output/simulator.out-nat.time
/home/ed/mcsema-testing/llvm-test-suite/DiffOutput.sh "/home/ed/mcsema-testing/SANDBOX/test-2015-12-21_15-36-50/tools/fpcmp " simple simulator 
rm -f Output/simulator.exe-simple
cp Output/simulator.diff-simple Output/simulator.exe-simple
if test -f Output/simulator.extra-results.txt; then \
	  /home/ed/mcsema-testing/llvm-test-suite/ParseMultipleResults /home/ed/mcsema-testing/SANDBOX/test-2015-12-21_15-36-50/MultiSource/Benchmarks/Prolangs-C/simulator/simulator Output/simulator.extra-results.txt >> Output/simulator.simple.exec.report.txt; \
	fi
cat Output/simulator.simple.compile.report.txt Output/simulator.simple.exec.report.txt >> Output/simulator.simple.report.txt
---------------------------------------------------------------
>>> ========= '/home/ed/mcsema-testing/SANDBOX/test-2015-12-21_15-36-50/MultiSource/Benchmarks/Prolangs-C/simulator/simulator' Program
---------------------------------------------------------------

TEST-PASS: compile /home/ed/mcsema-testing/SANDBOX/test-2015-12-21_15-36-50/MultiSource/Benchmarks/Prolangs-C/simulator/simulator
TEST-RESULT-compile-success: pass
TEST-RESULT-compile-hash: 4628f22dfecee445eeb4ea71ad44bae0
TEST-RESULT-compile-time: user 0.693600
TEST-RESULT-compile-real-time: real 0.915500

TEST-PASS: exec /home/ed/mcsema-testing/SANDBOX/test-2015-12-21_15-36-50/MultiSource/Benchmarks/Prolangs-C/simulator/simulator
TEST-RESULT-exec-success: pass
TEST-RESULT-exec-time: user       0.0008
TEST-RESULT-exec-real-time: real       0.0018
make[5]: Leaving directory `/home/ed/mcsema-testing/SANDBOX/test-2015-12-21_15-36-50/MultiSource/Benchmarks/Prolangs-C/simulator'
make[5]: Entering directory `/home/ed/mcsema-testing/SANDBOX/test-2015-12-21_15-36-50/MultiSource/Benchmarks/Prolangs-C/unix-smail'
/home/ed/mcsema-testing/llvm-test-suite/RunSafely.sh --show-errors -t "/home/ed/mcsema-testing/SANDBOX/test-2015-12-21_15-36-50/tools/timeit" 500 /dev/null Output/alias.llvm.o.compile \
	  /usr/bin/clang -I/home/ed/mcsema-testing/SANDBOX/test-2015-12-21_15-36-50/MultiSource/Benchmarks/Prolangs-C/unix-smail -I/home/ed/mcsema-testing/llvm-test-suite/MultiSource/Benchmarks/Prolangs-C/unix-smail -I/home/ed/mcsema-testing/llvm-test-suite/include -I../../../../include -D_GNU_SOURCE -D__STDC_LIMIT_MACROS -DNDEBUG  -O3  -m64 -fomit-frame-pointer -c /home/ed/mcsema-testing/llvm-test-suite/MultiSource/Benchmarks/Prolangs-C/unix-smail/alias.c -o Output/alias.llvm.o
/home/ed/mcsema-testing/llvm-test-suite/RunSafely.sh --show-errors -t "/home/ed/mcsema-testing/SANDBOX/test-2015-12-21_15-36-50/tools/timeit" 500 /dev/null Output/deliver.llvm.o.compile \
	  /usr/bin/clang -I/home/ed/mcsema-testing/SANDBOX/test-2015-12-21_15-36-50/MultiSource/Benchmarks/Prolangs-C/unix-smail -I/home/ed/mcsema-testing/llvm-test-suite/MultiSource/Benchmarks/Prolangs-C/unix-smail -I/home/ed/mcsema-testing/llvm-test-suite/include -I../../../../include -D_GNU_SOURCE -D__STDC_LIMIT_MACROS -DNDEBUG  -O3  -m64 -fomit-frame-pointer -c /home/ed/mcsema-testing/llvm-test-suite/MultiSource/Benchmarks/Prolangs-C/unix-smail/deliver.c -o Output/deliver.llvm.o
/home/ed/mcsema-testing/llvm-test-suite/RunSafely.sh --show-errors -t "/home/ed/mcsema-testing/SANDBOX/test-2015-12-21_15-36-50/tools/timeit" 500 /dev/null Output/getopt.llvm.o.compile \
	  /usr/bin/clang -I/home/ed/mcsema-testing/SANDBOX/test-2015-12-21_15-36-50/MultiSource/Benchmarks/Prolangs-C/unix-smail -I/home/ed/mcsema-testing/llvm-test-suite/MultiSource/Benchmarks/Prolangs-C/unix-smail -I/home/ed/mcsema-testing/llvm-test-suite/include -I../../../../include -D_GNU_SOURCE -D__STDC_LIMIT_MACROS -DNDEBUG  -O3  -m64 -fomit-frame-pointer -c /home/ed/mcsema-testing/llvm-test-suite/MultiSource/Benchmarks/Prolangs-C/unix-smail/getopt.c -o Output/getopt.llvm.o
/home/ed/mcsema-testing/llvm-test-suite/RunSafely.sh --show-errors -t "/home/ed/mcsema-testing/SANDBOX/test-2015-12-21_15-36-50/tools/timeit" 500 /dev/null Output/getpath.llvm.o.compile \
	  /usr/bin/clang -I/home/ed/mcsema-testing/SANDBOX/test-2015-12-21_15-36-50/MultiSource/Benchmarks/Prolangs-C/unix-smail -I/home/ed/mcsema-testing/llvm-test-suite/MultiSource/Benchmarks/Prolangs-C/unix-smail -I/home/ed/mcsema-testing/llvm-test-suite/include -I../../../../include -D_GNU_SOURCE -D__STDC_LIMIT_MACROS -DNDEBUG  -O3  -m64 -fomit-frame-pointer -c /home/ed/mcsema-testing/llvm-test-suite/MultiSource/Benchmarks/Prolangs-C/unix-smail/getpath.c -o Output/getpath.llvm.o
/home/ed/mcsema-testing/llvm-test-suite/RunSafely.sh --show-errors -t "/home/ed/mcsema-testing/SANDBOX/test-2015-12-21_15-36-50/tools/timeit" 500 /dev/null Output/headers.llvm.o.compile \
	  /usr/bin/clang -I/home/ed/mcsema-testing/SANDBOX/test-2015-12-21_15-36-50/MultiSource/Benchmarks/Prolangs-C/unix-smail -I/home/ed/mcsema-testing/llvm-test-suite/MultiSource/Benchmarks/Prolangs-C/unix-smail -I/home/ed/mcsema-testing/llvm-test-suite/include -I../../../../include -D_GNU_SOURCE -D__STDC_LIMIT_MACROS -DNDEBUG  -O3  -m64 -fomit-frame-pointer -c /home/ed/mcsema-testing/llvm-test-suite/MultiSource/Benchmarks/Prolangs-C/unix-smail/headers.c -o Output/headers.llvm.o
/home/ed/mcsema-testing/llvm-test-suite/RunSafely.sh --show-errors -t "/home/ed/mcsema-testing/SANDBOX/test-2015-12-21_15-36-50/tools/timeit" 500 /dev/null Output/main.llvm.o.compile \
	  /usr/bin/clang -I/home/ed/mcsema-testing/SANDBOX/test-2015-12-21_15-36-50/MultiSource/Benchmarks/Prolangs-C/unix-smail -I/home/ed/mcsema-testing/llvm-test-suite/MultiSource/Benchmarks/Prolangs-C/unix-smail -I/home/ed/mcsema-testing/llvm-test-suite/include -I../../../../include -D_GNU_SOURCE -D__STDC_LIMIT_MACROS -DNDEBUG  -O3  -m64 -fomit-frame-pointer -c /home/ed/mcsema-testing/llvm-test-suite/MultiSource/Benchmarks/Prolangs-C/unix-smail/main.c -o Output/main.llvm.o
/home/ed/mcsema-testing/llvm-test-suite/RunSafely.sh --show-errors -t "/home/ed/mcsema-testing/SANDBOX/test-2015-12-21_15-36-50/tools/timeit" 500 /dev/null Output/map.llvm.o.compile \
	  /usr/bin/clang -I/home/ed/mcsema-testing/SANDBOX/test-2015-12-21_15-36-50/MultiSource/Benchmarks/Prolangs-C/unix-smail -I/home/ed/mcsema-testing/llvm-test-suite/MultiSource/Benchmarks/Prolangs-C/unix-smail -I/home/ed/mcsema-testing/llvm-test-suite/include -I../../../../include -D_GNU_SOURCE -D__STDC_LIMIT_MACROS -DNDEBUG  -O3  -m64 -fomit-frame-pointer -c /home/ed/mcsema-testing/llvm-test-suite/MultiSource/Benchmarks/Prolangs-C/unix-smail/map.c -o Output/map.llvm.o
/home/ed/mcsema-testing/llvm-test-suite/RunSafely.sh --show-errors -t "/home/ed/mcsema-testing/SANDBOX/test-2015-12-21_15-36-50/tools/timeit" 500 /dev/null Output/misc.llvm.o.compile \
	  /usr/bin/clang -I/home/ed/mcsema-testing/SANDBOX/test-2015-12-21_15-36-50/MultiSource/Benchmarks/Prolangs-C/unix-smail -I/home/ed/mcsema-testing/llvm-test-suite/MultiSource/Benchmarks/Prolangs-C/unix-smail -I/home/ed/mcsema-testing/llvm-test-suite/include -I../../../../include -D_GNU_SOURCE -D__STDC_LIMIT_MACROS -DNDEBUG  -O3  -m64 -fomit-frame-pointer -c /home/ed/mcsema-testing/llvm-test-suite/MultiSource/Benchmarks/Prolangs-C/unix-smail/misc.c -o Output/misc.llvm.o
/home/ed/mcsema-testing/llvm-test-suite/RunSafely.sh --show-errors -t "/home/ed/mcsema-testing/SANDBOX/test-2015-12-21_15-36-50/tools/timeit" 500 /dev/null Output/pw.llvm.o.compile \
	  /usr/bin/clang -I/home/ed/mcsema-testing/SANDBOX/test-2015-12-21_15-36-50/MultiSource/Benchmarks/Prolangs-C/unix-smail -I/home/ed/mcsema-testing/llvm-test-suite/MultiSource/Benchmarks/Prolangs-C/unix-smail -I/home/ed/mcsema-testing/llvm-test-suite/include -I../../../../include -D_GNU_SOURCE -D__STDC_LIMIT_MACROS -DNDEBUG  -O3  -m64 -fomit-frame-pointer -c /home/ed/mcsema-testing/llvm-test-suite/MultiSource/Benchmarks/Prolangs-C/unix-smail/pw.c -o Output/pw.llvm.o
/home/ed/mcsema-testing/llvm-test-suite/RunSafely.sh --show-errors -t "/home/ed/mcsema-testing/SANDBOX/test-2015-12-21_15-36-50/tools/timeit" 500 /dev/null Output/resolve.llvm.o.compile \
	  /usr/bin/clang -I/home/ed/mcsema-testing/SANDBOX/test-2015-12-21_15-36-50/MultiSource/Benchmarks/Prolangs-C/unix-smail -I/home/ed/mcsema-testing/llvm-test-suite/MultiSource/Benchmarks/Prolangs-C/unix-smail -I/home/ed/mcsema-testing/llvm-test-suite/include -I../../../../include -D_GNU_SOURCE -D__STDC_LIMIT_MACROS -DNDEBUG  -O3  -m64 -fomit-frame-pointer -c /home/ed/mcsema-testing/llvm-test-suite/MultiSource/Benchmarks/Prolangs-C/unix-smail/resolve.c -o Output/resolve.llvm.o
/home/ed/mcsema-testing/llvm-test-suite/RunSafely.sh --show-errors -t "/home/ed/mcsema-testing/SANDBOX/test-2015-12-21_15-36-50/tools/timeit" 500 /dev/null Output/str.llvm.o.compile \
	  /usr/bin/clang -I/home/ed/mcsema-testing/SANDBOX/test-2015-12-21_15-36-50/MultiSource/Benchmarks/Prolangs-C/unix-smail -I/home/ed/mcsema-testing/llvm-test-suite/MultiSource/Benchmarks/Prolangs-C/unix-smail -I/home/ed/mcsema-testing/llvm-test-suite/include -I../../../../include -D_GNU_SOURCE -D__STDC_LIMIT_MACROS -DNDEBUG  -O3  -m64 -fomit-frame-pointer -c /home/ed/mcsema-testing/llvm-test-suite/MultiSource/Benchmarks/Prolangs-C/unix-smail/str.c -o Output/str.llvm.o
/usr/bin/clang++ -o Output/unix-smail.simple Output/alias.llvm.o Output/deliver.llvm.o Output/getopt.llvm.o Output/getpath.llvm.o Output/headers.llvm.o Output/main.llvm.o Output/map.llvm.o Output/misc.llvm.o Output/pw.llvm.o Output/resolve.llvm.o Output/str.llvm.o    -m64 -fomit-frame-pointer
Output/deliver.llvm.o: In function `deliver':
/home/ed/mcsema-testing/llvm-test-suite/MultiSource/Benchmarks/Prolangs-C/unix-smail/deliver.c:(.text+0xdc): warning: the use of `mktemp' is dangerous, better use `mkstemp' or `mkdtemp'
/home/ed/mcsema-testing/llvm-test-suite/RunSafely.sh -t "/home/ed/mcsema-testing/SANDBOX/test-2015-12-21_15-36-50/tools/timeit-target" 500 /home/ed/mcsema-testing/llvm-test-suite/MultiSource/Benchmarks/Prolangs-C/unix-smail/main.c Output/unix-smail.out-simple Output/unix-smail.simple -v ALL
cp Output/unix-smail.simple Output/unix-smail.simple-hash; \
	strip --remove-section=.comment --remove-section='.note*' Output/unix-smail.simple-hash; \
	/home/ed/mcsema-testing/llvm-test-suite/HashProgramOutput.sh Output/unix-smail.simple-hash
if [ -f "/home/ed/mcsema-testing/llvm-test-suite/MultiSource/Benchmarks/Prolangs-C/unix-smail/unix-smail.reference_output.little-endian." ]; then \
	  cp /home/ed/mcsema-testing/llvm-test-suite/MultiSource/Benchmarks/Prolangs-C/unix-smail/unix-smail.reference_output.little-endian. Output/unix-smail.out-nat; \
	elif [ -f "/home/ed/mcsema-testing/llvm-test-suite/MultiSource/Benchmarks/Prolangs-C/unix-smail/unix-smail.reference_output." ]; then \
	  cp /home/ed/mcsema-testing/llvm-test-suite/MultiSource/Benchmarks/Prolangs-C/unix-smail/unix-smail.reference_output. Output/unix-smail.out-nat; \
	elif [ -f "/home/ed/mcsema-testing/llvm-test-suite/MultiSource/Benchmarks/Prolangs-C/unix-smail/unix-smail.reference_output.little-endian" ]; then \
	  cp /home/ed/mcsema-testing/llvm-test-suite/MultiSource/Benchmarks/Prolangs-C/unix-smail/unix-smail.reference_output.little-endian Output/unix-smail.out-nat; \
	elif [ -f "/home/ed/mcsema-testing/llvm-test-suite/MultiSource/Benchmarks/Prolangs-C/unix-smail/unix-smail.reference_output" ]; then \
	  cp /home/ed/mcsema-testing/llvm-test-suite/MultiSource/Benchmarks/Prolangs-C/unix-smail/unix-smail.reference_output Output/unix-smail.out-nat; \
	else \
	  printf "WARNING: %s: %s\n" "NO REFERENCE OUTPUT (using default)" "/home/ed/mcsema-testing/llvm-test-suite/MultiSource/Benchmarks/Prolangs-C/unix-smail/unix-smail.reference_output" > Output/unix-smail.out-nat; \
	  cp /home/ed/mcsema-testing/llvm-test-suite/default.reference_output Output/unix-smail.out-nat; \
	  cat Output/unix-smail.out-nat; \
	fi
# Pretend that the reference output was produced instantaneously.
cp /home/ed/mcsema-testing/llvm-test-suite/instant.txt Output/unix-smail.out-nat.time
/home/ed/mcsema-testing/llvm-test-suite/DiffOutput.sh "/home/ed/mcsema-testing/SANDBOX/test-2015-12-21_15-36-50/tools/fpcmp " simple unix-smail 
rm -f Output/unix-smail.exe-simple
cp Output/unix-smail.diff-simple Output/unix-smail.exe-simple
if test -f Output/unix-smail.extra-results.txt; then \
	  /home/ed/mcsema-testing/llvm-test-suite/ParseMultipleResults /home/ed/mcsema-testing/SANDBOX/test-2015-12-21_15-36-50/MultiSource/Benchmarks/Prolangs-C/unix-smail/unix-smail Output/unix-smail.extra-results.txt >> Output/unix-smail.simple.exec.report.txt; \
	fi
cat Output/unix-smail.simple.compile.report.txt Output/unix-smail.simple.exec.report.txt >> Output/unix-smail.simple.report.txt
---------------------------------------------------------------
>>> ========= '/home/ed/mcsema-testing/SANDBOX/test-2015-12-21_15-36-50/MultiSource/Benchmarks/Prolangs-C/unix-smail/unix-smail' Program
---------------------------------------------------------------

TEST-PASS: compile /home/ed/mcsema-testing/SANDBOX/test-2015-12-21_15-36-50/MultiSource/Benchmarks/Prolangs-C/unix-smail/unix-smail
TEST-RESULT-compile-success: pass
TEST-RESULT-compile-hash: 8518a41614c73d6dd75a50643f85cec7
TEST-RESULT-compile-time: user 0.573200
TEST-RESULT-compile-real-time: real 0.851900

TEST-PASS: exec /home/ed/mcsema-testing/SANDBOX/test-2015-12-21_15-36-50/MultiSource/Benchmarks/Prolangs-C/unix-smail/unix-smail
TEST-RESULT-exec-success: pass
TEST-RESULT-exec-time: user       0.0022
TEST-RESULT-exec-real-time: real       0.0058
make[5]: Leaving directory `/home/ed/mcsema-testing/SANDBOX/test-2015-12-21_15-36-50/MultiSource/Benchmarks/Prolangs-C/unix-smail'
make[5]: Entering directory `/home/ed/mcsema-testing/SANDBOX/test-2015-12-21_15-36-50/MultiSource/Benchmarks/Prolangs-C/unix-tbl'
/home/ed/mcsema-testing/llvm-test-suite/RunSafely.sh --show-errors -t "/home/ed/mcsema-testing/SANDBOX/test-2015-12-21_15-36-50/tools/timeit" 500 /dev/null Output/t..llvm.o.compile \
	  /usr/bin/clang -I/home/ed/mcsema-testing/SANDBOX/test-2015-12-21_15-36-50/MultiSource/Benchmarks/Prolangs-C/unix-tbl -I/home/ed/mcsema-testing/llvm-test-suite/MultiSource/Benchmarks/Prolangs-C/unix-tbl -I/home/ed/mcsema-testing/llvm-test-suite/include -I../../../../include -D_GNU_SOURCE -D__STDC_LIMIT_MACROS -DNDEBUG  -O3  -m64 -fomit-frame-pointer -c /home/ed/mcsema-testing/llvm-test-suite/MultiSource/Benchmarks/Prolangs-C/unix-tbl/t..c -o Output/t..llvm.o
/home/ed/mcsema-testing/llvm-test-suite/RunSafely.sh --show-errors -t "/home/ed/mcsema-testing/SANDBOX/test-2015-12-21_15-36-50/tools/timeit" 500 /dev/null Output/t0.llvm.o.compile \
	  /usr/bin/clang -I/home/ed/mcsema-testing/SANDBOX/test-2015-12-21_15-36-50/MultiSource/Benchmarks/Prolangs-C/unix-tbl -I/home/ed/mcsema-testing/llvm-test-suite/MultiSource/Benchmarks/Prolangs-C/unix-tbl -I/home/ed/mcsema-testing/llvm-test-suite/include -I../../../../include -D_GNU_SOURCE -D__STDC_LIMIT_MACROS -DNDEBUG  -O3  -m64 -fomit-frame-pointer -c /home/ed/mcsema-testing/llvm-test-suite/MultiSource/Benchmarks/Prolangs-C/unix-tbl/t0.c -o Output/t0.llvm.o
/home/ed/mcsema-testing/llvm-test-suite/RunSafely.sh --show-errors -t "/home/ed/mcsema-testing/SANDBOX/test-2015-12-21_15-36-50/tools/timeit" 500 /dev/null Output/t1.llvm.o.compile \
	  /usr/bin/clang -I/home/ed/mcsema-testing/SANDBOX/test-2015-12-21_15-36-50/MultiSource/Benchmarks/Prolangs-C/unix-tbl -I/home/ed/mcsema-testing/llvm-test-suite/MultiSource/Benchmarks/Prolangs-C/unix-tbl -I/home/ed/mcsema-testing/llvm-test-suite/include -I../../../../include -D_GNU_SOURCE -D__STDC_LIMIT_MACROS -DNDEBUG  -O3  -m64 -fomit-frame-pointer -c /home/ed/mcsema-testing/llvm-test-suite/MultiSource/Benchmarks/Prolangs-C/unix-tbl/t1.c -o Output/t1.llvm.o
/home/ed/mcsema-testing/llvm-test-suite/RunSafely.sh --show-errors -t "/home/ed/mcsema-testing/SANDBOX/test-2015-12-21_15-36-50/tools/timeit" 500 /dev/null Output/t2.llvm.o.compile \
	  /usr/bin/clang -I/home/ed/mcsema-testing/SANDBOX/test-2015-12-21_15-36-50/MultiSource/Benchmarks/Prolangs-C/unix-tbl -I/home/ed/mcsema-testing/llvm-test-suite/MultiSource/Benchmarks/Prolangs-C/unix-tbl -I/home/ed/mcsema-testing/llvm-test-suite/include -I../../../../include -D_GNU_SOURCE -D__STDC_LIMIT_MACROS -DNDEBUG  -O3  -m64 -fomit-frame-pointer -c /home/ed/mcsema-testing/llvm-test-suite/MultiSource/Benchmarks/Prolangs-C/unix-tbl/t2.c -o Output/t2.llvm.o
/home/ed/mcsema-testing/llvm-test-suite/RunSafely.sh --show-errors -t "/home/ed/mcsema-testing/SANDBOX/test-2015-12-21_15-36-50/tools/timeit" 500 /dev/null Output/t3.llvm.o.compile \
	  /usr/bin/clang -I/home/ed/mcsema-testing/SANDBOX/test-2015-12-21_15-36-50/MultiSource/Benchmarks/Prolangs-C/unix-tbl -I/home/ed/mcsema-testing/llvm-test-suite/MultiSource/Benchmarks/Prolangs-C/unix-tbl -I/home/ed/mcsema-testing/llvm-test-suite/include -I../../../../include -D_GNU_SOURCE -D__STDC_LIMIT_MACROS -DNDEBUG  -O3  -m64 -fomit-frame-pointer -c /home/ed/mcsema-testing/llvm-test-suite/MultiSource/Benchmarks/Prolangs-C/unix-tbl/t3.c -o Output/t3.llvm.o
/home/ed/mcsema-testing/llvm-test-suite/RunSafely.sh --show-errors -t "/home/ed/mcsema-testing/SANDBOX/test-2015-12-21_15-36-50/tools/timeit" 500 /dev/null Output/t4.llvm.o.compile \
	  /usr/bin/clang -I/home/ed/mcsema-testing/SANDBOX/test-2015-12-21_15-36-50/MultiSource/Benchmarks/Prolangs-C/unix-tbl -I/home/ed/mcsema-testing/llvm-test-suite/MultiSource/Benchmarks/Prolangs-C/unix-tbl -I/home/ed/mcsema-testing/llvm-test-suite/include -I../../../../include -D_GNU_SOURCE -D__STDC_LIMIT_MACROS -DNDEBUG  -O3  -m64 -fomit-frame-pointer -c /home/ed/mcsema-testing/llvm-test-suite/MultiSource/Benchmarks/Prolangs-C/unix-tbl/t4.c -o Output/t4.llvm.o
/home/ed/mcsema-testing/llvm-test-suite/RunSafely.sh --show-errors -t "/home/ed/mcsema-testing/SANDBOX/test-2015-12-21_15-36-50/tools/timeit" 500 /dev/null Output/t5.llvm.o.compile \
	  /usr/bin/clang -I/home/ed/mcsema-testing/SANDBOX/test-2015-12-21_15-36-50/MultiSource/Benchmarks/Prolangs-C/unix-tbl -I/home/ed/mcsema-testing/llvm-test-suite/MultiSource/Benchmarks/Prolangs-C/unix-tbl -I/home/ed/mcsema-testing/llvm-test-suite/include -I../../../../include -D_GNU_SOURCE -D__STDC_LIMIT_MACROS -DNDEBUG  -O3  -m64 -fomit-frame-pointer -c /home/ed/mcsema-testing/llvm-test-suite/MultiSource/Benchmarks/Prolangs-C/unix-tbl/t5.c -o Output/t5.llvm.o
/home/ed/mcsema-testing/llvm-test-suite/RunSafely.sh --show-errors -t "/home/ed/mcsema-testing/SANDBOX/test-2015-12-21_15-36-50/tools/timeit" 500 /dev/null Output/t6.llvm.o.compile \
	  /usr/bin/clang -I/home/ed/mcsema-testing/SANDBOX/test-2015-12-21_15-36-50/MultiSource/Benchmarks/Prolangs-C/unix-tbl -I/home/ed/mcsema-testing/llvm-test-suite/MultiSource/Benchmarks/Prolangs-C/unix-tbl -I/home/ed/mcsema-testing/llvm-test-suite/include -I../../../../include -D_GNU_SOURCE -D__STDC_LIMIT_MACROS -DNDEBUG  -O3  -m64 -fomit-frame-pointer -c /home/ed/mcsema-testing/llvm-test-suite/MultiSource/Benchmarks/Prolangs-C/unix-tbl/t6.c -o Output/t6.llvm.o
/home/ed/mcsema-testing/llvm-test-suite/RunSafely.sh --show-errors -t "/home/ed/mcsema-testing/SANDBOX/test-2015-12-21_15-36-50/tools/timeit" 500 /dev/null Output/t7.llvm.o.compile \
	  /usr/bin/clang -I/home/ed/mcsema-testing/SANDBOX/test-2015-12-21_15-36-50/MultiSource/Benchmarks/Prolangs-C/unix-tbl -I/home/ed/mcsema-testing/llvm-test-suite/MultiSource/Benchmarks/Prolangs-C/unix-tbl -I/home/ed/mcsema-testing/llvm-test-suite/include -I../../../../include -D_GNU_SOURCE -D__STDC_LIMIT_MACROS -DNDEBUG  -O3  -m64 -fomit-frame-pointer -c /home/ed/mcsema-testing/llvm-test-suite/MultiSource/Benchmarks/Prolangs-C/unix-tbl/t7.c -o Output/t7.llvm.o
/home/ed/mcsema-testing/llvm-test-suite/RunSafely.sh --show-errors -t "/home/ed/mcsema-testing/SANDBOX/test-2015-12-21_15-36-50/tools/timeit" 500 /dev/null Output/t8.llvm.o.compile \
	  /usr/bin/clang -I/home/ed/mcsema-testing/SANDBOX/test-2015-12-21_15-36-50/MultiSource/Benchmarks/Prolangs-C/unix-tbl -I/home/ed/mcsema-testing/llvm-test-suite/MultiSource/Benchmarks/Prolangs-C/unix-tbl -I/home/ed/mcsema-testing/llvm-test-suite/include -I../../../../include -D_GNU_SOURCE -D__STDC_LIMIT_MACROS -DNDEBUG  -O3  -m64 -fomit-frame-pointer -c /home/ed/mcsema-testing/llvm-test-suite/MultiSource/Benchmarks/Prolangs-C/unix-tbl/t8.c -o Output/t8.llvm.o
/home/ed/mcsema-testing/llvm-test-suite/RunSafely.sh --show-errors -t "/home/ed/mcsema-testing/SANDBOX/test-2015-12-21_15-36-50/tools/timeit" 500 /dev/null Output/t9.llvm.o.compile \
	  /usr/bin/clang -I/home/ed/mcsema-testing/SANDBOX/test-2015-12-21_15-36-50/MultiSource/Benchmarks/Prolangs-C/unix-tbl -I/home/ed/mcsema-testing/llvm-test-suite/MultiSource/Benchmarks/Prolangs-C/unix-tbl -I/home/ed/mcsema-testing/llvm-test-suite/include -I../../../../include -D_GNU_SOURCE -D__STDC_LIMIT_MACROS -DNDEBUG  -O3  -m64 -fomit-frame-pointer -c /home/ed/mcsema-testing/llvm-test-suite/MultiSource/Benchmarks/Prolangs-C/unix-tbl/t9.c -o Output/t9.llvm.o
/home/ed/mcsema-testing/llvm-test-suite/RunSafely.sh --show-errors -t "/home/ed/mcsema-testing/SANDBOX/test-2015-12-21_15-36-50/tools/timeit" 500 /dev/null Output/tb.llvm.o.compile \
	  /usr/bin/clang -I/home/ed/mcsema-testing/SANDBOX/test-2015-12-21_15-36-50/MultiSource/Benchmarks/Prolangs-C/unix-tbl -I/home/ed/mcsema-testing/llvm-test-suite/MultiSource/Benchmarks/Prolangs-C/unix-tbl -I/home/ed/mcsema-testing/llvm-test-suite/include -I../../../../include -D_GNU_SOURCE -D__STDC_LIMIT_MACROS -DNDEBUG  -O3  -m64 -fomit-frame-pointer -c /home/ed/mcsema-testing/llvm-test-suite/MultiSource/Benchmarks/Prolangs-C/unix-tbl/tb.c -o Output/tb.llvm.o
/home/ed/mcsema-testing/llvm-test-suite/RunSafely.sh --show-errors -t "/home/ed/mcsema-testing/SANDBOX/test-2015-12-21_15-36-50/tools/timeit" 500 /dev/null Output/tc.llvm.o.compile \
	  /usr/bin/clang -I/home/ed/mcsema-testing/SANDBOX/test-2015-12-21_15-36-50/MultiSource/Benchmarks/Prolangs-C/unix-tbl -I/home/ed/mcsema-testing/llvm-test-suite/MultiSource/Benchmarks/Prolangs-C/unix-tbl -I/home/ed/mcsema-testing/llvm-test-suite/include -I../../../../include -D_GNU_SOURCE -D__STDC_LIMIT_MACROS -DNDEBUG  -O3  -m64 -fomit-frame-pointer -c /home/ed/mcsema-testing/llvm-test-suite/MultiSource/Benchmarks/Prolangs-C/unix-tbl/tc.c -o Output/tc.llvm.o
/home/ed/mcsema-testing/llvm-test-suite/RunSafely.sh --show-errors -t "/home/ed/mcsema-testing/SANDBOX/test-2015-12-21_15-36-50/tools/timeit" 500 /dev/null Output/te.llvm.o.compile \
	  /usr/bin/clang -I/home/ed/mcsema-testing/SANDBOX/test-2015-12-21_15-36-50/MultiSource/Benchmarks/Prolangs-C/unix-tbl -I/home/ed/mcsema-testing/llvm-test-suite/MultiSource/Benchmarks/Prolangs-C/unix-tbl -I/home/ed/mcsema-testing/llvm-test-suite/include -I../../../../include -D_GNU_SOURCE -D__STDC_LIMIT_MACROS -DNDEBUG  -O3  -m64 -fomit-frame-pointer -c /home/ed/mcsema-testing/llvm-test-suite/MultiSource/Benchmarks/Prolangs-C/unix-tbl/te.c -o Output/te.llvm.o
/home/ed/mcsema-testing/llvm-test-suite/RunSafely.sh --show-errors -t "/home/ed/mcsema-testing/SANDBOX/test-2015-12-21_15-36-50/tools/timeit" 500 /dev/null Output/tf.llvm.o.compile \
	  /usr/bin/clang -I/home/ed/mcsema-testing/SANDBOX/test-2015-12-21_15-36-50/MultiSource/Benchmarks/Prolangs-C/unix-tbl -I/home/ed/mcsema-testing/llvm-test-suite/MultiSource/Benchmarks/Prolangs-C/unix-tbl -I/home/ed/mcsema-testing/llvm-test-suite/include -I../../../../include -D_GNU_SOURCE -D__STDC_LIMIT_MACROS -DNDEBUG  -O3  -m64 -fomit-frame-pointer -c /home/ed/mcsema-testing/llvm-test-suite/MultiSource/Benchmarks/Prolangs-C/unix-tbl/tf.c -o Output/tf.llvm.o
/home/ed/mcsema-testing/llvm-test-suite/RunSafely.sh --show-errors -t "/home/ed/mcsema-testing/SANDBOX/test-2015-12-21_15-36-50/tools/timeit" 500 /dev/null Output/tg.llvm.o.compile \
	  /usr/bin/clang -I/home/ed/mcsema-testing/SANDBOX/test-2015-12-21_15-36-50/MultiSource/Benchmarks/Prolangs-C/unix-tbl -I/home/ed/mcsema-testing/llvm-test-suite/MultiSource/Benchmarks/Prolangs-C/unix-tbl -I/home/ed/mcsema-testing/llvm-test-suite/include -I../../../../include -D_GNU_SOURCE -D__STDC_LIMIT_MACROS -DNDEBUG  -O3  -m64 -fomit-frame-pointer -c /home/ed/mcsema-testing/llvm-test-suite/MultiSource/Benchmarks/Prolangs-C/unix-tbl/tg.c -o Output/tg.llvm.o
/home/ed/mcsema-testing/llvm-test-suite/RunSafely.sh --show-errors -t "/home/ed/mcsema-testing/SANDBOX/test-2015-12-21_15-36-50/tools/timeit" 500 /dev/null Output/ti.llvm.o.compile \
	  /usr/bin/clang -I/home/ed/mcsema-testing/SANDBOX/test-2015-12-21_15-36-50/MultiSource/Benchmarks/Prolangs-C/unix-tbl -I/home/ed/mcsema-testing/llvm-test-suite/MultiSource/Benchmarks/Prolangs-C/unix-tbl -I/home/ed/mcsema-testing/llvm-test-suite/include -I../../../../include -D_GNU_SOURCE -D__STDC_LIMIT_MACROS -DNDEBUG  -O3  -m64 -fomit-frame-pointer -c /home/ed/mcsema-testing/llvm-test-suite/MultiSource/Benchmarks/Prolangs-C/unix-tbl/ti.c -o Output/ti.llvm.o
/home/ed/mcsema-testing/llvm-test-suite/RunSafely.sh --show-errors -t "/home/ed/mcsema-testing/SANDBOX/test-2015-12-21_15-36-50/tools/timeit" 500 /dev/null Output/tm.llvm.o.compile \
	  /usr/bin/clang -I/home/ed/mcsema-testing/SANDBOX/test-2015-12-21_15-36-50/MultiSource/Benchmarks/Prolangs-C/unix-tbl -I/home/ed/mcsema-testing/llvm-test-suite/MultiSource/Benchmarks/Prolangs-C/unix-tbl -I/home/ed/mcsema-testing/llvm-test-suite/include -I../../../../include -D_GNU_SOURCE -D__STDC_LIMIT_MACROS -DNDEBUG  -O3  -m64 -fomit-frame-pointer -c /home/ed/mcsema-testing/llvm-test-suite/MultiSource/Benchmarks/Prolangs-C/unix-tbl/tm.c -o Output/tm.llvm.o
/home/ed/mcsema-testing/llvm-test-suite/RunSafely.sh --show-errors -t "/home/ed/mcsema-testing/SANDBOX/test-2015-12-21_15-36-50/tools/timeit" 500 /dev/null Output/ts.llvm.o.compile \
	  /usr/bin/clang -I/home/ed/mcsema-testing/SANDBOX/test-2015-12-21_15-36-50/MultiSource/Benchmarks/Prolangs-C/unix-tbl -I/home/ed/mcsema-testing/llvm-test-suite/MultiSource/Benchmarks/Prolangs-C/unix-tbl -I/home/ed/mcsema-testing/llvm-test-suite/include -I../../../../include -D_GNU_SOURCE -D__STDC_LIMIT_MACROS -DNDEBUG  -O3  -m64 -fomit-frame-pointer -c /home/ed/mcsema-testing/llvm-test-suite/MultiSource/Benchmarks/Prolangs-C/unix-tbl/ts.c -o Output/ts.llvm.o
/home/ed/mcsema-testing/llvm-test-suite/RunSafely.sh --show-errors -t "/home/ed/mcsema-testing/SANDBOX/test-2015-12-21_15-36-50/tools/timeit" 500 /dev/null Output/tt.llvm.o.compile \
	  /usr/bin/clang -I/home/ed/mcsema-testing/SANDBOX/test-2015-12-21_15-36-50/MultiSource/Benchmarks/Prolangs-C/unix-tbl -I/home/ed/mcsema-testing/llvm-test-suite/MultiSource/Benchmarks/Prolangs-C/unix-tbl -I/home/ed/mcsema-testing/llvm-test-suite/include -I../../../../include -D_GNU_SOURCE -D__STDC_LIMIT_MACROS -DNDEBUG  -O3  -m64 -fomit-frame-pointer -c /home/ed/mcsema-testing/llvm-test-suite/MultiSource/Benchmarks/Prolangs-C/unix-tbl/tt.c -o Output/tt.llvm.o
/home/ed/mcsema-testing/llvm-test-suite/RunSafely.sh --show-errors -t "/home/ed/mcsema-testing/SANDBOX/test-2015-12-21_15-36-50/tools/timeit" 500 /dev/null Output/tu.llvm.o.compile \
	  /usr/bin/clang -I/home/ed/mcsema-testing/SANDBOX/test-2015-12-21_15-36-50/MultiSource/Benchmarks/Prolangs-C/unix-tbl -I/home/ed/mcsema-testing/llvm-test-suite/MultiSource/Benchmarks/Prolangs-C/unix-tbl -I/home/ed/mcsema-testing/llvm-test-suite/include -I../../../../include -D_GNU_SOURCE -D__STDC_LIMIT_MACROS -DNDEBUG  -O3  -m64 -fomit-frame-pointer -c /home/ed/mcsema-testing/llvm-test-suite/MultiSource/Benchmarks/Prolangs-C/unix-tbl/tu.c -o Output/tu.llvm.o
/home/ed/mcsema-testing/llvm-test-suite/RunSafely.sh --show-errors -t "/home/ed/mcsema-testing/SANDBOX/test-2015-12-21_15-36-50/tools/timeit" 500 /dev/null Output/tv.llvm.o.compile \
	  /usr/bin/clang -I/home/ed/mcsema-testing/SANDBOX/test-2015-12-21_15-36-50/MultiSource/Benchmarks/Prolangs-C/unix-tbl -I/home/ed/mcsema-testing/llvm-test-suite/MultiSource/Benchmarks/Prolangs-C/unix-tbl -I/home/ed/mcsema-testing/llvm-test-suite/include -I../../../../include -D_GNU_SOURCE -D__STDC_LIMIT_MACROS -DNDEBUG  -O3  -m64 -fomit-frame-pointer -c /home/ed/mcsema-testing/llvm-test-suite/MultiSource/Benchmarks/Prolangs-C/unix-tbl/tv.c -o Output/tv.llvm.o
/usr/bin/clang++ -o Output/unix-tbl.simple Output/t..llvm.o Output/t0.llvm.o Output/t1.llvm.o Output/t2.llvm.o Output/t3.llvm.o Output/t4.llvm.o Output/t5.llvm.o Output/t6.llvm.o Output/t7.llvm.o Output/t8.llvm.o Output/t9.llvm.o Output/tb.llvm.o Output/tc.llvm.o Output/te.llvm.o Output/tf.llvm.o Output/tg.llvm.o Output/ti.llvm.o Output/tm.llvm.o Output/ts.llvm.o Output/tt.llvm.o Output/tu.llvm.o Output/tv.llvm.o    -m64 -fomit-frame-pointer
/home/ed/mcsema-testing/llvm-test-suite/RunSafely.sh -t "/home/ed/mcsema-testing/SANDBOX/test-2015-12-21_15-36-50/tools/timeit-target" 500 /dev/null Output/unix-tbl.out-simple Output/unix-tbl.simple 
cp Output/unix-tbl.simple Output/unix-tbl.simple-hash; \
	strip --remove-section=.comment --remove-section='.note*' Output/unix-tbl.simple-hash; \
	/home/ed/mcsema-testing/llvm-test-suite/HashProgramOutput.sh Output/unix-tbl.simple-hash
if [ -f "/home/ed/mcsema-testing/llvm-test-suite/MultiSource/Benchmarks/Prolangs-C/unix-tbl/unix-tbl.reference_output.little-endian." ]; then \
	  cp /home/ed/mcsema-testing/llvm-test-suite/MultiSource/Benchmarks/Prolangs-C/unix-tbl/unix-tbl.reference_output.little-endian. Output/unix-tbl.out-nat; \
	elif [ -f "/home/ed/mcsema-testing/llvm-test-suite/MultiSource/Benchmarks/Prolangs-C/unix-tbl/unix-tbl.reference_output." ]; then \
	  cp /home/ed/mcsema-testing/llvm-test-suite/MultiSource/Benchmarks/Prolangs-C/unix-tbl/unix-tbl.reference_output. Output/unix-tbl.out-nat; \
	elif [ -f "/home/ed/mcsema-testing/llvm-test-suite/MultiSource/Benchmarks/Prolangs-C/unix-tbl/unix-tbl.reference_output.little-endian" ]; then \
	  cp /home/ed/mcsema-testing/llvm-test-suite/MultiSource/Benchmarks/Prolangs-C/unix-tbl/unix-tbl.reference_output.little-endian Output/unix-tbl.out-nat; \
	elif [ -f "/home/ed/mcsema-testing/llvm-test-suite/MultiSource/Benchmarks/Prolangs-C/unix-tbl/unix-tbl.reference_output" ]; then \
	  cp /home/ed/mcsema-testing/llvm-test-suite/MultiSource/Benchmarks/Prolangs-C/unix-tbl/unix-tbl.reference_output Output/unix-tbl.out-nat; \
	else \
	  printf "WARNING: %s: %s\n" "NO REFERENCE OUTPUT (using default)" "/home/ed/mcsema-testing/llvm-test-suite/MultiSource/Benchmarks/Prolangs-C/unix-tbl/unix-tbl.reference_output" > Output/unix-tbl.out-nat; \
	  cp /home/ed/mcsema-testing/llvm-test-suite/default.reference_output Output/unix-tbl.out-nat; \
	  cat Output/unix-tbl.out-nat; \
	fi
# Pretend that the reference output was produced instantaneously.
cp /home/ed/mcsema-testing/llvm-test-suite/instant.txt Output/unix-tbl.out-nat.time
/home/ed/mcsema-testing/llvm-test-suite/DiffOutput.sh "/home/ed/mcsema-testing/SANDBOX/test-2015-12-21_15-36-50/tools/fpcmp " simple unix-tbl 
rm -f Output/unix-tbl.exe-simple
cp Output/unix-tbl.diff-simple Output/unix-tbl.exe-simple
if test -f Output/unix-tbl.extra-results.txt; then \
	  /home/ed/mcsema-testing/llvm-test-suite/ParseMultipleResults /home/ed/mcsema-testing/SANDBOX/test-2015-12-21_15-36-50/MultiSource/Benchmarks/Prolangs-C/unix-tbl/unix-tbl Output/unix-tbl.extra-results.txt >> Output/unix-tbl.simple.exec.report.txt; \
	fi
cat Output/unix-tbl.simple.compile.report.txt Output/unix-tbl.simple.exec.report.txt >> Output/unix-tbl.simple.report.txt
---------------------------------------------------------------
>>> ========= '/home/ed/mcsema-testing/SANDBOX/test-2015-12-21_15-36-50/MultiSource/Benchmarks/Prolangs-C/unix-tbl/unix-tbl' Program
---------------------------------------------------------------

TEST-PASS: compile /home/ed/mcsema-testing/SANDBOX/test-2015-12-21_15-36-50/MultiSource/Benchmarks/Prolangs-C/unix-tbl/unix-tbl
TEST-RESULT-compile-success: pass
TEST-RESULT-compile-hash: 73b4c1bd2a0614cebda084eb35b1c247
TEST-RESULT-compile-time: user 1.046200
TEST-RESULT-compile-real-time: real 1.433000

TEST-PASS: exec /home/ed/mcsema-testing/SANDBOX/test-2015-12-21_15-36-50/MultiSource/Benchmarks/Prolangs-C/unix-tbl/unix-tbl
TEST-RESULT-exec-success: pass
TEST-RESULT-exec-time: user       0.0009
TEST-RESULT-exec-real-time: real       0.0018
make[5]: Leaving directory `/home/ed/mcsema-testing/SANDBOX/test-2015-12-21_15-36-50/MultiSource/Benchmarks/Prolangs-C/unix-tbl'
make[4]: Leaving directory `/home/ed/mcsema-testing/SANDBOX/test-2015-12-21_15-36-50/MultiSource/Benchmarks/Prolangs-C'
make[4]: Entering directory `/home/ed/mcsema-testing/SANDBOX/test-2015-12-21_15-36-50/MultiSource/Benchmarks/SciMark2-C'
/home/ed/mcsema-testing/llvm-test-suite/RunSafely.sh --show-errors -t "/home/ed/mcsema-testing/SANDBOX/test-2015-12-21_15-36-50/tools/timeit" 500 /dev/null Output/FFT.llvm.o.compile \
	  /usr/bin/clang  -I/home/ed/mcsema-testing/SANDBOX/test-2015-12-21_15-36-50/MultiSource/Benchmarks/SciMark2-C -I/home/ed/mcsema-testing/llvm-test-suite/MultiSource/Benchmarks/SciMark2-C -I/home/ed/mcsema-testing/llvm-test-suite/include -I../../../include -D_GNU_SOURCE -D__STDC_LIMIT_MACROS -DNDEBUG  -O3  -m64 -fomit-frame-pointer -c /home/ed/mcsema-testing/llvm-test-suite/MultiSource/Benchmarks/SciMark2-C/FFT.c -o Output/FFT.llvm.o
/home/ed/mcsema-testing/llvm-test-suite/RunSafely.sh --show-errors -t "/home/ed/mcsema-testing/SANDBOX/test-2015-12-21_15-36-50/tools/timeit" 500 /dev/null Output/LU.llvm.o.compile \
	  /usr/bin/clang  -I/home/ed/mcsema-testing/SANDBOX/test-2015-12-21_15-36-50/MultiSource/Benchmarks/SciMark2-C -I/home/ed/mcsema-testing/llvm-test-suite/MultiSource/Benchmarks/SciMark2-C -I/home/ed/mcsema-testing/llvm-test-suite/include -I../../../include -D_GNU_SOURCE -D__STDC_LIMIT_MACROS -DNDEBUG  -O3  -m64 -fomit-frame-pointer -c /home/ed/mcsema-testing/llvm-test-suite/MultiSource/Benchmarks/SciMark2-C/LU.c -o Output/LU.llvm.o
/home/ed/mcsema-testing/llvm-test-suite/RunSafely.sh --show-errors -t "/home/ed/mcsema-testing/SANDBOX/test-2015-12-21_15-36-50/tools/timeit" 500 /dev/null Output/MonteCarlo.llvm.o.compile \
	  /usr/bin/clang  -I/home/ed/mcsema-testing/SANDBOX/test-2015-12-21_15-36-50/MultiSource/Benchmarks/SciMark2-C -I/home/ed/mcsema-testing/llvm-test-suite/MultiSource/Benchmarks/SciMark2-C -I/home/ed/mcsema-testing/llvm-test-suite/include -I../../../include -D_GNU_SOURCE -D__STDC_LIMIT_MACROS -DNDEBUG  -O3  -m64 -fomit-frame-pointer -c /home/ed/mcsema-testing/llvm-test-suite/MultiSource/Benchmarks/SciMark2-C/MonteCarlo.c -o Output/MonteCarlo.llvm.o
/home/ed/mcsema-testing/llvm-test-suite/RunSafely.sh --show-errors -t "/home/ed/mcsema-testing/SANDBOX/test-2015-12-21_15-36-50/tools/timeit" 500 /dev/null Output/Random.llvm.o.compile \
	  /usr/bin/clang  -I/home/ed/mcsema-testing/SANDBOX/test-2015-12-21_15-36-50/MultiSource/Benchmarks/SciMark2-C -I/home/ed/mcsema-testing/llvm-test-suite/MultiSource/Benchmarks/SciMark2-C -I/home/ed/mcsema-testing/llvm-test-suite/include -I../../../include -D_GNU_SOURCE -D__STDC_LIMIT_MACROS -DNDEBUG  -O3  -m64 -fomit-frame-pointer -c /home/ed/mcsema-testing/llvm-test-suite/MultiSource/Benchmarks/SciMark2-C/Random.c -o Output/Random.llvm.o
/home/ed/mcsema-testing/llvm-test-suite/RunSafely.sh --show-errors -t "/home/ed/mcsema-testing/SANDBOX/test-2015-12-21_15-36-50/tools/timeit" 500 /dev/null Output/SOR.llvm.o.compile \
	  /usr/bin/clang  -I/home/ed/mcsema-testing/SANDBOX/test-2015-12-21_15-36-50/MultiSource/Benchmarks/SciMark2-C -I/home/ed/mcsema-testing/llvm-test-suite/MultiSource/Benchmarks/SciMark2-C -I/home/ed/mcsema-testing/llvm-test-suite/include -I../../../include -D_GNU_SOURCE -D__STDC_LIMIT_MACROS -DNDEBUG  -O3  -m64 -fomit-frame-pointer -c /home/ed/mcsema-testing/llvm-test-suite/MultiSource/Benchmarks/SciMark2-C/SOR.c -o Output/SOR.llvm.o
/home/ed/mcsema-testing/llvm-test-suite/RunSafely.sh --show-errors -t "/home/ed/mcsema-testing/SANDBOX/test-2015-12-21_15-36-50/tools/timeit" 500 /dev/null Output/SparseCompRow.llvm.o.compile \
	  /usr/bin/clang  -I/home/ed/mcsema-testing/SANDBOX/test-2015-12-21_15-36-50/MultiSource/Benchmarks/SciMark2-C -I/home/ed/mcsema-testing/llvm-test-suite/MultiSource/Benchmarks/SciMark2-C -I/home/ed/mcsema-testing/llvm-test-suite/include -I../../../include -D_GNU_SOURCE -D__STDC_LIMIT_MACROS -DNDEBUG  -O3  -m64 -fomit-frame-pointer -c /home/ed/mcsema-testing/llvm-test-suite/MultiSource/Benchmarks/SciMark2-C/SparseCompRow.c -o Output/SparseCompRow.llvm.o
/home/ed/mcsema-testing/llvm-test-suite/RunSafely.sh --show-errors -t "/home/ed/mcsema-testing/SANDBOX/test-2015-12-21_15-36-50/tools/timeit" 500 /dev/null Output/Stopwatch.llvm.o.compile \
	  /usr/bin/clang  -I/home/ed/mcsema-testing/SANDBOX/test-2015-12-21_15-36-50/MultiSource/Benchmarks/SciMark2-C -I/home/ed/mcsema-testing/llvm-test-suite/MultiSource/Benchmarks/SciMark2-C -I/home/ed/mcsema-testing/llvm-test-suite/include -I../../../include -D_GNU_SOURCE -D__STDC_LIMIT_MACROS -DNDEBUG  -O3  -m64 -fomit-frame-pointer -c /home/ed/mcsema-testing/llvm-test-suite/MultiSource/Benchmarks/SciMark2-C/Stopwatch.c -o Output/Stopwatch.llvm.o
/home/ed/mcsema-testing/llvm-test-suite/RunSafely.sh --show-errors -t "/home/ed/mcsema-testing/SANDBOX/test-2015-12-21_15-36-50/tools/timeit" 500 /dev/null Output/array.llvm.o.compile \
	  /usr/bin/clang  -I/home/ed/mcsema-testing/SANDBOX/test-2015-12-21_15-36-50/MultiSource/Benchmarks/SciMark2-C -I/home/ed/mcsema-testing/llvm-test-suite/MultiSource/Benchmarks/SciMark2-C -I/home/ed/mcsema-testing/llvm-test-suite/include -I../../../include -D_GNU_SOURCE -D__STDC_LIMIT_MACROS -DNDEBUG  -O3  -m64 -fomit-frame-pointer -c /home/ed/mcsema-testing/llvm-test-suite/MultiSource/Benchmarks/SciMark2-C/array.c -o Output/array.llvm.o
/home/ed/mcsema-testing/llvm-test-suite/RunSafely.sh --show-errors -t "/home/ed/mcsema-testing/SANDBOX/test-2015-12-21_15-36-50/tools/timeit" 500 /dev/null Output/kernel.llvm.o.compile \
	  /usr/bin/clang  -I/home/ed/mcsema-testing/SANDBOX/test-2015-12-21_15-36-50/MultiSource/Benchmarks/SciMark2-C -I/home/ed/mcsema-testing/llvm-test-suite/MultiSource/Benchmarks/SciMark2-C -I/home/ed/mcsema-testing/llvm-test-suite/include -I../../../include -D_GNU_SOURCE -D__STDC_LIMIT_MACROS -DNDEBUG  -O3  -m64 -fomit-frame-pointer -c /home/ed/mcsema-testing/llvm-test-suite/MultiSource/Benchmarks/SciMark2-C/kernel.c -o Output/kernel.llvm.o
/home/ed/mcsema-testing/llvm-test-suite/RunSafely.sh --show-errors -t "/home/ed/mcsema-testing/SANDBOX/test-2015-12-21_15-36-50/tools/timeit" 500 /dev/null Output/scimark2.llvm.o.compile \
	  /usr/bin/clang  -I/home/ed/mcsema-testing/SANDBOX/test-2015-12-21_15-36-50/MultiSource/Benchmarks/SciMark2-C -I/home/ed/mcsema-testing/llvm-test-suite/MultiSource/Benchmarks/SciMark2-C -I/home/ed/mcsema-testing/llvm-test-suite/include -I../../../include -D_GNU_SOURCE -D__STDC_LIMIT_MACROS -DNDEBUG  -O3  -m64 -fomit-frame-pointer -c /home/ed/mcsema-testing/llvm-test-suite/MultiSource/Benchmarks/SciMark2-C/scimark2.c -o Output/scimark2.llvm.o
/usr/bin/clang++ -o Output/scimark2.simple Output/FFT.llvm.o Output/LU.llvm.o Output/MonteCarlo.llvm.o Output/Random.llvm.o Output/SOR.llvm.o Output/SparseCompRow.llvm.o Output/Stopwatch.llvm.o Output/array.llvm.o Output/kernel.llvm.o Output/scimark2.llvm.o -lm   -m64 -fomit-frame-pointer
/home/ed/mcsema-testing/llvm-test-suite/RunSafely.sh -t "/home/ed/mcsema-testing/SANDBOX/test-2015-12-21_15-36-50/tools/timeit-target" 500 /dev/null Output/scimark2.out-simple Output/scimark2.simple 
cp Output/scimark2.simple Output/scimark2.simple-hash; \
	strip --remove-section=.comment --remove-section='.note*' Output/scimark2.simple-hash; \
	/home/ed/mcsema-testing/llvm-test-suite/HashProgramOutput.sh Output/scimark2.simple-hash
if [ -f "/home/ed/mcsema-testing/llvm-test-suite/MultiSource/Benchmarks/SciMark2-C/scimark2.reference_output.little-endian." ]; then \
	  cp /home/ed/mcsema-testing/llvm-test-suite/MultiSource/Benchmarks/SciMark2-C/scimark2.reference_output.little-endian. Output/scimark2.out-nat; \
	elif [ -f "/home/ed/mcsema-testing/llvm-test-suite/MultiSource/Benchmarks/SciMark2-C/scimark2.reference_output." ]; then \
	  cp /home/ed/mcsema-testing/llvm-test-suite/MultiSource/Benchmarks/SciMark2-C/scimark2.reference_output. Output/scimark2.out-nat; \
	elif [ -f "/home/ed/mcsema-testing/llvm-test-suite/MultiSource/Benchmarks/SciMark2-C/scimark2.reference_output.little-endian" ]; then \
	  cp /home/ed/mcsema-testing/llvm-test-suite/MultiSource/Benchmarks/SciMark2-C/scimark2.reference_output.little-endian Output/scimark2.out-nat; \
	elif [ -f "/home/ed/mcsema-testing/llvm-test-suite/MultiSource/Benchmarks/SciMark2-C/scimark2.reference_output" ]; then \
	  cp /home/ed/mcsema-testing/llvm-test-suite/MultiSource/Benchmarks/SciMark2-C/scimark2.reference_output Output/scimark2.out-nat; \
	else \
	  printf "WARNING: %s: %s\n" "NO REFERENCE OUTPUT (using default)" "/home/ed/mcsema-testing/llvm-test-suite/MultiSource/Benchmarks/SciMark2-C/scimark2.reference_output" > Output/scimark2.out-nat; \
	  cp /home/ed/mcsema-testing/llvm-test-suite/default.reference_output Output/scimark2.out-nat; \
	  cat Output/scimark2.out-nat; \
	fi
# Pretend that the reference output was produced instantaneously.
cp /home/ed/mcsema-testing/llvm-test-suite/instant.txt Output/scimark2.out-nat.time
/home/ed/mcsema-testing/llvm-test-suite/DiffOutput.sh "/home/ed/mcsema-testing/SANDBOX/test-2015-12-21_15-36-50/tools/fpcmp " simple scimark2 
rm -f Output/scimark2.exe-simple
cp Output/scimark2.diff-simple Output/scimark2.exe-simple
if test -f Output/scimark2.extra-results.txt; then \
	  /home/ed/mcsema-testing/llvm-test-suite/ParseMultipleResults /home/ed/mcsema-testing/SANDBOX/test-2015-12-21_15-36-50/MultiSource/Benchmarks/SciMark2-C/scimark2 Output/scimark2.extra-results.txt >> Output/scimark2.simple.exec.report.txt; \
	fi
cat Output/scimark2.simple.compile.report.txt Output/scimark2.simple.exec.report.txt >> Output/scimark2.simple.report.txt
---------------------------------------------------------------
>>> ========= '/home/ed/mcsema-testing/SANDBOX/test-2015-12-21_15-36-50/MultiSource/Benchmarks/SciMark2-C/scimark2' Program
---------------------------------------------------------------

TEST-PASS: compile /home/ed/mcsema-testing/SANDBOX/test-2015-12-21_15-36-50/MultiSource/Benchmarks/SciMark2-C/scimark2
TEST-RESULT-compile-success: pass
TEST-RESULT-compile-hash: c7a877f7661c833afdb4c14bb267f52d
TEST-RESULT-compile-time: user 0.348600
TEST-RESULT-compile-real-time: real 0.488200

TEST-PASS: exec /home/ed/mcsema-testing/SANDBOX/test-2015-12-21_15-36-50/MultiSource/Benchmarks/SciMark2-C/scimark2
TEST-RESULT-exec-success: pass
TEST-RESULT-exec-time: user       35.9283
TEST-RESULT-exec-real-time: real       35.9971
make[4]: Leaving directory `/home/ed/mcsema-testing/SANDBOX/test-2015-12-21_15-36-50/MultiSource/Benchmarks/SciMark2-C'
make[4]: Entering directory `/home/ed/mcsema-testing/SANDBOX/test-2015-12-21_15-36-50/MultiSource/Benchmarks/mediabench'
make[5]: Entering directory `/home/ed/mcsema-testing/SANDBOX/test-2015-12-21_15-36-50/MultiSource/Benchmarks/mediabench/adpcm'
make[6]: Entering directory `/home/ed/mcsema-testing/SANDBOX/test-2015-12-21_15-36-50/MultiSource/Benchmarks/mediabench/adpcm/rawcaudio'
/home/ed/mcsema-testing/llvm-test-suite/RunSafely.sh --show-errors -t "/home/ed/mcsema-testing/SANDBOX/test-2015-12-21_15-36-50/tools/timeit" 500 /dev/null Output/adpcm.llvm.o.compile \
	  /usr/bin/clang -I/home/ed/mcsema-testing/SANDBOX/test-2015-12-21_15-36-50/MultiSource/Benchmarks/mediabench/adpcm/rawcaudio -I/home/ed/mcsema-testing/llvm-test-suite/MultiSource/Benchmarks/mediabench/adpcm/rawcaudio -I/home/ed/mcsema-testing/llvm-test-suite/include -I../../../../../include -D_GNU_SOURCE -D__STDC_LIMIT_MACROS -DNDEBUG  -O3  -m64 -fomit-frame-pointer -c /home/ed/mcsema-testing/llvm-test-suite/MultiSource/Benchmarks/mediabench/adpcm/rawcaudio/adpcm.c -o Output/adpcm.llvm.o
/home/ed/mcsema-testing/llvm-test-suite/RunSafely.sh --show-errors -t "/home/ed/mcsema-testing/SANDBOX/test-2015-12-21_15-36-50/tools/timeit" 500 /dev/null Output/rawcaudio.llvm.o.compile \
	  /usr/bin/clang -I/home/ed/mcsema-testing/SANDBOX/test-2015-12-21_15-36-50/MultiSource/Benchmarks/mediabench/adpcm/rawcaudio -I/home/ed/mcsema-testing/llvm-test-suite/MultiSource/Benchmarks/mediabench/adpcm/rawcaudio -I/home/ed/mcsema-testing/llvm-test-suite/include -I../../../../../include -D_GNU_SOURCE -D__STDC_LIMIT_MACROS -DNDEBUG  -O3  -m64 -fomit-frame-pointer -c /home/ed/mcsema-testing/llvm-test-suite/MultiSource/Benchmarks/mediabench/adpcm/rawcaudio/rawcaudio.c -o Output/rawcaudio.llvm.o
/usr/bin/clang++ -o Output/rawcaudio.simple Output/adpcm.llvm.o Output/rawcaudio.llvm.o    -m64 -fomit-frame-pointer
/home/ed/mcsema-testing/llvm-test-suite/RunSafely.sh -t "/home/ed/mcsema-testing/SANDBOX/test-2015-12-21_15-36-50/tools/timeit-target" 500 /home/ed/mcsema-testing/llvm-test-suite/MultiSource/Benchmarks/mediabench/adpcm/rawcaudio/../data/clinton.pcm  Output/rawcaudio.out-simple Output/rawcaudio.simple 
cp Output/rawcaudio.simple Output/rawcaudio.simple-hash; \
	strip --remove-section=.comment --remove-section='.note*' Output/rawcaudio.simple-hash; \
	/home/ed/mcsema-testing/llvm-test-suite/HashProgramOutput.sh Output/rawcaudio.simple-hash
if [ -f "/home/ed/mcsema-testing/llvm-test-suite/MultiSource/Benchmarks/mediabench/adpcm/rawcaudio/rawcaudio.reference_output.little-endian." ]; then \
	  cp /home/ed/mcsema-testing/llvm-test-suite/MultiSource/Benchmarks/mediabench/adpcm/rawcaudio/rawcaudio.reference_output.little-endian. Output/rawcaudio.out-nat; \
	elif [ -f "/home/ed/mcsema-testing/llvm-test-suite/MultiSource/Benchmarks/mediabench/adpcm/rawcaudio/rawcaudio.reference_output." ]; then \
	  cp /home/ed/mcsema-testing/llvm-test-suite/MultiSource/Benchmarks/mediabench/adpcm/rawcaudio/rawcaudio.reference_output. Output/rawcaudio.out-nat; \
	elif [ -f "/home/ed/mcsema-testing/llvm-test-suite/MultiSource/Benchmarks/mediabench/adpcm/rawcaudio/rawcaudio.reference_output.little-endian" ]; then \
	  cp /home/ed/mcsema-testing/llvm-test-suite/MultiSource/Benchmarks/mediabench/adpcm/rawcaudio/rawcaudio.reference_output.little-endian Output/rawcaudio.out-nat; \
	elif [ -f "/home/ed/mcsema-testing/llvm-test-suite/MultiSource/Benchmarks/mediabench/adpcm/rawcaudio/rawcaudio.reference_output" ]; then \
	  cp /home/ed/mcsema-testing/llvm-test-suite/MultiSource/Benchmarks/mediabench/adpcm/rawcaudio/rawcaudio.reference_output Output/rawcaudio.out-nat; \
	else \
	  printf "WARNING: %s: %s\n" "NO REFERENCE OUTPUT (using default)" "/home/ed/mcsema-testing/llvm-test-suite/MultiSource/Benchmarks/mediabench/adpcm/rawcaudio/rawcaudio.reference_output" > Output/rawcaudio.out-nat; \
	  cp /home/ed/mcsema-testing/llvm-test-suite/default.reference_output Output/rawcaudio.out-nat; \
	  cat Output/rawcaudio.out-nat; \
	fi
# Pretend that the reference output was produced instantaneously.
cp /home/ed/mcsema-testing/llvm-test-suite/instant.txt Output/rawcaudio.out-nat.time
/home/ed/mcsema-testing/llvm-test-suite/DiffOutput.sh "/home/ed/mcsema-testing/SANDBOX/test-2015-12-21_15-36-50/tools/fpcmp " simple rawcaudio 
rm -f Output/rawcaudio.exe-simple
cp Output/rawcaudio.diff-simple Output/rawcaudio.exe-simple
if test -f Output/rawcaudio.extra-results.txt; then \
	  /home/ed/mcsema-testing/llvm-test-suite/ParseMultipleResults /home/ed/mcsema-testing/SANDBOX/test-2015-12-21_15-36-50/MultiSource/Benchmarks/mediabench/adpcm/rawcaudio/rawcaudio Output/rawcaudio.extra-results.txt >> Output/rawcaudio.simple.exec.report.txt; \
	fi
cat Output/rawcaudio.simple.compile.report.txt Output/rawcaudio.simple.exec.report.txt >> Output/rawcaudio.simple.report.txt
---------------------------------------------------------------
>>> ========= '/home/ed/mcsema-testing/SANDBOX/test-2015-12-21_15-36-50/MultiSource/Benchmarks/mediabench/adpcm/rawcaudio/rawcaudio' Program
---------------------------------------------------------------

TEST-PASS: compile /home/ed/mcsema-testing/SANDBOX/test-2015-12-21_15-36-50/MultiSource/Benchmarks/mediabench/adpcm/rawcaudio/rawcaudio
TEST-RESULT-compile-success: pass
TEST-RESULT-compile-hash: 5255acd24c012311ac0b4be3b9bc7f5c
TEST-RESULT-compile-time: user 0.061800
TEST-RESULT-compile-real-time: real 0.095700

TEST-PASS: exec /home/ed/mcsema-testing/SANDBOX/test-2015-12-21_15-36-50/MultiSource/Benchmarks/mediabench/adpcm/rawcaudio/rawcaudio
TEST-RESULT-exec-success: pass
TEST-RESULT-exec-time: user       0.0033
TEST-RESULT-exec-real-time: real       0.0129
make[6]: Leaving directory `/home/ed/mcsema-testing/SANDBOX/test-2015-12-21_15-36-50/MultiSource/Benchmarks/mediabench/adpcm/rawcaudio'
make[6]: Entering directory `/home/ed/mcsema-testing/SANDBOX/test-2015-12-21_15-36-50/MultiSource/Benchmarks/mediabench/adpcm/rawdaudio'
/home/ed/mcsema-testing/llvm-test-suite/RunSafely.sh --show-errors -t "/home/ed/mcsema-testing/SANDBOX/test-2015-12-21_15-36-50/tools/timeit" 500 /dev/null Output/adpcm.llvm.o.compile \
	  /usr/bin/clang -I/home/ed/mcsema-testing/SANDBOX/test-2015-12-21_15-36-50/MultiSource/Benchmarks/mediabench/adpcm/rawdaudio -I/home/ed/mcsema-testing/llvm-test-suite/MultiSource/Benchmarks/mediabench/adpcm/rawdaudio -I/home/ed/mcsema-testing/llvm-test-suite/include -I../../../../../include -D_GNU_SOURCE -D__STDC_LIMIT_MACROS -DNDEBUG  -O3  -m64 -fomit-frame-pointer -c /home/ed/mcsema-testing/llvm-test-suite/MultiSource/Benchmarks/mediabench/adpcm/rawdaudio/adpcm.c -o Output/adpcm.llvm.o
/home/ed/mcsema-testing/llvm-test-suite/RunSafely.sh --show-errors -t "/home/ed/mcsema-testing/SANDBOX/test-2015-12-21_15-36-50/tools/timeit" 500 /dev/null Output/rawdaudio.llvm.o.compile \
	  /usr/bin/clang -I/home/ed/mcsema-testing/SANDBOX/test-2015-12-21_15-36-50/MultiSource/Benchmarks/mediabench/adpcm/rawdaudio -I/home/ed/mcsema-testing/llvm-test-suite/MultiSource/Benchmarks/mediabench/adpcm/rawdaudio -I/home/ed/mcsema-testing/llvm-test-suite/include -I../../../../../include -D_GNU_SOURCE -D__STDC_LIMIT_MACROS -DNDEBUG  -O3  -m64 -fomit-frame-pointer -c /home/ed/mcsema-testing/llvm-test-suite/MultiSource/Benchmarks/mediabench/adpcm/rawdaudio/rawdaudio.c -o Output/rawdaudio.llvm.o
/usr/bin/clang++ -o Output/rawdaudio.simple Output/adpcm.llvm.o Output/rawdaudio.llvm.o    -m64 -fomit-frame-pointer
/home/ed/mcsema-testing/llvm-test-suite/RunSafely.sh -t "/home/ed/mcsema-testing/SANDBOX/test-2015-12-21_15-36-50/tools/timeit-target" 500 /home/ed/mcsema-testing/llvm-test-suite/MultiSource/Benchmarks/mediabench/adpcm/rawdaudio/../data/clinton.adpcm  Output/rawdaudio.out-simple Output/rawdaudio.simple 
/home/ed/mcsema-testing/llvm-test-suite/HashProgramOutput.sh Output/rawdaudio.out-simple
cp Output/rawdaudio.simple Output/rawdaudio.simple-hash; \
	strip --remove-section=.comment --remove-section='.note*' Output/rawdaudio.simple-hash; \
	/home/ed/mcsema-testing/llvm-test-suite/HashProgramOutput.sh Output/rawdaudio.simple-hash
if [ -f "/home/ed/mcsema-testing/llvm-test-suite/MultiSource/Benchmarks/mediabench/adpcm/rawdaudio/rawdaudio.reference_output.little-endian." ]; then \
	  cp /home/ed/mcsema-testing/llvm-test-suite/MultiSource/Benchmarks/mediabench/adpcm/rawdaudio/rawdaudio.reference_output.little-endian. Output/rawdaudio.out-nat; \
	elif [ -f "/home/ed/mcsema-testing/llvm-test-suite/MultiSource/Benchmarks/mediabench/adpcm/rawdaudio/rawdaudio.reference_output." ]; then \
	  cp /home/ed/mcsema-testing/llvm-test-suite/MultiSource/Benchmarks/mediabench/adpcm/rawdaudio/rawdaudio.reference_output. Output/rawdaudio.out-nat; \
	elif [ -f "/home/ed/mcsema-testing/llvm-test-suite/MultiSource/Benchmarks/mediabench/adpcm/rawdaudio/rawdaudio.reference_output.little-endian" ]; then \
	  cp /home/ed/mcsema-testing/llvm-test-suite/MultiSource/Benchmarks/mediabench/adpcm/rawdaudio/rawdaudio.reference_output.little-endian Output/rawdaudio.out-nat; \
	elif [ -f "/home/ed/mcsema-testing/llvm-test-suite/MultiSource/Benchmarks/mediabench/adpcm/rawdaudio/rawdaudio.reference_output" ]; then \
	  cp /home/ed/mcsema-testing/llvm-test-suite/MultiSource/Benchmarks/mediabench/adpcm/rawdaudio/rawdaudio.reference_output Output/rawdaudio.out-nat; \
	else \
	  printf "WARNING: %s: %s\n" "NO REFERENCE OUTPUT (using default)" "/home/ed/mcsema-testing/llvm-test-suite/MultiSource/Benchmarks/mediabench/adpcm/rawdaudio/rawdaudio.reference_output" > Output/rawdaudio.out-nat; \
	  cp /home/ed/mcsema-testing/llvm-test-suite/default.reference_output Output/rawdaudio.out-nat; \
	  cat Output/rawdaudio.out-nat; \
	fi
# Pretend that the reference output was produced instantaneously.
cp /home/ed/mcsema-testing/llvm-test-suite/instant.txt Output/rawdaudio.out-nat.time
/home/ed/mcsema-testing/llvm-test-suite/DiffOutput.sh "/home/ed/mcsema-testing/SANDBOX/test-2015-12-21_15-36-50/tools/fpcmp " simple rawdaudio 
rm -f Output/rawdaudio.exe-simple
cp Output/rawdaudio.diff-simple Output/rawdaudio.exe-simple
if test -f Output/rawdaudio.extra-results.txt; then \
	  /home/ed/mcsema-testing/llvm-test-suite/ParseMultipleResults /home/ed/mcsema-testing/SANDBOX/test-2015-12-21_15-36-50/MultiSource/Benchmarks/mediabench/adpcm/rawdaudio/rawdaudio Output/rawdaudio.extra-results.txt >> Output/rawdaudio.simple.exec.report.txt; \
	fi
cat Output/rawdaudio.simple.compile.report.txt Output/rawdaudio.simple.exec.report.txt >> Output/rawdaudio.simple.report.txt
---------------------------------------------------------------
>>> ========= '/home/ed/mcsema-testing/SANDBOX/test-2015-12-21_15-36-50/MultiSource/Benchmarks/mediabench/adpcm/rawdaudio/rawdaudio' Program
---------------------------------------------------------------

TEST-PASS: compile /home/ed/mcsema-testing/SANDBOX/test-2015-12-21_15-36-50/MultiSource/Benchmarks/mediabench/adpcm/rawdaudio/rawdaudio
TEST-RESULT-compile-success: pass
TEST-RESULT-compile-hash: 03c3bfb3d5cd05749b471c364c4f1c63
TEST-RESULT-compile-time: user 0.060500
TEST-RESULT-compile-real-time: real 0.090600

TEST-PASS: exec /home/ed/mcsema-testing/SANDBOX/test-2015-12-21_15-36-50/MultiSource/Benchmarks/mediabench/adpcm/rawdaudio/rawdaudio
TEST-RESULT-exec-success: pass
TEST-RESULT-exec-time: user       0.0025
TEST-RESULT-exec-real-time: real       0.0053
make[6]: Leaving directory `/home/ed/mcsema-testing/SANDBOX/test-2015-12-21_15-36-50/MultiSource/Benchmarks/mediabench/adpcm/rawdaudio'
make[5]: Leaving directory `/home/ed/mcsema-testing/SANDBOX/test-2015-12-21_15-36-50/MultiSource/Benchmarks/mediabench/adpcm'
make[5]: Entering directory `/home/ed/mcsema-testing/SANDBOX/test-2015-12-21_15-36-50/MultiSource/Benchmarks/mediabench/g721'
make[6]: Entering directory `/home/ed/mcsema-testing/SANDBOX/test-2015-12-21_15-36-50/MultiSource/Benchmarks/mediabench/g721/g721encode'
/home/ed/mcsema-testing/llvm-test-suite/RunSafely.sh --show-errors -t "/home/ed/mcsema-testing/SANDBOX/test-2015-12-21_15-36-50/tools/timeit" 500 /dev/null Output/encode.llvm.o.compile \
	  /usr/bin/clang -I/home/ed/mcsema-testing/SANDBOX/test-2015-12-21_15-36-50/MultiSource/Benchmarks/mediabench/g721/g721encode -I/home/ed/mcsema-testing/llvm-test-suite/MultiSource/Benchmarks/mediabench/g721/g721encode -I/home/ed/mcsema-testing/llvm-test-suite/include -I../../../../../include -D_GNU_SOURCE -D__STDC_LIMIT_MACROS -DNDEBUG  -O3  -m64 -fomit-frame-pointer -c /home/ed/mcsema-testing/llvm-test-suite/MultiSource/Benchmarks/mediabench/g721/g721encode/encode.c -o Output/encode.llvm.o
/home/ed/mcsema-testing/llvm-test-suite/RunSafely.sh --show-errors -t "/home/ed/mcsema-testing/SANDBOX/test-2015-12-21_15-36-50/tools/timeit" 500 /dev/null Output/g711.llvm.o.compile \
	  /usr/bin/clang -I/home/ed/mcsema-testing/SANDBOX/test-2015-12-21_15-36-50/MultiSource/Benchmarks/mediabench/g721/g721encode -I/home/ed/mcsema-testing/llvm-test-suite/MultiSource/Benchmarks/mediabench/g721/g721encode -I/home/ed/mcsema-testing/llvm-test-suite/include -I../../../../../include -D_GNU_SOURCE -D__STDC_LIMIT_MACROS -DNDEBUG  -O3  -m64 -fomit-frame-pointer -c /home/ed/mcsema-testing/llvm-test-suite/MultiSource/Benchmarks/mediabench/g721/g721encode/g711.c -o Output/g711.llvm.o
/home/ed/mcsema-testing/llvm-test-suite/RunSafely.sh --show-errors -t "/home/ed/mcsema-testing/SANDBOX/test-2015-12-21_15-36-50/tools/timeit" 500 /dev/null Output/g721.llvm.o.compile \
	  /usr/bin/clang -I/home/ed/mcsema-testing/SANDBOX/test-2015-12-21_15-36-50/MultiSource/Benchmarks/mediabench/g721/g721encode -I/home/ed/mcsema-testing/llvm-test-suite/MultiSource/Benchmarks/mediabench/g721/g721encode -I/home/ed/mcsema-testing/llvm-test-suite/include -I../../../../../include -D_GNU_SOURCE -D__STDC_LIMIT_MACROS -DNDEBUG  -O3  -m64 -fomit-frame-pointer -c /home/ed/mcsema-testing/llvm-test-suite/MultiSource/Benchmarks/mediabench/g721/g721encode/g721.c -o Output/g721.llvm.o
/home/ed/mcsema-testing/llvm-test-suite/RunSafely.sh --show-errors -t "/home/ed/mcsema-testing/SANDBOX/test-2015-12-21_15-36-50/tools/timeit" 500 /dev/null Output/g723_24.llvm.o.compile \
	  /usr/bin/clang -I/home/ed/mcsema-testing/SANDBOX/test-2015-12-21_15-36-50/MultiSource/Benchmarks/mediabench/g721/g721encode -I/home/ed/mcsema-testing/llvm-test-suite/MultiSource/Benchmarks/mediabench/g721/g721encode -I/home/ed/mcsema-testing/llvm-test-suite/include -I../../../../../include -D_GNU_SOURCE -D__STDC_LIMIT_MACROS -DNDEBUG  -O3  -m64 -fomit-frame-pointer -c /home/ed/mcsema-testing/llvm-test-suite/MultiSource/Benchmarks/mediabench/g721/g721encode/g723_24.c -o Output/g723_24.llvm.o
/home/ed/mcsema-testing/llvm-test-suite/RunSafely.sh --show-errors -t "/home/ed/mcsema-testing/SANDBOX/test-2015-12-21_15-36-50/tools/timeit" 500 /dev/null Output/g723_40.llvm.o.compile \
	  /usr/bin/clang -I/home/ed/mcsema-testing/SANDBOX/test-2015-12-21_15-36-50/MultiSource/Benchmarks/mediabench/g721/g721encode -I/home/ed/mcsema-testing/llvm-test-suite/MultiSource/Benchmarks/mediabench/g721/g721encode -I/home/ed/mcsema-testing/llvm-test-suite/include -I../../../../../include -D_GNU_SOURCE -D__STDC_LIMIT_MACROS -DNDEBUG  -O3  -m64 -fomit-frame-pointer -c /home/ed/mcsema-testing/llvm-test-suite/MultiSource/Benchmarks/mediabench/g721/g721encode/g723_40.c -o Output/g723_40.llvm.o
/home/ed/mcsema-testing/llvm-test-suite/RunSafely.sh --show-errors -t "/home/ed/mcsema-testing/SANDBOX/test-2015-12-21_15-36-50/tools/timeit" 500 /dev/null Output/g72x.llvm.o.compile \
	  /usr/bin/clang -I/home/ed/mcsema-testing/SANDBOX/test-2015-12-21_15-36-50/MultiSource/Benchmarks/mediabench/g721/g721encode -I/home/ed/mcsema-testing/llvm-test-suite/MultiSource/Benchmarks/mediabench/g721/g721encode -I/home/ed/mcsema-testing/llvm-test-suite/include -I../../../../../include -D_GNU_SOURCE -D__STDC_LIMIT_MACROS -DNDEBUG  -O3  -m64 -fomit-frame-pointer -c /home/ed/mcsema-testing/llvm-test-suite/MultiSource/Benchmarks/mediabench/g721/g721encode/g72x.c -o Output/g72x.llvm.o
/usr/bin/clang++ -o Output/encode.simple Output/encode.llvm.o Output/g711.llvm.o Output/g721.llvm.o Output/g723_24.llvm.o Output/g723_40.llvm.o Output/g72x.llvm.o    -m64 -fomit-frame-pointer
/home/ed/mcsema-testing/llvm-test-suite/RunSafely.sh -t "/home/ed/mcsema-testing/SANDBOX/test-2015-12-21_15-36-50/tools/timeit-target" 500 /home/ed/mcsema-testing/llvm-test-suite/MultiSource/Benchmarks/mediabench/g721/g721encode/../data/clinton.pcm Output/encode.out-simple Output/encode.simple -4 -l
cp Output/encode.simple Output/encode.simple-hash; \
	strip --remove-section=.comment --remove-section='.note*' Output/encode.simple-hash; \
	/home/ed/mcsema-testing/llvm-test-suite/HashProgramOutput.sh Output/encode.simple-hash
if [ -f "/home/ed/mcsema-testing/llvm-test-suite/MultiSource/Benchmarks/mediabench/g721/g721encode/encode.reference_output.little-endian." ]; then \
	  cp /home/ed/mcsema-testing/llvm-test-suite/MultiSource/Benchmarks/mediabench/g721/g721encode/encode.reference_output.little-endian. Output/encode.out-nat; \
	elif [ -f "/home/ed/mcsema-testing/llvm-test-suite/MultiSource/Benchmarks/mediabench/g721/g721encode/encode.reference_output." ]; then \
	  cp /home/ed/mcsema-testing/llvm-test-suite/MultiSource/Benchmarks/mediabench/g721/g721encode/encode.reference_output. Output/encode.out-nat; \
	elif [ -f "/home/ed/mcsema-testing/llvm-test-suite/MultiSource/Benchmarks/mediabench/g721/g721encode/encode.reference_output.little-endian" ]; then \
	  cp /home/ed/mcsema-testing/llvm-test-suite/MultiSource/Benchmarks/mediabench/g721/g721encode/encode.reference_output.little-endian Output/encode.out-nat; \
	elif [ -f "/home/ed/mcsema-testing/llvm-test-suite/MultiSource/Benchmarks/mediabench/g721/g721encode/encode.reference_output" ]; then \
	  cp /home/ed/mcsema-testing/llvm-test-suite/MultiSource/Benchmarks/mediabench/g721/g721encode/encode.reference_output Output/encode.out-nat; \
	else \
	  printf "WARNING: %s: %s\n" "NO REFERENCE OUTPUT (using default)" "/home/ed/mcsema-testing/llvm-test-suite/MultiSource/Benchmarks/mediabench/g721/g721encode/encode.reference_output" > Output/encode.out-nat; \
	  cp /home/ed/mcsema-testing/llvm-test-suite/default.reference_output Output/encode.out-nat; \
	  cat Output/encode.out-nat; \
	fi
# Pretend that the reference output was produced instantaneously.
cp /home/ed/mcsema-testing/llvm-test-suite/instant.txt Output/encode.out-nat.time
/home/ed/mcsema-testing/llvm-test-suite/DiffOutput.sh "/home/ed/mcsema-testing/SANDBOX/test-2015-12-21_15-36-50/tools/fpcmp " simple encode 
rm -f Output/encode.exe-simple
cp Output/encode.diff-simple Output/encode.exe-simple
if test -f Output/encode.extra-results.txt; then \
	  /home/ed/mcsema-testing/llvm-test-suite/ParseMultipleResults /home/ed/mcsema-testing/SANDBOX/test-2015-12-21_15-36-50/MultiSource/Benchmarks/mediabench/g721/g721encode/encode Output/encode.extra-results.txt >> Output/encode.simple.exec.report.txt; \
	fi
cat Output/encode.simple.compile.report.txt Output/encode.simple.exec.report.txt >> Output/encode.simple.report.txt
---------------------------------------------------------------
>>> ========= '/home/ed/mcsema-testing/SANDBOX/test-2015-12-21_15-36-50/MultiSource/Benchmarks/mediabench/g721/g721encode/encode' Program
---------------------------------------------------------------

TEST-PASS: compile /home/ed/mcsema-testing/SANDBOX/test-2015-12-21_15-36-50/MultiSource/Benchmarks/mediabench/g721/g721encode/encode
TEST-RESULT-compile-success: pass
TEST-RESULT-compile-hash: c150e1cd2b454d1011fc4ae674a461d3
TEST-RESULT-compile-time: user 0.204800
TEST-RESULT-compile-real-time: real 0.288000

TEST-PASS: exec /home/ed/mcsema-testing/SANDBOX/test-2015-12-21_15-36-50/MultiSource/Benchmarks/mediabench/g721/g721encode/encode
TEST-RESULT-exec-success: pass
TEST-RESULT-exec-time: user       0.0427
TEST-RESULT-exec-real-time: real       0.0531
make[6]: Leaving directory `/home/ed/mcsema-testing/SANDBOX/test-2015-12-21_15-36-50/MultiSource/Benchmarks/mediabench/g721/g721encode'
make[5]: Leaving directory `/home/ed/mcsema-testing/SANDBOX/test-2015-12-21_15-36-50/MultiSource/Benchmarks/mediabench/g721'
make[5]: Entering directory `/home/ed/mcsema-testing/SANDBOX/test-2015-12-21_15-36-50/MultiSource/Benchmarks/mediabench/gsm'
make[6]: Entering directory `/home/ed/mcsema-testing/SANDBOX/test-2015-12-21_15-36-50/MultiSource/Benchmarks/mediabench/gsm/toast'
/home/ed/mcsema-testing/llvm-test-suite/RunSafely.sh --show-errors -t "/home/ed/mcsema-testing/SANDBOX/test-2015-12-21_15-36-50/tools/timeit" 500 /dev/null Output/add.llvm.o.compile \
	  /usr/bin/clang -DNeedFunctionPrototypes=1 -DSASR -I/home/ed/mcsema-testing/SANDBOX/test-2015-12-21_15-36-50/MultiSource/Benchmarks/mediabench/gsm/toast -I/home/ed/mcsema-testing/llvm-test-suite/MultiSource/Benchmarks/mediabench/gsm/toast -I/home/ed/mcsema-testing/llvm-test-suite/include -I../../../../../include -D_GNU_SOURCE -D__STDC_LIMIT_MACROS -DNDEBUG  -O3  -m64 -fomit-frame-pointer -c /home/ed/mcsema-testing/llvm-test-suite/MultiSource/Benchmarks/mediabench/gsm/toast/add.c -o Output/add.llvm.o
/home/ed/mcsema-testing/llvm-test-suite/RunSafely.sh --show-errors -t "/home/ed/mcsema-testing/SANDBOX/test-2015-12-21_15-36-50/tools/timeit" 500 /dev/null Output/code.llvm.o.compile \
	  /usr/bin/clang -DNeedFunctionPrototypes=1 -DSASR -I/home/ed/mcsema-testing/SANDBOX/test-2015-12-21_15-36-50/MultiSource/Benchmarks/mediabench/gsm/toast -I/home/ed/mcsema-testing/llvm-test-suite/MultiSource/Benchmarks/mediabench/gsm/toast -I/home/ed/mcsema-testing/llvm-test-suite/include -I../../../../../include -D_GNU_SOURCE -D__STDC_LIMIT_MACROS -DNDEBUG  -O3  -m64 -fomit-frame-pointer -c /home/ed/mcsema-testing/llvm-test-suite/MultiSource/Benchmarks/mediabench/gsm/toast/code.c -o Output/code.llvm.o
/home/ed/mcsema-testing/llvm-test-suite/RunSafely.sh --show-errors -t "/home/ed/mcsema-testing/SANDBOX/test-2015-12-21_15-36-50/tools/timeit" 500 /dev/null Output/debug.llvm.o.compile \
	  /usr/bin/clang -DNeedFunctionPrototypes=1 -DSASR -I/home/ed/mcsema-testing/SANDBOX/test-2015-12-21_15-36-50/MultiSource/Benchmarks/mediabench/gsm/toast -I/home/ed/mcsema-testing/llvm-test-suite/MultiSource/Benchmarks/mediabench/gsm/toast -I/home/ed/mcsema-testing/llvm-test-suite/include -I../../../../../include -D_GNU_SOURCE -D__STDC_LIMIT_MACROS -DNDEBUG  -O3  -m64 -fomit-frame-pointer -c /home/ed/mcsema-testing/llvm-test-suite/MultiSource/Benchmarks/mediabench/gsm/toast/debug.c -o Output/debug.llvm.o
/home/ed/mcsema-testing/llvm-test-suite/RunSafely.sh --show-errors -t "/home/ed/mcsema-testing/SANDBOX/test-2015-12-21_15-36-50/tools/timeit" 500 /dev/null Output/decode.llvm.o.compile \
	  /usr/bin/clang -DNeedFunctionPrototypes=1 -DSASR -I/home/ed/mcsema-testing/SANDBOX/test-2015-12-21_15-36-50/MultiSource/Benchmarks/mediabench/gsm/toast -I/home/ed/mcsema-testing/llvm-test-suite/MultiSource/Benchmarks/mediabench/gsm/toast -I/home/ed/mcsema-testing/llvm-test-suite/include -I../../../../../include -D_GNU_SOURCE -D__STDC_LIMIT_MACROS -DNDEBUG  -O3  -m64 -fomit-frame-pointer -c /home/ed/mcsema-testing/llvm-test-suite/MultiSource/Benchmarks/mediabench/gsm/toast/decode.c -o Output/decode.llvm.o
/home/ed/mcsema-testing/llvm-test-suite/RunSafely.sh --show-errors -t "/home/ed/mcsema-testing/SANDBOX/test-2015-12-21_15-36-50/tools/timeit" 500 /dev/null Output/gsm_create.llvm.o.compile \
	  /usr/bin/clang -DNeedFunctionPrototypes=1 -DSASR -I/home/ed/mcsema-testing/SANDBOX/test-2015-12-21_15-36-50/MultiSource/Benchmarks/mediabench/gsm/toast -I/home/ed/mcsema-testing/llvm-test-suite/MultiSource/Benchmarks/mediabench/gsm/toast -I/home/ed/mcsema-testing/llvm-test-suite/include -I../../../../../include -D_GNU_SOURCE -D__STDC_LIMIT_MACROS -DNDEBUG  -O3  -m64 -fomit-frame-pointer -c /home/ed/mcsema-testing/llvm-test-suite/MultiSource/Benchmarks/mediabench/gsm/toast/gsm_create.c -o Output/gsm_create.llvm.o
/home/ed/mcsema-testing/llvm-test-suite/RunSafely.sh --show-errors -t "/home/ed/mcsema-testing/SANDBOX/test-2015-12-21_15-36-50/tools/timeit" 500 /dev/null Output/gsm_decode.llvm.o.compile \
	  /usr/bin/clang -DNeedFunctionPrototypes=1 -DSASR -I/home/ed/mcsema-testing/SANDBOX/test-2015-12-21_15-36-50/MultiSource/Benchmarks/mediabench/gsm/toast -I/home/ed/mcsema-testing/llvm-test-suite/MultiSource/Benchmarks/mediabench/gsm/toast -I/home/ed/mcsema-testing/llvm-test-suite/include -I../../../../../include -D_GNU_SOURCE -D__STDC_LIMIT_MACROS -DNDEBUG  -O3  -m64 -fomit-frame-pointer -c /home/ed/mcsema-testing/llvm-test-suite/MultiSource/Benchmarks/mediabench/gsm/toast/gsm_decode.c -o Output/gsm_decode.llvm.o
/home/ed/mcsema-testing/llvm-test-suite/RunSafely.sh --show-errors -t "/home/ed/mcsema-testing/SANDBOX/test-2015-12-21_15-36-50/tools/timeit" 500 /dev/null Output/gsm_destroy.llvm.o.compile \
	  /usr/bin/clang -DNeedFunctionPrototypes=1 -DSASR -I/home/ed/mcsema-testing/SANDBOX/test-2015-12-21_15-36-50/MultiSource/Benchmarks/mediabench/gsm/toast -I/home/ed/mcsema-testing/llvm-test-suite/MultiSource/Benchmarks/mediabench/gsm/toast -I/home/ed/mcsema-testing/llvm-test-suite/include -I../../../../../include -D_GNU_SOURCE -D__STDC_LIMIT_MACROS -DNDEBUG  -O3  -m64 -fomit-frame-pointer -c /home/ed/mcsema-testing/llvm-test-suite/MultiSource/Benchmarks/mediabench/gsm/toast/gsm_destroy.c -o Output/gsm_destroy.llvm.o
/home/ed/mcsema-testing/llvm-test-suite/RunSafely.sh --show-errors -t "/home/ed/mcsema-testing/SANDBOX/test-2015-12-21_15-36-50/tools/timeit" 500 /dev/null Output/gsm_encode.llvm.o.compile \
	  /usr/bin/clang -DNeedFunctionPrototypes=1 -DSASR -I/home/ed/mcsema-testing/SANDBOX/test-2015-12-21_15-36-50/MultiSource/Benchmarks/mediabench/gsm/toast -I/home/ed/mcsema-testing/llvm-test-suite/MultiSource/Benchmarks/mediabench/gsm/toast -I/home/ed/mcsema-testing/llvm-test-suite/include -I../../../../../include -D_GNU_SOURCE -D__STDC_LIMIT_MACROS -DNDEBUG  -O3  -m64 -fomit-frame-pointer -c /home/ed/mcsema-testing/llvm-test-suite/MultiSource/Benchmarks/mediabench/gsm/toast/gsm_encode.c -o Output/gsm_encode.llvm.o
/home/ed/mcsema-testing/llvm-test-suite/RunSafely.sh --show-errors -t "/home/ed/mcsema-testing/SANDBOX/test-2015-12-21_15-36-50/tools/timeit" 500 /dev/null Output/gsm_explode.llvm.o.compile \
	  /usr/bin/clang -DNeedFunctionPrototypes=1 -DSASR -I/home/ed/mcsema-testing/SANDBOX/test-2015-12-21_15-36-50/MultiSource/Benchmarks/mediabench/gsm/toast -I/home/ed/mcsema-testing/llvm-test-suite/MultiSource/Benchmarks/mediabench/gsm/toast -I/home/ed/mcsema-testing/llvm-test-suite/include -I../../../../../include -D_GNU_SOURCE -D__STDC_LIMIT_MACROS -DNDEBUG  -O3  -m64 -fomit-frame-pointer -c /home/ed/mcsema-testing/llvm-test-suite/MultiSource/Benchmarks/mediabench/gsm/toast/gsm_explode.c -o Output/gsm_explode.llvm.o
/home/ed/mcsema-testing/llvm-test-suite/RunSafely.sh --show-errors -t "/home/ed/mcsema-testing/SANDBOX/test-2015-12-21_15-36-50/tools/timeit" 500 /dev/null Output/gsm_implode.llvm.o.compile \
	  /usr/bin/clang -DNeedFunctionPrototypes=1 -DSASR -I/home/ed/mcsema-testing/SANDBOX/test-2015-12-21_15-36-50/MultiSource/Benchmarks/mediabench/gsm/toast -I/home/ed/mcsema-testing/llvm-test-suite/MultiSource/Benchmarks/mediabench/gsm/toast -I/home/ed/mcsema-testing/llvm-test-suite/include -I../../../../../include -D_GNU_SOURCE -D__STDC_LIMIT_MACROS -DNDEBUG  -O3  -m64 -fomit-frame-pointer -c /home/ed/mcsema-testing/llvm-test-suite/MultiSource/Benchmarks/mediabench/gsm/toast/gsm_implode.c -o Output/gsm_implode.llvm.o
/home/ed/mcsema-testing/llvm-test-suite/RunSafely.sh --show-errors -t "/home/ed/mcsema-testing/SANDBOX/test-2015-12-21_15-36-50/tools/timeit" 500 /dev/null Output/gsm_option.llvm.o.compile \
	  /usr/bin/clang -DNeedFunctionPrototypes=1 -DSASR -I/home/ed/mcsema-testing/SANDBOX/test-2015-12-21_15-36-50/MultiSource/Benchmarks/mediabench/gsm/toast -I/home/ed/mcsema-testing/llvm-test-suite/MultiSource/Benchmarks/mediabench/gsm/toast -I/home/ed/mcsema-testing/llvm-test-suite/include -I../../../../../include -D_GNU_SOURCE -D__STDC_LIMIT_MACROS -DNDEBUG  -O3  -m64 -fomit-frame-pointer -c /home/ed/mcsema-testing/llvm-test-suite/MultiSource/Benchmarks/mediabench/gsm/toast/gsm_option.c -o Output/gsm_option.llvm.o
/home/ed/mcsema-testing/llvm-test-suite/RunSafely.sh --show-errors -t "/home/ed/mcsema-testing/SANDBOX/test-2015-12-21_15-36-50/tools/timeit" 500 /dev/null Output/gsm_print.llvm.o.compile \
	  /usr/bin/clang -DNeedFunctionPrototypes=1 -DSASR -I/home/ed/mcsema-testing/SANDBOX/test-2015-12-21_15-36-50/MultiSource/Benchmarks/mediabench/gsm/toast -I/home/ed/mcsema-testing/llvm-test-suite/MultiSource/Benchmarks/mediabench/gsm/toast -I/home/ed/mcsema-testing/llvm-test-suite/include -I../../../../../include -D_GNU_SOURCE -D__STDC_LIMIT_MACROS -DNDEBUG  -O3  -m64 -fomit-frame-pointer -c /home/ed/mcsema-testing/llvm-test-suite/MultiSource/Benchmarks/mediabench/gsm/toast/gsm_print.c -o Output/gsm_print.llvm.o
/home/ed/mcsema-testing/llvm-test-suite/RunSafely.sh --show-errors -t "/home/ed/mcsema-testing/SANDBOX/test-2015-12-21_15-36-50/tools/timeit" 500 /dev/null Output/long_term.llvm.o.compile \
	  /usr/bin/clang -DNeedFunctionPrototypes=1 -DSASR -I/home/ed/mcsema-testing/SANDBOX/test-2015-12-21_15-36-50/MultiSource/Benchmarks/mediabench/gsm/toast -I/home/ed/mcsema-testing/llvm-test-suite/MultiSource/Benchmarks/mediabench/gsm/toast -I/home/ed/mcsema-testing/llvm-test-suite/include -I../../../../../include -D_GNU_SOURCE -D__STDC_LIMIT_MACROS -DNDEBUG  -O3  -m64 -fomit-frame-pointer -c /home/ed/mcsema-testing/llvm-test-suite/MultiSource/Benchmarks/mediabench/gsm/toast/long_term.c -o Output/long_term.llvm.o
/home/ed/mcsema-testing/llvm-test-suite/RunSafely.sh --show-errors -t "/home/ed/mcsema-testing/SANDBOX/test-2015-12-21_15-36-50/tools/timeit" 500 /dev/null Output/lpc.llvm.o.compile \
	  /usr/bin/clang -DNeedFunctionPrototypes=1 -DSASR -I/home/ed/mcsema-testing/SANDBOX/test-2015-12-21_15-36-50/MultiSource/Benchmarks/mediabench/gsm/toast -I/home/ed/mcsema-testing/llvm-test-suite/MultiSource/Benchmarks/mediabench/gsm/toast -I/home/ed/mcsema-testing/llvm-test-suite/include -I../../../../../include -D_GNU_SOURCE -D__STDC_LIMIT_MACROS -DNDEBUG  -O3  -m64 -fomit-frame-pointer -c /home/ed/mcsema-testing/llvm-test-suite/MultiSource/Benchmarks/mediabench/gsm/toast/lpc.c -o Output/lpc.llvm.o
/home/ed/mcsema-testing/llvm-test-suite/RunSafely.sh --show-errors -t "/home/ed/mcsema-testing/SANDBOX/test-2015-12-21_15-36-50/tools/timeit" 500 /dev/null Output/preprocess.llvm.o.compile \
	  /usr/bin/clang -DNeedFunctionPrototypes=1 -DSASR -I/home/ed/mcsema-testing/SANDBOX/test-2015-12-21_15-36-50/MultiSource/Benchmarks/mediabench/gsm/toast -I/home/ed/mcsema-testing/llvm-test-suite/MultiSource/Benchmarks/mediabench/gsm/toast -I/home/ed/mcsema-testing/llvm-test-suite/include -I../../../../../include -D_GNU_SOURCE -D__STDC_LIMIT_MACROS -DNDEBUG  -O3  -m64 -fomit-frame-pointer -c /home/ed/mcsema-testing/llvm-test-suite/MultiSource/Benchmarks/mediabench/gsm/toast/preprocess.c -o Output/preprocess.llvm.o
/home/ed/mcsema-testing/llvm-test-suite/RunSafely.sh --show-errors -t "/home/ed/mcsema-testing/SANDBOX/test-2015-12-21_15-36-50/tools/timeit" 500 /dev/null Output/rpe.llvm.o.compile \
	  /usr/bin/clang -DNeedFunctionPrototypes=1 -DSASR -I/home/ed/mcsema-testing/SANDBOX/test-2015-12-21_15-36-50/MultiSource/Benchmarks/mediabench/gsm/toast -I/home/ed/mcsema-testing/llvm-test-suite/MultiSource/Benchmarks/mediabench/gsm/toast -I/home/ed/mcsema-testing/llvm-test-suite/include -I../../../../../include -D_GNU_SOURCE -D__STDC_LIMIT_MACROS -DNDEBUG  -O3  -m64 -fomit-frame-pointer -c /home/ed/mcsema-testing/llvm-test-suite/MultiSource/Benchmarks/mediabench/gsm/toast/rpe.c -o Output/rpe.llvm.o
/home/ed/mcsema-testing/llvm-test-suite/RunSafely.sh --show-errors -t "/home/ed/mcsema-testing/SANDBOX/test-2015-12-21_15-36-50/tools/timeit" 500 /dev/null Output/short_term.llvm.o.compile \
	  /usr/bin/clang -DNeedFunctionPrototypes=1 -DSASR -I/home/ed/mcsema-testing/SANDBOX/test-2015-12-21_15-36-50/MultiSource/Benchmarks/mediabench/gsm/toast -I/home/ed/mcsema-testing/llvm-test-suite/MultiSource/Benchmarks/mediabench/gsm/toast -I/home/ed/mcsema-testing/llvm-test-suite/include -I../../../../../include -D_GNU_SOURCE -D__STDC_LIMIT_MACROS -DNDEBUG  -O3  -m64 -fomit-frame-pointer -c /home/ed/mcsema-testing/llvm-test-suite/MultiSource/Benchmarks/mediabench/gsm/toast/short_term.c -o Output/short_term.llvm.o
/home/ed/mcsema-testing/llvm-test-suite/RunSafely.sh --show-errors -t "/home/ed/mcsema-testing/SANDBOX/test-2015-12-21_15-36-50/tools/timeit" 500 /dev/null Output/table.llvm.o.compile \
	  /usr/bin/clang -DNeedFunctionPrototypes=1 -DSASR -I/home/ed/mcsema-testing/SANDBOX/test-2015-12-21_15-36-50/MultiSource/Benchmarks/mediabench/gsm/toast -I/home/ed/mcsema-testing/llvm-test-suite/MultiSource/Benchmarks/mediabench/gsm/toast -I/home/ed/mcsema-testing/llvm-test-suite/include -I../../../../../include -D_GNU_SOURCE -D__STDC_LIMIT_MACROS -DNDEBUG  -O3  -m64 -fomit-frame-pointer -c /home/ed/mcsema-testing/llvm-test-suite/MultiSource/Benchmarks/mediabench/gsm/toast/table.c -o Output/table.llvm.o
/home/ed/mcsema-testing/llvm-test-suite/RunSafely.sh --show-errors -t "/home/ed/mcsema-testing/SANDBOX/test-2015-12-21_15-36-50/tools/timeit" 500 /dev/null Output/toast.llvm.o.compile \
	  /usr/bin/clang -DNeedFunctionPrototypes=1 -DSASR -I/home/ed/mcsema-testing/SANDBOX/test-2015-12-21_15-36-50/MultiSource/Benchmarks/mediabench/gsm/toast -I/home/ed/mcsema-testing/llvm-test-suite/MultiSource/Benchmarks/mediabench/gsm/toast -I/home/ed/mcsema-testing/llvm-test-suite/include -I../../../../../include -D_GNU_SOURCE -D__STDC_LIMIT_MACROS -DNDEBUG  -O3  -m64 -fomit-frame-pointer -c /home/ed/mcsema-testing/llvm-test-suite/MultiSource/Benchmarks/mediabench/gsm/toast/toast.c -o Output/toast.llvm.o
/home/ed/mcsema-testing/llvm-test-suite/RunSafely.sh --show-errors -t "/home/ed/mcsema-testing/SANDBOX/test-2015-12-21_15-36-50/tools/timeit" 500 /dev/null Output/toast_alaw.llvm.o.compile \
	  /usr/bin/clang -DNeedFunctionPrototypes=1 -DSASR -I/home/ed/mcsema-testing/SANDBOX/test-2015-12-21_15-36-50/MultiSource/Benchmarks/mediabench/gsm/toast -I/home/ed/mcsema-testing/llvm-test-suite/MultiSource/Benchmarks/mediabench/gsm/toast -I/home/ed/mcsema-testing/llvm-test-suite/include -I../../../../../include -D_GNU_SOURCE -D__STDC_LIMIT_MACROS -DNDEBUG  -O3  -m64 -fomit-frame-pointer -c /home/ed/mcsema-testing/llvm-test-suite/MultiSource/Benchmarks/mediabench/gsm/toast/toast_alaw.c -o Output/toast_alaw.llvm.o
/home/ed/mcsema-testing/llvm-test-suite/RunSafely.sh --show-errors -t "/home/ed/mcsema-testing/SANDBOX/test-2015-12-21_15-36-50/tools/timeit" 500 /dev/null Output/toast_audio.llvm.o.compile \
	  /usr/bin/clang -DNeedFunctionPrototypes=1 -DSASR -I/home/ed/mcsema-testing/SANDBOX/test-2015-12-21_15-36-50/MultiSource/Benchmarks/mediabench/gsm/toast -I/home/ed/mcsema-testing/llvm-test-suite/MultiSource/Benchmarks/mediabench/gsm/toast -I/home/ed/mcsema-testing/llvm-test-suite/include -I../../../../../include -D_GNU_SOURCE -D__STDC_LIMIT_MACROS -DNDEBUG  -O3  -m64 -fomit-frame-pointer -c /home/ed/mcsema-testing/llvm-test-suite/MultiSource/Benchmarks/mediabench/gsm/toast/toast_audio.c -o Output/toast_audio.llvm.o
/home/ed/mcsema-testing/llvm-test-suite/RunSafely.sh --show-errors -t "/home/ed/mcsema-testing/SANDBOX/test-2015-12-21_15-36-50/tools/timeit" 500 /dev/null Output/toast_lin.llvm.o.compile \
	  /usr/bin/clang -DNeedFunctionPrototypes=1 -DSASR -I/home/ed/mcsema-testing/SANDBOX/test-2015-12-21_15-36-50/MultiSource/Benchmarks/mediabench/gsm/toast -I/home/ed/mcsema-testing/llvm-test-suite/MultiSource/Benchmarks/mediabench/gsm/toast -I/home/ed/mcsema-testing/llvm-test-suite/include -I../../../../../include -D_GNU_SOURCE -D__STDC_LIMIT_MACROS -DNDEBUG  -O3  -m64 -fomit-frame-pointer -c /home/ed/mcsema-testing/llvm-test-suite/MultiSource/Benchmarks/mediabench/gsm/toast/toast_lin.c -o Output/toast_lin.llvm.o
/home/ed/mcsema-testing/llvm-test-suite/RunSafely.sh --show-errors -t "/home/ed/mcsema-testing/SANDBOX/test-2015-12-21_15-36-50/tools/timeit" 500 /dev/null Output/toast_ulaw.llvm.o.compile \
	  /usr/bin/clang -DNeedFunctionPrototypes=1 -DSASR -I/home/ed/mcsema-testing/SANDBOX/test-2015-12-21_15-36-50/MultiSource/Benchmarks/mediabench/gsm/toast -I/home/ed/mcsema-testing/llvm-test-suite/MultiSource/Benchmarks/mediabench/gsm/toast -I/home/ed/mcsema-testing/llvm-test-suite/include -I../../../../../include -D_GNU_SOURCE -D__STDC_LIMIT_MACROS -DNDEBUG  -O3  -m64 -fomit-frame-pointer -c /home/ed/mcsema-testing/llvm-test-suite/MultiSource/Benchmarks/mediabench/gsm/toast/toast_ulaw.c -o Output/toast_ulaw.llvm.o
/usr/bin/clang++ -o Output/toast.simple Output/add.llvm.o Output/code.llvm.o Output/debug.llvm.o Output/decode.llvm.o Output/gsm_create.llvm.o Output/gsm_decode.llvm.o Output/gsm_destroy.llvm.o Output/gsm_encode.llvm.o Output/gsm_explode.llvm.o Output/gsm_implode.llvm.o Output/gsm_option.llvm.o Output/gsm_print.llvm.o Output/long_term.llvm.o Output/lpc.llvm.o Output/preprocess.llvm.o Output/rpe.llvm.o Output/short_term.llvm.o Output/table.llvm.o Output/toast.llvm.o Output/toast_alaw.llvm.o Output/toast_audio.llvm.o Output/toast_lin.llvm.o Output/toast_ulaw.llvm.o    -m64 -fomit-frame-pointer
/home/ed/mcsema-testing/llvm-test-suite/RunSafely.sh -t "/home/ed/mcsema-testing/SANDBOX/test-2015-12-21_15-36-50/tools/timeit-target" 500 /dev/null Output/toast.out-simple Output/toast.simple -cpl /home/ed/mcsema-testing/llvm-test-suite/MultiSource/Benchmarks/mediabench/gsm/toast/../data/clinton.pcm
cp Output/toast.simple Output/toast.simple-hash; \
	strip --remove-section=.comment --remove-section='.note*' Output/toast.simple-hash; \
	/home/ed/mcsema-testing/llvm-test-suite/HashProgramOutput.sh Output/toast.simple-hash
if [ -f "/home/ed/mcsema-testing/llvm-test-suite/MultiSource/Benchmarks/mediabench/gsm/toast/toast.reference_output.little-endian." ]; then \
	  cp /home/ed/mcsema-testing/llvm-test-suite/MultiSource/Benchmarks/mediabench/gsm/toast/toast.reference_output.little-endian. Output/toast.out-nat; \
	elif [ -f "/home/ed/mcsema-testing/llvm-test-suite/MultiSource/Benchmarks/mediabench/gsm/toast/toast.reference_output." ]; then \
	  cp /home/ed/mcsema-testing/llvm-test-suite/MultiSource/Benchmarks/mediabench/gsm/toast/toast.reference_output. Output/toast.out-nat; \
	elif [ -f "/home/ed/mcsema-testing/llvm-test-suite/MultiSource/Benchmarks/mediabench/gsm/toast/toast.reference_output.little-endian" ]; then \
	  cp /home/ed/mcsema-testing/llvm-test-suite/MultiSource/Benchmarks/mediabench/gsm/toast/toast.reference_output.little-endian Output/toast.out-nat; \
	elif [ -f "/home/ed/mcsema-testing/llvm-test-suite/MultiSource/Benchmarks/mediabench/gsm/toast/toast.reference_output" ]; then \
	  cp /home/ed/mcsema-testing/llvm-test-suite/MultiSource/Benchmarks/mediabench/gsm/toast/toast.reference_output Output/toast.out-nat; \
	else \
	  printf "WARNING: %s: %s\n" "NO REFERENCE OUTPUT (using default)" "/home/ed/mcsema-testing/llvm-test-suite/MultiSource/Benchmarks/mediabench/gsm/toast/toast.reference_output" > Output/toast.out-nat; \
	  cp /home/ed/mcsema-testing/llvm-test-suite/default.reference_output Output/toast.out-nat; \
	  cat Output/toast.out-nat; \
	fi
# Pretend that the reference output was produced instantaneously.
cp /home/ed/mcsema-testing/llvm-test-suite/instant.txt Output/toast.out-nat.time
/home/ed/mcsema-testing/llvm-test-suite/DiffOutput.sh "/home/ed/mcsema-testing/SANDBOX/test-2015-12-21_15-36-50/tools/fpcmp " simple toast 
rm -f Output/toast.exe-simple
cp Output/toast.diff-simple Output/toast.exe-simple
if test -f Output/toast.extra-results.txt; then \
	  /home/ed/mcsema-testing/llvm-test-suite/ParseMultipleResults /home/ed/mcsema-testing/SANDBOX/test-2015-12-21_15-36-50/MultiSource/Benchmarks/mediabench/gsm/toast/toast Output/toast.extra-results.txt >> Output/toast.simple.exec.report.txt; \
	fi
cat Output/toast.simple.compile.report.txt Output/toast.simple.exec.report.txt >> Output/toast.simple.report.txt
---------------------------------------------------------------
>>> ========= '/home/ed/mcsema-testing/SANDBOX/test-2015-12-21_15-36-50/MultiSource/Benchmarks/mediabench/gsm/toast/toast' Program
---------------------------------------------------------------

TEST-PASS: compile /home/ed/mcsema-testing/SANDBOX/test-2015-12-21_15-36-50/MultiSource/Benchmarks/mediabench/gsm/toast/toast
TEST-RESULT-compile-success: pass
TEST-RESULT-compile-hash: c271b93955a8be5572293bd561f101f8
TEST-RESULT-compile-time: user 1.029700
TEST-RESULT-compile-real-time: real 1.408700

TEST-PASS: exec /home/ed/mcsema-testing/SANDBOX/test-2015-12-21_15-36-50/MultiSource/Benchmarks/mediabench/gsm/toast/toast
TEST-RESULT-exec-success: pass
TEST-RESULT-exec-time: user       0.0175
TEST-RESULT-exec-real-time: real       0.0204
make[6]: Leaving directory `/home/ed/mcsema-testing/SANDBOX/test-2015-12-21_15-36-50/MultiSource/Benchmarks/mediabench/gsm/toast'
make[5]: Leaving directory `/home/ed/mcsema-testing/SANDBOX/test-2015-12-21_15-36-50/MultiSource/Benchmarks/mediabench/gsm'
make[5]: Entering directory `/home/ed/mcsema-testing/SANDBOX/test-2015-12-21_15-36-50/MultiSource/Benchmarks/mediabench/jpeg'
make[6]: Entering directory `/home/ed/mcsema-testing/SANDBOX/test-2015-12-21_15-36-50/MultiSource/Benchmarks/mediabench/jpeg/jpeg-6a'
/home/ed/mcsema-testing/llvm-test-suite/RunSafely.sh --show-errors -t "/home/ed/mcsema-testing/SANDBOX/test-2015-12-21_15-36-50/tools/timeit" 500 /dev/null Output/cdjpeg.llvm.o.compile \
	  /usr/bin/clang -I/home/ed/mcsema-testing/SANDBOX/test-2015-12-21_15-36-50/MultiSource/Benchmarks/mediabench/jpeg/jpeg-6a -I/home/ed/mcsema-testing/llvm-test-suite/MultiSource/Benchmarks/mediabench/jpeg/jpeg-6a -I/home/ed/mcsema-testing/llvm-test-suite/include -I../../../../../include -D_GNU_SOURCE -D__STDC_LIMIT_MACROS -DNDEBUG  -O3  -m64 -fomit-frame-pointer -c /home/ed/mcsema-testing/llvm-test-suite/MultiSource/Benchmarks/mediabench/jpeg/jpeg-6a/cdjpeg.c -o Output/cdjpeg.llvm.o
/home/ed/mcsema-testing/llvm-test-suite/RunSafely.sh --show-errors -t "/home/ed/mcsema-testing/SANDBOX/test-2015-12-21_15-36-50/tools/timeit" 500 /dev/null Output/cjpeg.llvm.o.compile \
	  /usr/bin/clang -I/home/ed/mcsema-testing/SANDBOX/test-2015-12-21_15-36-50/MultiSource/Benchmarks/mediabench/jpeg/jpeg-6a -I/home/ed/mcsema-testing/llvm-test-suite/MultiSource/Benchmarks/mediabench/jpeg/jpeg-6a -I/home/ed/mcsema-testing/llvm-test-suite/include -I../../../../../include -D_GNU_SOURCE -D__STDC_LIMIT_MACROS -DNDEBUG  -O3  -m64 -fomit-frame-pointer -c /home/ed/mcsema-testing/llvm-test-suite/MultiSource/Benchmarks/mediabench/jpeg/jpeg-6a/cjpeg.c -o Output/cjpeg.llvm.o
/home/ed/mcsema-testing/llvm-test-suite/RunSafely.sh --show-errors -t "/home/ed/mcsema-testing/SANDBOX/test-2015-12-21_15-36-50/tools/timeit" 500 /dev/null Output/jcapimin.llvm.o.compile \
	  /usr/bin/clang -I/home/ed/mcsema-testing/SANDBOX/test-2015-12-21_15-36-50/MultiSource/Benchmarks/mediabench/jpeg/jpeg-6a -I/home/ed/mcsema-testing/llvm-test-suite/MultiSource/Benchmarks/mediabench/jpeg/jpeg-6a -I/home/ed/mcsema-testing/llvm-test-suite/include -I../../../../../include -D_GNU_SOURCE -D__STDC_LIMIT_MACROS -DNDEBUG  -O3  -m64 -fomit-frame-pointer -c /home/ed/mcsema-testing/llvm-test-suite/MultiSource/Benchmarks/mediabench/jpeg/jpeg-6a/jcapimin.c -o Output/jcapimin.llvm.o
/home/ed/mcsema-testing/llvm-test-suite/RunSafely.sh --show-errors -t "/home/ed/mcsema-testing/SANDBOX/test-2015-12-21_15-36-50/tools/timeit" 500 /dev/null Output/jcapistd.llvm.o.compile \
	  /usr/bin/clang -I/home/ed/mcsema-testing/SANDBOX/test-2015-12-21_15-36-50/MultiSource/Benchmarks/mediabench/jpeg/jpeg-6a -I/home/ed/mcsema-testing/llvm-test-suite/MultiSource/Benchmarks/mediabench/jpeg/jpeg-6a -I/home/ed/mcsema-testing/llvm-test-suite/include -I../../../../../include -D_GNU_SOURCE -D__STDC_LIMIT_MACROS -DNDEBUG  -O3  -m64 -fomit-frame-pointer -c /home/ed/mcsema-testing/llvm-test-suite/MultiSource/Benchmarks/mediabench/jpeg/jpeg-6a/jcapistd.c -o Output/jcapistd.llvm.o
/home/ed/mcsema-testing/llvm-test-suite/RunSafely.sh --show-errors -t "/home/ed/mcsema-testing/SANDBOX/test-2015-12-21_15-36-50/tools/timeit" 500 /dev/null Output/jccoefct.llvm.o.compile \
	  /usr/bin/clang -I/home/ed/mcsema-testing/SANDBOX/test-2015-12-21_15-36-50/MultiSource/Benchmarks/mediabench/jpeg/jpeg-6a -I/home/ed/mcsema-testing/llvm-test-suite/MultiSource/Benchmarks/mediabench/jpeg/jpeg-6a -I/home/ed/mcsema-testing/llvm-test-suite/include -I../../../../../include -D_GNU_SOURCE -D__STDC_LIMIT_MACROS -DNDEBUG  -O3  -m64 -fomit-frame-pointer -c /home/ed/mcsema-testing/llvm-test-suite/MultiSource/Benchmarks/mediabench/jpeg/jpeg-6a/jccoefct.c -o Output/jccoefct.llvm.o
/home/ed/mcsema-testing/llvm-test-suite/RunSafely.sh --show-errors -t "/home/ed/mcsema-testing/SANDBOX/test-2015-12-21_15-36-50/tools/timeit" 500 /dev/null Output/jccolor.llvm.o.compile \
	  /usr/bin/clang -I/home/ed/mcsema-testing/SANDBOX/test-2015-12-21_15-36-50/MultiSource/Benchmarks/mediabench/jpeg/jpeg-6a -I/home/ed/mcsema-testing/llvm-test-suite/MultiSource/Benchmarks/mediabench/jpeg/jpeg-6a -I/home/ed/mcsema-testing/llvm-test-suite/include -I../../../../../include -D_GNU_SOURCE -D__STDC_LIMIT_MACROS -DNDEBUG  -O3  -m64 -fomit-frame-pointer -c /home/ed/mcsema-testing/llvm-test-suite/MultiSource/Benchmarks/mediabench/jpeg/jpeg-6a/jccolor.c -o Output/jccolor.llvm.o
/home/ed/mcsema-testing/llvm-test-suite/RunSafely.sh --show-errors -t "/home/ed/mcsema-testing/SANDBOX/test-2015-12-21_15-36-50/tools/timeit" 500 /dev/null Output/jcdctmgr.llvm.o.compile \
	  /usr/bin/clang -I/home/ed/mcsema-testing/SANDBOX/test-2015-12-21_15-36-50/MultiSource/Benchmarks/mediabench/jpeg/jpeg-6a -I/home/ed/mcsema-testing/llvm-test-suite/MultiSource/Benchmarks/mediabench/jpeg/jpeg-6a -I/home/ed/mcsema-testing/llvm-test-suite/include -I../../../../../include -D_GNU_SOURCE -D__STDC_LIMIT_MACROS -DNDEBUG  -O3  -m64 -fomit-frame-pointer -c /home/ed/mcsema-testing/llvm-test-suite/MultiSource/Benchmarks/mediabench/jpeg/jpeg-6a/jcdctmgr.c -o Output/jcdctmgr.llvm.o
/home/ed/mcsema-testing/llvm-test-suite/RunSafely.sh --show-errors -t "/home/ed/mcsema-testing/SANDBOX/test-2015-12-21_15-36-50/tools/timeit" 500 /dev/null Output/jchuff.llvm.o.compile \
	  /usr/bin/clang -I/home/ed/mcsema-testing/SANDBOX/test-2015-12-21_15-36-50/MultiSource/Benchmarks/mediabench/jpeg/jpeg-6a -I/home/ed/mcsema-testing/llvm-test-suite/MultiSource/Benchmarks/mediabench/jpeg/jpeg-6a -I/home/ed/mcsema-testing/llvm-test-suite/include -I../../../../../include -D_GNU_SOURCE -D__STDC_LIMIT_MACROS -DNDEBUG  -O3  -m64 -fomit-frame-pointer -c /home/ed/mcsema-testing/llvm-test-suite/MultiSource/Benchmarks/mediabench/jpeg/jpeg-6a/jchuff.c -o Output/jchuff.llvm.o
/home/ed/mcsema-testing/llvm-test-suite/RunSafely.sh --show-errors -t "/home/ed/mcsema-testing/SANDBOX/test-2015-12-21_15-36-50/tools/timeit" 500 /dev/null Output/jcinit.llvm.o.compile \
	  /usr/bin/clang -I/home/ed/mcsema-testing/SANDBOX/test-2015-12-21_15-36-50/MultiSource/Benchmarks/mediabench/jpeg/jpeg-6a -I/home/ed/mcsema-testing/llvm-test-suite/MultiSource/Benchmarks/mediabench/jpeg/jpeg-6a -I/home/ed/mcsema-testing/llvm-test-suite/include -I../../../../../include -D_GNU_SOURCE -D__STDC_LIMIT_MACROS -DNDEBUG  -O3  -m64 -fomit-frame-pointer -c /home/ed/mcsema-testing/llvm-test-suite/MultiSource/Benchmarks/mediabench/jpeg/jpeg-6a/jcinit.c -o Output/jcinit.llvm.o
/home/ed/mcsema-testing/llvm-test-suite/RunSafely.sh --show-errors -t "/home/ed/mcsema-testing/SANDBOX/test-2015-12-21_15-36-50/tools/timeit" 500 /dev/null Output/jcmainct.llvm.o.compile \
	  /usr/bin/clang -I/home/ed/mcsema-testing/SANDBOX/test-2015-12-21_15-36-50/MultiSource/Benchmarks/mediabench/jpeg/jpeg-6a -I/home/ed/mcsema-testing/llvm-test-suite/MultiSource/Benchmarks/mediabench/jpeg/jpeg-6a -I/home/ed/mcsema-testing/llvm-test-suite/include -I../../../../../include -D_GNU_SOURCE -D__STDC_LIMIT_MACROS -DNDEBUG  -O3  -m64 -fomit-frame-pointer -c /home/ed/mcsema-testing/llvm-test-suite/MultiSource/Benchmarks/mediabench/jpeg/jpeg-6a/jcmainct.c -o Output/jcmainct.llvm.o
/home/ed/mcsema-testing/llvm-test-suite/RunSafely.sh --show-errors -t "/home/ed/mcsema-testing/SANDBOX/test-2015-12-21_15-36-50/tools/timeit" 500 /dev/null Output/jcmarker.llvm.o.compile \
	  /usr/bin/clang -I/home/ed/mcsema-testing/SANDBOX/test-2015-12-21_15-36-50/MultiSource/Benchmarks/mediabench/jpeg/jpeg-6a -I/home/ed/mcsema-testing/llvm-test-suite/MultiSource/Benchmarks/mediabench/jpeg/jpeg-6a -I/home/ed/mcsema-testing/llvm-test-suite/include -I../../../../../include -D_GNU_SOURCE -D__STDC_LIMIT_MACROS -DNDEBUG  -O3  -m64 -fomit-frame-pointer -c /home/ed/mcsema-testing/llvm-test-suite/MultiSource/Benchmarks/mediabench/jpeg/jpeg-6a/jcmarker.c -o Output/jcmarker.llvm.o
/home/ed/mcsema-testing/llvm-test-suite/RunSafely.sh --show-errors -t "/home/ed/mcsema-testing/SANDBOX/test-2015-12-21_15-36-50/tools/timeit" 500 /dev/null Output/jcmaster.llvm.o.compile \
	  /usr/bin/clang -I/home/ed/mcsema-testing/SANDBOX/test-2015-12-21_15-36-50/MultiSource/Benchmarks/mediabench/jpeg/jpeg-6a -I/home/ed/mcsema-testing/llvm-test-suite/MultiSource/Benchmarks/mediabench/jpeg/jpeg-6a -I/home/ed/mcsema-testing/llvm-test-suite/include -I../../../../../include -D_GNU_SOURCE -D__STDC_LIMIT_MACROS -DNDEBUG  -O3  -m64 -fomit-frame-pointer -c /home/ed/mcsema-testing/llvm-test-suite/MultiSource/Benchmarks/mediabench/jpeg/jpeg-6a/jcmaster.c -o Output/jcmaster.llvm.o
/home/ed/mcsema-testing/llvm-test-suite/RunSafely.sh --show-errors -t "/home/ed/mcsema-testing/SANDBOX/test-2015-12-21_15-36-50/tools/timeit" 500 /dev/null Output/jcomapi.llvm.o.compile \
	  /usr/bin/clang -I/home/ed/mcsema-testing/SANDBOX/test-2015-12-21_15-36-50/MultiSource/Benchmarks/mediabench/jpeg/jpeg-6a -I/home/ed/mcsema-testing/llvm-test-suite/MultiSource/Benchmarks/mediabench/jpeg/jpeg-6a -I/home/ed/mcsema-testing/llvm-test-suite/include -I../../../../../include -D_GNU_SOURCE -D__STDC_LIMIT_MACROS -DNDEBUG  -O3  -m64 -fomit-frame-pointer -c /home/ed/mcsema-testing/llvm-test-suite/MultiSource/Benchmarks/mediabench/jpeg/jpeg-6a/jcomapi.c -o Output/jcomapi.llvm.o
/home/ed/mcsema-testing/llvm-test-suite/RunSafely.sh --show-errors -t "/home/ed/mcsema-testing/SANDBOX/test-2015-12-21_15-36-50/tools/timeit" 500 /dev/null Output/jcparam.llvm.o.compile \
	  /usr/bin/clang -I/home/ed/mcsema-testing/SANDBOX/test-2015-12-21_15-36-50/MultiSource/Benchmarks/mediabench/jpeg/jpeg-6a -I/home/ed/mcsema-testing/llvm-test-suite/MultiSource/Benchmarks/mediabench/jpeg/jpeg-6a -I/home/ed/mcsema-testing/llvm-test-suite/include -I../../../../../include -D_GNU_SOURCE -D__STDC_LIMIT_MACROS -DNDEBUG  -O3  -m64 -fomit-frame-pointer -c /home/ed/mcsema-testing/llvm-test-suite/MultiSource/Benchmarks/mediabench/jpeg/jpeg-6a/jcparam.c -o Output/jcparam.llvm.o
/home/ed/mcsema-testing/llvm-test-suite/RunSafely.sh --show-errors -t "/home/ed/mcsema-testing/SANDBOX/test-2015-12-21_15-36-50/tools/timeit" 500 /dev/null Output/jcphuff.llvm.o.compile \
	  /usr/bin/clang -I/home/ed/mcsema-testing/SANDBOX/test-2015-12-21_15-36-50/MultiSource/Benchmarks/mediabench/jpeg/jpeg-6a -I/home/ed/mcsema-testing/llvm-test-suite/MultiSource/Benchmarks/mediabench/jpeg/jpeg-6a -I/home/ed/mcsema-testing/llvm-test-suite/include -I../../../../../include -D_GNU_SOURCE -D__STDC_LIMIT_MACROS -DNDEBUG  -O3  -m64 -fomit-frame-pointer -c /home/ed/mcsema-testing/llvm-test-suite/MultiSource/Benchmarks/mediabench/jpeg/jpeg-6a/jcphuff.c -o Output/jcphuff.llvm.o
/home/ed/mcsema-testing/llvm-test-suite/RunSafely.sh --show-errors -t "/home/ed/mcsema-testing/SANDBOX/test-2015-12-21_15-36-50/tools/timeit" 500 /dev/null Output/jcprepct.llvm.o.compile \
	  /usr/bin/clang -I/home/ed/mcsema-testing/SANDBOX/test-2015-12-21_15-36-50/MultiSource/Benchmarks/mediabench/jpeg/jpeg-6a -I/home/ed/mcsema-testing/llvm-test-suite/MultiSource/Benchmarks/mediabench/jpeg/jpeg-6a -I/home/ed/mcsema-testing/llvm-test-suite/include -I../../../../../include -D_GNU_SOURCE -D__STDC_LIMIT_MACROS -DNDEBUG  -O3  -m64 -fomit-frame-pointer -c /home/ed/mcsema-testing/llvm-test-suite/MultiSource/Benchmarks/mediabench/jpeg/jpeg-6a/jcprepct.c -o Output/jcprepct.llvm.o
/home/ed/mcsema-testing/llvm-test-suite/RunSafely.sh --show-errors -t "/home/ed/mcsema-testing/SANDBOX/test-2015-12-21_15-36-50/tools/timeit" 500 /dev/null Output/jcsample.llvm.o.compile \
	  /usr/bin/clang -I/home/ed/mcsema-testing/SANDBOX/test-2015-12-21_15-36-50/MultiSource/Benchmarks/mediabench/jpeg/jpeg-6a -I/home/ed/mcsema-testing/llvm-test-suite/MultiSource/Benchmarks/mediabench/jpeg/jpeg-6a -I/home/ed/mcsema-testing/llvm-test-suite/include -I../../../../../include -D_GNU_SOURCE -D__STDC_LIMIT_MACROS -DNDEBUG  -O3  -m64 -fomit-frame-pointer -c /home/ed/mcsema-testing/llvm-test-suite/MultiSource/Benchmarks/mediabench/jpeg/jpeg-6a/jcsample.c -o Output/jcsample.llvm.o
/home/ed/mcsema-testing/llvm-test-suite/RunSafely.sh --show-errors -t "/home/ed/mcsema-testing/SANDBOX/test-2015-12-21_15-36-50/tools/timeit" 500 /dev/null Output/jctrans.llvm.o.compile \
	  /usr/bin/clang -I/home/ed/mcsema-testing/SANDBOX/test-2015-12-21_15-36-50/MultiSource/Benchmarks/mediabench/jpeg/jpeg-6a -I/home/ed/mcsema-testing/llvm-test-suite/MultiSource/Benchmarks/mediabench/jpeg/jpeg-6a -I/home/ed/mcsema-testing/llvm-test-suite/include -I../../../../../include -D_GNU_SOURCE -D__STDC_LIMIT_MACROS -DNDEBUG  -O3  -m64 -fomit-frame-pointer -c /home/ed/mcsema-testing/llvm-test-suite/MultiSource/Benchmarks/mediabench/jpeg/jpeg-6a/jctrans.c -o Output/jctrans.llvm.o
/home/ed/mcsema-testing/llvm-test-suite/RunSafely.sh --show-errors -t "/home/ed/mcsema-testing/SANDBOX/test-2015-12-21_15-36-50/tools/timeit" 500 /dev/null Output/jdapimin.llvm.o.compile \
	  /usr/bin/clang -I/home/ed/mcsema-testing/SANDBOX/test-2015-12-21_15-36-50/MultiSource/Benchmarks/mediabench/jpeg/jpeg-6a -I/home/ed/mcsema-testing/llvm-test-suite/MultiSource/Benchmarks/mediabench/jpeg/jpeg-6a -I/home/ed/mcsema-testing/llvm-test-suite/include -I../../../../../include -D_GNU_SOURCE -D__STDC_LIMIT_MACROS -DNDEBUG  -O3  -m64 -fomit-frame-pointer -c /home/ed/mcsema-testing/llvm-test-suite/MultiSource/Benchmarks/mediabench/jpeg/jpeg-6a/jdapimin.c -o Output/jdapimin.llvm.o
/home/ed/mcsema-testing/llvm-test-suite/RunSafely.sh --show-errors -t "/home/ed/mcsema-testing/SANDBOX/test-2015-12-21_15-36-50/tools/timeit" 500 /dev/null Output/jdapistd.llvm.o.compile \
	  /usr/bin/clang -I/home/ed/mcsema-testing/SANDBOX/test-2015-12-21_15-36-50/MultiSource/Benchmarks/mediabench/jpeg/jpeg-6a -I/home/ed/mcsema-testing/llvm-test-suite/MultiSource/Benchmarks/mediabench/jpeg/jpeg-6a -I/home/ed/mcsema-testing/llvm-test-suite/include -I../../../../../include -D_GNU_SOURCE -D__STDC_LIMIT_MACROS -DNDEBUG  -O3  -m64 -fomit-frame-pointer -c /home/ed/mcsema-testing/llvm-test-suite/MultiSource/Benchmarks/mediabench/jpeg/jpeg-6a/jdapistd.c -o Output/jdapistd.llvm.o
/home/ed/mcsema-testing/llvm-test-suite/RunSafely.sh --show-errors -t "/home/ed/mcsema-testing/SANDBOX/test-2015-12-21_15-36-50/tools/timeit" 500 /dev/null Output/jdatadst.llvm.o.compile \
	  /usr/bin/clang -I/home/ed/mcsema-testing/SANDBOX/test-2015-12-21_15-36-50/MultiSource/Benchmarks/mediabench/jpeg/jpeg-6a -I/home/ed/mcsema-testing/llvm-test-suite/MultiSource/Benchmarks/mediabench/jpeg/jpeg-6a -I/home/ed/mcsema-testing/llvm-test-suite/include -I../../../../../include -D_GNU_SOURCE -D__STDC_LIMIT_MACROS -DNDEBUG  -O3  -m64 -fomit-frame-pointer -c /home/ed/mcsema-testing/llvm-test-suite/MultiSource/Benchmarks/mediabench/jpeg/jpeg-6a/jdatadst.c -o Output/jdatadst.llvm.o
/home/ed/mcsema-testing/llvm-test-suite/RunSafely.sh --show-errors -t "/home/ed/mcsema-testing/SANDBOX/test-2015-12-21_15-36-50/tools/timeit" 500 /dev/null Output/jdatasrc.llvm.o.compile \
	  /usr/bin/clang -I/home/ed/mcsema-testing/SANDBOX/test-2015-12-21_15-36-50/MultiSource/Benchmarks/mediabench/jpeg/jpeg-6a -I/home/ed/mcsema-testing/llvm-test-suite/MultiSource/Benchmarks/mediabench/jpeg/jpeg-6a -I/home/ed/mcsema-testing/llvm-test-suite/include -I../../../../../include -D_GNU_SOURCE -D__STDC_LIMIT_MACROS -DNDEBUG  -O3  -m64 -fomit-frame-pointer -c /home/ed/mcsema-testing/llvm-test-suite/MultiSource/Benchmarks/mediabench/jpeg/jpeg-6a/jdatasrc.c -o Output/jdatasrc.llvm.o
/home/ed/mcsema-testing/llvm-test-suite/RunSafely.sh --show-errors -t "/home/ed/mcsema-testing/SANDBOX/test-2015-12-21_15-36-50/tools/timeit" 500 /dev/null Output/jdcoefct.llvm.o.compile \
	  /usr/bin/clang -I/home/ed/mcsema-testing/SANDBOX/test-2015-12-21_15-36-50/MultiSource/Benchmarks/mediabench/jpeg/jpeg-6a -I/home/ed/mcsema-testing/llvm-test-suite/MultiSource/Benchmarks/mediabench/jpeg/jpeg-6a -I/home/ed/mcsema-testing/llvm-test-suite/include -I../../../../../include -D_GNU_SOURCE -D__STDC_LIMIT_MACROS -DNDEBUG  -O3  -m64 -fomit-frame-pointer -c /home/ed/mcsema-testing/llvm-test-suite/MultiSource/Benchmarks/mediabench/jpeg/jpeg-6a/jdcoefct.c -o Output/jdcoefct.llvm.o
/home/ed/mcsema-testing/llvm-test-suite/RunSafely.sh --show-errors -t "/home/ed/mcsema-testing/SANDBOX/test-2015-12-21_15-36-50/tools/timeit" 500 /dev/null Output/jdcolor.llvm.o.compile \
	  /usr/bin/clang -I/home/ed/mcsema-testing/SANDBOX/test-2015-12-21_15-36-50/MultiSource/Benchmarks/mediabench/jpeg/jpeg-6a -I/home/ed/mcsema-testing/llvm-test-suite/MultiSource/Benchmarks/mediabench/jpeg/jpeg-6a -I/home/ed/mcsema-testing/llvm-test-suite/include -I../../../../../include -D_GNU_SOURCE -D__STDC_LIMIT_MACROS -DNDEBUG  -O3  -m64 -fomit-frame-pointer -c /home/ed/mcsema-testing/llvm-test-suite/MultiSource/Benchmarks/mediabench/jpeg/jpeg-6a/jdcolor.c -o Output/jdcolor.llvm.o
/home/ed/mcsema-testing/llvm-test-suite/RunSafely.sh --show-errors -t "/home/ed/mcsema-testing/SANDBOX/test-2015-12-21_15-36-50/tools/timeit" 500 /dev/null Output/jddctmgr.llvm.o.compile \
	  /usr/bin/clang -I/home/ed/mcsema-testing/SANDBOX/test-2015-12-21_15-36-50/MultiSource/Benchmarks/mediabench/jpeg/jpeg-6a -I/home/ed/mcsema-testing/llvm-test-suite/MultiSource/Benchmarks/mediabench/jpeg/jpeg-6a -I/home/ed/mcsema-testing/llvm-test-suite/include -I../../../../../include -D_GNU_SOURCE -D__STDC_LIMIT_MACROS -DNDEBUG  -O3  -m64 -fomit-frame-pointer -c /home/ed/mcsema-testing/llvm-test-suite/MultiSource/Benchmarks/mediabench/jpeg/jpeg-6a/jddctmgr.c -o Output/jddctmgr.llvm.o
/home/ed/mcsema-testing/llvm-test-suite/RunSafely.sh --show-errors -t "/home/ed/mcsema-testing/SANDBOX/test-2015-12-21_15-36-50/tools/timeit" 500 /dev/null Output/jdhuff.llvm.o.compile \
	  /usr/bin/clang -I/home/ed/mcsema-testing/SANDBOX/test-2015-12-21_15-36-50/MultiSource/Benchmarks/mediabench/jpeg/jpeg-6a -I/home/ed/mcsema-testing/llvm-test-suite/MultiSource/Benchmarks/mediabench/jpeg/jpeg-6a -I/home/ed/mcsema-testing/llvm-test-suite/include -I../../../../../include -D_GNU_SOURCE -D__STDC_LIMIT_MACROS -DNDEBUG  -O3  -m64 -fomit-frame-pointer -c /home/ed/mcsema-testing/llvm-test-suite/MultiSource/Benchmarks/mediabench/jpeg/jpeg-6a/jdhuff.c -o Output/jdhuff.llvm.o
/home/ed/mcsema-testing/llvm-test-suite/RunSafely.sh --show-errors -t "/home/ed/mcsema-testing/SANDBOX/test-2015-12-21_15-36-50/tools/timeit" 500 /dev/null Output/jdinput.llvm.o.compile \
	  /usr/bin/clang -I/home/ed/mcsema-testing/SANDBOX/test-2015-12-21_15-36-50/MultiSource/Benchmarks/mediabench/jpeg/jpeg-6a -I/home/ed/mcsema-testing/llvm-test-suite/MultiSource/Benchmarks/mediabench/jpeg/jpeg-6a -I/home/ed/mcsema-testing/llvm-test-suite/include -I../../../../../include -D_GNU_SOURCE -D__STDC_LIMIT_MACROS -DNDEBUG  -O3  -m64 -fomit-frame-pointer -c /home/ed/mcsema-testing/llvm-test-suite/MultiSource/Benchmarks/mediabench/jpeg/jpeg-6a/jdinput.c -o Output/jdinput.llvm.o
/home/ed/mcsema-testing/llvm-test-suite/RunSafely.sh --show-errors -t "/home/ed/mcsema-testing/SANDBOX/test-2015-12-21_15-36-50/tools/timeit" 500 /dev/null Output/jdmainct.llvm.o.compile \
	  /usr/bin/clang -I/home/ed/mcsema-testing/SANDBOX/test-2015-12-21_15-36-50/MultiSource/Benchmarks/mediabench/jpeg/jpeg-6a -I/home/ed/mcsema-testing/llvm-test-suite/MultiSource/Benchmarks/mediabench/jpeg/jpeg-6a -I/home/ed/mcsema-testing/llvm-test-suite/include -I../../../../../include -D_GNU_SOURCE -D__STDC_LIMIT_MACROS -DNDEBUG  -O3  -m64 -fomit-frame-pointer -c /home/ed/mcsema-testing/llvm-test-suite/MultiSource/Benchmarks/mediabench/jpeg/jpeg-6a/jdmainct.c -o Output/jdmainct.llvm.o
/home/ed/mcsema-testing/llvm-test-suite/RunSafely.sh --show-errors -t "/home/ed/mcsema-testing/SANDBOX/test-2015-12-21_15-36-50/tools/timeit" 500 /dev/null Output/jdmarker.llvm.o.compile \
	  /usr/bin/clang -I/home/ed/mcsema-testing/SANDBOX/test-2015-12-21_15-36-50/MultiSource/Benchmarks/mediabench/jpeg/jpeg-6a -I/home/ed/mcsema-testing/llvm-test-suite/MultiSource/Benchmarks/mediabench/jpeg/jpeg-6a -I/home/ed/mcsema-testing/llvm-test-suite/include -I../../../../../include -D_GNU_SOURCE -D__STDC_LIMIT_MACROS -DNDEBUG  -O3  -m64 -fomit-frame-pointer -c /home/ed/mcsema-testing/llvm-test-suite/MultiSource/Benchmarks/mediabench/jpeg/jpeg-6a/jdmarker.c -o Output/jdmarker.llvm.o
/home/ed/mcsema-testing/llvm-test-suite/RunSafely.sh --show-errors -t "/home/ed/mcsema-testing/SANDBOX/test-2015-12-21_15-36-50/tools/timeit" 500 /dev/null Output/jdmaster.llvm.o.compile \
	  /usr/bin/clang -I/home/ed/mcsema-testing/SANDBOX/test-2015-12-21_15-36-50/MultiSource/Benchmarks/mediabench/jpeg/jpeg-6a -I/home/ed/mcsema-testing/llvm-test-suite/MultiSource/Benchmarks/mediabench/jpeg/jpeg-6a -I/home/ed/mcsema-testing/llvm-test-suite/include -I../../../../../include -D_GNU_SOURCE -D__STDC_LIMIT_MACROS -DNDEBUG  -O3  -m64 -fomit-frame-pointer -c /home/ed/mcsema-testing/llvm-test-suite/MultiSource/Benchmarks/mediabench/jpeg/jpeg-6a/jdmaster.c -o Output/jdmaster.llvm.o
/home/ed/mcsema-testing/llvm-test-suite/RunSafely.sh --show-errors -t "/home/ed/mcsema-testing/SANDBOX/test-2015-12-21_15-36-50/tools/timeit" 500 /dev/null Output/jdmerge.llvm.o.compile \
	  /usr/bin/clang -I/home/ed/mcsema-testing/SANDBOX/test-2015-12-21_15-36-50/MultiSource/Benchmarks/mediabench/jpeg/jpeg-6a -I/home/ed/mcsema-testing/llvm-test-suite/MultiSource/Benchmarks/mediabench/jpeg/jpeg-6a -I/home/ed/mcsema-testing/llvm-test-suite/include -I../../../../../include -D_GNU_SOURCE -D__STDC_LIMIT_MACROS -DNDEBUG  -O3  -m64 -fomit-frame-pointer -c /home/ed/mcsema-testing/llvm-test-suite/MultiSource/Benchmarks/mediabench/jpeg/jpeg-6a/jdmerge.c -o Output/jdmerge.llvm.o
/home/ed/mcsema-testing/llvm-test-suite/RunSafely.sh --show-errors -t "/home/ed/mcsema-testing/SANDBOX/test-2015-12-21_15-36-50/tools/timeit" 500 /dev/null Output/jdphuff.llvm.o.compile \
	  /usr/bin/clang -I/home/ed/mcsema-testing/SANDBOX/test-2015-12-21_15-36-50/MultiSource/Benchmarks/mediabench/jpeg/jpeg-6a -I/home/ed/mcsema-testing/llvm-test-suite/MultiSource/Benchmarks/mediabench/jpeg/jpeg-6a -I/home/ed/mcsema-testing/llvm-test-suite/include -I../../../../../include -D_GNU_SOURCE -D__STDC_LIMIT_MACROS -DNDEBUG  -O3  -m64 -fomit-frame-pointer -c /home/ed/mcsema-testing/llvm-test-suite/MultiSource/Benchmarks/mediabench/jpeg/jpeg-6a/jdphuff.c -o Output/jdphuff.llvm.o
/home/ed/mcsema-testing/llvm-test-suite/RunSafely.sh --show-errors -t "/home/ed/mcsema-testing/SANDBOX/test-2015-12-21_15-36-50/tools/timeit" 500 /dev/null Output/jdpostct.llvm.o.compile \
	  /usr/bin/clang -I/home/ed/mcsema-testing/SANDBOX/test-2015-12-21_15-36-50/MultiSource/Benchmarks/mediabench/jpeg/jpeg-6a -I/home/ed/mcsema-testing/llvm-test-suite/MultiSource/Benchmarks/mediabench/jpeg/jpeg-6a -I/home/ed/mcsema-testing/llvm-test-suite/include -I../../../../../include -D_GNU_SOURCE -D__STDC_LIMIT_MACROS -DNDEBUG  -O3  -m64 -fomit-frame-pointer -c /home/ed/mcsema-testing/llvm-test-suite/MultiSource/Benchmarks/mediabench/jpeg/jpeg-6a/jdpostct.c -o Output/jdpostct.llvm.o
/home/ed/mcsema-testing/llvm-test-suite/RunSafely.sh --show-errors -t "/home/ed/mcsema-testing/SANDBOX/test-2015-12-21_15-36-50/tools/timeit" 500 /dev/null Output/jdsample.llvm.o.compile \
	  /usr/bin/clang -I/home/ed/mcsema-testing/SANDBOX/test-2015-12-21_15-36-50/MultiSource/Benchmarks/mediabench/jpeg/jpeg-6a -I/home/ed/mcsema-testing/llvm-test-suite/MultiSource/Benchmarks/mediabench/jpeg/jpeg-6a -I/home/ed/mcsema-testing/llvm-test-suite/include -I../../../../../include -D_GNU_SOURCE -D__STDC_LIMIT_MACROS -DNDEBUG  -O3  -m64 -fomit-frame-pointer -c /home/ed/mcsema-testing/llvm-test-suite/MultiSource/Benchmarks/mediabench/jpeg/jpeg-6a/jdsample.c -o Output/jdsample.llvm.o
/home/ed/mcsema-testing/llvm-test-suite/RunSafely.sh --show-errors -t "/home/ed/mcsema-testing/SANDBOX/test-2015-12-21_15-36-50/tools/timeit" 500 /dev/null Output/jdtrans.llvm.o.compile \
	  /usr/bin/clang -I/home/ed/mcsema-testing/SANDBOX/test-2015-12-21_15-36-50/MultiSource/Benchmarks/mediabench/jpeg/jpeg-6a -I/home/ed/mcsema-testing/llvm-test-suite/MultiSource/Benchmarks/mediabench/jpeg/jpeg-6a -I/home/ed/mcsema-testing/llvm-test-suite/include -I../../../../../include -D_GNU_SOURCE -D__STDC_LIMIT_MACROS -DNDEBUG  -O3  -m64 -fomit-frame-pointer -c /home/ed/mcsema-testing/llvm-test-suite/MultiSource/Benchmarks/mediabench/jpeg/jpeg-6a/jdtrans.c -o Output/jdtrans.llvm.o
/home/ed/mcsema-testing/llvm-test-suite/RunSafely.sh --show-errors -t "/home/ed/mcsema-testing/SANDBOX/test-2015-12-21_15-36-50/tools/timeit" 500 /dev/null Output/jerror.llvm.o.compile \
	  /usr/bin/clang -I/home/ed/mcsema-testing/SANDBOX/test-2015-12-21_15-36-50/MultiSource/Benchmarks/mediabench/jpeg/jpeg-6a -I/home/ed/mcsema-testing/llvm-test-suite/MultiSource/Benchmarks/mediabench/jpeg/jpeg-6a -I/home/ed/mcsema-testing/llvm-test-suite/include -I../../../../../include -D_GNU_SOURCE -D__STDC_LIMIT_MACROS -DNDEBUG  -O3  -m64 -fomit-frame-pointer -c /home/ed/mcsema-testing/llvm-test-suite/MultiSource/Benchmarks/mediabench/jpeg/jpeg-6a/jerror.c -o Output/jerror.llvm.o
/home/ed/mcsema-testing/llvm-test-suite/RunSafely.sh --show-errors -t "/home/ed/mcsema-testing/SANDBOX/test-2015-12-21_15-36-50/tools/timeit" 500 /dev/null Output/jfdctflt.llvm.o.compile \
	  /usr/bin/clang -I/home/ed/mcsema-testing/SANDBOX/test-2015-12-21_15-36-50/MultiSource/Benchmarks/mediabench/jpeg/jpeg-6a -I/home/ed/mcsema-testing/llvm-test-suite/MultiSource/Benchmarks/mediabench/jpeg/jpeg-6a -I/home/ed/mcsema-testing/llvm-test-suite/include -I../../../../../include -D_GNU_SOURCE -D__STDC_LIMIT_MACROS -DNDEBUG  -O3  -m64 -fomit-frame-pointer -c /home/ed/mcsema-testing/llvm-test-suite/MultiSource/Benchmarks/mediabench/jpeg/jpeg-6a/jfdctflt.c -o Output/jfdctflt.llvm.o
/home/ed/mcsema-testing/llvm-test-suite/RunSafely.sh --show-errors -t "/home/ed/mcsema-testing/SANDBOX/test-2015-12-21_15-36-50/tools/timeit" 500 /dev/null Output/jfdctfst.llvm.o.compile \
	  /usr/bin/clang -I/home/ed/mcsema-testing/SANDBOX/test-2015-12-21_15-36-50/MultiSource/Benchmarks/mediabench/jpeg/jpeg-6a -I/home/ed/mcsema-testing/llvm-test-suite/MultiSource/Benchmarks/mediabench/jpeg/jpeg-6a -I/home/ed/mcsema-testing/llvm-test-suite/include -I../../../../../include -D_GNU_SOURCE -D__STDC_LIMIT_MACROS -DNDEBUG  -O3  -m64 -fomit-frame-pointer -c /home/ed/mcsema-testing/llvm-test-suite/MultiSource/Benchmarks/mediabench/jpeg/jpeg-6a/jfdctfst.c -o Output/jfdctfst.llvm.o
/home/ed/mcsema-testing/llvm-test-suite/RunSafely.sh --show-errors -t "/home/ed/mcsema-testing/SANDBOX/test-2015-12-21_15-36-50/tools/timeit" 500 /dev/null Output/jfdctint.llvm.o.compile \
	  /usr/bin/clang -I/home/ed/mcsema-testing/SANDBOX/test-2015-12-21_15-36-50/MultiSource/Benchmarks/mediabench/jpeg/jpeg-6a -I/home/ed/mcsema-testing/llvm-test-suite/MultiSource/Benchmarks/mediabench/jpeg/jpeg-6a -I/home/ed/mcsema-testing/llvm-test-suite/include -I../../../../../include -D_GNU_SOURCE -D__STDC_LIMIT_MACROS -DNDEBUG  -O3  -m64 -fomit-frame-pointer -c /home/ed/mcsema-testing/llvm-test-suite/MultiSource/Benchmarks/mediabench/jpeg/jpeg-6a/jfdctint.c -o Output/jfdctint.llvm.o
/home/ed/mcsema-testing/llvm-test-suite/RunSafely.sh --show-errors -t "/home/ed/mcsema-testing/SANDBOX/test-2015-12-21_15-36-50/tools/timeit" 500 /dev/null Output/jidctflt.llvm.o.compile \
	  /usr/bin/clang -I/home/ed/mcsema-testing/SANDBOX/test-2015-12-21_15-36-50/MultiSource/Benchmarks/mediabench/jpeg/jpeg-6a -I/home/ed/mcsema-testing/llvm-test-suite/MultiSource/Benchmarks/mediabench/jpeg/jpeg-6a -I/home/ed/mcsema-testing/llvm-test-suite/include -I../../../../../include -D_GNU_SOURCE -D__STDC_LIMIT_MACROS -DNDEBUG  -O3  -m64 -fomit-frame-pointer -c /home/ed/mcsema-testing/llvm-test-suite/MultiSource/Benchmarks/mediabench/jpeg/jpeg-6a/jidctflt.c -o Output/jidctflt.llvm.o
/home/ed/mcsema-testing/llvm-test-suite/RunSafely.sh --show-errors -t "/home/ed/mcsema-testing/SANDBOX/test-2015-12-21_15-36-50/tools/timeit" 500 /dev/null Output/jidctfst.llvm.o.compile \
	  /usr/bin/clang -I/home/ed/mcsema-testing/SANDBOX/test-2015-12-21_15-36-50/MultiSource/Benchmarks/mediabench/jpeg/jpeg-6a -I/home/ed/mcsema-testing/llvm-test-suite/MultiSource/Benchmarks/mediabench/jpeg/jpeg-6a -I/home/ed/mcsema-testing/llvm-test-suite/include -I../../../../../include -D_GNU_SOURCE -D__STDC_LIMIT_MACROS -DNDEBUG  -O3  -m64 -fomit-frame-pointer -c /home/ed/mcsema-testing/llvm-test-suite/MultiSource/Benchmarks/mediabench/jpeg/jpeg-6a/jidctfst.c -o Output/jidctfst.llvm.o
/home/ed/mcsema-testing/llvm-test-suite/RunSafely.sh --show-errors -t "/home/ed/mcsema-testing/SANDBOX/test-2015-12-21_15-36-50/tools/timeit" 500 /dev/null Output/jidctint.llvm.o.compile \
	  /usr/bin/clang -I/home/ed/mcsema-testing/SANDBOX/test-2015-12-21_15-36-50/MultiSource/Benchmarks/mediabench/jpeg/jpeg-6a -I/home/ed/mcsema-testing/llvm-test-suite/MultiSource/Benchmarks/mediabench/jpeg/jpeg-6a -I/home/ed/mcsema-testing/llvm-test-suite/include -I../../../../../include -D_GNU_SOURCE -D__STDC_LIMIT_MACROS -DNDEBUG  -O3  -m64 -fomit-frame-pointer -c /home/ed/mcsema-testing/llvm-test-suite/MultiSource/Benchmarks/mediabench/jpeg/jpeg-6a/jidctint.c -o Output/jidctint.llvm.o
/home/ed/mcsema-testing/llvm-test-suite/RunSafely.sh --show-errors -t "/home/ed/mcsema-testing/SANDBOX/test-2015-12-21_15-36-50/tools/timeit" 500 /dev/null Output/jidctred.llvm.o.compile \
	  /usr/bin/clang -I/home/ed/mcsema-testing/SANDBOX/test-2015-12-21_15-36-50/MultiSource/Benchmarks/mediabench/jpeg/jpeg-6a -I/home/ed/mcsema-testing/llvm-test-suite/MultiSource/Benchmarks/mediabench/jpeg/jpeg-6a -I/home/ed/mcsema-testing/llvm-test-suite/include -I../../../../../include -D_GNU_SOURCE -D__STDC_LIMIT_MACROS -DNDEBUG  -O3  -m64 -fomit-frame-pointer -c /home/ed/mcsema-testing/llvm-test-suite/MultiSource/Benchmarks/mediabench/jpeg/jpeg-6a/jidctred.c -o Output/jidctred.llvm.o
/home/ed/mcsema-testing/llvm-test-suite/RunSafely.sh --show-errors -t "/home/ed/mcsema-testing/SANDBOX/test-2015-12-21_15-36-50/tools/timeit" 500 /dev/null Output/jmemmgr.llvm.o.compile \
	  /usr/bin/clang -I/home/ed/mcsema-testing/SANDBOX/test-2015-12-21_15-36-50/MultiSource/Benchmarks/mediabench/jpeg/jpeg-6a -I/home/ed/mcsema-testing/llvm-test-suite/MultiSource/Benchmarks/mediabench/jpeg/jpeg-6a -I/home/ed/mcsema-testing/llvm-test-suite/include -I../../../../../include -D_GNU_SOURCE -D__STDC_LIMIT_MACROS -DNDEBUG  -O3  -m64 -fomit-frame-pointer -c /home/ed/mcsema-testing/llvm-test-suite/MultiSource/Benchmarks/mediabench/jpeg/jpeg-6a/jmemmgr.c -o Output/jmemmgr.llvm.o
/home/ed/mcsema-testing/llvm-test-suite/RunSafely.sh --show-errors -t "/home/ed/mcsema-testing/SANDBOX/test-2015-12-21_15-36-50/tools/timeit" 500 /dev/null Output/jmemnobs.llvm.o.compile \
	  /usr/bin/clang -I/home/ed/mcsema-testing/SANDBOX/test-2015-12-21_15-36-50/MultiSource/Benchmarks/mediabench/jpeg/jpeg-6a -I/home/ed/mcsema-testing/llvm-test-suite/MultiSource/Benchmarks/mediabench/jpeg/jpeg-6a -I/home/ed/mcsema-testing/llvm-test-suite/include -I../../../../../include -D_GNU_SOURCE -D__STDC_LIMIT_MACROS -DNDEBUG  -O3  -m64 -fomit-frame-pointer -c /home/ed/mcsema-testing/llvm-test-suite/MultiSource/Benchmarks/mediabench/jpeg/jpeg-6a/jmemnobs.c -o Output/jmemnobs.llvm.o
/home/ed/mcsema-testing/llvm-test-suite/RunSafely.sh --show-errors -t "/home/ed/mcsema-testing/SANDBOX/test-2015-12-21_15-36-50/tools/timeit" 500 /dev/null Output/jquant1.llvm.o.compile \
	  /usr/bin/clang -I/home/ed/mcsema-testing/SANDBOX/test-2015-12-21_15-36-50/MultiSource/Benchmarks/mediabench/jpeg/jpeg-6a -I/home/ed/mcsema-testing/llvm-test-suite/MultiSource/Benchmarks/mediabench/jpeg/jpeg-6a -I/home/ed/mcsema-testing/llvm-test-suite/include -I../../../../../include -D_GNU_SOURCE -D__STDC_LIMIT_MACROS -DNDEBUG  -O3  -m64 -fomit-frame-pointer -c /home/ed/mcsema-testing/llvm-test-suite/MultiSource/Benchmarks/mediabench/jpeg/jpeg-6a/jquant1.c -o Output/jquant1.llvm.o
/home/ed/mcsema-testing/llvm-test-suite/RunSafely.sh --show-errors -t "/home/ed/mcsema-testing/SANDBOX/test-2015-12-21_15-36-50/tools/timeit" 500 /dev/null Output/jquant2.llvm.o.compile \
	  /usr/bin/clang -I/home/ed/mcsema-testing/SANDBOX/test-2015-12-21_15-36-50/MultiSource/Benchmarks/mediabench/jpeg/jpeg-6a -I/home/ed/mcsema-testing/llvm-test-suite/MultiSource/Benchmarks/mediabench/jpeg/jpeg-6a -I/home/ed/mcsema-testing/llvm-test-suite/include -I../../../../../include -D_GNU_SOURCE -D__STDC_LIMIT_MACROS -DNDEBUG  -O3  -m64 -fomit-frame-pointer -c /home/ed/mcsema-testing/llvm-test-suite/MultiSource/Benchmarks/mediabench/jpeg/jpeg-6a/jquant2.c -o Output/jquant2.llvm.o
/home/ed/mcsema-testing/llvm-test-suite/RunSafely.sh --show-errors -t "/home/ed/mcsema-testing/SANDBOX/test-2015-12-21_15-36-50/tools/timeit" 500 /dev/null Output/jutils.llvm.o.compile \
	  /usr/bin/clang -I/home/ed/mcsema-testing/SANDBOX/test-2015-12-21_15-36-50/MultiSource/Benchmarks/mediabench/jpeg/jpeg-6a -I/home/ed/mcsema-testing/llvm-test-suite/MultiSource/Benchmarks/mediabench/jpeg/jpeg-6a -I/home/ed/mcsema-testing/llvm-test-suite/include -I../../../../../include -D_GNU_SOURCE -D__STDC_LIMIT_MACROS -DNDEBUG  -O3  -m64 -fomit-frame-pointer -c /home/ed/mcsema-testing/llvm-test-suite/MultiSource/Benchmarks/mediabench/jpeg/jpeg-6a/jutils.c -o Output/jutils.llvm.o
/home/ed/mcsema-testing/llvm-test-suite/RunSafely.sh --show-errors -t "/home/ed/mcsema-testing/SANDBOX/test-2015-12-21_15-36-50/tools/timeit" 500 /dev/null Output/rdbmp.llvm.o.compile \
	  /usr/bin/clang -I/home/ed/mcsema-testing/SANDBOX/test-2015-12-21_15-36-50/MultiSource/Benchmarks/mediabench/jpeg/jpeg-6a -I/home/ed/mcsema-testing/llvm-test-suite/MultiSource/Benchmarks/mediabench/jpeg/jpeg-6a -I/home/ed/mcsema-testing/llvm-test-suite/include -I../../../../../include -D_GNU_SOURCE -D__STDC_LIMIT_MACROS -DNDEBUG  -O3  -m64 -fomit-frame-pointer -c /home/ed/mcsema-testing/llvm-test-suite/MultiSource/Benchmarks/mediabench/jpeg/jpeg-6a/rdbmp.c -o Output/rdbmp.llvm.o
/home/ed/mcsema-testing/llvm-test-suite/RunSafely.sh --show-errors -t "/home/ed/mcsema-testing/SANDBOX/test-2015-12-21_15-36-50/tools/timeit" 500 /dev/null Output/rdgif.llvm.o.compile \
	  /usr/bin/clang -I/home/ed/mcsema-testing/SANDBOX/test-2015-12-21_15-36-50/MultiSource/Benchmarks/mediabench/jpeg/jpeg-6a -I/home/ed/mcsema-testing/llvm-test-suite/MultiSource/Benchmarks/mediabench/jpeg/jpeg-6a -I/home/ed/mcsema-testing/llvm-test-suite/include -I../../../../../include -D_GNU_SOURCE -D__STDC_LIMIT_MACROS -DNDEBUG  -O3  -m64 -fomit-frame-pointer -c /home/ed/mcsema-testing/llvm-test-suite/MultiSource/Benchmarks/mediabench/jpeg/jpeg-6a/rdgif.c -o Output/rdgif.llvm.o
/home/ed/mcsema-testing/llvm-test-suite/RunSafely.sh --show-errors -t "/home/ed/mcsema-testing/SANDBOX/test-2015-12-21_15-36-50/tools/timeit" 500 /dev/null Output/rdppm.llvm.o.compile \
	  /usr/bin/clang -I/home/ed/mcsema-testing/SANDBOX/test-2015-12-21_15-36-50/MultiSource/Benchmarks/mediabench/jpeg/jpeg-6a -I/home/ed/mcsema-testing/llvm-test-suite/MultiSource/Benchmarks/mediabench/jpeg/jpeg-6a -I/home/ed/mcsema-testing/llvm-test-suite/include -I../../../../../include -D_GNU_SOURCE -D__STDC_LIMIT_MACROS -DNDEBUG  -O3  -m64 -fomit-frame-pointer -c /home/ed/mcsema-testing/llvm-test-suite/MultiSource/Benchmarks/mediabench/jpeg/jpeg-6a/rdppm.c -o Output/rdppm.llvm.o
/home/ed/mcsema-testing/llvm-test-suite/RunSafely.sh --show-errors -t "/home/ed/mcsema-testing/SANDBOX/test-2015-12-21_15-36-50/tools/timeit" 500 /dev/null Output/rdrle.llvm.o.compile \
	  /usr/bin/clang -I/home/ed/mcsema-testing/SANDBOX/test-2015-12-21_15-36-50/MultiSource/Benchmarks/mediabench/jpeg/jpeg-6a -I/home/ed/mcsema-testing/llvm-test-suite/MultiSource/Benchmarks/mediabench/jpeg/jpeg-6a -I/home/ed/mcsema-testing/llvm-test-suite/include -I../../../../../include -D_GNU_SOURCE -D__STDC_LIMIT_MACROS -DNDEBUG  -O3  -m64 -fomit-frame-pointer -c /home/ed/mcsema-testing/llvm-test-suite/MultiSource/Benchmarks/mediabench/jpeg/jpeg-6a/rdrle.c -o Output/rdrle.llvm.o
/home/ed/mcsema-testing/llvm-test-suite/RunSafely.sh --show-errors -t "/home/ed/mcsema-testing/SANDBOX/test-2015-12-21_15-36-50/tools/timeit" 500 /dev/null Output/rdswitch.llvm.o.compile \
	  /usr/bin/clang -I/home/ed/mcsema-testing/SANDBOX/test-2015-12-21_15-36-50/MultiSource/Benchmarks/mediabench/jpeg/jpeg-6a -I/home/ed/mcsema-testing/llvm-test-suite/MultiSource/Benchmarks/mediabench/jpeg/jpeg-6a -I/home/ed/mcsema-testing/llvm-test-suite/include -I../../../../../include -D_GNU_SOURCE -D__STDC_LIMIT_MACROS -DNDEBUG  -O3  -m64 -fomit-frame-pointer -c /home/ed/mcsema-testing/llvm-test-suite/MultiSource/Benchmarks/mediabench/jpeg/jpeg-6a/rdswitch.c -o Output/rdswitch.llvm.o
/home/ed/mcsema-testing/llvm-test-suite/RunSafely.sh --show-errors -t "/home/ed/mcsema-testing/SANDBOX/test-2015-12-21_15-36-50/tools/timeit" 500 /dev/null Output/rdtarga.llvm.o.compile \
	  /usr/bin/clang -I/home/ed/mcsema-testing/SANDBOX/test-2015-12-21_15-36-50/MultiSource/Benchmarks/mediabench/jpeg/jpeg-6a -I/home/ed/mcsema-testing/llvm-test-suite/MultiSource/Benchmarks/mediabench/jpeg/jpeg-6a -I/home/ed/mcsema-testing/llvm-test-suite/include -I../../../../../include -D_GNU_SOURCE -D__STDC_LIMIT_MACROS -DNDEBUG  -O3  -m64 -fomit-frame-pointer -c /home/ed/mcsema-testing/llvm-test-suite/MultiSource/Benchmarks/mediabench/jpeg/jpeg-6a/rdtarga.c -o Output/rdtarga.llvm.o
/usr/bin/clang++ -o Output/cjpeg.simple Output/cdjpeg.llvm.o Output/cjpeg.llvm.o Output/jcapimin.llvm.o Output/jcapistd.llvm.o Output/jccoefct.llvm.o Output/jccolor.llvm.o Output/jcdctmgr.llvm.o Output/jchuff.llvm.o Output/jcinit.llvm.o Output/jcmainct.llvm.o Output/jcmarker.llvm.o Output/jcmaster.llvm.o Output/jcomapi.llvm.o Output/jcparam.llvm.o Output/jcphuff.llvm.o Output/jcprepct.llvm.o Output/jcsample.llvm.o Output/jctrans.llvm.o Output/jdapimin.llvm.o Output/jdapistd.llvm.o Output/jdatadst.llvm.o Output/jdatasrc.llvm.o Output/jdcoefct.llvm.o Output/jdcolor.llvm.o Output/jddctmgr.llvm.o Output/jdhuff.llvm.o Output/jdinput.llvm.o Output/jdmainct.llvm.o Output/jdmarker.llvm.o Output/jdmaster.llvm.o Output/jdmerge.llvm.o Output/jdphuff.llvm.o Output/jdpostct.llvm.o Output/jdsample.llvm.o Output/jdtrans.llvm.o Output/jerror.llvm.o Output/jfdctflt.llvm.o Output/jfdctfst.llvm.o Output/jfdctint.llvm.o Output/jidctflt.llvm.o Output/jidctfst.llvm.o Output/jidctint.llvm.o Output/jidctred.llvm.o Output/jmemmgr.llvm.o Output/jmemnobs.llvm.o Output/jquant1.llvm.o Output/jquant2.llvm.o Output/jutils.llvm.o Output/rdbmp.llvm.o Output/rdgif.llvm.o Output/rdppm.llvm.o Output/rdrle.llvm.o Output/rdswitch.llvm.o Output/rdtarga.llvm.o    -m64 -fomit-frame-pointer
/home/ed/mcsema-testing/llvm-test-suite/RunSafely.sh -t "/home/ed/mcsema-testing/SANDBOX/test-2015-12-21_15-36-50/tools/timeit-target" 500 /dev/null Output/cjpeg.out-simple Output/cjpeg.simple -dct int -progressive -opt /home/ed/mcsema-testing/llvm-test-suite/MultiSource/Benchmarks/mediabench/jpeg/jpeg-6a/../data/testimg.ppm
cp Output/cjpeg.simple Output/cjpeg.simple-hash; \
	strip --remove-section=.comment --remove-section='.note*' Output/cjpeg.simple-hash; \
	/home/ed/mcsema-testing/llvm-test-suite/HashProgramOutput.sh Output/cjpeg.simple-hash
if [ -f "/home/ed/mcsema-testing/llvm-test-suite/MultiSource/Benchmarks/mediabench/jpeg/jpeg-6a/cjpeg.reference_output.little-endian." ]; then \
	  cp /home/ed/mcsema-testing/llvm-test-suite/MultiSource/Benchmarks/mediabench/jpeg/jpeg-6a/cjpeg.reference_output.little-endian. Output/cjpeg.out-nat; \
	elif [ -f "/home/ed/mcsema-testing/llvm-test-suite/MultiSource/Benchmarks/mediabench/jpeg/jpeg-6a/cjpeg.reference_output." ]; then \
	  cp /home/ed/mcsema-testing/llvm-test-suite/MultiSource/Benchmarks/mediabench/jpeg/jpeg-6a/cjpeg.reference_output. Output/cjpeg.out-nat; \
	elif [ -f "/home/ed/mcsema-testing/llvm-test-suite/MultiSource/Benchmarks/mediabench/jpeg/jpeg-6a/cjpeg.reference_output.little-endian" ]; then \
	  cp /home/ed/mcsema-testing/llvm-test-suite/MultiSource/Benchmarks/mediabench/jpeg/jpeg-6a/cjpeg.reference_output.little-endian Output/cjpeg.out-nat; \
	elif [ -f "/home/ed/mcsema-testing/llvm-test-suite/MultiSource/Benchmarks/mediabench/jpeg/jpeg-6a/cjpeg.reference_output" ]; then \
	  cp /home/ed/mcsema-testing/llvm-test-suite/MultiSource/Benchmarks/mediabench/jpeg/jpeg-6a/cjpeg.reference_output Output/cjpeg.out-nat; \
	else \
	  printf "WARNING: %s: %s\n" "NO REFERENCE OUTPUT (using default)" "/home/ed/mcsema-testing/llvm-test-suite/MultiSource/Benchmarks/mediabench/jpeg/jpeg-6a/cjpeg.reference_output" > Output/cjpeg.out-nat; \
	  cp /home/ed/mcsema-testing/llvm-test-suite/default.reference_output Output/cjpeg.out-nat; \
	  cat Output/cjpeg.out-nat; \
	fi
# Pretend that the reference output was produced instantaneously.
cp /home/ed/mcsema-testing/llvm-test-suite/instant.txt Output/cjpeg.out-nat.time
/home/ed/mcsema-testing/llvm-test-suite/DiffOutput.sh "/home/ed/mcsema-testing/SANDBOX/test-2015-12-21_15-36-50/tools/fpcmp " simple cjpeg 
rm -f Output/cjpeg.exe-simple
cp Output/cjpeg.diff-simple Output/cjpeg.exe-simple
if test -f Output/cjpeg.extra-results.txt; then \
	  /home/ed/mcsema-testing/llvm-test-suite/ParseMultipleResults /home/ed/mcsema-testing/SANDBOX/test-2015-12-21_15-36-50/MultiSource/Benchmarks/mediabench/jpeg/jpeg-6a/cjpeg Output/cjpeg.extra-results.txt >> Output/cjpeg.simple.exec.report.txt; \
	fi
cat Output/cjpeg.simple.compile.report.txt Output/cjpeg.simple.exec.report.txt >> Output/cjpeg.simple.report.txt
---------------------------------------------------------------
>>> ========= '/home/ed/mcsema-testing/SANDBOX/test-2015-12-21_15-36-50/MultiSource/Benchmarks/mediabench/jpeg/jpeg-6a/cjpeg' Program
---------------------------------------------------------------

TEST-PASS: compile /home/ed/mcsema-testing/SANDBOX/test-2015-12-21_15-36-50/MultiSource/Benchmarks/mediabench/jpeg/jpeg-6a/cjpeg
TEST-RESULT-compile-success: pass
TEST-RESULT-compile-hash: d5bf7f732ba962c1f1cb122ed8e89728
TEST-RESULT-compile-time: user 3.851000
TEST-RESULT-compile-real-time: real 4.850900

TEST-PASS: exec /home/ed/mcsema-testing/SANDBOX/test-2015-12-21_15-36-50/MultiSource/Benchmarks/mediabench/jpeg/jpeg-6a/cjpeg
TEST-RESULT-exec-success: pass
TEST-RESULT-exec-time: user       0.0032
TEST-RESULT-exec-real-time: real       0.0156
make[6]: Leaving directory `/home/ed/mcsema-testing/SANDBOX/test-2015-12-21_15-36-50/MultiSource/Benchmarks/mediabench/jpeg/jpeg-6a'
make[5]: Leaving directory `/home/ed/mcsema-testing/SANDBOX/test-2015-12-21_15-36-50/MultiSource/Benchmarks/mediabench/jpeg'
make[5]: Entering directory `/home/ed/mcsema-testing/SANDBOX/test-2015-12-21_15-36-50/MultiSource/Benchmarks/mediabench/mpeg2'
make[6]: Entering directory `/home/ed/mcsema-testing/SANDBOX/test-2015-12-21_15-36-50/MultiSource/Benchmarks/mediabench/mpeg2/mpeg2dec'
/home/ed/mcsema-testing/llvm-test-suite/RunSafely.sh --show-errors -t "/home/ed/mcsema-testing/SANDBOX/test-2015-12-21_15-36-50/tools/timeit" 500 /dev/null Output/display.llvm.o.compile \
	  /usr/bin/clang -I/home/ed/mcsema-testing/SANDBOX/test-2015-12-21_15-36-50/MultiSource/Benchmarks/mediabench/mpeg2/mpeg2dec -I/home/ed/mcsema-testing/llvm-test-suite/MultiSource/Benchmarks/mediabench/mpeg2/mpeg2dec -I/home/ed/mcsema-testing/llvm-test-suite/include -I../../../../../include -D_GNU_SOURCE -D__STDC_LIMIT_MACROS -DNDEBUG  -O3  -m64 -fomit-frame-pointer -c /home/ed/mcsema-testing/llvm-test-suite/MultiSource/Benchmarks/mediabench/mpeg2/mpeg2dec/display.c -o Output/display.llvm.o
/home/ed/mcsema-testing/llvm-test-suite/RunSafely.sh --show-errors -t "/home/ed/mcsema-testing/SANDBOX/test-2015-12-21_15-36-50/tools/timeit" 500 /dev/null Output/getbits.llvm.o.compile \
	  /usr/bin/clang -I/home/ed/mcsema-testing/SANDBOX/test-2015-12-21_15-36-50/MultiSource/Benchmarks/mediabench/mpeg2/mpeg2dec -I/home/ed/mcsema-testing/llvm-test-suite/MultiSource/Benchmarks/mediabench/mpeg2/mpeg2dec -I/home/ed/mcsema-testing/llvm-test-suite/include -I../../../../../include -D_GNU_SOURCE -D__STDC_LIMIT_MACROS -DNDEBUG  -O3  -m64 -fomit-frame-pointer -c /home/ed/mcsema-testing/llvm-test-suite/MultiSource/Benchmarks/mediabench/mpeg2/mpeg2dec/getbits.c -o Output/getbits.llvm.o
/home/ed/mcsema-testing/llvm-test-suite/RunSafely.sh --show-errors -t "/home/ed/mcsema-testing/SANDBOX/test-2015-12-21_15-36-50/tools/timeit" 500 /dev/null Output/getblk.llvm.o.compile \
	  /usr/bin/clang -I/home/ed/mcsema-testing/SANDBOX/test-2015-12-21_15-36-50/MultiSource/Benchmarks/mediabench/mpeg2/mpeg2dec -I/home/ed/mcsema-testing/llvm-test-suite/MultiSource/Benchmarks/mediabench/mpeg2/mpeg2dec -I/home/ed/mcsema-testing/llvm-test-suite/include -I../../../../../include -D_GNU_SOURCE -D__STDC_LIMIT_MACROS -DNDEBUG  -O3  -m64 -fomit-frame-pointer -c /home/ed/mcsema-testing/llvm-test-suite/MultiSource/Benchmarks/mediabench/mpeg2/mpeg2dec/getblk.c -o Output/getblk.llvm.o
/home/ed/mcsema-testing/llvm-test-suite/RunSafely.sh --show-errors -t "/home/ed/mcsema-testing/SANDBOX/test-2015-12-21_15-36-50/tools/timeit" 500 /dev/null Output/gethdr.llvm.o.compile \
	  /usr/bin/clang -I/home/ed/mcsema-testing/SANDBOX/test-2015-12-21_15-36-50/MultiSource/Benchmarks/mediabench/mpeg2/mpeg2dec -I/home/ed/mcsema-testing/llvm-test-suite/MultiSource/Benchmarks/mediabench/mpeg2/mpeg2dec -I/home/ed/mcsema-testing/llvm-test-suite/include -I../../../../../include -D_GNU_SOURCE -D__STDC_LIMIT_MACROS -DNDEBUG  -O3  -m64 -fomit-frame-pointer -c /home/ed/mcsema-testing/llvm-test-suite/MultiSource/Benchmarks/mediabench/mpeg2/mpeg2dec/gethdr.c -o Output/gethdr.llvm.o
/home/ed/mcsema-testing/llvm-test-suite/RunSafely.sh --show-errors -t "/home/ed/mcsema-testing/SANDBOX/test-2015-12-21_15-36-50/tools/timeit" 500 /dev/null Output/getpic.llvm.o.compile \
	  /usr/bin/clang -I/home/ed/mcsema-testing/SANDBOX/test-2015-12-21_15-36-50/MultiSource/Benchmarks/mediabench/mpeg2/mpeg2dec -I/home/ed/mcsema-testing/llvm-test-suite/MultiSource/Benchmarks/mediabench/mpeg2/mpeg2dec -I/home/ed/mcsema-testing/llvm-test-suite/include -I../../../../../include -D_GNU_SOURCE -D__STDC_LIMIT_MACROS -DNDEBUG  -O3  -m64 -fomit-frame-pointer -c /home/ed/mcsema-testing/llvm-test-suite/MultiSource/Benchmarks/mediabench/mpeg2/mpeg2dec/getpic.c -o Output/getpic.llvm.o
/home/ed/mcsema-testing/llvm-test-suite/RunSafely.sh --show-errors -t "/home/ed/mcsema-testing/SANDBOX/test-2015-12-21_15-36-50/tools/timeit" 500 /dev/null Output/getvlc.llvm.o.compile \
	  /usr/bin/clang -I/home/ed/mcsema-testing/SANDBOX/test-2015-12-21_15-36-50/MultiSource/Benchmarks/mediabench/mpeg2/mpeg2dec -I/home/ed/mcsema-testing/llvm-test-suite/MultiSource/Benchmarks/mediabench/mpeg2/mpeg2dec -I/home/ed/mcsema-testing/llvm-test-suite/include -I../../../../../include -D_GNU_SOURCE -D__STDC_LIMIT_MACROS -DNDEBUG  -O3  -m64 -fomit-frame-pointer -c /home/ed/mcsema-testing/llvm-test-suite/MultiSource/Benchmarks/mediabench/mpeg2/mpeg2dec/getvlc.c -o Output/getvlc.llvm.o
/home/ed/mcsema-testing/llvm-test-suite/RunSafely.sh --show-errors -t "/home/ed/mcsema-testing/SANDBOX/test-2015-12-21_15-36-50/tools/timeit" 500 /dev/null Output/idct.llvm.o.compile \
	  /usr/bin/clang -I/home/ed/mcsema-testing/SANDBOX/test-2015-12-21_15-36-50/MultiSource/Benchmarks/mediabench/mpeg2/mpeg2dec -I/home/ed/mcsema-testing/llvm-test-suite/MultiSource/Benchmarks/mediabench/mpeg2/mpeg2dec -I/home/ed/mcsema-testing/llvm-test-suite/include -I../../../../../include -D_GNU_SOURCE -D__STDC_LIMIT_MACROS -DNDEBUG  -O3  -m64 -fomit-frame-pointer -c /home/ed/mcsema-testing/llvm-test-suite/MultiSource/Benchmarks/mediabench/mpeg2/mpeg2dec/idct.c -o Output/idct.llvm.o
/home/ed/mcsema-testing/llvm-test-suite/RunSafely.sh --show-errors -t "/home/ed/mcsema-testing/SANDBOX/test-2015-12-21_15-36-50/tools/timeit" 500 /dev/null Output/idctref.llvm.o.compile \
	  /usr/bin/clang -I/home/ed/mcsema-testing/SANDBOX/test-2015-12-21_15-36-50/MultiSource/Benchmarks/mediabench/mpeg2/mpeg2dec -I/home/ed/mcsema-testing/llvm-test-suite/MultiSource/Benchmarks/mediabench/mpeg2/mpeg2dec -I/home/ed/mcsema-testing/llvm-test-suite/include -I../../../../../include -D_GNU_SOURCE -D__STDC_LIMIT_MACROS -DNDEBUG  -O3  -m64 -fomit-frame-pointer -c /home/ed/mcsema-testing/llvm-test-suite/MultiSource/Benchmarks/mediabench/mpeg2/mpeg2dec/idctref.c -o Output/idctref.llvm.o
/home/ed/mcsema-testing/llvm-test-suite/RunSafely.sh --show-errors -t "/home/ed/mcsema-testing/SANDBOX/test-2015-12-21_15-36-50/tools/timeit" 500 /dev/null Output/motion.llvm.o.compile \
	  /usr/bin/clang -I/home/ed/mcsema-testing/SANDBOX/test-2015-12-21_15-36-50/MultiSource/Benchmarks/mediabench/mpeg2/mpeg2dec -I/home/ed/mcsema-testing/llvm-test-suite/MultiSource/Benchmarks/mediabench/mpeg2/mpeg2dec -I/home/ed/mcsema-testing/llvm-test-suite/include -I../../../../../include -D_GNU_SOURCE -D__STDC_LIMIT_MACROS -DNDEBUG  -O3  -m64 -fomit-frame-pointer -c /home/ed/mcsema-testing/llvm-test-suite/MultiSource/Benchmarks/mediabench/mpeg2/mpeg2dec/motion.c -o Output/motion.llvm.o
/home/ed/mcsema-testing/llvm-test-suite/RunSafely.sh --show-errors -t "/home/ed/mcsema-testing/SANDBOX/test-2015-12-21_15-36-50/tools/timeit" 500 /dev/null Output/mpeg2dec.llvm.o.compile \
	  /usr/bin/clang -I/home/ed/mcsema-testing/SANDBOX/test-2015-12-21_15-36-50/MultiSource/Benchmarks/mediabench/mpeg2/mpeg2dec -I/home/ed/mcsema-testing/llvm-test-suite/MultiSource/Benchmarks/mediabench/mpeg2/mpeg2dec -I/home/ed/mcsema-testing/llvm-test-suite/include -I../../../../../include -D_GNU_SOURCE -D__STDC_LIMIT_MACROS -DNDEBUG  -O3  -m64 -fomit-frame-pointer -c /home/ed/mcsema-testing/llvm-test-suite/MultiSource/Benchmarks/mediabench/mpeg2/mpeg2dec/mpeg2dec.c -o Output/mpeg2dec.llvm.o
/home/ed/mcsema-testing/llvm-test-suite/RunSafely.sh --show-errors -t "/home/ed/mcsema-testing/SANDBOX/test-2015-12-21_15-36-50/tools/timeit" 500 /dev/null Output/recon.llvm.o.compile \
	  /usr/bin/clang -I/home/ed/mcsema-testing/SANDBOX/test-2015-12-21_15-36-50/MultiSource/Benchmarks/mediabench/mpeg2/mpeg2dec -I/home/ed/mcsema-testing/llvm-test-suite/MultiSource/Benchmarks/mediabench/mpeg2/mpeg2dec -I/home/ed/mcsema-testing/llvm-test-suite/include -I../../../../../include -D_GNU_SOURCE -D__STDC_LIMIT_MACROS -DNDEBUG  -O3  -m64 -fomit-frame-pointer -c /home/ed/mcsema-testing/llvm-test-suite/MultiSource/Benchmarks/mediabench/mpeg2/mpeg2dec/recon.c -o Output/recon.llvm.o
/home/ed/mcsema-testing/llvm-test-suite/RunSafely.sh --show-errors -t "/home/ed/mcsema-testing/SANDBOX/test-2015-12-21_15-36-50/tools/timeit" 500 /dev/null Output/spatscal.llvm.o.compile \
	  /usr/bin/clang -I/home/ed/mcsema-testing/SANDBOX/test-2015-12-21_15-36-50/MultiSource/Benchmarks/mediabench/mpeg2/mpeg2dec -I/home/ed/mcsema-testing/llvm-test-suite/MultiSource/Benchmarks/mediabench/mpeg2/mpeg2dec -I/home/ed/mcsema-testing/llvm-test-suite/include -I../../../../../include -D_GNU_SOURCE -D__STDC_LIMIT_MACROS -DNDEBUG  -O3  -m64 -fomit-frame-pointer -c /home/ed/mcsema-testing/llvm-test-suite/MultiSource/Benchmarks/mediabench/mpeg2/mpeg2dec/spatscal.c -o Output/spatscal.llvm.o
/home/ed/mcsema-testing/llvm-test-suite/RunSafely.sh --show-errors -t "/home/ed/mcsema-testing/SANDBOX/test-2015-12-21_15-36-50/tools/timeit" 500 /dev/null Output/store.llvm.o.compile \
	  /usr/bin/clang -I/home/ed/mcsema-testing/SANDBOX/test-2015-12-21_15-36-50/MultiSource/Benchmarks/mediabench/mpeg2/mpeg2dec -I/home/ed/mcsema-testing/llvm-test-suite/MultiSource/Benchmarks/mediabench/mpeg2/mpeg2dec -I/home/ed/mcsema-testing/llvm-test-suite/include -I../../../../../include -D_GNU_SOURCE -D__STDC_LIMIT_MACROS -DNDEBUG  -O3  -m64 -fomit-frame-pointer -c /home/ed/mcsema-testing/llvm-test-suite/MultiSource/Benchmarks/mediabench/mpeg2/mpeg2dec/store.c -o Output/store.llvm.o
/home/ed/mcsema-testing/llvm-test-suite/RunSafely.sh --show-errors -t "/home/ed/mcsema-testing/SANDBOX/test-2015-12-21_15-36-50/tools/timeit" 500 /dev/null Output/subspic.llvm.o.compile \
	  /usr/bin/clang -I/home/ed/mcsema-testing/SANDBOX/test-2015-12-21_15-36-50/MultiSource/Benchmarks/mediabench/mpeg2/mpeg2dec -I/home/ed/mcsema-testing/llvm-test-suite/MultiSource/Benchmarks/mediabench/mpeg2/mpeg2dec -I/home/ed/mcsema-testing/llvm-test-suite/include -I../../../../../include -D_GNU_SOURCE -D__STDC_LIMIT_MACROS -DNDEBUG  -O3  -m64 -fomit-frame-pointer -c /home/ed/mcsema-testing/llvm-test-suite/MultiSource/Benchmarks/mediabench/mpeg2/mpeg2dec/subspic.c -o Output/subspic.llvm.o
/home/ed/mcsema-testing/llvm-test-suite/RunSafely.sh --show-errors -t "/home/ed/mcsema-testing/SANDBOX/test-2015-12-21_15-36-50/tools/timeit" 500 /dev/null Output/systems.llvm.o.compile \
	  /usr/bin/clang -I/home/ed/mcsema-testing/SANDBOX/test-2015-12-21_15-36-50/MultiSource/Benchmarks/mediabench/mpeg2/mpeg2dec -I/home/ed/mcsema-testing/llvm-test-suite/MultiSource/Benchmarks/mediabench/mpeg2/mpeg2dec -I/home/ed/mcsema-testing/llvm-test-suite/include -I../../../../../include -D_GNU_SOURCE -D__STDC_LIMIT_MACROS -DNDEBUG  -O3  -m64 -fomit-frame-pointer -c /home/ed/mcsema-testing/llvm-test-suite/MultiSource/Benchmarks/mediabench/mpeg2/mpeg2dec/systems.c -o Output/systems.llvm.o
/home/ed/mcsema-testing/llvm-test-suite/RunSafely.sh --show-errors -t "/home/ed/mcsema-testing/SANDBOX/test-2015-12-21_15-36-50/tools/timeit" 500 /dev/null Output/verify.llvm.o.compile \
	  /usr/bin/clang -I/home/ed/mcsema-testing/SANDBOX/test-2015-12-21_15-36-50/MultiSource/Benchmarks/mediabench/mpeg2/mpeg2dec -I/home/ed/mcsema-testing/llvm-test-suite/MultiSource/Benchmarks/mediabench/mpeg2/mpeg2dec -I/home/ed/mcsema-testing/llvm-test-suite/include -I../../../../../include -D_GNU_SOURCE -D__STDC_LIMIT_MACROS -DNDEBUG  -O3  -m64 -fomit-frame-pointer -c /home/ed/mcsema-testing/llvm-test-suite/MultiSource/Benchmarks/mediabench/mpeg2/mpeg2dec/verify.c -o Output/verify.llvm.o
/usr/bin/clang++ -o Output/mpeg2decode.simple Output/display.llvm.o Output/getbits.llvm.o Output/getblk.llvm.o Output/gethdr.llvm.o Output/getpic.llvm.o Output/getvlc.llvm.o Output/idct.llvm.o Output/idctref.llvm.o Output/motion.llvm.o Output/mpeg2dec.llvm.o Output/recon.llvm.o Output/spatscal.llvm.o Output/store.llvm.o Output/subspic.llvm.o Output/systems.llvm.o Output/verify.llvm.o -lm   -m64 -fomit-frame-pointer
/home/ed/mcsema-testing/llvm-test-suite/RunSafely.sh -t "/home/ed/mcsema-testing/SANDBOX/test-2015-12-21_15-36-50/tools/timeit-target" 500 /dev/null Output/mpeg2decode.out-simple Output/mpeg2decode.simple -b /home/ed/mcsema-testing/llvm-test-suite/MultiSource/Benchmarks/mediabench/mpeg2/mpeg2dec/../data/mei16v2.m2v -r -f -o0 /home/ed/mcsema-testing/SANDBOX/test-2015-12-21_15-36-50/MultiSource/Benchmarks/mediabench/mpeg2/mpeg2dec/tmp%d
cp Output/mpeg2decode.simple Output/mpeg2decode.simple-hash; \
	strip --remove-section=.comment --remove-section='.note*' Output/mpeg2decode.simple-hash; \
	/home/ed/mcsema-testing/llvm-test-suite/HashProgramOutput.sh Output/mpeg2decode.simple-hash
if [ -f "/home/ed/mcsema-testing/llvm-test-suite/MultiSource/Benchmarks/mediabench/mpeg2/mpeg2dec/mpeg2decode.reference_output.little-endian." ]; then \
	  cp /home/ed/mcsema-testing/llvm-test-suite/MultiSource/Benchmarks/mediabench/mpeg2/mpeg2dec/mpeg2decode.reference_output.little-endian. Output/mpeg2decode.out-nat; \
	elif [ -f "/home/ed/mcsema-testing/llvm-test-suite/MultiSource/Benchmarks/mediabench/mpeg2/mpeg2dec/mpeg2decode.reference_output." ]; then \
	  cp /home/ed/mcsema-testing/llvm-test-suite/MultiSource/Benchmarks/mediabench/mpeg2/mpeg2dec/mpeg2decode.reference_output. Output/mpeg2decode.out-nat; \
	elif [ -f "/home/ed/mcsema-testing/llvm-test-suite/MultiSource/Benchmarks/mediabench/mpeg2/mpeg2dec/mpeg2decode.reference_output.little-endian" ]; then \
	  cp /home/ed/mcsema-testing/llvm-test-suite/MultiSource/Benchmarks/mediabench/mpeg2/mpeg2dec/mpeg2decode.reference_output.little-endian Output/mpeg2decode.out-nat; \
	elif [ -f "/home/ed/mcsema-testing/llvm-test-suite/MultiSource/Benchmarks/mediabench/mpeg2/mpeg2dec/mpeg2decode.reference_output" ]; then \
	  cp /home/ed/mcsema-testing/llvm-test-suite/MultiSource/Benchmarks/mediabench/mpeg2/mpeg2dec/mpeg2decode.reference_output Output/mpeg2decode.out-nat; \
	else \
	  printf "WARNING: %s: %s\n" "NO REFERENCE OUTPUT (using default)" "/home/ed/mcsema-testing/llvm-test-suite/MultiSource/Benchmarks/mediabench/mpeg2/mpeg2dec/mpeg2decode.reference_output" > Output/mpeg2decode.out-nat; \
	  cp /home/ed/mcsema-testing/llvm-test-suite/default.reference_output Output/mpeg2decode.out-nat; \
	  cat Output/mpeg2decode.out-nat; \
	fi
# Pretend that the reference output was produced instantaneously.
cp /home/ed/mcsema-testing/llvm-test-suite/instant.txt Output/mpeg2decode.out-nat.time
/home/ed/mcsema-testing/llvm-test-suite/DiffOutput.sh "/home/ed/mcsema-testing/SANDBOX/test-2015-12-21_15-36-50/tools/fpcmp " simple mpeg2decode 
rm -f Output/mpeg2decode.exe-simple
cp Output/mpeg2decode.diff-simple Output/mpeg2decode.exe-simple
if test -f Output/mpeg2decode.extra-results.txt; then \
	  /home/ed/mcsema-testing/llvm-test-suite/ParseMultipleResults /home/ed/mcsema-testing/SANDBOX/test-2015-12-21_15-36-50/MultiSource/Benchmarks/mediabench/mpeg2/mpeg2dec/mpeg2decode Output/mpeg2decode.extra-results.txt >> Output/mpeg2decode.simple.exec.report.txt; \
	fi
cat Output/mpeg2decode.simple.compile.report.txt Output/mpeg2decode.simple.exec.report.txt >> Output/mpeg2decode.simple.report.txt
---------------------------------------------------------------
>>> ========= '/home/ed/mcsema-testing/SANDBOX/test-2015-12-21_15-36-50/MultiSource/Benchmarks/mediabench/mpeg2/mpeg2dec/mpeg2decode' Program
---------------------------------------------------------------

TEST-PASS: compile /home/ed/mcsema-testing/SANDBOX/test-2015-12-21_15-36-50/MultiSource/Benchmarks/mediabench/mpeg2/mpeg2dec/mpeg2decode
TEST-RESULT-compile-success: pass
TEST-RESULT-compile-hash: 05b9f8a1db77a5c495c081c374da8277
TEST-RESULT-compile-time: user 1.027400
TEST-RESULT-compile-real-time: real 1.313000

TEST-PASS: exec /home/ed/mcsema-testing/SANDBOX/test-2015-12-21_15-36-50/MultiSource/Benchmarks/mediabench/mpeg2/mpeg2dec/mpeg2decode
TEST-RESULT-exec-success: pass
TEST-RESULT-exec-time: user       0.0106
TEST-RESULT-exec-real-time: real       0.0136
make[6]: Leaving directory `/home/ed/mcsema-testing/SANDBOX/test-2015-12-21_15-36-50/MultiSource/Benchmarks/mediabench/mpeg2/mpeg2dec'
make[5]: Leaving directory `/home/ed/mcsema-testing/SANDBOX/test-2015-12-21_15-36-50/MultiSource/Benchmarks/mediabench/mpeg2'
make[4]: Leaving directory `/home/ed/mcsema-testing/SANDBOX/test-2015-12-21_15-36-50/MultiSource/Benchmarks/mediabench'
make[4]: Entering directory `/home/ed/mcsema-testing/SANDBOX/test-2015-12-21_15-36-50/MultiSource/Benchmarks/nbench'
/home/ed/mcsema-testing/llvm-test-suite/RunSafely.sh --show-errors -t "/home/ed/mcsema-testing/SANDBOX/test-2015-12-21_15-36-50/tools/timeit" 500 /dev/null Output/emfloat.llvm.o.compile \
	  /usr/bin/clang -DBASE_ITERATIONS=25 -I/home/ed/mcsema-testing/SANDBOX/test-2015-12-21_15-36-50/MultiSource/Benchmarks/nbench -I/home/ed/mcsema-testing/llvm-test-suite/MultiSource/Benchmarks/nbench -I/home/ed/mcsema-testing/llvm-test-suite/include -I../../../include -D_GNU_SOURCE -D__STDC_LIMIT_MACROS -DNDEBUG  -O3  -m64 -fomit-frame-pointer -c /home/ed/mcsema-testing/llvm-test-suite/MultiSource/Benchmarks/nbench/emfloat.c -o Output/emfloat.llvm.o
/home/ed/mcsema-testing/llvm-test-suite/RunSafely.sh --show-errors -t "/home/ed/mcsema-testing/SANDBOX/test-2015-12-21_15-36-50/tools/timeit" 500 /dev/null Output/misc.llvm.o.compile \
	  /usr/bin/clang -DBASE_ITERATIONS=25 -I/home/ed/mcsema-testing/SANDBOX/test-2015-12-21_15-36-50/MultiSource/Benchmarks/nbench -I/home/ed/mcsema-testing/llvm-test-suite/MultiSource/Benchmarks/nbench -I/home/ed/mcsema-testing/llvm-test-suite/include -I../../../include -D_GNU_SOURCE -D__STDC_LIMIT_MACROS -DNDEBUG  -O3  -m64 -fomit-frame-pointer -c /home/ed/mcsema-testing/llvm-test-suite/MultiSource/Benchmarks/nbench/misc.c -o Output/misc.llvm.o
/home/ed/mcsema-testing/llvm-test-suite/RunSafely.sh --show-errors -t "/home/ed/mcsema-testing/SANDBOX/test-2015-12-21_15-36-50/tools/timeit" 500 /dev/null Output/nbench0.llvm.o.compile \
	  /usr/bin/clang -DBASE_ITERATIONS=25 -I/home/ed/mcsema-testing/SANDBOX/test-2015-12-21_15-36-50/MultiSource/Benchmarks/nbench -I/home/ed/mcsema-testing/llvm-test-suite/MultiSource/Benchmarks/nbench -I/home/ed/mcsema-testing/llvm-test-suite/include -I../../../include -D_GNU_SOURCE -D__STDC_LIMIT_MACROS -DNDEBUG  -O3  -m64 -fomit-frame-pointer -c /home/ed/mcsema-testing/llvm-test-suite/MultiSource/Benchmarks/nbench/nbench0.c -o Output/nbench0.llvm.o
/home/ed/mcsema-testing/llvm-test-suite/RunSafely.sh --show-errors -t "/home/ed/mcsema-testing/SANDBOX/test-2015-12-21_15-36-50/tools/timeit" 500 /dev/null Output/nbench1.llvm.o.compile \
	  /usr/bin/clang -DBASE_ITERATIONS=25 -I/home/ed/mcsema-testing/SANDBOX/test-2015-12-21_15-36-50/MultiSource/Benchmarks/nbench -I/home/ed/mcsema-testing/llvm-test-suite/MultiSource/Benchmarks/nbench -I/home/ed/mcsema-testing/llvm-test-suite/include -I../../../include -D_GNU_SOURCE -D__STDC_LIMIT_MACROS -DNDEBUG  -O3  -m64 -fomit-frame-pointer -c /home/ed/mcsema-testing/llvm-test-suite/MultiSource/Benchmarks/nbench/nbench1.c -o Output/nbench1.llvm.o
/home/ed/mcsema-testing/llvm-test-suite/RunSafely.sh --show-errors -t "/home/ed/mcsema-testing/SANDBOX/test-2015-12-21_15-36-50/tools/timeit" 500 /dev/null Output/sysspec.llvm.o.compile \
	  /usr/bin/clang -DBASE_ITERATIONS=25 -I/home/ed/mcsema-testing/SANDBOX/test-2015-12-21_15-36-50/MultiSource/Benchmarks/nbench -I/home/ed/mcsema-testing/llvm-test-suite/MultiSource/Benchmarks/nbench -I/home/ed/mcsema-testing/llvm-test-suite/include -I../../../include -D_GNU_SOURCE -D__STDC_LIMIT_MACROS -DNDEBUG  -O3  -m64 -fomit-frame-pointer -c /home/ed/mcsema-testing/llvm-test-suite/MultiSource/Benchmarks/nbench/sysspec.c -o Output/sysspec.llvm.o
/usr/bin/clang++ -o Output/nbench.simple Output/emfloat.llvm.o Output/misc.llvm.o Output/nbench0.llvm.o Output/nbench1.llvm.o Output/sysspec.llvm.o    -m64 -fomit-frame-pointer
/home/ed/mcsema-testing/llvm-test-suite/RunSafely.sh -t "/home/ed/mcsema-testing/SANDBOX/test-2015-12-21_15-36-50/tools/timeit-target" 500 /dev/null Output/nbench.out-simple Output/nbench.simple 
cp Output/nbench.simple Output/nbench.simple-hash; \
	strip --remove-section=.comment --remove-section='.note*' Output/nbench.simple-hash; \
	/home/ed/mcsema-testing/llvm-test-suite/HashProgramOutput.sh Output/nbench.simple-hash
if [ -f "/home/ed/mcsema-testing/llvm-test-suite/MultiSource/Benchmarks/nbench/nbench.reference_output.little-endian." ]; then \
	  cp /home/ed/mcsema-testing/llvm-test-suite/MultiSource/Benchmarks/nbench/nbench.reference_output.little-endian. Output/nbench.out-nat; \
	elif [ -f "/home/ed/mcsema-testing/llvm-test-suite/MultiSource/Benchmarks/nbench/nbench.reference_output." ]; then \
	  cp /home/ed/mcsema-testing/llvm-test-suite/MultiSource/Benchmarks/nbench/nbench.reference_output. Output/nbench.out-nat; \
	elif [ -f "/home/ed/mcsema-testing/llvm-test-suite/MultiSource/Benchmarks/nbench/nbench.reference_output.little-endian" ]; then \
	  cp /home/ed/mcsema-testing/llvm-test-suite/MultiSource/Benchmarks/nbench/nbench.reference_output.little-endian Output/nbench.out-nat; \
	elif [ -f "/home/ed/mcsema-testing/llvm-test-suite/MultiSource/Benchmarks/nbench/nbench.reference_output" ]; then \
	  cp /home/ed/mcsema-testing/llvm-test-suite/MultiSource/Benchmarks/nbench/nbench.reference_output Output/nbench.out-nat; \
	else \
	  printf "WARNING: %s: %s\n" "NO REFERENCE OUTPUT (using default)" "/home/ed/mcsema-testing/llvm-test-suite/MultiSource/Benchmarks/nbench/nbench.reference_output" > Output/nbench.out-nat; \
	  cp /home/ed/mcsema-testing/llvm-test-suite/default.reference_output Output/nbench.out-nat; \
	  cat Output/nbench.out-nat; \
	fi
# Pretend that the reference output was produced instantaneously.
cp /home/ed/mcsema-testing/llvm-test-suite/instant.txt Output/nbench.out-nat.time
/home/ed/mcsema-testing/llvm-test-suite/DiffOutput.sh "/home/ed/mcsema-testing/SANDBOX/test-2015-12-21_15-36-50/tools/fpcmp " simple nbench 
rm -f Output/nbench.exe-simple
cp Output/nbench.diff-simple Output/nbench.exe-simple
if test -f Output/nbench.extra-results.txt; then \
	  /home/ed/mcsema-testing/llvm-test-suite/ParseMultipleResults /home/ed/mcsema-testing/SANDBOX/test-2015-12-21_15-36-50/MultiSource/Benchmarks/nbench/nbench Output/nbench.extra-results.txt >> Output/nbench.simple.exec.report.txt; \
	fi
cat Output/nbench.simple.compile.report.txt Output/nbench.simple.exec.report.txt >> Output/nbench.simple.report.txt
---------------------------------------------------------------
>>> ========= '/home/ed/mcsema-testing/SANDBOX/test-2015-12-21_15-36-50/MultiSource/Benchmarks/nbench/nbench' Program
---------------------------------------------------------------

TEST-PASS: compile /home/ed/mcsema-testing/SANDBOX/test-2015-12-21_15-36-50/MultiSource/Benchmarks/nbench/nbench
TEST-RESULT-compile-success: pass
TEST-RESULT-compile-hash: 2bd4c187c7115b2e6d9a4a942e0974cf
TEST-RESULT-compile-time: user 0.730500
TEST-RESULT-compile-real-time: real 0.856600

TEST-PASS: exec /home/ed/mcsema-testing/SANDBOX/test-2015-12-21_15-36-50/MultiSource/Benchmarks/nbench/nbench
TEST-RESULT-exec-success: pass
TEST-RESULT-exec-time: user       8.0367
TEST-RESULT-exec-real-time: real       8.0561
make[4]: Leaving directory `/home/ed/mcsema-testing/SANDBOX/test-2015-12-21_15-36-50/MultiSource/Benchmarks/nbench'
make[4]: Entering directory `/home/ed/mcsema-testing/SANDBOX/test-2015-12-21_15-36-50/MultiSource/Benchmarks/ASCI_Purple'
make[5]: Entering directory `/home/ed/mcsema-testing/SANDBOX/test-2015-12-21_15-36-50/MultiSource/Benchmarks/ASCI_Purple/SMG2000'
/home/ed/mcsema-testing/llvm-test-suite/RunSafely.sh --show-errors -t "/home/ed/mcsema-testing/SANDBOX/test-2015-12-21_15-36-50/tools/timeit" 500 /dev/null Output/HYPRE_pcg.llvm.o.compile \
	  /usr/bin/clang -D_POSIX_SOURCE -DHYPRE_TIMING -DHYPRE_SEQUENTIAL  -I.  -I/home/ed/mcsema-testing/SANDBOX/test-2015-12-21_15-36-50/MultiSource/Benchmarks/ASCI_Purple/SMG2000 -I/home/ed/mcsema-testing/llvm-test-suite/MultiSource/Benchmarks/ASCI_Purple/SMG2000 -I/home/ed/mcsema-testing/llvm-test-suite/include -I../../../../include -D_GNU_SOURCE -D__STDC_LIMIT_MACROS -DNDEBUG  -O3  -m64 -fomit-frame-pointer -c /home/ed/mcsema-testing/llvm-test-suite/MultiSource/Benchmarks/ASCI_Purple/SMG2000/HYPRE_pcg.c -o Output/HYPRE_pcg.llvm.o
/home/ed/mcsema-testing/llvm-test-suite/RunSafely.sh --show-errors -t "/home/ed/mcsema-testing/SANDBOX/test-2015-12-21_15-36-50/tools/timeit" 500 /dev/null Output/HYPRE_struct_grid.llvm.o.compile \
	  /usr/bin/clang -D_POSIX_SOURCE -DHYPRE_TIMING -DHYPRE_SEQUENTIAL  -I.  -I/home/ed/mcsema-testing/SANDBOX/test-2015-12-21_15-36-50/MultiSource/Benchmarks/ASCI_Purple/SMG2000 -I/home/ed/mcsema-testing/llvm-test-suite/MultiSource/Benchmarks/ASCI_Purple/SMG2000 -I/home/ed/mcsema-testing/llvm-test-suite/include -I../../../../include -D_GNU_SOURCE -D__STDC_LIMIT_MACROS -DNDEBUG  -O3  -m64 -fomit-frame-pointer -c /home/ed/mcsema-testing/llvm-test-suite/MultiSource/Benchmarks/ASCI_Purple/SMG2000/HYPRE_struct_grid.c -o Output/HYPRE_struct_grid.llvm.o
/home/ed/mcsema-testing/llvm-test-suite/RunSafely.sh --show-errors -t "/home/ed/mcsema-testing/SANDBOX/test-2015-12-21_15-36-50/tools/timeit" 500 /dev/null Output/HYPRE_struct_matrix.llvm.o.compile \
	  /usr/bin/clang -D_POSIX_SOURCE -DHYPRE_TIMING -DHYPRE_SEQUENTIAL  -I.  -I/home/ed/mcsema-testing/SANDBOX/test-2015-12-21_15-36-50/MultiSource/Benchmarks/ASCI_Purple/SMG2000 -I/home/ed/mcsema-testing/llvm-test-suite/MultiSource/Benchmarks/ASCI_Purple/SMG2000 -I/home/ed/mcsema-testing/llvm-test-suite/include -I../../../../include -D_GNU_SOURCE -D__STDC_LIMIT_MACROS -DNDEBUG  -O3  -m64 -fomit-frame-pointer -c /home/ed/mcsema-testing/llvm-test-suite/MultiSource/Benchmarks/ASCI_Purple/SMG2000/HYPRE_struct_matrix.c -o Output/HYPRE_struct_matrix.llvm.o
/home/ed/mcsema-testing/llvm-test-suite/RunSafely.sh --show-errors -t "/home/ed/mcsema-testing/SANDBOX/test-2015-12-21_15-36-50/tools/timeit" 500 /dev/null Output/HYPRE_struct_pcg.llvm.o.compile \
	  /usr/bin/clang -D_POSIX_SOURCE -DHYPRE_TIMING -DHYPRE_SEQUENTIAL  -I.  -I/home/ed/mcsema-testing/SANDBOX/test-2015-12-21_15-36-50/MultiSource/Benchmarks/ASCI_Purple/SMG2000 -I/home/ed/mcsema-testing/llvm-test-suite/MultiSource/Benchmarks/ASCI_Purple/SMG2000 -I/home/ed/mcsema-testing/llvm-test-suite/include -I../../../../include -D_GNU_SOURCE -D__STDC_LIMIT_MACROS -DNDEBUG  -O3  -m64 -fomit-frame-pointer -c /home/ed/mcsema-testing/llvm-test-suite/MultiSource/Benchmarks/ASCI_Purple/SMG2000/HYPRE_struct_pcg.c -o Output/HYPRE_struct_pcg.llvm.o
/home/ed/mcsema-testing/llvm-test-suite/RunSafely.sh --show-errors -t "/home/ed/mcsema-testing/SANDBOX/test-2015-12-21_15-36-50/tools/timeit" 500 /dev/null Output/HYPRE_struct_smg.llvm.o.compile \
	  /usr/bin/clang -D_POSIX_SOURCE -DHYPRE_TIMING -DHYPRE_SEQUENTIAL  -I.  -I/home/ed/mcsema-testing/SANDBOX/test-2015-12-21_15-36-50/MultiSource/Benchmarks/ASCI_Purple/SMG2000 -I/home/ed/mcsema-testing/llvm-test-suite/MultiSource/Benchmarks/ASCI_Purple/SMG2000 -I/home/ed/mcsema-testing/llvm-test-suite/include -I../../../../include -D_GNU_SOURCE -D__STDC_LIMIT_MACROS -DNDEBUG  -O3  -m64 -fomit-frame-pointer -c /home/ed/mcsema-testing/llvm-test-suite/MultiSource/Benchmarks/ASCI_Purple/SMG2000/HYPRE_struct_smg.c -o Output/HYPRE_struct_smg.llvm.o
/home/ed/mcsema-testing/llvm-test-suite/RunSafely.sh --show-errors -t "/home/ed/mcsema-testing/SANDBOX/test-2015-12-21_15-36-50/tools/timeit" 500 /dev/null Output/HYPRE_struct_stencil.llvm.o.compile \
	  /usr/bin/clang -D_POSIX_SOURCE -DHYPRE_TIMING -DHYPRE_SEQUENTIAL  -I.  -I/home/ed/mcsema-testing/SANDBOX/test-2015-12-21_15-36-50/MultiSource/Benchmarks/ASCI_Purple/SMG2000 -I/home/ed/mcsema-testing/llvm-test-suite/MultiSource/Benchmarks/ASCI_Purple/SMG2000 -I/home/ed/mcsema-testing/llvm-test-suite/include -I../../../../include -D_GNU_SOURCE -D__STDC_LIMIT_MACROS -DNDEBUG  -O3  -m64 -fomit-frame-pointer -c /home/ed/mcsema-testing/llvm-test-suite/MultiSource/Benchmarks/ASCI_Purple/SMG2000/HYPRE_struct_stencil.c -o Output/HYPRE_struct_stencil.llvm.o
/home/ed/mcsema-testing/llvm-test-suite/RunSafely.sh --show-errors -t "/home/ed/mcsema-testing/SANDBOX/test-2015-12-21_15-36-50/tools/timeit" 500 /dev/null Output/HYPRE_struct_vector.llvm.o.compile \
	  /usr/bin/clang -D_POSIX_SOURCE -DHYPRE_TIMING -DHYPRE_SEQUENTIAL  -I.  -I/home/ed/mcsema-testing/SANDBOX/test-2015-12-21_15-36-50/MultiSource/Benchmarks/ASCI_Purple/SMG2000 -I/home/ed/mcsema-testing/llvm-test-suite/MultiSource/Benchmarks/ASCI_Purple/SMG2000 -I/home/ed/mcsema-testing/llvm-test-suite/include -I../../../../include -D_GNU_SOURCE -D__STDC_LIMIT_MACROS -DNDEBUG  -O3  -m64 -fomit-frame-pointer -c /home/ed/mcsema-testing/llvm-test-suite/MultiSource/Benchmarks/ASCI_Purple/SMG2000/HYPRE_struct_vector.c -o Output/HYPRE_struct_vector.llvm.o
/home/ed/mcsema-testing/llvm-test-suite/RunSafely.sh --show-errors -t "/home/ed/mcsema-testing/SANDBOX/test-2015-12-21_15-36-50/tools/timeit" 500 /dev/null Output/box.llvm.o.compile \
	  /usr/bin/clang -D_POSIX_SOURCE -DHYPRE_TIMING -DHYPRE_SEQUENTIAL  -I.  -I/home/ed/mcsema-testing/SANDBOX/test-2015-12-21_15-36-50/MultiSource/Benchmarks/ASCI_Purple/SMG2000 -I/home/ed/mcsema-testing/llvm-test-suite/MultiSource/Benchmarks/ASCI_Purple/SMG2000 -I/home/ed/mcsema-testing/llvm-test-suite/include -I../../../../include -D_GNU_SOURCE -D__STDC_LIMIT_MACROS -DNDEBUG  -O3  -m64 -fomit-frame-pointer -c /home/ed/mcsema-testing/llvm-test-suite/MultiSource/Benchmarks/ASCI_Purple/SMG2000/box.c -o Output/box.llvm.o
/home/ed/mcsema-testing/llvm-test-suite/RunSafely.sh --show-errors -t "/home/ed/mcsema-testing/SANDBOX/test-2015-12-21_15-36-50/tools/timeit" 500 /dev/null Output/box_algebra.llvm.o.compile \
	  /usr/bin/clang -D_POSIX_SOURCE -DHYPRE_TIMING -DHYPRE_SEQUENTIAL  -I.  -I/home/ed/mcsema-testing/SANDBOX/test-2015-12-21_15-36-50/MultiSource/Benchmarks/ASCI_Purple/SMG2000 -I/home/ed/mcsema-testing/llvm-test-suite/MultiSource/Benchmarks/ASCI_Purple/SMG2000 -I/home/ed/mcsema-testing/llvm-test-suite/include -I../../../../include -D_GNU_SOURCE -D__STDC_LIMIT_MACROS -DNDEBUG  -O3  -m64 -fomit-frame-pointer -c /home/ed/mcsema-testing/llvm-test-suite/MultiSource/Benchmarks/ASCI_Purple/SMG2000/box_algebra.c -o Output/box_algebra.llvm.o
/home/ed/mcsema-testing/llvm-test-suite/RunSafely.sh --show-errors -t "/home/ed/mcsema-testing/SANDBOX/test-2015-12-21_15-36-50/tools/timeit" 500 /dev/null Output/box_alloc.llvm.o.compile \
	  /usr/bin/clang -D_POSIX_SOURCE -DHYPRE_TIMING -DHYPRE_SEQUENTIAL  -I.  -I/home/ed/mcsema-testing/SANDBOX/test-2015-12-21_15-36-50/MultiSource/Benchmarks/ASCI_Purple/SMG2000 -I/home/ed/mcsema-testing/llvm-test-suite/MultiSource/Benchmarks/ASCI_Purple/SMG2000 -I/home/ed/mcsema-testing/llvm-test-suite/include -I../../../../include -D_GNU_SOURCE -D__STDC_LIMIT_MACROS -DNDEBUG  -O3  -m64 -fomit-frame-pointer -c /home/ed/mcsema-testing/llvm-test-suite/MultiSource/Benchmarks/ASCI_Purple/SMG2000/box_alloc.c -o Output/box_alloc.llvm.o
/home/ed/mcsema-testing/llvm-test-suite/RunSafely.sh --show-errors -t "/home/ed/mcsema-testing/SANDBOX/test-2015-12-21_15-36-50/tools/timeit" 500 /dev/null Output/box_neighbors.llvm.o.compile \
	  /usr/bin/clang -D_POSIX_SOURCE -DHYPRE_TIMING -DHYPRE_SEQUENTIAL  -I.  -I/home/ed/mcsema-testing/SANDBOX/test-2015-12-21_15-36-50/MultiSource/Benchmarks/ASCI_Purple/SMG2000 -I/home/ed/mcsema-testing/llvm-test-suite/MultiSource/Benchmarks/ASCI_Purple/SMG2000 -I/home/ed/mcsema-testing/llvm-test-suite/include -I../../../../include -D_GNU_SOURCE -D__STDC_LIMIT_MACROS -DNDEBUG  -O3  -m64 -fomit-frame-pointer -c /home/ed/mcsema-testing/llvm-test-suite/MultiSource/Benchmarks/ASCI_Purple/SMG2000/box_neighbors.c -o Output/box_neighbors.llvm.o
/home/ed/mcsema-testing/llvm-test-suite/RunSafely.sh --show-errors -t "/home/ed/mcsema-testing/SANDBOX/test-2015-12-21_15-36-50/tools/timeit" 500 /dev/null Output/coarsen.llvm.o.compile \
	  /usr/bin/clang -D_POSIX_SOURCE -DHYPRE_TIMING -DHYPRE_SEQUENTIAL  -I.  -I/home/ed/mcsema-testing/SANDBOX/test-2015-12-21_15-36-50/MultiSource/Benchmarks/ASCI_Purple/SMG2000 -I/home/ed/mcsema-testing/llvm-test-suite/MultiSource/Benchmarks/ASCI_Purple/SMG2000 -I/home/ed/mcsema-testing/llvm-test-suite/include -I../../../../include -D_GNU_SOURCE -D__STDC_LIMIT_MACROS -DNDEBUG  -O3  -m64 -fomit-frame-pointer -c /home/ed/mcsema-testing/llvm-test-suite/MultiSource/Benchmarks/ASCI_Purple/SMG2000/coarsen.c -o Output/coarsen.llvm.o
/home/ed/mcsema-testing/llvm-test-suite/RunSafely.sh --show-errors -t "/home/ed/mcsema-testing/SANDBOX/test-2015-12-21_15-36-50/tools/timeit" 500 /dev/null Output/communication.llvm.o.compile \
	  /usr/bin/clang -D_POSIX_SOURCE -DHYPRE_TIMING -DHYPRE_SEQUENTIAL  -I.  -I/home/ed/mcsema-testing/SANDBOX/test-2015-12-21_15-36-50/MultiSource/Benchmarks/ASCI_Purple/SMG2000 -I/home/ed/mcsema-testing/llvm-test-suite/MultiSource/Benchmarks/ASCI_Purple/SMG2000 -I/home/ed/mcsema-testing/llvm-test-suite/include -I../../../../include -D_GNU_SOURCE -D__STDC_LIMIT_MACROS -DNDEBUG  -O3  -m64 -fomit-frame-pointer -c /home/ed/mcsema-testing/llvm-test-suite/MultiSource/Benchmarks/ASCI_Purple/SMG2000/communication.c -o Output/communication.llvm.o
/home/ed/mcsema-testing/llvm-test-suite/RunSafely.sh --show-errors -t "/home/ed/mcsema-testing/SANDBOX/test-2015-12-21_15-36-50/tools/timeit" 500 /dev/null Output/communication_info.llvm.o.compile \
	  /usr/bin/clang -D_POSIX_SOURCE -DHYPRE_TIMING -DHYPRE_SEQUENTIAL  -I.  -I/home/ed/mcsema-testing/SANDBOX/test-2015-12-21_15-36-50/MultiSource/Benchmarks/ASCI_Purple/SMG2000 -I/home/ed/mcsema-testing/llvm-test-suite/MultiSource/Benchmarks/ASCI_Purple/SMG2000 -I/home/ed/mcsema-testing/llvm-test-suite/include -I../../../../include -D_GNU_SOURCE -D__STDC_LIMIT_MACROS -DNDEBUG  -O3  -m64 -fomit-frame-pointer -c /home/ed/mcsema-testing/llvm-test-suite/MultiSource/Benchmarks/ASCI_Purple/SMG2000/communication_info.c -o Output/communication_info.llvm.o
/home/ed/mcsema-testing/llvm-test-suite/RunSafely.sh --show-errors -t "/home/ed/mcsema-testing/SANDBOX/test-2015-12-21_15-36-50/tools/timeit" 500 /dev/null Output/computation.llvm.o.compile \
	  /usr/bin/clang -D_POSIX_SOURCE -DHYPRE_TIMING -DHYPRE_SEQUENTIAL  -I.  -I/home/ed/mcsema-testing/SANDBOX/test-2015-12-21_15-36-50/MultiSource/Benchmarks/ASCI_Purple/SMG2000 -I/home/ed/mcsema-testing/llvm-test-suite/MultiSource/Benchmarks/ASCI_Purple/SMG2000 -I/home/ed/mcsema-testing/llvm-test-suite/include -I../../../../include -D_GNU_SOURCE -D__STDC_LIMIT_MACROS -DNDEBUG  -O3  -m64 -fomit-frame-pointer -c /home/ed/mcsema-testing/llvm-test-suite/MultiSource/Benchmarks/ASCI_Purple/SMG2000/computation.c -o Output/computation.llvm.o
/home/ed/mcsema-testing/llvm-test-suite/RunSafely.sh --show-errors -t "/home/ed/mcsema-testing/SANDBOX/test-2015-12-21_15-36-50/tools/timeit" 500 /dev/null Output/cyclic_reduction.llvm.o.compile \
	  /usr/bin/clang -D_POSIX_SOURCE -DHYPRE_TIMING -DHYPRE_SEQUENTIAL  -I.  -I/home/ed/mcsema-testing/SANDBOX/test-2015-12-21_15-36-50/MultiSource/Benchmarks/ASCI_Purple/SMG2000 -I/home/ed/mcsema-testing/llvm-test-suite/MultiSource/Benchmarks/ASCI_Purple/SMG2000 -I/home/ed/mcsema-testing/llvm-test-suite/include -I../../../../include -D_GNU_SOURCE -D__STDC_LIMIT_MACROS -DNDEBUG  -O3  -m64 -fomit-frame-pointer -c /home/ed/mcsema-testing/llvm-test-suite/MultiSource/Benchmarks/ASCI_Purple/SMG2000/cyclic_reduction.c -o Output/cyclic_reduction.llvm.o
/home/ed/mcsema-testing/llvm-test-suite/RunSafely.sh --show-errors -t "/home/ed/mcsema-testing/SANDBOX/test-2015-12-21_15-36-50/tools/timeit" 500 /dev/null Output/general.llvm.o.compile \
	  /usr/bin/clang -D_POSIX_SOURCE -DHYPRE_TIMING -DHYPRE_SEQUENTIAL  -I.  -I/home/ed/mcsema-testing/SANDBOX/test-2015-12-21_15-36-50/MultiSource/Benchmarks/ASCI_Purple/SMG2000 -I/home/ed/mcsema-testing/llvm-test-suite/MultiSource/Benchmarks/ASCI_Purple/SMG2000 -I/home/ed/mcsema-testing/llvm-test-suite/include -I../../../../include -D_GNU_SOURCE -D__STDC_LIMIT_MACROS -DNDEBUG  -O3  -m64 -fomit-frame-pointer -c /home/ed/mcsema-testing/llvm-test-suite/MultiSource/Benchmarks/ASCI_Purple/SMG2000/general.c -o Output/general.llvm.o
/home/ed/mcsema-testing/llvm-test-suite/RunSafely.sh --show-errors -t "/home/ed/mcsema-testing/SANDBOX/test-2015-12-21_15-36-50/tools/timeit" 500 /dev/null Output/grow.llvm.o.compile \
	  /usr/bin/clang -D_POSIX_SOURCE -DHYPRE_TIMING -DHYPRE_SEQUENTIAL  -I.  -I/home/ed/mcsema-testing/SANDBOX/test-2015-12-21_15-36-50/MultiSource/Benchmarks/ASCI_Purple/SMG2000 -I/home/ed/mcsema-testing/llvm-test-suite/MultiSource/Benchmarks/ASCI_Purple/SMG2000 -I/home/ed/mcsema-testing/llvm-test-suite/include -I../../../../include -D_GNU_SOURCE -D__STDC_LIMIT_MACROS -DNDEBUG  -O3  -m64 -fomit-frame-pointer -c /home/ed/mcsema-testing/llvm-test-suite/MultiSource/Benchmarks/ASCI_Purple/SMG2000/grow.c -o Output/grow.llvm.o
/home/ed/mcsema-testing/llvm-test-suite/RunSafely.sh --show-errors -t "/home/ed/mcsema-testing/SANDBOX/test-2015-12-21_15-36-50/tools/timeit" 500 /dev/null Output/memory.llvm.o.compile \
	  /usr/bin/clang -D_POSIX_SOURCE -DHYPRE_TIMING -DHYPRE_SEQUENTIAL  -I.  -I/home/ed/mcsema-testing/SANDBOX/test-2015-12-21_15-36-50/MultiSource/Benchmarks/ASCI_Purple/SMG2000 -I/home/ed/mcsema-testing/llvm-test-suite/MultiSource/Benchmarks/ASCI_Purple/SMG2000 -I/home/ed/mcsema-testing/llvm-test-suite/include -I../../../../include -D_GNU_SOURCE -D__STDC_LIMIT_MACROS -DNDEBUG  -O3  -m64 -fomit-frame-pointer -c /home/ed/mcsema-testing/llvm-test-suite/MultiSource/Benchmarks/ASCI_Purple/SMG2000/memory.c -o Output/memory.llvm.o
/home/ed/mcsema-testing/llvm-test-suite/RunSafely.sh --show-errors -t "/home/ed/mcsema-testing/SANDBOX/test-2015-12-21_15-36-50/tools/timeit" 500 /dev/null Output/mpistubs.llvm.o.compile \
	  /usr/bin/clang -D_POSIX_SOURCE -DHYPRE_TIMING -DHYPRE_SEQUENTIAL  -I.  -I/home/ed/mcsema-testing/SANDBOX/test-2015-12-21_15-36-50/MultiSource/Benchmarks/ASCI_Purple/SMG2000 -I/home/ed/mcsema-testing/llvm-test-suite/MultiSource/Benchmarks/ASCI_Purple/SMG2000 -I/home/ed/mcsema-testing/llvm-test-suite/include -I../../../../include -D_GNU_SOURCE -D__STDC_LIMIT_MACROS -DNDEBUG  -O3  -m64 -fomit-frame-pointer -c /home/ed/mcsema-testing/llvm-test-suite/MultiSource/Benchmarks/ASCI_Purple/SMG2000/mpistubs.c -o Output/mpistubs.llvm.o
/home/ed/mcsema-testing/llvm-test-suite/RunSafely.sh --show-errors -t "/home/ed/mcsema-testing/SANDBOX/test-2015-12-21_15-36-50/tools/timeit" 500 /dev/null Output/pcg.llvm.o.compile \
	  /usr/bin/clang -D_POSIX_SOURCE -DHYPRE_TIMING -DHYPRE_SEQUENTIAL  -I.  -I/home/ed/mcsema-testing/SANDBOX/test-2015-12-21_15-36-50/MultiSource/Benchmarks/ASCI_Purple/SMG2000 -I/home/ed/mcsema-testing/llvm-test-suite/MultiSource/Benchmarks/ASCI_Purple/SMG2000 -I/home/ed/mcsema-testing/llvm-test-suite/include -I../../../../include -D_GNU_SOURCE -D__STDC_LIMIT_MACROS -DNDEBUG  -O3  -m64 -fomit-frame-pointer -c /home/ed/mcsema-testing/llvm-test-suite/MultiSource/Benchmarks/ASCI_Purple/SMG2000/pcg.c -o Output/pcg.llvm.o
/home/ed/mcsema-testing/llvm-test-suite/RunSafely.sh --show-errors -t "/home/ed/mcsema-testing/SANDBOX/test-2015-12-21_15-36-50/tools/timeit" 500 /dev/null Output/pcg_struct.llvm.o.compile \
	  /usr/bin/clang -D_POSIX_SOURCE -DHYPRE_TIMING -DHYPRE_SEQUENTIAL  -I.  -I/home/ed/mcsema-testing/SANDBOX/test-2015-12-21_15-36-50/MultiSource/Benchmarks/ASCI_Purple/SMG2000 -I/home/ed/mcsema-testing/llvm-test-suite/MultiSource/Benchmarks/ASCI_Purple/SMG2000 -I/home/ed/mcsema-testing/llvm-test-suite/include -I../../../../include -D_GNU_SOURCE -D__STDC_LIMIT_MACROS -DNDEBUG  -O3  -m64 -fomit-frame-pointer -c /home/ed/mcsema-testing/llvm-test-suite/MultiSource/Benchmarks/ASCI_Purple/SMG2000/pcg_struct.c -o Output/pcg_struct.llvm.o
/home/ed/mcsema-testing/llvm-test-suite/RunSafely.sh --show-errors -t "/home/ed/mcsema-testing/SANDBOX/test-2015-12-21_15-36-50/tools/timeit" 500 /dev/null Output/point_relax.llvm.o.compile \
	  /usr/bin/clang -D_POSIX_SOURCE -DHYPRE_TIMING -DHYPRE_SEQUENTIAL  -I.  -I/home/ed/mcsema-testing/SANDBOX/test-2015-12-21_15-36-50/MultiSource/Benchmarks/ASCI_Purple/SMG2000 -I/home/ed/mcsema-testing/llvm-test-suite/MultiSource/Benchmarks/ASCI_Purple/SMG2000 -I/home/ed/mcsema-testing/llvm-test-suite/include -I../../../../include -D_GNU_SOURCE -D__STDC_LIMIT_MACROS -DNDEBUG  -O3  -m64 -fomit-frame-pointer -c /home/ed/mcsema-testing/llvm-test-suite/MultiSource/Benchmarks/ASCI_Purple/SMG2000/point_relax.c -o Output/point_relax.llvm.o
/home/ed/mcsema-testing/llvm-test-suite/RunSafely.sh --show-errors -t "/home/ed/mcsema-testing/SANDBOX/test-2015-12-21_15-36-50/tools/timeit" 500 /dev/null Output/project.llvm.o.compile \
	  /usr/bin/clang -D_POSIX_SOURCE -DHYPRE_TIMING -DHYPRE_SEQUENTIAL  -I.  -I/home/ed/mcsema-testing/SANDBOX/test-2015-12-21_15-36-50/MultiSource/Benchmarks/ASCI_Purple/SMG2000 -I/home/ed/mcsema-testing/llvm-test-suite/MultiSource/Benchmarks/ASCI_Purple/SMG2000 -I/home/ed/mcsema-testing/llvm-test-suite/include -I../../../../include -D_GNU_SOURCE -D__STDC_LIMIT_MACROS -DNDEBUG  -O3  -m64 -fomit-frame-pointer -c /home/ed/mcsema-testing/llvm-test-suite/MultiSource/Benchmarks/ASCI_Purple/SMG2000/project.c -o Output/project.llvm.o
/home/ed/mcsema-testing/llvm-test-suite/RunSafely.sh --show-errors -t "/home/ed/mcsema-testing/SANDBOX/test-2015-12-21_15-36-50/tools/timeit" 500 /dev/null Output/random.llvm.o.compile \
	  /usr/bin/clang -D_POSIX_SOURCE -DHYPRE_TIMING -DHYPRE_SEQUENTIAL  -I.  -I/home/ed/mcsema-testing/SANDBOX/test-2015-12-21_15-36-50/MultiSource/Benchmarks/ASCI_Purple/SMG2000 -I/home/ed/mcsema-testing/llvm-test-suite/MultiSource/Benchmarks/ASCI_Purple/SMG2000 -I/home/ed/mcsema-testing/llvm-test-suite/include -I../../../../include -D_GNU_SOURCE -D__STDC_LIMIT_MACROS -DNDEBUG  -O3  -m64 -fomit-frame-pointer -c /home/ed/mcsema-testing/llvm-test-suite/MultiSource/Benchmarks/ASCI_Purple/SMG2000/random.c -o Output/random.llvm.o
/home/ed/mcsema-testing/llvm-test-suite/RunSafely.sh --show-errors -t "/home/ed/mcsema-testing/SANDBOX/test-2015-12-21_15-36-50/tools/timeit" 500 /dev/null Output/semi_interp.llvm.o.compile \
	  /usr/bin/clang -D_POSIX_SOURCE -DHYPRE_TIMING -DHYPRE_SEQUENTIAL  -I.  -I/home/ed/mcsema-testing/SANDBOX/test-2015-12-21_15-36-50/MultiSource/Benchmarks/ASCI_Purple/SMG2000 -I/home/ed/mcsema-testing/llvm-test-suite/MultiSource/Benchmarks/ASCI_Purple/SMG2000 -I/home/ed/mcsema-testing/llvm-test-suite/include -I../../../../include -D_GNU_SOURCE -D__STDC_LIMIT_MACROS -DNDEBUG  -O3  -m64 -fomit-frame-pointer -c /home/ed/mcsema-testing/llvm-test-suite/MultiSource/Benchmarks/ASCI_Purple/SMG2000/semi_interp.c -o Output/semi_interp.llvm.o
/home/ed/mcsema-testing/llvm-test-suite/RunSafely.sh --show-errors -t "/home/ed/mcsema-testing/SANDBOX/test-2015-12-21_15-36-50/tools/timeit" 500 /dev/null Output/semi_restrict.llvm.o.compile \
	  /usr/bin/clang -D_POSIX_SOURCE -DHYPRE_TIMING -DHYPRE_SEQUENTIAL  -I.  -I/home/ed/mcsema-testing/SANDBOX/test-2015-12-21_15-36-50/MultiSource/Benchmarks/ASCI_Purple/SMG2000 -I/home/ed/mcsema-testing/llvm-test-suite/MultiSource/Benchmarks/ASCI_Purple/SMG2000 -I/home/ed/mcsema-testing/llvm-test-suite/include -I../../../../include -D_GNU_SOURCE -D__STDC_LIMIT_MACROS -DNDEBUG  -O3  -m64 -fomit-frame-pointer -c /home/ed/mcsema-testing/llvm-test-suite/MultiSource/Benchmarks/ASCI_Purple/SMG2000/semi_restrict.c -o Output/semi_restrict.llvm.o
/home/ed/mcsema-testing/llvm-test-suite/RunSafely.sh --show-errors -t "/home/ed/mcsema-testing/SANDBOX/test-2015-12-21_15-36-50/tools/timeit" 500 /dev/null Output/smg.llvm.o.compile \
	  /usr/bin/clang -D_POSIX_SOURCE -DHYPRE_TIMING -DHYPRE_SEQUENTIAL  -I.  -I/home/ed/mcsema-testing/SANDBOX/test-2015-12-21_15-36-50/MultiSource/Benchmarks/ASCI_Purple/SMG2000 -I/home/ed/mcsema-testing/llvm-test-suite/MultiSource/Benchmarks/ASCI_Purple/SMG2000 -I/home/ed/mcsema-testing/llvm-test-suite/include -I../../../../include -D_GNU_SOURCE -D__STDC_LIMIT_MACROS -DNDEBUG  -O3  -m64 -fomit-frame-pointer -c /home/ed/mcsema-testing/llvm-test-suite/MultiSource/Benchmarks/ASCI_Purple/SMG2000/smg.c -o Output/smg.llvm.o
/home/ed/mcsema-testing/llvm-test-suite/RunSafely.sh --show-errors -t "/home/ed/mcsema-testing/SANDBOX/test-2015-12-21_15-36-50/tools/timeit" 500 /dev/null Output/smg2000.llvm.o.compile \
	  /usr/bin/clang -D_POSIX_SOURCE -DHYPRE_TIMING -DHYPRE_SEQUENTIAL  -I.  -I/home/ed/mcsema-testing/SANDBOX/test-2015-12-21_15-36-50/MultiSource/Benchmarks/ASCI_Purple/SMG2000 -I/home/ed/mcsema-testing/llvm-test-suite/MultiSource/Benchmarks/ASCI_Purple/SMG2000 -I/home/ed/mcsema-testing/llvm-test-suite/include -I../../../../include -D_GNU_SOURCE -D__STDC_LIMIT_MACROS -DNDEBUG  -O3  -m64 -fomit-frame-pointer -c /home/ed/mcsema-testing/llvm-test-suite/MultiSource/Benchmarks/ASCI_Purple/SMG2000/smg2000.c -o Output/smg2000.llvm.o
/home/ed/mcsema-testing/llvm-test-suite/RunSafely.sh --show-errors -t "/home/ed/mcsema-testing/SANDBOX/test-2015-12-21_15-36-50/tools/timeit" 500 /dev/null Output/smg2_setup_rap.llvm.o.compile \
	  /usr/bin/clang -D_POSIX_SOURCE -DHYPRE_TIMING -DHYPRE_SEQUENTIAL  -I.  -I/home/ed/mcsema-testing/SANDBOX/test-2015-12-21_15-36-50/MultiSource/Benchmarks/ASCI_Purple/SMG2000 -I/home/ed/mcsema-testing/llvm-test-suite/MultiSource/Benchmarks/ASCI_Purple/SMG2000 -I/home/ed/mcsema-testing/llvm-test-suite/include -I../../../../include -D_GNU_SOURCE -D__STDC_LIMIT_MACROS -DNDEBUG  -O3  -m64 -fomit-frame-pointer -c /home/ed/mcsema-testing/llvm-test-suite/MultiSource/Benchmarks/ASCI_Purple/SMG2000/smg2_setup_rap.c -o Output/smg2_setup_rap.llvm.o
/home/ed/mcsema-testing/llvm-test-suite/RunSafely.sh --show-errors -t "/home/ed/mcsema-testing/SANDBOX/test-2015-12-21_15-36-50/tools/timeit" 500 /dev/null Output/smg3_setup_rap.llvm.o.compile \
	  /usr/bin/clang -D_POSIX_SOURCE -DHYPRE_TIMING -DHYPRE_SEQUENTIAL  -I.  -I/home/ed/mcsema-testing/SANDBOX/test-2015-12-21_15-36-50/MultiSource/Benchmarks/ASCI_Purple/SMG2000 -I/home/ed/mcsema-testing/llvm-test-suite/MultiSource/Benchmarks/ASCI_Purple/SMG2000 -I/home/ed/mcsema-testing/llvm-test-suite/include -I../../../../include -D_GNU_SOURCE -D__STDC_LIMIT_MACROS -DNDEBUG  -O3  -m64 -fomit-frame-pointer -c /home/ed/mcsema-testing/llvm-test-suite/MultiSource/Benchmarks/ASCI_Purple/SMG2000/smg3_setup_rap.c -o Output/smg3_setup_rap.llvm.o
/home/ed/mcsema-testing/llvm-test-suite/RunSafely.sh --show-errors -t "/home/ed/mcsema-testing/SANDBOX/test-2015-12-21_15-36-50/tools/timeit" 500 /dev/null Output/smg_axpy.llvm.o.compile \
	  /usr/bin/clang -D_POSIX_SOURCE -DHYPRE_TIMING -DHYPRE_SEQUENTIAL  -I.  -I/home/ed/mcsema-testing/SANDBOX/test-2015-12-21_15-36-50/MultiSource/Benchmarks/ASCI_Purple/SMG2000 -I/home/ed/mcsema-testing/llvm-test-suite/MultiSource/Benchmarks/ASCI_Purple/SMG2000 -I/home/ed/mcsema-testing/llvm-test-suite/include -I../../../../include -D_GNU_SOURCE -D__STDC_LIMIT_MACROS -DNDEBUG  -O3  -m64 -fomit-frame-pointer -c /home/ed/mcsema-testing/llvm-test-suite/MultiSource/Benchmarks/ASCI_Purple/SMG2000/smg_axpy.c -o Output/smg_axpy.llvm.o
/home/ed/mcsema-testing/llvm-test-suite/RunSafely.sh --show-errors -t "/home/ed/mcsema-testing/SANDBOX/test-2015-12-21_15-36-50/tools/timeit" 500 /dev/null Output/smg_relax.llvm.o.compile \
	  /usr/bin/clang -D_POSIX_SOURCE -DHYPRE_TIMING -DHYPRE_SEQUENTIAL  -I.  -I/home/ed/mcsema-testing/SANDBOX/test-2015-12-21_15-36-50/MultiSource/Benchmarks/ASCI_Purple/SMG2000 -I/home/ed/mcsema-testing/llvm-test-suite/MultiSource/Benchmarks/ASCI_Purple/SMG2000 -I/home/ed/mcsema-testing/llvm-test-suite/include -I../../../../include -D_GNU_SOURCE -D__STDC_LIMIT_MACROS -DNDEBUG  -O3  -m64 -fomit-frame-pointer -c /home/ed/mcsema-testing/llvm-test-suite/MultiSource/Benchmarks/ASCI_Purple/SMG2000/smg_relax.c -o Output/smg_relax.llvm.o
/home/ed/mcsema-testing/llvm-test-suite/RunSafely.sh --show-errors -t "/home/ed/mcsema-testing/SANDBOX/test-2015-12-21_15-36-50/tools/timeit" 500 /dev/null Output/smg_residual.llvm.o.compile \
	  /usr/bin/clang -D_POSIX_SOURCE -DHYPRE_TIMING -DHYPRE_SEQUENTIAL  -I.  -I/home/ed/mcsema-testing/SANDBOX/test-2015-12-21_15-36-50/MultiSource/Benchmarks/ASCI_Purple/SMG2000 -I/home/ed/mcsema-testing/llvm-test-suite/MultiSource/Benchmarks/ASCI_Purple/SMG2000 -I/home/ed/mcsema-testing/llvm-test-suite/include -I../../../../include -D_GNU_SOURCE -D__STDC_LIMIT_MACROS -DNDEBUG  -O3  -m64 -fomit-frame-pointer -c /home/ed/mcsema-testing/llvm-test-suite/MultiSource/Benchmarks/ASCI_Purple/SMG2000/smg_residual.c -o Output/smg_residual.llvm.o
/home/ed/mcsema-testing/llvm-test-suite/RunSafely.sh --show-errors -t "/home/ed/mcsema-testing/SANDBOX/test-2015-12-21_15-36-50/tools/timeit" 500 /dev/null Output/smg_setup.llvm.o.compile \
	  /usr/bin/clang -D_POSIX_SOURCE -DHYPRE_TIMING -DHYPRE_SEQUENTIAL  -I.  -I/home/ed/mcsema-testing/SANDBOX/test-2015-12-21_15-36-50/MultiSource/Benchmarks/ASCI_Purple/SMG2000 -I/home/ed/mcsema-testing/llvm-test-suite/MultiSource/Benchmarks/ASCI_Purple/SMG2000 -I/home/ed/mcsema-testing/llvm-test-suite/include -I../../../../include -D_GNU_SOURCE -D__STDC_LIMIT_MACROS -DNDEBUG  -O3  -m64 -fomit-frame-pointer -c /home/ed/mcsema-testing/llvm-test-suite/MultiSource/Benchmarks/ASCI_Purple/SMG2000/smg_setup.c -o Output/smg_setup.llvm.o
/home/ed/mcsema-testing/llvm-test-suite/RunSafely.sh --show-errors -t "/home/ed/mcsema-testing/SANDBOX/test-2015-12-21_15-36-50/tools/timeit" 500 /dev/null Output/smg_setup_interp.llvm.o.compile \
	  /usr/bin/clang -D_POSIX_SOURCE -DHYPRE_TIMING -DHYPRE_SEQUENTIAL  -I.  -I/home/ed/mcsema-testing/SANDBOX/test-2015-12-21_15-36-50/MultiSource/Benchmarks/ASCI_Purple/SMG2000 -I/home/ed/mcsema-testing/llvm-test-suite/MultiSource/Benchmarks/ASCI_Purple/SMG2000 -I/home/ed/mcsema-testing/llvm-test-suite/include -I../../../../include -D_GNU_SOURCE -D__STDC_LIMIT_MACROS -DNDEBUG  -O3  -m64 -fomit-frame-pointer -c /home/ed/mcsema-testing/llvm-test-suite/MultiSource/Benchmarks/ASCI_Purple/SMG2000/smg_setup_interp.c -o Output/smg_setup_interp.llvm.o
/home/ed/mcsema-testing/llvm-test-suite/RunSafely.sh --show-errors -t "/home/ed/mcsema-testing/SANDBOX/test-2015-12-21_15-36-50/tools/timeit" 500 /dev/null Output/smg_setup_rap.llvm.o.compile \
	  /usr/bin/clang -D_POSIX_SOURCE -DHYPRE_TIMING -DHYPRE_SEQUENTIAL  -I.  -I/home/ed/mcsema-testing/SANDBOX/test-2015-12-21_15-36-50/MultiSource/Benchmarks/ASCI_Purple/SMG2000 -I/home/ed/mcsema-testing/llvm-test-suite/MultiSource/Benchmarks/ASCI_Purple/SMG2000 -I/home/ed/mcsema-testing/llvm-test-suite/include -I../../../../include -D_GNU_SOURCE -D__STDC_LIMIT_MACROS -DNDEBUG  -O3  -m64 -fomit-frame-pointer -c /home/ed/mcsema-testing/llvm-test-suite/MultiSource/Benchmarks/ASCI_Purple/SMG2000/smg_setup_rap.c -o Output/smg_setup_rap.llvm.o
/home/ed/mcsema-testing/llvm-test-suite/RunSafely.sh --show-errors -t "/home/ed/mcsema-testing/SANDBOX/test-2015-12-21_15-36-50/tools/timeit" 500 /dev/null Output/smg_setup_restrict.llvm.o.compile \
	  /usr/bin/clang -D_POSIX_SOURCE -DHYPRE_TIMING -DHYPRE_SEQUENTIAL  -I.  -I/home/ed/mcsema-testing/SANDBOX/test-2015-12-21_15-36-50/MultiSource/Benchmarks/ASCI_Purple/SMG2000 -I/home/ed/mcsema-testing/llvm-test-suite/MultiSource/Benchmarks/ASCI_Purple/SMG2000 -I/home/ed/mcsema-testing/llvm-test-suite/include -I../../../../include -D_GNU_SOURCE -D__STDC_LIMIT_MACROS -DNDEBUG  -O3  -m64 -fomit-frame-pointer -c /home/ed/mcsema-testing/llvm-test-suite/MultiSource/Benchmarks/ASCI_Purple/SMG2000/smg_setup_restrict.c -o Output/smg_setup_restrict.llvm.o
/home/ed/mcsema-testing/llvm-test-suite/RunSafely.sh --show-errors -t "/home/ed/mcsema-testing/SANDBOX/test-2015-12-21_15-36-50/tools/timeit" 500 /dev/null Output/smg_solve.llvm.o.compile \
	  /usr/bin/clang -D_POSIX_SOURCE -DHYPRE_TIMING -DHYPRE_SEQUENTIAL  -I.  -I/home/ed/mcsema-testing/SANDBOX/test-2015-12-21_15-36-50/MultiSource/Benchmarks/ASCI_Purple/SMG2000 -I/home/ed/mcsema-testing/llvm-test-suite/MultiSource/Benchmarks/ASCI_Purple/SMG2000 -I/home/ed/mcsema-testing/llvm-test-suite/include -I../../../../include -D_GNU_SOURCE -D__STDC_LIMIT_MACROS -DNDEBUG  -O3  -m64 -fomit-frame-pointer -c /home/ed/mcsema-testing/llvm-test-suite/MultiSource/Benchmarks/ASCI_Purple/SMG2000/smg_solve.c -o Output/smg_solve.llvm.o
/home/ed/mcsema-testing/llvm-test-suite/RunSafely.sh --show-errors -t "/home/ed/mcsema-testing/SANDBOX/test-2015-12-21_15-36-50/tools/timeit" 500 /dev/null Output/struct_axpy.llvm.o.compile \
	  /usr/bin/clang -D_POSIX_SOURCE -DHYPRE_TIMING -DHYPRE_SEQUENTIAL  -I.  -I/home/ed/mcsema-testing/SANDBOX/test-2015-12-21_15-36-50/MultiSource/Benchmarks/ASCI_Purple/SMG2000 -I/home/ed/mcsema-testing/llvm-test-suite/MultiSource/Benchmarks/ASCI_Purple/SMG2000 -I/home/ed/mcsema-testing/llvm-test-suite/include -I../../../../include -D_GNU_SOURCE -D__STDC_LIMIT_MACROS -DNDEBUG  -O3  -m64 -fomit-frame-pointer -c /home/ed/mcsema-testing/llvm-test-suite/MultiSource/Benchmarks/ASCI_Purple/SMG2000/struct_axpy.c -o Output/struct_axpy.llvm.o
/home/ed/mcsema-testing/llvm-test-suite/RunSafely.sh --show-errors -t "/home/ed/mcsema-testing/SANDBOX/test-2015-12-21_15-36-50/tools/timeit" 500 /dev/null Output/struct_copy.llvm.o.compile \
	  /usr/bin/clang -D_POSIX_SOURCE -DHYPRE_TIMING -DHYPRE_SEQUENTIAL  -I.  -I/home/ed/mcsema-testing/SANDBOX/test-2015-12-21_15-36-50/MultiSource/Benchmarks/ASCI_Purple/SMG2000 -I/home/ed/mcsema-testing/llvm-test-suite/MultiSource/Benchmarks/ASCI_Purple/SMG2000 -I/home/ed/mcsema-testing/llvm-test-suite/include -I../../../../include -D_GNU_SOURCE -D__STDC_LIMIT_MACROS -DNDEBUG  -O3  -m64 -fomit-frame-pointer -c /home/ed/mcsema-testing/llvm-test-suite/MultiSource/Benchmarks/ASCI_Purple/SMG2000/struct_copy.c -o Output/struct_copy.llvm.o
/home/ed/mcsema-testing/llvm-test-suite/RunSafely.sh --show-errors -t "/home/ed/mcsema-testing/SANDBOX/test-2015-12-21_15-36-50/tools/timeit" 500 /dev/null Output/struct_grid.llvm.o.compile \
	  /usr/bin/clang -D_POSIX_SOURCE -DHYPRE_TIMING -DHYPRE_SEQUENTIAL  -I.  -I/home/ed/mcsema-testing/SANDBOX/test-2015-12-21_15-36-50/MultiSource/Benchmarks/ASCI_Purple/SMG2000 -I/home/ed/mcsema-testing/llvm-test-suite/MultiSource/Benchmarks/ASCI_Purple/SMG2000 -I/home/ed/mcsema-testing/llvm-test-suite/include -I../../../../include -D_GNU_SOURCE -D__STDC_LIMIT_MACROS -DNDEBUG  -O3  -m64 -fomit-frame-pointer -c /home/ed/mcsema-testing/llvm-test-suite/MultiSource/Benchmarks/ASCI_Purple/SMG2000/struct_grid.c -o Output/struct_grid.llvm.o
/home/ed/mcsema-testing/llvm-test-suite/RunSafely.sh --show-errors -t "/home/ed/mcsema-testing/SANDBOX/test-2015-12-21_15-36-50/tools/timeit" 500 /dev/null Output/struct_innerprod.llvm.o.compile \
	  /usr/bin/clang -D_POSIX_SOURCE -DHYPRE_TIMING -DHYPRE_SEQUENTIAL  -I.  -I/home/ed/mcsema-testing/SANDBOX/test-2015-12-21_15-36-50/MultiSource/Benchmarks/ASCI_Purple/SMG2000 -I/home/ed/mcsema-testing/llvm-test-suite/MultiSource/Benchmarks/ASCI_Purple/SMG2000 -I/home/ed/mcsema-testing/llvm-test-suite/include -I../../../../include -D_GNU_SOURCE -D__STDC_LIMIT_MACROS -DNDEBUG  -O3  -m64 -fomit-frame-pointer -c /home/ed/mcsema-testing/llvm-test-suite/MultiSource/Benchmarks/ASCI_Purple/SMG2000/struct_innerprod.c -o Output/struct_innerprod.llvm.o
/home/ed/mcsema-testing/llvm-test-suite/RunSafely.sh --show-errors -t "/home/ed/mcsema-testing/SANDBOX/test-2015-12-21_15-36-50/tools/timeit" 500 /dev/null Output/struct_io.llvm.o.compile \
	  /usr/bin/clang -D_POSIX_SOURCE -DHYPRE_TIMING -DHYPRE_SEQUENTIAL  -I.  -I/home/ed/mcsema-testing/SANDBOX/test-2015-12-21_15-36-50/MultiSource/Benchmarks/ASCI_Purple/SMG2000 -I/home/ed/mcsema-testing/llvm-test-suite/MultiSource/Benchmarks/ASCI_Purple/SMG2000 -I/home/ed/mcsema-testing/llvm-test-suite/include -I../../../../include -D_GNU_SOURCE -D__STDC_LIMIT_MACROS -DNDEBUG  -O3  -m64 -fomit-frame-pointer -c /home/ed/mcsema-testing/llvm-test-suite/MultiSource/Benchmarks/ASCI_Purple/SMG2000/struct_io.c -o Output/struct_io.llvm.o
/home/ed/mcsema-testing/llvm-test-suite/RunSafely.sh --show-errors -t "/home/ed/mcsema-testing/SANDBOX/test-2015-12-21_15-36-50/tools/timeit" 500 /dev/null Output/struct_matrix.llvm.o.compile \
	  /usr/bin/clang -D_POSIX_SOURCE -DHYPRE_TIMING -DHYPRE_SEQUENTIAL  -I.  -I/home/ed/mcsema-testing/SANDBOX/test-2015-12-21_15-36-50/MultiSource/Benchmarks/ASCI_Purple/SMG2000 -I/home/ed/mcsema-testing/llvm-test-suite/MultiSource/Benchmarks/ASCI_Purple/SMG2000 -I/home/ed/mcsema-testing/llvm-test-suite/include -I../../../../include -D_GNU_SOURCE -D__STDC_LIMIT_MACROS -DNDEBUG  -O3  -m64 -fomit-frame-pointer -c /home/ed/mcsema-testing/llvm-test-suite/MultiSource/Benchmarks/ASCI_Purple/SMG2000/struct_matrix.c -o Output/struct_matrix.llvm.o
/home/ed/mcsema-testing/llvm-test-suite/RunSafely.sh --show-errors -t "/home/ed/mcsema-testing/SANDBOX/test-2015-12-21_15-36-50/tools/timeit" 500 /dev/null Output/struct_matrix_mask.llvm.o.compile \
	  /usr/bin/clang -D_POSIX_SOURCE -DHYPRE_TIMING -DHYPRE_SEQUENTIAL  -I.  -I/home/ed/mcsema-testing/SANDBOX/test-2015-12-21_15-36-50/MultiSource/Benchmarks/ASCI_Purple/SMG2000 -I/home/ed/mcsema-testing/llvm-test-suite/MultiSource/Benchmarks/ASCI_Purple/SMG2000 -I/home/ed/mcsema-testing/llvm-test-suite/include -I../../../../include -D_GNU_SOURCE -D__STDC_LIMIT_MACROS -DNDEBUG  -O3  -m64 -fomit-frame-pointer -c /home/ed/mcsema-testing/llvm-test-suite/MultiSource/Benchmarks/ASCI_Purple/SMG2000/struct_matrix_mask.c -o Output/struct_matrix_mask.llvm.o
/home/ed/mcsema-testing/llvm-test-suite/RunSafely.sh --show-errors -t "/home/ed/mcsema-testing/SANDBOX/test-2015-12-21_15-36-50/tools/timeit" 500 /dev/null Output/struct_matvec.llvm.o.compile \
	  /usr/bin/clang -D_POSIX_SOURCE -DHYPRE_TIMING -DHYPRE_SEQUENTIAL  -I.  -I/home/ed/mcsema-testing/SANDBOX/test-2015-12-21_15-36-50/MultiSource/Benchmarks/ASCI_Purple/SMG2000 -I/home/ed/mcsema-testing/llvm-test-suite/MultiSource/Benchmarks/ASCI_Purple/SMG2000 -I/home/ed/mcsema-testing/llvm-test-suite/include -I../../../../include -D_GNU_SOURCE -D__STDC_LIMIT_MACROS -DNDEBUG  -O3  -m64 -fomit-frame-pointer -c /home/ed/mcsema-testing/llvm-test-suite/MultiSource/Benchmarks/ASCI_Purple/SMG2000/struct_matvec.c -o Output/struct_matvec.llvm.o
/home/ed/mcsema-testing/llvm-test-suite/RunSafely.sh --show-errors -t "/home/ed/mcsema-testing/SANDBOX/test-2015-12-21_15-36-50/tools/timeit" 500 /dev/null Output/struct_scale.llvm.o.compile \
	  /usr/bin/clang -D_POSIX_SOURCE -DHYPRE_TIMING -DHYPRE_SEQUENTIAL  -I.  -I/home/ed/mcsema-testing/SANDBOX/test-2015-12-21_15-36-50/MultiSource/Benchmarks/ASCI_Purple/SMG2000 -I/home/ed/mcsema-testing/llvm-test-suite/MultiSource/Benchmarks/ASCI_Purple/SMG2000 -I/home/ed/mcsema-testing/llvm-test-suite/include -I../../../../include -D_GNU_SOURCE -D__STDC_LIMIT_MACROS -DNDEBUG  -O3  -m64 -fomit-frame-pointer -c /home/ed/mcsema-testing/llvm-test-suite/MultiSource/Benchmarks/ASCI_Purple/SMG2000/struct_scale.c -o Output/struct_scale.llvm.o
/home/ed/mcsema-testing/llvm-test-suite/RunSafely.sh --show-errors -t "/home/ed/mcsema-testing/SANDBOX/test-2015-12-21_15-36-50/tools/timeit" 500 /dev/null Output/struct_stencil.llvm.o.compile \
	  /usr/bin/clang -D_POSIX_SOURCE -DHYPRE_TIMING -DHYPRE_SEQUENTIAL  -I.  -I/home/ed/mcsema-testing/SANDBOX/test-2015-12-21_15-36-50/MultiSource/Benchmarks/ASCI_Purple/SMG2000 -I/home/ed/mcsema-testing/llvm-test-suite/MultiSource/Benchmarks/ASCI_Purple/SMG2000 -I/home/ed/mcsema-testing/llvm-test-suite/include -I../../../../include -D_GNU_SOURCE -D__STDC_LIMIT_MACROS -DNDEBUG  -O3  -m64 -fomit-frame-pointer -c /home/ed/mcsema-testing/llvm-test-suite/MultiSource/Benchmarks/ASCI_Purple/SMG2000/struct_stencil.c -o Output/struct_stencil.llvm.o
/home/ed/mcsema-testing/llvm-test-suite/RunSafely.sh --show-errors -t "/home/ed/mcsema-testing/SANDBOX/test-2015-12-21_15-36-50/tools/timeit" 500 /dev/null Output/struct_vector.llvm.o.compile \
	  /usr/bin/clang -D_POSIX_SOURCE -DHYPRE_TIMING -DHYPRE_SEQUENTIAL  -I.  -I/home/ed/mcsema-testing/SANDBOX/test-2015-12-21_15-36-50/MultiSource/Benchmarks/ASCI_Purple/SMG2000 -I/home/ed/mcsema-testing/llvm-test-suite/MultiSource/Benchmarks/ASCI_Purple/SMG2000 -I/home/ed/mcsema-testing/llvm-test-suite/include -I../../../../include -D_GNU_SOURCE -D__STDC_LIMIT_MACROS -DNDEBUG  -O3  -m64 -fomit-frame-pointer -c /home/ed/mcsema-testing/llvm-test-suite/MultiSource/Benchmarks/ASCI_Purple/SMG2000/struct_vector.c -o Output/struct_vector.llvm.o
/home/ed/mcsema-testing/llvm-test-suite/RunSafely.sh --show-errors -t "/home/ed/mcsema-testing/SANDBOX/test-2015-12-21_15-36-50/tools/timeit" 500 /dev/null Output/threading.llvm.o.compile \
	  /usr/bin/clang -D_POSIX_SOURCE -DHYPRE_TIMING -DHYPRE_SEQUENTIAL  -I.  -I/home/ed/mcsema-testing/SANDBOX/test-2015-12-21_15-36-50/MultiSource/Benchmarks/ASCI_Purple/SMG2000 -I/home/ed/mcsema-testing/llvm-test-suite/MultiSource/Benchmarks/ASCI_Purple/SMG2000 -I/home/ed/mcsema-testing/llvm-test-suite/include -I../../../../include -D_GNU_SOURCE -D__STDC_LIMIT_MACROS -DNDEBUG  -O3  -m64 -fomit-frame-pointer -c /home/ed/mcsema-testing/llvm-test-suite/MultiSource/Benchmarks/ASCI_Purple/SMG2000/threading.c -o Output/threading.llvm.o
/home/ed/mcsema-testing/llvm-test-suite/RunSafely.sh --show-errors -t "/home/ed/mcsema-testing/SANDBOX/test-2015-12-21_15-36-50/tools/timeit" 500 /dev/null Output/timer.llvm.o.compile \
	  /usr/bin/clang -D_POSIX_SOURCE -DHYPRE_TIMING -DHYPRE_SEQUENTIAL  -I.  -I/home/ed/mcsema-testing/SANDBOX/test-2015-12-21_15-36-50/MultiSource/Benchmarks/ASCI_Purple/SMG2000 -I/home/ed/mcsema-testing/llvm-test-suite/MultiSource/Benchmarks/ASCI_Purple/SMG2000 -I/home/ed/mcsema-testing/llvm-test-suite/include -I../../../../include -D_GNU_SOURCE -D__STDC_LIMIT_MACROS -DNDEBUG  -O3  -m64 -fomit-frame-pointer -c /home/ed/mcsema-testing/llvm-test-suite/MultiSource/Benchmarks/ASCI_Purple/SMG2000/timer.c -o Output/timer.llvm.o
/home/ed/mcsema-testing/llvm-test-suite/RunSafely.sh --show-errors -t "/home/ed/mcsema-testing/SANDBOX/test-2015-12-21_15-36-50/tools/timeit" 500 /dev/null Output/timing.llvm.o.compile \
	  /usr/bin/clang -D_POSIX_SOURCE -DHYPRE_TIMING -DHYPRE_SEQUENTIAL  -I.  -I/home/ed/mcsema-testing/SANDBOX/test-2015-12-21_15-36-50/MultiSource/Benchmarks/ASCI_Purple/SMG2000 -I/home/ed/mcsema-testing/llvm-test-suite/MultiSource/Benchmarks/ASCI_Purple/SMG2000 -I/home/ed/mcsema-testing/llvm-test-suite/include -I../../../../include -D_GNU_SOURCE -D__STDC_LIMIT_MACROS -DNDEBUG  -O3  -m64 -fomit-frame-pointer -c /home/ed/mcsema-testing/llvm-test-suite/MultiSource/Benchmarks/ASCI_Purple/SMG2000/timing.c -o Output/timing.llvm.o
/usr/bin/clang++ -o Output/smg2000.simple Output/HYPRE_pcg.llvm.o Output/HYPRE_struct_grid.llvm.o Output/HYPRE_struct_matrix.llvm.o Output/HYPRE_struct_pcg.llvm.o Output/HYPRE_struct_smg.llvm.o Output/HYPRE_struct_stencil.llvm.o Output/HYPRE_struct_vector.llvm.o Output/box.llvm.o Output/box_algebra.llvm.o Output/box_alloc.llvm.o Output/box_neighbors.llvm.o Output/coarsen.llvm.o Output/communication.llvm.o Output/communication_info.llvm.o Output/computation.llvm.o Output/cyclic_reduction.llvm.o Output/general.llvm.o Output/grow.llvm.o Output/memory.llvm.o Output/mpistubs.llvm.o Output/pcg.llvm.o Output/pcg_struct.llvm.o Output/point_relax.llvm.o Output/project.llvm.o Output/random.llvm.o Output/semi_interp.llvm.o Output/semi_restrict.llvm.o Output/smg.llvm.o Output/smg2000.llvm.o Output/smg2_setup_rap.llvm.o Output/smg3_setup_rap.llvm.o Output/smg_axpy.llvm.o Output/smg_relax.llvm.o Output/smg_residual.llvm.o Output/smg_setup.llvm.o Output/smg_setup_interp.llvm.o Output/smg_setup_rap.llvm.o Output/smg_setup_restrict.llvm.o Output/smg_solve.llvm.o Output/struct_axpy.llvm.o Output/struct_copy.llvm.o Output/struct_grid.llvm.o Output/struct_innerprod.llvm.o Output/struct_io.llvm.o Output/struct_matrix.llvm.o Output/struct_matrix_mask.llvm.o Output/struct_matvec.llvm.o Output/struct_scale.llvm.o Output/struct_stencil.llvm.o Output/struct_vector.llvm.o Output/threading.llvm.o Output/timer.llvm.o Output/timing.llvm.o -lm   -m64 -fomit-frame-pointer
/home/ed/mcsema-testing/llvm-test-suite/RunSafely.sh -t "/home/ed/mcsema-testing/SANDBOX/test-2015-12-21_15-36-50/tools/timeit-target" 500 /dev/null Output/smg2000.out-simple Output/smg2000.simple "-n 100 40 100 -c 0.1 1.0 10.0"
cp Output/smg2000.simple Output/smg2000.simple-hash; \
	strip --remove-section=.comment --remove-section='.note*' Output/smg2000.simple-hash; \
	/home/ed/mcsema-testing/llvm-test-suite/HashProgramOutput.sh Output/smg2000.simple-hash
if [ -f "/home/ed/mcsema-testing/llvm-test-suite/MultiSource/Benchmarks/ASCI_Purple/SMG2000/smg2000.reference_output.little-endian." ]; then \
	  cp /home/ed/mcsema-testing/llvm-test-suite/MultiSource/Benchmarks/ASCI_Purple/SMG2000/smg2000.reference_output.little-endian. Output/smg2000.out-nat; \
	elif [ -f "/home/ed/mcsema-testing/llvm-test-suite/MultiSource/Benchmarks/ASCI_Purple/SMG2000/smg2000.reference_output." ]; then \
	  cp /home/ed/mcsema-testing/llvm-test-suite/MultiSource/Benchmarks/ASCI_Purple/SMG2000/smg2000.reference_output. Output/smg2000.out-nat; \
	elif [ -f "/home/ed/mcsema-testing/llvm-test-suite/MultiSource/Benchmarks/ASCI_Purple/SMG2000/smg2000.reference_output.little-endian" ]; then \
	  cp /home/ed/mcsema-testing/llvm-test-suite/MultiSource/Benchmarks/ASCI_Purple/SMG2000/smg2000.reference_output.little-endian Output/smg2000.out-nat; \
	elif [ -f "/home/ed/mcsema-testing/llvm-test-suite/MultiSource/Benchmarks/ASCI_Purple/SMG2000/smg2000.reference_output" ]; then \
	  cp /home/ed/mcsema-testing/llvm-test-suite/MultiSource/Benchmarks/ASCI_Purple/SMG2000/smg2000.reference_output Output/smg2000.out-nat; \
	else \
	  printf "WARNING: %s: %s\n" "NO REFERENCE OUTPUT (using default)" "/home/ed/mcsema-testing/llvm-test-suite/MultiSource/Benchmarks/ASCI_Purple/SMG2000/smg2000.reference_output" > Output/smg2000.out-nat; \
	  cp /home/ed/mcsema-testing/llvm-test-suite/default.reference_output Output/smg2000.out-nat; \
	  cat Output/smg2000.out-nat; \
	fi
# Pretend that the reference output was produced instantaneously.
cp /home/ed/mcsema-testing/llvm-test-suite/instant.txt Output/smg2000.out-nat.time
/home/ed/mcsema-testing/llvm-test-suite/DiffOutput.sh "/home/ed/mcsema-testing/SANDBOX/test-2015-12-21_15-36-50/tools/fpcmp " simple smg2000 
rm -f Output/smg2000.exe-simple
cp Output/smg2000.diff-simple Output/smg2000.exe-simple
if test -f Output/smg2000.extra-results.txt; then \
	  /home/ed/mcsema-testing/llvm-test-suite/ParseMultipleResults /home/ed/mcsema-testing/SANDBOX/test-2015-12-21_15-36-50/MultiSource/Benchmarks/ASCI_Purple/SMG2000/smg2000 Output/smg2000.extra-results.txt >> Output/smg2000.simple.exec.report.txt; \
	fi
cat Output/smg2000.simple.compile.report.txt Output/smg2000.simple.exec.report.txt >> Output/smg2000.simple.report.txt
---------------------------------------------------------------
>>> ========= '/home/ed/mcsema-testing/SANDBOX/test-2015-12-21_15-36-50/MultiSource/Benchmarks/ASCI_Purple/SMG2000/smg2000' Program
---------------------------------------------------------------

TEST-PASS: compile /home/ed/mcsema-testing/SANDBOX/test-2015-12-21_15-36-50/MultiSource/Benchmarks/ASCI_Purple/SMG2000/smg2000
TEST-RESULT-compile-success: pass
TEST-RESULT-compile-hash: 13c775dc8f3dfd1a103962a565f62aa5
TEST-RESULT-compile-time: user 4.996900
TEST-RESULT-compile-real-time: real 5.930100

TEST-PASS: exec /home/ed/mcsema-testing/SANDBOX/test-2015-12-21_15-36-50/MultiSource/Benchmarks/ASCI_Purple/SMG2000/smg2000
TEST-RESULT-exec-success: pass
TEST-RESULT-exec-time: user       2.4762
TEST-RESULT-exec-real-time: real       2.5629
make[5]: Leaving directory `/home/ed/mcsema-testing/SANDBOX/test-2015-12-21_15-36-50/MultiSource/Benchmarks/ASCI_Purple/SMG2000'
make[4]: Leaving directory `/home/ed/mcsema-testing/SANDBOX/test-2015-12-21_15-36-50/MultiSource/Benchmarks/ASCI_Purple'
make[4]: Entering directory `/home/ed/mcsema-testing/SANDBOX/test-2015-12-21_15-36-50/MultiSource/Benchmarks/MiBench'
make[5]: Entering directory `/home/ed/mcsema-testing/SANDBOX/test-2015-12-21_15-36-50/MultiSource/Benchmarks/MiBench/automotive-basicmath'
/home/ed/mcsema-testing/llvm-test-suite/RunSafely.sh --show-errors -t "/home/ed/mcsema-testing/SANDBOX/test-2015-12-21_15-36-50/tools/timeit" 500 /dev/null Output/basicmath.llvm.o.compile \
	  /usr/bin/clang -I/home/ed/mcsema-testing/SANDBOX/test-2015-12-21_15-36-50/MultiSource/Benchmarks/MiBench/automotive-basicmath -I/home/ed/mcsema-testing/llvm-test-suite/MultiSource/Benchmarks/MiBench/automotive-basicmath -I/home/ed/mcsema-testing/llvm-test-suite/include -I../../../../include -D_GNU_SOURCE -D__STDC_LIMIT_MACROS -DNDEBUG  -O3  -m64 -fomit-frame-pointer -c /home/ed/mcsema-testing/llvm-test-suite/MultiSource/Benchmarks/MiBench/automotive-basicmath/basicmath.c -o Output/basicmath.llvm.o
/home/ed/mcsema-testing/llvm-test-suite/RunSafely.sh --show-errors -t "/home/ed/mcsema-testing/SANDBOX/test-2015-12-21_15-36-50/tools/timeit" 500 /dev/null Output/cubic.llvm.o.compile \
	  /usr/bin/clang -I/home/ed/mcsema-testing/SANDBOX/test-2015-12-21_15-36-50/MultiSource/Benchmarks/MiBench/automotive-basicmath -I/home/ed/mcsema-testing/llvm-test-suite/MultiSource/Benchmarks/MiBench/automotive-basicmath -I/home/ed/mcsema-testing/llvm-test-suite/include -I../../../../include -D_GNU_SOURCE -D__STDC_LIMIT_MACROS -DNDEBUG  -O3  -m64 -fomit-frame-pointer -c /home/ed/mcsema-testing/llvm-test-suite/MultiSource/Benchmarks/MiBench/automotive-basicmath/cubic.c -o Output/cubic.llvm.o
/home/ed/mcsema-testing/llvm-test-suite/RunSafely.sh --show-errors -t "/home/ed/mcsema-testing/SANDBOX/test-2015-12-21_15-36-50/tools/timeit" 500 /dev/null Output/isqrt.llvm.o.compile \
	  /usr/bin/clang -I/home/ed/mcsema-testing/SANDBOX/test-2015-12-21_15-36-50/MultiSource/Benchmarks/MiBench/automotive-basicmath -I/home/ed/mcsema-testing/llvm-test-suite/MultiSource/Benchmarks/MiBench/automotive-basicmath -I/home/ed/mcsema-testing/llvm-test-suite/include -I../../../../include -D_GNU_SOURCE -D__STDC_LIMIT_MACROS -DNDEBUG  -O3  -m64 -fomit-frame-pointer -c /home/ed/mcsema-testing/llvm-test-suite/MultiSource/Benchmarks/MiBench/automotive-basicmath/isqrt.c -o Output/isqrt.llvm.o
/home/ed/mcsema-testing/llvm-test-suite/RunSafely.sh --show-errors -t "/home/ed/mcsema-testing/SANDBOX/test-2015-12-21_15-36-50/tools/timeit" 500 /dev/null Output/rad2deg.llvm.o.compile \
	  /usr/bin/clang -I/home/ed/mcsema-testing/SANDBOX/test-2015-12-21_15-36-50/MultiSource/Benchmarks/MiBench/automotive-basicmath -I/home/ed/mcsema-testing/llvm-test-suite/MultiSource/Benchmarks/MiBench/automotive-basicmath -I/home/ed/mcsema-testing/llvm-test-suite/include -I../../../../include -D_GNU_SOURCE -D__STDC_LIMIT_MACROS -DNDEBUG  -O3  -m64 -fomit-frame-pointer -c /home/ed/mcsema-testing/llvm-test-suite/MultiSource/Benchmarks/MiBench/automotive-basicmath/rad2deg.c -o Output/rad2deg.llvm.o
/usr/bin/clang++ -o Output/automotive-basicmath.simple Output/basicmath.llvm.o Output/cubic.llvm.o Output/isqrt.llvm.o Output/rad2deg.llvm.o -lm   -m64 -fomit-frame-pointer
/home/ed/mcsema-testing/llvm-test-suite/RunSafely.sh -t "/home/ed/mcsema-testing/SANDBOX/test-2015-12-21_15-36-50/tools/timeit-target" 500 /dev/null Output/automotive-basicmath.out-simple Output/automotive-basicmath.simple 
/home/ed/mcsema-testing/llvm-test-suite/HashProgramOutput.sh Output/automotive-basicmath.out-simple
cp Output/automotive-basicmath.simple Output/automotive-basicmath.simple-hash; \
	strip --remove-section=.comment --remove-section='.note*' Output/automotive-basicmath.simple-hash; \
	/home/ed/mcsema-testing/llvm-test-suite/HashProgramOutput.sh Output/automotive-basicmath.simple-hash
if [ -f "/home/ed/mcsema-testing/llvm-test-suite/MultiSource/Benchmarks/MiBench/automotive-basicmath/automotive-basicmath.reference_output.little-endian." ]; then \
	  cp /home/ed/mcsema-testing/llvm-test-suite/MultiSource/Benchmarks/MiBench/automotive-basicmath/automotive-basicmath.reference_output.little-endian. Output/automotive-basicmath.out-nat; \
	elif [ -f "/home/ed/mcsema-testing/llvm-test-suite/MultiSource/Benchmarks/MiBench/automotive-basicmath/automotive-basicmath.reference_output." ]; then \
	  cp /home/ed/mcsema-testing/llvm-test-suite/MultiSource/Benchmarks/MiBench/automotive-basicmath/automotive-basicmath.reference_output. Output/automotive-basicmath.out-nat; \
	elif [ -f "/home/ed/mcsema-testing/llvm-test-suite/MultiSource/Benchmarks/MiBench/automotive-basicmath/automotive-basicmath.reference_output.little-endian" ]; then \
	  cp /home/ed/mcsema-testing/llvm-test-suite/MultiSource/Benchmarks/MiBench/automotive-basicmath/automotive-basicmath.reference_output.little-endian Output/automotive-basicmath.out-nat; \
	elif [ -f "/home/ed/mcsema-testing/llvm-test-suite/MultiSource/Benchmarks/MiBench/automotive-basicmath/automotive-basicmath.reference_output" ]; then \
	  cp /home/ed/mcsema-testing/llvm-test-suite/MultiSource/Benchmarks/MiBench/automotive-basicmath/automotive-basicmath.reference_output Output/automotive-basicmath.out-nat; \
	else \
	  printf "WARNING: %s: %s\n" "NO REFERENCE OUTPUT (using default)" "/home/ed/mcsema-testing/llvm-test-suite/MultiSource/Benchmarks/MiBench/automotive-basicmath/automotive-basicmath.reference_output" > Output/automotive-basicmath.out-nat; \
	  cp /home/ed/mcsema-testing/llvm-test-suite/default.reference_output Output/automotive-basicmath.out-nat; \
	  cat Output/automotive-basicmath.out-nat; \
	fi
# Pretend that the reference output was produced instantaneously.
cp /home/ed/mcsema-testing/llvm-test-suite/instant.txt Output/automotive-basicmath.out-nat.time
/home/ed/mcsema-testing/llvm-test-suite/DiffOutput.sh "/home/ed/mcsema-testing/SANDBOX/test-2015-12-21_15-36-50/tools/fpcmp " simple automotive-basicmath 
rm -f Output/automotive-basicmath.exe-simple
cp Output/automotive-basicmath.diff-simple Output/automotive-basicmath.exe-simple
if test -f Output/automotive-basicmath.extra-results.txt; then \
	  /home/ed/mcsema-testing/llvm-test-suite/ParseMultipleResults /home/ed/mcsema-testing/SANDBOX/test-2015-12-21_15-36-50/MultiSource/Benchmarks/MiBench/automotive-basicmath/automotive-basicmath Output/automotive-basicmath.extra-results.txt >> Output/automotive-basicmath.simple.exec.report.txt; \
	fi
cat Output/automotive-basicmath.simple.compile.report.txt Output/automotive-basicmath.simple.exec.report.txt >> Output/automotive-basicmath.simple.report.txt
---------------------------------------------------------------
>>> ========= '/home/ed/mcsema-testing/SANDBOX/test-2015-12-21_15-36-50/MultiSource/Benchmarks/MiBench/automotive-basicmath/automotive-basicmath' Program
---------------------------------------------------------------

TEST-PASS: compile /home/ed/mcsema-testing/SANDBOX/test-2015-12-21_15-36-50/MultiSource/Benchmarks/MiBench/automotive-basicmath/automotive-basicmath
TEST-RESULT-compile-success: pass
TEST-RESULT-compile-hash: cafe19562e79a02b425839d1767b13e4
TEST-RESULT-compile-time: user 0.162600
TEST-RESULT-compile-real-time: real 0.227800

TEST-PASS: exec /home/ed/mcsema-testing/SANDBOX/test-2015-12-21_15-36-50/MultiSource/Benchmarks/MiBench/automotive-basicmath/automotive-basicmath
TEST-RESULT-exec-success: pass
TEST-RESULT-exec-time: user       0.2560
TEST-RESULT-exec-real-time: real       0.2842
make[5]: Leaving directory `/home/ed/mcsema-testing/SANDBOX/test-2015-12-21_15-36-50/MultiSource/Benchmarks/MiBench/automotive-basicmath'
make[5]: Entering directory `/home/ed/mcsema-testing/SANDBOX/test-2015-12-21_15-36-50/MultiSource/Benchmarks/MiBench/automotive-bitcount'
/home/ed/mcsema-testing/llvm-test-suite/RunSafely.sh --show-errors -t "/home/ed/mcsema-testing/SANDBOX/test-2015-12-21_15-36-50/tools/timeit" 500 /dev/null Output/bitarray.llvm.o.compile \
	  /usr/bin/clang -I/home/ed/mcsema-testing/SANDBOX/test-2015-12-21_15-36-50/MultiSource/Benchmarks/MiBench/automotive-bitcount -I/home/ed/mcsema-testing/llvm-test-suite/MultiSource/Benchmarks/MiBench/automotive-bitcount -I/home/ed/mcsema-testing/llvm-test-suite/include -I../../../../include -D_GNU_SOURCE -D__STDC_LIMIT_MACROS -DNDEBUG  -O3  -m64 -fomit-frame-pointer -c /home/ed/mcsema-testing/llvm-test-suite/MultiSource/Benchmarks/MiBench/automotive-bitcount/bitarray.c -o Output/bitarray.llvm.o
/home/ed/mcsema-testing/llvm-test-suite/RunSafely.sh --show-errors -t "/home/ed/mcsema-testing/SANDBOX/test-2015-12-21_15-36-50/tools/timeit" 500 /dev/null Output/bitcnt_1.llvm.o.compile \
	  /usr/bin/clang -I/home/ed/mcsema-testing/SANDBOX/test-2015-12-21_15-36-50/MultiSource/Benchmarks/MiBench/automotive-bitcount -I/home/ed/mcsema-testing/llvm-test-suite/MultiSource/Benchmarks/MiBench/automotive-bitcount -I/home/ed/mcsema-testing/llvm-test-suite/include -I../../../../include -D_GNU_SOURCE -D__STDC_LIMIT_MACROS -DNDEBUG  -O3  -m64 -fomit-frame-pointer -c /home/ed/mcsema-testing/llvm-test-suite/MultiSource/Benchmarks/MiBench/automotive-bitcount/bitcnt_1.c -o Output/bitcnt_1.llvm.o
/home/ed/mcsema-testing/llvm-test-suite/RunSafely.sh --show-errors -t "/home/ed/mcsema-testing/SANDBOX/test-2015-12-21_15-36-50/tools/timeit" 500 /dev/null Output/bitcnt_2.llvm.o.compile \
	  /usr/bin/clang -I/home/ed/mcsema-testing/SANDBOX/test-2015-12-21_15-36-50/MultiSource/Benchmarks/MiBench/automotive-bitcount -I/home/ed/mcsema-testing/llvm-test-suite/MultiSource/Benchmarks/MiBench/automotive-bitcount -I/home/ed/mcsema-testing/llvm-test-suite/include -I../../../../include -D_GNU_SOURCE -D__STDC_LIMIT_MACROS -DNDEBUG  -O3  -m64 -fomit-frame-pointer -c /home/ed/mcsema-testing/llvm-test-suite/MultiSource/Benchmarks/MiBench/automotive-bitcount/bitcnt_2.c -o Output/bitcnt_2.llvm.o
/home/ed/mcsema-testing/llvm-test-suite/RunSafely.sh --show-errors -t "/home/ed/mcsema-testing/SANDBOX/test-2015-12-21_15-36-50/tools/timeit" 500 /dev/null Output/bitcnt_3.llvm.o.compile \
	  /usr/bin/clang -I/home/ed/mcsema-testing/SANDBOX/test-2015-12-21_15-36-50/MultiSource/Benchmarks/MiBench/automotive-bitcount -I/home/ed/mcsema-testing/llvm-test-suite/MultiSource/Benchmarks/MiBench/automotive-bitcount -I/home/ed/mcsema-testing/llvm-test-suite/include -I../../../../include -D_GNU_SOURCE -D__STDC_LIMIT_MACROS -DNDEBUG  -O3  -m64 -fomit-frame-pointer -c /home/ed/mcsema-testing/llvm-test-suite/MultiSource/Benchmarks/MiBench/automotive-bitcount/bitcnt_3.c -o Output/bitcnt_3.llvm.o
/home/ed/mcsema-testing/llvm-test-suite/RunSafely.sh --show-errors -t "/home/ed/mcsema-testing/SANDBOX/test-2015-12-21_15-36-50/tools/timeit" 500 /dev/null Output/bitcnt_4.llvm.o.compile \
	  /usr/bin/clang -I/home/ed/mcsema-testing/SANDBOX/test-2015-12-21_15-36-50/MultiSource/Benchmarks/MiBench/automotive-bitcount -I/home/ed/mcsema-testing/llvm-test-suite/MultiSource/Benchmarks/MiBench/automotive-bitcount -I/home/ed/mcsema-testing/llvm-test-suite/include -I../../../../include -D_GNU_SOURCE -D__STDC_LIMIT_MACROS -DNDEBUG  -O3  -m64 -fomit-frame-pointer -c /home/ed/mcsema-testing/llvm-test-suite/MultiSource/Benchmarks/MiBench/automotive-bitcount/bitcnt_4.c -o Output/bitcnt_4.llvm.o
/home/ed/mcsema-testing/llvm-test-suite/RunSafely.sh --show-errors -t "/home/ed/mcsema-testing/SANDBOX/test-2015-12-21_15-36-50/tools/timeit" 500 /dev/null Output/bitcnts.llvm.o.compile \
	  /usr/bin/clang -I/home/ed/mcsema-testing/SANDBOX/test-2015-12-21_15-36-50/MultiSource/Benchmarks/MiBench/automotive-bitcount -I/home/ed/mcsema-testing/llvm-test-suite/MultiSource/Benchmarks/MiBench/automotive-bitcount -I/home/ed/mcsema-testing/llvm-test-suite/include -I../../../../include -D_GNU_SOURCE -D__STDC_LIMIT_MACROS -DNDEBUG  -O3  -m64 -fomit-frame-pointer -c /home/ed/mcsema-testing/llvm-test-suite/MultiSource/Benchmarks/MiBench/automotive-bitcount/bitcnts.c -o Output/bitcnts.llvm.o
/home/ed/mcsema-testing/llvm-test-suite/RunSafely.sh --show-errors -t "/home/ed/mcsema-testing/SANDBOX/test-2015-12-21_15-36-50/tools/timeit" 500 /dev/null Output/bitfiles.llvm.o.compile \
	  /usr/bin/clang -I/home/ed/mcsema-testing/SANDBOX/test-2015-12-21_15-36-50/MultiSource/Benchmarks/MiBench/automotive-bitcount -I/home/ed/mcsema-testing/llvm-test-suite/MultiSource/Benchmarks/MiBench/automotive-bitcount -I/home/ed/mcsema-testing/llvm-test-suite/include -I../../../../include -D_GNU_SOURCE -D__STDC_LIMIT_MACROS -DNDEBUG  -O3  -m64 -fomit-frame-pointer -c /home/ed/mcsema-testing/llvm-test-suite/MultiSource/Benchmarks/MiBench/automotive-bitcount/bitfiles.c -o Output/bitfiles.llvm.o
/home/ed/mcsema-testing/llvm-test-suite/RunSafely.sh --show-errors -t "/home/ed/mcsema-testing/SANDBOX/test-2015-12-21_15-36-50/tools/timeit" 500 /dev/null Output/bitstrng.llvm.o.compile \
	  /usr/bin/clang -I/home/ed/mcsema-testing/SANDBOX/test-2015-12-21_15-36-50/MultiSource/Benchmarks/MiBench/automotive-bitcount -I/home/ed/mcsema-testing/llvm-test-suite/MultiSource/Benchmarks/MiBench/automotive-bitcount -I/home/ed/mcsema-testing/llvm-test-suite/include -I../../../../include -D_GNU_SOURCE -D__STDC_LIMIT_MACROS -DNDEBUG  -O3  -m64 -fomit-frame-pointer -c /home/ed/mcsema-testing/llvm-test-suite/MultiSource/Benchmarks/MiBench/automotive-bitcount/bitstrng.c -o Output/bitstrng.llvm.o
/home/ed/mcsema-testing/llvm-test-suite/RunSafely.sh --show-errors -t "/home/ed/mcsema-testing/SANDBOX/test-2015-12-21_15-36-50/tools/timeit" 500 /dev/null Output/bstr_i.llvm.o.compile \
	  /usr/bin/clang -I/home/ed/mcsema-testing/SANDBOX/test-2015-12-21_15-36-50/MultiSource/Benchmarks/MiBench/automotive-bitcount -I/home/ed/mcsema-testing/llvm-test-suite/MultiSource/Benchmarks/MiBench/automotive-bitcount -I/home/ed/mcsema-testing/llvm-test-suite/include -I../../../../include -D_GNU_SOURCE -D__STDC_LIMIT_MACROS -DNDEBUG  -O3  -m64 -fomit-frame-pointer -c /home/ed/mcsema-testing/llvm-test-suite/MultiSource/Benchmarks/MiBench/automotive-bitcount/bstr_i.c -o Output/bstr_i.llvm.o
/usr/bin/clang++ -o Output/automotive-bitcount.simple Output/bitarray.llvm.o Output/bitcnt_1.llvm.o Output/bitcnt_2.llvm.o Output/bitcnt_3.llvm.o Output/bitcnt_4.llvm.o Output/bitcnts.llvm.o Output/bitfiles.llvm.o Output/bitstrng.llvm.o Output/bstr_i.llvm.o -lm   -m64 -fomit-frame-pointer
/home/ed/mcsema-testing/llvm-test-suite/RunSafely.sh -t "/home/ed/mcsema-testing/SANDBOX/test-2015-12-21_15-36-50/tools/timeit-target" 500 /dev/null Output/automotive-bitcount.out-simple Output/automotive-bitcount.simple 1125000
cp Output/automotive-bitcount.simple Output/automotive-bitcount.simple-hash; \
	strip --remove-section=.comment --remove-section='.note*' Output/automotive-bitcount.simple-hash; \
	/home/ed/mcsema-testing/llvm-test-suite/HashProgramOutput.sh Output/automotive-bitcount.simple-hash
if [ -f "/home/ed/mcsema-testing/llvm-test-suite/MultiSource/Benchmarks/MiBench/automotive-bitcount/automotive-bitcount.reference_output.little-endian." ]; then \
	  cp /home/ed/mcsema-testing/llvm-test-suite/MultiSource/Benchmarks/MiBench/automotive-bitcount/automotive-bitcount.reference_output.little-endian. Output/automotive-bitcount.out-nat; \
	elif [ -f "/home/ed/mcsema-testing/llvm-test-suite/MultiSource/Benchmarks/MiBench/automotive-bitcount/automotive-bitcount.reference_output." ]; then \
	  cp /home/ed/mcsema-testing/llvm-test-suite/MultiSource/Benchmarks/MiBench/automotive-bitcount/automotive-bitcount.reference_output. Output/automotive-bitcount.out-nat; \
	elif [ -f "/home/ed/mcsema-testing/llvm-test-suite/MultiSource/Benchmarks/MiBench/automotive-bitcount/automotive-bitcount.reference_output.little-endian" ]; then \
	  cp /home/ed/mcsema-testing/llvm-test-suite/MultiSource/Benchmarks/MiBench/automotive-bitcount/automotive-bitcount.reference_output.little-endian Output/automotive-bitcount.out-nat; \
	elif [ -f "/home/ed/mcsema-testing/llvm-test-suite/MultiSource/Benchmarks/MiBench/automotive-bitcount/automotive-bitcount.reference_output" ]; then \
	  cp /home/ed/mcsema-testing/llvm-test-suite/MultiSource/Benchmarks/MiBench/automotive-bitcount/automotive-bitcount.reference_output Output/automotive-bitcount.out-nat; \
	else \
	  printf "WARNING: %s: %s\n" "NO REFERENCE OUTPUT (using default)" "/home/ed/mcsema-testing/llvm-test-suite/MultiSource/Benchmarks/MiBench/automotive-bitcount/automotive-bitcount.reference_output" > Output/automotive-bitcount.out-nat; \
	  cp /home/ed/mcsema-testing/llvm-test-suite/default.reference_output Output/automotive-bitcount.out-nat; \
	  cat Output/automotive-bitcount.out-nat; \
	fi
# Pretend that the reference output was produced instantaneously.
cp /home/ed/mcsema-testing/llvm-test-suite/instant.txt Output/automotive-bitcount.out-nat.time
/home/ed/mcsema-testing/llvm-test-suite/DiffOutput.sh "/home/ed/mcsema-testing/SANDBOX/test-2015-12-21_15-36-50/tools/fpcmp " simple automotive-bitcount 
rm -f Output/automotive-bitcount.exe-simple
cp Output/automotive-bitcount.diff-simple Output/automotive-bitcount.exe-simple
if test -f Output/automotive-bitcount.extra-results.txt; then \
	  /home/ed/mcsema-testing/llvm-test-suite/ParseMultipleResults /home/ed/mcsema-testing/SANDBOX/test-2015-12-21_15-36-50/MultiSource/Benchmarks/MiBench/automotive-bitcount/automotive-bitcount Output/automotive-bitcount.extra-results.txt >> Output/automotive-bitcount.simple.exec.report.txt; \
	fi
cat Output/automotive-bitcount.simple.compile.report.txt Output/automotive-bitcount.simple.exec.report.txt >> Output/automotive-bitcount.simple.report.txt
---------------------------------------------------------------
>>> ========= '/home/ed/mcsema-testing/SANDBOX/test-2015-12-21_15-36-50/MultiSource/Benchmarks/MiBench/automotive-bitcount/automotive-bitcount' Program
---------------------------------------------------------------

TEST-PASS: compile /home/ed/mcsema-testing/SANDBOX/test-2015-12-21_15-36-50/MultiSource/Benchmarks/MiBench/automotive-bitcount/automotive-bitcount
TEST-RESULT-compile-success: pass
TEST-RESULT-compile-hash: bd5bf838b8c765abb15ee06898b7c02c
TEST-RESULT-compile-time: user 0.294900
TEST-RESULT-compile-real-time: real 0.461900

TEST-PASS: exec /home/ed/mcsema-testing/SANDBOX/test-2015-12-21_15-36-50/MultiSource/Benchmarks/MiBench/automotive-bitcount/automotive-bitcount
TEST-RESULT-exec-success: pass
TEST-RESULT-exec-time: user       0.0681
TEST-RESULT-exec-real-time: real       0.0689
make[5]: Leaving directory `/home/ed/mcsema-testing/SANDBOX/test-2015-12-21_15-36-50/MultiSource/Benchmarks/MiBench/automotive-bitcount'
make[5]: Entering directory `/home/ed/mcsema-testing/SANDBOX/test-2015-12-21_15-36-50/MultiSource/Benchmarks/MiBench/automotive-susan'
/home/ed/mcsema-testing/llvm-test-suite/RunSafely.sh --show-errors -t "/home/ed/mcsema-testing/SANDBOX/test-2015-12-21_15-36-50/tools/timeit" 500 /dev/null Output/susan.llvm.o.compile \
	  /usr/bin/clang -I/home/ed/mcsema-testing/SANDBOX/test-2015-12-21_15-36-50/MultiSource/Benchmarks/MiBench/automotive-susan -I/home/ed/mcsema-testing/llvm-test-suite/MultiSource/Benchmarks/MiBench/automotive-susan -I/home/ed/mcsema-testing/llvm-test-suite/include -I../../../../include -D_GNU_SOURCE -D__STDC_LIMIT_MACROS -DNDEBUG  -O3  -m64 -fomit-frame-pointer -c /home/ed/mcsema-testing/llvm-test-suite/MultiSource/Benchmarks/MiBench/automotive-susan/susan.c -o Output/susan.llvm.o
/usr/bin/clang++ -o Output/automotive-susan.simple Output/susan.llvm.o -lm   -m64 -fomit-frame-pointer
/home/ed/mcsema-testing/llvm-test-suite/RunSafely.sh -t "/home/ed/mcsema-testing/SANDBOX/test-2015-12-21_15-36-50/tools/timeit-target" 500 /dev/null Output/automotive-susan.out-simple Output/automotive-susan.simple /home/ed/mcsema-testing/llvm-test-suite/MultiSource/Benchmarks/MiBench/automotive-susan/input_large.pgm Output/output_large.smoothing.pgm -s
/home/ed/mcsema-testing/llvm-test-suite/HashProgramOutput.sh Output/automotive-susan.out-simple
cp Output/automotive-susan.simple Output/automotive-susan.simple-hash; \
	strip --remove-section=.comment --remove-section='.note*' Output/automotive-susan.simple-hash; \
	/home/ed/mcsema-testing/llvm-test-suite/HashProgramOutput.sh Output/automotive-susan.simple-hash
if [ -f "/home/ed/mcsema-testing/llvm-test-suite/MultiSource/Benchmarks/MiBench/automotive-susan/automotive-susan.reference_output.little-endian." ]; then \
	  cp /home/ed/mcsema-testing/llvm-test-suite/MultiSource/Benchmarks/MiBench/automotive-susan/automotive-susan.reference_output.little-endian. Output/automotive-susan.out-nat; \
	elif [ -f "/home/ed/mcsema-testing/llvm-test-suite/MultiSource/Benchmarks/MiBench/automotive-susan/automotive-susan.reference_output." ]; then \
	  cp /home/ed/mcsema-testing/llvm-test-suite/MultiSource/Benchmarks/MiBench/automotive-susan/automotive-susan.reference_output. Output/automotive-susan.out-nat; \
	elif [ -f "/home/ed/mcsema-testing/llvm-test-suite/MultiSource/Benchmarks/MiBench/automotive-susan/automotive-susan.reference_output.little-endian" ]; then \
	  cp /home/ed/mcsema-testing/llvm-test-suite/MultiSource/Benchmarks/MiBench/automotive-susan/automotive-susan.reference_output.little-endian Output/automotive-susan.out-nat; \
	elif [ -f "/home/ed/mcsema-testing/llvm-test-suite/MultiSource/Benchmarks/MiBench/automotive-susan/automotive-susan.reference_output" ]; then \
	  cp /home/ed/mcsema-testing/llvm-test-suite/MultiSource/Benchmarks/MiBench/automotive-susan/automotive-susan.reference_output Output/automotive-susan.out-nat; \
	else \
	  printf "WARNING: %s: %s\n" "NO REFERENCE OUTPUT (using default)" "/home/ed/mcsema-testing/llvm-test-suite/MultiSource/Benchmarks/MiBench/automotive-susan/automotive-susan.reference_output" > Output/automotive-susan.out-nat; \
	  cp /home/ed/mcsema-testing/llvm-test-suite/default.reference_output Output/automotive-susan.out-nat; \
	  cat Output/automotive-susan.out-nat; \
	fi
# Pretend that the reference output was produced instantaneously.
cp /home/ed/mcsema-testing/llvm-test-suite/instant.txt Output/automotive-susan.out-nat.time
/home/ed/mcsema-testing/llvm-test-suite/DiffOutput.sh "/home/ed/mcsema-testing/SANDBOX/test-2015-12-21_15-36-50/tools/fpcmp " simple automotive-susan 
rm -f Output/automotive-susan.exe-simple
cp Output/automotive-susan.diff-simple Output/automotive-susan.exe-simple
if test -f Output/automotive-susan.extra-results.txt; then \
	  /home/ed/mcsema-testing/llvm-test-suite/ParseMultipleResults /home/ed/mcsema-testing/SANDBOX/test-2015-12-21_15-36-50/MultiSource/Benchmarks/MiBench/automotive-susan/automotive-susan Output/automotive-susan.extra-results.txt >> Output/automotive-susan.simple.exec.report.txt; \
	fi
cat Output/automotive-susan.simple.compile.report.txt Output/automotive-susan.simple.exec.report.txt >> Output/automotive-susan.simple.report.txt
---------------------------------------------------------------
>>> ========= '/home/ed/mcsema-testing/SANDBOX/test-2015-12-21_15-36-50/MultiSource/Benchmarks/MiBench/automotive-susan/automotive-susan' Program
---------------------------------------------------------------

TEST-PASS: compile /home/ed/mcsema-testing/SANDBOX/test-2015-12-21_15-36-50/MultiSource/Benchmarks/MiBench/automotive-susan/automotive-susan
TEST-RESULT-compile-success: pass
TEST-RESULT-compile-hash: e3f6a3d057c39790b32d78f703c837f3
TEST-RESULT-compile-time: user 0.477900
TEST-RESULT-compile-real-time: real 0.510400

TEST-PASS: exec /home/ed/mcsema-testing/SANDBOX/test-2015-12-21_15-36-50/MultiSource/Benchmarks/MiBench/automotive-susan/automotive-susan
TEST-RESULT-exec-success: pass
TEST-RESULT-exec-time: user       0.0359
TEST-RESULT-exec-real-time: real       0.0789
make[5]: Leaving directory `/home/ed/mcsema-testing/SANDBOX/test-2015-12-21_15-36-50/MultiSource/Benchmarks/MiBench/automotive-susan'
make[5]: Entering directory `/home/ed/mcsema-testing/SANDBOX/test-2015-12-21_15-36-50/MultiSource/Benchmarks/MiBench/consumer-jpeg'
/home/ed/mcsema-testing/llvm-test-suite/RunSafely.sh --show-errors -t "/home/ed/mcsema-testing/SANDBOX/test-2015-12-21_15-36-50/tools/timeit" 500 /dev/null Output/cdjpeg.llvm.o.compile \
	  /usr/bin/clang -I/home/ed/mcsema-testing/SANDBOX/test-2015-12-21_15-36-50/MultiSource/Benchmarks/MiBench/consumer-jpeg -I/home/ed/mcsema-testing/llvm-test-suite/MultiSource/Benchmarks/MiBench/consumer-jpeg -I/home/ed/mcsema-testing/llvm-test-suite/include -I../../../../include -D_GNU_SOURCE -D__STDC_LIMIT_MACROS -DNDEBUG  -O3  -m64 -fomit-frame-pointer -c /home/ed/mcsema-testing/llvm-test-suite/MultiSource/Benchmarks/MiBench/consumer-jpeg/cdjpeg.c -o Output/cdjpeg.llvm.o
/home/ed/mcsema-testing/llvm-test-suite/RunSafely.sh --show-errors -t "/home/ed/mcsema-testing/SANDBOX/test-2015-12-21_15-36-50/tools/timeit" 500 /dev/null Output/djpeg.llvm.o.compile \
	  /usr/bin/clang -I/home/ed/mcsema-testing/SANDBOX/test-2015-12-21_15-36-50/MultiSource/Benchmarks/MiBench/consumer-jpeg -I/home/ed/mcsema-testing/llvm-test-suite/MultiSource/Benchmarks/MiBench/consumer-jpeg -I/home/ed/mcsema-testing/llvm-test-suite/include -I../../../../include -D_GNU_SOURCE -D__STDC_LIMIT_MACROS -DNDEBUG  -O3  -m64 -fomit-frame-pointer -c /home/ed/mcsema-testing/llvm-test-suite/MultiSource/Benchmarks/MiBench/consumer-jpeg/djpeg.c -o Output/djpeg.llvm.o
/home/ed/mcsema-testing/llvm-test-suite/RunSafely.sh --show-errors -t "/home/ed/mcsema-testing/SANDBOX/test-2015-12-21_15-36-50/tools/timeit" 500 /dev/null Output/jcapimin.llvm.o.compile \
	  /usr/bin/clang -I/home/ed/mcsema-testing/SANDBOX/test-2015-12-21_15-36-50/MultiSource/Benchmarks/MiBench/consumer-jpeg -I/home/ed/mcsema-testing/llvm-test-suite/MultiSource/Benchmarks/MiBench/consumer-jpeg -I/home/ed/mcsema-testing/llvm-test-suite/include -I../../../../include -D_GNU_SOURCE -D__STDC_LIMIT_MACROS -DNDEBUG  -O3  -m64 -fomit-frame-pointer -c /home/ed/mcsema-testing/llvm-test-suite/MultiSource/Benchmarks/MiBench/consumer-jpeg/jcapimin.c -o Output/jcapimin.llvm.o
/home/ed/mcsema-testing/llvm-test-suite/RunSafely.sh --show-errors -t "/home/ed/mcsema-testing/SANDBOX/test-2015-12-21_15-36-50/tools/timeit" 500 /dev/null Output/jcapistd.llvm.o.compile \
	  /usr/bin/clang -I/home/ed/mcsema-testing/SANDBOX/test-2015-12-21_15-36-50/MultiSource/Benchmarks/MiBench/consumer-jpeg -I/home/ed/mcsema-testing/llvm-test-suite/MultiSource/Benchmarks/MiBench/consumer-jpeg -I/home/ed/mcsema-testing/llvm-test-suite/include -I../../../../include -D_GNU_SOURCE -D__STDC_LIMIT_MACROS -DNDEBUG  -O3  -m64 -fomit-frame-pointer -c /home/ed/mcsema-testing/llvm-test-suite/MultiSource/Benchmarks/MiBench/consumer-jpeg/jcapistd.c -o Output/jcapistd.llvm.o
/home/ed/mcsema-testing/llvm-test-suite/RunSafely.sh --show-errors -t "/home/ed/mcsema-testing/SANDBOX/test-2015-12-21_15-36-50/tools/timeit" 500 /dev/null Output/jccoefct.llvm.o.compile \
	  /usr/bin/clang -I/home/ed/mcsema-testing/SANDBOX/test-2015-12-21_15-36-50/MultiSource/Benchmarks/MiBench/consumer-jpeg -I/home/ed/mcsema-testing/llvm-test-suite/MultiSource/Benchmarks/MiBench/consumer-jpeg -I/home/ed/mcsema-testing/llvm-test-suite/include -I../../../../include -D_GNU_SOURCE -D__STDC_LIMIT_MACROS -DNDEBUG  -O3  -m64 -fomit-frame-pointer -c /home/ed/mcsema-testing/llvm-test-suite/MultiSource/Benchmarks/MiBench/consumer-jpeg/jccoefct.c -o Output/jccoefct.llvm.o
/home/ed/mcsema-testing/llvm-test-suite/RunSafely.sh --show-errors -t "/home/ed/mcsema-testing/SANDBOX/test-2015-12-21_15-36-50/tools/timeit" 500 /dev/null Output/jccolor.llvm.o.compile \
	  /usr/bin/clang -I/home/ed/mcsema-testing/SANDBOX/test-2015-12-21_15-36-50/MultiSource/Benchmarks/MiBench/consumer-jpeg -I/home/ed/mcsema-testing/llvm-test-suite/MultiSource/Benchmarks/MiBench/consumer-jpeg -I/home/ed/mcsema-testing/llvm-test-suite/include -I../../../../include -D_GNU_SOURCE -D__STDC_LIMIT_MACROS -DNDEBUG  -O3  -m64 -fomit-frame-pointer -c /home/ed/mcsema-testing/llvm-test-suite/MultiSource/Benchmarks/MiBench/consumer-jpeg/jccolor.c -o Output/jccolor.llvm.o
/home/ed/mcsema-testing/llvm-test-suite/RunSafely.sh --show-errors -t "/home/ed/mcsema-testing/SANDBOX/test-2015-12-21_15-36-50/tools/timeit" 500 /dev/null Output/jcdctmgr.llvm.o.compile \
	  /usr/bin/clang -I/home/ed/mcsema-testing/SANDBOX/test-2015-12-21_15-36-50/MultiSource/Benchmarks/MiBench/consumer-jpeg -I/home/ed/mcsema-testing/llvm-test-suite/MultiSource/Benchmarks/MiBench/consumer-jpeg -I/home/ed/mcsema-testing/llvm-test-suite/include -I../../../../include -D_GNU_SOURCE -D__STDC_LIMIT_MACROS -DNDEBUG  -O3  -m64 -fomit-frame-pointer -c /home/ed/mcsema-testing/llvm-test-suite/MultiSource/Benchmarks/MiBench/consumer-jpeg/jcdctmgr.c -o Output/jcdctmgr.llvm.o
/home/ed/mcsema-testing/llvm-test-suite/RunSafely.sh --show-errors -t "/home/ed/mcsema-testing/SANDBOX/test-2015-12-21_15-36-50/tools/timeit" 500 /dev/null Output/jchuff.llvm.o.compile \
	  /usr/bin/clang -I/home/ed/mcsema-testing/SANDBOX/test-2015-12-21_15-36-50/MultiSource/Benchmarks/MiBench/consumer-jpeg -I/home/ed/mcsema-testing/llvm-test-suite/MultiSource/Benchmarks/MiBench/consumer-jpeg -I/home/ed/mcsema-testing/llvm-test-suite/include -I../../../../include -D_GNU_SOURCE -D__STDC_LIMIT_MACROS -DNDEBUG  -O3  -m64 -fomit-frame-pointer -c /home/ed/mcsema-testing/llvm-test-suite/MultiSource/Benchmarks/MiBench/consumer-jpeg/jchuff.c -o Output/jchuff.llvm.o
/home/ed/mcsema-testing/llvm-test-suite/RunSafely.sh --show-errors -t "/home/ed/mcsema-testing/SANDBOX/test-2015-12-21_15-36-50/tools/timeit" 500 /dev/null Output/jcinit.llvm.o.compile \
	  /usr/bin/clang -I/home/ed/mcsema-testing/SANDBOX/test-2015-12-21_15-36-50/MultiSource/Benchmarks/MiBench/consumer-jpeg -I/home/ed/mcsema-testing/llvm-test-suite/MultiSource/Benchmarks/MiBench/consumer-jpeg -I/home/ed/mcsema-testing/llvm-test-suite/include -I../../../../include -D_GNU_SOURCE -D__STDC_LIMIT_MACROS -DNDEBUG  -O3  -m64 -fomit-frame-pointer -c /home/ed/mcsema-testing/llvm-test-suite/MultiSource/Benchmarks/MiBench/consumer-jpeg/jcinit.c -o Output/jcinit.llvm.o
/home/ed/mcsema-testing/llvm-test-suite/RunSafely.sh --show-errors -t "/home/ed/mcsema-testing/SANDBOX/test-2015-12-21_15-36-50/tools/timeit" 500 /dev/null Output/jcmainct.llvm.o.compile \
	  /usr/bin/clang -I/home/ed/mcsema-testing/SANDBOX/test-2015-12-21_15-36-50/MultiSource/Benchmarks/MiBench/consumer-jpeg -I/home/ed/mcsema-testing/llvm-test-suite/MultiSource/Benchmarks/MiBench/consumer-jpeg -I/home/ed/mcsema-testing/llvm-test-suite/include -I../../../../include -D_GNU_SOURCE -D__STDC_LIMIT_MACROS -DNDEBUG  -O3  -m64 -fomit-frame-pointer -c /home/ed/mcsema-testing/llvm-test-suite/MultiSource/Benchmarks/MiBench/consumer-jpeg/jcmainct.c -o Output/jcmainct.llvm.o
/home/ed/mcsema-testing/llvm-test-suite/RunSafely.sh --show-errors -t "/home/ed/mcsema-testing/SANDBOX/test-2015-12-21_15-36-50/tools/timeit" 500 /dev/null Output/jcmarker.llvm.o.compile \
	  /usr/bin/clang -I/home/ed/mcsema-testing/SANDBOX/test-2015-12-21_15-36-50/MultiSource/Benchmarks/MiBench/consumer-jpeg -I/home/ed/mcsema-testing/llvm-test-suite/MultiSource/Benchmarks/MiBench/consumer-jpeg -I/home/ed/mcsema-testing/llvm-test-suite/include -I../../../../include -D_GNU_SOURCE -D__STDC_LIMIT_MACROS -DNDEBUG  -O3  -m64 -fomit-frame-pointer -c /home/ed/mcsema-testing/llvm-test-suite/MultiSource/Benchmarks/MiBench/consumer-jpeg/jcmarker.c -o Output/jcmarker.llvm.o
/home/ed/mcsema-testing/llvm-test-suite/RunSafely.sh --show-errors -t "/home/ed/mcsema-testing/SANDBOX/test-2015-12-21_15-36-50/tools/timeit" 500 /dev/null Output/jcmaster.llvm.o.compile \
	  /usr/bin/clang -I/home/ed/mcsema-testing/SANDBOX/test-2015-12-21_15-36-50/MultiSource/Benchmarks/MiBench/consumer-jpeg -I/home/ed/mcsema-testing/llvm-test-suite/MultiSource/Benchmarks/MiBench/consumer-jpeg -I/home/ed/mcsema-testing/llvm-test-suite/include -I../../../../include -D_GNU_SOURCE -D__STDC_LIMIT_MACROS -DNDEBUG  -O3  -m64 -fomit-frame-pointer -c /home/ed/mcsema-testing/llvm-test-suite/MultiSource/Benchmarks/MiBench/consumer-jpeg/jcmaster.c -o Output/jcmaster.llvm.o
/home/ed/mcsema-testing/llvm-test-suite/RunSafely.sh --show-errors -t "/home/ed/mcsema-testing/SANDBOX/test-2015-12-21_15-36-50/tools/timeit" 500 /dev/null Output/jcomapi.llvm.o.compile \
	  /usr/bin/clang -I/home/ed/mcsema-testing/SANDBOX/test-2015-12-21_15-36-50/MultiSource/Benchmarks/MiBench/consumer-jpeg -I/home/ed/mcsema-testing/llvm-test-suite/MultiSource/Benchmarks/MiBench/consumer-jpeg -I/home/ed/mcsema-testing/llvm-test-suite/include -I../../../../include -D_GNU_SOURCE -D__STDC_LIMIT_MACROS -DNDEBUG  -O3  -m64 -fomit-frame-pointer -c /home/ed/mcsema-testing/llvm-test-suite/MultiSource/Benchmarks/MiBench/consumer-jpeg/jcomapi.c -o Output/jcomapi.llvm.o
/home/ed/mcsema-testing/llvm-test-suite/RunSafely.sh --show-errors -t "/home/ed/mcsema-testing/SANDBOX/test-2015-12-21_15-36-50/tools/timeit" 500 /dev/null Output/jcparam.llvm.o.compile \
	  /usr/bin/clang -I/home/ed/mcsema-testing/SANDBOX/test-2015-12-21_15-36-50/MultiSource/Benchmarks/MiBench/consumer-jpeg -I/home/ed/mcsema-testing/llvm-test-suite/MultiSource/Benchmarks/MiBench/consumer-jpeg -I/home/ed/mcsema-testing/llvm-test-suite/include -I../../../../include -D_GNU_SOURCE -D__STDC_LIMIT_MACROS -DNDEBUG  -O3  -m64 -fomit-frame-pointer -c /home/ed/mcsema-testing/llvm-test-suite/MultiSource/Benchmarks/MiBench/consumer-jpeg/jcparam.c -o Output/jcparam.llvm.o
/home/ed/mcsema-testing/llvm-test-suite/RunSafely.sh --show-errors -t "/home/ed/mcsema-testing/SANDBOX/test-2015-12-21_15-36-50/tools/timeit" 500 /dev/null Output/jcphuff.llvm.o.compile \
	  /usr/bin/clang -I/home/ed/mcsema-testing/SANDBOX/test-2015-12-21_15-36-50/MultiSource/Benchmarks/MiBench/consumer-jpeg -I/home/ed/mcsema-testing/llvm-test-suite/MultiSource/Benchmarks/MiBench/consumer-jpeg -I/home/ed/mcsema-testing/llvm-test-suite/include -I../../../../include -D_GNU_SOURCE -D__STDC_LIMIT_MACROS -DNDEBUG  -O3  -m64 -fomit-frame-pointer -c /home/ed/mcsema-testing/llvm-test-suite/MultiSource/Benchmarks/MiBench/consumer-jpeg/jcphuff.c -o Output/jcphuff.llvm.o
/home/ed/mcsema-testing/llvm-test-suite/RunSafely.sh --show-errors -t "/home/ed/mcsema-testing/SANDBOX/test-2015-12-21_15-36-50/tools/timeit" 500 /dev/null Output/jcprepct.llvm.o.compile \
	  /usr/bin/clang -I/home/ed/mcsema-testing/SANDBOX/test-2015-12-21_15-36-50/MultiSource/Benchmarks/MiBench/consumer-jpeg -I/home/ed/mcsema-testing/llvm-test-suite/MultiSource/Benchmarks/MiBench/consumer-jpeg -I/home/ed/mcsema-testing/llvm-test-suite/include -I../../../../include -D_GNU_SOURCE -D__STDC_LIMIT_MACROS -DNDEBUG  -O3  -m64 -fomit-frame-pointer -c /home/ed/mcsema-testing/llvm-test-suite/MultiSource/Benchmarks/MiBench/consumer-jpeg/jcprepct.c -o Output/jcprepct.llvm.o
/home/ed/mcsema-testing/llvm-test-suite/RunSafely.sh --show-errors -t "/home/ed/mcsema-testing/SANDBOX/test-2015-12-21_15-36-50/tools/timeit" 500 /dev/null Output/jcsample.llvm.o.compile \
	  /usr/bin/clang -I/home/ed/mcsema-testing/SANDBOX/test-2015-12-21_15-36-50/MultiSource/Benchmarks/MiBench/consumer-jpeg -I/home/ed/mcsema-testing/llvm-test-suite/MultiSource/Benchmarks/MiBench/consumer-jpeg -I/home/ed/mcsema-testing/llvm-test-suite/include -I../../../../include -D_GNU_SOURCE -D__STDC_LIMIT_MACROS -DNDEBUG  -O3  -m64 -fomit-frame-pointer -c /home/ed/mcsema-testing/llvm-test-suite/MultiSource/Benchmarks/MiBench/consumer-jpeg/jcsample.c -o Output/jcsample.llvm.o
/home/ed/mcsema-testing/llvm-test-suite/RunSafely.sh --show-errors -t "/home/ed/mcsema-testing/SANDBOX/test-2015-12-21_15-36-50/tools/timeit" 500 /dev/null Output/jctrans.llvm.o.compile \
	  /usr/bin/clang -I/home/ed/mcsema-testing/SANDBOX/test-2015-12-21_15-36-50/MultiSource/Benchmarks/MiBench/consumer-jpeg -I/home/ed/mcsema-testing/llvm-test-suite/MultiSource/Benchmarks/MiBench/consumer-jpeg -I/home/ed/mcsema-testing/llvm-test-suite/include -I../../../../include -D_GNU_SOURCE -D__STDC_LIMIT_MACROS -DNDEBUG  -O3  -m64 -fomit-frame-pointer -c /home/ed/mcsema-testing/llvm-test-suite/MultiSource/Benchmarks/MiBench/consumer-jpeg/jctrans.c -o Output/jctrans.llvm.o
/home/ed/mcsema-testing/llvm-test-suite/RunSafely.sh --show-errors -t "/home/ed/mcsema-testing/SANDBOX/test-2015-12-21_15-36-50/tools/timeit" 500 /dev/null Output/jdapimin.llvm.o.compile \
	  /usr/bin/clang -I/home/ed/mcsema-testing/SANDBOX/test-2015-12-21_15-36-50/MultiSource/Benchmarks/MiBench/consumer-jpeg -I/home/ed/mcsema-testing/llvm-test-suite/MultiSource/Benchmarks/MiBench/consumer-jpeg -I/home/ed/mcsema-testing/llvm-test-suite/include -I../../../../include -D_GNU_SOURCE -D__STDC_LIMIT_MACROS -DNDEBUG  -O3  -m64 -fomit-frame-pointer -c /home/ed/mcsema-testing/llvm-test-suite/MultiSource/Benchmarks/MiBench/consumer-jpeg/jdapimin.c -o Output/jdapimin.llvm.o
/home/ed/mcsema-testing/llvm-test-suite/RunSafely.sh --show-errors -t "/home/ed/mcsema-testing/SANDBOX/test-2015-12-21_15-36-50/tools/timeit" 500 /dev/null Output/jdapistd.llvm.o.compile \
	  /usr/bin/clang -I/home/ed/mcsema-testing/SANDBOX/test-2015-12-21_15-36-50/MultiSource/Benchmarks/MiBench/consumer-jpeg -I/home/ed/mcsema-testing/llvm-test-suite/MultiSource/Benchmarks/MiBench/consumer-jpeg -I/home/ed/mcsema-testing/llvm-test-suite/include -I../../../../include -D_GNU_SOURCE -D__STDC_LIMIT_MACROS -DNDEBUG  -O3  -m64 -fomit-frame-pointer -c /home/ed/mcsema-testing/llvm-test-suite/MultiSource/Benchmarks/MiBench/consumer-jpeg/jdapistd.c -o Output/jdapistd.llvm.o
/home/ed/mcsema-testing/llvm-test-suite/RunSafely.sh --show-errors -t "/home/ed/mcsema-testing/SANDBOX/test-2015-12-21_15-36-50/tools/timeit" 500 /dev/null Output/jdatadst.llvm.o.compile \
	  /usr/bin/clang -I/home/ed/mcsema-testing/SANDBOX/test-2015-12-21_15-36-50/MultiSource/Benchmarks/MiBench/consumer-jpeg -I/home/ed/mcsema-testing/llvm-test-suite/MultiSource/Benchmarks/MiBench/consumer-jpeg -I/home/ed/mcsema-testing/llvm-test-suite/include -I../../../../include -D_GNU_SOURCE -D__STDC_LIMIT_MACROS -DNDEBUG  -O3  -m64 -fomit-frame-pointer -c /home/ed/mcsema-testing/llvm-test-suite/MultiSource/Benchmarks/MiBench/consumer-jpeg/jdatadst.c -o Output/jdatadst.llvm.o
/home/ed/mcsema-testing/llvm-test-suite/RunSafely.sh --show-errors -t "/home/ed/mcsema-testing/SANDBOX/test-2015-12-21_15-36-50/tools/timeit" 500 /dev/null Output/jdatasrc.llvm.o.compile \
	  /usr/bin/clang -I/home/ed/mcsema-testing/SANDBOX/test-2015-12-21_15-36-50/MultiSource/Benchmarks/MiBench/consumer-jpeg -I/home/ed/mcsema-testing/llvm-test-suite/MultiSource/Benchmarks/MiBench/consumer-jpeg -I/home/ed/mcsema-testing/llvm-test-suite/include -I../../../../include -D_GNU_SOURCE -D__STDC_LIMIT_MACROS -DNDEBUG  -O3  -m64 -fomit-frame-pointer -c /home/ed/mcsema-testing/llvm-test-suite/MultiSource/Benchmarks/MiBench/consumer-jpeg/jdatasrc.c -o Output/jdatasrc.llvm.o
/home/ed/mcsema-testing/llvm-test-suite/RunSafely.sh --show-errors -t "/home/ed/mcsema-testing/SANDBOX/test-2015-12-21_15-36-50/tools/timeit" 500 /dev/null Output/jdcoefct.llvm.o.compile \
	  /usr/bin/clang -I/home/ed/mcsema-testing/SANDBOX/test-2015-12-21_15-36-50/MultiSource/Benchmarks/MiBench/consumer-jpeg -I/home/ed/mcsema-testing/llvm-test-suite/MultiSource/Benchmarks/MiBench/consumer-jpeg -I/home/ed/mcsema-testing/llvm-test-suite/include -I../../../../include -D_GNU_SOURCE -D__STDC_LIMIT_MACROS -DNDEBUG  -O3  -m64 -fomit-frame-pointer -c /home/ed/mcsema-testing/llvm-test-suite/MultiSource/Benchmarks/MiBench/consumer-jpeg/jdcoefct.c -o Output/jdcoefct.llvm.o
/home/ed/mcsema-testing/llvm-test-suite/RunSafely.sh --show-errors -t "/home/ed/mcsema-testing/SANDBOX/test-2015-12-21_15-36-50/tools/timeit" 500 /dev/null Output/jdcolor.llvm.o.compile \
	  /usr/bin/clang -I/home/ed/mcsema-testing/SANDBOX/test-2015-12-21_15-36-50/MultiSource/Benchmarks/MiBench/consumer-jpeg -I/home/ed/mcsema-testing/llvm-test-suite/MultiSource/Benchmarks/MiBench/consumer-jpeg -I/home/ed/mcsema-testing/llvm-test-suite/include -I../../../../include -D_GNU_SOURCE -D__STDC_LIMIT_MACROS -DNDEBUG  -O3  -m64 -fomit-frame-pointer -c /home/ed/mcsema-testing/llvm-test-suite/MultiSource/Benchmarks/MiBench/consumer-jpeg/jdcolor.c -o Output/jdcolor.llvm.o
/home/ed/mcsema-testing/llvm-test-suite/RunSafely.sh --show-errors -t "/home/ed/mcsema-testing/SANDBOX/test-2015-12-21_15-36-50/tools/timeit" 500 /dev/null Output/jddctmgr.llvm.o.compile \
	  /usr/bin/clang -I/home/ed/mcsema-testing/SANDBOX/test-2015-12-21_15-36-50/MultiSource/Benchmarks/MiBench/consumer-jpeg -I/home/ed/mcsema-testing/llvm-test-suite/MultiSource/Benchmarks/MiBench/consumer-jpeg -I/home/ed/mcsema-testing/llvm-test-suite/include -I../../../../include -D_GNU_SOURCE -D__STDC_LIMIT_MACROS -DNDEBUG  -O3  -m64 -fomit-frame-pointer -c /home/ed/mcsema-testing/llvm-test-suite/MultiSource/Benchmarks/MiBench/consumer-jpeg/jddctmgr.c -o Output/jddctmgr.llvm.o
/home/ed/mcsema-testing/llvm-test-suite/RunSafely.sh --show-errors -t "/home/ed/mcsema-testing/SANDBOX/test-2015-12-21_15-36-50/tools/timeit" 500 /dev/null Output/jdhuff.llvm.o.compile \
	  /usr/bin/clang -I/home/ed/mcsema-testing/SANDBOX/test-2015-12-21_15-36-50/MultiSource/Benchmarks/MiBench/consumer-jpeg -I/home/ed/mcsema-testing/llvm-test-suite/MultiSource/Benchmarks/MiBench/consumer-jpeg -I/home/ed/mcsema-testing/llvm-test-suite/include -I../../../../include -D_GNU_SOURCE -D__STDC_LIMIT_MACROS -DNDEBUG  -O3  -m64 -fomit-frame-pointer -c /home/ed/mcsema-testing/llvm-test-suite/MultiSource/Benchmarks/MiBench/consumer-jpeg/jdhuff.c -o Output/jdhuff.llvm.o
/home/ed/mcsema-testing/llvm-test-suite/RunSafely.sh --show-errors -t "/home/ed/mcsema-testing/SANDBOX/test-2015-12-21_15-36-50/tools/timeit" 500 /dev/null Output/jdinput.llvm.o.compile \
	  /usr/bin/clang -I/home/ed/mcsema-testing/SANDBOX/test-2015-12-21_15-36-50/MultiSource/Benchmarks/MiBench/consumer-jpeg -I/home/ed/mcsema-testing/llvm-test-suite/MultiSource/Benchmarks/MiBench/consumer-jpeg -I/home/ed/mcsema-testing/llvm-test-suite/include -I../../../../include -D_GNU_SOURCE -D__STDC_LIMIT_MACROS -DNDEBUG  -O3  -m64 -fomit-frame-pointer -c /home/ed/mcsema-testing/llvm-test-suite/MultiSource/Benchmarks/MiBench/consumer-jpeg/jdinput.c -o Output/jdinput.llvm.o
/home/ed/mcsema-testing/llvm-test-suite/RunSafely.sh --show-errors -t "/home/ed/mcsema-testing/SANDBOX/test-2015-12-21_15-36-50/tools/timeit" 500 /dev/null Output/jdmainct.llvm.o.compile \
	  /usr/bin/clang -I/home/ed/mcsema-testing/SANDBOX/test-2015-12-21_15-36-50/MultiSource/Benchmarks/MiBench/consumer-jpeg -I/home/ed/mcsema-testing/llvm-test-suite/MultiSource/Benchmarks/MiBench/consumer-jpeg -I/home/ed/mcsema-testing/llvm-test-suite/include -I../../../../include -D_GNU_SOURCE -D__STDC_LIMIT_MACROS -DNDEBUG  -O3  -m64 -fomit-frame-pointer -c /home/ed/mcsema-testing/llvm-test-suite/MultiSource/Benchmarks/MiBench/consumer-jpeg/jdmainct.c -o Output/jdmainct.llvm.o
/home/ed/mcsema-testing/llvm-test-suite/RunSafely.sh --show-errors -t "/home/ed/mcsema-testing/SANDBOX/test-2015-12-21_15-36-50/tools/timeit" 500 /dev/null Output/jdmarker.llvm.o.compile \
	  /usr/bin/clang -I/home/ed/mcsema-testing/SANDBOX/test-2015-12-21_15-36-50/MultiSource/Benchmarks/MiBench/consumer-jpeg -I/home/ed/mcsema-testing/llvm-test-suite/MultiSource/Benchmarks/MiBench/consumer-jpeg -I/home/ed/mcsema-testing/llvm-test-suite/include -I../../../../include -D_GNU_SOURCE -D__STDC_LIMIT_MACROS -DNDEBUG  -O3  -m64 -fomit-frame-pointer -c /home/ed/mcsema-testing/llvm-test-suite/MultiSource/Benchmarks/MiBench/consumer-jpeg/jdmarker.c -o Output/jdmarker.llvm.o
/home/ed/mcsema-testing/llvm-test-suite/RunSafely.sh --show-errors -t "/home/ed/mcsema-testing/SANDBOX/test-2015-12-21_15-36-50/tools/timeit" 500 /dev/null Output/jdmaster.llvm.o.compile \
	  /usr/bin/clang -I/home/ed/mcsema-testing/SANDBOX/test-2015-12-21_15-36-50/MultiSource/Benchmarks/MiBench/consumer-jpeg -I/home/ed/mcsema-testing/llvm-test-suite/MultiSource/Benchmarks/MiBench/consumer-jpeg -I/home/ed/mcsema-testing/llvm-test-suite/include -I../../../../include -D_GNU_SOURCE -D__STDC_LIMIT_MACROS -DNDEBUG  -O3  -m64 -fomit-frame-pointer -c /home/ed/mcsema-testing/llvm-test-suite/MultiSource/Benchmarks/MiBench/consumer-jpeg/jdmaster.c -o Output/jdmaster.llvm.o
/home/ed/mcsema-testing/llvm-test-suite/RunSafely.sh --show-errors -t "/home/ed/mcsema-testing/SANDBOX/test-2015-12-21_15-36-50/tools/timeit" 500 /dev/null Output/jdmerge.llvm.o.compile \
	  /usr/bin/clang -I/home/ed/mcsema-testing/SANDBOX/test-2015-12-21_15-36-50/MultiSource/Benchmarks/MiBench/consumer-jpeg -I/home/ed/mcsema-testing/llvm-test-suite/MultiSource/Benchmarks/MiBench/consumer-jpeg -I/home/ed/mcsema-testing/llvm-test-suite/include -I../../../../include -D_GNU_SOURCE -D__STDC_LIMIT_MACROS -DNDEBUG  -O3  -m64 -fomit-frame-pointer -c /home/ed/mcsema-testing/llvm-test-suite/MultiSource/Benchmarks/MiBench/consumer-jpeg/jdmerge.c -o Output/jdmerge.llvm.o
/home/ed/mcsema-testing/llvm-test-suite/RunSafely.sh --show-errors -t "/home/ed/mcsema-testing/SANDBOX/test-2015-12-21_15-36-50/tools/timeit" 500 /dev/null Output/jdphuff.llvm.o.compile \
	  /usr/bin/clang -I/home/ed/mcsema-testing/SANDBOX/test-2015-12-21_15-36-50/MultiSource/Benchmarks/MiBench/consumer-jpeg -I/home/ed/mcsema-testing/llvm-test-suite/MultiSource/Benchmarks/MiBench/consumer-jpeg -I/home/ed/mcsema-testing/llvm-test-suite/include -I../../../../include -D_GNU_SOURCE -D__STDC_LIMIT_MACROS -DNDEBUG  -O3  -m64 -fomit-frame-pointer -c /home/ed/mcsema-testing/llvm-test-suite/MultiSource/Benchmarks/MiBench/consumer-jpeg/jdphuff.c -o Output/jdphuff.llvm.o
/home/ed/mcsema-testing/llvm-test-suite/RunSafely.sh --show-errors -t "/home/ed/mcsema-testing/SANDBOX/test-2015-12-21_15-36-50/tools/timeit" 500 /dev/null Output/jdpostct.llvm.o.compile \
	  /usr/bin/clang -I/home/ed/mcsema-testing/SANDBOX/test-2015-12-21_15-36-50/MultiSource/Benchmarks/MiBench/consumer-jpeg -I/home/ed/mcsema-testing/llvm-test-suite/MultiSource/Benchmarks/MiBench/consumer-jpeg -I/home/ed/mcsema-testing/llvm-test-suite/include -I../../../../include -D_GNU_SOURCE -D__STDC_LIMIT_MACROS -DNDEBUG  -O3  -m64 -fomit-frame-pointer -c /home/ed/mcsema-testing/llvm-test-suite/MultiSource/Benchmarks/MiBench/consumer-jpeg/jdpostct.c -o Output/jdpostct.llvm.o
/home/ed/mcsema-testing/llvm-test-suite/RunSafely.sh --show-errors -t "/home/ed/mcsema-testing/SANDBOX/test-2015-12-21_15-36-50/tools/timeit" 500 /dev/null Output/jdsample.llvm.o.compile \
	  /usr/bin/clang -I/home/ed/mcsema-testing/SANDBOX/test-2015-12-21_15-36-50/MultiSource/Benchmarks/MiBench/consumer-jpeg -I/home/ed/mcsema-testing/llvm-test-suite/MultiSource/Benchmarks/MiBench/consumer-jpeg -I/home/ed/mcsema-testing/llvm-test-suite/include -I../../../../include -D_GNU_SOURCE -D__STDC_LIMIT_MACROS -DNDEBUG  -O3  -m64 -fomit-frame-pointer -c /home/ed/mcsema-testing/llvm-test-suite/MultiSource/Benchmarks/MiBench/consumer-jpeg/jdsample.c -o Output/jdsample.llvm.o
/home/ed/mcsema-testing/llvm-test-suite/RunSafely.sh --show-errors -t "/home/ed/mcsema-testing/SANDBOX/test-2015-12-21_15-36-50/tools/timeit" 500 /dev/null Output/jdtrans.llvm.o.compile \
	  /usr/bin/clang -I/home/ed/mcsema-testing/SANDBOX/test-2015-12-21_15-36-50/MultiSource/Benchmarks/MiBench/consumer-jpeg -I/home/ed/mcsema-testing/llvm-test-suite/MultiSource/Benchmarks/MiBench/consumer-jpeg -I/home/ed/mcsema-testing/llvm-test-suite/include -I../../../../include -D_GNU_SOURCE -D__STDC_LIMIT_MACROS -DNDEBUG  -O3  -m64 -fomit-frame-pointer -c /home/ed/mcsema-testing/llvm-test-suite/MultiSource/Benchmarks/MiBench/consumer-jpeg/jdtrans.c -o Output/jdtrans.llvm.o
/home/ed/mcsema-testing/llvm-test-suite/RunSafely.sh --show-errors -t "/home/ed/mcsema-testing/SANDBOX/test-2015-12-21_15-36-50/tools/timeit" 500 /dev/null Output/jerror.llvm.o.compile \
	  /usr/bin/clang -I/home/ed/mcsema-testing/SANDBOX/test-2015-12-21_15-36-50/MultiSource/Benchmarks/MiBench/consumer-jpeg -I/home/ed/mcsema-testing/llvm-test-suite/MultiSource/Benchmarks/MiBench/consumer-jpeg -I/home/ed/mcsema-testing/llvm-test-suite/include -I../../../../include -D_GNU_SOURCE -D__STDC_LIMIT_MACROS -DNDEBUG  -O3  -m64 -fomit-frame-pointer -c /home/ed/mcsema-testing/llvm-test-suite/MultiSource/Benchmarks/MiBench/consumer-jpeg/jerror.c -o Output/jerror.llvm.o
/home/ed/mcsema-testing/llvm-test-suite/RunSafely.sh --show-errors -t "/home/ed/mcsema-testing/SANDBOX/test-2015-12-21_15-36-50/tools/timeit" 500 /dev/null Output/jfdctflt.llvm.o.compile \
	  /usr/bin/clang -I/home/ed/mcsema-testing/SANDBOX/test-2015-12-21_15-36-50/MultiSource/Benchmarks/MiBench/consumer-jpeg -I/home/ed/mcsema-testing/llvm-test-suite/MultiSource/Benchmarks/MiBench/consumer-jpeg -I/home/ed/mcsema-testing/llvm-test-suite/include -I../../../../include -D_GNU_SOURCE -D__STDC_LIMIT_MACROS -DNDEBUG  -O3  -m64 -fomit-frame-pointer -c /home/ed/mcsema-testing/llvm-test-suite/MultiSource/Benchmarks/MiBench/consumer-jpeg/jfdctflt.c -o Output/jfdctflt.llvm.o
/home/ed/mcsema-testing/llvm-test-suite/RunSafely.sh --show-errors -t "/home/ed/mcsema-testing/SANDBOX/test-2015-12-21_15-36-50/tools/timeit" 500 /dev/null Output/jfdctfst.llvm.o.compile \
	  /usr/bin/clang -I/home/ed/mcsema-testing/SANDBOX/test-2015-12-21_15-36-50/MultiSource/Benchmarks/MiBench/consumer-jpeg -I/home/ed/mcsema-testing/llvm-test-suite/MultiSource/Benchmarks/MiBench/consumer-jpeg -I/home/ed/mcsema-testing/llvm-test-suite/include -I../../../../include -D_GNU_SOURCE -D__STDC_LIMIT_MACROS -DNDEBUG  -O3  -m64 -fomit-frame-pointer -c /home/ed/mcsema-testing/llvm-test-suite/MultiSource/Benchmarks/MiBench/consumer-jpeg/jfdctfst.c -o Output/jfdctfst.llvm.o
/home/ed/mcsema-testing/llvm-test-suite/RunSafely.sh --show-errors -t "/home/ed/mcsema-testing/SANDBOX/test-2015-12-21_15-36-50/tools/timeit" 500 /dev/null Output/jfdctint.llvm.o.compile \
	  /usr/bin/clang -I/home/ed/mcsema-testing/SANDBOX/test-2015-12-21_15-36-50/MultiSource/Benchmarks/MiBench/consumer-jpeg -I/home/ed/mcsema-testing/llvm-test-suite/MultiSource/Benchmarks/MiBench/consumer-jpeg -I/home/ed/mcsema-testing/llvm-test-suite/include -I../../../../include -D_GNU_SOURCE -D__STDC_LIMIT_MACROS -DNDEBUG  -O3  -m64 -fomit-frame-pointer -c /home/ed/mcsema-testing/llvm-test-suite/MultiSource/Benchmarks/MiBench/consumer-jpeg/jfdctint.c -o Output/jfdctint.llvm.o
/home/ed/mcsema-testing/llvm-test-suite/RunSafely.sh --show-errors -t "/home/ed/mcsema-testing/SANDBOX/test-2015-12-21_15-36-50/tools/timeit" 500 /dev/null Output/jidctflt.llvm.o.compile \
	  /usr/bin/clang -I/home/ed/mcsema-testing/SANDBOX/test-2015-12-21_15-36-50/MultiSource/Benchmarks/MiBench/consumer-jpeg -I/home/ed/mcsema-testing/llvm-test-suite/MultiSource/Benchmarks/MiBench/consumer-jpeg -I/home/ed/mcsema-testing/llvm-test-suite/include -I../../../../include -D_GNU_SOURCE -D__STDC_LIMIT_MACROS -DNDEBUG  -O3  -m64 -fomit-frame-pointer -c /home/ed/mcsema-testing/llvm-test-suite/MultiSource/Benchmarks/MiBench/consumer-jpeg/jidctflt.c -o Output/jidctflt.llvm.o
/home/ed/mcsema-testing/llvm-test-suite/RunSafely.sh --show-errors -t "/home/ed/mcsema-testing/SANDBOX/test-2015-12-21_15-36-50/tools/timeit" 500 /dev/null Output/jidctfst.llvm.o.compile \
	  /usr/bin/clang -I/home/ed/mcsema-testing/SANDBOX/test-2015-12-21_15-36-50/MultiSource/Benchmarks/MiBench/consumer-jpeg -I/home/ed/mcsema-testing/llvm-test-suite/MultiSource/Benchmarks/MiBench/consumer-jpeg -I/home/ed/mcsema-testing/llvm-test-suite/include -I../../../../include -D_GNU_SOURCE -D__STDC_LIMIT_MACROS -DNDEBUG  -O3  -m64 -fomit-frame-pointer -c /home/ed/mcsema-testing/llvm-test-suite/MultiSource/Benchmarks/MiBench/consumer-jpeg/jidctfst.c -o Output/jidctfst.llvm.o
/home/ed/mcsema-testing/llvm-test-suite/RunSafely.sh --show-errors -t "/home/ed/mcsema-testing/SANDBOX/test-2015-12-21_15-36-50/tools/timeit" 500 /dev/null Output/jidctint.llvm.o.compile \
	  /usr/bin/clang -I/home/ed/mcsema-testing/SANDBOX/test-2015-12-21_15-36-50/MultiSource/Benchmarks/MiBench/consumer-jpeg -I/home/ed/mcsema-testing/llvm-test-suite/MultiSource/Benchmarks/MiBench/consumer-jpeg -I/home/ed/mcsema-testing/llvm-test-suite/include -I../../../../include -D_GNU_SOURCE -D__STDC_LIMIT_MACROS -DNDEBUG  -O3  -m64 -fomit-frame-pointer -c /home/ed/mcsema-testing/llvm-test-suite/MultiSource/Benchmarks/MiBench/consumer-jpeg/jidctint.c -o Output/jidctint.llvm.o
/home/ed/mcsema-testing/llvm-test-suite/RunSafely.sh --show-errors -t "/home/ed/mcsema-testing/SANDBOX/test-2015-12-21_15-36-50/tools/timeit" 500 /dev/null Output/jidctred.llvm.o.compile \
	  /usr/bin/clang -I/home/ed/mcsema-testing/SANDBOX/test-2015-12-21_15-36-50/MultiSource/Benchmarks/MiBench/consumer-jpeg -I/home/ed/mcsema-testing/llvm-test-suite/MultiSource/Benchmarks/MiBench/consumer-jpeg -I/home/ed/mcsema-testing/llvm-test-suite/include -I../../../../include -D_GNU_SOURCE -D__STDC_LIMIT_MACROS -DNDEBUG  -O3  -m64 -fomit-frame-pointer -c /home/ed/mcsema-testing/llvm-test-suite/MultiSource/Benchmarks/MiBench/consumer-jpeg/jidctred.c -o Output/jidctred.llvm.o
/home/ed/mcsema-testing/llvm-test-suite/RunSafely.sh --show-errors -t "/home/ed/mcsema-testing/SANDBOX/test-2015-12-21_15-36-50/tools/timeit" 500 /dev/null Output/jmemmgr.llvm.o.compile \
	  /usr/bin/clang -I/home/ed/mcsema-testing/SANDBOX/test-2015-12-21_15-36-50/MultiSource/Benchmarks/MiBench/consumer-jpeg -I/home/ed/mcsema-testing/llvm-test-suite/MultiSource/Benchmarks/MiBench/consumer-jpeg -I/home/ed/mcsema-testing/llvm-test-suite/include -I../../../../include -D_GNU_SOURCE -D__STDC_LIMIT_MACROS -DNDEBUG  -O3  -m64 -fomit-frame-pointer -c /home/ed/mcsema-testing/llvm-test-suite/MultiSource/Benchmarks/MiBench/consumer-jpeg/jmemmgr.c -o Output/jmemmgr.llvm.o
/home/ed/mcsema-testing/llvm-test-suite/RunSafely.sh --show-errors -t "/home/ed/mcsema-testing/SANDBOX/test-2015-12-21_15-36-50/tools/timeit" 500 /dev/null Output/jmemnobs.llvm.o.compile \
	  /usr/bin/clang -I/home/ed/mcsema-testing/SANDBOX/test-2015-12-21_15-36-50/MultiSource/Benchmarks/MiBench/consumer-jpeg -I/home/ed/mcsema-testing/llvm-test-suite/MultiSource/Benchmarks/MiBench/consumer-jpeg -I/home/ed/mcsema-testing/llvm-test-suite/include -I../../../../include -D_GNU_SOURCE -D__STDC_LIMIT_MACROS -DNDEBUG  -O3  -m64 -fomit-frame-pointer -c /home/ed/mcsema-testing/llvm-test-suite/MultiSource/Benchmarks/MiBench/consumer-jpeg/jmemnobs.c -o Output/jmemnobs.llvm.o
/home/ed/mcsema-testing/llvm-test-suite/RunSafely.sh --show-errors -t "/home/ed/mcsema-testing/SANDBOX/test-2015-12-21_15-36-50/tools/timeit" 500 /dev/null Output/jquant1.llvm.o.compile \
	  /usr/bin/clang -I/home/ed/mcsema-testing/SANDBOX/test-2015-12-21_15-36-50/MultiSource/Benchmarks/MiBench/consumer-jpeg -I/home/ed/mcsema-testing/llvm-test-suite/MultiSource/Benchmarks/MiBench/consumer-jpeg -I/home/ed/mcsema-testing/llvm-test-suite/include -I../../../../include -D_GNU_SOURCE -D__STDC_LIMIT_MACROS -DNDEBUG  -O3  -m64 -fomit-frame-pointer -c /home/ed/mcsema-testing/llvm-test-suite/MultiSource/Benchmarks/MiBench/consumer-jpeg/jquant1.c -o Output/jquant1.llvm.o
/home/ed/mcsema-testing/llvm-test-suite/RunSafely.sh --show-errors -t "/home/ed/mcsema-testing/SANDBOX/test-2015-12-21_15-36-50/tools/timeit" 500 /dev/null Output/jquant2.llvm.o.compile \
	  /usr/bin/clang -I/home/ed/mcsema-testing/SANDBOX/test-2015-12-21_15-36-50/MultiSource/Benchmarks/MiBench/consumer-jpeg -I/home/ed/mcsema-testing/llvm-test-suite/MultiSource/Benchmarks/MiBench/consumer-jpeg -I/home/ed/mcsema-testing/llvm-test-suite/include -I../../../../include -D_GNU_SOURCE -D__STDC_LIMIT_MACROS -DNDEBUG  -O3  -m64 -fomit-frame-pointer -c /home/ed/mcsema-testing/llvm-test-suite/MultiSource/Benchmarks/MiBench/consumer-jpeg/jquant2.c -o Output/jquant2.llvm.o
/home/ed/mcsema-testing/llvm-test-suite/RunSafely.sh --show-errors -t "/home/ed/mcsema-testing/SANDBOX/test-2015-12-21_15-36-50/tools/timeit" 500 /dev/null Output/jutils.llvm.o.compile \
	  /usr/bin/clang -I/home/ed/mcsema-testing/SANDBOX/test-2015-12-21_15-36-50/MultiSource/Benchmarks/MiBench/consumer-jpeg -I/home/ed/mcsema-testing/llvm-test-suite/MultiSource/Benchmarks/MiBench/consumer-jpeg -I/home/ed/mcsema-testing/llvm-test-suite/include -I../../../../include -D_GNU_SOURCE -D__STDC_LIMIT_MACROS -DNDEBUG  -O3  -m64 -fomit-frame-pointer -c /home/ed/mcsema-testing/llvm-test-suite/MultiSource/Benchmarks/MiBench/consumer-jpeg/jutils.c -o Output/jutils.llvm.o
/home/ed/mcsema-testing/llvm-test-suite/RunSafely.sh --show-errors -t "/home/ed/mcsema-testing/SANDBOX/test-2015-12-21_15-36-50/tools/timeit" 500 /dev/null Output/rdcolmap.llvm.o.compile \
	  /usr/bin/clang -I/home/ed/mcsema-testing/SANDBOX/test-2015-12-21_15-36-50/MultiSource/Benchmarks/MiBench/consumer-jpeg -I/home/ed/mcsema-testing/llvm-test-suite/MultiSource/Benchmarks/MiBench/consumer-jpeg -I/home/ed/mcsema-testing/llvm-test-suite/include -I../../../../include -D_GNU_SOURCE -D__STDC_LIMIT_MACROS -DNDEBUG  -O3  -m64 -fomit-frame-pointer -c /home/ed/mcsema-testing/llvm-test-suite/MultiSource/Benchmarks/MiBench/consumer-jpeg/rdcolmap.c -o Output/rdcolmap.llvm.o
/home/ed/mcsema-testing/llvm-test-suite/RunSafely.sh --show-errors -t "/home/ed/mcsema-testing/SANDBOX/test-2015-12-21_15-36-50/tools/timeit" 500 /dev/null Output/wrbmp.llvm.o.compile \
	  /usr/bin/clang -I/home/ed/mcsema-testing/SANDBOX/test-2015-12-21_15-36-50/MultiSource/Benchmarks/MiBench/consumer-jpeg -I/home/ed/mcsema-testing/llvm-test-suite/MultiSource/Benchmarks/MiBench/consumer-jpeg -I/home/ed/mcsema-testing/llvm-test-suite/include -I../../../../include -D_GNU_SOURCE -D__STDC_LIMIT_MACROS -DNDEBUG  -O3  -m64 -fomit-frame-pointer -c /home/ed/mcsema-testing/llvm-test-suite/MultiSource/Benchmarks/MiBench/consumer-jpeg/wrbmp.c -o Output/wrbmp.llvm.o
/home/ed/mcsema-testing/llvm-test-suite/RunSafely.sh --show-errors -t "/home/ed/mcsema-testing/SANDBOX/test-2015-12-21_15-36-50/tools/timeit" 500 /dev/null Output/wrgif.llvm.o.compile \
	  /usr/bin/clang -I/home/ed/mcsema-testing/SANDBOX/test-2015-12-21_15-36-50/MultiSource/Benchmarks/MiBench/consumer-jpeg -I/home/ed/mcsema-testing/llvm-test-suite/MultiSource/Benchmarks/MiBench/consumer-jpeg -I/home/ed/mcsema-testing/llvm-test-suite/include -I../../../../include -D_GNU_SOURCE -D__STDC_LIMIT_MACROS -DNDEBUG  -O3  -m64 -fomit-frame-pointer -c /home/ed/mcsema-testing/llvm-test-suite/MultiSource/Benchmarks/MiBench/consumer-jpeg/wrgif.c -o Output/wrgif.llvm.o
/home/ed/mcsema-testing/llvm-test-suite/RunSafely.sh --show-errors -t "/home/ed/mcsema-testing/SANDBOX/test-2015-12-21_15-36-50/tools/timeit" 500 /dev/null Output/wrppm.llvm.o.compile \
	  /usr/bin/clang -I/home/ed/mcsema-testing/SANDBOX/test-2015-12-21_15-36-50/MultiSource/Benchmarks/MiBench/consumer-jpeg -I/home/ed/mcsema-testing/llvm-test-suite/MultiSource/Benchmarks/MiBench/consumer-jpeg -I/home/ed/mcsema-testing/llvm-test-suite/include -I../../../../include -D_GNU_SOURCE -D__STDC_LIMIT_MACROS -DNDEBUG  -O3  -m64 -fomit-frame-pointer -c /home/ed/mcsema-testing/llvm-test-suite/MultiSource/Benchmarks/MiBench/consumer-jpeg/wrppm.c -o Output/wrppm.llvm.o
/home/ed/mcsema-testing/llvm-test-suite/RunSafely.sh --show-errors -t "/home/ed/mcsema-testing/SANDBOX/test-2015-12-21_15-36-50/tools/timeit" 500 /dev/null Output/wrrle.llvm.o.compile \
	  /usr/bin/clang -I/home/ed/mcsema-testing/SANDBOX/test-2015-12-21_15-36-50/MultiSource/Benchmarks/MiBench/consumer-jpeg -I/home/ed/mcsema-testing/llvm-test-suite/MultiSource/Benchmarks/MiBench/consumer-jpeg -I/home/ed/mcsema-testing/llvm-test-suite/include -I../../../../include -D_GNU_SOURCE -D__STDC_LIMIT_MACROS -DNDEBUG  -O3  -m64 -fomit-frame-pointer -c /home/ed/mcsema-testing/llvm-test-suite/MultiSource/Benchmarks/MiBench/consumer-jpeg/wrrle.c -o Output/wrrle.llvm.o
/home/ed/mcsema-testing/llvm-test-suite/RunSafely.sh --show-errors -t "/home/ed/mcsema-testing/SANDBOX/test-2015-12-21_15-36-50/tools/timeit" 500 /dev/null Output/wrtarga.llvm.o.compile \
	  /usr/bin/clang -I/home/ed/mcsema-testing/SANDBOX/test-2015-12-21_15-36-50/MultiSource/Benchmarks/MiBench/consumer-jpeg -I/home/ed/mcsema-testing/llvm-test-suite/MultiSource/Benchmarks/MiBench/consumer-jpeg -I/home/ed/mcsema-testing/llvm-test-suite/include -I../../../../include -D_GNU_SOURCE -D__STDC_LIMIT_MACROS -DNDEBUG  -O3  -m64 -fomit-frame-pointer -c /home/ed/mcsema-testing/llvm-test-suite/MultiSource/Benchmarks/MiBench/consumer-jpeg/wrtarga.c -o Output/wrtarga.llvm.o
/usr/bin/clang++ -o Output/consumer-jpeg.simple Output/cdjpeg.llvm.o Output/djpeg.llvm.o Output/jcapimin.llvm.o Output/jcapistd.llvm.o Output/jccoefct.llvm.o Output/jccolor.llvm.o Output/jcdctmgr.llvm.o Output/jchuff.llvm.o Output/jcinit.llvm.o Output/jcmainct.llvm.o Output/jcmarker.llvm.o Output/jcmaster.llvm.o Output/jcomapi.llvm.o Output/jcparam.llvm.o Output/jcphuff.llvm.o Output/jcprepct.llvm.o Output/jcsample.llvm.o Output/jctrans.llvm.o Output/jdapimin.llvm.o Output/jdapistd.llvm.o Output/jdatadst.llvm.o Output/jdatasrc.llvm.o Output/jdcoefct.llvm.o Output/jdcolor.llvm.o Output/jddctmgr.llvm.o Output/jdhuff.llvm.o Output/jdinput.llvm.o Output/jdmainct.llvm.o Output/jdmarker.llvm.o Output/jdmaster.llvm.o Output/jdmerge.llvm.o Output/jdphuff.llvm.o Output/jdpostct.llvm.o Output/jdsample.llvm.o Output/jdtrans.llvm.o Output/jerror.llvm.o Output/jfdctflt.llvm.o Output/jfdctfst.llvm.o Output/jfdctint.llvm.o Output/jidctflt.llvm.o Output/jidctfst.llvm.o Output/jidctint.llvm.o Output/jidctred.llvm.o Output/jmemmgr.llvm.o Output/jmemnobs.llvm.o Output/jquant1.llvm.o Output/jquant2.llvm.o Output/jutils.llvm.o Output/rdcolmap.llvm.o Output/wrbmp.llvm.o Output/wrgif.llvm.o Output/wrppm.llvm.o Output/wrrle.llvm.o Output/wrtarga.llvm.o -lm   -m64 -fomit-frame-pointer
/home/ed/mcsema-testing/llvm-test-suite/RunSafely.sh -t "/home/ed/mcsema-testing/SANDBOX/test-2015-12-21_15-36-50/tools/timeit-target" 500 /dev/null Output/consumer-jpeg.out-simple Output/consumer-jpeg.simple -dct int -ppm -outfile Output/output_large_decode.ppm /home/ed/mcsema-testing/llvm-test-suite/MultiSource/Benchmarks/MiBench/consumer-jpeg/input_large.jpg
cp Output/consumer-jpeg.simple Output/consumer-jpeg.simple-hash; \
	strip --remove-section=.comment --remove-section='.note*' Output/consumer-jpeg.simple-hash; \
	/home/ed/mcsema-testing/llvm-test-suite/HashProgramOutput.sh Output/consumer-jpeg.simple-hash
if [ -f "/home/ed/mcsema-testing/llvm-test-suite/MultiSource/Benchmarks/MiBench/consumer-jpeg/consumer-jpeg.reference_output.little-endian." ]; then \
	  cp /home/ed/mcsema-testing/llvm-test-suite/MultiSource/Benchmarks/MiBench/consumer-jpeg/consumer-jpeg.reference_output.little-endian. Output/consumer-jpeg.out-nat; \
	elif [ -f "/home/ed/mcsema-testing/llvm-test-suite/MultiSource/Benchmarks/MiBench/consumer-jpeg/consumer-jpeg.reference_output." ]; then \
	  cp /home/ed/mcsema-testing/llvm-test-suite/MultiSource/Benchmarks/MiBench/consumer-jpeg/consumer-jpeg.reference_output. Output/consumer-jpeg.out-nat; \
	elif [ -f "/home/ed/mcsema-testing/llvm-test-suite/MultiSource/Benchmarks/MiBench/consumer-jpeg/consumer-jpeg.reference_output.little-endian" ]; then \
	  cp /home/ed/mcsema-testing/llvm-test-suite/MultiSource/Benchmarks/MiBench/consumer-jpeg/consumer-jpeg.reference_output.little-endian Output/consumer-jpeg.out-nat; \
	elif [ -f "/home/ed/mcsema-testing/llvm-test-suite/MultiSource/Benchmarks/MiBench/consumer-jpeg/consumer-jpeg.reference_output" ]; then \
	  cp /home/ed/mcsema-testing/llvm-test-suite/MultiSource/Benchmarks/MiBench/consumer-jpeg/consumer-jpeg.reference_output Output/consumer-jpeg.out-nat; \
	else \
	  printf "WARNING: %s: %s\n" "NO REFERENCE OUTPUT (using default)" "/home/ed/mcsema-testing/llvm-test-suite/MultiSource/Benchmarks/MiBench/consumer-jpeg/consumer-jpeg.reference_output" > Output/consumer-jpeg.out-nat; \
	  cp /home/ed/mcsema-testing/llvm-test-suite/default.reference_output Output/consumer-jpeg.out-nat; \
	  cat Output/consumer-jpeg.out-nat; \
	fi
# Pretend that the reference output was produced instantaneously.
cp /home/ed/mcsema-testing/llvm-test-suite/instant.txt Output/consumer-jpeg.out-nat.time
/home/ed/mcsema-testing/llvm-test-suite/DiffOutput.sh "/home/ed/mcsema-testing/SANDBOX/test-2015-12-21_15-36-50/tools/fpcmp " simple consumer-jpeg 
rm -f Output/consumer-jpeg.exe-simple
cp Output/consumer-jpeg.diff-simple Output/consumer-jpeg.exe-simple
if test -f Output/consumer-jpeg.extra-results.txt; then \
	  /home/ed/mcsema-testing/llvm-test-suite/ParseMultipleResults /home/ed/mcsema-testing/SANDBOX/test-2015-12-21_15-36-50/MultiSource/Benchmarks/MiBench/consumer-jpeg/consumer-jpeg Output/consumer-jpeg.extra-results.txt >> Output/consumer-jpeg.simple.exec.report.txt; \
	fi
cat Output/consumer-jpeg.simple.compile.report.txt Output/consumer-jpeg.simple.exec.report.txt >> Output/consumer-jpeg.simple.report.txt
---------------------------------------------------------------
>>> ========= '/home/ed/mcsema-testing/SANDBOX/test-2015-12-21_15-36-50/MultiSource/Benchmarks/MiBench/consumer-jpeg/consumer-jpeg' Program
---------------------------------------------------------------

TEST-PASS: compile /home/ed/mcsema-testing/SANDBOX/test-2015-12-21_15-36-50/MultiSource/Benchmarks/MiBench/consumer-jpeg/consumer-jpeg
TEST-RESULT-compile-success: pass
TEST-RESULT-compile-hash: da86a64b932aa92b02974e46ac1b7d64
TEST-RESULT-compile-time: user 3.828300
TEST-RESULT-compile-real-time: real 4.787900

TEST-PASS: exec /home/ed/mcsema-testing/SANDBOX/test-2015-12-21_15-36-50/MultiSource/Benchmarks/MiBench/consumer-jpeg/consumer-jpeg
TEST-RESULT-exec-success: pass
TEST-RESULT-exec-time: user       0.0036
TEST-RESULT-exec-real-time: real       0.0063
make[5]: Leaving directory `/home/ed/mcsema-testing/SANDBOX/test-2015-12-21_15-36-50/MultiSource/Benchmarks/MiBench/consumer-jpeg'
make[5]: Entering directory `/home/ed/mcsema-testing/SANDBOX/test-2015-12-21_15-36-50/MultiSource/Benchmarks/MiBench/consumer-lame'
/home/ed/mcsema-testing/llvm-test-suite/RunSafely.sh --show-errors -t "/home/ed/mcsema-testing/SANDBOX/test-2015-12-21_15-36-50/tools/timeit" 500 /dev/null Output/VbrTag.llvm.o.compile \
	  /usr/bin/clang -DHAVEMPGLIB -DLAMEPARSE -DNDEBUG -D__NO_MATH_INLINES -O -DLAMESNDFILE -I/home/ed/mcsema-testing/SANDBOX/test-2015-12-21_15-36-50/MultiSource/Benchmarks/MiBench/consumer-lame -I/home/ed/mcsema-testing/llvm-test-suite/MultiSource/Benchmarks/MiBench/consumer-lame -I/home/ed/mcsema-testing/llvm-test-suite/include -I../../../../include -D_GNU_SOURCE -D__STDC_LIMIT_MACROS -DNDEBUG  -O3  -m64 -fomit-frame-pointer -c /home/ed/mcsema-testing/llvm-test-suite/MultiSource/Benchmarks/MiBench/consumer-lame/VbrTag.c -o Output/VbrTag.llvm.o
/home/ed/mcsema-testing/llvm-test-suite/RunSafely.sh --show-errors -t "/home/ed/mcsema-testing/SANDBOX/test-2015-12-21_15-36-50/tools/timeit" 500 /dev/null Output/brhist.llvm.o.compile \
	  /usr/bin/clang -DHAVEMPGLIB -DLAMEPARSE -DNDEBUG -D__NO_MATH_INLINES -O -DLAMESNDFILE -I/home/ed/mcsema-testing/SANDBOX/test-2015-12-21_15-36-50/MultiSource/Benchmarks/MiBench/consumer-lame -I/home/ed/mcsema-testing/llvm-test-suite/MultiSource/Benchmarks/MiBench/consumer-lame -I/home/ed/mcsema-testing/llvm-test-suite/include -I../../../../include -D_GNU_SOURCE -D__STDC_LIMIT_MACROS -DNDEBUG  -O3  -m64 -fomit-frame-pointer -c /home/ed/mcsema-testing/llvm-test-suite/MultiSource/Benchmarks/MiBench/consumer-lame/brhist.c -o Output/brhist.llvm.o
/home/ed/mcsema-testing/llvm-test-suite/RunSafely.sh --show-errors -t "/home/ed/mcsema-testing/SANDBOX/test-2015-12-21_15-36-50/tools/timeit" 500 /dev/null Output/common.llvm.o.compile \
	  /usr/bin/clang -DHAVEMPGLIB -DLAMEPARSE -DNDEBUG -D__NO_MATH_INLINES -O -DLAMESNDFILE -I/home/ed/mcsema-testing/SANDBOX/test-2015-12-21_15-36-50/MultiSource/Benchmarks/MiBench/consumer-lame -I/home/ed/mcsema-testing/llvm-test-suite/MultiSource/Benchmarks/MiBench/consumer-lame -I/home/ed/mcsema-testing/llvm-test-suite/include -I../../../../include -D_GNU_SOURCE -D__STDC_LIMIT_MACROS -DNDEBUG  -O3  -m64 -fomit-frame-pointer -c /home/ed/mcsema-testing/llvm-test-suite/MultiSource/Benchmarks/MiBench/consumer-lame/common.c -o Output/common.llvm.o
/home/ed/mcsema-testing/llvm-test-suite/RunSafely.sh --show-errors -t "/home/ed/mcsema-testing/SANDBOX/test-2015-12-21_15-36-50/tools/timeit" 500 /dev/null Output/dct64_i386.llvm.o.compile \
	  /usr/bin/clang -DHAVEMPGLIB -DLAMEPARSE -DNDEBUG -D__NO_MATH_INLINES -O -DLAMESNDFILE -I/home/ed/mcsema-testing/SANDBOX/test-2015-12-21_15-36-50/MultiSource/Benchmarks/MiBench/consumer-lame -I/home/ed/mcsema-testing/llvm-test-suite/MultiSource/Benchmarks/MiBench/consumer-lame -I/home/ed/mcsema-testing/llvm-test-suite/include -I../../../../include -D_GNU_SOURCE -D__STDC_LIMIT_MACROS -DNDEBUG  -O3  -m64 -fomit-frame-pointer -c /home/ed/mcsema-testing/llvm-test-suite/MultiSource/Benchmarks/MiBench/consumer-lame/dct64_i386.c -o Output/dct64_i386.llvm.o
/home/ed/mcsema-testing/llvm-test-suite/RunSafely.sh --show-errors -t "/home/ed/mcsema-testing/SANDBOX/test-2015-12-21_15-36-50/tools/timeit" 500 /dev/null Output/decode_i386.llvm.o.compile \
	  /usr/bin/clang -DHAVEMPGLIB -DLAMEPARSE -DNDEBUG -D__NO_MATH_INLINES -O -DLAMESNDFILE -I/home/ed/mcsema-testing/SANDBOX/test-2015-12-21_15-36-50/MultiSource/Benchmarks/MiBench/consumer-lame -I/home/ed/mcsema-testing/llvm-test-suite/MultiSource/Benchmarks/MiBench/consumer-lame -I/home/ed/mcsema-testing/llvm-test-suite/include -I../../../../include -D_GNU_SOURCE -D__STDC_LIMIT_MACROS -DNDEBUG  -O3  -m64 -fomit-frame-pointer -c /home/ed/mcsema-testing/llvm-test-suite/MultiSource/Benchmarks/MiBench/consumer-lame/decode_i386.c -o Output/decode_i386.llvm.o
/home/ed/mcsema-testing/llvm-test-suite/RunSafely.sh --show-errors -t "/home/ed/mcsema-testing/SANDBOX/test-2015-12-21_15-36-50/tools/timeit" 500 /dev/null Output/fft.llvm.o.compile \
	  /usr/bin/clang -DHAVEMPGLIB -DLAMEPARSE -DNDEBUG -D__NO_MATH_INLINES -O -DLAMESNDFILE -I/home/ed/mcsema-testing/SANDBOX/test-2015-12-21_15-36-50/MultiSource/Benchmarks/MiBench/consumer-lame -I/home/ed/mcsema-testing/llvm-test-suite/MultiSource/Benchmarks/MiBench/consumer-lame -I/home/ed/mcsema-testing/llvm-test-suite/include -I../../../../include -D_GNU_SOURCE -D__STDC_LIMIT_MACROS -DNDEBUG  -O3  -m64 -fomit-frame-pointer -c /home/ed/mcsema-testing/llvm-test-suite/MultiSource/Benchmarks/MiBench/consumer-lame/fft.c -o Output/fft.llvm.o
/home/ed/mcsema-testing/llvm-test-suite/RunSafely.sh --show-errors -t "/home/ed/mcsema-testing/SANDBOX/test-2015-12-21_15-36-50/tools/timeit" 500 /dev/null Output/formatBitstream.llvm.o.compile \
	  /usr/bin/clang -DHAVEMPGLIB -DLAMEPARSE -DNDEBUG -D__NO_MATH_INLINES -O -DLAMESNDFILE -I/home/ed/mcsema-testing/SANDBOX/test-2015-12-21_15-36-50/MultiSource/Benchmarks/MiBench/consumer-lame -I/home/ed/mcsema-testing/llvm-test-suite/MultiSource/Benchmarks/MiBench/consumer-lame -I/home/ed/mcsema-testing/llvm-test-suite/include -I../../../../include -D_GNU_SOURCE -D__STDC_LIMIT_MACROS -DNDEBUG  -O3  -m64 -fomit-frame-pointer -c /home/ed/mcsema-testing/llvm-test-suite/MultiSource/Benchmarks/MiBench/consumer-lame/formatBitstream.c -o Output/formatBitstream.llvm.o
/home/ed/mcsema-testing/llvm-test-suite/RunSafely.sh --show-errors -t "/home/ed/mcsema-testing/SANDBOX/test-2015-12-21_15-36-50/tools/timeit" 500 /dev/null Output/get_audio.llvm.o.compile \
	  /usr/bin/clang -DHAVEMPGLIB -DLAMEPARSE -DNDEBUG -D__NO_MATH_INLINES -O -DLAMESNDFILE -I/home/ed/mcsema-testing/SANDBOX/test-2015-12-21_15-36-50/MultiSource/Benchmarks/MiBench/consumer-lame -I/home/ed/mcsema-testing/llvm-test-suite/MultiSource/Benchmarks/MiBench/consumer-lame -I/home/ed/mcsema-testing/llvm-test-suite/include -I../../../../include -D_GNU_SOURCE -D__STDC_LIMIT_MACROS -DNDEBUG  -O3  -m64 -fomit-frame-pointer -c /home/ed/mcsema-testing/llvm-test-suite/MultiSource/Benchmarks/MiBench/consumer-lame/get_audio.c -o Output/get_audio.llvm.o
/home/ed/mcsema-testing/llvm-test-suite/RunSafely.sh --show-errors -t "/home/ed/mcsema-testing/SANDBOX/test-2015-12-21_15-36-50/tools/timeit" 500 /dev/null Output/gpkplotting.llvm.o.compile \
	  /usr/bin/clang -DHAVEMPGLIB -DLAMEPARSE -DNDEBUG -D__NO_MATH_INLINES -O -DLAMESNDFILE -I/home/ed/mcsema-testing/SANDBOX/test-2015-12-21_15-36-50/MultiSource/Benchmarks/MiBench/consumer-lame -I/home/ed/mcsema-testing/llvm-test-suite/MultiSource/Benchmarks/MiBench/consumer-lame -I/home/ed/mcsema-testing/llvm-test-suite/include -I../../../../include -D_GNU_SOURCE -D__STDC_LIMIT_MACROS -DNDEBUG  -O3  -m64 -fomit-frame-pointer -c /home/ed/mcsema-testing/llvm-test-suite/MultiSource/Benchmarks/MiBench/consumer-lame/gpkplotting.c -o Output/gpkplotting.llvm.o
/home/ed/mcsema-testing/llvm-test-suite/RunSafely.sh --show-errors -t "/home/ed/mcsema-testing/SANDBOX/test-2015-12-21_15-36-50/tools/timeit" 500 /dev/null Output/gtkanal.llvm.o.compile \
	  /usr/bin/clang -DHAVEMPGLIB -DLAMEPARSE -DNDEBUG -D__NO_MATH_INLINES -O -DLAMESNDFILE -I/home/ed/mcsema-testing/SANDBOX/test-2015-12-21_15-36-50/MultiSource/Benchmarks/MiBench/consumer-lame -I/home/ed/mcsema-testing/llvm-test-suite/MultiSource/Benchmarks/MiBench/consumer-lame -I/home/ed/mcsema-testing/llvm-test-suite/include -I../../../../include -D_GNU_SOURCE -D__STDC_LIMIT_MACROS -DNDEBUG  -O3  -m64 -fomit-frame-pointer -c /home/ed/mcsema-testing/llvm-test-suite/MultiSource/Benchmarks/MiBench/consumer-lame/gtkanal.c -o Output/gtkanal.llvm.o
/home/ed/mcsema-testing/llvm-test-suite/RunSafely.sh --show-errors -t "/home/ed/mcsema-testing/SANDBOX/test-2015-12-21_15-36-50/tools/timeit" 500 /dev/null Output/id3tag.llvm.o.compile \
	  /usr/bin/clang -DHAVEMPGLIB -DLAMEPARSE -DNDEBUG -D__NO_MATH_INLINES -O -DLAMESNDFILE -I/home/ed/mcsema-testing/SANDBOX/test-2015-12-21_15-36-50/MultiSource/Benchmarks/MiBench/consumer-lame -I/home/ed/mcsema-testing/llvm-test-suite/MultiSource/Benchmarks/MiBench/consumer-lame -I/home/ed/mcsema-testing/llvm-test-suite/include -I../../../../include -D_GNU_SOURCE -D__STDC_LIMIT_MACROS -DNDEBUG  -O3  -m64 -fomit-frame-pointer -c /home/ed/mcsema-testing/llvm-test-suite/MultiSource/Benchmarks/MiBench/consumer-lame/id3tag.c -o Output/id3tag.llvm.o
/home/ed/mcsema-testing/llvm-test-suite/RunSafely.sh --show-errors -t "/home/ed/mcsema-testing/SANDBOX/test-2015-12-21_15-36-50/tools/timeit" 500 /dev/null Output/ieeefloat.llvm.o.compile \
	  /usr/bin/clang -DHAVEMPGLIB -DLAMEPARSE -DNDEBUG -D__NO_MATH_INLINES -O -DLAMESNDFILE -I/home/ed/mcsema-testing/SANDBOX/test-2015-12-21_15-36-50/MultiSource/Benchmarks/MiBench/consumer-lame -I/home/ed/mcsema-testing/llvm-test-suite/MultiSource/Benchmarks/MiBench/consumer-lame -I/home/ed/mcsema-testing/llvm-test-suite/include -I../../../../include -D_GNU_SOURCE -D__STDC_LIMIT_MACROS -DNDEBUG  -O3  -m64 -fomit-frame-pointer -c /home/ed/mcsema-testing/llvm-test-suite/MultiSource/Benchmarks/MiBench/consumer-lame/ieeefloat.c -o Output/ieeefloat.llvm.o
/home/ed/mcsema-testing/llvm-test-suite/RunSafely.sh --show-errors -t "/home/ed/mcsema-testing/SANDBOX/test-2015-12-21_15-36-50/tools/timeit" 500 /dev/null Output/interface.llvm.o.compile \
	  /usr/bin/clang -DHAVEMPGLIB -DLAMEPARSE -DNDEBUG -D__NO_MATH_INLINES -O -DLAMESNDFILE -I/home/ed/mcsema-testing/SANDBOX/test-2015-12-21_15-36-50/MultiSource/Benchmarks/MiBench/consumer-lame -I/home/ed/mcsema-testing/llvm-test-suite/MultiSource/Benchmarks/MiBench/consumer-lame -I/home/ed/mcsema-testing/llvm-test-suite/include -I../../../../include -D_GNU_SOURCE -D__STDC_LIMIT_MACROS -DNDEBUG  -O3  -m64 -fomit-frame-pointer -c /home/ed/mcsema-testing/llvm-test-suite/MultiSource/Benchmarks/MiBench/consumer-lame/interface.c -o Output/interface.llvm.o
/home/ed/mcsema-testing/llvm-test-suite/RunSafely.sh --show-errors -t "/home/ed/mcsema-testing/SANDBOX/test-2015-12-21_15-36-50/tools/timeit" 500 /dev/null Output/l3bitstream.llvm.o.compile \
	  /usr/bin/clang -DHAVEMPGLIB -DLAMEPARSE -DNDEBUG -D__NO_MATH_INLINES -O -DLAMESNDFILE -I/home/ed/mcsema-testing/SANDBOX/test-2015-12-21_15-36-50/MultiSource/Benchmarks/MiBench/consumer-lame -I/home/ed/mcsema-testing/llvm-test-suite/MultiSource/Benchmarks/MiBench/consumer-lame -I/home/ed/mcsema-testing/llvm-test-suite/include -I../../../../include -D_GNU_SOURCE -D__STDC_LIMIT_MACROS -DNDEBUG  -O3  -m64 -fomit-frame-pointer -c /home/ed/mcsema-testing/llvm-test-suite/MultiSource/Benchmarks/MiBench/consumer-lame/l3bitstream.c -o Output/l3bitstream.llvm.o
/home/ed/mcsema-testing/llvm-test-suite/RunSafely.sh --show-errors -t "/home/ed/mcsema-testing/SANDBOX/test-2015-12-21_15-36-50/tools/timeit" 500 /dev/null Output/lame.llvm.o.compile \
	  /usr/bin/clang -DHAVEMPGLIB -DLAMEPARSE -DNDEBUG -D__NO_MATH_INLINES -O -DLAMESNDFILE -I/home/ed/mcsema-testing/SANDBOX/test-2015-12-21_15-36-50/MultiSource/Benchmarks/MiBench/consumer-lame -I/home/ed/mcsema-testing/llvm-test-suite/MultiSource/Benchmarks/MiBench/consumer-lame -I/home/ed/mcsema-testing/llvm-test-suite/include -I../../../../include -D_GNU_SOURCE -D__STDC_LIMIT_MACROS -DNDEBUG  -O3  -m64 -fomit-frame-pointer -c /home/ed/mcsema-testing/llvm-test-suite/MultiSource/Benchmarks/MiBench/consumer-lame/lame.c -o Output/lame.llvm.o
/home/ed/mcsema-testing/llvm-test-suite/RunSafely.sh --show-errors -t "/home/ed/mcsema-testing/SANDBOX/test-2015-12-21_15-36-50/tools/timeit" 500 /dev/null Output/layer3.llvm.o.compile \
	  /usr/bin/clang -DHAVEMPGLIB -DLAMEPARSE -DNDEBUG -D__NO_MATH_INLINES -O -DLAMESNDFILE -I/home/ed/mcsema-testing/SANDBOX/test-2015-12-21_15-36-50/MultiSource/Benchmarks/MiBench/consumer-lame -I/home/ed/mcsema-testing/llvm-test-suite/MultiSource/Benchmarks/MiBench/consumer-lame -I/home/ed/mcsema-testing/llvm-test-suite/include -I../../../../include -D_GNU_SOURCE -D__STDC_LIMIT_MACROS -DNDEBUG  -O3  -m64 -fomit-frame-pointer -c /home/ed/mcsema-testing/llvm-test-suite/MultiSource/Benchmarks/MiBench/consumer-lame/layer3.c -o Output/layer3.llvm.o
/home/ed/mcsema-testing/llvm-test-suite/RunSafely.sh --show-errors -t "/home/ed/mcsema-testing/SANDBOX/test-2015-12-21_15-36-50/tools/timeit" 500 /dev/null Output/main.llvm.o.compile \
	  /usr/bin/clang -DHAVEMPGLIB -DLAMEPARSE -DNDEBUG -D__NO_MATH_INLINES -O -DLAMESNDFILE -I/home/ed/mcsema-testing/SANDBOX/test-2015-12-21_15-36-50/MultiSource/Benchmarks/MiBench/consumer-lame -I/home/ed/mcsema-testing/llvm-test-suite/MultiSource/Benchmarks/MiBench/consumer-lame -I/home/ed/mcsema-testing/llvm-test-suite/include -I../../../../include -D_GNU_SOURCE -D__STDC_LIMIT_MACROS -DNDEBUG  -O3  -m64 -fomit-frame-pointer -c /home/ed/mcsema-testing/llvm-test-suite/MultiSource/Benchmarks/MiBench/consumer-lame/main.c -o Output/main.llvm.o
/home/ed/mcsema-testing/llvm-test-suite/RunSafely.sh --show-errors -t "/home/ed/mcsema-testing/SANDBOX/test-2015-12-21_15-36-50/tools/timeit" 500 /dev/null Output/mpglib_main.llvm.o.compile \
	  /usr/bin/clang -DHAVEMPGLIB -DLAMEPARSE -DNDEBUG -D__NO_MATH_INLINES -O -DLAMESNDFILE -I/home/ed/mcsema-testing/SANDBOX/test-2015-12-21_15-36-50/MultiSource/Benchmarks/MiBench/consumer-lame -I/home/ed/mcsema-testing/llvm-test-suite/MultiSource/Benchmarks/MiBench/consumer-lame -I/home/ed/mcsema-testing/llvm-test-suite/include -I../../../../include -D_GNU_SOURCE -D__STDC_LIMIT_MACROS -DNDEBUG  -O3  -m64 -fomit-frame-pointer -c /home/ed/mcsema-testing/llvm-test-suite/MultiSource/Benchmarks/MiBench/consumer-lame/mpglib_main.c -o Output/mpglib_main.llvm.o
/home/ed/mcsema-testing/llvm-test-suite/RunSafely.sh --show-errors -t "/home/ed/mcsema-testing/SANDBOX/test-2015-12-21_15-36-50/tools/timeit" 500 /dev/null Output/newmdct.llvm.o.compile \
	  /usr/bin/clang -DHAVEMPGLIB -DLAMEPARSE -DNDEBUG -D__NO_MATH_INLINES -O -DLAMESNDFILE -I/home/ed/mcsema-testing/SANDBOX/test-2015-12-21_15-36-50/MultiSource/Benchmarks/MiBench/consumer-lame -I/home/ed/mcsema-testing/llvm-test-suite/MultiSource/Benchmarks/MiBench/consumer-lame -I/home/ed/mcsema-testing/llvm-test-suite/include -I../../../../include -D_GNU_SOURCE -D__STDC_LIMIT_MACROS -DNDEBUG  -O3  -m64 -fomit-frame-pointer -c /home/ed/mcsema-testing/llvm-test-suite/MultiSource/Benchmarks/MiBench/consumer-lame/newmdct.c -o Output/newmdct.llvm.o
/home/ed/mcsema-testing/llvm-test-suite/RunSafely.sh --show-errors -t "/home/ed/mcsema-testing/SANDBOX/test-2015-12-21_15-36-50/tools/timeit" 500 /dev/null Output/parse.llvm.o.compile \
	  /usr/bin/clang -DHAVEMPGLIB -DLAMEPARSE -DNDEBUG -D__NO_MATH_INLINES -O -DLAMESNDFILE -I/home/ed/mcsema-testing/SANDBOX/test-2015-12-21_15-36-50/MultiSource/Benchmarks/MiBench/consumer-lame -I/home/ed/mcsema-testing/llvm-test-suite/MultiSource/Benchmarks/MiBench/consumer-lame -I/home/ed/mcsema-testing/llvm-test-suite/include -I../../../../include -D_GNU_SOURCE -D__STDC_LIMIT_MACROS -DNDEBUG  -O3  -m64 -fomit-frame-pointer -c /home/ed/mcsema-testing/llvm-test-suite/MultiSource/Benchmarks/MiBench/consumer-lame/parse.c -o Output/parse.llvm.o
/home/ed/mcsema-testing/llvm-test-suite/RunSafely.sh --show-errors -t "/home/ed/mcsema-testing/SANDBOX/test-2015-12-21_15-36-50/tools/timeit" 500 /dev/null Output/portableio.llvm.o.compile \
	  /usr/bin/clang -DHAVEMPGLIB -DLAMEPARSE -DNDEBUG -D__NO_MATH_INLINES -O -DLAMESNDFILE -I/home/ed/mcsema-testing/SANDBOX/test-2015-12-21_15-36-50/MultiSource/Benchmarks/MiBench/consumer-lame -I/home/ed/mcsema-testing/llvm-test-suite/MultiSource/Benchmarks/MiBench/consumer-lame -I/home/ed/mcsema-testing/llvm-test-suite/include -I../../../../include -D_GNU_SOURCE -D__STDC_LIMIT_MACROS -DNDEBUG  -O3  -m64 -fomit-frame-pointer -c /home/ed/mcsema-testing/llvm-test-suite/MultiSource/Benchmarks/MiBench/consumer-lame/portableio.c -o Output/portableio.llvm.o
/home/ed/mcsema-testing/llvm-test-suite/RunSafely.sh --show-errors -t "/home/ed/mcsema-testing/SANDBOX/test-2015-12-21_15-36-50/tools/timeit" 500 /dev/null Output/psymodel.llvm.o.compile \
	  /usr/bin/clang -DHAVEMPGLIB -DLAMEPARSE -DNDEBUG -D__NO_MATH_INLINES -O -DLAMESNDFILE -I/home/ed/mcsema-testing/SANDBOX/test-2015-12-21_15-36-50/MultiSource/Benchmarks/MiBench/consumer-lame -I/home/ed/mcsema-testing/llvm-test-suite/MultiSource/Benchmarks/MiBench/consumer-lame -I/home/ed/mcsema-testing/llvm-test-suite/include -I../../../../include -D_GNU_SOURCE -D__STDC_LIMIT_MACROS -DNDEBUG  -O3  -m64 -fomit-frame-pointer -c /home/ed/mcsema-testing/llvm-test-suite/MultiSource/Benchmarks/MiBench/consumer-lame/psymodel.c -o Output/psymodel.llvm.o
/home/ed/mcsema-testing/llvm-test-suite/RunSafely.sh --show-errors -t "/home/ed/mcsema-testing/SANDBOX/test-2015-12-21_15-36-50/tools/timeit" 500 /dev/null Output/quantize-pvt.llvm.o.compile \
	  /usr/bin/clang -DHAVEMPGLIB -DLAMEPARSE -DNDEBUG -D__NO_MATH_INLINES -O -DLAMESNDFILE -I/home/ed/mcsema-testing/SANDBOX/test-2015-12-21_15-36-50/MultiSource/Benchmarks/MiBench/consumer-lame -I/home/ed/mcsema-testing/llvm-test-suite/MultiSource/Benchmarks/MiBench/consumer-lame -I/home/ed/mcsema-testing/llvm-test-suite/include -I../../../../include -D_GNU_SOURCE -D__STDC_LIMIT_MACROS -DNDEBUG  -O3  -m64 -fomit-frame-pointer -c /home/ed/mcsema-testing/llvm-test-suite/MultiSource/Benchmarks/MiBench/consumer-lame/quantize-pvt.c -o Output/quantize-pvt.llvm.o
/home/ed/mcsema-testing/llvm-test-suite/RunSafely.sh --show-errors -t "/home/ed/mcsema-testing/SANDBOX/test-2015-12-21_15-36-50/tools/timeit" 500 /dev/null Output/quantize.llvm.o.compile \
	  /usr/bin/clang -DHAVEMPGLIB -DLAMEPARSE -DNDEBUG -D__NO_MATH_INLINES -O -DLAMESNDFILE -I/home/ed/mcsema-testing/SANDBOX/test-2015-12-21_15-36-50/MultiSource/Benchmarks/MiBench/consumer-lame -I/home/ed/mcsema-testing/llvm-test-suite/MultiSource/Benchmarks/MiBench/consumer-lame -I/home/ed/mcsema-testing/llvm-test-suite/include -I../../../../include -D_GNU_SOURCE -D__STDC_LIMIT_MACROS -DNDEBUG  -O3  -m64 -fomit-frame-pointer -c /home/ed/mcsema-testing/llvm-test-suite/MultiSource/Benchmarks/MiBench/consumer-lame/quantize.c -o Output/quantize.llvm.o
/home/ed/mcsema-testing/llvm-test-suite/RunSafely.sh --show-errors -t "/home/ed/mcsema-testing/SANDBOX/test-2015-12-21_15-36-50/tools/timeit" 500 /dev/null Output/reservoir.llvm.o.compile \
	  /usr/bin/clang -DHAVEMPGLIB -DLAMEPARSE -DNDEBUG -D__NO_MATH_INLINES -O -DLAMESNDFILE -I/home/ed/mcsema-testing/SANDBOX/test-2015-12-21_15-36-50/MultiSource/Benchmarks/MiBench/consumer-lame -I/home/ed/mcsema-testing/llvm-test-suite/MultiSource/Benchmarks/MiBench/consumer-lame -I/home/ed/mcsema-testing/llvm-test-suite/include -I../../../../include -D_GNU_SOURCE -D__STDC_LIMIT_MACROS -DNDEBUG  -O3  -m64 -fomit-frame-pointer -c /home/ed/mcsema-testing/llvm-test-suite/MultiSource/Benchmarks/MiBench/consumer-lame/reservoir.c -o Output/reservoir.llvm.o
/home/ed/mcsema-testing/llvm-test-suite/RunSafely.sh --show-errors -t "/home/ed/mcsema-testing/SANDBOX/test-2015-12-21_15-36-50/tools/timeit" 500 /dev/null Output/rtp.llvm.o.compile \
	  /usr/bin/clang -DHAVEMPGLIB -DLAMEPARSE -DNDEBUG -D__NO_MATH_INLINES -O -DLAMESNDFILE -I/home/ed/mcsema-testing/SANDBOX/test-2015-12-21_15-36-50/MultiSource/Benchmarks/MiBench/consumer-lame -I/home/ed/mcsema-testing/llvm-test-suite/MultiSource/Benchmarks/MiBench/consumer-lame -I/home/ed/mcsema-testing/llvm-test-suite/include -I../../../../include -D_GNU_SOURCE -D__STDC_LIMIT_MACROS -DNDEBUG  -O3  -m64 -fomit-frame-pointer -c /home/ed/mcsema-testing/llvm-test-suite/MultiSource/Benchmarks/MiBench/consumer-lame/rtp.c -o Output/rtp.llvm.o
/home/ed/mcsema-testing/llvm-test-suite/RunSafely.sh --show-errors -t "/home/ed/mcsema-testing/SANDBOX/test-2015-12-21_15-36-50/tools/timeit" 500 /dev/null Output/tabinit.llvm.o.compile \
	  /usr/bin/clang -DHAVEMPGLIB -DLAMEPARSE -DNDEBUG -D__NO_MATH_INLINES -O -DLAMESNDFILE -I/home/ed/mcsema-testing/SANDBOX/test-2015-12-21_15-36-50/MultiSource/Benchmarks/MiBench/consumer-lame -I/home/ed/mcsema-testing/llvm-test-suite/MultiSource/Benchmarks/MiBench/consumer-lame -I/home/ed/mcsema-testing/llvm-test-suite/include -I../../../../include -D_GNU_SOURCE -D__STDC_LIMIT_MACROS -DNDEBUG  -O3  -m64 -fomit-frame-pointer -c /home/ed/mcsema-testing/llvm-test-suite/MultiSource/Benchmarks/MiBench/consumer-lame/tabinit.c -o Output/tabinit.llvm.o
/home/ed/mcsema-testing/llvm-test-suite/RunSafely.sh --show-errors -t "/home/ed/mcsema-testing/SANDBOX/test-2015-12-21_15-36-50/tools/timeit" 500 /dev/null Output/tables.llvm.o.compile \
	  /usr/bin/clang -DHAVEMPGLIB -DLAMEPARSE -DNDEBUG -D__NO_MATH_INLINES -O -DLAMESNDFILE -I/home/ed/mcsema-testing/SANDBOX/test-2015-12-21_15-36-50/MultiSource/Benchmarks/MiBench/consumer-lame -I/home/ed/mcsema-testing/llvm-test-suite/MultiSource/Benchmarks/MiBench/consumer-lame -I/home/ed/mcsema-testing/llvm-test-suite/include -I../../../../include -D_GNU_SOURCE -D__STDC_LIMIT_MACROS -DNDEBUG  -O3  -m64 -fomit-frame-pointer -c /home/ed/mcsema-testing/llvm-test-suite/MultiSource/Benchmarks/MiBench/consumer-lame/tables.c -o Output/tables.llvm.o
/home/ed/mcsema-testing/llvm-test-suite/RunSafely.sh --show-errors -t "/home/ed/mcsema-testing/SANDBOX/test-2015-12-21_15-36-50/tools/timeit" 500 /dev/null Output/takehiro.llvm.o.compile \
	  /usr/bin/clang -DHAVEMPGLIB -DLAMEPARSE -DNDEBUG -D__NO_MATH_INLINES -O -DLAMESNDFILE -I/home/ed/mcsema-testing/SANDBOX/test-2015-12-21_15-36-50/MultiSource/Benchmarks/MiBench/consumer-lame -I/home/ed/mcsema-testing/llvm-test-suite/MultiSource/Benchmarks/MiBench/consumer-lame -I/home/ed/mcsema-testing/llvm-test-suite/include -I../../../../include -D_GNU_SOURCE -D__STDC_LIMIT_MACROS -DNDEBUG  -O3  -m64 -fomit-frame-pointer -c /home/ed/mcsema-testing/llvm-test-suite/MultiSource/Benchmarks/MiBench/consumer-lame/takehiro.c -o Output/takehiro.llvm.o
/home/ed/mcsema-testing/llvm-test-suite/RunSafely.sh --show-errors -t "/home/ed/mcsema-testing/SANDBOX/test-2015-12-21_15-36-50/tools/timeit" 500 /dev/null Output/timestatus.llvm.o.compile \
	  /usr/bin/clang -DHAVEMPGLIB -DLAMEPARSE -DNDEBUG -D__NO_MATH_INLINES -O -DLAMESNDFILE -I/home/ed/mcsema-testing/SANDBOX/test-2015-12-21_15-36-50/MultiSource/Benchmarks/MiBench/consumer-lame -I/home/ed/mcsema-testing/llvm-test-suite/MultiSource/Benchmarks/MiBench/consumer-lame -I/home/ed/mcsema-testing/llvm-test-suite/include -I../../../../include -D_GNU_SOURCE -D__STDC_LIMIT_MACROS -DNDEBUG  -O3  -m64 -fomit-frame-pointer -c /home/ed/mcsema-testing/llvm-test-suite/MultiSource/Benchmarks/MiBench/consumer-lame/timestatus.c -o Output/timestatus.llvm.o
/home/ed/mcsema-testing/llvm-test-suite/RunSafely.sh --show-errors -t "/home/ed/mcsema-testing/SANDBOX/test-2015-12-21_15-36-50/tools/timeit" 500 /dev/null Output/util.llvm.o.compile \
	  /usr/bin/clang -DHAVEMPGLIB -DLAMEPARSE -DNDEBUG -D__NO_MATH_INLINES -O -DLAMESNDFILE -I/home/ed/mcsema-testing/SANDBOX/test-2015-12-21_15-36-50/MultiSource/Benchmarks/MiBench/consumer-lame -I/home/ed/mcsema-testing/llvm-test-suite/MultiSource/Benchmarks/MiBench/consumer-lame -I/home/ed/mcsema-testing/llvm-test-suite/include -I../../../../include -D_GNU_SOURCE -D__STDC_LIMIT_MACROS -DNDEBUG  -O3  -m64 -fomit-frame-pointer -c /home/ed/mcsema-testing/llvm-test-suite/MultiSource/Benchmarks/MiBench/consumer-lame/util.c -o Output/util.llvm.o
/home/ed/mcsema-testing/llvm-test-suite/RunSafely.sh --show-errors -t "/home/ed/mcsema-testing/SANDBOX/test-2015-12-21_15-36-50/tools/timeit" 500 /dev/null Output/vbrquantize.llvm.o.compile \
	  /usr/bin/clang -DHAVEMPGLIB -DLAMEPARSE -DNDEBUG -D__NO_MATH_INLINES -O -DLAMESNDFILE -I/home/ed/mcsema-testing/SANDBOX/test-2015-12-21_15-36-50/MultiSource/Benchmarks/MiBench/consumer-lame -I/home/ed/mcsema-testing/llvm-test-suite/MultiSource/Benchmarks/MiBench/consumer-lame -I/home/ed/mcsema-testing/llvm-test-suite/include -I../../../../include -D_GNU_SOURCE -D__STDC_LIMIT_MACROS -DNDEBUG  -O3  -m64 -fomit-frame-pointer -c /home/ed/mcsema-testing/llvm-test-suite/MultiSource/Benchmarks/MiBench/consumer-lame/vbrquantize.c -o Output/vbrquantize.llvm.o
/home/ed/mcsema-testing/llvm-test-suite/RunSafely.sh --show-errors -t "/home/ed/mcsema-testing/SANDBOX/test-2015-12-21_15-36-50/tools/timeit" 500 /dev/null Output/version.llvm.o.compile \
	  /usr/bin/clang -DHAVEMPGLIB -DLAMEPARSE -DNDEBUG -D__NO_MATH_INLINES -O -DLAMESNDFILE -I/home/ed/mcsema-testing/SANDBOX/test-2015-12-21_15-36-50/MultiSource/Benchmarks/MiBench/consumer-lame -I/home/ed/mcsema-testing/llvm-test-suite/MultiSource/Benchmarks/MiBench/consumer-lame -I/home/ed/mcsema-testing/llvm-test-suite/include -I../../../../include -D_GNU_SOURCE -D__STDC_LIMIT_MACROS -DNDEBUG  -O3  -m64 -fomit-frame-pointer -c /home/ed/mcsema-testing/llvm-test-suite/MultiSource/Benchmarks/MiBench/consumer-lame/version.c -o Output/version.llvm.o
/usr/bin/clang++ -o Output/consumer-lame.simple Output/VbrTag.llvm.o Output/brhist.llvm.o Output/common.llvm.o Output/dct64_i386.llvm.o Output/decode_i386.llvm.o Output/fft.llvm.o Output/formatBitstream.llvm.o Output/get_audio.llvm.o Output/gpkplotting.llvm.o Output/gtkanal.llvm.o Output/id3tag.llvm.o Output/ieeefloat.llvm.o Output/interface.llvm.o Output/l3bitstream.llvm.o Output/lame.llvm.o Output/layer3.llvm.o Output/main.llvm.o Output/mpglib_main.llvm.o Output/newmdct.llvm.o Output/parse.llvm.o Output/portableio.llvm.o Output/psymodel.llvm.o Output/quantize-pvt.llvm.o Output/quantize.llvm.o Output/reservoir.llvm.o Output/rtp.llvm.o Output/tabinit.llvm.o Output/tables.llvm.o Output/takehiro.llvm.o Output/timestatus.llvm.o Output/util.llvm.o Output/vbrquantize.llvm.o Output/version.llvm.o -lm   -m64 -fomit-frame-pointer
/home/ed/mcsema-testing/llvm-test-suite/RunSafely.sh -t "/home/ed/mcsema-testing/SANDBOX/test-2015-12-21_15-36-50/tools/timeit-target" 500 /dev/null Output/consumer-lame.out-simple Output/consumer-lame.simple -S /home/ed/mcsema-testing/llvm-test-suite/MultiSource/Benchmarks/MiBench/consumer-lame/large.wav Output/output_large.mp3
cp Output/consumer-lame.simple Output/consumer-lame.simple-hash; \
	strip --remove-section=.comment --remove-section='.note*' Output/consumer-lame.simple-hash; \
	/home/ed/mcsema-testing/llvm-test-suite/HashProgramOutput.sh Output/consumer-lame.simple-hash
if [ -f "/home/ed/mcsema-testing/llvm-test-suite/MultiSource/Benchmarks/MiBench/consumer-lame/consumer-lame.reference_output.little-endian." ]; then \
	  cp /home/ed/mcsema-testing/llvm-test-suite/MultiSource/Benchmarks/MiBench/consumer-lame/consumer-lame.reference_output.little-endian. Output/consumer-lame.out-nat; \
	elif [ -f "/home/ed/mcsema-testing/llvm-test-suite/MultiSource/Benchmarks/MiBench/consumer-lame/consumer-lame.reference_output." ]; then \
	  cp /home/ed/mcsema-testing/llvm-test-suite/MultiSource/Benchmarks/MiBench/consumer-lame/consumer-lame.reference_output. Output/consumer-lame.out-nat; \
	elif [ -f "/home/ed/mcsema-testing/llvm-test-suite/MultiSource/Benchmarks/MiBench/consumer-lame/consumer-lame.reference_output.little-endian" ]; then \
	  cp /home/ed/mcsema-testing/llvm-test-suite/MultiSource/Benchmarks/MiBench/consumer-lame/consumer-lame.reference_output.little-endian Output/consumer-lame.out-nat; \
	elif [ -f "/home/ed/mcsema-testing/llvm-test-suite/MultiSource/Benchmarks/MiBench/consumer-lame/consumer-lame.reference_output" ]; then \
	  cp /home/ed/mcsema-testing/llvm-test-suite/MultiSource/Benchmarks/MiBench/consumer-lame/consumer-lame.reference_output Output/consumer-lame.out-nat; \
	else \
	  printf "WARNING: %s: %s\n" "NO REFERENCE OUTPUT (using default)" "/home/ed/mcsema-testing/llvm-test-suite/MultiSource/Benchmarks/MiBench/consumer-lame/consumer-lame.reference_output" > Output/consumer-lame.out-nat; \
	  cp /home/ed/mcsema-testing/llvm-test-suite/default.reference_output Output/consumer-lame.out-nat; \
	  cat Output/consumer-lame.out-nat; \
	fi
# Pretend that the reference output was produced instantaneously.
cp /home/ed/mcsema-testing/llvm-test-suite/instant.txt Output/consumer-lame.out-nat.time
/home/ed/mcsema-testing/llvm-test-suite/DiffOutput.sh "/home/ed/mcsema-testing/SANDBOX/test-2015-12-21_15-36-50/tools/fpcmp " simple consumer-lame 
rm -f Output/consumer-lame.exe-simple
cp Output/consumer-lame.diff-simple Output/consumer-lame.exe-simple
if test -f Output/consumer-lame.extra-results.txt; then \
	  /home/ed/mcsema-testing/llvm-test-suite/ParseMultipleResults /home/ed/mcsema-testing/SANDBOX/test-2015-12-21_15-36-50/MultiSource/Benchmarks/MiBench/consumer-lame/consumer-lame Output/consumer-lame.extra-results.txt >> Output/consumer-lame.simple.exec.report.txt; \
	fi
cat Output/consumer-lame.simple.compile.report.txt Output/consumer-lame.simple.exec.report.txt >> Output/consumer-lame.simple.report.txt
---------------------------------------------------------------
>>> ========= '/home/ed/mcsema-testing/SANDBOX/test-2015-12-21_15-36-50/MultiSource/Benchmarks/MiBench/consumer-lame/consumer-lame' Program
---------------------------------------------------------------

TEST-PASS: compile /home/ed/mcsema-testing/SANDBOX/test-2015-12-21_15-36-50/MultiSource/Benchmarks/MiBench/consumer-lame/consumer-lame
TEST-RESULT-compile-success: pass
TEST-RESULT-compile-hash: f5864f8a3f8f64bc157ae82366709aa9
TEST-RESULT-compile-time: user 3.084800
TEST-RESULT-compile-real-time: real 3.806000

TEST-PASS: exec /home/ed/mcsema-testing/SANDBOX/test-2015-12-21_15-36-50/MultiSource/Benchmarks/MiBench/consumer-lame/consumer-lame
TEST-RESULT-exec-success: pass
TEST-RESULT-exec-time: user       0.1941
TEST-RESULT-exec-real-time: real       0.2026
make[5]: Leaving directory `/home/ed/mcsema-testing/SANDBOX/test-2015-12-21_15-36-50/MultiSource/Benchmarks/MiBench/consumer-lame'
make[5]: Entering directory `/home/ed/mcsema-testing/SANDBOX/test-2015-12-21_15-36-50/MultiSource/Benchmarks/MiBench/consumer-typeset'
/home/ed/mcsema-testing/llvm-test-suite/RunSafely.sh --show-errors -t "/home/ed/mcsema-testing/SANDBOX/test-2015-12-21_15-36-50/tools/timeit" 500 /dev/null Output/z01.llvm.o.compile \
	  /usr/bin/clang -DOS_UNIX=1 -DOS_DOS=0 -DOS_MAC=0 -DDB_FIX=0 -DUSE_STAT=1 -DSAFE_DFT=0 -DCOLLATE=1 -DLIB_DIR=\"lout.lib\" -DFONT_DIR=\"font\" -DMAPS_DIR=\"maps\" -DINCL_DIR=\"include\" -DDATA_DIR=\"data\" -DHYPH_DIR=\"hyph\" -DLOCALE_DIR=\"locale\" -DCHAR_IN=1 -DCHAR_OUT=0 -DLOCALE_ON=1 -DASSERT_ON=1 -DDEBUG_ON=0  -DPDF_COMPRESSION=0 -D_FORTIFY_SOURCE=0 -I/home/ed/mcsema-testing/SANDBOX/test-2015-12-21_15-36-50/MultiSource/Benchmarks/MiBench/consumer-typeset -I/home/ed/mcsema-testing/llvm-test-suite/MultiSource/Benchmarks/MiBench/consumer-typeset -I/home/ed/mcsema-testing/llvm-test-suite/include -I../../../../include -D_GNU_SOURCE -D__STDC_LIMIT_MACROS -DNDEBUG  -O3  -m64 -fomit-frame-pointer -c /home/ed/mcsema-testing/llvm-test-suite/MultiSource/Benchmarks/MiBench/consumer-typeset/z01.c -o Output/z01.llvm.o
/home/ed/mcsema-testing/llvm-test-suite/RunSafely.sh --show-errors -t "/home/ed/mcsema-testing/SANDBOX/test-2015-12-21_15-36-50/tools/timeit" 500 /dev/null Output/z02.llvm.o.compile \
	  /usr/bin/clang -DOS_UNIX=1 -DOS_DOS=0 -DOS_MAC=0 -DDB_FIX=0 -DUSE_STAT=1 -DSAFE_DFT=0 -DCOLLATE=1 -DLIB_DIR=\"lout.lib\" -DFONT_DIR=\"font\" -DMAPS_DIR=\"maps\" -DINCL_DIR=\"include\" -DDATA_DIR=\"data\" -DHYPH_DIR=\"hyph\" -DLOCALE_DIR=\"locale\" -DCHAR_IN=1 -DCHAR_OUT=0 -DLOCALE_ON=1 -DASSERT_ON=1 -DDEBUG_ON=0  -DPDF_COMPRESSION=0 -D_FORTIFY_SOURCE=0 -I/home/ed/mcsema-testing/SANDBOX/test-2015-12-21_15-36-50/MultiSource/Benchmarks/MiBench/consumer-typeset -I/home/ed/mcsema-testing/llvm-test-suite/MultiSource/Benchmarks/MiBench/consumer-typeset -I/home/ed/mcsema-testing/llvm-test-suite/include -I../../../../include -D_GNU_SOURCE -D__STDC_LIMIT_MACROS -DNDEBUG  -O3  -m64 -fomit-frame-pointer -c /home/ed/mcsema-testing/llvm-test-suite/MultiSource/Benchmarks/MiBench/consumer-typeset/z02.c -o Output/z02.llvm.o
/home/ed/mcsema-testing/llvm-test-suite/RunSafely.sh --show-errors -t "/home/ed/mcsema-testing/SANDBOX/test-2015-12-21_15-36-50/tools/timeit" 500 /dev/null Output/z03.llvm.o.compile \
	  /usr/bin/clang -DOS_UNIX=1 -DOS_DOS=0 -DOS_MAC=0 -DDB_FIX=0 -DUSE_STAT=1 -DSAFE_DFT=0 -DCOLLATE=1 -DLIB_DIR=\"lout.lib\" -DFONT_DIR=\"font\" -DMAPS_DIR=\"maps\" -DINCL_DIR=\"include\" -DDATA_DIR=\"data\" -DHYPH_DIR=\"hyph\" -DLOCALE_DIR=\"locale\" -DCHAR_IN=1 -DCHAR_OUT=0 -DLOCALE_ON=1 -DASSERT_ON=1 -DDEBUG_ON=0  -DPDF_COMPRESSION=0 -D_FORTIFY_SOURCE=0 -I/home/ed/mcsema-testing/SANDBOX/test-2015-12-21_15-36-50/MultiSource/Benchmarks/MiBench/consumer-typeset -I/home/ed/mcsema-testing/llvm-test-suite/MultiSource/Benchmarks/MiBench/consumer-typeset -I/home/ed/mcsema-testing/llvm-test-suite/include -I../../../../include -D_GNU_SOURCE -D__STDC_LIMIT_MACROS -DNDEBUG  -O3  -m64 -fomit-frame-pointer -c /home/ed/mcsema-testing/llvm-test-suite/MultiSource/Benchmarks/MiBench/consumer-typeset/z03.c -o Output/z03.llvm.o
/home/ed/mcsema-testing/llvm-test-suite/RunSafely.sh --show-errors -t "/home/ed/mcsema-testing/SANDBOX/test-2015-12-21_15-36-50/tools/timeit" 500 /dev/null Output/z04.llvm.o.compile \
	  /usr/bin/clang -DOS_UNIX=1 -DOS_DOS=0 -DOS_MAC=0 -DDB_FIX=0 -DUSE_STAT=1 -DSAFE_DFT=0 -DCOLLATE=1 -DLIB_DIR=\"lout.lib\" -DFONT_DIR=\"font\" -DMAPS_DIR=\"maps\" -DINCL_DIR=\"include\" -DDATA_DIR=\"data\" -DHYPH_DIR=\"hyph\" -DLOCALE_DIR=\"locale\" -DCHAR_IN=1 -DCHAR_OUT=0 -DLOCALE_ON=1 -DASSERT_ON=1 -DDEBUG_ON=0  -DPDF_COMPRESSION=0 -D_FORTIFY_SOURCE=0 -I/home/ed/mcsema-testing/SANDBOX/test-2015-12-21_15-36-50/MultiSource/Benchmarks/MiBench/consumer-typeset -I/home/ed/mcsema-testing/llvm-test-suite/MultiSource/Benchmarks/MiBench/consumer-typeset -I/home/ed/mcsema-testing/llvm-test-suite/include -I../../../../include -D_GNU_SOURCE -D__STDC_LIMIT_MACROS -DNDEBUG  -O3  -m64 -fomit-frame-pointer -c /home/ed/mcsema-testing/llvm-test-suite/MultiSource/Benchmarks/MiBench/consumer-typeset/z04.c -o Output/z04.llvm.o
/home/ed/mcsema-testing/llvm-test-suite/RunSafely.sh --show-errors -t "/home/ed/mcsema-testing/SANDBOX/test-2015-12-21_15-36-50/tools/timeit" 500 /dev/null Output/z05.llvm.o.compile \
	  /usr/bin/clang -DOS_UNIX=1 -DOS_DOS=0 -DOS_MAC=0 -DDB_FIX=0 -DUSE_STAT=1 -DSAFE_DFT=0 -DCOLLATE=1 -DLIB_DIR=\"lout.lib\" -DFONT_DIR=\"font\" -DMAPS_DIR=\"maps\" -DINCL_DIR=\"include\" -DDATA_DIR=\"data\" -DHYPH_DIR=\"hyph\" -DLOCALE_DIR=\"locale\" -DCHAR_IN=1 -DCHAR_OUT=0 -DLOCALE_ON=1 -DASSERT_ON=1 -DDEBUG_ON=0  -DPDF_COMPRESSION=0 -D_FORTIFY_SOURCE=0 -I/home/ed/mcsema-testing/SANDBOX/test-2015-12-21_15-36-50/MultiSource/Benchmarks/MiBench/consumer-typeset -I/home/ed/mcsema-testing/llvm-test-suite/MultiSource/Benchmarks/MiBench/consumer-typeset -I/home/ed/mcsema-testing/llvm-test-suite/include -I../../../../include -D_GNU_SOURCE -D__STDC_LIMIT_MACROS -DNDEBUG  -O3  -m64 -fomit-frame-pointer -c /home/ed/mcsema-testing/llvm-test-suite/MultiSource/Benchmarks/MiBench/consumer-typeset/z05.c -o Output/z05.llvm.o
/home/ed/mcsema-testing/llvm-test-suite/RunSafely.sh --show-errors -t "/home/ed/mcsema-testing/SANDBOX/test-2015-12-21_15-36-50/tools/timeit" 500 /dev/null Output/z06.llvm.o.compile \
	  /usr/bin/clang -DOS_UNIX=1 -DOS_DOS=0 -DOS_MAC=0 -DDB_FIX=0 -DUSE_STAT=1 -DSAFE_DFT=0 -DCOLLATE=1 -DLIB_DIR=\"lout.lib\" -DFONT_DIR=\"font\" -DMAPS_DIR=\"maps\" -DINCL_DIR=\"include\" -DDATA_DIR=\"data\" -DHYPH_DIR=\"hyph\" -DLOCALE_DIR=\"locale\" -DCHAR_IN=1 -DCHAR_OUT=0 -DLOCALE_ON=1 -DASSERT_ON=1 -DDEBUG_ON=0  -DPDF_COMPRESSION=0 -D_FORTIFY_SOURCE=0 -I/home/ed/mcsema-testing/SANDBOX/test-2015-12-21_15-36-50/MultiSource/Benchmarks/MiBench/consumer-typeset -I/home/ed/mcsema-testing/llvm-test-suite/MultiSource/Benchmarks/MiBench/consumer-typeset -I/home/ed/mcsema-testing/llvm-test-suite/include -I../../../../include -D_GNU_SOURCE -D__STDC_LIMIT_MACROS -DNDEBUG  -O3  -m64 -fomit-frame-pointer -c /home/ed/mcsema-testing/llvm-test-suite/MultiSource/Benchmarks/MiBench/consumer-typeset/z06.c -o Output/z06.llvm.o
/home/ed/mcsema-testing/llvm-test-suite/RunSafely.sh --show-errors -t "/home/ed/mcsema-testing/SANDBOX/test-2015-12-21_15-36-50/tools/timeit" 500 /dev/null Output/z07.llvm.o.compile \
	  /usr/bin/clang -DOS_UNIX=1 -DOS_DOS=0 -DOS_MAC=0 -DDB_FIX=0 -DUSE_STAT=1 -DSAFE_DFT=0 -DCOLLATE=1 -DLIB_DIR=\"lout.lib\" -DFONT_DIR=\"font\" -DMAPS_DIR=\"maps\" -DINCL_DIR=\"include\" -DDATA_DIR=\"data\" -DHYPH_DIR=\"hyph\" -DLOCALE_DIR=\"locale\" -DCHAR_IN=1 -DCHAR_OUT=0 -DLOCALE_ON=1 -DASSERT_ON=1 -DDEBUG_ON=0  -DPDF_COMPRESSION=0 -D_FORTIFY_SOURCE=0 -I/home/ed/mcsema-testing/SANDBOX/test-2015-12-21_15-36-50/MultiSource/Benchmarks/MiBench/consumer-typeset -I/home/ed/mcsema-testing/llvm-test-suite/MultiSource/Benchmarks/MiBench/consumer-typeset -I/home/ed/mcsema-testing/llvm-test-suite/include -I../../../../include -D_GNU_SOURCE -D__STDC_LIMIT_MACROS -DNDEBUG  -O3  -m64 -fomit-frame-pointer -c /home/ed/mcsema-testing/llvm-test-suite/MultiSource/Benchmarks/MiBench/consumer-typeset/z07.c -o Output/z07.llvm.o
/home/ed/mcsema-testing/llvm-test-suite/RunSafely.sh --show-errors -t "/home/ed/mcsema-testing/SANDBOX/test-2015-12-21_15-36-50/tools/timeit" 500 /dev/null Output/z08.llvm.o.compile \
	  /usr/bin/clang -DOS_UNIX=1 -DOS_DOS=0 -DOS_MAC=0 -DDB_FIX=0 -DUSE_STAT=1 -DSAFE_DFT=0 -DCOLLATE=1 -DLIB_DIR=\"lout.lib\" -DFONT_DIR=\"font\" -DMAPS_DIR=\"maps\" -DINCL_DIR=\"include\" -DDATA_DIR=\"data\" -DHYPH_DIR=\"hyph\" -DLOCALE_DIR=\"locale\" -DCHAR_IN=1 -DCHAR_OUT=0 -DLOCALE_ON=1 -DASSERT_ON=1 -DDEBUG_ON=0  -DPDF_COMPRESSION=0 -D_FORTIFY_SOURCE=0 -I/home/ed/mcsema-testing/SANDBOX/test-2015-12-21_15-36-50/MultiSource/Benchmarks/MiBench/consumer-typeset -I/home/ed/mcsema-testing/llvm-test-suite/MultiSource/Benchmarks/MiBench/consumer-typeset -I/home/ed/mcsema-testing/llvm-test-suite/include -I../../../../include -D_GNU_SOURCE -D__STDC_LIMIT_MACROS -DNDEBUG  -O3  -m64 -fomit-frame-pointer -c /home/ed/mcsema-testing/llvm-test-suite/MultiSource/Benchmarks/MiBench/consumer-typeset/z08.c -o Output/z08.llvm.o
/home/ed/mcsema-testing/llvm-test-suite/RunSafely.sh --show-errors -t "/home/ed/mcsema-testing/SANDBOX/test-2015-12-21_15-36-50/tools/timeit" 500 /dev/null Output/z09.llvm.o.compile \
	  /usr/bin/clang -DOS_UNIX=1 -DOS_DOS=0 -DOS_MAC=0 -DDB_FIX=0 -DUSE_STAT=1 -DSAFE_DFT=0 -DCOLLATE=1 -DLIB_DIR=\"lout.lib\" -DFONT_DIR=\"font\" -DMAPS_DIR=\"maps\" -DINCL_DIR=\"include\" -DDATA_DIR=\"data\" -DHYPH_DIR=\"hyph\" -DLOCALE_DIR=\"locale\" -DCHAR_IN=1 -DCHAR_OUT=0 -DLOCALE_ON=1 -DASSERT_ON=1 -DDEBUG_ON=0  -DPDF_COMPRESSION=0 -D_FORTIFY_SOURCE=0 -I/home/ed/mcsema-testing/SANDBOX/test-2015-12-21_15-36-50/MultiSource/Benchmarks/MiBench/consumer-typeset -I/home/ed/mcsema-testing/llvm-test-suite/MultiSource/Benchmarks/MiBench/consumer-typeset -I/home/ed/mcsema-testing/llvm-test-suite/include -I../../../../include -D_GNU_SOURCE -D__STDC_LIMIT_MACROS -DNDEBUG  -O3  -m64 -fomit-frame-pointer -c /home/ed/mcsema-testing/llvm-test-suite/MultiSource/Benchmarks/MiBench/consumer-typeset/z09.c -o Output/z09.llvm.o
/home/ed/mcsema-testing/llvm-test-suite/RunSafely.sh --show-errors -t "/home/ed/mcsema-testing/SANDBOX/test-2015-12-21_15-36-50/tools/timeit" 500 /dev/null Output/z10.llvm.o.compile \
	  /usr/bin/clang -DOS_UNIX=1 -DOS_DOS=0 -DOS_MAC=0 -DDB_FIX=0 -DUSE_STAT=1 -DSAFE_DFT=0 -DCOLLATE=1 -DLIB_DIR=\"lout.lib\" -DFONT_DIR=\"font\" -DMAPS_DIR=\"maps\" -DINCL_DIR=\"include\" -DDATA_DIR=\"data\" -DHYPH_DIR=\"hyph\" -DLOCALE_DIR=\"locale\" -DCHAR_IN=1 -DCHAR_OUT=0 -DLOCALE_ON=1 -DASSERT_ON=1 -DDEBUG_ON=0  -DPDF_COMPRESSION=0 -D_FORTIFY_SOURCE=0 -I/home/ed/mcsema-testing/SANDBOX/test-2015-12-21_15-36-50/MultiSource/Benchmarks/MiBench/consumer-typeset -I/home/ed/mcsema-testing/llvm-test-suite/MultiSource/Benchmarks/MiBench/consumer-typeset -I/home/ed/mcsema-testing/llvm-test-suite/include -I../../../../include -D_GNU_SOURCE -D__STDC_LIMIT_MACROS -DNDEBUG  -O3  -m64 -fomit-frame-pointer -c /home/ed/mcsema-testing/llvm-test-suite/MultiSource/Benchmarks/MiBench/consumer-typeset/z10.c -o Output/z10.llvm.o
/home/ed/mcsema-testing/llvm-test-suite/RunSafely.sh --show-errors -t "/home/ed/mcsema-testing/SANDBOX/test-2015-12-21_15-36-50/tools/timeit" 500 /dev/null Output/z11.llvm.o.compile \
	  /usr/bin/clang -DOS_UNIX=1 -DOS_DOS=0 -DOS_MAC=0 -DDB_FIX=0 -DUSE_STAT=1 -DSAFE_DFT=0 -DCOLLATE=1 -DLIB_DIR=\"lout.lib\" -DFONT_DIR=\"font\" -DMAPS_DIR=\"maps\" -DINCL_DIR=\"include\" -DDATA_DIR=\"data\" -DHYPH_DIR=\"hyph\" -DLOCALE_DIR=\"locale\" -DCHAR_IN=1 -DCHAR_OUT=0 -DLOCALE_ON=1 -DASSERT_ON=1 -DDEBUG_ON=0  -DPDF_COMPRESSION=0 -D_FORTIFY_SOURCE=0 -I/home/ed/mcsema-testing/SANDBOX/test-2015-12-21_15-36-50/MultiSource/Benchmarks/MiBench/consumer-typeset -I/home/ed/mcsema-testing/llvm-test-suite/MultiSource/Benchmarks/MiBench/consumer-typeset -I/home/ed/mcsema-testing/llvm-test-suite/include -I../../../../include -D_GNU_SOURCE -D__STDC_LIMIT_MACROS -DNDEBUG  -O3  -m64 -fomit-frame-pointer -c /home/ed/mcsema-testing/llvm-test-suite/MultiSource/Benchmarks/MiBench/consumer-typeset/z11.c -o Output/z11.llvm.o
/home/ed/mcsema-testing/llvm-test-suite/RunSafely.sh --show-errors -t "/home/ed/mcsema-testing/SANDBOX/test-2015-12-21_15-36-50/tools/timeit" 500 /dev/null Output/z12.llvm.o.compile \
	  /usr/bin/clang -DOS_UNIX=1 -DOS_DOS=0 -DOS_MAC=0 -DDB_FIX=0 -DUSE_STAT=1 -DSAFE_DFT=0 -DCOLLATE=1 -DLIB_DIR=\"lout.lib\" -DFONT_DIR=\"font\" -DMAPS_DIR=\"maps\" -DINCL_DIR=\"include\" -DDATA_DIR=\"data\" -DHYPH_DIR=\"hyph\" -DLOCALE_DIR=\"locale\" -DCHAR_IN=1 -DCHAR_OUT=0 -DLOCALE_ON=1 -DASSERT_ON=1 -DDEBUG_ON=0  -DPDF_COMPRESSION=0 -D_FORTIFY_SOURCE=0 -I/home/ed/mcsema-testing/SANDBOX/test-2015-12-21_15-36-50/MultiSource/Benchmarks/MiBench/consumer-typeset -I/home/ed/mcsema-testing/llvm-test-suite/MultiSource/Benchmarks/MiBench/consumer-typeset -I/home/ed/mcsema-testing/llvm-test-suite/include -I../../../../include -D_GNU_SOURCE -D__STDC_LIMIT_MACROS -DNDEBUG  -O3  -m64 -fomit-frame-pointer -c /home/ed/mcsema-testing/llvm-test-suite/MultiSource/Benchmarks/MiBench/consumer-typeset/z12.c -o Output/z12.llvm.o
/home/ed/mcsema-testing/llvm-test-suite/RunSafely.sh --show-errors -t "/home/ed/mcsema-testing/SANDBOX/test-2015-12-21_15-36-50/tools/timeit" 500 /dev/null Output/z13.llvm.o.compile \
	  /usr/bin/clang -DOS_UNIX=1 -DOS_DOS=0 -DOS_MAC=0 -DDB_FIX=0 -DUSE_STAT=1 -DSAFE_DFT=0 -DCOLLATE=1 -DLIB_DIR=\"lout.lib\" -DFONT_DIR=\"font\" -DMAPS_DIR=\"maps\" -DINCL_DIR=\"include\" -DDATA_DIR=\"data\" -DHYPH_DIR=\"hyph\" -DLOCALE_DIR=\"locale\" -DCHAR_IN=1 -DCHAR_OUT=0 -DLOCALE_ON=1 -DASSERT_ON=1 -DDEBUG_ON=0  -DPDF_COMPRESSION=0 -D_FORTIFY_SOURCE=0 -I/home/ed/mcsema-testing/SANDBOX/test-2015-12-21_15-36-50/MultiSource/Benchmarks/MiBench/consumer-typeset -I/home/ed/mcsema-testing/llvm-test-suite/MultiSource/Benchmarks/MiBench/consumer-typeset -I/home/ed/mcsema-testing/llvm-test-suite/include -I../../../../include -D_GNU_SOURCE -D__STDC_LIMIT_MACROS -DNDEBUG  -O3  -m64 -fomit-frame-pointer -c /home/ed/mcsema-testing/llvm-test-suite/MultiSource/Benchmarks/MiBench/consumer-typeset/z13.c -o Output/z13.llvm.o
/home/ed/mcsema-testing/llvm-test-suite/RunSafely.sh --show-errors -t "/home/ed/mcsema-testing/SANDBOX/test-2015-12-21_15-36-50/tools/timeit" 500 /dev/null Output/z14.llvm.o.compile \
	  /usr/bin/clang -DOS_UNIX=1 -DOS_DOS=0 -DOS_MAC=0 -DDB_FIX=0 -DUSE_STAT=1 -DSAFE_DFT=0 -DCOLLATE=1 -DLIB_DIR=\"lout.lib\" -DFONT_DIR=\"font\" -DMAPS_DIR=\"maps\" -DINCL_DIR=\"include\" -DDATA_DIR=\"data\" -DHYPH_DIR=\"hyph\" -DLOCALE_DIR=\"locale\" -DCHAR_IN=1 -DCHAR_OUT=0 -DLOCALE_ON=1 -DASSERT_ON=1 -DDEBUG_ON=0  -DPDF_COMPRESSION=0 -D_FORTIFY_SOURCE=0 -I/home/ed/mcsema-testing/SANDBOX/test-2015-12-21_15-36-50/MultiSource/Benchmarks/MiBench/consumer-typeset -I/home/ed/mcsema-testing/llvm-test-suite/MultiSource/Benchmarks/MiBench/consumer-typeset -I/home/ed/mcsema-testing/llvm-test-suite/include -I../../../../include -D_GNU_SOURCE -D__STDC_LIMIT_MACROS -DNDEBUG  -O3  -m64 -fomit-frame-pointer -c /home/ed/mcsema-testing/llvm-test-suite/MultiSource/Benchmarks/MiBench/consumer-typeset/z14.c -o Output/z14.llvm.o
/home/ed/mcsema-testing/llvm-test-suite/RunSafely.sh --show-errors -t "/home/ed/mcsema-testing/SANDBOX/test-2015-12-21_15-36-50/tools/timeit" 500 /dev/null Output/z15.llvm.o.compile \
	  /usr/bin/clang -DOS_UNIX=1 -DOS_DOS=0 -DOS_MAC=0 -DDB_FIX=0 -DUSE_STAT=1 -DSAFE_DFT=0 -DCOLLATE=1 -DLIB_DIR=\"lout.lib\" -DFONT_DIR=\"font\" -DMAPS_DIR=\"maps\" -DINCL_DIR=\"include\" -DDATA_DIR=\"data\" -DHYPH_DIR=\"hyph\" -DLOCALE_DIR=\"locale\" -DCHAR_IN=1 -DCHAR_OUT=0 -DLOCALE_ON=1 -DASSERT_ON=1 -DDEBUG_ON=0  -DPDF_COMPRESSION=0 -D_FORTIFY_SOURCE=0 -I/home/ed/mcsema-testing/SANDBOX/test-2015-12-21_15-36-50/MultiSource/Benchmarks/MiBench/consumer-typeset -I/home/ed/mcsema-testing/llvm-test-suite/MultiSource/Benchmarks/MiBench/consumer-typeset -I/home/ed/mcsema-testing/llvm-test-suite/include -I../../../../include -D_GNU_SOURCE -D__STDC_LIMIT_MACROS -DNDEBUG  -O3  -m64 -fomit-frame-pointer -c /home/ed/mcsema-testing/llvm-test-suite/MultiSource/Benchmarks/MiBench/consumer-typeset/z15.c -o Output/z15.llvm.o
/home/ed/mcsema-testing/llvm-test-suite/RunSafely.sh --show-errors -t "/home/ed/mcsema-testing/SANDBOX/test-2015-12-21_15-36-50/tools/timeit" 500 /dev/null Output/z16.llvm.o.compile \
	  /usr/bin/clang -DOS_UNIX=1 -DOS_DOS=0 -DOS_MAC=0 -DDB_FIX=0 -DUSE_STAT=1 -DSAFE_DFT=0 -DCOLLATE=1 -DLIB_DIR=\"lout.lib\" -DFONT_DIR=\"font\" -DMAPS_DIR=\"maps\" -DINCL_DIR=\"include\" -DDATA_DIR=\"data\" -DHYPH_DIR=\"hyph\" -DLOCALE_DIR=\"locale\" -DCHAR_IN=1 -DCHAR_OUT=0 -DLOCALE_ON=1 -DASSERT_ON=1 -DDEBUG_ON=0  -DPDF_COMPRESSION=0 -D_FORTIFY_SOURCE=0 -I/home/ed/mcsema-testing/SANDBOX/test-2015-12-21_15-36-50/MultiSource/Benchmarks/MiBench/consumer-typeset -I/home/ed/mcsema-testing/llvm-test-suite/MultiSource/Benchmarks/MiBench/consumer-typeset -I/home/ed/mcsema-testing/llvm-test-suite/include -I../../../../include -D_GNU_SOURCE -D__STDC_LIMIT_MACROS -DNDEBUG  -O3  -m64 -fomit-frame-pointer -c /home/ed/mcsema-testing/llvm-test-suite/MultiSource/Benchmarks/MiBench/consumer-typeset/z16.c -o Output/z16.llvm.o
/home/ed/mcsema-testing/llvm-test-suite/RunSafely.sh --show-errors -t "/home/ed/mcsema-testing/SANDBOX/test-2015-12-21_15-36-50/tools/timeit" 500 /dev/null Output/z17.llvm.o.compile \
	  /usr/bin/clang -DOS_UNIX=1 -DOS_DOS=0 -DOS_MAC=0 -DDB_FIX=0 -DUSE_STAT=1 -DSAFE_DFT=0 -DCOLLATE=1 -DLIB_DIR=\"lout.lib\" -DFONT_DIR=\"font\" -DMAPS_DIR=\"maps\" -DINCL_DIR=\"include\" -DDATA_DIR=\"data\" -DHYPH_DIR=\"hyph\" -DLOCALE_DIR=\"locale\" -DCHAR_IN=1 -DCHAR_OUT=0 -DLOCALE_ON=1 -DASSERT_ON=1 -DDEBUG_ON=0  -DPDF_COMPRESSION=0 -D_FORTIFY_SOURCE=0 -I/home/ed/mcsema-testing/SANDBOX/test-2015-12-21_15-36-50/MultiSource/Benchmarks/MiBench/consumer-typeset -I/home/ed/mcsema-testing/llvm-test-suite/MultiSource/Benchmarks/MiBench/consumer-typeset -I/home/ed/mcsema-testing/llvm-test-suite/include -I../../../../include -D_GNU_SOURCE -D__STDC_LIMIT_MACROS -DNDEBUG  -O3  -m64 -fomit-frame-pointer -c /home/ed/mcsema-testing/llvm-test-suite/MultiSource/Benchmarks/MiBench/consumer-typeset/z17.c -o Output/z17.llvm.o
/home/ed/mcsema-testing/llvm-test-suite/RunSafely.sh --show-errors -t "/home/ed/mcsema-testing/SANDBOX/test-2015-12-21_15-36-50/tools/timeit" 500 /dev/null Output/z18.llvm.o.compile \
	  /usr/bin/clang -DOS_UNIX=1 -DOS_DOS=0 -DOS_MAC=0 -DDB_FIX=0 -DUSE_STAT=1 -DSAFE_DFT=0 -DCOLLATE=1 -DLIB_DIR=\"lout.lib\" -DFONT_DIR=\"font\" -DMAPS_DIR=\"maps\" -DINCL_DIR=\"include\" -DDATA_DIR=\"data\" -DHYPH_DIR=\"hyph\" -DLOCALE_DIR=\"locale\" -DCHAR_IN=1 -DCHAR_OUT=0 -DLOCALE_ON=1 -DASSERT_ON=1 -DDEBUG_ON=0  -DPDF_COMPRESSION=0 -D_FORTIFY_SOURCE=0 -I/home/ed/mcsema-testing/SANDBOX/test-2015-12-21_15-36-50/MultiSource/Benchmarks/MiBench/consumer-typeset -I/home/ed/mcsema-testing/llvm-test-suite/MultiSource/Benchmarks/MiBench/consumer-typeset -I/home/ed/mcsema-testing/llvm-test-suite/include -I../../../../include -D_GNU_SOURCE -D__STDC_LIMIT_MACROS -DNDEBUG  -O3  -m64 -fomit-frame-pointer -c /home/ed/mcsema-testing/llvm-test-suite/MultiSource/Benchmarks/MiBench/consumer-typeset/z18.c -o Output/z18.llvm.o
/home/ed/mcsema-testing/llvm-test-suite/RunSafely.sh --show-errors -t "/home/ed/mcsema-testing/SANDBOX/test-2015-12-21_15-36-50/tools/timeit" 500 /dev/null Output/z19.llvm.o.compile \
	  /usr/bin/clang -DOS_UNIX=1 -DOS_DOS=0 -DOS_MAC=0 -DDB_FIX=0 -DUSE_STAT=1 -DSAFE_DFT=0 -DCOLLATE=1 -DLIB_DIR=\"lout.lib\" -DFONT_DIR=\"font\" -DMAPS_DIR=\"maps\" -DINCL_DIR=\"include\" -DDATA_DIR=\"data\" -DHYPH_DIR=\"hyph\" -DLOCALE_DIR=\"locale\" -DCHAR_IN=1 -DCHAR_OUT=0 -DLOCALE_ON=1 -DASSERT_ON=1 -DDEBUG_ON=0  -DPDF_COMPRESSION=0 -D_FORTIFY_SOURCE=0 -I/home/ed/mcsema-testing/SANDBOX/test-2015-12-21_15-36-50/MultiSource/Benchmarks/MiBench/consumer-typeset -I/home/ed/mcsema-testing/llvm-test-suite/MultiSource/Benchmarks/MiBench/consumer-typeset -I/home/ed/mcsema-testing/llvm-test-suite/include -I../../../../include -D_GNU_SOURCE -D__STDC_LIMIT_MACROS -DNDEBUG  -O3  -m64 -fomit-frame-pointer -c /home/ed/mcsema-testing/llvm-test-suite/MultiSource/Benchmarks/MiBench/consumer-typeset/z19.c -o Output/z19.llvm.o
/home/ed/mcsema-testing/llvm-test-suite/RunSafely.sh --show-errors -t "/home/ed/mcsema-testing/SANDBOX/test-2015-12-21_15-36-50/tools/timeit" 500 /dev/null Output/z20.llvm.o.compile \
	  /usr/bin/clang -DOS_UNIX=1 -DOS_DOS=0 -DOS_MAC=0 -DDB_FIX=0 -DUSE_STAT=1 -DSAFE_DFT=0 -DCOLLATE=1 -DLIB_DIR=\"lout.lib\" -DFONT_DIR=\"font\" -DMAPS_DIR=\"maps\" -DINCL_DIR=\"include\" -DDATA_DIR=\"data\" -DHYPH_DIR=\"hyph\" -DLOCALE_DIR=\"locale\" -DCHAR_IN=1 -DCHAR_OUT=0 -DLOCALE_ON=1 -DASSERT_ON=1 -DDEBUG_ON=0  -DPDF_COMPRESSION=0 -D_FORTIFY_SOURCE=0 -I/home/ed/mcsema-testing/SANDBOX/test-2015-12-21_15-36-50/MultiSource/Benchmarks/MiBench/consumer-typeset -I/home/ed/mcsema-testing/llvm-test-suite/MultiSource/Benchmarks/MiBench/consumer-typeset -I/home/ed/mcsema-testing/llvm-test-suite/include -I../../../../include -D_GNU_SOURCE -D__STDC_LIMIT_MACROS -DNDEBUG  -O3  -m64 -fomit-frame-pointer -c /home/ed/mcsema-testing/llvm-test-suite/MultiSource/Benchmarks/MiBench/consumer-typeset/z20.c -o Output/z20.llvm.o
/home/ed/mcsema-testing/llvm-test-suite/RunSafely.sh --show-errors -t "/home/ed/mcsema-testing/SANDBOX/test-2015-12-21_15-36-50/tools/timeit" 500 /dev/null Output/z21.llvm.o.compile \
	  /usr/bin/clang -DOS_UNIX=1 -DOS_DOS=0 -DOS_MAC=0 -DDB_FIX=0 -DUSE_STAT=1 -DSAFE_DFT=0 -DCOLLATE=1 -DLIB_DIR=\"lout.lib\" -DFONT_DIR=\"font\" -DMAPS_DIR=\"maps\" -DINCL_DIR=\"include\" -DDATA_DIR=\"data\" -DHYPH_DIR=\"hyph\" -DLOCALE_DIR=\"locale\" -DCHAR_IN=1 -DCHAR_OUT=0 -DLOCALE_ON=1 -DASSERT_ON=1 -DDEBUG_ON=0  -DPDF_COMPRESSION=0 -D_FORTIFY_SOURCE=0 -I/home/ed/mcsema-testing/SANDBOX/test-2015-12-21_15-36-50/MultiSource/Benchmarks/MiBench/consumer-typeset -I/home/ed/mcsema-testing/llvm-test-suite/MultiSource/Benchmarks/MiBench/consumer-typeset -I/home/ed/mcsema-testing/llvm-test-suite/include -I../../../../include -D_GNU_SOURCE -D__STDC_LIMIT_MACROS -DNDEBUG  -O3  -m64 -fomit-frame-pointer -c /home/ed/mcsema-testing/llvm-test-suite/MultiSource/Benchmarks/MiBench/consumer-typeset/z21.c -o Output/z21.llvm.o
/home/ed/mcsema-testing/llvm-test-suite/RunSafely.sh --show-errors -t "/home/ed/mcsema-testing/SANDBOX/test-2015-12-21_15-36-50/tools/timeit" 500 /dev/null Output/z22.llvm.o.compile \
	  /usr/bin/clang -DOS_UNIX=1 -DOS_DOS=0 -DOS_MAC=0 -DDB_FIX=0 -DUSE_STAT=1 -DSAFE_DFT=0 -DCOLLATE=1 -DLIB_DIR=\"lout.lib\" -DFONT_DIR=\"font\" -DMAPS_DIR=\"maps\" -DINCL_DIR=\"include\" -DDATA_DIR=\"data\" -DHYPH_DIR=\"hyph\" -DLOCALE_DIR=\"locale\" -DCHAR_IN=1 -DCHAR_OUT=0 -DLOCALE_ON=1 -DASSERT_ON=1 -DDEBUG_ON=0  -DPDF_COMPRESSION=0 -D_FORTIFY_SOURCE=0 -I/home/ed/mcsema-testing/SANDBOX/test-2015-12-21_15-36-50/MultiSource/Benchmarks/MiBench/consumer-typeset -I/home/ed/mcsema-testing/llvm-test-suite/MultiSource/Benchmarks/MiBench/consumer-typeset -I/home/ed/mcsema-testing/llvm-test-suite/include -I../../../../include -D_GNU_SOURCE -D__STDC_LIMIT_MACROS -DNDEBUG  -O3  -m64 -fomit-frame-pointer -c /home/ed/mcsema-testing/llvm-test-suite/MultiSource/Benchmarks/MiBench/consumer-typeset/z22.c -o Output/z22.llvm.o
/home/ed/mcsema-testing/llvm-test-suite/RunSafely.sh --show-errors -t "/home/ed/mcsema-testing/SANDBOX/test-2015-12-21_15-36-50/tools/timeit" 500 /dev/null Output/z23.llvm.o.compile \
	  /usr/bin/clang -DOS_UNIX=1 -DOS_DOS=0 -DOS_MAC=0 -DDB_FIX=0 -DUSE_STAT=1 -DSAFE_DFT=0 -DCOLLATE=1 -DLIB_DIR=\"lout.lib\" -DFONT_DIR=\"font\" -DMAPS_DIR=\"maps\" -DINCL_DIR=\"include\" -DDATA_DIR=\"data\" -DHYPH_DIR=\"hyph\" -DLOCALE_DIR=\"locale\" -DCHAR_IN=1 -DCHAR_OUT=0 -DLOCALE_ON=1 -DASSERT_ON=1 -DDEBUG_ON=0  -DPDF_COMPRESSION=0 -D_FORTIFY_SOURCE=0 -I/home/ed/mcsema-testing/SANDBOX/test-2015-12-21_15-36-50/MultiSource/Benchmarks/MiBench/consumer-typeset -I/home/ed/mcsema-testing/llvm-test-suite/MultiSource/Benchmarks/MiBench/consumer-typeset -I/home/ed/mcsema-testing/llvm-test-suite/include -I../../../../include -D_GNU_SOURCE -D__STDC_LIMIT_MACROS -DNDEBUG  -O3  -m64 -fomit-frame-pointer -c /home/ed/mcsema-testing/llvm-test-suite/MultiSource/Benchmarks/MiBench/consumer-typeset/z23.c -o Output/z23.llvm.o
/home/ed/mcsema-testing/llvm-test-suite/RunSafely.sh --show-errors -t "/home/ed/mcsema-testing/SANDBOX/test-2015-12-21_15-36-50/tools/timeit" 500 /dev/null Output/z24.llvm.o.compile \
	  /usr/bin/clang -DOS_UNIX=1 -DOS_DOS=0 -DOS_MAC=0 -DDB_FIX=0 -DUSE_STAT=1 -DSAFE_DFT=0 -DCOLLATE=1 -DLIB_DIR=\"lout.lib\" -DFONT_DIR=\"font\" -DMAPS_DIR=\"maps\" -DINCL_DIR=\"include\" -DDATA_DIR=\"data\" -DHYPH_DIR=\"hyph\" -DLOCALE_DIR=\"locale\" -DCHAR_IN=1 -DCHAR_OUT=0 -DLOCALE_ON=1 -DASSERT_ON=1 -DDEBUG_ON=0  -DPDF_COMPRESSION=0 -D_FORTIFY_SOURCE=0 -I/home/ed/mcsema-testing/SANDBOX/test-2015-12-21_15-36-50/MultiSource/Benchmarks/MiBench/consumer-typeset -I/home/ed/mcsema-testing/llvm-test-suite/MultiSource/Benchmarks/MiBench/consumer-typeset -I/home/ed/mcsema-testing/llvm-test-suite/include -I../../../../include -D_GNU_SOURCE -D__STDC_LIMIT_MACROS -DNDEBUG  -O3  -m64 -fomit-frame-pointer -c /home/ed/mcsema-testing/llvm-test-suite/MultiSource/Benchmarks/MiBench/consumer-typeset/z24.c -o Output/z24.llvm.o
/home/ed/mcsema-testing/llvm-test-suite/RunSafely.sh --show-errors -t "/home/ed/mcsema-testing/SANDBOX/test-2015-12-21_15-36-50/tools/timeit" 500 /dev/null Output/z25.llvm.o.compile \
	  /usr/bin/clang -DOS_UNIX=1 -DOS_DOS=0 -DOS_MAC=0 -DDB_FIX=0 -DUSE_STAT=1 -DSAFE_DFT=0 -DCOLLATE=1 -DLIB_DIR=\"lout.lib\" -DFONT_DIR=\"font\" -DMAPS_DIR=\"maps\" -DINCL_DIR=\"include\" -DDATA_DIR=\"data\" -DHYPH_DIR=\"hyph\" -DLOCALE_DIR=\"locale\" -DCHAR_IN=1 -DCHAR_OUT=0 -DLOCALE_ON=1 -DASSERT_ON=1 -DDEBUG_ON=0  -DPDF_COMPRESSION=0 -D_FORTIFY_SOURCE=0 -I/home/ed/mcsema-testing/SANDBOX/test-2015-12-21_15-36-50/MultiSource/Benchmarks/MiBench/consumer-typeset -I/home/ed/mcsema-testing/llvm-test-suite/MultiSource/Benchmarks/MiBench/consumer-typeset -I/home/ed/mcsema-testing/llvm-test-suite/include -I../../../../include -D_GNU_SOURCE -D__STDC_LIMIT_MACROS -DNDEBUG  -O3  -m64 -fomit-frame-pointer -c /home/ed/mcsema-testing/llvm-test-suite/MultiSource/Benchmarks/MiBench/consumer-typeset/z25.c -o Output/z25.llvm.o
/home/ed/mcsema-testing/llvm-test-suite/RunSafely.sh --show-errors -t "/home/ed/mcsema-testing/SANDBOX/test-2015-12-21_15-36-50/tools/timeit" 500 /dev/null Output/z26.llvm.o.compile \
	  /usr/bin/clang -DOS_UNIX=1 -DOS_DOS=0 -DOS_MAC=0 -DDB_FIX=0 -DUSE_STAT=1 -DSAFE_DFT=0 -DCOLLATE=1 -DLIB_DIR=\"lout.lib\" -DFONT_DIR=\"font\" -DMAPS_DIR=\"maps\" -DINCL_DIR=\"include\" -DDATA_DIR=\"data\" -DHYPH_DIR=\"hyph\" -DLOCALE_DIR=\"locale\" -DCHAR_IN=1 -DCHAR_OUT=0 -DLOCALE_ON=1 -DASSERT_ON=1 -DDEBUG_ON=0  -DPDF_COMPRESSION=0 -D_FORTIFY_SOURCE=0 -I/home/ed/mcsema-testing/SANDBOX/test-2015-12-21_15-36-50/MultiSource/Benchmarks/MiBench/consumer-typeset -I/home/ed/mcsema-testing/llvm-test-suite/MultiSource/Benchmarks/MiBench/consumer-typeset -I/home/ed/mcsema-testing/llvm-test-suite/include -I../../../../include -D_GNU_SOURCE -D__STDC_LIMIT_MACROS -DNDEBUG  -O3  -m64 -fomit-frame-pointer -c /home/ed/mcsema-testing/llvm-test-suite/MultiSource/Benchmarks/MiBench/consumer-typeset/z26.c -o Output/z26.llvm.o
/home/ed/mcsema-testing/llvm-test-suite/RunSafely.sh --show-errors -t "/home/ed/mcsema-testing/SANDBOX/test-2015-12-21_15-36-50/tools/timeit" 500 /dev/null Output/z27.llvm.o.compile \
	  /usr/bin/clang -DOS_UNIX=1 -DOS_DOS=0 -DOS_MAC=0 -DDB_FIX=0 -DUSE_STAT=1 -DSAFE_DFT=0 -DCOLLATE=1 -DLIB_DIR=\"lout.lib\" -DFONT_DIR=\"font\" -DMAPS_DIR=\"maps\" -DINCL_DIR=\"include\" -DDATA_DIR=\"data\" -DHYPH_DIR=\"hyph\" -DLOCALE_DIR=\"locale\" -DCHAR_IN=1 -DCHAR_OUT=0 -DLOCALE_ON=1 -DASSERT_ON=1 -DDEBUG_ON=0  -DPDF_COMPRESSION=0 -D_FORTIFY_SOURCE=0 -I/home/ed/mcsema-testing/SANDBOX/test-2015-12-21_15-36-50/MultiSource/Benchmarks/MiBench/consumer-typeset -I/home/ed/mcsema-testing/llvm-test-suite/MultiSource/Benchmarks/MiBench/consumer-typeset -I/home/ed/mcsema-testing/llvm-test-suite/include -I../../../../include -D_GNU_SOURCE -D__STDC_LIMIT_MACROS -DNDEBUG  -O3  -m64 -fomit-frame-pointer -c /home/ed/mcsema-testing/llvm-test-suite/MultiSource/Benchmarks/MiBench/consumer-typeset/z27.c -o Output/z27.llvm.o
/home/ed/mcsema-testing/llvm-test-suite/RunSafely.sh --show-errors -t "/home/ed/mcsema-testing/SANDBOX/test-2015-12-21_15-36-50/tools/timeit" 500 /dev/null Output/z28.llvm.o.compile \
	  /usr/bin/clang -DOS_UNIX=1 -DOS_DOS=0 -DOS_MAC=0 -DDB_FIX=0 -DUSE_STAT=1 -DSAFE_DFT=0 -DCOLLATE=1 -DLIB_DIR=\"lout.lib\" -DFONT_DIR=\"font\" -DMAPS_DIR=\"maps\" -DINCL_DIR=\"include\" -DDATA_DIR=\"data\" -DHYPH_DIR=\"hyph\" -DLOCALE_DIR=\"locale\" -DCHAR_IN=1 -DCHAR_OUT=0 -DLOCALE_ON=1 -DASSERT_ON=1 -DDEBUG_ON=0  -DPDF_COMPRESSION=0 -D_FORTIFY_SOURCE=0 -I/home/ed/mcsema-testing/SANDBOX/test-2015-12-21_15-36-50/MultiSource/Benchmarks/MiBench/consumer-typeset -I/home/ed/mcsema-testing/llvm-test-suite/MultiSource/Benchmarks/MiBench/consumer-typeset -I/home/ed/mcsema-testing/llvm-test-suite/include -I../../../../include -D_GNU_SOURCE -D__STDC_LIMIT_MACROS -DNDEBUG  -O3  -m64 -fomit-frame-pointer -c /home/ed/mcsema-testing/llvm-test-suite/MultiSource/Benchmarks/MiBench/consumer-typeset/z28.c -o Output/z28.llvm.o
/home/ed/mcsema-testing/llvm-test-suite/RunSafely.sh --show-errors -t "/home/ed/mcsema-testing/SANDBOX/test-2015-12-21_15-36-50/tools/timeit" 500 /dev/null Output/z29.llvm.o.compile \
	  /usr/bin/clang -DOS_UNIX=1 -DOS_DOS=0 -DOS_MAC=0 -DDB_FIX=0 -DUSE_STAT=1 -DSAFE_DFT=0 -DCOLLATE=1 -DLIB_DIR=\"lout.lib\" -DFONT_DIR=\"font\" -DMAPS_DIR=\"maps\" -DINCL_DIR=\"include\" -DDATA_DIR=\"data\" -DHYPH_DIR=\"hyph\" -DLOCALE_DIR=\"locale\" -DCHAR_IN=1 -DCHAR_OUT=0 -DLOCALE_ON=1 -DASSERT_ON=1 -DDEBUG_ON=0  -DPDF_COMPRESSION=0 -D_FORTIFY_SOURCE=0 -I/home/ed/mcsema-testing/SANDBOX/test-2015-12-21_15-36-50/MultiSource/Benchmarks/MiBench/consumer-typeset -I/home/ed/mcsema-testing/llvm-test-suite/MultiSource/Benchmarks/MiBench/consumer-typeset -I/home/ed/mcsema-testing/llvm-test-suite/include -I../../../../include -D_GNU_SOURCE -D__STDC_LIMIT_MACROS -DNDEBUG  -O3  -m64 -fomit-frame-pointer -c /home/ed/mcsema-testing/llvm-test-suite/MultiSource/Benchmarks/MiBench/consumer-typeset/z29.c -o Output/z29.llvm.o
/home/ed/mcsema-testing/llvm-test-suite/RunSafely.sh --show-errors -t "/home/ed/mcsema-testing/SANDBOX/test-2015-12-21_15-36-50/tools/timeit" 500 /dev/null Output/z30.llvm.o.compile \
	  /usr/bin/clang -DOS_UNIX=1 -DOS_DOS=0 -DOS_MAC=0 -DDB_FIX=0 -DUSE_STAT=1 -DSAFE_DFT=0 -DCOLLATE=1 -DLIB_DIR=\"lout.lib\" -DFONT_DIR=\"font\" -DMAPS_DIR=\"maps\" -DINCL_DIR=\"include\" -DDATA_DIR=\"data\" -DHYPH_DIR=\"hyph\" -DLOCALE_DIR=\"locale\" -DCHAR_IN=1 -DCHAR_OUT=0 -DLOCALE_ON=1 -DASSERT_ON=1 -DDEBUG_ON=0  -DPDF_COMPRESSION=0 -D_FORTIFY_SOURCE=0 -I/home/ed/mcsema-testing/SANDBOX/test-2015-12-21_15-36-50/MultiSource/Benchmarks/MiBench/consumer-typeset -I/home/ed/mcsema-testing/llvm-test-suite/MultiSource/Benchmarks/MiBench/consumer-typeset -I/home/ed/mcsema-testing/llvm-test-suite/include -I../../../../include -D_GNU_SOURCE -D__STDC_LIMIT_MACROS -DNDEBUG  -O3  -m64 -fomit-frame-pointer -c /home/ed/mcsema-testing/llvm-test-suite/MultiSource/Benchmarks/MiBench/consumer-typeset/z30.c -o Output/z30.llvm.o
/home/ed/mcsema-testing/llvm-test-suite/RunSafely.sh --show-errors -t "/home/ed/mcsema-testing/SANDBOX/test-2015-12-21_15-36-50/tools/timeit" 500 /dev/null Output/z31.llvm.o.compile \
	  /usr/bin/clang -DOS_UNIX=1 -DOS_DOS=0 -DOS_MAC=0 -DDB_FIX=0 -DUSE_STAT=1 -DSAFE_DFT=0 -DCOLLATE=1 -DLIB_DIR=\"lout.lib\" -DFONT_DIR=\"font\" -DMAPS_DIR=\"maps\" -DINCL_DIR=\"include\" -DDATA_DIR=\"data\" -DHYPH_DIR=\"hyph\" -DLOCALE_DIR=\"locale\" -DCHAR_IN=1 -DCHAR_OUT=0 -DLOCALE_ON=1 -DASSERT_ON=1 -DDEBUG_ON=0  -DPDF_COMPRESSION=0 -D_FORTIFY_SOURCE=0 -I/home/ed/mcsema-testing/SANDBOX/test-2015-12-21_15-36-50/MultiSource/Benchmarks/MiBench/consumer-typeset -I/home/ed/mcsema-testing/llvm-test-suite/MultiSource/Benchmarks/MiBench/consumer-typeset -I/home/ed/mcsema-testing/llvm-test-suite/include -I../../../../include -D_GNU_SOURCE -D__STDC_LIMIT_MACROS -DNDEBUG  -O3  -m64 -fomit-frame-pointer -c /home/ed/mcsema-testing/llvm-test-suite/MultiSource/Benchmarks/MiBench/consumer-typeset/z31.c -o Output/z31.llvm.o
/home/ed/mcsema-testing/llvm-test-suite/RunSafely.sh --show-errors -t "/home/ed/mcsema-testing/SANDBOX/test-2015-12-21_15-36-50/tools/timeit" 500 /dev/null Output/z32.llvm.o.compile \
	  /usr/bin/clang -DOS_UNIX=1 -DOS_DOS=0 -DOS_MAC=0 -DDB_FIX=0 -DUSE_STAT=1 -DSAFE_DFT=0 -DCOLLATE=1 -DLIB_DIR=\"lout.lib\" -DFONT_DIR=\"font\" -DMAPS_DIR=\"maps\" -DINCL_DIR=\"include\" -DDATA_DIR=\"data\" -DHYPH_DIR=\"hyph\" -DLOCALE_DIR=\"locale\" -DCHAR_IN=1 -DCHAR_OUT=0 -DLOCALE_ON=1 -DASSERT_ON=1 -DDEBUG_ON=0  -DPDF_COMPRESSION=0 -D_FORTIFY_SOURCE=0 -I/home/ed/mcsema-testing/SANDBOX/test-2015-12-21_15-36-50/MultiSource/Benchmarks/MiBench/consumer-typeset -I/home/ed/mcsema-testing/llvm-test-suite/MultiSource/Benchmarks/MiBench/consumer-typeset -I/home/ed/mcsema-testing/llvm-test-suite/include -I../../../../include -D_GNU_SOURCE -D__STDC_LIMIT_MACROS -DNDEBUG  -O3  -m64 -fomit-frame-pointer -c /home/ed/mcsema-testing/llvm-test-suite/MultiSource/Benchmarks/MiBench/consumer-typeset/z32.c -o Output/z32.llvm.o
/home/ed/mcsema-testing/llvm-test-suite/RunSafely.sh --show-errors -t "/home/ed/mcsema-testing/SANDBOX/test-2015-12-21_15-36-50/tools/timeit" 500 /dev/null Output/z33.llvm.o.compile \
	  /usr/bin/clang -DOS_UNIX=1 -DOS_DOS=0 -DOS_MAC=0 -DDB_FIX=0 -DUSE_STAT=1 -DSAFE_DFT=0 -DCOLLATE=1 -DLIB_DIR=\"lout.lib\" -DFONT_DIR=\"font\" -DMAPS_DIR=\"maps\" -DINCL_DIR=\"include\" -DDATA_DIR=\"data\" -DHYPH_DIR=\"hyph\" -DLOCALE_DIR=\"locale\" -DCHAR_IN=1 -DCHAR_OUT=0 -DLOCALE_ON=1 -DASSERT_ON=1 -DDEBUG_ON=0  -DPDF_COMPRESSION=0 -D_FORTIFY_SOURCE=0 -I/home/ed/mcsema-testing/SANDBOX/test-2015-12-21_15-36-50/MultiSource/Benchmarks/MiBench/consumer-typeset -I/home/ed/mcsema-testing/llvm-test-suite/MultiSource/Benchmarks/MiBench/consumer-typeset -I/home/ed/mcsema-testing/llvm-test-suite/include -I../../../../include -D_GNU_SOURCE -D__STDC_LIMIT_MACROS -DNDEBUG  -O3  -m64 -fomit-frame-pointer -c /home/ed/mcsema-testing/llvm-test-suite/MultiSource/Benchmarks/MiBench/consumer-typeset/z33.c -o Output/z33.llvm.o
/home/ed/mcsema-testing/llvm-test-suite/RunSafely.sh --show-errors -t "/home/ed/mcsema-testing/SANDBOX/test-2015-12-21_15-36-50/tools/timeit" 500 /dev/null Output/z34.llvm.o.compile \
	  /usr/bin/clang -DOS_UNIX=1 -DOS_DOS=0 -DOS_MAC=0 -DDB_FIX=0 -DUSE_STAT=1 -DSAFE_DFT=0 -DCOLLATE=1 -DLIB_DIR=\"lout.lib\" -DFONT_DIR=\"font\" -DMAPS_DIR=\"maps\" -DINCL_DIR=\"include\" -DDATA_DIR=\"data\" -DHYPH_DIR=\"hyph\" -DLOCALE_DIR=\"locale\" -DCHAR_IN=1 -DCHAR_OUT=0 -DLOCALE_ON=1 -DASSERT_ON=1 -DDEBUG_ON=0  -DPDF_COMPRESSION=0 -D_FORTIFY_SOURCE=0 -I/home/ed/mcsema-testing/SANDBOX/test-2015-12-21_15-36-50/MultiSource/Benchmarks/MiBench/consumer-typeset -I/home/ed/mcsema-testing/llvm-test-suite/MultiSource/Benchmarks/MiBench/consumer-typeset -I/home/ed/mcsema-testing/llvm-test-suite/include -I../../../../include -D_GNU_SOURCE -D__STDC_LIMIT_MACROS -DNDEBUG  -O3  -m64 -fomit-frame-pointer -c /home/ed/mcsema-testing/llvm-test-suite/MultiSource/Benchmarks/MiBench/consumer-typeset/z34.c -o Output/z34.llvm.o
/home/ed/mcsema-testing/llvm-test-suite/RunSafely.sh --show-errors -t "/home/ed/mcsema-testing/SANDBOX/test-2015-12-21_15-36-50/tools/timeit" 500 /dev/null Output/z35.llvm.o.compile \
	  /usr/bin/clang -DOS_UNIX=1 -DOS_DOS=0 -DOS_MAC=0 -DDB_FIX=0 -DUSE_STAT=1 -DSAFE_DFT=0 -DCOLLATE=1 -DLIB_DIR=\"lout.lib\" -DFONT_DIR=\"font\" -DMAPS_DIR=\"maps\" -DINCL_DIR=\"include\" -DDATA_DIR=\"data\" -DHYPH_DIR=\"hyph\" -DLOCALE_DIR=\"locale\" -DCHAR_IN=1 -DCHAR_OUT=0 -DLOCALE_ON=1 -DASSERT_ON=1 -DDEBUG_ON=0  -DPDF_COMPRESSION=0 -D_FORTIFY_SOURCE=0 -I/home/ed/mcsema-testing/SANDBOX/test-2015-12-21_15-36-50/MultiSource/Benchmarks/MiBench/consumer-typeset -I/home/ed/mcsema-testing/llvm-test-suite/MultiSource/Benchmarks/MiBench/consumer-typeset -I/home/ed/mcsema-testing/llvm-test-suite/include -I../../../../include -D_GNU_SOURCE -D__STDC_LIMIT_MACROS -DNDEBUG  -O3  -m64 -fomit-frame-pointer -c /home/ed/mcsema-testing/llvm-test-suite/MultiSource/Benchmarks/MiBench/consumer-typeset/z35.c -o Output/z35.llvm.o
/home/ed/mcsema-testing/llvm-test-suite/RunSafely.sh --show-errors -t "/home/ed/mcsema-testing/SANDBOX/test-2015-12-21_15-36-50/tools/timeit" 500 /dev/null Output/z36.llvm.o.compile \
	  /usr/bin/clang -DOS_UNIX=1 -DOS_DOS=0 -DOS_MAC=0 -DDB_FIX=0 -DUSE_STAT=1 -DSAFE_DFT=0 -DCOLLATE=1 -DLIB_DIR=\"lout.lib\" -DFONT_DIR=\"font\" -DMAPS_DIR=\"maps\" -DINCL_DIR=\"include\" -DDATA_DIR=\"data\" -DHYPH_DIR=\"hyph\" -DLOCALE_DIR=\"locale\" -DCHAR_IN=1 -DCHAR_OUT=0 -DLOCALE_ON=1 -DASSERT_ON=1 -DDEBUG_ON=0  -DPDF_COMPRESSION=0 -D_FORTIFY_SOURCE=0 -I/home/ed/mcsema-testing/SANDBOX/test-2015-12-21_15-36-50/MultiSource/Benchmarks/MiBench/consumer-typeset -I/home/ed/mcsema-testing/llvm-test-suite/MultiSource/Benchmarks/MiBench/consumer-typeset -I/home/ed/mcsema-testing/llvm-test-suite/include -I../../../../include -D_GNU_SOURCE -D__STDC_LIMIT_MACROS -DNDEBUG  -O3  -m64 -fomit-frame-pointer -c /home/ed/mcsema-testing/llvm-test-suite/MultiSource/Benchmarks/MiBench/consumer-typeset/z36.c -o Output/z36.llvm.o
/home/ed/mcsema-testing/llvm-test-suite/RunSafely.sh --show-errors -t "/home/ed/mcsema-testing/SANDBOX/test-2015-12-21_15-36-50/tools/timeit" 500 /dev/null Output/z37.llvm.o.compile \
	  /usr/bin/clang -DOS_UNIX=1 -DOS_DOS=0 -DOS_MAC=0 -DDB_FIX=0 -DUSE_STAT=1 -DSAFE_DFT=0 -DCOLLATE=1 -DLIB_DIR=\"lout.lib\" -DFONT_DIR=\"font\" -DMAPS_DIR=\"maps\" -DINCL_DIR=\"include\" -DDATA_DIR=\"data\" -DHYPH_DIR=\"hyph\" -DLOCALE_DIR=\"locale\" -DCHAR_IN=1 -DCHAR_OUT=0 -DLOCALE_ON=1 -DASSERT_ON=1 -DDEBUG_ON=0  -DPDF_COMPRESSION=0 -D_FORTIFY_SOURCE=0 -I/home/ed/mcsema-testing/SANDBOX/test-2015-12-21_15-36-50/MultiSource/Benchmarks/MiBench/consumer-typeset -I/home/ed/mcsema-testing/llvm-test-suite/MultiSource/Benchmarks/MiBench/consumer-typeset -I/home/ed/mcsema-testing/llvm-test-suite/include -I../../../../include -D_GNU_SOURCE -D__STDC_LIMIT_MACROS -DNDEBUG  -O3  -m64 -fomit-frame-pointer -c /home/ed/mcsema-testing/llvm-test-suite/MultiSource/Benchmarks/MiBench/consumer-typeset/z37.c -o Output/z37.llvm.o
/home/ed/mcsema-testing/llvm-test-suite/RunSafely.sh --show-errors -t "/home/ed/mcsema-testing/SANDBOX/test-2015-12-21_15-36-50/tools/timeit" 500 /dev/null Output/z38.llvm.o.compile \
	  /usr/bin/clang -DOS_UNIX=1 -DOS_DOS=0 -DOS_MAC=0 -DDB_FIX=0 -DUSE_STAT=1 -DSAFE_DFT=0 -DCOLLATE=1 -DLIB_DIR=\"lout.lib\" -DFONT_DIR=\"font\" -DMAPS_DIR=\"maps\" -DINCL_DIR=\"include\" -DDATA_DIR=\"data\" -DHYPH_DIR=\"hyph\" -DLOCALE_DIR=\"locale\" -DCHAR_IN=1 -DCHAR_OUT=0 -DLOCALE_ON=1 -DASSERT_ON=1 -DDEBUG_ON=0  -DPDF_COMPRESSION=0 -D_FORTIFY_SOURCE=0 -I/home/ed/mcsema-testing/SANDBOX/test-2015-12-21_15-36-50/MultiSource/Benchmarks/MiBench/consumer-typeset -I/home/ed/mcsema-testing/llvm-test-suite/MultiSource/Benchmarks/MiBench/consumer-typeset -I/home/ed/mcsema-testing/llvm-test-suite/include -I../../../../include -D_GNU_SOURCE -D__STDC_LIMIT_MACROS -DNDEBUG  -O3  -m64 -fomit-frame-pointer -c /home/ed/mcsema-testing/llvm-test-suite/MultiSource/Benchmarks/MiBench/consumer-typeset/z38.c -o Output/z38.llvm.o
/home/ed/mcsema-testing/llvm-test-suite/RunSafely.sh --show-errors -t "/home/ed/mcsema-testing/SANDBOX/test-2015-12-21_15-36-50/tools/timeit" 500 /dev/null Output/z39.llvm.o.compile \
	  /usr/bin/clang -DOS_UNIX=1 -DOS_DOS=0 -DOS_MAC=0 -DDB_FIX=0 -DUSE_STAT=1 -DSAFE_DFT=0 -DCOLLATE=1 -DLIB_DIR=\"lout.lib\" -DFONT_DIR=\"font\" -DMAPS_DIR=\"maps\" -DINCL_DIR=\"include\" -DDATA_DIR=\"data\" -DHYPH_DIR=\"hyph\" -DLOCALE_DIR=\"locale\" -DCHAR_IN=1 -DCHAR_OUT=0 -DLOCALE_ON=1 -DASSERT_ON=1 -DDEBUG_ON=0  -DPDF_COMPRESSION=0 -D_FORTIFY_SOURCE=0 -I/home/ed/mcsema-testing/SANDBOX/test-2015-12-21_15-36-50/MultiSource/Benchmarks/MiBench/consumer-typeset -I/home/ed/mcsema-testing/llvm-test-suite/MultiSource/Benchmarks/MiBench/consumer-typeset -I/home/ed/mcsema-testing/llvm-test-suite/include -I../../../../include -D_GNU_SOURCE -D__STDC_LIMIT_MACROS -DNDEBUG  -O3  -m64 -fomit-frame-pointer -c /home/ed/mcsema-testing/llvm-test-suite/MultiSource/Benchmarks/MiBench/consumer-typeset/z39.c -o Output/z39.llvm.o
/home/ed/mcsema-testing/llvm-test-suite/RunSafely.sh --show-errors -t "/home/ed/mcsema-testing/SANDBOX/test-2015-12-21_15-36-50/tools/timeit" 500 /dev/null Output/z40.llvm.o.compile \
	  /usr/bin/clang -DOS_UNIX=1 -DOS_DOS=0 -DOS_MAC=0 -DDB_FIX=0 -DUSE_STAT=1 -DSAFE_DFT=0 -DCOLLATE=1 -DLIB_DIR=\"lout.lib\" -DFONT_DIR=\"font\" -DMAPS_DIR=\"maps\" -DINCL_DIR=\"include\" -DDATA_DIR=\"data\" -DHYPH_DIR=\"hyph\" -DLOCALE_DIR=\"locale\" -DCHAR_IN=1 -DCHAR_OUT=0 -DLOCALE_ON=1 -DASSERT_ON=1 -DDEBUG_ON=0  -DPDF_COMPRESSION=0 -D_FORTIFY_SOURCE=0 -I/home/ed/mcsema-testing/SANDBOX/test-2015-12-21_15-36-50/MultiSource/Benchmarks/MiBench/consumer-typeset -I/home/ed/mcsema-testing/llvm-test-suite/MultiSource/Benchmarks/MiBench/consumer-typeset -I/home/ed/mcsema-testing/llvm-test-suite/include -I../../../../include -D_GNU_SOURCE -D__STDC_LIMIT_MACROS -DNDEBUG  -O3  -m64 -fomit-frame-pointer -c /home/ed/mcsema-testing/llvm-test-suite/MultiSource/Benchmarks/MiBench/consumer-typeset/z40.c -o Output/z40.llvm.o
/home/ed/mcsema-testing/llvm-test-suite/RunSafely.sh --show-errors -t "/home/ed/mcsema-testing/SANDBOX/test-2015-12-21_15-36-50/tools/timeit" 500 /dev/null Output/z41.llvm.o.compile \
	  /usr/bin/clang -DOS_UNIX=1 -DOS_DOS=0 -DOS_MAC=0 -DDB_FIX=0 -DUSE_STAT=1 -DSAFE_DFT=0 -DCOLLATE=1 -DLIB_DIR=\"lout.lib\" -DFONT_DIR=\"font\" -DMAPS_DIR=\"maps\" -DINCL_DIR=\"include\" -DDATA_DIR=\"data\" -DHYPH_DIR=\"hyph\" -DLOCALE_DIR=\"locale\" -DCHAR_IN=1 -DCHAR_OUT=0 -DLOCALE_ON=1 -DASSERT_ON=1 -DDEBUG_ON=0  -DPDF_COMPRESSION=0 -D_FORTIFY_SOURCE=0 -I/home/ed/mcsema-testing/SANDBOX/test-2015-12-21_15-36-50/MultiSource/Benchmarks/MiBench/consumer-typeset -I/home/ed/mcsema-testing/llvm-test-suite/MultiSource/Benchmarks/MiBench/consumer-typeset -I/home/ed/mcsema-testing/llvm-test-suite/include -I../../../../include -D_GNU_SOURCE -D__STDC_LIMIT_MACROS -DNDEBUG  -O3  -m64 -fomit-frame-pointer -c /home/ed/mcsema-testing/llvm-test-suite/MultiSource/Benchmarks/MiBench/consumer-typeset/z41.c -o Output/z41.llvm.o
/home/ed/mcsema-testing/llvm-test-suite/RunSafely.sh --show-errors -t "/home/ed/mcsema-testing/SANDBOX/test-2015-12-21_15-36-50/tools/timeit" 500 /dev/null Output/z42.llvm.o.compile \
	  /usr/bin/clang -DOS_UNIX=1 -DOS_DOS=0 -DOS_MAC=0 -DDB_FIX=0 -DUSE_STAT=1 -DSAFE_DFT=0 -DCOLLATE=1 -DLIB_DIR=\"lout.lib\" -DFONT_DIR=\"font\" -DMAPS_DIR=\"maps\" -DINCL_DIR=\"include\" -DDATA_DIR=\"data\" -DHYPH_DIR=\"hyph\" -DLOCALE_DIR=\"locale\" -DCHAR_IN=1 -DCHAR_OUT=0 -DLOCALE_ON=1 -DASSERT_ON=1 -DDEBUG_ON=0  -DPDF_COMPRESSION=0 -D_FORTIFY_SOURCE=0 -I/home/ed/mcsema-testing/SANDBOX/test-2015-12-21_15-36-50/MultiSource/Benchmarks/MiBench/consumer-typeset -I/home/ed/mcsema-testing/llvm-test-suite/MultiSource/Benchmarks/MiBench/consumer-typeset -I/home/ed/mcsema-testing/llvm-test-suite/include -I../../../../include -D_GNU_SOURCE -D__STDC_LIMIT_MACROS -DNDEBUG  -O3  -m64 -fomit-frame-pointer -c /home/ed/mcsema-testing/llvm-test-suite/MultiSource/Benchmarks/MiBench/consumer-typeset/z42.c -o Output/z42.llvm.o
/home/ed/mcsema-testing/llvm-test-suite/RunSafely.sh --show-errors -t "/home/ed/mcsema-testing/SANDBOX/test-2015-12-21_15-36-50/tools/timeit" 500 /dev/null Output/z43.llvm.o.compile \
	  /usr/bin/clang -DOS_UNIX=1 -DOS_DOS=0 -DOS_MAC=0 -DDB_FIX=0 -DUSE_STAT=1 -DSAFE_DFT=0 -DCOLLATE=1 -DLIB_DIR=\"lout.lib\" -DFONT_DIR=\"font\" -DMAPS_DIR=\"maps\" -DINCL_DIR=\"include\" -DDATA_DIR=\"data\" -DHYPH_DIR=\"hyph\" -DLOCALE_DIR=\"locale\" -DCHAR_IN=1 -DCHAR_OUT=0 -DLOCALE_ON=1 -DASSERT_ON=1 -DDEBUG_ON=0  -DPDF_COMPRESSION=0 -D_FORTIFY_SOURCE=0 -I/home/ed/mcsema-testing/SANDBOX/test-2015-12-21_15-36-50/MultiSource/Benchmarks/MiBench/consumer-typeset -I/home/ed/mcsema-testing/llvm-test-suite/MultiSource/Benchmarks/MiBench/consumer-typeset -I/home/ed/mcsema-testing/llvm-test-suite/include -I../../../../include -D_GNU_SOURCE -D__STDC_LIMIT_MACROS -DNDEBUG  -O3  -m64 -fomit-frame-pointer -c /home/ed/mcsema-testing/llvm-test-suite/MultiSource/Benchmarks/MiBench/consumer-typeset/z43.c -o Output/z43.llvm.o
/home/ed/mcsema-testing/llvm-test-suite/RunSafely.sh --show-errors -t "/home/ed/mcsema-testing/SANDBOX/test-2015-12-21_15-36-50/tools/timeit" 500 /dev/null Output/z44.llvm.o.compile \
	  /usr/bin/clang -DOS_UNIX=1 -DOS_DOS=0 -DOS_MAC=0 -DDB_FIX=0 -DUSE_STAT=1 -DSAFE_DFT=0 -DCOLLATE=1 -DLIB_DIR=\"lout.lib\" -DFONT_DIR=\"font\" -DMAPS_DIR=\"maps\" -DINCL_DIR=\"include\" -DDATA_DIR=\"data\" -DHYPH_DIR=\"hyph\" -DLOCALE_DIR=\"locale\" -DCHAR_IN=1 -DCHAR_OUT=0 -DLOCALE_ON=1 -DASSERT_ON=1 -DDEBUG_ON=0  -DPDF_COMPRESSION=0 -D_FORTIFY_SOURCE=0 -I/home/ed/mcsema-testing/SANDBOX/test-2015-12-21_15-36-50/MultiSource/Benchmarks/MiBench/consumer-typeset -I/home/ed/mcsema-testing/llvm-test-suite/MultiSource/Benchmarks/MiBench/consumer-typeset -I/home/ed/mcsema-testing/llvm-test-suite/include -I../../../../include -D_GNU_SOURCE -D__STDC_LIMIT_MACROS -DNDEBUG  -O3  -m64 -fomit-frame-pointer -c /home/ed/mcsema-testing/llvm-test-suite/MultiSource/Benchmarks/MiBench/consumer-typeset/z44.c -o Output/z44.llvm.o
/home/ed/mcsema-testing/llvm-test-suite/RunSafely.sh --show-errors -t "/home/ed/mcsema-testing/SANDBOX/test-2015-12-21_15-36-50/tools/timeit" 500 /dev/null Output/z45.llvm.o.compile \
	  /usr/bin/clang -DOS_UNIX=1 -DOS_DOS=0 -DOS_MAC=0 -DDB_FIX=0 -DUSE_STAT=1 -DSAFE_DFT=0 -DCOLLATE=1 -DLIB_DIR=\"lout.lib\" -DFONT_DIR=\"font\" -DMAPS_DIR=\"maps\" -DINCL_DIR=\"include\" -DDATA_DIR=\"data\" -DHYPH_DIR=\"hyph\" -DLOCALE_DIR=\"locale\" -DCHAR_IN=1 -DCHAR_OUT=0 -DLOCALE_ON=1 -DASSERT_ON=1 -DDEBUG_ON=0  -DPDF_COMPRESSION=0 -D_FORTIFY_SOURCE=0 -I/home/ed/mcsema-testing/SANDBOX/test-2015-12-21_15-36-50/MultiSource/Benchmarks/MiBench/consumer-typeset -I/home/ed/mcsema-testing/llvm-test-suite/MultiSource/Benchmarks/MiBench/consumer-typeset -I/home/ed/mcsema-testing/llvm-test-suite/include -I../../../../include -D_GNU_SOURCE -D__STDC_LIMIT_MACROS -DNDEBUG  -O3  -m64 -fomit-frame-pointer -c /home/ed/mcsema-testing/llvm-test-suite/MultiSource/Benchmarks/MiBench/consumer-typeset/z45.c -o Output/z45.llvm.o
/home/ed/mcsema-testing/llvm-test-suite/RunSafely.sh --show-errors -t "/home/ed/mcsema-testing/SANDBOX/test-2015-12-21_15-36-50/tools/timeit" 500 /dev/null Output/z46.llvm.o.compile \
	  /usr/bin/clang -DOS_UNIX=1 -DOS_DOS=0 -DOS_MAC=0 -DDB_FIX=0 -DUSE_STAT=1 -DSAFE_DFT=0 -DCOLLATE=1 -DLIB_DIR=\"lout.lib\" -DFONT_DIR=\"font\" -DMAPS_DIR=\"maps\" -DINCL_DIR=\"include\" -DDATA_DIR=\"data\" -DHYPH_DIR=\"hyph\" -DLOCALE_DIR=\"locale\" -DCHAR_IN=1 -DCHAR_OUT=0 -DLOCALE_ON=1 -DASSERT_ON=1 -DDEBUG_ON=0  -DPDF_COMPRESSION=0 -D_FORTIFY_SOURCE=0 -I/home/ed/mcsema-testing/SANDBOX/test-2015-12-21_15-36-50/MultiSource/Benchmarks/MiBench/consumer-typeset -I/home/ed/mcsema-testing/llvm-test-suite/MultiSource/Benchmarks/MiBench/consumer-typeset -I/home/ed/mcsema-testing/llvm-test-suite/include -I../../../../include -D_GNU_SOURCE -D__STDC_LIMIT_MACROS -DNDEBUG  -O3  -m64 -fomit-frame-pointer -c /home/ed/mcsema-testing/llvm-test-suite/MultiSource/Benchmarks/MiBench/consumer-typeset/z46.c -o Output/z46.llvm.o
/home/ed/mcsema-testing/llvm-test-suite/RunSafely.sh --show-errors -t "/home/ed/mcsema-testing/SANDBOX/test-2015-12-21_15-36-50/tools/timeit" 500 /dev/null Output/z47.llvm.o.compile \
	  /usr/bin/clang -DOS_UNIX=1 -DOS_DOS=0 -DOS_MAC=0 -DDB_FIX=0 -DUSE_STAT=1 -DSAFE_DFT=0 -DCOLLATE=1 -DLIB_DIR=\"lout.lib\" -DFONT_DIR=\"font\" -DMAPS_DIR=\"maps\" -DINCL_DIR=\"include\" -DDATA_DIR=\"data\" -DHYPH_DIR=\"hyph\" -DLOCALE_DIR=\"locale\" -DCHAR_IN=1 -DCHAR_OUT=0 -DLOCALE_ON=1 -DASSERT_ON=1 -DDEBUG_ON=0  -DPDF_COMPRESSION=0 -D_FORTIFY_SOURCE=0 -I/home/ed/mcsema-testing/SANDBOX/test-2015-12-21_15-36-50/MultiSource/Benchmarks/MiBench/consumer-typeset -I/home/ed/mcsema-testing/llvm-test-suite/MultiSource/Benchmarks/MiBench/consumer-typeset -I/home/ed/mcsema-testing/llvm-test-suite/include -I../../../../include -D_GNU_SOURCE -D__STDC_LIMIT_MACROS -DNDEBUG  -O3  -m64 -fomit-frame-pointer -c /home/ed/mcsema-testing/llvm-test-suite/MultiSource/Benchmarks/MiBench/consumer-typeset/z47.c -o Output/z47.llvm.o
/home/ed/mcsema-testing/llvm-test-suite/RunSafely.sh --show-errors -t "/home/ed/mcsema-testing/SANDBOX/test-2015-12-21_15-36-50/tools/timeit" 500 /dev/null Output/z48.llvm.o.compile \
	  /usr/bin/clang -DOS_UNIX=1 -DOS_DOS=0 -DOS_MAC=0 -DDB_FIX=0 -DUSE_STAT=1 -DSAFE_DFT=0 -DCOLLATE=1 -DLIB_DIR=\"lout.lib\" -DFONT_DIR=\"font\" -DMAPS_DIR=\"maps\" -DINCL_DIR=\"include\" -DDATA_DIR=\"data\" -DHYPH_DIR=\"hyph\" -DLOCALE_DIR=\"locale\" -DCHAR_IN=1 -DCHAR_OUT=0 -DLOCALE_ON=1 -DASSERT_ON=1 -DDEBUG_ON=0  -DPDF_COMPRESSION=0 -D_FORTIFY_SOURCE=0 -I/home/ed/mcsema-testing/SANDBOX/test-2015-12-21_15-36-50/MultiSource/Benchmarks/MiBench/consumer-typeset -I/home/ed/mcsema-testing/llvm-test-suite/MultiSource/Benchmarks/MiBench/consumer-typeset -I/home/ed/mcsema-testing/llvm-test-suite/include -I../../../../include -D_GNU_SOURCE -D__STDC_LIMIT_MACROS -DNDEBUG  -O3  -m64 -fomit-frame-pointer -c /home/ed/mcsema-testing/llvm-test-suite/MultiSource/Benchmarks/MiBench/consumer-typeset/z48.c -o Output/z48.llvm.o
/home/ed/mcsema-testing/llvm-test-suite/RunSafely.sh --show-errors -t "/home/ed/mcsema-testing/SANDBOX/test-2015-12-21_15-36-50/tools/timeit" 500 /dev/null Output/z49.llvm.o.compile \
	  /usr/bin/clang -DOS_UNIX=1 -DOS_DOS=0 -DOS_MAC=0 -DDB_FIX=0 -DUSE_STAT=1 -DSAFE_DFT=0 -DCOLLATE=1 -DLIB_DIR=\"lout.lib\" -DFONT_DIR=\"font\" -DMAPS_DIR=\"maps\" -DINCL_DIR=\"include\" -DDATA_DIR=\"data\" -DHYPH_DIR=\"hyph\" -DLOCALE_DIR=\"locale\" -DCHAR_IN=1 -DCHAR_OUT=0 -DLOCALE_ON=1 -DASSERT_ON=1 -DDEBUG_ON=0  -DPDF_COMPRESSION=0 -D_FORTIFY_SOURCE=0 -I/home/ed/mcsema-testing/SANDBOX/test-2015-12-21_15-36-50/MultiSource/Benchmarks/MiBench/consumer-typeset -I/home/ed/mcsema-testing/llvm-test-suite/MultiSource/Benchmarks/MiBench/consumer-typeset -I/home/ed/mcsema-testing/llvm-test-suite/include -I../../../../include -D_GNU_SOURCE -D__STDC_LIMIT_MACROS -DNDEBUG  -O3  -m64 -fomit-frame-pointer -c /home/ed/mcsema-testing/llvm-test-suite/MultiSource/Benchmarks/MiBench/consumer-typeset/z49.c -o Output/z49.llvm.o
/home/ed/mcsema-testing/llvm-test-suite/RunSafely.sh --show-errors -t "/home/ed/mcsema-testing/SANDBOX/test-2015-12-21_15-36-50/tools/timeit" 500 /dev/null Output/z50.llvm.o.compile \
	  /usr/bin/clang -DOS_UNIX=1 -DOS_DOS=0 -DOS_MAC=0 -DDB_FIX=0 -DUSE_STAT=1 -DSAFE_DFT=0 -DCOLLATE=1 -DLIB_DIR=\"lout.lib\" -DFONT_DIR=\"font\" -DMAPS_DIR=\"maps\" -DINCL_DIR=\"include\" -DDATA_DIR=\"data\" -DHYPH_DIR=\"hyph\" -DLOCALE_DIR=\"locale\" -DCHAR_IN=1 -DCHAR_OUT=0 -DLOCALE_ON=1 -DASSERT_ON=1 -DDEBUG_ON=0  -DPDF_COMPRESSION=0 -D_FORTIFY_SOURCE=0 -I/home/ed/mcsema-testing/SANDBOX/test-2015-12-21_15-36-50/MultiSource/Benchmarks/MiBench/consumer-typeset -I/home/ed/mcsema-testing/llvm-test-suite/MultiSource/Benchmarks/MiBench/consumer-typeset -I/home/ed/mcsema-testing/llvm-test-suite/include -I../../../../include -D_GNU_SOURCE -D__STDC_LIMIT_MACROS -DNDEBUG  -O3  -m64 -fomit-frame-pointer -c /home/ed/mcsema-testing/llvm-test-suite/MultiSource/Benchmarks/MiBench/consumer-typeset/z50.c -o Output/z50.llvm.o
/home/ed/mcsema-testing/llvm-test-suite/RunSafely.sh --show-errors -t "/home/ed/mcsema-testing/SANDBOX/test-2015-12-21_15-36-50/tools/timeit" 500 /dev/null Output/z51.llvm.o.compile \
	  /usr/bin/clang -DOS_UNIX=1 -DOS_DOS=0 -DOS_MAC=0 -DDB_FIX=0 -DUSE_STAT=1 -DSAFE_DFT=0 -DCOLLATE=1 -DLIB_DIR=\"lout.lib\" -DFONT_DIR=\"font\" -DMAPS_DIR=\"maps\" -DINCL_DIR=\"include\" -DDATA_DIR=\"data\" -DHYPH_DIR=\"hyph\" -DLOCALE_DIR=\"locale\" -DCHAR_IN=1 -DCHAR_OUT=0 -DLOCALE_ON=1 -DASSERT_ON=1 -DDEBUG_ON=0  -DPDF_COMPRESSION=0 -D_FORTIFY_SOURCE=0 -I/home/ed/mcsema-testing/SANDBOX/test-2015-12-21_15-36-50/MultiSource/Benchmarks/MiBench/consumer-typeset -I/home/ed/mcsema-testing/llvm-test-suite/MultiSource/Benchmarks/MiBench/consumer-typeset -I/home/ed/mcsema-testing/llvm-test-suite/include -I../../../../include -D_GNU_SOURCE -D__STDC_LIMIT_MACROS -DNDEBUG  -O3  -m64 -fomit-frame-pointer -c /home/ed/mcsema-testing/llvm-test-suite/MultiSource/Benchmarks/MiBench/consumer-typeset/z51.c -o Output/z51.llvm.o
/usr/bin/clang++ -o Output/consumer-typeset.simple Output/z01.llvm.o Output/z02.llvm.o Output/z03.llvm.o Output/z04.llvm.o Output/z05.llvm.o Output/z06.llvm.o Output/z07.llvm.o Output/z08.llvm.o Output/z09.llvm.o Output/z10.llvm.o Output/z11.llvm.o Output/z12.llvm.o Output/z13.llvm.o Output/z14.llvm.o Output/z15.llvm.o Output/z16.llvm.o Output/z17.llvm.o Output/z18.llvm.o Output/z19.llvm.o Output/z20.llvm.o Output/z21.llvm.o Output/z22.llvm.o Output/z23.llvm.o Output/z24.llvm.o Output/z25.llvm.o Output/z26.llvm.o Output/z27.llvm.o Output/z28.llvm.o Output/z29.llvm.o Output/z30.llvm.o Output/z31.llvm.o Output/z32.llvm.o Output/z33.llvm.o Output/z34.llvm.o Output/z35.llvm.o Output/z36.llvm.o Output/z37.llvm.o Output/z38.llvm.o Output/z39.llvm.o Output/z40.llvm.o Output/z41.llvm.o Output/z42.llvm.o Output/z43.llvm.o Output/z44.llvm.o Output/z45.llvm.o Output/z46.llvm.o Output/z47.llvm.o Output/z48.llvm.o Output/z49.llvm.o Output/z50.llvm.o Output/z51.llvm.o -lm   -m64 -fomit-frame-pointer
/home/ed/mcsema-testing/llvm-test-suite/RunSafely.sh -t "/home/ed/mcsema-testing/SANDBOX/test-2015-12-21_15-36-50/tools/timeit-target" 500 /dev/null Output/consumer-typeset.out-simple Output/consumer-typeset.simple -x -I /home/ed/mcsema-testing/llvm-test-suite/MultiSource/Benchmarks/MiBench/consumer-typeset/data/include -D /home/ed/mcsema-testing/llvm-test-suite/MultiSource/Benchmarks/MiBench/consumer-typeset/data/data -F /home/ed/mcsema-testing/llvm-test-suite/MultiSource/Benchmarks/MiBench/consumer-typeset/data/font -C /home/ed/mcsema-testing/llvm-test-suite/MultiSource/Benchmarks/MiBench/consumer-typeset/data/maps -H /home/ed/mcsema-testing/llvm-test-suite/MultiSource/Benchmarks/MiBench/consumer-typeset/data/hyph /home/ed/mcsema-testing/llvm-test-suite/MultiSource/Benchmarks/MiBench/consumer-typeset/large.lout
cp Output/consumer-typeset.simple Output/consumer-typeset.simple-hash; \
	strip --remove-section=.comment --remove-section='.note*' Output/consumer-typeset.simple-hash; \
	/home/ed/mcsema-testing/llvm-test-suite/HashProgramOutput.sh Output/consumer-typeset.simple-hash
if [ -f "/home/ed/mcsema-testing/llvm-test-suite/MultiSource/Benchmarks/MiBench/consumer-typeset/consumer-typeset.reference_output.little-endian." ]; then \
	  cp /home/ed/mcsema-testing/llvm-test-suite/MultiSource/Benchmarks/MiBench/consumer-typeset/consumer-typeset.reference_output.little-endian. Output/consumer-typeset.out-nat; \
	elif [ -f "/home/ed/mcsema-testing/llvm-test-suite/MultiSource/Benchmarks/MiBench/consumer-typeset/consumer-typeset.reference_output." ]; then \
	  cp /home/ed/mcsema-testing/llvm-test-suite/MultiSource/Benchmarks/MiBench/consumer-typeset/consumer-typeset.reference_output. Output/consumer-typeset.out-nat; \
	elif [ -f "/home/ed/mcsema-testing/llvm-test-suite/MultiSource/Benchmarks/MiBench/consumer-typeset/consumer-typeset.reference_output.little-endian" ]; then \
	  cp /home/ed/mcsema-testing/llvm-test-suite/MultiSource/Benchmarks/MiBench/consumer-typeset/consumer-typeset.reference_output.little-endian Output/consumer-typeset.out-nat; \
	elif [ -f "/home/ed/mcsema-testing/llvm-test-suite/MultiSource/Benchmarks/MiBench/consumer-typeset/consumer-typeset.reference_output" ]; then \
	  cp /home/ed/mcsema-testing/llvm-test-suite/MultiSource/Benchmarks/MiBench/consumer-typeset/consumer-typeset.reference_output Output/consumer-typeset.out-nat; \
	else \
	  printf "WARNING: %s: %s\n" "NO REFERENCE OUTPUT (using default)" "/home/ed/mcsema-testing/llvm-test-suite/MultiSource/Benchmarks/MiBench/consumer-typeset/consumer-typeset.reference_output" > Output/consumer-typeset.out-nat; \
	  cp /home/ed/mcsema-testing/llvm-test-suite/default.reference_output Output/consumer-typeset.out-nat; \
	  cat Output/consumer-typeset.out-nat; \
	fi
# Pretend that the reference output was produced instantaneously.
cp /home/ed/mcsema-testing/llvm-test-suite/instant.txt Output/consumer-typeset.out-nat.time
/home/ed/mcsema-testing/llvm-test-suite/DiffOutput.sh "/home/ed/mcsema-testing/SANDBOX/test-2015-12-21_15-36-50/tools/fpcmp " simple consumer-typeset 
rm -f Output/consumer-typeset.exe-simple
cp Output/consumer-typeset.diff-simple Output/consumer-typeset.exe-simple
if test -f Output/consumer-typeset.extra-results.txt; then \
	  /home/ed/mcsema-testing/llvm-test-suite/ParseMultipleResults /home/ed/mcsema-testing/SANDBOX/test-2015-12-21_15-36-50/MultiSource/Benchmarks/MiBench/consumer-typeset/consumer-typeset Output/consumer-typeset.extra-results.txt >> Output/consumer-typeset.simple.exec.report.txt; \
	fi
cat Output/consumer-typeset.simple.compile.report.txt Output/consumer-typeset.simple.exec.report.txt >> Output/consumer-typeset.simple.report.txt
---------------------------------------------------------------
>>> ========= '/home/ed/mcsema-testing/SANDBOX/test-2015-12-21_15-36-50/MultiSource/Benchmarks/MiBench/consumer-typeset/consumer-typeset' Program
---------------------------------------------------------------

TEST-PASS: compile /home/ed/mcsema-testing/SANDBOX/test-2015-12-21_15-36-50/MultiSource/Benchmarks/MiBench/consumer-typeset/consumer-typeset
TEST-RESULT-compile-success: pass
TEST-RESULT-compile-hash: 2bcba47e9867409c2ae19015a7b4885d
TEST-RESULT-compile-time: user 8.884000
TEST-RESULT-compile-real-time: real 10.154900

TEST-PASS: exec /home/ed/mcsema-testing/SANDBOX/test-2015-12-21_15-36-50/MultiSource/Benchmarks/MiBench/consumer-typeset/consumer-typeset
TEST-RESULT-exec-success: pass
TEST-RESULT-exec-time: user       0.1248
TEST-RESULT-exec-real-time: real       0.1956
make[5]: Leaving directory `/home/ed/mcsema-testing/SANDBOX/test-2015-12-21_15-36-50/MultiSource/Benchmarks/MiBench/consumer-typeset'
make[5]: Entering directory `/home/ed/mcsema-testing/SANDBOX/test-2015-12-21_15-36-50/MultiSource/Benchmarks/MiBench/network-dijkstra'
/home/ed/mcsema-testing/llvm-test-suite/RunSafely.sh --show-errors -t "/home/ed/mcsema-testing/SANDBOX/test-2015-12-21_15-36-50/tools/timeit" 500 /dev/null Output/dijkstra.llvm.o.compile \
	  /usr/bin/clang -I/home/ed/mcsema-testing/SANDBOX/test-2015-12-21_15-36-50/MultiSource/Benchmarks/MiBench/network-dijkstra -I/home/ed/mcsema-testing/llvm-test-suite/MultiSource/Benchmarks/MiBench/network-dijkstra -I/home/ed/mcsema-testing/llvm-test-suite/include -I../../../../include -D_GNU_SOURCE -D__STDC_LIMIT_MACROS -DNDEBUG  -O3  -m64 -fomit-frame-pointer -c /home/ed/mcsema-testing/llvm-test-suite/MultiSource/Benchmarks/MiBench/network-dijkstra/dijkstra.c -o Output/dijkstra.llvm.o
/usr/bin/clang++ -o Output/network-dijkstra.simple Output/dijkstra.llvm.o -lm   -m64 -fomit-frame-pointer
/home/ed/mcsema-testing/llvm-test-suite/RunSafely.sh -t "/home/ed/mcsema-testing/SANDBOX/test-2015-12-21_15-36-50/tools/timeit-target" 500 /dev/null Output/network-dijkstra.out-simple Output/network-dijkstra.simple /home/ed/mcsema-testing/llvm-test-suite/MultiSource/Benchmarks/MiBench/network-dijkstra/input.dat
cp Output/network-dijkstra.simple Output/network-dijkstra.simple-hash; \
	strip --remove-section=.comment --remove-section='.note*' Output/network-dijkstra.simple-hash; \
	/home/ed/mcsema-testing/llvm-test-suite/HashProgramOutput.sh Output/network-dijkstra.simple-hash
if [ -f "/home/ed/mcsema-testing/llvm-test-suite/MultiSource/Benchmarks/MiBench/network-dijkstra/network-dijkstra.reference_output.little-endian." ]; then \
	  cp /home/ed/mcsema-testing/llvm-test-suite/MultiSource/Benchmarks/MiBench/network-dijkstra/network-dijkstra.reference_output.little-endian. Output/network-dijkstra.out-nat; \
	elif [ -f "/home/ed/mcsema-testing/llvm-test-suite/MultiSource/Benchmarks/MiBench/network-dijkstra/network-dijkstra.reference_output." ]; then \
	  cp /home/ed/mcsema-testing/llvm-test-suite/MultiSource/Benchmarks/MiBench/network-dijkstra/network-dijkstra.reference_output. Output/network-dijkstra.out-nat; \
	elif [ -f "/home/ed/mcsema-testing/llvm-test-suite/MultiSource/Benchmarks/MiBench/network-dijkstra/network-dijkstra.reference_output.little-endian" ]; then \
	  cp /home/ed/mcsema-testing/llvm-test-suite/MultiSource/Benchmarks/MiBench/network-dijkstra/network-dijkstra.reference_output.little-endian Output/network-dijkstra.out-nat; \
	elif [ -f "/home/ed/mcsema-testing/llvm-test-suite/MultiSource/Benchmarks/MiBench/network-dijkstra/network-dijkstra.reference_output" ]; then \
	  cp /home/ed/mcsema-testing/llvm-test-suite/MultiSource/Benchmarks/MiBench/network-dijkstra/network-dijkstra.reference_output Output/network-dijkstra.out-nat; \
	else \
	  printf "WARNING: %s: %s\n" "NO REFERENCE OUTPUT (using default)" "/home/ed/mcsema-testing/llvm-test-suite/MultiSource/Benchmarks/MiBench/network-dijkstra/network-dijkstra.reference_output" > Output/network-dijkstra.out-nat; \
	  cp /home/ed/mcsema-testing/llvm-test-suite/default.reference_output Output/network-dijkstra.out-nat; \
	  cat Output/network-dijkstra.out-nat; \
	fi
# Pretend that the reference output was produced instantaneously.
cp /home/ed/mcsema-testing/llvm-test-suite/instant.txt Output/network-dijkstra.out-nat.time
/home/ed/mcsema-testing/llvm-test-suite/DiffOutput.sh "/home/ed/mcsema-testing/SANDBOX/test-2015-12-21_15-36-50/tools/fpcmp " simple network-dijkstra 
rm -f Output/network-dijkstra.exe-simple
cp Output/network-dijkstra.diff-simple Output/network-dijkstra.exe-simple
if test -f Output/network-dijkstra.extra-results.txt; then \
	  /home/ed/mcsema-testing/llvm-test-suite/ParseMultipleResults /home/ed/mcsema-testing/SANDBOX/test-2015-12-21_15-36-50/MultiSource/Benchmarks/MiBench/network-dijkstra/network-dijkstra Output/network-dijkstra.extra-results.txt >> Output/network-dijkstra.simple.exec.report.txt; \
	fi
cat Output/network-dijkstra.simple.compile.report.txt Output/network-dijkstra.simple.exec.report.txt >> Output/network-dijkstra.simple.report.txt
---------------------------------------------------------------
>>> ========= '/home/ed/mcsema-testing/SANDBOX/test-2015-12-21_15-36-50/MultiSource/Benchmarks/MiBench/network-dijkstra/network-dijkstra' Program
---------------------------------------------------------------

TEST-PASS: compile /home/ed/mcsema-testing/SANDBOX/test-2015-12-21_15-36-50/MultiSource/Benchmarks/MiBench/network-dijkstra/network-dijkstra
TEST-RESULT-compile-success: pass
TEST-RESULT-compile-hash: 21dcd847368a22514f0a8c9f8da3aaef
TEST-RESULT-compile-time: user 0.041400
TEST-RESULT-compile-real-time: real 0.057100

TEST-PASS: exec /home/ed/mcsema-testing/SANDBOX/test-2015-12-21_15-36-50/MultiSource/Benchmarks/MiBench/network-dijkstra/network-dijkstra
TEST-RESULT-exec-success: pass
TEST-RESULT-exec-time: user       0.0299
TEST-RESULT-exec-real-time: real       0.0496
make[5]: Leaving directory `/home/ed/mcsema-testing/SANDBOX/test-2015-12-21_15-36-50/MultiSource/Benchmarks/MiBench/network-dijkstra'
make[5]: Entering directory `/home/ed/mcsema-testing/SANDBOX/test-2015-12-21_15-36-50/MultiSource/Benchmarks/MiBench/network-patricia'
/home/ed/mcsema-testing/llvm-test-suite/RunSafely.sh --show-errors -t "/home/ed/mcsema-testing/SANDBOX/test-2015-12-21_15-36-50/tools/timeit" 500 /dev/null Output/patricia.llvm.o.compile \
	  /usr/bin/clang -I/home/ed/mcsema-testing/SANDBOX/test-2015-12-21_15-36-50/MultiSource/Benchmarks/MiBench/network-patricia -I/home/ed/mcsema-testing/llvm-test-suite/MultiSource/Benchmarks/MiBench/network-patricia -I/home/ed/mcsema-testing/llvm-test-suite/include -I../../../../include -D_GNU_SOURCE -D__STDC_LIMIT_MACROS -DNDEBUG  -O3  -m64 -fomit-frame-pointer -c /home/ed/mcsema-testing/llvm-test-suite/MultiSource/Benchmarks/MiBench/network-patricia/patricia.c -o Output/patricia.llvm.o
/home/ed/mcsema-testing/llvm-test-suite/RunSafely.sh --show-errors -t "/home/ed/mcsema-testing/SANDBOX/test-2015-12-21_15-36-50/tools/timeit" 500 /dev/null Output/patricia_test.llvm.o.compile \
	  /usr/bin/clang -I/home/ed/mcsema-testing/SANDBOX/test-2015-12-21_15-36-50/MultiSource/Benchmarks/MiBench/network-patricia -I/home/ed/mcsema-testing/llvm-test-suite/MultiSource/Benchmarks/MiBench/network-patricia -I/home/ed/mcsema-testing/llvm-test-suite/include -I../../../../include -D_GNU_SOURCE -D__STDC_LIMIT_MACROS -DNDEBUG  -O3  -m64 -fomit-frame-pointer -c /home/ed/mcsema-testing/llvm-test-suite/MultiSource/Benchmarks/MiBench/network-patricia/patricia_test.c -o Output/patricia_test.llvm.o
/usr/bin/clang++ -o Output/network-patricia.simple Output/patricia.llvm.o Output/patricia_test.llvm.o -lm   -m64 -fomit-frame-pointer
/home/ed/mcsema-testing/llvm-test-suite/RunSafely.sh -t "/home/ed/mcsema-testing/SANDBOX/test-2015-12-21_15-36-50/tools/timeit-target" 500 /dev/null Output/network-patricia.out-simple Output/network-patricia.simple /home/ed/mcsema-testing/llvm-test-suite/MultiSource/Benchmarks/MiBench/network-patricia/large.udp
/home/ed/mcsema-testing/llvm-test-suite/HashProgramOutput.sh Output/network-patricia.out-simple
cp Output/network-patricia.simple Output/network-patricia.simple-hash; \
	strip --remove-section=.comment --remove-section='.note*' Output/network-patricia.simple-hash; \
	/home/ed/mcsema-testing/llvm-test-suite/HashProgramOutput.sh Output/network-patricia.simple-hash
if [ -f "/home/ed/mcsema-testing/llvm-test-suite/MultiSource/Benchmarks/MiBench/network-patricia/network-patricia.reference_output.little-endian." ]; then \
	  cp /home/ed/mcsema-testing/llvm-test-suite/MultiSource/Benchmarks/MiBench/network-patricia/network-patricia.reference_output.little-endian. Output/network-patricia.out-nat; \
	elif [ -f "/home/ed/mcsema-testing/llvm-test-suite/MultiSource/Benchmarks/MiBench/network-patricia/network-patricia.reference_output." ]; then \
	  cp /home/ed/mcsema-testing/llvm-test-suite/MultiSource/Benchmarks/MiBench/network-patricia/network-patricia.reference_output. Output/network-patricia.out-nat; \
	elif [ -f "/home/ed/mcsema-testing/llvm-test-suite/MultiSource/Benchmarks/MiBench/network-patricia/network-patricia.reference_output.little-endian" ]; then \
	  cp /home/ed/mcsema-testing/llvm-test-suite/MultiSource/Benchmarks/MiBench/network-patricia/network-patricia.reference_output.little-endian Output/network-patricia.out-nat; \
	elif [ -f "/home/ed/mcsema-testing/llvm-test-suite/MultiSource/Benchmarks/MiBench/network-patricia/network-patricia.reference_output" ]; then \
	  cp /home/ed/mcsema-testing/llvm-test-suite/MultiSource/Benchmarks/MiBench/network-patricia/network-patricia.reference_output Output/network-patricia.out-nat; \
	else \
	  printf "WARNING: %s: %s\n" "NO REFERENCE OUTPUT (using default)" "/home/ed/mcsema-testing/llvm-test-suite/MultiSource/Benchmarks/MiBench/network-patricia/network-patricia.reference_output" > Output/network-patricia.out-nat; \
	  cp /home/ed/mcsema-testing/llvm-test-suite/default.reference_output Output/network-patricia.out-nat; \
	  cat Output/network-patricia.out-nat; \
	fi
# Pretend that the reference output was produced instantaneously.
cp /home/ed/mcsema-testing/llvm-test-suite/instant.txt Output/network-patricia.out-nat.time
/home/ed/mcsema-testing/llvm-test-suite/DiffOutput.sh "/home/ed/mcsema-testing/SANDBOX/test-2015-12-21_15-36-50/tools/fpcmp " simple network-patricia 
rm -f Output/network-patricia.exe-simple
cp Output/network-patricia.diff-simple Output/network-patricia.exe-simple
if test -f Output/network-patricia.extra-results.txt; then \
	  /home/ed/mcsema-testing/llvm-test-suite/ParseMultipleResults /home/ed/mcsema-testing/SANDBOX/test-2015-12-21_15-36-50/MultiSource/Benchmarks/MiBench/network-patricia/network-patricia Output/network-patricia.extra-results.txt >> Output/network-patricia.simple.exec.report.txt; \
	fi
cat Output/network-patricia.simple.compile.report.txt Output/network-patricia.simple.exec.report.txt >> Output/network-patricia.simple.report.txt
---------------------------------------------------------------
>>> ========= '/home/ed/mcsema-testing/SANDBOX/test-2015-12-21_15-36-50/MultiSource/Benchmarks/MiBench/network-patricia/network-patricia' Program
---------------------------------------------------------------

TEST-PASS: compile /home/ed/mcsema-testing/SANDBOX/test-2015-12-21_15-36-50/MultiSource/Benchmarks/MiBench/network-patricia/network-patricia
TEST-RESULT-compile-success: pass
TEST-RESULT-compile-hash: 4ac2284c845ae7f556c26056f0b34233
TEST-RESULT-compile-time: user 0.085900
TEST-RESULT-compile-real-time: real 0.153600

TEST-PASS: exec /home/ed/mcsema-testing/SANDBOX/test-2015-12-21_15-36-50/MultiSource/Benchmarks/MiBench/network-patricia/network-patricia
TEST-RESULT-exec-success: pass
TEST-RESULT-exec-time: user       0.0872
TEST-RESULT-exec-real-time: real       0.1173
make[5]: Leaving directory `/home/ed/mcsema-testing/SANDBOX/test-2015-12-21_15-36-50/MultiSource/Benchmarks/MiBench/network-patricia'
make[5]: Entering directory `/home/ed/mcsema-testing/SANDBOX/test-2015-12-21_15-36-50/MultiSource/Benchmarks/MiBench/office-ispell'
/home/ed/mcsema-testing/llvm-test-suite/RunSafely.sh --show-errors -t "/home/ed/mcsema-testing/SANDBOX/test-2015-12-21_15-36-50/tools/timeit" 500 /dev/null Output/correct.llvm.o.compile \
	  /usr/bin/clang -Dconst= -I/home/ed/mcsema-testing/SANDBOX/test-2015-12-21_15-36-50/MultiSource/Benchmarks/MiBench/office-ispell -I/home/ed/mcsema-testing/llvm-test-suite/MultiSource/Benchmarks/MiBench/office-ispell -I/home/ed/mcsema-testing/llvm-test-suite/include -I../../../../include -D_GNU_SOURCE -D__STDC_LIMIT_MACROS -DNDEBUG  -O3  -m64 -fomit-frame-pointer -c /home/ed/mcsema-testing/llvm-test-suite/MultiSource/Benchmarks/MiBench/office-ispell/correct.c -o Output/correct.llvm.o
/home/ed/mcsema-testing/llvm-test-suite/RunSafely.sh --show-errors -t "/home/ed/mcsema-testing/SANDBOX/test-2015-12-21_15-36-50/tools/timeit" 500 /dev/null Output/defmt.llvm.o.compile \
	  /usr/bin/clang -Dconst= -I/home/ed/mcsema-testing/SANDBOX/test-2015-12-21_15-36-50/MultiSource/Benchmarks/MiBench/office-ispell -I/home/ed/mcsema-testing/llvm-test-suite/MultiSource/Benchmarks/MiBench/office-ispell -I/home/ed/mcsema-testing/llvm-test-suite/include -I../../../../include -D_GNU_SOURCE -D__STDC_LIMIT_MACROS -DNDEBUG  -O3  -m64 -fomit-frame-pointer -c /home/ed/mcsema-testing/llvm-test-suite/MultiSource/Benchmarks/MiBench/office-ispell/defmt.c -o Output/defmt.llvm.o
/home/ed/mcsema-testing/llvm-test-suite/RunSafely.sh --show-errors -t "/home/ed/mcsema-testing/SANDBOX/test-2015-12-21_15-36-50/tools/timeit" 500 /dev/null Output/dump.llvm.o.compile \
	  /usr/bin/clang -Dconst= -I/home/ed/mcsema-testing/SANDBOX/test-2015-12-21_15-36-50/MultiSource/Benchmarks/MiBench/office-ispell -I/home/ed/mcsema-testing/llvm-test-suite/MultiSource/Benchmarks/MiBench/office-ispell -I/home/ed/mcsema-testing/llvm-test-suite/include -I../../../../include -D_GNU_SOURCE -D__STDC_LIMIT_MACROS -DNDEBUG  -O3  -m64 -fomit-frame-pointer -c /home/ed/mcsema-testing/llvm-test-suite/MultiSource/Benchmarks/MiBench/office-ispell/dump.c -o Output/dump.llvm.o
/home/ed/mcsema-testing/llvm-test-suite/RunSafely.sh --show-errors -t "/home/ed/mcsema-testing/SANDBOX/test-2015-12-21_15-36-50/tools/timeit" 500 /dev/null Output/good.llvm.o.compile \
	  /usr/bin/clang -Dconst= -I/home/ed/mcsema-testing/SANDBOX/test-2015-12-21_15-36-50/MultiSource/Benchmarks/MiBench/office-ispell -I/home/ed/mcsema-testing/llvm-test-suite/MultiSource/Benchmarks/MiBench/office-ispell -I/home/ed/mcsema-testing/llvm-test-suite/include -I../../../../include -D_GNU_SOURCE -D__STDC_LIMIT_MACROS -DNDEBUG  -O3  -m64 -fomit-frame-pointer -c /home/ed/mcsema-testing/llvm-test-suite/MultiSource/Benchmarks/MiBench/office-ispell/good.c -o Output/good.llvm.o
/home/ed/mcsema-testing/llvm-test-suite/RunSafely.sh --show-errors -t "/home/ed/mcsema-testing/SANDBOX/test-2015-12-21_15-36-50/tools/timeit" 500 /dev/null Output/hash.llvm.o.compile \
	  /usr/bin/clang -Dconst= -I/home/ed/mcsema-testing/SANDBOX/test-2015-12-21_15-36-50/MultiSource/Benchmarks/MiBench/office-ispell -I/home/ed/mcsema-testing/llvm-test-suite/MultiSource/Benchmarks/MiBench/office-ispell -I/home/ed/mcsema-testing/llvm-test-suite/include -I../../../../include -D_GNU_SOURCE -D__STDC_LIMIT_MACROS -DNDEBUG  -O3  -m64 -fomit-frame-pointer -c /home/ed/mcsema-testing/llvm-test-suite/MultiSource/Benchmarks/MiBench/office-ispell/hash.c -o Output/hash.llvm.o
/home/ed/mcsema-testing/llvm-test-suite/RunSafely.sh --show-errors -t "/home/ed/mcsema-testing/SANDBOX/test-2015-12-21_15-36-50/tools/timeit" 500 /dev/null Output/ispell.llvm.o.compile \
	  /usr/bin/clang -Dconst= -I/home/ed/mcsema-testing/SANDBOX/test-2015-12-21_15-36-50/MultiSource/Benchmarks/MiBench/office-ispell -I/home/ed/mcsema-testing/llvm-test-suite/MultiSource/Benchmarks/MiBench/office-ispell -I/home/ed/mcsema-testing/llvm-test-suite/include -I../../../../include -D_GNU_SOURCE -D__STDC_LIMIT_MACROS -DNDEBUG  -O3  -m64 -fomit-frame-pointer -c /home/ed/mcsema-testing/llvm-test-suite/MultiSource/Benchmarks/MiBench/office-ispell/ispell.c -o Output/ispell.llvm.o
/home/ed/mcsema-testing/llvm-test-suite/RunSafely.sh --show-errors -t "/home/ed/mcsema-testing/SANDBOX/test-2015-12-21_15-36-50/tools/timeit" 500 /dev/null Output/lookup.llvm.o.compile \
	  /usr/bin/clang -Dconst= -I/home/ed/mcsema-testing/SANDBOX/test-2015-12-21_15-36-50/MultiSource/Benchmarks/MiBench/office-ispell -I/home/ed/mcsema-testing/llvm-test-suite/MultiSource/Benchmarks/MiBench/office-ispell -I/home/ed/mcsema-testing/llvm-test-suite/include -I../../../../include -D_GNU_SOURCE -D__STDC_LIMIT_MACROS -DNDEBUG  -O3  -m64 -fomit-frame-pointer -c /home/ed/mcsema-testing/llvm-test-suite/MultiSource/Benchmarks/MiBench/office-ispell/lookup.c -o Output/lookup.llvm.o
/home/ed/mcsema-testing/llvm-test-suite/RunSafely.sh --show-errors -t "/home/ed/mcsema-testing/SANDBOX/test-2015-12-21_15-36-50/tools/timeit" 500 /dev/null Output/makedent.llvm.o.compile \
	  /usr/bin/clang -Dconst= -I/home/ed/mcsema-testing/SANDBOX/test-2015-12-21_15-36-50/MultiSource/Benchmarks/MiBench/office-ispell -I/home/ed/mcsema-testing/llvm-test-suite/MultiSource/Benchmarks/MiBench/office-ispell -I/home/ed/mcsema-testing/llvm-test-suite/include -I../../../../include -D_GNU_SOURCE -D__STDC_LIMIT_MACROS -DNDEBUG  -O3  -m64 -fomit-frame-pointer -c /home/ed/mcsema-testing/llvm-test-suite/MultiSource/Benchmarks/MiBench/office-ispell/makedent.c -o Output/makedent.llvm.o
/home/ed/mcsema-testing/llvm-test-suite/RunSafely.sh --show-errors -t "/home/ed/mcsema-testing/SANDBOX/test-2015-12-21_15-36-50/tools/timeit" 500 /dev/null Output/term.llvm.o.compile \
	  /usr/bin/clang -Dconst= -I/home/ed/mcsema-testing/SANDBOX/test-2015-12-21_15-36-50/MultiSource/Benchmarks/MiBench/office-ispell -I/home/ed/mcsema-testing/llvm-test-suite/MultiSource/Benchmarks/MiBench/office-ispell -I/home/ed/mcsema-testing/llvm-test-suite/include -I../../../../include -D_GNU_SOURCE -D__STDC_LIMIT_MACROS -DNDEBUG  -O3  -m64 -fomit-frame-pointer -c /home/ed/mcsema-testing/llvm-test-suite/MultiSource/Benchmarks/MiBench/office-ispell/term.c -o Output/term.llvm.o
/home/ed/mcsema-testing/llvm-test-suite/RunSafely.sh --show-errors -t "/home/ed/mcsema-testing/SANDBOX/test-2015-12-21_15-36-50/tools/timeit" 500 /dev/null Output/tgood.llvm.o.compile \
	  /usr/bin/clang -Dconst= -I/home/ed/mcsema-testing/SANDBOX/test-2015-12-21_15-36-50/MultiSource/Benchmarks/MiBench/office-ispell -I/home/ed/mcsema-testing/llvm-test-suite/MultiSource/Benchmarks/MiBench/office-ispell -I/home/ed/mcsema-testing/llvm-test-suite/include -I../../../../include -D_GNU_SOURCE -D__STDC_LIMIT_MACROS -DNDEBUG  -O3  -m64 -fomit-frame-pointer -c /home/ed/mcsema-testing/llvm-test-suite/MultiSource/Benchmarks/MiBench/office-ispell/tgood.c -o Output/tgood.llvm.o
/home/ed/mcsema-testing/llvm-test-suite/RunSafely.sh --show-errors -t "/home/ed/mcsema-testing/SANDBOX/test-2015-12-21_15-36-50/tools/timeit" 500 /dev/null Output/tree.llvm.o.compile \
	  /usr/bin/clang -Dconst= -I/home/ed/mcsema-testing/SANDBOX/test-2015-12-21_15-36-50/MultiSource/Benchmarks/MiBench/office-ispell -I/home/ed/mcsema-testing/llvm-test-suite/MultiSource/Benchmarks/MiBench/office-ispell -I/home/ed/mcsema-testing/llvm-test-suite/include -I../../../../include -D_GNU_SOURCE -D__STDC_LIMIT_MACROS -DNDEBUG  -O3  -m64 -fomit-frame-pointer -c /home/ed/mcsema-testing/llvm-test-suite/MultiSource/Benchmarks/MiBench/office-ispell/tree.c -o Output/tree.llvm.o
/home/ed/mcsema-testing/llvm-test-suite/RunSafely.sh --show-errors -t "/home/ed/mcsema-testing/SANDBOX/test-2015-12-21_15-36-50/tools/timeit" 500 /dev/null Output/xgets.llvm.o.compile \
	  /usr/bin/clang -Dconst= -I/home/ed/mcsema-testing/SANDBOX/test-2015-12-21_15-36-50/MultiSource/Benchmarks/MiBench/office-ispell -I/home/ed/mcsema-testing/llvm-test-suite/MultiSource/Benchmarks/MiBench/office-ispell -I/home/ed/mcsema-testing/llvm-test-suite/include -I../../../../include -D_GNU_SOURCE -D__STDC_LIMIT_MACROS -DNDEBUG  -O3  -m64 -fomit-frame-pointer -c /home/ed/mcsema-testing/llvm-test-suite/MultiSource/Benchmarks/MiBench/office-ispell/xgets.c -o Output/xgets.llvm.o
/usr/bin/clang++ -o Output/office-ispell.simple Output/correct.llvm.o Output/defmt.llvm.o Output/dump.llvm.o Output/good.llvm.o Output/hash.llvm.o Output/ispell.llvm.o Output/lookup.llvm.o Output/makedent.llvm.o Output/term.llvm.o Output/tgood.llvm.o Output/tree.llvm.o Output/xgets.llvm.o -lm   -m64 -fomit-frame-pointer
Output/ispell.llvm.o: In function `main':
/home/ed/mcsema-testing/llvm-test-suite/MultiSource/Benchmarks/MiBench/office-ispell/ispell.c:(.text+0x13ef): warning: the use of `mktemp' is dangerous, better use `mkstemp' or `mkdtemp'
/home/ed/mcsema-testing/llvm-test-suite/RunSafely.sh -t "/home/ed/mcsema-testing/SANDBOX/test-2015-12-21_15-36-50/tools/timeit-target" 500 /home/ed/mcsema-testing/llvm-test-suite/MultiSource/Benchmarks/MiBench/office-ispell/large.txt Output/office-ispell.out-simple Output/office-ispell.simple -a -d /home/ed/mcsema-testing/llvm-test-suite/MultiSource/Benchmarks/MiBench/office-ispell/americanmed+
cp Output/office-ispell.simple Output/office-ispell.simple-hash; \
	strip --remove-section=.comment --remove-section='.note*' Output/office-ispell.simple-hash; \
	/home/ed/mcsema-testing/llvm-test-suite/HashProgramOutput.sh Output/office-ispell.simple-hash
if [ -f "/home/ed/mcsema-testing/llvm-test-suite/MultiSource/Benchmarks/MiBench/office-ispell/office-ispell.reference_output.little-endian." ]; then \
	  cp /home/ed/mcsema-testing/llvm-test-suite/MultiSource/Benchmarks/MiBench/office-ispell/office-ispell.reference_output.little-endian. Output/office-ispell.out-nat; \
	elif [ -f "/home/ed/mcsema-testing/llvm-test-suite/MultiSource/Benchmarks/MiBench/office-ispell/office-ispell.reference_output." ]; then \
	  cp /home/ed/mcsema-testing/llvm-test-suite/MultiSource/Benchmarks/MiBench/office-ispell/office-ispell.reference_output. Output/office-ispell.out-nat; \
	elif [ -f "/home/ed/mcsema-testing/llvm-test-suite/MultiSource/Benchmarks/MiBench/office-ispell/office-ispell.reference_output.little-endian" ]; then \
	  cp /home/ed/mcsema-testing/llvm-test-suite/MultiSource/Benchmarks/MiBench/office-ispell/office-ispell.reference_output.little-endian Output/office-ispell.out-nat; \
	elif [ -f "/home/ed/mcsema-testing/llvm-test-suite/MultiSource/Benchmarks/MiBench/office-ispell/office-ispell.reference_output" ]; then \
	  cp /home/ed/mcsema-testing/llvm-test-suite/MultiSource/Benchmarks/MiBench/office-ispell/office-ispell.reference_output Output/office-ispell.out-nat; \
	else \
	  printf "WARNING: %s: %s\n" "NO REFERENCE OUTPUT (using default)" "/home/ed/mcsema-testing/llvm-test-suite/MultiSource/Benchmarks/MiBench/office-ispell/office-ispell.reference_output" > Output/office-ispell.out-nat; \
	  cp /home/ed/mcsema-testing/llvm-test-suite/default.reference_output Output/office-ispell.out-nat; \
	  cat Output/office-ispell.out-nat; \
	fi
# Pretend that the reference output was produced instantaneously.
cp /home/ed/mcsema-testing/llvm-test-suite/instant.txt Output/office-ispell.out-nat.time
/home/ed/mcsema-testing/llvm-test-suite/DiffOutput.sh "/home/ed/mcsema-testing/SANDBOX/test-2015-12-21_15-36-50/tools/fpcmp " simple office-ispell 
rm -f Output/office-ispell.exe-simple
cp Output/office-ispell.diff-simple Output/office-ispell.exe-simple
if test -f Output/office-ispell.extra-results.txt; then \
	  /home/ed/mcsema-testing/llvm-test-suite/ParseMultipleResults /home/ed/mcsema-testing/SANDBOX/test-2015-12-21_15-36-50/MultiSource/Benchmarks/MiBench/office-ispell/office-ispell Output/office-ispell.extra-results.txt >> Output/office-ispell.simple.exec.report.txt; \
	fi
cat Output/office-ispell.simple.compile.report.txt Output/office-ispell.simple.exec.report.txt >> Output/office-ispell.simple.report.txt
---------------------------------------------------------------
>>> ========= '/home/ed/mcsema-testing/SANDBOX/test-2015-12-21_15-36-50/MultiSource/Benchmarks/MiBench/office-ispell/office-ispell' Program
---------------------------------------------------------------

TEST-PASS: compile /home/ed/mcsema-testing/SANDBOX/test-2015-12-21_15-36-50/MultiSource/Benchmarks/MiBench/office-ispell/office-ispell
TEST-RESULT-compile-success: pass
TEST-RESULT-compile-hash: 23450f5e98b368ec8159cd04f34e805f
TEST-RESULT-compile-time: user 1.315200
TEST-RESULT-compile-real-time: real 1.657300

TEST-PASS: exec /home/ed/mcsema-testing/SANDBOX/test-2015-12-21_15-36-50/MultiSource/Benchmarks/MiBench/office-ispell/office-ispell
TEST-RESULT-exec-success: pass
TEST-RESULT-exec-time: user       0.0009
TEST-RESULT-exec-real-time: real       0.0062
make[5]: Leaving directory `/home/ed/mcsema-testing/SANDBOX/test-2015-12-21_15-36-50/MultiSource/Benchmarks/MiBench/office-ispell'
make[5]: Entering directory `/home/ed/mcsema-testing/SANDBOX/test-2015-12-21_15-36-50/MultiSource/Benchmarks/MiBench/office-stringsearch'
/home/ed/mcsema-testing/llvm-test-suite/RunSafely.sh --show-errors -t "/home/ed/mcsema-testing/SANDBOX/test-2015-12-21_15-36-50/tools/timeit" 500 /dev/null Output/bmhasrch.llvm.o.compile \
	  /usr/bin/clang -I/home/ed/mcsema-testing/SANDBOX/test-2015-12-21_15-36-50/MultiSource/Benchmarks/MiBench/office-stringsearch -I/home/ed/mcsema-testing/llvm-test-suite/MultiSource/Benchmarks/MiBench/office-stringsearch -I/home/ed/mcsema-testing/llvm-test-suite/include -I../../../../include -D_GNU_SOURCE -D__STDC_LIMIT_MACROS -DNDEBUG  -O3  -m64 -fomit-frame-pointer -c /home/ed/mcsema-testing/llvm-test-suite/MultiSource/Benchmarks/MiBench/office-stringsearch/bmhasrch.c -o Output/bmhasrch.llvm.o
/home/ed/mcsema-testing/llvm-test-suite/RunSafely.sh --show-errors -t "/home/ed/mcsema-testing/SANDBOX/test-2015-12-21_15-36-50/tools/timeit" 500 /dev/null Output/bmhisrch.llvm.o.compile \
	  /usr/bin/clang -I/home/ed/mcsema-testing/SANDBOX/test-2015-12-21_15-36-50/MultiSource/Benchmarks/MiBench/office-stringsearch -I/home/ed/mcsema-testing/llvm-test-suite/MultiSource/Benchmarks/MiBench/office-stringsearch -I/home/ed/mcsema-testing/llvm-test-suite/include -I../../../../include -D_GNU_SOURCE -D__STDC_LIMIT_MACROS -DNDEBUG  -O3  -m64 -fomit-frame-pointer -c /home/ed/mcsema-testing/llvm-test-suite/MultiSource/Benchmarks/MiBench/office-stringsearch/bmhisrch.c -o Output/bmhisrch.llvm.o
/home/ed/mcsema-testing/llvm-test-suite/RunSafely.sh --show-errors -t "/home/ed/mcsema-testing/SANDBOX/test-2015-12-21_15-36-50/tools/timeit" 500 /dev/null Output/bmhsrch.llvm.o.compile \
	  /usr/bin/clang -I/home/ed/mcsema-testing/SANDBOX/test-2015-12-21_15-36-50/MultiSource/Benchmarks/MiBench/office-stringsearch -I/home/ed/mcsema-testing/llvm-test-suite/MultiSource/Benchmarks/MiBench/office-stringsearch -I/home/ed/mcsema-testing/llvm-test-suite/include -I../../../../include -D_GNU_SOURCE -D__STDC_LIMIT_MACROS -DNDEBUG  -O3  -m64 -fomit-frame-pointer -c /home/ed/mcsema-testing/llvm-test-suite/MultiSource/Benchmarks/MiBench/office-stringsearch/bmhsrch.c -o Output/bmhsrch.llvm.o
/home/ed/mcsema-testing/llvm-test-suite/RunSafely.sh --show-errors -t "/home/ed/mcsema-testing/SANDBOX/test-2015-12-21_15-36-50/tools/timeit" 500 /dev/null Output/pbmsrch.llvm.o.compile \
	  /usr/bin/clang -I/home/ed/mcsema-testing/SANDBOX/test-2015-12-21_15-36-50/MultiSource/Benchmarks/MiBench/office-stringsearch -I/home/ed/mcsema-testing/llvm-test-suite/MultiSource/Benchmarks/MiBench/office-stringsearch -I/home/ed/mcsema-testing/llvm-test-suite/include -I../../../../include -D_GNU_SOURCE -D__STDC_LIMIT_MACROS -DNDEBUG  -O3  -m64 -fomit-frame-pointer -c /home/ed/mcsema-testing/llvm-test-suite/MultiSource/Benchmarks/MiBench/office-stringsearch/pbmsrch.c -o Output/pbmsrch.llvm.o
/usr/bin/clang++ -o Output/office-stringsearch.simple Output/bmhasrch.llvm.o Output/bmhisrch.llvm.o Output/bmhsrch.llvm.o Output/pbmsrch.llvm.o -lm   -m64 -fomit-frame-pointer
/home/ed/mcsema-testing/llvm-test-suite/RunSafely.sh -t "/home/ed/mcsema-testing/SANDBOX/test-2015-12-21_15-36-50/tools/timeit-target" 500 /dev/null Output/office-stringsearch.out-simple Output/office-stringsearch.simple 
cp Output/office-stringsearch.simple Output/office-stringsearch.simple-hash; \
	strip --remove-section=.comment --remove-section='.note*' Output/office-stringsearch.simple-hash; \
	/home/ed/mcsema-testing/llvm-test-suite/HashProgramOutput.sh Output/office-stringsearch.simple-hash
if [ -f "/home/ed/mcsema-testing/llvm-test-suite/MultiSource/Benchmarks/MiBench/office-stringsearch/office-stringsearch.reference_output.little-endian." ]; then \
	  cp /home/ed/mcsema-testing/llvm-test-suite/MultiSource/Benchmarks/MiBench/office-stringsearch/office-stringsearch.reference_output.little-endian. Output/office-stringsearch.out-nat; \
	elif [ -f "/home/ed/mcsema-testing/llvm-test-suite/MultiSource/Benchmarks/MiBench/office-stringsearch/office-stringsearch.reference_output." ]; then \
	  cp /home/ed/mcsema-testing/llvm-test-suite/MultiSource/Benchmarks/MiBench/office-stringsearch/office-stringsearch.reference_output. Output/office-stringsearch.out-nat; \
	elif [ -f "/home/ed/mcsema-testing/llvm-test-suite/MultiSource/Benchmarks/MiBench/office-stringsearch/office-stringsearch.reference_output.little-endian" ]; then \
	  cp /home/ed/mcsema-testing/llvm-test-suite/MultiSource/Benchmarks/MiBench/office-stringsearch/office-stringsearch.reference_output.little-endian Output/office-stringsearch.out-nat; \
	elif [ -f "/home/ed/mcsema-testing/llvm-test-suite/MultiSource/Benchmarks/MiBench/office-stringsearch/office-stringsearch.reference_output" ]; then \
	  cp /home/ed/mcsema-testing/llvm-test-suite/MultiSource/Benchmarks/MiBench/office-stringsearch/office-stringsearch.reference_output Output/office-stringsearch.out-nat; \
	else \
	  printf "WARNING: %s: %s\n" "NO REFERENCE OUTPUT (using default)" "/home/ed/mcsema-testing/llvm-test-suite/MultiSource/Benchmarks/MiBench/office-stringsearch/office-stringsearch.reference_output" > Output/office-stringsearch.out-nat; \
	  cp /home/ed/mcsema-testing/llvm-test-suite/default.reference_output Output/office-stringsearch.out-nat; \
	  cat Output/office-stringsearch.out-nat; \
	fi
# Pretend that the reference output was produced instantaneously.
cp /home/ed/mcsema-testing/llvm-test-suite/instant.txt Output/office-stringsearch.out-nat.time
/home/ed/mcsema-testing/llvm-test-suite/DiffOutput.sh "/home/ed/mcsema-testing/SANDBOX/test-2015-12-21_15-36-50/tools/fpcmp " simple office-stringsearch 
rm -f Output/office-stringsearch.exe-simple
cp Output/office-stringsearch.diff-simple Output/office-stringsearch.exe-simple
if test -f Output/office-stringsearch.extra-results.txt; then \
	  /home/ed/mcsema-testing/llvm-test-suite/ParseMultipleResults /home/ed/mcsema-testing/SANDBOX/test-2015-12-21_15-36-50/MultiSource/Benchmarks/MiBench/office-stringsearch/office-stringsearch Output/office-stringsearch.extra-results.txt >> Output/office-stringsearch.simple.exec.report.txt; \
	fi
cat Output/office-stringsearch.simple.compile.report.txt Output/office-stringsearch.simple.exec.report.txt >> Output/office-stringsearch.simple.report.txt
---------------------------------------------------------------
>>> ========= '/home/ed/mcsema-testing/SANDBOX/test-2015-12-21_15-36-50/MultiSource/Benchmarks/MiBench/office-stringsearch/office-stringsearch' Program
---------------------------------------------------------------

TEST-PASS: compile /home/ed/mcsema-testing/SANDBOX/test-2015-12-21_15-36-50/MultiSource/Benchmarks/MiBench/office-stringsearch/office-stringsearch
TEST-RESULT-compile-success: pass
TEST-RESULT-compile-hash: ee4b7d733522c888cf8bda0ab76986a1
TEST-RESULT-compile-time: user 0.148400
TEST-RESULT-compile-real-time: real 0.210400

TEST-PASS: exec /home/ed/mcsema-testing/SANDBOX/test-2015-12-21_15-36-50/MultiSource/Benchmarks/MiBench/office-stringsearch/office-stringsearch
TEST-RESULT-exec-success: pass
TEST-RESULT-exec-time: user       0.0014
TEST-RESULT-exec-real-time: real       0.0025
make[5]: Leaving directory `/home/ed/mcsema-testing/SANDBOX/test-2015-12-21_15-36-50/MultiSource/Benchmarks/MiBench/office-stringsearch'
make[5]: Entering directory `/home/ed/mcsema-testing/SANDBOX/test-2015-12-21_15-36-50/MultiSource/Benchmarks/MiBench/security-blowfish'
/home/ed/mcsema-testing/llvm-test-suite/RunSafely.sh --show-errors -t "/home/ed/mcsema-testing/SANDBOX/test-2015-12-21_15-36-50/tools/timeit" 500 /dev/null Output/bf_cbc.llvm.o.compile \
	  /usr/bin/clang -I/home/ed/mcsema-testing/SANDBOX/test-2015-12-21_15-36-50/MultiSource/Benchmarks/MiBench/security-blowfish -I/home/ed/mcsema-testing/llvm-test-suite/MultiSource/Benchmarks/MiBench/security-blowfish -I/home/ed/mcsema-testing/llvm-test-suite/include -I../../../../include -D_GNU_SOURCE -D__STDC_LIMIT_MACROS -DNDEBUG  -O3  -m64 -fomit-frame-pointer -c /home/ed/mcsema-testing/llvm-test-suite/MultiSource/Benchmarks/MiBench/security-blowfish/bf_cbc.c -o Output/bf_cbc.llvm.o
/home/ed/mcsema-testing/llvm-test-suite/RunSafely.sh --show-errors -t "/home/ed/mcsema-testing/SANDBOX/test-2015-12-21_15-36-50/tools/timeit" 500 /dev/null Output/bf_cfb64.llvm.o.compile \
	  /usr/bin/clang -I/home/ed/mcsema-testing/SANDBOX/test-2015-12-21_15-36-50/MultiSource/Benchmarks/MiBench/security-blowfish -I/home/ed/mcsema-testing/llvm-test-suite/MultiSource/Benchmarks/MiBench/security-blowfish -I/home/ed/mcsema-testing/llvm-test-suite/include -I../../../../include -D_GNU_SOURCE -D__STDC_LIMIT_MACROS -DNDEBUG  -O3  -m64 -fomit-frame-pointer -c /home/ed/mcsema-testing/llvm-test-suite/MultiSource/Benchmarks/MiBench/security-blowfish/bf_cfb64.c -o Output/bf_cfb64.llvm.o
/home/ed/mcsema-testing/llvm-test-suite/RunSafely.sh --show-errors -t "/home/ed/mcsema-testing/SANDBOX/test-2015-12-21_15-36-50/tools/timeit" 500 /dev/null Output/bf_ecb.llvm.o.compile \
	  /usr/bin/clang -I/home/ed/mcsema-testing/SANDBOX/test-2015-12-21_15-36-50/MultiSource/Benchmarks/MiBench/security-blowfish -I/home/ed/mcsema-testing/llvm-test-suite/MultiSource/Benchmarks/MiBench/security-blowfish -I/home/ed/mcsema-testing/llvm-test-suite/include -I../../../../include -D_GNU_SOURCE -D__STDC_LIMIT_MACROS -DNDEBUG  -O3  -m64 -fomit-frame-pointer -c /home/ed/mcsema-testing/llvm-test-suite/MultiSource/Benchmarks/MiBench/security-blowfish/bf_ecb.c -o Output/bf_ecb.llvm.o
/home/ed/mcsema-testing/llvm-test-suite/RunSafely.sh --show-errors -t "/home/ed/mcsema-testing/SANDBOX/test-2015-12-21_15-36-50/tools/timeit" 500 /dev/null Output/bf_enc.llvm.o.compile \
	  /usr/bin/clang -I/home/ed/mcsema-testing/SANDBOX/test-2015-12-21_15-36-50/MultiSource/Benchmarks/MiBench/security-blowfish -I/home/ed/mcsema-testing/llvm-test-suite/MultiSource/Benchmarks/MiBench/security-blowfish -I/home/ed/mcsema-testing/llvm-test-suite/include -I../../../../include -D_GNU_SOURCE -D__STDC_LIMIT_MACROS -DNDEBUG  -O3  -m64 -fomit-frame-pointer -c /home/ed/mcsema-testing/llvm-test-suite/MultiSource/Benchmarks/MiBench/security-blowfish/bf_enc.c -o Output/bf_enc.llvm.o
/home/ed/mcsema-testing/llvm-test-suite/RunSafely.sh --show-errors -t "/home/ed/mcsema-testing/SANDBOX/test-2015-12-21_15-36-50/tools/timeit" 500 /dev/null Output/bf_ofb64.llvm.o.compile \
	  /usr/bin/clang -I/home/ed/mcsema-testing/SANDBOX/test-2015-12-21_15-36-50/MultiSource/Benchmarks/MiBench/security-blowfish -I/home/ed/mcsema-testing/llvm-test-suite/MultiSource/Benchmarks/MiBench/security-blowfish -I/home/ed/mcsema-testing/llvm-test-suite/include -I../../../../include -D_GNU_SOURCE -D__STDC_LIMIT_MACROS -DNDEBUG  -O3  -m64 -fomit-frame-pointer -c /home/ed/mcsema-testing/llvm-test-suite/MultiSource/Benchmarks/MiBench/security-blowfish/bf_ofb64.c -o Output/bf_ofb64.llvm.o
/home/ed/mcsema-testing/llvm-test-suite/RunSafely.sh --show-errors -t "/home/ed/mcsema-testing/SANDBOX/test-2015-12-21_15-36-50/tools/timeit" 500 /dev/null Output/bf_skey.llvm.o.compile \
	  /usr/bin/clang -I/home/ed/mcsema-testing/SANDBOX/test-2015-12-21_15-36-50/MultiSource/Benchmarks/MiBench/security-blowfish -I/home/ed/mcsema-testing/llvm-test-suite/MultiSource/Benchmarks/MiBench/security-blowfish -I/home/ed/mcsema-testing/llvm-test-suite/include -I../../../../include -D_GNU_SOURCE -D__STDC_LIMIT_MACROS -DNDEBUG  -O3  -m64 -fomit-frame-pointer -c /home/ed/mcsema-testing/llvm-test-suite/MultiSource/Benchmarks/MiBench/security-blowfish/bf_skey.c -o Output/bf_skey.llvm.o
/home/ed/mcsema-testing/llvm-test-suite/RunSafely.sh --show-errors -t "/home/ed/mcsema-testing/SANDBOX/test-2015-12-21_15-36-50/tools/timeit" 500 /dev/null Output/bftest.llvm.o.compile \
	  /usr/bin/clang -I/home/ed/mcsema-testing/SANDBOX/test-2015-12-21_15-36-50/MultiSource/Benchmarks/MiBench/security-blowfish -I/home/ed/mcsema-testing/llvm-test-suite/MultiSource/Benchmarks/MiBench/security-blowfish -I/home/ed/mcsema-testing/llvm-test-suite/include -I../../../../include -D_GNU_SOURCE -D__STDC_LIMIT_MACROS -DNDEBUG  -O3  -m64 -fomit-frame-pointer -c /home/ed/mcsema-testing/llvm-test-suite/MultiSource/Benchmarks/MiBench/security-blowfish/bftest.c -o Output/bftest.llvm.o
/usr/bin/clang++ -o Output/security-blowfish.simple Output/bf_cbc.llvm.o Output/bf_cfb64.llvm.o Output/bf_ecb.llvm.o Output/bf_enc.llvm.o Output/bf_ofb64.llvm.o Output/bf_skey.llvm.o Output/bftest.llvm.o -lm   -m64 -fomit-frame-pointer
/home/ed/mcsema-testing/llvm-test-suite/RunSafely.sh -t "/home/ed/mcsema-testing/SANDBOX/test-2015-12-21_15-36-50/tools/timeit-target" 500 /dev/null Output/security-blowfish.out-simple Output/security-blowfish.simple print_test_data
cp Output/security-blowfish.simple Output/security-blowfish.simple-hash; \
	strip --remove-section=.comment --remove-section='.note*' Output/security-blowfish.simple-hash; \
	/home/ed/mcsema-testing/llvm-test-suite/HashProgramOutput.sh Output/security-blowfish.simple-hash
if [ -f "/home/ed/mcsema-testing/llvm-test-suite/MultiSource/Benchmarks/MiBench/security-blowfish/security-blowfish.reference_output.little-endian." ]; then \
	  cp /home/ed/mcsema-testing/llvm-test-suite/MultiSource/Benchmarks/MiBench/security-blowfish/security-blowfish.reference_output.little-endian. Output/security-blowfish.out-nat; \
	elif [ -f "/home/ed/mcsema-testing/llvm-test-suite/MultiSource/Benchmarks/MiBench/security-blowfish/security-blowfish.reference_output." ]; then \
	  cp /home/ed/mcsema-testing/llvm-test-suite/MultiSource/Benchmarks/MiBench/security-blowfish/security-blowfish.reference_output. Output/security-blowfish.out-nat; \
	elif [ -f "/home/ed/mcsema-testing/llvm-test-suite/MultiSource/Benchmarks/MiBench/security-blowfish/security-blowfish.reference_output.little-endian" ]; then \
	  cp /home/ed/mcsema-testing/llvm-test-suite/MultiSource/Benchmarks/MiBench/security-blowfish/security-blowfish.reference_output.little-endian Output/security-blowfish.out-nat; \
	elif [ -f "/home/ed/mcsema-testing/llvm-test-suite/MultiSource/Benchmarks/MiBench/security-blowfish/security-blowfish.reference_output" ]; then \
	  cp /home/ed/mcsema-testing/llvm-test-suite/MultiSource/Benchmarks/MiBench/security-blowfish/security-blowfish.reference_output Output/security-blowfish.out-nat; \
	else \
	  printf "WARNING: %s: %s\n" "NO REFERENCE OUTPUT (using default)" "/home/ed/mcsema-testing/llvm-test-suite/MultiSource/Benchmarks/MiBench/security-blowfish/security-blowfish.reference_output" > Output/security-blowfish.out-nat; \
	  cp /home/ed/mcsema-testing/llvm-test-suite/default.reference_output Output/security-blowfish.out-nat; \
	  cat Output/security-blowfish.out-nat; \
	fi
# Pretend that the reference output was produced instantaneously.
cp /home/ed/mcsema-testing/llvm-test-suite/instant.txt Output/security-blowfish.out-nat.time
/home/ed/mcsema-testing/llvm-test-suite/DiffOutput.sh "/home/ed/mcsema-testing/SANDBOX/test-2015-12-21_15-36-50/tools/fpcmp " simple security-blowfish 
rm -f Output/security-blowfish.exe-simple
cp Output/security-blowfish.diff-simple Output/security-blowfish.exe-simple
if test -f Output/security-blowfish.extra-results.txt; then \
	  /home/ed/mcsema-testing/llvm-test-suite/ParseMultipleResults /home/ed/mcsema-testing/SANDBOX/test-2015-12-21_15-36-50/MultiSource/Benchmarks/MiBench/security-blowfish/security-blowfish Output/security-blowfish.extra-results.txt >> Output/security-blowfish.simple.exec.report.txt; \
	fi
cat Output/security-blowfish.simple.compile.report.txt Output/security-blowfish.simple.exec.report.txt >> Output/security-blowfish.simple.report.txt
---------------------------------------------------------------
>>> ========= '/home/ed/mcsema-testing/SANDBOX/test-2015-12-21_15-36-50/MultiSource/Benchmarks/MiBench/security-blowfish/security-blowfish' Program
---------------------------------------------------------------

TEST-PASS: compile /home/ed/mcsema-testing/SANDBOX/test-2015-12-21_15-36-50/MultiSource/Benchmarks/MiBench/security-blowfish/security-blowfish
TEST-RESULT-compile-success: pass
TEST-RESULT-compile-hash: 3a1458d6189e4d66e91610eee6f6bb43
TEST-RESULT-compile-time: user 0.253800
TEST-RESULT-compile-real-time: real 0.391200

TEST-PASS: exec /home/ed/mcsema-testing/SANDBOX/test-2015-12-21_15-36-50/MultiSource/Benchmarks/MiBench/security-blowfish/security-blowfish
TEST-RESULT-exec-success: pass
TEST-RESULT-exec-time: user       0.0010
TEST-RESULT-exec-real-time: real       0.0018
make[5]: Leaving directory `/home/ed/mcsema-testing/SANDBOX/test-2015-12-21_15-36-50/MultiSource/Benchmarks/MiBench/security-blowfish'
make[5]: Entering directory `/home/ed/mcsema-testing/SANDBOX/test-2015-12-21_15-36-50/MultiSource/Benchmarks/MiBench/security-rijndael'
/home/ed/mcsema-testing/llvm-test-suite/RunSafely.sh --show-errors -t "/home/ed/mcsema-testing/SANDBOX/test-2015-12-21_15-36-50/tools/timeit" 500 /dev/null Output/aes.llvm.o.compile \
	  /usr/bin/clang -I/home/ed/mcsema-testing/SANDBOX/test-2015-12-21_15-36-50/MultiSource/Benchmarks/MiBench/security-rijndael -I/home/ed/mcsema-testing/llvm-test-suite/MultiSource/Benchmarks/MiBench/security-rijndael -I/home/ed/mcsema-testing/llvm-test-suite/include -I../../../../include -D_GNU_SOURCE -D__STDC_LIMIT_MACROS -DNDEBUG  -O3  -m64 -fomit-frame-pointer -c /home/ed/mcsema-testing/llvm-test-suite/MultiSource/Benchmarks/MiBench/security-rijndael/aes.c -o Output/aes.llvm.o
/home/ed/mcsema-testing/llvm-test-suite/RunSafely.sh --show-errors -t "/home/ed/mcsema-testing/SANDBOX/test-2015-12-21_15-36-50/tools/timeit" 500 /dev/null Output/aesxam.llvm.o.compile \
	  /usr/bin/clang -I/home/ed/mcsema-testing/SANDBOX/test-2015-12-21_15-36-50/MultiSource/Benchmarks/MiBench/security-rijndael -I/home/ed/mcsema-testing/llvm-test-suite/MultiSource/Benchmarks/MiBench/security-rijndael -I/home/ed/mcsema-testing/llvm-test-suite/include -I../../../../include -D_GNU_SOURCE -D__STDC_LIMIT_MACROS -DNDEBUG  -O3  -m64 -fomit-frame-pointer -c /home/ed/mcsema-testing/llvm-test-suite/MultiSource/Benchmarks/MiBench/security-rijndael/aesxam.c -o Output/aesxam.llvm.o
/usr/bin/clang++ -o Output/security-rijndael.simple Output/aes.llvm.o Output/aesxam.llvm.o -lm   -m64 -fomit-frame-pointer
/home/ed/mcsema-testing/llvm-test-suite/RunSafely.sh -t "/home/ed/mcsema-testing/SANDBOX/test-2015-12-21_15-36-50/tools/timeit-target" 500 /dev/null Output/security-rijndael.out-simple Output/security-rijndael.simple /home/ed/mcsema-testing/llvm-test-suite/MultiSource/Benchmarks/MiBench/security-rijndael/output_large.enc Output/output_large.dec d 1234567890abcdeffedcba09876543211234567890abcdeffedcba0987654321
/home/ed/mcsema-testing/llvm-test-suite/HashProgramOutput.sh Output/security-rijndael.out-simple
cp Output/security-rijndael.simple Output/security-rijndael.simple-hash; \
	strip --remove-section=.comment --remove-section='.note*' Output/security-rijndael.simple-hash; \
	/home/ed/mcsema-testing/llvm-test-suite/HashProgramOutput.sh Output/security-rijndael.simple-hash
if [ -f "/home/ed/mcsema-testing/llvm-test-suite/MultiSource/Benchmarks/MiBench/security-rijndael/security-rijndael.reference_output.little-endian." ]; then \
	  cp /home/ed/mcsema-testing/llvm-test-suite/MultiSource/Benchmarks/MiBench/security-rijndael/security-rijndael.reference_output.little-endian. Output/security-rijndael.out-nat; \
	elif [ -f "/home/ed/mcsema-testing/llvm-test-suite/MultiSource/Benchmarks/MiBench/security-rijndael/security-rijndael.reference_output." ]; then \
	  cp /home/ed/mcsema-testing/llvm-test-suite/MultiSource/Benchmarks/MiBench/security-rijndael/security-rijndael.reference_output. Output/security-rijndael.out-nat; \
	elif [ -f "/home/ed/mcsema-testing/llvm-test-suite/MultiSource/Benchmarks/MiBench/security-rijndael/security-rijndael.reference_output.little-endian" ]; then \
	  cp /home/ed/mcsema-testing/llvm-test-suite/MultiSource/Benchmarks/MiBench/security-rijndael/security-rijndael.reference_output.little-endian Output/security-rijndael.out-nat; \
	elif [ -f "/home/ed/mcsema-testing/llvm-test-suite/MultiSource/Benchmarks/MiBench/security-rijndael/security-rijndael.reference_output" ]; then \
	  cp /home/ed/mcsema-testing/llvm-test-suite/MultiSource/Benchmarks/MiBench/security-rijndael/security-rijndael.reference_output Output/security-rijndael.out-nat; \
	else \
	  printf "WARNING: %s: %s\n" "NO REFERENCE OUTPUT (using default)" "/home/ed/mcsema-testing/llvm-test-suite/MultiSource/Benchmarks/MiBench/security-rijndael/security-rijndael.reference_output" > Output/security-rijndael.out-nat; \
	  cp /home/ed/mcsema-testing/llvm-test-suite/default.reference_output Output/security-rijndael.out-nat; \
	  cat Output/security-rijndael.out-nat; \
	fi
# Pretend that the reference output was produced instantaneously.
cp /home/ed/mcsema-testing/llvm-test-suite/instant.txt Output/security-rijndael.out-nat.time
/home/ed/mcsema-testing/llvm-test-suite/DiffOutput.sh "/home/ed/mcsema-testing/SANDBOX/test-2015-12-21_15-36-50/tools/fpcmp " simple security-rijndael 
rm -f Output/security-rijndael.exe-simple
cp Output/security-rijndael.diff-simple Output/security-rijndael.exe-simple
if test -f Output/security-rijndael.extra-results.txt; then \
	  /home/ed/mcsema-testing/llvm-test-suite/ParseMultipleResults /home/ed/mcsema-testing/SANDBOX/test-2015-12-21_15-36-50/MultiSource/Benchmarks/MiBench/security-rijndael/security-rijndael Output/security-rijndael.extra-results.txt >> Output/security-rijndael.simple.exec.report.txt; \
	fi
cat Output/security-rijndael.simple.compile.report.txt Output/security-rijndael.simple.exec.report.txt >> Output/security-rijndael.simple.report.txt
---------------------------------------------------------------
>>> ========= '/home/ed/mcsema-testing/SANDBOX/test-2015-12-21_15-36-50/MultiSource/Benchmarks/MiBench/security-rijndael/security-rijndael' Program
---------------------------------------------------------------

TEST-PASS: compile /home/ed/mcsema-testing/SANDBOX/test-2015-12-21_15-36-50/MultiSource/Benchmarks/MiBench/security-rijndael/security-rijndael
TEST-RESULT-compile-success: pass
TEST-RESULT-compile-hash: ad9cdb8eaccb928a3cda6eb15f3c00a0
TEST-RESULT-compile-time: user 0.364100
TEST-RESULT-compile-real-time: real 0.451400

TEST-PASS: exec /home/ed/mcsema-testing/SANDBOX/test-2015-12-21_15-36-50/MultiSource/Benchmarks/MiBench/security-rijndael/security-rijndael
TEST-RESULT-exec-success: pass
TEST-RESULT-exec-time: user       0.0285
TEST-RESULT-exec-real-time: real       0.0620
make[5]: Leaving directory `/home/ed/mcsema-testing/SANDBOX/test-2015-12-21_15-36-50/MultiSource/Benchmarks/MiBench/security-rijndael'
make[5]: Entering directory `/home/ed/mcsema-testing/SANDBOX/test-2015-12-21_15-36-50/MultiSource/Benchmarks/MiBench/security-sha'
/home/ed/mcsema-testing/llvm-test-suite/RunSafely.sh --show-errors -t "/home/ed/mcsema-testing/SANDBOX/test-2015-12-21_15-36-50/tools/timeit" 500 /dev/null Output/sha.llvm.o.compile \
	  /usr/bin/clang -I/home/ed/mcsema-testing/SANDBOX/test-2015-12-21_15-36-50/MultiSource/Benchmarks/MiBench/security-sha -I/home/ed/mcsema-testing/llvm-test-suite/MultiSource/Benchmarks/MiBench/security-sha -I/home/ed/mcsema-testing/llvm-test-suite/include -I../../../../include -D_GNU_SOURCE -D__STDC_LIMIT_MACROS -DNDEBUG  -O3  -m64 -fomit-frame-pointer -c /home/ed/mcsema-testing/llvm-test-suite/MultiSource/Benchmarks/MiBench/security-sha/sha.c -o Output/sha.llvm.o
/home/ed/mcsema-testing/llvm-test-suite/RunSafely.sh --show-errors -t "/home/ed/mcsema-testing/SANDBOX/test-2015-12-21_15-36-50/tools/timeit" 500 /dev/null Output/sha_driver.llvm.o.compile \
	  /usr/bin/clang -I/home/ed/mcsema-testing/SANDBOX/test-2015-12-21_15-36-50/MultiSource/Benchmarks/MiBench/security-sha -I/home/ed/mcsema-testing/llvm-test-suite/MultiSource/Benchmarks/MiBench/security-sha -I/home/ed/mcsema-testing/llvm-test-suite/include -I../../../../include -D_GNU_SOURCE -D__STDC_LIMIT_MACROS -DNDEBUG  -O3  -m64 -fomit-frame-pointer -c /home/ed/mcsema-testing/llvm-test-suite/MultiSource/Benchmarks/MiBench/security-sha/sha_driver.c -o Output/sha_driver.llvm.o
/usr/bin/clang++ -o Output/security-sha.simple Output/sha.llvm.o Output/sha_driver.llvm.o -lm   -m64 -fomit-frame-pointer
/home/ed/mcsema-testing/llvm-test-suite/RunSafely.sh -t "/home/ed/mcsema-testing/SANDBOX/test-2015-12-21_15-36-50/tools/timeit-target" 500 /dev/null Output/security-sha.out-simple Output/security-sha.simple /home/ed/mcsema-testing/llvm-test-suite/MultiSource/Benchmarks/MiBench/security-sha/input_large.asc 
cp Output/security-sha.simple Output/security-sha.simple-hash; \
	strip --remove-section=.comment --remove-section='.note*' Output/security-sha.simple-hash; \
	/home/ed/mcsema-testing/llvm-test-suite/HashProgramOutput.sh Output/security-sha.simple-hash
if [ -f "/home/ed/mcsema-testing/llvm-test-suite/MultiSource/Benchmarks/MiBench/security-sha/security-sha.reference_output.little-endian." ]; then \
	  cp /home/ed/mcsema-testing/llvm-test-suite/MultiSource/Benchmarks/MiBench/security-sha/security-sha.reference_output.little-endian. Output/security-sha.out-nat; \
	elif [ -f "/home/ed/mcsema-testing/llvm-test-suite/MultiSource/Benchmarks/MiBench/security-sha/security-sha.reference_output." ]; then \
	  cp /home/ed/mcsema-testing/llvm-test-suite/MultiSource/Benchmarks/MiBench/security-sha/security-sha.reference_output. Output/security-sha.out-nat; \
	elif [ -f "/home/ed/mcsema-testing/llvm-test-suite/MultiSource/Benchmarks/MiBench/security-sha/security-sha.reference_output.little-endian" ]; then \
	  cp /home/ed/mcsema-testing/llvm-test-suite/MultiSource/Benchmarks/MiBench/security-sha/security-sha.reference_output.little-endian Output/security-sha.out-nat; \
	elif [ -f "/home/ed/mcsema-testing/llvm-test-suite/MultiSource/Benchmarks/MiBench/security-sha/security-sha.reference_output" ]; then \
	  cp /home/ed/mcsema-testing/llvm-test-suite/MultiSource/Benchmarks/MiBench/security-sha/security-sha.reference_output Output/security-sha.out-nat; \
	else \
	  printf "WARNING: %s: %s\n" "NO REFERENCE OUTPUT (using default)" "/home/ed/mcsema-testing/llvm-test-suite/MultiSource/Benchmarks/MiBench/security-sha/security-sha.reference_output" > Output/security-sha.out-nat; \
	  cp /home/ed/mcsema-testing/llvm-test-suite/default.reference_output Output/security-sha.out-nat; \
	  cat Output/security-sha.out-nat; \
	fi
# Pretend that the reference output was produced instantaneously.
cp /home/ed/mcsema-testing/llvm-test-suite/instant.txt Output/security-sha.out-nat.time
/home/ed/mcsema-testing/llvm-test-suite/DiffOutput.sh "/home/ed/mcsema-testing/SANDBOX/test-2015-12-21_15-36-50/tools/fpcmp " simple security-sha 
rm -f Output/security-sha.exe-simple
cp Output/security-sha.diff-simple Output/security-sha.exe-simple
if test -f Output/security-sha.extra-results.txt; then \
	  /home/ed/mcsema-testing/llvm-test-suite/ParseMultipleResults /home/ed/mcsema-testing/SANDBOX/test-2015-12-21_15-36-50/MultiSource/Benchmarks/MiBench/security-sha/security-sha Output/security-sha.extra-results.txt >> Output/security-sha.simple.exec.report.txt; \
	fi
cat Output/security-sha.simple.compile.report.txt Output/security-sha.simple.exec.report.txt >> Output/security-sha.simple.report.txt
---------------------------------------------------------------
>>> ========= '/home/ed/mcsema-testing/SANDBOX/test-2015-12-21_15-36-50/MultiSource/Benchmarks/MiBench/security-sha/security-sha' Program
---------------------------------------------------------------

TEST-PASS: compile /home/ed/mcsema-testing/SANDBOX/test-2015-12-21_15-36-50/MultiSource/Benchmarks/MiBench/security-sha/security-sha
TEST-RESULT-compile-success: pass
TEST-RESULT-compile-hash: 5f5489c5934c602f1dd42a1587107f18
TEST-RESULT-compile-time: user 0.085600
TEST-RESULT-compile-real-time: real 0.130000

TEST-PASS: exec /home/ed/mcsema-testing/SANDBOX/test-2015-12-21_15-36-50/MultiSource/Benchmarks/MiBench/security-sha/security-sha
TEST-RESULT-exec-success: pass
TEST-RESULT-exec-time: user       0.0151
TEST-RESULT-exec-real-time: real       0.0454
make[5]: Leaving directory `/home/ed/mcsema-testing/SANDBOX/test-2015-12-21_15-36-50/MultiSource/Benchmarks/MiBench/security-sha'
make[5]: Entering directory `/home/ed/mcsema-testing/SANDBOX/test-2015-12-21_15-36-50/MultiSource/Benchmarks/MiBench/telecomm-CRC32'
/home/ed/mcsema-testing/llvm-test-suite/RunSafely.sh --show-errors -t "/home/ed/mcsema-testing/SANDBOX/test-2015-12-21_15-36-50/tools/timeit" 500 /dev/null Output/crc_32.llvm.o.compile \
	  /usr/bin/clang -I/home/ed/mcsema-testing/SANDBOX/test-2015-12-21_15-36-50/MultiSource/Benchmarks/MiBench/telecomm-CRC32 -I/home/ed/mcsema-testing/llvm-test-suite/MultiSource/Benchmarks/MiBench/telecomm-CRC32 -I/home/ed/mcsema-testing/llvm-test-suite/include -I../../../../include -D_GNU_SOURCE -D__STDC_LIMIT_MACROS -DNDEBUG  -O3  -m64 -fomit-frame-pointer -c /home/ed/mcsema-testing/llvm-test-suite/MultiSource/Benchmarks/MiBench/telecomm-CRC32/crc_32.c -o Output/crc_32.llvm.o
/usr/bin/clang++ -o Output/telecomm-CRC32.simple Output/crc_32.llvm.o -lm   -m64 -fomit-frame-pointer
/home/ed/mcsema-testing/llvm-test-suite/RunSafely.sh -t "/home/ed/mcsema-testing/SANDBOX/test-2015-12-21_15-36-50/tools/timeit-target" 500 /dev/null Output/telecomm-CRC32.out-simple Output/telecomm-CRC32.simple /home/ed/mcsema-testing/llvm-test-suite/MultiSource/Benchmarks/MiBench/telecomm-CRC32/large.pcm
cp Output/telecomm-CRC32.simple Output/telecomm-CRC32.simple-hash; \
	strip --remove-section=.comment --remove-section='.note*' Output/telecomm-CRC32.simple-hash; \
	/home/ed/mcsema-testing/llvm-test-suite/HashProgramOutput.sh Output/telecomm-CRC32.simple-hash
if [ -f "/home/ed/mcsema-testing/llvm-test-suite/MultiSource/Benchmarks/MiBench/telecomm-CRC32/telecomm-CRC32.reference_output.little-endian." ]; then \
	  cp /home/ed/mcsema-testing/llvm-test-suite/MultiSource/Benchmarks/MiBench/telecomm-CRC32/telecomm-CRC32.reference_output.little-endian. Output/telecomm-CRC32.out-nat; \
	elif [ -f "/home/ed/mcsema-testing/llvm-test-suite/MultiSource/Benchmarks/MiBench/telecomm-CRC32/telecomm-CRC32.reference_output." ]; then \
	  cp /home/ed/mcsema-testing/llvm-test-suite/MultiSource/Benchmarks/MiBench/telecomm-CRC32/telecomm-CRC32.reference_output. Output/telecomm-CRC32.out-nat; \
	elif [ -f "/home/ed/mcsema-testing/llvm-test-suite/MultiSource/Benchmarks/MiBench/telecomm-CRC32/telecomm-CRC32.reference_output.little-endian" ]; then \
	  cp /home/ed/mcsema-testing/llvm-test-suite/MultiSource/Benchmarks/MiBench/telecomm-CRC32/telecomm-CRC32.reference_output.little-endian Output/telecomm-CRC32.out-nat; \
	elif [ -f "/home/ed/mcsema-testing/llvm-test-suite/MultiSource/Benchmarks/MiBench/telecomm-CRC32/telecomm-CRC32.reference_output" ]; then \
	  cp /home/ed/mcsema-testing/llvm-test-suite/MultiSource/Benchmarks/MiBench/telecomm-CRC32/telecomm-CRC32.reference_output Output/telecomm-CRC32.out-nat; \
	else \
	  printf "WARNING: %s: %s\n" "NO REFERENCE OUTPUT (using default)" "/home/ed/mcsema-testing/llvm-test-suite/MultiSource/Benchmarks/MiBench/telecomm-CRC32/telecomm-CRC32.reference_output" > Output/telecomm-CRC32.out-nat; \
	  cp /home/ed/mcsema-testing/llvm-test-suite/default.reference_output Output/telecomm-CRC32.out-nat; \
	  cat Output/telecomm-CRC32.out-nat; \
	fi
# Pretend that the reference output was produced instantaneously.
cp /home/ed/mcsema-testing/llvm-test-suite/instant.txt Output/telecomm-CRC32.out-nat.time
/home/ed/mcsema-testing/llvm-test-suite/DiffOutput.sh "/home/ed/mcsema-testing/SANDBOX/test-2015-12-21_15-36-50/tools/fpcmp " simple telecomm-CRC32 
rm -f Output/telecomm-CRC32.exe-simple
cp Output/telecomm-CRC32.diff-simple Output/telecomm-CRC32.exe-simple
if test -f Output/telecomm-CRC32.extra-results.txt; then \
	  /home/ed/mcsema-testing/llvm-test-suite/ParseMultipleResults /home/ed/mcsema-testing/SANDBOX/test-2015-12-21_15-36-50/MultiSource/Benchmarks/MiBench/telecomm-CRC32/telecomm-CRC32 Output/telecomm-CRC32.extra-results.txt >> Output/telecomm-CRC32.simple.exec.report.txt; \
	fi
cat Output/telecomm-CRC32.simple.compile.report.txt Output/telecomm-CRC32.simple.exec.report.txt >> Output/telecomm-CRC32.simple.report.txt
---------------------------------------------------------------
>>> ========= '/home/ed/mcsema-testing/SANDBOX/test-2015-12-21_15-36-50/MultiSource/Benchmarks/MiBench/telecomm-CRC32/telecomm-CRC32' Program
---------------------------------------------------------------

TEST-PASS: compile /home/ed/mcsema-testing/SANDBOX/test-2015-12-21_15-36-50/MultiSource/Benchmarks/MiBench/telecomm-CRC32/telecomm-CRC32
TEST-RESULT-compile-success: pass
TEST-RESULT-compile-hash: 71a3bfb9a8a528e96856d7edde39c26e
TEST-RESULT-compile-time: user 0.038000
TEST-RESULT-compile-real-time: real 0.062400

TEST-PASS: exec /home/ed/mcsema-testing/SANDBOX/test-2015-12-21_15-36-50/MultiSource/Benchmarks/MiBench/telecomm-CRC32/telecomm-CRC32
TEST-RESULT-exec-success: pass
TEST-RESULT-exec-time: user       0.1850
TEST-RESULT-exec-real-time: real       0.2781
make[5]: Leaving directory `/home/ed/mcsema-testing/SANDBOX/test-2015-12-21_15-36-50/MultiSource/Benchmarks/MiBench/telecomm-CRC32'
make[5]: Entering directory `/home/ed/mcsema-testing/SANDBOX/test-2015-12-21_15-36-50/MultiSource/Benchmarks/MiBench/telecomm-FFT'
/home/ed/mcsema-testing/llvm-test-suite/RunSafely.sh --show-errors -t "/home/ed/mcsema-testing/SANDBOX/test-2015-12-21_15-36-50/tools/timeit" 500 /dev/null Output/fftmisc.llvm.o.compile \
	  /usr/bin/clang -I/home/ed/mcsema-testing/SANDBOX/test-2015-12-21_15-36-50/MultiSource/Benchmarks/MiBench/telecomm-FFT -I/home/ed/mcsema-testing/llvm-test-suite/MultiSource/Benchmarks/MiBench/telecomm-FFT -I/home/ed/mcsema-testing/llvm-test-suite/include -I../../../../include -D_GNU_SOURCE -D__STDC_LIMIT_MACROS -DNDEBUG  -O3  -m64 -fomit-frame-pointer -c /home/ed/mcsema-testing/llvm-test-suite/MultiSource/Benchmarks/MiBench/telecomm-FFT/fftmisc.c -o Output/fftmisc.llvm.o
/home/ed/mcsema-testing/llvm-test-suite/RunSafely.sh --show-errors -t "/home/ed/mcsema-testing/SANDBOX/test-2015-12-21_15-36-50/tools/timeit" 500 /dev/null Output/fourierf.llvm.o.compile \
	  /usr/bin/clang -I/home/ed/mcsema-testing/SANDBOX/test-2015-12-21_15-36-50/MultiSource/Benchmarks/MiBench/telecomm-FFT -I/home/ed/mcsema-testing/llvm-test-suite/MultiSource/Benchmarks/MiBench/telecomm-FFT -I/home/ed/mcsema-testing/llvm-test-suite/include -I../../../../include -D_GNU_SOURCE -D__STDC_LIMIT_MACROS -DNDEBUG  -O3  -m64 -fomit-frame-pointer -c /home/ed/mcsema-testing/llvm-test-suite/MultiSource/Benchmarks/MiBench/telecomm-FFT/fourierf.c -o Output/fourierf.llvm.o
/home/ed/mcsema-testing/llvm-test-suite/RunSafely.sh --show-errors -t "/home/ed/mcsema-testing/SANDBOX/test-2015-12-21_15-36-50/tools/timeit" 500 /dev/null Output/main.llvm.o.compile \
	  /usr/bin/clang -I/home/ed/mcsema-testing/SANDBOX/test-2015-12-21_15-36-50/MultiSource/Benchmarks/MiBench/telecomm-FFT -I/home/ed/mcsema-testing/llvm-test-suite/MultiSource/Benchmarks/MiBench/telecomm-FFT -I/home/ed/mcsema-testing/llvm-test-suite/include -I../../../../include -D_GNU_SOURCE -D__STDC_LIMIT_MACROS -DNDEBUG  -O3  -m64 -fomit-frame-pointer -c /home/ed/mcsema-testing/llvm-test-suite/MultiSource/Benchmarks/MiBench/telecomm-FFT/main.c -o Output/main.llvm.o
/usr/bin/clang++ -o Output/telecomm-fft.simple Output/fftmisc.llvm.o Output/fourierf.llvm.o Output/main.llvm.o -lm   -m64 -fomit-frame-pointer
/home/ed/mcsema-testing/llvm-test-suite/RunSafely.sh -t "/home/ed/mcsema-testing/SANDBOX/test-2015-12-21_15-36-50/tools/timeit-target" 500 /dev/null Output/telecomm-fft.out-simple Output/telecomm-fft.simple 8 32768 -i
/home/ed/mcsema-testing/llvm-test-suite/HashProgramOutput.sh Output/telecomm-fft.out-simple
cp Output/telecomm-fft.simple Output/telecomm-fft.simple-hash; \
	strip --remove-section=.comment --remove-section='.note*' Output/telecomm-fft.simple-hash; \
	/home/ed/mcsema-testing/llvm-test-suite/HashProgramOutput.sh Output/telecomm-fft.simple-hash
if [ -f "/home/ed/mcsema-testing/llvm-test-suite/MultiSource/Benchmarks/MiBench/telecomm-FFT/telecomm-fft.reference_output.little-endian." ]; then \
	  cp /home/ed/mcsema-testing/llvm-test-suite/MultiSource/Benchmarks/MiBench/telecomm-FFT/telecomm-fft.reference_output.little-endian. Output/telecomm-fft.out-nat; \
	elif [ -f "/home/ed/mcsema-testing/llvm-test-suite/MultiSource/Benchmarks/MiBench/telecomm-FFT/telecomm-fft.reference_output." ]; then \
	  cp /home/ed/mcsema-testing/llvm-test-suite/MultiSource/Benchmarks/MiBench/telecomm-FFT/telecomm-fft.reference_output. Output/telecomm-fft.out-nat; \
	elif [ -f "/home/ed/mcsema-testing/llvm-test-suite/MultiSource/Benchmarks/MiBench/telecomm-FFT/telecomm-fft.reference_output.little-endian" ]; then \
	  cp /home/ed/mcsema-testing/llvm-test-suite/MultiSource/Benchmarks/MiBench/telecomm-FFT/telecomm-fft.reference_output.little-endian Output/telecomm-fft.out-nat; \
	elif [ -f "/home/ed/mcsema-testing/llvm-test-suite/MultiSource/Benchmarks/MiBench/telecomm-FFT/telecomm-fft.reference_output" ]; then \
	  cp /home/ed/mcsema-testing/llvm-test-suite/MultiSource/Benchmarks/MiBench/telecomm-FFT/telecomm-fft.reference_output Output/telecomm-fft.out-nat; \
	else \
	  printf "WARNING: %s: %s\n" "NO REFERENCE OUTPUT (using default)" "/home/ed/mcsema-testing/llvm-test-suite/MultiSource/Benchmarks/MiBench/telecomm-FFT/telecomm-fft.reference_output" > Output/telecomm-fft.out-nat; \
	  cp /home/ed/mcsema-testing/llvm-test-suite/default.reference_output Output/telecomm-fft.out-nat; \
	  cat Output/telecomm-fft.out-nat; \
	fi
# Pretend that the reference output was produced instantaneously.
cp /home/ed/mcsema-testing/llvm-test-suite/instant.txt Output/telecomm-fft.out-nat.time
/home/ed/mcsema-testing/llvm-test-suite/DiffOutput.sh "/home/ed/mcsema-testing/SANDBOX/test-2015-12-21_15-36-50/tools/fpcmp  -a 0.00001" simple telecomm-fft 
rm -f Output/telecomm-fft.exe-simple
cp Output/telecomm-fft.diff-simple Output/telecomm-fft.exe-simple
if test -f Output/telecomm-fft.extra-results.txt; then \
	  /home/ed/mcsema-testing/llvm-test-suite/ParseMultipleResults /home/ed/mcsema-testing/SANDBOX/test-2015-12-21_15-36-50/MultiSource/Benchmarks/MiBench/telecomm-FFT/telecomm-fft Output/telecomm-fft.extra-results.txt >> Output/telecomm-fft.simple.exec.report.txt; \
	fi
cat Output/telecomm-fft.simple.compile.report.txt Output/telecomm-fft.simple.exec.report.txt >> Output/telecomm-fft.simple.report.txt
---------------------------------------------------------------
>>> ========= '/home/ed/mcsema-testing/SANDBOX/test-2015-12-21_15-36-50/MultiSource/Benchmarks/MiBench/telecomm-FFT/telecomm-fft' Program
---------------------------------------------------------------

TEST-PASS: compile /home/ed/mcsema-testing/SANDBOX/test-2015-12-21_15-36-50/MultiSource/Benchmarks/MiBench/telecomm-FFT/telecomm-fft
TEST-RESULT-compile-success: pass
TEST-RESULT-compile-hash: 4f32f9756e80915305a84bc661842b8b
TEST-RESULT-compile-time: user 0.136800
TEST-RESULT-compile-real-time: real 0.194900

TEST-PASS: exec /home/ed/mcsema-testing/SANDBOX/test-2015-12-21_15-36-50/MultiSource/Benchmarks/MiBench/telecomm-FFT/telecomm-fft
TEST-RESULT-exec-success: pass
TEST-RESULT-exec-time: user       0.0320
TEST-RESULT-exec-real-time: real       0.0344
make[5]: Leaving directory `/home/ed/mcsema-testing/SANDBOX/test-2015-12-21_15-36-50/MultiSource/Benchmarks/MiBench/telecomm-FFT'
make[5]: Entering directory `/home/ed/mcsema-testing/SANDBOX/test-2015-12-21_15-36-50/MultiSource/Benchmarks/MiBench/telecomm-adpcm'
/home/ed/mcsema-testing/llvm-test-suite/RunSafely.sh --show-errors -t "/home/ed/mcsema-testing/SANDBOX/test-2015-12-21_15-36-50/tools/timeit" 500 /dev/null Output/adpcm.llvm.o.compile \
	  /usr/bin/clang -I/home/ed/mcsema-testing/SANDBOX/test-2015-12-21_15-36-50/MultiSource/Benchmarks/MiBench/telecomm-adpcm -I/home/ed/mcsema-testing/llvm-test-suite/MultiSource/Benchmarks/MiBench/telecomm-adpcm -I/home/ed/mcsema-testing/llvm-test-suite/include -I../../../../include -D_GNU_SOURCE -D__STDC_LIMIT_MACROS -DNDEBUG  -O3  -m64 -fomit-frame-pointer -c /home/ed/mcsema-testing/llvm-test-suite/MultiSource/Benchmarks/MiBench/telecomm-adpcm/adpcm.c -o Output/adpcm.llvm.o
/home/ed/mcsema-testing/llvm-test-suite/RunSafely.sh --show-errors -t "/home/ed/mcsema-testing/SANDBOX/test-2015-12-21_15-36-50/tools/timeit" 500 /dev/null Output/rawdaudio.llvm.o.compile \
	  /usr/bin/clang -I/home/ed/mcsema-testing/SANDBOX/test-2015-12-21_15-36-50/MultiSource/Benchmarks/MiBench/telecomm-adpcm -I/home/ed/mcsema-testing/llvm-test-suite/MultiSource/Benchmarks/MiBench/telecomm-adpcm -I/home/ed/mcsema-testing/llvm-test-suite/include -I../../../../include -D_GNU_SOURCE -D__STDC_LIMIT_MACROS -DNDEBUG  -O3  -m64 -fomit-frame-pointer -c /home/ed/mcsema-testing/llvm-test-suite/MultiSource/Benchmarks/MiBench/telecomm-adpcm/rawdaudio.c -o Output/rawdaudio.llvm.o
/usr/bin/clang++ -o Output/telecomm-adpcm.simple Output/adpcm.llvm.o Output/rawdaudio.llvm.o -lm   -m64 -fomit-frame-pointer
/home/ed/mcsema-testing/llvm-test-suite/RunSafely.sh -t "/home/ed/mcsema-testing/SANDBOX/test-2015-12-21_15-36-50/tools/timeit-target" 500 /home/ed/mcsema-testing/llvm-test-suite/MultiSource/Benchmarks/MiBench/telecomm-adpcm/large.adpcm Output/telecomm-adpcm.out-simple Output/telecomm-adpcm.simple 
/home/ed/mcsema-testing/llvm-test-suite/HashProgramOutput.sh Output/telecomm-adpcm.out-simple
cp Output/telecomm-adpcm.simple Output/telecomm-adpcm.simple-hash; \
	strip --remove-section=.comment --remove-section='.note*' Output/telecomm-adpcm.simple-hash; \
	/home/ed/mcsema-testing/llvm-test-suite/HashProgramOutput.sh Output/telecomm-adpcm.simple-hash
if [ -f "/home/ed/mcsema-testing/llvm-test-suite/MultiSource/Benchmarks/MiBench/telecomm-adpcm/telecomm-adpcm.reference_output.little-endian." ]; then \
	  cp /home/ed/mcsema-testing/llvm-test-suite/MultiSource/Benchmarks/MiBench/telecomm-adpcm/telecomm-adpcm.reference_output.little-endian. Output/telecomm-adpcm.out-nat; \
	elif [ -f "/home/ed/mcsema-testing/llvm-test-suite/MultiSource/Benchmarks/MiBench/telecomm-adpcm/telecomm-adpcm.reference_output." ]; then \
	  cp /home/ed/mcsema-testing/llvm-test-suite/MultiSource/Benchmarks/MiBench/telecomm-adpcm/telecomm-adpcm.reference_output. Output/telecomm-adpcm.out-nat; \
	elif [ -f "/home/ed/mcsema-testing/llvm-test-suite/MultiSource/Benchmarks/MiBench/telecomm-adpcm/telecomm-adpcm.reference_output.little-endian" ]; then \
	  cp /home/ed/mcsema-testing/llvm-test-suite/MultiSource/Benchmarks/MiBench/telecomm-adpcm/telecomm-adpcm.reference_output.little-endian Output/telecomm-adpcm.out-nat; \
	elif [ -f "/home/ed/mcsema-testing/llvm-test-suite/MultiSource/Benchmarks/MiBench/telecomm-adpcm/telecomm-adpcm.reference_output" ]; then \
	  cp /home/ed/mcsema-testing/llvm-test-suite/MultiSource/Benchmarks/MiBench/telecomm-adpcm/telecomm-adpcm.reference_output Output/telecomm-adpcm.out-nat; \
	else \
	  printf "WARNING: %s: %s\n" "NO REFERENCE OUTPUT (using default)" "/home/ed/mcsema-testing/llvm-test-suite/MultiSource/Benchmarks/MiBench/telecomm-adpcm/telecomm-adpcm.reference_output" > Output/telecomm-adpcm.out-nat; \
	  cp /home/ed/mcsema-testing/llvm-test-suite/default.reference_output Output/telecomm-adpcm.out-nat; \
	  cat Output/telecomm-adpcm.out-nat; \
	fi
# Pretend that the reference output was produced instantaneously.
cp /home/ed/mcsema-testing/llvm-test-suite/instant.txt Output/telecomm-adpcm.out-nat.time
/home/ed/mcsema-testing/llvm-test-suite/DiffOutput.sh "/home/ed/mcsema-testing/SANDBOX/test-2015-12-21_15-36-50/tools/fpcmp " simple telecomm-adpcm 
rm -f Output/telecomm-adpcm.exe-simple
cp Output/telecomm-adpcm.diff-simple Output/telecomm-adpcm.exe-simple
if test -f Output/telecomm-adpcm.extra-results.txt; then \
	  /home/ed/mcsema-testing/llvm-test-suite/ParseMultipleResults /home/ed/mcsema-testing/SANDBOX/test-2015-12-21_15-36-50/MultiSource/Benchmarks/MiBench/telecomm-adpcm/telecomm-adpcm Output/telecomm-adpcm.extra-results.txt >> Output/telecomm-adpcm.simple.exec.report.txt; \
	fi
cat Output/telecomm-adpcm.simple.compile.report.txt Output/telecomm-adpcm.simple.exec.report.txt >> Output/telecomm-adpcm.simple.report.txt
---------------------------------------------------------------
>>> ========= '/home/ed/mcsema-testing/SANDBOX/test-2015-12-21_15-36-50/MultiSource/Benchmarks/MiBench/telecomm-adpcm/telecomm-adpcm' Program
---------------------------------------------------------------

TEST-PASS: compile /home/ed/mcsema-testing/SANDBOX/test-2015-12-21_15-36-50/MultiSource/Benchmarks/MiBench/telecomm-adpcm/telecomm-adpcm
TEST-RESULT-compile-success: pass
TEST-RESULT-compile-hash: b5462b22a2276244d832eb547db9e442
TEST-RESULT-compile-time: user 0.060500
TEST-RESULT-compile-real-time: real 0.114300

TEST-PASS: exec /home/ed/mcsema-testing/SANDBOX/test-2015-12-21_15-36-50/MultiSource/Benchmarks/MiBench/telecomm-adpcm/telecomm-adpcm
TEST-RESULT-exec-success: pass
TEST-RESULT-exec-time: user       0.1381
TEST-RESULT-exec-real-time: real       0.2051
make[5]: Leaving directory `/home/ed/mcsema-testing/SANDBOX/test-2015-12-21_15-36-50/MultiSource/Benchmarks/MiBench/telecomm-adpcm'
make[5]: Entering directory `/home/ed/mcsema-testing/SANDBOX/test-2015-12-21_15-36-50/MultiSource/Benchmarks/MiBench/telecomm-gsm'
/home/ed/mcsema-testing/llvm-test-suite/RunSafely.sh --show-errors -t "/home/ed/mcsema-testing/SANDBOX/test-2015-12-21_15-36-50/tools/timeit" 500 /dev/null Output/add.llvm.o.compile \
	  /usr/bin/clang -DSTUPID_COMPILER -DNeedFunctionPrototypes=1 -DSASR -I/home/ed/mcsema-testing/SANDBOX/test-2015-12-21_15-36-50/MultiSource/Benchmarks/MiBench/telecomm-gsm -I/home/ed/mcsema-testing/llvm-test-suite/MultiSource/Benchmarks/MiBench/telecomm-gsm -I/home/ed/mcsema-testing/llvm-test-suite/include -I../../../../include -D_GNU_SOURCE -D__STDC_LIMIT_MACROS -DNDEBUG  -O3  -m64 -fomit-frame-pointer -c /home/ed/mcsema-testing/llvm-test-suite/MultiSource/Benchmarks/MiBench/telecomm-gsm/add.c -o Output/add.llvm.o
/home/ed/mcsema-testing/llvm-test-suite/RunSafely.sh --show-errors -t "/home/ed/mcsema-testing/SANDBOX/test-2015-12-21_15-36-50/tools/timeit" 500 /dev/null Output/code.llvm.o.compile \
	  /usr/bin/clang -DSTUPID_COMPILER -DNeedFunctionPrototypes=1 -DSASR -I/home/ed/mcsema-testing/SANDBOX/test-2015-12-21_15-36-50/MultiSource/Benchmarks/MiBench/telecomm-gsm -I/home/ed/mcsema-testing/llvm-test-suite/MultiSource/Benchmarks/MiBench/telecomm-gsm -I/home/ed/mcsema-testing/llvm-test-suite/include -I../../../../include -D_GNU_SOURCE -D__STDC_LIMIT_MACROS -DNDEBUG  -O3  -m64 -fomit-frame-pointer -c /home/ed/mcsema-testing/llvm-test-suite/MultiSource/Benchmarks/MiBench/telecomm-gsm/code.c -o Output/code.llvm.o
/home/ed/mcsema-testing/llvm-test-suite/RunSafely.sh --show-errors -t "/home/ed/mcsema-testing/SANDBOX/test-2015-12-21_15-36-50/tools/timeit" 500 /dev/null Output/debug.llvm.o.compile \
	  /usr/bin/clang -DSTUPID_COMPILER -DNeedFunctionPrototypes=1 -DSASR -I/home/ed/mcsema-testing/SANDBOX/test-2015-12-21_15-36-50/MultiSource/Benchmarks/MiBench/telecomm-gsm -I/home/ed/mcsema-testing/llvm-test-suite/MultiSource/Benchmarks/MiBench/telecomm-gsm -I/home/ed/mcsema-testing/llvm-test-suite/include -I../../../../include -D_GNU_SOURCE -D__STDC_LIMIT_MACROS -DNDEBUG  -O3  -m64 -fomit-frame-pointer -c /home/ed/mcsema-testing/llvm-test-suite/MultiSource/Benchmarks/MiBench/telecomm-gsm/debug.c -o Output/debug.llvm.o
/home/ed/mcsema-testing/llvm-test-suite/RunSafely.sh --show-errors -t "/home/ed/mcsema-testing/SANDBOX/test-2015-12-21_15-36-50/tools/timeit" 500 /dev/null Output/decode.llvm.o.compile \
	  /usr/bin/clang -DSTUPID_COMPILER -DNeedFunctionPrototypes=1 -DSASR -I/home/ed/mcsema-testing/SANDBOX/test-2015-12-21_15-36-50/MultiSource/Benchmarks/MiBench/telecomm-gsm -I/home/ed/mcsema-testing/llvm-test-suite/MultiSource/Benchmarks/MiBench/telecomm-gsm -I/home/ed/mcsema-testing/llvm-test-suite/include -I../../../../include -D_GNU_SOURCE -D__STDC_LIMIT_MACROS -DNDEBUG  -O3  -m64 -fomit-frame-pointer -c /home/ed/mcsema-testing/llvm-test-suite/MultiSource/Benchmarks/MiBench/telecomm-gsm/decode.c -o Output/decode.llvm.o
/home/ed/mcsema-testing/llvm-test-suite/RunSafely.sh --show-errors -t "/home/ed/mcsema-testing/SANDBOX/test-2015-12-21_15-36-50/tools/timeit" 500 /dev/null Output/gsm_create.llvm.o.compile \
	  /usr/bin/clang -DSTUPID_COMPILER -DNeedFunctionPrototypes=1 -DSASR -I/home/ed/mcsema-testing/SANDBOX/test-2015-12-21_15-36-50/MultiSource/Benchmarks/MiBench/telecomm-gsm -I/home/ed/mcsema-testing/llvm-test-suite/MultiSource/Benchmarks/MiBench/telecomm-gsm -I/home/ed/mcsema-testing/llvm-test-suite/include -I../../../../include -D_GNU_SOURCE -D__STDC_LIMIT_MACROS -DNDEBUG  -O3  -m64 -fomit-frame-pointer -c /home/ed/mcsema-testing/llvm-test-suite/MultiSource/Benchmarks/MiBench/telecomm-gsm/gsm_create.c -o Output/gsm_create.llvm.o
/home/ed/mcsema-testing/llvm-test-suite/RunSafely.sh --show-errors -t "/home/ed/mcsema-testing/SANDBOX/test-2015-12-21_15-36-50/tools/timeit" 500 /dev/null Output/gsm_decode.llvm.o.compile \
	  /usr/bin/clang -DSTUPID_COMPILER -DNeedFunctionPrototypes=1 -DSASR -I/home/ed/mcsema-testing/SANDBOX/test-2015-12-21_15-36-50/MultiSource/Benchmarks/MiBench/telecomm-gsm -I/home/ed/mcsema-testing/llvm-test-suite/MultiSource/Benchmarks/MiBench/telecomm-gsm -I/home/ed/mcsema-testing/llvm-test-suite/include -I../../../../include -D_GNU_SOURCE -D__STDC_LIMIT_MACROS -DNDEBUG  -O3  -m64 -fomit-frame-pointer -c /home/ed/mcsema-testing/llvm-test-suite/MultiSource/Benchmarks/MiBench/telecomm-gsm/gsm_decode.c -o Output/gsm_decode.llvm.o
/home/ed/mcsema-testing/llvm-test-suite/RunSafely.sh --show-errors -t "/home/ed/mcsema-testing/SANDBOX/test-2015-12-21_15-36-50/tools/timeit" 500 /dev/null Output/gsm_destroy.llvm.o.compile \
	  /usr/bin/clang -DSTUPID_COMPILER -DNeedFunctionPrototypes=1 -DSASR -I/home/ed/mcsema-testing/SANDBOX/test-2015-12-21_15-36-50/MultiSource/Benchmarks/MiBench/telecomm-gsm -I/home/ed/mcsema-testing/llvm-test-suite/MultiSource/Benchmarks/MiBench/telecomm-gsm -I/home/ed/mcsema-testing/llvm-test-suite/include -I../../../../include -D_GNU_SOURCE -D__STDC_LIMIT_MACROS -DNDEBUG  -O3  -m64 -fomit-frame-pointer -c /home/ed/mcsema-testing/llvm-test-suite/MultiSource/Benchmarks/MiBench/telecomm-gsm/gsm_destroy.c -o Output/gsm_destroy.llvm.o
/home/ed/mcsema-testing/llvm-test-suite/RunSafely.sh --show-errors -t "/home/ed/mcsema-testing/SANDBOX/test-2015-12-21_15-36-50/tools/timeit" 500 /dev/null Output/gsm_encode.llvm.o.compile \
	  /usr/bin/clang -DSTUPID_COMPILER -DNeedFunctionPrototypes=1 -DSASR -I/home/ed/mcsema-testing/SANDBOX/test-2015-12-21_15-36-50/MultiSource/Benchmarks/MiBench/telecomm-gsm -I/home/ed/mcsema-testing/llvm-test-suite/MultiSource/Benchmarks/MiBench/telecomm-gsm -I/home/ed/mcsema-testing/llvm-test-suite/include -I../../../../include -D_GNU_SOURCE -D__STDC_LIMIT_MACROS -DNDEBUG  -O3  -m64 -fomit-frame-pointer -c /home/ed/mcsema-testing/llvm-test-suite/MultiSource/Benchmarks/MiBench/telecomm-gsm/gsm_encode.c -o Output/gsm_encode.llvm.o
/home/ed/mcsema-testing/llvm-test-suite/RunSafely.sh --show-errors -t "/home/ed/mcsema-testing/SANDBOX/test-2015-12-21_15-36-50/tools/timeit" 500 /dev/null Output/gsm_explode.llvm.o.compile \
	  /usr/bin/clang -DSTUPID_COMPILER -DNeedFunctionPrototypes=1 -DSASR -I/home/ed/mcsema-testing/SANDBOX/test-2015-12-21_15-36-50/MultiSource/Benchmarks/MiBench/telecomm-gsm -I/home/ed/mcsema-testing/llvm-test-suite/MultiSource/Benchmarks/MiBench/telecomm-gsm -I/home/ed/mcsema-testing/llvm-test-suite/include -I../../../../include -D_GNU_SOURCE -D__STDC_LIMIT_MACROS -DNDEBUG  -O3  -m64 -fomit-frame-pointer -c /home/ed/mcsema-testing/llvm-test-suite/MultiSource/Benchmarks/MiBench/telecomm-gsm/gsm_explode.c -o Output/gsm_explode.llvm.o
/home/ed/mcsema-testing/llvm-test-suite/RunSafely.sh --show-errors -t "/home/ed/mcsema-testing/SANDBOX/test-2015-12-21_15-36-50/tools/timeit" 500 /dev/null Output/gsm_implode.llvm.o.compile \
	  /usr/bin/clang -DSTUPID_COMPILER -DNeedFunctionPrototypes=1 -DSASR -I/home/ed/mcsema-testing/SANDBOX/test-2015-12-21_15-36-50/MultiSource/Benchmarks/MiBench/telecomm-gsm -I/home/ed/mcsema-testing/llvm-test-suite/MultiSource/Benchmarks/MiBench/telecomm-gsm -I/home/ed/mcsema-testing/llvm-test-suite/include -I../../../../include -D_GNU_SOURCE -D__STDC_LIMIT_MACROS -DNDEBUG  -O3  -m64 -fomit-frame-pointer -c /home/ed/mcsema-testing/llvm-test-suite/MultiSource/Benchmarks/MiBench/telecomm-gsm/gsm_implode.c -o Output/gsm_implode.llvm.o
/home/ed/mcsema-testing/llvm-test-suite/RunSafely.sh --show-errors -t "/home/ed/mcsema-testing/SANDBOX/test-2015-12-21_15-36-50/tools/timeit" 500 /dev/null Output/gsm_option.llvm.o.compile \
	  /usr/bin/clang -DSTUPID_COMPILER -DNeedFunctionPrototypes=1 -DSASR -I/home/ed/mcsema-testing/SANDBOX/test-2015-12-21_15-36-50/MultiSource/Benchmarks/MiBench/telecomm-gsm -I/home/ed/mcsema-testing/llvm-test-suite/MultiSource/Benchmarks/MiBench/telecomm-gsm -I/home/ed/mcsema-testing/llvm-test-suite/include -I../../../../include -D_GNU_SOURCE -D__STDC_LIMIT_MACROS -DNDEBUG  -O3  -m64 -fomit-frame-pointer -c /home/ed/mcsema-testing/llvm-test-suite/MultiSource/Benchmarks/MiBench/telecomm-gsm/gsm_option.c -o Output/gsm_option.llvm.o
/home/ed/mcsema-testing/llvm-test-suite/RunSafely.sh --show-errors -t "/home/ed/mcsema-testing/SANDBOX/test-2015-12-21_15-36-50/tools/timeit" 500 /dev/null Output/gsm_print.llvm.o.compile \
	  /usr/bin/clang -DSTUPID_COMPILER -DNeedFunctionPrototypes=1 -DSASR -I/home/ed/mcsema-testing/SANDBOX/test-2015-12-21_15-36-50/MultiSource/Benchmarks/MiBench/telecomm-gsm -I/home/ed/mcsema-testing/llvm-test-suite/MultiSource/Benchmarks/MiBench/telecomm-gsm -I/home/ed/mcsema-testing/llvm-test-suite/include -I../../../../include -D_GNU_SOURCE -D__STDC_LIMIT_MACROS -DNDEBUG  -O3  -m64 -fomit-frame-pointer -c /home/ed/mcsema-testing/llvm-test-suite/MultiSource/Benchmarks/MiBench/telecomm-gsm/gsm_print.c -o Output/gsm_print.llvm.o
/home/ed/mcsema-testing/llvm-test-suite/RunSafely.sh --show-errors -t "/home/ed/mcsema-testing/SANDBOX/test-2015-12-21_15-36-50/tools/timeit" 500 /dev/null Output/long_term.llvm.o.compile \
	  /usr/bin/clang -DSTUPID_COMPILER -DNeedFunctionPrototypes=1 -DSASR -I/home/ed/mcsema-testing/SANDBOX/test-2015-12-21_15-36-50/MultiSource/Benchmarks/MiBench/telecomm-gsm -I/home/ed/mcsema-testing/llvm-test-suite/MultiSource/Benchmarks/MiBench/telecomm-gsm -I/home/ed/mcsema-testing/llvm-test-suite/include -I../../../../include -D_GNU_SOURCE -D__STDC_LIMIT_MACROS -DNDEBUG  -O3  -m64 -fomit-frame-pointer -c /home/ed/mcsema-testing/llvm-test-suite/MultiSource/Benchmarks/MiBench/telecomm-gsm/long_term.c -o Output/long_term.llvm.o
/home/ed/mcsema-testing/llvm-test-suite/RunSafely.sh --show-errors -t "/home/ed/mcsema-testing/SANDBOX/test-2015-12-21_15-36-50/tools/timeit" 500 /dev/null Output/lpc.llvm.o.compile \
	  /usr/bin/clang -DSTUPID_COMPILER -DNeedFunctionPrototypes=1 -DSASR -I/home/ed/mcsema-testing/SANDBOX/test-2015-12-21_15-36-50/MultiSource/Benchmarks/MiBench/telecomm-gsm -I/home/ed/mcsema-testing/llvm-test-suite/MultiSource/Benchmarks/MiBench/telecomm-gsm -I/home/ed/mcsema-testing/llvm-test-suite/include -I../../../../include -D_GNU_SOURCE -D__STDC_LIMIT_MACROS -DNDEBUG  -O3  -m64 -fomit-frame-pointer -c /home/ed/mcsema-testing/llvm-test-suite/MultiSource/Benchmarks/MiBench/telecomm-gsm/lpc.c -o Output/lpc.llvm.o
/home/ed/mcsema-testing/llvm-test-suite/RunSafely.sh --show-errors -t "/home/ed/mcsema-testing/SANDBOX/test-2015-12-21_15-36-50/tools/timeit" 500 /dev/null Output/preprocess.llvm.o.compile \
	  /usr/bin/clang -DSTUPID_COMPILER -DNeedFunctionPrototypes=1 -DSASR -I/home/ed/mcsema-testing/SANDBOX/test-2015-12-21_15-36-50/MultiSource/Benchmarks/MiBench/telecomm-gsm -I/home/ed/mcsema-testing/llvm-test-suite/MultiSource/Benchmarks/MiBench/telecomm-gsm -I/home/ed/mcsema-testing/llvm-test-suite/include -I../../../../include -D_GNU_SOURCE -D__STDC_LIMIT_MACROS -DNDEBUG  -O3  -m64 -fomit-frame-pointer -c /home/ed/mcsema-testing/llvm-test-suite/MultiSource/Benchmarks/MiBench/telecomm-gsm/preprocess.c -o Output/preprocess.llvm.o
/home/ed/mcsema-testing/llvm-test-suite/RunSafely.sh --show-errors -t "/home/ed/mcsema-testing/SANDBOX/test-2015-12-21_15-36-50/tools/timeit" 500 /dev/null Output/rpe.llvm.o.compile \
	  /usr/bin/clang -DSTUPID_COMPILER -DNeedFunctionPrototypes=1 -DSASR -I/home/ed/mcsema-testing/SANDBOX/test-2015-12-21_15-36-50/MultiSource/Benchmarks/MiBench/telecomm-gsm -I/home/ed/mcsema-testing/llvm-test-suite/MultiSource/Benchmarks/MiBench/telecomm-gsm -I/home/ed/mcsema-testing/llvm-test-suite/include -I../../../../include -D_GNU_SOURCE -D__STDC_LIMIT_MACROS -DNDEBUG  -O3  -m64 -fomit-frame-pointer -c /home/ed/mcsema-testing/llvm-test-suite/MultiSource/Benchmarks/MiBench/telecomm-gsm/rpe.c -o Output/rpe.llvm.o
/home/ed/mcsema-testing/llvm-test-suite/RunSafely.sh --show-errors -t "/home/ed/mcsema-testing/SANDBOX/test-2015-12-21_15-36-50/tools/timeit" 500 /dev/null Output/short_term.llvm.o.compile \
	  /usr/bin/clang -DSTUPID_COMPILER -DNeedFunctionPrototypes=1 -DSASR -I/home/ed/mcsema-testing/SANDBOX/test-2015-12-21_15-36-50/MultiSource/Benchmarks/MiBench/telecomm-gsm -I/home/ed/mcsema-testing/llvm-test-suite/MultiSource/Benchmarks/MiBench/telecomm-gsm -I/home/ed/mcsema-testing/llvm-test-suite/include -I../../../../include -D_GNU_SOURCE -D__STDC_LIMIT_MACROS -DNDEBUG  -O3  -m64 -fomit-frame-pointer -c /home/ed/mcsema-testing/llvm-test-suite/MultiSource/Benchmarks/MiBench/telecomm-gsm/short_term.c -o Output/short_term.llvm.o
/home/ed/mcsema-testing/llvm-test-suite/RunSafely.sh --show-errors -t "/home/ed/mcsema-testing/SANDBOX/test-2015-12-21_15-36-50/tools/timeit" 500 /dev/null Output/table.llvm.o.compile \
	  /usr/bin/clang -DSTUPID_COMPILER -DNeedFunctionPrototypes=1 -DSASR -I/home/ed/mcsema-testing/SANDBOX/test-2015-12-21_15-36-50/MultiSource/Benchmarks/MiBench/telecomm-gsm -I/home/ed/mcsema-testing/llvm-test-suite/MultiSource/Benchmarks/MiBench/telecomm-gsm -I/home/ed/mcsema-testing/llvm-test-suite/include -I../../../../include -D_GNU_SOURCE -D__STDC_LIMIT_MACROS -DNDEBUG  -O3  -m64 -fomit-frame-pointer -c /home/ed/mcsema-testing/llvm-test-suite/MultiSource/Benchmarks/MiBench/telecomm-gsm/table.c -o Output/table.llvm.o
/home/ed/mcsema-testing/llvm-test-suite/RunSafely.sh --show-errors -t "/home/ed/mcsema-testing/SANDBOX/test-2015-12-21_15-36-50/tools/timeit" 500 /dev/null Output/toast.llvm.o.compile \
	  /usr/bin/clang -DSTUPID_COMPILER -DNeedFunctionPrototypes=1 -DSASR -I/home/ed/mcsema-testing/SANDBOX/test-2015-12-21_15-36-50/MultiSource/Benchmarks/MiBench/telecomm-gsm -I/home/ed/mcsema-testing/llvm-test-suite/MultiSource/Benchmarks/MiBench/telecomm-gsm -I/home/ed/mcsema-testing/llvm-test-suite/include -I../../../../include -D_GNU_SOURCE -D__STDC_LIMIT_MACROS -DNDEBUG  -O3  -m64 -fomit-frame-pointer -c /home/ed/mcsema-testing/llvm-test-suite/MultiSource/Benchmarks/MiBench/telecomm-gsm/toast.c -o Output/toast.llvm.o
/home/ed/mcsema-testing/llvm-test-suite/RunSafely.sh --show-errors -t "/home/ed/mcsema-testing/SANDBOX/test-2015-12-21_15-36-50/tools/timeit" 500 /dev/null Output/toast_alaw.llvm.o.compile \
	  /usr/bin/clang -DSTUPID_COMPILER -DNeedFunctionPrototypes=1 -DSASR -I/home/ed/mcsema-testing/SANDBOX/test-2015-12-21_15-36-50/MultiSource/Benchmarks/MiBench/telecomm-gsm -I/home/ed/mcsema-testing/llvm-test-suite/MultiSource/Benchmarks/MiBench/telecomm-gsm -I/home/ed/mcsema-testing/llvm-test-suite/include -I../../../../include -D_GNU_SOURCE -D__STDC_LIMIT_MACROS -DNDEBUG  -O3  -m64 -fomit-frame-pointer -c /home/ed/mcsema-testing/llvm-test-suite/MultiSource/Benchmarks/MiBench/telecomm-gsm/toast_alaw.c -o Output/toast_alaw.llvm.o
/home/ed/mcsema-testing/llvm-test-suite/RunSafely.sh --show-errors -t "/home/ed/mcsema-testing/SANDBOX/test-2015-12-21_15-36-50/tools/timeit" 500 /dev/null Output/toast_audio.llvm.o.compile \
	  /usr/bin/clang -DSTUPID_COMPILER -DNeedFunctionPrototypes=1 -DSASR -I/home/ed/mcsema-testing/SANDBOX/test-2015-12-21_15-36-50/MultiSource/Benchmarks/MiBench/telecomm-gsm -I/home/ed/mcsema-testing/llvm-test-suite/MultiSource/Benchmarks/MiBench/telecomm-gsm -I/home/ed/mcsema-testing/llvm-test-suite/include -I../../../../include -D_GNU_SOURCE -D__STDC_LIMIT_MACROS -DNDEBUG  -O3  -m64 -fomit-frame-pointer -c /home/ed/mcsema-testing/llvm-test-suite/MultiSource/Benchmarks/MiBench/telecomm-gsm/toast_audio.c -o Output/toast_audio.llvm.o
/home/ed/mcsema-testing/llvm-test-suite/RunSafely.sh --show-errors -t "/home/ed/mcsema-testing/SANDBOX/test-2015-12-21_15-36-50/tools/timeit" 500 /dev/null Output/toast_lin.llvm.o.compile \
	  /usr/bin/clang -DSTUPID_COMPILER -DNeedFunctionPrototypes=1 -DSASR -I/home/ed/mcsema-testing/SANDBOX/test-2015-12-21_15-36-50/MultiSource/Benchmarks/MiBench/telecomm-gsm -I/home/ed/mcsema-testing/llvm-test-suite/MultiSource/Benchmarks/MiBench/telecomm-gsm -I/home/ed/mcsema-testing/llvm-test-suite/include -I../../../../include -D_GNU_SOURCE -D__STDC_LIMIT_MACROS -DNDEBUG  -O3  -m64 -fomit-frame-pointer -c /home/ed/mcsema-testing/llvm-test-suite/MultiSource/Benchmarks/MiBench/telecomm-gsm/toast_lin.c -o Output/toast_lin.llvm.o
/home/ed/mcsema-testing/llvm-test-suite/RunSafely.sh --show-errors -t "/home/ed/mcsema-testing/SANDBOX/test-2015-12-21_15-36-50/tools/timeit" 500 /dev/null Output/toast_ulaw.llvm.o.compile \
	  /usr/bin/clang -DSTUPID_COMPILER -DNeedFunctionPrototypes=1 -DSASR -I/home/ed/mcsema-testing/SANDBOX/test-2015-12-21_15-36-50/MultiSource/Benchmarks/MiBench/telecomm-gsm -I/home/ed/mcsema-testing/llvm-test-suite/MultiSource/Benchmarks/MiBench/telecomm-gsm -I/home/ed/mcsema-testing/llvm-test-suite/include -I../../../../include -D_GNU_SOURCE -D__STDC_LIMIT_MACROS -DNDEBUG  -O3  -m64 -fomit-frame-pointer -c /home/ed/mcsema-testing/llvm-test-suite/MultiSource/Benchmarks/MiBench/telecomm-gsm/toast_ulaw.c -o Output/toast_ulaw.llvm.o
/usr/bin/clang++ -o Output/telecomm-gsm.simple Output/add.llvm.o Output/code.llvm.o Output/debug.llvm.o Output/decode.llvm.o Output/gsm_create.llvm.o Output/gsm_decode.llvm.o Output/gsm_destroy.llvm.o Output/gsm_encode.llvm.o Output/gsm_explode.llvm.o Output/gsm_implode.llvm.o Output/gsm_option.llvm.o Output/gsm_print.llvm.o Output/long_term.llvm.o Output/lpc.llvm.o Output/preprocess.llvm.o Output/rpe.llvm.o Output/short_term.llvm.o Output/table.llvm.o Output/toast.llvm.o Output/toast_alaw.llvm.o Output/toast_audio.llvm.o Output/toast_lin.llvm.o Output/toast_ulaw.llvm.o -lm   -m64 -fomit-frame-pointer
/home/ed/mcsema-testing/llvm-test-suite/RunSafely.sh -t "/home/ed/mcsema-testing/SANDBOX/test-2015-12-21_15-36-50/tools/timeit-target" 500 /dev/null Output/telecomm-gsm.out-simple Output/telecomm-gsm.simple -fps -c /home/ed/mcsema-testing/llvm-test-suite/MultiSource/Benchmarks/MiBench/telecomm-gsm/large.au
/home/ed/mcsema-testing/llvm-test-suite/HashProgramOutput.sh Output/telecomm-gsm.out-simple
cp Output/telecomm-gsm.simple Output/telecomm-gsm.simple-hash; \
	strip --remove-section=.comment --remove-section='.note*' Output/telecomm-gsm.simple-hash; \
	/home/ed/mcsema-testing/llvm-test-suite/HashProgramOutput.sh Output/telecomm-gsm.simple-hash
if [ -f "/home/ed/mcsema-testing/llvm-test-suite/MultiSource/Benchmarks/MiBench/telecomm-gsm/telecomm-gsm.reference_output.little-endian." ]; then \
	  cp /home/ed/mcsema-testing/llvm-test-suite/MultiSource/Benchmarks/MiBench/telecomm-gsm/telecomm-gsm.reference_output.little-endian. Output/telecomm-gsm.out-nat; \
	elif [ -f "/home/ed/mcsema-testing/llvm-test-suite/MultiSource/Benchmarks/MiBench/telecomm-gsm/telecomm-gsm.reference_output." ]; then \
	  cp /home/ed/mcsema-testing/llvm-test-suite/MultiSource/Benchmarks/MiBench/telecomm-gsm/telecomm-gsm.reference_output. Output/telecomm-gsm.out-nat; \
	elif [ -f "/home/ed/mcsema-testing/llvm-test-suite/MultiSource/Benchmarks/MiBench/telecomm-gsm/telecomm-gsm.reference_output.little-endian" ]; then \
	  cp /home/ed/mcsema-testing/llvm-test-suite/MultiSource/Benchmarks/MiBench/telecomm-gsm/telecomm-gsm.reference_output.little-endian Output/telecomm-gsm.out-nat; \
	elif [ -f "/home/ed/mcsema-testing/llvm-test-suite/MultiSource/Benchmarks/MiBench/telecomm-gsm/telecomm-gsm.reference_output" ]; then \
	  cp /home/ed/mcsema-testing/llvm-test-suite/MultiSource/Benchmarks/MiBench/telecomm-gsm/telecomm-gsm.reference_output Output/telecomm-gsm.out-nat; \
	else \
	  printf "WARNING: %s: %s\n" "NO REFERENCE OUTPUT (using default)" "/home/ed/mcsema-testing/llvm-test-suite/MultiSource/Benchmarks/MiBench/telecomm-gsm/telecomm-gsm.reference_output" > Output/telecomm-gsm.out-nat; \
	  cp /home/ed/mcsema-testing/llvm-test-suite/default.reference_output Output/telecomm-gsm.out-nat; \
	  cat Output/telecomm-gsm.out-nat; \
	fi
# Pretend that the reference output was produced instantaneously.
cp /home/ed/mcsema-testing/llvm-test-suite/instant.txt Output/telecomm-gsm.out-nat.time
/home/ed/mcsema-testing/llvm-test-suite/DiffOutput.sh "/home/ed/mcsema-testing/SANDBOX/test-2015-12-21_15-36-50/tools/fpcmp " simple telecomm-gsm 
rm -f Output/telecomm-gsm.exe-simple
cp Output/telecomm-gsm.diff-simple Output/telecomm-gsm.exe-simple
if test -f Output/telecomm-gsm.extra-results.txt; then \
	  /home/ed/mcsema-testing/llvm-test-suite/ParseMultipleResults /home/ed/mcsema-testing/SANDBOX/test-2015-12-21_15-36-50/MultiSource/Benchmarks/MiBench/telecomm-gsm/telecomm-gsm Output/telecomm-gsm.extra-results.txt >> Output/telecomm-gsm.simple.exec.report.txt; \
	fi
cat Output/telecomm-gsm.simple.compile.report.txt Output/telecomm-gsm.simple.exec.report.txt >> Output/telecomm-gsm.simple.report.txt
---------------------------------------------------------------
>>> ========= '/home/ed/mcsema-testing/SANDBOX/test-2015-12-21_15-36-50/MultiSource/Benchmarks/MiBench/telecomm-gsm/telecomm-gsm' Program
---------------------------------------------------------------

TEST-PASS: compile /home/ed/mcsema-testing/SANDBOX/test-2015-12-21_15-36-50/MultiSource/Benchmarks/MiBench/telecomm-gsm/telecomm-gsm
TEST-RESULT-compile-success: pass
TEST-RESULT-compile-hash: 17e040f4098232bd4ca172e27b57dd8a
TEST-RESULT-compile-time: user 1.027500
TEST-RESULT-compile-real-time: real 1.470000

TEST-PASS: exec /home/ed/mcsema-testing/SANDBOX/test-2015-12-21_15-36-50/MultiSource/Benchmarks/MiBench/telecomm-gsm/telecomm-gsm
TEST-RESULT-exec-success: pass
TEST-RESULT-exec-time: user       0.1330
TEST-RESULT-exec-real-time: real       0.1373
make[5]: Leaving directory `/home/ed/mcsema-testing/SANDBOX/test-2015-12-21_15-36-50/MultiSource/Benchmarks/MiBench/telecomm-gsm'
make[4]: Leaving directory `/home/ed/mcsema-testing/SANDBOX/test-2015-12-21_15-36-50/MultiSource/Benchmarks/MiBench'
make[4]: Entering directory `/home/ed/mcsema-testing/SANDBOX/test-2015-12-21_15-36-50/MultiSource/Benchmarks/Trimaran'
make[5]: Entering directory `/home/ed/mcsema-testing/SANDBOX/test-2015-12-21_15-36-50/MultiSource/Benchmarks/Trimaran/enc-3des'
/home/ed/mcsema-testing/llvm-test-suite/RunSafely.sh --show-errors -t "/home/ed/mcsema-testing/SANDBOX/test-2015-12-21_15-36-50/tools/timeit" 500 /dev/null Output/des.llvm.o.compile \
	  /usr/bin/clang -I/home/ed/mcsema-testing/SANDBOX/test-2015-12-21_15-36-50/MultiSource/Benchmarks/Trimaran/enc-3des -I/home/ed/mcsema-testing/llvm-test-suite/MultiSource/Benchmarks/Trimaran/enc-3des -I/home/ed/mcsema-testing/llvm-test-suite/include -I../../../../include -D_GNU_SOURCE -D__STDC_LIMIT_MACROS -DNDEBUG  -O3  -m64 -fomit-frame-pointer -c /home/ed/mcsema-testing/llvm-test-suite/MultiSource/Benchmarks/Trimaran/enc-3des/des.c -o Output/des.llvm.o
/usr/bin/clang++ -o Output/enc-3des.simple Output/des.llvm.o    -m64 -fomit-frame-pointer
/home/ed/mcsema-testing/llvm-test-suite/RunSafely.sh -t "/home/ed/mcsema-testing/SANDBOX/test-2015-12-21_15-36-50/tools/timeit-target" 500 /dev/null Output/enc-3des.out-simple Output/enc-3des.simple 100
cp Output/enc-3des.simple Output/enc-3des.simple-hash; \
	strip --remove-section=.comment --remove-section='.note*' Output/enc-3des.simple-hash; \
	/home/ed/mcsema-testing/llvm-test-suite/HashProgramOutput.sh Output/enc-3des.simple-hash
if [ -f "/home/ed/mcsema-testing/llvm-test-suite/MultiSource/Benchmarks/Trimaran/enc-3des/enc-3des.reference_output.little-endian." ]; then \
	  cp /home/ed/mcsema-testing/llvm-test-suite/MultiSource/Benchmarks/Trimaran/enc-3des/enc-3des.reference_output.little-endian. Output/enc-3des.out-nat; \
	elif [ -f "/home/ed/mcsema-testing/llvm-test-suite/MultiSource/Benchmarks/Trimaran/enc-3des/enc-3des.reference_output." ]; then \
	  cp /home/ed/mcsema-testing/llvm-test-suite/MultiSource/Benchmarks/Trimaran/enc-3des/enc-3des.reference_output. Output/enc-3des.out-nat; \
	elif [ -f "/home/ed/mcsema-testing/llvm-test-suite/MultiSource/Benchmarks/Trimaran/enc-3des/enc-3des.reference_output.little-endian" ]; then \
	  cp /home/ed/mcsema-testing/llvm-test-suite/MultiSource/Benchmarks/Trimaran/enc-3des/enc-3des.reference_output.little-endian Output/enc-3des.out-nat; \
	elif [ -f "/home/ed/mcsema-testing/llvm-test-suite/MultiSource/Benchmarks/Trimaran/enc-3des/enc-3des.reference_output" ]; then \
	  cp /home/ed/mcsema-testing/llvm-test-suite/MultiSource/Benchmarks/Trimaran/enc-3des/enc-3des.reference_output Output/enc-3des.out-nat; \
	else \
	  printf "WARNING: %s: %s\n" "NO REFERENCE OUTPUT (using default)" "/home/ed/mcsema-testing/llvm-test-suite/MultiSource/Benchmarks/Trimaran/enc-3des/enc-3des.reference_output" > Output/enc-3des.out-nat; \
	  cp /home/ed/mcsema-testing/llvm-test-suite/default.reference_output Output/enc-3des.out-nat; \
	  cat Output/enc-3des.out-nat; \
	fi
# Pretend that the reference output was produced instantaneously.
cp /home/ed/mcsema-testing/llvm-test-suite/instant.txt Output/enc-3des.out-nat.time
/home/ed/mcsema-testing/llvm-test-suite/DiffOutput.sh "/home/ed/mcsema-testing/SANDBOX/test-2015-12-21_15-36-50/tools/fpcmp " simple enc-3des 
rm -f Output/enc-3des.exe-simple
cp Output/enc-3des.diff-simple Output/enc-3des.exe-simple
if test -f Output/enc-3des.extra-results.txt; then \
	  /home/ed/mcsema-testing/llvm-test-suite/ParseMultipleResults /home/ed/mcsema-testing/SANDBOX/test-2015-12-21_15-36-50/MultiSource/Benchmarks/Trimaran/enc-3des/enc-3des Output/enc-3des.extra-results.txt >> Output/enc-3des.simple.exec.report.txt; \
	fi
cat Output/enc-3des.simple.compile.report.txt Output/enc-3des.simple.exec.report.txt >> Output/enc-3des.simple.report.txt
---------------------------------------------------------------
>>> ========= '/home/ed/mcsema-testing/SANDBOX/test-2015-12-21_15-36-50/MultiSource/Benchmarks/Trimaran/enc-3des/enc-3des' Program
---------------------------------------------------------------

TEST-PASS: compile /home/ed/mcsema-testing/SANDBOX/test-2015-12-21_15-36-50/MultiSource/Benchmarks/Trimaran/enc-3des/enc-3des
TEST-RESULT-compile-success: pass
TEST-RESULT-compile-hash: 4f8debbaaf3423cd39fbc693cae89ab4
TEST-RESULT-compile-time: user 0.218400
TEST-RESULT-compile-real-time: real 0.261800

TEST-PASS: exec /home/ed/mcsema-testing/SANDBOX/test-2015-12-21_15-36-50/MultiSource/Benchmarks/Trimaran/enc-3des/enc-3des
TEST-RESULT-exec-success: pass
TEST-RESULT-exec-time: user       1.5898
TEST-RESULT-exec-real-time: real       1.5942
make[5]: Leaving directory `/home/ed/mcsema-testing/SANDBOX/test-2015-12-21_15-36-50/MultiSource/Benchmarks/Trimaran/enc-3des'
make[5]: Entering directory `/home/ed/mcsema-testing/SANDBOX/test-2015-12-21_15-36-50/MultiSource/Benchmarks/Trimaran/enc-md5'
/home/ed/mcsema-testing/llvm-test-suite/RunSafely.sh --show-errors -t "/home/ed/mcsema-testing/SANDBOX/test-2015-12-21_15-36-50/tools/timeit" 500 /dev/null Output/md5.llvm.o.compile \
	  /usr/bin/clang -I/home/ed/mcsema-testing/SANDBOX/test-2015-12-21_15-36-50/MultiSource/Benchmarks/Trimaran/enc-md5 -I/home/ed/mcsema-testing/llvm-test-suite/MultiSource/Benchmarks/Trimaran/enc-md5 -I/home/ed/mcsema-testing/llvm-test-suite/include -I../../../../include -D_GNU_SOURCE -D__STDC_LIMIT_MACROS -DNDEBUG  -O3  -m64 -fomit-frame-pointer -c /home/ed/mcsema-testing/llvm-test-suite/MultiSource/Benchmarks/Trimaran/enc-md5/md5.c -o Output/md5.llvm.o
/usr/bin/clang++ -o Output/enc-md5.simple Output/md5.llvm.o    -m64 -fomit-frame-pointer
/home/ed/mcsema-testing/llvm-test-suite/RunSafely.sh -t "/home/ed/mcsema-testing/SANDBOX/test-2015-12-21_15-36-50/tools/timeit-target" 500 /dev/null Output/enc-md5.out-simple Output/enc-md5.simple 10
cp Output/enc-md5.simple Output/enc-md5.simple-hash; \
	strip --remove-section=.comment --remove-section='.note*' Output/enc-md5.simple-hash; \
	/home/ed/mcsema-testing/llvm-test-suite/HashProgramOutput.sh Output/enc-md5.simple-hash
if [ -f "/home/ed/mcsema-testing/llvm-test-suite/MultiSource/Benchmarks/Trimaran/enc-md5/enc-md5.reference_output.little-endian." ]; then \
	  cp /home/ed/mcsema-testing/llvm-test-suite/MultiSource/Benchmarks/Trimaran/enc-md5/enc-md5.reference_output.little-endian. Output/enc-md5.out-nat; \
	elif [ -f "/home/ed/mcsema-testing/llvm-test-suite/MultiSource/Benchmarks/Trimaran/enc-md5/enc-md5.reference_output." ]; then \
	  cp /home/ed/mcsema-testing/llvm-test-suite/MultiSource/Benchmarks/Trimaran/enc-md5/enc-md5.reference_output. Output/enc-md5.out-nat; \
	elif [ -f "/home/ed/mcsema-testing/llvm-test-suite/MultiSource/Benchmarks/Trimaran/enc-md5/enc-md5.reference_output.little-endian" ]; then \
	  cp /home/ed/mcsema-testing/llvm-test-suite/MultiSource/Benchmarks/Trimaran/enc-md5/enc-md5.reference_output.little-endian Output/enc-md5.out-nat; \
	elif [ -f "/home/ed/mcsema-testing/llvm-test-suite/MultiSource/Benchmarks/Trimaran/enc-md5/enc-md5.reference_output" ]; then \
	  cp /home/ed/mcsema-testing/llvm-test-suite/MultiSource/Benchmarks/Trimaran/enc-md5/enc-md5.reference_output Output/enc-md5.out-nat; \
	else \
	  printf "WARNING: %s: %s\n" "NO REFERENCE OUTPUT (using default)" "/home/ed/mcsema-testing/llvm-test-suite/MultiSource/Benchmarks/Trimaran/enc-md5/enc-md5.reference_output" > Output/enc-md5.out-nat; \
	  cp /home/ed/mcsema-testing/llvm-test-suite/default.reference_output Output/enc-md5.out-nat; \
	  cat Output/enc-md5.out-nat; \
	fi
# Pretend that the reference output was produced instantaneously.
cp /home/ed/mcsema-testing/llvm-test-suite/instant.txt Output/enc-md5.out-nat.time
/home/ed/mcsema-testing/llvm-test-suite/DiffOutput.sh "/home/ed/mcsema-testing/SANDBOX/test-2015-12-21_15-36-50/tools/fpcmp " simple enc-md5 
rm -f Output/enc-md5.exe-simple
cp Output/enc-md5.diff-simple Output/enc-md5.exe-simple
if test -f Output/enc-md5.extra-results.txt; then \
	  /home/ed/mcsema-testing/llvm-test-suite/ParseMultipleResults /home/ed/mcsema-testing/SANDBOX/test-2015-12-21_15-36-50/MultiSource/Benchmarks/Trimaran/enc-md5/enc-md5 Output/enc-md5.extra-results.txt >> Output/enc-md5.simple.exec.report.txt; \
	fi
cat Output/enc-md5.simple.compile.report.txt Output/enc-md5.simple.exec.report.txt >> Output/enc-md5.simple.report.txt
---------------------------------------------------------------
>>> ========= '/home/ed/mcsema-testing/SANDBOX/test-2015-12-21_15-36-50/MultiSource/Benchmarks/Trimaran/enc-md5/enc-md5' Program
---------------------------------------------------------------

TEST-PASS: compile /home/ed/mcsema-testing/SANDBOX/test-2015-12-21_15-36-50/MultiSource/Benchmarks/Trimaran/enc-md5/enc-md5
TEST-RESULT-compile-success: pass
TEST-RESULT-compile-hash: 5a1230136fbbd698b7eb28fcea4c5206
TEST-RESULT-compile-time: user 0.101900
TEST-RESULT-compile-real-time: real 0.123400

TEST-PASS: exec /home/ed/mcsema-testing/SANDBOX/test-2015-12-21_15-36-50/MultiSource/Benchmarks/Trimaran/enc-md5/enc-md5
TEST-RESULT-exec-success: pass
TEST-RESULT-exec-time: user       1.4650
TEST-RESULT-exec-real-time: real       1.4694
make[5]: Leaving directory `/home/ed/mcsema-testing/SANDBOX/test-2015-12-21_15-36-50/MultiSource/Benchmarks/Trimaran/enc-md5'
make[5]: Entering directory `/home/ed/mcsema-testing/SANDBOX/test-2015-12-21_15-36-50/MultiSource/Benchmarks/Trimaran/enc-pc1'
/home/ed/mcsema-testing/llvm-test-suite/RunSafely.sh --show-errors -t "/home/ed/mcsema-testing/SANDBOX/test-2015-12-21_15-36-50/tools/timeit" 500 /dev/null Output/pc1cod.llvm.o.compile \
	  /usr/bin/clang -I/home/ed/mcsema-testing/SANDBOX/test-2015-12-21_15-36-50/MultiSource/Benchmarks/Trimaran/enc-pc1 -I/home/ed/mcsema-testing/llvm-test-suite/MultiSource/Benchmarks/Trimaran/enc-pc1 -I/home/ed/mcsema-testing/llvm-test-suite/include -I../../../../include -D_GNU_SOURCE -D__STDC_LIMIT_MACROS -DNDEBUG  -O3  -m64 -fomit-frame-pointer -c /home/ed/mcsema-testing/llvm-test-suite/MultiSource/Benchmarks/Trimaran/enc-pc1/pc1cod.c -o Output/pc1cod.llvm.o
/usr/bin/clang++ -o Output/enc-pc1.simple Output/pc1cod.llvm.o    -m64 -fomit-frame-pointer
/home/ed/mcsema-testing/llvm-test-suite/RunSafely.sh -t "/home/ed/mcsema-testing/SANDBOX/test-2015-12-21_15-36-50/tools/timeit-target" 500 /dev/null Output/enc-pc1.out-simple Output/enc-pc1.simple 5000000
cp Output/enc-pc1.simple Output/enc-pc1.simple-hash; \
	strip --remove-section=.comment --remove-section='.note*' Output/enc-pc1.simple-hash; \
	/home/ed/mcsema-testing/llvm-test-suite/HashProgramOutput.sh Output/enc-pc1.simple-hash
if [ -f "/home/ed/mcsema-testing/llvm-test-suite/MultiSource/Benchmarks/Trimaran/enc-pc1/enc-pc1.reference_output.little-endian." ]; then \
	  cp /home/ed/mcsema-testing/llvm-test-suite/MultiSource/Benchmarks/Trimaran/enc-pc1/enc-pc1.reference_output.little-endian. Output/enc-pc1.out-nat; \
	elif [ -f "/home/ed/mcsema-testing/llvm-test-suite/MultiSource/Benchmarks/Trimaran/enc-pc1/enc-pc1.reference_output." ]; then \
	  cp /home/ed/mcsema-testing/llvm-test-suite/MultiSource/Benchmarks/Trimaran/enc-pc1/enc-pc1.reference_output. Output/enc-pc1.out-nat; \
	elif [ -f "/home/ed/mcsema-testing/llvm-test-suite/MultiSource/Benchmarks/Trimaran/enc-pc1/enc-pc1.reference_output.little-endian" ]; then \
	  cp /home/ed/mcsema-testing/llvm-test-suite/MultiSource/Benchmarks/Trimaran/enc-pc1/enc-pc1.reference_output.little-endian Output/enc-pc1.out-nat; \
	elif [ -f "/home/ed/mcsema-testing/llvm-test-suite/MultiSource/Benchmarks/Trimaran/enc-pc1/enc-pc1.reference_output" ]; then \
	  cp /home/ed/mcsema-testing/llvm-test-suite/MultiSource/Benchmarks/Trimaran/enc-pc1/enc-pc1.reference_output Output/enc-pc1.out-nat; \
	else \
	  printf "WARNING: %s: %s\n" "NO REFERENCE OUTPUT (using default)" "/home/ed/mcsema-testing/llvm-test-suite/MultiSource/Benchmarks/Trimaran/enc-pc1/enc-pc1.reference_output" > Output/enc-pc1.out-nat; \
	  cp /home/ed/mcsema-testing/llvm-test-suite/default.reference_output Output/enc-pc1.out-nat; \
	  cat Output/enc-pc1.out-nat; \
	fi
# Pretend that the reference output was produced instantaneously.
cp /home/ed/mcsema-testing/llvm-test-suite/instant.txt Output/enc-pc1.out-nat.time
/home/ed/mcsema-testing/llvm-test-suite/DiffOutput.sh "/home/ed/mcsema-testing/SANDBOX/test-2015-12-21_15-36-50/tools/fpcmp " simple enc-pc1 
rm -f Output/enc-pc1.exe-simple
cp Output/enc-pc1.diff-simple Output/enc-pc1.exe-simple
if test -f Output/enc-pc1.extra-results.txt; then \
	  /home/ed/mcsema-testing/llvm-test-suite/ParseMultipleResults /home/ed/mcsema-testing/SANDBOX/test-2015-12-21_15-36-50/MultiSource/Benchmarks/Trimaran/enc-pc1/enc-pc1 Output/enc-pc1.extra-results.txt >> Output/enc-pc1.simple.exec.report.txt; \
	fi
cat Output/enc-pc1.simple.compile.report.txt Output/enc-pc1.simple.exec.report.txt >> Output/enc-pc1.simple.report.txt
---------------------------------------------------------------
>>> ========= '/home/ed/mcsema-testing/SANDBOX/test-2015-12-21_15-36-50/MultiSource/Benchmarks/Trimaran/enc-pc1/enc-pc1' Program
---------------------------------------------------------------

TEST-PASS: compile /home/ed/mcsema-testing/SANDBOX/test-2015-12-21_15-36-50/MultiSource/Benchmarks/Trimaran/enc-pc1/enc-pc1
TEST-RESULT-compile-success: pass
TEST-RESULT-compile-hash: d0e71e99e8b452af5d923e67e037c612
TEST-RESULT-compile-time: user 0.063500
TEST-RESULT-compile-real-time: real 0.081900

TEST-PASS: exec /home/ed/mcsema-testing/SANDBOX/test-2015-12-21_15-36-50/MultiSource/Benchmarks/Trimaran/enc-pc1/enc-pc1
TEST-RESULT-exec-success: pass
TEST-RESULT-exec-time: user       0.5538
TEST-RESULT-exec-real-time: real       0.5562
make[5]: Leaving directory `/home/ed/mcsema-testing/SANDBOX/test-2015-12-21_15-36-50/MultiSource/Benchmarks/Trimaran/enc-pc1'
make[5]: Entering directory `/home/ed/mcsema-testing/SANDBOX/test-2015-12-21_15-36-50/MultiSource/Benchmarks/Trimaran/enc-rc4'
/home/ed/mcsema-testing/llvm-test-suite/RunSafely.sh --show-errors -t "/home/ed/mcsema-testing/SANDBOX/test-2015-12-21_15-36-50/tools/timeit" 500 /dev/null Output/rc4.llvm.o.compile \
	  /usr/bin/clang -I/home/ed/mcsema-testing/SANDBOX/test-2015-12-21_15-36-50/MultiSource/Benchmarks/Trimaran/enc-rc4 -I/home/ed/mcsema-testing/llvm-test-suite/MultiSource/Benchmarks/Trimaran/enc-rc4 -I/home/ed/mcsema-testing/llvm-test-suite/include -I../../../../include -D_GNU_SOURCE -D__STDC_LIMIT_MACROS -DNDEBUG  -O3  -m64 -fomit-frame-pointer -c /home/ed/mcsema-testing/llvm-test-suite/MultiSource/Benchmarks/Trimaran/enc-rc4/rc4.c -o Output/rc4.llvm.o
/usr/bin/clang++ -o Output/enc-rc4.simple Output/rc4.llvm.o    -m64 -fomit-frame-pointer
/home/ed/mcsema-testing/llvm-test-suite/RunSafely.sh -t "/home/ed/mcsema-testing/SANDBOX/test-2015-12-21_15-36-50/tools/timeit-target" 500 /dev/null Output/enc-rc4.out-simple Output/enc-rc4.simple 200000
cp Output/enc-rc4.simple Output/enc-rc4.simple-hash; \
	strip --remove-section=.comment --remove-section='.note*' Output/enc-rc4.simple-hash; \
	/home/ed/mcsema-testing/llvm-test-suite/HashProgramOutput.sh Output/enc-rc4.simple-hash
if [ -f "/home/ed/mcsema-testing/llvm-test-suite/MultiSource/Benchmarks/Trimaran/enc-rc4/enc-rc4.reference_output.little-endian." ]; then \
	  cp /home/ed/mcsema-testing/llvm-test-suite/MultiSource/Benchmarks/Trimaran/enc-rc4/enc-rc4.reference_output.little-endian. Output/enc-rc4.out-nat; \
	elif [ -f "/home/ed/mcsema-testing/llvm-test-suite/MultiSource/Benchmarks/Trimaran/enc-rc4/enc-rc4.reference_output." ]; then \
	  cp /home/ed/mcsema-testing/llvm-test-suite/MultiSource/Benchmarks/Trimaran/enc-rc4/enc-rc4.reference_output. Output/enc-rc4.out-nat; \
	elif [ -f "/home/ed/mcsema-testing/llvm-test-suite/MultiSource/Benchmarks/Trimaran/enc-rc4/enc-rc4.reference_output.little-endian" ]; then \
	  cp /home/ed/mcsema-testing/llvm-test-suite/MultiSource/Benchmarks/Trimaran/enc-rc4/enc-rc4.reference_output.little-endian Output/enc-rc4.out-nat; \
	elif [ -f "/home/ed/mcsema-testing/llvm-test-suite/MultiSource/Benchmarks/Trimaran/enc-rc4/enc-rc4.reference_output" ]; then \
	  cp /home/ed/mcsema-testing/llvm-test-suite/MultiSource/Benchmarks/Trimaran/enc-rc4/enc-rc4.reference_output Output/enc-rc4.out-nat; \
	else \
	  printf "WARNING: %s: %s\n" "NO REFERENCE OUTPUT (using default)" "/home/ed/mcsema-testing/llvm-test-suite/MultiSource/Benchmarks/Trimaran/enc-rc4/enc-rc4.reference_output" > Output/enc-rc4.out-nat; \
	  cp /home/ed/mcsema-testing/llvm-test-suite/default.reference_output Output/enc-rc4.out-nat; \
	  cat Output/enc-rc4.out-nat; \
	fi
# Pretend that the reference output was produced instantaneously.
cp /home/ed/mcsema-testing/llvm-test-suite/instant.txt Output/enc-rc4.out-nat.time
/home/ed/mcsema-testing/llvm-test-suite/DiffOutput.sh "/home/ed/mcsema-testing/SANDBOX/test-2015-12-21_15-36-50/tools/fpcmp " simple enc-rc4 
rm -f Output/enc-rc4.exe-simple
cp Output/enc-rc4.diff-simple Output/enc-rc4.exe-simple
if test -f Output/enc-rc4.extra-results.txt; then \
	  /home/ed/mcsema-testing/llvm-test-suite/ParseMultipleResults /home/ed/mcsema-testing/SANDBOX/test-2015-12-21_15-36-50/MultiSource/Benchmarks/Trimaran/enc-rc4/enc-rc4 Output/enc-rc4.extra-results.txt >> Output/enc-rc4.simple.exec.report.txt; \
	fi
cat Output/enc-rc4.simple.compile.report.txt Output/enc-rc4.simple.exec.report.txt >> Output/enc-rc4.simple.report.txt
---------------------------------------------------------------
>>> ========= '/home/ed/mcsema-testing/SANDBOX/test-2015-12-21_15-36-50/MultiSource/Benchmarks/Trimaran/enc-rc4/enc-rc4' Program
---------------------------------------------------------------

TEST-PASS: compile /home/ed/mcsema-testing/SANDBOX/test-2015-12-21_15-36-50/MultiSource/Benchmarks/Trimaran/enc-rc4/enc-rc4
TEST-RESULT-compile-success: pass
TEST-RESULT-compile-hash: f8bb949be1b9212af75ba15e2a74ec65
TEST-RESULT-compile-time: user 0.044900
TEST-RESULT-compile-real-time: real 0.060800

TEST-PASS: exec /home/ed/mcsema-testing/SANDBOX/test-2015-12-21_15-36-50/MultiSource/Benchmarks/Trimaran/enc-rc4/enc-rc4
TEST-RESULT-exec-success: pass
TEST-RESULT-exec-time: user       0.6989
TEST-RESULT-exec-real-time: real       0.7012
make[5]: Leaving directory `/home/ed/mcsema-testing/SANDBOX/test-2015-12-21_15-36-50/MultiSource/Benchmarks/Trimaran/enc-rc4'
make[5]: Entering directory `/home/ed/mcsema-testing/SANDBOX/test-2015-12-21_15-36-50/MultiSource/Benchmarks/Trimaran/netbench-crc'
/home/ed/mcsema-testing/llvm-test-suite/RunSafely.sh --show-errors -t "/home/ed/mcsema-testing/SANDBOX/test-2015-12-21_15-36-50/tools/timeit" 500 /dev/null Output/crc32.llvm.o.compile \
	  /usr/bin/clang -I/home/ed/mcsema-testing/SANDBOX/test-2015-12-21_15-36-50/MultiSource/Benchmarks/Trimaran/netbench-crc -I/home/ed/mcsema-testing/llvm-test-suite/MultiSource/Benchmarks/Trimaran/netbench-crc -I/home/ed/mcsema-testing/llvm-test-suite/include -I../../../../include -D_GNU_SOURCE -D__STDC_LIMIT_MACROS -DNDEBUG  -O3  -m64 -fomit-frame-pointer -c /home/ed/mcsema-testing/llvm-test-suite/MultiSource/Benchmarks/Trimaran/netbench-crc/crc32.c -o Output/crc32.llvm.o
/home/ed/mcsema-testing/llvm-test-suite/RunSafely.sh --show-errors -t "/home/ed/mcsema-testing/SANDBOX/test-2015-12-21_15-36-50/tools/timeit" 500 /dev/null Output/packet.llvm.o.compile \
	  /usr/bin/clang -I/home/ed/mcsema-testing/SANDBOX/test-2015-12-21_15-36-50/MultiSource/Benchmarks/Trimaran/netbench-crc -I/home/ed/mcsema-testing/llvm-test-suite/MultiSource/Benchmarks/Trimaran/netbench-crc -I/home/ed/mcsema-testing/llvm-test-suite/include -I../../../../include -D_GNU_SOURCE -D__STDC_LIMIT_MACROS -DNDEBUG  -O3  -m64 -fomit-frame-pointer -c /home/ed/mcsema-testing/llvm-test-suite/MultiSource/Benchmarks/Trimaran/netbench-crc/packet.c -o Output/packet.llvm.o
/usr/bin/clang++ -o Output/netbench-crc.simple Output/crc32.llvm.o Output/packet.llvm.o    -m64 -fomit-frame-pointer
/home/ed/mcsema-testing/llvm-test-suite/RunSafely.sh -t "/home/ed/mcsema-testing/SANDBOX/test-2015-12-21_15-36-50/tools/timeit-target" 500 /dev/null Output/netbench-crc.out-simple Output/netbench-crc.simple 12000
cp Output/netbench-crc.simple Output/netbench-crc.simple-hash; \
	strip --remove-section=.comment --remove-section='.note*' Output/netbench-crc.simple-hash; \
	/home/ed/mcsema-testing/llvm-test-suite/HashProgramOutput.sh Output/netbench-crc.simple-hash
if [ -f "/home/ed/mcsema-testing/llvm-test-suite/MultiSource/Benchmarks/Trimaran/netbench-crc/netbench-crc.reference_output.little-endian." ]; then \
	  cp /home/ed/mcsema-testing/llvm-test-suite/MultiSource/Benchmarks/Trimaran/netbench-crc/netbench-crc.reference_output.little-endian. Output/netbench-crc.out-nat; \
	elif [ -f "/home/ed/mcsema-testing/llvm-test-suite/MultiSource/Benchmarks/Trimaran/netbench-crc/netbench-crc.reference_output." ]; then \
	  cp /home/ed/mcsema-testing/llvm-test-suite/MultiSource/Benchmarks/Trimaran/netbench-crc/netbench-crc.reference_output. Output/netbench-crc.out-nat; \
	elif [ -f "/home/ed/mcsema-testing/llvm-test-suite/MultiSource/Benchmarks/Trimaran/netbench-crc/netbench-crc.reference_output.little-endian" ]; then \
	  cp /home/ed/mcsema-testing/llvm-test-suite/MultiSource/Benchmarks/Trimaran/netbench-crc/netbench-crc.reference_output.little-endian Output/netbench-crc.out-nat; \
	elif [ -f "/home/ed/mcsema-testing/llvm-test-suite/MultiSource/Benchmarks/Trimaran/netbench-crc/netbench-crc.reference_output" ]; then \
	  cp /home/ed/mcsema-testing/llvm-test-suite/MultiSource/Benchmarks/Trimaran/netbench-crc/netbench-crc.reference_output Output/netbench-crc.out-nat; \
	else \
	  printf "WARNING: %s: %s\n" "NO REFERENCE OUTPUT (using default)" "/home/ed/mcsema-testing/llvm-test-suite/MultiSource/Benchmarks/Trimaran/netbench-crc/netbench-crc.reference_output" > Output/netbench-crc.out-nat; \
	  cp /home/ed/mcsema-testing/llvm-test-suite/default.reference_output Output/netbench-crc.out-nat; \
	  cat Output/netbench-crc.out-nat; \
	fi
# Pretend that the reference output was produced instantaneously.
cp /home/ed/mcsema-testing/llvm-test-suite/instant.txt Output/netbench-crc.out-nat.time
/home/ed/mcsema-testing/llvm-test-suite/DiffOutput.sh "/home/ed/mcsema-testing/SANDBOX/test-2015-12-21_15-36-50/tools/fpcmp " simple netbench-crc 
rm -f Output/netbench-crc.exe-simple
cp Output/netbench-crc.diff-simple Output/netbench-crc.exe-simple
if test -f Output/netbench-crc.extra-results.txt; then \
	  /home/ed/mcsema-testing/llvm-test-suite/ParseMultipleResults /home/ed/mcsema-testing/SANDBOX/test-2015-12-21_15-36-50/MultiSource/Benchmarks/Trimaran/netbench-crc/netbench-crc Output/netbench-crc.extra-results.txt >> Output/netbench-crc.simple.exec.report.txt; \
	fi
cat Output/netbench-crc.simple.compile.report.txt Output/netbench-crc.simple.exec.report.txt >> Output/netbench-crc.simple.report.txt
---------------------------------------------------------------
>>> ========= '/home/ed/mcsema-testing/SANDBOX/test-2015-12-21_15-36-50/MultiSource/Benchmarks/Trimaran/netbench-crc/netbench-crc' Program
---------------------------------------------------------------

TEST-PASS: compile /home/ed/mcsema-testing/SANDBOX/test-2015-12-21_15-36-50/MultiSource/Benchmarks/Trimaran/netbench-crc/netbench-crc
TEST-RESULT-compile-success: pass
TEST-RESULT-compile-hash: 067f6a97b53329baa41dbe824e86630d
TEST-RESULT-compile-time: user 0.086000
TEST-RESULT-compile-real-time: real 0.119000

TEST-PASS: exec /home/ed/mcsema-testing/SANDBOX/test-2015-12-21_15-36-50/MultiSource/Benchmarks/Trimaran/netbench-crc/netbench-crc
TEST-RESULT-exec-success: pass
TEST-RESULT-exec-time: user       0.6145
TEST-RESULT-exec-real-time: real       0.7276
make[5]: Leaving directory `/home/ed/mcsema-testing/SANDBOX/test-2015-12-21_15-36-50/MultiSource/Benchmarks/Trimaran/netbench-crc'
make[5]: Entering directory `/home/ed/mcsema-testing/SANDBOX/test-2015-12-21_15-36-50/MultiSource/Benchmarks/Trimaran/netbench-url'
/home/ed/mcsema-testing/llvm-test-suite/RunSafely.sh --show-errors -t "/home/ed/mcsema-testing/SANDBOX/test-2015-12-21_15-36-50/tools/timeit" 500 /dev/null Output/packet.llvm.o.compile \
	  /usr/bin/clang -I/home/ed/mcsema-testing/SANDBOX/test-2015-12-21_15-36-50/MultiSource/Benchmarks/Trimaran/netbench-url -I/home/ed/mcsema-testing/llvm-test-suite/MultiSource/Benchmarks/Trimaran/netbench-url -I/home/ed/mcsema-testing/llvm-test-suite/include -I../../../../include -D_GNU_SOURCE -D__STDC_LIMIT_MACROS -DNDEBUG  -O3  -m64 -fomit-frame-pointer -c /home/ed/mcsema-testing/llvm-test-suite/MultiSource/Benchmarks/Trimaran/netbench-url/packet.c -o Output/packet.llvm.o
/home/ed/mcsema-testing/llvm-test-suite/RunSafely.sh --show-errors -t "/home/ed/mcsema-testing/SANDBOX/test-2015-12-21_15-36-50/tools/timeit" 500 /dev/null Output/search.llvm.o.compile \
	  /usr/bin/clang -I/home/ed/mcsema-testing/SANDBOX/test-2015-12-21_15-36-50/MultiSource/Benchmarks/Trimaran/netbench-url -I/home/ed/mcsema-testing/llvm-test-suite/MultiSource/Benchmarks/Trimaran/netbench-url -I/home/ed/mcsema-testing/llvm-test-suite/include -I../../../../include -D_GNU_SOURCE -D__STDC_LIMIT_MACROS -DNDEBUG  -O3  -m64 -fomit-frame-pointer -c /home/ed/mcsema-testing/llvm-test-suite/MultiSource/Benchmarks/Trimaran/netbench-url/search.c -o Output/search.llvm.o
/home/ed/mcsema-testing/llvm-test-suite/RunSafely.sh --show-errors -t "/home/ed/mcsema-testing/SANDBOX/test-2015-12-21_15-36-50/tools/timeit" 500 /dev/null Output/url.llvm.o.compile \
	  /usr/bin/clang -I/home/ed/mcsema-testing/SANDBOX/test-2015-12-21_15-36-50/MultiSource/Benchmarks/Trimaran/netbench-url -I/home/ed/mcsema-testing/llvm-test-suite/MultiSource/Benchmarks/Trimaran/netbench-url -I/home/ed/mcsema-testing/llvm-test-suite/include -I../../../../include -D_GNU_SOURCE -D__STDC_LIMIT_MACROS -DNDEBUG  -O3  -m64 -fomit-frame-pointer -c /home/ed/mcsema-testing/llvm-test-suite/MultiSource/Benchmarks/Trimaran/netbench-url/url.c -o Output/url.llvm.o
/home/ed/mcsema-testing/llvm-test-suite/RunSafely.sh --show-errors -t "/home/ed/mcsema-testing/SANDBOX/test-2015-12-21_15-36-50/tools/timeit" 500 /dev/null Output/utils.llvm.o.compile \
	  /usr/bin/clang -I/home/ed/mcsema-testing/SANDBOX/test-2015-12-21_15-36-50/MultiSource/Benchmarks/Trimaran/netbench-url -I/home/ed/mcsema-testing/llvm-test-suite/MultiSource/Benchmarks/Trimaran/netbench-url -I/home/ed/mcsema-testing/llvm-test-suite/include -I../../../../include -D_GNU_SOURCE -D__STDC_LIMIT_MACROS -DNDEBUG  -O3  -m64 -fomit-frame-pointer -c /home/ed/mcsema-testing/llvm-test-suite/MultiSource/Benchmarks/Trimaran/netbench-url/utils.c -o Output/utils.llvm.o
/usr/bin/clang++ -o Output/netbench-url.simple Output/packet.llvm.o Output/search.llvm.o Output/url.llvm.o Output/utils.llvm.o    -m64 -fomit-frame-pointer
/home/ed/mcsema-testing/llvm-test-suite/RunSafely.sh -t "/home/ed/mcsema-testing/SANDBOX/test-2015-12-21_15-36-50/tools/timeit-target" 500 /dev/null Output/netbench-url.out-simple Output/netbench-url.simple /home/ed/mcsema-testing/llvm-test-suite/MultiSource/Benchmarks/Trimaran/netbench-url/medium_inputs 900
cp Output/netbench-url.simple Output/netbench-url.simple-hash; \
	strip --remove-section=.comment --remove-section='.note*' Output/netbench-url.simple-hash; \
	/home/ed/mcsema-testing/llvm-test-suite/HashProgramOutput.sh Output/netbench-url.simple-hash
if [ -f "/home/ed/mcsema-testing/llvm-test-suite/MultiSource/Benchmarks/Trimaran/netbench-url/netbench-url.reference_output.little-endian." ]; then \
	  cp /home/ed/mcsema-testing/llvm-test-suite/MultiSource/Benchmarks/Trimaran/netbench-url/netbench-url.reference_output.little-endian. Output/netbench-url.out-nat; \
	elif [ -f "/home/ed/mcsema-testing/llvm-test-suite/MultiSource/Benchmarks/Trimaran/netbench-url/netbench-url.reference_output." ]; then \
	  cp /home/ed/mcsema-testing/llvm-test-suite/MultiSource/Benchmarks/Trimaran/netbench-url/netbench-url.reference_output. Output/netbench-url.out-nat; \
	elif [ -f "/home/ed/mcsema-testing/llvm-test-suite/MultiSource/Benchmarks/Trimaran/netbench-url/netbench-url.reference_output.little-endian" ]; then \
	  cp /home/ed/mcsema-testing/llvm-test-suite/MultiSource/Benchmarks/Trimaran/netbench-url/netbench-url.reference_output.little-endian Output/netbench-url.out-nat; \
	elif [ -f "/home/ed/mcsema-testing/llvm-test-suite/MultiSource/Benchmarks/Trimaran/netbench-url/netbench-url.reference_output" ]; then \
	  cp /home/ed/mcsema-testing/llvm-test-suite/MultiSource/Benchmarks/Trimaran/netbench-url/netbench-url.reference_output Output/netbench-url.out-nat; \
	else \
	  printf "WARNING: %s: %s\n" "NO REFERENCE OUTPUT (using default)" "/home/ed/mcsema-testing/llvm-test-suite/MultiSource/Benchmarks/Trimaran/netbench-url/netbench-url.reference_output" > Output/netbench-url.out-nat; \
	  cp /home/ed/mcsema-testing/llvm-test-suite/default.reference_output Output/netbench-url.out-nat; \
	  cat Output/netbench-url.out-nat; \
	fi
# Pretend that the reference output was produced instantaneously.
cp /home/ed/mcsema-testing/llvm-test-suite/instant.txt Output/netbench-url.out-nat.time
/home/ed/mcsema-testing/llvm-test-suite/DiffOutput.sh "/home/ed/mcsema-testing/SANDBOX/test-2015-12-21_15-36-50/tools/fpcmp " simple netbench-url 
rm -f Output/netbench-url.exe-simple
cp Output/netbench-url.diff-simple Output/netbench-url.exe-simple
if test -f Output/netbench-url.extra-results.txt; then \
	  /home/ed/mcsema-testing/llvm-test-suite/ParseMultipleResults /home/ed/mcsema-testing/SANDBOX/test-2015-12-21_15-36-50/MultiSource/Benchmarks/Trimaran/netbench-url/netbench-url Output/netbench-url.extra-results.txt >> Output/netbench-url.simple.exec.report.txt; \
	fi
cat Output/netbench-url.simple.compile.report.txt Output/netbench-url.simple.exec.report.txt >> Output/netbench-url.simple.report.txt
---------------------------------------------------------------
>>> ========= '/home/ed/mcsema-testing/SANDBOX/test-2015-12-21_15-36-50/MultiSource/Benchmarks/Trimaran/netbench-url/netbench-url' Program
---------------------------------------------------------------

TEST-PASS: compile /home/ed/mcsema-testing/SANDBOX/test-2015-12-21_15-36-50/MultiSource/Benchmarks/Trimaran/netbench-url/netbench-url
TEST-RESULT-compile-success: pass
TEST-RESULT-compile-hash: 80bb4761af2eda79d44183a7fe260bf4
TEST-RESULT-compile-time: user 0.189200
TEST-RESULT-compile-real-time: real 0.257300

TEST-PASS: exec /home/ed/mcsema-testing/SANDBOX/test-2015-12-21_15-36-50/MultiSource/Benchmarks/Trimaran/netbench-url/netbench-url
TEST-RESULT-exec-success: pass
TEST-RESULT-exec-time: user       2.7087
TEST-RESULT-exec-real-time: real       2.7169
make[5]: Leaving directory `/home/ed/mcsema-testing/SANDBOX/test-2015-12-21_15-36-50/MultiSource/Benchmarks/Trimaran/netbench-url'
make[4]: Leaving directory `/home/ed/mcsema-testing/SANDBOX/test-2015-12-21_15-36-50/MultiSource/Benchmarks/Trimaran'
make[4]: Entering directory `/home/ed/mcsema-testing/SANDBOX/test-2015-12-21_15-36-50/MultiSource/Benchmarks/VersaBench'
make[5]: Entering directory `/home/ed/mcsema-testing/SANDBOX/test-2015-12-21_15-36-50/MultiSource/Benchmarks/VersaBench/8b10b'
/home/ed/mcsema-testing/llvm-test-suite/RunSafely.sh --show-errors -t "/home/ed/mcsema-testing/SANDBOX/test-2015-12-21_15-36-50/tools/timeit" 500 /dev/null Output/calc.llvm.o.compile \
	  /usr/bin/clang -I/home/ed/mcsema-testing/SANDBOX/test-2015-12-21_15-36-50/MultiSource/Benchmarks/VersaBench/8b10b -I/home/ed/mcsema-testing/llvm-test-suite/MultiSource/Benchmarks/VersaBench/8b10b -I/home/ed/mcsema-testing/llvm-test-suite/include -I../../../../include -D_GNU_SOURCE -D__STDC_LIMIT_MACROS -DNDEBUG  -O3  -m64 -fomit-frame-pointer -c /home/ed/mcsema-testing/llvm-test-suite/MultiSource/Benchmarks/VersaBench/8b10b/calc.c -o Output/calc.llvm.o
/home/ed/mcsema-testing/llvm-test-suite/RunSafely.sh --show-errors -t "/home/ed/mcsema-testing/SANDBOX/test-2015-12-21_15-36-50/tools/timeit" 500 /dev/null Output/main.llvm.o.compile \
	  /usr/bin/clang -I/home/ed/mcsema-testing/SANDBOX/test-2015-12-21_15-36-50/MultiSource/Benchmarks/VersaBench/8b10b -I/home/ed/mcsema-testing/llvm-test-suite/MultiSource/Benchmarks/VersaBench/8b10b -I/home/ed/mcsema-testing/llvm-test-suite/include -I../../../../include -D_GNU_SOURCE -D__STDC_LIMIT_MACROS -DNDEBUG  -O3  -m64 -fomit-frame-pointer -c /home/ed/mcsema-testing/llvm-test-suite/MultiSource/Benchmarks/VersaBench/8b10b/main.c -o Output/main.llvm.o
/home/ed/mcsema-testing/llvm-test-suite/RunSafely.sh --show-errors -t "/home/ed/mcsema-testing/SANDBOX/test-2015-12-21_15-36-50/tools/timeit" 500 /dev/null Output/testbench.llvm.o.compile \
	  /usr/bin/clang -I/home/ed/mcsema-testing/SANDBOX/test-2015-12-21_15-36-50/MultiSource/Benchmarks/VersaBench/8b10b -I/home/ed/mcsema-testing/llvm-test-suite/MultiSource/Benchmarks/VersaBench/8b10b -I/home/ed/mcsema-testing/llvm-test-suite/include -I../../../../include -D_GNU_SOURCE -D__STDC_LIMIT_MACROS -DNDEBUG  -O3  -m64 -fomit-frame-pointer -c /home/ed/mcsema-testing/llvm-test-suite/MultiSource/Benchmarks/VersaBench/8b10b/testbench.c -o Output/testbench.llvm.o
/usr/bin/clang++ -o Output/8b10b.simple Output/calc.llvm.o Output/main.llvm.o Output/testbench.llvm.o    -m64 -fomit-frame-pointer
/home/ed/mcsema-testing/llvm-test-suite/RunSafely.sh -t "/home/ed/mcsema-testing/SANDBOX/test-2015-12-21_15-36-50/tools/timeit-target" 500 /dev/null Output/8b10b.out-simple Output/8b10b.simple /home/ed/mcsema-testing/llvm-test-suite/MultiSource/Benchmarks/VersaBench/8b10b/input.txt 20000
cp Output/8b10b.simple Output/8b10b.simple-hash; \
	strip --remove-section=.comment --remove-section='.note*' Output/8b10b.simple-hash; \
	/home/ed/mcsema-testing/llvm-test-suite/HashProgramOutput.sh Output/8b10b.simple-hash
if [ -f "/home/ed/mcsema-testing/llvm-test-suite/MultiSource/Benchmarks/VersaBench/8b10b/8b10b.reference_output.little-endian." ]; then \
	  cp /home/ed/mcsema-testing/llvm-test-suite/MultiSource/Benchmarks/VersaBench/8b10b/8b10b.reference_output.little-endian. Output/8b10b.out-nat; \
	elif [ -f "/home/ed/mcsema-testing/llvm-test-suite/MultiSource/Benchmarks/VersaBench/8b10b/8b10b.reference_output." ]; then \
	  cp /home/ed/mcsema-testing/llvm-test-suite/MultiSource/Benchmarks/VersaBench/8b10b/8b10b.reference_output. Output/8b10b.out-nat; \
	elif [ -f "/home/ed/mcsema-testing/llvm-test-suite/MultiSource/Benchmarks/VersaBench/8b10b/8b10b.reference_output.little-endian" ]; then \
	  cp /home/ed/mcsema-testing/llvm-test-suite/MultiSource/Benchmarks/VersaBench/8b10b/8b10b.reference_output.little-endian Output/8b10b.out-nat; \
	elif [ -f "/home/ed/mcsema-testing/llvm-test-suite/MultiSource/Benchmarks/VersaBench/8b10b/8b10b.reference_output" ]; then \
	  cp /home/ed/mcsema-testing/llvm-test-suite/MultiSource/Benchmarks/VersaBench/8b10b/8b10b.reference_output Output/8b10b.out-nat; \
	else \
	  printf "WARNING: %s: %s\n" "NO REFERENCE OUTPUT (using default)" "/home/ed/mcsema-testing/llvm-test-suite/MultiSource/Benchmarks/VersaBench/8b10b/8b10b.reference_output" > Output/8b10b.out-nat; \
	  cp /home/ed/mcsema-testing/llvm-test-suite/default.reference_output Output/8b10b.out-nat; \
	  cat Output/8b10b.out-nat; \
	fi
# Pretend that the reference output was produced instantaneously.
cp /home/ed/mcsema-testing/llvm-test-suite/instant.txt Output/8b10b.out-nat.time
/home/ed/mcsema-testing/llvm-test-suite/DiffOutput.sh "/home/ed/mcsema-testing/SANDBOX/test-2015-12-21_15-36-50/tools/fpcmp " simple 8b10b 
rm -f Output/8b10b.exe-simple
cp Output/8b10b.diff-simple Output/8b10b.exe-simple
if test -f Output/8b10b.extra-results.txt; then \
	  /home/ed/mcsema-testing/llvm-test-suite/ParseMultipleResults /home/ed/mcsema-testing/SANDBOX/test-2015-12-21_15-36-50/MultiSource/Benchmarks/VersaBench/8b10b/8b10b Output/8b10b.extra-results.txt >> Output/8b10b.simple.exec.report.txt; \
	fi
cat Output/8b10b.simple.compile.report.txt Output/8b10b.simple.exec.report.txt >> Output/8b10b.simple.report.txt
---------------------------------------------------------------
>>> ========= '/home/ed/mcsema-testing/SANDBOX/test-2015-12-21_15-36-50/MultiSource/Benchmarks/VersaBench/8b10b/8b10b' Program
---------------------------------------------------------------

TEST-PASS: compile /home/ed/mcsema-testing/SANDBOX/test-2015-12-21_15-36-50/MultiSource/Benchmarks/VersaBench/8b10b/8b10b
TEST-RESULT-compile-success: pass
TEST-RESULT-compile-hash: 7d5747fdca17909bbd3a18a94e5b4228
TEST-RESULT-compile-time: user 0.086500
TEST-RESULT-compile-real-time: real 0.139500

TEST-PASS: exec /home/ed/mcsema-testing/SANDBOX/test-2015-12-21_15-36-50/MultiSource/Benchmarks/VersaBench/8b10b/8b10b
TEST-RESULT-exec-success: pass
TEST-RESULT-exec-time: user       4.9564
TEST-RESULT-exec-real-time: real       4.9673
make[5]: Leaving directory `/home/ed/mcsema-testing/SANDBOX/test-2015-12-21_15-36-50/MultiSource/Benchmarks/VersaBench/8b10b'
make[5]: Entering directory `/home/ed/mcsema-testing/SANDBOX/test-2015-12-21_15-36-50/MultiSource/Benchmarks/VersaBench/beamformer'
/home/ed/mcsema-testing/llvm-test-suite/RunSafely.sh --show-errors -t "/home/ed/mcsema-testing/SANDBOX/test-2015-12-21_15-36-50/tools/timeit" 500 /dev/null Output/beamformer.llvm.o.compile \
	  /usr/bin/clang -I/home/ed/mcsema-testing/SANDBOX/test-2015-12-21_15-36-50/MultiSource/Benchmarks/VersaBench/beamformer -I/home/ed/mcsema-testing/llvm-test-suite/MultiSource/Benchmarks/VersaBench/beamformer -I/home/ed/mcsema-testing/llvm-test-suite/include -I../../../../include -D_GNU_SOURCE -D__STDC_LIMIT_MACROS -DNDEBUG  -O3  -m64 -fomit-frame-pointer -c /home/ed/mcsema-testing/llvm-test-suite/MultiSource/Benchmarks/VersaBench/beamformer/beamformer.c -o Output/beamformer.llvm.o
/usr/bin/clang++ -o Output/beamformer.simple Output/beamformer.llvm.o -lm   -m64 -fomit-frame-pointer
/home/ed/mcsema-testing/llvm-test-suite/RunSafely.sh -t "/home/ed/mcsema-testing/SANDBOX/test-2015-12-21_15-36-50/tools/timeit-target" 500 /dev/null Output/beamformer.out-simple Output/beamformer.simple -i 140
/home/ed/mcsema-testing/llvm-test-suite/HashProgramOutput.sh Output/beamformer.out-simple
cp Output/beamformer.simple Output/beamformer.simple-hash; \
	strip --remove-section=.comment --remove-section='.note*' Output/beamformer.simple-hash; \
	/home/ed/mcsema-testing/llvm-test-suite/HashProgramOutput.sh Output/beamformer.simple-hash
if [ -f "/home/ed/mcsema-testing/llvm-test-suite/MultiSource/Benchmarks/VersaBench/beamformer/beamformer.reference_output.little-endian." ]; then \
	  cp /home/ed/mcsema-testing/llvm-test-suite/MultiSource/Benchmarks/VersaBench/beamformer/beamformer.reference_output.little-endian. Output/beamformer.out-nat; \
	elif [ -f "/home/ed/mcsema-testing/llvm-test-suite/MultiSource/Benchmarks/VersaBench/beamformer/beamformer.reference_output." ]; then \
	  cp /home/ed/mcsema-testing/llvm-test-suite/MultiSource/Benchmarks/VersaBench/beamformer/beamformer.reference_output. Output/beamformer.out-nat; \
	elif [ -f "/home/ed/mcsema-testing/llvm-test-suite/MultiSource/Benchmarks/VersaBench/beamformer/beamformer.reference_output.little-endian" ]; then \
	  cp /home/ed/mcsema-testing/llvm-test-suite/MultiSource/Benchmarks/VersaBench/beamformer/beamformer.reference_output.little-endian Output/beamformer.out-nat; \
	elif [ -f "/home/ed/mcsema-testing/llvm-test-suite/MultiSource/Benchmarks/VersaBench/beamformer/beamformer.reference_output" ]; then \
	  cp /home/ed/mcsema-testing/llvm-test-suite/MultiSource/Benchmarks/VersaBench/beamformer/beamformer.reference_output Output/beamformer.out-nat; \
	else \
	  printf "WARNING: %s: %s\n" "NO REFERENCE OUTPUT (using default)" "/home/ed/mcsema-testing/llvm-test-suite/MultiSource/Benchmarks/VersaBench/beamformer/beamformer.reference_output" > Output/beamformer.out-nat; \
	  cp /home/ed/mcsema-testing/llvm-test-suite/default.reference_output Output/beamformer.out-nat; \
	  cat Output/beamformer.out-nat; \
	fi
# Pretend that the reference output was produced instantaneously.
cp /home/ed/mcsema-testing/llvm-test-suite/instant.txt Output/beamformer.out-nat.time
/home/ed/mcsema-testing/llvm-test-suite/DiffOutput.sh "/home/ed/mcsema-testing/SANDBOX/test-2015-12-21_15-36-50/tools/fpcmp " simple beamformer 
rm -f Output/beamformer.exe-simple
cp Output/beamformer.diff-simple Output/beamformer.exe-simple
if test -f Output/beamformer.extra-results.txt; then \
	  /home/ed/mcsema-testing/llvm-test-suite/ParseMultipleResults /home/ed/mcsema-testing/SANDBOX/test-2015-12-21_15-36-50/MultiSource/Benchmarks/VersaBench/beamformer/beamformer Output/beamformer.extra-results.txt >> Output/beamformer.simple.exec.report.txt; \
	fi
cat Output/beamformer.simple.compile.report.txt Output/beamformer.simple.exec.report.txt >> Output/beamformer.simple.report.txt
---------------------------------------------------------------
>>> ========= '/home/ed/mcsema-testing/SANDBOX/test-2015-12-21_15-36-50/MultiSource/Benchmarks/VersaBench/beamformer/beamformer' Program
---------------------------------------------------------------

TEST-PASS: compile /home/ed/mcsema-testing/SANDBOX/test-2015-12-21_15-36-50/MultiSource/Benchmarks/VersaBench/beamformer/beamformer
TEST-RESULT-compile-success: pass
TEST-RESULT-compile-hash: 9d17ff9ba2330b3d9b899aab2aa0da3a
TEST-RESULT-compile-time: user 0.098200
TEST-RESULT-compile-real-time: real 0.117200

TEST-PASS: exec /home/ed/mcsema-testing/SANDBOX/test-2015-12-21_15-36-50/MultiSource/Benchmarks/VersaBench/beamformer/beamformer
TEST-RESULT-exec-success: pass
TEST-RESULT-exec-time: user       1.1349
TEST-RESULT-exec-real-time: real       1.1433
make[5]: Leaving directory `/home/ed/mcsema-testing/SANDBOX/test-2015-12-21_15-36-50/MultiSource/Benchmarks/VersaBench/beamformer'
make[5]: Entering directory `/home/ed/mcsema-testing/SANDBOX/test-2015-12-21_15-36-50/MultiSource/Benchmarks/VersaBench/bmm'
/home/ed/mcsema-testing/llvm-test-suite/RunSafely.sh --show-errors -t "/home/ed/mcsema-testing/SANDBOX/test-2015-12-21_15-36-50/tools/timeit" 500 /dev/null Output/bmm.llvm.o.compile \
	  /usr/bin/clang -I/home/ed/mcsema-testing/SANDBOX/test-2015-12-21_15-36-50/MultiSource/Benchmarks/VersaBench/bmm -I/home/ed/mcsema-testing/llvm-test-suite/MultiSource/Benchmarks/VersaBench/bmm -I/home/ed/mcsema-testing/llvm-test-suite/include -I../../../../include -D_GNU_SOURCE -D__STDC_LIMIT_MACROS -DNDEBUG  -O3  -m64 -fomit-frame-pointer -c /home/ed/mcsema-testing/llvm-test-suite/MultiSource/Benchmarks/VersaBench/bmm/bmm.c -o Output/bmm.llvm.o
/usr/bin/clang++ -o Output/bmm.simple Output/bmm.llvm.o    -m64 -fomit-frame-pointer
/home/ed/mcsema-testing/llvm-test-suite/RunSafely.sh -t "/home/ed/mcsema-testing/SANDBOX/test-2015-12-21_15-36-50/tools/timeit-target" 500 /dev/null Output/bmm.out-simple Output/bmm.simple 1024 64
cp Output/bmm.simple Output/bmm.simple-hash; \
	strip --remove-section=.comment --remove-section='.note*' Output/bmm.simple-hash; \
	/home/ed/mcsema-testing/llvm-test-suite/HashProgramOutput.sh Output/bmm.simple-hash
if [ -f "/home/ed/mcsema-testing/llvm-test-suite/MultiSource/Benchmarks/VersaBench/bmm/bmm.reference_output.little-endian." ]; then \
	  cp /home/ed/mcsema-testing/llvm-test-suite/MultiSource/Benchmarks/VersaBench/bmm/bmm.reference_output.little-endian. Output/bmm.out-nat; \
	elif [ -f "/home/ed/mcsema-testing/llvm-test-suite/MultiSource/Benchmarks/VersaBench/bmm/bmm.reference_output." ]; then \
	  cp /home/ed/mcsema-testing/llvm-test-suite/MultiSource/Benchmarks/VersaBench/bmm/bmm.reference_output. Output/bmm.out-nat; \
	elif [ -f "/home/ed/mcsema-testing/llvm-test-suite/MultiSource/Benchmarks/VersaBench/bmm/bmm.reference_output.little-endian" ]; then \
	  cp /home/ed/mcsema-testing/llvm-test-suite/MultiSource/Benchmarks/VersaBench/bmm/bmm.reference_output.little-endian Output/bmm.out-nat; \
	elif [ -f "/home/ed/mcsema-testing/llvm-test-suite/MultiSource/Benchmarks/VersaBench/bmm/bmm.reference_output" ]; then \
	  cp /home/ed/mcsema-testing/llvm-test-suite/MultiSource/Benchmarks/VersaBench/bmm/bmm.reference_output Output/bmm.out-nat; \
	else \
	  printf "WARNING: %s: %s\n" "NO REFERENCE OUTPUT (using default)" "/home/ed/mcsema-testing/llvm-test-suite/MultiSource/Benchmarks/VersaBench/bmm/bmm.reference_output" > Output/bmm.out-nat; \
	  cp /home/ed/mcsema-testing/llvm-test-suite/default.reference_output Output/bmm.out-nat; \
	  cat Output/bmm.out-nat; \
	fi
# Pretend that the reference output was produced instantaneously.
cp /home/ed/mcsema-testing/llvm-test-suite/instant.txt Output/bmm.out-nat.time
/home/ed/mcsema-testing/llvm-test-suite/DiffOutput.sh "/home/ed/mcsema-testing/SANDBOX/test-2015-12-21_15-36-50/tools/fpcmp " simple bmm 
rm -f Output/bmm.exe-simple
cp Output/bmm.diff-simple Output/bmm.exe-simple
if test -f Output/bmm.extra-results.txt; then \
	  /home/ed/mcsema-testing/llvm-test-suite/ParseMultipleResults /home/ed/mcsema-testing/SANDBOX/test-2015-12-21_15-36-50/MultiSource/Benchmarks/VersaBench/bmm/bmm Output/bmm.extra-results.txt >> Output/bmm.simple.exec.report.txt; \
	fi
cat Output/bmm.simple.compile.report.txt Output/bmm.simple.exec.report.txt >> Output/bmm.simple.report.txt
---------------------------------------------------------------
>>> ========= '/home/ed/mcsema-testing/SANDBOX/test-2015-12-21_15-36-50/MultiSource/Benchmarks/VersaBench/bmm/bmm' Program
---------------------------------------------------------------

TEST-PASS: compile /home/ed/mcsema-testing/SANDBOX/test-2015-12-21_15-36-50/MultiSource/Benchmarks/VersaBench/bmm/bmm
TEST-RESULT-compile-success: pass
TEST-RESULT-compile-hash: 781ee25d750f1009cfb18096f0ed5adc
TEST-RESULT-compile-time: user 0.055500
TEST-RESULT-compile-real-time: real 0.071400

TEST-PASS: exec /home/ed/mcsema-testing/SANDBOX/test-2015-12-21_15-36-50/MultiSource/Benchmarks/VersaBench/bmm/bmm
TEST-RESULT-exec-success: pass
TEST-RESULT-exec-time: user       1.8162
TEST-RESULT-exec-real-time: real       1.8269
make[5]: Leaving directory `/home/ed/mcsema-testing/SANDBOX/test-2015-12-21_15-36-50/MultiSource/Benchmarks/VersaBench/bmm'
make[5]: Entering directory `/home/ed/mcsema-testing/SANDBOX/test-2015-12-21_15-36-50/MultiSource/Benchmarks/VersaBench/dbms'
/home/ed/mcsema-testing/llvm-test-suite/RunSafely.sh --show-errors -t "/home/ed/mcsema-testing/SANDBOX/test-2015-12-21_15-36-50/tools/timeit" 500 /dev/null Output/calcMetricsData.llvm.o.compile \
	  /usr/bin/clang -I/home/ed/mcsema-testing/SANDBOX/test-2015-12-21_15-36-50/MultiSource/Benchmarks/VersaBench/dbms -I/home/ed/mcsema-testing/llvm-test-suite/MultiSource/Benchmarks/VersaBench/dbms -I/home/ed/mcsema-testing/llvm-test-suite/include -I../../../../include -D_GNU_SOURCE -D__STDC_LIMIT_MACROS -DNDEBUG  -O3  -m64 -fomit-frame-pointer -c /home/ed/mcsema-testing/llvm-test-suite/MultiSource/Benchmarks/VersaBench/dbms/calcMetricsData.c -o Output/calcMetricsData.llvm.o
/home/ed/mcsema-testing/llvm-test-suite/RunSafely.sh --show-errors -t "/home/ed/mcsema-testing/SANDBOX/test-2015-12-21_15-36-50/tools/timeit" 500 /dev/null Output/chooseEntry.llvm.o.compile \
	  /usr/bin/clang -I/home/ed/mcsema-testing/SANDBOX/test-2015-12-21_15-36-50/MultiSource/Benchmarks/VersaBench/dbms -I/home/ed/mcsema-testing/llvm-test-suite/MultiSource/Benchmarks/VersaBench/dbms -I/home/ed/mcsema-testing/llvm-test-suite/include -I../../../../include -D_GNU_SOURCE -D__STDC_LIMIT_MACROS -DNDEBUG  -O3  -m64 -fomit-frame-pointer -c /home/ed/mcsema-testing/llvm-test-suite/MultiSource/Benchmarks/VersaBench/dbms/chooseEntry.c -o Output/chooseEntry.llvm.o
/home/ed/mcsema-testing/llvm-test-suite/RunSafely.sh --show-errors -t "/home/ed/mcsema-testing/SANDBOX/test-2015-12-21_15-36-50/tools/timeit" 500 /dev/null Output/clearLine.llvm.o.compile \
	  /usr/bin/clang -I/home/ed/mcsema-testing/SANDBOX/test-2015-12-21_15-36-50/MultiSource/Benchmarks/VersaBench/dbms -I/home/ed/mcsema-testing/llvm-test-suite/MultiSource/Benchmarks/VersaBench/dbms -I/home/ed/mcsema-testing/llvm-test-suite/include -I../../../../include -D_GNU_SOURCE -D__STDC_LIMIT_MACROS -DNDEBUG  -O3  -m64 -fomit-frame-pointer -c /home/ed/mcsema-testing/llvm-test-suite/MultiSource/Benchmarks/VersaBench/dbms/clearLine.c -o Output/clearLine.llvm.o
/home/ed/mcsema-testing/llvm-test-suite/RunSafely.sh --show-errors -t "/home/ed/mcsema-testing/SANDBOX/test-2015-12-21_15-36-50/tools/timeit" 500 /dev/null Output/closeFiles.llvm.o.compile \
	  /usr/bin/clang -I/home/ed/mcsema-testing/SANDBOX/test-2015-12-21_15-36-50/MultiSource/Benchmarks/VersaBench/dbms -I/home/ed/mcsema-testing/llvm-test-suite/MultiSource/Benchmarks/VersaBench/dbms -I/home/ed/mcsema-testing/llvm-test-suite/include -I../../../../include -D_GNU_SOURCE -D__STDC_LIMIT_MACROS -DNDEBUG  -O3  -m64 -fomit-frame-pointer -c /home/ed/mcsema-testing/llvm-test-suite/MultiSource/Benchmarks/VersaBench/dbms/closeFiles.c -o Output/closeFiles.llvm.o
/home/ed/mcsema-testing/llvm-test-suite/RunSafely.sh --show-errors -t "/home/ed/mcsema-testing/SANDBOX/test-2015-12-21_15-36-50/tools/timeit" 500 /dev/null Output/consistent.llvm.o.compile \
	  /usr/bin/clang -I/home/ed/mcsema-testing/SANDBOX/test-2015-12-21_15-36-50/MultiSource/Benchmarks/VersaBench/dbms -I/home/ed/mcsema-testing/llvm-test-suite/MultiSource/Benchmarks/VersaBench/dbms -I/home/ed/mcsema-testing/llvm-test-suite/include -I../../../../include -D_GNU_SOURCE -D__STDC_LIMIT_MACROS -DNDEBUG  -O3  -m64 -fomit-frame-pointer -c /home/ed/mcsema-testing/llvm-test-suite/MultiSource/Benchmarks/VersaBench/dbms/consistent.c -o Output/consistent.llvm.o
/home/ed/mcsema-testing/llvm-test-suite/RunSafely.sh --show-errors -t "/home/ed/mcsema-testing/SANDBOX/test-2015-12-21_15-36-50/tools/timeit" 500 /dev/null Output/createDataObject.llvm.o.compile \
	  /usr/bin/clang -I/home/ed/mcsema-testing/SANDBOX/test-2015-12-21_15-36-50/MultiSource/Benchmarks/VersaBench/dbms -I/home/ed/mcsema-testing/llvm-test-suite/MultiSource/Benchmarks/VersaBench/dbms -I/home/ed/mcsema-testing/llvm-test-suite/include -I../../../../include -D_GNU_SOURCE -D__STDC_LIMIT_MACROS -DNDEBUG  -O3  -m64 -fomit-frame-pointer -c /home/ed/mcsema-testing/llvm-test-suite/MultiSource/Benchmarks/VersaBench/dbms/createDataObject.c -o Output/createDataObject.llvm.o
/home/ed/mcsema-testing/llvm-test-suite/RunSafely.sh --show-errors -t "/home/ed/mcsema-testing/SANDBOX/test-2015-12-21_15-36-50/tools/timeit" 500 /dev/null Output/createIndexEntry.llvm.o.compile \
	  /usr/bin/clang -I/home/ed/mcsema-testing/SANDBOX/test-2015-12-21_15-36-50/MultiSource/Benchmarks/VersaBench/dbms -I/home/ed/mcsema-testing/llvm-test-suite/MultiSource/Benchmarks/VersaBench/dbms -I/home/ed/mcsema-testing/llvm-test-suite/include -I../../../../include -D_GNU_SOURCE -D__STDC_LIMIT_MACROS -DNDEBUG  -O3  -m64 -fomit-frame-pointer -c /home/ed/mcsema-testing/llvm-test-suite/MultiSource/Benchmarks/VersaBench/dbms/createIndexEntry.c -o Output/createIndexEntry.llvm.o
/home/ed/mcsema-testing/llvm-test-suite/RunSafely.sh --show-errors -t "/home/ed/mcsema-testing/SANDBOX/test-2015-12-21_15-36-50/tools/timeit" 500 /dev/null Output/createIndexNode.llvm.o.compile \
	  /usr/bin/clang -I/home/ed/mcsema-testing/SANDBOX/test-2015-12-21_15-36-50/MultiSource/Benchmarks/VersaBench/dbms -I/home/ed/mcsema-testing/llvm-test-suite/MultiSource/Benchmarks/VersaBench/dbms -I/home/ed/mcsema-testing/llvm-test-suite/include -I../../../../include -D_GNU_SOURCE -D__STDC_LIMIT_MACROS -DNDEBUG  -O3  -m64 -fomit-frame-pointer -c /home/ed/mcsema-testing/llvm-test-suite/MultiSource/Benchmarks/VersaBench/dbms/createIndexNode.c -o Output/createIndexNode.llvm.o
/home/ed/mcsema-testing/llvm-test-suite/RunSafely.sh --show-errors -t "/home/ed/mcsema-testing/SANDBOX/test-2015-12-21_15-36-50/tools/timeit" 500 /dev/null Output/delete.llvm.o.compile \
	  /usr/bin/clang -I/home/ed/mcsema-testing/SANDBOX/test-2015-12-21_15-36-50/MultiSource/Benchmarks/VersaBench/dbms -I/home/ed/mcsema-testing/llvm-test-suite/MultiSource/Benchmarks/VersaBench/dbms -I/home/ed/mcsema-testing/llvm-test-suite/include -I../../../../include -D_GNU_SOURCE -D__STDC_LIMIT_MACROS -DNDEBUG  -O3  -m64 -fomit-frame-pointer -c /home/ed/mcsema-testing/llvm-test-suite/MultiSource/Benchmarks/VersaBench/dbms/delete.c -o Output/delete.llvm.o
/home/ed/mcsema-testing/llvm-test-suite/RunSafely.sh --show-errors -t "/home/ed/mcsema-testing/SANDBOX/test-2015-12-21_15-36-50/tools/timeit" 500 /dev/null Output/deleteDataObject.llvm.o.compile \
	  /usr/bin/clang -I/home/ed/mcsema-testing/SANDBOX/test-2015-12-21_15-36-50/MultiSource/Benchmarks/VersaBench/dbms -I/home/ed/mcsema-testing/llvm-test-suite/MultiSource/Benchmarks/VersaBench/dbms -I/home/ed/mcsema-testing/llvm-test-suite/include -I../../../../include -D_GNU_SOURCE -D__STDC_LIMIT_MACROS -DNDEBUG  -O3  -m64 -fomit-frame-pointer -c /home/ed/mcsema-testing/llvm-test-suite/MultiSource/Benchmarks/VersaBench/dbms/deleteDataObject.c -o Output/deleteDataObject.llvm.o
/home/ed/mcsema-testing/llvm-test-suite/RunSafely.sh --show-errors -t "/home/ed/mcsema-testing/SANDBOX/test-2015-12-21_15-36-50/tools/timeit" 500 /dev/null Output/deleteEntry.llvm.o.compile \
	  /usr/bin/clang -I/home/ed/mcsema-testing/SANDBOX/test-2015-12-21_15-36-50/MultiSource/Benchmarks/VersaBench/dbms -I/home/ed/mcsema-testing/llvm-test-suite/MultiSource/Benchmarks/VersaBench/dbms -I/home/ed/mcsema-testing/llvm-test-suite/include -I../../../../include -D_GNU_SOURCE -D__STDC_LIMIT_MACROS -DNDEBUG  -O3  -m64 -fomit-frame-pointer -c /home/ed/mcsema-testing/llvm-test-suite/MultiSource/Benchmarks/VersaBench/dbms/deleteEntry.c -o Output/deleteEntry.llvm.o
/home/ed/mcsema-testing/llvm-test-suite/RunSafely.sh --show-errors -t "/home/ed/mcsema-testing/SANDBOX/test-2015-12-21_15-36-50/tools/timeit" 500 /dev/null Output/deleteIndexEntry.llvm.o.compile \
	  /usr/bin/clang -I/home/ed/mcsema-testing/SANDBOX/test-2015-12-21_15-36-50/MultiSource/Benchmarks/VersaBench/dbms -I/home/ed/mcsema-testing/llvm-test-suite/MultiSource/Benchmarks/VersaBench/dbms -I/home/ed/mcsema-testing/llvm-test-suite/include -I../../../../include -D_GNU_SOURCE -D__STDC_LIMIT_MACROS -DNDEBUG  -O3  -m64 -fomit-frame-pointer -c /home/ed/mcsema-testing/llvm-test-suite/MultiSource/Benchmarks/VersaBench/dbms/deleteIndexEntry.c -o Output/deleteIndexEntry.llvm.o
/home/ed/mcsema-testing/llvm-test-suite/RunSafely.sh --show-errors -t "/home/ed/mcsema-testing/SANDBOX/test-2015-12-21_15-36-50/tools/timeit" 500 /dev/null Output/deleteIndexNode.llvm.o.compile \
	  /usr/bin/clang -I/home/ed/mcsema-testing/SANDBOX/test-2015-12-21_15-36-50/MultiSource/Benchmarks/VersaBench/dbms -I/home/ed/mcsema-testing/llvm-test-suite/MultiSource/Benchmarks/VersaBench/dbms -I/home/ed/mcsema-testing/llvm-test-suite/include -I../../../../include -D_GNU_SOURCE -D__STDC_LIMIT_MACROS -DNDEBUG  -O3  -m64 -fomit-frame-pointer -c /home/ed/mcsema-testing/llvm-test-suite/MultiSource/Benchmarks/VersaBench/dbms/deleteIndexNode.c -o Output/deleteIndexNode.llvm.o
/home/ed/mcsema-testing/llvm-test-suite/RunSafely.sh --show-errors -t "/home/ed/mcsema-testing/SANDBOX/test-2015-12-21_15-36-50/tools/timeit" 500 /dev/null Output/errorMessage.llvm.o.compile \
	  /usr/bin/clang -I/home/ed/mcsema-testing/SANDBOX/test-2015-12-21_15-36-50/MultiSource/Benchmarks/VersaBench/dbms -I/home/ed/mcsema-testing/llvm-test-suite/MultiSource/Benchmarks/VersaBench/dbms -I/home/ed/mcsema-testing/llvm-test-suite/include -I../../../../include -D_GNU_SOURCE -D__STDC_LIMIT_MACROS -DNDEBUG  -O3  -m64 -fomit-frame-pointer -c /home/ed/mcsema-testing/llvm-test-suite/MultiSource/Benchmarks/VersaBench/dbms/errorMessage.c -o Output/errorMessage.llvm.o
/home/ed/mcsema-testing/llvm-test-suite/RunSafely.sh --show-errors -t "/home/ed/mcsema-testing/SANDBOX/test-2015-12-21_15-36-50/tools/timeit" 500 /dev/null Output/getDeleteCommand.llvm.o.compile \
	  /usr/bin/clang -I/home/ed/mcsema-testing/SANDBOX/test-2015-12-21_15-36-50/MultiSource/Benchmarks/VersaBench/dbms -I/home/ed/mcsema-testing/llvm-test-suite/MultiSource/Benchmarks/VersaBench/dbms -I/home/ed/mcsema-testing/llvm-test-suite/include -I../../../../include -D_GNU_SOURCE -D__STDC_LIMIT_MACROS -DNDEBUG  -O3  -m64 -fomit-frame-pointer -c /home/ed/mcsema-testing/llvm-test-suite/MultiSource/Benchmarks/VersaBench/dbms/getDeleteCommand.c -o Output/getDeleteCommand.llvm.o
/home/ed/mcsema-testing/llvm-test-suite/RunSafely.sh --show-errors -t "/home/ed/mcsema-testing/SANDBOX/test-2015-12-21_15-36-50/tools/timeit" 500 /dev/null Output/getFloat.llvm.o.compile \
	  /usr/bin/clang -I/home/ed/mcsema-testing/SANDBOX/test-2015-12-21_15-36-50/MultiSource/Benchmarks/VersaBench/dbms -I/home/ed/mcsema-testing/llvm-test-suite/MultiSource/Benchmarks/VersaBench/dbms -I/home/ed/mcsema-testing/llvm-test-suite/include -I../../../../include -D_GNU_SOURCE -D__STDC_LIMIT_MACROS -DNDEBUG  -O3  -m64 -fomit-frame-pointer -c /home/ed/mcsema-testing/llvm-test-suite/MultiSource/Benchmarks/VersaBench/dbms/getFloat.c -o Output/getFloat.llvm.o
/home/ed/mcsema-testing/llvm-test-suite/RunSafely.sh --show-errors -t "/home/ed/mcsema-testing/SANDBOX/test-2015-12-21_15-36-50/tools/timeit" 500 /dev/null Output/getInitCommand.llvm.o.compile \
	  /usr/bin/clang -I/home/ed/mcsema-testing/SANDBOX/test-2015-12-21_15-36-50/MultiSource/Benchmarks/VersaBench/dbms -I/home/ed/mcsema-testing/llvm-test-suite/MultiSource/Benchmarks/VersaBench/dbms -I/home/ed/mcsema-testing/llvm-test-suite/include -I../../../../include -D_GNU_SOURCE -D__STDC_LIMIT_MACROS -DNDEBUG  -O3  -m64 -fomit-frame-pointer -c /home/ed/mcsema-testing/llvm-test-suite/MultiSource/Benchmarks/VersaBench/dbms/getInitCommand.c -o Output/getInitCommand.llvm.o
/home/ed/mcsema-testing/llvm-test-suite/RunSafely.sh --show-errors -t "/home/ed/mcsema-testing/SANDBOX/test-2015-12-21_15-36-50/tools/timeit" 500 /dev/null Output/getInsertCommand.llvm.o.compile \
	  /usr/bin/clang -I/home/ed/mcsema-testing/SANDBOX/test-2015-12-21_15-36-50/MultiSource/Benchmarks/VersaBench/dbms -I/home/ed/mcsema-testing/llvm-test-suite/MultiSource/Benchmarks/VersaBench/dbms -I/home/ed/mcsema-testing/llvm-test-suite/include -I../../../../include -D_GNU_SOURCE -D__STDC_LIMIT_MACROS -DNDEBUG  -O3  -m64 -fomit-frame-pointer -c /home/ed/mcsema-testing/llvm-test-suite/MultiSource/Benchmarks/VersaBench/dbms/getInsertCommand.c -o Output/getInsertCommand.llvm.o
/home/ed/mcsema-testing/llvm-test-suite/RunSafely.sh --show-errors -t "/home/ed/mcsema-testing/SANDBOX/test-2015-12-21_15-36-50/tools/timeit" 500 /dev/null Output/getInt.llvm.o.compile \
	  /usr/bin/clang -I/home/ed/mcsema-testing/SANDBOX/test-2015-12-21_15-36-50/MultiSource/Benchmarks/VersaBench/dbms -I/home/ed/mcsema-testing/llvm-test-suite/MultiSource/Benchmarks/VersaBench/dbms -I/home/ed/mcsema-testing/llvm-test-suite/include -I../../../../include -D_GNU_SOURCE -D__STDC_LIMIT_MACROS -DNDEBUG  -O3  -m64 -fomit-frame-pointer -c /home/ed/mcsema-testing/llvm-test-suite/MultiSource/Benchmarks/VersaBench/dbms/getInt.c -o Output/getInt.llvm.o
/home/ed/mcsema-testing/llvm-test-suite/RunSafely.sh --show-errors -t "/home/ed/mcsema-testing/SANDBOX/test-2015-12-21_15-36-50/tools/timeit" 500 /dev/null Output/getKeyAttribute.llvm.o.compile \
	  /usr/bin/clang -I/home/ed/mcsema-testing/SANDBOX/test-2015-12-21_15-36-50/MultiSource/Benchmarks/VersaBench/dbms -I/home/ed/mcsema-testing/llvm-test-suite/MultiSource/Benchmarks/VersaBench/dbms -I/home/ed/mcsema-testing/llvm-test-suite/include -I../../../../include -D_GNU_SOURCE -D__STDC_LIMIT_MACROS -DNDEBUG  -O3  -m64 -fomit-frame-pointer -c /home/ed/mcsema-testing/llvm-test-suite/MultiSource/Benchmarks/VersaBench/dbms/getKeyAttribute.c -o Output/getKeyAttribute.llvm.o
/home/ed/mcsema-testing/llvm-test-suite/RunSafely.sh --show-errors -t "/home/ed/mcsema-testing/SANDBOX/test-2015-12-21_15-36-50/tools/timeit" 500 /dev/null Output/getNextCommandCode.llvm.o.compile \
	  /usr/bin/clang -I/home/ed/mcsema-testing/SANDBOX/test-2015-12-21_15-36-50/MultiSource/Benchmarks/VersaBench/dbms -I/home/ed/mcsema-testing/llvm-test-suite/MultiSource/Benchmarks/VersaBench/dbms -I/home/ed/mcsema-testing/llvm-test-suite/include -I../../../../include -D_GNU_SOURCE -D__STDC_LIMIT_MACROS -DNDEBUG  -O3  -m64 -fomit-frame-pointer -c /home/ed/mcsema-testing/llvm-test-suite/MultiSource/Benchmarks/VersaBench/dbms/getNextCommandCode.c -o Output/getNextCommandCode.llvm.o
/home/ed/mcsema-testing/llvm-test-suite/RunSafely.sh --show-errors -t "/home/ed/mcsema-testing/SANDBOX/test-2015-12-21_15-36-50/tools/timeit" 500 /dev/null Output/getNonKeyAttribute.llvm.o.compile \
	  /usr/bin/clang -I/home/ed/mcsema-testing/SANDBOX/test-2015-12-21_15-36-50/MultiSource/Benchmarks/VersaBench/dbms -I/home/ed/mcsema-testing/llvm-test-suite/MultiSource/Benchmarks/VersaBench/dbms -I/home/ed/mcsema-testing/llvm-test-suite/include -I../../../../include -D_GNU_SOURCE -D__STDC_LIMIT_MACROS -DNDEBUG  -O3  -m64 -fomit-frame-pointer -c /home/ed/mcsema-testing/llvm-test-suite/MultiSource/Benchmarks/VersaBench/dbms/getNonKeyAttribute.c -o Output/getNonKeyAttribute.llvm.o
/home/ed/mcsema-testing/llvm-test-suite/RunSafely.sh --show-errors -t "/home/ed/mcsema-testing/SANDBOX/test-2015-12-21_15-36-50/tools/timeit" 500 /dev/null Output/getQueryCommand.llvm.o.compile \
	  /usr/bin/clang -I/home/ed/mcsema-testing/SANDBOX/test-2015-12-21_15-36-50/MultiSource/Benchmarks/VersaBench/dbms -I/home/ed/mcsema-testing/llvm-test-suite/MultiSource/Benchmarks/VersaBench/dbms -I/home/ed/mcsema-testing/llvm-test-suite/include -I../../../../include -D_GNU_SOURCE -D__STDC_LIMIT_MACROS -DNDEBUG  -O3  -m64 -fomit-frame-pointer -c /home/ed/mcsema-testing/llvm-test-suite/MultiSource/Benchmarks/VersaBench/dbms/getQueryCommand.c -o Output/getQueryCommand.llvm.o
/home/ed/mcsema-testing/llvm-test-suite/RunSafely.sh --show-errors -t "/home/ed/mcsema-testing/SANDBOX/test-2015-12-21_15-36-50/tools/timeit" 500 /dev/null Output/getString.llvm.o.compile \
	  /usr/bin/clang -I/home/ed/mcsema-testing/SANDBOX/test-2015-12-21_15-36-50/MultiSource/Benchmarks/VersaBench/dbms -I/home/ed/mcsema-testing/llvm-test-suite/MultiSource/Benchmarks/VersaBench/dbms -I/home/ed/mcsema-testing/llvm-test-suite/include -I../../../../include -D_GNU_SOURCE -D__STDC_LIMIT_MACROS -DNDEBUG  -O3  -m64 -fomit-frame-pointer -c /home/ed/mcsema-testing/llvm-test-suite/MultiSource/Benchmarks/VersaBench/dbms/getString.c -o Output/getString.llvm.o
/home/ed/mcsema-testing/llvm-test-suite/RunSafely.sh --show-errors -t "/home/ed/mcsema-testing/SANDBOX/test-2015-12-21_15-36-50/tools/timeit" 500 /dev/null Output/initMetricsData.llvm.o.compile \
	  /usr/bin/clang -I/home/ed/mcsema-testing/SANDBOX/test-2015-12-21_15-36-50/MultiSource/Benchmarks/VersaBench/dbms -I/home/ed/mcsema-testing/llvm-test-suite/MultiSource/Benchmarks/VersaBench/dbms -I/home/ed/mcsema-testing/llvm-test-suite/include -I../../../../include -D_GNU_SOURCE -D__STDC_LIMIT_MACROS -DNDEBUG  -O3  -m64 -fomit-frame-pointer -c /home/ed/mcsema-testing/llvm-test-suite/MultiSource/Benchmarks/VersaBench/dbms/initMetricsData.c -o Output/initMetricsData.llvm.o
/home/ed/mcsema-testing/llvm-test-suite/RunSafely.sh --show-errors -t "/home/ed/mcsema-testing/SANDBOX/test-2015-12-21_15-36-50/tools/timeit" 500 /dev/null Output/insert.llvm.o.compile \
	  /usr/bin/clang -I/home/ed/mcsema-testing/SANDBOX/test-2015-12-21_15-36-50/MultiSource/Benchmarks/VersaBench/dbms -I/home/ed/mcsema-testing/llvm-test-suite/MultiSource/Benchmarks/VersaBench/dbms -I/home/ed/mcsema-testing/llvm-test-suite/include -I../../../../include -D_GNU_SOURCE -D__STDC_LIMIT_MACROS -DNDEBUG  -O3  -m64 -fomit-frame-pointer -c /home/ed/mcsema-testing/llvm-test-suite/MultiSource/Benchmarks/VersaBench/dbms/insert.c -o Output/insert.llvm.o
/home/ed/mcsema-testing/llvm-test-suite/RunSafely.sh --show-errors -t "/home/ed/mcsema-testing/SANDBOX/test-2015-12-21_15-36-50/tools/timeit" 500 /dev/null Output/insertEntry.llvm.o.compile \
	  /usr/bin/clang -I/home/ed/mcsema-testing/SANDBOX/test-2015-12-21_15-36-50/MultiSource/Benchmarks/VersaBench/dbms -I/home/ed/mcsema-testing/llvm-test-suite/MultiSource/Benchmarks/VersaBench/dbms -I/home/ed/mcsema-testing/llvm-test-suite/include -I../../../../include -D_GNU_SOURCE -D__STDC_LIMIT_MACROS -DNDEBUG  -O3  -m64 -fomit-frame-pointer -c /home/ed/mcsema-testing/llvm-test-suite/MultiSource/Benchmarks/VersaBench/dbms/insertEntry.c -o Output/insertEntry.llvm.o
/home/ed/mcsema-testing/llvm-test-suite/RunSafely.sh --show-errors -t "/home/ed/mcsema-testing/SANDBOX/test-2015-12-21_15-36-50/tools/timeit" 500 /dev/null Output/keyUnion.llvm.o.compile \
	  /usr/bin/clang -I/home/ed/mcsema-testing/SANDBOX/test-2015-12-21_15-36-50/MultiSource/Benchmarks/VersaBench/dbms -I/home/ed/mcsema-testing/llvm-test-suite/MultiSource/Benchmarks/VersaBench/dbms -I/home/ed/mcsema-testing/llvm-test-suite/include -I../../../../include -D_GNU_SOURCE -D__STDC_LIMIT_MACROS -DNDEBUG  -O3  -m64 -fomit-frame-pointer -c /home/ed/mcsema-testing/llvm-test-suite/MultiSource/Benchmarks/VersaBench/dbms/keyUnion.c -o Output/keyUnion.llvm.o
/home/ed/mcsema-testing/llvm-test-suite/RunSafely.sh --show-errors -t "/home/ed/mcsema-testing/SANDBOX/test-2015-12-21_15-36-50/tools/timeit" 500 /dev/null Output/main.llvm.o.compile \
	  /usr/bin/clang -I/home/ed/mcsema-testing/SANDBOX/test-2015-12-21_15-36-50/MultiSource/Benchmarks/VersaBench/dbms -I/home/ed/mcsema-testing/llvm-test-suite/MultiSource/Benchmarks/VersaBench/dbms -I/home/ed/mcsema-testing/llvm-test-suite/include -I../../../../include -D_GNU_SOURCE -D__STDC_LIMIT_MACROS -DNDEBUG  -O3  -m64 -fomit-frame-pointer -c /home/ed/mcsema-testing/llvm-test-suite/MultiSource/Benchmarks/VersaBench/dbms/main.c -o Output/main.llvm.o
/home/ed/mcsema-testing/llvm-test-suite/RunSafely.sh --show-errors -t "/home/ed/mcsema-testing/SANDBOX/test-2015-12-21_15-36-50/tools/timeit" 500 /dev/null Output/openFiles.llvm.o.compile \
	  /usr/bin/clang -I/home/ed/mcsema-testing/SANDBOX/test-2015-12-21_15-36-50/MultiSource/Benchmarks/VersaBench/dbms -I/home/ed/mcsema-testing/llvm-test-suite/MultiSource/Benchmarks/VersaBench/dbms -I/home/ed/mcsema-testing/llvm-test-suite/include -I../../../../include -D_GNU_SOURCE -D__STDC_LIMIT_MACROS -DNDEBUG  -O3  -m64 -fomit-frame-pointer -c /home/ed/mcsema-testing/llvm-test-suite/MultiSource/Benchmarks/VersaBench/dbms/openFiles.c -o Output/openFiles.llvm.o
/home/ed/mcsema-testing/llvm-test-suite/RunSafely.sh --show-errors -t "/home/ed/mcsema-testing/SANDBOX/test-2015-12-21_15-36-50/tools/timeit" 500 /dev/null Output/outputMetricsData.llvm.o.compile \
	  /usr/bin/clang -I/home/ed/mcsema-testing/SANDBOX/test-2015-12-21_15-36-50/MultiSource/Benchmarks/VersaBench/dbms -I/home/ed/mcsema-testing/llvm-test-suite/MultiSource/Benchmarks/VersaBench/dbms -I/home/ed/mcsema-testing/llvm-test-suite/include -I../../../../include -D_GNU_SOURCE -D__STDC_LIMIT_MACROS -DNDEBUG  -O3  -m64 -fomit-frame-pointer -c /home/ed/mcsema-testing/llvm-test-suite/MultiSource/Benchmarks/VersaBench/dbms/outputMetricsData.c -o Output/outputMetricsData.llvm.o
/home/ed/mcsema-testing/llvm-test-suite/RunSafely.sh --show-errors -t "/home/ed/mcsema-testing/SANDBOX/test-2015-12-21_15-36-50/tools/timeit" 500 /dev/null Output/outputQuery.llvm.o.compile \
	  /usr/bin/clang -I/home/ed/mcsema-testing/SANDBOX/test-2015-12-21_15-36-50/MultiSource/Benchmarks/VersaBench/dbms -I/home/ed/mcsema-testing/llvm-test-suite/MultiSource/Benchmarks/VersaBench/dbms -I/home/ed/mcsema-testing/llvm-test-suite/include -I../../../../include -D_GNU_SOURCE -D__STDC_LIMIT_MACROS -DNDEBUG  -O3  -m64 -fomit-frame-pointer -c /home/ed/mcsema-testing/llvm-test-suite/MultiSource/Benchmarks/VersaBench/dbms/outputQuery.c -o Output/outputQuery.llvm.o
/home/ed/mcsema-testing/llvm-test-suite/RunSafely.sh --show-errors -t "/home/ed/mcsema-testing/SANDBOX/test-2015-12-21_15-36-50/tools/timeit" 500 /dev/null Output/partitionEntries.llvm.o.compile \
	  /usr/bin/clang -I/home/ed/mcsema-testing/SANDBOX/test-2015-12-21_15-36-50/MultiSource/Benchmarks/VersaBench/dbms -I/home/ed/mcsema-testing/llvm-test-suite/MultiSource/Benchmarks/VersaBench/dbms -I/home/ed/mcsema-testing/llvm-test-suite/include -I../../../../include -D_GNU_SOURCE -D__STDC_LIMIT_MACROS -DNDEBUG  -O3  -m64 -fomit-frame-pointer -c /home/ed/mcsema-testing/llvm-test-suite/MultiSource/Benchmarks/VersaBench/dbms/partitionEntries.c -o Output/partitionEntries.llvm.o
/home/ed/mcsema-testing/llvm-test-suite/RunSafely.sh --show-errors -t "/home/ed/mcsema-testing/SANDBOX/test-2015-12-21_15-36-50/tools/timeit" 500 /dev/null Output/penalty.llvm.o.compile \
	  /usr/bin/clang -I/home/ed/mcsema-testing/SANDBOX/test-2015-12-21_15-36-50/MultiSource/Benchmarks/VersaBench/dbms -I/home/ed/mcsema-testing/llvm-test-suite/MultiSource/Benchmarks/VersaBench/dbms -I/home/ed/mcsema-testing/llvm-test-suite/include -I../../../../include -D_GNU_SOURCE -D__STDC_LIMIT_MACROS -DNDEBUG  -O3  -m64 -fomit-frame-pointer -c /home/ed/mcsema-testing/llvm-test-suite/MultiSource/Benchmarks/VersaBench/dbms/penalty.c -o Output/penalty.llvm.o
/home/ed/mcsema-testing/llvm-test-suite/RunSafely.sh --show-errors -t "/home/ed/mcsema-testing/SANDBOX/test-2015-12-21_15-36-50/tools/timeit" 500 /dev/null Output/query.llvm.o.compile \
	  /usr/bin/clang -I/home/ed/mcsema-testing/SANDBOX/test-2015-12-21_15-36-50/MultiSource/Benchmarks/VersaBench/dbms -I/home/ed/mcsema-testing/llvm-test-suite/MultiSource/Benchmarks/VersaBench/dbms -I/home/ed/mcsema-testing/llvm-test-suite/include -I../../../../include -D_GNU_SOURCE -D__STDC_LIMIT_MACROS -DNDEBUG  -O3  -m64 -fomit-frame-pointer -c /home/ed/mcsema-testing/llvm-test-suite/MultiSource/Benchmarks/VersaBench/dbms/query.c -o Output/query.llvm.o
/home/ed/mcsema-testing/llvm-test-suite/RunSafely.sh --show-errors -t "/home/ed/mcsema-testing/SANDBOX/test-2015-12-21_15-36-50/tools/timeit" 500 /dev/null Output/setMetricsData.llvm.o.compile \
	  /usr/bin/clang -I/home/ed/mcsema-testing/SANDBOX/test-2015-12-21_15-36-50/MultiSource/Benchmarks/VersaBench/dbms -I/home/ed/mcsema-testing/llvm-test-suite/MultiSource/Benchmarks/VersaBench/dbms -I/home/ed/mcsema-testing/llvm-test-suite/include -I../../../../include -D_GNU_SOURCE -D__STDC_LIMIT_MACROS -DNDEBUG  -O3  -m64 -fomit-frame-pointer -c /home/ed/mcsema-testing/llvm-test-suite/MultiSource/Benchmarks/VersaBench/dbms/setMetricsData.c -o Output/setMetricsData.llvm.o
/home/ed/mcsema-testing/llvm-test-suite/RunSafely.sh --show-errors -t "/home/ed/mcsema-testing/SANDBOX/test-2015-12-21_15-36-50/tools/timeit" 500 /dev/null Output/splitNode.llvm.o.compile \
	  /usr/bin/clang -I/home/ed/mcsema-testing/SANDBOX/test-2015-12-21_15-36-50/MultiSource/Benchmarks/VersaBench/dbms -I/home/ed/mcsema-testing/llvm-test-suite/MultiSource/Benchmarks/VersaBench/dbms -I/home/ed/mcsema-testing/llvm-test-suite/include -I../../../../include -D_GNU_SOURCE -D__STDC_LIMIT_MACROS -DNDEBUG  -O3  -m64 -fomit-frame-pointer -c /home/ed/mcsema-testing/llvm-test-suite/MultiSource/Benchmarks/VersaBench/dbms/splitNode.c -o Output/splitNode.llvm.o
/home/ed/mcsema-testing/llvm-test-suite/RunSafely.sh --show-errors -t "/home/ed/mcsema-testing/SANDBOX/test-2015-12-21_15-36-50/tools/timeit" 500 /dev/null Output/timer.llvm.o.compile \
	  /usr/bin/clang -I/home/ed/mcsema-testing/SANDBOX/test-2015-12-21_15-36-50/MultiSource/Benchmarks/VersaBench/dbms -I/home/ed/mcsema-testing/llvm-test-suite/MultiSource/Benchmarks/VersaBench/dbms -I/home/ed/mcsema-testing/llvm-test-suite/include -I../../../../include -D_GNU_SOURCE -D__STDC_LIMIT_MACROS -DNDEBUG  -O3  -m64 -fomit-frame-pointer -c /home/ed/mcsema-testing/llvm-test-suite/MultiSource/Benchmarks/VersaBench/dbms/timer.c -o Output/timer.llvm.o
/home/ed/mcsema-testing/llvm-test-suite/RunSafely.sh --show-errors -t "/home/ed/mcsema-testing/SANDBOX/test-2015-12-21_15-36-50/tools/timeit" 500 /dev/null Output/updateMetricsData.llvm.o.compile \
	  /usr/bin/clang -I/home/ed/mcsema-testing/SANDBOX/test-2015-12-21_15-36-50/MultiSource/Benchmarks/VersaBench/dbms -I/home/ed/mcsema-testing/llvm-test-suite/MultiSource/Benchmarks/VersaBench/dbms -I/home/ed/mcsema-testing/llvm-test-suite/include -I../../../../include -D_GNU_SOURCE -D__STDC_LIMIT_MACROS -DNDEBUG  -O3  -m64 -fomit-frame-pointer -c /home/ed/mcsema-testing/llvm-test-suite/MultiSource/Benchmarks/VersaBench/dbms/updateMetricsData.c -o Output/updateMetricsData.llvm.o
/home/ed/mcsema-testing/llvm-test-suite/RunSafely.sh --show-errors -t "/home/ed/mcsema-testing/SANDBOX/test-2015-12-21_15-36-50/tools/timeit" 500 /dev/null Output/valid.llvm.o.compile \
	  /usr/bin/clang -I/home/ed/mcsema-testing/SANDBOX/test-2015-12-21_15-36-50/MultiSource/Benchmarks/VersaBench/dbms -I/home/ed/mcsema-testing/llvm-test-suite/MultiSource/Benchmarks/VersaBench/dbms -I/home/ed/mcsema-testing/llvm-test-suite/include -I../../../../include -D_GNU_SOURCE -D__STDC_LIMIT_MACROS -DNDEBUG  -O3  -m64 -fomit-frame-pointer -c /home/ed/mcsema-testing/llvm-test-suite/MultiSource/Benchmarks/VersaBench/dbms/valid.c -o Output/valid.llvm.o
/home/ed/mcsema-testing/llvm-test-suite/RunSafely.sh --show-errors -t "/home/ed/mcsema-testing/SANDBOX/test-2015-12-21_15-36-50/tools/timeit" 500 /dev/null Output/volume.llvm.o.compile \
	  /usr/bin/clang -I/home/ed/mcsema-testing/SANDBOX/test-2015-12-21_15-36-50/MultiSource/Benchmarks/VersaBench/dbms -I/home/ed/mcsema-testing/llvm-test-suite/MultiSource/Benchmarks/VersaBench/dbms -I/home/ed/mcsema-testing/llvm-test-suite/include -I../../../../include -D_GNU_SOURCE -D__STDC_LIMIT_MACROS -DNDEBUG  -O3  -m64 -fomit-frame-pointer -c /home/ed/mcsema-testing/llvm-test-suite/MultiSource/Benchmarks/VersaBench/dbms/volume.c -o Output/volume.llvm.o
/usr/bin/clang++ -o Output/dbms.simple Output/calcMetricsData.llvm.o Output/chooseEntry.llvm.o Output/clearLine.llvm.o Output/closeFiles.llvm.o Output/consistent.llvm.o Output/createDataObject.llvm.o Output/createIndexEntry.llvm.o Output/createIndexNode.llvm.o Output/delete.llvm.o Output/deleteDataObject.llvm.o Output/deleteEntry.llvm.o Output/deleteIndexEntry.llvm.o Output/deleteIndexNode.llvm.o Output/errorMessage.llvm.o Output/getDeleteCommand.llvm.o Output/getFloat.llvm.o Output/getInitCommand.llvm.o Output/getInsertCommand.llvm.o Output/getInt.llvm.o Output/getKeyAttribute.llvm.o Output/getNextCommandCode.llvm.o Output/getNonKeyAttribute.llvm.o Output/getQueryCommand.llvm.o Output/getString.llvm.o Output/initMetricsData.llvm.o Output/insert.llvm.o Output/insertEntry.llvm.o Output/keyUnion.llvm.o Output/main.llvm.o Output/openFiles.llvm.o Output/outputMetricsData.llvm.o Output/outputQuery.llvm.o Output/partitionEntries.llvm.o Output/penalty.llvm.o Output/query.llvm.o Output/setMetricsData.llvm.o Output/splitNode.llvm.o Output/timer.llvm.o Output/updateMetricsData.llvm.o Output/valid.llvm.o Output/volume.llvm.o    -m64 -fomit-frame-pointer
/home/ed/mcsema-testing/llvm-test-suite/RunSafely.sh -t "/home/ed/mcsema-testing/SANDBOX/test-2015-12-21_15-36-50/tools/timeit-target" 500 /dev/null Output/dbms.out-simple Output/dbms.simple -i /home/ed/mcsema-testing/llvm-test-suite/MultiSource/Benchmarks/VersaBench/dbms/dbms.ref.in
cp Output/dbms.simple Output/dbms.simple-hash; \
	strip --remove-section=.comment --remove-section='.note*' Output/dbms.simple-hash; \
	/home/ed/mcsema-testing/llvm-test-suite/HashProgramOutput.sh Output/dbms.simple-hash
if [ -f "/home/ed/mcsema-testing/llvm-test-suite/MultiSource/Benchmarks/VersaBench/dbms/dbms.reference_output.little-endian." ]; then \
	  cp /home/ed/mcsema-testing/llvm-test-suite/MultiSource/Benchmarks/VersaBench/dbms/dbms.reference_output.little-endian. Output/dbms.out-nat; \
	elif [ -f "/home/ed/mcsema-testing/llvm-test-suite/MultiSource/Benchmarks/VersaBench/dbms/dbms.reference_output." ]; then \
	  cp /home/ed/mcsema-testing/llvm-test-suite/MultiSource/Benchmarks/VersaBench/dbms/dbms.reference_output. Output/dbms.out-nat; \
	elif [ -f "/home/ed/mcsema-testing/llvm-test-suite/MultiSource/Benchmarks/VersaBench/dbms/dbms.reference_output.little-endian" ]; then \
	  cp /home/ed/mcsema-testing/llvm-test-suite/MultiSource/Benchmarks/VersaBench/dbms/dbms.reference_output.little-endian Output/dbms.out-nat; \
	elif [ -f "/home/ed/mcsema-testing/llvm-test-suite/MultiSource/Benchmarks/VersaBench/dbms/dbms.reference_output" ]; then \
	  cp /home/ed/mcsema-testing/llvm-test-suite/MultiSource/Benchmarks/VersaBench/dbms/dbms.reference_output Output/dbms.out-nat; \
	else \
	  printf "WARNING: %s: %s\n" "NO REFERENCE OUTPUT (using default)" "/home/ed/mcsema-testing/llvm-test-suite/MultiSource/Benchmarks/VersaBench/dbms/dbms.reference_output" > Output/dbms.out-nat; \
	  cp /home/ed/mcsema-testing/llvm-test-suite/default.reference_output Output/dbms.out-nat; \
	  cat Output/dbms.out-nat; \
	fi
# Pretend that the reference output was produced instantaneously.
cp /home/ed/mcsema-testing/llvm-test-suite/instant.txt Output/dbms.out-nat.time
/home/ed/mcsema-testing/llvm-test-suite/DiffOutput.sh "/home/ed/mcsema-testing/SANDBOX/test-2015-12-21_15-36-50/tools/fpcmp " simple dbms 
rm -f Output/dbms.exe-simple
cp Output/dbms.diff-simple Output/dbms.exe-simple
if test -f Output/dbms.extra-results.txt; then \
	  /home/ed/mcsema-testing/llvm-test-suite/ParseMultipleResults /home/ed/mcsema-testing/SANDBOX/test-2015-12-21_15-36-50/MultiSource/Benchmarks/VersaBench/dbms/dbms Output/dbms.extra-results.txt >> Output/dbms.simple.exec.report.txt; \
	fi
cat Output/dbms.simple.compile.report.txt Output/dbms.simple.exec.report.txt >> Output/dbms.simple.report.txt
---------------------------------------------------------------
>>> ========= '/home/ed/mcsema-testing/SANDBOX/test-2015-12-21_15-36-50/MultiSource/Benchmarks/VersaBench/dbms/dbms' Program
---------------------------------------------------------------

TEST-PASS: compile /home/ed/mcsema-testing/SANDBOX/test-2015-12-21_15-36-50/MultiSource/Benchmarks/VersaBench/dbms/dbms
TEST-RESULT-compile-success: pass
TEST-RESULT-compile-hash: 6c978c91cb172df3d6603d6c58b42137
TEST-RESULT-compile-time: user 1.106000
TEST-RESULT-compile-real-time: real 1.754000

TEST-PASS: exec /home/ed/mcsema-testing/SANDBOX/test-2015-12-21_15-36-50/MultiSource/Benchmarks/VersaBench/dbms/dbms
TEST-RESULT-exec-success: pass
TEST-RESULT-exec-time: user       1.3845
TEST-RESULT-exec-real-time: real       1.4737
make[5]: Leaving directory `/home/ed/mcsema-testing/SANDBOX/test-2015-12-21_15-36-50/MultiSource/Benchmarks/VersaBench/dbms'
make[5]: Entering directory `/home/ed/mcsema-testing/SANDBOX/test-2015-12-21_15-36-50/MultiSource/Benchmarks/VersaBench/ecbdes'
/home/ed/mcsema-testing/llvm-test-suite/RunSafely.sh --show-errors -t "/home/ed/mcsema-testing/SANDBOX/test-2015-12-21_15-36-50/tools/timeit" 500 /dev/null Output/des_enc.llvm.o.compile \
	  /usr/bin/clang -I/home/ed/mcsema-testing/SANDBOX/test-2015-12-21_15-36-50/MultiSource/Benchmarks/VersaBench/ecbdes -I/home/ed/mcsema-testing/llvm-test-suite/MultiSource/Benchmarks/VersaBench/ecbdes -I/home/ed/mcsema-testing/llvm-test-suite/include -I../../../../include -D_GNU_SOURCE -D__STDC_LIMIT_MACROS -DNDEBUG  -O3  -m64 -fomit-frame-pointer -c /home/ed/mcsema-testing/llvm-test-suite/MultiSource/Benchmarks/VersaBench/ecbdes/des_enc.c -o Output/des_enc.llvm.o
/home/ed/mcsema-testing/llvm-test-suite/RunSafely.sh --show-errors -t "/home/ed/mcsema-testing/SANDBOX/test-2015-12-21_15-36-50/tools/timeit" 500 /dev/null Output/driver.llvm.o.compile \
	  /usr/bin/clang -I/home/ed/mcsema-testing/SANDBOX/test-2015-12-21_15-36-50/MultiSource/Benchmarks/VersaBench/ecbdes -I/home/ed/mcsema-testing/llvm-test-suite/MultiSource/Benchmarks/VersaBench/ecbdes -I/home/ed/mcsema-testing/llvm-test-suite/include -I../../../../include -D_GNU_SOURCE -D__STDC_LIMIT_MACROS -DNDEBUG  -O3  -m64 -fomit-frame-pointer -c /home/ed/mcsema-testing/llvm-test-suite/MultiSource/Benchmarks/VersaBench/ecbdes/driver.c -o Output/driver.llvm.o
/home/ed/mcsema-testing/llvm-test-suite/RunSafely.sh --show-errors -t "/home/ed/mcsema-testing/SANDBOX/test-2015-12-21_15-36-50/tools/timeit" 500 /dev/null Output/ecb_enc.llvm.o.compile \
	  /usr/bin/clang -I/home/ed/mcsema-testing/SANDBOX/test-2015-12-21_15-36-50/MultiSource/Benchmarks/VersaBench/ecbdes -I/home/ed/mcsema-testing/llvm-test-suite/MultiSource/Benchmarks/VersaBench/ecbdes -I/home/ed/mcsema-testing/llvm-test-suite/include -I../../../../include -D_GNU_SOURCE -D__STDC_LIMIT_MACROS -DNDEBUG  -O3  -m64 -fomit-frame-pointer -c /home/ed/mcsema-testing/llvm-test-suite/MultiSource/Benchmarks/VersaBench/ecbdes/ecb_enc.c -o Output/ecb_enc.llvm.o
/home/ed/mcsema-testing/llvm-test-suite/RunSafely.sh --show-errors -t "/home/ed/mcsema-testing/SANDBOX/test-2015-12-21_15-36-50/tools/timeit" 500 /dev/null Output/set_key.llvm.o.compile \
	  /usr/bin/clang -I/home/ed/mcsema-testing/SANDBOX/test-2015-12-21_15-36-50/MultiSource/Benchmarks/VersaBench/ecbdes -I/home/ed/mcsema-testing/llvm-test-suite/MultiSource/Benchmarks/VersaBench/ecbdes -I/home/ed/mcsema-testing/llvm-test-suite/include -I../../../../include -D_GNU_SOURCE -D__STDC_LIMIT_MACROS -DNDEBUG  -O3  -m64 -fomit-frame-pointer -c /home/ed/mcsema-testing/llvm-test-suite/MultiSource/Benchmarks/VersaBench/ecbdes/set_key.c -o Output/set_key.llvm.o
/usr/bin/clang++ -o Output/ecbdes.simple Output/des_enc.llvm.o Output/driver.llvm.o Output/ecb_enc.llvm.o Output/set_key.llvm.o    -m64 -fomit-frame-pointer
/home/ed/mcsema-testing/llvm-test-suite/RunSafely.sh -t "/home/ed/mcsema-testing/SANDBOX/test-2015-12-21_15-36-50/tools/timeit-target" 500 /dev/null Output/ecbdes.out-simple Output/ecbdes.simple 16
cp Output/ecbdes.simple Output/ecbdes.simple-hash; \
	strip --remove-section=.comment --remove-section='.note*' Output/ecbdes.simple-hash; \
	/home/ed/mcsema-testing/llvm-test-suite/HashProgramOutput.sh Output/ecbdes.simple-hash
if [ -f "/home/ed/mcsema-testing/llvm-test-suite/MultiSource/Benchmarks/VersaBench/ecbdes/ecbdes.reference_output.little-endian." ]; then \
	  cp /home/ed/mcsema-testing/llvm-test-suite/MultiSource/Benchmarks/VersaBench/ecbdes/ecbdes.reference_output.little-endian. Output/ecbdes.out-nat; \
	elif [ -f "/home/ed/mcsema-testing/llvm-test-suite/MultiSource/Benchmarks/VersaBench/ecbdes/ecbdes.reference_output." ]; then \
	  cp /home/ed/mcsema-testing/llvm-test-suite/MultiSource/Benchmarks/VersaBench/ecbdes/ecbdes.reference_output. Output/ecbdes.out-nat; \
	elif [ -f "/home/ed/mcsema-testing/llvm-test-suite/MultiSource/Benchmarks/VersaBench/ecbdes/ecbdes.reference_output.little-endian" ]; then \
	  cp /home/ed/mcsema-testing/llvm-test-suite/MultiSource/Benchmarks/VersaBench/ecbdes/ecbdes.reference_output.little-endian Output/ecbdes.out-nat; \
	elif [ -f "/home/ed/mcsema-testing/llvm-test-suite/MultiSource/Benchmarks/VersaBench/ecbdes/ecbdes.reference_output" ]; then \
	  cp /home/ed/mcsema-testing/llvm-test-suite/MultiSource/Benchmarks/VersaBench/ecbdes/ecbdes.reference_output Output/ecbdes.out-nat; \
	else \
	  printf "WARNING: %s: %s\n" "NO REFERENCE OUTPUT (using default)" "/home/ed/mcsema-testing/llvm-test-suite/MultiSource/Benchmarks/VersaBench/ecbdes/ecbdes.reference_output" > Output/ecbdes.out-nat; \
	  cp /home/ed/mcsema-testing/llvm-test-suite/default.reference_output Output/ecbdes.out-nat; \
	  cat Output/ecbdes.out-nat; \
	fi
# Pretend that the reference output was produced instantaneously.
cp /home/ed/mcsema-testing/llvm-test-suite/instant.txt Output/ecbdes.out-nat.time
/home/ed/mcsema-testing/llvm-test-suite/DiffOutput.sh "/home/ed/mcsema-testing/SANDBOX/test-2015-12-21_15-36-50/tools/fpcmp " simple ecbdes 
rm -f Output/ecbdes.exe-simple
cp Output/ecbdes.diff-simple Output/ecbdes.exe-simple
if test -f Output/ecbdes.extra-results.txt; then \
	  /home/ed/mcsema-testing/llvm-test-suite/ParseMultipleResults /home/ed/mcsema-testing/SANDBOX/test-2015-12-21_15-36-50/MultiSource/Benchmarks/VersaBench/ecbdes/ecbdes Output/ecbdes.extra-results.txt >> Output/ecbdes.simple.exec.report.txt; \
	fi
cat Output/ecbdes.simple.compile.report.txt Output/ecbdes.simple.exec.report.txt >> Output/ecbdes.simple.report.txt
---------------------------------------------------------------
>>> ========= '/home/ed/mcsema-testing/SANDBOX/test-2015-12-21_15-36-50/MultiSource/Benchmarks/VersaBench/ecbdes/ecbdes' Program
---------------------------------------------------------------

TEST-PASS: compile /home/ed/mcsema-testing/SANDBOX/test-2015-12-21_15-36-50/MultiSource/Benchmarks/VersaBench/ecbdes/ecbdes
TEST-RESULT-compile-success: pass
TEST-RESULT-compile-hash: 974114aa59f0fc40ec6a157926bf944f
TEST-RESULT-compile-time: user 0.203400
TEST-RESULT-compile-real-time: real 0.270400

TEST-PASS: exec /home/ed/mcsema-testing/SANDBOX/test-2015-12-21_15-36-50/MultiSource/Benchmarks/VersaBench/ecbdes/ecbdes
TEST-RESULT-exec-success: pass
TEST-RESULT-exec-time: user       2.1254
TEST-RESULT-exec-real-time: real       2.1304
make[5]: Leaving directory `/home/ed/mcsema-testing/SANDBOX/test-2015-12-21_15-36-50/MultiSource/Benchmarks/VersaBench/ecbdes'
make[4]: Leaving directory `/home/ed/mcsema-testing/SANDBOX/test-2015-12-21_15-36-50/MultiSource/Benchmarks/VersaBench'
make[4]: Entering directory `/home/ed/mcsema-testing/SANDBOX/test-2015-12-21_15-36-50/MultiSource/Benchmarks/NPB-serial'
make[5]: Entering directory `/home/ed/mcsema-testing/SANDBOX/test-2015-12-21_15-36-50/MultiSource/Benchmarks/NPB-serial/is'
/home/ed/mcsema-testing/llvm-test-suite/RunSafely.sh --show-errors -t "/home/ed/mcsema-testing/SANDBOX/test-2015-12-21_15-36-50/tools/timeit" 500 /dev/null Output/is.llvm.o.compile \
	  /usr/bin/clang -I/home/ed/mcsema-testing/SANDBOX/test-2015-12-21_15-36-50/MultiSource/Benchmarks/NPB-serial/is -I/home/ed/mcsema-testing/llvm-test-suite/MultiSource/Benchmarks/NPB-serial/is -I/home/ed/mcsema-testing/llvm-test-suite/include -I../../../../include -D_GNU_SOURCE -D__STDC_LIMIT_MACROS -DNDEBUG  -O3  -m64 -fomit-frame-pointer -c /home/ed/mcsema-testing/llvm-test-suite/MultiSource/Benchmarks/NPB-serial/is/is.c -o Output/is.llvm.o
/usr/bin/clang++ -o Output/is.simple Output/is.llvm.o    -m64 -fomit-frame-pointer
/home/ed/mcsema-testing/llvm-test-suite/RunSafely.sh -t "/home/ed/mcsema-testing/SANDBOX/test-2015-12-21_15-36-50/tools/timeit-target" 500 /dev/null Output/is.out-simple Output/is.simple 
cp Output/is.simple Output/is.simple-hash; \
	strip --remove-section=.comment --remove-section='.note*' Output/is.simple-hash; \
	/home/ed/mcsema-testing/llvm-test-suite/HashProgramOutput.sh Output/is.simple-hash
if [ -f "/home/ed/mcsema-testing/llvm-test-suite/MultiSource/Benchmarks/NPB-serial/is/is.reference_output.little-endian." ]; then \
	  cp /home/ed/mcsema-testing/llvm-test-suite/MultiSource/Benchmarks/NPB-serial/is/is.reference_output.little-endian. Output/is.out-nat; \
	elif [ -f "/home/ed/mcsema-testing/llvm-test-suite/MultiSource/Benchmarks/NPB-serial/is/is.reference_output." ]; then \
	  cp /home/ed/mcsema-testing/llvm-test-suite/MultiSource/Benchmarks/NPB-serial/is/is.reference_output. Output/is.out-nat; \
	elif [ -f "/home/ed/mcsema-testing/llvm-test-suite/MultiSource/Benchmarks/NPB-serial/is/is.reference_output.little-endian" ]; then \
	  cp /home/ed/mcsema-testing/llvm-test-suite/MultiSource/Benchmarks/NPB-serial/is/is.reference_output.little-endian Output/is.out-nat; \
	elif [ -f "/home/ed/mcsema-testing/llvm-test-suite/MultiSource/Benchmarks/NPB-serial/is/is.reference_output" ]; then \
	  cp /home/ed/mcsema-testing/llvm-test-suite/MultiSource/Benchmarks/NPB-serial/is/is.reference_output Output/is.out-nat; \
	else \
	  printf "WARNING: %s: %s\n" "NO REFERENCE OUTPUT (using default)" "/home/ed/mcsema-testing/llvm-test-suite/MultiSource/Benchmarks/NPB-serial/is/is.reference_output" > Output/is.out-nat; \
	  cp /home/ed/mcsema-testing/llvm-test-suite/default.reference_output Output/is.out-nat; \
	  cat Output/is.out-nat; \
	fi
# Pretend that the reference output was produced instantaneously.
cp /home/ed/mcsema-testing/llvm-test-suite/instant.txt Output/is.out-nat.time
/home/ed/mcsema-testing/llvm-test-suite/DiffOutput.sh "/home/ed/mcsema-testing/SANDBOX/test-2015-12-21_15-36-50/tools/fpcmp " simple is 
rm -f Output/is.exe-simple
cp Output/is.diff-simple Output/is.exe-simple
if test -f Output/is.extra-results.txt; then \
	  /home/ed/mcsema-testing/llvm-test-suite/ParseMultipleResults /home/ed/mcsema-testing/SANDBOX/test-2015-12-21_15-36-50/MultiSource/Benchmarks/NPB-serial/is/is Output/is.extra-results.txt >> Output/is.simple.exec.report.txt; \
	fi
cat Output/is.simple.compile.report.txt Output/is.simple.exec.report.txt >> Output/is.simple.report.txt
---------------------------------------------------------------
>>> ========= '/home/ed/mcsema-testing/SANDBOX/test-2015-12-21_15-36-50/MultiSource/Benchmarks/NPB-serial/is/is' Program
---------------------------------------------------------------

TEST-PASS: compile /home/ed/mcsema-testing/SANDBOX/test-2015-12-21_15-36-50/MultiSource/Benchmarks/NPB-serial/is/is
TEST-RESULT-compile-success: pass
TEST-RESULT-compile-hash: a05682f26eea8a9c6f3203fca50f5743
TEST-RESULT-compile-time: user 0.054100
TEST-RESULT-compile-real-time: real 0.085800

TEST-PASS: exec /home/ed/mcsema-testing/SANDBOX/test-2015-12-21_15-36-50/MultiSource/Benchmarks/NPB-serial/is/is
TEST-RESULT-exec-success: pass
TEST-RESULT-exec-time: user       9.1127
TEST-RESULT-exec-real-time: real       9.4197
make[5]: Leaving directory `/home/ed/mcsema-testing/SANDBOX/test-2015-12-21_15-36-50/MultiSource/Benchmarks/NPB-serial/is'
make[4]: Leaving directory `/home/ed/mcsema-testing/SANDBOX/test-2015-12-21_15-36-50/MultiSource/Benchmarks/NPB-serial'
make[4]: Entering directory `/home/ed/mcsema-testing/SANDBOX/test-2015-12-21_15-36-50/MultiSource/Benchmarks/BitBench'
make[5]: Entering directory `/home/ed/mcsema-testing/SANDBOX/test-2015-12-21_15-36-50/MultiSource/Benchmarks/BitBench/five11'
/home/ed/mcsema-testing/llvm-test-suite/RunSafely.sh --show-errors -t "/home/ed/mcsema-testing/SANDBOX/test-2015-12-21_15-36-50/tools/timeit" 500 /dev/null Output/five11.llvm.o.compile \
	  /usr/bin/clang -I/home/ed/mcsema-testing/SANDBOX/test-2015-12-21_15-36-50/MultiSource/Benchmarks/BitBench/five11 -I/home/ed/mcsema-testing/llvm-test-suite/MultiSource/Benchmarks/BitBench/five11 -I/home/ed/mcsema-testing/llvm-test-suite/include -I../../../../include -D_GNU_SOURCE -D__STDC_LIMIT_MACROS -DNDEBUG  -O3  -m64 -fomit-frame-pointer -c /home/ed/mcsema-testing/llvm-test-suite/MultiSource/Benchmarks/BitBench/five11/five11.c -o Output/five11.llvm.o
/usr/bin/clang++ -o Output/five11.simple Output/five11.llvm.o    -m64 -fomit-frame-pointer
/home/ed/mcsema-testing/llvm-test-suite/RunSafely.sh -t "/home/ed/mcsema-testing/SANDBOX/test-2015-12-21_15-36-50/tools/timeit-target" 500 /dev/null Output/five11.out-simple Output/five11.simple /home/ed/mcsema-testing/llvm-test-suite/MultiSource/Benchmarks/BitBench/five11/input-file
cp Output/five11.simple Output/five11.simple-hash; \
	strip --remove-section=.comment --remove-section='.note*' Output/five11.simple-hash; \
	/home/ed/mcsema-testing/llvm-test-suite/HashProgramOutput.sh Output/five11.simple-hash
if [ -f "/home/ed/mcsema-testing/llvm-test-suite/MultiSource/Benchmarks/BitBench/five11/five11.reference_output.little-endian." ]; then \
	  cp /home/ed/mcsema-testing/llvm-test-suite/MultiSource/Benchmarks/BitBench/five11/five11.reference_output.little-endian. Output/five11.out-nat; \
	elif [ -f "/home/ed/mcsema-testing/llvm-test-suite/MultiSource/Benchmarks/BitBench/five11/five11.reference_output." ]; then \
	  cp /home/ed/mcsema-testing/llvm-test-suite/MultiSource/Benchmarks/BitBench/five11/five11.reference_output. Output/five11.out-nat; \
	elif [ -f "/home/ed/mcsema-testing/llvm-test-suite/MultiSource/Benchmarks/BitBench/five11/five11.reference_output.little-endian" ]; then \
	  cp /home/ed/mcsema-testing/llvm-test-suite/MultiSource/Benchmarks/BitBench/five11/five11.reference_output.little-endian Output/five11.out-nat; \
	elif [ -f "/home/ed/mcsema-testing/llvm-test-suite/MultiSource/Benchmarks/BitBench/five11/five11.reference_output" ]; then \
	  cp /home/ed/mcsema-testing/llvm-test-suite/MultiSource/Benchmarks/BitBench/five11/five11.reference_output Output/five11.out-nat; \
	else \
	  printf "WARNING: %s: %s\n" "NO REFERENCE OUTPUT (using default)" "/home/ed/mcsema-testing/llvm-test-suite/MultiSource/Benchmarks/BitBench/five11/five11.reference_output" > Output/five11.out-nat; \
	  cp /home/ed/mcsema-testing/llvm-test-suite/default.reference_output Output/five11.out-nat; \
	  cat Output/five11.out-nat; \
	fi
# Pretend that the reference output was produced instantaneously.
cp /home/ed/mcsema-testing/llvm-test-suite/instant.txt Output/five11.out-nat.time
/home/ed/mcsema-testing/llvm-test-suite/DiffOutput.sh "/home/ed/mcsema-testing/SANDBOX/test-2015-12-21_15-36-50/tools/fpcmp " simple five11 
rm -f Output/five11.exe-simple
cp Output/five11.diff-simple Output/five11.exe-simple
if test -f Output/five11.extra-results.txt; then \
	  /home/ed/mcsema-testing/llvm-test-suite/ParseMultipleResults /home/ed/mcsema-testing/SANDBOX/test-2015-12-21_15-36-50/MultiSource/Benchmarks/BitBench/five11/five11 Output/five11.extra-results.txt >> Output/five11.simple.exec.report.txt; \
	fi
cat Output/five11.simple.compile.report.txt Output/five11.simple.exec.report.txt >> Output/five11.simple.report.txt
---------------------------------------------------------------
>>> ========= '/home/ed/mcsema-testing/SANDBOX/test-2015-12-21_15-36-50/MultiSource/Benchmarks/BitBench/five11/five11' Program
---------------------------------------------------------------

TEST-PASS: compile /home/ed/mcsema-testing/SANDBOX/test-2015-12-21_15-36-50/MultiSource/Benchmarks/BitBench/five11/five11
TEST-RESULT-compile-success: pass
TEST-RESULT-compile-hash: 7f10d3c37947092e0c55c83682f82f7b
TEST-RESULT-compile-time: user 0.049700
TEST-RESULT-compile-real-time: real 0.064800

TEST-PASS: exec /home/ed/mcsema-testing/SANDBOX/test-2015-12-21_15-36-50/MultiSource/Benchmarks/BitBench/five11/five11
TEST-RESULT-exec-success: pass
TEST-RESULT-exec-time: user       1.5688
TEST-RESULT-exec-real-time: real       1.5728
make[5]: Leaving directory `/home/ed/mcsema-testing/SANDBOX/test-2015-12-21_15-36-50/MultiSource/Benchmarks/BitBench/five11'
make[5]: Entering directory `/home/ed/mcsema-testing/SANDBOX/test-2015-12-21_15-36-50/MultiSource/Benchmarks/BitBench/drop3'
/home/ed/mcsema-testing/llvm-test-suite/RunSafely.sh --show-errors -t "/home/ed/mcsema-testing/SANDBOX/test-2015-12-21_15-36-50/tools/timeit" 500 /dev/null Output/drop3.llvm.o.compile \
	  /usr/bin/clang -I/home/ed/mcsema-testing/SANDBOX/test-2015-12-21_15-36-50/MultiSource/Benchmarks/BitBench/drop3 -I/home/ed/mcsema-testing/llvm-test-suite/MultiSource/Benchmarks/BitBench/drop3 -I/home/ed/mcsema-testing/llvm-test-suite/include -I../../../../include -D_GNU_SOURCE -D__STDC_LIMIT_MACROS -DNDEBUG  -O3  -m64 -fomit-frame-pointer -c /home/ed/mcsema-testing/llvm-test-suite/MultiSource/Benchmarks/BitBench/drop3/drop3.c -o Output/drop3.llvm.o
/usr/bin/clang++ -o Output/drop3.simple Output/drop3.llvm.o    -m64 -fomit-frame-pointer
/home/ed/mcsema-testing/llvm-test-suite/RunSafely.sh -t "/home/ed/mcsema-testing/SANDBOX/test-2015-12-21_15-36-50/tools/timeit-target" 500 /dev/null Output/drop3.out-simple Output/drop3.simple /home/ed/mcsema-testing/llvm-test-suite/MultiSource/Benchmarks/BitBench/drop3/input-file
cp Output/drop3.simple Output/drop3.simple-hash; \
	strip --remove-section=.comment --remove-section='.note*' Output/drop3.simple-hash; \
	/home/ed/mcsema-testing/llvm-test-suite/HashProgramOutput.sh Output/drop3.simple-hash
if [ -f "/home/ed/mcsema-testing/llvm-test-suite/MultiSource/Benchmarks/BitBench/drop3/drop3.reference_output.little-endian." ]; then \
	  cp /home/ed/mcsema-testing/llvm-test-suite/MultiSource/Benchmarks/BitBench/drop3/drop3.reference_output.little-endian. Output/drop3.out-nat; \
	elif [ -f "/home/ed/mcsema-testing/llvm-test-suite/MultiSource/Benchmarks/BitBench/drop3/drop3.reference_output." ]; then \
	  cp /home/ed/mcsema-testing/llvm-test-suite/MultiSource/Benchmarks/BitBench/drop3/drop3.reference_output. Output/drop3.out-nat; \
	elif [ -f "/home/ed/mcsema-testing/llvm-test-suite/MultiSource/Benchmarks/BitBench/drop3/drop3.reference_output.little-endian" ]; then \
	  cp /home/ed/mcsema-testing/llvm-test-suite/MultiSource/Benchmarks/BitBench/drop3/drop3.reference_output.little-endian Output/drop3.out-nat; \
	elif [ -f "/home/ed/mcsema-testing/llvm-test-suite/MultiSource/Benchmarks/BitBench/drop3/drop3.reference_output" ]; then \
	  cp /home/ed/mcsema-testing/llvm-test-suite/MultiSource/Benchmarks/BitBench/drop3/drop3.reference_output Output/drop3.out-nat; \
	else \
	  printf "WARNING: %s: %s\n" "NO REFERENCE OUTPUT (using default)" "/home/ed/mcsema-testing/llvm-test-suite/MultiSource/Benchmarks/BitBench/drop3/drop3.reference_output" > Output/drop3.out-nat; \
	  cp /home/ed/mcsema-testing/llvm-test-suite/default.reference_output Output/drop3.out-nat; \
	  cat Output/drop3.out-nat; \
	fi
# Pretend that the reference output was produced instantaneously.
cp /home/ed/mcsema-testing/llvm-test-suite/instant.txt Output/drop3.out-nat.time
/home/ed/mcsema-testing/llvm-test-suite/DiffOutput.sh "/home/ed/mcsema-testing/SANDBOX/test-2015-12-21_15-36-50/tools/fpcmp " simple drop3 
rm -f Output/drop3.exe-simple
cp Output/drop3.diff-simple Output/drop3.exe-simple
if test -f Output/drop3.extra-results.txt; then \
	  /home/ed/mcsema-testing/llvm-test-suite/ParseMultipleResults /home/ed/mcsema-testing/SANDBOX/test-2015-12-21_15-36-50/MultiSource/Benchmarks/BitBench/drop3/drop3 Output/drop3.extra-results.txt >> Output/drop3.simple.exec.report.txt; \
	fi
cat Output/drop3.simple.compile.report.txt Output/drop3.simple.exec.report.txt >> Output/drop3.simple.report.txt
---------------------------------------------------------------
>>> ========= '/home/ed/mcsema-testing/SANDBOX/test-2015-12-21_15-36-50/MultiSource/Benchmarks/BitBench/drop3/drop3' Program
---------------------------------------------------------------

TEST-PASS: compile /home/ed/mcsema-testing/SANDBOX/test-2015-12-21_15-36-50/MultiSource/Benchmarks/BitBench/drop3/drop3
TEST-RESULT-compile-success: pass
TEST-RESULT-compile-hash: d790e4c5c74bf2f60b16cefcd9e280a9
TEST-RESULT-compile-time: user 0.047800
TEST-RESULT-compile-real-time: real 0.063700

TEST-PASS: exec /home/ed/mcsema-testing/SANDBOX/test-2015-12-21_15-36-50/MultiSource/Benchmarks/BitBench/drop3/drop3
TEST-RESULT-exec-success: pass
TEST-RESULT-exec-time: user       0.2658
TEST-RESULT-exec-real-time: real       0.2715
make[5]: Leaving directory `/home/ed/mcsema-testing/SANDBOX/test-2015-12-21_15-36-50/MultiSource/Benchmarks/BitBench/drop3'
make[5]: Entering directory `/home/ed/mcsema-testing/SANDBOX/test-2015-12-21_15-36-50/MultiSource/Benchmarks/BitBench/uudecode'
/home/ed/mcsema-testing/llvm-test-suite/RunSafely.sh --show-errors -t "/home/ed/mcsema-testing/SANDBOX/test-2015-12-21_15-36-50/tools/timeit" 500 /dev/null Output/uudecode.llvm.o.compile \
	  /usr/bin/clang -I/home/ed/mcsema-testing/SANDBOX/test-2015-12-21_15-36-50/MultiSource/Benchmarks/BitBench/uudecode -I/home/ed/mcsema-testing/llvm-test-suite/MultiSource/Benchmarks/BitBench/uudecode -I/home/ed/mcsema-testing/llvm-test-suite/include -I../../../../include -D_GNU_SOURCE -D__STDC_LIMIT_MACROS -DNDEBUG  -O3  -m64 -fomit-frame-pointer -c /home/ed/mcsema-testing/llvm-test-suite/MultiSource/Benchmarks/BitBench/uudecode/uudecode.c -o Output/uudecode.llvm.o
/usr/bin/clang++ -o Output/uudecode.simple Output/uudecode.llvm.o    -m64 -fomit-frame-pointer
/home/ed/mcsema-testing/llvm-test-suite/RunSafely.sh -t "/home/ed/mcsema-testing/SANDBOX/test-2015-12-21_15-36-50/tools/timeit-target" 500 /dev/null Output/uudecode.out-simple Output/uudecode.simple /home/ed/mcsema-testing/llvm-test-suite/MultiSource/Benchmarks/BitBench/uudecode/input-file
cp Output/uudecode.simple Output/uudecode.simple-hash; \
	strip --remove-section=.comment --remove-section='.note*' Output/uudecode.simple-hash; \
	/home/ed/mcsema-testing/llvm-test-suite/HashProgramOutput.sh Output/uudecode.simple-hash
if [ -f "/home/ed/mcsema-testing/llvm-test-suite/MultiSource/Benchmarks/BitBench/uudecode/uudecode.reference_output.little-endian." ]; then \
	  cp /home/ed/mcsema-testing/llvm-test-suite/MultiSource/Benchmarks/BitBench/uudecode/uudecode.reference_output.little-endian. Output/uudecode.out-nat; \
	elif [ -f "/home/ed/mcsema-testing/llvm-test-suite/MultiSource/Benchmarks/BitBench/uudecode/uudecode.reference_output." ]; then \
	  cp /home/ed/mcsema-testing/llvm-test-suite/MultiSource/Benchmarks/BitBench/uudecode/uudecode.reference_output. Output/uudecode.out-nat; \
	elif [ -f "/home/ed/mcsema-testing/llvm-test-suite/MultiSource/Benchmarks/BitBench/uudecode/uudecode.reference_output.little-endian" ]; then \
	  cp /home/ed/mcsema-testing/llvm-test-suite/MultiSource/Benchmarks/BitBench/uudecode/uudecode.reference_output.little-endian Output/uudecode.out-nat; \
	elif [ -f "/home/ed/mcsema-testing/llvm-test-suite/MultiSource/Benchmarks/BitBench/uudecode/uudecode.reference_output" ]; then \
	  cp /home/ed/mcsema-testing/llvm-test-suite/MultiSource/Benchmarks/BitBench/uudecode/uudecode.reference_output Output/uudecode.out-nat; \
	else \
	  printf "WARNING: %s: %s\n" "NO REFERENCE OUTPUT (using default)" "/home/ed/mcsema-testing/llvm-test-suite/MultiSource/Benchmarks/BitBench/uudecode/uudecode.reference_output" > Output/uudecode.out-nat; \
	  cp /home/ed/mcsema-testing/llvm-test-suite/default.reference_output Output/uudecode.out-nat; \
	  cat Output/uudecode.out-nat; \
	fi
# Pretend that the reference output was produced instantaneously.
cp /home/ed/mcsema-testing/llvm-test-suite/instant.txt Output/uudecode.out-nat.time
/home/ed/mcsema-testing/llvm-test-suite/DiffOutput.sh "/home/ed/mcsema-testing/SANDBOX/test-2015-12-21_15-36-50/tools/fpcmp " simple uudecode 
rm -f Output/uudecode.exe-simple
cp Output/uudecode.diff-simple Output/uudecode.exe-simple
if test -f Output/uudecode.extra-results.txt; then \
	  /home/ed/mcsema-testing/llvm-test-suite/ParseMultipleResults /home/ed/mcsema-testing/SANDBOX/test-2015-12-21_15-36-50/MultiSource/Benchmarks/BitBench/uudecode/uudecode Output/uudecode.extra-results.txt >> Output/uudecode.simple.exec.report.txt; \
	fi
cat Output/uudecode.simple.compile.report.txt Output/uudecode.simple.exec.report.txt >> Output/uudecode.simple.report.txt
---------------------------------------------------------------
>>> ========= '/home/ed/mcsema-testing/SANDBOX/test-2015-12-21_15-36-50/MultiSource/Benchmarks/BitBench/uudecode/uudecode' Program
---------------------------------------------------------------

TEST-PASS: compile /home/ed/mcsema-testing/SANDBOX/test-2015-12-21_15-36-50/MultiSource/Benchmarks/BitBench/uudecode/uudecode
TEST-RESULT-compile-success: pass
TEST-RESULT-compile-hash: 8753b85d7562bc76ea9eba327bbb6392
TEST-RESULT-compile-time: user 0.046700
TEST-RESULT-compile-real-time: real 0.063600

TEST-PASS: exec /home/ed/mcsema-testing/SANDBOX/test-2015-12-21_15-36-50/MultiSource/Benchmarks/BitBench/uudecode/uudecode
TEST-RESULT-exec-success: pass
TEST-RESULT-exec-time: user       0.0715
TEST-RESULT-exec-real-time: real       0.0738
make[5]: Leaving directory `/home/ed/mcsema-testing/SANDBOX/test-2015-12-21_15-36-50/MultiSource/Benchmarks/BitBench/uudecode'
make[5]: Entering directory `/home/ed/mcsema-testing/SANDBOX/test-2015-12-21_15-36-50/MultiSource/Benchmarks/BitBench/uuencode'
/home/ed/mcsema-testing/llvm-test-suite/RunSafely.sh --show-errors -t "/home/ed/mcsema-testing/SANDBOX/test-2015-12-21_15-36-50/tools/timeit" 500 /dev/null Output/uuencode.llvm.o.compile \
	  /usr/bin/clang -I/home/ed/mcsema-testing/SANDBOX/test-2015-12-21_15-36-50/MultiSource/Benchmarks/BitBench/uuencode -I/home/ed/mcsema-testing/llvm-test-suite/MultiSource/Benchmarks/BitBench/uuencode -I/home/ed/mcsema-testing/llvm-test-suite/include -I../../../../include -D_GNU_SOURCE -D__STDC_LIMIT_MACROS -DNDEBUG  -O3  -m64 -fomit-frame-pointer -c /home/ed/mcsema-testing/llvm-test-suite/MultiSource/Benchmarks/BitBench/uuencode/uuencode.c -o Output/uuencode.llvm.o
/usr/bin/clang++ -o Output/uuencode.simple Output/uuencode.llvm.o    -m64 -fomit-frame-pointer
/home/ed/mcsema-testing/llvm-test-suite/RunSafely.sh -t "/home/ed/mcsema-testing/SANDBOX/test-2015-12-21_15-36-50/tools/timeit-target" 500 /dev/null Output/uuencode.out-simple Output/uuencode.simple /home/ed/mcsema-testing/llvm-test-suite/MultiSource/Benchmarks/BitBench/uuencode/input.txt
cp Output/uuencode.simple Output/uuencode.simple-hash; \
	strip --remove-section=.comment --remove-section='.note*' Output/uuencode.simple-hash; \
	/home/ed/mcsema-testing/llvm-test-suite/HashProgramOutput.sh Output/uuencode.simple-hash
if [ -f "/home/ed/mcsema-testing/llvm-test-suite/MultiSource/Benchmarks/BitBench/uuencode/uuencode.reference_output.little-endian." ]; then \
	  cp /home/ed/mcsema-testing/llvm-test-suite/MultiSource/Benchmarks/BitBench/uuencode/uuencode.reference_output.little-endian. Output/uuencode.out-nat; \
	elif [ -f "/home/ed/mcsema-testing/llvm-test-suite/MultiSource/Benchmarks/BitBench/uuencode/uuencode.reference_output." ]; then \
	  cp /home/ed/mcsema-testing/llvm-test-suite/MultiSource/Benchmarks/BitBench/uuencode/uuencode.reference_output. Output/uuencode.out-nat; \
	elif [ -f "/home/ed/mcsema-testing/llvm-test-suite/MultiSource/Benchmarks/BitBench/uuencode/uuencode.reference_output.little-endian" ]; then \
	  cp /home/ed/mcsema-testing/llvm-test-suite/MultiSource/Benchmarks/BitBench/uuencode/uuencode.reference_output.little-endian Output/uuencode.out-nat; \
	elif [ -f "/home/ed/mcsema-testing/llvm-test-suite/MultiSource/Benchmarks/BitBench/uuencode/uuencode.reference_output" ]; then \
	  cp /home/ed/mcsema-testing/llvm-test-suite/MultiSource/Benchmarks/BitBench/uuencode/uuencode.reference_output Output/uuencode.out-nat; \
	else \
	  printf "WARNING: %s: %s\n" "NO REFERENCE OUTPUT (using default)" "/home/ed/mcsema-testing/llvm-test-suite/MultiSource/Benchmarks/BitBench/uuencode/uuencode.reference_output" > Output/uuencode.out-nat; \
	  cp /home/ed/mcsema-testing/llvm-test-suite/default.reference_output Output/uuencode.out-nat; \
	  cat Output/uuencode.out-nat; \
	fi
# Pretend that the reference output was produced instantaneously.
cp /home/ed/mcsema-testing/llvm-test-suite/instant.txt Output/uuencode.out-nat.time
/home/ed/mcsema-testing/llvm-test-suite/DiffOutput.sh "/home/ed/mcsema-testing/SANDBOX/test-2015-12-21_15-36-50/tools/fpcmp " simple uuencode 
rm -f Output/uuencode.exe-simple
cp Output/uuencode.diff-simple Output/uuencode.exe-simple
if test -f Output/uuencode.extra-results.txt; then \
	  /home/ed/mcsema-testing/llvm-test-suite/ParseMultipleResults /home/ed/mcsema-testing/SANDBOX/test-2015-12-21_15-36-50/MultiSource/Benchmarks/BitBench/uuencode/uuencode Output/uuencode.extra-results.txt >> Output/uuencode.simple.exec.report.txt; \
	fi
cat Output/uuencode.simple.compile.report.txt Output/uuencode.simple.exec.report.txt >> Output/uuencode.simple.report.txt
---------------------------------------------------------------
>>> ========= '/home/ed/mcsema-testing/SANDBOX/test-2015-12-21_15-36-50/MultiSource/Benchmarks/BitBench/uuencode/uuencode' Program
---------------------------------------------------------------

TEST-PASS: compile /home/ed/mcsema-testing/SANDBOX/test-2015-12-21_15-36-50/MultiSource/Benchmarks/BitBench/uuencode/uuencode
TEST-RESULT-compile-success: pass
TEST-RESULT-compile-hash: 01a099f9580efaa9b41903daa4e871da
TEST-RESULT-compile-time: user 0.045700
TEST-RESULT-compile-real-time: real 0.060900

TEST-PASS: exec /home/ed/mcsema-testing/SANDBOX/test-2015-12-21_15-36-50/MultiSource/Benchmarks/BitBench/uuencode/uuencode
TEST-RESULT-exec-success: pass
TEST-RESULT-exec-time: user       0.0129
TEST-RESULT-exec-real-time: real       0.0140
make[5]: Leaving directory `/home/ed/mcsema-testing/SANDBOX/test-2015-12-21_15-36-50/MultiSource/Benchmarks/BitBench/uuencode'
make[4]: Leaving directory `/home/ed/mcsema-testing/SANDBOX/test-2015-12-21_15-36-50/MultiSource/Benchmarks/BitBench'
make[4]: Entering directory `/home/ed/mcsema-testing/SANDBOX/test-2015-12-21_15-36-50/MultiSource/Benchmarks/ASC_Sequoia'
make[5]: Entering directory `/home/ed/mcsema-testing/SANDBOX/test-2015-12-21_15-36-50/MultiSource/Benchmarks/ASC_Sequoia/IRSmk'
/home/ed/mcsema-testing/llvm-test-suite/RunSafely.sh --show-errors -t "/home/ed/mcsema-testing/SANDBOX/test-2015-12-21_15-36-50/tools/timeit" 500 /dev/null Output/main.llvm.o.compile \
	  /usr/bin/clang -I/home/ed/mcsema-testing/SANDBOX/test-2015-12-21_15-36-50/MultiSource/Benchmarks/ASC_Sequoia/IRSmk -I/home/ed/mcsema-testing/llvm-test-suite/MultiSource/Benchmarks/ASC_Sequoia/IRSmk -I/home/ed/mcsema-testing/llvm-test-suite/include -I../../../../include -D_GNU_SOURCE -D__STDC_LIMIT_MACROS -DNDEBUG  -O3  -m64 -fomit-frame-pointer -c /home/ed/mcsema-testing/llvm-test-suite/MultiSource/Benchmarks/ASC_Sequoia/IRSmk/main.c -o Output/main.llvm.o
/home/ed/mcsema-testing/llvm-test-suite/RunSafely.sh --show-errors -t "/home/ed/mcsema-testing/SANDBOX/test-2015-12-21_15-36-50/tools/timeit" 500 /dev/null Output/rmatmult3.llvm.o.compile \
	  /usr/bin/clang -I/home/ed/mcsema-testing/SANDBOX/test-2015-12-21_15-36-50/MultiSource/Benchmarks/ASC_Sequoia/IRSmk -I/home/ed/mcsema-testing/llvm-test-suite/MultiSource/Benchmarks/ASC_Sequoia/IRSmk -I/home/ed/mcsema-testing/llvm-test-suite/include -I../../../../include -D_GNU_SOURCE -D__STDC_LIMIT_MACROS -DNDEBUG  -O3  -m64 -fomit-frame-pointer -c /home/ed/mcsema-testing/llvm-test-suite/MultiSource/Benchmarks/ASC_Sequoia/IRSmk/rmatmult3.c -o Output/rmatmult3.llvm.o
/home/ed/mcsema-testing/llvm-test-suite/RunSafely.sh --show-errors -t "/home/ed/mcsema-testing/SANDBOX/test-2015-12-21_15-36-50/tools/timeit" 500 /dev/null Output/utility.llvm.o.compile \
	  /usr/bin/clang -I/home/ed/mcsema-testing/SANDBOX/test-2015-12-21_15-36-50/MultiSource/Benchmarks/ASC_Sequoia/IRSmk -I/home/ed/mcsema-testing/llvm-test-suite/MultiSource/Benchmarks/ASC_Sequoia/IRSmk -I/home/ed/mcsema-testing/llvm-test-suite/include -I../../../../include -D_GNU_SOURCE -D__STDC_LIMIT_MACROS -DNDEBUG  -O3  -m64 -fomit-frame-pointer -c /home/ed/mcsema-testing/llvm-test-suite/MultiSource/Benchmarks/ASC_Sequoia/IRSmk/utility.c -o Output/utility.llvm.o
/usr/bin/clang++ -o Output/IRSmk.simple Output/main.llvm.o Output/rmatmult3.llvm.o Output/utility.llvm.o -lm   -m64 -fomit-frame-pointer
/home/ed/mcsema-testing/llvm-test-suite/RunSafely.sh -t "/home/ed/mcsema-testing/SANDBOX/test-2015-12-21_15-36-50/tools/timeit-target" 500 /dev/null Output/IRSmk.out-simple Output/IRSmk.simple /home/ed/mcsema-testing/llvm-test-suite/MultiSource/Benchmarks/ASC_Sequoia/IRSmk/irsmk_input
cp Output/IRSmk.simple Output/IRSmk.simple-hash; \
	strip --remove-section=.comment --remove-section='.note*' Output/IRSmk.simple-hash; \
	/home/ed/mcsema-testing/llvm-test-suite/HashProgramOutput.sh Output/IRSmk.simple-hash
if [ -f "/home/ed/mcsema-testing/llvm-test-suite/MultiSource/Benchmarks/ASC_Sequoia/IRSmk/IRSmk.reference_output.little-endian." ]; then \
	  cp /home/ed/mcsema-testing/llvm-test-suite/MultiSource/Benchmarks/ASC_Sequoia/IRSmk/IRSmk.reference_output.little-endian. Output/IRSmk.out-nat; \
	elif [ -f "/home/ed/mcsema-testing/llvm-test-suite/MultiSource/Benchmarks/ASC_Sequoia/IRSmk/IRSmk.reference_output." ]; then \
	  cp /home/ed/mcsema-testing/llvm-test-suite/MultiSource/Benchmarks/ASC_Sequoia/IRSmk/IRSmk.reference_output. Output/IRSmk.out-nat; \
	elif [ -f "/home/ed/mcsema-testing/llvm-test-suite/MultiSource/Benchmarks/ASC_Sequoia/IRSmk/IRSmk.reference_output.little-endian" ]; then \
	  cp /home/ed/mcsema-testing/llvm-test-suite/MultiSource/Benchmarks/ASC_Sequoia/IRSmk/IRSmk.reference_output.little-endian Output/IRSmk.out-nat; \
	elif [ -f "/home/ed/mcsema-testing/llvm-test-suite/MultiSource/Benchmarks/ASC_Sequoia/IRSmk/IRSmk.reference_output" ]; then \
	  cp /home/ed/mcsema-testing/llvm-test-suite/MultiSource/Benchmarks/ASC_Sequoia/IRSmk/IRSmk.reference_output Output/IRSmk.out-nat; \
	else \
	  printf "WARNING: %s: %s\n" "NO REFERENCE OUTPUT (using default)" "/home/ed/mcsema-testing/llvm-test-suite/MultiSource/Benchmarks/ASC_Sequoia/IRSmk/IRSmk.reference_output" > Output/IRSmk.out-nat; \
	  cp /home/ed/mcsema-testing/llvm-test-suite/default.reference_output Output/IRSmk.out-nat; \
	  cat Output/IRSmk.out-nat; \
	fi
# Pretend that the reference output was produced instantaneously.
cp /home/ed/mcsema-testing/llvm-test-suite/instant.txt Output/IRSmk.out-nat.time
/home/ed/mcsema-testing/llvm-test-suite/DiffOutput.sh "/home/ed/mcsema-testing/SANDBOX/test-2015-12-21_15-36-50/tools/fpcmp " simple IRSmk 
rm -f Output/IRSmk.exe-simple
cp Output/IRSmk.diff-simple Output/IRSmk.exe-simple
if test -f Output/IRSmk.extra-results.txt; then \
	  /home/ed/mcsema-testing/llvm-test-suite/ParseMultipleResults /home/ed/mcsema-testing/SANDBOX/test-2015-12-21_15-36-50/MultiSource/Benchmarks/ASC_Sequoia/IRSmk/IRSmk Output/IRSmk.extra-results.txt >> Output/IRSmk.simple.exec.report.txt; \
	fi
cat Output/IRSmk.simple.compile.report.txt Output/IRSmk.simple.exec.report.txt >> Output/IRSmk.simple.report.txt
---------------------------------------------------------------
>>> ========= '/home/ed/mcsema-testing/SANDBOX/test-2015-12-21_15-36-50/MultiSource/Benchmarks/ASC_Sequoia/IRSmk/IRSmk' Program
---------------------------------------------------------------

TEST-PASS: compile /home/ed/mcsema-testing/SANDBOX/test-2015-12-21_15-36-50/MultiSource/Benchmarks/ASC_Sequoia/IRSmk/IRSmk
TEST-RESULT-compile-success: pass
TEST-RESULT-compile-hash: 2d30b85d5b83d5bee6951193867737ce
TEST-RESULT-compile-time: user 0.105100
TEST-RESULT-compile-real-time: real 0.159600

TEST-PASS: exec /home/ed/mcsema-testing/SANDBOX/test-2015-12-21_15-36-50/MultiSource/Benchmarks/ASC_Sequoia/IRSmk/IRSmk
TEST-RESULT-exec-success: pass
TEST-RESULT-exec-time: user       4.0321
TEST-RESULT-exec-real-time: real       4.0455
make[5]: Leaving directory `/home/ed/mcsema-testing/SANDBOX/test-2015-12-21_15-36-50/MultiSource/Benchmarks/ASC_Sequoia/IRSmk'
make[5]: Entering directory `/home/ed/mcsema-testing/SANDBOX/test-2015-12-21_15-36-50/MultiSource/Benchmarks/ASC_Sequoia/AMGmk'
/home/ed/mcsema-testing/llvm-test-suite/RunSafely.sh --show-errors -t "/home/ed/mcsema-testing/SANDBOX/test-2015-12-21_15-36-50/tools/timeit" 500 /dev/null Output/csr_matrix.llvm.o.compile \
	  /usr/bin/clang -I/home/ed/mcsema-testing/SANDBOX/test-2015-12-21_15-36-50/MultiSource/Benchmarks/ASC_Sequoia/AMGmk -I/home/ed/mcsema-testing/llvm-test-suite/MultiSource/Benchmarks/ASC_Sequoia/AMGmk -I/home/ed/mcsema-testing/llvm-test-suite/include -I../../../../include -D_GNU_SOURCE -D__STDC_LIMIT_MACROS -DNDEBUG  -O3  -m64 -fomit-frame-pointer -c /home/ed/mcsema-testing/llvm-test-suite/MultiSource/Benchmarks/ASC_Sequoia/AMGmk/csr_matrix.c -o Output/csr_matrix.llvm.o
/home/ed/mcsema-testing/llvm-test-suite/RunSafely.sh --show-errors -t "/home/ed/mcsema-testing/SANDBOX/test-2015-12-21_15-36-50/tools/timeit" 500 /dev/null Output/csr_matvec.llvm.o.compile \
	  /usr/bin/clang -I/home/ed/mcsema-testing/SANDBOX/test-2015-12-21_15-36-50/MultiSource/Benchmarks/ASC_Sequoia/AMGmk -I/home/ed/mcsema-testing/llvm-test-suite/MultiSource/Benchmarks/ASC_Sequoia/AMGmk -I/home/ed/mcsema-testing/llvm-test-suite/include -I../../../../include -D_GNU_SOURCE -D__STDC_LIMIT_MACROS -DNDEBUG  -O3  -m64 -fomit-frame-pointer -c /home/ed/mcsema-testing/llvm-test-suite/MultiSource/Benchmarks/ASC_Sequoia/AMGmk/csr_matvec.c -o Output/csr_matvec.llvm.o
/home/ed/mcsema-testing/llvm-test-suite/RunSafely.sh --show-errors -t "/home/ed/mcsema-testing/SANDBOX/test-2015-12-21_15-36-50/tools/timeit" 500 /dev/null Output/hypre_error.llvm.o.compile \
	  /usr/bin/clang -I/home/ed/mcsema-testing/SANDBOX/test-2015-12-21_15-36-50/MultiSource/Benchmarks/ASC_Sequoia/AMGmk -I/home/ed/mcsema-testing/llvm-test-suite/MultiSource/Benchmarks/ASC_Sequoia/AMGmk -I/home/ed/mcsema-testing/llvm-test-suite/include -I../../../../include -D_GNU_SOURCE -D__STDC_LIMIT_MACROS -DNDEBUG  -O3  -m64 -fomit-frame-pointer -c /home/ed/mcsema-testing/llvm-test-suite/MultiSource/Benchmarks/ASC_Sequoia/AMGmk/hypre_error.c -o Output/hypre_error.llvm.o
/home/ed/mcsema-testing/llvm-test-suite/RunSafely.sh --show-errors -t "/home/ed/mcsema-testing/SANDBOX/test-2015-12-21_15-36-50/tools/timeit" 500 /dev/null Output/hypre_memory.llvm.o.compile \
	  /usr/bin/clang -I/home/ed/mcsema-testing/SANDBOX/test-2015-12-21_15-36-50/MultiSource/Benchmarks/ASC_Sequoia/AMGmk -I/home/ed/mcsema-testing/llvm-test-suite/MultiSource/Benchmarks/ASC_Sequoia/AMGmk -I/home/ed/mcsema-testing/llvm-test-suite/include -I../../../../include -D_GNU_SOURCE -D__STDC_LIMIT_MACROS -DNDEBUG  -O3  -m64 -fomit-frame-pointer -c /home/ed/mcsema-testing/llvm-test-suite/MultiSource/Benchmarks/ASC_Sequoia/AMGmk/hypre_memory.c -o Output/hypre_memory.llvm.o
/home/ed/mcsema-testing/llvm-test-suite/RunSafely.sh --show-errors -t "/home/ed/mcsema-testing/SANDBOX/test-2015-12-21_15-36-50/tools/timeit" 500 /dev/null Output/laplace.llvm.o.compile \
	  /usr/bin/clang -I/home/ed/mcsema-testing/SANDBOX/test-2015-12-21_15-36-50/MultiSource/Benchmarks/ASC_Sequoia/AMGmk -I/home/ed/mcsema-testing/llvm-test-suite/MultiSource/Benchmarks/ASC_Sequoia/AMGmk -I/home/ed/mcsema-testing/llvm-test-suite/include -I../../../../include -D_GNU_SOURCE -D__STDC_LIMIT_MACROS -DNDEBUG  -O3  -m64 -fomit-frame-pointer -c /home/ed/mcsema-testing/llvm-test-suite/MultiSource/Benchmarks/ASC_Sequoia/AMGmk/laplace.c -o Output/laplace.llvm.o
/home/ed/mcsema-testing/llvm-test-suite/RunSafely.sh --show-errors -t "/home/ed/mcsema-testing/SANDBOX/test-2015-12-21_15-36-50/tools/timeit" 500 /dev/null Output/main.llvm.o.compile \
	  /usr/bin/clang -I/home/ed/mcsema-testing/SANDBOX/test-2015-12-21_15-36-50/MultiSource/Benchmarks/ASC_Sequoia/AMGmk -I/home/ed/mcsema-testing/llvm-test-suite/MultiSource/Benchmarks/ASC_Sequoia/AMGmk -I/home/ed/mcsema-testing/llvm-test-suite/include -I../../../../include -D_GNU_SOURCE -D__STDC_LIMIT_MACROS -DNDEBUG  -O3  -m64 -fomit-frame-pointer -c /home/ed/mcsema-testing/llvm-test-suite/MultiSource/Benchmarks/ASC_Sequoia/AMGmk/main.c -o Output/main.llvm.o
/home/ed/mcsema-testing/llvm-test-suite/RunSafely.sh --show-errors -t "/home/ed/mcsema-testing/SANDBOX/test-2015-12-21_15-36-50/tools/timeit" 500 /dev/null Output/relax.llvm.o.compile \
	  /usr/bin/clang -I/home/ed/mcsema-testing/SANDBOX/test-2015-12-21_15-36-50/MultiSource/Benchmarks/ASC_Sequoia/AMGmk -I/home/ed/mcsema-testing/llvm-test-suite/MultiSource/Benchmarks/ASC_Sequoia/AMGmk -I/home/ed/mcsema-testing/llvm-test-suite/include -I../../../../include -D_GNU_SOURCE -D__STDC_LIMIT_MACROS -DNDEBUG  -O3  -m64 -fomit-frame-pointer -c /home/ed/mcsema-testing/llvm-test-suite/MultiSource/Benchmarks/ASC_Sequoia/AMGmk/relax.c -o Output/relax.llvm.o
/home/ed/mcsema-testing/llvm-test-suite/RunSafely.sh --show-errors -t "/home/ed/mcsema-testing/SANDBOX/test-2015-12-21_15-36-50/tools/timeit" 500 /dev/null Output/vector.llvm.o.compile \
	  /usr/bin/clang -I/home/ed/mcsema-testing/SANDBOX/test-2015-12-21_15-36-50/MultiSource/Benchmarks/ASC_Sequoia/AMGmk -I/home/ed/mcsema-testing/llvm-test-suite/MultiSource/Benchmarks/ASC_Sequoia/AMGmk -I/home/ed/mcsema-testing/llvm-test-suite/include -I../../../../include -D_GNU_SOURCE -D__STDC_LIMIT_MACROS -DNDEBUG  -O3  -m64 -fomit-frame-pointer -c /home/ed/mcsema-testing/llvm-test-suite/MultiSource/Benchmarks/ASC_Sequoia/AMGmk/vector.c -o Output/vector.llvm.o
/usr/bin/clang++ -o Output/AMGmk.simple Output/csr_matrix.llvm.o Output/csr_matvec.llvm.o Output/hypre_error.llvm.o Output/hypre_memory.llvm.o Output/laplace.llvm.o Output/main.llvm.o Output/relax.llvm.o Output/vector.llvm.o -lm   -m64 -fomit-frame-pointer
/home/ed/mcsema-testing/llvm-test-suite/RunSafely.sh -t "/home/ed/mcsema-testing/SANDBOX/test-2015-12-21_15-36-50/tools/timeit-target" 500 /dev/null Output/AMGmk.out-simple Output/AMGmk.simple 
cp Output/AMGmk.simple Output/AMGmk.simple-hash; \
	strip --remove-section=.comment --remove-section='.note*' Output/AMGmk.simple-hash; \
	/home/ed/mcsema-testing/llvm-test-suite/HashProgramOutput.sh Output/AMGmk.simple-hash
if [ -f "/home/ed/mcsema-testing/llvm-test-suite/MultiSource/Benchmarks/ASC_Sequoia/AMGmk/AMGmk.reference_output.little-endian." ]; then \
	  cp /home/ed/mcsema-testing/llvm-test-suite/MultiSource/Benchmarks/ASC_Sequoia/AMGmk/AMGmk.reference_output.little-endian. Output/AMGmk.out-nat; \
	elif [ -f "/home/ed/mcsema-testing/llvm-test-suite/MultiSource/Benchmarks/ASC_Sequoia/AMGmk/AMGmk.reference_output." ]; then \
	  cp /home/ed/mcsema-testing/llvm-test-suite/MultiSource/Benchmarks/ASC_Sequoia/AMGmk/AMGmk.reference_output. Output/AMGmk.out-nat; \
	elif [ -f "/home/ed/mcsema-testing/llvm-test-suite/MultiSource/Benchmarks/ASC_Sequoia/AMGmk/AMGmk.reference_output.little-endian" ]; then \
	  cp /home/ed/mcsema-testing/llvm-test-suite/MultiSource/Benchmarks/ASC_Sequoia/AMGmk/AMGmk.reference_output.little-endian Output/AMGmk.out-nat; \
	elif [ -f "/home/ed/mcsema-testing/llvm-test-suite/MultiSource/Benchmarks/ASC_Sequoia/AMGmk/AMGmk.reference_output" ]; then \
	  cp /home/ed/mcsema-testing/llvm-test-suite/MultiSource/Benchmarks/ASC_Sequoia/AMGmk/AMGmk.reference_output Output/AMGmk.out-nat; \
	else \
	  printf "WARNING: %s: %s\n" "NO REFERENCE OUTPUT (using default)" "/home/ed/mcsema-testing/llvm-test-suite/MultiSource/Benchmarks/ASC_Sequoia/AMGmk/AMGmk.reference_output" > Output/AMGmk.out-nat; \
	  cp /home/ed/mcsema-testing/llvm-test-suite/default.reference_output Output/AMGmk.out-nat; \
	  cat Output/AMGmk.out-nat; \
	fi
# Pretend that the reference output was produced instantaneously.
cp /home/ed/mcsema-testing/llvm-test-suite/instant.txt Output/AMGmk.out-nat.time
/home/ed/mcsema-testing/llvm-test-suite/DiffOutput.sh "/home/ed/mcsema-testing/SANDBOX/test-2015-12-21_15-36-50/tools/fpcmp " simple AMGmk 
rm -f Output/AMGmk.exe-simple
cp Output/AMGmk.diff-simple Output/AMGmk.exe-simple
if test -f Output/AMGmk.extra-results.txt; then \
	  /home/ed/mcsema-testing/llvm-test-suite/ParseMultipleResults /home/ed/mcsema-testing/SANDBOX/test-2015-12-21_15-36-50/MultiSource/Benchmarks/ASC_Sequoia/AMGmk/AMGmk Output/AMGmk.extra-results.txt >> Output/AMGmk.simple.exec.report.txt; \
	fi
cat Output/AMGmk.simple.compile.report.txt Output/AMGmk.simple.exec.report.txt >> Output/AMGmk.simple.report.txt
---------------------------------------------------------------
>>> ========= '/home/ed/mcsema-testing/SANDBOX/test-2015-12-21_15-36-50/MultiSource/Benchmarks/ASC_Sequoia/AMGmk/AMGmk' Program
---------------------------------------------------------------

TEST-PASS: compile /home/ed/mcsema-testing/SANDBOX/test-2015-12-21_15-36-50/MultiSource/Benchmarks/ASC_Sequoia/AMGmk/AMGmk
TEST-RESULT-compile-success: pass
TEST-RESULT-compile-hash: c56a025309793b18646da1541e3c3050
TEST-RESULT-compile-time: user 0.460900
TEST-RESULT-compile-real-time: real 0.603200

TEST-PASS: exec /home/ed/mcsema-testing/SANDBOX/test-2015-12-21_15-36-50/MultiSource/Benchmarks/ASC_Sequoia/AMGmk/AMGmk
TEST-RESULT-exec-success: pass
TEST-RESULT-exec-time: user       8.8679
TEST-RESULT-exec-real-time: real       8.9306
make[5]: Leaving directory `/home/ed/mcsema-testing/SANDBOX/test-2015-12-21_15-36-50/MultiSource/Benchmarks/ASC_Sequoia/AMGmk'
make[5]: Entering directory `/home/ed/mcsema-testing/SANDBOX/test-2015-12-21_15-36-50/MultiSource/Benchmarks/ASC_Sequoia/CrystalMk'
/home/ed/mcsema-testing/llvm-test-suite/RunSafely.sh --show-errors -t "/home/ed/mcsema-testing/SANDBOX/test-2015-12-21_15-36-50/tools/timeit" 500 /dev/null Output/Crystal_Cholesky.llvm.o.compile \
	  /usr/bin/clang -I/home/ed/mcsema-testing/SANDBOX/test-2015-12-21_15-36-50/MultiSource/Benchmarks/ASC_Sequoia/CrystalMk -I/home/ed/mcsema-testing/llvm-test-suite/MultiSource/Benchmarks/ASC_Sequoia/CrystalMk -I/home/ed/mcsema-testing/llvm-test-suite/include -I../../../../include -D_GNU_SOURCE -D__STDC_LIMIT_MACROS -DNDEBUG  -O3  -m64 -fomit-frame-pointer -c /home/ed/mcsema-testing/llvm-test-suite/MultiSource/Benchmarks/ASC_Sequoia/CrystalMk/Crystal_Cholesky.c -o Output/Crystal_Cholesky.llvm.o
/home/ed/mcsema-testing/llvm-test-suite/RunSafely.sh --show-errors -t "/home/ed/mcsema-testing/SANDBOX/test-2015-12-21_15-36-50/tools/timeit" 500 /dev/null Output/Crystal_div.llvm.o.compile \
	  /usr/bin/clang -I/home/ed/mcsema-testing/SANDBOX/test-2015-12-21_15-36-50/MultiSource/Benchmarks/ASC_Sequoia/CrystalMk -I/home/ed/mcsema-testing/llvm-test-suite/MultiSource/Benchmarks/ASC_Sequoia/CrystalMk -I/home/ed/mcsema-testing/llvm-test-suite/include -I../../../../include -D_GNU_SOURCE -D__STDC_LIMIT_MACROS -DNDEBUG  -O3  -m64 -fomit-frame-pointer -c /home/ed/mcsema-testing/llvm-test-suite/MultiSource/Benchmarks/ASC_Sequoia/CrystalMk/Crystal_div.c -o Output/Crystal_div.llvm.o
/home/ed/mcsema-testing/llvm-test-suite/RunSafely.sh --show-errors -t "/home/ed/mcsema-testing/SANDBOX/test-2015-12-21_15-36-50/tools/timeit" 500 /dev/null Output/Crystal_pow.llvm.o.compile \
	  /usr/bin/clang -I/home/ed/mcsema-testing/SANDBOX/test-2015-12-21_15-36-50/MultiSource/Benchmarks/ASC_Sequoia/CrystalMk -I/home/ed/mcsema-testing/llvm-test-suite/MultiSource/Benchmarks/ASC_Sequoia/CrystalMk -I/home/ed/mcsema-testing/llvm-test-suite/include -I../../../../include -D_GNU_SOURCE -D__STDC_LIMIT_MACROS -DNDEBUG  -O3  -m64 -fomit-frame-pointer -c /home/ed/mcsema-testing/llvm-test-suite/MultiSource/Benchmarks/ASC_Sequoia/CrystalMk/Crystal_pow.c -o Output/Crystal_pow.llvm.o
/home/ed/mcsema-testing/llvm-test-suite/RunSafely.sh --show-errors -t "/home/ed/mcsema-testing/SANDBOX/test-2015-12-21_15-36-50/tools/timeit" 500 /dev/null Output/SPEdriver.llvm.o.compile \
	  /usr/bin/clang -I/home/ed/mcsema-testing/SANDBOX/test-2015-12-21_15-36-50/MultiSource/Benchmarks/ASC_Sequoia/CrystalMk -I/home/ed/mcsema-testing/llvm-test-suite/MultiSource/Benchmarks/ASC_Sequoia/CrystalMk -I/home/ed/mcsema-testing/llvm-test-suite/include -I../../../../include -D_GNU_SOURCE -D__STDC_LIMIT_MACROS -DNDEBUG  -O3  -m64 -fomit-frame-pointer -c /home/ed/mcsema-testing/llvm-test-suite/MultiSource/Benchmarks/ASC_Sequoia/CrystalMk/SPEdriver.c -o Output/SPEdriver.llvm.o
/home/ed/mcsema-testing/llvm-test-suite/RunSafely.sh --show-errors -t "/home/ed/mcsema-testing/SANDBOX/test-2015-12-21_15-36-50/tools/timeit" 500 /dev/null Output/init.llvm.o.compile \
	  /usr/bin/clang -I/home/ed/mcsema-testing/SANDBOX/test-2015-12-21_15-36-50/MultiSource/Benchmarks/ASC_Sequoia/CrystalMk -I/home/ed/mcsema-testing/llvm-test-suite/MultiSource/Benchmarks/ASC_Sequoia/CrystalMk -I/home/ed/mcsema-testing/llvm-test-suite/include -I../../../../include -D_GNU_SOURCE -D__STDC_LIMIT_MACROS -DNDEBUG  -O3  -m64 -fomit-frame-pointer -c /home/ed/mcsema-testing/llvm-test-suite/MultiSource/Benchmarks/ASC_Sequoia/CrystalMk/init.c -o Output/init.llvm.o
/home/ed/mcsema-testing/llvm-test-suite/RunSafely.sh --show-errors -t "/home/ed/mcsema-testing/SANDBOX/test-2015-12-21_15-36-50/tools/timeit" 500 /dev/null Output/main.llvm.o.compile \
	  /usr/bin/clang -I/home/ed/mcsema-testing/SANDBOX/test-2015-12-21_15-36-50/MultiSource/Benchmarks/ASC_Sequoia/CrystalMk -I/home/ed/mcsema-testing/llvm-test-suite/MultiSource/Benchmarks/ASC_Sequoia/CrystalMk -I/home/ed/mcsema-testing/llvm-test-suite/include -I../../../../include -D_GNU_SOURCE -D__STDC_LIMIT_MACROS -DNDEBUG  -O3  -m64 -fomit-frame-pointer -c /home/ed/mcsema-testing/llvm-test-suite/MultiSource/Benchmarks/ASC_Sequoia/CrystalMk/main.c -o Output/main.llvm.o
/usr/bin/clang++ -o Output/CrystalMk.simple Output/Crystal_Cholesky.llvm.o Output/Crystal_div.llvm.o Output/Crystal_pow.llvm.o Output/SPEdriver.llvm.o Output/init.llvm.o Output/main.llvm.o -lm   -m64 -fomit-frame-pointer
/home/ed/mcsema-testing/llvm-test-suite/RunSafely.sh -t "/home/ed/mcsema-testing/SANDBOX/test-2015-12-21_15-36-50/tools/timeit-target" 500 /dev/null Output/CrystalMk.out-simple Output/CrystalMk.simple 
cp Output/CrystalMk.simple Output/CrystalMk.simple-hash; \
	strip --remove-section=.comment --remove-section='.note*' Output/CrystalMk.simple-hash; \
	/home/ed/mcsema-testing/llvm-test-suite/HashProgramOutput.sh Output/CrystalMk.simple-hash
if [ -f "/home/ed/mcsema-testing/llvm-test-suite/MultiSource/Benchmarks/ASC_Sequoia/CrystalMk/CrystalMk.reference_output.little-endian." ]; then \
	  cp /home/ed/mcsema-testing/llvm-test-suite/MultiSource/Benchmarks/ASC_Sequoia/CrystalMk/CrystalMk.reference_output.little-endian. Output/CrystalMk.out-nat; \
	elif [ -f "/home/ed/mcsema-testing/llvm-test-suite/MultiSource/Benchmarks/ASC_Sequoia/CrystalMk/CrystalMk.reference_output." ]; then \
	  cp /home/ed/mcsema-testing/llvm-test-suite/MultiSource/Benchmarks/ASC_Sequoia/CrystalMk/CrystalMk.reference_output. Output/CrystalMk.out-nat; \
	elif [ -f "/home/ed/mcsema-testing/llvm-test-suite/MultiSource/Benchmarks/ASC_Sequoia/CrystalMk/CrystalMk.reference_output.little-endian" ]; then \
	  cp /home/ed/mcsema-testing/llvm-test-suite/MultiSource/Benchmarks/ASC_Sequoia/CrystalMk/CrystalMk.reference_output.little-endian Output/CrystalMk.out-nat; \
	elif [ -f "/home/ed/mcsema-testing/llvm-test-suite/MultiSource/Benchmarks/ASC_Sequoia/CrystalMk/CrystalMk.reference_output" ]; then \
	  cp /home/ed/mcsema-testing/llvm-test-suite/MultiSource/Benchmarks/ASC_Sequoia/CrystalMk/CrystalMk.reference_output Output/CrystalMk.out-nat; \
	else \
	  printf "WARNING: %s: %s\n" "NO REFERENCE OUTPUT (using default)" "/home/ed/mcsema-testing/llvm-test-suite/MultiSource/Benchmarks/ASC_Sequoia/CrystalMk/CrystalMk.reference_output" > Output/CrystalMk.out-nat; \
	  cp /home/ed/mcsema-testing/llvm-test-suite/default.reference_output Output/CrystalMk.out-nat; \
	  cat Output/CrystalMk.out-nat; \
	fi
# Pretend that the reference output was produced instantaneously.
cp /home/ed/mcsema-testing/llvm-test-suite/instant.txt Output/CrystalMk.out-nat.time
/home/ed/mcsema-testing/llvm-test-suite/DiffOutput.sh "/home/ed/mcsema-testing/SANDBOX/test-2015-12-21_15-36-50/tools/fpcmp " simple CrystalMk 
rm -f Output/CrystalMk.exe-simple
cp Output/CrystalMk.diff-simple Output/CrystalMk.exe-simple
if test -f Output/CrystalMk.extra-results.txt; then \
	  /home/ed/mcsema-testing/llvm-test-suite/ParseMultipleResults /home/ed/mcsema-testing/SANDBOX/test-2015-12-21_15-36-50/MultiSource/Benchmarks/ASC_Sequoia/CrystalMk/CrystalMk Output/CrystalMk.extra-results.txt >> Output/CrystalMk.simple.exec.report.txt; \
	fi
cat Output/CrystalMk.simple.compile.report.txt Output/CrystalMk.simple.exec.report.txt >> Output/CrystalMk.simple.report.txt
---------------------------------------------------------------
>>> ========= '/home/ed/mcsema-testing/SANDBOX/test-2015-12-21_15-36-50/MultiSource/Benchmarks/ASC_Sequoia/CrystalMk/CrystalMk' Program
---------------------------------------------------------------

TEST-PASS: compile /home/ed/mcsema-testing/SANDBOX/test-2015-12-21_15-36-50/MultiSource/Benchmarks/ASC_Sequoia/CrystalMk/CrystalMk
TEST-RESULT-compile-success: pass
TEST-RESULT-compile-hash: ff1f24bd05bc1772159c55c5e0b382ac
TEST-RESULT-compile-time: user 0.211100
TEST-RESULT-compile-real-time: real 0.301000

TEST-PASS: exec /home/ed/mcsema-testing/SANDBOX/test-2015-12-21_15-36-50/MultiSource/Benchmarks/ASC_Sequoia/CrystalMk/CrystalMk
TEST-RESULT-exec-success: pass
TEST-RESULT-exec-time: user       5.0586
TEST-RESULT-exec-real-time: real       5.0672
make[5]: Leaving directory `/home/ed/mcsema-testing/SANDBOX/test-2015-12-21_15-36-50/MultiSource/Benchmarks/ASC_Sequoia/CrystalMk'
make[4]: Leaving directory `/home/ed/mcsema-testing/SANDBOX/test-2015-12-21_15-36-50/MultiSource/Benchmarks/ASC_Sequoia'
make[4]: Entering directory `/home/ed/mcsema-testing/SANDBOX/test-2015-12-21_15-36-50/MultiSource/Benchmarks/TSVC'
make[5]: Entering directory `/home/ed/mcsema-testing/SANDBOX/test-2015-12-21_15-36-50/MultiSource/Benchmarks/TSVC/LinearDependence-flt'
/home/ed/mcsema-testing/llvm-test-suite/RunSafely.sh --show-errors -t "/home/ed/mcsema-testing/SANDBOX/test-2015-12-21_15-36-50/tools/timeit" 500 /dev/null Output/dummy.llvm.o.compile \
	  /usr/bin/clang -I/home/ed/mcsema-testing/SANDBOX/test-2015-12-21_15-36-50/MultiSource/Benchmarks/TSVC/LinearDependence-flt -I/home/ed/mcsema-testing/llvm-test-suite/MultiSource/Benchmarks/TSVC/LinearDependence-flt -I/home/ed/mcsema-testing/llvm-test-suite/include -I../../../../include -D_GNU_SOURCE -D__STDC_LIMIT_MACROS -DNDEBUG -std=gnu99 -O3  -m64 -fomit-frame-pointer -c /home/ed/mcsema-testing/llvm-test-suite/MultiSource/Benchmarks/TSVC/LinearDependence-flt/dummy.c -o Output/dummy.llvm.o
/home/ed/mcsema-testing/llvm-test-suite/RunSafely.sh --show-errors -t "/home/ed/mcsema-testing/SANDBOX/test-2015-12-21_15-36-50/tools/timeit" 500 /dev/null Output/tsc.llvm.o.compile \
	  /usr/bin/clang -I/home/ed/mcsema-testing/SANDBOX/test-2015-12-21_15-36-50/MultiSource/Benchmarks/TSVC/LinearDependence-flt -I/home/ed/mcsema-testing/llvm-test-suite/MultiSource/Benchmarks/TSVC/LinearDependence-flt -I/home/ed/mcsema-testing/llvm-test-suite/include -I../../../../include -D_GNU_SOURCE -D__STDC_LIMIT_MACROS -DNDEBUG -std=gnu99 -O3  -m64 -fomit-frame-pointer -c /home/ed/mcsema-testing/llvm-test-suite/MultiSource/Benchmarks/TSVC/LinearDependence-flt/tsc.c -o Output/tsc.llvm.o
/usr/bin/clang++ -o Output/LinearDependence-flt.simple Output/dummy.llvm.o Output/tsc.llvm.o -lm -std=gnu99  -m64 -fomit-frame-pointer
/home/ed/mcsema-testing/llvm-test-suite/RunSafely.sh -t "/home/ed/mcsema-testing/SANDBOX/test-2015-12-21_15-36-50/tools/timeit-target" 500 /dev/null Output/LinearDependence-flt.out-simple Output/LinearDependence-flt.simple 3570 5
cp Output/LinearDependence-flt.simple Output/LinearDependence-flt.simple-hash; \
	strip --remove-section=.comment --remove-section='.note*' Output/LinearDependence-flt.simple-hash; \
	/home/ed/mcsema-testing/llvm-test-suite/HashProgramOutput.sh Output/LinearDependence-flt.simple-hash
if [ -f "/home/ed/mcsema-testing/llvm-test-suite/MultiSource/Benchmarks/TSVC/LinearDependence-flt/LinearDependence-flt.reference_output.little-endian." ]; then \
	  cp /home/ed/mcsema-testing/llvm-test-suite/MultiSource/Benchmarks/TSVC/LinearDependence-flt/LinearDependence-flt.reference_output.little-endian. Output/LinearDependence-flt.out-nat; \
	elif [ -f "/home/ed/mcsema-testing/llvm-test-suite/MultiSource/Benchmarks/TSVC/LinearDependence-flt/LinearDependence-flt.reference_output." ]; then \
	  cp /home/ed/mcsema-testing/llvm-test-suite/MultiSource/Benchmarks/TSVC/LinearDependence-flt/LinearDependence-flt.reference_output. Output/LinearDependence-flt.out-nat; \
	elif [ -f "/home/ed/mcsema-testing/llvm-test-suite/MultiSource/Benchmarks/TSVC/LinearDependence-flt/LinearDependence-flt.reference_output.little-endian" ]; then \
	  cp /home/ed/mcsema-testing/llvm-test-suite/MultiSource/Benchmarks/TSVC/LinearDependence-flt/LinearDependence-flt.reference_output.little-endian Output/LinearDependence-flt.out-nat; \
	elif [ -f "/home/ed/mcsema-testing/llvm-test-suite/MultiSource/Benchmarks/TSVC/LinearDependence-flt/LinearDependence-flt.reference_output" ]; then \
	  cp /home/ed/mcsema-testing/llvm-test-suite/MultiSource/Benchmarks/TSVC/LinearDependence-flt/LinearDependence-flt.reference_output Output/LinearDependence-flt.out-nat; \
	else \
	  printf "WARNING: %s: %s\n" "NO REFERENCE OUTPUT (using default)" "/home/ed/mcsema-testing/llvm-test-suite/MultiSource/Benchmarks/TSVC/LinearDependence-flt/LinearDependence-flt.reference_output" > Output/LinearDependence-flt.out-nat; \
	  cp /home/ed/mcsema-testing/llvm-test-suite/default.reference_output Output/LinearDependence-flt.out-nat; \
	  cat Output/LinearDependence-flt.out-nat; \
	fi
# Pretend that the reference output was produced instantaneously.
cp /home/ed/mcsema-testing/llvm-test-suite/instant.txt Output/LinearDependence-flt.out-nat.time
/home/ed/mcsema-testing/llvm-test-suite/DiffOutput.sh "/home/ed/mcsema-testing/SANDBOX/test-2015-12-21_15-36-50/tools/fpcmp " simple LinearDependence-flt 
rm -f Output/LinearDependence-flt.exe-simple
cp Output/LinearDependence-flt.diff-simple Output/LinearDependence-flt.exe-simple
if test -f Output/LinearDependence-flt.extra-results.txt; then \
	  /home/ed/mcsema-testing/llvm-test-suite/ParseMultipleResults /home/ed/mcsema-testing/SANDBOX/test-2015-12-21_15-36-50/MultiSource/Benchmarks/TSVC/LinearDependence-flt/LinearDependence-flt Output/LinearDependence-flt.extra-results.txt >> Output/LinearDependence-flt.simple.exec.report.txt; \
	fi
cat Output/LinearDependence-flt.simple.compile.report.txt Output/LinearDependence-flt.simple.exec.report.txt >> Output/LinearDependence-flt.simple.report.txt
---------------------------------------------------------------
>>> ========= '/home/ed/mcsema-testing/SANDBOX/test-2015-12-21_15-36-50/MultiSource/Benchmarks/TSVC/LinearDependence-flt/LinearDependence-flt' Program
---------------------------------------------------------------

TEST-PASS: compile /home/ed/mcsema-testing/SANDBOX/test-2015-12-21_15-36-50/MultiSource/Benchmarks/TSVC/LinearDependence-flt/LinearDependence-flt
TEST-RESULT-compile-success: pass
TEST-RESULT-compile-hash: b45cef0a9f6a503f47fdf984a260cfa6
TEST-RESULT-compile-time: user 0.740200
TEST-RESULT-compile-real-time: real 0.787700

TEST-PASS: exec /home/ed/mcsema-testing/SANDBOX/test-2015-12-21_15-36-50/MultiSource/Benchmarks/TSVC/LinearDependence-flt/LinearDependence-flt
TEST-RESULT-exec-success: pass
TEST-RESULT-exec-time: user       2.3723
TEST-RESULT-exec-real-time: real       2.3782
make[5]: Leaving directory `/home/ed/mcsema-testing/SANDBOX/test-2015-12-21_15-36-50/MultiSource/Benchmarks/TSVC/LinearDependence-flt'
make[5]: Entering directory `/home/ed/mcsema-testing/SANDBOX/test-2015-12-21_15-36-50/MultiSource/Benchmarks/TSVC/InductionVariable-flt'
/home/ed/mcsema-testing/llvm-test-suite/RunSafely.sh --show-errors -t "/home/ed/mcsema-testing/SANDBOX/test-2015-12-21_15-36-50/tools/timeit" 500 /dev/null Output/dummy.llvm.o.compile \
	  /usr/bin/clang -I/home/ed/mcsema-testing/SANDBOX/test-2015-12-21_15-36-50/MultiSource/Benchmarks/TSVC/InductionVariable-flt -I/home/ed/mcsema-testing/llvm-test-suite/MultiSource/Benchmarks/TSVC/InductionVariable-flt -I/home/ed/mcsema-testing/llvm-test-suite/include -I../../../../include -D_GNU_SOURCE -D__STDC_LIMIT_MACROS -DNDEBUG -std=gnu99 -O3  -m64 -fomit-frame-pointer -c /home/ed/mcsema-testing/llvm-test-suite/MultiSource/Benchmarks/TSVC/InductionVariable-flt/dummy.c -o Output/dummy.llvm.o
/home/ed/mcsema-testing/llvm-test-suite/RunSafely.sh --show-errors -t "/home/ed/mcsema-testing/SANDBOX/test-2015-12-21_15-36-50/tools/timeit" 500 /dev/null Output/tsc.llvm.o.compile \
	  /usr/bin/clang -I/home/ed/mcsema-testing/SANDBOX/test-2015-12-21_15-36-50/MultiSource/Benchmarks/TSVC/InductionVariable-flt -I/home/ed/mcsema-testing/llvm-test-suite/MultiSource/Benchmarks/TSVC/InductionVariable-flt -I/home/ed/mcsema-testing/llvm-test-suite/include -I../../../../include -D_GNU_SOURCE -D__STDC_LIMIT_MACROS -DNDEBUG -std=gnu99 -O3  -m64 -fomit-frame-pointer -c /home/ed/mcsema-testing/llvm-test-suite/MultiSource/Benchmarks/TSVC/InductionVariable-flt/tsc.c -o Output/tsc.llvm.o
/usr/bin/clang++ -o Output/InductionVariable-flt.simple Output/dummy.llvm.o Output/tsc.llvm.o -lm -std=gnu99  -m64 -fomit-frame-pointer
/home/ed/mcsema-testing/llvm-test-suite/RunSafely.sh -t "/home/ed/mcsema-testing/SANDBOX/test-2015-12-21_15-36-50/tools/timeit-target" 500 /dev/null Output/InductionVariable-flt.out-simple Output/InductionVariable-flt.simple 9100 5
cp Output/InductionVariable-flt.simple Output/InductionVariable-flt.simple-hash; \
	strip --remove-section=.comment --remove-section='.note*' Output/InductionVariable-flt.simple-hash; \
	/home/ed/mcsema-testing/llvm-test-suite/HashProgramOutput.sh Output/InductionVariable-flt.simple-hash
if [ -f "/home/ed/mcsema-testing/llvm-test-suite/MultiSource/Benchmarks/TSVC/InductionVariable-flt/InductionVariable-flt.reference_output.little-endian." ]; then \
	  cp /home/ed/mcsema-testing/llvm-test-suite/MultiSource/Benchmarks/TSVC/InductionVariable-flt/InductionVariable-flt.reference_output.little-endian. Output/InductionVariable-flt.out-nat; \
	elif [ -f "/home/ed/mcsema-testing/llvm-test-suite/MultiSource/Benchmarks/TSVC/InductionVariable-flt/InductionVariable-flt.reference_output." ]; then \
	  cp /home/ed/mcsema-testing/llvm-test-suite/MultiSource/Benchmarks/TSVC/InductionVariable-flt/InductionVariable-flt.reference_output. Output/InductionVariable-flt.out-nat; \
	elif [ -f "/home/ed/mcsema-testing/llvm-test-suite/MultiSource/Benchmarks/TSVC/InductionVariable-flt/InductionVariable-flt.reference_output.little-endian" ]; then \
	  cp /home/ed/mcsema-testing/llvm-test-suite/MultiSource/Benchmarks/TSVC/InductionVariable-flt/InductionVariable-flt.reference_output.little-endian Output/InductionVariable-flt.out-nat; \
	elif [ -f "/home/ed/mcsema-testing/llvm-test-suite/MultiSource/Benchmarks/TSVC/InductionVariable-flt/InductionVariable-flt.reference_output" ]; then \
	  cp /home/ed/mcsema-testing/llvm-test-suite/MultiSource/Benchmarks/TSVC/InductionVariable-flt/InductionVariable-flt.reference_output Output/InductionVariable-flt.out-nat; \
	else \
	  printf "WARNING: %s: %s\n" "NO REFERENCE OUTPUT (using default)" "/home/ed/mcsema-testing/llvm-test-suite/MultiSource/Benchmarks/TSVC/InductionVariable-flt/InductionVariable-flt.reference_output" > Output/InductionVariable-flt.out-nat; \
	  cp /home/ed/mcsema-testing/llvm-test-suite/default.reference_output Output/InductionVariable-flt.out-nat; \
	  cat Output/InductionVariable-flt.out-nat; \
	fi
# Pretend that the reference output was produced instantaneously.
cp /home/ed/mcsema-testing/llvm-test-suite/instant.txt Output/InductionVariable-flt.out-nat.time
/home/ed/mcsema-testing/llvm-test-suite/DiffOutput.sh "/home/ed/mcsema-testing/SANDBOX/test-2015-12-21_15-36-50/tools/fpcmp " simple InductionVariable-flt 
rm -f Output/InductionVariable-flt.exe-simple
cp Output/InductionVariable-flt.diff-simple Output/InductionVariable-flt.exe-simple
if test -f Output/InductionVariable-flt.extra-results.txt; then \
	  /home/ed/mcsema-testing/llvm-test-suite/ParseMultipleResults /home/ed/mcsema-testing/SANDBOX/test-2015-12-21_15-36-50/MultiSource/Benchmarks/TSVC/InductionVariable-flt/InductionVariable-flt Output/InductionVariable-flt.extra-results.txt >> Output/InductionVariable-flt.simple.exec.report.txt; \
	fi
cat Output/InductionVariable-flt.simple.compile.report.txt Output/InductionVariable-flt.simple.exec.report.txt >> Output/InductionVariable-flt.simple.report.txt
---------------------------------------------------------------
>>> ========= '/home/ed/mcsema-testing/SANDBOX/test-2015-12-21_15-36-50/MultiSource/Benchmarks/TSVC/InductionVariable-flt/InductionVariable-flt' Program
---------------------------------------------------------------

TEST-PASS: compile /home/ed/mcsema-testing/SANDBOX/test-2015-12-21_15-36-50/MultiSource/Benchmarks/TSVC/InductionVariable-flt/InductionVariable-flt
TEST-RESULT-compile-success: pass
TEST-RESULT-compile-hash: 706e27891a9b2882dd6b861c5c449386
TEST-RESULT-compile-time: user 0.718400
TEST-RESULT-compile-real-time: real 0.762000

TEST-PASS: exec /home/ed/mcsema-testing/SANDBOX/test-2015-12-21_15-36-50/MultiSource/Benchmarks/TSVC/InductionVariable-flt/InductionVariable-flt
TEST-RESULT-exec-success: pass
TEST-RESULT-exec-time: user       2.8751
TEST-RESULT-exec-real-time: real       2.8831
make[5]: Leaving directory `/home/ed/mcsema-testing/SANDBOX/test-2015-12-21_15-36-50/MultiSource/Benchmarks/TSVC/InductionVariable-flt'
make[5]: Entering directory `/home/ed/mcsema-testing/SANDBOX/test-2015-12-21_15-36-50/MultiSource/Benchmarks/TSVC/GlobalDataFlow-flt'
/home/ed/mcsema-testing/llvm-test-suite/RunSafely.sh --show-errors -t "/home/ed/mcsema-testing/SANDBOX/test-2015-12-21_15-36-50/tools/timeit" 500 /dev/null Output/dummy.llvm.o.compile \
	  /usr/bin/clang -I/home/ed/mcsema-testing/SANDBOX/test-2015-12-21_15-36-50/MultiSource/Benchmarks/TSVC/GlobalDataFlow-flt -I/home/ed/mcsema-testing/llvm-test-suite/MultiSource/Benchmarks/TSVC/GlobalDataFlow-flt -I/home/ed/mcsema-testing/llvm-test-suite/include -I../../../../include -D_GNU_SOURCE -D__STDC_LIMIT_MACROS -DNDEBUG -std=gnu99 -O3  -m64 -fomit-frame-pointer -c /home/ed/mcsema-testing/llvm-test-suite/MultiSource/Benchmarks/TSVC/GlobalDataFlow-flt/dummy.c -o Output/dummy.llvm.o
/home/ed/mcsema-testing/llvm-test-suite/RunSafely.sh --show-errors -t "/home/ed/mcsema-testing/SANDBOX/test-2015-12-21_15-36-50/tools/timeit" 500 /dev/null Output/tsc.llvm.o.compile \
	  /usr/bin/clang -I/home/ed/mcsema-testing/SANDBOX/test-2015-12-21_15-36-50/MultiSource/Benchmarks/TSVC/GlobalDataFlow-flt -I/home/ed/mcsema-testing/llvm-test-suite/MultiSource/Benchmarks/TSVC/GlobalDataFlow-flt -I/home/ed/mcsema-testing/llvm-test-suite/include -I../../../../include -D_GNU_SOURCE -D__STDC_LIMIT_MACROS -DNDEBUG -std=gnu99 -O3  -m64 -fomit-frame-pointer -c /home/ed/mcsema-testing/llvm-test-suite/MultiSource/Benchmarks/TSVC/GlobalDataFlow-flt/tsc.c -o Output/tsc.llvm.o
/usr/bin/clang++ -o Output/GlobalDataFlow-flt.simple Output/dummy.llvm.o Output/tsc.llvm.o -lm -std=gnu99  -m64 -fomit-frame-pointer
/home/ed/mcsema-testing/llvm-test-suite/RunSafely.sh -t "/home/ed/mcsema-testing/SANDBOX/test-2015-12-21_15-36-50/tools/timeit-target" 500 /dev/null Output/GlobalDataFlow-flt.out-simple Output/GlobalDataFlow-flt.simple 3450 5
cp Output/GlobalDataFlow-flt.simple Output/GlobalDataFlow-flt.simple-hash; \
	strip --remove-section=.comment --remove-section='.note*' Output/GlobalDataFlow-flt.simple-hash; \
	/home/ed/mcsema-testing/llvm-test-suite/HashProgramOutput.sh Output/GlobalDataFlow-flt.simple-hash
if [ -f "/home/ed/mcsema-testing/llvm-test-suite/MultiSource/Benchmarks/TSVC/GlobalDataFlow-flt/GlobalDataFlow-flt.reference_output.little-endian." ]; then \
	  cp /home/ed/mcsema-testing/llvm-test-suite/MultiSource/Benchmarks/TSVC/GlobalDataFlow-flt/GlobalDataFlow-flt.reference_output.little-endian. Output/GlobalDataFlow-flt.out-nat; \
	elif [ -f "/home/ed/mcsema-testing/llvm-test-suite/MultiSource/Benchmarks/TSVC/GlobalDataFlow-flt/GlobalDataFlow-flt.reference_output." ]; then \
	  cp /home/ed/mcsema-testing/llvm-test-suite/MultiSource/Benchmarks/TSVC/GlobalDataFlow-flt/GlobalDataFlow-flt.reference_output. Output/GlobalDataFlow-flt.out-nat; \
	elif [ -f "/home/ed/mcsema-testing/llvm-test-suite/MultiSource/Benchmarks/TSVC/GlobalDataFlow-flt/GlobalDataFlow-flt.reference_output.little-endian" ]; then \
	  cp /home/ed/mcsema-testing/llvm-test-suite/MultiSource/Benchmarks/TSVC/GlobalDataFlow-flt/GlobalDataFlow-flt.reference_output.little-endian Output/GlobalDataFlow-flt.out-nat; \
	elif [ -f "/home/ed/mcsema-testing/llvm-test-suite/MultiSource/Benchmarks/TSVC/GlobalDataFlow-flt/GlobalDataFlow-flt.reference_output" ]; then \
	  cp /home/ed/mcsema-testing/llvm-test-suite/MultiSource/Benchmarks/TSVC/GlobalDataFlow-flt/GlobalDataFlow-flt.reference_output Output/GlobalDataFlow-flt.out-nat; \
	else \
	  printf "WARNING: %s: %s\n" "NO REFERENCE OUTPUT (using default)" "/home/ed/mcsema-testing/llvm-test-suite/MultiSource/Benchmarks/TSVC/GlobalDataFlow-flt/GlobalDataFlow-flt.reference_output" > Output/GlobalDataFlow-flt.out-nat; \
	  cp /home/ed/mcsema-testing/llvm-test-suite/default.reference_output Output/GlobalDataFlow-flt.out-nat; \
	  cat Output/GlobalDataFlow-flt.out-nat; \
	fi
# Pretend that the reference output was produced instantaneously.
cp /home/ed/mcsema-testing/llvm-test-suite/instant.txt Output/GlobalDataFlow-flt.out-nat.time
/home/ed/mcsema-testing/llvm-test-suite/DiffOutput.sh "/home/ed/mcsema-testing/SANDBOX/test-2015-12-21_15-36-50/tools/fpcmp " simple GlobalDataFlow-flt 
rm -f Output/GlobalDataFlow-flt.exe-simple
cp Output/GlobalDataFlow-flt.diff-simple Output/GlobalDataFlow-flt.exe-simple
if test -f Output/GlobalDataFlow-flt.extra-results.txt; then \
	  /home/ed/mcsema-testing/llvm-test-suite/ParseMultipleResults /home/ed/mcsema-testing/SANDBOX/test-2015-12-21_15-36-50/MultiSource/Benchmarks/TSVC/GlobalDataFlow-flt/GlobalDataFlow-flt Output/GlobalDataFlow-flt.extra-results.txt >> Output/GlobalDataFlow-flt.simple.exec.report.txt; \
	fi
cat Output/GlobalDataFlow-flt.simple.compile.report.txt Output/GlobalDataFlow-flt.simple.exec.report.txt >> Output/GlobalDataFlow-flt.simple.report.txt
---------------------------------------------------------------
>>> ========= '/home/ed/mcsema-testing/SANDBOX/test-2015-12-21_15-36-50/MultiSource/Benchmarks/TSVC/GlobalDataFlow-flt/GlobalDataFlow-flt' Program
---------------------------------------------------------------

TEST-PASS: compile /home/ed/mcsema-testing/SANDBOX/test-2015-12-21_15-36-50/MultiSource/Benchmarks/TSVC/GlobalDataFlow-flt/GlobalDataFlow-flt
TEST-RESULT-compile-success: pass
TEST-RESULT-compile-hash: b714c484db1ada01eb358c8fec1fada6
TEST-RESULT-compile-time: user 0.717100
TEST-RESULT-compile-real-time: real 0.762200

TEST-PASS: exec /home/ed/mcsema-testing/SANDBOX/test-2015-12-21_15-36-50/MultiSource/Benchmarks/TSVC/GlobalDataFlow-flt/GlobalDataFlow-flt
TEST-RESULT-exec-success: pass
TEST-RESULT-exec-time: user       1.8148
TEST-RESULT-exec-real-time: real       1.8208
make[5]: Leaving directory `/home/ed/mcsema-testing/SANDBOX/test-2015-12-21_15-36-50/MultiSource/Benchmarks/TSVC/GlobalDataFlow-flt'
make[5]: Entering directory `/home/ed/mcsema-testing/SANDBOX/test-2015-12-21_15-36-50/MultiSource/Benchmarks/TSVC/ControlFlow-flt'
/home/ed/mcsema-testing/llvm-test-suite/RunSafely.sh --show-errors -t "/home/ed/mcsema-testing/SANDBOX/test-2015-12-21_15-36-50/tools/timeit" 500 /dev/null Output/dummy.llvm.o.compile \
	  /usr/bin/clang -I/home/ed/mcsema-testing/SANDBOX/test-2015-12-21_15-36-50/MultiSource/Benchmarks/TSVC/ControlFlow-flt -I/home/ed/mcsema-testing/llvm-test-suite/MultiSource/Benchmarks/TSVC/ControlFlow-flt -I/home/ed/mcsema-testing/llvm-test-suite/include -I../../../../include -D_GNU_SOURCE -D__STDC_LIMIT_MACROS -DNDEBUG -std=gnu99 -O3  -m64 -fomit-frame-pointer -c /home/ed/mcsema-testing/llvm-test-suite/MultiSource/Benchmarks/TSVC/ControlFlow-flt/dummy.c -o Output/dummy.llvm.o
/home/ed/mcsema-testing/llvm-test-suite/RunSafely.sh --show-errors -t "/home/ed/mcsema-testing/SANDBOX/test-2015-12-21_15-36-50/tools/timeit" 500 /dev/null Output/tsc.llvm.o.compile \
	  /usr/bin/clang -I/home/ed/mcsema-testing/SANDBOX/test-2015-12-21_15-36-50/MultiSource/Benchmarks/TSVC/ControlFlow-flt -I/home/ed/mcsema-testing/llvm-test-suite/MultiSource/Benchmarks/TSVC/ControlFlow-flt -I/home/ed/mcsema-testing/llvm-test-suite/include -I../../../../include -D_GNU_SOURCE -D__STDC_LIMIT_MACROS -DNDEBUG -std=gnu99 -O3  -m64 -fomit-frame-pointer -c /home/ed/mcsema-testing/llvm-test-suite/MultiSource/Benchmarks/TSVC/ControlFlow-flt/tsc.c -o Output/tsc.llvm.o
/usr/bin/clang++ -o Output/ControlFlow-flt.simple Output/dummy.llvm.o Output/tsc.llvm.o -lm -std=gnu99  -m64 -fomit-frame-pointer
/home/ed/mcsema-testing/llvm-test-suite/RunSafely.sh -t "/home/ed/mcsema-testing/SANDBOX/test-2015-12-21_15-36-50/tools/timeit-target" 500 /dev/null Output/ControlFlow-flt.out-simple Output/ControlFlow-flt.simple 2325 5
cp Output/ControlFlow-flt.simple Output/ControlFlow-flt.simple-hash; \
	strip --remove-section=.comment --remove-section='.note*' Output/ControlFlow-flt.simple-hash; \
	/home/ed/mcsema-testing/llvm-test-suite/HashProgramOutput.sh Output/ControlFlow-flt.simple-hash
if [ -f "/home/ed/mcsema-testing/llvm-test-suite/MultiSource/Benchmarks/TSVC/ControlFlow-flt/ControlFlow-flt.reference_output.little-endian." ]; then \
	  cp /home/ed/mcsema-testing/llvm-test-suite/MultiSource/Benchmarks/TSVC/ControlFlow-flt/ControlFlow-flt.reference_output.little-endian. Output/ControlFlow-flt.out-nat; \
	elif [ -f "/home/ed/mcsema-testing/llvm-test-suite/MultiSource/Benchmarks/TSVC/ControlFlow-flt/ControlFlow-flt.reference_output." ]; then \
	  cp /home/ed/mcsema-testing/llvm-test-suite/MultiSource/Benchmarks/TSVC/ControlFlow-flt/ControlFlow-flt.reference_output. Output/ControlFlow-flt.out-nat; \
	elif [ -f "/home/ed/mcsema-testing/llvm-test-suite/MultiSource/Benchmarks/TSVC/ControlFlow-flt/ControlFlow-flt.reference_output.little-endian" ]; then \
	  cp /home/ed/mcsema-testing/llvm-test-suite/MultiSource/Benchmarks/TSVC/ControlFlow-flt/ControlFlow-flt.reference_output.little-endian Output/ControlFlow-flt.out-nat; \
	elif [ -f "/home/ed/mcsema-testing/llvm-test-suite/MultiSource/Benchmarks/TSVC/ControlFlow-flt/ControlFlow-flt.reference_output" ]; then \
	  cp /home/ed/mcsema-testing/llvm-test-suite/MultiSource/Benchmarks/TSVC/ControlFlow-flt/ControlFlow-flt.reference_output Output/ControlFlow-flt.out-nat; \
	else \
	  printf "WARNING: %s: %s\n" "NO REFERENCE OUTPUT (using default)" "/home/ed/mcsema-testing/llvm-test-suite/MultiSource/Benchmarks/TSVC/ControlFlow-flt/ControlFlow-flt.reference_output" > Output/ControlFlow-flt.out-nat; \
	  cp /home/ed/mcsema-testing/llvm-test-suite/default.reference_output Output/ControlFlow-flt.out-nat; \
	  cat Output/ControlFlow-flt.out-nat; \
	fi
# Pretend that the reference output was produced instantaneously.
cp /home/ed/mcsema-testing/llvm-test-suite/instant.txt Output/ControlFlow-flt.out-nat.time
/home/ed/mcsema-testing/llvm-test-suite/DiffOutput.sh "/home/ed/mcsema-testing/SANDBOX/test-2015-12-21_15-36-50/tools/fpcmp " simple ControlFlow-flt 
rm -f Output/ControlFlow-flt.exe-simple
cp Output/ControlFlow-flt.diff-simple Output/ControlFlow-flt.exe-simple
if test -f Output/ControlFlow-flt.extra-results.txt; then \
	  /home/ed/mcsema-testing/llvm-test-suite/ParseMultipleResults /home/ed/mcsema-testing/SANDBOX/test-2015-12-21_15-36-50/MultiSource/Benchmarks/TSVC/ControlFlow-flt/ControlFlow-flt Output/ControlFlow-flt.extra-results.txt >> Output/ControlFlow-flt.simple.exec.report.txt; \
	fi
cat Output/ControlFlow-flt.simple.compile.report.txt Output/ControlFlow-flt.simple.exec.report.txt >> Output/ControlFlow-flt.simple.report.txt
---------------------------------------------------------------
>>> ========= '/home/ed/mcsema-testing/SANDBOX/test-2015-12-21_15-36-50/MultiSource/Benchmarks/TSVC/ControlFlow-flt/ControlFlow-flt' Program
---------------------------------------------------------------

TEST-PASS: compile /home/ed/mcsema-testing/SANDBOX/test-2015-12-21_15-36-50/MultiSource/Benchmarks/TSVC/ControlFlow-flt/ControlFlow-flt
TEST-RESULT-compile-success: pass
TEST-RESULT-compile-hash: eb7135fae3580791eefa4eb925491a34
TEST-RESULT-compile-time: user 0.804000
TEST-RESULT-compile-real-time: real 0.849600

TEST-PASS: exec /home/ed/mcsema-testing/SANDBOX/test-2015-12-21_15-36-50/MultiSource/Benchmarks/TSVC/ControlFlow-flt/ControlFlow-flt
TEST-RESULT-exec-success: pass
TEST-RESULT-exec-time: user       3.2026
TEST-RESULT-exec-real-time: real       3.2121
make[5]: Leaving directory `/home/ed/mcsema-testing/SANDBOX/test-2015-12-21_15-36-50/MultiSource/Benchmarks/TSVC/ControlFlow-flt'
make[5]: Entering directory `/home/ed/mcsema-testing/SANDBOX/test-2015-12-21_15-36-50/MultiSource/Benchmarks/TSVC/Symbolics-flt'
/home/ed/mcsema-testing/llvm-test-suite/RunSafely.sh --show-errors -t "/home/ed/mcsema-testing/SANDBOX/test-2015-12-21_15-36-50/tools/timeit" 500 /dev/null Output/dummy.llvm.o.compile \
	  /usr/bin/clang -I/home/ed/mcsema-testing/SANDBOX/test-2015-12-21_15-36-50/MultiSource/Benchmarks/TSVC/Symbolics-flt -I/home/ed/mcsema-testing/llvm-test-suite/MultiSource/Benchmarks/TSVC/Symbolics-flt -I/home/ed/mcsema-testing/llvm-test-suite/include -I../../../../include -D_GNU_SOURCE -D__STDC_LIMIT_MACROS -DNDEBUG -std=gnu99 -O3  -m64 -fomit-frame-pointer -c /home/ed/mcsema-testing/llvm-test-suite/MultiSource/Benchmarks/TSVC/Symbolics-flt/dummy.c -o Output/dummy.llvm.o
/home/ed/mcsema-testing/llvm-test-suite/RunSafely.sh --show-errors -t "/home/ed/mcsema-testing/SANDBOX/test-2015-12-21_15-36-50/tools/timeit" 500 /dev/null Output/tsc.llvm.o.compile \
	  /usr/bin/clang -I/home/ed/mcsema-testing/SANDBOX/test-2015-12-21_15-36-50/MultiSource/Benchmarks/TSVC/Symbolics-flt -I/home/ed/mcsema-testing/llvm-test-suite/MultiSource/Benchmarks/TSVC/Symbolics-flt -I/home/ed/mcsema-testing/llvm-test-suite/include -I../../../../include -D_GNU_SOURCE -D__STDC_LIMIT_MACROS -DNDEBUG -std=gnu99 -O3  -m64 -fomit-frame-pointer -c /home/ed/mcsema-testing/llvm-test-suite/MultiSource/Benchmarks/TSVC/Symbolics-flt/tsc.c -o Output/tsc.llvm.o
/usr/bin/clang++ -o Output/Symbolics-flt.simple Output/dummy.llvm.o Output/tsc.llvm.o -lm -std=gnu99  -m64 -fomit-frame-pointer
/home/ed/mcsema-testing/llvm-test-suite/RunSafely.sh -t "/home/ed/mcsema-testing/SANDBOX/test-2015-12-21_15-36-50/tools/timeit-target" 500 /dev/null Output/Symbolics-flt.out-simple Output/Symbolics-flt.simple 9090 5
cp Output/Symbolics-flt.simple Output/Symbolics-flt.simple-hash; \
	strip --remove-section=.comment --remove-section='.note*' Output/Symbolics-flt.simple-hash; \
	/home/ed/mcsema-testing/llvm-test-suite/HashProgramOutput.sh Output/Symbolics-flt.simple-hash
if [ -f "/home/ed/mcsema-testing/llvm-test-suite/MultiSource/Benchmarks/TSVC/Symbolics-flt/Symbolics-flt.reference_output.little-endian." ]; then \
	  cp /home/ed/mcsema-testing/llvm-test-suite/MultiSource/Benchmarks/TSVC/Symbolics-flt/Symbolics-flt.reference_output.little-endian. Output/Symbolics-flt.out-nat; \
	elif [ -f "/home/ed/mcsema-testing/llvm-test-suite/MultiSource/Benchmarks/TSVC/Symbolics-flt/Symbolics-flt.reference_output." ]; then \
	  cp /home/ed/mcsema-testing/llvm-test-suite/MultiSource/Benchmarks/TSVC/Symbolics-flt/Symbolics-flt.reference_output. Output/Symbolics-flt.out-nat; \
	elif [ -f "/home/ed/mcsema-testing/llvm-test-suite/MultiSource/Benchmarks/TSVC/Symbolics-flt/Symbolics-flt.reference_output.little-endian" ]; then \
	  cp /home/ed/mcsema-testing/llvm-test-suite/MultiSource/Benchmarks/TSVC/Symbolics-flt/Symbolics-flt.reference_output.little-endian Output/Symbolics-flt.out-nat; \
	elif [ -f "/home/ed/mcsema-testing/llvm-test-suite/MultiSource/Benchmarks/TSVC/Symbolics-flt/Symbolics-flt.reference_output" ]; then \
	  cp /home/ed/mcsema-testing/llvm-test-suite/MultiSource/Benchmarks/TSVC/Symbolics-flt/Symbolics-flt.reference_output Output/Symbolics-flt.out-nat; \
	else \
	  printf "WARNING: %s: %s\n" "NO REFERENCE OUTPUT (using default)" "/home/ed/mcsema-testing/llvm-test-suite/MultiSource/Benchmarks/TSVC/Symbolics-flt/Symbolics-flt.reference_output" > Output/Symbolics-flt.out-nat; \
	  cp /home/ed/mcsema-testing/llvm-test-suite/default.reference_output Output/Symbolics-flt.out-nat; \
	  cat Output/Symbolics-flt.out-nat; \
	fi
# Pretend that the reference output was produced instantaneously.
cp /home/ed/mcsema-testing/llvm-test-suite/instant.txt Output/Symbolics-flt.out-nat.time
/home/ed/mcsema-testing/llvm-test-suite/DiffOutput.sh "/home/ed/mcsema-testing/SANDBOX/test-2015-12-21_15-36-50/tools/fpcmp " simple Symbolics-flt 
rm -f Output/Symbolics-flt.exe-simple
cp Output/Symbolics-flt.diff-simple Output/Symbolics-flt.exe-simple
if test -f Output/Symbolics-flt.extra-results.txt; then \
	  /home/ed/mcsema-testing/llvm-test-suite/ParseMultipleResults /home/ed/mcsema-testing/SANDBOX/test-2015-12-21_15-36-50/MultiSource/Benchmarks/TSVC/Symbolics-flt/Symbolics-flt Output/Symbolics-flt.extra-results.txt >> Output/Symbolics-flt.simple.exec.report.txt; \
	fi
cat Output/Symbolics-flt.simple.compile.report.txt Output/Symbolics-flt.simple.exec.report.txt >> Output/Symbolics-flt.simple.report.txt
---------------------------------------------------------------
>>> ========= '/home/ed/mcsema-testing/SANDBOX/test-2015-12-21_15-36-50/MultiSource/Benchmarks/TSVC/Symbolics-flt/Symbolics-flt' Program
---------------------------------------------------------------

TEST-PASS: compile /home/ed/mcsema-testing/SANDBOX/test-2015-12-21_15-36-50/MultiSource/Benchmarks/TSVC/Symbolics-flt/Symbolics-flt
TEST-RESULT-compile-success: pass
TEST-RESULT-compile-hash: c313a9337ced7a1ee5964d386726cb2b
TEST-RESULT-compile-time: user 0.700600
TEST-RESULT-compile-real-time: real 0.744200

TEST-PASS: exec /home/ed/mcsema-testing/SANDBOX/test-2015-12-21_15-36-50/MultiSource/Benchmarks/TSVC/Symbolics-flt/Symbolics-flt
TEST-RESULT-exec-success: pass
TEST-RESULT-exec-time: user       1.6173
TEST-RESULT-exec-real-time: real       1.6219
make[5]: Leaving directory `/home/ed/mcsema-testing/SANDBOX/test-2015-12-21_15-36-50/MultiSource/Benchmarks/TSVC/Symbolics-flt'
make[5]: Entering directory `/home/ed/mcsema-testing/SANDBOX/test-2015-12-21_15-36-50/MultiSource/Benchmarks/TSVC/StatementReordering-flt'
/home/ed/mcsema-testing/llvm-test-suite/RunSafely.sh --show-errors -t "/home/ed/mcsema-testing/SANDBOX/test-2015-12-21_15-36-50/tools/timeit" 500 /dev/null Output/dummy.llvm.o.compile \
	  /usr/bin/clang -I/home/ed/mcsema-testing/SANDBOX/test-2015-12-21_15-36-50/MultiSource/Benchmarks/TSVC/StatementReordering-flt -I/home/ed/mcsema-testing/llvm-test-suite/MultiSource/Benchmarks/TSVC/StatementReordering-flt -I/home/ed/mcsema-testing/llvm-test-suite/include -I../../../../include -D_GNU_SOURCE -D__STDC_LIMIT_MACROS -DNDEBUG -std=gnu99 -O3  -m64 -fomit-frame-pointer -c /home/ed/mcsema-testing/llvm-test-suite/MultiSource/Benchmarks/TSVC/StatementReordering-flt/dummy.c -o Output/dummy.llvm.o
/home/ed/mcsema-testing/llvm-test-suite/RunSafely.sh --show-errors -t "/home/ed/mcsema-testing/SANDBOX/test-2015-12-21_15-36-50/tools/timeit" 500 /dev/null Output/tsc.llvm.o.compile \
	  /usr/bin/clang -I/home/ed/mcsema-testing/SANDBOX/test-2015-12-21_15-36-50/MultiSource/Benchmarks/TSVC/StatementReordering-flt -I/home/ed/mcsema-testing/llvm-test-suite/MultiSource/Benchmarks/TSVC/StatementReordering-flt -I/home/ed/mcsema-testing/llvm-test-suite/include -I../../../../include -D_GNU_SOURCE -D__STDC_LIMIT_MACROS -DNDEBUG -std=gnu99 -O3  -m64 -fomit-frame-pointer -c /home/ed/mcsema-testing/llvm-test-suite/MultiSource/Benchmarks/TSVC/StatementReordering-flt/tsc.c -o Output/tsc.llvm.o
/usr/bin/clang++ -o Output/StatementReordering-flt.simple Output/dummy.llvm.o Output/tsc.llvm.o -lm -std=gnu99  -m64 -fomit-frame-pointer
/home/ed/mcsema-testing/llvm-test-suite/RunSafely.sh -t "/home/ed/mcsema-testing/SANDBOX/test-2015-12-21_15-36-50/tools/timeit-target" 500 /dev/null Output/StatementReordering-flt.out-simple Output/StatementReordering-flt.simple 20000 5
cp Output/StatementReordering-flt.simple Output/StatementReordering-flt.simple-hash; \
	strip --remove-section=.comment --remove-section='.note*' Output/StatementReordering-flt.simple-hash; \
	/home/ed/mcsema-testing/llvm-test-suite/HashProgramOutput.sh Output/StatementReordering-flt.simple-hash
if [ -f "/home/ed/mcsema-testing/llvm-test-suite/MultiSource/Benchmarks/TSVC/StatementReordering-flt/StatementReordering-flt.reference_output.little-endian." ]; then \
	  cp /home/ed/mcsema-testing/llvm-test-suite/MultiSource/Benchmarks/TSVC/StatementReordering-flt/StatementReordering-flt.reference_output.little-endian. Output/StatementReordering-flt.out-nat; \
	elif [ -f "/home/ed/mcsema-testing/llvm-test-suite/MultiSource/Benchmarks/TSVC/StatementReordering-flt/StatementReordering-flt.reference_output." ]; then \
	  cp /home/ed/mcsema-testing/llvm-test-suite/MultiSource/Benchmarks/TSVC/StatementReordering-flt/StatementReordering-flt.reference_output. Output/StatementReordering-flt.out-nat; \
	elif [ -f "/home/ed/mcsema-testing/llvm-test-suite/MultiSource/Benchmarks/TSVC/StatementReordering-flt/StatementReordering-flt.reference_output.little-endian" ]; then \
	  cp /home/ed/mcsema-testing/llvm-test-suite/MultiSource/Benchmarks/TSVC/StatementReordering-flt/StatementReordering-flt.reference_output.little-endian Output/StatementReordering-flt.out-nat; \
	elif [ -f "/home/ed/mcsema-testing/llvm-test-suite/MultiSource/Benchmarks/TSVC/StatementReordering-flt/StatementReordering-flt.reference_output" ]; then \
	  cp /home/ed/mcsema-testing/llvm-test-suite/MultiSource/Benchmarks/TSVC/StatementReordering-flt/StatementReordering-flt.reference_output Output/StatementReordering-flt.out-nat; \
	else \
	  printf "WARNING: %s: %s\n" "NO REFERENCE OUTPUT (using default)" "/home/ed/mcsema-testing/llvm-test-suite/MultiSource/Benchmarks/TSVC/StatementReordering-flt/StatementReordering-flt.reference_output" > Output/StatementReordering-flt.out-nat; \
	  cp /home/ed/mcsema-testing/llvm-test-suite/default.reference_output Output/StatementReordering-flt.out-nat; \
	  cat Output/StatementReordering-flt.out-nat; \
	fi
# Pretend that the reference output was produced instantaneously.
cp /home/ed/mcsema-testing/llvm-test-suite/instant.txt Output/StatementReordering-flt.out-nat.time
/home/ed/mcsema-testing/llvm-test-suite/DiffOutput.sh "/home/ed/mcsema-testing/SANDBOX/test-2015-12-21_15-36-50/tools/fpcmp " simple StatementReordering-flt 
rm -f Output/StatementReordering-flt.exe-simple
cp Output/StatementReordering-flt.diff-simple Output/StatementReordering-flt.exe-simple
if test -f Output/StatementReordering-flt.extra-results.txt; then \
	  /home/ed/mcsema-testing/llvm-test-suite/ParseMultipleResults /home/ed/mcsema-testing/SANDBOX/test-2015-12-21_15-36-50/MultiSource/Benchmarks/TSVC/StatementReordering-flt/StatementReordering-flt Output/StatementReordering-flt.extra-results.txt >> Output/StatementReordering-flt.simple.exec.report.txt; \
	fi
cat Output/StatementReordering-flt.simple.compile.report.txt Output/StatementReordering-flt.simple.exec.report.txt >> Output/StatementReordering-flt.simple.report.txt
---------------------------------------------------------------
>>> ========= '/home/ed/mcsema-testing/SANDBOX/test-2015-12-21_15-36-50/MultiSource/Benchmarks/TSVC/StatementReordering-flt/StatementReordering-flt' Program
---------------------------------------------------------------

TEST-PASS: compile /home/ed/mcsema-testing/SANDBOX/test-2015-12-21_15-36-50/MultiSource/Benchmarks/TSVC/StatementReordering-flt/StatementReordering-flt
TEST-RESULT-compile-success: pass
TEST-RESULT-compile-hash: 52fdd7b6112b66b0b6f900f2ae3d3a2b
TEST-RESULT-compile-time: user 0.681300
TEST-RESULT-compile-real-time: real 0.725600

TEST-PASS: exec /home/ed/mcsema-testing/SANDBOX/test-2015-12-21_15-36-50/MultiSource/Benchmarks/TSVC/StatementReordering-flt/StatementReordering-flt
TEST-RESULT-exec-success: pass
TEST-RESULT-exec-time: user       2.6682
TEST-RESULT-exec-real-time: real       2.6755
make[5]: Leaving directory `/home/ed/mcsema-testing/SANDBOX/test-2015-12-21_15-36-50/MultiSource/Benchmarks/TSVC/StatementReordering-flt'
make[5]: Entering directory `/home/ed/mcsema-testing/SANDBOX/test-2015-12-21_15-36-50/MultiSource/Benchmarks/TSVC/LoopRestructuring-flt'
/home/ed/mcsema-testing/llvm-test-suite/RunSafely.sh --show-errors -t "/home/ed/mcsema-testing/SANDBOX/test-2015-12-21_15-36-50/tools/timeit" 500 /dev/null Output/dummy.llvm.o.compile \
	  /usr/bin/clang -I/home/ed/mcsema-testing/SANDBOX/test-2015-12-21_15-36-50/MultiSource/Benchmarks/TSVC/LoopRestructuring-flt -I/home/ed/mcsema-testing/llvm-test-suite/MultiSource/Benchmarks/TSVC/LoopRestructuring-flt -I/home/ed/mcsema-testing/llvm-test-suite/include -I../../../../include -D_GNU_SOURCE -D__STDC_LIMIT_MACROS -DNDEBUG -std=gnu99 -O3  -m64 -fomit-frame-pointer -c /home/ed/mcsema-testing/llvm-test-suite/MultiSource/Benchmarks/TSVC/LoopRestructuring-flt/dummy.c -o Output/dummy.llvm.o
/home/ed/mcsema-testing/llvm-test-suite/RunSafely.sh --show-errors -t "/home/ed/mcsema-testing/SANDBOX/test-2015-12-21_15-36-50/tools/timeit" 500 /dev/null Output/tsc.llvm.o.compile \
	  /usr/bin/clang -I/home/ed/mcsema-testing/SANDBOX/test-2015-12-21_15-36-50/MultiSource/Benchmarks/TSVC/LoopRestructuring-flt -I/home/ed/mcsema-testing/llvm-test-suite/MultiSource/Benchmarks/TSVC/LoopRestructuring-flt -I/home/ed/mcsema-testing/llvm-test-suite/include -I../../../../include -D_GNU_SOURCE -D__STDC_LIMIT_MACROS -DNDEBUG -std=gnu99 -O3  -m64 -fomit-frame-pointer -c /home/ed/mcsema-testing/llvm-test-suite/MultiSource/Benchmarks/TSVC/LoopRestructuring-flt/tsc.c -o Output/tsc.llvm.o
/usr/bin/clang++ -o Output/LoopRestructuring-flt.simple Output/dummy.llvm.o Output/tsc.llvm.o -lm -std=gnu99  -m64 -fomit-frame-pointer
/home/ed/mcsema-testing/llvm-test-suite/RunSafely.sh -t "/home/ed/mcsema-testing/SANDBOX/test-2015-12-21_15-36-50/tools/timeit-target" 500 /dev/null Output/LoopRestructuring-flt.out-simple Output/LoopRestructuring-flt.simple 4350 5
cp Output/LoopRestructuring-flt.simple Output/LoopRestructuring-flt.simple-hash; \
	strip --remove-section=.comment --remove-section='.note*' Output/LoopRestructuring-flt.simple-hash; \
	/home/ed/mcsema-testing/llvm-test-suite/HashProgramOutput.sh Output/LoopRestructuring-flt.simple-hash
if [ -f "/home/ed/mcsema-testing/llvm-test-suite/MultiSource/Benchmarks/TSVC/LoopRestructuring-flt/LoopRestructuring-flt.reference_output.little-endian." ]; then \
	  cp /home/ed/mcsema-testing/llvm-test-suite/MultiSource/Benchmarks/TSVC/LoopRestructuring-flt/LoopRestructuring-flt.reference_output.little-endian. Output/LoopRestructuring-flt.out-nat; \
	elif [ -f "/home/ed/mcsema-testing/llvm-test-suite/MultiSource/Benchmarks/TSVC/LoopRestructuring-flt/LoopRestructuring-flt.reference_output." ]; then \
	  cp /home/ed/mcsema-testing/llvm-test-suite/MultiSource/Benchmarks/TSVC/LoopRestructuring-flt/LoopRestructuring-flt.reference_output. Output/LoopRestructuring-flt.out-nat; \
	elif [ -f "/home/ed/mcsema-testing/llvm-test-suite/MultiSource/Benchmarks/TSVC/LoopRestructuring-flt/LoopRestructuring-flt.reference_output.little-endian" ]; then \
	  cp /home/ed/mcsema-testing/llvm-test-suite/MultiSource/Benchmarks/TSVC/LoopRestructuring-flt/LoopRestructuring-flt.reference_output.little-endian Output/LoopRestructuring-flt.out-nat; \
	elif [ -f "/home/ed/mcsema-testing/llvm-test-suite/MultiSource/Benchmarks/TSVC/LoopRestructuring-flt/LoopRestructuring-flt.reference_output" ]; then \
	  cp /home/ed/mcsema-testing/llvm-test-suite/MultiSource/Benchmarks/TSVC/LoopRestructuring-flt/LoopRestructuring-flt.reference_output Output/LoopRestructuring-flt.out-nat; \
	else \
	  printf "WARNING: %s: %s\n" "NO REFERENCE OUTPUT (using default)" "/home/ed/mcsema-testing/llvm-test-suite/MultiSource/Benchmarks/TSVC/LoopRestructuring-flt/LoopRestructuring-flt.reference_output" > Output/LoopRestructuring-flt.out-nat; \
	  cp /home/ed/mcsema-testing/llvm-test-suite/default.reference_output Output/LoopRestructuring-flt.out-nat; \
	  cat Output/LoopRestructuring-flt.out-nat; \
	fi
# Pretend that the reference output was produced instantaneously.
cp /home/ed/mcsema-testing/llvm-test-suite/instant.txt Output/LoopRestructuring-flt.out-nat.time
/home/ed/mcsema-testing/llvm-test-suite/DiffOutput.sh "/home/ed/mcsema-testing/SANDBOX/test-2015-12-21_15-36-50/tools/fpcmp " simple LoopRestructuring-flt 
rm -f Output/LoopRestructuring-flt.exe-simple
cp Output/LoopRestructuring-flt.diff-simple Output/LoopRestructuring-flt.exe-simple
if test -f Output/LoopRestructuring-flt.extra-results.txt; then \
	  /home/ed/mcsema-testing/llvm-test-suite/ParseMultipleResults /home/ed/mcsema-testing/SANDBOX/test-2015-12-21_15-36-50/MultiSource/Benchmarks/TSVC/LoopRestructuring-flt/LoopRestructuring-flt Output/LoopRestructuring-flt.extra-results.txt >> Output/LoopRestructuring-flt.simple.exec.report.txt; \
	fi
cat Output/LoopRestructuring-flt.simple.compile.report.txt Output/LoopRestructuring-flt.simple.exec.report.txt >> Output/LoopRestructuring-flt.simple.report.txt
---------------------------------------------------------------
>>> ========= '/home/ed/mcsema-testing/SANDBOX/test-2015-12-21_15-36-50/MultiSource/Benchmarks/TSVC/LoopRestructuring-flt/LoopRestructuring-flt' Program
---------------------------------------------------------------

TEST-PASS: compile /home/ed/mcsema-testing/SANDBOX/test-2015-12-21_15-36-50/MultiSource/Benchmarks/TSVC/LoopRestructuring-flt/LoopRestructuring-flt
TEST-RESULT-compile-success: pass
TEST-RESULT-compile-hash: 5e7b771b3ddf8ba81431ede889a27498
TEST-RESULT-compile-time: user 0.721600
TEST-RESULT-compile-real-time: real 0.766000

TEST-PASS: exec /home/ed/mcsema-testing/SANDBOX/test-2015-12-21_15-36-50/MultiSource/Benchmarks/TSVC/LoopRestructuring-flt/LoopRestructuring-flt
TEST-RESULT-exec-success: pass
TEST-RESULT-exec-time: user       3.0699
TEST-RESULT-exec-real-time: real       3.0791
make[5]: Leaving directory `/home/ed/mcsema-testing/SANDBOX/test-2015-12-21_15-36-50/MultiSource/Benchmarks/TSVC/LoopRestructuring-flt'
make[5]: Entering directory `/home/ed/mcsema-testing/SANDBOX/test-2015-12-21_15-36-50/MultiSource/Benchmarks/TSVC/NodeSplitting-flt'
/home/ed/mcsema-testing/llvm-test-suite/RunSafely.sh --show-errors -t "/home/ed/mcsema-testing/SANDBOX/test-2015-12-21_15-36-50/tools/timeit" 500 /dev/null Output/dummy.llvm.o.compile \
	  /usr/bin/clang -I/home/ed/mcsema-testing/SANDBOX/test-2015-12-21_15-36-50/MultiSource/Benchmarks/TSVC/NodeSplitting-flt -I/home/ed/mcsema-testing/llvm-test-suite/MultiSource/Benchmarks/TSVC/NodeSplitting-flt -I/home/ed/mcsema-testing/llvm-test-suite/include -I../../../../include -D_GNU_SOURCE -D__STDC_LIMIT_MACROS -DNDEBUG -std=gnu99 -O3  -m64 -fomit-frame-pointer -c /home/ed/mcsema-testing/llvm-test-suite/MultiSource/Benchmarks/TSVC/NodeSplitting-flt/dummy.c -o Output/dummy.llvm.o
/home/ed/mcsema-testing/llvm-test-suite/RunSafely.sh --show-errors -t "/home/ed/mcsema-testing/SANDBOX/test-2015-12-21_15-36-50/tools/timeit" 500 /dev/null Output/tsc.llvm.o.compile \
	  /usr/bin/clang -I/home/ed/mcsema-testing/SANDBOX/test-2015-12-21_15-36-50/MultiSource/Benchmarks/TSVC/NodeSplitting-flt -I/home/ed/mcsema-testing/llvm-test-suite/MultiSource/Benchmarks/TSVC/NodeSplitting-flt -I/home/ed/mcsema-testing/llvm-test-suite/include -I../../../../include -D_GNU_SOURCE -D__STDC_LIMIT_MACROS -DNDEBUG -std=gnu99 -O3  -m64 -fomit-frame-pointer -c /home/ed/mcsema-testing/llvm-test-suite/MultiSource/Benchmarks/TSVC/NodeSplitting-flt/tsc.c -o Output/tsc.llvm.o
/usr/bin/clang++ -o Output/NodeSplitting-flt.simple Output/dummy.llvm.o Output/tsc.llvm.o -lm -std=gnu99  -m64 -fomit-frame-pointer
/home/ed/mcsema-testing/llvm-test-suite/RunSafely.sh -t "/home/ed/mcsema-testing/SANDBOX/test-2015-12-21_15-36-50/tools/timeit-target" 500 /dev/null Output/NodeSplitting-flt.out-simple Output/NodeSplitting-flt.simple 10000 5
cp Output/NodeSplitting-flt.simple Output/NodeSplitting-flt.simple-hash; \
	strip --remove-section=.comment --remove-section='.note*' Output/NodeSplitting-flt.simple-hash; \
	/home/ed/mcsema-testing/llvm-test-suite/HashProgramOutput.sh Output/NodeSplitting-flt.simple-hash
if [ -f "/home/ed/mcsema-testing/llvm-test-suite/MultiSource/Benchmarks/TSVC/NodeSplitting-flt/NodeSplitting-flt.reference_output.little-endian." ]; then \
	  cp /home/ed/mcsema-testing/llvm-test-suite/MultiSource/Benchmarks/TSVC/NodeSplitting-flt/NodeSplitting-flt.reference_output.little-endian. Output/NodeSplitting-flt.out-nat; \
	elif [ -f "/home/ed/mcsema-testing/llvm-test-suite/MultiSource/Benchmarks/TSVC/NodeSplitting-flt/NodeSplitting-flt.reference_output." ]; then \
	  cp /home/ed/mcsema-testing/llvm-test-suite/MultiSource/Benchmarks/TSVC/NodeSplitting-flt/NodeSplitting-flt.reference_output. Output/NodeSplitting-flt.out-nat; \
	elif [ -f "/home/ed/mcsema-testing/llvm-test-suite/MultiSource/Benchmarks/TSVC/NodeSplitting-flt/NodeSplitting-flt.reference_output.little-endian" ]; then \
	  cp /home/ed/mcsema-testing/llvm-test-suite/MultiSource/Benchmarks/TSVC/NodeSplitting-flt/NodeSplitting-flt.reference_output.little-endian Output/NodeSplitting-flt.out-nat; \
	elif [ -f "/home/ed/mcsema-testing/llvm-test-suite/MultiSource/Benchmarks/TSVC/NodeSplitting-flt/NodeSplitting-flt.reference_output" ]; then \
	  cp /home/ed/mcsema-testing/llvm-test-suite/MultiSource/Benchmarks/TSVC/NodeSplitting-flt/NodeSplitting-flt.reference_output Output/NodeSplitting-flt.out-nat; \
	else \
	  printf "WARNING: %s: %s\n" "NO REFERENCE OUTPUT (using default)" "/home/ed/mcsema-testing/llvm-test-suite/MultiSource/Benchmarks/TSVC/NodeSplitting-flt/NodeSplitting-flt.reference_output" > Output/NodeSplitting-flt.out-nat; \
	  cp /home/ed/mcsema-testing/llvm-test-suite/default.reference_output Output/NodeSplitting-flt.out-nat; \
	  cat Output/NodeSplitting-flt.out-nat; \
	fi
# Pretend that the reference output was produced instantaneously.
cp /home/ed/mcsema-testing/llvm-test-suite/instant.txt Output/NodeSplitting-flt.out-nat.time
/home/ed/mcsema-testing/llvm-test-suite/DiffOutput.sh "/home/ed/mcsema-testing/SANDBOX/test-2015-12-21_15-36-50/tools/fpcmp " simple NodeSplitting-flt 
rm -f Output/NodeSplitting-flt.exe-simple
cp Output/NodeSplitting-flt.diff-simple Output/NodeSplitting-flt.exe-simple
if test -f Output/NodeSplitting-flt.extra-results.txt; then \
	  /home/ed/mcsema-testing/llvm-test-suite/ParseMultipleResults /home/ed/mcsema-testing/SANDBOX/test-2015-12-21_15-36-50/MultiSource/Benchmarks/TSVC/NodeSplitting-flt/NodeSplitting-flt Output/NodeSplitting-flt.extra-results.txt >> Output/NodeSplitting-flt.simple.exec.report.txt; \
	fi
cat Output/NodeSplitting-flt.simple.compile.report.txt Output/NodeSplitting-flt.simple.exec.report.txt >> Output/NodeSplitting-flt.simple.report.txt
---------------------------------------------------------------
>>> ========= '/home/ed/mcsema-testing/SANDBOX/test-2015-12-21_15-36-50/MultiSource/Benchmarks/TSVC/NodeSplitting-flt/NodeSplitting-flt' Program
---------------------------------------------------------------

TEST-PASS: compile /home/ed/mcsema-testing/SANDBOX/test-2015-12-21_15-36-50/MultiSource/Benchmarks/TSVC/NodeSplitting-flt/NodeSplitting-flt
TEST-RESULT-compile-success: pass
TEST-RESULT-compile-hash: 08e1cd75c215c8e27c39ae09649c7572
TEST-RESULT-compile-time: user 0.702800
TEST-RESULT-compile-real-time: real 0.748200

TEST-PASS: exec /home/ed/mcsema-testing/SANDBOX/test-2015-12-21_15-36-50/MultiSource/Benchmarks/TSVC/NodeSplitting-flt/NodeSplitting-flt
TEST-RESULT-exec-success: pass
TEST-RESULT-exec-time: user       2.8272
TEST-RESULT-exec-real-time: real       2.8364
make[5]: Leaving directory `/home/ed/mcsema-testing/SANDBOX/test-2015-12-21_15-36-50/MultiSource/Benchmarks/TSVC/NodeSplitting-flt'
make[5]: Entering directory `/home/ed/mcsema-testing/SANDBOX/test-2015-12-21_15-36-50/MultiSource/Benchmarks/TSVC/Expansion-flt'
/home/ed/mcsema-testing/llvm-test-suite/RunSafely.sh --show-errors -t "/home/ed/mcsema-testing/SANDBOX/test-2015-12-21_15-36-50/tools/timeit" 500 /dev/null Output/dummy.llvm.o.compile \
	  /usr/bin/clang -I/home/ed/mcsema-testing/SANDBOX/test-2015-12-21_15-36-50/MultiSource/Benchmarks/TSVC/Expansion-flt -I/home/ed/mcsema-testing/llvm-test-suite/MultiSource/Benchmarks/TSVC/Expansion-flt -I/home/ed/mcsema-testing/llvm-test-suite/include -I../../../../include -D_GNU_SOURCE -D__STDC_LIMIT_MACROS -DNDEBUG -std=gnu99 -O3  -m64 -fomit-frame-pointer -c /home/ed/mcsema-testing/llvm-test-suite/MultiSource/Benchmarks/TSVC/Expansion-flt/dummy.c -o Output/dummy.llvm.o
/home/ed/mcsema-testing/llvm-test-suite/RunSafely.sh --show-errors -t "/home/ed/mcsema-testing/SANDBOX/test-2015-12-21_15-36-50/tools/timeit" 500 /dev/null Output/tsc.llvm.o.compile \
	  /usr/bin/clang -I/home/ed/mcsema-testing/SANDBOX/test-2015-12-21_15-36-50/MultiSource/Benchmarks/TSVC/Expansion-flt -I/home/ed/mcsema-testing/llvm-test-suite/MultiSource/Benchmarks/TSVC/Expansion-flt -I/home/ed/mcsema-testing/llvm-test-suite/include -I../../../../include -D_GNU_SOURCE -D__STDC_LIMIT_MACROS -DNDEBUG -std=gnu99 -O3  -m64 -fomit-frame-pointer -c /home/ed/mcsema-testing/llvm-test-suite/MultiSource/Benchmarks/TSVC/Expansion-flt/tsc.c -o Output/tsc.llvm.o
/usr/bin/clang++ -o Output/Expansion-flt.simple Output/dummy.llvm.o Output/tsc.llvm.o -lm -std=gnu99  -m64 -fomit-frame-pointer
/home/ed/mcsema-testing/llvm-test-suite/RunSafely.sh -t "/home/ed/mcsema-testing/SANDBOX/test-2015-12-21_15-36-50/tools/timeit-target" 500 /dev/null Output/Expansion-flt.out-simple Output/Expansion-flt.simple 4160 5
cp Output/Expansion-flt.simple Output/Expansion-flt.simple-hash; \
	strip --remove-section=.comment --remove-section='.note*' Output/Expansion-flt.simple-hash; \
	/home/ed/mcsema-testing/llvm-test-suite/HashProgramOutput.sh Output/Expansion-flt.simple-hash
if [ -f "/home/ed/mcsema-testing/llvm-test-suite/MultiSource/Benchmarks/TSVC/Expansion-flt/Expansion-flt.reference_output.little-endian." ]; then \
	  cp /home/ed/mcsema-testing/llvm-test-suite/MultiSource/Benchmarks/TSVC/Expansion-flt/Expansion-flt.reference_output.little-endian. Output/Expansion-flt.out-nat; \
	elif [ -f "/home/ed/mcsema-testing/llvm-test-suite/MultiSource/Benchmarks/TSVC/Expansion-flt/Expansion-flt.reference_output." ]; then \
	  cp /home/ed/mcsema-testing/llvm-test-suite/MultiSource/Benchmarks/TSVC/Expansion-flt/Expansion-flt.reference_output. Output/Expansion-flt.out-nat; \
	elif [ -f "/home/ed/mcsema-testing/llvm-test-suite/MultiSource/Benchmarks/TSVC/Expansion-flt/Expansion-flt.reference_output.little-endian" ]; then \
	  cp /home/ed/mcsema-testing/llvm-test-suite/MultiSource/Benchmarks/TSVC/Expansion-flt/Expansion-flt.reference_output.little-endian Output/Expansion-flt.out-nat; \
	elif [ -f "/home/ed/mcsema-testing/llvm-test-suite/MultiSource/Benchmarks/TSVC/Expansion-flt/Expansion-flt.reference_output" ]; then \
	  cp /home/ed/mcsema-testing/llvm-test-suite/MultiSource/Benchmarks/TSVC/Expansion-flt/Expansion-flt.reference_output Output/Expansion-flt.out-nat; \
	else \
	  printf "WARNING: %s: %s\n" "NO REFERENCE OUTPUT (using default)" "/home/ed/mcsema-testing/llvm-test-suite/MultiSource/Benchmarks/TSVC/Expansion-flt/Expansion-flt.reference_output" > Output/Expansion-flt.out-nat; \
	  cp /home/ed/mcsema-testing/llvm-test-suite/default.reference_output Output/Expansion-flt.out-nat; \
	  cat Output/Expansion-flt.out-nat; \
	fi
# Pretend that the reference output was produced instantaneously.
cp /home/ed/mcsema-testing/llvm-test-suite/instant.txt Output/Expansion-flt.out-nat.time
/home/ed/mcsema-testing/llvm-test-suite/DiffOutput.sh "/home/ed/mcsema-testing/SANDBOX/test-2015-12-21_15-36-50/tools/fpcmp " simple Expansion-flt 
rm -f Output/Expansion-flt.exe-simple
cp Output/Expansion-flt.diff-simple Output/Expansion-flt.exe-simple
if test -f Output/Expansion-flt.extra-results.txt; then \
	  /home/ed/mcsema-testing/llvm-test-suite/ParseMultipleResults /home/ed/mcsema-testing/SANDBOX/test-2015-12-21_15-36-50/MultiSource/Benchmarks/TSVC/Expansion-flt/Expansion-flt Output/Expansion-flt.extra-results.txt >> Output/Expansion-flt.simple.exec.report.txt; \
	fi
cat Output/Expansion-flt.simple.compile.report.txt Output/Expansion-flt.simple.exec.report.txt >> Output/Expansion-flt.simple.report.txt
---------------------------------------------------------------
>>> ========= '/home/ed/mcsema-testing/SANDBOX/test-2015-12-21_15-36-50/MultiSource/Benchmarks/TSVC/Expansion-flt/Expansion-flt' Program
---------------------------------------------------------------

TEST-PASS: compile /home/ed/mcsema-testing/SANDBOX/test-2015-12-21_15-36-50/MultiSource/Benchmarks/TSVC/Expansion-flt/Expansion-flt
TEST-RESULT-compile-success: pass
TEST-RESULT-compile-hash: b34292b21532b4c6c2a59e45d6235656
TEST-RESULT-compile-time: user 0.750900
TEST-RESULT-compile-real-time: real 0.798900

TEST-PASS: exec /home/ed/mcsema-testing/SANDBOX/test-2015-12-21_15-36-50/MultiSource/Benchmarks/TSVC/Expansion-flt/Expansion-flt
TEST-RESULT-exec-success: pass
TEST-RESULT-exec-time: user       2.4989
TEST-RESULT-exec-real-time: real       2.5064
make[5]: Leaving directory `/home/ed/mcsema-testing/SANDBOX/test-2015-12-21_15-36-50/MultiSource/Benchmarks/TSVC/Expansion-flt'
make[5]: Entering directory `/home/ed/mcsema-testing/SANDBOX/test-2015-12-21_15-36-50/MultiSource/Benchmarks/TSVC/CrossingThresholds-flt'
/home/ed/mcsema-testing/llvm-test-suite/RunSafely.sh --show-errors -t "/home/ed/mcsema-testing/SANDBOX/test-2015-12-21_15-36-50/tools/timeit" 500 /dev/null Output/dummy.llvm.o.compile \
	  /usr/bin/clang -I/home/ed/mcsema-testing/SANDBOX/test-2015-12-21_15-36-50/MultiSource/Benchmarks/TSVC/CrossingThresholds-flt -I/home/ed/mcsema-testing/llvm-test-suite/MultiSource/Benchmarks/TSVC/CrossingThresholds-flt -I/home/ed/mcsema-testing/llvm-test-suite/include -I../../../../include -D_GNU_SOURCE -D__STDC_LIMIT_MACROS -DNDEBUG -std=gnu99 -O3  -m64 -fomit-frame-pointer -c /home/ed/mcsema-testing/llvm-test-suite/MultiSource/Benchmarks/TSVC/CrossingThresholds-flt/dummy.c -o Output/dummy.llvm.o
/home/ed/mcsema-testing/llvm-test-suite/RunSafely.sh --show-errors -t "/home/ed/mcsema-testing/SANDBOX/test-2015-12-21_15-36-50/tools/timeit" 500 /dev/null Output/tsc.llvm.o.compile \
	  /usr/bin/clang -I/home/ed/mcsema-testing/SANDBOX/test-2015-12-21_15-36-50/MultiSource/Benchmarks/TSVC/CrossingThresholds-flt -I/home/ed/mcsema-testing/llvm-test-suite/MultiSource/Benchmarks/TSVC/CrossingThresholds-flt -I/home/ed/mcsema-testing/llvm-test-suite/include -I../../../../include -D_GNU_SOURCE -D__STDC_LIMIT_MACROS -DNDEBUG -std=gnu99 -O3  -m64 -fomit-frame-pointer -c /home/ed/mcsema-testing/llvm-test-suite/MultiSource/Benchmarks/TSVC/CrossingThresholds-flt/tsc.c -o Output/tsc.llvm.o
/usr/bin/clang++ -o Output/CrossingThresholds-flt.simple Output/dummy.llvm.o Output/tsc.llvm.o -lm -std=gnu99  -m64 -fomit-frame-pointer
/home/ed/mcsema-testing/llvm-test-suite/RunSafely.sh -t "/home/ed/mcsema-testing/SANDBOX/test-2015-12-21_15-36-50/tools/timeit-target" 500 /dev/null Output/CrossingThresholds-flt.out-simple Output/CrossingThresholds-flt.simple 5880 5
cp Output/CrossingThresholds-flt.simple Output/CrossingThresholds-flt.simple-hash; \
	strip --remove-section=.comment --remove-section='.note*' Output/CrossingThresholds-flt.simple-hash; \
	/home/ed/mcsema-testing/llvm-test-suite/HashProgramOutput.sh Output/CrossingThresholds-flt.simple-hash
if [ -f "/home/ed/mcsema-testing/llvm-test-suite/MultiSource/Benchmarks/TSVC/CrossingThresholds-flt/CrossingThresholds-flt.reference_output.little-endian." ]; then \
	  cp /home/ed/mcsema-testing/llvm-test-suite/MultiSource/Benchmarks/TSVC/CrossingThresholds-flt/CrossingThresholds-flt.reference_output.little-endian. Output/CrossingThresholds-flt.out-nat; \
	elif [ -f "/home/ed/mcsema-testing/llvm-test-suite/MultiSource/Benchmarks/TSVC/CrossingThresholds-flt/CrossingThresholds-flt.reference_output." ]; then \
	  cp /home/ed/mcsema-testing/llvm-test-suite/MultiSource/Benchmarks/TSVC/CrossingThresholds-flt/CrossingThresholds-flt.reference_output. Output/CrossingThresholds-flt.out-nat; \
	elif [ -f "/home/ed/mcsema-testing/llvm-test-suite/MultiSource/Benchmarks/TSVC/CrossingThresholds-flt/CrossingThresholds-flt.reference_output.little-endian" ]; then \
	  cp /home/ed/mcsema-testing/llvm-test-suite/MultiSource/Benchmarks/TSVC/CrossingThresholds-flt/CrossingThresholds-flt.reference_output.little-endian Output/CrossingThresholds-flt.out-nat; \
	elif [ -f "/home/ed/mcsema-testing/llvm-test-suite/MultiSource/Benchmarks/TSVC/CrossingThresholds-flt/CrossingThresholds-flt.reference_output" ]; then \
	  cp /home/ed/mcsema-testing/llvm-test-suite/MultiSource/Benchmarks/TSVC/CrossingThresholds-flt/CrossingThresholds-flt.reference_output Output/CrossingThresholds-flt.out-nat; \
	else \
	  printf "WARNING: %s: %s\n" "NO REFERENCE OUTPUT (using default)" "/home/ed/mcsema-testing/llvm-test-suite/MultiSource/Benchmarks/TSVC/CrossingThresholds-flt/CrossingThresholds-flt.reference_output" > Output/CrossingThresholds-flt.out-nat; \
	  cp /home/ed/mcsema-testing/llvm-test-suite/default.reference_output Output/CrossingThresholds-flt.out-nat; \
	  cat Output/CrossingThresholds-flt.out-nat; \
	fi
# Pretend that the reference output was produced instantaneously.
cp /home/ed/mcsema-testing/llvm-test-suite/instant.txt Output/CrossingThresholds-flt.out-nat.time
/home/ed/mcsema-testing/llvm-test-suite/DiffOutput.sh "/home/ed/mcsema-testing/SANDBOX/test-2015-12-21_15-36-50/tools/fpcmp " simple CrossingThresholds-flt 
rm -f Output/CrossingThresholds-flt.exe-simple
cp Output/CrossingThresholds-flt.diff-simple Output/CrossingThresholds-flt.exe-simple
if test -f Output/CrossingThresholds-flt.extra-results.txt; then \
	  /home/ed/mcsema-testing/llvm-test-suite/ParseMultipleResults /home/ed/mcsema-testing/SANDBOX/test-2015-12-21_15-36-50/MultiSource/Benchmarks/TSVC/CrossingThresholds-flt/CrossingThresholds-flt Output/CrossingThresholds-flt.extra-results.txt >> Output/CrossingThresholds-flt.simple.exec.report.txt; \
	fi
cat Output/CrossingThresholds-flt.simple.compile.report.txt Output/CrossingThresholds-flt.simple.exec.report.txt >> Output/CrossingThresholds-flt.simple.report.txt
---------------------------------------------------------------
>>> ========= '/home/ed/mcsema-testing/SANDBOX/test-2015-12-21_15-36-50/MultiSource/Benchmarks/TSVC/CrossingThresholds-flt/CrossingThresholds-flt' Program
---------------------------------------------------------------

TEST-PASS: compile /home/ed/mcsema-testing/SANDBOX/test-2015-12-21_15-36-50/MultiSource/Benchmarks/TSVC/CrossingThresholds-flt/CrossingThresholds-flt
TEST-RESULT-compile-success: pass
TEST-RESULT-compile-hash: 53a9a0a7abe9a0ed8fa1aa43983adbf3
TEST-RESULT-compile-time: user 0.708000
TEST-RESULT-compile-real-time: real 0.753900

TEST-PASS: exec /home/ed/mcsema-testing/SANDBOX/test-2015-12-21_15-36-50/MultiSource/Benchmarks/TSVC/CrossingThresholds-flt/CrossingThresholds-flt
TEST-RESULT-exec-success: pass
TEST-RESULT-exec-time: user       2.6234
TEST-RESULT-exec-real-time: real       2.6304
make[5]: Leaving directory `/home/ed/mcsema-testing/SANDBOX/test-2015-12-21_15-36-50/MultiSource/Benchmarks/TSVC/CrossingThresholds-flt'
make[5]: Entering directory `/home/ed/mcsema-testing/SANDBOX/test-2015-12-21_15-36-50/MultiSource/Benchmarks/TSVC/Reductions-flt'
/home/ed/mcsema-testing/llvm-test-suite/RunSafely.sh --show-errors -t "/home/ed/mcsema-testing/SANDBOX/test-2015-12-21_15-36-50/tools/timeit" 500 /dev/null Output/dummy.llvm.o.compile \
	  /usr/bin/clang -I/home/ed/mcsema-testing/SANDBOX/test-2015-12-21_15-36-50/MultiSource/Benchmarks/TSVC/Reductions-flt -I/home/ed/mcsema-testing/llvm-test-suite/MultiSource/Benchmarks/TSVC/Reductions-flt -I/home/ed/mcsema-testing/llvm-test-suite/include -I../../../../include -D_GNU_SOURCE -D__STDC_LIMIT_MACROS -DNDEBUG -std=gnu99 -O3  -m64 -fomit-frame-pointer -c /home/ed/mcsema-testing/llvm-test-suite/MultiSource/Benchmarks/TSVC/Reductions-flt/dummy.c -o Output/dummy.llvm.o
/home/ed/mcsema-testing/llvm-test-suite/RunSafely.sh --show-errors -t "/home/ed/mcsema-testing/SANDBOX/test-2015-12-21_15-36-50/tools/timeit" 500 /dev/null Output/tsc.llvm.o.compile \
	  /usr/bin/clang -I/home/ed/mcsema-testing/SANDBOX/test-2015-12-21_15-36-50/MultiSource/Benchmarks/TSVC/Reductions-flt -I/home/ed/mcsema-testing/llvm-test-suite/MultiSource/Benchmarks/TSVC/Reductions-flt -I/home/ed/mcsema-testing/llvm-test-suite/include -I../../../../include -D_GNU_SOURCE -D__STDC_LIMIT_MACROS -DNDEBUG -std=gnu99 -O3  -m64 -fomit-frame-pointer -c /home/ed/mcsema-testing/llvm-test-suite/MultiSource/Benchmarks/TSVC/Reductions-flt/tsc.c -o Output/tsc.llvm.o
/usr/bin/clang++ -o Output/Reductions-flt.simple Output/dummy.llvm.o Output/tsc.llvm.o -lm -std=gnu99  -m64 -fomit-frame-pointer
/home/ed/mcsema-testing/llvm-test-suite/RunSafely.sh -t "/home/ed/mcsema-testing/SANDBOX/test-2015-12-21_15-36-50/tools/timeit-target" 500 /dev/null Output/Reductions-flt.out-simple Output/Reductions-flt.simple 1670 5
cp Output/Reductions-flt.simple Output/Reductions-flt.simple-hash; \
	strip --remove-section=.comment --remove-section='.note*' Output/Reductions-flt.simple-hash; \
	/home/ed/mcsema-testing/llvm-test-suite/HashProgramOutput.sh Output/Reductions-flt.simple-hash
if [ -f "/home/ed/mcsema-testing/llvm-test-suite/MultiSource/Benchmarks/TSVC/Reductions-flt/Reductions-flt.reference_output.little-endian." ]; then \
	  cp /home/ed/mcsema-testing/llvm-test-suite/MultiSource/Benchmarks/TSVC/Reductions-flt/Reductions-flt.reference_output.little-endian. Output/Reductions-flt.out-nat; \
	elif [ -f "/home/ed/mcsema-testing/llvm-test-suite/MultiSource/Benchmarks/TSVC/Reductions-flt/Reductions-flt.reference_output." ]; then \
	  cp /home/ed/mcsema-testing/llvm-test-suite/MultiSource/Benchmarks/TSVC/Reductions-flt/Reductions-flt.reference_output. Output/Reductions-flt.out-nat; \
	elif [ -f "/home/ed/mcsema-testing/llvm-test-suite/MultiSource/Benchmarks/TSVC/Reductions-flt/Reductions-flt.reference_output.little-endian" ]; then \
	  cp /home/ed/mcsema-testing/llvm-test-suite/MultiSource/Benchmarks/TSVC/Reductions-flt/Reductions-flt.reference_output.little-endian Output/Reductions-flt.out-nat; \
	elif [ -f "/home/ed/mcsema-testing/llvm-test-suite/MultiSource/Benchmarks/TSVC/Reductions-flt/Reductions-flt.reference_output" ]; then \
	  cp /home/ed/mcsema-testing/llvm-test-suite/MultiSource/Benchmarks/TSVC/Reductions-flt/Reductions-flt.reference_output Output/Reductions-flt.out-nat; \
	else \
	  printf "WARNING: %s: %s\n" "NO REFERENCE OUTPUT (using default)" "/home/ed/mcsema-testing/llvm-test-suite/MultiSource/Benchmarks/TSVC/Reductions-flt/Reductions-flt.reference_output" > Output/Reductions-flt.out-nat; \
	  cp /home/ed/mcsema-testing/llvm-test-suite/default.reference_output Output/Reductions-flt.out-nat; \
	  cat Output/Reductions-flt.out-nat; \
	fi
# Pretend that the reference output was produced instantaneously.
cp /home/ed/mcsema-testing/llvm-test-suite/instant.txt Output/Reductions-flt.out-nat.time
/home/ed/mcsema-testing/llvm-test-suite/DiffOutput.sh "/home/ed/mcsema-testing/SANDBOX/test-2015-12-21_15-36-50/tools/fpcmp " simple Reductions-flt 
rm -f Output/Reductions-flt.exe-simple
cp Output/Reductions-flt.diff-simple Output/Reductions-flt.exe-simple
if test -f Output/Reductions-flt.extra-results.txt; then \
	  /home/ed/mcsema-testing/llvm-test-suite/ParseMultipleResults /home/ed/mcsema-testing/SANDBOX/test-2015-12-21_15-36-50/MultiSource/Benchmarks/TSVC/Reductions-flt/Reductions-flt Output/Reductions-flt.extra-results.txt >> Output/Reductions-flt.simple.exec.report.txt; \
	fi
cat Output/Reductions-flt.simple.compile.report.txt Output/Reductions-flt.simple.exec.report.txt >> Output/Reductions-flt.simple.report.txt
---------------------------------------------------------------
>>> ========= '/home/ed/mcsema-testing/SANDBOX/test-2015-12-21_15-36-50/MultiSource/Benchmarks/TSVC/Reductions-flt/Reductions-flt' Program
---------------------------------------------------------------

TEST-PASS: compile /home/ed/mcsema-testing/SANDBOX/test-2015-12-21_15-36-50/MultiSource/Benchmarks/TSVC/Reductions-flt/Reductions-flt
TEST-RESULT-compile-success: pass
TEST-RESULT-compile-hash: ce97262f7199c83ad66757775446ffe9
TEST-RESULT-compile-time: user 0.746400
TEST-RESULT-compile-real-time: real 0.791900

TEST-PASS: exec /home/ed/mcsema-testing/SANDBOX/test-2015-12-21_15-36-50/MultiSource/Benchmarks/TSVC/Reductions-flt/Reductions-flt
TEST-RESULT-exec-success: pass
TEST-RESULT-exec-time: user       5.9079
TEST-RESULT-exec-real-time: real       5.9178
make[5]: Leaving directory `/home/ed/mcsema-testing/SANDBOX/test-2015-12-21_15-36-50/MultiSource/Benchmarks/TSVC/Reductions-flt'
make[5]: Entering directory `/home/ed/mcsema-testing/SANDBOX/test-2015-12-21_15-36-50/MultiSource/Benchmarks/TSVC/Recurrences-flt'
/home/ed/mcsema-testing/llvm-test-suite/RunSafely.sh --show-errors -t "/home/ed/mcsema-testing/SANDBOX/test-2015-12-21_15-36-50/tools/timeit" 500 /dev/null Output/dummy.llvm.o.compile \
	  /usr/bin/clang -I/home/ed/mcsema-testing/SANDBOX/test-2015-12-21_15-36-50/MultiSource/Benchmarks/TSVC/Recurrences-flt -I/home/ed/mcsema-testing/llvm-test-suite/MultiSource/Benchmarks/TSVC/Recurrences-flt -I/home/ed/mcsema-testing/llvm-test-suite/include -I../../../../include -D_GNU_SOURCE -D__STDC_LIMIT_MACROS -DNDEBUG -std=gnu99 -O3  -m64 -fomit-frame-pointer -c /home/ed/mcsema-testing/llvm-test-suite/MultiSource/Benchmarks/TSVC/Recurrences-flt/dummy.c -o Output/dummy.llvm.o
/home/ed/mcsema-testing/llvm-test-suite/RunSafely.sh --show-errors -t "/home/ed/mcsema-testing/SANDBOX/test-2015-12-21_15-36-50/tools/timeit" 500 /dev/null Output/tsc.llvm.o.compile \
	  /usr/bin/clang -I/home/ed/mcsema-testing/SANDBOX/test-2015-12-21_15-36-50/MultiSource/Benchmarks/TSVC/Recurrences-flt -I/home/ed/mcsema-testing/llvm-test-suite/MultiSource/Benchmarks/TSVC/Recurrences-flt -I/home/ed/mcsema-testing/llvm-test-suite/include -I../../../../include -D_GNU_SOURCE -D__STDC_LIMIT_MACROS -DNDEBUG -std=gnu99 -O3  -m64 -fomit-frame-pointer -c /home/ed/mcsema-testing/llvm-test-suite/MultiSource/Benchmarks/TSVC/Recurrences-flt/tsc.c -o Output/tsc.llvm.o
/usr/bin/clang++ -o Output/Recurrences-flt.simple Output/dummy.llvm.o Output/tsc.llvm.o -lm -std=gnu99  -m64 -fomit-frame-pointer
/home/ed/mcsema-testing/llvm-test-suite/RunSafely.sh -t "/home/ed/mcsema-testing/SANDBOX/test-2015-12-21_15-36-50/tools/timeit-target" 500 /dev/null Output/Recurrences-flt.out-simple Output/Recurrences-flt.simple 20000 5
cp Output/Recurrences-flt.simple Output/Recurrences-flt.simple-hash; \
	strip --remove-section=.comment --remove-section='.note*' Output/Recurrences-flt.simple-hash; \
	/home/ed/mcsema-testing/llvm-test-suite/HashProgramOutput.sh Output/Recurrences-flt.simple-hash
if [ -f "/home/ed/mcsema-testing/llvm-test-suite/MultiSource/Benchmarks/TSVC/Recurrences-flt/Recurrences-flt.reference_output.little-endian." ]; then \
	  cp /home/ed/mcsema-testing/llvm-test-suite/MultiSource/Benchmarks/TSVC/Recurrences-flt/Recurrences-flt.reference_output.little-endian. Output/Recurrences-flt.out-nat; \
	elif [ -f "/home/ed/mcsema-testing/llvm-test-suite/MultiSource/Benchmarks/TSVC/Recurrences-flt/Recurrences-flt.reference_output." ]; then \
	  cp /home/ed/mcsema-testing/llvm-test-suite/MultiSource/Benchmarks/TSVC/Recurrences-flt/Recurrences-flt.reference_output. Output/Recurrences-flt.out-nat; \
	elif [ -f "/home/ed/mcsema-testing/llvm-test-suite/MultiSource/Benchmarks/TSVC/Recurrences-flt/Recurrences-flt.reference_output.little-endian" ]; then \
	  cp /home/ed/mcsema-testing/llvm-test-suite/MultiSource/Benchmarks/TSVC/Recurrences-flt/Recurrences-flt.reference_output.little-endian Output/Recurrences-flt.out-nat; \
	elif [ -f "/home/ed/mcsema-testing/llvm-test-suite/MultiSource/Benchmarks/TSVC/Recurrences-flt/Recurrences-flt.reference_output" ]; then \
	  cp /home/ed/mcsema-testing/llvm-test-suite/MultiSource/Benchmarks/TSVC/Recurrences-flt/Recurrences-flt.reference_output Output/Recurrences-flt.out-nat; \
	else \
	  printf "WARNING: %s: %s\n" "NO REFERENCE OUTPUT (using default)" "/home/ed/mcsema-testing/llvm-test-suite/MultiSource/Benchmarks/TSVC/Recurrences-flt/Recurrences-flt.reference_output" > Output/Recurrences-flt.out-nat; \
	  cp /home/ed/mcsema-testing/llvm-test-suite/default.reference_output Output/Recurrences-flt.out-nat; \
	  cat Output/Recurrences-flt.out-nat; \
	fi
# Pretend that the reference output was produced instantaneously.
cp /home/ed/mcsema-testing/llvm-test-suite/instant.txt Output/Recurrences-flt.out-nat.time
/home/ed/mcsema-testing/llvm-test-suite/DiffOutput.sh "/home/ed/mcsema-testing/SANDBOX/test-2015-12-21_15-36-50/tools/fpcmp " simple Recurrences-flt 
rm -f Output/Recurrences-flt.exe-simple
cp Output/Recurrences-flt.diff-simple Output/Recurrences-flt.exe-simple
if test -f Output/Recurrences-flt.extra-results.txt; then \
	  /home/ed/mcsema-testing/llvm-test-suite/ParseMultipleResults /home/ed/mcsema-testing/SANDBOX/test-2015-12-21_15-36-50/MultiSource/Benchmarks/TSVC/Recurrences-flt/Recurrences-flt Output/Recurrences-flt.extra-results.txt >> Output/Recurrences-flt.simple.exec.report.txt; \
	fi
cat Output/Recurrences-flt.simple.compile.report.txt Output/Recurrences-flt.simple.exec.report.txt >> Output/Recurrences-flt.simple.report.txt
---------------------------------------------------------------
>>> ========= '/home/ed/mcsema-testing/SANDBOX/test-2015-12-21_15-36-50/MultiSource/Benchmarks/TSVC/Recurrences-flt/Recurrences-flt' Program
---------------------------------------------------------------

TEST-PASS: compile /home/ed/mcsema-testing/SANDBOX/test-2015-12-21_15-36-50/MultiSource/Benchmarks/TSVC/Recurrences-flt/Recurrences-flt
TEST-RESULT-compile-success: pass
TEST-RESULT-compile-hash: 25c8e30f566d4c2d0bdc6d4e56d1555f
TEST-RESULT-compile-time: user 0.682500
TEST-RESULT-compile-real-time: real 0.728700

TEST-PASS: exec /home/ed/mcsema-testing/SANDBOX/test-2015-12-21_15-36-50/MultiSource/Benchmarks/TSVC/Recurrences-flt/Recurrences-flt
TEST-RESULT-exec-success: pass
TEST-RESULT-exec-time: user       2.8238
TEST-RESULT-exec-real-time: real       2.8332
make[5]: Leaving directory `/home/ed/mcsema-testing/SANDBOX/test-2015-12-21_15-36-50/MultiSource/Benchmarks/TSVC/Recurrences-flt'
make[5]: Entering directory `/home/ed/mcsema-testing/SANDBOX/test-2015-12-21_15-36-50/MultiSource/Benchmarks/TSVC/Searching-flt'
/home/ed/mcsema-testing/llvm-test-suite/RunSafely.sh --show-errors -t "/home/ed/mcsema-testing/SANDBOX/test-2015-12-21_15-36-50/tools/timeit" 500 /dev/null Output/dummy.llvm.o.compile \
	  /usr/bin/clang -I/home/ed/mcsema-testing/SANDBOX/test-2015-12-21_15-36-50/MultiSource/Benchmarks/TSVC/Searching-flt -I/home/ed/mcsema-testing/llvm-test-suite/MultiSource/Benchmarks/TSVC/Searching-flt -I/home/ed/mcsema-testing/llvm-test-suite/include -I../../../../include -D_GNU_SOURCE -D__STDC_LIMIT_MACROS -DNDEBUG -std=gnu99 -O3  -m64 -fomit-frame-pointer -c /home/ed/mcsema-testing/llvm-test-suite/MultiSource/Benchmarks/TSVC/Searching-flt/dummy.c -o Output/dummy.llvm.o
/home/ed/mcsema-testing/llvm-test-suite/RunSafely.sh --show-errors -t "/home/ed/mcsema-testing/SANDBOX/test-2015-12-21_15-36-50/tools/timeit" 500 /dev/null Output/tsc.llvm.o.compile \
	  /usr/bin/clang -I/home/ed/mcsema-testing/SANDBOX/test-2015-12-21_15-36-50/MultiSource/Benchmarks/TSVC/Searching-flt -I/home/ed/mcsema-testing/llvm-test-suite/MultiSource/Benchmarks/TSVC/Searching-flt -I/home/ed/mcsema-testing/llvm-test-suite/include -I../../../../include -D_GNU_SOURCE -D__STDC_LIMIT_MACROS -DNDEBUG -std=gnu99 -O3  -m64 -fomit-frame-pointer -c /home/ed/mcsema-testing/llvm-test-suite/MultiSource/Benchmarks/TSVC/Searching-flt/tsc.c -o Output/tsc.llvm.o
/usr/bin/clang++ -o Output/Searching-flt.simple Output/dummy.llvm.o Output/tsc.llvm.o -lm -std=gnu99  -m64 -fomit-frame-pointer
/home/ed/mcsema-testing/llvm-test-suite/RunSafely.sh -t "/home/ed/mcsema-testing/SANDBOX/test-2015-12-21_15-36-50/tools/timeit-target" 500 /dev/null Output/Searching-flt.out-simple Output/Searching-flt.simple 80000 5
cp Output/Searching-flt.simple Output/Searching-flt.simple-hash; \
	strip --remove-section=.comment --remove-section='.note*' Output/Searching-flt.simple-hash; \
	/home/ed/mcsema-testing/llvm-test-suite/HashProgramOutput.sh Output/Searching-flt.simple-hash
if [ -f "/home/ed/mcsema-testing/llvm-test-suite/MultiSource/Benchmarks/TSVC/Searching-flt/Searching-flt.reference_output.little-endian." ]; then \
	  cp /home/ed/mcsema-testing/llvm-test-suite/MultiSource/Benchmarks/TSVC/Searching-flt/Searching-flt.reference_output.little-endian. Output/Searching-flt.out-nat; \
	elif [ -f "/home/ed/mcsema-testing/llvm-test-suite/MultiSource/Benchmarks/TSVC/Searching-flt/Searching-flt.reference_output." ]; then \
	  cp /home/ed/mcsema-testing/llvm-test-suite/MultiSource/Benchmarks/TSVC/Searching-flt/Searching-flt.reference_output. Output/Searching-flt.out-nat; \
	elif [ -f "/home/ed/mcsema-testing/llvm-test-suite/MultiSource/Benchmarks/TSVC/Searching-flt/Searching-flt.reference_output.little-endian" ]; then \
	  cp /home/ed/mcsema-testing/llvm-test-suite/MultiSource/Benchmarks/TSVC/Searching-flt/Searching-flt.reference_output.little-endian Output/Searching-flt.out-nat; \
	elif [ -f "/home/ed/mcsema-testing/llvm-test-suite/MultiSource/Benchmarks/TSVC/Searching-flt/Searching-flt.reference_output" ]; then \
	  cp /home/ed/mcsema-testing/llvm-test-suite/MultiSource/Benchmarks/TSVC/Searching-flt/Searching-flt.reference_output Output/Searching-flt.out-nat; \
	else \
	  printf "WARNING: %s: %s\n" "NO REFERENCE OUTPUT (using default)" "/home/ed/mcsema-testing/llvm-test-suite/MultiSource/Benchmarks/TSVC/Searching-flt/Searching-flt.reference_output" > Output/Searching-flt.out-nat; \
	  cp /home/ed/mcsema-testing/llvm-test-suite/default.reference_output Output/Searching-flt.out-nat; \
	  cat Output/Searching-flt.out-nat; \
	fi
# Pretend that the reference output was produced instantaneously.
cp /home/ed/mcsema-testing/llvm-test-suite/instant.txt Output/Searching-flt.out-nat.time
/home/ed/mcsema-testing/llvm-test-suite/DiffOutput.sh "/home/ed/mcsema-testing/SANDBOX/test-2015-12-21_15-36-50/tools/fpcmp " simple Searching-flt 
rm -f Output/Searching-flt.exe-simple
cp Output/Searching-flt.diff-simple Output/Searching-flt.exe-simple
if test -f Output/Searching-flt.extra-results.txt; then \
	  /home/ed/mcsema-testing/llvm-test-suite/ParseMultipleResults /home/ed/mcsema-testing/SANDBOX/test-2015-12-21_15-36-50/MultiSource/Benchmarks/TSVC/Searching-flt/Searching-flt Output/Searching-flt.extra-results.txt >> Output/Searching-flt.simple.exec.report.txt; \
	fi
cat Output/Searching-flt.simple.compile.report.txt Output/Searching-flt.simple.exec.report.txt >> Output/Searching-flt.simple.report.txt
---------------------------------------------------------------
>>> ========= '/home/ed/mcsema-testing/SANDBOX/test-2015-12-21_15-36-50/MultiSource/Benchmarks/TSVC/Searching-flt/Searching-flt' Program
---------------------------------------------------------------

TEST-PASS: compile /home/ed/mcsema-testing/SANDBOX/test-2015-12-21_15-36-50/MultiSource/Benchmarks/TSVC/Searching-flt/Searching-flt
TEST-RESULT-compile-success: pass
TEST-RESULT-compile-hash: 50398a696e0a2d5c0a354e21514d6c02
TEST-RESULT-compile-time: user 0.669600
TEST-RESULT-compile-real-time: real 0.714400

TEST-PASS: exec /home/ed/mcsema-testing/SANDBOX/test-2015-12-21_15-36-50/MultiSource/Benchmarks/TSVC/Searching-flt/Searching-flt
TEST-RESULT-exec-success: pass
TEST-RESULT-exec-time: user       4.4522
TEST-RESULT-exec-real-time: real       4.4616
make[5]: Leaving directory `/home/ed/mcsema-testing/SANDBOX/test-2015-12-21_15-36-50/MultiSource/Benchmarks/TSVC/Searching-flt'
make[5]: Entering directory `/home/ed/mcsema-testing/SANDBOX/test-2015-12-21_15-36-50/MultiSource/Benchmarks/TSVC/Packing-flt'
/home/ed/mcsema-testing/llvm-test-suite/RunSafely.sh --show-errors -t "/home/ed/mcsema-testing/SANDBOX/test-2015-12-21_15-36-50/tools/timeit" 500 /dev/null Output/dummy.llvm.o.compile \
	  /usr/bin/clang -I/home/ed/mcsema-testing/SANDBOX/test-2015-12-21_15-36-50/MultiSource/Benchmarks/TSVC/Packing-flt -I/home/ed/mcsema-testing/llvm-test-suite/MultiSource/Benchmarks/TSVC/Packing-flt -I/home/ed/mcsema-testing/llvm-test-suite/include -I../../../../include -D_GNU_SOURCE -D__STDC_LIMIT_MACROS -DNDEBUG -std=gnu99 -O3  -m64 -fomit-frame-pointer -c /home/ed/mcsema-testing/llvm-test-suite/MultiSource/Benchmarks/TSVC/Packing-flt/dummy.c -o Output/dummy.llvm.o
/home/ed/mcsema-testing/llvm-test-suite/RunSafely.sh --show-errors -t "/home/ed/mcsema-testing/SANDBOX/test-2015-12-21_15-36-50/tools/timeit" 500 /dev/null Output/tsc.llvm.o.compile \
	  /usr/bin/clang -I/home/ed/mcsema-testing/SANDBOX/test-2015-12-21_15-36-50/MultiSource/Benchmarks/TSVC/Packing-flt -I/home/ed/mcsema-testing/llvm-test-suite/MultiSource/Benchmarks/TSVC/Packing-flt -I/home/ed/mcsema-testing/llvm-test-suite/include -I../../../../include -D_GNU_SOURCE -D__STDC_LIMIT_MACROS -DNDEBUG -std=gnu99 -O3  -m64 -fomit-frame-pointer -c /home/ed/mcsema-testing/llvm-test-suite/MultiSource/Benchmarks/TSVC/Packing-flt/tsc.c -o Output/tsc.llvm.o
/usr/bin/clang++ -o Output/Packing-flt.simple Output/dummy.llvm.o Output/tsc.llvm.o -lm -std=gnu99  -m64 -fomit-frame-pointer
/home/ed/mcsema-testing/llvm-test-suite/RunSafely.sh -t "/home/ed/mcsema-testing/SANDBOX/test-2015-12-21_15-36-50/tools/timeit-target" 500 /dev/null Output/Packing-flt.out-simple Output/Packing-flt.simple 50000 5
cp Output/Packing-flt.simple Output/Packing-flt.simple-hash; \
	strip --remove-section=.comment --remove-section='.note*' Output/Packing-flt.simple-hash; \
	/home/ed/mcsema-testing/llvm-test-suite/HashProgramOutput.sh Output/Packing-flt.simple-hash
if [ -f "/home/ed/mcsema-testing/llvm-test-suite/MultiSource/Benchmarks/TSVC/Packing-flt/Packing-flt.reference_output.little-endian." ]; then \
	  cp /home/ed/mcsema-testing/llvm-test-suite/MultiSource/Benchmarks/TSVC/Packing-flt/Packing-flt.reference_output.little-endian. Output/Packing-flt.out-nat; \
	elif [ -f "/home/ed/mcsema-testing/llvm-test-suite/MultiSource/Benchmarks/TSVC/Packing-flt/Packing-flt.reference_output." ]; then \
	  cp /home/ed/mcsema-testing/llvm-test-suite/MultiSource/Benchmarks/TSVC/Packing-flt/Packing-flt.reference_output. Output/Packing-flt.out-nat; \
	elif [ -f "/home/ed/mcsema-testing/llvm-test-suite/MultiSource/Benchmarks/TSVC/Packing-flt/Packing-flt.reference_output.little-endian" ]; then \
	  cp /home/ed/mcsema-testing/llvm-test-suite/MultiSource/Benchmarks/TSVC/Packing-flt/Packing-flt.reference_output.little-endian Output/Packing-flt.out-nat; \
	elif [ -f "/home/ed/mcsema-testing/llvm-test-suite/MultiSource/Benchmarks/TSVC/Packing-flt/Packing-flt.reference_output" ]; then \
	  cp /home/ed/mcsema-testing/llvm-test-suite/MultiSource/Benchmarks/TSVC/Packing-flt/Packing-flt.reference_output Output/Packing-flt.out-nat; \
	else \
	  printf "WARNING: %s: %s\n" "NO REFERENCE OUTPUT (using default)" "/home/ed/mcsema-testing/llvm-test-suite/MultiSource/Benchmarks/TSVC/Packing-flt/Packing-flt.reference_output" > Output/Packing-flt.out-nat; \
	  cp /home/ed/mcsema-testing/llvm-test-suite/default.reference_output Output/Packing-flt.out-nat; \
	  cat Output/Packing-flt.out-nat; \
	fi
# Pretend that the reference output was produced instantaneously.
cp /home/ed/mcsema-testing/llvm-test-suite/instant.txt Output/Packing-flt.out-nat.time
/home/ed/mcsema-testing/llvm-test-suite/DiffOutput.sh "/home/ed/mcsema-testing/SANDBOX/test-2015-12-21_15-36-50/tools/fpcmp " simple Packing-flt 
rm -f Output/Packing-flt.exe-simple
cp Output/Packing-flt.diff-simple Output/Packing-flt.exe-simple
if test -f Output/Packing-flt.extra-results.txt; then \
	  /home/ed/mcsema-testing/llvm-test-suite/ParseMultipleResults /home/ed/mcsema-testing/SANDBOX/test-2015-12-21_15-36-50/MultiSource/Benchmarks/TSVC/Packing-flt/Packing-flt Output/Packing-flt.extra-results.txt >> Output/Packing-flt.simple.exec.report.txt; \
	fi
cat Output/Packing-flt.simple.compile.report.txt Output/Packing-flt.simple.exec.report.txt >> Output/Packing-flt.simple.report.txt
---------------------------------------------------------------
>>> ========= '/home/ed/mcsema-testing/SANDBOX/test-2015-12-21_15-36-50/MultiSource/Benchmarks/TSVC/Packing-flt/Packing-flt' Program
---------------------------------------------------------------

TEST-PASS: compile /home/ed/mcsema-testing/SANDBOX/test-2015-12-21_15-36-50/MultiSource/Benchmarks/TSVC/Packing-flt/Packing-flt
TEST-RESULT-compile-success: pass
TEST-RESULT-compile-hash: 78015eca038173e3304e2a0851941df4
TEST-RESULT-compile-time: user 0.672500
TEST-RESULT-compile-real-time: real 0.718200

TEST-PASS: exec /home/ed/mcsema-testing/SANDBOX/test-2015-12-21_15-36-50/MultiSource/Benchmarks/TSVC/Packing-flt/Packing-flt
TEST-RESULT-exec-success: pass
TEST-RESULT-exec-time: user       3.1716
TEST-RESULT-exec-real-time: real       3.1807
make[5]: Leaving directory `/home/ed/mcsema-testing/SANDBOX/test-2015-12-21_15-36-50/MultiSource/Benchmarks/TSVC/Packing-flt'
make[5]: Entering directory `/home/ed/mcsema-testing/SANDBOX/test-2015-12-21_15-36-50/MultiSource/Benchmarks/TSVC/LoopRerolling-flt'
/home/ed/mcsema-testing/llvm-test-suite/RunSafely.sh --show-errors -t "/home/ed/mcsema-testing/SANDBOX/test-2015-12-21_15-36-50/tools/timeit" 500 /dev/null Output/dummy.llvm.o.compile \
	  /usr/bin/clang -I/home/ed/mcsema-testing/SANDBOX/test-2015-12-21_15-36-50/MultiSource/Benchmarks/TSVC/LoopRerolling-flt -I/home/ed/mcsema-testing/llvm-test-suite/MultiSource/Benchmarks/TSVC/LoopRerolling-flt -I/home/ed/mcsema-testing/llvm-test-suite/include -I../../../../include -D_GNU_SOURCE -D__STDC_LIMIT_MACROS -DNDEBUG -std=gnu99 -O3  -m64 -fomit-frame-pointer -c /home/ed/mcsema-testing/llvm-test-suite/MultiSource/Benchmarks/TSVC/LoopRerolling-flt/dummy.c -o Output/dummy.llvm.o
/home/ed/mcsema-testing/llvm-test-suite/RunSafely.sh --show-errors -t "/home/ed/mcsema-testing/SANDBOX/test-2015-12-21_15-36-50/tools/timeit" 500 /dev/null Output/tsc.llvm.o.compile \
	  /usr/bin/clang -I/home/ed/mcsema-testing/SANDBOX/test-2015-12-21_15-36-50/MultiSource/Benchmarks/TSVC/LoopRerolling-flt -I/home/ed/mcsema-testing/llvm-test-suite/MultiSource/Benchmarks/TSVC/LoopRerolling-flt -I/home/ed/mcsema-testing/llvm-test-suite/include -I../../../../include -D_GNU_SOURCE -D__STDC_LIMIT_MACROS -DNDEBUG -std=gnu99 -O3  -m64 -fomit-frame-pointer -c /home/ed/mcsema-testing/llvm-test-suite/MultiSource/Benchmarks/TSVC/LoopRerolling-flt/tsc.c -o Output/tsc.llvm.o
/usr/bin/clang++ -o Output/LoopRerolling-flt.simple Output/dummy.llvm.o Output/tsc.llvm.o -lm -std=gnu99  -m64 -fomit-frame-pointer
/home/ed/mcsema-testing/llvm-test-suite/RunSafely.sh -t "/home/ed/mcsema-testing/SANDBOX/test-2015-12-21_15-36-50/tools/timeit-target" 500 /dev/null Output/LoopRerolling-flt.out-simple Output/LoopRerolling-flt.simple 5260 5
cp Output/LoopRerolling-flt.simple Output/LoopRerolling-flt.simple-hash; \
	strip --remove-section=.comment --remove-section='.note*' Output/LoopRerolling-flt.simple-hash; \
	/home/ed/mcsema-testing/llvm-test-suite/HashProgramOutput.sh Output/LoopRerolling-flt.simple-hash
if [ -f "/home/ed/mcsema-testing/llvm-test-suite/MultiSource/Benchmarks/TSVC/LoopRerolling-flt/LoopRerolling-flt.reference_output.little-endian." ]; then \
	  cp /home/ed/mcsema-testing/llvm-test-suite/MultiSource/Benchmarks/TSVC/LoopRerolling-flt/LoopRerolling-flt.reference_output.little-endian. Output/LoopRerolling-flt.out-nat; \
	elif [ -f "/home/ed/mcsema-testing/llvm-test-suite/MultiSource/Benchmarks/TSVC/LoopRerolling-flt/LoopRerolling-flt.reference_output." ]; then \
	  cp /home/ed/mcsema-testing/llvm-test-suite/MultiSource/Benchmarks/TSVC/LoopRerolling-flt/LoopRerolling-flt.reference_output. Output/LoopRerolling-flt.out-nat; \
	elif [ -f "/home/ed/mcsema-testing/llvm-test-suite/MultiSource/Benchmarks/TSVC/LoopRerolling-flt/LoopRerolling-flt.reference_output.little-endian" ]; then \
	  cp /home/ed/mcsema-testing/llvm-test-suite/MultiSource/Benchmarks/TSVC/LoopRerolling-flt/LoopRerolling-flt.reference_output.little-endian Output/LoopRerolling-flt.out-nat; \
	elif [ -f "/home/ed/mcsema-testing/llvm-test-suite/MultiSource/Benchmarks/TSVC/LoopRerolling-flt/LoopRerolling-flt.reference_output" ]; then \
	  cp /home/ed/mcsema-testing/llvm-test-suite/MultiSource/Benchmarks/TSVC/LoopRerolling-flt/LoopRerolling-flt.reference_output Output/LoopRerolling-flt.out-nat; \
	else \
	  printf "WARNING: %s: %s\n" "NO REFERENCE OUTPUT (using default)" "/home/ed/mcsema-testing/llvm-test-suite/MultiSource/Benchmarks/TSVC/LoopRerolling-flt/LoopRerolling-flt.reference_output" > Output/LoopRerolling-flt.out-nat; \
	  cp /home/ed/mcsema-testing/llvm-test-suite/default.reference_output Output/LoopRerolling-flt.out-nat; \
	  cat Output/LoopRerolling-flt.out-nat; \
	fi
# Pretend that the reference output was produced instantaneously.
cp /home/ed/mcsema-testing/llvm-test-suite/instant.txt Output/LoopRerolling-flt.out-nat.time
/home/ed/mcsema-testing/llvm-test-suite/DiffOutput.sh "/home/ed/mcsema-testing/SANDBOX/test-2015-12-21_15-36-50/tools/fpcmp " simple LoopRerolling-flt 
rm -f Output/LoopRerolling-flt.exe-simple
cp Output/LoopRerolling-flt.diff-simple Output/LoopRerolling-flt.exe-simple
if test -f Output/LoopRerolling-flt.extra-results.txt; then \
	  /home/ed/mcsema-testing/llvm-test-suite/ParseMultipleResults /home/ed/mcsema-testing/SANDBOX/test-2015-12-21_15-36-50/MultiSource/Benchmarks/TSVC/LoopRerolling-flt/LoopRerolling-flt Output/LoopRerolling-flt.extra-results.txt >> Output/LoopRerolling-flt.simple.exec.report.txt; \
	fi
cat Output/LoopRerolling-flt.simple.compile.report.txt Output/LoopRerolling-flt.simple.exec.report.txt >> Output/LoopRerolling-flt.simple.report.txt
---------------------------------------------------------------
>>> ========= '/home/ed/mcsema-testing/SANDBOX/test-2015-12-21_15-36-50/MultiSource/Benchmarks/TSVC/LoopRerolling-flt/LoopRerolling-flt' Program
---------------------------------------------------------------

TEST-PASS: compile /home/ed/mcsema-testing/SANDBOX/test-2015-12-21_15-36-50/MultiSource/Benchmarks/TSVC/LoopRerolling-flt/LoopRerolling-flt
TEST-RESULT-compile-success: pass
TEST-RESULT-compile-hash: e619ab930d521f169f09c2890360e21f
TEST-RESULT-compile-time: user 0.696300
TEST-RESULT-compile-real-time: real 0.740200

TEST-PASS: exec /home/ed/mcsema-testing/SANDBOX/test-2015-12-21_15-36-50/MultiSource/Benchmarks/TSVC/LoopRerolling-flt/LoopRerolling-flt
TEST-RESULT-exec-success: pass
TEST-RESULT-exec-time: user       2.3298
TEST-RESULT-exec-real-time: real       2.3364
make[5]: Leaving directory `/home/ed/mcsema-testing/SANDBOX/test-2015-12-21_15-36-50/MultiSource/Benchmarks/TSVC/LoopRerolling-flt'
make[5]: Entering directory `/home/ed/mcsema-testing/SANDBOX/test-2015-12-21_15-36-50/MultiSource/Benchmarks/TSVC/Equivalencing-flt'
/home/ed/mcsema-testing/llvm-test-suite/RunSafely.sh --show-errors -t "/home/ed/mcsema-testing/SANDBOX/test-2015-12-21_15-36-50/tools/timeit" 500 /dev/null Output/dummy.llvm.o.compile \
	  /usr/bin/clang -I/home/ed/mcsema-testing/SANDBOX/test-2015-12-21_15-36-50/MultiSource/Benchmarks/TSVC/Equivalencing-flt -I/home/ed/mcsema-testing/llvm-test-suite/MultiSource/Benchmarks/TSVC/Equivalencing-flt -I/home/ed/mcsema-testing/llvm-test-suite/include -I../../../../include -D_GNU_SOURCE -D__STDC_LIMIT_MACROS -DNDEBUG -std=gnu99 -O3  -m64 -fomit-frame-pointer -c /home/ed/mcsema-testing/llvm-test-suite/MultiSource/Benchmarks/TSVC/Equivalencing-flt/dummy.c -o Output/dummy.llvm.o
/home/ed/mcsema-testing/llvm-test-suite/RunSafely.sh --show-errors -t "/home/ed/mcsema-testing/SANDBOX/test-2015-12-21_15-36-50/tools/timeit" 500 /dev/null Output/tsc.llvm.o.compile \
	  /usr/bin/clang -I/home/ed/mcsema-testing/SANDBOX/test-2015-12-21_15-36-50/MultiSource/Benchmarks/TSVC/Equivalencing-flt -I/home/ed/mcsema-testing/llvm-test-suite/MultiSource/Benchmarks/TSVC/Equivalencing-flt -I/home/ed/mcsema-testing/llvm-test-suite/include -I../../../../include -D_GNU_SOURCE -D__STDC_LIMIT_MACROS -DNDEBUG -std=gnu99 -O3  -m64 -fomit-frame-pointer -c /home/ed/mcsema-testing/llvm-test-suite/MultiSource/Benchmarks/TSVC/Equivalencing-flt/tsc.c -o Output/tsc.llvm.o
/usr/bin/clang++ -o Output/Equivalencing-flt.simple Output/dummy.llvm.o Output/tsc.llvm.o -lm -std=gnu99  -m64 -fomit-frame-pointer
/home/ed/mcsema-testing/llvm-test-suite/RunSafely.sh -t "/home/ed/mcsema-testing/SANDBOX/test-2015-12-21_15-36-50/tools/timeit-target" 500 /dev/null Output/Equivalencing-flt.out-simple Output/Equivalencing-flt.simple 3125 5
cp Output/Equivalencing-flt.simple Output/Equivalencing-flt.simple-hash; \
	strip --remove-section=.comment --remove-section='.note*' Output/Equivalencing-flt.simple-hash; \
	/home/ed/mcsema-testing/llvm-test-suite/HashProgramOutput.sh Output/Equivalencing-flt.simple-hash
if [ -f "/home/ed/mcsema-testing/llvm-test-suite/MultiSource/Benchmarks/TSVC/Equivalencing-flt/Equivalencing-flt.reference_output.little-endian." ]; then \
	  cp /home/ed/mcsema-testing/llvm-test-suite/MultiSource/Benchmarks/TSVC/Equivalencing-flt/Equivalencing-flt.reference_output.little-endian. Output/Equivalencing-flt.out-nat; \
	elif [ -f "/home/ed/mcsema-testing/llvm-test-suite/MultiSource/Benchmarks/TSVC/Equivalencing-flt/Equivalencing-flt.reference_output." ]; then \
	  cp /home/ed/mcsema-testing/llvm-test-suite/MultiSource/Benchmarks/TSVC/Equivalencing-flt/Equivalencing-flt.reference_output. Output/Equivalencing-flt.out-nat; \
	elif [ -f "/home/ed/mcsema-testing/llvm-test-suite/MultiSource/Benchmarks/TSVC/Equivalencing-flt/Equivalencing-flt.reference_output.little-endian" ]; then \
	  cp /home/ed/mcsema-testing/llvm-test-suite/MultiSource/Benchmarks/TSVC/Equivalencing-flt/Equivalencing-flt.reference_output.little-endian Output/Equivalencing-flt.out-nat; \
	elif [ -f "/home/ed/mcsema-testing/llvm-test-suite/MultiSource/Benchmarks/TSVC/Equivalencing-flt/Equivalencing-flt.reference_output" ]; then \
	  cp /home/ed/mcsema-testing/llvm-test-suite/MultiSource/Benchmarks/TSVC/Equivalencing-flt/Equivalencing-flt.reference_output Output/Equivalencing-flt.out-nat; \
	else \
	  printf "WARNING: %s: %s\n" "NO REFERENCE OUTPUT (using default)" "/home/ed/mcsema-testing/llvm-test-suite/MultiSource/Benchmarks/TSVC/Equivalencing-flt/Equivalencing-flt.reference_output" > Output/Equivalencing-flt.out-nat; \
	  cp /home/ed/mcsema-testing/llvm-test-suite/default.reference_output Output/Equivalencing-flt.out-nat; \
	  cat Output/Equivalencing-flt.out-nat; \
	fi
# Pretend that the reference output was produced instantaneously.
cp /home/ed/mcsema-testing/llvm-test-suite/instant.txt Output/Equivalencing-flt.out-nat.time
/home/ed/mcsema-testing/llvm-test-suite/DiffOutput.sh "/home/ed/mcsema-testing/SANDBOX/test-2015-12-21_15-36-50/tools/fpcmp " simple Equivalencing-flt 
rm -f Output/Equivalencing-flt.exe-simple
cp Output/Equivalencing-flt.diff-simple Output/Equivalencing-flt.exe-simple
if test -f Output/Equivalencing-flt.extra-results.txt; then \
	  /home/ed/mcsema-testing/llvm-test-suite/ParseMultipleResults /home/ed/mcsema-testing/SANDBOX/test-2015-12-21_15-36-50/MultiSource/Benchmarks/TSVC/Equivalencing-flt/Equivalencing-flt Output/Equivalencing-flt.extra-results.txt >> Output/Equivalencing-flt.simple.exec.report.txt; \
	fi
cat Output/Equivalencing-flt.simple.compile.report.txt Output/Equivalencing-flt.simple.exec.report.txt >> Output/Equivalencing-flt.simple.report.txt
---------------------------------------------------------------
>>> ========= '/home/ed/mcsema-testing/SANDBOX/test-2015-12-21_15-36-50/MultiSource/Benchmarks/TSVC/Equivalencing-flt/Equivalencing-flt' Program
---------------------------------------------------------------

TEST-PASS: compile /home/ed/mcsema-testing/SANDBOX/test-2015-12-21_15-36-50/MultiSource/Benchmarks/TSVC/Equivalencing-flt/Equivalencing-flt
TEST-RESULT-compile-success: pass
TEST-RESULT-compile-hash: e94c76c7b525ef6d78fab01e0bdd358d
TEST-RESULT-compile-time: user 0.698600
TEST-RESULT-compile-real-time: real 0.742800

TEST-PASS: exec /home/ed/mcsema-testing/SANDBOX/test-2015-12-21_15-36-50/MultiSource/Benchmarks/TSVC/Equivalencing-flt/Equivalencing-flt
TEST-RESULT-exec-success: pass
TEST-RESULT-exec-time: user       1.6081
TEST-RESULT-exec-real-time: real       1.6131
make[5]: Leaving directory `/home/ed/mcsema-testing/SANDBOX/test-2015-12-21_15-36-50/MultiSource/Benchmarks/TSVC/Equivalencing-flt'
make[5]: Entering directory `/home/ed/mcsema-testing/SANDBOX/test-2015-12-21_15-36-50/MultiSource/Benchmarks/TSVC/IndirectAddressing-flt'
/home/ed/mcsema-testing/llvm-test-suite/RunSafely.sh --show-errors -t "/home/ed/mcsema-testing/SANDBOX/test-2015-12-21_15-36-50/tools/timeit" 500 /dev/null Output/dummy.llvm.o.compile \
	  /usr/bin/clang -I/home/ed/mcsema-testing/SANDBOX/test-2015-12-21_15-36-50/MultiSource/Benchmarks/TSVC/IndirectAddressing-flt -I/home/ed/mcsema-testing/llvm-test-suite/MultiSource/Benchmarks/TSVC/IndirectAddressing-flt -I/home/ed/mcsema-testing/llvm-test-suite/include -I../../../../include -D_GNU_SOURCE -D__STDC_LIMIT_MACROS -DNDEBUG -std=gnu99 -O3  -m64 -fomit-frame-pointer -c /home/ed/mcsema-testing/llvm-test-suite/MultiSource/Benchmarks/TSVC/IndirectAddressing-flt/dummy.c -o Output/dummy.llvm.o
/home/ed/mcsema-testing/llvm-test-suite/RunSafely.sh --show-errors -t "/home/ed/mcsema-testing/SANDBOX/test-2015-12-21_15-36-50/tools/timeit" 500 /dev/null Output/tsc.llvm.o.compile \
	  /usr/bin/clang -I/home/ed/mcsema-testing/SANDBOX/test-2015-12-21_15-36-50/MultiSource/Benchmarks/TSVC/IndirectAddressing-flt -I/home/ed/mcsema-testing/llvm-test-suite/MultiSource/Benchmarks/TSVC/IndirectAddressing-flt -I/home/ed/mcsema-testing/llvm-test-suite/include -I../../../../include -D_GNU_SOURCE -D__STDC_LIMIT_MACROS -DNDEBUG -std=gnu99 -O3  -m64 -fomit-frame-pointer -c /home/ed/mcsema-testing/llvm-test-suite/MultiSource/Benchmarks/TSVC/IndirectAddressing-flt/tsc.c -o Output/tsc.llvm.o
/usr/bin/clang++ -o Output/IndirectAddressing-flt.simple Output/dummy.llvm.o Output/tsc.llvm.o -lm -std=gnu99  -m64 -fomit-frame-pointer
/home/ed/mcsema-testing/llvm-test-suite/RunSafely.sh -t "/home/ed/mcsema-testing/SANDBOX/test-2015-12-21_15-36-50/tools/timeit-target" 500 /dev/null Output/IndirectAddressing-flt.out-simple Output/IndirectAddressing-flt.simple 12500 5
cp Output/IndirectAddressing-flt.simple Output/IndirectAddressing-flt.simple-hash; \
	strip --remove-section=.comment --remove-section='.note*' Output/IndirectAddressing-flt.simple-hash; \
	/home/ed/mcsema-testing/llvm-test-suite/HashProgramOutput.sh Output/IndirectAddressing-flt.simple-hash
if [ -f "/home/ed/mcsema-testing/llvm-test-suite/MultiSource/Benchmarks/TSVC/IndirectAddressing-flt/IndirectAddressing-flt.reference_output.little-endian." ]; then \
	  cp /home/ed/mcsema-testing/llvm-test-suite/MultiSource/Benchmarks/TSVC/IndirectAddressing-flt/IndirectAddressing-flt.reference_output.little-endian. Output/IndirectAddressing-flt.out-nat; \
	elif [ -f "/home/ed/mcsema-testing/llvm-test-suite/MultiSource/Benchmarks/TSVC/IndirectAddressing-flt/IndirectAddressing-flt.reference_output." ]; then \
	  cp /home/ed/mcsema-testing/llvm-test-suite/MultiSource/Benchmarks/TSVC/IndirectAddressing-flt/IndirectAddressing-flt.reference_output. Output/IndirectAddressing-flt.out-nat; \
	elif [ -f "/home/ed/mcsema-testing/llvm-test-suite/MultiSource/Benchmarks/TSVC/IndirectAddressing-flt/IndirectAddressing-flt.reference_output.little-endian" ]; then \
	  cp /home/ed/mcsema-testing/llvm-test-suite/MultiSource/Benchmarks/TSVC/IndirectAddressing-flt/IndirectAddressing-flt.reference_output.little-endian Output/IndirectAddressing-flt.out-nat; \
	elif [ -f "/home/ed/mcsema-testing/llvm-test-suite/MultiSource/Benchmarks/TSVC/IndirectAddressing-flt/IndirectAddressing-flt.reference_output" ]; then \
	  cp /home/ed/mcsema-testing/llvm-test-suite/MultiSource/Benchmarks/TSVC/IndirectAddressing-flt/IndirectAddressing-flt.reference_output Output/IndirectAddressing-flt.out-nat; \
	else \
	  printf "WARNING: %s: %s\n" "NO REFERENCE OUTPUT (using default)" "/home/ed/mcsema-testing/llvm-test-suite/MultiSource/Benchmarks/TSVC/IndirectAddressing-flt/IndirectAddressing-flt.reference_output" > Output/IndirectAddressing-flt.out-nat; \
	  cp /home/ed/mcsema-testing/llvm-test-suite/default.reference_output Output/IndirectAddressing-flt.out-nat; \
	  cat Output/IndirectAddressing-flt.out-nat; \
	fi
# Pretend that the reference output was produced instantaneously.
cp /home/ed/mcsema-testing/llvm-test-suite/instant.txt Output/IndirectAddressing-flt.out-nat.time
/home/ed/mcsema-testing/llvm-test-suite/DiffOutput.sh "/home/ed/mcsema-testing/SANDBOX/test-2015-12-21_15-36-50/tools/fpcmp " simple IndirectAddressing-flt 
rm -f Output/IndirectAddressing-flt.exe-simple
cp Output/IndirectAddressing-flt.diff-simple Output/IndirectAddressing-flt.exe-simple
if test -f Output/IndirectAddressing-flt.extra-results.txt; then \
	  /home/ed/mcsema-testing/llvm-test-suite/ParseMultipleResults /home/ed/mcsema-testing/SANDBOX/test-2015-12-21_15-36-50/MultiSource/Benchmarks/TSVC/IndirectAddressing-flt/IndirectAddressing-flt Output/IndirectAddressing-flt.extra-results.txt >> Output/IndirectAddressing-flt.simple.exec.report.txt; \
	fi
cat Output/IndirectAddressing-flt.simple.compile.report.txt Output/IndirectAddressing-flt.simple.exec.report.txt >> Output/IndirectAddressing-flt.simple.report.txt
---------------------------------------------------------------
>>> ========= '/home/ed/mcsema-testing/SANDBOX/test-2015-12-21_15-36-50/MultiSource/Benchmarks/TSVC/IndirectAddressing-flt/IndirectAddressing-flt' Program
---------------------------------------------------------------

TEST-PASS: compile /home/ed/mcsema-testing/SANDBOX/test-2015-12-21_15-36-50/MultiSource/Benchmarks/TSVC/IndirectAddressing-flt/IndirectAddressing-flt
TEST-RESULT-compile-success: pass
TEST-RESULT-compile-hash: 93dbd5ace081beba8b403247fe4077d8
TEST-RESULT-compile-time: user 0.693400
TEST-RESULT-compile-real-time: real 0.746300

TEST-PASS: exec /home/ed/mcsema-testing/SANDBOX/test-2015-12-21_15-36-50/MultiSource/Benchmarks/TSVC/IndirectAddressing-flt/IndirectAddressing-flt
TEST-RESULT-exec-success: pass
TEST-RESULT-exec-time: user       3.3504
TEST-RESULT-exec-real-time: real       3.3602
make[5]: Leaving directory `/home/ed/mcsema-testing/SANDBOX/test-2015-12-21_15-36-50/MultiSource/Benchmarks/TSVC/IndirectAddressing-flt'
make[5]: Entering directory `/home/ed/mcsema-testing/SANDBOX/test-2015-12-21_15-36-50/MultiSource/Benchmarks/TSVC/ControlLoops-flt'
/home/ed/mcsema-testing/llvm-test-suite/RunSafely.sh --show-errors -t "/home/ed/mcsema-testing/SANDBOX/test-2015-12-21_15-36-50/tools/timeit" 500 /dev/null Output/dummy.llvm.o.compile \
	  /usr/bin/clang -I/home/ed/mcsema-testing/SANDBOX/test-2015-12-21_15-36-50/MultiSource/Benchmarks/TSVC/ControlLoops-flt -I/home/ed/mcsema-testing/llvm-test-suite/MultiSource/Benchmarks/TSVC/ControlLoops-flt -I/home/ed/mcsema-testing/llvm-test-suite/include -I../../../../include -D_GNU_SOURCE -D__STDC_LIMIT_MACROS -DNDEBUG -std=gnu99 -O3  -m64 -fomit-frame-pointer -c /home/ed/mcsema-testing/llvm-test-suite/MultiSource/Benchmarks/TSVC/ControlLoops-flt/dummy.c -o Output/dummy.llvm.o
/home/ed/mcsema-testing/llvm-test-suite/RunSafely.sh --show-errors -t "/home/ed/mcsema-testing/SANDBOX/test-2015-12-21_15-36-50/tools/timeit" 500 /dev/null Output/tsc.llvm.o.compile \
	  /usr/bin/clang -I/home/ed/mcsema-testing/SANDBOX/test-2015-12-21_15-36-50/MultiSource/Benchmarks/TSVC/ControlLoops-flt -I/home/ed/mcsema-testing/llvm-test-suite/MultiSource/Benchmarks/TSVC/ControlLoops-flt -I/home/ed/mcsema-testing/llvm-test-suite/include -I../../../../include -D_GNU_SOURCE -D__STDC_LIMIT_MACROS -DNDEBUG -std=gnu99 -O3  -m64 -fomit-frame-pointer -c /home/ed/mcsema-testing/llvm-test-suite/MultiSource/Benchmarks/TSVC/ControlLoops-flt/tsc.c -o Output/tsc.llvm.o
/usr/bin/clang++ -o Output/ControlLoops-flt.simple Output/dummy.llvm.o Output/tsc.llvm.o -lm -std=gnu99  -m64 -fomit-frame-pointer
/home/ed/mcsema-testing/llvm-test-suite/RunSafely.sh -t "/home/ed/mcsema-testing/SANDBOX/test-2015-12-21_15-36-50/tools/timeit-target" 500 /dev/null Output/ControlLoops-flt.out-simple Output/ControlLoops-flt.simple 1640 5
cp Output/ControlLoops-flt.simple Output/ControlLoops-flt.simple-hash; \
	strip --remove-section=.comment --remove-section='.note*' Output/ControlLoops-flt.simple-hash; \
	/home/ed/mcsema-testing/llvm-test-suite/HashProgramOutput.sh Output/ControlLoops-flt.simple-hash
if [ -f "/home/ed/mcsema-testing/llvm-test-suite/MultiSource/Benchmarks/TSVC/ControlLoops-flt/ControlLoops-flt.reference_output.little-endian." ]; then \
	  cp /home/ed/mcsema-testing/llvm-test-suite/MultiSource/Benchmarks/TSVC/ControlLoops-flt/ControlLoops-flt.reference_output.little-endian. Output/ControlLoops-flt.out-nat; \
	elif [ -f "/home/ed/mcsema-testing/llvm-test-suite/MultiSource/Benchmarks/TSVC/ControlLoops-flt/ControlLoops-flt.reference_output." ]; then \
	  cp /home/ed/mcsema-testing/llvm-test-suite/MultiSource/Benchmarks/TSVC/ControlLoops-flt/ControlLoops-flt.reference_output. Output/ControlLoops-flt.out-nat; \
	elif [ -f "/home/ed/mcsema-testing/llvm-test-suite/MultiSource/Benchmarks/TSVC/ControlLoops-flt/ControlLoops-flt.reference_output.little-endian" ]; then \
	  cp /home/ed/mcsema-testing/llvm-test-suite/MultiSource/Benchmarks/TSVC/ControlLoops-flt/ControlLoops-flt.reference_output.little-endian Output/ControlLoops-flt.out-nat; \
	elif [ -f "/home/ed/mcsema-testing/llvm-test-suite/MultiSource/Benchmarks/TSVC/ControlLoops-flt/ControlLoops-flt.reference_output" ]; then \
	  cp /home/ed/mcsema-testing/llvm-test-suite/MultiSource/Benchmarks/TSVC/ControlLoops-flt/ControlLoops-flt.reference_output Output/ControlLoops-flt.out-nat; \
	else \
	  printf "WARNING: %s: %s\n" "NO REFERENCE OUTPUT (using default)" "/home/ed/mcsema-testing/llvm-test-suite/MultiSource/Benchmarks/TSVC/ControlLoops-flt/ControlLoops-flt.reference_output" > Output/ControlLoops-flt.out-nat; \
	  cp /home/ed/mcsema-testing/llvm-test-suite/default.reference_output Output/ControlLoops-flt.out-nat; \
	  cat Output/ControlLoops-flt.out-nat; \
	fi
# Pretend that the reference output was produced instantaneously.
cp /home/ed/mcsema-testing/llvm-test-suite/instant.txt Output/ControlLoops-flt.out-nat.time
/home/ed/mcsema-testing/llvm-test-suite/DiffOutput.sh "/home/ed/mcsema-testing/SANDBOX/test-2015-12-21_15-36-50/tools/fpcmp " simple ControlLoops-flt 
rm -f Output/ControlLoops-flt.exe-simple
cp Output/ControlLoops-flt.diff-simple Output/ControlLoops-flt.exe-simple
if test -f Output/ControlLoops-flt.extra-results.txt; then \
	  /home/ed/mcsema-testing/llvm-test-suite/ParseMultipleResults /home/ed/mcsema-testing/SANDBOX/test-2015-12-21_15-36-50/MultiSource/Benchmarks/TSVC/ControlLoops-flt/ControlLoops-flt Output/ControlLoops-flt.extra-results.txt >> Output/ControlLoops-flt.simple.exec.report.txt; \
	fi
cat Output/ControlLoops-flt.simple.compile.report.txt Output/ControlLoops-flt.simple.exec.report.txt >> Output/ControlLoops-flt.simple.report.txt
---------------------------------------------------------------
>>> ========= '/home/ed/mcsema-testing/SANDBOX/test-2015-12-21_15-36-50/MultiSource/Benchmarks/TSVC/ControlLoops-flt/ControlLoops-flt' Program
---------------------------------------------------------------

TEST-PASS: compile /home/ed/mcsema-testing/SANDBOX/test-2015-12-21_15-36-50/MultiSource/Benchmarks/TSVC/ControlLoops-flt/ControlLoops-flt
TEST-RESULT-compile-success: pass
TEST-RESULT-compile-hash: 7ac218c8560a8297b0246d29c02bb6a0
TEST-RESULT-compile-time: user 0.733200
TEST-RESULT-compile-real-time: real 0.779700

TEST-PASS: exec /home/ed/mcsema-testing/SANDBOX/test-2015-12-21_15-36-50/MultiSource/Benchmarks/TSVC/ControlLoops-flt/ControlLoops-flt
TEST-RESULT-exec-success: pass
TEST-RESULT-exec-time: user       2.6583
TEST-RESULT-exec-real-time: real       2.6678
make[5]: Leaving directory `/home/ed/mcsema-testing/SANDBOX/test-2015-12-21_15-36-50/MultiSource/Benchmarks/TSVC/ControlLoops-flt'
make[5]: Entering directory `/home/ed/mcsema-testing/SANDBOX/test-2015-12-21_15-36-50/MultiSource/Benchmarks/TSVC/LinearDependence-dbl'
/home/ed/mcsema-testing/llvm-test-suite/RunSafely.sh --show-errors -t "/home/ed/mcsema-testing/SANDBOX/test-2015-12-21_15-36-50/tools/timeit" 500 /dev/null Output/dummy.llvm.o.compile \
	  /usr/bin/clang -I/home/ed/mcsema-testing/SANDBOX/test-2015-12-21_15-36-50/MultiSource/Benchmarks/TSVC/LinearDependence-dbl -I/home/ed/mcsema-testing/llvm-test-suite/MultiSource/Benchmarks/TSVC/LinearDependence-dbl -I/home/ed/mcsema-testing/llvm-test-suite/include -I../../../../include -D_GNU_SOURCE -D__STDC_LIMIT_MACROS -DNDEBUG -std=gnu99 -O3  -m64 -fomit-frame-pointer -c /home/ed/mcsema-testing/llvm-test-suite/MultiSource/Benchmarks/TSVC/LinearDependence-dbl/dummy.c -o Output/dummy.llvm.o
/home/ed/mcsema-testing/llvm-test-suite/RunSafely.sh --show-errors -t "/home/ed/mcsema-testing/SANDBOX/test-2015-12-21_15-36-50/tools/timeit" 500 /dev/null Output/tsc.llvm.o.compile \
	  /usr/bin/clang -I/home/ed/mcsema-testing/SANDBOX/test-2015-12-21_15-36-50/MultiSource/Benchmarks/TSVC/LinearDependence-dbl -I/home/ed/mcsema-testing/llvm-test-suite/MultiSource/Benchmarks/TSVC/LinearDependence-dbl -I/home/ed/mcsema-testing/llvm-test-suite/include -I../../../../include -D_GNU_SOURCE -D__STDC_LIMIT_MACROS -DNDEBUG -std=gnu99 -O3  -m64 -fomit-frame-pointer -c /home/ed/mcsema-testing/llvm-test-suite/MultiSource/Benchmarks/TSVC/LinearDependence-dbl/tsc.c -o Output/tsc.llvm.o
/usr/bin/clang++ -o Output/LinearDependence-dbl.simple Output/dummy.llvm.o Output/tsc.llvm.o -lm -std=gnu99  -m64 -fomit-frame-pointer
/home/ed/mcsema-testing/llvm-test-suite/RunSafely.sh -t "/home/ed/mcsema-testing/SANDBOX/test-2015-12-21_15-36-50/tools/timeit-target" 500 /dev/null Output/LinearDependence-dbl.out-simple Output/LinearDependence-dbl.simple 3570 14
cp Output/LinearDependence-dbl.simple Output/LinearDependence-dbl.simple-hash; \
	strip --remove-section=.comment --remove-section='.note*' Output/LinearDependence-dbl.simple-hash; \
	/home/ed/mcsema-testing/llvm-test-suite/HashProgramOutput.sh Output/LinearDependence-dbl.simple-hash
if [ -f "/home/ed/mcsema-testing/llvm-test-suite/MultiSource/Benchmarks/TSVC/LinearDependence-dbl/LinearDependence-dbl.reference_output.little-endian." ]; then \
	  cp /home/ed/mcsema-testing/llvm-test-suite/MultiSource/Benchmarks/TSVC/LinearDependence-dbl/LinearDependence-dbl.reference_output.little-endian. Output/LinearDependence-dbl.out-nat; \
	elif [ -f "/home/ed/mcsema-testing/llvm-test-suite/MultiSource/Benchmarks/TSVC/LinearDependence-dbl/LinearDependence-dbl.reference_output." ]; then \
	  cp /home/ed/mcsema-testing/llvm-test-suite/MultiSource/Benchmarks/TSVC/LinearDependence-dbl/LinearDependence-dbl.reference_output. Output/LinearDependence-dbl.out-nat; \
	elif [ -f "/home/ed/mcsema-testing/llvm-test-suite/MultiSource/Benchmarks/TSVC/LinearDependence-dbl/LinearDependence-dbl.reference_output.little-endian" ]; then \
	  cp /home/ed/mcsema-testing/llvm-test-suite/MultiSource/Benchmarks/TSVC/LinearDependence-dbl/LinearDependence-dbl.reference_output.little-endian Output/LinearDependence-dbl.out-nat; \
	elif [ -f "/home/ed/mcsema-testing/llvm-test-suite/MultiSource/Benchmarks/TSVC/LinearDependence-dbl/LinearDependence-dbl.reference_output" ]; then \
	  cp /home/ed/mcsema-testing/llvm-test-suite/MultiSource/Benchmarks/TSVC/LinearDependence-dbl/LinearDependence-dbl.reference_output Output/LinearDependence-dbl.out-nat; \
	else \
	  printf "WARNING: %s: %s\n" "NO REFERENCE OUTPUT (using default)" "/home/ed/mcsema-testing/llvm-test-suite/MultiSource/Benchmarks/TSVC/LinearDependence-dbl/LinearDependence-dbl.reference_output" > Output/LinearDependence-dbl.out-nat; \
	  cp /home/ed/mcsema-testing/llvm-test-suite/default.reference_output Output/LinearDependence-dbl.out-nat; \
	  cat Output/LinearDependence-dbl.out-nat; \
	fi
# Pretend that the reference output was produced instantaneously.
cp /home/ed/mcsema-testing/llvm-test-suite/instant.txt Output/LinearDependence-dbl.out-nat.time
/home/ed/mcsema-testing/llvm-test-suite/DiffOutput.sh "/home/ed/mcsema-testing/SANDBOX/test-2015-12-21_15-36-50/tools/fpcmp " simple LinearDependence-dbl 
rm -f Output/LinearDependence-dbl.exe-simple
cp Output/LinearDependence-dbl.diff-simple Output/LinearDependence-dbl.exe-simple
if test -f Output/LinearDependence-dbl.extra-results.txt; then \
	  /home/ed/mcsema-testing/llvm-test-suite/ParseMultipleResults /home/ed/mcsema-testing/SANDBOX/test-2015-12-21_15-36-50/MultiSource/Benchmarks/TSVC/LinearDependence-dbl/LinearDependence-dbl Output/LinearDependence-dbl.extra-results.txt >> Output/LinearDependence-dbl.simple.exec.report.txt; \
	fi
cat Output/LinearDependence-dbl.simple.compile.report.txt Output/LinearDependence-dbl.simple.exec.report.txt >> Output/LinearDependence-dbl.simple.report.txt
---------------------------------------------------------------
>>> ========= '/home/ed/mcsema-testing/SANDBOX/test-2015-12-21_15-36-50/MultiSource/Benchmarks/TSVC/LinearDependence-dbl/LinearDependence-dbl' Program
---------------------------------------------------------------

TEST-PASS: compile /home/ed/mcsema-testing/SANDBOX/test-2015-12-21_15-36-50/MultiSource/Benchmarks/TSVC/LinearDependence-dbl/LinearDependence-dbl
TEST-RESULT-compile-success: pass
TEST-RESULT-compile-hash: add96e6625b76433c5263a32aa3855e7
TEST-RESULT-compile-time: user 0.722500
TEST-RESULT-compile-real-time: real 0.764800

TEST-PASS: exec /home/ed/mcsema-testing/SANDBOX/test-2015-12-21_15-36-50/MultiSource/Benchmarks/TSVC/LinearDependence-dbl/LinearDependence-dbl
TEST-RESULT-exec-success: pass
TEST-RESULT-exec-time: user       3.8854
TEST-RESULT-exec-real-time: real       3.8966
make[5]: Leaving directory `/home/ed/mcsema-testing/SANDBOX/test-2015-12-21_15-36-50/MultiSource/Benchmarks/TSVC/LinearDependence-dbl'
make[5]: Entering directory `/home/ed/mcsema-testing/SANDBOX/test-2015-12-21_15-36-50/MultiSource/Benchmarks/TSVC/InductionVariable-dbl'
/home/ed/mcsema-testing/llvm-test-suite/RunSafely.sh --show-errors -t "/home/ed/mcsema-testing/SANDBOX/test-2015-12-21_15-36-50/tools/timeit" 500 /dev/null Output/dummy.llvm.o.compile \
	  /usr/bin/clang -I/home/ed/mcsema-testing/SANDBOX/test-2015-12-21_15-36-50/MultiSource/Benchmarks/TSVC/InductionVariable-dbl -I/home/ed/mcsema-testing/llvm-test-suite/MultiSource/Benchmarks/TSVC/InductionVariable-dbl -I/home/ed/mcsema-testing/llvm-test-suite/include -I../../../../include -D_GNU_SOURCE -D__STDC_LIMIT_MACROS -DNDEBUG -std=gnu99 -O3  -m64 -fomit-frame-pointer -c /home/ed/mcsema-testing/llvm-test-suite/MultiSource/Benchmarks/TSVC/InductionVariable-dbl/dummy.c -o Output/dummy.llvm.o
/home/ed/mcsema-testing/llvm-test-suite/RunSafely.sh --show-errors -t "/home/ed/mcsema-testing/SANDBOX/test-2015-12-21_15-36-50/tools/timeit" 500 /dev/null Output/tsc.llvm.o.compile \
	  /usr/bin/clang -I/home/ed/mcsema-testing/SANDBOX/test-2015-12-21_15-36-50/MultiSource/Benchmarks/TSVC/InductionVariable-dbl -I/home/ed/mcsema-testing/llvm-test-suite/MultiSource/Benchmarks/TSVC/InductionVariable-dbl -I/home/ed/mcsema-testing/llvm-test-suite/include -I../../../../include -D_GNU_SOURCE -D__STDC_LIMIT_MACROS -DNDEBUG -std=gnu99 -O3  -m64 -fomit-frame-pointer -c /home/ed/mcsema-testing/llvm-test-suite/MultiSource/Benchmarks/TSVC/InductionVariable-dbl/tsc.c -o Output/tsc.llvm.o
/usr/bin/clang++ -o Output/InductionVariable-dbl.simple Output/dummy.llvm.o Output/tsc.llvm.o -lm -std=gnu99  -m64 -fomit-frame-pointer
/home/ed/mcsema-testing/llvm-test-suite/RunSafely.sh -t "/home/ed/mcsema-testing/SANDBOX/test-2015-12-21_15-36-50/tools/timeit-target" 500 /dev/null Output/InductionVariable-dbl.out-simple Output/InductionVariable-dbl.simple 9100 14
cp Output/InductionVariable-dbl.simple Output/InductionVariable-dbl.simple-hash; \
	strip --remove-section=.comment --remove-section='.note*' Output/InductionVariable-dbl.simple-hash; \
	/home/ed/mcsema-testing/llvm-test-suite/HashProgramOutput.sh Output/InductionVariable-dbl.simple-hash
if [ -f "/home/ed/mcsema-testing/llvm-test-suite/MultiSource/Benchmarks/TSVC/InductionVariable-dbl/InductionVariable-dbl.reference_output.little-endian." ]; then \
	  cp /home/ed/mcsema-testing/llvm-test-suite/MultiSource/Benchmarks/TSVC/InductionVariable-dbl/InductionVariable-dbl.reference_output.little-endian. Output/InductionVariable-dbl.out-nat; \
	elif [ -f "/home/ed/mcsema-testing/llvm-test-suite/MultiSource/Benchmarks/TSVC/InductionVariable-dbl/InductionVariable-dbl.reference_output." ]; then \
	  cp /home/ed/mcsema-testing/llvm-test-suite/MultiSource/Benchmarks/TSVC/InductionVariable-dbl/InductionVariable-dbl.reference_output. Output/InductionVariable-dbl.out-nat; \
	elif [ -f "/home/ed/mcsema-testing/llvm-test-suite/MultiSource/Benchmarks/TSVC/InductionVariable-dbl/InductionVariable-dbl.reference_output.little-endian" ]; then \
	  cp /home/ed/mcsema-testing/llvm-test-suite/MultiSource/Benchmarks/TSVC/InductionVariable-dbl/InductionVariable-dbl.reference_output.little-endian Output/InductionVariable-dbl.out-nat; \
	elif [ -f "/home/ed/mcsema-testing/llvm-test-suite/MultiSource/Benchmarks/TSVC/InductionVariable-dbl/InductionVariable-dbl.reference_output" ]; then \
	  cp /home/ed/mcsema-testing/llvm-test-suite/MultiSource/Benchmarks/TSVC/InductionVariable-dbl/InductionVariable-dbl.reference_output Output/InductionVariable-dbl.out-nat; \
	else \
	  printf "WARNING: %s: %s\n" "NO REFERENCE OUTPUT (using default)" "/home/ed/mcsema-testing/llvm-test-suite/MultiSource/Benchmarks/TSVC/InductionVariable-dbl/InductionVariable-dbl.reference_output" > Output/InductionVariable-dbl.out-nat; \
	  cp /home/ed/mcsema-testing/llvm-test-suite/default.reference_output Output/InductionVariable-dbl.out-nat; \
	  cat Output/InductionVariable-dbl.out-nat; \
	fi
# Pretend that the reference output was produced instantaneously.
cp /home/ed/mcsema-testing/llvm-test-suite/instant.txt Output/InductionVariable-dbl.out-nat.time
/home/ed/mcsema-testing/llvm-test-suite/DiffOutput.sh "/home/ed/mcsema-testing/SANDBOX/test-2015-12-21_15-36-50/tools/fpcmp " simple InductionVariable-dbl 
rm -f Output/InductionVariable-dbl.exe-simple
cp Output/InductionVariable-dbl.diff-simple Output/InductionVariable-dbl.exe-simple
if test -f Output/InductionVariable-dbl.extra-results.txt; then \
	  /home/ed/mcsema-testing/llvm-test-suite/ParseMultipleResults /home/ed/mcsema-testing/SANDBOX/test-2015-12-21_15-36-50/MultiSource/Benchmarks/TSVC/InductionVariable-dbl/InductionVariable-dbl Output/InductionVariable-dbl.extra-results.txt >> Output/InductionVariable-dbl.simple.exec.report.txt; \
	fi
cat Output/InductionVariable-dbl.simple.compile.report.txt Output/InductionVariable-dbl.simple.exec.report.txt >> Output/InductionVariable-dbl.simple.report.txt
---------------------------------------------------------------
>>> ========= '/home/ed/mcsema-testing/SANDBOX/test-2015-12-21_15-36-50/MultiSource/Benchmarks/TSVC/InductionVariable-dbl/InductionVariable-dbl' Program
---------------------------------------------------------------

TEST-PASS: compile /home/ed/mcsema-testing/SANDBOX/test-2015-12-21_15-36-50/MultiSource/Benchmarks/TSVC/InductionVariable-dbl/InductionVariable-dbl
TEST-RESULT-compile-success: pass
TEST-RESULT-compile-hash: 3f2593278b2ae6a0d419652b138a70e5
TEST-RESULT-compile-time: user 0.705700
TEST-RESULT-compile-real-time: real 0.758100

TEST-PASS: exec /home/ed/mcsema-testing/SANDBOX/test-2015-12-21_15-36-50/MultiSource/Benchmarks/TSVC/InductionVariable-dbl/InductionVariable-dbl
TEST-RESULT-exec-success: pass
TEST-RESULT-exec-time: user       4.1018
TEST-RESULT-exec-real-time: real       4.1122
make[5]: Leaving directory `/home/ed/mcsema-testing/SANDBOX/test-2015-12-21_15-36-50/MultiSource/Benchmarks/TSVC/InductionVariable-dbl'
make[5]: Entering directory `/home/ed/mcsema-testing/SANDBOX/test-2015-12-21_15-36-50/MultiSource/Benchmarks/TSVC/GlobalDataFlow-dbl'
/home/ed/mcsema-testing/llvm-test-suite/RunSafely.sh --show-errors -t "/home/ed/mcsema-testing/SANDBOX/test-2015-12-21_15-36-50/tools/timeit" 500 /dev/null Output/dummy.llvm.o.compile \
	  /usr/bin/clang -I/home/ed/mcsema-testing/SANDBOX/test-2015-12-21_15-36-50/MultiSource/Benchmarks/TSVC/GlobalDataFlow-dbl -I/home/ed/mcsema-testing/llvm-test-suite/MultiSource/Benchmarks/TSVC/GlobalDataFlow-dbl -I/home/ed/mcsema-testing/llvm-test-suite/include -I../../../../include -D_GNU_SOURCE -D__STDC_LIMIT_MACROS -DNDEBUG -std=gnu99 -O3  -m64 -fomit-frame-pointer -c /home/ed/mcsema-testing/llvm-test-suite/MultiSource/Benchmarks/TSVC/GlobalDataFlow-dbl/dummy.c -o Output/dummy.llvm.o
/home/ed/mcsema-testing/llvm-test-suite/RunSafely.sh --show-errors -t "/home/ed/mcsema-testing/SANDBOX/test-2015-12-21_15-36-50/tools/timeit" 500 /dev/null Output/tsc.llvm.o.compile \
	  /usr/bin/clang -I/home/ed/mcsema-testing/SANDBOX/test-2015-12-21_15-36-50/MultiSource/Benchmarks/TSVC/GlobalDataFlow-dbl -I/home/ed/mcsema-testing/llvm-test-suite/MultiSource/Benchmarks/TSVC/GlobalDataFlow-dbl -I/home/ed/mcsema-testing/llvm-test-suite/include -I../../../../include -D_GNU_SOURCE -D__STDC_LIMIT_MACROS -DNDEBUG -std=gnu99 -O3  -m64 -fomit-frame-pointer -c /home/ed/mcsema-testing/llvm-test-suite/MultiSource/Benchmarks/TSVC/GlobalDataFlow-dbl/tsc.c -o Output/tsc.llvm.o
/usr/bin/clang++ -o Output/GlobalDataFlow-dbl.simple Output/dummy.llvm.o Output/tsc.llvm.o -lm -std=gnu99  -m64 -fomit-frame-pointer
/home/ed/mcsema-testing/llvm-test-suite/RunSafely.sh -t "/home/ed/mcsema-testing/SANDBOX/test-2015-12-21_15-36-50/tools/timeit-target" 500 /dev/null Output/GlobalDataFlow-dbl.out-simple Output/GlobalDataFlow-dbl.simple 3450 14
cp Output/GlobalDataFlow-dbl.simple Output/GlobalDataFlow-dbl.simple-hash; \
	strip --remove-section=.comment --remove-section='.note*' Output/GlobalDataFlow-dbl.simple-hash; \
	/home/ed/mcsema-testing/llvm-test-suite/HashProgramOutput.sh Output/GlobalDataFlow-dbl.simple-hash
if [ -f "/home/ed/mcsema-testing/llvm-test-suite/MultiSource/Benchmarks/TSVC/GlobalDataFlow-dbl/GlobalDataFlow-dbl.reference_output.little-endian." ]; then \
	  cp /home/ed/mcsema-testing/llvm-test-suite/MultiSource/Benchmarks/TSVC/GlobalDataFlow-dbl/GlobalDataFlow-dbl.reference_output.little-endian. Output/GlobalDataFlow-dbl.out-nat; \
	elif [ -f "/home/ed/mcsema-testing/llvm-test-suite/MultiSource/Benchmarks/TSVC/GlobalDataFlow-dbl/GlobalDataFlow-dbl.reference_output." ]; then \
	  cp /home/ed/mcsema-testing/llvm-test-suite/MultiSource/Benchmarks/TSVC/GlobalDataFlow-dbl/GlobalDataFlow-dbl.reference_output. Output/GlobalDataFlow-dbl.out-nat; \
	elif [ -f "/home/ed/mcsema-testing/llvm-test-suite/MultiSource/Benchmarks/TSVC/GlobalDataFlow-dbl/GlobalDataFlow-dbl.reference_output.little-endian" ]; then \
	  cp /home/ed/mcsema-testing/llvm-test-suite/MultiSource/Benchmarks/TSVC/GlobalDataFlow-dbl/GlobalDataFlow-dbl.reference_output.little-endian Output/GlobalDataFlow-dbl.out-nat; \
	elif [ -f "/home/ed/mcsema-testing/llvm-test-suite/MultiSource/Benchmarks/TSVC/GlobalDataFlow-dbl/GlobalDataFlow-dbl.reference_output" ]; then \
	  cp /home/ed/mcsema-testing/llvm-test-suite/MultiSource/Benchmarks/TSVC/GlobalDataFlow-dbl/GlobalDataFlow-dbl.reference_output Output/GlobalDataFlow-dbl.out-nat; \
	else \
	  printf "WARNING: %s: %s\n" "NO REFERENCE OUTPUT (using default)" "/home/ed/mcsema-testing/llvm-test-suite/MultiSource/Benchmarks/TSVC/GlobalDataFlow-dbl/GlobalDataFlow-dbl.reference_output" > Output/GlobalDataFlow-dbl.out-nat; \
	  cp /home/ed/mcsema-testing/llvm-test-suite/default.reference_output Output/GlobalDataFlow-dbl.out-nat; \
	  cat Output/GlobalDataFlow-dbl.out-nat; \
	fi
# Pretend that the reference output was produced instantaneously.
cp /home/ed/mcsema-testing/llvm-test-suite/instant.txt Output/GlobalDataFlow-dbl.out-nat.time
/home/ed/mcsema-testing/llvm-test-suite/DiffOutput.sh "/home/ed/mcsema-testing/SANDBOX/test-2015-12-21_15-36-50/tools/fpcmp " simple GlobalDataFlow-dbl 
rm -f Output/GlobalDataFlow-dbl.exe-simple
cp Output/GlobalDataFlow-dbl.diff-simple Output/GlobalDataFlow-dbl.exe-simple
if test -f Output/GlobalDataFlow-dbl.extra-results.txt; then \
	  /home/ed/mcsema-testing/llvm-test-suite/ParseMultipleResults /home/ed/mcsema-testing/SANDBOX/test-2015-12-21_15-36-50/MultiSource/Benchmarks/TSVC/GlobalDataFlow-dbl/GlobalDataFlow-dbl Output/GlobalDataFlow-dbl.extra-results.txt >> Output/GlobalDataFlow-dbl.simple.exec.report.txt; \
	fi
cat Output/GlobalDataFlow-dbl.simple.compile.report.txt Output/GlobalDataFlow-dbl.simple.exec.report.txt >> Output/GlobalDataFlow-dbl.simple.report.txt
---------------------------------------------------------------
>>> ========= '/home/ed/mcsema-testing/SANDBOX/test-2015-12-21_15-36-50/MultiSource/Benchmarks/TSVC/GlobalDataFlow-dbl/GlobalDataFlow-dbl' Program
---------------------------------------------------------------

TEST-PASS: compile /home/ed/mcsema-testing/SANDBOX/test-2015-12-21_15-36-50/MultiSource/Benchmarks/TSVC/GlobalDataFlow-dbl/GlobalDataFlow-dbl
TEST-RESULT-compile-success: pass
TEST-RESULT-compile-hash: 46e15e84b265460d3dbbf1898bdce543
TEST-RESULT-compile-time: user 0.724500
TEST-RESULT-compile-real-time: real 0.774400

TEST-PASS: exec /home/ed/mcsema-testing/SANDBOX/test-2015-12-21_15-36-50/MultiSource/Benchmarks/TSVC/GlobalDataFlow-dbl/GlobalDataFlow-dbl
TEST-RESULT-exec-success: pass
TEST-RESULT-exec-time: user       3.9620
TEST-RESULT-exec-real-time: real       3.9727
make[5]: Leaving directory `/home/ed/mcsema-testing/SANDBOX/test-2015-12-21_15-36-50/MultiSource/Benchmarks/TSVC/GlobalDataFlow-dbl'
make[5]: Entering directory `/home/ed/mcsema-testing/SANDBOX/test-2015-12-21_15-36-50/MultiSource/Benchmarks/TSVC/ControlFlow-dbl'
/home/ed/mcsema-testing/llvm-test-suite/RunSafely.sh --show-errors -t "/home/ed/mcsema-testing/SANDBOX/test-2015-12-21_15-36-50/tools/timeit" 500 /dev/null Output/dummy.llvm.o.compile \
	  /usr/bin/clang -I/home/ed/mcsema-testing/SANDBOX/test-2015-12-21_15-36-50/MultiSource/Benchmarks/TSVC/ControlFlow-dbl -I/home/ed/mcsema-testing/llvm-test-suite/MultiSource/Benchmarks/TSVC/ControlFlow-dbl -I/home/ed/mcsema-testing/llvm-test-suite/include -I../../../../include -D_GNU_SOURCE -D__STDC_LIMIT_MACROS -DNDEBUG -std=gnu99 -O3  -m64 -fomit-frame-pointer -c /home/ed/mcsema-testing/llvm-test-suite/MultiSource/Benchmarks/TSVC/ControlFlow-dbl/dummy.c -o Output/dummy.llvm.o
/home/ed/mcsema-testing/llvm-test-suite/RunSafely.sh --show-errors -t "/home/ed/mcsema-testing/SANDBOX/test-2015-12-21_15-36-50/tools/timeit" 500 /dev/null Output/tsc.llvm.o.compile \
	  /usr/bin/clang -I/home/ed/mcsema-testing/SANDBOX/test-2015-12-21_15-36-50/MultiSource/Benchmarks/TSVC/ControlFlow-dbl -I/home/ed/mcsema-testing/llvm-test-suite/MultiSource/Benchmarks/TSVC/ControlFlow-dbl -I/home/ed/mcsema-testing/llvm-test-suite/include -I../../../../include -D_GNU_SOURCE -D__STDC_LIMIT_MACROS -DNDEBUG -std=gnu99 -O3  -m64 -fomit-frame-pointer -c /home/ed/mcsema-testing/llvm-test-suite/MultiSource/Benchmarks/TSVC/ControlFlow-dbl/tsc.c -o Output/tsc.llvm.o
/usr/bin/clang++ -o Output/ControlFlow-dbl.simple Output/dummy.llvm.o Output/tsc.llvm.o -lm -std=gnu99  -m64 -fomit-frame-pointer
/home/ed/mcsema-testing/llvm-test-suite/RunSafely.sh -t "/home/ed/mcsema-testing/SANDBOX/test-2015-12-21_15-36-50/tools/timeit-target" 500 /dev/null Output/ControlFlow-dbl.out-simple Output/ControlFlow-dbl.simple 2325 14
cp Output/ControlFlow-dbl.simple Output/ControlFlow-dbl.simple-hash; \
	strip --remove-section=.comment --remove-section='.note*' Output/ControlFlow-dbl.simple-hash; \
	/home/ed/mcsema-testing/llvm-test-suite/HashProgramOutput.sh Output/ControlFlow-dbl.simple-hash
if [ -f "/home/ed/mcsema-testing/llvm-test-suite/MultiSource/Benchmarks/TSVC/ControlFlow-dbl/ControlFlow-dbl.reference_output.little-endian." ]; then \
	  cp /home/ed/mcsema-testing/llvm-test-suite/MultiSource/Benchmarks/TSVC/ControlFlow-dbl/ControlFlow-dbl.reference_output.little-endian. Output/ControlFlow-dbl.out-nat; \
	elif [ -f "/home/ed/mcsema-testing/llvm-test-suite/MultiSource/Benchmarks/TSVC/ControlFlow-dbl/ControlFlow-dbl.reference_output." ]; then \
	  cp /home/ed/mcsema-testing/llvm-test-suite/MultiSource/Benchmarks/TSVC/ControlFlow-dbl/ControlFlow-dbl.reference_output. Output/ControlFlow-dbl.out-nat; \
	elif [ -f "/home/ed/mcsema-testing/llvm-test-suite/MultiSource/Benchmarks/TSVC/ControlFlow-dbl/ControlFlow-dbl.reference_output.little-endian" ]; then \
	  cp /home/ed/mcsema-testing/llvm-test-suite/MultiSource/Benchmarks/TSVC/ControlFlow-dbl/ControlFlow-dbl.reference_output.little-endian Output/ControlFlow-dbl.out-nat; \
	elif [ -f "/home/ed/mcsema-testing/llvm-test-suite/MultiSource/Benchmarks/TSVC/ControlFlow-dbl/ControlFlow-dbl.reference_output" ]; then \
	  cp /home/ed/mcsema-testing/llvm-test-suite/MultiSource/Benchmarks/TSVC/ControlFlow-dbl/ControlFlow-dbl.reference_output Output/ControlFlow-dbl.out-nat; \
	else \
	  printf "WARNING: %s: %s\n" "NO REFERENCE OUTPUT (using default)" "/home/ed/mcsema-testing/llvm-test-suite/MultiSource/Benchmarks/TSVC/ControlFlow-dbl/ControlFlow-dbl.reference_output" > Output/ControlFlow-dbl.out-nat; \
	  cp /home/ed/mcsema-testing/llvm-test-suite/default.reference_output Output/ControlFlow-dbl.out-nat; \
	  cat Output/ControlFlow-dbl.out-nat; \
	fi
# Pretend that the reference output was produced instantaneously.
cp /home/ed/mcsema-testing/llvm-test-suite/instant.txt Output/ControlFlow-dbl.out-nat.time
/home/ed/mcsema-testing/llvm-test-suite/DiffOutput.sh "/home/ed/mcsema-testing/SANDBOX/test-2015-12-21_15-36-50/tools/fpcmp " simple ControlFlow-dbl 
rm -f Output/ControlFlow-dbl.exe-simple
cp Output/ControlFlow-dbl.diff-simple Output/ControlFlow-dbl.exe-simple
if test -f Output/ControlFlow-dbl.extra-results.txt; then \
	  /home/ed/mcsema-testing/llvm-test-suite/ParseMultipleResults /home/ed/mcsema-testing/SANDBOX/test-2015-12-21_15-36-50/MultiSource/Benchmarks/TSVC/ControlFlow-dbl/ControlFlow-dbl Output/ControlFlow-dbl.extra-results.txt >> Output/ControlFlow-dbl.simple.exec.report.txt; \
	fi
cat Output/ControlFlow-dbl.simple.compile.report.txt Output/ControlFlow-dbl.simple.exec.report.txt >> Output/ControlFlow-dbl.simple.report.txt
---------------------------------------------------------------
>>> ========= '/home/ed/mcsema-testing/SANDBOX/test-2015-12-21_15-36-50/MultiSource/Benchmarks/TSVC/ControlFlow-dbl/ControlFlow-dbl' Program
---------------------------------------------------------------

TEST-PASS: compile /home/ed/mcsema-testing/SANDBOX/test-2015-12-21_15-36-50/MultiSource/Benchmarks/TSVC/ControlFlow-dbl/ControlFlow-dbl
TEST-RESULT-compile-success: pass
TEST-RESULT-compile-hash: 3eedd46f338aaf56c0a41fd9c170ce5f
TEST-RESULT-compile-time: user 0.784300
TEST-RESULT-compile-real-time: real 0.829200

TEST-PASS: exec /home/ed/mcsema-testing/SANDBOX/test-2015-12-21_15-36-50/MultiSource/Benchmarks/TSVC/ControlFlow-dbl/ControlFlow-dbl
TEST-RESULT-exec-success: pass
TEST-RESULT-exec-time: user       4.0568
TEST-RESULT-exec-real-time: real       4.0682
make[5]: Leaving directory `/home/ed/mcsema-testing/SANDBOX/test-2015-12-21_15-36-50/MultiSource/Benchmarks/TSVC/ControlFlow-dbl'
make[5]: Entering directory `/home/ed/mcsema-testing/SANDBOX/test-2015-12-21_15-36-50/MultiSource/Benchmarks/TSVC/Symbolics-dbl'
/home/ed/mcsema-testing/llvm-test-suite/RunSafely.sh --show-errors -t "/home/ed/mcsema-testing/SANDBOX/test-2015-12-21_15-36-50/tools/timeit" 500 /dev/null Output/dummy.llvm.o.compile \
	  /usr/bin/clang -I/home/ed/mcsema-testing/SANDBOX/test-2015-12-21_15-36-50/MultiSource/Benchmarks/TSVC/Symbolics-dbl -I/home/ed/mcsema-testing/llvm-test-suite/MultiSource/Benchmarks/TSVC/Symbolics-dbl -I/home/ed/mcsema-testing/llvm-test-suite/include -I../../../../include -D_GNU_SOURCE -D__STDC_LIMIT_MACROS -DNDEBUG -std=gnu99 -O3  -m64 -fomit-frame-pointer -c /home/ed/mcsema-testing/llvm-test-suite/MultiSource/Benchmarks/TSVC/Symbolics-dbl/dummy.c -o Output/dummy.llvm.o
/home/ed/mcsema-testing/llvm-test-suite/RunSafely.sh --show-errors -t "/home/ed/mcsema-testing/SANDBOX/test-2015-12-21_15-36-50/tools/timeit" 500 /dev/null Output/tsc.llvm.o.compile \
	  /usr/bin/clang -I/home/ed/mcsema-testing/SANDBOX/test-2015-12-21_15-36-50/MultiSource/Benchmarks/TSVC/Symbolics-dbl -I/home/ed/mcsema-testing/llvm-test-suite/MultiSource/Benchmarks/TSVC/Symbolics-dbl -I/home/ed/mcsema-testing/llvm-test-suite/include -I../../../../include -D_GNU_SOURCE -D__STDC_LIMIT_MACROS -DNDEBUG -std=gnu99 -O3  -m64 -fomit-frame-pointer -c /home/ed/mcsema-testing/llvm-test-suite/MultiSource/Benchmarks/TSVC/Symbolics-dbl/tsc.c -o Output/tsc.llvm.o
/usr/bin/clang++ -o Output/Symbolics-dbl.simple Output/dummy.llvm.o Output/tsc.llvm.o -lm -std=gnu99  -m64 -fomit-frame-pointer
/home/ed/mcsema-testing/llvm-test-suite/RunSafely.sh -t "/home/ed/mcsema-testing/SANDBOX/test-2015-12-21_15-36-50/tools/timeit-target" 500 /dev/null Output/Symbolics-dbl.out-simple Output/Symbolics-dbl.simple 9090 14
cp Output/Symbolics-dbl.simple Output/Symbolics-dbl.simple-hash; \
	strip --remove-section=.comment --remove-section='.note*' Output/Symbolics-dbl.simple-hash; \
	/home/ed/mcsema-testing/llvm-test-suite/HashProgramOutput.sh Output/Symbolics-dbl.simple-hash
if [ -f "/home/ed/mcsema-testing/llvm-test-suite/MultiSource/Benchmarks/TSVC/Symbolics-dbl/Symbolics-dbl.reference_output.little-endian." ]; then \
	  cp /home/ed/mcsema-testing/llvm-test-suite/MultiSource/Benchmarks/TSVC/Symbolics-dbl/Symbolics-dbl.reference_output.little-endian. Output/Symbolics-dbl.out-nat; \
	elif [ -f "/home/ed/mcsema-testing/llvm-test-suite/MultiSource/Benchmarks/TSVC/Symbolics-dbl/Symbolics-dbl.reference_output." ]; then \
	  cp /home/ed/mcsema-testing/llvm-test-suite/MultiSource/Benchmarks/TSVC/Symbolics-dbl/Symbolics-dbl.reference_output. Output/Symbolics-dbl.out-nat; \
	elif [ -f "/home/ed/mcsema-testing/llvm-test-suite/MultiSource/Benchmarks/TSVC/Symbolics-dbl/Symbolics-dbl.reference_output.little-endian" ]; then \
	  cp /home/ed/mcsema-testing/llvm-test-suite/MultiSource/Benchmarks/TSVC/Symbolics-dbl/Symbolics-dbl.reference_output.little-endian Output/Symbolics-dbl.out-nat; \
	elif [ -f "/home/ed/mcsema-testing/llvm-test-suite/MultiSource/Benchmarks/TSVC/Symbolics-dbl/Symbolics-dbl.reference_output" ]; then \
	  cp /home/ed/mcsema-testing/llvm-test-suite/MultiSource/Benchmarks/TSVC/Symbolics-dbl/Symbolics-dbl.reference_output Output/Symbolics-dbl.out-nat; \
	else \
	  printf "WARNING: %s: %s\n" "NO REFERENCE OUTPUT (using default)" "/home/ed/mcsema-testing/llvm-test-suite/MultiSource/Benchmarks/TSVC/Symbolics-dbl/Symbolics-dbl.reference_output" > Output/Symbolics-dbl.out-nat; \
	  cp /home/ed/mcsema-testing/llvm-test-suite/default.reference_output Output/Symbolics-dbl.out-nat; \
	  cat Output/Symbolics-dbl.out-nat; \
	fi
# Pretend that the reference output was produced instantaneously.
cp /home/ed/mcsema-testing/llvm-test-suite/instant.txt Output/Symbolics-dbl.out-nat.time
/home/ed/mcsema-testing/llvm-test-suite/DiffOutput.sh "/home/ed/mcsema-testing/SANDBOX/test-2015-12-21_15-36-50/tools/fpcmp " simple Symbolics-dbl 
rm -f Output/Symbolics-dbl.exe-simple
cp Output/Symbolics-dbl.diff-simple Output/Symbolics-dbl.exe-simple
if test -f Output/Symbolics-dbl.extra-results.txt; then \
	  /home/ed/mcsema-testing/llvm-test-suite/ParseMultipleResults /home/ed/mcsema-testing/SANDBOX/test-2015-12-21_15-36-50/MultiSource/Benchmarks/TSVC/Symbolics-dbl/Symbolics-dbl Output/Symbolics-dbl.extra-results.txt >> Output/Symbolics-dbl.simple.exec.report.txt; \
	fi
cat Output/Symbolics-dbl.simple.compile.report.txt Output/Symbolics-dbl.simple.exec.report.txt >> Output/Symbolics-dbl.simple.report.txt
---------------------------------------------------------------
>>> ========= '/home/ed/mcsema-testing/SANDBOX/test-2015-12-21_15-36-50/MultiSource/Benchmarks/TSVC/Symbolics-dbl/Symbolics-dbl' Program
---------------------------------------------------------------

TEST-PASS: compile /home/ed/mcsema-testing/SANDBOX/test-2015-12-21_15-36-50/MultiSource/Benchmarks/TSVC/Symbolics-dbl/Symbolics-dbl
TEST-RESULT-compile-success: pass
TEST-RESULT-compile-hash: 040efeb8cf68afd78ff90d904a50ae84
TEST-RESULT-compile-time: user 0.706800
TEST-RESULT-compile-real-time: real 0.752800

TEST-PASS: exec /home/ed/mcsema-testing/SANDBOX/test-2015-12-21_15-36-50/MultiSource/Benchmarks/TSVC/Symbolics-dbl/Symbolics-dbl
TEST-RESULT-exec-success: pass
TEST-RESULT-exec-time: user       3.2080
TEST-RESULT-exec-real-time: real       3.2167
make[5]: Leaving directory `/home/ed/mcsema-testing/SANDBOX/test-2015-12-21_15-36-50/MultiSource/Benchmarks/TSVC/Symbolics-dbl'
make[5]: Entering directory `/home/ed/mcsema-testing/SANDBOX/test-2015-12-21_15-36-50/MultiSource/Benchmarks/TSVC/StatementReordering-dbl'
/home/ed/mcsema-testing/llvm-test-suite/RunSafely.sh --show-errors -t "/home/ed/mcsema-testing/SANDBOX/test-2015-12-21_15-36-50/tools/timeit" 500 /dev/null Output/dummy.llvm.o.compile \
	  /usr/bin/clang -I/home/ed/mcsema-testing/SANDBOX/test-2015-12-21_15-36-50/MultiSource/Benchmarks/TSVC/StatementReordering-dbl -I/home/ed/mcsema-testing/llvm-test-suite/MultiSource/Benchmarks/TSVC/StatementReordering-dbl -I/home/ed/mcsema-testing/llvm-test-suite/include -I../../../../include -D_GNU_SOURCE -D__STDC_LIMIT_MACROS -DNDEBUG -std=gnu99 -O3  -m64 -fomit-frame-pointer -c /home/ed/mcsema-testing/llvm-test-suite/MultiSource/Benchmarks/TSVC/StatementReordering-dbl/dummy.c -o Output/dummy.llvm.o
/home/ed/mcsema-testing/llvm-test-suite/RunSafely.sh --show-errors -t "/home/ed/mcsema-testing/SANDBOX/test-2015-12-21_15-36-50/tools/timeit" 500 /dev/null Output/tsc.llvm.o.compile \
	  /usr/bin/clang -I/home/ed/mcsema-testing/SANDBOX/test-2015-12-21_15-36-50/MultiSource/Benchmarks/TSVC/StatementReordering-dbl -I/home/ed/mcsema-testing/llvm-test-suite/MultiSource/Benchmarks/TSVC/StatementReordering-dbl -I/home/ed/mcsema-testing/llvm-test-suite/include -I../../../../include -D_GNU_SOURCE -D__STDC_LIMIT_MACROS -DNDEBUG -std=gnu99 -O3  -m64 -fomit-frame-pointer -c /home/ed/mcsema-testing/llvm-test-suite/MultiSource/Benchmarks/TSVC/StatementReordering-dbl/tsc.c -o Output/tsc.llvm.o
/usr/bin/clang++ -o Output/StatementReordering-dbl.simple Output/dummy.llvm.o Output/tsc.llvm.o -lm -std=gnu99  -m64 -fomit-frame-pointer
/home/ed/mcsema-testing/llvm-test-suite/RunSafely.sh -t "/home/ed/mcsema-testing/SANDBOX/test-2015-12-21_15-36-50/tools/timeit-target" 500 /dev/null Output/StatementReordering-dbl.out-simple Output/StatementReordering-dbl.simple 20000 14
cp Output/StatementReordering-dbl.simple Output/StatementReordering-dbl.simple-hash; \
	strip --remove-section=.comment --remove-section='.note*' Output/StatementReordering-dbl.simple-hash; \
	/home/ed/mcsema-testing/llvm-test-suite/HashProgramOutput.sh Output/StatementReordering-dbl.simple-hash
if [ -f "/home/ed/mcsema-testing/llvm-test-suite/MultiSource/Benchmarks/TSVC/StatementReordering-dbl/StatementReordering-dbl.reference_output.little-endian." ]; then \
	  cp /home/ed/mcsema-testing/llvm-test-suite/MultiSource/Benchmarks/TSVC/StatementReordering-dbl/StatementReordering-dbl.reference_output.little-endian. Output/StatementReordering-dbl.out-nat; \
	elif [ -f "/home/ed/mcsema-testing/llvm-test-suite/MultiSource/Benchmarks/TSVC/StatementReordering-dbl/StatementReordering-dbl.reference_output." ]; then \
	  cp /home/ed/mcsema-testing/llvm-test-suite/MultiSource/Benchmarks/TSVC/StatementReordering-dbl/StatementReordering-dbl.reference_output. Output/StatementReordering-dbl.out-nat; \
	elif [ -f "/home/ed/mcsema-testing/llvm-test-suite/MultiSource/Benchmarks/TSVC/StatementReordering-dbl/StatementReordering-dbl.reference_output.little-endian" ]; then \
	  cp /home/ed/mcsema-testing/llvm-test-suite/MultiSource/Benchmarks/TSVC/StatementReordering-dbl/StatementReordering-dbl.reference_output.little-endian Output/StatementReordering-dbl.out-nat; \
	elif [ -f "/home/ed/mcsema-testing/llvm-test-suite/MultiSource/Benchmarks/TSVC/StatementReordering-dbl/StatementReordering-dbl.reference_output" ]; then \
	  cp /home/ed/mcsema-testing/llvm-test-suite/MultiSource/Benchmarks/TSVC/StatementReordering-dbl/StatementReordering-dbl.reference_output Output/StatementReordering-dbl.out-nat; \
	else \
	  printf "WARNING: %s: %s\n" "NO REFERENCE OUTPUT (using default)" "/home/ed/mcsema-testing/llvm-test-suite/MultiSource/Benchmarks/TSVC/StatementReordering-dbl/StatementReordering-dbl.reference_output" > Output/StatementReordering-dbl.out-nat; \
	  cp /home/ed/mcsema-testing/llvm-test-suite/default.reference_output Output/StatementReordering-dbl.out-nat; \
	  cat Output/StatementReordering-dbl.out-nat; \
	fi
# Pretend that the reference output was produced instantaneously.
cp /home/ed/mcsema-testing/llvm-test-suite/instant.txt Output/StatementReordering-dbl.out-nat.time
/home/ed/mcsema-testing/llvm-test-suite/DiffOutput.sh "/home/ed/mcsema-testing/SANDBOX/test-2015-12-21_15-36-50/tools/fpcmp " simple StatementReordering-dbl 
rm -f Output/StatementReordering-dbl.exe-simple
cp Output/StatementReordering-dbl.diff-simple Output/StatementReordering-dbl.exe-simple
if test -f Output/StatementReordering-dbl.extra-results.txt; then \
	  /home/ed/mcsema-testing/llvm-test-suite/ParseMultipleResults /home/ed/mcsema-testing/SANDBOX/test-2015-12-21_15-36-50/MultiSource/Benchmarks/TSVC/StatementReordering-dbl/StatementReordering-dbl Output/StatementReordering-dbl.extra-results.txt >> Output/StatementReordering-dbl.simple.exec.report.txt; \
	fi
cat Output/StatementReordering-dbl.simple.compile.report.txt Output/StatementReordering-dbl.simple.exec.report.txt >> Output/StatementReordering-dbl.simple.report.txt
---------------------------------------------------------------
>>> ========= '/home/ed/mcsema-testing/SANDBOX/test-2015-12-21_15-36-50/MultiSource/Benchmarks/TSVC/StatementReordering-dbl/StatementReordering-dbl' Program
---------------------------------------------------------------

TEST-PASS: compile /home/ed/mcsema-testing/SANDBOX/test-2015-12-21_15-36-50/MultiSource/Benchmarks/TSVC/StatementReordering-dbl/StatementReordering-dbl
TEST-RESULT-compile-success: pass
TEST-RESULT-compile-hash: cabd931d7e8bc80e2d9bb45f1a39daad
TEST-RESULT-compile-time: user 0.661200
TEST-RESULT-compile-real-time: real 0.702600

TEST-PASS: exec /home/ed/mcsema-testing/SANDBOX/test-2015-12-21_15-36-50/MultiSource/Benchmarks/TSVC/StatementReordering-dbl/StatementReordering-dbl
TEST-RESULT-exec-success: pass
TEST-RESULT-exec-time: user       3.6749
TEST-RESULT-exec-real-time: real       3.6846
make[5]: Leaving directory `/home/ed/mcsema-testing/SANDBOX/test-2015-12-21_15-36-50/MultiSource/Benchmarks/TSVC/StatementReordering-dbl'
make[5]: Entering directory `/home/ed/mcsema-testing/SANDBOX/test-2015-12-21_15-36-50/MultiSource/Benchmarks/TSVC/LoopRestructuring-dbl'
/home/ed/mcsema-testing/llvm-test-suite/RunSafely.sh --show-errors -t "/home/ed/mcsema-testing/SANDBOX/test-2015-12-21_15-36-50/tools/timeit" 500 /dev/null Output/dummy.llvm.o.compile \
	  /usr/bin/clang -I/home/ed/mcsema-testing/SANDBOX/test-2015-12-21_15-36-50/MultiSource/Benchmarks/TSVC/LoopRestructuring-dbl -I/home/ed/mcsema-testing/llvm-test-suite/MultiSource/Benchmarks/TSVC/LoopRestructuring-dbl -I/home/ed/mcsema-testing/llvm-test-suite/include -I../../../../include -D_GNU_SOURCE -D__STDC_LIMIT_MACROS -DNDEBUG -std=gnu99 -O3  -m64 -fomit-frame-pointer -c /home/ed/mcsema-testing/llvm-test-suite/MultiSource/Benchmarks/TSVC/LoopRestructuring-dbl/dummy.c -o Output/dummy.llvm.o
/home/ed/mcsema-testing/llvm-test-suite/RunSafely.sh --show-errors -t "/home/ed/mcsema-testing/SANDBOX/test-2015-12-21_15-36-50/tools/timeit" 500 /dev/null Output/tsc.llvm.o.compile \
	  /usr/bin/clang -I/home/ed/mcsema-testing/SANDBOX/test-2015-12-21_15-36-50/MultiSource/Benchmarks/TSVC/LoopRestructuring-dbl -I/home/ed/mcsema-testing/llvm-test-suite/MultiSource/Benchmarks/TSVC/LoopRestructuring-dbl -I/home/ed/mcsema-testing/llvm-test-suite/include -I../../../../include -D_GNU_SOURCE -D__STDC_LIMIT_MACROS -DNDEBUG -std=gnu99 -O3  -m64 -fomit-frame-pointer -c /home/ed/mcsema-testing/llvm-test-suite/MultiSource/Benchmarks/TSVC/LoopRestructuring-dbl/tsc.c -o Output/tsc.llvm.o
/usr/bin/clang++ -o Output/LoopRestructuring-dbl.simple Output/dummy.llvm.o Output/tsc.llvm.o -lm -std=gnu99  -m64 -fomit-frame-pointer
/home/ed/mcsema-testing/llvm-test-suite/RunSafely.sh -t "/home/ed/mcsema-testing/SANDBOX/test-2015-12-21_15-36-50/tools/timeit-target" 500 /dev/null Output/LoopRestructuring-dbl.out-simple Output/LoopRestructuring-dbl.simple 4350 14
cp Output/LoopRestructuring-dbl.simple Output/LoopRestructuring-dbl.simple-hash; \
	strip --remove-section=.comment --remove-section='.note*' Output/LoopRestructuring-dbl.simple-hash; \
	/home/ed/mcsema-testing/llvm-test-suite/HashProgramOutput.sh Output/LoopRestructuring-dbl.simple-hash
if [ -f "/home/ed/mcsema-testing/llvm-test-suite/MultiSource/Benchmarks/TSVC/LoopRestructuring-dbl/LoopRestructuring-dbl.reference_output.little-endian." ]; then \
	  cp /home/ed/mcsema-testing/llvm-test-suite/MultiSource/Benchmarks/TSVC/LoopRestructuring-dbl/LoopRestructuring-dbl.reference_output.little-endian. Output/LoopRestructuring-dbl.out-nat; \
	elif [ -f "/home/ed/mcsema-testing/llvm-test-suite/MultiSource/Benchmarks/TSVC/LoopRestructuring-dbl/LoopRestructuring-dbl.reference_output." ]; then \
	  cp /home/ed/mcsema-testing/llvm-test-suite/MultiSource/Benchmarks/TSVC/LoopRestructuring-dbl/LoopRestructuring-dbl.reference_output. Output/LoopRestructuring-dbl.out-nat; \
	elif [ -f "/home/ed/mcsema-testing/llvm-test-suite/MultiSource/Benchmarks/TSVC/LoopRestructuring-dbl/LoopRestructuring-dbl.reference_output.little-endian" ]; then \
	  cp /home/ed/mcsema-testing/llvm-test-suite/MultiSource/Benchmarks/TSVC/LoopRestructuring-dbl/LoopRestructuring-dbl.reference_output.little-endian Output/LoopRestructuring-dbl.out-nat; \
	elif [ -f "/home/ed/mcsema-testing/llvm-test-suite/MultiSource/Benchmarks/TSVC/LoopRestructuring-dbl/LoopRestructuring-dbl.reference_output" ]; then \
	  cp /home/ed/mcsema-testing/llvm-test-suite/MultiSource/Benchmarks/TSVC/LoopRestructuring-dbl/LoopRestructuring-dbl.reference_output Output/LoopRestructuring-dbl.out-nat; \
	else \
	  printf "WARNING: %s: %s\n" "NO REFERENCE OUTPUT (using default)" "/home/ed/mcsema-testing/llvm-test-suite/MultiSource/Benchmarks/TSVC/LoopRestructuring-dbl/LoopRestructuring-dbl.reference_output" > Output/LoopRestructuring-dbl.out-nat; \
	  cp /home/ed/mcsema-testing/llvm-test-suite/default.reference_output Output/LoopRestructuring-dbl.out-nat; \
	  cat Output/LoopRestructuring-dbl.out-nat; \
	fi
# Pretend that the reference output was produced instantaneously.
cp /home/ed/mcsema-testing/llvm-test-suite/instant.txt Output/LoopRestructuring-dbl.out-nat.time
/home/ed/mcsema-testing/llvm-test-suite/DiffOutput.sh "/home/ed/mcsema-testing/SANDBOX/test-2015-12-21_15-36-50/tools/fpcmp " simple LoopRestructuring-dbl 
rm -f Output/LoopRestructuring-dbl.exe-simple
cp Output/LoopRestructuring-dbl.diff-simple Output/LoopRestructuring-dbl.exe-simple
if test -f Output/LoopRestructuring-dbl.extra-results.txt; then \
	  /home/ed/mcsema-testing/llvm-test-suite/ParseMultipleResults /home/ed/mcsema-testing/SANDBOX/test-2015-12-21_15-36-50/MultiSource/Benchmarks/TSVC/LoopRestructuring-dbl/LoopRestructuring-dbl Output/LoopRestructuring-dbl.extra-results.txt >> Output/LoopRestructuring-dbl.simple.exec.report.txt; \
	fi
cat Output/LoopRestructuring-dbl.simple.compile.report.txt Output/LoopRestructuring-dbl.simple.exec.report.txt >> Output/LoopRestructuring-dbl.simple.report.txt
---------------------------------------------------------------
>>> ========= '/home/ed/mcsema-testing/SANDBOX/test-2015-12-21_15-36-50/MultiSource/Benchmarks/TSVC/LoopRestructuring-dbl/LoopRestructuring-dbl' Program
---------------------------------------------------------------

TEST-PASS: compile /home/ed/mcsema-testing/SANDBOX/test-2015-12-21_15-36-50/MultiSource/Benchmarks/TSVC/LoopRestructuring-dbl/LoopRestructuring-dbl
TEST-RESULT-compile-success: pass
TEST-RESULT-compile-hash: f358d541a778bebd0268acfe51dfeca3
TEST-RESULT-compile-time: user 0.709100
TEST-RESULT-compile-real-time: real 0.756000

TEST-PASS: exec /home/ed/mcsema-testing/SANDBOX/test-2015-12-21_15-36-50/MultiSource/Benchmarks/TSVC/LoopRestructuring-dbl/LoopRestructuring-dbl
TEST-RESULT-exec-success: pass
TEST-RESULT-exec-time: user       5.2774
TEST-RESULT-exec-real-time: real       5.2894
make[5]: Leaving directory `/home/ed/mcsema-testing/SANDBOX/test-2015-12-21_15-36-50/MultiSource/Benchmarks/TSVC/LoopRestructuring-dbl'
make[5]: Entering directory `/home/ed/mcsema-testing/SANDBOX/test-2015-12-21_15-36-50/MultiSource/Benchmarks/TSVC/NodeSplitting-dbl'
/home/ed/mcsema-testing/llvm-test-suite/RunSafely.sh --show-errors -t "/home/ed/mcsema-testing/SANDBOX/test-2015-12-21_15-36-50/tools/timeit" 500 /dev/null Output/dummy.llvm.o.compile \
	  /usr/bin/clang -I/home/ed/mcsema-testing/SANDBOX/test-2015-12-21_15-36-50/MultiSource/Benchmarks/TSVC/NodeSplitting-dbl -I/home/ed/mcsema-testing/llvm-test-suite/MultiSource/Benchmarks/TSVC/NodeSplitting-dbl -I/home/ed/mcsema-testing/llvm-test-suite/include -I../../../../include -D_GNU_SOURCE -D__STDC_LIMIT_MACROS -DNDEBUG -std=gnu99 -O3  -m64 -fomit-frame-pointer -c /home/ed/mcsema-testing/llvm-test-suite/MultiSource/Benchmarks/TSVC/NodeSplitting-dbl/dummy.c -o Output/dummy.llvm.o
/home/ed/mcsema-testing/llvm-test-suite/RunSafely.sh --show-errors -t "/home/ed/mcsema-testing/SANDBOX/test-2015-12-21_15-36-50/tools/timeit" 500 /dev/null Output/tsc.llvm.o.compile \
	  /usr/bin/clang -I/home/ed/mcsema-testing/SANDBOX/test-2015-12-21_15-36-50/MultiSource/Benchmarks/TSVC/NodeSplitting-dbl -I/home/ed/mcsema-testing/llvm-test-suite/MultiSource/Benchmarks/TSVC/NodeSplitting-dbl -I/home/ed/mcsema-testing/llvm-test-suite/include -I../../../../include -D_GNU_SOURCE -D__STDC_LIMIT_MACROS -DNDEBUG -std=gnu99 -O3  -m64 -fomit-frame-pointer -c /home/ed/mcsema-testing/llvm-test-suite/MultiSource/Benchmarks/TSVC/NodeSplitting-dbl/tsc.c -o Output/tsc.llvm.o
/usr/bin/clang++ -o Output/NodeSplitting-dbl.simple Output/dummy.llvm.o Output/tsc.llvm.o -lm -std=gnu99  -m64 -fomit-frame-pointer
/home/ed/mcsema-testing/llvm-test-suite/RunSafely.sh -t "/home/ed/mcsema-testing/SANDBOX/test-2015-12-21_15-36-50/tools/timeit-target" 500 /dev/null Output/NodeSplitting-dbl.out-simple Output/NodeSplitting-dbl.simple 10000 14
cp Output/NodeSplitting-dbl.simple Output/NodeSplitting-dbl.simple-hash; \
	strip --remove-section=.comment --remove-section='.note*' Output/NodeSplitting-dbl.simple-hash; \
	/home/ed/mcsema-testing/llvm-test-suite/HashProgramOutput.sh Output/NodeSplitting-dbl.simple-hash
if [ -f "/home/ed/mcsema-testing/llvm-test-suite/MultiSource/Benchmarks/TSVC/NodeSplitting-dbl/NodeSplitting-dbl.reference_output.little-endian." ]; then \
	  cp /home/ed/mcsema-testing/llvm-test-suite/MultiSource/Benchmarks/TSVC/NodeSplitting-dbl/NodeSplitting-dbl.reference_output.little-endian. Output/NodeSplitting-dbl.out-nat; \
	elif [ -f "/home/ed/mcsema-testing/llvm-test-suite/MultiSource/Benchmarks/TSVC/NodeSplitting-dbl/NodeSplitting-dbl.reference_output." ]; then \
	  cp /home/ed/mcsema-testing/llvm-test-suite/MultiSource/Benchmarks/TSVC/NodeSplitting-dbl/NodeSplitting-dbl.reference_output. Output/NodeSplitting-dbl.out-nat; \
	elif [ -f "/home/ed/mcsema-testing/llvm-test-suite/MultiSource/Benchmarks/TSVC/NodeSplitting-dbl/NodeSplitting-dbl.reference_output.little-endian" ]; then \
	  cp /home/ed/mcsema-testing/llvm-test-suite/MultiSource/Benchmarks/TSVC/NodeSplitting-dbl/NodeSplitting-dbl.reference_output.little-endian Output/NodeSplitting-dbl.out-nat; \
	elif [ -f "/home/ed/mcsema-testing/llvm-test-suite/MultiSource/Benchmarks/TSVC/NodeSplitting-dbl/NodeSplitting-dbl.reference_output" ]; then \
	  cp /home/ed/mcsema-testing/llvm-test-suite/MultiSource/Benchmarks/TSVC/NodeSplitting-dbl/NodeSplitting-dbl.reference_output Output/NodeSplitting-dbl.out-nat; \
	else \
	  printf "WARNING: %s: %s\n" "NO REFERENCE OUTPUT (using default)" "/home/ed/mcsema-testing/llvm-test-suite/MultiSource/Benchmarks/TSVC/NodeSplitting-dbl/NodeSplitting-dbl.reference_output" > Output/NodeSplitting-dbl.out-nat; \
	  cp /home/ed/mcsema-testing/llvm-test-suite/default.reference_output Output/NodeSplitting-dbl.out-nat; \
	  cat Output/NodeSplitting-dbl.out-nat; \
	fi
# Pretend that the reference output was produced instantaneously.
cp /home/ed/mcsema-testing/llvm-test-suite/instant.txt Output/NodeSplitting-dbl.out-nat.time
/home/ed/mcsema-testing/llvm-test-suite/DiffOutput.sh "/home/ed/mcsema-testing/SANDBOX/test-2015-12-21_15-36-50/tools/fpcmp " simple NodeSplitting-dbl 
rm -f Output/NodeSplitting-dbl.exe-simple
cp Output/NodeSplitting-dbl.diff-simple Output/NodeSplitting-dbl.exe-simple
if test -f Output/NodeSplitting-dbl.extra-results.txt; then \
	  /home/ed/mcsema-testing/llvm-test-suite/ParseMultipleResults /home/ed/mcsema-testing/SANDBOX/test-2015-12-21_15-36-50/MultiSource/Benchmarks/TSVC/NodeSplitting-dbl/NodeSplitting-dbl Output/NodeSplitting-dbl.extra-results.txt >> Output/NodeSplitting-dbl.simple.exec.report.txt; \
	fi
cat Output/NodeSplitting-dbl.simple.compile.report.txt Output/NodeSplitting-dbl.simple.exec.report.txt >> Output/NodeSplitting-dbl.simple.report.txt
---------------------------------------------------------------
>>> ========= '/home/ed/mcsema-testing/SANDBOX/test-2015-12-21_15-36-50/MultiSource/Benchmarks/TSVC/NodeSplitting-dbl/NodeSplitting-dbl' Program
---------------------------------------------------------------

TEST-PASS: compile /home/ed/mcsema-testing/SANDBOX/test-2015-12-21_15-36-50/MultiSource/Benchmarks/TSVC/NodeSplitting-dbl/NodeSplitting-dbl
TEST-RESULT-compile-success: pass
TEST-RESULT-compile-hash: c89b2540bdcc7677941525936e12671d
TEST-RESULT-compile-time: user 0.688500
TEST-RESULT-compile-real-time: real 0.733900

TEST-PASS: exec /home/ed/mcsema-testing/SANDBOX/test-2015-12-21_15-36-50/MultiSource/Benchmarks/TSVC/NodeSplitting-dbl/NodeSplitting-dbl
TEST-RESULT-exec-success: pass
TEST-RESULT-exec-time: user       3.8197
TEST-RESULT-exec-real-time: real       3.8294
make[5]: Leaving directory `/home/ed/mcsema-testing/SANDBOX/test-2015-12-21_15-36-50/MultiSource/Benchmarks/TSVC/NodeSplitting-dbl'
make[5]: Entering directory `/home/ed/mcsema-testing/SANDBOX/test-2015-12-21_15-36-50/MultiSource/Benchmarks/TSVC/Expansion-dbl'
/home/ed/mcsema-testing/llvm-test-suite/RunSafely.sh --show-errors -t "/home/ed/mcsema-testing/SANDBOX/test-2015-12-21_15-36-50/tools/timeit" 500 /dev/null Output/dummy.llvm.o.compile \
	  /usr/bin/clang -I/home/ed/mcsema-testing/SANDBOX/test-2015-12-21_15-36-50/MultiSource/Benchmarks/TSVC/Expansion-dbl -I/home/ed/mcsema-testing/llvm-test-suite/MultiSource/Benchmarks/TSVC/Expansion-dbl -I/home/ed/mcsema-testing/llvm-test-suite/include -I../../../../include -D_GNU_SOURCE -D__STDC_LIMIT_MACROS -DNDEBUG -std=gnu99 -O3  -m64 -fomit-frame-pointer -c /home/ed/mcsema-testing/llvm-test-suite/MultiSource/Benchmarks/TSVC/Expansion-dbl/dummy.c -o Output/dummy.llvm.o
/home/ed/mcsema-testing/llvm-test-suite/RunSafely.sh --show-errors -t "/home/ed/mcsema-testing/SANDBOX/test-2015-12-21_15-36-50/tools/timeit" 500 /dev/null Output/tsc.llvm.o.compile \
	  /usr/bin/clang -I/home/ed/mcsema-testing/SANDBOX/test-2015-12-21_15-36-50/MultiSource/Benchmarks/TSVC/Expansion-dbl -I/home/ed/mcsema-testing/llvm-test-suite/MultiSource/Benchmarks/TSVC/Expansion-dbl -I/home/ed/mcsema-testing/llvm-test-suite/include -I../../../../include -D_GNU_SOURCE -D__STDC_LIMIT_MACROS -DNDEBUG -std=gnu99 -O3  -m64 -fomit-frame-pointer -c /home/ed/mcsema-testing/llvm-test-suite/MultiSource/Benchmarks/TSVC/Expansion-dbl/tsc.c -o Output/tsc.llvm.o
/usr/bin/clang++ -o Output/Expansion-dbl.simple Output/dummy.llvm.o Output/tsc.llvm.o -lm -std=gnu99  -m64 -fomit-frame-pointer
/home/ed/mcsema-testing/llvm-test-suite/RunSafely.sh -t "/home/ed/mcsema-testing/SANDBOX/test-2015-12-21_15-36-50/tools/timeit-target" 500 /dev/null Output/Expansion-dbl.out-simple Output/Expansion-dbl.simple 4160 14
cp Output/Expansion-dbl.simple Output/Expansion-dbl.simple-hash; \
	strip --remove-section=.comment --remove-section='.note*' Output/Expansion-dbl.simple-hash; \
	/home/ed/mcsema-testing/llvm-test-suite/HashProgramOutput.sh Output/Expansion-dbl.simple-hash
if [ -f "/home/ed/mcsema-testing/llvm-test-suite/MultiSource/Benchmarks/TSVC/Expansion-dbl/Expansion-dbl.reference_output.little-endian." ]; then \
	  cp /home/ed/mcsema-testing/llvm-test-suite/MultiSource/Benchmarks/TSVC/Expansion-dbl/Expansion-dbl.reference_output.little-endian. Output/Expansion-dbl.out-nat; \
	elif [ -f "/home/ed/mcsema-testing/llvm-test-suite/MultiSource/Benchmarks/TSVC/Expansion-dbl/Expansion-dbl.reference_output." ]; then \
	  cp /home/ed/mcsema-testing/llvm-test-suite/MultiSource/Benchmarks/TSVC/Expansion-dbl/Expansion-dbl.reference_output. Output/Expansion-dbl.out-nat; \
	elif [ -f "/home/ed/mcsema-testing/llvm-test-suite/MultiSource/Benchmarks/TSVC/Expansion-dbl/Expansion-dbl.reference_output.little-endian" ]; then \
	  cp /home/ed/mcsema-testing/llvm-test-suite/MultiSource/Benchmarks/TSVC/Expansion-dbl/Expansion-dbl.reference_output.little-endian Output/Expansion-dbl.out-nat; \
	elif [ -f "/home/ed/mcsema-testing/llvm-test-suite/MultiSource/Benchmarks/TSVC/Expansion-dbl/Expansion-dbl.reference_output" ]; then \
	  cp /home/ed/mcsema-testing/llvm-test-suite/MultiSource/Benchmarks/TSVC/Expansion-dbl/Expansion-dbl.reference_output Output/Expansion-dbl.out-nat; \
	else \
	  printf "WARNING: %s: %s\n" "NO REFERENCE OUTPUT (using default)" "/home/ed/mcsema-testing/llvm-test-suite/MultiSource/Benchmarks/TSVC/Expansion-dbl/Expansion-dbl.reference_output" > Output/Expansion-dbl.out-nat; \
	  cp /home/ed/mcsema-testing/llvm-test-suite/default.reference_output Output/Expansion-dbl.out-nat; \
	  cat Output/Expansion-dbl.out-nat; \
	fi
# Pretend that the reference output was produced instantaneously.
cp /home/ed/mcsema-testing/llvm-test-suite/instant.txt Output/Expansion-dbl.out-nat.time
/home/ed/mcsema-testing/llvm-test-suite/DiffOutput.sh "/home/ed/mcsema-testing/SANDBOX/test-2015-12-21_15-36-50/tools/fpcmp " simple Expansion-dbl 
rm -f Output/Expansion-dbl.exe-simple
cp Output/Expansion-dbl.diff-simple Output/Expansion-dbl.exe-simple
if test -f Output/Expansion-dbl.extra-results.txt; then \
	  /home/ed/mcsema-testing/llvm-test-suite/ParseMultipleResults /home/ed/mcsema-testing/SANDBOX/test-2015-12-21_15-36-50/MultiSource/Benchmarks/TSVC/Expansion-dbl/Expansion-dbl Output/Expansion-dbl.extra-results.txt >> Output/Expansion-dbl.simple.exec.report.txt; \
	fi
cat Output/Expansion-dbl.simple.compile.report.txt Output/Expansion-dbl.simple.exec.report.txt >> Output/Expansion-dbl.simple.report.txt
---------------------------------------------------------------
>>> ========= '/home/ed/mcsema-testing/SANDBOX/test-2015-12-21_15-36-50/MultiSource/Benchmarks/TSVC/Expansion-dbl/Expansion-dbl' Program
---------------------------------------------------------------

TEST-PASS: compile /home/ed/mcsema-testing/SANDBOX/test-2015-12-21_15-36-50/MultiSource/Benchmarks/TSVC/Expansion-dbl/Expansion-dbl
TEST-RESULT-compile-success: pass
TEST-RESULT-compile-hash: 691f675c3262fcf6b1a6594a3ecc835f
TEST-RESULT-compile-time: user 0.723300
TEST-RESULT-compile-real-time: real 0.767700

TEST-PASS: exec /home/ed/mcsema-testing/SANDBOX/test-2015-12-21_15-36-50/MultiSource/Benchmarks/TSVC/Expansion-dbl/Expansion-dbl
TEST-RESULT-exec-success: pass
TEST-RESULT-exec-time: user       3.8994
TEST-RESULT-exec-real-time: real       3.9120
make[5]: Leaving directory `/home/ed/mcsema-testing/SANDBOX/test-2015-12-21_15-36-50/MultiSource/Benchmarks/TSVC/Expansion-dbl'
make[5]: Entering directory `/home/ed/mcsema-testing/SANDBOX/test-2015-12-21_15-36-50/MultiSource/Benchmarks/TSVC/CrossingThresholds-dbl'
/home/ed/mcsema-testing/llvm-test-suite/RunSafely.sh --show-errors -t "/home/ed/mcsema-testing/SANDBOX/test-2015-12-21_15-36-50/tools/timeit" 500 /dev/null Output/dummy.llvm.o.compile \
	  /usr/bin/clang -I/home/ed/mcsema-testing/SANDBOX/test-2015-12-21_15-36-50/MultiSource/Benchmarks/TSVC/CrossingThresholds-dbl -I/home/ed/mcsema-testing/llvm-test-suite/MultiSource/Benchmarks/TSVC/CrossingThresholds-dbl -I/home/ed/mcsema-testing/llvm-test-suite/include -I../../../../include -D_GNU_SOURCE -D__STDC_LIMIT_MACROS -DNDEBUG -std=gnu99 -O3  -m64 -fomit-frame-pointer -c /home/ed/mcsema-testing/llvm-test-suite/MultiSource/Benchmarks/TSVC/CrossingThresholds-dbl/dummy.c -o Output/dummy.llvm.o
/home/ed/mcsema-testing/llvm-test-suite/RunSafely.sh --show-errors -t "/home/ed/mcsema-testing/SANDBOX/test-2015-12-21_15-36-50/tools/timeit" 500 /dev/null Output/tsc.llvm.o.compile \
	  /usr/bin/clang -I/home/ed/mcsema-testing/SANDBOX/test-2015-12-21_15-36-50/MultiSource/Benchmarks/TSVC/CrossingThresholds-dbl -I/home/ed/mcsema-testing/llvm-test-suite/MultiSource/Benchmarks/TSVC/CrossingThresholds-dbl -I/home/ed/mcsema-testing/llvm-test-suite/include -I../../../../include -D_GNU_SOURCE -D__STDC_LIMIT_MACROS -DNDEBUG -std=gnu99 -O3  -m64 -fomit-frame-pointer -c /home/ed/mcsema-testing/llvm-test-suite/MultiSource/Benchmarks/TSVC/CrossingThresholds-dbl/tsc.c -o Output/tsc.llvm.o
/usr/bin/clang++ -o Output/CrossingThresholds-dbl.simple Output/dummy.llvm.o Output/tsc.llvm.o -lm -std=gnu99  -m64 -fomit-frame-pointer
/home/ed/mcsema-testing/llvm-test-suite/RunSafely.sh -t "/home/ed/mcsema-testing/SANDBOX/test-2015-12-21_15-36-50/tools/timeit-target" 500 /dev/null Output/CrossingThresholds-dbl.out-simple Output/CrossingThresholds-dbl.simple 5880 14
cp Output/CrossingThresholds-dbl.simple Output/CrossingThresholds-dbl.simple-hash; \
	strip --remove-section=.comment --remove-section='.note*' Output/CrossingThresholds-dbl.simple-hash; \
	/home/ed/mcsema-testing/llvm-test-suite/HashProgramOutput.sh Output/CrossingThresholds-dbl.simple-hash
if [ -f "/home/ed/mcsema-testing/llvm-test-suite/MultiSource/Benchmarks/TSVC/CrossingThresholds-dbl/CrossingThresholds-dbl.reference_output.little-endian." ]; then \
	  cp /home/ed/mcsema-testing/llvm-test-suite/MultiSource/Benchmarks/TSVC/CrossingThresholds-dbl/CrossingThresholds-dbl.reference_output.little-endian. Output/CrossingThresholds-dbl.out-nat; \
	elif [ -f "/home/ed/mcsema-testing/llvm-test-suite/MultiSource/Benchmarks/TSVC/CrossingThresholds-dbl/CrossingThresholds-dbl.reference_output." ]; then \
	  cp /home/ed/mcsema-testing/llvm-test-suite/MultiSource/Benchmarks/TSVC/CrossingThresholds-dbl/CrossingThresholds-dbl.reference_output. Output/CrossingThresholds-dbl.out-nat; \
	elif [ -f "/home/ed/mcsema-testing/llvm-test-suite/MultiSource/Benchmarks/TSVC/CrossingThresholds-dbl/CrossingThresholds-dbl.reference_output.little-endian" ]; then \
	  cp /home/ed/mcsema-testing/llvm-test-suite/MultiSource/Benchmarks/TSVC/CrossingThresholds-dbl/CrossingThresholds-dbl.reference_output.little-endian Output/CrossingThresholds-dbl.out-nat; \
	elif [ -f "/home/ed/mcsema-testing/llvm-test-suite/MultiSource/Benchmarks/TSVC/CrossingThresholds-dbl/CrossingThresholds-dbl.reference_output" ]; then \
	  cp /home/ed/mcsema-testing/llvm-test-suite/MultiSource/Benchmarks/TSVC/CrossingThresholds-dbl/CrossingThresholds-dbl.reference_output Output/CrossingThresholds-dbl.out-nat; \
	else \
	  printf "WARNING: %s: %s\n" "NO REFERENCE OUTPUT (using default)" "/home/ed/mcsema-testing/llvm-test-suite/MultiSource/Benchmarks/TSVC/CrossingThresholds-dbl/CrossingThresholds-dbl.reference_output" > Output/CrossingThresholds-dbl.out-nat; \
	  cp /home/ed/mcsema-testing/llvm-test-suite/default.reference_output Output/CrossingThresholds-dbl.out-nat; \
	  cat Output/CrossingThresholds-dbl.out-nat; \
	fi
# Pretend that the reference output was produced instantaneously.
cp /home/ed/mcsema-testing/llvm-test-suite/instant.txt Output/CrossingThresholds-dbl.out-nat.time
/home/ed/mcsema-testing/llvm-test-suite/DiffOutput.sh "/home/ed/mcsema-testing/SANDBOX/test-2015-12-21_15-36-50/tools/fpcmp " simple CrossingThresholds-dbl 
rm -f Output/CrossingThresholds-dbl.exe-simple
cp Output/CrossingThresholds-dbl.diff-simple Output/CrossingThresholds-dbl.exe-simple
if test -f Output/CrossingThresholds-dbl.extra-results.txt; then \
	  /home/ed/mcsema-testing/llvm-test-suite/ParseMultipleResults /home/ed/mcsema-testing/SANDBOX/test-2015-12-21_15-36-50/MultiSource/Benchmarks/TSVC/CrossingThresholds-dbl/CrossingThresholds-dbl Output/CrossingThresholds-dbl.extra-results.txt >> Output/CrossingThresholds-dbl.simple.exec.report.txt; \
	fi
cat Output/CrossingThresholds-dbl.simple.compile.report.txt Output/CrossingThresholds-dbl.simple.exec.report.txt >> Output/CrossingThresholds-dbl.simple.report.txt
---------------------------------------------------------------
>>> ========= '/home/ed/mcsema-testing/SANDBOX/test-2015-12-21_15-36-50/MultiSource/Benchmarks/TSVC/CrossingThresholds-dbl/CrossingThresholds-dbl' Program
---------------------------------------------------------------

TEST-PASS: compile /home/ed/mcsema-testing/SANDBOX/test-2015-12-21_15-36-50/MultiSource/Benchmarks/TSVC/CrossingThresholds-dbl/CrossingThresholds-dbl
TEST-RESULT-compile-success: pass
TEST-RESULT-compile-hash: d89d39afb03280f806ed55be70aa492d
TEST-RESULT-compile-time: user 0.717300
TEST-RESULT-compile-real-time: real 0.763900

TEST-PASS: exec /home/ed/mcsema-testing/SANDBOX/test-2015-12-21_15-36-50/MultiSource/Benchmarks/TSVC/CrossingThresholds-dbl/CrossingThresholds-dbl
TEST-RESULT-exec-success: pass
TEST-RESULT-exec-time: user       3.9622
TEST-RESULT-exec-real-time: real       3.9717
make[5]: Leaving directory `/home/ed/mcsema-testing/SANDBOX/test-2015-12-21_15-36-50/MultiSource/Benchmarks/TSVC/CrossingThresholds-dbl'
make[5]: Entering directory `/home/ed/mcsema-testing/SANDBOX/test-2015-12-21_15-36-50/MultiSource/Benchmarks/TSVC/Reductions-dbl'
/home/ed/mcsema-testing/llvm-test-suite/RunSafely.sh --show-errors -t "/home/ed/mcsema-testing/SANDBOX/test-2015-12-21_15-36-50/tools/timeit" 500 /dev/null Output/dummy.llvm.o.compile \
	  /usr/bin/clang -I/home/ed/mcsema-testing/SANDBOX/test-2015-12-21_15-36-50/MultiSource/Benchmarks/TSVC/Reductions-dbl -I/home/ed/mcsema-testing/llvm-test-suite/MultiSource/Benchmarks/TSVC/Reductions-dbl -I/home/ed/mcsema-testing/llvm-test-suite/include -I../../../../include -D_GNU_SOURCE -D__STDC_LIMIT_MACROS -DNDEBUG -std=gnu99 -O3  -m64 -fomit-frame-pointer -c /home/ed/mcsema-testing/llvm-test-suite/MultiSource/Benchmarks/TSVC/Reductions-dbl/dummy.c -o Output/dummy.llvm.o
/home/ed/mcsema-testing/llvm-test-suite/RunSafely.sh --show-errors -t "/home/ed/mcsema-testing/SANDBOX/test-2015-12-21_15-36-50/tools/timeit" 500 /dev/null Output/tsc.llvm.o.compile \
	  /usr/bin/clang -I/home/ed/mcsema-testing/SANDBOX/test-2015-12-21_15-36-50/MultiSource/Benchmarks/TSVC/Reductions-dbl -I/home/ed/mcsema-testing/llvm-test-suite/MultiSource/Benchmarks/TSVC/Reductions-dbl -I/home/ed/mcsema-testing/llvm-test-suite/include -I../../../../include -D_GNU_SOURCE -D__STDC_LIMIT_MACROS -DNDEBUG -std=gnu99 -O3  -m64 -fomit-frame-pointer -c /home/ed/mcsema-testing/llvm-test-suite/MultiSource/Benchmarks/TSVC/Reductions-dbl/tsc.c -o Output/tsc.llvm.o
/usr/bin/clang++ -o Output/Reductions-dbl.simple Output/dummy.llvm.o Output/tsc.llvm.o -lm -std=gnu99  -m64 -fomit-frame-pointer
/home/ed/mcsema-testing/llvm-test-suite/RunSafely.sh -t "/home/ed/mcsema-testing/SANDBOX/test-2015-12-21_15-36-50/tools/timeit-target" 500 /dev/null Output/Reductions-dbl.out-simple Output/Reductions-dbl.simple 1670 14
cp Output/Reductions-dbl.simple Output/Reductions-dbl.simple-hash; \
	strip --remove-section=.comment --remove-section='.note*' Output/Reductions-dbl.simple-hash; \
	/home/ed/mcsema-testing/llvm-test-suite/HashProgramOutput.sh Output/Reductions-dbl.simple-hash
if [ -f "/home/ed/mcsema-testing/llvm-test-suite/MultiSource/Benchmarks/TSVC/Reductions-dbl/Reductions-dbl.reference_output.little-endian." ]; then \
	  cp /home/ed/mcsema-testing/llvm-test-suite/MultiSource/Benchmarks/TSVC/Reductions-dbl/Reductions-dbl.reference_output.little-endian. Output/Reductions-dbl.out-nat; \
	elif [ -f "/home/ed/mcsema-testing/llvm-test-suite/MultiSource/Benchmarks/TSVC/Reductions-dbl/Reductions-dbl.reference_output." ]; then \
	  cp /home/ed/mcsema-testing/llvm-test-suite/MultiSource/Benchmarks/TSVC/Reductions-dbl/Reductions-dbl.reference_output. Output/Reductions-dbl.out-nat; \
	elif [ -f "/home/ed/mcsema-testing/llvm-test-suite/MultiSource/Benchmarks/TSVC/Reductions-dbl/Reductions-dbl.reference_output.little-endian" ]; then \
	  cp /home/ed/mcsema-testing/llvm-test-suite/MultiSource/Benchmarks/TSVC/Reductions-dbl/Reductions-dbl.reference_output.little-endian Output/Reductions-dbl.out-nat; \
	elif [ -f "/home/ed/mcsema-testing/llvm-test-suite/MultiSource/Benchmarks/TSVC/Reductions-dbl/Reductions-dbl.reference_output" ]; then \
	  cp /home/ed/mcsema-testing/llvm-test-suite/MultiSource/Benchmarks/TSVC/Reductions-dbl/Reductions-dbl.reference_output Output/Reductions-dbl.out-nat; \
	else \
	  printf "WARNING: %s: %s\n" "NO REFERENCE OUTPUT (using default)" "/home/ed/mcsema-testing/llvm-test-suite/MultiSource/Benchmarks/TSVC/Reductions-dbl/Reductions-dbl.reference_output" > Output/Reductions-dbl.out-nat; \
	  cp /home/ed/mcsema-testing/llvm-test-suite/default.reference_output Output/Reductions-dbl.out-nat; \
	  cat Output/Reductions-dbl.out-nat; \
	fi
# Pretend that the reference output was produced instantaneously.
cp /home/ed/mcsema-testing/llvm-test-suite/instant.txt Output/Reductions-dbl.out-nat.time
/home/ed/mcsema-testing/llvm-test-suite/DiffOutput.sh "/home/ed/mcsema-testing/SANDBOX/test-2015-12-21_15-36-50/tools/fpcmp " simple Reductions-dbl 
rm -f Output/Reductions-dbl.exe-simple
cp Output/Reductions-dbl.diff-simple Output/Reductions-dbl.exe-simple
if test -f Output/Reductions-dbl.extra-results.txt; then \
	  /home/ed/mcsema-testing/llvm-test-suite/ParseMultipleResults /home/ed/mcsema-testing/SANDBOX/test-2015-12-21_15-36-50/MultiSource/Benchmarks/TSVC/Reductions-dbl/Reductions-dbl Output/Reductions-dbl.extra-results.txt >> Output/Reductions-dbl.simple.exec.report.txt; \
	fi
cat Output/Reductions-dbl.simple.compile.report.txt Output/Reductions-dbl.simple.exec.report.txt >> Output/Reductions-dbl.simple.report.txt
---------------------------------------------------------------
>>> ========= '/home/ed/mcsema-testing/SANDBOX/test-2015-12-21_15-36-50/MultiSource/Benchmarks/TSVC/Reductions-dbl/Reductions-dbl' Program
---------------------------------------------------------------

TEST-PASS: compile /home/ed/mcsema-testing/SANDBOX/test-2015-12-21_15-36-50/MultiSource/Benchmarks/TSVC/Reductions-dbl/Reductions-dbl
TEST-RESULT-compile-success: pass
TEST-RESULT-compile-hash: 71be7dbffb9512a68f62747365348efe
TEST-RESULT-compile-time: user 0.741800
TEST-RESULT-compile-real-time: real 0.787400

TEST-PASS: exec /home/ed/mcsema-testing/SANDBOX/test-2015-12-21_15-36-50/MultiSource/Benchmarks/TSVC/Reductions-dbl/Reductions-dbl
TEST-RESULT-exec-success: pass
TEST-RESULT-exec-time: user       3.3073
TEST-RESULT-exec-real-time: real       3.3162
make[5]: Leaving directory `/home/ed/mcsema-testing/SANDBOX/test-2015-12-21_15-36-50/MultiSource/Benchmarks/TSVC/Reductions-dbl'
make[5]: Entering directory `/home/ed/mcsema-testing/SANDBOX/test-2015-12-21_15-36-50/MultiSource/Benchmarks/TSVC/Recurrences-dbl'
/home/ed/mcsema-testing/llvm-test-suite/RunSafely.sh --show-errors -t "/home/ed/mcsema-testing/SANDBOX/test-2015-12-21_15-36-50/tools/timeit" 500 /dev/null Output/dummy.llvm.o.compile \
	  /usr/bin/clang -I/home/ed/mcsema-testing/SANDBOX/test-2015-12-21_15-36-50/MultiSource/Benchmarks/TSVC/Recurrences-dbl -I/home/ed/mcsema-testing/llvm-test-suite/MultiSource/Benchmarks/TSVC/Recurrences-dbl -I/home/ed/mcsema-testing/llvm-test-suite/include -I../../../../include -D_GNU_SOURCE -D__STDC_LIMIT_MACROS -DNDEBUG -std=gnu99 -O3  -m64 -fomit-frame-pointer -c /home/ed/mcsema-testing/llvm-test-suite/MultiSource/Benchmarks/TSVC/Recurrences-dbl/dummy.c -o Output/dummy.llvm.o
/home/ed/mcsema-testing/llvm-test-suite/RunSafely.sh --show-errors -t "/home/ed/mcsema-testing/SANDBOX/test-2015-12-21_15-36-50/tools/timeit" 500 /dev/null Output/tsc.llvm.o.compile \
	  /usr/bin/clang -I/home/ed/mcsema-testing/SANDBOX/test-2015-12-21_15-36-50/MultiSource/Benchmarks/TSVC/Recurrences-dbl -I/home/ed/mcsema-testing/llvm-test-suite/MultiSource/Benchmarks/TSVC/Recurrences-dbl -I/home/ed/mcsema-testing/llvm-test-suite/include -I../../../../include -D_GNU_SOURCE -D__STDC_LIMIT_MACROS -DNDEBUG -std=gnu99 -O3  -m64 -fomit-frame-pointer -c /home/ed/mcsema-testing/llvm-test-suite/MultiSource/Benchmarks/TSVC/Recurrences-dbl/tsc.c -o Output/tsc.llvm.o
/usr/bin/clang++ -o Output/Recurrences-dbl.simple Output/dummy.llvm.o Output/tsc.llvm.o -lm -std=gnu99  -m64 -fomit-frame-pointer
/home/ed/mcsema-testing/llvm-test-suite/RunSafely.sh -t "/home/ed/mcsema-testing/SANDBOX/test-2015-12-21_15-36-50/tools/timeit-target" 500 /dev/null Output/Recurrences-dbl.out-simple Output/Recurrences-dbl.simple 20000 14
cp Output/Recurrences-dbl.simple Output/Recurrences-dbl.simple-hash; \
	strip --remove-section=.comment --remove-section='.note*' Output/Recurrences-dbl.simple-hash; \
	/home/ed/mcsema-testing/llvm-test-suite/HashProgramOutput.sh Output/Recurrences-dbl.simple-hash
if [ -f "/home/ed/mcsema-testing/llvm-test-suite/MultiSource/Benchmarks/TSVC/Recurrences-dbl/Recurrences-dbl.reference_output.little-endian." ]; then \
	  cp /home/ed/mcsema-testing/llvm-test-suite/MultiSource/Benchmarks/TSVC/Recurrences-dbl/Recurrences-dbl.reference_output.little-endian. Output/Recurrences-dbl.out-nat; \
	elif [ -f "/home/ed/mcsema-testing/llvm-test-suite/MultiSource/Benchmarks/TSVC/Recurrences-dbl/Recurrences-dbl.reference_output." ]; then \
	  cp /home/ed/mcsema-testing/llvm-test-suite/MultiSource/Benchmarks/TSVC/Recurrences-dbl/Recurrences-dbl.reference_output. Output/Recurrences-dbl.out-nat; \
	elif [ -f "/home/ed/mcsema-testing/llvm-test-suite/MultiSource/Benchmarks/TSVC/Recurrences-dbl/Recurrences-dbl.reference_output.little-endian" ]; then \
	  cp /home/ed/mcsema-testing/llvm-test-suite/MultiSource/Benchmarks/TSVC/Recurrences-dbl/Recurrences-dbl.reference_output.little-endian Output/Recurrences-dbl.out-nat; \
	elif [ -f "/home/ed/mcsema-testing/llvm-test-suite/MultiSource/Benchmarks/TSVC/Recurrences-dbl/Recurrences-dbl.reference_output" ]; then \
	  cp /home/ed/mcsema-testing/llvm-test-suite/MultiSource/Benchmarks/TSVC/Recurrences-dbl/Recurrences-dbl.reference_output Output/Recurrences-dbl.out-nat; \
	else \
	  printf "WARNING: %s: %s\n" "NO REFERENCE OUTPUT (using default)" "/home/ed/mcsema-testing/llvm-test-suite/MultiSource/Benchmarks/TSVC/Recurrences-dbl/Recurrences-dbl.reference_output" > Output/Recurrences-dbl.out-nat; \
	  cp /home/ed/mcsema-testing/llvm-test-suite/default.reference_output Output/Recurrences-dbl.out-nat; \
	  cat Output/Recurrences-dbl.out-nat; \
	fi
# Pretend that the reference output was produced instantaneously.
cp /home/ed/mcsema-testing/llvm-test-suite/instant.txt Output/Recurrences-dbl.out-nat.time
/home/ed/mcsema-testing/llvm-test-suite/DiffOutput.sh "/home/ed/mcsema-testing/SANDBOX/test-2015-12-21_15-36-50/tools/fpcmp " simple Recurrences-dbl 
rm -f Output/Recurrences-dbl.exe-simple
cp Output/Recurrences-dbl.diff-simple Output/Recurrences-dbl.exe-simple
if test -f Output/Recurrences-dbl.extra-results.txt; then \
	  /home/ed/mcsema-testing/llvm-test-suite/ParseMultipleResults /home/ed/mcsema-testing/SANDBOX/test-2015-12-21_15-36-50/MultiSource/Benchmarks/TSVC/Recurrences-dbl/Recurrences-dbl Output/Recurrences-dbl.extra-results.txt >> Output/Recurrences-dbl.simple.exec.report.txt; \
	fi
cat Output/Recurrences-dbl.simple.compile.report.txt Output/Recurrences-dbl.simple.exec.report.txt >> Output/Recurrences-dbl.simple.report.txt
---------------------------------------------------------------
>>> ========= '/home/ed/mcsema-testing/SANDBOX/test-2015-12-21_15-36-50/MultiSource/Benchmarks/TSVC/Recurrences-dbl/Recurrences-dbl' Program
---------------------------------------------------------------

TEST-PASS: compile /home/ed/mcsema-testing/SANDBOX/test-2015-12-21_15-36-50/MultiSource/Benchmarks/TSVC/Recurrences-dbl/Recurrences-dbl
TEST-RESULT-compile-success: pass
TEST-RESULT-compile-hash: 62e239701d10add84df792123999be46
TEST-RESULT-compile-time: user 0.674900
TEST-RESULT-compile-real-time: real 0.719700

TEST-PASS: exec /home/ed/mcsema-testing/SANDBOX/test-2015-12-21_15-36-50/MultiSource/Benchmarks/TSVC/Recurrences-dbl/Recurrences-dbl
TEST-RESULT-exec-success: pass
TEST-RESULT-exec-time: user       3.2133
TEST-RESULT-exec-real-time: real       3.2240
make[5]: Leaving directory `/home/ed/mcsema-testing/SANDBOX/test-2015-12-21_15-36-50/MultiSource/Benchmarks/TSVC/Recurrences-dbl'
make[5]: Entering directory `/home/ed/mcsema-testing/SANDBOX/test-2015-12-21_15-36-50/MultiSource/Benchmarks/TSVC/Searching-dbl'
/home/ed/mcsema-testing/llvm-test-suite/RunSafely.sh --show-errors -t "/home/ed/mcsema-testing/SANDBOX/test-2015-12-21_15-36-50/tools/timeit" 500 /dev/null Output/dummy.llvm.o.compile \
	  /usr/bin/clang -I/home/ed/mcsema-testing/SANDBOX/test-2015-12-21_15-36-50/MultiSource/Benchmarks/TSVC/Searching-dbl -I/home/ed/mcsema-testing/llvm-test-suite/MultiSource/Benchmarks/TSVC/Searching-dbl -I/home/ed/mcsema-testing/llvm-test-suite/include -I../../../../include -D_GNU_SOURCE -D__STDC_LIMIT_MACROS -DNDEBUG -std=gnu99 -O3  -m64 -fomit-frame-pointer -c /home/ed/mcsema-testing/llvm-test-suite/MultiSource/Benchmarks/TSVC/Searching-dbl/dummy.c -o Output/dummy.llvm.o
/home/ed/mcsema-testing/llvm-test-suite/RunSafely.sh --show-errors -t "/home/ed/mcsema-testing/SANDBOX/test-2015-12-21_15-36-50/tools/timeit" 500 /dev/null Output/tsc.llvm.o.compile \
	  /usr/bin/clang -I/home/ed/mcsema-testing/SANDBOX/test-2015-12-21_15-36-50/MultiSource/Benchmarks/TSVC/Searching-dbl -I/home/ed/mcsema-testing/llvm-test-suite/MultiSource/Benchmarks/TSVC/Searching-dbl -I/home/ed/mcsema-testing/llvm-test-suite/include -I../../../../include -D_GNU_SOURCE -D__STDC_LIMIT_MACROS -DNDEBUG -std=gnu99 -O3  -m64 -fomit-frame-pointer -c /home/ed/mcsema-testing/llvm-test-suite/MultiSource/Benchmarks/TSVC/Searching-dbl/tsc.c -o Output/tsc.llvm.o
/usr/bin/clang++ -o Output/Searching-dbl.simple Output/dummy.llvm.o Output/tsc.llvm.o -lm -std=gnu99  -m64 -fomit-frame-pointer
/home/ed/mcsema-testing/llvm-test-suite/RunSafely.sh -t "/home/ed/mcsema-testing/SANDBOX/test-2015-12-21_15-36-50/tools/timeit-target" 500 /dev/null Output/Searching-dbl.out-simple Output/Searching-dbl.simple 80000 14
cp Output/Searching-dbl.simple Output/Searching-dbl.simple-hash; \
	strip --remove-section=.comment --remove-section='.note*' Output/Searching-dbl.simple-hash; \
	/home/ed/mcsema-testing/llvm-test-suite/HashProgramOutput.sh Output/Searching-dbl.simple-hash
if [ -f "/home/ed/mcsema-testing/llvm-test-suite/MultiSource/Benchmarks/TSVC/Searching-dbl/Searching-dbl.reference_output.little-endian." ]; then \
	  cp /home/ed/mcsema-testing/llvm-test-suite/MultiSource/Benchmarks/TSVC/Searching-dbl/Searching-dbl.reference_output.little-endian. Output/Searching-dbl.out-nat; \
	elif [ -f "/home/ed/mcsema-testing/llvm-test-suite/MultiSource/Benchmarks/TSVC/Searching-dbl/Searching-dbl.reference_output." ]; then \
	  cp /home/ed/mcsema-testing/llvm-test-suite/MultiSource/Benchmarks/TSVC/Searching-dbl/Searching-dbl.reference_output. Output/Searching-dbl.out-nat; \
	elif [ -f "/home/ed/mcsema-testing/llvm-test-suite/MultiSource/Benchmarks/TSVC/Searching-dbl/Searching-dbl.reference_output.little-endian" ]; then \
	  cp /home/ed/mcsema-testing/llvm-test-suite/MultiSource/Benchmarks/TSVC/Searching-dbl/Searching-dbl.reference_output.little-endian Output/Searching-dbl.out-nat; \
	elif [ -f "/home/ed/mcsema-testing/llvm-test-suite/MultiSource/Benchmarks/TSVC/Searching-dbl/Searching-dbl.reference_output" ]; then \
	  cp /home/ed/mcsema-testing/llvm-test-suite/MultiSource/Benchmarks/TSVC/Searching-dbl/Searching-dbl.reference_output Output/Searching-dbl.out-nat; \
	else \
	  printf "WARNING: %s: %s\n" "NO REFERENCE OUTPUT (using default)" "/home/ed/mcsema-testing/llvm-test-suite/MultiSource/Benchmarks/TSVC/Searching-dbl/Searching-dbl.reference_output" > Output/Searching-dbl.out-nat; \
	  cp /home/ed/mcsema-testing/llvm-test-suite/default.reference_output Output/Searching-dbl.out-nat; \
	  cat Output/Searching-dbl.out-nat; \
	fi
# Pretend that the reference output was produced instantaneously.
cp /home/ed/mcsema-testing/llvm-test-suite/instant.txt Output/Searching-dbl.out-nat.time
/home/ed/mcsema-testing/llvm-test-suite/DiffOutput.sh "/home/ed/mcsema-testing/SANDBOX/test-2015-12-21_15-36-50/tools/fpcmp " simple Searching-dbl 
rm -f Output/Searching-dbl.exe-simple
cp Output/Searching-dbl.diff-simple Output/Searching-dbl.exe-simple
if test -f Output/Searching-dbl.extra-results.txt; then \
	  /home/ed/mcsema-testing/llvm-test-suite/ParseMultipleResults /home/ed/mcsema-testing/SANDBOX/test-2015-12-21_15-36-50/MultiSource/Benchmarks/TSVC/Searching-dbl/Searching-dbl Output/Searching-dbl.extra-results.txt >> Output/Searching-dbl.simple.exec.report.txt; \
	fi
cat Output/Searching-dbl.simple.compile.report.txt Output/Searching-dbl.simple.exec.report.txt >> Output/Searching-dbl.simple.report.txt
---------------------------------------------------------------
>>> ========= '/home/ed/mcsema-testing/SANDBOX/test-2015-12-21_15-36-50/MultiSource/Benchmarks/TSVC/Searching-dbl/Searching-dbl' Program
---------------------------------------------------------------

TEST-PASS: compile /home/ed/mcsema-testing/SANDBOX/test-2015-12-21_15-36-50/MultiSource/Benchmarks/TSVC/Searching-dbl/Searching-dbl
TEST-RESULT-compile-success: pass
TEST-RESULT-compile-hash: f2f386fc8249f0d1c26deba9e3237e6b
TEST-RESULT-compile-time: user 0.659900
TEST-RESULT-compile-real-time: real 0.703900

TEST-PASS: exec /home/ed/mcsema-testing/SANDBOX/test-2015-12-21_15-36-50/MultiSource/Benchmarks/TSVC/Searching-dbl/Searching-dbl
TEST-RESULT-exec-success: pass
TEST-RESULT-exec-time: user       4.4624
TEST-RESULT-exec-real-time: real       4.4732
make[5]: Leaving directory `/home/ed/mcsema-testing/SANDBOX/test-2015-12-21_15-36-50/MultiSource/Benchmarks/TSVC/Searching-dbl'
make[5]: Entering directory `/home/ed/mcsema-testing/SANDBOX/test-2015-12-21_15-36-50/MultiSource/Benchmarks/TSVC/Packing-dbl'
/home/ed/mcsema-testing/llvm-test-suite/RunSafely.sh --show-errors -t "/home/ed/mcsema-testing/SANDBOX/test-2015-12-21_15-36-50/tools/timeit" 500 /dev/null Output/dummy.llvm.o.compile \
	  /usr/bin/clang -I/home/ed/mcsema-testing/SANDBOX/test-2015-12-21_15-36-50/MultiSource/Benchmarks/TSVC/Packing-dbl -I/home/ed/mcsema-testing/llvm-test-suite/MultiSource/Benchmarks/TSVC/Packing-dbl -I/home/ed/mcsema-testing/llvm-test-suite/include -I../../../../include -D_GNU_SOURCE -D__STDC_LIMIT_MACROS -DNDEBUG -std=gnu99 -O3  -m64 -fomit-frame-pointer -c /home/ed/mcsema-testing/llvm-test-suite/MultiSource/Benchmarks/TSVC/Packing-dbl/dummy.c -o Output/dummy.llvm.o
/home/ed/mcsema-testing/llvm-test-suite/RunSafely.sh --show-errors -t "/home/ed/mcsema-testing/SANDBOX/test-2015-12-21_15-36-50/tools/timeit" 500 /dev/null Output/tsc.llvm.o.compile \
	  /usr/bin/clang -I/home/ed/mcsema-testing/SANDBOX/test-2015-12-21_15-36-50/MultiSource/Benchmarks/TSVC/Packing-dbl -I/home/ed/mcsema-testing/llvm-test-suite/MultiSource/Benchmarks/TSVC/Packing-dbl -I/home/ed/mcsema-testing/llvm-test-suite/include -I../../../../include -D_GNU_SOURCE -D__STDC_LIMIT_MACROS -DNDEBUG -std=gnu99 -O3  -m64 -fomit-frame-pointer -c /home/ed/mcsema-testing/llvm-test-suite/MultiSource/Benchmarks/TSVC/Packing-dbl/tsc.c -o Output/tsc.llvm.o
/usr/bin/clang++ -o Output/Packing-dbl.simple Output/dummy.llvm.o Output/tsc.llvm.o -lm -std=gnu99  -m64 -fomit-frame-pointer
/home/ed/mcsema-testing/llvm-test-suite/RunSafely.sh -t "/home/ed/mcsema-testing/SANDBOX/test-2015-12-21_15-36-50/tools/timeit-target" 500 /dev/null Output/Packing-dbl.out-simple Output/Packing-dbl.simple 50000 14
cp Output/Packing-dbl.simple Output/Packing-dbl.simple-hash; \
	strip --remove-section=.comment --remove-section='.note*' Output/Packing-dbl.simple-hash; \
	/home/ed/mcsema-testing/llvm-test-suite/HashProgramOutput.sh Output/Packing-dbl.simple-hash
if [ -f "/home/ed/mcsema-testing/llvm-test-suite/MultiSource/Benchmarks/TSVC/Packing-dbl/Packing-dbl.reference_output.little-endian." ]; then \
	  cp /home/ed/mcsema-testing/llvm-test-suite/MultiSource/Benchmarks/TSVC/Packing-dbl/Packing-dbl.reference_output.little-endian. Output/Packing-dbl.out-nat; \
	elif [ -f "/home/ed/mcsema-testing/llvm-test-suite/MultiSource/Benchmarks/TSVC/Packing-dbl/Packing-dbl.reference_output." ]; then \
	  cp /home/ed/mcsema-testing/llvm-test-suite/MultiSource/Benchmarks/TSVC/Packing-dbl/Packing-dbl.reference_output. Output/Packing-dbl.out-nat; \
	elif [ -f "/home/ed/mcsema-testing/llvm-test-suite/MultiSource/Benchmarks/TSVC/Packing-dbl/Packing-dbl.reference_output.little-endian" ]; then \
	  cp /home/ed/mcsema-testing/llvm-test-suite/MultiSource/Benchmarks/TSVC/Packing-dbl/Packing-dbl.reference_output.little-endian Output/Packing-dbl.out-nat; \
	elif [ -f "/home/ed/mcsema-testing/llvm-test-suite/MultiSource/Benchmarks/TSVC/Packing-dbl/Packing-dbl.reference_output" ]; then \
	  cp /home/ed/mcsema-testing/llvm-test-suite/MultiSource/Benchmarks/TSVC/Packing-dbl/Packing-dbl.reference_output Output/Packing-dbl.out-nat; \
	else \
	  printf "WARNING: %s: %s\n" "NO REFERENCE OUTPUT (using default)" "/home/ed/mcsema-testing/llvm-test-suite/MultiSource/Benchmarks/TSVC/Packing-dbl/Packing-dbl.reference_output" > Output/Packing-dbl.out-nat; \
	  cp /home/ed/mcsema-testing/llvm-test-suite/default.reference_output Output/Packing-dbl.out-nat; \
	  cat Output/Packing-dbl.out-nat; \
	fi
# Pretend that the reference output was produced instantaneously.
cp /home/ed/mcsema-testing/llvm-test-suite/instant.txt Output/Packing-dbl.out-nat.time
/home/ed/mcsema-testing/llvm-test-suite/DiffOutput.sh "/home/ed/mcsema-testing/SANDBOX/test-2015-12-21_15-36-50/tools/fpcmp " simple Packing-dbl 
rm -f Output/Packing-dbl.exe-simple
cp Output/Packing-dbl.diff-simple Output/Packing-dbl.exe-simple
if test -f Output/Packing-dbl.extra-results.txt; then \
	  /home/ed/mcsema-testing/llvm-test-suite/ParseMultipleResults /home/ed/mcsema-testing/SANDBOX/test-2015-12-21_15-36-50/MultiSource/Benchmarks/TSVC/Packing-dbl/Packing-dbl Output/Packing-dbl.extra-results.txt >> Output/Packing-dbl.simple.exec.report.txt; \
	fi
cat Output/Packing-dbl.simple.compile.report.txt Output/Packing-dbl.simple.exec.report.txt >> Output/Packing-dbl.simple.report.txt
---------------------------------------------------------------
>>> ========= '/home/ed/mcsema-testing/SANDBOX/test-2015-12-21_15-36-50/MultiSource/Benchmarks/TSVC/Packing-dbl/Packing-dbl' Program
---------------------------------------------------------------

TEST-PASS: compile /home/ed/mcsema-testing/SANDBOX/test-2015-12-21_15-36-50/MultiSource/Benchmarks/TSVC/Packing-dbl/Packing-dbl
TEST-RESULT-compile-success: pass
TEST-RESULT-compile-hash: 4153687fd98df999caebe3fe64343c8c
TEST-RESULT-compile-time: user 0.668600
TEST-RESULT-compile-real-time: real 0.713700

TEST-PASS: exec /home/ed/mcsema-testing/SANDBOX/test-2015-12-21_15-36-50/MultiSource/Benchmarks/TSVC/Packing-dbl/Packing-dbl
TEST-RESULT-exec-success: pass
TEST-RESULT-exec-time: user       4.2989
TEST-RESULT-exec-real-time: real       4.3119
make[5]: Leaving directory `/home/ed/mcsema-testing/SANDBOX/test-2015-12-21_15-36-50/MultiSource/Benchmarks/TSVC/Packing-dbl'
make[5]: Entering directory `/home/ed/mcsema-testing/SANDBOX/test-2015-12-21_15-36-50/MultiSource/Benchmarks/TSVC/LoopRerolling-dbl'
/home/ed/mcsema-testing/llvm-test-suite/RunSafely.sh --show-errors -t "/home/ed/mcsema-testing/SANDBOX/test-2015-12-21_15-36-50/tools/timeit" 500 /dev/null Output/dummy.llvm.o.compile \
	  /usr/bin/clang -I/home/ed/mcsema-testing/SANDBOX/test-2015-12-21_15-36-50/MultiSource/Benchmarks/TSVC/LoopRerolling-dbl -I/home/ed/mcsema-testing/llvm-test-suite/MultiSource/Benchmarks/TSVC/LoopRerolling-dbl -I/home/ed/mcsema-testing/llvm-test-suite/include -I../../../../include -D_GNU_SOURCE -D__STDC_LIMIT_MACROS -DNDEBUG -std=gnu99 -O3  -m64 -fomit-frame-pointer -c /home/ed/mcsema-testing/llvm-test-suite/MultiSource/Benchmarks/TSVC/LoopRerolling-dbl/dummy.c -o Output/dummy.llvm.o
/home/ed/mcsema-testing/llvm-test-suite/RunSafely.sh --show-errors -t "/home/ed/mcsema-testing/SANDBOX/test-2015-12-21_15-36-50/tools/timeit" 500 /dev/null Output/tsc.llvm.o.compile \
	  /usr/bin/clang -I/home/ed/mcsema-testing/SANDBOX/test-2015-12-21_15-36-50/MultiSource/Benchmarks/TSVC/LoopRerolling-dbl -I/home/ed/mcsema-testing/llvm-test-suite/MultiSource/Benchmarks/TSVC/LoopRerolling-dbl -I/home/ed/mcsema-testing/llvm-test-suite/include -I../../../../include -D_GNU_SOURCE -D__STDC_LIMIT_MACROS -DNDEBUG -std=gnu99 -O3  -m64 -fomit-frame-pointer -c /home/ed/mcsema-testing/llvm-test-suite/MultiSource/Benchmarks/TSVC/LoopRerolling-dbl/tsc.c -o Output/tsc.llvm.o
/usr/bin/clang++ -o Output/LoopRerolling-dbl.simple Output/dummy.llvm.o Output/tsc.llvm.o -lm -std=gnu99  -m64 -fomit-frame-pointer
/home/ed/mcsema-testing/llvm-test-suite/RunSafely.sh -t "/home/ed/mcsema-testing/SANDBOX/test-2015-12-21_15-36-50/tools/timeit-target" 500 /dev/null Output/LoopRerolling-dbl.out-simple Output/LoopRerolling-dbl.simple 5260 14
cp Output/LoopRerolling-dbl.simple Output/LoopRerolling-dbl.simple-hash; \
	strip --remove-section=.comment --remove-section='.note*' Output/LoopRerolling-dbl.simple-hash; \
	/home/ed/mcsema-testing/llvm-test-suite/HashProgramOutput.sh Output/LoopRerolling-dbl.simple-hash
if [ -f "/home/ed/mcsema-testing/llvm-test-suite/MultiSource/Benchmarks/TSVC/LoopRerolling-dbl/LoopRerolling-dbl.reference_output.little-endian." ]; then \
	  cp /home/ed/mcsema-testing/llvm-test-suite/MultiSource/Benchmarks/TSVC/LoopRerolling-dbl/LoopRerolling-dbl.reference_output.little-endian. Output/LoopRerolling-dbl.out-nat; \
	elif [ -f "/home/ed/mcsema-testing/llvm-test-suite/MultiSource/Benchmarks/TSVC/LoopRerolling-dbl/LoopRerolling-dbl.reference_output." ]; then \
	  cp /home/ed/mcsema-testing/llvm-test-suite/MultiSource/Benchmarks/TSVC/LoopRerolling-dbl/LoopRerolling-dbl.reference_output. Output/LoopRerolling-dbl.out-nat; \
	elif [ -f "/home/ed/mcsema-testing/llvm-test-suite/MultiSource/Benchmarks/TSVC/LoopRerolling-dbl/LoopRerolling-dbl.reference_output.little-endian" ]; then \
	  cp /home/ed/mcsema-testing/llvm-test-suite/MultiSource/Benchmarks/TSVC/LoopRerolling-dbl/LoopRerolling-dbl.reference_output.little-endian Output/LoopRerolling-dbl.out-nat; \
	elif [ -f "/home/ed/mcsema-testing/llvm-test-suite/MultiSource/Benchmarks/TSVC/LoopRerolling-dbl/LoopRerolling-dbl.reference_output" ]; then \
	  cp /home/ed/mcsema-testing/llvm-test-suite/MultiSource/Benchmarks/TSVC/LoopRerolling-dbl/LoopRerolling-dbl.reference_output Output/LoopRerolling-dbl.out-nat; \
	else \
	  printf "WARNING: %s: %s\n" "NO REFERENCE OUTPUT (using default)" "/home/ed/mcsema-testing/llvm-test-suite/MultiSource/Benchmarks/TSVC/LoopRerolling-dbl/LoopRerolling-dbl.reference_output" > Output/LoopRerolling-dbl.out-nat; \
	  cp /home/ed/mcsema-testing/llvm-test-suite/default.reference_output Output/LoopRerolling-dbl.out-nat; \
	  cat Output/LoopRerolling-dbl.out-nat; \
	fi
# Pretend that the reference output was produced instantaneously.
cp /home/ed/mcsema-testing/llvm-test-suite/instant.txt Output/LoopRerolling-dbl.out-nat.time
/home/ed/mcsema-testing/llvm-test-suite/DiffOutput.sh "/home/ed/mcsema-testing/SANDBOX/test-2015-12-21_15-36-50/tools/fpcmp " simple LoopRerolling-dbl 
rm -f Output/LoopRerolling-dbl.exe-simple
cp Output/LoopRerolling-dbl.diff-simple Output/LoopRerolling-dbl.exe-simple
if test -f Output/LoopRerolling-dbl.extra-results.txt; then \
	  /home/ed/mcsema-testing/llvm-test-suite/ParseMultipleResults /home/ed/mcsema-testing/SANDBOX/test-2015-12-21_15-36-50/MultiSource/Benchmarks/TSVC/LoopRerolling-dbl/LoopRerolling-dbl Output/LoopRerolling-dbl.extra-results.txt >> Output/LoopRerolling-dbl.simple.exec.report.txt; \
	fi
cat Output/LoopRerolling-dbl.simple.compile.report.txt Output/LoopRerolling-dbl.simple.exec.report.txt >> Output/LoopRerolling-dbl.simple.report.txt
---------------------------------------------------------------
>>> ========= '/home/ed/mcsema-testing/SANDBOX/test-2015-12-21_15-36-50/MultiSource/Benchmarks/TSVC/LoopRerolling-dbl/LoopRerolling-dbl' Program
---------------------------------------------------------------

TEST-PASS: compile /home/ed/mcsema-testing/SANDBOX/test-2015-12-21_15-36-50/MultiSource/Benchmarks/TSVC/LoopRerolling-dbl/LoopRerolling-dbl
TEST-RESULT-compile-success: pass
TEST-RESULT-compile-hash: 419ed144b121afe833e38800e5a8b49c
TEST-RESULT-compile-time: user 0.684900
TEST-RESULT-compile-real-time: real 0.729500

TEST-PASS: exec /home/ed/mcsema-testing/SANDBOX/test-2015-12-21_15-36-50/MultiSource/Benchmarks/TSVC/LoopRerolling-dbl/LoopRerolling-dbl
TEST-RESULT-exec-success: pass
TEST-RESULT-exec-time: user       3.8630
TEST-RESULT-exec-real-time: real       3.8729
make[5]: Leaving directory `/home/ed/mcsema-testing/SANDBOX/test-2015-12-21_15-36-50/MultiSource/Benchmarks/TSVC/LoopRerolling-dbl'
make[5]: Entering directory `/home/ed/mcsema-testing/SANDBOX/test-2015-12-21_15-36-50/MultiSource/Benchmarks/TSVC/Equivalencing-dbl'
/home/ed/mcsema-testing/llvm-test-suite/RunSafely.sh --show-errors -t "/home/ed/mcsema-testing/SANDBOX/test-2015-12-21_15-36-50/tools/timeit" 500 /dev/null Output/dummy.llvm.o.compile \
	  /usr/bin/clang -I/home/ed/mcsema-testing/SANDBOX/test-2015-12-21_15-36-50/MultiSource/Benchmarks/TSVC/Equivalencing-dbl -I/home/ed/mcsema-testing/llvm-test-suite/MultiSource/Benchmarks/TSVC/Equivalencing-dbl -I/home/ed/mcsema-testing/llvm-test-suite/include -I../../../../include -D_GNU_SOURCE -D__STDC_LIMIT_MACROS -DNDEBUG -std=gnu99 -O3  -m64 -fomit-frame-pointer -c /home/ed/mcsema-testing/llvm-test-suite/MultiSource/Benchmarks/TSVC/Equivalencing-dbl/dummy.c -o Output/dummy.llvm.o
/home/ed/mcsema-testing/llvm-test-suite/RunSafely.sh --show-errors -t "/home/ed/mcsema-testing/SANDBOX/test-2015-12-21_15-36-50/tools/timeit" 500 /dev/null Output/tsc.llvm.o.compile \
	  /usr/bin/clang -I/home/ed/mcsema-testing/SANDBOX/test-2015-12-21_15-36-50/MultiSource/Benchmarks/TSVC/Equivalencing-dbl -I/home/ed/mcsema-testing/llvm-test-suite/MultiSource/Benchmarks/TSVC/Equivalencing-dbl -I/home/ed/mcsema-testing/llvm-test-suite/include -I../../../../include -D_GNU_SOURCE -D__STDC_LIMIT_MACROS -DNDEBUG -std=gnu99 -O3  -m64 -fomit-frame-pointer -c /home/ed/mcsema-testing/llvm-test-suite/MultiSource/Benchmarks/TSVC/Equivalencing-dbl/tsc.c -o Output/tsc.llvm.o
/usr/bin/clang++ -o Output/Equivalencing-dbl.simple Output/dummy.llvm.o Output/tsc.llvm.o -lm -std=gnu99  -m64 -fomit-frame-pointer
/home/ed/mcsema-testing/llvm-test-suite/RunSafely.sh -t "/home/ed/mcsema-testing/SANDBOX/test-2015-12-21_15-36-50/tools/timeit-target" 500 /dev/null Output/Equivalencing-dbl.out-simple Output/Equivalencing-dbl.simple 3125 14
cp Output/Equivalencing-dbl.simple Output/Equivalencing-dbl.simple-hash; \
	strip --remove-section=.comment --remove-section='.note*' Output/Equivalencing-dbl.simple-hash; \
	/home/ed/mcsema-testing/llvm-test-suite/HashProgramOutput.sh Output/Equivalencing-dbl.simple-hash
if [ -f "/home/ed/mcsema-testing/llvm-test-suite/MultiSource/Benchmarks/TSVC/Equivalencing-dbl/Equivalencing-dbl.reference_output.little-endian." ]; then \
	  cp /home/ed/mcsema-testing/llvm-test-suite/MultiSource/Benchmarks/TSVC/Equivalencing-dbl/Equivalencing-dbl.reference_output.little-endian. Output/Equivalencing-dbl.out-nat; \
	elif [ -f "/home/ed/mcsema-testing/llvm-test-suite/MultiSource/Benchmarks/TSVC/Equivalencing-dbl/Equivalencing-dbl.reference_output." ]; then \
	  cp /home/ed/mcsema-testing/llvm-test-suite/MultiSource/Benchmarks/TSVC/Equivalencing-dbl/Equivalencing-dbl.reference_output. Output/Equivalencing-dbl.out-nat; \
	elif [ -f "/home/ed/mcsema-testing/llvm-test-suite/MultiSource/Benchmarks/TSVC/Equivalencing-dbl/Equivalencing-dbl.reference_output.little-endian" ]; then \
	  cp /home/ed/mcsema-testing/llvm-test-suite/MultiSource/Benchmarks/TSVC/Equivalencing-dbl/Equivalencing-dbl.reference_output.little-endian Output/Equivalencing-dbl.out-nat; \
	elif [ -f "/home/ed/mcsema-testing/llvm-test-suite/MultiSource/Benchmarks/TSVC/Equivalencing-dbl/Equivalencing-dbl.reference_output" ]; then \
	  cp /home/ed/mcsema-testing/llvm-test-suite/MultiSource/Benchmarks/TSVC/Equivalencing-dbl/Equivalencing-dbl.reference_output Output/Equivalencing-dbl.out-nat; \
	else \
	  printf "WARNING: %s: %s\n" "NO REFERENCE OUTPUT (using default)" "/home/ed/mcsema-testing/llvm-test-suite/MultiSource/Benchmarks/TSVC/Equivalencing-dbl/Equivalencing-dbl.reference_output" > Output/Equivalencing-dbl.out-nat; \
	  cp /home/ed/mcsema-testing/llvm-test-suite/default.reference_output Output/Equivalencing-dbl.out-nat; \
	  cat Output/Equivalencing-dbl.out-nat; \
	fi
# Pretend that the reference output was produced instantaneously.
cp /home/ed/mcsema-testing/llvm-test-suite/instant.txt Output/Equivalencing-dbl.out-nat.time
/home/ed/mcsema-testing/llvm-test-suite/DiffOutput.sh "/home/ed/mcsema-testing/SANDBOX/test-2015-12-21_15-36-50/tools/fpcmp " simple Equivalencing-dbl 
rm -f Output/Equivalencing-dbl.exe-simple
cp Output/Equivalencing-dbl.diff-simple Output/Equivalencing-dbl.exe-simple
if test -f Output/Equivalencing-dbl.extra-results.txt; then \
	  /home/ed/mcsema-testing/llvm-test-suite/ParseMultipleResults /home/ed/mcsema-testing/SANDBOX/test-2015-12-21_15-36-50/MultiSource/Benchmarks/TSVC/Equivalencing-dbl/Equivalencing-dbl Output/Equivalencing-dbl.extra-results.txt >> Output/Equivalencing-dbl.simple.exec.report.txt; \
	fi
cat Output/Equivalencing-dbl.simple.compile.report.txt Output/Equivalencing-dbl.simple.exec.report.txt >> Output/Equivalencing-dbl.simple.report.txt
---------------------------------------------------------------
>>> ========= '/home/ed/mcsema-testing/SANDBOX/test-2015-12-21_15-36-50/MultiSource/Benchmarks/TSVC/Equivalencing-dbl/Equivalencing-dbl' Program
---------------------------------------------------------------

TEST-PASS: compile /home/ed/mcsema-testing/SANDBOX/test-2015-12-21_15-36-50/MultiSource/Benchmarks/TSVC/Equivalencing-dbl/Equivalencing-dbl
TEST-RESULT-compile-success: pass
TEST-RESULT-compile-hash: 19edd3aada8aef2db5b58bd5d8035ee8
TEST-RESULT-compile-time: user 0.703900
TEST-RESULT-compile-real-time: real 0.749900

TEST-PASS: exec /home/ed/mcsema-testing/SANDBOX/test-2015-12-21_15-36-50/MultiSource/Benchmarks/TSVC/Equivalencing-dbl/Equivalencing-dbl
TEST-RESULT-exec-success: pass
TEST-RESULT-exec-time: user       2.3069
TEST-RESULT-exec-real-time: real       2.3141
make[5]: Leaving directory `/home/ed/mcsema-testing/SANDBOX/test-2015-12-21_15-36-50/MultiSource/Benchmarks/TSVC/Equivalencing-dbl'
make[5]: Entering directory `/home/ed/mcsema-testing/SANDBOX/test-2015-12-21_15-36-50/MultiSource/Benchmarks/TSVC/IndirectAddressing-dbl'
/home/ed/mcsema-testing/llvm-test-suite/RunSafely.sh --show-errors -t "/home/ed/mcsema-testing/SANDBOX/test-2015-12-21_15-36-50/tools/timeit" 500 /dev/null Output/dummy.llvm.o.compile \
	  /usr/bin/clang -I/home/ed/mcsema-testing/SANDBOX/test-2015-12-21_15-36-50/MultiSource/Benchmarks/TSVC/IndirectAddressing-dbl -I/home/ed/mcsema-testing/llvm-test-suite/MultiSource/Benchmarks/TSVC/IndirectAddressing-dbl -I/home/ed/mcsema-testing/llvm-test-suite/include -I../../../../include -D_GNU_SOURCE -D__STDC_LIMIT_MACROS -DNDEBUG -std=gnu99 -O3  -m64 -fomit-frame-pointer -c /home/ed/mcsema-testing/llvm-test-suite/MultiSource/Benchmarks/TSVC/IndirectAddressing-dbl/dummy.c -o Output/dummy.llvm.o
/home/ed/mcsema-testing/llvm-test-suite/RunSafely.sh --show-errors -t "/home/ed/mcsema-testing/SANDBOX/test-2015-12-21_15-36-50/tools/timeit" 500 /dev/null Output/tsc.llvm.o.compile \
	  /usr/bin/clang -I/home/ed/mcsema-testing/SANDBOX/test-2015-12-21_15-36-50/MultiSource/Benchmarks/TSVC/IndirectAddressing-dbl -I/home/ed/mcsema-testing/llvm-test-suite/MultiSource/Benchmarks/TSVC/IndirectAddressing-dbl -I/home/ed/mcsema-testing/llvm-test-suite/include -I../../../../include -D_GNU_SOURCE -D__STDC_LIMIT_MACROS -DNDEBUG -std=gnu99 -O3  -m64 -fomit-frame-pointer -c /home/ed/mcsema-testing/llvm-test-suite/MultiSource/Benchmarks/TSVC/IndirectAddressing-dbl/tsc.c -o Output/tsc.llvm.o
/usr/bin/clang++ -o Output/IndirectAddressing-dbl.simple Output/dummy.llvm.o Output/tsc.llvm.o -lm -std=gnu99  -m64 -fomit-frame-pointer
/home/ed/mcsema-testing/llvm-test-suite/RunSafely.sh -t "/home/ed/mcsema-testing/SANDBOX/test-2015-12-21_15-36-50/tools/timeit-target" 500 /dev/null Output/IndirectAddressing-dbl.out-simple Output/IndirectAddressing-dbl.simple 12500 14
cp Output/IndirectAddressing-dbl.simple Output/IndirectAddressing-dbl.simple-hash; \
	strip --remove-section=.comment --remove-section='.note*' Output/IndirectAddressing-dbl.simple-hash; \
	/home/ed/mcsema-testing/llvm-test-suite/HashProgramOutput.sh Output/IndirectAddressing-dbl.simple-hash
if [ -f "/home/ed/mcsema-testing/llvm-test-suite/MultiSource/Benchmarks/TSVC/IndirectAddressing-dbl/IndirectAddressing-dbl.reference_output.little-endian." ]; then \
	  cp /home/ed/mcsema-testing/llvm-test-suite/MultiSource/Benchmarks/TSVC/IndirectAddressing-dbl/IndirectAddressing-dbl.reference_output.little-endian. Output/IndirectAddressing-dbl.out-nat; \
	elif [ -f "/home/ed/mcsema-testing/llvm-test-suite/MultiSource/Benchmarks/TSVC/IndirectAddressing-dbl/IndirectAddressing-dbl.reference_output." ]; then \
	  cp /home/ed/mcsema-testing/llvm-test-suite/MultiSource/Benchmarks/TSVC/IndirectAddressing-dbl/IndirectAddressing-dbl.reference_output. Output/IndirectAddressing-dbl.out-nat; \
	elif [ -f "/home/ed/mcsema-testing/llvm-test-suite/MultiSource/Benchmarks/TSVC/IndirectAddressing-dbl/IndirectAddressing-dbl.reference_output.little-endian" ]; then \
	  cp /home/ed/mcsema-testing/llvm-test-suite/MultiSource/Benchmarks/TSVC/IndirectAddressing-dbl/IndirectAddressing-dbl.reference_output.little-endian Output/IndirectAddressing-dbl.out-nat; \
	elif [ -f "/home/ed/mcsema-testing/llvm-test-suite/MultiSource/Benchmarks/TSVC/IndirectAddressing-dbl/IndirectAddressing-dbl.reference_output" ]; then \
	  cp /home/ed/mcsema-testing/llvm-test-suite/MultiSource/Benchmarks/TSVC/IndirectAddressing-dbl/IndirectAddressing-dbl.reference_output Output/IndirectAddressing-dbl.out-nat; \
	else \
	  printf "WARNING: %s: %s\n" "NO REFERENCE OUTPUT (using default)" "/home/ed/mcsema-testing/llvm-test-suite/MultiSource/Benchmarks/TSVC/IndirectAddressing-dbl/IndirectAddressing-dbl.reference_output" > Output/IndirectAddressing-dbl.out-nat; \
	  cp /home/ed/mcsema-testing/llvm-test-suite/default.reference_output Output/IndirectAddressing-dbl.out-nat; \
	  cat Output/IndirectAddressing-dbl.out-nat; \
	fi
# Pretend that the reference output was produced instantaneously.
cp /home/ed/mcsema-testing/llvm-test-suite/instant.txt Output/IndirectAddressing-dbl.out-nat.time
/home/ed/mcsema-testing/llvm-test-suite/DiffOutput.sh "/home/ed/mcsema-testing/SANDBOX/test-2015-12-21_15-36-50/tools/fpcmp " simple IndirectAddressing-dbl 
rm -f Output/IndirectAddressing-dbl.exe-simple
cp Output/IndirectAddressing-dbl.diff-simple Output/IndirectAddressing-dbl.exe-simple
if test -f Output/IndirectAddressing-dbl.extra-results.txt; then \
	  /home/ed/mcsema-testing/llvm-test-suite/ParseMultipleResults /home/ed/mcsema-testing/SANDBOX/test-2015-12-21_15-36-50/MultiSource/Benchmarks/TSVC/IndirectAddressing-dbl/IndirectAddressing-dbl Output/IndirectAddressing-dbl.extra-results.txt >> Output/IndirectAddressing-dbl.simple.exec.report.txt; \
	fi
cat Output/IndirectAddressing-dbl.simple.compile.report.txt Output/IndirectAddressing-dbl.simple.exec.report.txt >> Output/IndirectAddressing-dbl.simple.report.txt
---------------------------------------------------------------
>>> ========= '/home/ed/mcsema-testing/SANDBOX/test-2015-12-21_15-36-50/MultiSource/Benchmarks/TSVC/IndirectAddressing-dbl/IndirectAddressing-dbl' Program
---------------------------------------------------------------

TEST-PASS: compile /home/ed/mcsema-testing/SANDBOX/test-2015-12-21_15-36-50/MultiSource/Benchmarks/TSVC/IndirectAddressing-dbl/IndirectAddressing-dbl
TEST-RESULT-compile-success: pass
TEST-RESULT-compile-hash: ece142e647a2fce5539bb8b63c75972e
TEST-RESULT-compile-time: user 0.695700
TEST-RESULT-compile-real-time: real 0.742300

TEST-PASS: exec /home/ed/mcsema-testing/SANDBOX/test-2015-12-21_15-36-50/MultiSource/Benchmarks/TSVC/IndirectAddressing-dbl/IndirectAddressing-dbl
TEST-RESULT-exec-success: pass
TEST-RESULT-exec-time: user       3.8740
TEST-RESULT-exec-real-time: real       3.8824
make[5]: Leaving directory `/home/ed/mcsema-testing/SANDBOX/test-2015-12-21_15-36-50/MultiSource/Benchmarks/TSVC/IndirectAddressing-dbl'
make[5]: Entering directory `/home/ed/mcsema-testing/SANDBOX/test-2015-12-21_15-36-50/MultiSource/Benchmarks/TSVC/ControlLoops-dbl'
/home/ed/mcsema-testing/llvm-test-suite/RunSafely.sh --show-errors -t "/home/ed/mcsema-testing/SANDBOX/test-2015-12-21_15-36-50/tools/timeit" 500 /dev/null Output/dummy.llvm.o.compile \
	  /usr/bin/clang -I/home/ed/mcsema-testing/SANDBOX/test-2015-12-21_15-36-50/MultiSource/Benchmarks/TSVC/ControlLoops-dbl -I/home/ed/mcsema-testing/llvm-test-suite/MultiSource/Benchmarks/TSVC/ControlLoops-dbl -I/home/ed/mcsema-testing/llvm-test-suite/include -I../../../../include -D_GNU_SOURCE -D__STDC_LIMIT_MACROS -DNDEBUG -std=gnu99 -O3  -m64 -fomit-frame-pointer -c /home/ed/mcsema-testing/llvm-test-suite/MultiSource/Benchmarks/TSVC/ControlLoops-dbl/dummy.c -o Output/dummy.llvm.o
/home/ed/mcsema-testing/llvm-test-suite/RunSafely.sh --show-errors -t "/home/ed/mcsema-testing/SANDBOX/test-2015-12-21_15-36-50/tools/timeit" 500 /dev/null Output/tsc.llvm.o.compile \
	  /usr/bin/clang -I/home/ed/mcsema-testing/SANDBOX/test-2015-12-21_15-36-50/MultiSource/Benchmarks/TSVC/ControlLoops-dbl -I/home/ed/mcsema-testing/llvm-test-suite/MultiSource/Benchmarks/TSVC/ControlLoops-dbl -I/home/ed/mcsema-testing/llvm-test-suite/include -I../../../../include -D_GNU_SOURCE -D__STDC_LIMIT_MACROS -DNDEBUG -std=gnu99 -O3  -m64 -fomit-frame-pointer -c /home/ed/mcsema-testing/llvm-test-suite/MultiSource/Benchmarks/TSVC/ControlLoops-dbl/tsc.c -o Output/tsc.llvm.o
/usr/bin/clang++ -o Output/ControlLoops-dbl.simple Output/dummy.llvm.o Output/tsc.llvm.o -lm -std=gnu99  -m64 -fomit-frame-pointer
/home/ed/mcsema-testing/llvm-test-suite/RunSafely.sh -t "/home/ed/mcsema-testing/SANDBOX/test-2015-12-21_15-36-50/tools/timeit-target" 500 /dev/null Output/ControlLoops-dbl.out-simple Output/ControlLoops-dbl.simple 1640 14
cp Output/ControlLoops-dbl.simple Output/ControlLoops-dbl.simple-hash; \
	strip --remove-section=.comment --remove-section='.note*' Output/ControlLoops-dbl.simple-hash; \
	/home/ed/mcsema-testing/llvm-test-suite/HashProgramOutput.sh Output/ControlLoops-dbl.simple-hash
if [ -f "/home/ed/mcsema-testing/llvm-test-suite/MultiSource/Benchmarks/TSVC/ControlLoops-dbl/ControlLoops-dbl.reference_output.little-endian." ]; then \
	  cp /home/ed/mcsema-testing/llvm-test-suite/MultiSource/Benchmarks/TSVC/ControlLoops-dbl/ControlLoops-dbl.reference_output.little-endian. Output/ControlLoops-dbl.out-nat; \
	elif [ -f "/home/ed/mcsema-testing/llvm-test-suite/MultiSource/Benchmarks/TSVC/ControlLoops-dbl/ControlLoops-dbl.reference_output." ]; then \
	  cp /home/ed/mcsema-testing/llvm-test-suite/MultiSource/Benchmarks/TSVC/ControlLoops-dbl/ControlLoops-dbl.reference_output. Output/ControlLoops-dbl.out-nat; \
	elif [ -f "/home/ed/mcsema-testing/llvm-test-suite/MultiSource/Benchmarks/TSVC/ControlLoops-dbl/ControlLoops-dbl.reference_output.little-endian" ]; then \
	  cp /home/ed/mcsema-testing/llvm-test-suite/MultiSource/Benchmarks/TSVC/ControlLoops-dbl/ControlLoops-dbl.reference_output.little-endian Output/ControlLoops-dbl.out-nat; \
	elif [ -f "/home/ed/mcsema-testing/llvm-test-suite/MultiSource/Benchmarks/TSVC/ControlLoops-dbl/ControlLoops-dbl.reference_output" ]; then \
	  cp /home/ed/mcsema-testing/llvm-test-suite/MultiSource/Benchmarks/TSVC/ControlLoops-dbl/ControlLoops-dbl.reference_output Output/ControlLoops-dbl.out-nat; \
	else \
	  printf "WARNING: %s: %s\n" "NO REFERENCE OUTPUT (using default)" "/home/ed/mcsema-testing/llvm-test-suite/MultiSource/Benchmarks/TSVC/ControlLoops-dbl/ControlLoops-dbl.reference_output" > Output/ControlLoops-dbl.out-nat; \
	  cp /home/ed/mcsema-testing/llvm-test-suite/default.reference_output Output/ControlLoops-dbl.out-nat; \
	  cat Output/ControlLoops-dbl.out-nat; \
	fi
# Pretend that the reference output was produced instantaneously.
cp /home/ed/mcsema-testing/llvm-test-suite/instant.txt Output/ControlLoops-dbl.out-nat.time
/home/ed/mcsema-testing/llvm-test-suite/DiffOutput.sh "/home/ed/mcsema-testing/SANDBOX/test-2015-12-21_15-36-50/tools/fpcmp " simple ControlLoops-dbl 
rm -f Output/ControlLoops-dbl.exe-simple
cp Output/ControlLoops-dbl.diff-simple Output/ControlLoops-dbl.exe-simple
if test -f Output/ControlLoops-dbl.extra-results.txt; then \
	  /home/ed/mcsema-testing/llvm-test-suite/ParseMultipleResults /home/ed/mcsema-testing/SANDBOX/test-2015-12-21_15-36-50/MultiSource/Benchmarks/TSVC/ControlLoops-dbl/ControlLoops-dbl Output/ControlLoops-dbl.extra-results.txt >> Output/ControlLoops-dbl.simple.exec.report.txt; \
	fi
cat Output/ControlLoops-dbl.simple.compile.report.txt Output/ControlLoops-dbl.simple.exec.report.txt >> Output/ControlLoops-dbl.simple.report.txt
---------------------------------------------------------------
>>> ========= '/home/ed/mcsema-testing/SANDBOX/test-2015-12-21_15-36-50/MultiSource/Benchmarks/TSVC/ControlLoops-dbl/ControlLoops-dbl' Program
---------------------------------------------------------------

TEST-PASS: compile /home/ed/mcsema-testing/SANDBOX/test-2015-12-21_15-36-50/MultiSource/Benchmarks/TSVC/ControlLoops-dbl/ControlLoops-dbl
TEST-RESULT-compile-success: pass
TEST-RESULT-compile-hash: 73612757e8e61c745cd953123d1735b6
TEST-RESULT-compile-time: user 0.732100
TEST-RESULT-compile-real-time: real 0.778000

TEST-PASS: exec /home/ed/mcsema-testing/SANDBOX/test-2015-12-21_15-36-50/MultiSource/Benchmarks/TSVC/ControlLoops-dbl/ControlLoops-dbl
TEST-RESULT-exec-success: pass
TEST-RESULT-exec-time: user       3.5854
TEST-RESULT-exec-real-time: real       3.5954
make[5]: Leaving directory `/home/ed/mcsema-testing/SANDBOX/test-2015-12-21_15-36-50/MultiSource/Benchmarks/TSVC/ControlLoops-dbl'
make[4]: Leaving directory `/home/ed/mcsema-testing/SANDBOX/test-2015-12-21_15-36-50/MultiSource/Benchmarks/TSVC'
make[4]: Entering directory `/home/ed/mcsema-testing/SANDBOX/test-2015-12-21_15-36-50/MultiSource/Benchmarks/Prolangs-C++'
make[5]: Entering directory `/home/ed/mcsema-testing/SANDBOX/test-2015-12-21_15-36-50/MultiSource/Benchmarks/Prolangs-C++/NP'
/home/ed/mcsema-testing/llvm-test-suite/RunSafely.sh --show-errors -t "/home/ed/mcsema-testing/SANDBOX/test-2015-12-21_15-36-50/tools/timeit" 500 /dev/null Output/NP.llvm.o.compile \
	  /usr/bin/clang++ -I/home/ed/mcsema-testing/SANDBOX/test-2015-12-21_15-36-50/MultiSource/Benchmarks/Prolangs-C++/NP -I/home/ed/mcsema-testing/llvm-test-suite/MultiSource/Benchmarks/Prolangs-C++/NP -I/home/ed/mcsema-testing/llvm-test-suite/include -I../../../../include -D_GNU_SOURCE -D__STDC_LIMIT_MACROS -DNDEBUG  -O3  -m64 -fomit-frame-pointer -c /home/ed/mcsema-testing/llvm-test-suite/MultiSource/Benchmarks/Prolangs-C++/NP/NP.cpp -o Output/NP.llvm.o
/usr/bin/clang++ -o Output/np.simple Output/NP.llvm.o -lstdc++   -m64 -fomit-frame-pointer
/home/ed/mcsema-testing/llvm-test-suite/RunSafely.sh -t "/home/ed/mcsema-testing/SANDBOX/test-2015-12-21_15-36-50/tools/timeit-target" 500 /dev/null Output/np.out-simple Output/np.simple 
cp Output/np.simple Output/np.simple-hash; \
	strip --remove-section=.comment --remove-section='.note*' Output/np.simple-hash; \
	/home/ed/mcsema-testing/llvm-test-suite/HashProgramOutput.sh Output/np.simple-hash
if [ -f "/home/ed/mcsema-testing/llvm-test-suite/MultiSource/Benchmarks/Prolangs-C++/NP/np.reference_output.little-endian." ]; then \
	  cp /home/ed/mcsema-testing/llvm-test-suite/MultiSource/Benchmarks/Prolangs-C++/NP/np.reference_output.little-endian. Output/np.out-nat; \
	elif [ -f "/home/ed/mcsema-testing/llvm-test-suite/MultiSource/Benchmarks/Prolangs-C++/NP/np.reference_output." ]; then \
	  cp /home/ed/mcsema-testing/llvm-test-suite/MultiSource/Benchmarks/Prolangs-C++/NP/np.reference_output. Output/np.out-nat; \
	elif [ -f "/home/ed/mcsema-testing/llvm-test-suite/MultiSource/Benchmarks/Prolangs-C++/NP/np.reference_output.little-endian" ]; then \
	  cp /home/ed/mcsema-testing/llvm-test-suite/MultiSource/Benchmarks/Prolangs-C++/NP/np.reference_output.little-endian Output/np.out-nat; \
	elif [ -f "/home/ed/mcsema-testing/llvm-test-suite/MultiSource/Benchmarks/Prolangs-C++/NP/np.reference_output" ]; then \
	  cp /home/ed/mcsema-testing/llvm-test-suite/MultiSource/Benchmarks/Prolangs-C++/NP/np.reference_output Output/np.out-nat; \
	else \
	  printf "WARNING: %s: %s\n" "NO REFERENCE OUTPUT (using default)" "/home/ed/mcsema-testing/llvm-test-suite/MultiSource/Benchmarks/Prolangs-C++/NP/np.reference_output" > Output/np.out-nat; \
	  cp /home/ed/mcsema-testing/llvm-test-suite/default.reference_output Output/np.out-nat; \
	  cat Output/np.out-nat; \
	fi
# Pretend that the reference output was produced instantaneously.
cp /home/ed/mcsema-testing/llvm-test-suite/instant.txt Output/np.out-nat.time
/home/ed/mcsema-testing/llvm-test-suite/DiffOutput.sh "/home/ed/mcsema-testing/SANDBOX/test-2015-12-21_15-36-50/tools/fpcmp " simple np 
rm -f Output/np.exe-simple
cp Output/np.diff-simple Output/np.exe-simple
if test -f Output/np.extra-results.txt; then \
	  /home/ed/mcsema-testing/llvm-test-suite/ParseMultipleResults /home/ed/mcsema-testing/SANDBOX/test-2015-12-21_15-36-50/MultiSource/Benchmarks/Prolangs-C++/NP/np Output/np.extra-results.txt >> Output/np.simple.exec.report.txt; \
	fi
cat Output/np.simple.compile.report.txt Output/np.simple.exec.report.txt >> Output/np.simple.report.txt
---------------------------------------------------------------
>>> ========= '/home/ed/mcsema-testing/SANDBOX/test-2015-12-21_15-36-50/MultiSource/Benchmarks/Prolangs-C++/NP/np' Program
---------------------------------------------------------------

TEST-PASS: compile /home/ed/mcsema-testing/SANDBOX/test-2015-12-21_15-36-50/MultiSource/Benchmarks/Prolangs-C++/NP/np
TEST-RESULT-compile-success: pass
TEST-RESULT-compile-hash: 655b10fb8b7abe46a0e4a12e3e16b009
TEST-RESULT-compile-time: user 0.025500
TEST-RESULT-compile-real-time: real 0.039200

TEST-PASS: exec /home/ed/mcsema-testing/SANDBOX/test-2015-12-21_15-36-50/MultiSource/Benchmarks/Prolangs-C++/NP/np
TEST-RESULT-exec-success: pass
TEST-RESULT-exec-time: user       0.0008
TEST-RESULT-exec-real-time: real       0.0017
make[5]: Leaving directory `/home/ed/mcsema-testing/SANDBOX/test-2015-12-21_15-36-50/MultiSource/Benchmarks/Prolangs-C++/NP'
make[5]: Entering directory `/home/ed/mcsema-testing/SANDBOX/test-2015-12-21_15-36-50/MultiSource/Benchmarks/Prolangs-C++/city'
/home/ed/mcsema-testing/llvm-test-suite/RunSafely.sh --show-errors -t "/home/ed/mcsema-testing/SANDBOX/test-2015-12-21_15-36-50/tools/timeit" 500 /dev/null Output/check_functions.llvm.o.compile \
	  /usr/bin/clang++ -I/home/ed/mcsema-testing/SANDBOX/test-2015-12-21_15-36-50/MultiSource/Benchmarks/Prolangs-C++/city -I/home/ed/mcsema-testing/llvm-test-suite/MultiSource/Benchmarks/Prolangs-C++/city -I/home/ed/mcsema-testing/llvm-test-suite/include -I../../../../include -D_GNU_SOURCE -D__STDC_LIMIT_MACROS -DNDEBUG  -O3  -m64 -fomit-frame-pointer -c /home/ed/mcsema-testing/llvm-test-suite/MultiSource/Benchmarks/Prolangs-C++/city/check_functions.cpp -o Output/check_functions.llvm.o
/home/ed/mcsema-testing/llvm-test-suite/RunSafely.sh --show-errors -t "/home/ed/mcsema-testing/SANDBOX/test-2015-12-21_15-36-50/tools/timeit" 500 /dev/null Output/direction.llvm.o.compile \
	  /usr/bin/clang++ -I/home/ed/mcsema-testing/SANDBOX/test-2015-12-21_15-36-50/MultiSource/Benchmarks/Prolangs-C++/city -I/home/ed/mcsema-testing/llvm-test-suite/MultiSource/Benchmarks/Prolangs-C++/city -I/home/ed/mcsema-testing/llvm-test-suite/include -I../../../../include -D_GNU_SOURCE -D__STDC_LIMIT_MACROS -DNDEBUG  -O3  -m64 -fomit-frame-pointer -c /home/ed/mcsema-testing/llvm-test-suite/MultiSource/Benchmarks/Prolangs-C++/city/direction.cpp -o Output/direction.llvm.o
/home/ed/mcsema-testing/llvm-test-suite/RunSafely.sh --show-errors -t "/home/ed/mcsema-testing/SANDBOX/test-2015-12-21_15-36-50/tools/timeit" 500 /dev/null Output/intersection.llvm.o.compile \
	  /usr/bin/clang++ -I/home/ed/mcsema-testing/SANDBOX/test-2015-12-21_15-36-50/MultiSource/Benchmarks/Prolangs-C++/city -I/home/ed/mcsema-testing/llvm-test-suite/MultiSource/Benchmarks/Prolangs-C++/city -I/home/ed/mcsema-testing/llvm-test-suite/include -I../../../../include -D_GNU_SOURCE -D__STDC_LIMIT_MACROS -DNDEBUG  -O3  -m64 -fomit-frame-pointer -c /home/ed/mcsema-testing/llvm-test-suite/MultiSource/Benchmarks/Prolangs-C++/city/intersection.cpp -o Output/intersection.llvm.o
/home/ed/mcsema-testing/llvm-test-suite/RunSafely.sh --show-errors -t "/home/ed/mcsema-testing/SANDBOX/test-2015-12-21_15-36-50/tools/timeit" 500 /dev/null Output/light.llvm.o.compile \
	  /usr/bin/clang++ -I/home/ed/mcsema-testing/SANDBOX/test-2015-12-21_15-36-50/MultiSource/Benchmarks/Prolangs-C++/city -I/home/ed/mcsema-testing/llvm-test-suite/MultiSource/Benchmarks/Prolangs-C++/city -I/home/ed/mcsema-testing/llvm-test-suite/include -I../../../../include -D_GNU_SOURCE -D__STDC_LIMIT_MACROS -DNDEBUG  -O3  -m64 -fomit-frame-pointer -c /home/ed/mcsema-testing/llvm-test-suite/MultiSource/Benchmarks/Prolangs-C++/city/light.cpp -o Output/light.llvm.o
/home/ed/mcsema-testing/llvm-test-suite/RunSafely.sh --show-errors -t "/home/ed/mcsema-testing/SANDBOX/test-2015-12-21_15-36-50/tools/timeit" 500 /dev/null Output/main.llvm.o.compile \
	  /usr/bin/clang++ -I/home/ed/mcsema-testing/SANDBOX/test-2015-12-21_15-36-50/MultiSource/Benchmarks/Prolangs-C++/city -I/home/ed/mcsema-testing/llvm-test-suite/MultiSource/Benchmarks/Prolangs-C++/city -I/home/ed/mcsema-testing/llvm-test-suite/include -I../../../../include -D_GNU_SOURCE -D__STDC_LIMIT_MACROS -DNDEBUG  -O3  -m64 -fomit-frame-pointer -c /home/ed/mcsema-testing/llvm-test-suite/MultiSource/Benchmarks/Prolangs-C++/city/main.cpp -o Output/main.llvm.o
/home/ed/mcsema-testing/llvm-test-suite/RunSafely.sh --show-errors -t "/home/ed/mcsema-testing/SANDBOX/test-2015-12-21_15-36-50/tools/timeit" 500 /dev/null Output/roadlet.llvm.o.compile \
	  /usr/bin/clang++ -I/home/ed/mcsema-testing/SANDBOX/test-2015-12-21_15-36-50/MultiSource/Benchmarks/Prolangs-C++/city -I/home/ed/mcsema-testing/llvm-test-suite/MultiSource/Benchmarks/Prolangs-C++/city -I/home/ed/mcsema-testing/llvm-test-suite/include -I../../../../include -D_GNU_SOURCE -D__STDC_LIMIT_MACROS -DNDEBUG  -O3  -m64 -fomit-frame-pointer -c /home/ed/mcsema-testing/llvm-test-suite/MultiSource/Benchmarks/Prolangs-C++/city/roadlet.cpp -o Output/roadlet.llvm.o
/home/ed/mcsema-testing/llvm-test-suite/RunSafely.sh --show-errors -t "/home/ed/mcsema-testing/SANDBOX/test-2015-12-21_15-36-50/tools/timeit" 500 /dev/null Output/vehicle.llvm.o.compile \
	  /usr/bin/clang++ -I/home/ed/mcsema-testing/SANDBOX/test-2015-12-21_15-36-50/MultiSource/Benchmarks/Prolangs-C++/city -I/home/ed/mcsema-testing/llvm-test-suite/MultiSource/Benchmarks/Prolangs-C++/city -I/home/ed/mcsema-testing/llvm-test-suite/include -I../../../../include -D_GNU_SOURCE -D__STDC_LIMIT_MACROS -DNDEBUG  -O3  -m64 -fomit-frame-pointer -c /home/ed/mcsema-testing/llvm-test-suite/MultiSource/Benchmarks/Prolangs-C++/city/vehicle.cpp -o Output/vehicle.llvm.o
/usr/bin/clang++ -o Output/city.simple Output/check_functions.llvm.o Output/direction.llvm.o Output/intersection.llvm.o Output/light.llvm.o Output/main.llvm.o Output/roadlet.llvm.o Output/vehicle.llvm.o -lstdc++   -m64 -fomit-frame-pointer
/home/ed/mcsema-testing/llvm-test-suite/RunSafely.sh -t "/home/ed/mcsema-testing/SANDBOX/test-2015-12-21_15-36-50/tools/timeit-target" 500 /dev/null Output/city.out-simple Output/city.simple 
cp Output/city.simple Output/city.simple-hash; \
	strip --remove-section=.comment --remove-section='.note*' Output/city.simple-hash; \
	/home/ed/mcsema-testing/llvm-test-suite/HashProgramOutput.sh Output/city.simple-hash
if [ -f "/home/ed/mcsema-testing/llvm-test-suite/MultiSource/Benchmarks/Prolangs-C++/city/city.reference_output.little-endian." ]; then \
	  cp /home/ed/mcsema-testing/llvm-test-suite/MultiSource/Benchmarks/Prolangs-C++/city/city.reference_output.little-endian. Output/city.out-nat; \
	elif [ -f "/home/ed/mcsema-testing/llvm-test-suite/MultiSource/Benchmarks/Prolangs-C++/city/city.reference_output." ]; then \
	  cp /home/ed/mcsema-testing/llvm-test-suite/MultiSource/Benchmarks/Prolangs-C++/city/city.reference_output. Output/city.out-nat; \
	elif [ -f "/home/ed/mcsema-testing/llvm-test-suite/MultiSource/Benchmarks/Prolangs-C++/city/city.reference_output.little-endian" ]; then \
	  cp /home/ed/mcsema-testing/llvm-test-suite/MultiSource/Benchmarks/Prolangs-C++/city/city.reference_output.little-endian Output/city.out-nat; \
	elif [ -f "/home/ed/mcsema-testing/llvm-test-suite/MultiSource/Benchmarks/Prolangs-C++/city/city.reference_output" ]; then \
	  cp /home/ed/mcsema-testing/llvm-test-suite/MultiSource/Benchmarks/Prolangs-C++/city/city.reference_output Output/city.out-nat; \
	else \
	  printf "WARNING: %s: %s\n" "NO REFERENCE OUTPUT (using default)" "/home/ed/mcsema-testing/llvm-test-suite/MultiSource/Benchmarks/Prolangs-C++/city/city.reference_output" > Output/city.out-nat; \
	  cp /home/ed/mcsema-testing/llvm-test-suite/default.reference_output Output/city.out-nat; \
	  cat Output/city.out-nat; \
	fi
# Pretend that the reference output was produced instantaneously.
cp /home/ed/mcsema-testing/llvm-test-suite/instant.txt Output/city.out-nat.time
/home/ed/mcsema-testing/llvm-test-suite/DiffOutput.sh "/home/ed/mcsema-testing/SANDBOX/test-2015-12-21_15-36-50/tools/fpcmp " simple city 
rm -f Output/city.exe-simple
cp Output/city.diff-simple Output/city.exe-simple
if test -f Output/city.extra-results.txt; then \
	  /home/ed/mcsema-testing/llvm-test-suite/ParseMultipleResults /home/ed/mcsema-testing/SANDBOX/test-2015-12-21_15-36-50/MultiSource/Benchmarks/Prolangs-C++/city/city Output/city.extra-results.txt >> Output/city.simple.exec.report.txt; \
	fi
cat Output/city.simple.compile.report.txt Output/city.simple.exec.report.txt >> Output/city.simple.report.txt
---------------------------------------------------------------
>>> ========= '/home/ed/mcsema-testing/SANDBOX/test-2015-12-21_15-36-50/MultiSource/Benchmarks/Prolangs-C++/city/city' Program
---------------------------------------------------------------

TEST-PASS: compile /home/ed/mcsema-testing/SANDBOX/test-2015-12-21_15-36-50/MultiSource/Benchmarks/Prolangs-C++/city/city
TEST-RESULT-compile-success: pass
TEST-RESULT-compile-hash: 2a4472d76e2ec9bfb5ce0e11d91555e5
TEST-RESULT-compile-time: user 1.254700
TEST-RESULT-compile-real-time: real 1.469700

TEST-PASS: exec /home/ed/mcsema-testing/SANDBOX/test-2015-12-21_15-36-50/MultiSource/Benchmarks/Prolangs-C++/city/city
TEST-RESULT-exec-success: pass
TEST-RESULT-exec-time: user       0.0059
TEST-RESULT-exec-real-time: real       0.0068
make[5]: Leaving directory `/home/ed/mcsema-testing/SANDBOX/test-2015-12-21_15-36-50/MultiSource/Benchmarks/Prolangs-C++/city'
make[5]: Entering directory `/home/ed/mcsema-testing/SANDBOX/test-2015-12-21_15-36-50/MultiSource/Benchmarks/Prolangs-C++/deriv1'
/home/ed/mcsema-testing/llvm-test-suite/RunSafely.sh --show-errors -t "/home/ed/mcsema-testing/SANDBOX/test-2015-12-21_15-36-50/tools/timeit" 500 /dev/null Output/student2.llvm.o.compile \
	  /usr/bin/clang++ -I/home/ed/mcsema-testing/SANDBOX/test-2015-12-21_15-36-50/MultiSource/Benchmarks/Prolangs-C++/deriv1 -I/home/ed/mcsema-testing/llvm-test-suite/MultiSource/Benchmarks/Prolangs-C++/deriv1 -I/home/ed/mcsema-testing/llvm-test-suite/include -I../../../../include -D_GNU_SOURCE -D__STDC_LIMIT_MACROS -DNDEBUG  -O3  -m64 -fomit-frame-pointer -c /home/ed/mcsema-testing/llvm-test-suite/MultiSource/Benchmarks/Prolangs-C++/deriv1/student2.cpp -o Output/student2.llvm.o
/usr/bin/clang++ -o Output/deriv1.simple Output/student2.llvm.o -lstdc++   -m64 -fomit-frame-pointer
/home/ed/mcsema-testing/llvm-test-suite/RunSafely.sh -t "/home/ed/mcsema-testing/SANDBOX/test-2015-12-21_15-36-50/tools/timeit-target" 500 /dev/null Output/deriv1.out-simple Output/deriv1.simple 
cp Output/deriv1.simple Output/deriv1.simple-hash; \
	strip --remove-section=.comment --remove-section='.note*' Output/deriv1.simple-hash; \
	/home/ed/mcsema-testing/llvm-test-suite/HashProgramOutput.sh Output/deriv1.simple-hash
if [ -f "/home/ed/mcsema-testing/llvm-test-suite/MultiSource/Benchmarks/Prolangs-C++/deriv1/deriv1.reference_output.little-endian." ]; then \
	  cp /home/ed/mcsema-testing/llvm-test-suite/MultiSource/Benchmarks/Prolangs-C++/deriv1/deriv1.reference_output.little-endian. Output/deriv1.out-nat; \
	elif [ -f "/home/ed/mcsema-testing/llvm-test-suite/MultiSource/Benchmarks/Prolangs-C++/deriv1/deriv1.reference_output." ]; then \
	  cp /home/ed/mcsema-testing/llvm-test-suite/MultiSource/Benchmarks/Prolangs-C++/deriv1/deriv1.reference_output. Output/deriv1.out-nat; \
	elif [ -f "/home/ed/mcsema-testing/llvm-test-suite/MultiSource/Benchmarks/Prolangs-C++/deriv1/deriv1.reference_output.little-endian" ]; then \
	  cp /home/ed/mcsema-testing/llvm-test-suite/MultiSource/Benchmarks/Prolangs-C++/deriv1/deriv1.reference_output.little-endian Output/deriv1.out-nat; \
	elif [ -f "/home/ed/mcsema-testing/llvm-test-suite/MultiSource/Benchmarks/Prolangs-C++/deriv1/deriv1.reference_output" ]; then \
	  cp /home/ed/mcsema-testing/llvm-test-suite/MultiSource/Benchmarks/Prolangs-C++/deriv1/deriv1.reference_output Output/deriv1.out-nat; \
	else \
	  printf "WARNING: %s: %s\n" "NO REFERENCE OUTPUT (using default)" "/home/ed/mcsema-testing/llvm-test-suite/MultiSource/Benchmarks/Prolangs-C++/deriv1/deriv1.reference_output" > Output/deriv1.out-nat; \
	  cp /home/ed/mcsema-testing/llvm-test-suite/default.reference_output Output/deriv1.out-nat; \
	  cat Output/deriv1.out-nat; \
	fi
# Pretend that the reference output was produced instantaneously.
cp /home/ed/mcsema-testing/llvm-test-suite/instant.txt Output/deriv1.out-nat.time
/home/ed/mcsema-testing/llvm-test-suite/DiffOutput.sh "/home/ed/mcsema-testing/SANDBOX/test-2015-12-21_15-36-50/tools/fpcmp " simple deriv1 
rm -f Output/deriv1.exe-simple
cp Output/deriv1.diff-simple Output/deriv1.exe-simple
if test -f Output/deriv1.extra-results.txt; then \
	  /home/ed/mcsema-testing/llvm-test-suite/ParseMultipleResults /home/ed/mcsema-testing/SANDBOX/test-2015-12-21_15-36-50/MultiSource/Benchmarks/Prolangs-C++/deriv1/deriv1 Output/deriv1.extra-results.txt >> Output/deriv1.simple.exec.report.txt; \
	fi
cat Output/deriv1.simple.compile.report.txt Output/deriv1.simple.exec.report.txt >> Output/deriv1.simple.report.txt
---------------------------------------------------------------
>>> ========= '/home/ed/mcsema-testing/SANDBOX/test-2015-12-21_15-36-50/MultiSource/Benchmarks/Prolangs-C++/deriv1/deriv1' Program
---------------------------------------------------------------

TEST-PASS: compile /home/ed/mcsema-testing/SANDBOX/test-2015-12-21_15-36-50/MultiSource/Benchmarks/Prolangs-C++/deriv1/deriv1
TEST-RESULT-compile-success: pass
TEST-RESULT-compile-hash: 497f0d168aa9c01a71e8abbfbe3e8510
TEST-RESULT-compile-time: user 0.179900
TEST-RESULT-compile-real-time: real 0.207600

TEST-PASS: exec /home/ed/mcsema-testing/SANDBOX/test-2015-12-21_15-36-50/MultiSource/Benchmarks/Prolangs-C++/deriv1/deriv1
TEST-RESULT-exec-success: pass
TEST-RESULT-exec-time: user       0.0009
TEST-RESULT-exec-real-time: real       0.0019
make[5]: Leaving directory `/home/ed/mcsema-testing/SANDBOX/test-2015-12-21_15-36-50/MultiSource/Benchmarks/Prolangs-C++/deriv1'
make[5]: Entering directory `/home/ed/mcsema-testing/SANDBOX/test-2015-12-21_15-36-50/MultiSource/Benchmarks/Prolangs-C++/deriv2'
/home/ed/mcsema-testing/llvm-test-suite/RunSafely.sh --show-errors -t "/home/ed/mcsema-testing/SANDBOX/test-2015-12-21_15-36-50/tools/timeit" 500 /dev/null Output/student3.llvm.o.compile \
	  /usr/bin/clang++ -I/home/ed/mcsema-testing/SANDBOX/test-2015-12-21_15-36-50/MultiSource/Benchmarks/Prolangs-C++/deriv2 -I/home/ed/mcsema-testing/llvm-test-suite/MultiSource/Benchmarks/Prolangs-C++/deriv2 -I/home/ed/mcsema-testing/llvm-test-suite/include -I../../../../include -D_GNU_SOURCE -D__STDC_LIMIT_MACROS -DNDEBUG  -O3  -m64 -fomit-frame-pointer -c /home/ed/mcsema-testing/llvm-test-suite/MultiSource/Benchmarks/Prolangs-C++/deriv2/student3.cpp -o Output/student3.llvm.o
/usr/bin/clang++ -o Output/deriv2.simple Output/student3.llvm.o -lstdc++   -m64 -fomit-frame-pointer
/home/ed/mcsema-testing/llvm-test-suite/RunSafely.sh -t "/home/ed/mcsema-testing/SANDBOX/test-2015-12-21_15-36-50/tools/timeit-target" 500 /dev/null Output/deriv2.out-simple Output/deriv2.simple 
cp Output/deriv2.simple Output/deriv2.simple-hash; \
	strip --remove-section=.comment --remove-section='.note*' Output/deriv2.simple-hash; \
	/home/ed/mcsema-testing/llvm-test-suite/HashProgramOutput.sh Output/deriv2.simple-hash
if [ -f "/home/ed/mcsema-testing/llvm-test-suite/MultiSource/Benchmarks/Prolangs-C++/deriv2/deriv2.reference_output.little-endian." ]; then \
	  cp /home/ed/mcsema-testing/llvm-test-suite/MultiSource/Benchmarks/Prolangs-C++/deriv2/deriv2.reference_output.little-endian. Output/deriv2.out-nat; \
	elif [ -f "/home/ed/mcsema-testing/llvm-test-suite/MultiSource/Benchmarks/Prolangs-C++/deriv2/deriv2.reference_output." ]; then \
	  cp /home/ed/mcsema-testing/llvm-test-suite/MultiSource/Benchmarks/Prolangs-C++/deriv2/deriv2.reference_output. Output/deriv2.out-nat; \
	elif [ -f "/home/ed/mcsema-testing/llvm-test-suite/MultiSource/Benchmarks/Prolangs-C++/deriv2/deriv2.reference_output.little-endian" ]; then \
	  cp /home/ed/mcsema-testing/llvm-test-suite/MultiSource/Benchmarks/Prolangs-C++/deriv2/deriv2.reference_output.little-endian Output/deriv2.out-nat; \
	elif [ -f "/home/ed/mcsema-testing/llvm-test-suite/MultiSource/Benchmarks/Prolangs-C++/deriv2/deriv2.reference_output" ]; then \
	  cp /home/ed/mcsema-testing/llvm-test-suite/MultiSource/Benchmarks/Prolangs-C++/deriv2/deriv2.reference_output Output/deriv2.out-nat; \
	else \
	  printf "WARNING: %s: %s\n" "NO REFERENCE OUTPUT (using default)" "/home/ed/mcsema-testing/llvm-test-suite/MultiSource/Benchmarks/Prolangs-C++/deriv2/deriv2.reference_output" > Output/deriv2.out-nat; \
	  cp /home/ed/mcsema-testing/llvm-test-suite/default.reference_output Output/deriv2.out-nat; \
	  cat Output/deriv2.out-nat; \
	fi
# Pretend that the reference output was produced instantaneously.
cp /home/ed/mcsema-testing/llvm-test-suite/instant.txt Output/deriv2.out-nat.time
/home/ed/mcsema-testing/llvm-test-suite/DiffOutput.sh "/home/ed/mcsema-testing/SANDBOX/test-2015-12-21_15-36-50/tools/fpcmp " simple deriv2 
rm -f Output/deriv2.exe-simple
cp Output/deriv2.diff-simple Output/deriv2.exe-simple
if test -f Output/deriv2.extra-results.txt; then \
	  /home/ed/mcsema-testing/llvm-test-suite/ParseMultipleResults /home/ed/mcsema-testing/SANDBOX/test-2015-12-21_15-36-50/MultiSource/Benchmarks/Prolangs-C++/deriv2/deriv2 Output/deriv2.extra-results.txt >> Output/deriv2.simple.exec.report.txt; \
	fi
cat Output/deriv2.simple.compile.report.txt Output/deriv2.simple.exec.report.txt >> Output/deriv2.simple.report.txt
---------------------------------------------------------------
>>> ========= '/home/ed/mcsema-testing/SANDBOX/test-2015-12-21_15-36-50/MultiSource/Benchmarks/Prolangs-C++/deriv2/deriv2' Program
---------------------------------------------------------------

TEST-PASS: compile /home/ed/mcsema-testing/SANDBOX/test-2015-12-21_15-36-50/MultiSource/Benchmarks/Prolangs-C++/deriv2/deriv2
TEST-RESULT-compile-success: pass
TEST-RESULT-compile-hash: 16542b78576f183bfdbcc743a023b70c
TEST-RESULT-compile-time: user 0.210100
TEST-RESULT-compile-real-time: real 0.243700

TEST-PASS: exec /home/ed/mcsema-testing/SANDBOX/test-2015-12-21_15-36-50/MultiSource/Benchmarks/Prolangs-C++/deriv2/deriv2
TEST-RESULT-exec-success: pass
TEST-RESULT-exec-time: user       0.0009
TEST-RESULT-exec-real-time: real       0.0018
make[5]: Leaving directory `/home/ed/mcsema-testing/SANDBOX/test-2015-12-21_15-36-50/MultiSource/Benchmarks/Prolangs-C++/deriv2'
make[5]: Entering directory `/home/ed/mcsema-testing/SANDBOX/test-2015-12-21_15-36-50/MultiSource/Benchmarks/Prolangs-C++/employ'
/home/ed/mcsema-testing/llvm-test-suite/RunSafely.sh --show-errors -t "/home/ed/mcsema-testing/SANDBOX/test-2015-12-21_15-36-50/tools/timeit" 500 /dev/null Output/driver.llvm.o.compile \
	  /usr/bin/clang++ -I/home/ed/mcsema-testing/SANDBOX/test-2015-12-21_15-36-50/MultiSource/Benchmarks/Prolangs-C++/employ -I/home/ed/mcsema-testing/llvm-test-suite/MultiSource/Benchmarks/Prolangs-C++/employ -I/home/ed/mcsema-testing/llvm-test-suite/include -I../../../../include -D_GNU_SOURCE -D__STDC_LIMIT_MACROS -DNDEBUG  -O3  -m64 -fomit-frame-pointer -c /home/ed/mcsema-testing/llvm-test-suite/MultiSource/Benchmarks/Prolangs-C++/employ/driver.cpp -o Output/driver.llvm.o
/usr/bin/clang++ -o Output/employ.simple Output/driver.llvm.o -lstdc++   -m64 -fomit-frame-pointer
/home/ed/mcsema-testing/llvm-test-suite/RunSafely.sh -t "/home/ed/mcsema-testing/SANDBOX/test-2015-12-21_15-36-50/tools/timeit-target" 500 /home/ed/mcsema-testing/llvm-test-suite/MultiSource/Benchmarks/Prolangs-C++/employ/input.txt Output/employ.out-simple Output/employ.simple 400
/home/ed/mcsema-testing/llvm-test-suite/HashProgramOutput.sh Output/employ.out-simple
cp Output/employ.simple Output/employ.simple-hash; \
	strip --remove-section=.comment --remove-section='.note*' Output/employ.simple-hash; \
	/home/ed/mcsema-testing/llvm-test-suite/HashProgramOutput.sh Output/employ.simple-hash
if [ -f "/home/ed/mcsema-testing/llvm-test-suite/MultiSource/Benchmarks/Prolangs-C++/employ/employ.reference_output.little-endian." ]; then \
	  cp /home/ed/mcsema-testing/llvm-test-suite/MultiSource/Benchmarks/Prolangs-C++/employ/employ.reference_output.little-endian. Output/employ.out-nat; \
	elif [ -f "/home/ed/mcsema-testing/llvm-test-suite/MultiSource/Benchmarks/Prolangs-C++/employ/employ.reference_output." ]; then \
	  cp /home/ed/mcsema-testing/llvm-test-suite/MultiSource/Benchmarks/Prolangs-C++/employ/employ.reference_output. Output/employ.out-nat; \
	elif [ -f "/home/ed/mcsema-testing/llvm-test-suite/MultiSource/Benchmarks/Prolangs-C++/employ/employ.reference_output.little-endian" ]; then \
	  cp /home/ed/mcsema-testing/llvm-test-suite/MultiSource/Benchmarks/Prolangs-C++/employ/employ.reference_output.little-endian Output/employ.out-nat; \
	elif [ -f "/home/ed/mcsema-testing/llvm-test-suite/MultiSource/Benchmarks/Prolangs-C++/employ/employ.reference_output" ]; then \
	  cp /home/ed/mcsema-testing/llvm-test-suite/MultiSource/Benchmarks/Prolangs-C++/employ/employ.reference_output Output/employ.out-nat; \
	else \
	  printf "WARNING: %s: %s\n" "NO REFERENCE OUTPUT (using default)" "/home/ed/mcsema-testing/llvm-test-suite/MultiSource/Benchmarks/Prolangs-C++/employ/employ.reference_output" > Output/employ.out-nat; \
	  cp /home/ed/mcsema-testing/llvm-test-suite/default.reference_output Output/employ.out-nat; \
	  cat Output/employ.out-nat; \
	fi
# Pretend that the reference output was produced instantaneously.
cp /home/ed/mcsema-testing/llvm-test-suite/instant.txt Output/employ.out-nat.time
/home/ed/mcsema-testing/llvm-test-suite/DiffOutput.sh "/home/ed/mcsema-testing/SANDBOX/test-2015-12-21_15-36-50/tools/fpcmp " simple employ 
rm -f Output/employ.exe-simple
cp Output/employ.diff-simple Output/employ.exe-simple
if test -f Output/employ.extra-results.txt; then \
	  /home/ed/mcsema-testing/llvm-test-suite/ParseMultipleResults /home/ed/mcsema-testing/SANDBOX/test-2015-12-21_15-36-50/MultiSource/Benchmarks/Prolangs-C++/employ/employ Output/employ.extra-results.txt >> Output/employ.simple.exec.report.txt; \
	fi
cat Output/employ.simple.compile.report.txt Output/employ.simple.exec.report.txt >> Output/employ.simple.report.txt
---------------------------------------------------------------
>>> ========= '/home/ed/mcsema-testing/SANDBOX/test-2015-12-21_15-36-50/MultiSource/Benchmarks/Prolangs-C++/employ/employ' Program
---------------------------------------------------------------

TEST-PASS: compile /home/ed/mcsema-testing/SANDBOX/test-2015-12-21_15-36-50/MultiSource/Benchmarks/Prolangs-C++/employ/employ
TEST-RESULT-compile-success: pass
TEST-RESULT-compile-hash: fb55f98e9a120086aafd01476fc8bffa
TEST-RESULT-compile-time: user 0.239300
TEST-RESULT-compile-real-time: real 0.273400

TEST-PASS: exec /home/ed/mcsema-testing/SANDBOX/test-2015-12-21_15-36-50/MultiSource/Benchmarks/Prolangs-C++/employ/employ
TEST-RESULT-exec-success: pass
TEST-RESULT-exec-time: user       0.0063
TEST-RESULT-exec-real-time: real       0.0084
make[5]: Leaving directory `/home/ed/mcsema-testing/SANDBOX/test-2015-12-21_15-36-50/MultiSource/Benchmarks/Prolangs-C++/employ'
make[5]: Entering directory `/home/ed/mcsema-testing/SANDBOX/test-2015-12-21_15-36-50/MultiSource/Benchmarks/Prolangs-C++/family'
/home/ed/mcsema-testing/llvm-test-suite/RunSafely.sh --show-errors -t "/home/ed/mcsema-testing/SANDBOX/test-2015-12-21_15-36-50/tools/timeit" 500 /dev/null Output/family.llvm.o.compile \
	  /usr/bin/clang++ -I/home/ed/mcsema-testing/SANDBOX/test-2015-12-21_15-36-50/MultiSource/Benchmarks/Prolangs-C++/family -I/home/ed/mcsema-testing/llvm-test-suite/MultiSource/Benchmarks/Prolangs-C++/family -I/home/ed/mcsema-testing/llvm-test-suite/include -I../../../../include -D_GNU_SOURCE -D__STDC_LIMIT_MACROS -DNDEBUG  -O3  -m64 -fomit-frame-pointer -c /home/ed/mcsema-testing/llvm-test-suite/MultiSource/Benchmarks/Prolangs-C++/family/family.cpp -o Output/family.llvm.o
/usr/bin/clang++ -o Output/family.simple Output/family.llvm.o -lstdc++   -m64 -fomit-frame-pointer
/home/ed/mcsema-testing/llvm-test-suite/RunSafely.sh -t "/home/ed/mcsema-testing/SANDBOX/test-2015-12-21_15-36-50/tools/timeit-target" 500 /dev/null Output/family.out-simple Output/family.simple 
cp Output/family.simple Output/family.simple-hash; \
	strip --remove-section=.comment --remove-section='.note*' Output/family.simple-hash; \
	/home/ed/mcsema-testing/llvm-test-suite/HashProgramOutput.sh Output/family.simple-hash
if [ -f "/home/ed/mcsema-testing/llvm-test-suite/MultiSource/Benchmarks/Prolangs-C++/family/family.reference_output.little-endian." ]; then \
	  cp /home/ed/mcsema-testing/llvm-test-suite/MultiSource/Benchmarks/Prolangs-C++/family/family.reference_output.little-endian. Output/family.out-nat; \
	elif [ -f "/home/ed/mcsema-testing/llvm-test-suite/MultiSource/Benchmarks/Prolangs-C++/family/family.reference_output." ]; then \
	  cp /home/ed/mcsema-testing/llvm-test-suite/MultiSource/Benchmarks/Prolangs-C++/family/family.reference_output. Output/family.out-nat; \
	elif [ -f "/home/ed/mcsema-testing/llvm-test-suite/MultiSource/Benchmarks/Prolangs-C++/family/family.reference_output.little-endian" ]; then \
	  cp /home/ed/mcsema-testing/llvm-test-suite/MultiSource/Benchmarks/Prolangs-C++/family/family.reference_output.little-endian Output/family.out-nat; \
	elif [ -f "/home/ed/mcsema-testing/llvm-test-suite/MultiSource/Benchmarks/Prolangs-C++/family/family.reference_output" ]; then \
	  cp /home/ed/mcsema-testing/llvm-test-suite/MultiSource/Benchmarks/Prolangs-C++/family/family.reference_output Output/family.out-nat; \
	else \
	  printf "WARNING: %s: %s\n" "NO REFERENCE OUTPUT (using default)" "/home/ed/mcsema-testing/llvm-test-suite/MultiSource/Benchmarks/Prolangs-C++/family/family.reference_output" > Output/family.out-nat; \
	  cp /home/ed/mcsema-testing/llvm-test-suite/default.reference_output Output/family.out-nat; \
	  cat Output/family.out-nat; \
	fi
# Pretend that the reference output was produced instantaneously.
cp /home/ed/mcsema-testing/llvm-test-suite/instant.txt Output/family.out-nat.time
/home/ed/mcsema-testing/llvm-test-suite/DiffOutput.sh "/home/ed/mcsema-testing/SANDBOX/test-2015-12-21_15-36-50/tools/fpcmp " simple family 
rm -f Output/family.exe-simple
cp Output/family.diff-simple Output/family.exe-simple
if test -f Output/family.extra-results.txt; then \
	  /home/ed/mcsema-testing/llvm-test-suite/ParseMultipleResults /home/ed/mcsema-testing/SANDBOX/test-2015-12-21_15-36-50/MultiSource/Benchmarks/Prolangs-C++/family/family Output/family.extra-results.txt >> Output/family.simple.exec.report.txt; \
	fi
cat Output/family.simple.compile.report.txt Output/family.simple.exec.report.txt >> Output/family.simple.report.txt
---------------------------------------------------------------
>>> ========= '/home/ed/mcsema-testing/SANDBOX/test-2015-12-21_15-36-50/MultiSource/Benchmarks/Prolangs-C++/family/family' Program
---------------------------------------------------------------

TEST-PASS: compile /home/ed/mcsema-testing/SANDBOX/test-2015-12-21_15-36-50/MultiSource/Benchmarks/Prolangs-C++/family/family
TEST-RESULT-compile-success: pass
TEST-RESULT-compile-hash: a56435942373a87c175119d78f2b8bf8
TEST-RESULT-compile-time: user 0.039700
TEST-RESULT-compile-real-time: real 0.054600

TEST-PASS: exec /home/ed/mcsema-testing/SANDBOX/test-2015-12-21_15-36-50/MultiSource/Benchmarks/Prolangs-C++/family/family
TEST-RESULT-exec-success: pass
TEST-RESULT-exec-time: user       0.0008
TEST-RESULT-exec-real-time: real       0.0017
make[5]: Leaving directory `/home/ed/mcsema-testing/SANDBOX/test-2015-12-21_15-36-50/MultiSource/Benchmarks/Prolangs-C++/family'
make[5]: Entering directory `/home/ed/mcsema-testing/SANDBOX/test-2015-12-21_15-36-50/MultiSource/Benchmarks/Prolangs-C++/fsm'
/home/ed/mcsema-testing/llvm-test-suite/RunSafely.sh --show-errors -t "/home/ed/mcsema-testing/SANDBOX/test-2015-12-21_15-36-50/tools/timeit" 500 /dev/null Output/fsm.llvm.o.compile \
	  /usr/bin/clang++ -I/home/ed/mcsema-testing/SANDBOX/test-2015-12-21_15-36-50/MultiSource/Benchmarks/Prolangs-C++/fsm -I/home/ed/mcsema-testing/llvm-test-suite/MultiSource/Benchmarks/Prolangs-C++/fsm -I/home/ed/mcsema-testing/llvm-test-suite/include -I../../../../include -D_GNU_SOURCE -D__STDC_LIMIT_MACROS -DNDEBUG  -O3  -m64 -fomit-frame-pointer -c /home/ed/mcsema-testing/llvm-test-suite/MultiSource/Benchmarks/Prolangs-C++/fsm/fsm.cpp -o Output/fsm.llvm.o
/usr/bin/clang++ -o Output/fsm.simple Output/fsm.llvm.o -lstdc++   -m64 -fomit-frame-pointer
/home/ed/mcsema-testing/llvm-test-suite/RunSafely.sh -t "/home/ed/mcsema-testing/SANDBOX/test-2015-12-21_15-36-50/tools/timeit-target" 500 /dev/null Output/fsm.out-simple Output/fsm.simple 
cp Output/fsm.simple Output/fsm.simple-hash; \
	strip --remove-section=.comment --remove-section='.note*' Output/fsm.simple-hash; \
	/home/ed/mcsema-testing/llvm-test-suite/HashProgramOutput.sh Output/fsm.simple-hash
if [ -f "/home/ed/mcsema-testing/llvm-test-suite/MultiSource/Benchmarks/Prolangs-C++/fsm/fsm.reference_output.little-endian." ]; then \
	  cp /home/ed/mcsema-testing/llvm-test-suite/MultiSource/Benchmarks/Prolangs-C++/fsm/fsm.reference_output.little-endian. Output/fsm.out-nat; \
	elif [ -f "/home/ed/mcsema-testing/llvm-test-suite/MultiSource/Benchmarks/Prolangs-C++/fsm/fsm.reference_output." ]; then \
	  cp /home/ed/mcsema-testing/llvm-test-suite/MultiSource/Benchmarks/Prolangs-C++/fsm/fsm.reference_output. Output/fsm.out-nat; \
	elif [ -f "/home/ed/mcsema-testing/llvm-test-suite/MultiSource/Benchmarks/Prolangs-C++/fsm/fsm.reference_output.little-endian" ]; then \
	  cp /home/ed/mcsema-testing/llvm-test-suite/MultiSource/Benchmarks/Prolangs-C++/fsm/fsm.reference_output.little-endian Output/fsm.out-nat; \
	elif [ -f "/home/ed/mcsema-testing/llvm-test-suite/MultiSource/Benchmarks/Prolangs-C++/fsm/fsm.reference_output" ]; then \
	  cp /home/ed/mcsema-testing/llvm-test-suite/MultiSource/Benchmarks/Prolangs-C++/fsm/fsm.reference_output Output/fsm.out-nat; \
	else \
	  printf "WARNING: %s: %s\n" "NO REFERENCE OUTPUT (using default)" "/home/ed/mcsema-testing/llvm-test-suite/MultiSource/Benchmarks/Prolangs-C++/fsm/fsm.reference_output" > Output/fsm.out-nat; \
	  cp /home/ed/mcsema-testing/llvm-test-suite/default.reference_output Output/fsm.out-nat; \
	  cat Output/fsm.out-nat; \
	fi
# Pretend that the reference output was produced instantaneously.
cp /home/ed/mcsema-testing/llvm-test-suite/instant.txt Output/fsm.out-nat.time
/home/ed/mcsema-testing/llvm-test-suite/DiffOutput.sh "/home/ed/mcsema-testing/SANDBOX/test-2015-12-21_15-36-50/tools/fpcmp " simple fsm 
rm -f Output/fsm.exe-simple
cp Output/fsm.diff-simple Output/fsm.exe-simple
if test -f Output/fsm.extra-results.txt; then \
	  /home/ed/mcsema-testing/llvm-test-suite/ParseMultipleResults /home/ed/mcsema-testing/SANDBOX/test-2015-12-21_15-36-50/MultiSource/Benchmarks/Prolangs-C++/fsm/fsm Output/fsm.extra-results.txt >> Output/fsm.simple.exec.report.txt; \
	fi
cat Output/fsm.simple.compile.report.txt Output/fsm.simple.exec.report.txt >> Output/fsm.simple.report.txt
---------------------------------------------------------------
>>> ========= '/home/ed/mcsema-testing/SANDBOX/test-2015-12-21_15-36-50/MultiSource/Benchmarks/Prolangs-C++/fsm/fsm' Program
---------------------------------------------------------------

TEST-PASS: compile /home/ed/mcsema-testing/SANDBOX/test-2015-12-21_15-36-50/MultiSource/Benchmarks/Prolangs-C++/fsm/fsm
TEST-RESULT-compile-success: pass
TEST-RESULT-compile-hash: fa3c421314de12a56d2e682c7b2f9975
TEST-RESULT-compile-time: user 0.046000
TEST-RESULT-compile-real-time: real 0.061200

TEST-PASS: exec /home/ed/mcsema-testing/SANDBOX/test-2015-12-21_15-36-50/MultiSource/Benchmarks/Prolangs-C++/fsm/fsm
TEST-RESULT-exec-success: pass
TEST-RESULT-exec-time: user       0.0009
TEST-RESULT-exec-real-time: real       0.0020
make[5]: Leaving directory `/home/ed/mcsema-testing/SANDBOX/test-2015-12-21_15-36-50/MultiSource/Benchmarks/Prolangs-C++/fsm'
make[5]: Entering directory `/home/ed/mcsema-testing/SANDBOX/test-2015-12-21_15-36-50/MultiSource/Benchmarks/Prolangs-C++/garage'
/home/ed/mcsema-testing/llvm-test-suite/RunSafely.sh --show-errors -t "/home/ed/mcsema-testing/SANDBOX/test-2015-12-21_15-36-50/tools/timeit" 500 /dev/null Output/garage.llvm.o.compile \
	  /usr/bin/clang++ -I/home/ed/mcsema-testing/SANDBOX/test-2015-12-21_15-36-50/MultiSource/Benchmarks/Prolangs-C++/garage -I/home/ed/mcsema-testing/llvm-test-suite/MultiSource/Benchmarks/Prolangs-C++/garage -I/home/ed/mcsema-testing/llvm-test-suite/include -I../../../../include -D_GNU_SOURCE -D__STDC_LIMIT_MACROS -DNDEBUG  -O3  -m64 -fomit-frame-pointer -c /home/ed/mcsema-testing/llvm-test-suite/MultiSource/Benchmarks/Prolangs-C++/garage/garage.cpp -o Output/garage.llvm.o
/usr/bin/clang++ -o Output/garage.simple Output/garage.llvm.o -lstdc++   -m64 -fomit-frame-pointer
/home/ed/mcsema-testing/llvm-test-suite/RunSafely.sh -t "/home/ed/mcsema-testing/SANDBOX/test-2015-12-21_15-36-50/tools/timeit-target" 500 /dev/null Output/garage.out-simple Output/garage.simple 
cp Output/garage.simple Output/garage.simple-hash; \
	strip --remove-section=.comment --remove-section='.note*' Output/garage.simple-hash; \
	/home/ed/mcsema-testing/llvm-test-suite/HashProgramOutput.sh Output/garage.simple-hash
if [ -f "/home/ed/mcsema-testing/llvm-test-suite/MultiSource/Benchmarks/Prolangs-C++/garage/garage.reference_output.little-endian." ]; then \
	  cp /home/ed/mcsema-testing/llvm-test-suite/MultiSource/Benchmarks/Prolangs-C++/garage/garage.reference_output.little-endian. Output/garage.out-nat; \
	elif [ -f "/home/ed/mcsema-testing/llvm-test-suite/MultiSource/Benchmarks/Prolangs-C++/garage/garage.reference_output." ]; then \
	  cp /home/ed/mcsema-testing/llvm-test-suite/MultiSource/Benchmarks/Prolangs-C++/garage/garage.reference_output. Output/garage.out-nat; \
	elif [ -f "/home/ed/mcsema-testing/llvm-test-suite/MultiSource/Benchmarks/Prolangs-C++/garage/garage.reference_output.little-endian" ]; then \
	  cp /home/ed/mcsema-testing/llvm-test-suite/MultiSource/Benchmarks/Prolangs-C++/garage/garage.reference_output.little-endian Output/garage.out-nat; \
	elif [ -f "/home/ed/mcsema-testing/llvm-test-suite/MultiSource/Benchmarks/Prolangs-C++/garage/garage.reference_output" ]; then \
	  cp /home/ed/mcsema-testing/llvm-test-suite/MultiSource/Benchmarks/Prolangs-C++/garage/garage.reference_output Output/garage.out-nat; \
	else \
	  printf "WARNING: %s: %s\n" "NO REFERENCE OUTPUT (using default)" "/home/ed/mcsema-testing/llvm-test-suite/MultiSource/Benchmarks/Prolangs-C++/garage/garage.reference_output" > Output/garage.out-nat; \
	  cp /home/ed/mcsema-testing/llvm-test-suite/default.reference_output Output/garage.out-nat; \
	  cat Output/garage.out-nat; \
	fi
# Pretend that the reference output was produced instantaneously.
cp /home/ed/mcsema-testing/llvm-test-suite/instant.txt Output/garage.out-nat.time
/home/ed/mcsema-testing/llvm-test-suite/DiffOutput.sh "/home/ed/mcsema-testing/SANDBOX/test-2015-12-21_15-36-50/tools/fpcmp " simple garage 
rm -f Output/garage.exe-simple
cp Output/garage.diff-simple Output/garage.exe-simple
if test -f Output/garage.extra-results.txt; then \
	  /home/ed/mcsema-testing/llvm-test-suite/ParseMultipleResults /home/ed/mcsema-testing/SANDBOX/test-2015-12-21_15-36-50/MultiSource/Benchmarks/Prolangs-C++/garage/garage Output/garage.extra-results.txt >> Output/garage.simple.exec.report.txt; \
	fi
cat Output/garage.simple.compile.report.txt Output/garage.simple.exec.report.txt >> Output/garage.simple.report.txt
---------------------------------------------------------------
>>> ========= '/home/ed/mcsema-testing/SANDBOX/test-2015-12-21_15-36-50/MultiSource/Benchmarks/Prolangs-C++/garage/garage' Program
---------------------------------------------------------------

TEST-PASS: compile /home/ed/mcsema-testing/SANDBOX/test-2015-12-21_15-36-50/MultiSource/Benchmarks/Prolangs-C++/garage/garage
TEST-RESULT-compile-success: pass
TEST-RESULT-compile-hash: 174ebec950cfdfd3517d0a4bdb37946d
TEST-RESULT-compile-time: user 0.052200
TEST-RESULT-compile-real-time: real 0.068300

TEST-PASS: exec /home/ed/mcsema-testing/SANDBOX/test-2015-12-21_15-36-50/MultiSource/Benchmarks/Prolangs-C++/garage/garage
TEST-RESULT-exec-success: pass
TEST-RESULT-exec-time: user       0.0008
TEST-RESULT-exec-real-time: real       0.0017
make[5]: Leaving directory `/home/ed/mcsema-testing/SANDBOX/test-2015-12-21_15-36-50/MultiSource/Benchmarks/Prolangs-C++/garage'
make[5]: Entering directory `/home/ed/mcsema-testing/SANDBOX/test-2015-12-21_15-36-50/MultiSource/Benchmarks/Prolangs-C++/life'
/home/ed/mcsema-testing/llvm-test-suite/RunSafely.sh --show-errors -t "/home/ed/mcsema-testing/SANDBOX/test-2015-12-21_15-36-50/tools/timeit" 500 /dev/null Output/life.llvm.o.compile \
	  /usr/bin/clang++ -I/home/ed/mcsema-testing/SANDBOX/test-2015-12-21_15-36-50/MultiSource/Benchmarks/Prolangs-C++/life -I/home/ed/mcsema-testing/llvm-test-suite/MultiSource/Benchmarks/Prolangs-C++/life -I/home/ed/mcsema-testing/llvm-test-suite/include -I../../../../include -D_GNU_SOURCE -D__STDC_LIMIT_MACROS -DNDEBUG  -O3  -m64 -fomit-frame-pointer -c /home/ed/mcsema-testing/llvm-test-suite/MultiSource/Benchmarks/Prolangs-C++/life/life.cpp -o Output/life.llvm.o
/usr/bin/clang++ -o Output/life.simple Output/life.llvm.o -lstdc++   -m64 -fomit-frame-pointer
/home/ed/mcsema-testing/llvm-test-suite/RunSafely.sh -t "/home/ed/mcsema-testing/SANDBOX/test-2015-12-21_15-36-50/tools/timeit-target" 500 /dev/null Output/life.out-simple Output/life.simple 
cp Output/life.simple Output/life.simple-hash; \
	strip --remove-section=.comment --remove-section='.note*' Output/life.simple-hash; \
	/home/ed/mcsema-testing/llvm-test-suite/HashProgramOutput.sh Output/life.simple-hash
if [ -f "/home/ed/mcsema-testing/llvm-test-suite/MultiSource/Benchmarks/Prolangs-C++/life/life.reference_output.little-endian." ]; then \
	  cp /home/ed/mcsema-testing/llvm-test-suite/MultiSource/Benchmarks/Prolangs-C++/life/life.reference_output.little-endian. Output/life.out-nat; \
	elif [ -f "/home/ed/mcsema-testing/llvm-test-suite/MultiSource/Benchmarks/Prolangs-C++/life/life.reference_output." ]; then \
	  cp /home/ed/mcsema-testing/llvm-test-suite/MultiSource/Benchmarks/Prolangs-C++/life/life.reference_output. Output/life.out-nat; \
	elif [ -f "/home/ed/mcsema-testing/llvm-test-suite/MultiSource/Benchmarks/Prolangs-C++/life/life.reference_output.little-endian" ]; then \
	  cp /home/ed/mcsema-testing/llvm-test-suite/MultiSource/Benchmarks/Prolangs-C++/life/life.reference_output.little-endian Output/life.out-nat; \
	elif [ -f "/home/ed/mcsema-testing/llvm-test-suite/MultiSource/Benchmarks/Prolangs-C++/life/life.reference_output" ]; then \
	  cp /home/ed/mcsema-testing/llvm-test-suite/MultiSource/Benchmarks/Prolangs-C++/life/life.reference_output Output/life.out-nat; \
	else \
	  printf "WARNING: %s: %s\n" "NO REFERENCE OUTPUT (using default)" "/home/ed/mcsema-testing/llvm-test-suite/MultiSource/Benchmarks/Prolangs-C++/life/life.reference_output" > Output/life.out-nat; \
	  cp /home/ed/mcsema-testing/llvm-test-suite/default.reference_output Output/life.out-nat; \
	  cat Output/life.out-nat; \
	fi
# Pretend that the reference output was produced instantaneously.
cp /home/ed/mcsema-testing/llvm-test-suite/instant.txt Output/life.out-nat.time
/home/ed/mcsema-testing/llvm-test-suite/DiffOutput.sh "/home/ed/mcsema-testing/SANDBOX/test-2015-12-21_15-36-50/tools/fpcmp " simple life 
rm -f Output/life.exe-simple
cp Output/life.diff-simple Output/life.exe-simple
if test -f Output/life.extra-results.txt; then \
	  /home/ed/mcsema-testing/llvm-test-suite/ParseMultipleResults /home/ed/mcsema-testing/SANDBOX/test-2015-12-21_15-36-50/MultiSource/Benchmarks/Prolangs-C++/life/life Output/life.extra-results.txt >> Output/life.simple.exec.report.txt; \
	fi
cat Output/life.simple.compile.report.txt Output/life.simple.exec.report.txt >> Output/life.simple.report.txt
---------------------------------------------------------------
>>> ========= '/home/ed/mcsema-testing/SANDBOX/test-2015-12-21_15-36-50/MultiSource/Benchmarks/Prolangs-C++/life/life' Program
---------------------------------------------------------------

TEST-PASS: compile /home/ed/mcsema-testing/SANDBOX/test-2015-12-21_15-36-50/MultiSource/Benchmarks/Prolangs-C++/life/life
TEST-RESULT-compile-success: pass
TEST-RESULT-compile-hash: d39aa1aaa2f3b560a72cd11f66aca802
TEST-RESULT-compile-time: user 0.058600
TEST-RESULT-compile-real-time: real 0.072900

TEST-PASS: exec /home/ed/mcsema-testing/SANDBOX/test-2015-12-21_15-36-50/MultiSource/Benchmarks/Prolangs-C++/life/life
TEST-RESULT-exec-success: pass
TEST-RESULT-exec-time: user       0.9222
TEST-RESULT-exec-real-time: real       0.9255
make[5]: Leaving directory `/home/ed/mcsema-testing/SANDBOX/test-2015-12-21_15-36-50/MultiSource/Benchmarks/Prolangs-C++/life'
make[5]: Entering directory `/home/ed/mcsema-testing/SANDBOX/test-2015-12-21_15-36-50/MultiSource/Benchmarks/Prolangs-C++/objects'
/home/ed/mcsema-testing/llvm-test-suite/RunSafely.sh --show-errors -t "/home/ed/mcsema-testing/SANDBOX/test-2015-12-21_15-36-50/tools/timeit" 500 /dev/null Output/objects.llvm.o.compile \
	  /usr/bin/clang++ -I/home/ed/mcsema-testing/SANDBOX/test-2015-12-21_15-36-50/MultiSource/Benchmarks/Prolangs-C++/objects -I/home/ed/mcsema-testing/llvm-test-suite/MultiSource/Benchmarks/Prolangs-C++/objects -I/home/ed/mcsema-testing/llvm-test-suite/include -I../../../../include -D_GNU_SOURCE -D__STDC_LIMIT_MACROS -DNDEBUG  -O3  -m64 -fomit-frame-pointer -c /home/ed/mcsema-testing/llvm-test-suite/MultiSource/Benchmarks/Prolangs-C++/objects/objects.cpp -o Output/objects.llvm.o
/usr/bin/clang++ -o Output/objects.simple Output/objects.llvm.o -lstdc++   -m64 -fomit-frame-pointer
/home/ed/mcsema-testing/llvm-test-suite/RunSafely.sh -t "/home/ed/mcsema-testing/SANDBOX/test-2015-12-21_15-36-50/tools/timeit-target" 500 /dev/null Output/objects.out-simple Output/objects.simple 
cp Output/objects.simple Output/objects.simple-hash; \
	strip --remove-section=.comment --remove-section='.note*' Output/objects.simple-hash; \
	/home/ed/mcsema-testing/llvm-test-suite/HashProgramOutput.sh Output/objects.simple-hash
if [ -f "/home/ed/mcsema-testing/llvm-test-suite/MultiSource/Benchmarks/Prolangs-C++/objects/objects.reference_output.little-endian." ]; then \
	  cp /home/ed/mcsema-testing/llvm-test-suite/MultiSource/Benchmarks/Prolangs-C++/objects/objects.reference_output.little-endian. Output/objects.out-nat; \
	elif [ -f "/home/ed/mcsema-testing/llvm-test-suite/MultiSource/Benchmarks/Prolangs-C++/objects/objects.reference_output." ]; then \
	  cp /home/ed/mcsema-testing/llvm-test-suite/MultiSource/Benchmarks/Prolangs-C++/objects/objects.reference_output. Output/objects.out-nat; \
	elif [ -f "/home/ed/mcsema-testing/llvm-test-suite/MultiSource/Benchmarks/Prolangs-C++/objects/objects.reference_output.little-endian" ]; then \
	  cp /home/ed/mcsema-testing/llvm-test-suite/MultiSource/Benchmarks/Prolangs-C++/objects/objects.reference_output.little-endian Output/objects.out-nat; \
	elif [ -f "/home/ed/mcsema-testing/llvm-test-suite/MultiSource/Benchmarks/Prolangs-C++/objects/objects.reference_output" ]; then \
	  cp /home/ed/mcsema-testing/llvm-test-suite/MultiSource/Benchmarks/Prolangs-C++/objects/objects.reference_output Output/objects.out-nat; \
	else \
	  printf "WARNING: %s: %s\n" "NO REFERENCE OUTPUT (using default)" "/home/ed/mcsema-testing/llvm-test-suite/MultiSource/Benchmarks/Prolangs-C++/objects/objects.reference_output" > Output/objects.out-nat; \
	  cp /home/ed/mcsema-testing/llvm-test-suite/default.reference_output Output/objects.out-nat; \
	  cat Output/objects.out-nat; \
	fi
# Pretend that the reference output was produced instantaneously.
cp /home/ed/mcsema-testing/llvm-test-suite/instant.txt Output/objects.out-nat.time
/home/ed/mcsema-testing/llvm-test-suite/DiffOutput.sh "/home/ed/mcsema-testing/SANDBOX/test-2015-12-21_15-36-50/tools/fpcmp " simple objects 
rm -f Output/objects.exe-simple
cp Output/objects.diff-simple Output/objects.exe-simple
if test -f Output/objects.extra-results.txt; then \
	  /home/ed/mcsema-testing/llvm-test-suite/ParseMultipleResults /home/ed/mcsema-testing/SANDBOX/test-2015-12-21_15-36-50/MultiSource/Benchmarks/Prolangs-C++/objects/objects Output/objects.extra-results.txt >> Output/objects.simple.exec.report.txt; \
	fi
cat Output/objects.simple.compile.report.txt Output/objects.simple.exec.report.txt >> Output/objects.simple.report.txt
---------------------------------------------------------------
>>> ========= '/home/ed/mcsema-testing/SANDBOX/test-2015-12-21_15-36-50/MultiSource/Benchmarks/Prolangs-C++/objects/objects' Program
---------------------------------------------------------------

TEST-PASS: compile /home/ed/mcsema-testing/SANDBOX/test-2015-12-21_15-36-50/MultiSource/Benchmarks/Prolangs-C++/objects/objects
TEST-RESULT-compile-success: pass
TEST-RESULT-compile-hash: 15ad6f49d8b2f123e11963f98264e83a
TEST-RESULT-compile-time: user 0.064000
TEST-RESULT-compile-real-time: real 0.080400

TEST-PASS: exec /home/ed/mcsema-testing/SANDBOX/test-2015-12-21_15-36-50/MultiSource/Benchmarks/Prolangs-C++/objects/objects
TEST-RESULT-exec-success: pass
TEST-RESULT-exec-time: user       0.0009
TEST-RESULT-exec-real-time: real       0.0017
make[5]: Leaving directory `/home/ed/mcsema-testing/SANDBOX/test-2015-12-21_15-36-50/MultiSource/Benchmarks/Prolangs-C++/objects'
make[5]: Entering directory `/home/ed/mcsema-testing/SANDBOX/test-2015-12-21_15-36-50/MultiSource/Benchmarks/Prolangs-C++/ocean'
/home/ed/mcsema-testing/llvm-test-suite/RunSafely.sh --show-errors -t "/home/ed/mcsema-testing/SANDBOX/test-2015-12-21_15-36-50/tools/timeit" 500 /dev/null Output/ocean.llvm.o.compile \
	  /usr/bin/clang++ -I/home/ed/mcsema-testing/SANDBOX/test-2015-12-21_15-36-50/MultiSource/Benchmarks/Prolangs-C++/ocean -I/home/ed/mcsema-testing/llvm-test-suite/MultiSource/Benchmarks/Prolangs-C++/ocean -I/home/ed/mcsema-testing/llvm-test-suite/include -I../../../../include -D_GNU_SOURCE -D__STDC_LIMIT_MACROS -DNDEBUG  -O3  -m64 -fomit-frame-pointer -c /home/ed/mcsema-testing/llvm-test-suite/MultiSource/Benchmarks/Prolangs-C++/ocean/ocean.cpp -o Output/ocean.llvm.o
/usr/bin/clang++ -o Output/ocean.simple Output/ocean.llvm.o -lstdc++   -m64 -fomit-frame-pointer
/home/ed/mcsema-testing/llvm-test-suite/RunSafely.sh -t "/home/ed/mcsema-testing/SANDBOX/test-2015-12-21_15-36-50/tools/timeit-target" 500 /dev/null Output/ocean.out-simple Output/ocean.simple 
cp Output/ocean.simple Output/ocean.simple-hash; \
	strip --remove-section=.comment --remove-section='.note*' Output/ocean.simple-hash; \
	/home/ed/mcsema-testing/llvm-test-suite/HashProgramOutput.sh Output/ocean.simple-hash
if [ -f "/home/ed/mcsema-testing/llvm-test-suite/MultiSource/Benchmarks/Prolangs-C++/ocean/ocean.reference_output.little-endian." ]; then \
	  cp /home/ed/mcsema-testing/llvm-test-suite/MultiSource/Benchmarks/Prolangs-C++/ocean/ocean.reference_output.little-endian. Output/ocean.out-nat; \
	elif [ -f "/home/ed/mcsema-testing/llvm-test-suite/MultiSource/Benchmarks/Prolangs-C++/ocean/ocean.reference_output." ]; then \
	  cp /home/ed/mcsema-testing/llvm-test-suite/MultiSource/Benchmarks/Prolangs-C++/ocean/ocean.reference_output. Output/ocean.out-nat; \
	elif [ -f "/home/ed/mcsema-testing/llvm-test-suite/MultiSource/Benchmarks/Prolangs-C++/ocean/ocean.reference_output.little-endian" ]; then \
	  cp /home/ed/mcsema-testing/llvm-test-suite/MultiSource/Benchmarks/Prolangs-C++/ocean/ocean.reference_output.little-endian Output/ocean.out-nat; \
	elif [ -f "/home/ed/mcsema-testing/llvm-test-suite/MultiSource/Benchmarks/Prolangs-C++/ocean/ocean.reference_output" ]; then \
	  cp /home/ed/mcsema-testing/llvm-test-suite/MultiSource/Benchmarks/Prolangs-C++/ocean/ocean.reference_output Output/ocean.out-nat; \
	else \
	  printf "WARNING: %s: %s\n" "NO REFERENCE OUTPUT (using default)" "/home/ed/mcsema-testing/llvm-test-suite/MultiSource/Benchmarks/Prolangs-C++/ocean/ocean.reference_output" > Output/ocean.out-nat; \
	  cp /home/ed/mcsema-testing/llvm-test-suite/default.reference_output Output/ocean.out-nat; \
	  cat Output/ocean.out-nat; \
	fi
# Pretend that the reference output was produced instantaneously.
cp /home/ed/mcsema-testing/llvm-test-suite/instant.txt Output/ocean.out-nat.time
/home/ed/mcsema-testing/llvm-test-suite/DiffOutput.sh "/home/ed/mcsema-testing/SANDBOX/test-2015-12-21_15-36-50/tools/fpcmp " simple ocean 
rm -f Output/ocean.exe-simple
cp Output/ocean.diff-simple Output/ocean.exe-simple
if test -f Output/ocean.extra-results.txt; then \
	  /home/ed/mcsema-testing/llvm-test-suite/ParseMultipleResults /home/ed/mcsema-testing/SANDBOX/test-2015-12-21_15-36-50/MultiSource/Benchmarks/Prolangs-C++/ocean/ocean Output/ocean.extra-results.txt >> Output/ocean.simple.exec.report.txt; \
	fi
cat Output/ocean.simple.compile.report.txt Output/ocean.simple.exec.report.txt >> Output/ocean.simple.report.txt
---------------------------------------------------------------
>>> ========= '/home/ed/mcsema-testing/SANDBOX/test-2015-12-21_15-36-50/MultiSource/Benchmarks/Prolangs-C++/ocean/ocean' Program
---------------------------------------------------------------

TEST-PASS: compile /home/ed/mcsema-testing/SANDBOX/test-2015-12-21_15-36-50/MultiSource/Benchmarks/Prolangs-C++/ocean/ocean
TEST-RESULT-compile-success: pass
TEST-RESULT-compile-hash: e900fdfd0f06dc2b0ae9d4af4554cefd
TEST-RESULT-compile-time: user 0.091100
TEST-RESULT-compile-real-time: real 0.121000

TEST-PASS: exec /home/ed/mcsema-testing/SANDBOX/test-2015-12-21_15-36-50/MultiSource/Benchmarks/Prolangs-C++/ocean/ocean
TEST-RESULT-exec-success: pass
TEST-RESULT-exec-time: user       0.0634
TEST-RESULT-exec-real-time: real       0.0812
make[5]: Leaving directory `/home/ed/mcsema-testing/SANDBOX/test-2015-12-21_15-36-50/MultiSource/Benchmarks/Prolangs-C++/ocean'
make[5]: Entering directory `/home/ed/mcsema-testing/SANDBOX/test-2015-12-21_15-36-50/MultiSource/Benchmarks/Prolangs-C++/office'
/home/ed/mcsema-testing/llvm-test-suite/RunSafely.sh --show-errors -t "/home/ed/mcsema-testing/SANDBOX/test-2015-12-21_15-36-50/tools/timeit" 500 /dev/null Output/office.llvm.o.compile \
	  /usr/bin/clang++ -I/home/ed/mcsema-testing/SANDBOX/test-2015-12-21_15-36-50/MultiSource/Benchmarks/Prolangs-C++/office -I/home/ed/mcsema-testing/llvm-test-suite/MultiSource/Benchmarks/Prolangs-C++/office -I/home/ed/mcsema-testing/llvm-test-suite/include -I../../../../include -D_GNU_SOURCE -D__STDC_LIMIT_MACROS -DNDEBUG  -O3  -m64 -fomit-frame-pointer -c /home/ed/mcsema-testing/llvm-test-suite/MultiSource/Benchmarks/Prolangs-C++/office/office.cpp -o Output/office.llvm.o
/usr/bin/clang++ -o Output/office.simple Output/office.llvm.o -lstdc++   -m64 -fomit-frame-pointer
/home/ed/mcsema-testing/llvm-test-suite/RunSafely.sh -t "/home/ed/mcsema-testing/SANDBOX/test-2015-12-21_15-36-50/tools/timeit-target" 500 /dev/null Output/office.out-simple Output/office.simple 
cp Output/office.simple Output/office.simple-hash; \
	strip --remove-section=.comment --remove-section='.note*' Output/office.simple-hash; \
	/home/ed/mcsema-testing/llvm-test-suite/HashProgramOutput.sh Output/office.simple-hash
if [ -f "/home/ed/mcsema-testing/llvm-test-suite/MultiSource/Benchmarks/Prolangs-C++/office/office.reference_output.little-endian." ]; then \
	  cp /home/ed/mcsema-testing/llvm-test-suite/MultiSource/Benchmarks/Prolangs-C++/office/office.reference_output.little-endian. Output/office.out-nat; \
	elif [ -f "/home/ed/mcsema-testing/llvm-test-suite/MultiSource/Benchmarks/Prolangs-C++/office/office.reference_output." ]; then \
	  cp /home/ed/mcsema-testing/llvm-test-suite/MultiSource/Benchmarks/Prolangs-C++/office/office.reference_output. Output/office.out-nat; \
	elif [ -f "/home/ed/mcsema-testing/llvm-test-suite/MultiSource/Benchmarks/Prolangs-C++/office/office.reference_output.little-endian" ]; then \
	  cp /home/ed/mcsema-testing/llvm-test-suite/MultiSource/Benchmarks/Prolangs-C++/office/office.reference_output.little-endian Output/office.out-nat; \
	elif [ -f "/home/ed/mcsema-testing/llvm-test-suite/MultiSource/Benchmarks/Prolangs-C++/office/office.reference_output" ]; then \
	  cp /home/ed/mcsema-testing/llvm-test-suite/MultiSource/Benchmarks/Prolangs-C++/office/office.reference_output Output/office.out-nat; \
	else \
	  printf "WARNING: %s: %s\n" "NO REFERENCE OUTPUT (using default)" "/home/ed/mcsema-testing/llvm-test-suite/MultiSource/Benchmarks/Prolangs-C++/office/office.reference_output" > Output/office.out-nat; \
	  cp /home/ed/mcsema-testing/llvm-test-suite/default.reference_output Output/office.out-nat; \
	  cat Output/office.out-nat; \
	fi
# Pretend that the reference output was produced instantaneously.
cp /home/ed/mcsema-testing/llvm-test-suite/instant.txt Output/office.out-nat.time
/home/ed/mcsema-testing/llvm-test-suite/DiffOutput.sh "/home/ed/mcsema-testing/SANDBOX/test-2015-12-21_15-36-50/tools/fpcmp " simple office 
rm -f Output/office.exe-simple
cp Output/office.diff-simple Output/office.exe-simple
if test -f Output/office.extra-results.txt; then \
	  /home/ed/mcsema-testing/llvm-test-suite/ParseMultipleResults /home/ed/mcsema-testing/SANDBOX/test-2015-12-21_15-36-50/MultiSource/Benchmarks/Prolangs-C++/office/office Output/office.extra-results.txt >> Output/office.simple.exec.report.txt; \
	fi
cat Output/office.simple.compile.report.txt Output/office.simple.exec.report.txt >> Output/office.simple.report.txt
---------------------------------------------------------------
>>> ========= '/home/ed/mcsema-testing/SANDBOX/test-2015-12-21_15-36-50/MultiSource/Benchmarks/Prolangs-C++/office/office' Program
---------------------------------------------------------------

TEST-PASS: compile /home/ed/mcsema-testing/SANDBOX/test-2015-12-21_15-36-50/MultiSource/Benchmarks/Prolangs-C++/office/office
TEST-RESULT-compile-success: pass
TEST-RESULT-compile-hash: 4be21cae2c035159d927337cd1a15014
TEST-RESULT-compile-time: user 0.177600
TEST-RESULT-compile-real-time: real 0.207600

TEST-PASS: exec /home/ed/mcsema-testing/SANDBOX/test-2015-12-21_15-36-50/MultiSource/Benchmarks/Prolangs-C++/office/office
TEST-RESULT-exec-success: pass
TEST-RESULT-exec-time: user       0.0010
TEST-RESULT-exec-real-time: real       0.0020
make[5]: Leaving directory `/home/ed/mcsema-testing/SANDBOX/test-2015-12-21_15-36-50/MultiSource/Benchmarks/Prolangs-C++/office'
make[5]: Entering directory `/home/ed/mcsema-testing/SANDBOX/test-2015-12-21_15-36-50/MultiSource/Benchmarks/Prolangs-C++/primes'
/home/ed/mcsema-testing/llvm-test-suite/RunSafely.sh --show-errors -t "/home/ed/mcsema-testing/SANDBOX/test-2015-12-21_15-36-50/tools/timeit" 500 /dev/null Output/primes.llvm.o.compile \
	  /usr/bin/clang++ -I/home/ed/mcsema-testing/SANDBOX/test-2015-12-21_15-36-50/MultiSource/Benchmarks/Prolangs-C++/primes -I/home/ed/mcsema-testing/llvm-test-suite/MultiSource/Benchmarks/Prolangs-C++/primes -I/home/ed/mcsema-testing/llvm-test-suite/include -I../../../../include -D_GNU_SOURCE -D__STDC_LIMIT_MACROS -DNDEBUG  -O3  -m64 -fomit-frame-pointer -c /home/ed/mcsema-testing/llvm-test-suite/MultiSource/Benchmarks/Prolangs-C++/primes/primes.cpp -o Output/primes.llvm.o
/usr/bin/clang++ -o Output/primes.simple Output/primes.llvm.o -lstdc++   -m64 -fomit-frame-pointer
/home/ed/mcsema-testing/llvm-test-suite/RunSafely.sh -t "/home/ed/mcsema-testing/SANDBOX/test-2015-12-21_15-36-50/tools/timeit-target" 500 /dev/null Output/primes.out-simple Output/primes.simple 
cp Output/primes.simple Output/primes.simple-hash; \
	strip --remove-section=.comment --remove-section='.note*' Output/primes.simple-hash; \
	/home/ed/mcsema-testing/llvm-test-suite/HashProgramOutput.sh Output/primes.simple-hash
if [ -f "/home/ed/mcsema-testing/llvm-test-suite/MultiSource/Benchmarks/Prolangs-C++/primes/primes.reference_output.little-endian." ]; then \
	  cp /home/ed/mcsema-testing/llvm-test-suite/MultiSource/Benchmarks/Prolangs-C++/primes/primes.reference_output.little-endian. Output/primes.out-nat; \
	elif [ -f "/home/ed/mcsema-testing/llvm-test-suite/MultiSource/Benchmarks/Prolangs-C++/primes/primes.reference_output." ]; then \
	  cp /home/ed/mcsema-testing/llvm-test-suite/MultiSource/Benchmarks/Prolangs-C++/primes/primes.reference_output. Output/primes.out-nat; \
	elif [ -f "/home/ed/mcsema-testing/llvm-test-suite/MultiSource/Benchmarks/Prolangs-C++/primes/primes.reference_output.little-endian" ]; then \
	  cp /home/ed/mcsema-testing/llvm-test-suite/MultiSource/Benchmarks/Prolangs-C++/primes/primes.reference_output.little-endian Output/primes.out-nat; \
	elif [ -f "/home/ed/mcsema-testing/llvm-test-suite/MultiSource/Benchmarks/Prolangs-C++/primes/primes.reference_output" ]; then \
	  cp /home/ed/mcsema-testing/llvm-test-suite/MultiSource/Benchmarks/Prolangs-C++/primes/primes.reference_output Output/primes.out-nat; \
	else \
	  printf "WARNING: %s: %s\n" "NO REFERENCE OUTPUT (using default)" "/home/ed/mcsema-testing/llvm-test-suite/MultiSource/Benchmarks/Prolangs-C++/primes/primes.reference_output" > Output/primes.out-nat; \
	  cp /home/ed/mcsema-testing/llvm-test-suite/default.reference_output Output/primes.out-nat; \
	  cat Output/primes.out-nat; \
	fi
# Pretend that the reference output was produced instantaneously.
cp /home/ed/mcsema-testing/llvm-test-suite/instant.txt Output/primes.out-nat.time
/home/ed/mcsema-testing/llvm-test-suite/DiffOutput.sh "/home/ed/mcsema-testing/SANDBOX/test-2015-12-21_15-36-50/tools/fpcmp " simple primes 
rm -f Output/primes.exe-simple
cp Output/primes.diff-simple Output/primes.exe-simple
if test -f Output/primes.extra-results.txt; then \
	  /home/ed/mcsema-testing/llvm-test-suite/ParseMultipleResults /home/ed/mcsema-testing/SANDBOX/test-2015-12-21_15-36-50/MultiSource/Benchmarks/Prolangs-C++/primes/primes Output/primes.extra-results.txt >> Output/primes.simple.exec.report.txt; \
	fi
cat Output/primes.simple.compile.report.txt Output/primes.simple.exec.report.txt >> Output/primes.simple.report.txt
---------------------------------------------------------------
>>> ========= '/home/ed/mcsema-testing/SANDBOX/test-2015-12-21_15-36-50/MultiSource/Benchmarks/Prolangs-C++/primes/primes' Program
---------------------------------------------------------------

TEST-PASS: compile /home/ed/mcsema-testing/SANDBOX/test-2015-12-21_15-36-50/MultiSource/Benchmarks/Prolangs-C++/primes/primes
TEST-RESULT-compile-success: pass
TEST-RESULT-compile-hash: 3c42cc60331d659c7b29fbe94996332c
TEST-RESULT-compile-time: user 0.027600
TEST-RESULT-compile-real-time: real 0.041700

TEST-PASS: exec /home/ed/mcsema-testing/SANDBOX/test-2015-12-21_15-36-50/MultiSource/Benchmarks/Prolangs-C++/primes/primes
TEST-RESULT-exec-success: pass
TEST-RESULT-exec-time: user       0.2520
TEST-RESULT-exec-real-time: real       0.2543
make[5]: Leaving directory `/home/ed/mcsema-testing/SANDBOX/test-2015-12-21_15-36-50/MultiSource/Benchmarks/Prolangs-C++/primes'
make[5]: Entering directory `/home/ed/mcsema-testing/SANDBOX/test-2015-12-21_15-36-50/MultiSource/Benchmarks/Prolangs-C++/shapes'
/home/ed/mcsema-testing/llvm-test-suite/RunSafely.sh --show-errors -t "/home/ed/mcsema-testing/SANDBOX/test-2015-12-21_15-36-50/tools/timeit" 500 /dev/null Output/bjarne.llvm.o.compile \
	  /usr/bin/clang++ -I/home/ed/mcsema-testing/SANDBOX/test-2015-12-21_15-36-50/MultiSource/Benchmarks/Prolangs-C++/shapes -I/home/ed/mcsema-testing/llvm-test-suite/MultiSource/Benchmarks/Prolangs-C++/shapes -I/home/ed/mcsema-testing/llvm-test-suite/include -I../../../../include -D_GNU_SOURCE -D__STDC_LIMIT_MACROS -DNDEBUG  -O3  -m64 -fomit-frame-pointer -c /home/ed/mcsema-testing/llvm-test-suite/MultiSource/Benchmarks/Prolangs-C++/shapes/bjarne.cpp -o Output/bjarne.llvm.o
/usr/bin/clang++ -o Output/shapes.simple Output/bjarne.llvm.o -lstdc++   -m64 -fomit-frame-pointer
/home/ed/mcsema-testing/llvm-test-suite/RunSafely.sh -t "/home/ed/mcsema-testing/SANDBOX/test-2015-12-21_15-36-50/tools/timeit-target" 500 /dev/null Output/shapes.out-simple Output/shapes.simple 
cp Output/shapes.simple Output/shapes.simple-hash; \
	strip --remove-section=.comment --remove-section='.note*' Output/shapes.simple-hash; \
	/home/ed/mcsema-testing/llvm-test-suite/HashProgramOutput.sh Output/shapes.simple-hash
if [ -f "/home/ed/mcsema-testing/llvm-test-suite/MultiSource/Benchmarks/Prolangs-C++/shapes/shapes.reference_output.little-endian." ]; then \
	  cp /home/ed/mcsema-testing/llvm-test-suite/MultiSource/Benchmarks/Prolangs-C++/shapes/shapes.reference_output.little-endian. Output/shapes.out-nat; \
	elif [ -f "/home/ed/mcsema-testing/llvm-test-suite/MultiSource/Benchmarks/Prolangs-C++/shapes/shapes.reference_output." ]; then \
	  cp /home/ed/mcsema-testing/llvm-test-suite/MultiSource/Benchmarks/Prolangs-C++/shapes/shapes.reference_output. Output/shapes.out-nat; \
	elif [ -f "/home/ed/mcsema-testing/llvm-test-suite/MultiSource/Benchmarks/Prolangs-C++/shapes/shapes.reference_output.little-endian" ]; then \
	  cp /home/ed/mcsema-testing/llvm-test-suite/MultiSource/Benchmarks/Prolangs-C++/shapes/shapes.reference_output.little-endian Output/shapes.out-nat; \
	elif [ -f "/home/ed/mcsema-testing/llvm-test-suite/MultiSource/Benchmarks/Prolangs-C++/shapes/shapes.reference_output" ]; then \
	  cp /home/ed/mcsema-testing/llvm-test-suite/MultiSource/Benchmarks/Prolangs-C++/shapes/shapes.reference_output Output/shapes.out-nat; \
	else \
	  printf "WARNING: %s: %s\n" "NO REFERENCE OUTPUT (using default)" "/home/ed/mcsema-testing/llvm-test-suite/MultiSource/Benchmarks/Prolangs-C++/shapes/shapes.reference_output" > Output/shapes.out-nat; \
	  cp /home/ed/mcsema-testing/llvm-test-suite/default.reference_output Output/shapes.out-nat; \
	  cat Output/shapes.out-nat; \
	fi
# Pretend that the reference output was produced instantaneously.
cp /home/ed/mcsema-testing/llvm-test-suite/instant.txt Output/shapes.out-nat.time
/home/ed/mcsema-testing/llvm-test-suite/DiffOutput.sh "/home/ed/mcsema-testing/SANDBOX/test-2015-12-21_15-36-50/tools/fpcmp " simple shapes 
rm -f Output/shapes.exe-simple
cp Output/shapes.diff-simple Output/shapes.exe-simple
if test -f Output/shapes.extra-results.txt; then \
	  /home/ed/mcsema-testing/llvm-test-suite/ParseMultipleResults /home/ed/mcsema-testing/SANDBOX/test-2015-12-21_15-36-50/MultiSource/Benchmarks/Prolangs-C++/shapes/shapes Output/shapes.extra-results.txt >> Output/shapes.simple.exec.report.txt; \
	fi
cat Output/shapes.simple.compile.report.txt Output/shapes.simple.exec.report.txt >> Output/shapes.simple.report.txt
---------------------------------------------------------------
>>> ========= '/home/ed/mcsema-testing/SANDBOX/test-2015-12-21_15-36-50/MultiSource/Benchmarks/Prolangs-C++/shapes/shapes' Program
---------------------------------------------------------------

TEST-PASS: compile /home/ed/mcsema-testing/SANDBOX/test-2015-12-21_15-36-50/MultiSource/Benchmarks/Prolangs-C++/shapes/shapes
TEST-RESULT-compile-success: pass
TEST-RESULT-compile-hash: 557524becdf29fd774f6e1979bf0c97e
TEST-RESULT-compile-time: user 0.219000
TEST-RESULT-compile-real-time: real 0.248100

TEST-PASS: exec /home/ed/mcsema-testing/SANDBOX/test-2015-12-21_15-36-50/MultiSource/Benchmarks/Prolangs-C++/shapes/shapes
TEST-RESULT-exec-success: pass
TEST-RESULT-exec-time: user       0.0010
TEST-RESULT-exec-real-time: real       0.0021
make[5]: Leaving directory `/home/ed/mcsema-testing/SANDBOX/test-2015-12-21_15-36-50/MultiSource/Benchmarks/Prolangs-C++/shapes'
make[5]: Entering directory `/home/ed/mcsema-testing/SANDBOX/test-2015-12-21_15-36-50/MultiSource/Benchmarks/Prolangs-C++/simul'
/home/ed/mcsema-testing/llvm-test-suite/RunSafely.sh --show-errors -t "/home/ed/mcsema-testing/SANDBOX/test-2015-12-21_15-36-50/tools/timeit" 500 /dev/null Output/simulate.llvm.o.compile \
	  /usr/bin/clang++ -I/home/ed/mcsema-testing/SANDBOX/test-2015-12-21_15-36-50/MultiSource/Benchmarks/Prolangs-C++/simul -I/home/ed/mcsema-testing/llvm-test-suite/MultiSource/Benchmarks/Prolangs-C++/simul -I/home/ed/mcsema-testing/llvm-test-suite/include -I../../../../include -D_GNU_SOURCE -D__STDC_LIMIT_MACROS -DNDEBUG  -O3  -m64 -fomit-frame-pointer -c /home/ed/mcsema-testing/llvm-test-suite/MultiSource/Benchmarks/Prolangs-C++/simul/simulate.cpp -o Output/simulate.llvm.o
/usr/bin/clang++ -o Output/simul.simple Output/simulate.llvm.o -lstdc++   -m64 -fomit-frame-pointer
/home/ed/mcsema-testing/llvm-test-suite/RunSafely.sh -t "/home/ed/mcsema-testing/SANDBOX/test-2015-12-21_15-36-50/tools/timeit-target" 500 /dev/null Output/simul.out-simple Output/simul.simple 
cp Output/simul.simple Output/simul.simple-hash; \
	strip --remove-section=.comment --remove-section='.note*' Output/simul.simple-hash; \
	/home/ed/mcsema-testing/llvm-test-suite/HashProgramOutput.sh Output/simul.simple-hash
if [ -f "/home/ed/mcsema-testing/llvm-test-suite/MultiSource/Benchmarks/Prolangs-C++/simul/simul.reference_output.little-endian." ]; then \
	  cp /home/ed/mcsema-testing/llvm-test-suite/MultiSource/Benchmarks/Prolangs-C++/simul/simul.reference_output.little-endian. Output/simul.out-nat; \
	elif [ -f "/home/ed/mcsema-testing/llvm-test-suite/MultiSource/Benchmarks/Prolangs-C++/simul/simul.reference_output." ]; then \
	  cp /home/ed/mcsema-testing/llvm-test-suite/MultiSource/Benchmarks/Prolangs-C++/simul/simul.reference_output. Output/simul.out-nat; \
	elif [ -f "/home/ed/mcsema-testing/llvm-test-suite/MultiSource/Benchmarks/Prolangs-C++/simul/simul.reference_output.little-endian" ]; then \
	  cp /home/ed/mcsema-testing/llvm-test-suite/MultiSource/Benchmarks/Prolangs-C++/simul/simul.reference_output.little-endian Output/simul.out-nat; \
	elif [ -f "/home/ed/mcsema-testing/llvm-test-suite/MultiSource/Benchmarks/Prolangs-C++/simul/simul.reference_output" ]; then \
	  cp /home/ed/mcsema-testing/llvm-test-suite/MultiSource/Benchmarks/Prolangs-C++/simul/simul.reference_output Output/simul.out-nat; \
	else \
	  printf "WARNING: %s: %s\n" "NO REFERENCE OUTPUT (using default)" "/home/ed/mcsema-testing/llvm-test-suite/MultiSource/Benchmarks/Prolangs-C++/simul/simul.reference_output" > Output/simul.out-nat; \
	  cp /home/ed/mcsema-testing/llvm-test-suite/default.reference_output Output/simul.out-nat; \
	  cat Output/simul.out-nat; \
	fi
# Pretend that the reference output was produced instantaneously.
cp /home/ed/mcsema-testing/llvm-test-suite/instant.txt Output/simul.out-nat.time
/home/ed/mcsema-testing/llvm-test-suite/DiffOutput.sh "/home/ed/mcsema-testing/SANDBOX/test-2015-12-21_15-36-50/tools/fpcmp " simple simul 
rm -f Output/simul.exe-simple
cp Output/simul.diff-simple Output/simul.exe-simple
if test -f Output/simul.extra-results.txt; then \
	  /home/ed/mcsema-testing/llvm-test-suite/ParseMultipleResults /home/ed/mcsema-testing/SANDBOX/test-2015-12-21_15-36-50/MultiSource/Benchmarks/Prolangs-C++/simul/simul Output/simul.extra-results.txt >> Output/simul.simple.exec.report.txt; \
	fi
cat Output/simul.simple.compile.report.txt Output/simul.simple.exec.report.txt >> Output/simul.simple.report.txt
---------------------------------------------------------------
>>> ========= '/home/ed/mcsema-testing/SANDBOX/test-2015-12-21_15-36-50/MultiSource/Benchmarks/Prolangs-C++/simul/simul' Program
---------------------------------------------------------------

TEST-PASS: compile /home/ed/mcsema-testing/SANDBOX/test-2015-12-21_15-36-50/MultiSource/Benchmarks/Prolangs-C++/simul/simul
TEST-RESULT-compile-success: pass
TEST-RESULT-compile-hash: e363b10bec0920ae049f0e326bcd9ff3
TEST-RESULT-compile-time: user 0.050700
TEST-RESULT-compile-real-time: real 0.074000

TEST-PASS: exec /home/ed/mcsema-testing/SANDBOX/test-2015-12-21_15-36-50/MultiSource/Benchmarks/Prolangs-C++/simul/simul
TEST-RESULT-exec-success: pass
TEST-RESULT-exec-time: user       0.0055
TEST-RESULT-exec-real-time: real       0.0065
make[5]: Leaving directory `/home/ed/mcsema-testing/SANDBOX/test-2015-12-21_15-36-50/MultiSource/Benchmarks/Prolangs-C++/simul'
make[5]: Entering directory `/home/ed/mcsema-testing/SANDBOX/test-2015-12-21_15-36-50/MultiSource/Benchmarks/Prolangs-C++/trees'
/home/ed/mcsema-testing/llvm-test-suite/RunSafely.sh --show-errors -t "/home/ed/mcsema-testing/SANDBOX/test-2015-12-21_15-36-50/tools/timeit" 500 /dev/null Output/tree.llvm.o.compile \
	  /usr/bin/clang++ -I/home/ed/mcsema-testing/SANDBOX/test-2015-12-21_15-36-50/MultiSource/Benchmarks/Prolangs-C++/trees -I/home/ed/mcsema-testing/llvm-test-suite/MultiSource/Benchmarks/Prolangs-C++/trees -I/home/ed/mcsema-testing/llvm-test-suite/include -I../../../../include -D_GNU_SOURCE -D__STDC_LIMIT_MACROS -DNDEBUG  -O3  -m64 -fomit-frame-pointer -c /home/ed/mcsema-testing/llvm-test-suite/MultiSource/Benchmarks/Prolangs-C++/trees/tree.cpp -o Output/tree.llvm.o
/usr/bin/clang++ -o Output/trees.simple Output/tree.llvm.o -lstdc++   -m64 -fomit-frame-pointer
/home/ed/mcsema-testing/llvm-test-suite/RunSafely.sh -t "/home/ed/mcsema-testing/SANDBOX/test-2015-12-21_15-36-50/tools/timeit-target" 500 /dev/null Output/trees.out-simple Output/trees.simple 
cp Output/trees.simple Output/trees.simple-hash; \
	strip --remove-section=.comment --remove-section='.note*' Output/trees.simple-hash; \
	/home/ed/mcsema-testing/llvm-test-suite/HashProgramOutput.sh Output/trees.simple-hash
if [ -f "/home/ed/mcsema-testing/llvm-test-suite/MultiSource/Benchmarks/Prolangs-C++/trees/trees.reference_output.little-endian." ]; then \
	  cp /home/ed/mcsema-testing/llvm-test-suite/MultiSource/Benchmarks/Prolangs-C++/trees/trees.reference_output.little-endian. Output/trees.out-nat; \
	elif [ -f "/home/ed/mcsema-testing/llvm-test-suite/MultiSource/Benchmarks/Prolangs-C++/trees/trees.reference_output." ]; then \
	  cp /home/ed/mcsema-testing/llvm-test-suite/MultiSource/Benchmarks/Prolangs-C++/trees/trees.reference_output. Output/trees.out-nat; \
	elif [ -f "/home/ed/mcsema-testing/llvm-test-suite/MultiSource/Benchmarks/Prolangs-C++/trees/trees.reference_output.little-endian" ]; then \
	  cp /home/ed/mcsema-testing/llvm-test-suite/MultiSource/Benchmarks/Prolangs-C++/trees/trees.reference_output.little-endian Output/trees.out-nat; \
	elif [ -f "/home/ed/mcsema-testing/llvm-test-suite/MultiSource/Benchmarks/Prolangs-C++/trees/trees.reference_output" ]; then \
	  cp /home/ed/mcsema-testing/llvm-test-suite/MultiSource/Benchmarks/Prolangs-C++/trees/trees.reference_output Output/trees.out-nat; \
	else \
	  printf "WARNING: %s: %s\n" "NO REFERENCE OUTPUT (using default)" "/home/ed/mcsema-testing/llvm-test-suite/MultiSource/Benchmarks/Prolangs-C++/trees/trees.reference_output" > Output/trees.out-nat; \
	  cp /home/ed/mcsema-testing/llvm-test-suite/default.reference_output Output/trees.out-nat; \
	  cat Output/trees.out-nat; \
	fi
# Pretend that the reference output was produced instantaneously.
cp /home/ed/mcsema-testing/llvm-test-suite/instant.txt Output/trees.out-nat.time
/home/ed/mcsema-testing/llvm-test-suite/DiffOutput.sh "/home/ed/mcsema-testing/SANDBOX/test-2015-12-21_15-36-50/tools/fpcmp " simple trees 
rm -f Output/trees.exe-simple
cp Output/trees.diff-simple Output/trees.exe-simple
if test -f Output/trees.extra-results.txt; then \
	  /home/ed/mcsema-testing/llvm-test-suite/ParseMultipleResults /home/ed/mcsema-testing/SANDBOX/test-2015-12-21_15-36-50/MultiSource/Benchmarks/Prolangs-C++/trees/trees Output/trees.extra-results.txt >> Output/trees.simple.exec.report.txt; \
	fi
cat Output/trees.simple.compile.report.txt Output/trees.simple.exec.report.txt >> Output/trees.simple.report.txt
---------------------------------------------------------------
>>> ========= '/home/ed/mcsema-testing/SANDBOX/test-2015-12-21_15-36-50/MultiSource/Benchmarks/Prolangs-C++/trees/trees' Program
---------------------------------------------------------------

TEST-PASS: compile /home/ed/mcsema-testing/SANDBOX/test-2015-12-21_15-36-50/MultiSource/Benchmarks/Prolangs-C++/trees/trees
TEST-RESULT-compile-success: pass
TEST-RESULT-compile-hash: bced2138c4becb67588d70e08e97329f
TEST-RESULT-compile-time: user 0.065700
TEST-RESULT-compile-real-time: real 0.082400

TEST-PASS: exec /home/ed/mcsema-testing/SANDBOX/test-2015-12-21_15-36-50/MultiSource/Benchmarks/Prolangs-C++/trees/trees
TEST-RESULT-exec-success: pass
TEST-RESULT-exec-time: user       0.0009
TEST-RESULT-exec-real-time: real       0.0017
make[5]: Leaving directory `/home/ed/mcsema-testing/SANDBOX/test-2015-12-21_15-36-50/MultiSource/Benchmarks/Prolangs-C++/trees'
make[5]: Entering directory `/home/ed/mcsema-testing/SANDBOX/test-2015-12-21_15-36-50/MultiSource/Benchmarks/Prolangs-C++/vcirc'
/home/ed/mcsema-testing/llvm-test-suite/RunSafely.sh --show-errors -t "/home/ed/mcsema-testing/SANDBOX/test-2015-12-21_15-36-50/tools/timeit" 500 /dev/null Output/vcirc.llvm.o.compile \
	  /usr/bin/clang++ -I/home/ed/mcsema-testing/SANDBOX/test-2015-12-21_15-36-50/MultiSource/Benchmarks/Prolangs-C++/vcirc -I/home/ed/mcsema-testing/llvm-test-suite/MultiSource/Benchmarks/Prolangs-C++/vcirc -I/home/ed/mcsema-testing/llvm-test-suite/include -I../../../../include -D_GNU_SOURCE -D__STDC_LIMIT_MACROS -DNDEBUG  -O3  -m64 -fomit-frame-pointer -c /home/ed/mcsema-testing/llvm-test-suite/MultiSource/Benchmarks/Prolangs-C++/vcirc/vcirc.cpp -o Output/vcirc.llvm.o
/usr/bin/clang++ -o Output/vcirc.simple Output/vcirc.llvm.o -lstdc++   -m64 -fomit-frame-pointer
/home/ed/mcsema-testing/llvm-test-suite/RunSafely.sh -t "/home/ed/mcsema-testing/SANDBOX/test-2015-12-21_15-36-50/tools/timeit-target" 500 /dev/null Output/vcirc.out-simple Output/vcirc.simple 
cp Output/vcirc.simple Output/vcirc.simple-hash; \
	strip --remove-section=.comment --remove-section='.note*' Output/vcirc.simple-hash; \
	/home/ed/mcsema-testing/llvm-test-suite/HashProgramOutput.sh Output/vcirc.simple-hash
if [ -f "/home/ed/mcsema-testing/llvm-test-suite/MultiSource/Benchmarks/Prolangs-C++/vcirc/vcirc.reference_output.little-endian." ]; then \
	  cp /home/ed/mcsema-testing/llvm-test-suite/MultiSource/Benchmarks/Prolangs-C++/vcirc/vcirc.reference_output.little-endian. Output/vcirc.out-nat; \
	elif [ -f "/home/ed/mcsema-testing/llvm-test-suite/MultiSource/Benchmarks/Prolangs-C++/vcirc/vcirc.reference_output." ]; then \
	  cp /home/ed/mcsema-testing/llvm-test-suite/MultiSource/Benchmarks/Prolangs-C++/vcirc/vcirc.reference_output. Output/vcirc.out-nat; \
	elif [ -f "/home/ed/mcsema-testing/llvm-test-suite/MultiSource/Benchmarks/Prolangs-C++/vcirc/vcirc.reference_output.little-endian" ]; then \
	  cp /home/ed/mcsema-testing/llvm-test-suite/MultiSource/Benchmarks/Prolangs-C++/vcirc/vcirc.reference_output.little-endian Output/vcirc.out-nat; \
	elif [ -f "/home/ed/mcsema-testing/llvm-test-suite/MultiSource/Benchmarks/Prolangs-C++/vcirc/vcirc.reference_output" ]; then \
	  cp /home/ed/mcsema-testing/llvm-test-suite/MultiSource/Benchmarks/Prolangs-C++/vcirc/vcirc.reference_output Output/vcirc.out-nat; \
	else \
	  printf "WARNING: %s: %s\n" "NO REFERENCE OUTPUT (using default)" "/home/ed/mcsema-testing/llvm-test-suite/MultiSource/Benchmarks/Prolangs-C++/vcirc/vcirc.reference_output" > Output/vcirc.out-nat; \
	  cp /home/ed/mcsema-testing/llvm-test-suite/default.reference_output Output/vcirc.out-nat; \
	  cat Output/vcirc.out-nat; \
	fi
# Pretend that the reference output was produced instantaneously.
cp /home/ed/mcsema-testing/llvm-test-suite/instant.txt Output/vcirc.out-nat.time
/home/ed/mcsema-testing/llvm-test-suite/DiffOutput.sh "/home/ed/mcsema-testing/SANDBOX/test-2015-12-21_15-36-50/tools/fpcmp " simple vcirc 
rm -f Output/vcirc.exe-simple
cp Output/vcirc.diff-simple Output/vcirc.exe-simple
if test -f Output/vcirc.extra-results.txt; then \
	  /home/ed/mcsema-testing/llvm-test-suite/ParseMultipleResults /home/ed/mcsema-testing/SANDBOX/test-2015-12-21_15-36-50/MultiSource/Benchmarks/Prolangs-C++/vcirc/vcirc Output/vcirc.extra-results.txt >> Output/vcirc.simple.exec.report.txt; \
	fi
cat Output/vcirc.simple.compile.report.txt Output/vcirc.simple.exec.report.txt >> Output/vcirc.simple.report.txt
---------------------------------------------------------------
>>> ========= '/home/ed/mcsema-testing/SANDBOX/test-2015-12-21_15-36-50/MultiSource/Benchmarks/Prolangs-C++/vcirc/vcirc' Program
---------------------------------------------------------------

TEST-PASS: compile /home/ed/mcsema-testing/SANDBOX/test-2015-12-21_15-36-50/MultiSource/Benchmarks/Prolangs-C++/vcirc/vcirc
TEST-RESULT-compile-success: pass
TEST-RESULT-compile-hash: 7a200494eb7369d4c75b04678ed7cf5a
TEST-RESULT-compile-time: user 0.029400
TEST-RESULT-compile-real-time: real 0.043000

TEST-PASS: exec /home/ed/mcsema-testing/SANDBOX/test-2015-12-21_15-36-50/MultiSource/Benchmarks/Prolangs-C++/vcirc/vcirc
TEST-RESULT-exec-success: pass
TEST-RESULT-exec-time: user       0.0008
TEST-RESULT-exec-real-time: real       0.0016
make[5]: Leaving directory `/home/ed/mcsema-testing/SANDBOX/test-2015-12-21_15-36-50/MultiSource/Benchmarks/Prolangs-C++/vcirc'
make[4]: Leaving directory `/home/ed/mcsema-testing/SANDBOX/test-2015-12-21_15-36-50/MultiSource/Benchmarks/Prolangs-C++'
make[4]: Entering directory `/home/ed/mcsema-testing/SANDBOX/test-2015-12-21_15-36-50/MultiSource/Benchmarks/PAQ8p'
/home/ed/mcsema-testing/llvm-test-suite/RunSafely.sh --show-errors -t "/home/ed/mcsema-testing/SANDBOX/test-2015-12-21_15-36-50/tools/timeit" 500 /dev/null Output/paq8p.llvm.o.compile \
	  /usr/bin/clang++ -DNOASM -DLLVM -I/home/ed/mcsema-testing/SANDBOX/test-2015-12-21_15-36-50/MultiSource/Benchmarks/PAQ8p -I/home/ed/mcsema-testing/llvm-test-suite/MultiSource/Benchmarks/PAQ8p -I/home/ed/mcsema-testing/llvm-test-suite/include -I../../..//include -D_GNU_SOURCE -D__STDC_LIMIT_MACROS -DNDEBUG  -O3  -m64 -fomit-frame-pointer -c /home/ed/mcsema-testing/llvm-test-suite/MultiSource/Benchmarks/PAQ8p/paq8p.cpp -o Output/paq8p.llvm.o
/usr/bin/clang++ -o Output/paq8p.simple Output/paq8p.llvm.o -lstdc++ -lm   -m64 -fomit-frame-pointer
/home/ed/mcsema-testing/llvm-test-suite/RunSafely.sh -t "/home/ed/mcsema-testing/SANDBOX/test-2015-12-21_15-36-50/tools/timeit-target" 500 /dev/null Output/paq8p.out-simple Output/paq8p.simple -4 /home/ed/mcsema-testing/llvm-test-suite/MultiSource/Benchmarks/PAQ8p/file1.in
cp Output/paq8p.simple Output/paq8p.simple-hash; \
	strip --remove-section=.comment --remove-section='.note*' Output/paq8p.simple-hash; \
	/home/ed/mcsema-testing/llvm-test-suite/HashProgramOutput.sh Output/paq8p.simple-hash
if [ -f "/home/ed/mcsema-testing/llvm-test-suite/MultiSource/Benchmarks/PAQ8p/paq8p.reference_output.little-endian." ]; then \
	  cp /home/ed/mcsema-testing/llvm-test-suite/MultiSource/Benchmarks/PAQ8p/paq8p.reference_output.little-endian. Output/paq8p.out-nat; \
	elif [ -f "/home/ed/mcsema-testing/llvm-test-suite/MultiSource/Benchmarks/PAQ8p/paq8p.reference_output." ]; then \
	  cp /home/ed/mcsema-testing/llvm-test-suite/MultiSource/Benchmarks/PAQ8p/paq8p.reference_output. Output/paq8p.out-nat; \
	elif [ -f "/home/ed/mcsema-testing/llvm-test-suite/MultiSource/Benchmarks/PAQ8p/paq8p.reference_output.little-endian" ]; then \
	  cp /home/ed/mcsema-testing/llvm-test-suite/MultiSource/Benchmarks/PAQ8p/paq8p.reference_output.little-endian Output/paq8p.out-nat; \
	elif [ -f "/home/ed/mcsema-testing/llvm-test-suite/MultiSource/Benchmarks/PAQ8p/paq8p.reference_output" ]; then \
	  cp /home/ed/mcsema-testing/llvm-test-suite/MultiSource/Benchmarks/PAQ8p/paq8p.reference_output Output/paq8p.out-nat; \
	else \
	  printf "WARNING: %s: %s\n" "NO REFERENCE OUTPUT (using default)" "/home/ed/mcsema-testing/llvm-test-suite/MultiSource/Benchmarks/PAQ8p/paq8p.reference_output" > Output/paq8p.out-nat; \
	  cp /home/ed/mcsema-testing/llvm-test-suite/default.reference_output Output/paq8p.out-nat; \
	  cat Output/paq8p.out-nat; \
	fi
# Pretend that the reference output was produced instantaneously.
cp /home/ed/mcsema-testing/llvm-test-suite/instant.txt Output/paq8p.out-nat.time
/home/ed/mcsema-testing/llvm-test-suite/DiffOutput.sh "/home/ed/mcsema-testing/SANDBOX/test-2015-12-21_15-36-50/tools/fpcmp " simple paq8p 
rm -f Output/paq8p.exe-simple
cp Output/paq8p.diff-simple Output/paq8p.exe-simple
if test -f Output/paq8p.extra-results.txt; then \
	  /home/ed/mcsema-testing/llvm-test-suite/ParseMultipleResults /home/ed/mcsema-testing/SANDBOX/test-2015-12-21_15-36-50/MultiSource/Benchmarks/PAQ8p/paq8p Output/paq8p.extra-results.txt >> Output/paq8p.simple.exec.report.txt; \
	fi
cat Output/paq8p.simple.compile.report.txt Output/paq8p.simple.exec.report.txt >> Output/paq8p.simple.report.txt
---------------------------------------------------------------
>>> ========= '/home/ed/mcsema-testing/SANDBOX/test-2015-12-21_15-36-50/MultiSource/Benchmarks/PAQ8p/paq8p' Program
---------------------------------------------------------------

TEST-PASS: compile /home/ed/mcsema-testing/SANDBOX/test-2015-12-21_15-36-50/MultiSource/Benchmarks/PAQ8p/paq8p
TEST-RESULT-compile-success: pass
TEST-RESULT-compile-hash: 403343eeecc5f3ab894b275e4b3c0598
TEST-RESULT-compile-time: user 1.401200
TEST-RESULT-compile-real-time: real 1.448200

TEST-PASS: exec /home/ed/mcsema-testing/SANDBOX/test-2015-12-21_15-36-50/MultiSource/Benchmarks/PAQ8p/paq8p
TEST-RESULT-exec-success: pass
TEST-RESULT-exec-time: user       55.8113
TEST-RESULT-exec-real-time: real       56.0575
make[4]: Leaving directory `/home/ed/mcsema-testing/SANDBOX/test-2015-12-21_15-36-50/MultiSource/Benchmarks/PAQ8p'
make[4]: Entering directory `/home/ed/mcsema-testing/SANDBOX/test-2015-12-21_15-36-50/MultiSource/Benchmarks/tramp3d-v4'
/home/ed/mcsema-testing/llvm-test-suite/RunSafely.sh --show-errors -t "/home/ed/mcsema-testing/SANDBOX/test-2015-12-21_15-36-50/tools/timeit" 500 /dev/null Output/tramp3d-v4.llvm.o.compile \
	  /usr/bin/clang++ -fno-exceptions -I/home/ed/mcsema-testing/SANDBOX/test-2015-12-21_15-36-50/MultiSource/Benchmarks/tramp3d-v4 -I/home/ed/mcsema-testing/llvm-test-suite/MultiSource/Benchmarks/tramp3d-v4 -I/home/ed/mcsema-testing/llvm-test-suite/include -I../../../include -D_GNU_SOURCE -D__STDC_LIMIT_MACROS -DNDEBUG  -O3  -m64 -fomit-frame-pointer -c /home/ed/mcsema-testing/llvm-test-suite/MultiSource/Benchmarks/tramp3d-v4/tramp3d-v4.cpp -o Output/tramp3d-v4.llvm.o
/usr/bin/clang++ -o Output/tramp3d-v4.simple Output/tramp3d-v4.llvm.o -lstdc++   -m64 -fomit-frame-pointer
/home/ed/mcsema-testing/llvm-test-suite/RunSafely.sh -t "/home/ed/mcsema-testing/SANDBOX/test-2015-12-21_15-36-50/tools/timeit-target" 500 /dev/null Output/tramp3d-v4.out-simple Output/tramp3d-v4.simple --cartvis 1.0 0.0 --rhomin 1e-8 -n 10 --domain 32 32 32
cp Output/tramp3d-v4.simple Output/tramp3d-v4.simple-hash; \
	strip --remove-section=.comment --remove-section='.note*' Output/tramp3d-v4.simple-hash; \
	/home/ed/mcsema-testing/llvm-test-suite/HashProgramOutput.sh Output/tramp3d-v4.simple-hash
if [ -f "/home/ed/mcsema-testing/llvm-test-suite/MultiSource/Benchmarks/tramp3d-v4/tramp3d-v4.reference_output.little-endian." ]; then \
	  cp /home/ed/mcsema-testing/llvm-test-suite/MultiSource/Benchmarks/tramp3d-v4/tramp3d-v4.reference_output.little-endian. Output/tramp3d-v4.out-nat; \
	elif [ -f "/home/ed/mcsema-testing/llvm-test-suite/MultiSource/Benchmarks/tramp3d-v4/tramp3d-v4.reference_output." ]; then \
	  cp /home/ed/mcsema-testing/llvm-test-suite/MultiSource/Benchmarks/tramp3d-v4/tramp3d-v4.reference_output. Output/tramp3d-v4.out-nat; \
	elif [ -f "/home/ed/mcsema-testing/llvm-test-suite/MultiSource/Benchmarks/tramp3d-v4/tramp3d-v4.reference_output.little-endian" ]; then \
	  cp /home/ed/mcsema-testing/llvm-test-suite/MultiSource/Benchmarks/tramp3d-v4/tramp3d-v4.reference_output.little-endian Output/tramp3d-v4.out-nat; \
	elif [ -f "/home/ed/mcsema-testing/llvm-test-suite/MultiSource/Benchmarks/tramp3d-v4/tramp3d-v4.reference_output" ]; then \
	  cp /home/ed/mcsema-testing/llvm-test-suite/MultiSource/Benchmarks/tramp3d-v4/tramp3d-v4.reference_output Output/tramp3d-v4.out-nat; \
	else \
	  printf "WARNING: %s: %s\n" "NO REFERENCE OUTPUT (using default)" "/home/ed/mcsema-testing/llvm-test-suite/MultiSource/Benchmarks/tramp3d-v4/tramp3d-v4.reference_output" > Output/tramp3d-v4.out-nat; \
	  cp /home/ed/mcsema-testing/llvm-test-suite/default.reference_output Output/tramp3d-v4.out-nat; \
	  cat Output/tramp3d-v4.out-nat; \
	fi
# Pretend that the reference output was produced instantaneously.
cp /home/ed/mcsema-testing/llvm-test-suite/instant.txt Output/tramp3d-v4.out-nat.time
/home/ed/mcsema-testing/llvm-test-suite/DiffOutput.sh "/home/ed/mcsema-testing/SANDBOX/test-2015-12-21_15-36-50/tools/fpcmp  -a 0.0000001" simple tramp3d-v4 
rm -f Output/tramp3d-v4.exe-simple
cp Output/tramp3d-v4.diff-simple Output/tramp3d-v4.exe-simple
if test -f Output/tramp3d-v4.extra-results.txt; then \
	  /home/ed/mcsema-testing/llvm-test-suite/ParseMultipleResults /home/ed/mcsema-testing/SANDBOX/test-2015-12-21_15-36-50/MultiSource/Benchmarks/tramp3d-v4/tramp3d-v4 Output/tramp3d-v4.extra-results.txt >> Output/tramp3d-v4.simple.exec.report.txt; \
	fi
cat Output/tramp3d-v4.simple.compile.report.txt Output/tramp3d-v4.simple.exec.report.txt >> Output/tramp3d-v4.simple.report.txt
---------------------------------------------------------------
>>> ========= '/home/ed/mcsema-testing/SANDBOX/test-2015-12-21_15-36-50/MultiSource/Benchmarks/tramp3d-v4/tramp3d-v4' Program
---------------------------------------------------------------

TEST-PASS: compile /home/ed/mcsema-testing/SANDBOX/test-2015-12-21_15-36-50/MultiSource/Benchmarks/tramp3d-v4/tramp3d-v4
TEST-RESULT-compile-success: pass
TEST-RESULT-compile-hash: 99b80b17428155b694356d1a2363601d
TEST-RESULT-compile-time: user 16.404800
TEST-RESULT-compile-real-time: real 16.852500

TEST-PASS: exec /home/ed/mcsema-testing/SANDBOX/test-2015-12-21_15-36-50/MultiSource/Benchmarks/tramp3d-v4/tramp3d-v4
TEST-RESULT-exec-success: pass
TEST-RESULT-exec-time: user       0.3316
TEST-RESULT-exec-real-time: real       0.3391
make[4]: Leaving directory `/home/ed/mcsema-testing/SANDBOX/test-2015-12-21_15-36-50/MultiSource/Benchmarks/tramp3d-v4'
make[4]: Entering directory `/home/ed/mcsema-testing/SANDBOX/test-2015-12-21_15-36-50/MultiSource/Benchmarks/Bullet'
/home/ed/mcsema-testing/llvm-test-suite/RunSafely.sh --show-errors -t "/home/ed/mcsema-testing/SANDBOX/test-2015-12-21_15-36-50/tools/timeit" 1500 /dev/null Output/BenchmarkDemo.llvm.o.compile \
	  /usr/bin/clang++ -I/home/ed/mcsema-testing/llvm-test-suite/MultiSource/Benchmarks/Bullet/include -DNO_TIME -I/home/ed/mcsema-testing/SANDBOX/test-2015-12-21_15-36-50/MultiSource/Benchmarks/Bullet -I/home/ed/mcsema-testing/llvm-test-suite/MultiSource/Benchmarks/Bullet -I/home/ed/mcsema-testing/llvm-test-suite/include -I../../..//include -D_GNU_SOURCE -D__STDC_LIMIT_MACROS -DNDEBUG  -O3  -m64 -fomit-frame-pointer -c /home/ed/mcsema-testing/llvm-test-suite/MultiSource/Benchmarks/Bullet/BenchmarkDemo.cpp -o Output/BenchmarkDemo.llvm.o
/home/ed/mcsema-testing/llvm-test-suite/RunSafely.sh --show-errors -t "/home/ed/mcsema-testing/SANDBOX/test-2015-12-21_15-36-50/tools/timeit" 1500 /dev/null Output/SphereTriangleDetector.llvm.o.compile \
	  /usr/bin/clang++ -I/home/ed/mcsema-testing/llvm-test-suite/MultiSource/Benchmarks/Bullet/include -DNO_TIME -I/home/ed/mcsema-testing/SANDBOX/test-2015-12-21_15-36-50/MultiSource/Benchmarks/Bullet -I/home/ed/mcsema-testing/llvm-test-suite/MultiSource/Benchmarks/Bullet -I/home/ed/mcsema-testing/llvm-test-suite/include -I../../..//include -D_GNU_SOURCE -D__STDC_LIMIT_MACROS -DNDEBUG  -O3  -m64 -fomit-frame-pointer -c /home/ed/mcsema-testing/llvm-test-suite/MultiSource/Benchmarks/Bullet/SphereTriangleDetector.cpp -o Output/SphereTriangleDetector.llvm.o
/home/ed/mcsema-testing/llvm-test-suite/RunSafely.sh --show-errors -t "/home/ed/mcsema-testing/SANDBOX/test-2015-12-21_15-36-50/tools/timeit" 1500 /dev/null Output/btActivatingCollisionAlgorithm.llvm.o.compile \
	  /usr/bin/clang++ -I/home/ed/mcsema-testing/llvm-test-suite/MultiSource/Benchmarks/Bullet/include -DNO_TIME -I/home/ed/mcsema-testing/SANDBOX/test-2015-12-21_15-36-50/MultiSource/Benchmarks/Bullet -I/home/ed/mcsema-testing/llvm-test-suite/MultiSource/Benchmarks/Bullet -I/home/ed/mcsema-testing/llvm-test-suite/include -I../../..//include -D_GNU_SOURCE -D__STDC_LIMIT_MACROS -DNDEBUG  -O3  -m64 -fomit-frame-pointer -c /home/ed/mcsema-testing/llvm-test-suite/MultiSource/Benchmarks/Bullet/btActivatingCollisionAlgorithm.cpp -o Output/btActivatingCollisionAlgorithm.llvm.o
/home/ed/mcsema-testing/llvm-test-suite/RunSafely.sh --show-errors -t "/home/ed/mcsema-testing/SANDBOX/test-2015-12-21_15-36-50/tools/timeit" 1500 /dev/null Output/btAlignedAllocator.llvm.o.compile \
	  /usr/bin/clang++ -I/home/ed/mcsema-testing/llvm-test-suite/MultiSource/Benchmarks/Bullet/include -DNO_TIME -I/home/ed/mcsema-testing/SANDBOX/test-2015-12-21_15-36-50/MultiSource/Benchmarks/Bullet -I/home/ed/mcsema-testing/llvm-test-suite/MultiSource/Benchmarks/Bullet -I/home/ed/mcsema-testing/llvm-test-suite/include -I../../..//include -D_GNU_SOURCE -D__STDC_LIMIT_MACROS -DNDEBUG  -O3  -m64 -fomit-frame-pointer -c /home/ed/mcsema-testing/llvm-test-suite/MultiSource/Benchmarks/Bullet/btAlignedAllocator.cpp -o Output/btAlignedAllocator.llvm.o
/home/ed/mcsema-testing/llvm-test-suite/RunSafely.sh --show-errors -t "/home/ed/mcsema-testing/SANDBOX/test-2015-12-21_15-36-50/tools/timeit" 1500 /dev/null Output/btAxisSweep3.llvm.o.compile \
	  /usr/bin/clang++ -I/home/ed/mcsema-testing/llvm-test-suite/MultiSource/Benchmarks/Bullet/include -DNO_TIME -I/home/ed/mcsema-testing/SANDBOX/test-2015-12-21_15-36-50/MultiSource/Benchmarks/Bullet -I/home/ed/mcsema-testing/llvm-test-suite/MultiSource/Benchmarks/Bullet -I/home/ed/mcsema-testing/llvm-test-suite/include -I../../..//include -D_GNU_SOURCE -D__STDC_LIMIT_MACROS -DNDEBUG  -O3  -m64 -fomit-frame-pointer -c /home/ed/mcsema-testing/llvm-test-suite/MultiSource/Benchmarks/Bullet/btAxisSweep3.cpp -o Output/btAxisSweep3.llvm.o
/home/ed/mcsema-testing/llvm-test-suite/RunSafely.sh --show-errors -t "/home/ed/mcsema-testing/SANDBOX/test-2015-12-21_15-36-50/tools/timeit" 1500 /dev/null Output/btBox2dBox2dCollisionAlgorithm.llvm.o.compile \
	  /usr/bin/clang++ -I/home/ed/mcsema-testing/llvm-test-suite/MultiSource/Benchmarks/Bullet/include -DNO_TIME -I/home/ed/mcsema-testing/SANDBOX/test-2015-12-21_15-36-50/MultiSource/Benchmarks/Bullet -I/home/ed/mcsema-testing/llvm-test-suite/MultiSource/Benchmarks/Bullet -I/home/ed/mcsema-testing/llvm-test-suite/include -I../../..//include -D_GNU_SOURCE -D__STDC_LIMIT_MACROS -DNDEBUG  -O3  -m64 -fomit-frame-pointer -c /home/ed/mcsema-testing/llvm-test-suite/MultiSource/Benchmarks/Bullet/btBox2dBox2dCollisionAlgorithm.cpp -o Output/btBox2dBox2dCollisionAlgorithm.llvm.o
/home/ed/mcsema-testing/llvm-test-suite/RunSafely.sh --show-errors -t "/home/ed/mcsema-testing/SANDBOX/test-2015-12-21_15-36-50/tools/timeit" 1500 /dev/null Output/btBox2dShape.llvm.o.compile \
	  /usr/bin/clang++ -I/home/ed/mcsema-testing/llvm-test-suite/MultiSource/Benchmarks/Bullet/include -DNO_TIME -I/home/ed/mcsema-testing/SANDBOX/test-2015-12-21_15-36-50/MultiSource/Benchmarks/Bullet -I/home/ed/mcsema-testing/llvm-test-suite/MultiSource/Benchmarks/Bullet -I/home/ed/mcsema-testing/llvm-test-suite/include -I../../..//include -D_GNU_SOURCE -D__STDC_LIMIT_MACROS -DNDEBUG  -O3  -m64 -fomit-frame-pointer -c /home/ed/mcsema-testing/llvm-test-suite/MultiSource/Benchmarks/Bullet/btBox2dShape.cpp -o Output/btBox2dShape.llvm.o
/home/ed/mcsema-testing/llvm-test-suite/RunSafely.sh --show-errors -t "/home/ed/mcsema-testing/SANDBOX/test-2015-12-21_15-36-50/tools/timeit" 1500 /dev/null Output/btBoxBoxCollisionAlgorithm.llvm.o.compile \
	  /usr/bin/clang++ -I/home/ed/mcsema-testing/llvm-test-suite/MultiSource/Benchmarks/Bullet/include -DNO_TIME -I/home/ed/mcsema-testing/SANDBOX/test-2015-12-21_15-36-50/MultiSource/Benchmarks/Bullet -I/home/ed/mcsema-testing/llvm-test-suite/MultiSource/Benchmarks/Bullet -I/home/ed/mcsema-testing/llvm-test-suite/include -I../../..//include -D_GNU_SOURCE -D__STDC_LIMIT_MACROS -DNDEBUG  -O3  -m64 -fomit-frame-pointer -c /home/ed/mcsema-testing/llvm-test-suite/MultiSource/Benchmarks/Bullet/btBoxBoxCollisionAlgorithm.cpp -o Output/btBoxBoxCollisionAlgorithm.llvm.o
/home/ed/mcsema-testing/llvm-test-suite/RunSafely.sh --show-errors -t "/home/ed/mcsema-testing/SANDBOX/test-2015-12-21_15-36-50/tools/timeit" 1500 /dev/null Output/btBoxBoxDetector.llvm.o.compile \
	  /usr/bin/clang++ -I/home/ed/mcsema-testing/llvm-test-suite/MultiSource/Benchmarks/Bullet/include -DNO_TIME -I/home/ed/mcsema-testing/SANDBOX/test-2015-12-21_15-36-50/MultiSource/Benchmarks/Bullet -I/home/ed/mcsema-testing/llvm-test-suite/MultiSource/Benchmarks/Bullet -I/home/ed/mcsema-testing/llvm-test-suite/include -I../../..//include -D_GNU_SOURCE -D__STDC_LIMIT_MACROS -DNDEBUG  -O3  -m64 -fomit-frame-pointer -c /home/ed/mcsema-testing/llvm-test-suite/MultiSource/Benchmarks/Bullet/btBoxBoxDetector.cpp -o Output/btBoxBoxDetector.llvm.o
/home/ed/mcsema-testing/llvm-test-suite/RunSafely.sh --show-errors -t "/home/ed/mcsema-testing/SANDBOX/test-2015-12-21_15-36-50/tools/timeit" 1500 /dev/null Output/btBoxShape.llvm.o.compile \
	  /usr/bin/clang++ -I/home/ed/mcsema-testing/llvm-test-suite/MultiSource/Benchmarks/Bullet/include -DNO_TIME -I/home/ed/mcsema-testing/SANDBOX/test-2015-12-21_15-36-50/MultiSource/Benchmarks/Bullet -I/home/ed/mcsema-testing/llvm-test-suite/MultiSource/Benchmarks/Bullet -I/home/ed/mcsema-testing/llvm-test-suite/include -I../../..//include -D_GNU_SOURCE -D__STDC_LIMIT_MACROS -DNDEBUG  -O3  -m64 -fomit-frame-pointer -c /home/ed/mcsema-testing/llvm-test-suite/MultiSource/Benchmarks/Bullet/btBoxShape.cpp -o Output/btBoxShape.llvm.o
/home/ed/mcsema-testing/llvm-test-suite/RunSafely.sh --show-errors -t "/home/ed/mcsema-testing/SANDBOX/test-2015-12-21_15-36-50/tools/timeit" 1500 /dev/null Output/btBroadphaseProxy.llvm.o.compile \
	  /usr/bin/clang++ -I/home/ed/mcsema-testing/llvm-test-suite/MultiSource/Benchmarks/Bullet/include -DNO_TIME -I/home/ed/mcsema-testing/SANDBOX/test-2015-12-21_15-36-50/MultiSource/Benchmarks/Bullet -I/home/ed/mcsema-testing/llvm-test-suite/MultiSource/Benchmarks/Bullet -I/home/ed/mcsema-testing/llvm-test-suite/include -I../../..//include -D_GNU_SOURCE -D__STDC_LIMIT_MACROS -DNDEBUG  -O3  -m64 -fomit-frame-pointer -c /home/ed/mcsema-testing/llvm-test-suite/MultiSource/Benchmarks/Bullet/btBroadphaseProxy.cpp -o Output/btBroadphaseProxy.llvm.o
/home/ed/mcsema-testing/llvm-test-suite/RunSafely.sh --show-errors -t "/home/ed/mcsema-testing/SANDBOX/test-2015-12-21_15-36-50/tools/timeit" 1500 /dev/null Output/btBvhTriangleMeshShape.llvm.o.compile \
	  /usr/bin/clang++ -I/home/ed/mcsema-testing/llvm-test-suite/MultiSource/Benchmarks/Bullet/include -DNO_TIME -I/home/ed/mcsema-testing/SANDBOX/test-2015-12-21_15-36-50/MultiSource/Benchmarks/Bullet -I/home/ed/mcsema-testing/llvm-test-suite/MultiSource/Benchmarks/Bullet -I/home/ed/mcsema-testing/llvm-test-suite/include -I../../..//include -D_GNU_SOURCE -D__STDC_LIMIT_MACROS -DNDEBUG  -O3  -m64 -fomit-frame-pointer -c /home/ed/mcsema-testing/llvm-test-suite/MultiSource/Benchmarks/Bullet/btBvhTriangleMeshShape.cpp -o Output/btBvhTriangleMeshShape.llvm.o
/home/ed/mcsema-testing/llvm-test-suite/RunSafely.sh --show-errors -t "/home/ed/mcsema-testing/SANDBOX/test-2015-12-21_15-36-50/tools/timeit" 1500 /dev/null Output/btCapsuleShape.llvm.o.compile \
	  /usr/bin/clang++ -I/home/ed/mcsema-testing/llvm-test-suite/MultiSource/Benchmarks/Bullet/include -DNO_TIME -I/home/ed/mcsema-testing/SANDBOX/test-2015-12-21_15-36-50/MultiSource/Benchmarks/Bullet -I/home/ed/mcsema-testing/llvm-test-suite/MultiSource/Benchmarks/Bullet -I/home/ed/mcsema-testing/llvm-test-suite/include -I../../..//include -D_GNU_SOURCE -D__STDC_LIMIT_MACROS -DNDEBUG  -O3  -m64 -fomit-frame-pointer -c /home/ed/mcsema-testing/llvm-test-suite/MultiSource/Benchmarks/Bullet/btCapsuleShape.cpp -o Output/btCapsuleShape.llvm.o
/home/ed/mcsema-testing/llvm-test-suite/RunSafely.sh --show-errors -t "/home/ed/mcsema-testing/SANDBOX/test-2015-12-21_15-36-50/tools/timeit" 1500 /dev/null Output/btCollisionAlgorithm.llvm.o.compile \
	  /usr/bin/clang++ -I/home/ed/mcsema-testing/llvm-test-suite/MultiSource/Benchmarks/Bullet/include -DNO_TIME -I/home/ed/mcsema-testing/SANDBOX/test-2015-12-21_15-36-50/MultiSource/Benchmarks/Bullet -I/home/ed/mcsema-testing/llvm-test-suite/MultiSource/Benchmarks/Bullet -I/home/ed/mcsema-testing/llvm-test-suite/include -I../../..//include -D_GNU_SOURCE -D__STDC_LIMIT_MACROS -DNDEBUG  -O3  -m64 -fomit-frame-pointer -c /home/ed/mcsema-testing/llvm-test-suite/MultiSource/Benchmarks/Bullet/btCollisionAlgorithm.cpp -o Output/btCollisionAlgorithm.llvm.o
/home/ed/mcsema-testing/llvm-test-suite/RunSafely.sh --show-errors -t "/home/ed/mcsema-testing/SANDBOX/test-2015-12-21_15-36-50/tools/timeit" 1500 /dev/null Output/btCollisionDispatcher.llvm.o.compile \
	  /usr/bin/clang++ -I/home/ed/mcsema-testing/llvm-test-suite/MultiSource/Benchmarks/Bullet/include -DNO_TIME -I/home/ed/mcsema-testing/SANDBOX/test-2015-12-21_15-36-50/MultiSource/Benchmarks/Bullet -I/home/ed/mcsema-testing/llvm-test-suite/MultiSource/Benchmarks/Bullet -I/home/ed/mcsema-testing/llvm-test-suite/include -I../../..//include -D_GNU_SOURCE -D__STDC_LIMIT_MACROS -DNDEBUG  -O3  -m64 -fomit-frame-pointer -c /home/ed/mcsema-testing/llvm-test-suite/MultiSource/Benchmarks/Bullet/btCollisionDispatcher.cpp -o Output/btCollisionDispatcher.llvm.o
/home/ed/mcsema-testing/llvm-test-suite/RunSafely.sh --show-errors -t "/home/ed/mcsema-testing/SANDBOX/test-2015-12-21_15-36-50/tools/timeit" 1500 /dev/null Output/btCollisionObject.llvm.o.compile \
	  /usr/bin/clang++ -I/home/ed/mcsema-testing/llvm-test-suite/MultiSource/Benchmarks/Bullet/include -DNO_TIME -I/home/ed/mcsema-testing/SANDBOX/test-2015-12-21_15-36-50/MultiSource/Benchmarks/Bullet -I/home/ed/mcsema-testing/llvm-test-suite/MultiSource/Benchmarks/Bullet -I/home/ed/mcsema-testing/llvm-test-suite/include -I../../..//include -D_GNU_SOURCE -D__STDC_LIMIT_MACROS -DNDEBUG  -O3  -m64 -fomit-frame-pointer -c /home/ed/mcsema-testing/llvm-test-suite/MultiSource/Benchmarks/Bullet/btCollisionObject.cpp -o Output/btCollisionObject.llvm.o
/home/ed/mcsema-testing/llvm-test-suite/RunSafely.sh --show-errors -t "/home/ed/mcsema-testing/SANDBOX/test-2015-12-21_15-36-50/tools/timeit" 1500 /dev/null Output/btCollisionShape.llvm.o.compile \
	  /usr/bin/clang++ -I/home/ed/mcsema-testing/llvm-test-suite/MultiSource/Benchmarks/Bullet/include -DNO_TIME -I/home/ed/mcsema-testing/SANDBOX/test-2015-12-21_15-36-50/MultiSource/Benchmarks/Bullet -I/home/ed/mcsema-testing/llvm-test-suite/MultiSource/Benchmarks/Bullet -I/home/ed/mcsema-testing/llvm-test-suite/include -I../../..//include -D_GNU_SOURCE -D__STDC_LIMIT_MACROS -DNDEBUG  -O3  -m64 -fomit-frame-pointer -c /home/ed/mcsema-testing/llvm-test-suite/MultiSource/Benchmarks/Bullet/btCollisionShape.cpp -o Output/btCollisionShape.llvm.o
/home/ed/mcsema-testing/llvm-test-suite/RunSafely.sh --show-errors -t "/home/ed/mcsema-testing/SANDBOX/test-2015-12-21_15-36-50/tools/timeit" 1500 /dev/null Output/btCollisionWorld.llvm.o.compile \
	  /usr/bin/clang++ -I/home/ed/mcsema-testing/llvm-test-suite/MultiSource/Benchmarks/Bullet/include -DNO_TIME -I/home/ed/mcsema-testing/SANDBOX/test-2015-12-21_15-36-50/MultiSource/Benchmarks/Bullet -I/home/ed/mcsema-testing/llvm-test-suite/MultiSource/Benchmarks/Bullet -I/home/ed/mcsema-testing/llvm-test-suite/include -I../../..//include -D_GNU_SOURCE -D__STDC_LIMIT_MACROS -DNDEBUG  -O3  -m64 -fomit-frame-pointer -c /home/ed/mcsema-testing/llvm-test-suite/MultiSource/Benchmarks/Bullet/btCollisionWorld.cpp -o Output/btCollisionWorld.llvm.o
/home/ed/mcsema-testing/llvm-test-suite/RunSafely.sh --show-errors -t "/home/ed/mcsema-testing/SANDBOX/test-2015-12-21_15-36-50/tools/timeit" 1500 /dev/null Output/btCompoundCollisionAlgorithm.llvm.o.compile \
	  /usr/bin/clang++ -I/home/ed/mcsema-testing/llvm-test-suite/MultiSource/Benchmarks/Bullet/include -DNO_TIME -I/home/ed/mcsema-testing/SANDBOX/test-2015-12-21_15-36-50/MultiSource/Benchmarks/Bullet -I/home/ed/mcsema-testing/llvm-test-suite/MultiSource/Benchmarks/Bullet -I/home/ed/mcsema-testing/llvm-test-suite/include -I../../..//include -D_GNU_SOURCE -D__STDC_LIMIT_MACROS -DNDEBUG  -O3  -m64 -fomit-frame-pointer -c /home/ed/mcsema-testing/llvm-test-suite/MultiSource/Benchmarks/Bullet/btCompoundCollisionAlgorithm.cpp -o Output/btCompoundCollisionAlgorithm.llvm.o
/home/ed/mcsema-testing/llvm-test-suite/RunSafely.sh --show-errors -t "/home/ed/mcsema-testing/SANDBOX/test-2015-12-21_15-36-50/tools/timeit" 1500 /dev/null Output/btCompoundShape.llvm.o.compile \
	  /usr/bin/clang++ -I/home/ed/mcsema-testing/llvm-test-suite/MultiSource/Benchmarks/Bullet/include -DNO_TIME -I/home/ed/mcsema-testing/SANDBOX/test-2015-12-21_15-36-50/MultiSource/Benchmarks/Bullet -I/home/ed/mcsema-testing/llvm-test-suite/MultiSource/Benchmarks/Bullet -I/home/ed/mcsema-testing/llvm-test-suite/include -I../../..//include -D_GNU_SOURCE -D__STDC_LIMIT_MACROS -DNDEBUG  -O3  -m64 -fomit-frame-pointer -c /home/ed/mcsema-testing/llvm-test-suite/MultiSource/Benchmarks/Bullet/btCompoundShape.cpp -o Output/btCompoundShape.llvm.o
/home/ed/mcsema-testing/llvm-test-suite/RunSafely.sh --show-errors -t "/home/ed/mcsema-testing/SANDBOX/test-2015-12-21_15-36-50/tools/timeit" 1500 /dev/null Output/btConcaveShape.llvm.o.compile \
	  /usr/bin/clang++ -I/home/ed/mcsema-testing/llvm-test-suite/MultiSource/Benchmarks/Bullet/include -DNO_TIME -I/home/ed/mcsema-testing/SANDBOX/test-2015-12-21_15-36-50/MultiSource/Benchmarks/Bullet -I/home/ed/mcsema-testing/llvm-test-suite/MultiSource/Benchmarks/Bullet -I/home/ed/mcsema-testing/llvm-test-suite/include -I../../..//include -D_GNU_SOURCE -D__STDC_LIMIT_MACROS -DNDEBUG  -O3  -m64 -fomit-frame-pointer -c /home/ed/mcsema-testing/llvm-test-suite/MultiSource/Benchmarks/Bullet/btConcaveShape.cpp -o Output/btConcaveShape.llvm.o
/home/ed/mcsema-testing/llvm-test-suite/RunSafely.sh --show-errors -t "/home/ed/mcsema-testing/SANDBOX/test-2015-12-21_15-36-50/tools/timeit" 1500 /dev/null Output/btConeShape.llvm.o.compile \
	  /usr/bin/clang++ -I/home/ed/mcsema-testing/llvm-test-suite/MultiSource/Benchmarks/Bullet/include -DNO_TIME -I/home/ed/mcsema-testing/SANDBOX/test-2015-12-21_15-36-50/MultiSource/Benchmarks/Bullet -I/home/ed/mcsema-testing/llvm-test-suite/MultiSource/Benchmarks/Bullet -I/home/ed/mcsema-testing/llvm-test-suite/include -I../../..//include -D_GNU_SOURCE -D__STDC_LIMIT_MACROS -DNDEBUG  -O3  -m64 -fomit-frame-pointer -c /home/ed/mcsema-testing/llvm-test-suite/MultiSource/Benchmarks/Bullet/btConeShape.cpp -o Output/btConeShape.llvm.o
/home/ed/mcsema-testing/llvm-test-suite/RunSafely.sh --show-errors -t "/home/ed/mcsema-testing/SANDBOX/test-2015-12-21_15-36-50/tools/timeit" 1500 /dev/null Output/btConeTwistConstraint.llvm.o.compile \
	  /usr/bin/clang++ -I/home/ed/mcsema-testing/llvm-test-suite/MultiSource/Benchmarks/Bullet/include -DNO_TIME -I/home/ed/mcsema-testing/SANDBOX/test-2015-12-21_15-36-50/MultiSource/Benchmarks/Bullet -I/home/ed/mcsema-testing/llvm-test-suite/MultiSource/Benchmarks/Bullet -I/home/ed/mcsema-testing/llvm-test-suite/include -I../../..//include -D_GNU_SOURCE -D__STDC_LIMIT_MACROS -DNDEBUG  -O3  -m64 -fomit-frame-pointer -c /home/ed/mcsema-testing/llvm-test-suite/MultiSource/Benchmarks/Bullet/btConeTwistConstraint.cpp -o Output/btConeTwistConstraint.llvm.o
/home/ed/mcsema-testing/llvm-test-suite/RunSafely.sh --show-errors -t "/home/ed/mcsema-testing/SANDBOX/test-2015-12-21_15-36-50/tools/timeit" 1500 /dev/null Output/btContactConstraint.llvm.o.compile \
	  /usr/bin/clang++ -I/home/ed/mcsema-testing/llvm-test-suite/MultiSource/Benchmarks/Bullet/include -DNO_TIME -I/home/ed/mcsema-testing/SANDBOX/test-2015-12-21_15-36-50/MultiSource/Benchmarks/Bullet -I/home/ed/mcsema-testing/llvm-test-suite/MultiSource/Benchmarks/Bullet -I/home/ed/mcsema-testing/llvm-test-suite/include -I../../..//include -D_GNU_SOURCE -D__STDC_LIMIT_MACROS -DNDEBUG  -O3  -m64 -fomit-frame-pointer -c /home/ed/mcsema-testing/llvm-test-suite/MultiSource/Benchmarks/Bullet/btContactConstraint.cpp -o Output/btContactConstraint.llvm.o
/home/ed/mcsema-testing/llvm-test-suite/RunSafely.sh --show-errors -t "/home/ed/mcsema-testing/SANDBOX/test-2015-12-21_15-36-50/tools/timeit" 1500 /dev/null Output/btContactProcessing.llvm.o.compile \
	  /usr/bin/clang++ -I/home/ed/mcsema-testing/llvm-test-suite/MultiSource/Benchmarks/Bullet/include -DNO_TIME -I/home/ed/mcsema-testing/SANDBOX/test-2015-12-21_15-36-50/MultiSource/Benchmarks/Bullet -I/home/ed/mcsema-testing/llvm-test-suite/MultiSource/Benchmarks/Bullet -I/home/ed/mcsema-testing/llvm-test-suite/include -I../../..//include -D_GNU_SOURCE -D__STDC_LIMIT_MACROS -DNDEBUG  -O3  -m64 -fomit-frame-pointer -c /home/ed/mcsema-testing/llvm-test-suite/MultiSource/Benchmarks/Bullet/btContactProcessing.cpp -o Output/btContactProcessing.llvm.o
/home/ed/mcsema-testing/llvm-test-suite/RunSafely.sh --show-errors -t "/home/ed/mcsema-testing/SANDBOX/test-2015-12-21_15-36-50/tools/timeit" 1500 /dev/null Output/btContinuousConvexCollision.llvm.o.compile \
	  /usr/bin/clang++ -I/home/ed/mcsema-testing/llvm-test-suite/MultiSource/Benchmarks/Bullet/include -DNO_TIME -I/home/ed/mcsema-testing/SANDBOX/test-2015-12-21_15-36-50/MultiSource/Benchmarks/Bullet -I/home/ed/mcsema-testing/llvm-test-suite/MultiSource/Benchmarks/Bullet -I/home/ed/mcsema-testing/llvm-test-suite/include -I../../..//include -D_GNU_SOURCE -D__STDC_LIMIT_MACROS -DNDEBUG  -O3  -m64 -fomit-frame-pointer -c /home/ed/mcsema-testing/llvm-test-suite/MultiSource/Benchmarks/Bullet/btContinuousConvexCollision.cpp -o Output/btContinuousConvexCollision.llvm.o
/home/ed/mcsema-testing/llvm-test-suite/RunSafely.sh --show-errors -t "/home/ed/mcsema-testing/SANDBOX/test-2015-12-21_15-36-50/tools/timeit" 1500 /dev/null Output/btContinuousDynamicsWorld.llvm.o.compile \
	  /usr/bin/clang++ -I/home/ed/mcsema-testing/llvm-test-suite/MultiSource/Benchmarks/Bullet/include -DNO_TIME -I/home/ed/mcsema-testing/SANDBOX/test-2015-12-21_15-36-50/MultiSource/Benchmarks/Bullet -I/home/ed/mcsema-testing/llvm-test-suite/MultiSource/Benchmarks/Bullet -I/home/ed/mcsema-testing/llvm-test-suite/include -I../../..//include -D_GNU_SOURCE -D__STDC_LIMIT_MACROS -DNDEBUG  -O3  -m64 -fomit-frame-pointer -c /home/ed/mcsema-testing/llvm-test-suite/MultiSource/Benchmarks/Bullet/btContinuousDynamicsWorld.cpp -o Output/btContinuousDynamicsWorld.llvm.o
/home/ed/mcsema-testing/llvm-test-suite/RunSafely.sh --show-errors -t "/home/ed/mcsema-testing/SANDBOX/test-2015-12-21_15-36-50/tools/timeit" 1500 /dev/null Output/btConvex2dConvex2dAlgorithm.llvm.o.compile \
	  /usr/bin/clang++ -I/home/ed/mcsema-testing/llvm-test-suite/MultiSource/Benchmarks/Bullet/include -DNO_TIME -I/home/ed/mcsema-testing/SANDBOX/test-2015-12-21_15-36-50/MultiSource/Benchmarks/Bullet -I/home/ed/mcsema-testing/llvm-test-suite/MultiSource/Benchmarks/Bullet -I/home/ed/mcsema-testing/llvm-test-suite/include -I../../..//include -D_GNU_SOURCE -D__STDC_LIMIT_MACROS -DNDEBUG  -O3  -m64 -fomit-frame-pointer -c /home/ed/mcsema-testing/llvm-test-suite/MultiSource/Benchmarks/Bullet/btConvex2dConvex2dAlgorithm.cpp -o Output/btConvex2dConvex2dAlgorithm.llvm.o
/home/ed/mcsema-testing/llvm-test-suite/RunSafely.sh --show-errors -t "/home/ed/mcsema-testing/SANDBOX/test-2015-12-21_15-36-50/tools/timeit" 1500 /dev/null Output/btConvex2dShape.llvm.o.compile \
	  /usr/bin/clang++ -I/home/ed/mcsema-testing/llvm-test-suite/MultiSource/Benchmarks/Bullet/include -DNO_TIME -I/home/ed/mcsema-testing/SANDBOX/test-2015-12-21_15-36-50/MultiSource/Benchmarks/Bullet -I/home/ed/mcsema-testing/llvm-test-suite/MultiSource/Benchmarks/Bullet -I/home/ed/mcsema-testing/llvm-test-suite/include -I../../..//include -D_GNU_SOURCE -D__STDC_LIMIT_MACROS -DNDEBUG  -O3  -m64 -fomit-frame-pointer -c /home/ed/mcsema-testing/llvm-test-suite/MultiSource/Benchmarks/Bullet/btConvex2dShape.cpp -o Output/btConvex2dShape.llvm.o
/home/ed/mcsema-testing/llvm-test-suite/RunSafely.sh --show-errors -t "/home/ed/mcsema-testing/SANDBOX/test-2015-12-21_15-36-50/tools/timeit" 1500 /dev/null Output/btConvexCast.llvm.o.compile \
	  /usr/bin/clang++ -I/home/ed/mcsema-testing/llvm-test-suite/MultiSource/Benchmarks/Bullet/include -DNO_TIME -I/home/ed/mcsema-testing/SANDBOX/test-2015-12-21_15-36-50/MultiSource/Benchmarks/Bullet -I/home/ed/mcsema-testing/llvm-test-suite/MultiSource/Benchmarks/Bullet -I/home/ed/mcsema-testing/llvm-test-suite/include -I../../..//include -D_GNU_SOURCE -D__STDC_LIMIT_MACROS -DNDEBUG  -O3  -m64 -fomit-frame-pointer -c /home/ed/mcsema-testing/llvm-test-suite/MultiSource/Benchmarks/Bullet/btConvexCast.cpp -o Output/btConvexCast.llvm.o
/home/ed/mcsema-testing/llvm-test-suite/RunSafely.sh --show-errors -t "/home/ed/mcsema-testing/SANDBOX/test-2015-12-21_15-36-50/tools/timeit" 1500 /dev/null Output/btConvexConcaveCollisionAlgorithm.llvm.o.compile \
	  /usr/bin/clang++ -I/home/ed/mcsema-testing/llvm-test-suite/MultiSource/Benchmarks/Bullet/include -DNO_TIME -I/home/ed/mcsema-testing/SANDBOX/test-2015-12-21_15-36-50/MultiSource/Benchmarks/Bullet -I/home/ed/mcsema-testing/llvm-test-suite/MultiSource/Benchmarks/Bullet -I/home/ed/mcsema-testing/llvm-test-suite/include -I../../..//include -D_GNU_SOURCE -D__STDC_LIMIT_MACROS -DNDEBUG  -O3  -m64 -fomit-frame-pointer -c /home/ed/mcsema-testing/llvm-test-suite/MultiSource/Benchmarks/Bullet/btConvexConcaveCollisionAlgorithm.cpp -o Output/btConvexConcaveCollisionAlgorithm.llvm.o
/home/ed/mcsema-testing/llvm-test-suite/RunSafely.sh --show-errors -t "/home/ed/mcsema-testing/SANDBOX/test-2015-12-21_15-36-50/tools/timeit" 1500 /dev/null Output/btConvexConvexAlgorithm.llvm.o.compile \
	  /usr/bin/clang++ -I/home/ed/mcsema-testing/llvm-test-suite/MultiSource/Benchmarks/Bullet/include -DNO_TIME -I/home/ed/mcsema-testing/SANDBOX/test-2015-12-21_15-36-50/MultiSource/Benchmarks/Bullet -I/home/ed/mcsema-testing/llvm-test-suite/MultiSource/Benchmarks/Bullet -I/home/ed/mcsema-testing/llvm-test-suite/include -I../../..//include -D_GNU_SOURCE -D__STDC_LIMIT_MACROS -DNDEBUG  -O3  -m64 -fomit-frame-pointer -c /home/ed/mcsema-testing/llvm-test-suite/MultiSource/Benchmarks/Bullet/btConvexConvexAlgorithm.cpp -o Output/btConvexConvexAlgorithm.llvm.o
/home/ed/mcsema-testing/llvm-test-suite/RunSafely.sh --show-errors -t "/home/ed/mcsema-testing/SANDBOX/test-2015-12-21_15-36-50/tools/timeit" 1500 /dev/null Output/btConvexHull.llvm.o.compile \
	  /usr/bin/clang++ -I/home/ed/mcsema-testing/llvm-test-suite/MultiSource/Benchmarks/Bullet/include -DNO_TIME -I/home/ed/mcsema-testing/SANDBOX/test-2015-12-21_15-36-50/MultiSource/Benchmarks/Bullet -I/home/ed/mcsema-testing/llvm-test-suite/MultiSource/Benchmarks/Bullet -I/home/ed/mcsema-testing/llvm-test-suite/include -I../../..//include -D_GNU_SOURCE -D__STDC_LIMIT_MACROS -DNDEBUG  -O3  -m64 -fomit-frame-pointer -c /home/ed/mcsema-testing/llvm-test-suite/MultiSource/Benchmarks/Bullet/btConvexHull.cpp -o Output/btConvexHull.llvm.o
/home/ed/mcsema-testing/llvm-test-suite/RunSafely.sh --show-errors -t "/home/ed/mcsema-testing/SANDBOX/test-2015-12-21_15-36-50/tools/timeit" 1500 /dev/null Output/btConvexHullShape.llvm.o.compile \
	  /usr/bin/clang++ -I/home/ed/mcsema-testing/llvm-test-suite/MultiSource/Benchmarks/Bullet/include -DNO_TIME -I/home/ed/mcsema-testing/SANDBOX/test-2015-12-21_15-36-50/MultiSource/Benchmarks/Bullet -I/home/ed/mcsema-testing/llvm-test-suite/MultiSource/Benchmarks/Bullet -I/home/ed/mcsema-testing/llvm-test-suite/include -I../../..//include -D_GNU_SOURCE -D__STDC_LIMIT_MACROS -DNDEBUG  -O3  -m64 -fomit-frame-pointer -c /home/ed/mcsema-testing/llvm-test-suite/MultiSource/Benchmarks/Bullet/btConvexHullShape.cpp -o Output/btConvexHullShape.llvm.o
/home/ed/mcsema-testing/llvm-test-suite/RunSafely.sh --show-errors -t "/home/ed/mcsema-testing/SANDBOX/test-2015-12-21_15-36-50/tools/timeit" 1500 /dev/null Output/btConvexInternalShape.llvm.o.compile \
	  /usr/bin/clang++ -I/home/ed/mcsema-testing/llvm-test-suite/MultiSource/Benchmarks/Bullet/include -DNO_TIME -I/home/ed/mcsema-testing/SANDBOX/test-2015-12-21_15-36-50/MultiSource/Benchmarks/Bullet -I/home/ed/mcsema-testing/llvm-test-suite/MultiSource/Benchmarks/Bullet -I/home/ed/mcsema-testing/llvm-test-suite/include -I../../..//include -D_GNU_SOURCE -D__STDC_LIMIT_MACROS -DNDEBUG  -O3  -m64 -fomit-frame-pointer -c /home/ed/mcsema-testing/llvm-test-suite/MultiSource/Benchmarks/Bullet/btConvexInternalShape.cpp -o Output/btConvexInternalShape.llvm.o
/home/ed/mcsema-testing/llvm-test-suite/RunSafely.sh --show-errors -t "/home/ed/mcsema-testing/SANDBOX/test-2015-12-21_15-36-50/tools/timeit" 1500 /dev/null Output/btConvexPlaneCollisionAlgorithm.llvm.o.compile \
	  /usr/bin/clang++ -I/home/ed/mcsema-testing/llvm-test-suite/MultiSource/Benchmarks/Bullet/include -DNO_TIME -I/home/ed/mcsema-testing/SANDBOX/test-2015-12-21_15-36-50/MultiSource/Benchmarks/Bullet -I/home/ed/mcsema-testing/llvm-test-suite/MultiSource/Benchmarks/Bullet -I/home/ed/mcsema-testing/llvm-test-suite/include -I../../..//include -D_GNU_SOURCE -D__STDC_LIMIT_MACROS -DNDEBUG  -O3  -m64 -fomit-frame-pointer -c /home/ed/mcsema-testing/llvm-test-suite/MultiSource/Benchmarks/Bullet/btConvexPlaneCollisionAlgorithm.cpp -o Output/btConvexPlaneCollisionAlgorithm.llvm.o
/home/ed/mcsema-testing/llvm-test-suite/RunSafely.sh --show-errors -t "/home/ed/mcsema-testing/SANDBOX/test-2015-12-21_15-36-50/tools/timeit" 1500 /dev/null Output/btConvexPointCloudShape.llvm.o.compile \
	  /usr/bin/clang++ -I/home/ed/mcsema-testing/llvm-test-suite/MultiSource/Benchmarks/Bullet/include -DNO_TIME -I/home/ed/mcsema-testing/SANDBOX/test-2015-12-21_15-36-50/MultiSource/Benchmarks/Bullet -I/home/ed/mcsema-testing/llvm-test-suite/MultiSource/Benchmarks/Bullet -I/home/ed/mcsema-testing/llvm-test-suite/include -I../../..//include -D_GNU_SOURCE -D__STDC_LIMIT_MACROS -DNDEBUG  -O3  -m64 -fomit-frame-pointer -c /home/ed/mcsema-testing/llvm-test-suite/MultiSource/Benchmarks/Bullet/btConvexPointCloudShape.cpp -o Output/btConvexPointCloudShape.llvm.o
/home/ed/mcsema-testing/llvm-test-suite/RunSafely.sh --show-errors -t "/home/ed/mcsema-testing/SANDBOX/test-2015-12-21_15-36-50/tools/timeit" 1500 /dev/null Output/btConvexShape.llvm.o.compile \
	  /usr/bin/clang++ -I/home/ed/mcsema-testing/llvm-test-suite/MultiSource/Benchmarks/Bullet/include -DNO_TIME -I/home/ed/mcsema-testing/SANDBOX/test-2015-12-21_15-36-50/MultiSource/Benchmarks/Bullet -I/home/ed/mcsema-testing/llvm-test-suite/MultiSource/Benchmarks/Bullet -I/home/ed/mcsema-testing/llvm-test-suite/include -I../../..//include -D_GNU_SOURCE -D__STDC_LIMIT_MACROS -DNDEBUG  -O3  -m64 -fomit-frame-pointer -c /home/ed/mcsema-testing/llvm-test-suite/MultiSource/Benchmarks/Bullet/btConvexShape.cpp -o Output/btConvexShape.llvm.o
/home/ed/mcsema-testing/llvm-test-suite/RunSafely.sh --show-errors -t "/home/ed/mcsema-testing/SANDBOX/test-2015-12-21_15-36-50/tools/timeit" 1500 /dev/null Output/btConvexTriangleMeshShape.llvm.o.compile \
	  /usr/bin/clang++ -I/home/ed/mcsema-testing/llvm-test-suite/MultiSource/Benchmarks/Bullet/include -DNO_TIME -I/home/ed/mcsema-testing/SANDBOX/test-2015-12-21_15-36-50/MultiSource/Benchmarks/Bullet -I/home/ed/mcsema-testing/llvm-test-suite/MultiSource/Benchmarks/Bullet -I/home/ed/mcsema-testing/llvm-test-suite/include -I../../..//include -D_GNU_SOURCE -D__STDC_LIMIT_MACROS -DNDEBUG  -O3  -m64 -fomit-frame-pointer -c /home/ed/mcsema-testing/llvm-test-suite/MultiSource/Benchmarks/Bullet/btConvexTriangleMeshShape.cpp -o Output/btConvexTriangleMeshShape.llvm.o
/home/ed/mcsema-testing/llvm-test-suite/RunSafely.sh --show-errors -t "/home/ed/mcsema-testing/SANDBOX/test-2015-12-21_15-36-50/tools/timeit" 1500 /dev/null Output/btCylinderShape.llvm.o.compile \
	  /usr/bin/clang++ -I/home/ed/mcsema-testing/llvm-test-suite/MultiSource/Benchmarks/Bullet/include -DNO_TIME -I/home/ed/mcsema-testing/SANDBOX/test-2015-12-21_15-36-50/MultiSource/Benchmarks/Bullet -I/home/ed/mcsema-testing/llvm-test-suite/MultiSource/Benchmarks/Bullet -I/home/ed/mcsema-testing/llvm-test-suite/include -I../../..//include -D_GNU_SOURCE -D__STDC_LIMIT_MACROS -DNDEBUG  -O3  -m64 -fomit-frame-pointer -c /home/ed/mcsema-testing/llvm-test-suite/MultiSource/Benchmarks/Bullet/btCylinderShape.cpp -o Output/btCylinderShape.llvm.o
/home/ed/mcsema-testing/llvm-test-suite/RunSafely.sh --show-errors -t "/home/ed/mcsema-testing/SANDBOX/test-2015-12-21_15-36-50/tools/timeit" 1500 /dev/null Output/btDbvt.llvm.o.compile \
	  /usr/bin/clang++ -I/home/ed/mcsema-testing/llvm-test-suite/MultiSource/Benchmarks/Bullet/include -DNO_TIME -I/home/ed/mcsema-testing/SANDBOX/test-2015-12-21_15-36-50/MultiSource/Benchmarks/Bullet -I/home/ed/mcsema-testing/llvm-test-suite/MultiSource/Benchmarks/Bullet -I/home/ed/mcsema-testing/llvm-test-suite/include -I../../..//include -D_GNU_SOURCE -D__STDC_LIMIT_MACROS -DNDEBUG  -O3  -m64 -fomit-frame-pointer -c /home/ed/mcsema-testing/llvm-test-suite/MultiSource/Benchmarks/Bullet/btDbvt.cpp -o Output/btDbvt.llvm.o
/home/ed/mcsema-testing/llvm-test-suite/RunSafely.sh --show-errors -t "/home/ed/mcsema-testing/SANDBOX/test-2015-12-21_15-36-50/tools/timeit" 1500 /dev/null Output/btDbvtBroadphase.llvm.o.compile \
	  /usr/bin/clang++ -I/home/ed/mcsema-testing/llvm-test-suite/MultiSource/Benchmarks/Bullet/include -DNO_TIME -I/home/ed/mcsema-testing/SANDBOX/test-2015-12-21_15-36-50/MultiSource/Benchmarks/Bullet -I/home/ed/mcsema-testing/llvm-test-suite/MultiSource/Benchmarks/Bullet -I/home/ed/mcsema-testing/llvm-test-suite/include -I../../..//include -D_GNU_SOURCE -D__STDC_LIMIT_MACROS -DNDEBUG  -O3  -m64 -fomit-frame-pointer -c /home/ed/mcsema-testing/llvm-test-suite/MultiSource/Benchmarks/Bullet/btDbvtBroadphase.cpp -o Output/btDbvtBroadphase.llvm.o
/home/ed/mcsema-testing/llvm-test-suite/RunSafely.sh --show-errors -t "/home/ed/mcsema-testing/SANDBOX/test-2015-12-21_15-36-50/tools/timeit" 1500 /dev/null Output/btDefaultCollisionConfiguration.llvm.o.compile \
	  /usr/bin/clang++ -I/home/ed/mcsema-testing/llvm-test-suite/MultiSource/Benchmarks/Bullet/include -DNO_TIME -I/home/ed/mcsema-testing/SANDBOX/test-2015-12-21_15-36-50/MultiSource/Benchmarks/Bullet -I/home/ed/mcsema-testing/llvm-test-suite/MultiSource/Benchmarks/Bullet -I/home/ed/mcsema-testing/llvm-test-suite/include -I../../..//include -D_GNU_SOURCE -D__STDC_LIMIT_MACROS -DNDEBUG  -O3  -m64 -fomit-frame-pointer -c /home/ed/mcsema-testing/llvm-test-suite/MultiSource/Benchmarks/Bullet/btDefaultCollisionConfiguration.cpp -o Output/btDefaultCollisionConfiguration.llvm.o
/home/ed/mcsema-testing/llvm-test-suite/RunSafely.sh --show-errors -t "/home/ed/mcsema-testing/SANDBOX/test-2015-12-21_15-36-50/tools/timeit" 1500 /dev/null Output/btDiscreteDynamicsWorld.llvm.o.compile \
	  /usr/bin/clang++ -I/home/ed/mcsema-testing/llvm-test-suite/MultiSource/Benchmarks/Bullet/include -DNO_TIME -I/home/ed/mcsema-testing/SANDBOX/test-2015-12-21_15-36-50/MultiSource/Benchmarks/Bullet -I/home/ed/mcsema-testing/llvm-test-suite/MultiSource/Benchmarks/Bullet -I/home/ed/mcsema-testing/llvm-test-suite/include -I../../..//include -D_GNU_SOURCE -D__STDC_LIMIT_MACROS -DNDEBUG  -O3  -m64 -fomit-frame-pointer -c /home/ed/mcsema-testing/llvm-test-suite/MultiSource/Benchmarks/Bullet/btDiscreteDynamicsWorld.cpp -o Output/btDiscreteDynamicsWorld.llvm.o
/home/ed/mcsema-testing/llvm-test-suite/RunSafely.sh --show-errors -t "/home/ed/mcsema-testing/SANDBOX/test-2015-12-21_15-36-50/tools/timeit" 1500 /dev/null Output/btDispatcher.llvm.o.compile \
	  /usr/bin/clang++ -I/home/ed/mcsema-testing/llvm-test-suite/MultiSource/Benchmarks/Bullet/include -DNO_TIME -I/home/ed/mcsema-testing/SANDBOX/test-2015-12-21_15-36-50/MultiSource/Benchmarks/Bullet -I/home/ed/mcsema-testing/llvm-test-suite/MultiSource/Benchmarks/Bullet -I/home/ed/mcsema-testing/llvm-test-suite/include -I../../..//include -D_GNU_SOURCE -D__STDC_LIMIT_MACROS -DNDEBUG  -O3  -m64 -fomit-frame-pointer -c /home/ed/mcsema-testing/llvm-test-suite/MultiSource/Benchmarks/Bullet/btDispatcher.cpp -o Output/btDispatcher.llvm.o
/home/ed/mcsema-testing/llvm-test-suite/RunSafely.sh --show-errors -t "/home/ed/mcsema-testing/SANDBOX/test-2015-12-21_15-36-50/tools/timeit" 1500 /dev/null Output/btEmptyCollisionAlgorithm.llvm.o.compile \
	  /usr/bin/clang++ -I/home/ed/mcsema-testing/llvm-test-suite/MultiSource/Benchmarks/Bullet/include -DNO_TIME -I/home/ed/mcsema-testing/SANDBOX/test-2015-12-21_15-36-50/MultiSource/Benchmarks/Bullet -I/home/ed/mcsema-testing/llvm-test-suite/MultiSource/Benchmarks/Bullet -I/home/ed/mcsema-testing/llvm-test-suite/include -I../../..//include -D_GNU_SOURCE -D__STDC_LIMIT_MACROS -DNDEBUG  -O3  -m64 -fomit-frame-pointer -c /home/ed/mcsema-testing/llvm-test-suite/MultiSource/Benchmarks/Bullet/btEmptyCollisionAlgorithm.cpp -o Output/btEmptyCollisionAlgorithm.llvm.o
/home/ed/mcsema-testing/llvm-test-suite/RunSafely.sh --show-errors -t "/home/ed/mcsema-testing/SANDBOX/test-2015-12-21_15-36-50/tools/timeit" 1500 /dev/null Output/btEmptyShape.llvm.o.compile \
	  /usr/bin/clang++ -I/home/ed/mcsema-testing/llvm-test-suite/MultiSource/Benchmarks/Bullet/include -DNO_TIME -I/home/ed/mcsema-testing/SANDBOX/test-2015-12-21_15-36-50/MultiSource/Benchmarks/Bullet -I/home/ed/mcsema-testing/llvm-test-suite/MultiSource/Benchmarks/Bullet -I/home/ed/mcsema-testing/llvm-test-suite/include -I../../..//include -D_GNU_SOURCE -D__STDC_LIMIT_MACROS -DNDEBUG  -O3  -m64 -fomit-frame-pointer -c /home/ed/mcsema-testing/llvm-test-suite/MultiSource/Benchmarks/Bullet/btEmptyShape.cpp -o Output/btEmptyShape.llvm.o
/home/ed/mcsema-testing/llvm-test-suite/RunSafely.sh --show-errors -t "/home/ed/mcsema-testing/SANDBOX/test-2015-12-21_15-36-50/tools/timeit" 1500 /dev/null Output/btGImpactBvh.llvm.o.compile \
	  /usr/bin/clang++ -I/home/ed/mcsema-testing/llvm-test-suite/MultiSource/Benchmarks/Bullet/include -DNO_TIME -I/home/ed/mcsema-testing/SANDBOX/test-2015-12-21_15-36-50/MultiSource/Benchmarks/Bullet -I/home/ed/mcsema-testing/llvm-test-suite/MultiSource/Benchmarks/Bullet -I/home/ed/mcsema-testing/llvm-test-suite/include -I../../..//include -D_GNU_SOURCE -D__STDC_LIMIT_MACROS -DNDEBUG  -O3  -m64 -fomit-frame-pointer -c /home/ed/mcsema-testing/llvm-test-suite/MultiSource/Benchmarks/Bullet/btGImpactBvh.cpp -o Output/btGImpactBvh.llvm.o
/home/ed/mcsema-testing/llvm-test-suite/RunSafely.sh --show-errors -t "/home/ed/mcsema-testing/SANDBOX/test-2015-12-21_15-36-50/tools/timeit" 1500 /dev/null Output/btGImpactCollisionAlgorithm.llvm.o.compile \
	  /usr/bin/clang++ -I/home/ed/mcsema-testing/llvm-test-suite/MultiSource/Benchmarks/Bullet/include -DNO_TIME -I/home/ed/mcsema-testing/SANDBOX/test-2015-12-21_15-36-50/MultiSource/Benchmarks/Bullet -I/home/ed/mcsema-testing/llvm-test-suite/MultiSource/Benchmarks/Bullet -I/home/ed/mcsema-testing/llvm-test-suite/include -I../../..//include -D_GNU_SOURCE -D__STDC_LIMIT_MACROS -DNDEBUG  -O3  -m64 -fomit-frame-pointer -c /home/ed/mcsema-testing/llvm-test-suite/MultiSource/Benchmarks/Bullet/btGImpactCollisionAlgorithm.cpp -o Output/btGImpactCollisionAlgorithm.llvm.o
/home/ed/mcsema-testing/llvm-test-suite/RunSafely.sh --show-errors -t "/home/ed/mcsema-testing/SANDBOX/test-2015-12-21_15-36-50/tools/timeit" 1500 /dev/null Output/btGImpactQuantizedBvh.llvm.o.compile \
	  /usr/bin/clang++ -I/home/ed/mcsema-testing/llvm-test-suite/MultiSource/Benchmarks/Bullet/include -DNO_TIME -I/home/ed/mcsema-testing/SANDBOX/test-2015-12-21_15-36-50/MultiSource/Benchmarks/Bullet -I/home/ed/mcsema-testing/llvm-test-suite/MultiSource/Benchmarks/Bullet -I/home/ed/mcsema-testing/llvm-test-suite/include -I../../..//include -D_GNU_SOURCE -D__STDC_LIMIT_MACROS -DNDEBUG  -O3  -m64 -fomit-frame-pointer -c /home/ed/mcsema-testing/llvm-test-suite/MultiSource/Benchmarks/Bullet/btGImpactQuantizedBvh.cpp -o Output/btGImpactQuantizedBvh.llvm.o
/home/ed/mcsema-testing/llvm-test-suite/RunSafely.sh --show-errors -t "/home/ed/mcsema-testing/SANDBOX/test-2015-12-21_15-36-50/tools/timeit" 1500 /dev/null Output/btGImpactShape.llvm.o.compile \
	  /usr/bin/clang++ -I/home/ed/mcsema-testing/llvm-test-suite/MultiSource/Benchmarks/Bullet/include -DNO_TIME -I/home/ed/mcsema-testing/SANDBOX/test-2015-12-21_15-36-50/MultiSource/Benchmarks/Bullet -I/home/ed/mcsema-testing/llvm-test-suite/MultiSource/Benchmarks/Bullet -I/home/ed/mcsema-testing/llvm-test-suite/include -I../../..//include -D_GNU_SOURCE -D__STDC_LIMIT_MACROS -DNDEBUG  -O3  -m64 -fomit-frame-pointer -c /home/ed/mcsema-testing/llvm-test-suite/MultiSource/Benchmarks/Bullet/btGImpactShape.cpp -o Output/btGImpactShape.llvm.o
/home/ed/mcsema-testing/llvm-test-suite/RunSafely.sh --show-errors -t "/home/ed/mcsema-testing/SANDBOX/test-2015-12-21_15-36-50/tools/timeit" 1500 /dev/null Output/btGeneric6DofConstraint.llvm.o.compile \
	  /usr/bin/clang++ -I/home/ed/mcsema-testing/llvm-test-suite/MultiSource/Benchmarks/Bullet/include -DNO_TIME -I/home/ed/mcsema-testing/SANDBOX/test-2015-12-21_15-36-50/MultiSource/Benchmarks/Bullet -I/home/ed/mcsema-testing/llvm-test-suite/MultiSource/Benchmarks/Bullet -I/home/ed/mcsema-testing/llvm-test-suite/include -I../../..//include -D_GNU_SOURCE -D__STDC_LIMIT_MACROS -DNDEBUG  -O3  -m64 -fomit-frame-pointer -c /home/ed/mcsema-testing/llvm-test-suite/MultiSource/Benchmarks/Bullet/btGeneric6DofConstraint.cpp -o Output/btGeneric6DofConstraint.llvm.o
/home/ed/mcsema-testing/llvm-test-suite/RunSafely.sh --show-errors -t "/home/ed/mcsema-testing/SANDBOX/test-2015-12-21_15-36-50/tools/timeit" 1500 /dev/null Output/btGeneric6DofSpringConstraint.llvm.o.compile \
	  /usr/bin/clang++ -I/home/ed/mcsema-testing/llvm-test-suite/MultiSource/Benchmarks/Bullet/include -DNO_TIME -I/home/ed/mcsema-testing/SANDBOX/test-2015-12-21_15-36-50/MultiSource/Benchmarks/Bullet -I/home/ed/mcsema-testing/llvm-test-suite/MultiSource/Benchmarks/Bullet -I/home/ed/mcsema-testing/llvm-test-suite/include -I../../..//include -D_GNU_SOURCE -D__STDC_LIMIT_MACROS -DNDEBUG  -O3  -m64 -fomit-frame-pointer -c /home/ed/mcsema-testing/llvm-test-suite/MultiSource/Benchmarks/Bullet/btGeneric6DofSpringConstraint.cpp -o Output/btGeneric6DofSpringConstraint.llvm.o
/home/ed/mcsema-testing/llvm-test-suite/RunSafely.sh --show-errors -t "/home/ed/mcsema-testing/SANDBOX/test-2015-12-21_15-36-50/tools/timeit" 1500 /dev/null Output/btGenericPoolAllocator.llvm.o.compile \
	  /usr/bin/clang++ -I/home/ed/mcsema-testing/llvm-test-suite/MultiSource/Benchmarks/Bullet/include -DNO_TIME -I/home/ed/mcsema-testing/SANDBOX/test-2015-12-21_15-36-50/MultiSource/Benchmarks/Bullet -I/home/ed/mcsema-testing/llvm-test-suite/MultiSource/Benchmarks/Bullet -I/home/ed/mcsema-testing/llvm-test-suite/include -I../../..//include -D_GNU_SOURCE -D__STDC_LIMIT_MACROS -DNDEBUG  -O3  -m64 -fomit-frame-pointer -c /home/ed/mcsema-testing/llvm-test-suite/MultiSource/Benchmarks/Bullet/btGenericPoolAllocator.cpp -o Output/btGenericPoolAllocator.llvm.o
/home/ed/mcsema-testing/llvm-test-suite/RunSafely.sh --show-errors -t "/home/ed/mcsema-testing/SANDBOX/test-2015-12-21_15-36-50/tools/timeit" 1500 /dev/null Output/btGeometryUtil.llvm.o.compile \
	  /usr/bin/clang++ -I/home/ed/mcsema-testing/llvm-test-suite/MultiSource/Benchmarks/Bullet/include -DNO_TIME -I/home/ed/mcsema-testing/SANDBOX/test-2015-12-21_15-36-50/MultiSource/Benchmarks/Bullet -I/home/ed/mcsema-testing/llvm-test-suite/MultiSource/Benchmarks/Bullet -I/home/ed/mcsema-testing/llvm-test-suite/include -I../../..//include -D_GNU_SOURCE -D__STDC_LIMIT_MACROS -DNDEBUG  -O3  -m64 -fomit-frame-pointer -c /home/ed/mcsema-testing/llvm-test-suite/MultiSource/Benchmarks/Bullet/btGeometryUtil.cpp -o Output/btGeometryUtil.llvm.o
/home/ed/mcsema-testing/llvm-test-suite/RunSafely.sh --show-errors -t "/home/ed/mcsema-testing/SANDBOX/test-2015-12-21_15-36-50/tools/timeit" 1500 /dev/null Output/btGhostObject.llvm.o.compile \
	  /usr/bin/clang++ -I/home/ed/mcsema-testing/llvm-test-suite/MultiSource/Benchmarks/Bullet/include -DNO_TIME -I/home/ed/mcsema-testing/SANDBOX/test-2015-12-21_15-36-50/MultiSource/Benchmarks/Bullet -I/home/ed/mcsema-testing/llvm-test-suite/MultiSource/Benchmarks/Bullet -I/home/ed/mcsema-testing/llvm-test-suite/include -I../../..//include -D_GNU_SOURCE -D__STDC_LIMIT_MACROS -DNDEBUG  -O3  -m64 -fomit-frame-pointer -c /home/ed/mcsema-testing/llvm-test-suite/MultiSource/Benchmarks/Bullet/btGhostObject.cpp -o Output/btGhostObject.llvm.o
/home/ed/mcsema-testing/llvm-test-suite/RunSafely.sh --show-errors -t "/home/ed/mcsema-testing/SANDBOX/test-2015-12-21_15-36-50/tools/timeit" 1500 /dev/null Output/btGjkConvexCast.llvm.o.compile \
	  /usr/bin/clang++ -I/home/ed/mcsema-testing/llvm-test-suite/MultiSource/Benchmarks/Bullet/include -DNO_TIME -I/home/ed/mcsema-testing/SANDBOX/test-2015-12-21_15-36-50/MultiSource/Benchmarks/Bullet -I/home/ed/mcsema-testing/llvm-test-suite/MultiSource/Benchmarks/Bullet -I/home/ed/mcsema-testing/llvm-test-suite/include -I../../..//include -D_GNU_SOURCE -D__STDC_LIMIT_MACROS -DNDEBUG  -O3  -m64 -fomit-frame-pointer -c /home/ed/mcsema-testing/llvm-test-suite/MultiSource/Benchmarks/Bullet/btGjkConvexCast.cpp -o Output/btGjkConvexCast.llvm.o
/home/ed/mcsema-testing/llvm-test-suite/RunSafely.sh --show-errors -t "/home/ed/mcsema-testing/SANDBOX/test-2015-12-21_15-36-50/tools/timeit" 1500 /dev/null Output/btGjkEpa2.llvm.o.compile \
	  /usr/bin/clang++ -I/home/ed/mcsema-testing/llvm-test-suite/MultiSource/Benchmarks/Bullet/include -DNO_TIME -I/home/ed/mcsema-testing/SANDBOX/test-2015-12-21_15-36-50/MultiSource/Benchmarks/Bullet -I/home/ed/mcsema-testing/llvm-test-suite/MultiSource/Benchmarks/Bullet -I/home/ed/mcsema-testing/llvm-test-suite/include -I../../..//include -D_GNU_SOURCE -D__STDC_LIMIT_MACROS -DNDEBUG  -O3  -m64 -fomit-frame-pointer -c /home/ed/mcsema-testing/llvm-test-suite/MultiSource/Benchmarks/Bullet/btGjkEpa2.cpp -o Output/btGjkEpa2.llvm.o
/home/ed/mcsema-testing/llvm-test-suite/RunSafely.sh --show-errors -t "/home/ed/mcsema-testing/SANDBOX/test-2015-12-21_15-36-50/tools/timeit" 1500 /dev/null Output/btGjkEpaPenetrationDepthSolver.llvm.o.compile \
	  /usr/bin/clang++ -I/home/ed/mcsema-testing/llvm-test-suite/MultiSource/Benchmarks/Bullet/include -DNO_TIME -I/home/ed/mcsema-testing/SANDBOX/test-2015-12-21_15-36-50/MultiSource/Benchmarks/Bullet -I/home/ed/mcsema-testing/llvm-test-suite/MultiSource/Benchmarks/Bullet -I/home/ed/mcsema-testing/llvm-test-suite/include -I../../..//include -D_GNU_SOURCE -D__STDC_LIMIT_MACROS -DNDEBUG  -O3  -m64 -fomit-frame-pointer -c /home/ed/mcsema-testing/llvm-test-suite/MultiSource/Benchmarks/Bullet/btGjkEpaPenetrationDepthSolver.cpp -o Output/btGjkEpaPenetrationDepthSolver.llvm.o
/home/ed/mcsema-testing/llvm-test-suite/RunSafely.sh --show-errors -t "/home/ed/mcsema-testing/SANDBOX/test-2015-12-21_15-36-50/tools/timeit" 1500 /dev/null Output/btGjkPairDetector.llvm.o.compile \
	  /usr/bin/clang++ -I/home/ed/mcsema-testing/llvm-test-suite/MultiSource/Benchmarks/Bullet/include -DNO_TIME -I/home/ed/mcsema-testing/SANDBOX/test-2015-12-21_15-36-50/MultiSource/Benchmarks/Bullet -I/home/ed/mcsema-testing/llvm-test-suite/MultiSource/Benchmarks/Bullet -I/home/ed/mcsema-testing/llvm-test-suite/include -I../../..//include -D_GNU_SOURCE -D__STDC_LIMIT_MACROS -DNDEBUG  -O3  -m64 -fomit-frame-pointer -c /home/ed/mcsema-testing/llvm-test-suite/MultiSource/Benchmarks/Bullet/btGjkPairDetector.cpp -o Output/btGjkPairDetector.llvm.o
/home/ed/mcsema-testing/llvm-test-suite/RunSafely.sh --show-errors -t "/home/ed/mcsema-testing/SANDBOX/test-2015-12-21_15-36-50/tools/timeit" 1500 /dev/null Output/btHeightfieldTerrainShape.llvm.o.compile \
	  /usr/bin/clang++ -I/home/ed/mcsema-testing/llvm-test-suite/MultiSource/Benchmarks/Bullet/include -DNO_TIME -I/home/ed/mcsema-testing/SANDBOX/test-2015-12-21_15-36-50/MultiSource/Benchmarks/Bullet -I/home/ed/mcsema-testing/llvm-test-suite/MultiSource/Benchmarks/Bullet -I/home/ed/mcsema-testing/llvm-test-suite/include -I../../..//include -D_GNU_SOURCE -D__STDC_LIMIT_MACROS -DNDEBUG  -O3  -m64 -fomit-frame-pointer -c /home/ed/mcsema-testing/llvm-test-suite/MultiSource/Benchmarks/Bullet/btHeightfieldTerrainShape.cpp -o Output/btHeightfieldTerrainShape.llvm.o
/home/ed/mcsema-testing/llvm-test-suite/RunSafely.sh --show-errors -t "/home/ed/mcsema-testing/SANDBOX/test-2015-12-21_15-36-50/tools/timeit" 1500 /dev/null Output/btHinge2Constraint.llvm.o.compile \
	  /usr/bin/clang++ -I/home/ed/mcsema-testing/llvm-test-suite/MultiSource/Benchmarks/Bullet/include -DNO_TIME -I/home/ed/mcsema-testing/SANDBOX/test-2015-12-21_15-36-50/MultiSource/Benchmarks/Bullet -I/home/ed/mcsema-testing/llvm-test-suite/MultiSource/Benchmarks/Bullet -I/home/ed/mcsema-testing/llvm-test-suite/include -I../../..//include -D_GNU_SOURCE -D__STDC_LIMIT_MACROS -DNDEBUG  -O3  -m64 -fomit-frame-pointer -c /home/ed/mcsema-testing/llvm-test-suite/MultiSource/Benchmarks/Bullet/btHinge2Constraint.cpp -o Output/btHinge2Constraint.llvm.o
/home/ed/mcsema-testing/llvm-test-suite/RunSafely.sh --show-errors -t "/home/ed/mcsema-testing/SANDBOX/test-2015-12-21_15-36-50/tools/timeit" 1500 /dev/null Output/btHingeConstraint.llvm.o.compile \
	  /usr/bin/clang++ -I/home/ed/mcsema-testing/llvm-test-suite/MultiSource/Benchmarks/Bullet/include -DNO_TIME -I/home/ed/mcsema-testing/SANDBOX/test-2015-12-21_15-36-50/MultiSource/Benchmarks/Bullet -I/home/ed/mcsema-testing/llvm-test-suite/MultiSource/Benchmarks/Bullet -I/home/ed/mcsema-testing/llvm-test-suite/include -I../../..//include -D_GNU_SOURCE -D__STDC_LIMIT_MACROS -DNDEBUG  -O3  -m64 -fomit-frame-pointer -c /home/ed/mcsema-testing/llvm-test-suite/MultiSource/Benchmarks/Bullet/btHingeConstraint.cpp -o Output/btHingeConstraint.llvm.o
/home/ed/mcsema-testing/llvm-test-suite/RunSafely.sh --show-errors -t "/home/ed/mcsema-testing/SANDBOX/test-2015-12-21_15-36-50/tools/timeit" 1500 /dev/null Output/btKinematicCharacterController.llvm.o.compile \
	  /usr/bin/clang++ -I/home/ed/mcsema-testing/llvm-test-suite/MultiSource/Benchmarks/Bullet/include -DNO_TIME -I/home/ed/mcsema-testing/SANDBOX/test-2015-12-21_15-36-50/MultiSource/Benchmarks/Bullet -I/home/ed/mcsema-testing/llvm-test-suite/MultiSource/Benchmarks/Bullet -I/home/ed/mcsema-testing/llvm-test-suite/include -I../../..//include -D_GNU_SOURCE -D__STDC_LIMIT_MACROS -DNDEBUG  -O3  -m64 -fomit-frame-pointer -c /home/ed/mcsema-testing/llvm-test-suite/MultiSource/Benchmarks/Bullet/btKinematicCharacterController.cpp -o Output/btKinematicCharacterController.llvm.o
/home/ed/mcsema-testing/llvm-test-suite/RunSafely.sh --show-errors -t "/home/ed/mcsema-testing/SANDBOX/test-2015-12-21_15-36-50/tools/timeit" 1500 /dev/null Output/btManifoldResult.llvm.o.compile \
	  /usr/bin/clang++ -I/home/ed/mcsema-testing/llvm-test-suite/MultiSource/Benchmarks/Bullet/include -DNO_TIME -I/home/ed/mcsema-testing/SANDBOX/test-2015-12-21_15-36-50/MultiSource/Benchmarks/Bullet -I/home/ed/mcsema-testing/llvm-test-suite/MultiSource/Benchmarks/Bullet -I/home/ed/mcsema-testing/llvm-test-suite/include -I../../..//include -D_GNU_SOURCE -D__STDC_LIMIT_MACROS -DNDEBUG  -O3  -m64 -fomit-frame-pointer -c /home/ed/mcsema-testing/llvm-test-suite/MultiSource/Benchmarks/Bullet/btManifoldResult.cpp -o Output/btManifoldResult.llvm.o
/home/ed/mcsema-testing/llvm-test-suite/RunSafely.sh --show-errors -t "/home/ed/mcsema-testing/SANDBOX/test-2015-12-21_15-36-50/tools/timeit" 1500 /dev/null Output/btMinkowskiPenetrationDepthSolver.llvm.o.compile \
	  /usr/bin/clang++ -I/home/ed/mcsema-testing/llvm-test-suite/MultiSource/Benchmarks/Bullet/include -DNO_TIME -I/home/ed/mcsema-testing/SANDBOX/test-2015-12-21_15-36-50/MultiSource/Benchmarks/Bullet -I/home/ed/mcsema-testing/llvm-test-suite/MultiSource/Benchmarks/Bullet -I/home/ed/mcsema-testing/llvm-test-suite/include -I../../..//include -D_GNU_SOURCE -D__STDC_LIMIT_MACROS -DNDEBUG  -O3  -m64 -fomit-frame-pointer -c /home/ed/mcsema-testing/llvm-test-suite/MultiSource/Benchmarks/Bullet/btMinkowskiPenetrationDepthSolver.cpp -o Output/btMinkowskiPenetrationDepthSolver.llvm.o
/home/ed/mcsema-testing/llvm-test-suite/RunSafely.sh --show-errors -t "/home/ed/mcsema-testing/SANDBOX/test-2015-12-21_15-36-50/tools/timeit" 1500 /dev/null Output/btMinkowskiSumShape.llvm.o.compile \
	  /usr/bin/clang++ -I/home/ed/mcsema-testing/llvm-test-suite/MultiSource/Benchmarks/Bullet/include -DNO_TIME -I/home/ed/mcsema-testing/SANDBOX/test-2015-12-21_15-36-50/MultiSource/Benchmarks/Bullet -I/home/ed/mcsema-testing/llvm-test-suite/MultiSource/Benchmarks/Bullet -I/home/ed/mcsema-testing/llvm-test-suite/include -I../../..//include -D_GNU_SOURCE -D__STDC_LIMIT_MACROS -DNDEBUG  -O3  -m64 -fomit-frame-pointer -c /home/ed/mcsema-testing/llvm-test-suite/MultiSource/Benchmarks/Bullet/btMinkowskiSumShape.cpp -o Output/btMinkowskiSumShape.llvm.o
/home/ed/mcsema-testing/llvm-test-suite/RunSafely.sh --show-errors -t "/home/ed/mcsema-testing/SANDBOX/test-2015-12-21_15-36-50/tools/timeit" 1500 /dev/null Output/btMultiSapBroadphase.llvm.o.compile \
	  /usr/bin/clang++ -I/home/ed/mcsema-testing/llvm-test-suite/MultiSource/Benchmarks/Bullet/include -DNO_TIME -I/home/ed/mcsema-testing/SANDBOX/test-2015-12-21_15-36-50/MultiSource/Benchmarks/Bullet -I/home/ed/mcsema-testing/llvm-test-suite/MultiSource/Benchmarks/Bullet -I/home/ed/mcsema-testing/llvm-test-suite/include -I../../..//include -D_GNU_SOURCE -D__STDC_LIMIT_MACROS -DNDEBUG  -O3  -m64 -fomit-frame-pointer -c /home/ed/mcsema-testing/llvm-test-suite/MultiSource/Benchmarks/Bullet/btMultiSapBroadphase.cpp -o Output/btMultiSapBroadphase.llvm.o
/home/ed/mcsema-testing/llvm-test-suite/RunSafely.sh --show-errors -t "/home/ed/mcsema-testing/SANDBOX/test-2015-12-21_15-36-50/tools/timeit" 1500 /dev/null Output/btMultiSphereShape.llvm.o.compile \
	  /usr/bin/clang++ -I/home/ed/mcsema-testing/llvm-test-suite/MultiSource/Benchmarks/Bullet/include -DNO_TIME -I/home/ed/mcsema-testing/SANDBOX/test-2015-12-21_15-36-50/MultiSource/Benchmarks/Bullet -I/home/ed/mcsema-testing/llvm-test-suite/MultiSource/Benchmarks/Bullet -I/home/ed/mcsema-testing/llvm-test-suite/include -I../../..//include -D_GNU_SOURCE -D__STDC_LIMIT_MACROS -DNDEBUG  -O3  -m64 -fomit-frame-pointer -c /home/ed/mcsema-testing/llvm-test-suite/MultiSource/Benchmarks/Bullet/btMultiSphereShape.cpp -o Output/btMultiSphereShape.llvm.o
/home/ed/mcsema-testing/llvm-test-suite/RunSafely.sh --show-errors -t "/home/ed/mcsema-testing/SANDBOX/test-2015-12-21_15-36-50/tools/timeit" 1500 /dev/null Output/btMultimaterialTriangleMeshShape.llvm.o.compile \
	  /usr/bin/clang++ -I/home/ed/mcsema-testing/llvm-test-suite/MultiSource/Benchmarks/Bullet/include -DNO_TIME -I/home/ed/mcsema-testing/SANDBOX/test-2015-12-21_15-36-50/MultiSource/Benchmarks/Bullet -I/home/ed/mcsema-testing/llvm-test-suite/MultiSource/Benchmarks/Bullet -I/home/ed/mcsema-testing/llvm-test-suite/include -I../../..//include -D_GNU_SOURCE -D__STDC_LIMIT_MACROS -DNDEBUG  -O3  -m64 -fomit-frame-pointer -c /home/ed/mcsema-testing/llvm-test-suite/MultiSource/Benchmarks/Bullet/btMultimaterialTriangleMeshShape.cpp -o Output/btMultimaterialTriangleMeshShape.llvm.o
/home/ed/mcsema-testing/llvm-test-suite/RunSafely.sh --show-errors -t "/home/ed/mcsema-testing/SANDBOX/test-2015-12-21_15-36-50/tools/timeit" 1500 /dev/null Output/btOptimizedBvh.llvm.o.compile \
	  /usr/bin/clang++ -I/home/ed/mcsema-testing/llvm-test-suite/MultiSource/Benchmarks/Bullet/include -DNO_TIME -I/home/ed/mcsema-testing/SANDBOX/test-2015-12-21_15-36-50/MultiSource/Benchmarks/Bullet -I/home/ed/mcsema-testing/llvm-test-suite/MultiSource/Benchmarks/Bullet -I/home/ed/mcsema-testing/llvm-test-suite/include -I../../..//include -D_GNU_SOURCE -D__STDC_LIMIT_MACROS -DNDEBUG  -O3  -m64 -fomit-frame-pointer -c /home/ed/mcsema-testing/llvm-test-suite/MultiSource/Benchmarks/Bullet/btOptimizedBvh.cpp -o Output/btOptimizedBvh.llvm.o
/home/ed/mcsema-testing/llvm-test-suite/RunSafely.sh --show-errors -t "/home/ed/mcsema-testing/SANDBOX/test-2015-12-21_15-36-50/tools/timeit" 1500 /dev/null Output/btOverlappingPairCache.llvm.o.compile \
	  /usr/bin/clang++ -I/home/ed/mcsema-testing/llvm-test-suite/MultiSource/Benchmarks/Bullet/include -DNO_TIME -I/home/ed/mcsema-testing/SANDBOX/test-2015-12-21_15-36-50/MultiSource/Benchmarks/Bullet -I/home/ed/mcsema-testing/llvm-test-suite/MultiSource/Benchmarks/Bullet -I/home/ed/mcsema-testing/llvm-test-suite/include -I../../..//include -D_GNU_SOURCE -D__STDC_LIMIT_MACROS -DNDEBUG  -O3  -m64 -fomit-frame-pointer -c /home/ed/mcsema-testing/llvm-test-suite/MultiSource/Benchmarks/Bullet/btOverlappingPairCache.cpp -o Output/btOverlappingPairCache.llvm.o
/home/ed/mcsema-testing/llvm-test-suite/RunSafely.sh --show-errors -t "/home/ed/mcsema-testing/SANDBOX/test-2015-12-21_15-36-50/tools/timeit" 1500 /dev/null Output/btPersistentManifold.llvm.o.compile \
	  /usr/bin/clang++ -I/home/ed/mcsema-testing/llvm-test-suite/MultiSource/Benchmarks/Bullet/include -DNO_TIME -I/home/ed/mcsema-testing/SANDBOX/test-2015-12-21_15-36-50/MultiSource/Benchmarks/Bullet -I/home/ed/mcsema-testing/llvm-test-suite/MultiSource/Benchmarks/Bullet -I/home/ed/mcsema-testing/llvm-test-suite/include -I../../..//include -D_GNU_SOURCE -D__STDC_LIMIT_MACROS -DNDEBUG  -O3  -m64 -fomit-frame-pointer -c /home/ed/mcsema-testing/llvm-test-suite/MultiSource/Benchmarks/Bullet/btPersistentManifold.cpp -o Output/btPersistentManifold.llvm.o
/home/ed/mcsema-testing/llvm-test-suite/RunSafely.sh --show-errors -t "/home/ed/mcsema-testing/SANDBOX/test-2015-12-21_15-36-50/tools/timeit" 1500 /dev/null Output/btPoint2PointConstraint.llvm.o.compile \
	  /usr/bin/clang++ -I/home/ed/mcsema-testing/llvm-test-suite/MultiSource/Benchmarks/Bullet/include -DNO_TIME -I/home/ed/mcsema-testing/SANDBOX/test-2015-12-21_15-36-50/MultiSource/Benchmarks/Bullet -I/home/ed/mcsema-testing/llvm-test-suite/MultiSource/Benchmarks/Bullet -I/home/ed/mcsema-testing/llvm-test-suite/include -I../../..//include -D_GNU_SOURCE -D__STDC_LIMIT_MACROS -DNDEBUG  -O3  -m64 -fomit-frame-pointer -c /home/ed/mcsema-testing/llvm-test-suite/MultiSource/Benchmarks/Bullet/btPoint2PointConstraint.cpp -o Output/btPoint2PointConstraint.llvm.o
/home/ed/mcsema-testing/llvm-test-suite/RunSafely.sh --show-errors -t "/home/ed/mcsema-testing/SANDBOX/test-2015-12-21_15-36-50/tools/timeit" 1500 /dev/null Output/btPolyhedralConvexShape.llvm.o.compile \
	  /usr/bin/clang++ -I/home/ed/mcsema-testing/llvm-test-suite/MultiSource/Benchmarks/Bullet/include -DNO_TIME -I/home/ed/mcsema-testing/SANDBOX/test-2015-12-21_15-36-50/MultiSource/Benchmarks/Bullet -I/home/ed/mcsema-testing/llvm-test-suite/MultiSource/Benchmarks/Bullet -I/home/ed/mcsema-testing/llvm-test-suite/include -I../../..//include -D_GNU_SOURCE -D__STDC_LIMIT_MACROS -DNDEBUG  -O3  -m64 -fomit-frame-pointer -c /home/ed/mcsema-testing/llvm-test-suite/MultiSource/Benchmarks/Bullet/btPolyhedralConvexShape.cpp -o Output/btPolyhedralConvexShape.llvm.o
/home/ed/mcsema-testing/llvm-test-suite/RunSafely.sh --show-errors -t "/home/ed/mcsema-testing/SANDBOX/test-2015-12-21_15-36-50/tools/timeit" 1500 /dev/null Output/btQuantizedBvh.llvm.o.compile \
	  /usr/bin/clang++ -I/home/ed/mcsema-testing/llvm-test-suite/MultiSource/Benchmarks/Bullet/include -DNO_TIME -I/home/ed/mcsema-testing/SANDBOX/test-2015-12-21_15-36-50/MultiSource/Benchmarks/Bullet -I/home/ed/mcsema-testing/llvm-test-suite/MultiSource/Benchmarks/Bullet -I/home/ed/mcsema-testing/llvm-test-suite/include -I../../..//include -D_GNU_SOURCE -D__STDC_LIMIT_MACROS -DNDEBUG  -O3  -m64 -fomit-frame-pointer -c /home/ed/mcsema-testing/llvm-test-suite/MultiSource/Benchmarks/Bullet/btQuantizedBvh.cpp -o Output/btQuantizedBvh.llvm.o
/home/ed/mcsema-testing/llvm-test-suite/RunSafely.sh --show-errors -t "/home/ed/mcsema-testing/SANDBOX/test-2015-12-21_15-36-50/tools/timeit" 1500 /dev/null Output/btQuickprof.llvm.o.compile \
	  /usr/bin/clang++ -I/home/ed/mcsema-testing/llvm-test-suite/MultiSource/Benchmarks/Bullet/include -DNO_TIME -I/home/ed/mcsema-testing/SANDBOX/test-2015-12-21_15-36-50/MultiSource/Benchmarks/Bullet -I/home/ed/mcsema-testing/llvm-test-suite/MultiSource/Benchmarks/Bullet -I/home/ed/mcsema-testing/llvm-test-suite/include -I../../..//include -D_GNU_SOURCE -D__STDC_LIMIT_MACROS -DNDEBUG  -O3  -m64 -fomit-frame-pointer -c /home/ed/mcsema-testing/llvm-test-suite/MultiSource/Benchmarks/Bullet/btQuickprof.cpp -o Output/btQuickprof.llvm.o
/home/ed/mcsema-testing/llvm-test-suite/RunSafely.sh --show-errors -t "/home/ed/mcsema-testing/SANDBOX/test-2015-12-21_15-36-50/tools/timeit" 1500 /dev/null Output/btRaycastCallback.llvm.o.compile \
	  /usr/bin/clang++ -I/home/ed/mcsema-testing/llvm-test-suite/MultiSource/Benchmarks/Bullet/include -DNO_TIME -I/home/ed/mcsema-testing/SANDBOX/test-2015-12-21_15-36-50/MultiSource/Benchmarks/Bullet -I/home/ed/mcsema-testing/llvm-test-suite/MultiSource/Benchmarks/Bullet -I/home/ed/mcsema-testing/llvm-test-suite/include -I../../..//include -D_GNU_SOURCE -D__STDC_LIMIT_MACROS -DNDEBUG  -O3  -m64 -fomit-frame-pointer -c /home/ed/mcsema-testing/llvm-test-suite/MultiSource/Benchmarks/Bullet/btRaycastCallback.cpp -o Output/btRaycastCallback.llvm.o
/home/ed/mcsema-testing/llvm-test-suite/RunSafely.sh --show-errors -t "/home/ed/mcsema-testing/SANDBOX/test-2015-12-21_15-36-50/tools/timeit" 1500 /dev/null Output/btRaycastVehicle.llvm.o.compile \
	  /usr/bin/clang++ -I/home/ed/mcsema-testing/llvm-test-suite/MultiSource/Benchmarks/Bullet/include -DNO_TIME -I/home/ed/mcsema-testing/SANDBOX/test-2015-12-21_15-36-50/MultiSource/Benchmarks/Bullet -I/home/ed/mcsema-testing/llvm-test-suite/MultiSource/Benchmarks/Bullet -I/home/ed/mcsema-testing/llvm-test-suite/include -I../../..//include -D_GNU_SOURCE -D__STDC_LIMIT_MACROS -DNDEBUG  -O3  -m64 -fomit-frame-pointer -c /home/ed/mcsema-testing/llvm-test-suite/MultiSource/Benchmarks/Bullet/btRaycastVehicle.cpp -o Output/btRaycastVehicle.llvm.o
/home/ed/mcsema-testing/llvm-test-suite/RunSafely.sh --show-errors -t "/home/ed/mcsema-testing/SANDBOX/test-2015-12-21_15-36-50/tools/timeit" 1500 /dev/null Output/btRigidBody.llvm.o.compile \
	  /usr/bin/clang++ -I/home/ed/mcsema-testing/llvm-test-suite/MultiSource/Benchmarks/Bullet/include -DNO_TIME -I/home/ed/mcsema-testing/SANDBOX/test-2015-12-21_15-36-50/MultiSource/Benchmarks/Bullet -I/home/ed/mcsema-testing/llvm-test-suite/MultiSource/Benchmarks/Bullet -I/home/ed/mcsema-testing/llvm-test-suite/include -I../../..//include -D_GNU_SOURCE -D__STDC_LIMIT_MACROS -DNDEBUG  -O3  -m64 -fomit-frame-pointer -c /home/ed/mcsema-testing/llvm-test-suite/MultiSource/Benchmarks/Bullet/btRigidBody.cpp -o Output/btRigidBody.llvm.o
/home/ed/mcsema-testing/llvm-test-suite/RunSafely.sh --show-errors -t "/home/ed/mcsema-testing/SANDBOX/test-2015-12-21_15-36-50/tools/timeit" 1500 /dev/null Output/btScaledBvhTriangleMeshShape.llvm.o.compile \
	  /usr/bin/clang++ -I/home/ed/mcsema-testing/llvm-test-suite/MultiSource/Benchmarks/Bullet/include -DNO_TIME -I/home/ed/mcsema-testing/SANDBOX/test-2015-12-21_15-36-50/MultiSource/Benchmarks/Bullet -I/home/ed/mcsema-testing/llvm-test-suite/MultiSource/Benchmarks/Bullet -I/home/ed/mcsema-testing/llvm-test-suite/include -I../../..//include -D_GNU_SOURCE -D__STDC_LIMIT_MACROS -DNDEBUG  -O3  -m64 -fomit-frame-pointer -c /home/ed/mcsema-testing/llvm-test-suite/MultiSource/Benchmarks/Bullet/btScaledBvhTriangleMeshShape.cpp -o Output/btScaledBvhTriangleMeshShape.llvm.o
/home/ed/mcsema-testing/llvm-test-suite/RunSafely.sh --show-errors -t "/home/ed/mcsema-testing/SANDBOX/test-2015-12-21_15-36-50/tools/timeit" 1500 /dev/null Output/btSequentialImpulseConstraintSolver.llvm.o.compile \
	  /usr/bin/clang++ -I/home/ed/mcsema-testing/llvm-test-suite/MultiSource/Benchmarks/Bullet/include -DNO_TIME -I/home/ed/mcsema-testing/SANDBOX/test-2015-12-21_15-36-50/MultiSource/Benchmarks/Bullet -I/home/ed/mcsema-testing/llvm-test-suite/MultiSource/Benchmarks/Bullet -I/home/ed/mcsema-testing/llvm-test-suite/include -I../../..//include -D_GNU_SOURCE -D__STDC_LIMIT_MACROS -DNDEBUG  -O3  -m64 -fomit-frame-pointer -c /home/ed/mcsema-testing/llvm-test-suite/MultiSource/Benchmarks/Bullet/btSequentialImpulseConstraintSolver.cpp -o Output/btSequentialImpulseConstraintSolver.llvm.o
/home/ed/mcsema-testing/llvm-test-suite/RunSafely.sh --show-errors -t "/home/ed/mcsema-testing/SANDBOX/test-2015-12-21_15-36-50/tools/timeit" 1500 /dev/null Output/btShapeHull.llvm.o.compile \
	  /usr/bin/clang++ -I/home/ed/mcsema-testing/llvm-test-suite/MultiSource/Benchmarks/Bullet/include -DNO_TIME -I/home/ed/mcsema-testing/SANDBOX/test-2015-12-21_15-36-50/MultiSource/Benchmarks/Bullet -I/home/ed/mcsema-testing/llvm-test-suite/MultiSource/Benchmarks/Bullet -I/home/ed/mcsema-testing/llvm-test-suite/include -I../../..//include -D_GNU_SOURCE -D__STDC_LIMIT_MACROS -DNDEBUG  -O3  -m64 -fomit-frame-pointer -c /home/ed/mcsema-testing/llvm-test-suite/MultiSource/Benchmarks/Bullet/btShapeHull.cpp -o Output/btShapeHull.llvm.o
/home/ed/mcsema-testing/llvm-test-suite/RunSafely.sh --show-errors -t "/home/ed/mcsema-testing/SANDBOX/test-2015-12-21_15-36-50/tools/timeit" 1500 /dev/null Output/btSimpleBroadphase.llvm.o.compile \
	  /usr/bin/clang++ -I/home/ed/mcsema-testing/llvm-test-suite/MultiSource/Benchmarks/Bullet/include -DNO_TIME -I/home/ed/mcsema-testing/SANDBOX/test-2015-12-21_15-36-50/MultiSource/Benchmarks/Bullet -I/home/ed/mcsema-testing/llvm-test-suite/MultiSource/Benchmarks/Bullet -I/home/ed/mcsema-testing/llvm-test-suite/include -I../../..//include -D_GNU_SOURCE -D__STDC_LIMIT_MACROS -DNDEBUG  -O3  -m64 -fomit-frame-pointer -c /home/ed/mcsema-testing/llvm-test-suite/MultiSource/Benchmarks/Bullet/btSimpleBroadphase.cpp -o Output/btSimpleBroadphase.llvm.o
/home/ed/mcsema-testing/llvm-test-suite/RunSafely.sh --show-errors -t "/home/ed/mcsema-testing/SANDBOX/test-2015-12-21_15-36-50/tools/timeit" 1500 /dev/null Output/btSimpleDynamicsWorld.llvm.o.compile \
	  /usr/bin/clang++ -I/home/ed/mcsema-testing/llvm-test-suite/MultiSource/Benchmarks/Bullet/include -DNO_TIME -I/home/ed/mcsema-testing/SANDBOX/test-2015-12-21_15-36-50/MultiSource/Benchmarks/Bullet -I/home/ed/mcsema-testing/llvm-test-suite/MultiSource/Benchmarks/Bullet -I/home/ed/mcsema-testing/llvm-test-suite/include -I../../..//include -D_GNU_SOURCE -D__STDC_LIMIT_MACROS -DNDEBUG  -O3  -m64 -fomit-frame-pointer -c /home/ed/mcsema-testing/llvm-test-suite/MultiSource/Benchmarks/Bullet/btSimpleDynamicsWorld.cpp -o Output/btSimpleDynamicsWorld.llvm.o
/home/ed/mcsema-testing/llvm-test-suite/RunSafely.sh --show-errors -t "/home/ed/mcsema-testing/SANDBOX/test-2015-12-21_15-36-50/tools/timeit" 1500 /dev/null Output/btSimulationIslandManager.llvm.o.compile \
	  /usr/bin/clang++ -I/home/ed/mcsema-testing/llvm-test-suite/MultiSource/Benchmarks/Bullet/include -DNO_TIME -I/home/ed/mcsema-testing/SANDBOX/test-2015-12-21_15-36-50/MultiSource/Benchmarks/Bullet -I/home/ed/mcsema-testing/llvm-test-suite/MultiSource/Benchmarks/Bullet -I/home/ed/mcsema-testing/llvm-test-suite/include -I../../..//include -D_GNU_SOURCE -D__STDC_LIMIT_MACROS -DNDEBUG  -O3  -m64 -fomit-frame-pointer -c /home/ed/mcsema-testing/llvm-test-suite/MultiSource/Benchmarks/Bullet/btSimulationIslandManager.cpp -o Output/btSimulationIslandManager.llvm.o
/home/ed/mcsema-testing/llvm-test-suite/RunSafely.sh --show-errors -t "/home/ed/mcsema-testing/SANDBOX/test-2015-12-21_15-36-50/tools/timeit" 1500 /dev/null Output/btSliderConstraint.llvm.o.compile \
	  /usr/bin/clang++ -I/home/ed/mcsema-testing/llvm-test-suite/MultiSource/Benchmarks/Bullet/include -DNO_TIME -I/home/ed/mcsema-testing/SANDBOX/test-2015-12-21_15-36-50/MultiSource/Benchmarks/Bullet -I/home/ed/mcsema-testing/llvm-test-suite/MultiSource/Benchmarks/Bullet -I/home/ed/mcsema-testing/llvm-test-suite/include -I../../..//include -D_GNU_SOURCE -D__STDC_LIMIT_MACROS -DNDEBUG  -O3  -m64 -fomit-frame-pointer -c /home/ed/mcsema-testing/llvm-test-suite/MultiSource/Benchmarks/Bullet/btSliderConstraint.cpp -o Output/btSliderConstraint.llvm.o
/home/ed/mcsema-testing/llvm-test-suite/RunSafely.sh --show-errors -t "/home/ed/mcsema-testing/SANDBOX/test-2015-12-21_15-36-50/tools/timeit" 1500 /dev/null Output/btSoftBody.llvm.o.compile \
	  /usr/bin/clang++ -I/home/ed/mcsema-testing/llvm-test-suite/MultiSource/Benchmarks/Bullet/include -DNO_TIME -I/home/ed/mcsema-testing/SANDBOX/test-2015-12-21_15-36-50/MultiSource/Benchmarks/Bullet -I/home/ed/mcsema-testing/llvm-test-suite/MultiSource/Benchmarks/Bullet -I/home/ed/mcsema-testing/llvm-test-suite/include -I../../..//include -D_GNU_SOURCE -D__STDC_LIMIT_MACROS -DNDEBUG  -O3  -m64 -fomit-frame-pointer -c /home/ed/mcsema-testing/llvm-test-suite/MultiSource/Benchmarks/Bullet/btSoftBody.cpp -o Output/btSoftBody.llvm.o
/home/ed/mcsema-testing/llvm-test-suite/RunSafely.sh --show-errors -t "/home/ed/mcsema-testing/SANDBOX/test-2015-12-21_15-36-50/tools/timeit" 1500 /dev/null Output/btSoftBodyConcaveCollisionAlgorithm.llvm.o.compile \
	  /usr/bin/clang++ -I/home/ed/mcsema-testing/llvm-test-suite/MultiSource/Benchmarks/Bullet/include -DNO_TIME -I/home/ed/mcsema-testing/SANDBOX/test-2015-12-21_15-36-50/MultiSource/Benchmarks/Bullet -I/home/ed/mcsema-testing/llvm-test-suite/MultiSource/Benchmarks/Bullet -I/home/ed/mcsema-testing/llvm-test-suite/include -I../../..//include -D_GNU_SOURCE -D__STDC_LIMIT_MACROS -DNDEBUG  -O3  -m64 -fomit-frame-pointer -c /home/ed/mcsema-testing/llvm-test-suite/MultiSource/Benchmarks/Bullet/btSoftBodyConcaveCollisionAlgorithm.cpp -o Output/btSoftBodyConcaveCollisionAlgorithm.llvm.o
/home/ed/mcsema-testing/llvm-test-suite/RunSafely.sh --show-errors -t "/home/ed/mcsema-testing/SANDBOX/test-2015-12-21_15-36-50/tools/timeit" 1500 /dev/null Output/btSoftBodyHelpers.llvm.o.compile \
	  /usr/bin/clang++ -I/home/ed/mcsema-testing/llvm-test-suite/MultiSource/Benchmarks/Bullet/include -DNO_TIME -I/home/ed/mcsema-testing/SANDBOX/test-2015-12-21_15-36-50/MultiSource/Benchmarks/Bullet -I/home/ed/mcsema-testing/llvm-test-suite/MultiSource/Benchmarks/Bullet -I/home/ed/mcsema-testing/llvm-test-suite/include -I../../..//include -D_GNU_SOURCE -D__STDC_LIMIT_MACROS -DNDEBUG  -O3  -m64 -fomit-frame-pointer -c /home/ed/mcsema-testing/llvm-test-suite/MultiSource/Benchmarks/Bullet/btSoftBodyHelpers.cpp -o Output/btSoftBodyHelpers.llvm.o
/home/ed/mcsema-testing/llvm-test-suite/RunSafely.sh --show-errors -t "/home/ed/mcsema-testing/SANDBOX/test-2015-12-21_15-36-50/tools/timeit" 1500 /dev/null Output/btSoftBodyRigidBodyCollisionConfiguration.llvm.o.compile \
	  /usr/bin/clang++ -I/home/ed/mcsema-testing/llvm-test-suite/MultiSource/Benchmarks/Bullet/include -DNO_TIME -I/home/ed/mcsema-testing/SANDBOX/test-2015-12-21_15-36-50/MultiSource/Benchmarks/Bullet -I/home/ed/mcsema-testing/llvm-test-suite/MultiSource/Benchmarks/Bullet -I/home/ed/mcsema-testing/llvm-test-suite/include -I../../..//include -D_GNU_SOURCE -D__STDC_LIMIT_MACROS -DNDEBUG  -O3  -m64 -fomit-frame-pointer -c /home/ed/mcsema-testing/llvm-test-suite/MultiSource/Benchmarks/Bullet/btSoftBodyRigidBodyCollisionConfiguration.cpp -o Output/btSoftBodyRigidBodyCollisionConfiguration.llvm.o
/home/ed/mcsema-testing/llvm-test-suite/RunSafely.sh --show-errors -t "/home/ed/mcsema-testing/SANDBOX/test-2015-12-21_15-36-50/tools/timeit" 1500 /dev/null Output/btSoftRigidCollisionAlgorithm.llvm.o.compile \
	  /usr/bin/clang++ -I/home/ed/mcsema-testing/llvm-test-suite/MultiSource/Benchmarks/Bullet/include -DNO_TIME -I/home/ed/mcsema-testing/SANDBOX/test-2015-12-21_15-36-50/MultiSource/Benchmarks/Bullet -I/home/ed/mcsema-testing/llvm-test-suite/MultiSource/Benchmarks/Bullet -I/home/ed/mcsema-testing/llvm-test-suite/include -I../../..//include -D_GNU_SOURCE -D__STDC_LIMIT_MACROS -DNDEBUG  -O3  -m64 -fomit-frame-pointer -c /home/ed/mcsema-testing/llvm-test-suite/MultiSource/Benchmarks/Bullet/btSoftRigidCollisionAlgorithm.cpp -o Output/btSoftRigidCollisionAlgorithm.llvm.o
/home/ed/mcsema-testing/llvm-test-suite/RunSafely.sh --show-errors -t "/home/ed/mcsema-testing/SANDBOX/test-2015-12-21_15-36-50/tools/timeit" 1500 /dev/null Output/btSoftRigidDynamicsWorld.llvm.o.compile \
	  /usr/bin/clang++ -I/home/ed/mcsema-testing/llvm-test-suite/MultiSource/Benchmarks/Bullet/include -DNO_TIME -I/home/ed/mcsema-testing/SANDBOX/test-2015-12-21_15-36-50/MultiSource/Benchmarks/Bullet -I/home/ed/mcsema-testing/llvm-test-suite/MultiSource/Benchmarks/Bullet -I/home/ed/mcsema-testing/llvm-test-suite/include -I../../..//include -D_GNU_SOURCE -D__STDC_LIMIT_MACROS -DNDEBUG  -O3  -m64 -fomit-frame-pointer -c /home/ed/mcsema-testing/llvm-test-suite/MultiSource/Benchmarks/Bullet/btSoftRigidDynamicsWorld.cpp -o Output/btSoftRigidDynamicsWorld.llvm.o
/home/ed/mcsema-testing/llvm-test-suite/RunSafely.sh --show-errors -t "/home/ed/mcsema-testing/SANDBOX/test-2015-12-21_15-36-50/tools/timeit" 1500 /dev/null Output/btSoftSoftCollisionAlgorithm.llvm.o.compile \
	  /usr/bin/clang++ -I/home/ed/mcsema-testing/llvm-test-suite/MultiSource/Benchmarks/Bullet/include -DNO_TIME -I/home/ed/mcsema-testing/SANDBOX/test-2015-12-21_15-36-50/MultiSource/Benchmarks/Bullet -I/home/ed/mcsema-testing/llvm-test-suite/MultiSource/Benchmarks/Bullet -I/home/ed/mcsema-testing/llvm-test-suite/include -I../../..//include -D_GNU_SOURCE -D__STDC_LIMIT_MACROS -DNDEBUG  -O3  -m64 -fomit-frame-pointer -c /home/ed/mcsema-testing/llvm-test-suite/MultiSource/Benchmarks/Bullet/btSoftSoftCollisionAlgorithm.cpp -o Output/btSoftSoftCollisionAlgorithm.llvm.o
/home/ed/mcsema-testing/llvm-test-suite/RunSafely.sh --show-errors -t "/home/ed/mcsema-testing/SANDBOX/test-2015-12-21_15-36-50/tools/timeit" 1500 /dev/null Output/btSolve2LinearConstraint.llvm.o.compile \
	  /usr/bin/clang++ -I/home/ed/mcsema-testing/llvm-test-suite/MultiSource/Benchmarks/Bullet/include -DNO_TIME -I/home/ed/mcsema-testing/SANDBOX/test-2015-12-21_15-36-50/MultiSource/Benchmarks/Bullet -I/home/ed/mcsema-testing/llvm-test-suite/MultiSource/Benchmarks/Bullet -I/home/ed/mcsema-testing/llvm-test-suite/include -I../../..//include -D_GNU_SOURCE -D__STDC_LIMIT_MACROS -DNDEBUG  -O3  -m64 -fomit-frame-pointer -c /home/ed/mcsema-testing/llvm-test-suite/MultiSource/Benchmarks/Bullet/btSolve2LinearConstraint.cpp -o Output/btSolve2LinearConstraint.llvm.o
/home/ed/mcsema-testing/llvm-test-suite/RunSafely.sh --show-errors -t "/home/ed/mcsema-testing/SANDBOX/test-2015-12-21_15-36-50/tools/timeit" 1500 /dev/null Output/btSphereBoxCollisionAlgorithm.llvm.o.compile \
	  /usr/bin/clang++ -I/home/ed/mcsema-testing/llvm-test-suite/MultiSource/Benchmarks/Bullet/include -DNO_TIME -I/home/ed/mcsema-testing/SANDBOX/test-2015-12-21_15-36-50/MultiSource/Benchmarks/Bullet -I/home/ed/mcsema-testing/llvm-test-suite/MultiSource/Benchmarks/Bullet -I/home/ed/mcsema-testing/llvm-test-suite/include -I../../..//include -D_GNU_SOURCE -D__STDC_LIMIT_MACROS -DNDEBUG  -O3  -m64 -fomit-frame-pointer -c /home/ed/mcsema-testing/llvm-test-suite/MultiSource/Benchmarks/Bullet/btSphereBoxCollisionAlgorithm.cpp -o Output/btSphereBoxCollisionAlgorithm.llvm.o
/home/ed/mcsema-testing/llvm-test-suite/RunSafely.sh --show-errors -t "/home/ed/mcsema-testing/SANDBOX/test-2015-12-21_15-36-50/tools/timeit" 1500 /dev/null Output/btSphereShape.llvm.o.compile \
	  /usr/bin/clang++ -I/home/ed/mcsema-testing/llvm-test-suite/MultiSource/Benchmarks/Bullet/include -DNO_TIME -I/home/ed/mcsema-testing/SANDBOX/test-2015-12-21_15-36-50/MultiSource/Benchmarks/Bullet -I/home/ed/mcsema-testing/llvm-test-suite/MultiSource/Benchmarks/Bullet -I/home/ed/mcsema-testing/llvm-test-suite/include -I../../..//include -D_GNU_SOURCE -D__STDC_LIMIT_MACROS -DNDEBUG  -O3  -m64 -fomit-frame-pointer -c /home/ed/mcsema-testing/llvm-test-suite/MultiSource/Benchmarks/Bullet/btSphereShape.cpp -o Output/btSphereShape.llvm.o
/home/ed/mcsema-testing/llvm-test-suite/RunSafely.sh --show-errors -t "/home/ed/mcsema-testing/SANDBOX/test-2015-12-21_15-36-50/tools/timeit" 1500 /dev/null Output/btSphereSphereCollisionAlgorithm.llvm.o.compile \
	  /usr/bin/clang++ -I/home/ed/mcsema-testing/llvm-test-suite/MultiSource/Benchmarks/Bullet/include -DNO_TIME -I/home/ed/mcsema-testing/SANDBOX/test-2015-12-21_15-36-50/MultiSource/Benchmarks/Bullet -I/home/ed/mcsema-testing/llvm-test-suite/MultiSource/Benchmarks/Bullet -I/home/ed/mcsema-testing/llvm-test-suite/include -I../../..//include -D_GNU_SOURCE -D__STDC_LIMIT_MACROS -DNDEBUG  -O3  -m64 -fomit-frame-pointer -c /home/ed/mcsema-testing/llvm-test-suite/MultiSource/Benchmarks/Bullet/btSphereSphereCollisionAlgorithm.cpp -o Output/btSphereSphereCollisionAlgorithm.llvm.o
/home/ed/mcsema-testing/llvm-test-suite/RunSafely.sh --show-errors -t "/home/ed/mcsema-testing/SANDBOX/test-2015-12-21_15-36-50/tools/timeit" 1500 /dev/null Output/btSphereTriangleCollisionAlgorithm.llvm.o.compile \
	  /usr/bin/clang++ -I/home/ed/mcsema-testing/llvm-test-suite/MultiSource/Benchmarks/Bullet/include -DNO_TIME -I/home/ed/mcsema-testing/SANDBOX/test-2015-12-21_15-36-50/MultiSource/Benchmarks/Bullet -I/home/ed/mcsema-testing/llvm-test-suite/MultiSource/Benchmarks/Bullet -I/home/ed/mcsema-testing/llvm-test-suite/include -I../../..//include -D_GNU_SOURCE -D__STDC_LIMIT_MACROS -DNDEBUG  -O3  -m64 -fomit-frame-pointer -c /home/ed/mcsema-testing/llvm-test-suite/MultiSource/Benchmarks/Bullet/btSphereTriangleCollisionAlgorithm.cpp -o Output/btSphereTriangleCollisionAlgorithm.llvm.o
/home/ed/mcsema-testing/llvm-test-suite/RunSafely.sh --show-errors -t "/home/ed/mcsema-testing/SANDBOX/test-2015-12-21_15-36-50/tools/timeit" 1500 /dev/null Output/btStaticPlaneShape.llvm.o.compile \
	  /usr/bin/clang++ -I/home/ed/mcsema-testing/llvm-test-suite/MultiSource/Benchmarks/Bullet/include -DNO_TIME -I/home/ed/mcsema-testing/SANDBOX/test-2015-12-21_15-36-50/MultiSource/Benchmarks/Bullet -I/home/ed/mcsema-testing/llvm-test-suite/MultiSource/Benchmarks/Bullet -I/home/ed/mcsema-testing/llvm-test-suite/include -I../../..//include -D_GNU_SOURCE -D__STDC_LIMIT_MACROS -DNDEBUG  -O3  -m64 -fomit-frame-pointer -c /home/ed/mcsema-testing/llvm-test-suite/MultiSource/Benchmarks/Bullet/btStaticPlaneShape.cpp -o Output/btStaticPlaneShape.llvm.o
/home/ed/mcsema-testing/llvm-test-suite/RunSafely.sh --show-errors -t "/home/ed/mcsema-testing/SANDBOX/test-2015-12-21_15-36-50/tools/timeit" 1500 /dev/null Output/btStridingMeshInterface.llvm.o.compile \
	  /usr/bin/clang++ -I/home/ed/mcsema-testing/llvm-test-suite/MultiSource/Benchmarks/Bullet/include -DNO_TIME -I/home/ed/mcsema-testing/SANDBOX/test-2015-12-21_15-36-50/MultiSource/Benchmarks/Bullet -I/home/ed/mcsema-testing/llvm-test-suite/MultiSource/Benchmarks/Bullet -I/home/ed/mcsema-testing/llvm-test-suite/include -I../../..//include -D_GNU_SOURCE -D__STDC_LIMIT_MACROS -DNDEBUG  -O3  -m64 -fomit-frame-pointer -c /home/ed/mcsema-testing/llvm-test-suite/MultiSource/Benchmarks/Bullet/btStridingMeshInterface.cpp -o Output/btStridingMeshInterface.llvm.o
/home/ed/mcsema-testing/llvm-test-suite/RunSafely.sh --show-errors -t "/home/ed/mcsema-testing/SANDBOX/test-2015-12-21_15-36-50/tools/timeit" 1500 /dev/null Output/btSubSimplexConvexCast.llvm.o.compile \
	  /usr/bin/clang++ -I/home/ed/mcsema-testing/llvm-test-suite/MultiSource/Benchmarks/Bullet/include -DNO_TIME -I/home/ed/mcsema-testing/SANDBOX/test-2015-12-21_15-36-50/MultiSource/Benchmarks/Bullet -I/home/ed/mcsema-testing/llvm-test-suite/MultiSource/Benchmarks/Bullet -I/home/ed/mcsema-testing/llvm-test-suite/include -I../../..//include -D_GNU_SOURCE -D__STDC_LIMIT_MACROS -DNDEBUG  -O3  -m64 -fomit-frame-pointer -c /home/ed/mcsema-testing/llvm-test-suite/MultiSource/Benchmarks/Bullet/btSubSimplexConvexCast.cpp -o Output/btSubSimplexConvexCast.llvm.o
/home/ed/mcsema-testing/llvm-test-suite/RunSafely.sh --show-errors -t "/home/ed/mcsema-testing/SANDBOX/test-2015-12-21_15-36-50/tools/timeit" 1500 /dev/null Output/btTetrahedronShape.llvm.o.compile \
	  /usr/bin/clang++ -I/home/ed/mcsema-testing/llvm-test-suite/MultiSource/Benchmarks/Bullet/include -DNO_TIME -I/home/ed/mcsema-testing/SANDBOX/test-2015-12-21_15-36-50/MultiSource/Benchmarks/Bullet -I/home/ed/mcsema-testing/llvm-test-suite/MultiSource/Benchmarks/Bullet -I/home/ed/mcsema-testing/llvm-test-suite/include -I../../..//include -D_GNU_SOURCE -D__STDC_LIMIT_MACROS -DNDEBUG  -O3  -m64 -fomit-frame-pointer -c /home/ed/mcsema-testing/llvm-test-suite/MultiSource/Benchmarks/Bullet/btTetrahedronShape.cpp -o Output/btTetrahedronShape.llvm.o
/home/ed/mcsema-testing/llvm-test-suite/RunSafely.sh --show-errors -t "/home/ed/mcsema-testing/SANDBOX/test-2015-12-21_15-36-50/tools/timeit" 1500 /dev/null Output/btTriangleBuffer.llvm.o.compile \
	  /usr/bin/clang++ -I/home/ed/mcsema-testing/llvm-test-suite/MultiSource/Benchmarks/Bullet/include -DNO_TIME -I/home/ed/mcsema-testing/SANDBOX/test-2015-12-21_15-36-50/MultiSource/Benchmarks/Bullet -I/home/ed/mcsema-testing/llvm-test-suite/MultiSource/Benchmarks/Bullet -I/home/ed/mcsema-testing/llvm-test-suite/include -I../../..//include -D_GNU_SOURCE -D__STDC_LIMIT_MACROS -DNDEBUG  -O3  -m64 -fomit-frame-pointer -c /home/ed/mcsema-testing/llvm-test-suite/MultiSource/Benchmarks/Bullet/btTriangleBuffer.cpp -o Output/btTriangleBuffer.llvm.o
/home/ed/mcsema-testing/llvm-test-suite/RunSafely.sh --show-errors -t "/home/ed/mcsema-testing/SANDBOX/test-2015-12-21_15-36-50/tools/timeit" 1500 /dev/null Output/btTriangleCallback.llvm.o.compile \
	  /usr/bin/clang++ -I/home/ed/mcsema-testing/llvm-test-suite/MultiSource/Benchmarks/Bullet/include -DNO_TIME -I/home/ed/mcsema-testing/SANDBOX/test-2015-12-21_15-36-50/MultiSource/Benchmarks/Bullet -I/home/ed/mcsema-testing/llvm-test-suite/MultiSource/Benchmarks/Bullet -I/home/ed/mcsema-testing/llvm-test-suite/include -I../../..//include -D_GNU_SOURCE -D__STDC_LIMIT_MACROS -DNDEBUG  -O3  -m64 -fomit-frame-pointer -c /home/ed/mcsema-testing/llvm-test-suite/MultiSource/Benchmarks/Bullet/btTriangleCallback.cpp -o Output/btTriangleCallback.llvm.o
/home/ed/mcsema-testing/llvm-test-suite/RunSafely.sh --show-errors -t "/home/ed/mcsema-testing/SANDBOX/test-2015-12-21_15-36-50/tools/timeit" 1500 /dev/null Output/btTriangleIndexVertexArray.llvm.o.compile \
	  /usr/bin/clang++ -I/home/ed/mcsema-testing/llvm-test-suite/MultiSource/Benchmarks/Bullet/include -DNO_TIME -I/home/ed/mcsema-testing/SANDBOX/test-2015-12-21_15-36-50/MultiSource/Benchmarks/Bullet -I/home/ed/mcsema-testing/llvm-test-suite/MultiSource/Benchmarks/Bullet -I/home/ed/mcsema-testing/llvm-test-suite/include -I../../..//include -D_GNU_SOURCE -D__STDC_LIMIT_MACROS -DNDEBUG  -O3  -m64 -fomit-frame-pointer -c /home/ed/mcsema-testing/llvm-test-suite/MultiSource/Benchmarks/Bullet/btTriangleIndexVertexArray.cpp -o Output/btTriangleIndexVertexArray.llvm.o
/home/ed/mcsema-testing/llvm-test-suite/RunSafely.sh --show-errors -t "/home/ed/mcsema-testing/SANDBOX/test-2015-12-21_15-36-50/tools/timeit" 1500 /dev/null Output/btTriangleIndexVertexMaterialArray.llvm.o.compile \
	  /usr/bin/clang++ -I/home/ed/mcsema-testing/llvm-test-suite/MultiSource/Benchmarks/Bullet/include -DNO_TIME -I/home/ed/mcsema-testing/SANDBOX/test-2015-12-21_15-36-50/MultiSource/Benchmarks/Bullet -I/home/ed/mcsema-testing/llvm-test-suite/MultiSource/Benchmarks/Bullet -I/home/ed/mcsema-testing/llvm-test-suite/include -I../../..//include -D_GNU_SOURCE -D__STDC_LIMIT_MACROS -DNDEBUG  -O3  -m64 -fomit-frame-pointer -c /home/ed/mcsema-testing/llvm-test-suite/MultiSource/Benchmarks/Bullet/btTriangleIndexVertexMaterialArray.cpp -o Output/btTriangleIndexVertexMaterialArray.llvm.o
/home/ed/mcsema-testing/llvm-test-suite/RunSafely.sh --show-errors -t "/home/ed/mcsema-testing/SANDBOX/test-2015-12-21_15-36-50/tools/timeit" 1500 /dev/null Output/btTriangleMesh.llvm.o.compile \
	  /usr/bin/clang++ -I/home/ed/mcsema-testing/llvm-test-suite/MultiSource/Benchmarks/Bullet/include -DNO_TIME -I/home/ed/mcsema-testing/SANDBOX/test-2015-12-21_15-36-50/MultiSource/Benchmarks/Bullet -I/home/ed/mcsema-testing/llvm-test-suite/MultiSource/Benchmarks/Bullet -I/home/ed/mcsema-testing/llvm-test-suite/include -I../../..//include -D_GNU_SOURCE -D__STDC_LIMIT_MACROS -DNDEBUG  -O3  -m64 -fomit-frame-pointer -c /home/ed/mcsema-testing/llvm-test-suite/MultiSource/Benchmarks/Bullet/btTriangleMesh.cpp -o Output/btTriangleMesh.llvm.o
/home/ed/mcsema-testing/llvm-test-suite/RunSafely.sh --show-errors -t "/home/ed/mcsema-testing/SANDBOX/test-2015-12-21_15-36-50/tools/timeit" 1500 /dev/null Output/btTriangleMeshShape.llvm.o.compile \
	  /usr/bin/clang++ -I/home/ed/mcsema-testing/llvm-test-suite/MultiSource/Benchmarks/Bullet/include -DNO_TIME -I/home/ed/mcsema-testing/SANDBOX/test-2015-12-21_15-36-50/MultiSource/Benchmarks/Bullet -I/home/ed/mcsema-testing/llvm-test-suite/MultiSource/Benchmarks/Bullet -I/home/ed/mcsema-testing/llvm-test-suite/include -I../../..//include -D_GNU_SOURCE -D__STDC_LIMIT_MACROS -DNDEBUG  -O3  -m64 -fomit-frame-pointer -c /home/ed/mcsema-testing/llvm-test-suite/MultiSource/Benchmarks/Bullet/btTriangleMeshShape.cpp -o Output/btTriangleMeshShape.llvm.o
/home/ed/mcsema-testing/llvm-test-suite/RunSafely.sh --show-errors -t "/home/ed/mcsema-testing/SANDBOX/test-2015-12-21_15-36-50/tools/timeit" 1500 /dev/null Output/btTriangleShapeEx.llvm.o.compile \
	  /usr/bin/clang++ -I/home/ed/mcsema-testing/llvm-test-suite/MultiSource/Benchmarks/Bullet/include -DNO_TIME -I/home/ed/mcsema-testing/SANDBOX/test-2015-12-21_15-36-50/MultiSource/Benchmarks/Bullet -I/home/ed/mcsema-testing/llvm-test-suite/MultiSource/Benchmarks/Bullet -I/home/ed/mcsema-testing/llvm-test-suite/include -I../../..//include -D_GNU_SOURCE -D__STDC_LIMIT_MACROS -DNDEBUG  -O3  -m64 -fomit-frame-pointer -c /home/ed/mcsema-testing/llvm-test-suite/MultiSource/Benchmarks/Bullet/btTriangleShapeEx.cpp -o Output/btTriangleShapeEx.llvm.o
/home/ed/mcsema-testing/llvm-test-suite/RunSafely.sh --show-errors -t "/home/ed/mcsema-testing/SANDBOX/test-2015-12-21_15-36-50/tools/timeit" 1500 /dev/null Output/btTypedConstraint.llvm.o.compile \
	  /usr/bin/clang++ -I/home/ed/mcsema-testing/llvm-test-suite/MultiSource/Benchmarks/Bullet/include -DNO_TIME -I/home/ed/mcsema-testing/SANDBOX/test-2015-12-21_15-36-50/MultiSource/Benchmarks/Bullet -I/home/ed/mcsema-testing/llvm-test-suite/MultiSource/Benchmarks/Bullet -I/home/ed/mcsema-testing/llvm-test-suite/include -I../../..//include -D_GNU_SOURCE -D__STDC_LIMIT_MACROS -DNDEBUG  -O3  -m64 -fomit-frame-pointer -c /home/ed/mcsema-testing/llvm-test-suite/MultiSource/Benchmarks/Bullet/btTypedConstraint.cpp -o Output/btTypedConstraint.llvm.o
/home/ed/mcsema-testing/llvm-test-suite/RunSafely.sh --show-errors -t "/home/ed/mcsema-testing/SANDBOX/test-2015-12-21_15-36-50/tools/timeit" 1500 /dev/null Output/btUniformScalingShape.llvm.o.compile \
	  /usr/bin/clang++ -I/home/ed/mcsema-testing/llvm-test-suite/MultiSource/Benchmarks/Bullet/include -DNO_TIME -I/home/ed/mcsema-testing/SANDBOX/test-2015-12-21_15-36-50/MultiSource/Benchmarks/Bullet -I/home/ed/mcsema-testing/llvm-test-suite/MultiSource/Benchmarks/Bullet -I/home/ed/mcsema-testing/llvm-test-suite/include -I../../..//include -D_GNU_SOURCE -D__STDC_LIMIT_MACROS -DNDEBUG  -O3  -m64 -fomit-frame-pointer -c /home/ed/mcsema-testing/llvm-test-suite/MultiSource/Benchmarks/Bullet/btUniformScalingShape.cpp -o Output/btUniformScalingShape.llvm.o
/home/ed/mcsema-testing/llvm-test-suite/RunSafely.sh --show-errors -t "/home/ed/mcsema-testing/SANDBOX/test-2015-12-21_15-36-50/tools/timeit" 1500 /dev/null Output/btUnionFind.llvm.o.compile \
	  /usr/bin/clang++ -I/home/ed/mcsema-testing/llvm-test-suite/MultiSource/Benchmarks/Bullet/include -DNO_TIME -I/home/ed/mcsema-testing/SANDBOX/test-2015-12-21_15-36-50/MultiSource/Benchmarks/Bullet -I/home/ed/mcsema-testing/llvm-test-suite/MultiSource/Benchmarks/Bullet -I/home/ed/mcsema-testing/llvm-test-suite/include -I../../..//include -D_GNU_SOURCE -D__STDC_LIMIT_MACROS -DNDEBUG  -O3  -m64 -fomit-frame-pointer -c /home/ed/mcsema-testing/llvm-test-suite/MultiSource/Benchmarks/Bullet/btUnionFind.cpp -o Output/btUnionFind.llvm.o
/home/ed/mcsema-testing/llvm-test-suite/RunSafely.sh --show-errors -t "/home/ed/mcsema-testing/SANDBOX/test-2015-12-21_15-36-50/tools/timeit" 1500 /dev/null Output/btUniversalConstraint.llvm.o.compile \
	  /usr/bin/clang++ -I/home/ed/mcsema-testing/llvm-test-suite/MultiSource/Benchmarks/Bullet/include -DNO_TIME -I/home/ed/mcsema-testing/SANDBOX/test-2015-12-21_15-36-50/MultiSource/Benchmarks/Bullet -I/home/ed/mcsema-testing/llvm-test-suite/MultiSource/Benchmarks/Bullet -I/home/ed/mcsema-testing/llvm-test-suite/include -I../../..//include -D_GNU_SOURCE -D__STDC_LIMIT_MACROS -DNDEBUG  -O3  -m64 -fomit-frame-pointer -c /home/ed/mcsema-testing/llvm-test-suite/MultiSource/Benchmarks/Bullet/btUniversalConstraint.cpp -o Output/btUniversalConstraint.llvm.o
/home/ed/mcsema-testing/llvm-test-suite/RunSafely.sh --show-errors -t "/home/ed/mcsema-testing/SANDBOX/test-2015-12-21_15-36-50/tools/timeit" 1500 /dev/null Output/btVoronoiSimplexSolver.llvm.o.compile \
	  /usr/bin/clang++ -I/home/ed/mcsema-testing/llvm-test-suite/MultiSource/Benchmarks/Bullet/include -DNO_TIME -I/home/ed/mcsema-testing/SANDBOX/test-2015-12-21_15-36-50/MultiSource/Benchmarks/Bullet -I/home/ed/mcsema-testing/llvm-test-suite/MultiSource/Benchmarks/Bullet -I/home/ed/mcsema-testing/llvm-test-suite/include -I../../..//include -D_GNU_SOURCE -D__STDC_LIMIT_MACROS -DNDEBUG  -O3  -m64 -fomit-frame-pointer -c /home/ed/mcsema-testing/llvm-test-suite/MultiSource/Benchmarks/Bullet/btVoronoiSimplexSolver.cpp -o Output/btVoronoiSimplexSolver.llvm.o
/home/ed/mcsema-testing/llvm-test-suite/RunSafely.sh --show-errors -t "/home/ed/mcsema-testing/SANDBOX/test-2015-12-21_15-36-50/tools/timeit" 1500 /dev/null Output/btWheelInfo.llvm.o.compile \
	  /usr/bin/clang++ -I/home/ed/mcsema-testing/llvm-test-suite/MultiSource/Benchmarks/Bullet/include -DNO_TIME -I/home/ed/mcsema-testing/SANDBOX/test-2015-12-21_15-36-50/MultiSource/Benchmarks/Bullet -I/home/ed/mcsema-testing/llvm-test-suite/MultiSource/Benchmarks/Bullet -I/home/ed/mcsema-testing/llvm-test-suite/include -I../../..//include -D_GNU_SOURCE -D__STDC_LIMIT_MACROS -DNDEBUG  -O3  -m64 -fomit-frame-pointer -c /home/ed/mcsema-testing/llvm-test-suite/MultiSource/Benchmarks/Bullet/btWheelInfo.cpp -o Output/btWheelInfo.llvm.o
/home/ed/mcsema-testing/llvm-test-suite/RunSafely.sh --show-errors -t "/home/ed/mcsema-testing/SANDBOX/test-2015-12-21_15-36-50/tools/timeit" 1500 /dev/null Output/gim_box_set.llvm.o.compile \
	  /usr/bin/clang++ -I/home/ed/mcsema-testing/llvm-test-suite/MultiSource/Benchmarks/Bullet/include -DNO_TIME -I/home/ed/mcsema-testing/SANDBOX/test-2015-12-21_15-36-50/MultiSource/Benchmarks/Bullet -I/home/ed/mcsema-testing/llvm-test-suite/MultiSource/Benchmarks/Bullet -I/home/ed/mcsema-testing/llvm-test-suite/include -I../../..//include -D_GNU_SOURCE -D__STDC_LIMIT_MACROS -DNDEBUG  -O3  -m64 -fomit-frame-pointer -c /home/ed/mcsema-testing/llvm-test-suite/MultiSource/Benchmarks/Bullet/gim_box_set.cpp -o Output/gim_box_set.llvm.o
/home/ed/mcsema-testing/llvm-test-suite/RunSafely.sh --show-errors -t "/home/ed/mcsema-testing/SANDBOX/test-2015-12-21_15-36-50/tools/timeit" 1500 /dev/null Output/gim_contact.llvm.o.compile \
	  /usr/bin/clang++ -I/home/ed/mcsema-testing/llvm-test-suite/MultiSource/Benchmarks/Bullet/include -DNO_TIME -I/home/ed/mcsema-testing/SANDBOX/test-2015-12-21_15-36-50/MultiSource/Benchmarks/Bullet -I/home/ed/mcsema-testing/llvm-test-suite/MultiSource/Benchmarks/Bullet -I/home/ed/mcsema-testing/llvm-test-suite/include -I../../..//include -D_GNU_SOURCE -D__STDC_LIMIT_MACROS -DNDEBUG  -O3  -m64 -fomit-frame-pointer -c /home/ed/mcsema-testing/llvm-test-suite/MultiSource/Benchmarks/Bullet/gim_contact.cpp -o Output/gim_contact.llvm.o
/home/ed/mcsema-testing/llvm-test-suite/RunSafely.sh --show-errors -t "/home/ed/mcsema-testing/SANDBOX/test-2015-12-21_15-36-50/tools/timeit" 1500 /dev/null Output/gim_memory.llvm.o.compile \
	  /usr/bin/clang++ -I/home/ed/mcsema-testing/llvm-test-suite/MultiSource/Benchmarks/Bullet/include -DNO_TIME -I/home/ed/mcsema-testing/SANDBOX/test-2015-12-21_15-36-50/MultiSource/Benchmarks/Bullet -I/home/ed/mcsema-testing/llvm-test-suite/MultiSource/Benchmarks/Bullet -I/home/ed/mcsema-testing/llvm-test-suite/include -I../../..//include -D_GNU_SOURCE -D__STDC_LIMIT_MACROS -DNDEBUG  -O3  -m64 -fomit-frame-pointer -c /home/ed/mcsema-testing/llvm-test-suite/MultiSource/Benchmarks/Bullet/gim_memory.cpp -o Output/gim_memory.llvm.o
/home/ed/mcsema-testing/llvm-test-suite/RunSafely.sh --show-errors -t "/home/ed/mcsema-testing/SANDBOX/test-2015-12-21_15-36-50/tools/timeit" 1500 /dev/null Output/gim_tri_collision.llvm.o.compile \
	  /usr/bin/clang++ -I/home/ed/mcsema-testing/llvm-test-suite/MultiSource/Benchmarks/Bullet/include -DNO_TIME -I/home/ed/mcsema-testing/SANDBOX/test-2015-12-21_15-36-50/MultiSource/Benchmarks/Bullet -I/home/ed/mcsema-testing/llvm-test-suite/MultiSource/Benchmarks/Bullet -I/home/ed/mcsema-testing/llvm-test-suite/include -I../../..//include -D_GNU_SOURCE -D__STDC_LIMIT_MACROS -DNDEBUG  -O3  -m64 -fomit-frame-pointer -c /home/ed/mcsema-testing/llvm-test-suite/MultiSource/Benchmarks/Bullet/gim_tri_collision.cpp -o Output/gim_tri_collision.llvm.o
/home/ed/mcsema-testing/llvm-test-suite/RunSafely.sh --show-errors -t "/home/ed/mcsema-testing/SANDBOX/test-2015-12-21_15-36-50/tools/timeit" 1500 /dev/null Output/main.llvm.o.compile \
	  /usr/bin/clang++ -I/home/ed/mcsema-testing/llvm-test-suite/MultiSource/Benchmarks/Bullet/include -DNO_TIME -I/home/ed/mcsema-testing/SANDBOX/test-2015-12-21_15-36-50/MultiSource/Benchmarks/Bullet -I/home/ed/mcsema-testing/llvm-test-suite/MultiSource/Benchmarks/Bullet -I/home/ed/mcsema-testing/llvm-test-suite/include -I../../..//include -D_GNU_SOURCE -D__STDC_LIMIT_MACROS -DNDEBUG  -O3  -m64 -fomit-frame-pointer -c /home/ed/mcsema-testing/llvm-test-suite/MultiSource/Benchmarks/Bullet/main.cpp -o Output/main.llvm.o
/usr/bin/clang++ -o Output/bullet.simple Output/BenchmarkDemo.llvm.o Output/SphereTriangleDetector.llvm.o Output/btActivatingCollisionAlgorithm.llvm.o Output/btAlignedAllocator.llvm.o Output/btAxisSweep3.llvm.o Output/btBox2dBox2dCollisionAlgorithm.llvm.o Output/btBox2dShape.llvm.o Output/btBoxBoxCollisionAlgorithm.llvm.o Output/btBoxBoxDetector.llvm.o Output/btBoxShape.llvm.o Output/btBroadphaseProxy.llvm.o Output/btBvhTriangleMeshShape.llvm.o Output/btCapsuleShape.llvm.o Output/btCollisionAlgorithm.llvm.o Output/btCollisionDispatcher.llvm.o Output/btCollisionObject.llvm.o Output/btCollisionShape.llvm.o Output/btCollisionWorld.llvm.o Output/btCompoundCollisionAlgorithm.llvm.o Output/btCompoundShape.llvm.o Output/btConcaveShape.llvm.o Output/btConeShape.llvm.o Output/btConeTwistConstraint.llvm.o Output/btContactConstraint.llvm.o Output/btContactProcessing.llvm.o Output/btContinuousConvexCollision.llvm.o Output/btContinuousDynamicsWorld.llvm.o Output/btConvex2dConvex2dAlgorithm.llvm.o Output/btConvex2dShape.llvm.o Output/btConvexCast.llvm.o Output/btConvexConcaveCollisionAlgorithm.llvm.o Output/btConvexConvexAlgorithm.llvm.o Output/btConvexHull.llvm.o Output/btConvexHullShape.llvm.o Output/btConvexInternalShape.llvm.o Output/btConvexPlaneCollisionAlgorithm.llvm.o Output/btConvexPointCloudShape.llvm.o Output/btConvexShape.llvm.o Output/btConvexTriangleMeshShape.llvm.o Output/btCylinderShape.llvm.o Output/btDbvt.llvm.o Output/btDbvtBroadphase.llvm.o Output/btDefaultCollisionConfiguration.llvm.o Output/btDiscreteDynamicsWorld.llvm.o Output/btDispatcher.llvm.o Output/btEmptyCollisionAlgorithm.llvm.o Output/btEmptyShape.llvm.o Output/btGImpactBvh.llvm.o Output/btGImpactCollisionAlgorithm.llvm.o Output/btGImpactQuantizedBvh.llvm.o Output/btGImpactShape.llvm.o Output/btGeneric6DofConstraint.llvm.o Output/btGeneric6DofSpringConstraint.llvm.o Output/btGenericPoolAllocator.llvm.o Output/btGeometryUtil.llvm.o Output/btGhostObject.llvm.o Output/btGjkConvexCast.llvm.o Output/btGjkEpa2.llvm.o Output/btGjkEpaPenetrationDepthSolver.llvm.o Output/btGjkPairDetector.llvm.o Output/btHeightfieldTerrainShape.llvm.o Output/btHinge2Constraint.llvm.o Output/btHingeConstraint.llvm.o Output/btKinematicCharacterController.llvm.o Output/btManifoldResult.llvm.o Output/btMinkowskiPenetrationDepthSolver.llvm.o Output/btMinkowskiSumShape.llvm.o Output/btMultiSapBroadphase.llvm.o Output/btMultiSphereShape.llvm.o Output/btMultimaterialTriangleMeshShape.llvm.o Output/btOptimizedBvh.llvm.o Output/btOverlappingPairCache.llvm.o Output/btPersistentManifold.llvm.o Output/btPoint2PointConstraint.llvm.o Output/btPolyhedralConvexShape.llvm.o Output/btQuantizedBvh.llvm.o Output/btQuickprof.llvm.o Output/btRaycastCallback.llvm.o Output/btRaycastVehicle.llvm.o Output/btRigidBody.llvm.o Output/btScaledBvhTriangleMeshShape.llvm.o Output/btSequentialImpulseConstraintSolver.llvm.o Output/btShapeHull.llvm.o Output/btSimpleBroadphase.llvm.o Output/btSimpleDynamicsWorld.llvm.o Output/btSimulationIslandManager.llvm.o Output/btSliderConstraint.llvm.o Output/btSoftBody.llvm.o Output/btSoftBodyConcaveCollisionAlgorithm.llvm.o Output/btSoftBodyHelpers.llvm.o Output/btSoftBodyRigidBodyCollisionConfiguration.llvm.o Output/btSoftRigidCollisionAlgorithm.llvm.o Output/btSoftRigidDynamicsWorld.llvm.o Output/btSoftSoftCollisionAlgorithm.llvm.o Output/btSolve2LinearConstraint.llvm.o Output/btSphereBoxCollisionAlgorithm.llvm.o Output/btSphereShape.llvm.o Output/btSphereSphereCollisionAlgorithm.llvm.o Output/btSphereTriangleCollisionAlgorithm.llvm.o Output/btStaticPlaneShape.llvm.o Output/btStridingMeshInterface.llvm.o Output/btSubSimplexConvexCast.llvm.o Output/btTetrahedronShape.llvm.o Output/btTriangleBuffer.llvm.o Output/btTriangleCallback.llvm.o Output/btTriangleIndexVertexArray.llvm.o Output/btTriangleIndexVertexMaterialArray.llvm.o Output/btTriangleMesh.llvm.o Output/btTriangleMeshShape.llvm.o Output/btTriangleShapeEx.llvm.o Output/btTypedConstraint.llvm.o Output/btUniformScalingShape.llvm.o Output/btUnionFind.llvm.o Output/btUniversalConstraint.llvm.o Output/btVoronoiSimplexSolver.llvm.o Output/btWheelInfo.llvm.o Output/gim_box_set.llvm.o Output/gim_contact.llvm.o Output/gim_memory.llvm.o Output/gim_tri_collision.llvm.o Output/main.llvm.o -lstdc++ -lm   -m64 -fomit-frame-pointer
/home/ed/mcsema-testing/llvm-test-suite/RunSafely.sh -t "/home/ed/mcsema-testing/SANDBOX/test-2015-12-21_15-36-50/tools/timeit-target" 1500 /dev/null Output/bullet.out-simple Output/bullet.simple 
cp Output/bullet.simple Output/bullet.simple-hash; \
	strip --remove-section=.comment --remove-section='.note*' Output/bullet.simple-hash; \
	/home/ed/mcsema-testing/llvm-test-suite/HashProgramOutput.sh Output/bullet.simple-hash
if [ -f "/home/ed/mcsema-testing/llvm-test-suite/MultiSource/Benchmarks/Bullet/bullet.reference_output.little-endian." ]; then \
	  cp /home/ed/mcsema-testing/llvm-test-suite/MultiSource/Benchmarks/Bullet/bullet.reference_output.little-endian. Output/bullet.out-nat; \
	elif [ -f "/home/ed/mcsema-testing/llvm-test-suite/MultiSource/Benchmarks/Bullet/bullet.reference_output." ]; then \
	  cp /home/ed/mcsema-testing/llvm-test-suite/MultiSource/Benchmarks/Bullet/bullet.reference_output. Output/bullet.out-nat; \
	elif [ -f "/home/ed/mcsema-testing/llvm-test-suite/MultiSource/Benchmarks/Bullet/bullet.reference_output.little-endian" ]; then \
	  cp /home/ed/mcsema-testing/llvm-test-suite/MultiSource/Benchmarks/Bullet/bullet.reference_output.little-endian Output/bullet.out-nat; \
	elif [ -f "/home/ed/mcsema-testing/llvm-test-suite/MultiSource/Benchmarks/Bullet/bullet.reference_output" ]; then \
	  cp /home/ed/mcsema-testing/llvm-test-suite/MultiSource/Benchmarks/Bullet/bullet.reference_output Output/bullet.out-nat; \
	else \
	  printf "WARNING: %s: %s\n" "NO REFERENCE OUTPUT (using default)" "/home/ed/mcsema-testing/llvm-test-suite/MultiSource/Benchmarks/Bullet/bullet.reference_output" > Output/bullet.out-nat; \
	  cp /home/ed/mcsema-testing/llvm-test-suite/default.reference_output Output/bullet.out-nat; \
	  cat Output/bullet.out-nat; \
	fi
# Pretend that the reference output was produced instantaneously.
cp /home/ed/mcsema-testing/llvm-test-suite/instant.txt Output/bullet.out-nat.time
/home/ed/mcsema-testing/llvm-test-suite/DiffOutput.sh "/home/ed/mcsema-testing/SANDBOX/test-2015-12-21_15-36-50/tools/fpcmp " simple bullet 
rm -f Output/bullet.exe-simple
cp Output/bullet.diff-simple Output/bullet.exe-simple
if test -f Output/bullet.extra-results.txt; then \
	  /home/ed/mcsema-testing/llvm-test-suite/ParseMultipleResults /home/ed/mcsema-testing/SANDBOX/test-2015-12-21_15-36-50/MultiSource/Benchmarks/Bullet/bullet Output/bullet.extra-results.txt >> Output/bullet.simple.exec.report.txt; \
	fi
cat Output/bullet.simple.compile.report.txt Output/bullet.simple.exec.report.txt >> Output/bullet.simple.report.txt
---------------------------------------------------------------
>>> ========= '/home/ed/mcsema-testing/SANDBOX/test-2015-12-21_15-36-50/MultiSource/Benchmarks/Bullet/bullet' Program
---------------------------------------------------------------

TEST-PASS: compile /home/ed/mcsema-testing/SANDBOX/test-2015-12-21_15-36-50/MultiSource/Benchmarks/Bullet/bullet
TEST-RESULT-compile-success: pass
TEST-RESULT-compile-hash: dee158f5ffb4678b2e40d0553cc28c16
TEST-RESULT-compile-time: user 22.233900
TEST-RESULT-compile-real-time: real 24.730000

TEST-PASS: exec /home/ed/mcsema-testing/SANDBOX/test-2015-12-21_15-36-50/MultiSource/Benchmarks/Bullet/bullet
TEST-RESULT-exec-success: pass
TEST-RESULT-exec-time: user       4.2553
TEST-RESULT-exec-real-time: real       4.2961
make[4]: Leaving directory `/home/ed/mcsema-testing/SANDBOX/test-2015-12-21_15-36-50/MultiSource/Benchmarks/Bullet'
make[4]: Entering directory `/home/ed/mcsema-testing/SANDBOX/test-2015-12-21_15-36-50/MultiSource/Benchmarks/7zip'
/home/ed/mcsema-testing/llvm-test-suite/RunSafely.sh --show-errors -t "/home/ed/mcsema-testing/SANDBOX/test-2015-12-21_15-36-50/tools/timeit" 500 /dev/null Output/7zAes.llvm.o.compile /usr/bin/clang++ -I/home/ed/mcsema-testing/SANDBOX/test-2015-12-21_15-36-50/MultiSource/Benchmarks/7zip -I/home/ed/mcsema-testing/llvm-test-suite/MultiSource/Benchmarks/7zip -I/home/ed/mcsema-testing/llvm-test-suite/include -I../../../include -D_GNU_SOURCE -D__STDC_LIMIT_MACROS -DNDEBUG -DBREAK_HANDLER -DUNICODE -D_UNICODE -I/home/ed/mcsema-testing/llvm-test-suite/MultiSource/Benchmarks/7zip/C -I/home/ed/mcsema-testing/llvm-test-suite/MultiSource/Benchmarks/7zip/CPP/myWindows -I/home/ed/mcsema-testing/llvm-test-suite/MultiSource/Benchmarks/7zip/CPP/include_windows -I/home/ed/mcsema-testing/llvm-test-suite/MultiSource/Benchmarks/7zip/CPP -I. -D_FILE_OFFSET_BITS=64 -D_LARGEFILE_SOURCE -DNDEBUG -D_REENTRANT -DENV_UNIX -D_7ZIP_LARGE_PAGES -pthread -O3  -c /home/ed/mcsema-testing/llvm-test-suite/MultiSource/Benchmarks/7zip/CPP/7zip/Crypto/7zAes.cpp -o Output/7zAes.llvm.o
/home/ed/mcsema-testing/llvm-test-suite/RunSafely.sh --show-errors -t "/home/ed/mcsema-testing/SANDBOX/test-2015-12-21_15-36-50/tools/timeit" 500 /dev/null Output/7zAesRegister.llvm.o.compile /usr/bin/clang++ -I/home/ed/mcsema-testing/SANDBOX/test-2015-12-21_15-36-50/MultiSource/Benchmarks/7zip -I/home/ed/mcsema-testing/llvm-test-suite/MultiSource/Benchmarks/7zip -I/home/ed/mcsema-testing/llvm-test-suite/include -I../../../include -D_GNU_SOURCE -D__STDC_LIMIT_MACROS -DNDEBUG -DBREAK_HANDLER -DUNICODE -D_UNICODE -I/home/ed/mcsema-testing/llvm-test-suite/MultiSource/Benchmarks/7zip/C -I/home/ed/mcsema-testing/llvm-test-suite/MultiSource/Benchmarks/7zip/CPP/myWindows -I/home/ed/mcsema-testing/llvm-test-suite/MultiSource/Benchmarks/7zip/CPP/include_windows -I/home/ed/mcsema-testing/llvm-test-suite/MultiSource/Benchmarks/7zip/CPP -I. -D_FILE_OFFSET_BITS=64 -D_LARGEFILE_SOURCE -DNDEBUG -D_REENTRANT -DENV_UNIX -D_7ZIP_LARGE_PAGES -pthread -O3  -c /home/ed/mcsema-testing/llvm-test-suite/MultiSource/Benchmarks/7zip/CPP/7zip/Crypto/7zAesRegister.cpp -o Output/7zAesRegister.llvm.o
/home/ed/mcsema-testing/llvm-test-suite/RunSafely.sh --show-errors -t "/home/ed/mcsema-testing/SANDBOX/test-2015-12-21_15-36-50/tools/timeit" 500 /dev/null Output/7zCompressionMode.llvm.o.compile /usr/bin/clang++ -I/home/ed/mcsema-testing/SANDBOX/test-2015-12-21_15-36-50/MultiSource/Benchmarks/7zip -I/home/ed/mcsema-testing/llvm-test-suite/MultiSource/Benchmarks/7zip -I/home/ed/mcsema-testing/llvm-test-suite/include -I../../../include -D_GNU_SOURCE -D__STDC_LIMIT_MACROS -DNDEBUG -DBREAK_HANDLER -DUNICODE -D_UNICODE -I/home/ed/mcsema-testing/llvm-test-suite/MultiSource/Benchmarks/7zip/C -I/home/ed/mcsema-testing/llvm-test-suite/MultiSource/Benchmarks/7zip/CPP/myWindows -I/home/ed/mcsema-testing/llvm-test-suite/MultiSource/Benchmarks/7zip/CPP/include_windows -I/home/ed/mcsema-testing/llvm-test-suite/MultiSource/Benchmarks/7zip/CPP -I. -D_FILE_OFFSET_BITS=64 -D_LARGEFILE_SOURCE -DNDEBUG -D_REENTRANT -DENV_UNIX -D_7ZIP_LARGE_PAGES -pthread -O3  -c /home/ed/mcsema-testing/llvm-test-suite/MultiSource/Benchmarks/7zip/CPP/7zip/Archive/7z/7zCompressionMode.cpp -o Output/7zCompressionMode.llvm.o
/home/ed/mcsema-testing/llvm-test-suite/RunSafely.sh --show-errors -t "/home/ed/mcsema-testing/SANDBOX/test-2015-12-21_15-36-50/tools/timeit" 500 /dev/null Output/7zCrc.llvm.o.compile /usr/bin/clang -I/home/ed/mcsema-testing/SANDBOX/test-2015-12-21_15-36-50/MultiSource/Benchmarks/7zip -I/home/ed/mcsema-testing/llvm-test-suite/MultiSource/Benchmarks/7zip -I/home/ed/mcsema-testing/llvm-test-suite/include -I../../../include -D_GNU_SOURCE -D__STDC_LIMIT_MACROS -DNDEBUG -DBREAK_HANDLER -DUNICODE -D_UNICODE -I/home/ed/mcsema-testing/llvm-test-suite/MultiSource/Benchmarks/7zip/C -I/home/ed/mcsema-testing/llvm-test-suite/MultiSource/Benchmarks/7zip/CPP/myWindows -I/home/ed/mcsema-testing/llvm-test-suite/MultiSource/Benchmarks/7zip/CPP/include_windows -I/home/ed/mcsema-testing/llvm-test-suite/MultiSource/Benchmarks/7zip/CPP -I. -D_FILE_OFFSET_BITS=64 -D_LARGEFILE_SOURCE -DNDEBUG -D_REENTRANT -DENV_UNIX -D_7ZIP_LARGE_PAGES -pthread -O3  -c /home/ed/mcsema-testing/llvm-test-suite/MultiSource/Benchmarks/7zip/C/7zCrc.c -o Output/7zCrc.llvm.o
/home/ed/mcsema-testing/llvm-test-suite/RunSafely.sh --show-errors -t "/home/ed/mcsema-testing/SANDBOX/test-2015-12-21_15-36-50/tools/timeit" 500 /dev/null Output/7zCrcOpt.llvm.o.compile /usr/bin/clang -I/home/ed/mcsema-testing/SANDBOX/test-2015-12-21_15-36-50/MultiSource/Benchmarks/7zip -I/home/ed/mcsema-testing/llvm-test-suite/MultiSource/Benchmarks/7zip -I/home/ed/mcsema-testing/llvm-test-suite/include -I../../../include -D_GNU_SOURCE -D__STDC_LIMIT_MACROS -DNDEBUG -DBREAK_HANDLER -DUNICODE -D_UNICODE -I/home/ed/mcsema-testing/llvm-test-suite/MultiSource/Benchmarks/7zip/C -I/home/ed/mcsema-testing/llvm-test-suite/MultiSource/Benchmarks/7zip/CPP/myWindows -I/home/ed/mcsema-testing/llvm-test-suite/MultiSource/Benchmarks/7zip/CPP/include_windows -I/home/ed/mcsema-testing/llvm-test-suite/MultiSource/Benchmarks/7zip/CPP -I. -D_FILE_OFFSET_BITS=64 -D_LARGEFILE_SOURCE -DNDEBUG -D_REENTRANT -DENV_UNIX -D_7ZIP_LARGE_PAGES -pthread -O3  -c /home/ed/mcsema-testing/llvm-test-suite/MultiSource/Benchmarks/7zip/C/7zCrcOpt.c -o Output/7zCrcOpt.llvm.o
/home/ed/mcsema-testing/llvm-test-suite/RunSafely.sh --show-errors -t "/home/ed/mcsema-testing/SANDBOX/test-2015-12-21_15-36-50/tools/timeit" 500 /dev/null Output/7zDecode.llvm.o.compile /usr/bin/clang++ -I/home/ed/mcsema-testing/SANDBOX/test-2015-12-21_15-36-50/MultiSource/Benchmarks/7zip -I/home/ed/mcsema-testing/llvm-test-suite/MultiSource/Benchmarks/7zip -I/home/ed/mcsema-testing/llvm-test-suite/include -I../../../include -D_GNU_SOURCE -D__STDC_LIMIT_MACROS -DNDEBUG -DBREAK_HANDLER -DUNICODE -D_UNICODE -I/home/ed/mcsema-testing/llvm-test-suite/MultiSource/Benchmarks/7zip/C -I/home/ed/mcsema-testing/llvm-test-suite/MultiSource/Benchmarks/7zip/CPP/myWindows -I/home/ed/mcsema-testing/llvm-test-suite/MultiSource/Benchmarks/7zip/CPP/include_windows -I/home/ed/mcsema-testing/llvm-test-suite/MultiSource/Benchmarks/7zip/CPP -I. -D_FILE_OFFSET_BITS=64 -D_LARGEFILE_SOURCE -DNDEBUG -D_REENTRANT -DENV_UNIX -D_7ZIP_LARGE_PAGES -pthread -O3  -c /home/ed/mcsema-testing/llvm-test-suite/MultiSource/Benchmarks/7zip/CPP/7zip/Archive/7z/7zDecode.cpp -o Output/7zDecode.llvm.o
/home/ed/mcsema-testing/llvm-test-suite/RunSafely.sh --show-errors -t "/home/ed/mcsema-testing/SANDBOX/test-2015-12-21_15-36-50/tools/timeit" 500 /dev/null Output/7zEncode.llvm.o.compile /usr/bin/clang++ -I/home/ed/mcsema-testing/SANDBOX/test-2015-12-21_15-36-50/MultiSource/Benchmarks/7zip -I/home/ed/mcsema-testing/llvm-test-suite/MultiSource/Benchmarks/7zip -I/home/ed/mcsema-testing/llvm-test-suite/include -I../../../include -D_GNU_SOURCE -D__STDC_LIMIT_MACROS -DNDEBUG -DBREAK_HANDLER -DUNICODE -D_UNICODE -I/home/ed/mcsema-testing/llvm-test-suite/MultiSource/Benchmarks/7zip/C -I/home/ed/mcsema-testing/llvm-test-suite/MultiSource/Benchmarks/7zip/CPP/myWindows -I/home/ed/mcsema-testing/llvm-test-suite/MultiSource/Benchmarks/7zip/CPP/include_windows -I/home/ed/mcsema-testing/llvm-test-suite/MultiSource/Benchmarks/7zip/CPP -I. -D_FILE_OFFSET_BITS=64 -D_LARGEFILE_SOURCE -DNDEBUG -D_REENTRANT -DENV_UNIX -D_7ZIP_LARGE_PAGES -pthread -O3  -c /home/ed/mcsema-testing/llvm-test-suite/MultiSource/Benchmarks/7zip/CPP/7zip/Archive/7z/7zEncode.cpp -o Output/7zEncode.llvm.o
/home/ed/mcsema-testing/llvm-test-suite/RunSafely.sh --show-errors -t "/home/ed/mcsema-testing/SANDBOX/test-2015-12-21_15-36-50/tools/timeit" 500 /dev/null Output/7zExtract.llvm.o.compile /usr/bin/clang++ -I/home/ed/mcsema-testing/SANDBOX/test-2015-12-21_15-36-50/MultiSource/Benchmarks/7zip -I/home/ed/mcsema-testing/llvm-test-suite/MultiSource/Benchmarks/7zip -I/home/ed/mcsema-testing/llvm-test-suite/include -I../../../include -D_GNU_SOURCE -D__STDC_LIMIT_MACROS -DNDEBUG -DBREAK_HANDLER -DUNICODE -D_UNICODE -I/home/ed/mcsema-testing/llvm-test-suite/MultiSource/Benchmarks/7zip/C -I/home/ed/mcsema-testing/llvm-test-suite/MultiSource/Benchmarks/7zip/CPP/myWindows -I/home/ed/mcsema-testing/llvm-test-suite/MultiSource/Benchmarks/7zip/CPP/include_windows -I/home/ed/mcsema-testing/llvm-test-suite/MultiSource/Benchmarks/7zip/CPP -I. -D_FILE_OFFSET_BITS=64 -D_LARGEFILE_SOURCE -DNDEBUG -D_REENTRANT -DENV_UNIX -D_7ZIP_LARGE_PAGES -pthread -O3  -c /home/ed/mcsema-testing/llvm-test-suite/MultiSource/Benchmarks/7zip/CPP/7zip/Archive/7z/7zExtract.cpp -o Output/7zExtract.llvm.o
/home/ed/mcsema-testing/llvm-test-suite/RunSafely.sh --show-errors -t "/home/ed/mcsema-testing/SANDBOX/test-2015-12-21_15-36-50/tools/timeit" 500 /dev/null Output/7zFolderInStream.llvm.o.compile /usr/bin/clang++ -I/home/ed/mcsema-testing/SANDBOX/test-2015-12-21_15-36-50/MultiSource/Benchmarks/7zip -I/home/ed/mcsema-testing/llvm-test-suite/MultiSource/Benchmarks/7zip -I/home/ed/mcsema-testing/llvm-test-suite/include -I../../../include -D_GNU_SOURCE -D__STDC_LIMIT_MACROS -DNDEBUG -DBREAK_HANDLER -DUNICODE -D_UNICODE -I/home/ed/mcsema-testing/llvm-test-suite/MultiSource/Benchmarks/7zip/C -I/home/ed/mcsema-testing/llvm-test-suite/MultiSource/Benchmarks/7zip/CPP/myWindows -I/home/ed/mcsema-testing/llvm-test-suite/MultiSource/Benchmarks/7zip/CPP/include_windows -I/home/ed/mcsema-testing/llvm-test-suite/MultiSource/Benchmarks/7zip/CPP -I. -D_FILE_OFFSET_BITS=64 -D_LARGEFILE_SOURCE -DNDEBUG -D_REENTRANT -DENV_UNIX -D_7ZIP_LARGE_PAGES -pthread -O3  -c /home/ed/mcsema-testing/llvm-test-suite/MultiSource/Benchmarks/7zip/CPP/7zip/Archive/7z/7zFolderInStream.cpp -o Output/7zFolderInStream.llvm.o
/home/ed/mcsema-testing/llvm-test-suite/RunSafely.sh --show-errors -t "/home/ed/mcsema-testing/SANDBOX/test-2015-12-21_15-36-50/tools/timeit" 500 /dev/null Output/7zFolderOutStream.llvm.o.compile /usr/bin/clang++ -I/home/ed/mcsema-testing/SANDBOX/test-2015-12-21_15-36-50/MultiSource/Benchmarks/7zip -I/home/ed/mcsema-testing/llvm-test-suite/MultiSource/Benchmarks/7zip -I/home/ed/mcsema-testing/llvm-test-suite/include -I../../../include -D_GNU_SOURCE -D__STDC_LIMIT_MACROS -DNDEBUG -DBREAK_HANDLER -DUNICODE -D_UNICODE -I/home/ed/mcsema-testing/llvm-test-suite/MultiSource/Benchmarks/7zip/C -I/home/ed/mcsema-testing/llvm-test-suite/MultiSource/Benchmarks/7zip/CPP/myWindows -I/home/ed/mcsema-testing/llvm-test-suite/MultiSource/Benchmarks/7zip/CPP/include_windows -I/home/ed/mcsema-testing/llvm-test-suite/MultiSource/Benchmarks/7zip/CPP -I. -D_FILE_OFFSET_BITS=64 -D_LARGEFILE_SOURCE -DNDEBUG -D_REENTRANT -DENV_UNIX -D_7ZIP_LARGE_PAGES -pthread -O3  -c /home/ed/mcsema-testing/llvm-test-suite/MultiSource/Benchmarks/7zip/CPP/7zip/Archive/7z/7zFolderOutStream.cpp -o Output/7zFolderOutStream.llvm.o
/home/ed/mcsema-testing/llvm-test-suite/RunSafely.sh --show-errors -t "/home/ed/mcsema-testing/SANDBOX/test-2015-12-21_15-36-50/tools/timeit" 500 /dev/null Output/7zHandler.llvm.o.compile /usr/bin/clang++ -I/home/ed/mcsema-testing/SANDBOX/test-2015-12-21_15-36-50/MultiSource/Benchmarks/7zip -I/home/ed/mcsema-testing/llvm-test-suite/MultiSource/Benchmarks/7zip -I/home/ed/mcsema-testing/llvm-test-suite/include -I../../../include -D_GNU_SOURCE -D__STDC_LIMIT_MACROS -DNDEBUG -DBREAK_HANDLER -DUNICODE -D_UNICODE -I/home/ed/mcsema-testing/llvm-test-suite/MultiSource/Benchmarks/7zip/C -I/home/ed/mcsema-testing/llvm-test-suite/MultiSource/Benchmarks/7zip/CPP/myWindows -I/home/ed/mcsema-testing/llvm-test-suite/MultiSource/Benchmarks/7zip/CPP/include_windows -I/home/ed/mcsema-testing/llvm-test-suite/MultiSource/Benchmarks/7zip/CPP -I. -D_FILE_OFFSET_BITS=64 -D_LARGEFILE_SOURCE -DNDEBUG -D_REENTRANT -DENV_UNIX -D_7ZIP_LARGE_PAGES -pthread -O3  -c /home/ed/mcsema-testing/llvm-test-suite/MultiSource/Benchmarks/7zip/CPP/7zip/Archive/7z/7zHandler.cpp -o Output/7zHandler.llvm.o
/home/ed/mcsema-testing/llvm-test-suite/RunSafely.sh --show-errors -t "/home/ed/mcsema-testing/SANDBOX/test-2015-12-21_15-36-50/tools/timeit" 500 /dev/null Output/7zHandlerOut.llvm.o.compile /usr/bin/clang++ -I/home/ed/mcsema-testing/SANDBOX/test-2015-12-21_15-36-50/MultiSource/Benchmarks/7zip -I/home/ed/mcsema-testing/llvm-test-suite/MultiSource/Benchmarks/7zip -I/home/ed/mcsema-testing/llvm-test-suite/include -I../../../include -D_GNU_SOURCE -D__STDC_LIMIT_MACROS -DNDEBUG -DBREAK_HANDLER -DUNICODE -D_UNICODE -I/home/ed/mcsema-testing/llvm-test-suite/MultiSource/Benchmarks/7zip/C -I/home/ed/mcsema-testing/llvm-test-suite/MultiSource/Benchmarks/7zip/CPP/myWindows -I/home/ed/mcsema-testing/llvm-test-suite/MultiSource/Benchmarks/7zip/CPP/include_windows -I/home/ed/mcsema-testing/llvm-test-suite/MultiSource/Benchmarks/7zip/CPP -I. -D_FILE_OFFSET_BITS=64 -D_LARGEFILE_SOURCE -DNDEBUG -D_REENTRANT -DENV_UNIX -D_7ZIP_LARGE_PAGES -pthread -O3  -c /home/ed/mcsema-testing/llvm-test-suite/MultiSource/Benchmarks/7zip/CPP/7zip/Archive/7z/7zHandlerOut.cpp -o Output/7zHandlerOut.llvm.o
/home/ed/mcsema-testing/llvm-test-suite/RunSafely.sh --show-errors -t "/home/ed/mcsema-testing/SANDBOX/test-2015-12-21_15-36-50/tools/timeit" 500 /dev/null Output/7zHeader.llvm.o.compile /usr/bin/clang++ -I/home/ed/mcsema-testing/SANDBOX/test-2015-12-21_15-36-50/MultiSource/Benchmarks/7zip -I/home/ed/mcsema-testing/llvm-test-suite/MultiSource/Benchmarks/7zip -I/home/ed/mcsema-testing/llvm-test-suite/include -I../../../include -D_GNU_SOURCE -D__STDC_LIMIT_MACROS -DNDEBUG -DBREAK_HANDLER -DUNICODE -D_UNICODE -I/home/ed/mcsema-testing/llvm-test-suite/MultiSource/Benchmarks/7zip/C -I/home/ed/mcsema-testing/llvm-test-suite/MultiSource/Benchmarks/7zip/CPP/myWindows -I/home/ed/mcsema-testing/llvm-test-suite/MultiSource/Benchmarks/7zip/CPP/include_windows -I/home/ed/mcsema-testing/llvm-test-suite/MultiSource/Benchmarks/7zip/CPP -I. -D_FILE_OFFSET_BITS=64 -D_LARGEFILE_SOURCE -DNDEBUG -D_REENTRANT -DENV_UNIX -D_7ZIP_LARGE_PAGES -pthread -O3  -c /home/ed/mcsema-testing/llvm-test-suite/MultiSource/Benchmarks/7zip/CPP/7zip/Archive/7z/7zHeader.cpp -o Output/7zHeader.llvm.o
/home/ed/mcsema-testing/llvm-test-suite/RunSafely.sh --show-errors -t "/home/ed/mcsema-testing/SANDBOX/test-2015-12-21_15-36-50/tools/timeit" 500 /dev/null Output/7zIn.llvm.o.compile /usr/bin/clang++ -I/home/ed/mcsema-testing/SANDBOX/test-2015-12-21_15-36-50/MultiSource/Benchmarks/7zip -I/home/ed/mcsema-testing/llvm-test-suite/MultiSource/Benchmarks/7zip -I/home/ed/mcsema-testing/llvm-test-suite/include -I../../../include -D_GNU_SOURCE -D__STDC_LIMIT_MACROS -DNDEBUG -DBREAK_HANDLER -DUNICODE -D_UNICODE -I/home/ed/mcsema-testing/llvm-test-suite/MultiSource/Benchmarks/7zip/C -I/home/ed/mcsema-testing/llvm-test-suite/MultiSource/Benchmarks/7zip/CPP/myWindows -I/home/ed/mcsema-testing/llvm-test-suite/MultiSource/Benchmarks/7zip/CPP/include_windows -I/home/ed/mcsema-testing/llvm-test-suite/MultiSource/Benchmarks/7zip/CPP -I. -D_FILE_OFFSET_BITS=64 -D_LARGEFILE_SOURCE -DNDEBUG -D_REENTRANT -DENV_UNIX -D_7ZIP_LARGE_PAGES -pthread -O3  -c /home/ed/mcsema-testing/llvm-test-suite/MultiSource/Benchmarks/7zip/CPP/7zip/Archive/7z/7zIn.cpp -o Output/7zIn.llvm.o
/home/ed/mcsema-testing/llvm-test-suite/RunSafely.sh --show-errors -t "/home/ed/mcsema-testing/SANDBOX/test-2015-12-21_15-36-50/tools/timeit" 500 /dev/null Output/7zOut.llvm.o.compile /usr/bin/clang++ -I/home/ed/mcsema-testing/SANDBOX/test-2015-12-21_15-36-50/MultiSource/Benchmarks/7zip -I/home/ed/mcsema-testing/llvm-test-suite/MultiSource/Benchmarks/7zip -I/home/ed/mcsema-testing/llvm-test-suite/include -I../../../include -D_GNU_SOURCE -D__STDC_LIMIT_MACROS -DNDEBUG -DBREAK_HANDLER -DUNICODE -D_UNICODE -I/home/ed/mcsema-testing/llvm-test-suite/MultiSource/Benchmarks/7zip/C -I/home/ed/mcsema-testing/llvm-test-suite/MultiSource/Benchmarks/7zip/CPP/myWindows -I/home/ed/mcsema-testing/llvm-test-suite/MultiSource/Benchmarks/7zip/CPP/include_windows -I/home/ed/mcsema-testing/llvm-test-suite/MultiSource/Benchmarks/7zip/CPP -I. -D_FILE_OFFSET_BITS=64 -D_LARGEFILE_SOURCE -DNDEBUG -D_REENTRANT -DENV_UNIX -D_7ZIP_LARGE_PAGES -pthread -O3  -c /home/ed/mcsema-testing/llvm-test-suite/MultiSource/Benchmarks/7zip/CPP/7zip/Archive/7z/7zOut.cpp -o Output/7zOut.llvm.o
/home/ed/mcsema-testing/llvm-test-suite/RunSafely.sh --show-errors -t "/home/ed/mcsema-testing/SANDBOX/test-2015-12-21_15-36-50/tools/timeit" 500 /dev/null Output/7zProperties.llvm.o.compile /usr/bin/clang++ -I/home/ed/mcsema-testing/SANDBOX/test-2015-12-21_15-36-50/MultiSource/Benchmarks/7zip -I/home/ed/mcsema-testing/llvm-test-suite/MultiSource/Benchmarks/7zip -I/home/ed/mcsema-testing/llvm-test-suite/include -I../../../include -D_GNU_SOURCE -D__STDC_LIMIT_MACROS -DNDEBUG -DBREAK_HANDLER -DUNICODE -D_UNICODE -I/home/ed/mcsema-testing/llvm-test-suite/MultiSource/Benchmarks/7zip/C -I/home/ed/mcsema-testing/llvm-test-suite/MultiSource/Benchmarks/7zip/CPP/myWindows -I/home/ed/mcsema-testing/llvm-test-suite/MultiSource/Benchmarks/7zip/CPP/include_windows -I/home/ed/mcsema-testing/llvm-test-suite/MultiSource/Benchmarks/7zip/CPP -I. -D_FILE_OFFSET_BITS=64 -D_LARGEFILE_SOURCE -DNDEBUG -D_REENTRANT -DENV_UNIX -D_7ZIP_LARGE_PAGES -pthread -O3  -c /home/ed/mcsema-testing/llvm-test-suite/MultiSource/Benchmarks/7zip/CPP/7zip/Archive/7z/7zProperties.cpp -o Output/7zProperties.llvm.o
/home/ed/mcsema-testing/llvm-test-suite/RunSafely.sh --show-errors -t "/home/ed/mcsema-testing/SANDBOX/test-2015-12-21_15-36-50/tools/timeit" 500 /dev/null Output/7zRegister.llvm.o.compile /usr/bin/clang++ -I/home/ed/mcsema-testing/SANDBOX/test-2015-12-21_15-36-50/MultiSource/Benchmarks/7zip -I/home/ed/mcsema-testing/llvm-test-suite/MultiSource/Benchmarks/7zip -I/home/ed/mcsema-testing/llvm-test-suite/include -I../../../include -D_GNU_SOURCE -D__STDC_LIMIT_MACROS -DNDEBUG -DBREAK_HANDLER -DUNICODE -D_UNICODE -I/home/ed/mcsema-testing/llvm-test-suite/MultiSource/Benchmarks/7zip/C -I/home/ed/mcsema-testing/llvm-test-suite/MultiSource/Benchmarks/7zip/CPP/myWindows -I/home/ed/mcsema-testing/llvm-test-suite/MultiSource/Benchmarks/7zip/CPP/include_windows -I/home/ed/mcsema-testing/llvm-test-suite/MultiSource/Benchmarks/7zip/CPP -I. -D_FILE_OFFSET_BITS=64 -D_LARGEFILE_SOURCE -DNDEBUG -D_REENTRANT -DENV_UNIX -D_7ZIP_LARGE_PAGES -pthread -O3  -c /home/ed/mcsema-testing/llvm-test-suite/MultiSource/Benchmarks/7zip/CPP/7zip/Archive/7z/7zRegister.cpp -o Output/7zRegister.llvm.o
/home/ed/mcsema-testing/llvm-test-suite/RunSafely.sh --show-errors -t "/home/ed/mcsema-testing/SANDBOX/test-2015-12-21_15-36-50/tools/timeit" 500 /dev/null Output/7zSpecStream.llvm.o.compile /usr/bin/clang++ -I/home/ed/mcsema-testing/SANDBOX/test-2015-12-21_15-36-50/MultiSource/Benchmarks/7zip -I/home/ed/mcsema-testing/llvm-test-suite/MultiSource/Benchmarks/7zip -I/home/ed/mcsema-testing/llvm-test-suite/include -I../../../include -D_GNU_SOURCE -D__STDC_LIMIT_MACROS -DNDEBUG -DBREAK_HANDLER -DUNICODE -D_UNICODE -I/home/ed/mcsema-testing/llvm-test-suite/MultiSource/Benchmarks/7zip/C -I/home/ed/mcsema-testing/llvm-test-suite/MultiSource/Benchmarks/7zip/CPP/myWindows -I/home/ed/mcsema-testing/llvm-test-suite/MultiSource/Benchmarks/7zip/CPP/include_windows -I/home/ed/mcsema-testing/llvm-test-suite/MultiSource/Benchmarks/7zip/CPP -I. -D_FILE_OFFSET_BITS=64 -D_LARGEFILE_SOURCE -DNDEBUG -D_REENTRANT -DENV_UNIX -D_7ZIP_LARGE_PAGES -pthread -O3  -c /home/ed/mcsema-testing/llvm-test-suite/MultiSource/Benchmarks/7zip/CPP/7zip/Archive/7z/7zSpecStream.cpp -o Output/7zSpecStream.llvm.o
/home/ed/mcsema-testing/llvm-test-suite/RunSafely.sh --show-errors -t "/home/ed/mcsema-testing/SANDBOX/test-2015-12-21_15-36-50/tools/timeit" 500 /dev/null Output/7zStream.llvm.o.compile /usr/bin/clang -I/home/ed/mcsema-testing/SANDBOX/test-2015-12-21_15-36-50/MultiSource/Benchmarks/7zip -I/home/ed/mcsema-testing/llvm-test-suite/MultiSource/Benchmarks/7zip -I/home/ed/mcsema-testing/llvm-test-suite/include -I../../../include -D_GNU_SOURCE -D__STDC_LIMIT_MACROS -DNDEBUG -DBREAK_HANDLER -DUNICODE -D_UNICODE -I/home/ed/mcsema-testing/llvm-test-suite/MultiSource/Benchmarks/7zip/C -I/home/ed/mcsema-testing/llvm-test-suite/MultiSource/Benchmarks/7zip/CPP/myWindows -I/home/ed/mcsema-testing/llvm-test-suite/MultiSource/Benchmarks/7zip/CPP/include_windows -I/home/ed/mcsema-testing/llvm-test-suite/MultiSource/Benchmarks/7zip/CPP -I. -D_FILE_OFFSET_BITS=64 -D_LARGEFILE_SOURCE -DNDEBUG -D_REENTRANT -DENV_UNIX -D_7ZIP_LARGE_PAGES -pthread -O3  -c /home/ed/mcsema-testing/llvm-test-suite/MultiSource/Benchmarks/7zip/C/7zStream.c -o Output/7zStream.llvm.o
/home/ed/mcsema-testing/llvm-test-suite/RunSafely.sh --show-errors -t "/home/ed/mcsema-testing/SANDBOX/test-2015-12-21_15-36-50/tools/timeit" 500 /dev/null Output/7zUpdate.llvm.o.compile /usr/bin/clang++ -I/home/ed/mcsema-testing/SANDBOX/test-2015-12-21_15-36-50/MultiSource/Benchmarks/7zip -I/home/ed/mcsema-testing/llvm-test-suite/MultiSource/Benchmarks/7zip -I/home/ed/mcsema-testing/llvm-test-suite/include -I../../../include -D_GNU_SOURCE -D__STDC_LIMIT_MACROS -DNDEBUG -DBREAK_HANDLER -DUNICODE -D_UNICODE -I/home/ed/mcsema-testing/llvm-test-suite/MultiSource/Benchmarks/7zip/C -I/home/ed/mcsema-testing/llvm-test-suite/MultiSource/Benchmarks/7zip/CPP/myWindows -I/home/ed/mcsema-testing/llvm-test-suite/MultiSource/Benchmarks/7zip/CPP/include_windows -I/home/ed/mcsema-testing/llvm-test-suite/MultiSource/Benchmarks/7zip/CPP -I. -D_FILE_OFFSET_BITS=64 -D_LARGEFILE_SOURCE -DNDEBUG -D_REENTRANT -DENV_UNIX -D_7ZIP_LARGE_PAGES -pthread -O3  -c /home/ed/mcsema-testing/llvm-test-suite/MultiSource/Benchmarks/7zip/CPP/7zip/Archive/7z/7zUpdate.cpp -o Output/7zUpdate.llvm.o
/home/ed/mcsema-testing/llvm-test-suite/RunSafely.sh --show-errors -t "/home/ed/mcsema-testing/SANDBOX/test-2015-12-21_15-36-50/tools/timeit" 500 /dev/null Output/Aes.llvm.o.compile /usr/bin/clang -I/home/ed/mcsema-testing/SANDBOX/test-2015-12-21_15-36-50/MultiSource/Benchmarks/7zip -I/home/ed/mcsema-testing/llvm-test-suite/MultiSource/Benchmarks/7zip -I/home/ed/mcsema-testing/llvm-test-suite/include -I../../../include -D_GNU_SOURCE -D__STDC_LIMIT_MACROS -DNDEBUG -DBREAK_HANDLER -DUNICODE -D_UNICODE -I/home/ed/mcsema-testing/llvm-test-suite/MultiSource/Benchmarks/7zip/C -I/home/ed/mcsema-testing/llvm-test-suite/MultiSource/Benchmarks/7zip/CPP/myWindows -I/home/ed/mcsema-testing/llvm-test-suite/MultiSource/Benchmarks/7zip/CPP/include_windows -I/home/ed/mcsema-testing/llvm-test-suite/MultiSource/Benchmarks/7zip/CPP -I. -D_FILE_OFFSET_BITS=64 -D_LARGEFILE_SOURCE -DNDEBUG -D_REENTRANT -DENV_UNIX -D_7ZIP_LARGE_PAGES -pthread -O3  -c /home/ed/mcsema-testing/llvm-test-suite/MultiSource/Benchmarks/7zip/C/Aes.c -o Output/Aes.llvm.o
/home/ed/mcsema-testing/llvm-test-suite/RunSafely.sh --show-errors -t "/home/ed/mcsema-testing/SANDBOX/test-2015-12-21_15-36-50/tools/timeit" 500 /dev/null Output/Alloc.llvm.o.compile /usr/bin/clang -I/home/ed/mcsema-testing/SANDBOX/test-2015-12-21_15-36-50/MultiSource/Benchmarks/7zip -I/home/ed/mcsema-testing/llvm-test-suite/MultiSource/Benchmarks/7zip -I/home/ed/mcsema-testing/llvm-test-suite/include -I../../../include -D_GNU_SOURCE -D__STDC_LIMIT_MACROS -DNDEBUG -DBREAK_HANDLER -DUNICODE -D_UNICODE -I/home/ed/mcsema-testing/llvm-test-suite/MultiSource/Benchmarks/7zip/C -I/home/ed/mcsema-testing/llvm-test-suite/MultiSource/Benchmarks/7zip/CPP/myWindows -I/home/ed/mcsema-testing/llvm-test-suite/MultiSource/Benchmarks/7zip/CPP/include_windows -I/home/ed/mcsema-testing/llvm-test-suite/MultiSource/Benchmarks/7zip/CPP -I. -D_FILE_OFFSET_BITS=64 -D_LARGEFILE_SOURCE -DNDEBUG -D_REENTRANT -DENV_UNIX -D_7ZIP_LARGE_PAGES -pthread -O3  -c /home/ed/mcsema-testing/llvm-test-suite/MultiSource/Benchmarks/7zip/C/Alloc.c -o Output/Alloc.llvm.o
/home/ed/mcsema-testing/llvm-test-suite/RunSafely.sh --show-errors -t "/home/ed/mcsema-testing/SANDBOX/test-2015-12-21_15-36-50/tools/timeit" 500 /dev/null Output/ArchiveCommandLine.llvm.o.compile /usr/bin/clang++ -I/home/ed/mcsema-testing/SANDBOX/test-2015-12-21_15-36-50/MultiSource/Benchmarks/7zip -I/home/ed/mcsema-testing/llvm-test-suite/MultiSource/Benchmarks/7zip -I/home/ed/mcsema-testing/llvm-test-suite/include -I../../../include -D_GNU_SOURCE -D__STDC_LIMIT_MACROS -DNDEBUG -DBREAK_HANDLER -DUNICODE -D_UNICODE -I/home/ed/mcsema-testing/llvm-test-suite/MultiSource/Benchmarks/7zip/C -I/home/ed/mcsema-testing/llvm-test-suite/MultiSource/Benchmarks/7zip/CPP/myWindows -I/home/ed/mcsema-testing/llvm-test-suite/MultiSource/Benchmarks/7zip/CPP/include_windows -I/home/ed/mcsema-testing/llvm-test-suite/MultiSource/Benchmarks/7zip/CPP -I. -D_FILE_OFFSET_BITS=64 -D_LARGEFILE_SOURCE -DNDEBUG -D_REENTRANT -DENV_UNIX -D_7ZIP_LARGE_PAGES -pthread -O3  -c /home/ed/mcsema-testing/llvm-test-suite/MultiSource/Benchmarks/7zip/CPP/7zip/UI/Common/ArchiveCommandLine.cpp -o Output/ArchiveCommandLine.llvm.o
/home/ed/mcsema-testing/llvm-test-suite/RunSafely.sh --show-errors -t "/home/ed/mcsema-testing/SANDBOX/test-2015-12-21_15-36-50/tools/timeit" 500 /dev/null Output/ArchiveExtractCallback.llvm.o.compile /usr/bin/clang++ -I/home/ed/mcsema-testing/SANDBOX/test-2015-12-21_15-36-50/MultiSource/Benchmarks/7zip -I/home/ed/mcsema-testing/llvm-test-suite/MultiSource/Benchmarks/7zip -I/home/ed/mcsema-testing/llvm-test-suite/include -I../../../include -D_GNU_SOURCE -D__STDC_LIMIT_MACROS -DNDEBUG -DBREAK_HANDLER -DUNICODE -D_UNICODE -I/home/ed/mcsema-testing/llvm-test-suite/MultiSource/Benchmarks/7zip/C -I/home/ed/mcsema-testing/llvm-test-suite/MultiSource/Benchmarks/7zip/CPP/myWindows -I/home/ed/mcsema-testing/llvm-test-suite/MultiSource/Benchmarks/7zip/CPP/include_windows -I/home/ed/mcsema-testing/llvm-test-suite/MultiSource/Benchmarks/7zip/CPP -I. -D_FILE_OFFSET_BITS=64 -D_LARGEFILE_SOURCE -DNDEBUG -D_REENTRANT -DENV_UNIX -D_7ZIP_LARGE_PAGES -pthread -O3  -c /home/ed/mcsema-testing/llvm-test-suite/MultiSource/Benchmarks/7zip/CPP/7zip/UI/Common/ArchiveExtractCallback.cpp -o Output/ArchiveExtractCallback.llvm.o
/home/ed/mcsema-testing/llvm-test-suite/RunSafely.sh --show-errors -t "/home/ed/mcsema-testing/SANDBOX/test-2015-12-21_15-36-50/tools/timeit" 500 /dev/null Output/ArchiveOpenCallback.llvm.o.compile /usr/bin/clang++ -I/home/ed/mcsema-testing/SANDBOX/test-2015-12-21_15-36-50/MultiSource/Benchmarks/7zip -I/home/ed/mcsema-testing/llvm-test-suite/MultiSource/Benchmarks/7zip -I/home/ed/mcsema-testing/llvm-test-suite/include -I../../../include -D_GNU_SOURCE -D__STDC_LIMIT_MACROS -DNDEBUG -DBREAK_HANDLER -DUNICODE -D_UNICODE -I/home/ed/mcsema-testing/llvm-test-suite/MultiSource/Benchmarks/7zip/C -I/home/ed/mcsema-testing/llvm-test-suite/MultiSource/Benchmarks/7zip/CPP/myWindows -I/home/ed/mcsema-testing/llvm-test-suite/MultiSource/Benchmarks/7zip/CPP/include_windows -I/home/ed/mcsema-testing/llvm-test-suite/MultiSource/Benchmarks/7zip/CPP -I. -D_FILE_OFFSET_BITS=64 -D_LARGEFILE_SOURCE -DNDEBUG -D_REENTRANT -DENV_UNIX -D_7ZIP_LARGE_PAGES -pthread -O3  -c /home/ed/mcsema-testing/llvm-test-suite/MultiSource/Benchmarks/7zip/CPP/7zip/UI/Common/ArchiveOpenCallback.cpp -o Output/ArchiveOpenCallback.llvm.o
/home/ed/mcsema-testing/llvm-test-suite/RunSafely.sh --show-errors -t "/home/ed/mcsema-testing/SANDBOX/test-2015-12-21_15-36-50/tools/timeit" 500 /dev/null Output/BZip2Crc.llvm.o.compile /usr/bin/clang++ -I/home/ed/mcsema-testing/SANDBOX/test-2015-12-21_15-36-50/MultiSource/Benchmarks/7zip -I/home/ed/mcsema-testing/llvm-test-suite/MultiSource/Benchmarks/7zip -I/home/ed/mcsema-testing/llvm-test-suite/include -I../../../include -D_GNU_SOURCE -D__STDC_LIMIT_MACROS -DNDEBUG -DBREAK_HANDLER -DUNICODE -D_UNICODE -I/home/ed/mcsema-testing/llvm-test-suite/MultiSource/Benchmarks/7zip/C -I/home/ed/mcsema-testing/llvm-test-suite/MultiSource/Benchmarks/7zip/CPP/myWindows -I/home/ed/mcsema-testing/llvm-test-suite/MultiSource/Benchmarks/7zip/CPP/include_windows -I/home/ed/mcsema-testing/llvm-test-suite/MultiSource/Benchmarks/7zip/CPP -I. -D_FILE_OFFSET_BITS=64 -D_LARGEFILE_SOURCE -DNDEBUG -D_REENTRANT -DENV_UNIX -D_7ZIP_LARGE_PAGES -pthread -O3  -c /home/ed/mcsema-testing/llvm-test-suite/MultiSource/Benchmarks/7zip/CPP/7zip/Compress/BZip2Crc.cpp -o Output/BZip2Crc.llvm.o
/home/ed/mcsema-testing/llvm-test-suite/RunSafely.sh --show-errors -t "/home/ed/mcsema-testing/SANDBOX/test-2015-12-21_15-36-50/tools/timeit" 500 /dev/null Output/BZip2Decoder.llvm.o.compile /usr/bin/clang++ -I/home/ed/mcsema-testing/SANDBOX/test-2015-12-21_15-36-50/MultiSource/Benchmarks/7zip -I/home/ed/mcsema-testing/llvm-test-suite/MultiSource/Benchmarks/7zip -I/home/ed/mcsema-testing/llvm-test-suite/include -I../../../include -D_GNU_SOURCE -D__STDC_LIMIT_MACROS -DNDEBUG -DBREAK_HANDLER -DUNICODE -D_UNICODE -I/home/ed/mcsema-testing/llvm-test-suite/MultiSource/Benchmarks/7zip/C -I/home/ed/mcsema-testing/llvm-test-suite/MultiSource/Benchmarks/7zip/CPP/myWindows -I/home/ed/mcsema-testing/llvm-test-suite/MultiSource/Benchmarks/7zip/CPP/include_windows -I/home/ed/mcsema-testing/llvm-test-suite/MultiSource/Benchmarks/7zip/CPP -I. -D_FILE_OFFSET_BITS=64 -D_LARGEFILE_SOURCE -DNDEBUG -D_REENTRANT -DENV_UNIX -D_7ZIP_LARGE_PAGES -pthread -O3  -c /home/ed/mcsema-testing/llvm-test-suite/MultiSource/Benchmarks/7zip/CPP/7zip/Compress/BZip2Decoder.cpp -o Output/BZip2Decoder.llvm.o
/home/ed/mcsema-testing/llvm-test-suite/RunSafely.sh --show-errors -t "/home/ed/mcsema-testing/SANDBOX/test-2015-12-21_15-36-50/tools/timeit" 500 /dev/null Output/BZip2Encoder.llvm.o.compile /usr/bin/clang++ -I/home/ed/mcsema-testing/SANDBOX/test-2015-12-21_15-36-50/MultiSource/Benchmarks/7zip -I/home/ed/mcsema-testing/llvm-test-suite/MultiSource/Benchmarks/7zip -I/home/ed/mcsema-testing/llvm-test-suite/include -I../../../include -D_GNU_SOURCE -D__STDC_LIMIT_MACROS -DNDEBUG -DBREAK_HANDLER -DUNICODE -D_UNICODE -I/home/ed/mcsema-testing/llvm-test-suite/MultiSource/Benchmarks/7zip/C -I/home/ed/mcsema-testing/llvm-test-suite/MultiSource/Benchmarks/7zip/CPP/myWindows -I/home/ed/mcsema-testing/llvm-test-suite/MultiSource/Benchmarks/7zip/CPP/include_windows -I/home/ed/mcsema-testing/llvm-test-suite/MultiSource/Benchmarks/7zip/CPP -I. -D_FILE_OFFSET_BITS=64 -D_LARGEFILE_SOURCE -DNDEBUG -D_REENTRANT -DENV_UNIX -D_7ZIP_LARGE_PAGES -pthread -O3  -c /home/ed/mcsema-testing/llvm-test-suite/MultiSource/Benchmarks/7zip/CPP/7zip/Compress/BZip2Encoder.cpp -o Output/BZip2Encoder.llvm.o
/home/ed/mcsema-testing/llvm-test-suite/RunSafely.sh --show-errors -t "/home/ed/mcsema-testing/SANDBOX/test-2015-12-21_15-36-50/tools/timeit" 500 /dev/null Output/BZip2Register.llvm.o.compile /usr/bin/clang++ -I/home/ed/mcsema-testing/SANDBOX/test-2015-12-21_15-36-50/MultiSource/Benchmarks/7zip -I/home/ed/mcsema-testing/llvm-test-suite/MultiSource/Benchmarks/7zip -I/home/ed/mcsema-testing/llvm-test-suite/include -I../../../include -D_GNU_SOURCE -D__STDC_LIMIT_MACROS -DNDEBUG -DBREAK_HANDLER -DUNICODE -D_UNICODE -I/home/ed/mcsema-testing/llvm-test-suite/MultiSource/Benchmarks/7zip/C -I/home/ed/mcsema-testing/llvm-test-suite/MultiSource/Benchmarks/7zip/CPP/myWindows -I/home/ed/mcsema-testing/llvm-test-suite/MultiSource/Benchmarks/7zip/CPP/include_windows -I/home/ed/mcsema-testing/llvm-test-suite/MultiSource/Benchmarks/7zip/CPP -I. -D_FILE_OFFSET_BITS=64 -D_LARGEFILE_SOURCE -DNDEBUG -D_REENTRANT -DENV_UNIX -D_7ZIP_LARGE_PAGES -pthread -O3  -c /home/ed/mcsema-testing/llvm-test-suite/MultiSource/Benchmarks/7zip/CPP/7zip/Compress/BZip2Register.cpp -o Output/BZip2Register.llvm.o
/home/ed/mcsema-testing/llvm-test-suite/RunSafely.sh --show-errors -t "/home/ed/mcsema-testing/SANDBOX/test-2015-12-21_15-36-50/tools/timeit" 500 /dev/null Output/Bcj2Coder.llvm.o.compile /usr/bin/clang++ -I/home/ed/mcsema-testing/SANDBOX/test-2015-12-21_15-36-50/MultiSource/Benchmarks/7zip -I/home/ed/mcsema-testing/llvm-test-suite/MultiSource/Benchmarks/7zip -I/home/ed/mcsema-testing/llvm-test-suite/include -I../../../include -D_GNU_SOURCE -D__STDC_LIMIT_MACROS -DNDEBUG -DBREAK_HANDLER -DUNICODE -D_UNICODE -I/home/ed/mcsema-testing/llvm-test-suite/MultiSource/Benchmarks/7zip/C -I/home/ed/mcsema-testing/llvm-test-suite/MultiSource/Benchmarks/7zip/CPP/myWindows -I/home/ed/mcsema-testing/llvm-test-suite/MultiSource/Benchmarks/7zip/CPP/include_windows -I/home/ed/mcsema-testing/llvm-test-suite/MultiSource/Benchmarks/7zip/CPP -I. -D_FILE_OFFSET_BITS=64 -D_LARGEFILE_SOURCE -DNDEBUG -D_REENTRANT -DENV_UNIX -D_7ZIP_LARGE_PAGES -pthread -O3  -c /home/ed/mcsema-testing/llvm-test-suite/MultiSource/Benchmarks/7zip/CPP/7zip/Compress/Bcj2Coder.cpp -o Output/Bcj2Coder.llvm.o
/home/ed/mcsema-testing/llvm-test-suite/RunSafely.sh --show-errors -t "/home/ed/mcsema-testing/SANDBOX/test-2015-12-21_15-36-50/tools/timeit" 500 /dev/null Output/Bcj2Register.llvm.o.compile /usr/bin/clang++ -I/home/ed/mcsema-testing/SANDBOX/test-2015-12-21_15-36-50/MultiSource/Benchmarks/7zip -I/home/ed/mcsema-testing/llvm-test-suite/MultiSource/Benchmarks/7zip -I/home/ed/mcsema-testing/llvm-test-suite/include -I../../../include -D_GNU_SOURCE -D__STDC_LIMIT_MACROS -DNDEBUG -DBREAK_HANDLER -DUNICODE -D_UNICODE -I/home/ed/mcsema-testing/llvm-test-suite/MultiSource/Benchmarks/7zip/C -I/home/ed/mcsema-testing/llvm-test-suite/MultiSource/Benchmarks/7zip/CPP/myWindows -I/home/ed/mcsema-testing/llvm-test-suite/MultiSource/Benchmarks/7zip/CPP/include_windows -I/home/ed/mcsema-testing/llvm-test-suite/MultiSource/Benchmarks/7zip/CPP -I. -D_FILE_OFFSET_BITS=64 -D_LARGEFILE_SOURCE -DNDEBUG -D_REENTRANT -DENV_UNIX -D_7ZIP_LARGE_PAGES -pthread -O3  -c /home/ed/mcsema-testing/llvm-test-suite/MultiSource/Benchmarks/7zip/CPP/7zip/Compress/Bcj2Register.cpp -o Output/Bcj2Register.llvm.o
/home/ed/mcsema-testing/llvm-test-suite/RunSafely.sh --show-errors -t "/home/ed/mcsema-testing/SANDBOX/test-2015-12-21_15-36-50/tools/timeit" 500 /dev/null Output/BcjCoder.llvm.o.compile /usr/bin/clang++ -I/home/ed/mcsema-testing/SANDBOX/test-2015-12-21_15-36-50/MultiSource/Benchmarks/7zip -I/home/ed/mcsema-testing/llvm-test-suite/MultiSource/Benchmarks/7zip -I/home/ed/mcsema-testing/llvm-test-suite/include -I../../../include -D_GNU_SOURCE -D__STDC_LIMIT_MACROS -DNDEBUG -DBREAK_HANDLER -DUNICODE -D_UNICODE -I/home/ed/mcsema-testing/llvm-test-suite/MultiSource/Benchmarks/7zip/C -I/home/ed/mcsema-testing/llvm-test-suite/MultiSource/Benchmarks/7zip/CPP/myWindows -I/home/ed/mcsema-testing/llvm-test-suite/MultiSource/Benchmarks/7zip/CPP/include_windows -I/home/ed/mcsema-testing/llvm-test-suite/MultiSource/Benchmarks/7zip/CPP -I. -D_FILE_OFFSET_BITS=64 -D_LARGEFILE_SOURCE -DNDEBUG -D_REENTRANT -DENV_UNIX -D_7ZIP_LARGE_PAGES -pthread -O3  -c /home/ed/mcsema-testing/llvm-test-suite/MultiSource/Benchmarks/7zip/CPP/7zip/Compress/BcjCoder.cpp -o Output/BcjCoder.llvm.o
/home/ed/mcsema-testing/llvm-test-suite/RunSafely.sh --show-errors -t "/home/ed/mcsema-testing/SANDBOX/test-2015-12-21_15-36-50/tools/timeit" 500 /dev/null Output/BcjRegister.llvm.o.compile /usr/bin/clang++ -I/home/ed/mcsema-testing/SANDBOX/test-2015-12-21_15-36-50/MultiSource/Benchmarks/7zip -I/home/ed/mcsema-testing/llvm-test-suite/MultiSource/Benchmarks/7zip -I/home/ed/mcsema-testing/llvm-test-suite/include -I../../../include -D_GNU_SOURCE -D__STDC_LIMIT_MACROS -DNDEBUG -DBREAK_HANDLER -DUNICODE -D_UNICODE -I/home/ed/mcsema-testing/llvm-test-suite/MultiSource/Benchmarks/7zip/C -I/home/ed/mcsema-testing/llvm-test-suite/MultiSource/Benchmarks/7zip/CPP/myWindows -I/home/ed/mcsema-testing/llvm-test-suite/MultiSource/Benchmarks/7zip/CPP/include_windows -I/home/ed/mcsema-testing/llvm-test-suite/MultiSource/Benchmarks/7zip/CPP -I. -D_FILE_OFFSET_BITS=64 -D_LARGEFILE_SOURCE -DNDEBUG -D_REENTRANT -DENV_UNIX -D_7ZIP_LARGE_PAGES -pthread -O3  -c /home/ed/mcsema-testing/llvm-test-suite/MultiSource/Benchmarks/7zip/CPP/7zip/Compress/BcjRegister.cpp -o Output/BcjRegister.llvm.o
/home/ed/mcsema-testing/llvm-test-suite/RunSafely.sh --show-errors -t "/home/ed/mcsema-testing/SANDBOX/test-2015-12-21_15-36-50/tools/timeit" 500 /dev/null Output/Bench.llvm.o.compile /usr/bin/clang++ -I/home/ed/mcsema-testing/SANDBOX/test-2015-12-21_15-36-50/MultiSource/Benchmarks/7zip -I/home/ed/mcsema-testing/llvm-test-suite/MultiSource/Benchmarks/7zip -I/home/ed/mcsema-testing/llvm-test-suite/include -I../../../include -D_GNU_SOURCE -D__STDC_LIMIT_MACROS -DNDEBUG -DBREAK_HANDLER -DUNICODE -D_UNICODE -I/home/ed/mcsema-testing/llvm-test-suite/MultiSource/Benchmarks/7zip/C -I/home/ed/mcsema-testing/llvm-test-suite/MultiSource/Benchmarks/7zip/CPP/myWindows -I/home/ed/mcsema-testing/llvm-test-suite/MultiSource/Benchmarks/7zip/CPP/include_windows -I/home/ed/mcsema-testing/llvm-test-suite/MultiSource/Benchmarks/7zip/CPP -I. -D_FILE_OFFSET_BITS=64 -D_LARGEFILE_SOURCE -DNDEBUG -D_REENTRANT -DENV_UNIX -D_7ZIP_LARGE_PAGES -pthread -O3  -c /home/ed/mcsema-testing/llvm-test-suite/MultiSource/Benchmarks/7zip/CPP/7zip/UI/Common/Bench.cpp -o Output/Bench.llvm.o
/home/ed/mcsema-testing/llvm-test-suite/RunSafely.sh --show-errors -t "/home/ed/mcsema-testing/SANDBOX/test-2015-12-21_15-36-50/tools/timeit" 500 /dev/null Output/BenchCon.llvm.o.compile /usr/bin/clang++ -I/home/ed/mcsema-testing/SANDBOX/test-2015-12-21_15-36-50/MultiSource/Benchmarks/7zip -I/home/ed/mcsema-testing/llvm-test-suite/MultiSource/Benchmarks/7zip -I/home/ed/mcsema-testing/llvm-test-suite/include -I../../../include -D_GNU_SOURCE -D__STDC_LIMIT_MACROS -DNDEBUG -DBREAK_HANDLER -DUNICODE -D_UNICODE -I/home/ed/mcsema-testing/llvm-test-suite/MultiSource/Benchmarks/7zip/C -I/home/ed/mcsema-testing/llvm-test-suite/MultiSource/Benchmarks/7zip/CPP/myWindows -I/home/ed/mcsema-testing/llvm-test-suite/MultiSource/Benchmarks/7zip/CPP/include_windows -I/home/ed/mcsema-testing/llvm-test-suite/MultiSource/Benchmarks/7zip/CPP -I. -D_FILE_OFFSET_BITS=64 -D_LARGEFILE_SOURCE -DNDEBUG -D_REENTRANT -DENV_UNIX -D_7ZIP_LARGE_PAGES -pthread -O3  -c /home/ed/mcsema-testing/llvm-test-suite/MultiSource/Benchmarks/7zip/CPP/7zip/UI/Console/BenchCon.cpp -o Output/BenchCon.llvm.o
/home/ed/mcsema-testing/llvm-test-suite/RunSafely.sh --show-errors -t "/home/ed/mcsema-testing/SANDBOX/test-2015-12-21_15-36-50/tools/timeit" 500 /dev/null Output/BitlDecoder.llvm.o.compile /usr/bin/clang++ -I/home/ed/mcsema-testing/SANDBOX/test-2015-12-21_15-36-50/MultiSource/Benchmarks/7zip -I/home/ed/mcsema-testing/llvm-test-suite/MultiSource/Benchmarks/7zip -I/home/ed/mcsema-testing/llvm-test-suite/include -I../../../include -D_GNU_SOURCE -D__STDC_LIMIT_MACROS -DNDEBUG -DBREAK_HANDLER -DUNICODE -D_UNICODE -I/home/ed/mcsema-testing/llvm-test-suite/MultiSource/Benchmarks/7zip/C -I/home/ed/mcsema-testing/llvm-test-suite/MultiSource/Benchmarks/7zip/CPP/myWindows -I/home/ed/mcsema-testing/llvm-test-suite/MultiSource/Benchmarks/7zip/CPP/include_windows -I/home/ed/mcsema-testing/llvm-test-suite/MultiSource/Benchmarks/7zip/CPP -I. -D_FILE_OFFSET_BITS=64 -D_LARGEFILE_SOURCE -DNDEBUG -D_REENTRANT -DENV_UNIX -D_7ZIP_LARGE_PAGES -pthread -O3  -c /home/ed/mcsema-testing/llvm-test-suite/MultiSource/Benchmarks/7zip/CPP/7zip/Compress/BitlDecoder.cpp -o Output/BitlDecoder.llvm.o
/home/ed/mcsema-testing/llvm-test-suite/RunSafely.sh --show-errors -t "/home/ed/mcsema-testing/SANDBOX/test-2015-12-21_15-36-50/tools/timeit" 500 /dev/null Output/Bra.llvm.o.compile /usr/bin/clang -I/home/ed/mcsema-testing/SANDBOX/test-2015-12-21_15-36-50/MultiSource/Benchmarks/7zip -I/home/ed/mcsema-testing/llvm-test-suite/MultiSource/Benchmarks/7zip -I/home/ed/mcsema-testing/llvm-test-suite/include -I../../../include -D_GNU_SOURCE -D__STDC_LIMIT_MACROS -DNDEBUG -DBREAK_HANDLER -DUNICODE -D_UNICODE -I/home/ed/mcsema-testing/llvm-test-suite/MultiSource/Benchmarks/7zip/C -I/home/ed/mcsema-testing/llvm-test-suite/MultiSource/Benchmarks/7zip/CPP/myWindows -I/home/ed/mcsema-testing/llvm-test-suite/MultiSource/Benchmarks/7zip/CPP/include_windows -I/home/ed/mcsema-testing/llvm-test-suite/MultiSource/Benchmarks/7zip/CPP -I. -D_FILE_OFFSET_BITS=64 -D_LARGEFILE_SOURCE -DNDEBUG -D_REENTRANT -DENV_UNIX -D_7ZIP_LARGE_PAGES -pthread -O3  -c /home/ed/mcsema-testing/llvm-test-suite/MultiSource/Benchmarks/7zip/C/Bra.c -o Output/Bra.llvm.o
/home/ed/mcsema-testing/llvm-test-suite/RunSafely.sh --show-errors -t "/home/ed/mcsema-testing/SANDBOX/test-2015-12-21_15-36-50/tools/timeit" 500 /dev/null Output/Bra86.llvm.o.compile /usr/bin/clang -I/home/ed/mcsema-testing/SANDBOX/test-2015-12-21_15-36-50/MultiSource/Benchmarks/7zip -I/home/ed/mcsema-testing/llvm-test-suite/MultiSource/Benchmarks/7zip -I/home/ed/mcsema-testing/llvm-test-suite/include -I../../../include -D_GNU_SOURCE -D__STDC_LIMIT_MACROS -DNDEBUG -DBREAK_HANDLER -DUNICODE -D_UNICODE -I/home/ed/mcsema-testing/llvm-test-suite/MultiSource/Benchmarks/7zip/C -I/home/ed/mcsema-testing/llvm-test-suite/MultiSource/Benchmarks/7zip/CPP/myWindows -I/home/ed/mcsema-testing/llvm-test-suite/MultiSource/Benchmarks/7zip/CPP/include_windows -I/home/ed/mcsema-testing/llvm-test-suite/MultiSource/Benchmarks/7zip/CPP -I. -D_FILE_OFFSET_BITS=64 -D_LARGEFILE_SOURCE -DNDEBUG -D_REENTRANT -DENV_UNIX -D_7ZIP_LARGE_PAGES -pthread -O3  -c /home/ed/mcsema-testing/llvm-test-suite/MultiSource/Benchmarks/7zip/C/Bra86.c -o Output/Bra86.llvm.o
/home/ed/mcsema-testing/llvm-test-suite/RunSafely.sh --show-errors -t "/home/ed/mcsema-testing/SANDBOX/test-2015-12-21_15-36-50/tools/timeit" 500 /dev/null Output/BraIA64.llvm.o.compile /usr/bin/clang -I/home/ed/mcsema-testing/SANDBOX/test-2015-12-21_15-36-50/MultiSource/Benchmarks/7zip -I/home/ed/mcsema-testing/llvm-test-suite/MultiSource/Benchmarks/7zip -I/home/ed/mcsema-testing/llvm-test-suite/include -I../../../include -D_GNU_SOURCE -D__STDC_LIMIT_MACROS -DNDEBUG -DBREAK_HANDLER -DUNICODE -D_UNICODE -I/home/ed/mcsema-testing/llvm-test-suite/MultiSource/Benchmarks/7zip/C -I/home/ed/mcsema-testing/llvm-test-suite/MultiSource/Benchmarks/7zip/CPP/myWindows -I/home/ed/mcsema-testing/llvm-test-suite/MultiSource/Benchmarks/7zip/CPP/include_windows -I/home/ed/mcsema-testing/llvm-test-suite/MultiSource/Benchmarks/7zip/CPP -I. -D_FILE_OFFSET_BITS=64 -D_LARGEFILE_SOURCE -DNDEBUG -D_REENTRANT -DENV_UNIX -D_7ZIP_LARGE_PAGES -pthread -O3  -c /home/ed/mcsema-testing/llvm-test-suite/MultiSource/Benchmarks/7zip/C/BraIA64.c -o Output/BraIA64.llvm.o
/home/ed/mcsema-testing/llvm-test-suite/RunSafely.sh --show-errors -t "/home/ed/mcsema-testing/SANDBOX/test-2015-12-21_15-36-50/tools/timeit" 500 /dev/null Output/BranchCoder.llvm.o.compile /usr/bin/clang++ -I/home/ed/mcsema-testing/SANDBOX/test-2015-12-21_15-36-50/MultiSource/Benchmarks/7zip -I/home/ed/mcsema-testing/llvm-test-suite/MultiSource/Benchmarks/7zip -I/home/ed/mcsema-testing/llvm-test-suite/include -I../../../include -D_GNU_SOURCE -D__STDC_LIMIT_MACROS -DNDEBUG -DBREAK_HANDLER -DUNICODE -D_UNICODE -I/home/ed/mcsema-testing/llvm-test-suite/MultiSource/Benchmarks/7zip/C -I/home/ed/mcsema-testing/llvm-test-suite/MultiSource/Benchmarks/7zip/CPP/myWindows -I/home/ed/mcsema-testing/llvm-test-suite/MultiSource/Benchmarks/7zip/CPP/include_windows -I/home/ed/mcsema-testing/llvm-test-suite/MultiSource/Benchmarks/7zip/CPP -I. -D_FILE_OFFSET_BITS=64 -D_LARGEFILE_SOURCE -DNDEBUG -D_REENTRANT -DENV_UNIX -D_7ZIP_LARGE_PAGES -pthread -O3  -c /home/ed/mcsema-testing/llvm-test-suite/MultiSource/Benchmarks/7zip/CPP/7zip/Compress/BranchCoder.cpp -o Output/BranchCoder.llvm.o
/home/ed/mcsema-testing/llvm-test-suite/RunSafely.sh --show-errors -t "/home/ed/mcsema-testing/SANDBOX/test-2015-12-21_15-36-50/tools/timeit" 500 /dev/null Output/BranchMisc.llvm.o.compile /usr/bin/clang++ -I/home/ed/mcsema-testing/SANDBOX/test-2015-12-21_15-36-50/MultiSource/Benchmarks/7zip -I/home/ed/mcsema-testing/llvm-test-suite/MultiSource/Benchmarks/7zip -I/home/ed/mcsema-testing/llvm-test-suite/include -I../../../include -D_GNU_SOURCE -D__STDC_LIMIT_MACROS -DNDEBUG -DBREAK_HANDLER -DUNICODE -D_UNICODE -I/home/ed/mcsema-testing/llvm-test-suite/MultiSource/Benchmarks/7zip/C -I/home/ed/mcsema-testing/llvm-test-suite/MultiSource/Benchmarks/7zip/CPP/myWindows -I/home/ed/mcsema-testing/llvm-test-suite/MultiSource/Benchmarks/7zip/CPP/include_windows -I/home/ed/mcsema-testing/llvm-test-suite/MultiSource/Benchmarks/7zip/CPP -I. -D_FILE_OFFSET_BITS=64 -D_LARGEFILE_SOURCE -DNDEBUG -D_REENTRANT -DENV_UNIX -D_7ZIP_LARGE_PAGES -pthread -O3  -c /home/ed/mcsema-testing/llvm-test-suite/MultiSource/Benchmarks/7zip/CPP/7zip/Compress/BranchMisc.cpp -o Output/BranchMisc.llvm.o
/home/ed/mcsema-testing/llvm-test-suite/RunSafely.sh --show-errors -t "/home/ed/mcsema-testing/SANDBOX/test-2015-12-21_15-36-50/tools/timeit" 500 /dev/null Output/BranchRegister.llvm.o.compile /usr/bin/clang++ -I/home/ed/mcsema-testing/SANDBOX/test-2015-12-21_15-36-50/MultiSource/Benchmarks/7zip -I/home/ed/mcsema-testing/llvm-test-suite/MultiSource/Benchmarks/7zip -I/home/ed/mcsema-testing/llvm-test-suite/include -I../../../include -D_GNU_SOURCE -D__STDC_LIMIT_MACROS -DNDEBUG -DBREAK_HANDLER -DUNICODE -D_UNICODE -I/home/ed/mcsema-testing/llvm-test-suite/MultiSource/Benchmarks/7zip/C -I/home/ed/mcsema-testing/llvm-test-suite/MultiSource/Benchmarks/7zip/CPP/myWindows -I/home/ed/mcsema-testing/llvm-test-suite/MultiSource/Benchmarks/7zip/CPP/include_windows -I/home/ed/mcsema-testing/llvm-test-suite/MultiSource/Benchmarks/7zip/CPP -I. -D_FILE_OFFSET_BITS=64 -D_LARGEFILE_SOURCE -DNDEBUG -D_REENTRANT -DENV_UNIX -D_7ZIP_LARGE_PAGES -pthread -O3  -c /home/ed/mcsema-testing/llvm-test-suite/MultiSource/Benchmarks/7zip/CPP/7zip/Compress/BranchRegister.cpp -o Output/BranchRegister.llvm.o
/home/ed/mcsema-testing/llvm-test-suite/RunSafely.sh --show-errors -t "/home/ed/mcsema-testing/SANDBOX/test-2015-12-21_15-36-50/tools/timeit" 500 /dev/null Output/BwtSort.llvm.o.compile /usr/bin/clang -I/home/ed/mcsema-testing/SANDBOX/test-2015-12-21_15-36-50/MultiSource/Benchmarks/7zip -I/home/ed/mcsema-testing/llvm-test-suite/MultiSource/Benchmarks/7zip -I/home/ed/mcsema-testing/llvm-test-suite/include -I../../../include -D_GNU_SOURCE -D__STDC_LIMIT_MACROS -DNDEBUG -DBREAK_HANDLER -DUNICODE -D_UNICODE -I/home/ed/mcsema-testing/llvm-test-suite/MultiSource/Benchmarks/7zip/C -I/home/ed/mcsema-testing/llvm-test-suite/MultiSource/Benchmarks/7zip/CPP/myWindows -I/home/ed/mcsema-testing/llvm-test-suite/MultiSource/Benchmarks/7zip/CPP/include_windows -I/home/ed/mcsema-testing/llvm-test-suite/MultiSource/Benchmarks/7zip/CPP -I. -D_FILE_OFFSET_BITS=64 -D_LARGEFILE_SOURCE -DNDEBUG -D_REENTRANT -DENV_UNIX -D_7ZIP_LARGE_PAGES -pthread -O3  -c /home/ed/mcsema-testing/llvm-test-suite/MultiSource/Benchmarks/7zip/C/BwtSort.c -o Output/BwtSort.llvm.o
/home/ed/mcsema-testing/llvm-test-suite/RunSafely.sh --show-errors -t "/home/ed/mcsema-testing/SANDBOX/test-2015-12-21_15-36-50/tools/timeit" 500 /dev/null Output/ByteSwap.llvm.o.compile /usr/bin/clang++ -I/home/ed/mcsema-testing/SANDBOX/test-2015-12-21_15-36-50/MultiSource/Benchmarks/7zip -I/home/ed/mcsema-testing/llvm-test-suite/MultiSource/Benchmarks/7zip -I/home/ed/mcsema-testing/llvm-test-suite/include -I../../../include -D_GNU_SOURCE -D__STDC_LIMIT_MACROS -DNDEBUG -DBREAK_HANDLER -DUNICODE -D_UNICODE -I/home/ed/mcsema-testing/llvm-test-suite/MultiSource/Benchmarks/7zip/C -I/home/ed/mcsema-testing/llvm-test-suite/MultiSource/Benchmarks/7zip/CPP/myWindows -I/home/ed/mcsema-testing/llvm-test-suite/MultiSource/Benchmarks/7zip/CPP/include_windows -I/home/ed/mcsema-testing/llvm-test-suite/MultiSource/Benchmarks/7zip/CPP -I. -D_FILE_OFFSET_BITS=64 -D_LARGEFILE_SOURCE -DNDEBUG -D_REENTRANT -DENV_UNIX -D_7ZIP_LARGE_PAGES -pthread -O3  -c /home/ed/mcsema-testing/llvm-test-suite/MultiSource/Benchmarks/7zip/CPP/7zip/Compress/ByteSwap.cpp -o Output/ByteSwap.llvm.o
/home/ed/mcsema-testing/llvm-test-suite/RunSafely.sh --show-errors -t "/home/ed/mcsema-testing/SANDBOX/test-2015-12-21_15-36-50/tools/timeit" 500 /dev/null Output/Bz2Handler.llvm.o.compile /usr/bin/clang++ -I/home/ed/mcsema-testing/SANDBOX/test-2015-12-21_15-36-50/MultiSource/Benchmarks/7zip -I/home/ed/mcsema-testing/llvm-test-suite/MultiSource/Benchmarks/7zip -I/home/ed/mcsema-testing/llvm-test-suite/include -I../../../include -D_GNU_SOURCE -D__STDC_LIMIT_MACROS -DNDEBUG -DBREAK_HANDLER -DUNICODE -D_UNICODE -I/home/ed/mcsema-testing/llvm-test-suite/MultiSource/Benchmarks/7zip/C -I/home/ed/mcsema-testing/llvm-test-suite/MultiSource/Benchmarks/7zip/CPP/myWindows -I/home/ed/mcsema-testing/llvm-test-suite/MultiSource/Benchmarks/7zip/CPP/include_windows -I/home/ed/mcsema-testing/llvm-test-suite/MultiSource/Benchmarks/7zip/CPP -I. -D_FILE_OFFSET_BITS=64 -D_LARGEFILE_SOURCE -DNDEBUG -D_REENTRANT -DENV_UNIX -D_7ZIP_LARGE_PAGES -pthread -O3  -c /home/ed/mcsema-testing/llvm-test-suite/MultiSource/Benchmarks/7zip/CPP/7zip/Archive/Bz2Handler.cpp -o Output/Bz2Handler.llvm.o
/home/ed/mcsema-testing/llvm-test-suite/RunSafely.sh --show-errors -t "/home/ed/mcsema-testing/SANDBOX/test-2015-12-21_15-36-50/tools/timeit" 500 /dev/null Output/CRC.llvm.o.compile /usr/bin/clang++ -I/home/ed/mcsema-testing/SANDBOX/test-2015-12-21_15-36-50/MultiSource/Benchmarks/7zip -I/home/ed/mcsema-testing/llvm-test-suite/MultiSource/Benchmarks/7zip -I/home/ed/mcsema-testing/llvm-test-suite/include -I../../../include -D_GNU_SOURCE -D__STDC_LIMIT_MACROS -DNDEBUG -DBREAK_HANDLER -DUNICODE -D_UNICODE -I/home/ed/mcsema-testing/llvm-test-suite/MultiSource/Benchmarks/7zip/C -I/home/ed/mcsema-testing/llvm-test-suite/MultiSource/Benchmarks/7zip/CPP/myWindows -I/home/ed/mcsema-testing/llvm-test-suite/MultiSource/Benchmarks/7zip/CPP/include_windows -I/home/ed/mcsema-testing/llvm-test-suite/MultiSource/Benchmarks/7zip/CPP -I. -D_FILE_OFFSET_BITS=64 -D_LARGEFILE_SOURCE -DNDEBUG -D_REENTRANT -DENV_UNIX -D_7ZIP_LARGE_PAGES -pthread -O3  -c /home/ed/mcsema-testing/llvm-test-suite/MultiSource/Benchmarks/7zip/CPP/Common/CRC.cpp -o Output/CRC.llvm.o
/home/ed/mcsema-testing/llvm-test-suite/RunSafely.sh --show-errors -t "/home/ed/mcsema-testing/SANDBOX/test-2015-12-21_15-36-50/tools/timeit" 500 /dev/null Output/CWrappers.llvm.o.compile /usr/bin/clang++ -I/home/ed/mcsema-testing/SANDBOX/test-2015-12-21_15-36-50/MultiSource/Benchmarks/7zip -I/home/ed/mcsema-testing/llvm-test-suite/MultiSource/Benchmarks/7zip -I/home/ed/mcsema-testing/llvm-test-suite/include -I../../../include -D_GNU_SOURCE -D__STDC_LIMIT_MACROS -DNDEBUG -DBREAK_HANDLER -DUNICODE -D_UNICODE -I/home/ed/mcsema-testing/llvm-test-suite/MultiSource/Benchmarks/7zip/C -I/home/ed/mcsema-testing/llvm-test-suite/MultiSource/Benchmarks/7zip/CPP/myWindows -I/home/ed/mcsema-testing/llvm-test-suite/MultiSource/Benchmarks/7zip/CPP/include_windows -I/home/ed/mcsema-testing/llvm-test-suite/MultiSource/Benchmarks/7zip/CPP -I. -D_FILE_OFFSET_BITS=64 -D_LARGEFILE_SOURCE -DNDEBUG -D_REENTRANT -DENV_UNIX -D_7ZIP_LARGE_PAGES -pthread -O3  -c /home/ed/mcsema-testing/llvm-test-suite/MultiSource/Benchmarks/7zip/CPP/7zip/Common/CWrappers.cpp -o Output/CWrappers.llvm.o
/home/ed/mcsema-testing/llvm-test-suite/RunSafely.sh --show-errors -t "/home/ed/mcsema-testing/SANDBOX/test-2015-12-21_15-36-50/tools/timeit" 500 /dev/null Output/CabBlockInStream.llvm.o.compile /usr/bin/clang++ -I/home/ed/mcsema-testing/SANDBOX/test-2015-12-21_15-36-50/MultiSource/Benchmarks/7zip -I/home/ed/mcsema-testing/llvm-test-suite/MultiSource/Benchmarks/7zip -I/home/ed/mcsema-testing/llvm-test-suite/include -I../../../include -D_GNU_SOURCE -D__STDC_LIMIT_MACROS -DNDEBUG -DBREAK_HANDLER -DUNICODE -D_UNICODE -I/home/ed/mcsema-testing/llvm-test-suite/MultiSource/Benchmarks/7zip/C -I/home/ed/mcsema-testing/llvm-test-suite/MultiSource/Benchmarks/7zip/CPP/myWindows -I/home/ed/mcsema-testing/llvm-test-suite/MultiSource/Benchmarks/7zip/CPP/include_windows -I/home/ed/mcsema-testing/llvm-test-suite/MultiSource/Benchmarks/7zip/CPP -I. -D_FILE_OFFSET_BITS=64 -D_LARGEFILE_SOURCE -DNDEBUG -D_REENTRANT -DENV_UNIX -D_7ZIP_LARGE_PAGES -pthread -O3  -c /home/ed/mcsema-testing/llvm-test-suite/MultiSource/Benchmarks/7zip/CPP/7zip/Archive/Cab/CabBlockInStream.cpp -o Output/CabBlockInStream.llvm.o
/home/ed/mcsema-testing/llvm-test-suite/RunSafely.sh --show-errors -t "/home/ed/mcsema-testing/SANDBOX/test-2015-12-21_15-36-50/tools/timeit" 500 /dev/null Output/CabHandler.llvm.o.compile /usr/bin/clang++ -I/home/ed/mcsema-testing/SANDBOX/test-2015-12-21_15-36-50/MultiSource/Benchmarks/7zip -I/home/ed/mcsema-testing/llvm-test-suite/MultiSource/Benchmarks/7zip -I/home/ed/mcsema-testing/llvm-test-suite/include -I../../../include -D_GNU_SOURCE -D__STDC_LIMIT_MACROS -DNDEBUG -DBREAK_HANDLER -DUNICODE -D_UNICODE -I/home/ed/mcsema-testing/llvm-test-suite/MultiSource/Benchmarks/7zip/C -I/home/ed/mcsema-testing/llvm-test-suite/MultiSource/Benchmarks/7zip/CPP/myWindows -I/home/ed/mcsema-testing/llvm-test-suite/MultiSource/Benchmarks/7zip/CPP/include_windows -I/home/ed/mcsema-testing/llvm-test-suite/MultiSource/Benchmarks/7zip/CPP -I. -D_FILE_OFFSET_BITS=64 -D_LARGEFILE_SOURCE -DNDEBUG -D_REENTRANT -DENV_UNIX -D_7ZIP_LARGE_PAGES -pthread -O3  -c /home/ed/mcsema-testing/llvm-test-suite/MultiSource/Benchmarks/7zip/CPP/7zip/Archive/Cab/CabHandler.cpp -o Output/CabHandler.llvm.o
/home/ed/mcsema-testing/llvm-test-suite/RunSafely.sh --show-errors -t "/home/ed/mcsema-testing/SANDBOX/test-2015-12-21_15-36-50/tools/timeit" 500 /dev/null Output/CabHeader.llvm.o.compile /usr/bin/clang++ -I/home/ed/mcsema-testing/SANDBOX/test-2015-12-21_15-36-50/MultiSource/Benchmarks/7zip -I/home/ed/mcsema-testing/llvm-test-suite/MultiSource/Benchmarks/7zip -I/home/ed/mcsema-testing/llvm-test-suite/include -I../../../include -D_GNU_SOURCE -D__STDC_LIMIT_MACROS -DNDEBUG -DBREAK_HANDLER -DUNICODE -D_UNICODE -I/home/ed/mcsema-testing/llvm-test-suite/MultiSource/Benchmarks/7zip/C -I/home/ed/mcsema-testing/llvm-test-suite/MultiSource/Benchmarks/7zip/CPP/myWindows -I/home/ed/mcsema-testing/llvm-test-suite/MultiSource/Benchmarks/7zip/CPP/include_windows -I/home/ed/mcsema-testing/llvm-test-suite/MultiSource/Benchmarks/7zip/CPP -I. -D_FILE_OFFSET_BITS=64 -D_LARGEFILE_SOURCE -DNDEBUG -D_REENTRANT -DENV_UNIX -D_7ZIP_LARGE_PAGES -pthread -O3  -c /home/ed/mcsema-testing/llvm-test-suite/MultiSource/Benchmarks/7zip/CPP/7zip/Archive/Cab/CabHeader.cpp -o Output/CabHeader.llvm.o
/home/ed/mcsema-testing/llvm-test-suite/RunSafely.sh --show-errors -t "/home/ed/mcsema-testing/SANDBOX/test-2015-12-21_15-36-50/tools/timeit" 500 /dev/null Output/CabIn.llvm.o.compile /usr/bin/clang++ -I/home/ed/mcsema-testing/SANDBOX/test-2015-12-21_15-36-50/MultiSource/Benchmarks/7zip -I/home/ed/mcsema-testing/llvm-test-suite/MultiSource/Benchmarks/7zip -I/home/ed/mcsema-testing/llvm-test-suite/include -I../../../include -D_GNU_SOURCE -D__STDC_LIMIT_MACROS -DNDEBUG -DBREAK_HANDLER -DUNICODE -D_UNICODE -I/home/ed/mcsema-testing/llvm-test-suite/MultiSource/Benchmarks/7zip/C -I/home/ed/mcsema-testing/llvm-test-suite/MultiSource/Benchmarks/7zip/CPP/myWindows -I/home/ed/mcsema-testing/llvm-test-suite/MultiSource/Benchmarks/7zip/CPP/include_windows -I/home/ed/mcsema-testing/llvm-test-suite/MultiSource/Benchmarks/7zip/CPP -I. -D_FILE_OFFSET_BITS=64 -D_LARGEFILE_SOURCE -DNDEBUG -D_REENTRANT -DENV_UNIX -D_7ZIP_LARGE_PAGES -pthread -O3  -c /home/ed/mcsema-testing/llvm-test-suite/MultiSource/Benchmarks/7zip/CPP/7zip/Archive/Cab/CabIn.cpp -o Output/CabIn.llvm.o
/home/ed/mcsema-testing/llvm-test-suite/RunSafely.sh --show-errors -t "/home/ed/mcsema-testing/SANDBOX/test-2015-12-21_15-36-50/tools/timeit" 500 /dev/null Output/CabRegister.llvm.o.compile /usr/bin/clang++ -I/home/ed/mcsema-testing/SANDBOX/test-2015-12-21_15-36-50/MultiSource/Benchmarks/7zip -I/home/ed/mcsema-testing/llvm-test-suite/MultiSource/Benchmarks/7zip -I/home/ed/mcsema-testing/llvm-test-suite/include -I../../../include -D_GNU_SOURCE -D__STDC_LIMIT_MACROS -DNDEBUG -DBREAK_HANDLER -DUNICODE -D_UNICODE -I/home/ed/mcsema-testing/llvm-test-suite/MultiSource/Benchmarks/7zip/C -I/home/ed/mcsema-testing/llvm-test-suite/MultiSource/Benchmarks/7zip/CPP/myWindows -I/home/ed/mcsema-testing/llvm-test-suite/MultiSource/Benchmarks/7zip/CPP/include_windows -I/home/ed/mcsema-testing/llvm-test-suite/MultiSource/Benchmarks/7zip/CPP -I. -D_FILE_OFFSET_BITS=64 -D_LARGEFILE_SOURCE -DNDEBUG -D_REENTRANT -DENV_UNIX -D_7ZIP_LARGE_PAGES -pthread -O3  -c /home/ed/mcsema-testing/llvm-test-suite/MultiSource/Benchmarks/7zip/CPP/7zip/Archive/Cab/CabRegister.cpp -o Output/CabRegister.llvm.o
/home/ed/mcsema-testing/llvm-test-suite/RunSafely.sh --show-errors -t "/home/ed/mcsema-testing/SANDBOX/test-2015-12-21_15-36-50/tools/timeit" 500 /dev/null Output/CoderMixer2.llvm.o.compile /usr/bin/clang++ -I/home/ed/mcsema-testing/SANDBOX/test-2015-12-21_15-36-50/MultiSource/Benchmarks/7zip -I/home/ed/mcsema-testing/llvm-test-suite/MultiSource/Benchmarks/7zip -I/home/ed/mcsema-testing/llvm-test-suite/include -I../../../include -D_GNU_SOURCE -D__STDC_LIMIT_MACROS -DNDEBUG -DBREAK_HANDLER -DUNICODE -D_UNICODE -I/home/ed/mcsema-testing/llvm-test-suite/MultiSource/Benchmarks/7zip/C -I/home/ed/mcsema-testing/llvm-test-suite/MultiSource/Benchmarks/7zip/CPP/myWindows -I/home/ed/mcsema-testing/llvm-test-suite/MultiSource/Benchmarks/7zip/CPP/include_windows -I/home/ed/mcsema-testing/llvm-test-suite/MultiSource/Benchmarks/7zip/CPP -I. -D_FILE_OFFSET_BITS=64 -D_LARGEFILE_SOURCE -DNDEBUG -D_REENTRANT -DENV_UNIX -D_7ZIP_LARGE_PAGES -pthread -O3  -c /home/ed/mcsema-testing/llvm-test-suite/MultiSource/Benchmarks/7zip/CPP/7zip/Archive/Common/CoderMixer2.cpp -o Output/CoderMixer2.llvm.o
/home/ed/mcsema-testing/llvm-test-suite/RunSafely.sh --show-errors -t "/home/ed/mcsema-testing/SANDBOX/test-2015-12-21_15-36-50/tools/timeit" 500 /dev/null Output/CoderMixer2MT.llvm.o.compile /usr/bin/clang++ -I/home/ed/mcsema-testing/SANDBOX/test-2015-12-21_15-36-50/MultiSource/Benchmarks/7zip -I/home/ed/mcsema-testing/llvm-test-suite/MultiSource/Benchmarks/7zip -I/home/ed/mcsema-testing/llvm-test-suite/include -I../../../include -D_GNU_SOURCE -D__STDC_LIMIT_MACROS -DNDEBUG -DBREAK_HANDLER -DUNICODE -D_UNICODE -I/home/ed/mcsema-testing/llvm-test-suite/MultiSource/Benchmarks/7zip/C -I/home/ed/mcsema-testing/llvm-test-suite/MultiSource/Benchmarks/7zip/CPP/myWindows -I/home/ed/mcsema-testing/llvm-test-suite/MultiSource/Benchmarks/7zip/CPP/include_windows -I/home/ed/mcsema-testing/llvm-test-suite/MultiSource/Benchmarks/7zip/CPP -I. -D_FILE_OFFSET_BITS=64 -D_LARGEFILE_SOURCE -DNDEBUG -D_REENTRANT -DENV_UNIX -D_7ZIP_LARGE_PAGES -pthread -O3  -c /home/ed/mcsema-testing/llvm-test-suite/MultiSource/Benchmarks/7zip/CPP/7zip/Archive/Common/CoderMixer2MT.cpp -o Output/CoderMixer2MT.llvm.o
/home/ed/mcsema-testing/llvm-test-suite/RunSafely.sh --show-errors -t "/home/ed/mcsema-testing/SANDBOX/test-2015-12-21_15-36-50/tools/timeit" 500 /dev/null Output/CommandLineParser.llvm.o.compile /usr/bin/clang++ -I/home/ed/mcsema-testing/SANDBOX/test-2015-12-21_15-36-50/MultiSource/Benchmarks/7zip -I/home/ed/mcsema-testing/llvm-test-suite/MultiSource/Benchmarks/7zip -I/home/ed/mcsema-testing/llvm-test-suite/include -I../../../include -D_GNU_SOURCE -D__STDC_LIMIT_MACROS -DNDEBUG -DBREAK_HANDLER -DUNICODE -D_UNICODE -I/home/ed/mcsema-testing/llvm-test-suite/MultiSource/Benchmarks/7zip/C -I/home/ed/mcsema-testing/llvm-test-suite/MultiSource/Benchmarks/7zip/CPP/myWindows -I/home/ed/mcsema-testing/llvm-test-suite/MultiSource/Benchmarks/7zip/CPP/include_windows -I/home/ed/mcsema-testing/llvm-test-suite/MultiSource/Benchmarks/7zip/CPP -I. -D_FILE_OFFSET_BITS=64 -D_LARGEFILE_SOURCE -DNDEBUG -D_REENTRANT -DENV_UNIX -D_7ZIP_LARGE_PAGES -pthread -O3  -c /home/ed/mcsema-testing/llvm-test-suite/MultiSource/Benchmarks/7zip/CPP/Common/CommandLineParser.cpp -o Output/CommandLineParser.llvm.o
/home/ed/mcsema-testing/llvm-test-suite/RunSafely.sh --show-errors -t "/home/ed/mcsema-testing/SANDBOX/test-2015-12-21_15-36-50/tools/timeit" 500 /dev/null Output/ConsoleClose.llvm.o.compile /usr/bin/clang++ -I/home/ed/mcsema-testing/SANDBOX/test-2015-12-21_15-36-50/MultiSource/Benchmarks/7zip -I/home/ed/mcsema-testing/llvm-test-suite/MultiSource/Benchmarks/7zip -I/home/ed/mcsema-testing/llvm-test-suite/include -I../../../include -D_GNU_SOURCE -D__STDC_LIMIT_MACROS -DNDEBUG -DBREAK_HANDLER -DUNICODE -D_UNICODE -I/home/ed/mcsema-testing/llvm-test-suite/MultiSource/Benchmarks/7zip/C -I/home/ed/mcsema-testing/llvm-test-suite/MultiSource/Benchmarks/7zip/CPP/myWindows -I/home/ed/mcsema-testing/llvm-test-suite/MultiSource/Benchmarks/7zip/CPP/include_windows -I/home/ed/mcsema-testing/llvm-test-suite/MultiSource/Benchmarks/7zip/CPP -I. -D_FILE_OFFSET_BITS=64 -D_LARGEFILE_SOURCE -DNDEBUG -D_REENTRANT -DENV_UNIX -D_7ZIP_LARGE_PAGES -pthread -O3  -c /home/ed/mcsema-testing/llvm-test-suite/MultiSource/Benchmarks/7zip/CPP/7zip/UI/Console/ConsoleClose.cpp -o Output/ConsoleClose.llvm.o
/home/ed/mcsema-testing/llvm-test-suite/RunSafely.sh --show-errors -t "/home/ed/mcsema-testing/SANDBOX/test-2015-12-21_15-36-50/tools/timeit" 500 /dev/null Output/CopyCoder.llvm.o.compile /usr/bin/clang++ -I/home/ed/mcsema-testing/SANDBOX/test-2015-12-21_15-36-50/MultiSource/Benchmarks/7zip -I/home/ed/mcsema-testing/llvm-test-suite/MultiSource/Benchmarks/7zip -I/home/ed/mcsema-testing/llvm-test-suite/include -I../../../include -D_GNU_SOURCE -D__STDC_LIMIT_MACROS -DNDEBUG -DBREAK_HANDLER -DUNICODE -D_UNICODE -I/home/ed/mcsema-testing/llvm-test-suite/MultiSource/Benchmarks/7zip/C -I/home/ed/mcsema-testing/llvm-test-suite/MultiSource/Benchmarks/7zip/CPP/myWindows -I/home/ed/mcsema-testing/llvm-test-suite/MultiSource/Benchmarks/7zip/CPP/include_windows -I/home/ed/mcsema-testing/llvm-test-suite/MultiSource/Benchmarks/7zip/CPP -I. -D_FILE_OFFSET_BITS=64 -D_LARGEFILE_SOURCE -DNDEBUG -D_REENTRANT -DENV_UNIX -D_7ZIP_LARGE_PAGES -pthread -O3  -c /home/ed/mcsema-testing/llvm-test-suite/MultiSource/Benchmarks/7zip/CPP/7zip/Compress/CopyCoder.cpp -o Output/CopyCoder.llvm.o
/home/ed/mcsema-testing/llvm-test-suite/RunSafely.sh --show-errors -t "/home/ed/mcsema-testing/SANDBOX/test-2015-12-21_15-36-50/tools/timeit" 500 /dev/null Output/CopyRegister.llvm.o.compile /usr/bin/clang++ -I/home/ed/mcsema-testing/SANDBOX/test-2015-12-21_15-36-50/MultiSource/Benchmarks/7zip -I/home/ed/mcsema-testing/llvm-test-suite/MultiSource/Benchmarks/7zip -I/home/ed/mcsema-testing/llvm-test-suite/include -I../../../include -D_GNU_SOURCE -D__STDC_LIMIT_MACROS -DNDEBUG -DBREAK_HANDLER -DUNICODE -D_UNICODE -I/home/ed/mcsema-testing/llvm-test-suite/MultiSource/Benchmarks/7zip/C -I/home/ed/mcsema-testing/llvm-test-suite/MultiSource/Benchmarks/7zip/CPP/myWindows -I/home/ed/mcsema-testing/llvm-test-suite/MultiSource/Benchmarks/7zip/CPP/include_windows -I/home/ed/mcsema-testing/llvm-test-suite/MultiSource/Benchmarks/7zip/CPP -I. -D_FILE_OFFSET_BITS=64 -D_LARGEFILE_SOURCE -DNDEBUG -D_REENTRANT -DENV_UNIX -D_7ZIP_LARGE_PAGES -pthread -O3  -c /home/ed/mcsema-testing/llvm-test-suite/MultiSource/Benchmarks/7zip/CPP/7zip/Compress/CopyRegister.cpp -o Output/CopyRegister.llvm.o
/home/ed/mcsema-testing/llvm-test-suite/RunSafely.sh --show-errors -t "/home/ed/mcsema-testing/SANDBOX/test-2015-12-21_15-36-50/tools/timeit" 500 /dev/null Output/CreateCoder.llvm.o.compile /usr/bin/clang++ -I/home/ed/mcsema-testing/SANDBOX/test-2015-12-21_15-36-50/MultiSource/Benchmarks/7zip -I/home/ed/mcsema-testing/llvm-test-suite/MultiSource/Benchmarks/7zip -I/home/ed/mcsema-testing/llvm-test-suite/include -I../../../include -D_GNU_SOURCE -D__STDC_LIMIT_MACROS -DNDEBUG -DBREAK_HANDLER -DUNICODE -D_UNICODE -I/home/ed/mcsema-testing/llvm-test-suite/MultiSource/Benchmarks/7zip/C -I/home/ed/mcsema-testing/llvm-test-suite/MultiSource/Benchmarks/7zip/CPP/myWindows -I/home/ed/mcsema-testing/llvm-test-suite/MultiSource/Benchmarks/7zip/CPP/include_windows -I/home/ed/mcsema-testing/llvm-test-suite/MultiSource/Benchmarks/7zip/CPP -I. -D_FILE_OFFSET_BITS=64 -D_LARGEFILE_SOURCE -DNDEBUG -D_REENTRANT -DENV_UNIX -D_7ZIP_LARGE_PAGES -pthread -O3  -c /home/ed/mcsema-testing/llvm-test-suite/MultiSource/Benchmarks/7zip/CPP/7zip/Common/CreateCoder.cpp -o Output/CreateCoder.llvm.o
/home/ed/mcsema-testing/llvm-test-suite/RunSafely.sh --show-errors -t "/home/ed/mcsema-testing/SANDBOX/test-2015-12-21_15-36-50/tools/timeit" 500 /dev/null Output/CrossThreadProgress.llvm.o.compile /usr/bin/clang++ -I/home/ed/mcsema-testing/SANDBOX/test-2015-12-21_15-36-50/MultiSource/Benchmarks/7zip -I/home/ed/mcsema-testing/llvm-test-suite/MultiSource/Benchmarks/7zip -I/home/ed/mcsema-testing/llvm-test-suite/include -I../../../include -D_GNU_SOURCE -D__STDC_LIMIT_MACROS -DNDEBUG -DBREAK_HANDLER -DUNICODE -D_UNICODE -I/home/ed/mcsema-testing/llvm-test-suite/MultiSource/Benchmarks/7zip/C -I/home/ed/mcsema-testing/llvm-test-suite/MultiSource/Benchmarks/7zip/CPP/myWindows -I/home/ed/mcsema-testing/llvm-test-suite/MultiSource/Benchmarks/7zip/CPP/include_windows -I/home/ed/mcsema-testing/llvm-test-suite/MultiSource/Benchmarks/7zip/CPP -I. -D_FILE_OFFSET_BITS=64 -D_LARGEFILE_SOURCE -DNDEBUG -D_REENTRANT -DENV_UNIX -D_7ZIP_LARGE_PAGES -pthread -O3  -c /home/ed/mcsema-testing/llvm-test-suite/MultiSource/Benchmarks/7zip/CPP/7zip/Archive/Common/CrossThreadProgress.cpp -o Output/CrossThreadProgress.llvm.o
/home/ed/mcsema-testing/llvm-test-suite/RunSafely.sh --show-errors -t "/home/ed/mcsema-testing/SANDBOX/test-2015-12-21_15-36-50/tools/timeit" 500 /dev/null Output/DefaultName.llvm.o.compile /usr/bin/clang++ -I/home/ed/mcsema-testing/SANDBOX/test-2015-12-21_15-36-50/MultiSource/Benchmarks/7zip -I/home/ed/mcsema-testing/llvm-test-suite/MultiSource/Benchmarks/7zip -I/home/ed/mcsema-testing/llvm-test-suite/include -I../../../include -D_GNU_SOURCE -D__STDC_LIMIT_MACROS -DNDEBUG -DBREAK_HANDLER -DUNICODE -D_UNICODE -I/home/ed/mcsema-testing/llvm-test-suite/MultiSource/Benchmarks/7zip/C -I/home/ed/mcsema-testing/llvm-test-suite/MultiSource/Benchmarks/7zip/CPP/myWindows -I/home/ed/mcsema-testing/llvm-test-suite/MultiSource/Benchmarks/7zip/CPP/include_windows -I/home/ed/mcsema-testing/llvm-test-suite/MultiSource/Benchmarks/7zip/CPP -I. -D_FILE_OFFSET_BITS=64 -D_LARGEFILE_SOURCE -DNDEBUG -D_REENTRANT -DENV_UNIX -D_7ZIP_LARGE_PAGES -pthread -O3  -c /home/ed/mcsema-testing/llvm-test-suite/MultiSource/Benchmarks/7zip/CPP/7zip/UI/Common/DefaultName.cpp -o Output/DefaultName.llvm.o
/home/ed/mcsema-testing/llvm-test-suite/RunSafely.sh --show-errors -t "/home/ed/mcsema-testing/SANDBOX/test-2015-12-21_15-36-50/tools/timeit" 500 /dev/null Output/Deflate64Register.llvm.o.compile /usr/bin/clang++ -I/home/ed/mcsema-testing/SANDBOX/test-2015-12-21_15-36-50/MultiSource/Benchmarks/7zip -I/home/ed/mcsema-testing/llvm-test-suite/MultiSource/Benchmarks/7zip -I/home/ed/mcsema-testing/llvm-test-suite/include -I../../../include -D_GNU_SOURCE -D__STDC_LIMIT_MACROS -DNDEBUG -DBREAK_HANDLER -DUNICODE -D_UNICODE -I/home/ed/mcsema-testing/llvm-test-suite/MultiSource/Benchmarks/7zip/C -I/home/ed/mcsema-testing/llvm-test-suite/MultiSource/Benchmarks/7zip/CPP/myWindows -I/home/ed/mcsema-testing/llvm-test-suite/MultiSource/Benchmarks/7zip/CPP/include_windows -I/home/ed/mcsema-testing/llvm-test-suite/MultiSource/Benchmarks/7zip/CPP -I. -D_FILE_OFFSET_BITS=64 -D_LARGEFILE_SOURCE -DNDEBUG -D_REENTRANT -DENV_UNIX -D_7ZIP_LARGE_PAGES -pthread -O3  -c /home/ed/mcsema-testing/llvm-test-suite/MultiSource/Benchmarks/7zip/CPP/7zip/Compress/Deflate64Register.cpp -o Output/Deflate64Register.llvm.o
/home/ed/mcsema-testing/llvm-test-suite/RunSafely.sh --show-errors -t "/home/ed/mcsema-testing/SANDBOX/test-2015-12-21_15-36-50/tools/timeit" 500 /dev/null Output/DeflateDecoder.llvm.o.compile /usr/bin/clang++ -I/home/ed/mcsema-testing/SANDBOX/test-2015-12-21_15-36-50/MultiSource/Benchmarks/7zip -I/home/ed/mcsema-testing/llvm-test-suite/MultiSource/Benchmarks/7zip -I/home/ed/mcsema-testing/llvm-test-suite/include -I../../../include -D_GNU_SOURCE -D__STDC_LIMIT_MACROS -DNDEBUG -DBREAK_HANDLER -DUNICODE -D_UNICODE -I/home/ed/mcsema-testing/llvm-test-suite/MultiSource/Benchmarks/7zip/C -I/home/ed/mcsema-testing/llvm-test-suite/MultiSource/Benchmarks/7zip/CPP/myWindows -I/home/ed/mcsema-testing/llvm-test-suite/MultiSource/Benchmarks/7zip/CPP/include_windows -I/home/ed/mcsema-testing/llvm-test-suite/MultiSource/Benchmarks/7zip/CPP -I. -D_FILE_OFFSET_BITS=64 -D_LARGEFILE_SOURCE -DNDEBUG -D_REENTRANT -DENV_UNIX -D_7ZIP_LARGE_PAGES -pthread -O3  -c /home/ed/mcsema-testing/llvm-test-suite/MultiSource/Benchmarks/7zip/CPP/7zip/Compress/DeflateDecoder.cpp -o Output/DeflateDecoder.llvm.o
/home/ed/mcsema-testing/llvm-test-suite/RunSafely.sh --show-errors -t "/home/ed/mcsema-testing/SANDBOX/test-2015-12-21_15-36-50/tools/timeit" 500 /dev/null Output/DeflateEncoder.llvm.o.compile /usr/bin/clang++ -I/home/ed/mcsema-testing/SANDBOX/test-2015-12-21_15-36-50/MultiSource/Benchmarks/7zip -I/home/ed/mcsema-testing/llvm-test-suite/MultiSource/Benchmarks/7zip -I/home/ed/mcsema-testing/llvm-test-suite/include -I../../../include -D_GNU_SOURCE -D__STDC_LIMIT_MACROS -DNDEBUG -DBREAK_HANDLER -DUNICODE -D_UNICODE -I/home/ed/mcsema-testing/llvm-test-suite/MultiSource/Benchmarks/7zip/C -I/home/ed/mcsema-testing/llvm-test-suite/MultiSource/Benchmarks/7zip/CPP/myWindows -I/home/ed/mcsema-testing/llvm-test-suite/MultiSource/Benchmarks/7zip/CPP/include_windows -I/home/ed/mcsema-testing/llvm-test-suite/MultiSource/Benchmarks/7zip/CPP -I. -D_FILE_OFFSET_BITS=64 -D_LARGEFILE_SOURCE -DNDEBUG -D_REENTRANT -DENV_UNIX -D_7ZIP_LARGE_PAGES -pthread -O3  -c /home/ed/mcsema-testing/llvm-test-suite/MultiSource/Benchmarks/7zip/CPP/7zip/Compress/DeflateEncoder.cpp -o Output/DeflateEncoder.llvm.o
/home/ed/mcsema-testing/llvm-test-suite/RunSafely.sh --show-errors -t "/home/ed/mcsema-testing/SANDBOX/test-2015-12-21_15-36-50/tools/timeit" 500 /dev/null Output/DeflateProps.llvm.o.compile /usr/bin/clang++ -I/home/ed/mcsema-testing/SANDBOX/test-2015-12-21_15-36-50/MultiSource/Benchmarks/7zip -I/home/ed/mcsema-testing/llvm-test-suite/MultiSource/Benchmarks/7zip -I/home/ed/mcsema-testing/llvm-test-suite/include -I../../../include -D_GNU_SOURCE -D__STDC_LIMIT_MACROS -DNDEBUG -DBREAK_HANDLER -DUNICODE -D_UNICODE -I/home/ed/mcsema-testing/llvm-test-suite/MultiSource/Benchmarks/7zip/C -I/home/ed/mcsema-testing/llvm-test-suite/MultiSource/Benchmarks/7zip/CPP/myWindows -I/home/ed/mcsema-testing/llvm-test-suite/MultiSource/Benchmarks/7zip/CPP/include_windows -I/home/ed/mcsema-testing/llvm-test-suite/MultiSource/Benchmarks/7zip/CPP -I. -D_FILE_OFFSET_BITS=64 -D_LARGEFILE_SOURCE -DNDEBUG -D_REENTRANT -DENV_UNIX -D_7ZIP_LARGE_PAGES -pthread -O3  -c /home/ed/mcsema-testing/llvm-test-suite/MultiSource/Benchmarks/7zip/CPP/7zip/Archive/DeflateProps.cpp -o Output/DeflateProps.llvm.o
/home/ed/mcsema-testing/llvm-test-suite/RunSafely.sh --show-errors -t "/home/ed/mcsema-testing/SANDBOX/test-2015-12-21_15-36-50/tools/timeit" 500 /dev/null Output/DeflateRegister.llvm.o.compile /usr/bin/clang++ -I/home/ed/mcsema-testing/SANDBOX/test-2015-12-21_15-36-50/MultiSource/Benchmarks/7zip -I/home/ed/mcsema-testing/llvm-test-suite/MultiSource/Benchmarks/7zip -I/home/ed/mcsema-testing/llvm-test-suite/include -I../../../include -D_GNU_SOURCE -D__STDC_LIMIT_MACROS -DNDEBUG -DBREAK_HANDLER -DUNICODE -D_UNICODE -I/home/ed/mcsema-testing/llvm-test-suite/MultiSource/Benchmarks/7zip/C -I/home/ed/mcsema-testing/llvm-test-suite/MultiSource/Benchmarks/7zip/CPP/myWindows -I/home/ed/mcsema-testing/llvm-test-suite/MultiSource/Benchmarks/7zip/CPP/include_windows -I/home/ed/mcsema-testing/llvm-test-suite/MultiSource/Benchmarks/7zip/CPP -I. -D_FILE_OFFSET_BITS=64 -D_LARGEFILE_SOURCE -DNDEBUG -D_REENTRANT -DENV_UNIX -D_7ZIP_LARGE_PAGES -pthread -O3  -c /home/ed/mcsema-testing/llvm-test-suite/MultiSource/Benchmarks/7zip/CPP/7zip/Compress/DeflateRegister.cpp -o Output/DeflateRegister.llvm.o
/home/ed/mcsema-testing/llvm-test-suite/RunSafely.sh --show-errors -t "/home/ed/mcsema-testing/SANDBOX/test-2015-12-21_15-36-50/tools/timeit" 500 /dev/null Output/Delta.llvm.o.compile /usr/bin/clang -I/home/ed/mcsema-testing/SANDBOX/test-2015-12-21_15-36-50/MultiSource/Benchmarks/7zip -I/home/ed/mcsema-testing/llvm-test-suite/MultiSource/Benchmarks/7zip -I/home/ed/mcsema-testing/llvm-test-suite/include -I../../../include -D_GNU_SOURCE -D__STDC_LIMIT_MACROS -DNDEBUG -DBREAK_HANDLER -DUNICODE -D_UNICODE -I/home/ed/mcsema-testing/llvm-test-suite/MultiSource/Benchmarks/7zip/C -I/home/ed/mcsema-testing/llvm-test-suite/MultiSource/Benchmarks/7zip/CPP/myWindows -I/home/ed/mcsema-testing/llvm-test-suite/MultiSource/Benchmarks/7zip/CPP/include_windows -I/home/ed/mcsema-testing/llvm-test-suite/MultiSource/Benchmarks/7zip/CPP -I. -D_FILE_OFFSET_BITS=64 -D_LARGEFILE_SOURCE -DNDEBUG -D_REENTRANT -DENV_UNIX -D_7ZIP_LARGE_PAGES -pthread -O3  -c /home/ed/mcsema-testing/llvm-test-suite/MultiSource/Benchmarks/7zip/C/Delta.c -o Output/Delta.llvm.o
/home/ed/mcsema-testing/llvm-test-suite/RunSafely.sh --show-errors -t "/home/ed/mcsema-testing/SANDBOX/test-2015-12-21_15-36-50/tools/timeit" 500 /dev/null Output/DeltaFilter.llvm.o.compile /usr/bin/clang++ -I/home/ed/mcsema-testing/SANDBOX/test-2015-12-21_15-36-50/MultiSource/Benchmarks/7zip -I/home/ed/mcsema-testing/llvm-test-suite/MultiSource/Benchmarks/7zip -I/home/ed/mcsema-testing/llvm-test-suite/include -I../../../include -D_GNU_SOURCE -D__STDC_LIMIT_MACROS -DNDEBUG -DBREAK_HANDLER -DUNICODE -D_UNICODE -I/home/ed/mcsema-testing/llvm-test-suite/MultiSource/Benchmarks/7zip/C -I/home/ed/mcsema-testing/llvm-test-suite/MultiSource/Benchmarks/7zip/CPP/myWindows -I/home/ed/mcsema-testing/llvm-test-suite/MultiSource/Benchmarks/7zip/CPP/include_windows -I/home/ed/mcsema-testing/llvm-test-suite/MultiSource/Benchmarks/7zip/CPP -I. -D_FILE_OFFSET_BITS=64 -D_LARGEFILE_SOURCE -DNDEBUG -D_REENTRANT -DENV_UNIX -D_7ZIP_LARGE_PAGES -pthread -O3  -c /home/ed/mcsema-testing/llvm-test-suite/MultiSource/Benchmarks/7zip/CPP/7zip/Compress/DeltaFilter.cpp -o Output/DeltaFilter.llvm.o
/home/ed/mcsema-testing/llvm-test-suite/RunSafely.sh --show-errors -t "/home/ed/mcsema-testing/SANDBOX/test-2015-12-21_15-36-50/tools/timeit" 500 /dev/null Output/DummyOutStream.llvm.o.compile /usr/bin/clang++ -I/home/ed/mcsema-testing/SANDBOX/test-2015-12-21_15-36-50/MultiSource/Benchmarks/7zip -I/home/ed/mcsema-testing/llvm-test-suite/MultiSource/Benchmarks/7zip -I/home/ed/mcsema-testing/llvm-test-suite/include -I../../../include -D_GNU_SOURCE -D__STDC_LIMIT_MACROS -DNDEBUG -DBREAK_HANDLER -DUNICODE -D_UNICODE -I/home/ed/mcsema-testing/llvm-test-suite/MultiSource/Benchmarks/7zip/C -I/home/ed/mcsema-testing/llvm-test-suite/MultiSource/Benchmarks/7zip/CPP/myWindows -I/home/ed/mcsema-testing/llvm-test-suite/MultiSource/Benchmarks/7zip/CPP/include_windows -I/home/ed/mcsema-testing/llvm-test-suite/MultiSource/Benchmarks/7zip/CPP -I. -D_FILE_OFFSET_BITS=64 -D_LARGEFILE_SOURCE -DNDEBUG -D_REENTRANT -DENV_UNIX -D_7ZIP_LARGE_PAGES -pthread -O3  -c /home/ed/mcsema-testing/llvm-test-suite/MultiSource/Benchmarks/7zip/CPP/7zip/Archive/Common/DummyOutStream.cpp -o Output/DummyOutStream.llvm.o
/home/ed/mcsema-testing/llvm-test-suite/RunSafely.sh --show-errors -t "/home/ed/mcsema-testing/SANDBOX/test-2015-12-21_15-36-50/tools/timeit" 500 /dev/null Output/EnumDirItems.llvm.o.compile /usr/bin/clang++ -I/home/ed/mcsema-testing/SANDBOX/test-2015-12-21_15-36-50/MultiSource/Benchmarks/7zip -I/home/ed/mcsema-testing/llvm-test-suite/MultiSource/Benchmarks/7zip -I/home/ed/mcsema-testing/llvm-test-suite/include -I../../../include -D_GNU_SOURCE -D__STDC_LIMIT_MACROS -DNDEBUG -DBREAK_HANDLER -DUNICODE -D_UNICODE -I/home/ed/mcsema-testing/llvm-test-suite/MultiSource/Benchmarks/7zip/C -I/home/ed/mcsema-testing/llvm-test-suite/MultiSource/Benchmarks/7zip/CPP/myWindows -I/home/ed/mcsema-testing/llvm-test-suite/MultiSource/Benchmarks/7zip/CPP/include_windows -I/home/ed/mcsema-testing/llvm-test-suite/MultiSource/Benchmarks/7zip/CPP -I. -D_FILE_OFFSET_BITS=64 -D_LARGEFILE_SOURCE -DNDEBUG -D_REENTRANT -DENV_UNIX -D_7ZIP_LARGE_PAGES -pthread -O3  -c /home/ed/mcsema-testing/llvm-test-suite/MultiSource/Benchmarks/7zip/CPP/7zip/UI/Common/EnumDirItems.cpp -o Output/EnumDirItems.llvm.o
/home/ed/mcsema-testing/llvm-test-suite/RunSafely.sh --show-errors -t "/home/ed/mcsema-testing/SANDBOX/test-2015-12-21_15-36-50/tools/timeit" 500 /dev/null Output/Error.llvm.o.compile /usr/bin/clang++ -I/home/ed/mcsema-testing/SANDBOX/test-2015-12-21_15-36-50/MultiSource/Benchmarks/7zip -I/home/ed/mcsema-testing/llvm-test-suite/MultiSource/Benchmarks/7zip -I/home/ed/mcsema-testing/llvm-test-suite/include -I../../../include -D_GNU_SOURCE -D__STDC_LIMIT_MACROS -DNDEBUG -DBREAK_HANDLER -DUNICODE -D_UNICODE -I/home/ed/mcsema-testing/llvm-test-suite/MultiSource/Benchmarks/7zip/C -I/home/ed/mcsema-testing/llvm-test-suite/MultiSource/Benchmarks/7zip/CPP/myWindows -I/home/ed/mcsema-testing/llvm-test-suite/MultiSource/Benchmarks/7zip/CPP/include_windows -I/home/ed/mcsema-testing/llvm-test-suite/MultiSource/Benchmarks/7zip/CPP -I. -D_FILE_OFFSET_BITS=64 -D_LARGEFILE_SOURCE -DNDEBUG -D_REENTRANT -DENV_UNIX -D_7ZIP_LARGE_PAGES -pthread -O3  -c /home/ed/mcsema-testing/llvm-test-suite/MultiSource/Benchmarks/7zip/CPP/Windows/Error.cpp -o Output/Error.llvm.o
/home/ed/mcsema-testing/llvm-test-suite/RunSafely.sh --show-errors -t "/home/ed/mcsema-testing/SANDBOX/test-2015-12-21_15-36-50/tools/timeit" 500 /dev/null Output/Extract.llvm.o.compile /usr/bin/clang++ -I/home/ed/mcsema-testing/SANDBOX/test-2015-12-21_15-36-50/MultiSource/Benchmarks/7zip -I/home/ed/mcsema-testing/llvm-test-suite/MultiSource/Benchmarks/7zip -I/home/ed/mcsema-testing/llvm-test-suite/include -I../../../include -D_GNU_SOURCE -D__STDC_LIMIT_MACROS -DNDEBUG -DBREAK_HANDLER -DUNICODE -D_UNICODE -I/home/ed/mcsema-testing/llvm-test-suite/MultiSource/Benchmarks/7zip/C -I/home/ed/mcsema-testing/llvm-test-suite/MultiSource/Benchmarks/7zip/CPP/myWindows -I/home/ed/mcsema-testing/llvm-test-suite/MultiSource/Benchmarks/7zip/CPP/include_windows -I/home/ed/mcsema-testing/llvm-test-suite/MultiSource/Benchmarks/7zip/CPP -I. -D_FILE_OFFSET_BITS=64 -D_LARGEFILE_SOURCE -DNDEBUG -D_REENTRANT -DENV_UNIX -D_7ZIP_LARGE_PAGES -pthread -O3  -c /home/ed/mcsema-testing/llvm-test-suite/MultiSource/Benchmarks/7zip/CPP/7zip/UI/Common/Extract.cpp -o Output/Extract.llvm.o
/home/ed/mcsema-testing/llvm-test-suite/RunSafely.sh --show-errors -t "/home/ed/mcsema-testing/SANDBOX/test-2015-12-21_15-36-50/tools/timeit" 500 /dev/null Output/ExtractCallbackConsole.llvm.o.compile /usr/bin/clang++ -I/home/ed/mcsema-testing/SANDBOX/test-2015-12-21_15-36-50/MultiSource/Benchmarks/7zip -I/home/ed/mcsema-testing/llvm-test-suite/MultiSource/Benchmarks/7zip -I/home/ed/mcsema-testing/llvm-test-suite/include -I../../../include -D_GNU_SOURCE -D__STDC_LIMIT_MACROS -DNDEBUG -DBREAK_HANDLER -DUNICODE -D_UNICODE -I/home/ed/mcsema-testing/llvm-test-suite/MultiSource/Benchmarks/7zip/C -I/home/ed/mcsema-testing/llvm-test-suite/MultiSource/Benchmarks/7zip/CPP/myWindows -I/home/ed/mcsema-testing/llvm-test-suite/MultiSource/Benchmarks/7zip/CPP/include_windows -I/home/ed/mcsema-testing/llvm-test-suite/MultiSource/Benchmarks/7zip/CPP -I. -D_FILE_OFFSET_BITS=64 -D_LARGEFILE_SOURCE -DNDEBUG -D_REENTRANT -DENV_UNIX -D_7ZIP_LARGE_PAGES -pthread -O3  -c /home/ed/mcsema-testing/llvm-test-suite/MultiSource/Benchmarks/7zip/CPP/7zip/UI/Console/ExtractCallbackConsole.cpp -o Output/ExtractCallbackConsole.llvm.o
/home/ed/mcsema-testing/llvm-test-suite/RunSafely.sh --show-errors -t "/home/ed/mcsema-testing/SANDBOX/test-2015-12-21_15-36-50/tools/timeit" 500 /dev/null Output/ExtractingFilePath.llvm.o.compile /usr/bin/clang++ -I/home/ed/mcsema-testing/SANDBOX/test-2015-12-21_15-36-50/MultiSource/Benchmarks/7zip -I/home/ed/mcsema-testing/llvm-test-suite/MultiSource/Benchmarks/7zip -I/home/ed/mcsema-testing/llvm-test-suite/include -I../../../include -D_GNU_SOURCE -D__STDC_LIMIT_MACROS -DNDEBUG -DBREAK_HANDLER -DUNICODE -D_UNICODE -I/home/ed/mcsema-testing/llvm-test-suite/MultiSource/Benchmarks/7zip/C -I/home/ed/mcsema-testing/llvm-test-suite/MultiSource/Benchmarks/7zip/CPP/myWindows -I/home/ed/mcsema-testing/llvm-test-suite/MultiSource/Benchmarks/7zip/CPP/include_windows -I/home/ed/mcsema-testing/llvm-test-suite/MultiSource/Benchmarks/7zip/CPP -I. -D_FILE_OFFSET_BITS=64 -D_LARGEFILE_SOURCE -DNDEBUG -D_REENTRANT -DENV_UNIX -D_7ZIP_LARGE_PAGES -pthread -O3  -c /home/ed/mcsema-testing/llvm-test-suite/MultiSource/Benchmarks/7zip/CPP/7zip/UI/Common/ExtractingFilePath.cpp -o Output/ExtractingFilePath.llvm.o
/home/ed/mcsema-testing/llvm-test-suite/RunSafely.sh --show-errors -t "/home/ed/mcsema-testing/SANDBOX/test-2015-12-21_15-36-50/tools/timeit" 500 /dev/null Output/FileDir.llvm.o.compile /usr/bin/clang++ -I/home/ed/mcsema-testing/SANDBOX/test-2015-12-21_15-36-50/MultiSource/Benchmarks/7zip -I/home/ed/mcsema-testing/llvm-test-suite/MultiSource/Benchmarks/7zip -I/home/ed/mcsema-testing/llvm-test-suite/include -I../../../include -D_GNU_SOURCE -D__STDC_LIMIT_MACROS -DNDEBUG -DBREAK_HANDLER -DUNICODE -D_UNICODE -I/home/ed/mcsema-testing/llvm-test-suite/MultiSource/Benchmarks/7zip/C -I/home/ed/mcsema-testing/llvm-test-suite/MultiSource/Benchmarks/7zip/CPP/myWindows -I/home/ed/mcsema-testing/llvm-test-suite/MultiSource/Benchmarks/7zip/CPP/include_windows -I/home/ed/mcsema-testing/llvm-test-suite/MultiSource/Benchmarks/7zip/CPP -I. -D_FILE_OFFSET_BITS=64 -D_LARGEFILE_SOURCE -DNDEBUG -D_REENTRANT -DENV_UNIX -D_7ZIP_LARGE_PAGES -pthread -O3  -c /home/ed/mcsema-testing/llvm-test-suite/MultiSource/Benchmarks/7zip/CPP/Windows/FileDir.cpp -o Output/FileDir.llvm.o
/home/ed/mcsema-testing/llvm-test-suite/RunSafely.sh --show-errors -t "/home/ed/mcsema-testing/SANDBOX/test-2015-12-21_15-36-50/tools/timeit" 500 /dev/null Output/FileFind.llvm.o.compile /usr/bin/clang++ -I/home/ed/mcsema-testing/SANDBOX/test-2015-12-21_15-36-50/MultiSource/Benchmarks/7zip -I/home/ed/mcsema-testing/llvm-test-suite/MultiSource/Benchmarks/7zip -I/home/ed/mcsema-testing/llvm-test-suite/include -I../../../include -D_GNU_SOURCE -D__STDC_LIMIT_MACROS -DNDEBUG -DBREAK_HANDLER -DUNICODE -D_UNICODE -I/home/ed/mcsema-testing/llvm-test-suite/MultiSource/Benchmarks/7zip/C -I/home/ed/mcsema-testing/llvm-test-suite/MultiSource/Benchmarks/7zip/CPP/myWindows -I/home/ed/mcsema-testing/llvm-test-suite/MultiSource/Benchmarks/7zip/CPP/include_windows -I/home/ed/mcsema-testing/llvm-test-suite/MultiSource/Benchmarks/7zip/CPP -I. -D_FILE_OFFSET_BITS=64 -D_LARGEFILE_SOURCE -DNDEBUG -D_REENTRANT -DENV_UNIX -D_7ZIP_LARGE_PAGES -pthread -O3  -c /home/ed/mcsema-testing/llvm-test-suite/MultiSource/Benchmarks/7zip/CPP/Windows/FileFind.cpp -o Output/FileFind.llvm.o
/home/ed/mcsema-testing/llvm-test-suite/RunSafely.sh --show-errors -t "/home/ed/mcsema-testing/SANDBOX/test-2015-12-21_15-36-50/tools/timeit" 500 /dev/null Output/FileIO.llvm.o.compile /usr/bin/clang++ -I/home/ed/mcsema-testing/SANDBOX/test-2015-12-21_15-36-50/MultiSource/Benchmarks/7zip -I/home/ed/mcsema-testing/llvm-test-suite/MultiSource/Benchmarks/7zip -I/home/ed/mcsema-testing/llvm-test-suite/include -I../../../include -D_GNU_SOURCE -D__STDC_LIMIT_MACROS -DNDEBUG -DBREAK_HANDLER -DUNICODE -D_UNICODE -I/home/ed/mcsema-testing/llvm-test-suite/MultiSource/Benchmarks/7zip/C -I/home/ed/mcsema-testing/llvm-test-suite/MultiSource/Benchmarks/7zip/CPP/myWindows -I/home/ed/mcsema-testing/llvm-test-suite/MultiSource/Benchmarks/7zip/CPP/include_windows -I/home/ed/mcsema-testing/llvm-test-suite/MultiSource/Benchmarks/7zip/CPP -I. -D_FILE_OFFSET_BITS=64 -D_LARGEFILE_SOURCE -DNDEBUG -D_REENTRANT -DENV_UNIX -D_7ZIP_LARGE_PAGES -pthread -O3  -c /home/ed/mcsema-testing/llvm-test-suite/MultiSource/Benchmarks/7zip/CPP/Windows/FileIO.cpp -o Output/FileIO.llvm.o
/home/ed/mcsema-testing/llvm-test-suite/RunSafely.sh --show-errors -t "/home/ed/mcsema-testing/SANDBOX/test-2015-12-21_15-36-50/tools/timeit" 500 /dev/null Output/FileName.llvm.o.compile /usr/bin/clang++ -I/home/ed/mcsema-testing/SANDBOX/test-2015-12-21_15-36-50/MultiSource/Benchmarks/7zip -I/home/ed/mcsema-testing/llvm-test-suite/MultiSource/Benchmarks/7zip -I/home/ed/mcsema-testing/llvm-test-suite/include -I../../../include -D_GNU_SOURCE -D__STDC_LIMIT_MACROS -DNDEBUG -DBREAK_HANDLER -DUNICODE -D_UNICODE -I/home/ed/mcsema-testing/llvm-test-suite/MultiSource/Benchmarks/7zip/C -I/home/ed/mcsema-testing/llvm-test-suite/MultiSource/Benchmarks/7zip/CPP/myWindows -I/home/ed/mcsema-testing/llvm-test-suite/MultiSource/Benchmarks/7zip/CPP/include_windows -I/home/ed/mcsema-testing/llvm-test-suite/MultiSource/Benchmarks/7zip/CPP -I. -D_FILE_OFFSET_BITS=64 -D_LARGEFILE_SOURCE -DNDEBUG -D_REENTRANT -DENV_UNIX -D_7ZIP_LARGE_PAGES -pthread -O3  -c /home/ed/mcsema-testing/llvm-test-suite/MultiSource/Benchmarks/7zip/CPP/Windows/FileName.cpp -o Output/FileName.llvm.o
/home/ed/mcsema-testing/llvm-test-suite/RunSafely.sh --show-errors -t "/home/ed/mcsema-testing/SANDBOX/test-2015-12-21_15-36-50/tools/timeit" 500 /dev/null Output/FilePathAutoRename.llvm.o.compile /usr/bin/clang++ -I/home/ed/mcsema-testing/SANDBOX/test-2015-12-21_15-36-50/MultiSource/Benchmarks/7zip -I/home/ed/mcsema-testing/llvm-test-suite/MultiSource/Benchmarks/7zip -I/home/ed/mcsema-testing/llvm-test-suite/include -I../../../include -D_GNU_SOURCE -D__STDC_LIMIT_MACROS -DNDEBUG -DBREAK_HANDLER -DUNICODE -D_UNICODE -I/home/ed/mcsema-testing/llvm-test-suite/MultiSource/Benchmarks/7zip/C -I/home/ed/mcsema-testing/llvm-test-suite/MultiSource/Benchmarks/7zip/CPP/myWindows -I/home/ed/mcsema-testing/llvm-test-suite/MultiSource/Benchmarks/7zip/CPP/include_windows -I/home/ed/mcsema-testing/llvm-test-suite/MultiSource/Benchmarks/7zip/CPP -I. -D_FILE_OFFSET_BITS=64 -D_LARGEFILE_SOURCE -DNDEBUG -D_REENTRANT -DENV_UNIX -D_7ZIP_LARGE_PAGES -pthread -O3  -c /home/ed/mcsema-testing/llvm-test-suite/MultiSource/Benchmarks/7zip/CPP/7zip/Common/FilePathAutoRename.cpp -o Output/FilePathAutoRename.llvm.o
/home/ed/mcsema-testing/llvm-test-suite/RunSafely.sh --show-errors -t "/home/ed/mcsema-testing/SANDBOX/test-2015-12-21_15-36-50/tools/timeit" 500 /dev/null Output/FileStreams.llvm.o.compile /usr/bin/clang++ -I/home/ed/mcsema-testing/SANDBOX/test-2015-12-21_15-36-50/MultiSource/Benchmarks/7zip -I/home/ed/mcsema-testing/llvm-test-suite/MultiSource/Benchmarks/7zip -I/home/ed/mcsema-testing/llvm-test-suite/include -I../../../include -D_GNU_SOURCE -D__STDC_LIMIT_MACROS -DNDEBUG -DBREAK_HANDLER -DUNICODE -D_UNICODE -I/home/ed/mcsema-testing/llvm-test-suite/MultiSource/Benchmarks/7zip/C -I/home/ed/mcsema-testing/llvm-test-suite/MultiSource/Benchmarks/7zip/CPP/myWindows -I/home/ed/mcsema-testing/llvm-test-suite/MultiSource/Benchmarks/7zip/CPP/include_windows -I/home/ed/mcsema-testing/llvm-test-suite/MultiSource/Benchmarks/7zip/CPP -I. -D_FILE_OFFSET_BITS=64 -D_LARGEFILE_SOURCE -DNDEBUG -D_REENTRANT -DENV_UNIX -D_7ZIP_LARGE_PAGES -pthread -O3  -c /home/ed/mcsema-testing/llvm-test-suite/MultiSource/Benchmarks/7zip/CPP/7zip/Common/FileStreams.cpp -o Output/FileStreams.llvm.o
/home/ed/mcsema-testing/llvm-test-suite/RunSafely.sh --show-errors -t "/home/ed/mcsema-testing/SANDBOX/test-2015-12-21_15-36-50/tools/timeit" 500 /dev/null Output/FilterCoder.llvm.o.compile /usr/bin/clang++ -I/home/ed/mcsema-testing/SANDBOX/test-2015-12-21_15-36-50/MultiSource/Benchmarks/7zip -I/home/ed/mcsema-testing/llvm-test-suite/MultiSource/Benchmarks/7zip -I/home/ed/mcsema-testing/llvm-test-suite/include -I../../../include -D_GNU_SOURCE -D__STDC_LIMIT_MACROS -DNDEBUG -DBREAK_HANDLER -DUNICODE -D_UNICODE -I/home/ed/mcsema-testing/llvm-test-suite/MultiSource/Benchmarks/7zip/C -I/home/ed/mcsema-testing/llvm-test-suite/MultiSource/Benchmarks/7zip/CPP/myWindows -I/home/ed/mcsema-testing/llvm-test-suite/MultiSource/Benchmarks/7zip/CPP/include_windows -I/home/ed/mcsema-testing/llvm-test-suite/MultiSource/Benchmarks/7zip/CPP -I. -D_FILE_OFFSET_BITS=64 -D_LARGEFILE_SOURCE -DNDEBUG -D_REENTRANT -DENV_UNIX -D_7ZIP_LARGE_PAGES -pthread -O3  -c /home/ed/mcsema-testing/llvm-test-suite/MultiSource/Benchmarks/7zip/CPP/7zip/Common/FilterCoder.cpp -o Output/FilterCoder.llvm.o
/home/ed/mcsema-testing/llvm-test-suite/RunSafely.sh --show-errors -t "/home/ed/mcsema-testing/SANDBOX/test-2015-12-21_15-36-50/tools/timeit" 500 /dev/null Output/FindSignature.llvm.o.compile /usr/bin/clang++ -I/home/ed/mcsema-testing/SANDBOX/test-2015-12-21_15-36-50/MultiSource/Benchmarks/7zip -I/home/ed/mcsema-testing/llvm-test-suite/MultiSource/Benchmarks/7zip -I/home/ed/mcsema-testing/llvm-test-suite/include -I../../../include -D_GNU_SOURCE -D__STDC_LIMIT_MACROS -DNDEBUG -DBREAK_HANDLER -DUNICODE -D_UNICODE -I/home/ed/mcsema-testing/llvm-test-suite/MultiSource/Benchmarks/7zip/C -I/home/ed/mcsema-testing/llvm-test-suite/MultiSource/Benchmarks/7zip/CPP/myWindows -I/home/ed/mcsema-testing/llvm-test-suite/MultiSource/Benchmarks/7zip/CPP/include_windows -I/home/ed/mcsema-testing/llvm-test-suite/MultiSource/Benchmarks/7zip/CPP -I. -D_FILE_OFFSET_BITS=64 -D_LARGEFILE_SOURCE -DNDEBUG -D_REENTRANT -DENV_UNIX -D_7ZIP_LARGE_PAGES -pthread -O3  -c /home/ed/mcsema-testing/llvm-test-suite/MultiSource/Benchmarks/7zip/CPP/7zip/Archive/Common/FindSignature.cpp -o Output/FindSignature.llvm.o
/home/ed/mcsema-testing/llvm-test-suite/RunSafely.sh --show-errors -t "/home/ed/mcsema-testing/SANDBOX/test-2015-12-21_15-36-50/tools/timeit" 500 /dev/null Output/GzHandler.llvm.o.compile /usr/bin/clang++ -I/home/ed/mcsema-testing/SANDBOX/test-2015-12-21_15-36-50/MultiSource/Benchmarks/7zip -I/home/ed/mcsema-testing/llvm-test-suite/MultiSource/Benchmarks/7zip -I/home/ed/mcsema-testing/llvm-test-suite/include -I../../../include -D_GNU_SOURCE -D__STDC_LIMIT_MACROS -DNDEBUG -DBREAK_HANDLER -DUNICODE -D_UNICODE -I/home/ed/mcsema-testing/llvm-test-suite/MultiSource/Benchmarks/7zip/C -I/home/ed/mcsema-testing/llvm-test-suite/MultiSource/Benchmarks/7zip/CPP/myWindows -I/home/ed/mcsema-testing/llvm-test-suite/MultiSource/Benchmarks/7zip/CPP/include_windows -I/home/ed/mcsema-testing/llvm-test-suite/MultiSource/Benchmarks/7zip/CPP -I. -D_FILE_OFFSET_BITS=64 -D_LARGEFILE_SOURCE -DNDEBUG -D_REENTRANT -DENV_UNIX -D_7ZIP_LARGE_PAGES -pthread -O3  -c /home/ed/mcsema-testing/llvm-test-suite/MultiSource/Benchmarks/7zip/CPP/7zip/Archive/GzHandler.cpp -o Output/GzHandler.llvm.o
/home/ed/mcsema-testing/llvm-test-suite/RunSafely.sh --show-errors -t "/home/ed/mcsema-testing/SANDBOX/test-2015-12-21_15-36-50/tools/timeit" 500 /dev/null Output/HandlerOut.llvm.o.compile /usr/bin/clang++ -I/home/ed/mcsema-testing/SANDBOX/test-2015-12-21_15-36-50/MultiSource/Benchmarks/7zip -I/home/ed/mcsema-testing/llvm-test-suite/MultiSource/Benchmarks/7zip -I/home/ed/mcsema-testing/llvm-test-suite/include -I../../../include -D_GNU_SOURCE -D__STDC_LIMIT_MACROS -DNDEBUG -DBREAK_HANDLER -DUNICODE -D_UNICODE -I/home/ed/mcsema-testing/llvm-test-suite/MultiSource/Benchmarks/7zip/C -I/home/ed/mcsema-testing/llvm-test-suite/MultiSource/Benchmarks/7zip/CPP/myWindows -I/home/ed/mcsema-testing/llvm-test-suite/MultiSource/Benchmarks/7zip/CPP/include_windows -I/home/ed/mcsema-testing/llvm-test-suite/MultiSource/Benchmarks/7zip/CPP -I. -D_FILE_OFFSET_BITS=64 -D_LARGEFILE_SOURCE -DNDEBUG -D_REENTRANT -DENV_UNIX -D_7ZIP_LARGE_PAGES -pthread -O3  -c /home/ed/mcsema-testing/llvm-test-suite/MultiSource/Benchmarks/7zip/CPP/7zip/Archive/Common/HandlerOut.cpp -o Output/HandlerOut.llvm.o
/home/ed/mcsema-testing/llvm-test-suite/RunSafely.sh --show-errors -t "/home/ed/mcsema-testing/SANDBOX/test-2015-12-21_15-36-50/tools/timeit" 500 /dev/null Output/HmacSha1.llvm.o.compile /usr/bin/clang++ -I/home/ed/mcsema-testing/SANDBOX/test-2015-12-21_15-36-50/MultiSource/Benchmarks/7zip -I/home/ed/mcsema-testing/llvm-test-suite/MultiSource/Benchmarks/7zip -I/home/ed/mcsema-testing/llvm-test-suite/include -I../../../include -D_GNU_SOURCE -D__STDC_LIMIT_MACROS -DNDEBUG -DBREAK_HANDLER -DUNICODE -D_UNICODE -I/home/ed/mcsema-testing/llvm-test-suite/MultiSource/Benchmarks/7zip/C -I/home/ed/mcsema-testing/llvm-test-suite/MultiSource/Benchmarks/7zip/CPP/myWindows -I/home/ed/mcsema-testing/llvm-test-suite/MultiSource/Benchmarks/7zip/CPP/include_windows -I/home/ed/mcsema-testing/llvm-test-suite/MultiSource/Benchmarks/7zip/CPP -I. -D_FILE_OFFSET_BITS=64 -D_LARGEFILE_SOURCE -DNDEBUG -D_REENTRANT -DENV_UNIX -D_7ZIP_LARGE_PAGES -pthread -O3  -c /home/ed/mcsema-testing/llvm-test-suite/MultiSource/Benchmarks/7zip/CPP/7zip/Crypto/HmacSha1.cpp -o Output/HmacSha1.llvm.o
/home/ed/mcsema-testing/llvm-test-suite/RunSafely.sh --show-errors -t "/home/ed/mcsema-testing/SANDBOX/test-2015-12-21_15-36-50/tools/timeit" 500 /dev/null Output/HuffEnc.llvm.o.compile /usr/bin/clang -I/home/ed/mcsema-testing/SANDBOX/test-2015-12-21_15-36-50/MultiSource/Benchmarks/7zip -I/home/ed/mcsema-testing/llvm-test-suite/MultiSource/Benchmarks/7zip -I/home/ed/mcsema-testing/llvm-test-suite/include -I../../../include -D_GNU_SOURCE -D__STDC_LIMIT_MACROS -DNDEBUG -DBREAK_HANDLER -DUNICODE -D_UNICODE -I/home/ed/mcsema-testing/llvm-test-suite/MultiSource/Benchmarks/7zip/C -I/home/ed/mcsema-testing/llvm-test-suite/MultiSource/Benchmarks/7zip/CPP/myWindows -I/home/ed/mcsema-testing/llvm-test-suite/MultiSource/Benchmarks/7zip/CPP/include_windows -I/home/ed/mcsema-testing/llvm-test-suite/MultiSource/Benchmarks/7zip/CPP -I. -D_FILE_OFFSET_BITS=64 -D_LARGEFILE_SOURCE -DNDEBUG -D_REENTRANT -DENV_UNIX -D_7ZIP_LARGE_PAGES -pthread -O3  -c /home/ed/mcsema-testing/llvm-test-suite/MultiSource/Benchmarks/7zip/C/HuffEnc.c -o Output/HuffEnc.llvm.o
/home/ed/mcsema-testing/llvm-test-suite/RunSafely.sh --show-errors -t "/home/ed/mcsema-testing/SANDBOX/test-2015-12-21_15-36-50/tools/timeit" 500 /dev/null Output/ImplodeDecoder.llvm.o.compile /usr/bin/clang++ -I/home/ed/mcsema-testing/SANDBOX/test-2015-12-21_15-36-50/MultiSource/Benchmarks/7zip -I/home/ed/mcsema-testing/llvm-test-suite/MultiSource/Benchmarks/7zip -I/home/ed/mcsema-testing/llvm-test-suite/include -I../../../include -D_GNU_SOURCE -D__STDC_LIMIT_MACROS -DNDEBUG -DBREAK_HANDLER -DUNICODE -D_UNICODE -I/home/ed/mcsema-testing/llvm-test-suite/MultiSource/Benchmarks/7zip/C -I/home/ed/mcsema-testing/llvm-test-suite/MultiSource/Benchmarks/7zip/CPP/myWindows -I/home/ed/mcsema-testing/llvm-test-suite/MultiSource/Benchmarks/7zip/CPP/include_windows -I/home/ed/mcsema-testing/llvm-test-suite/MultiSource/Benchmarks/7zip/CPP -I. -D_FILE_OFFSET_BITS=64 -D_LARGEFILE_SOURCE -DNDEBUG -D_REENTRANT -DENV_UNIX -D_7ZIP_LARGE_PAGES -pthread -O3  -c /home/ed/mcsema-testing/llvm-test-suite/MultiSource/Benchmarks/7zip/CPP/7zip/Compress/ImplodeDecoder.cpp -o Output/ImplodeDecoder.llvm.o
/home/ed/mcsema-testing/llvm-test-suite/RunSafely.sh --show-errors -t "/home/ed/mcsema-testing/SANDBOX/test-2015-12-21_15-36-50/tools/timeit" 500 /dev/null Output/ImplodeHuffmanDecoder.llvm.o.compile /usr/bin/clang++ -I/home/ed/mcsema-testing/SANDBOX/test-2015-12-21_15-36-50/MultiSource/Benchmarks/7zip -I/home/ed/mcsema-testing/llvm-test-suite/MultiSource/Benchmarks/7zip -I/home/ed/mcsema-testing/llvm-test-suite/include -I../../../include -D_GNU_SOURCE -D__STDC_LIMIT_MACROS -DNDEBUG -DBREAK_HANDLER -DUNICODE -D_UNICODE -I/home/ed/mcsema-testing/llvm-test-suite/MultiSource/Benchmarks/7zip/C -I/home/ed/mcsema-testing/llvm-test-suite/MultiSource/Benchmarks/7zip/CPP/myWindows -I/home/ed/mcsema-testing/llvm-test-suite/MultiSource/Benchmarks/7zip/CPP/include_windows -I/home/ed/mcsema-testing/llvm-test-suite/MultiSource/Benchmarks/7zip/CPP -I. -D_FILE_OFFSET_BITS=64 -D_LARGEFILE_SOURCE -DNDEBUG -D_REENTRANT -DENV_UNIX -D_7ZIP_LARGE_PAGES -pthread -O3  -c /home/ed/mcsema-testing/llvm-test-suite/MultiSource/Benchmarks/7zip/CPP/7zip/Compress/ImplodeHuffmanDecoder.cpp -o Output/ImplodeHuffmanDecoder.llvm.o
/home/ed/mcsema-testing/llvm-test-suite/RunSafely.sh --show-errors -t "/home/ed/mcsema-testing/SANDBOX/test-2015-12-21_15-36-50/tools/timeit" 500 /dev/null Output/InBuffer.llvm.o.compile /usr/bin/clang++ -I/home/ed/mcsema-testing/SANDBOX/test-2015-12-21_15-36-50/MultiSource/Benchmarks/7zip -I/home/ed/mcsema-testing/llvm-test-suite/MultiSource/Benchmarks/7zip -I/home/ed/mcsema-testing/llvm-test-suite/include -I../../../include -D_GNU_SOURCE -D__STDC_LIMIT_MACROS -DNDEBUG -DBREAK_HANDLER -DUNICODE -D_UNICODE -I/home/ed/mcsema-testing/llvm-test-suite/MultiSource/Benchmarks/7zip/C -I/home/ed/mcsema-testing/llvm-test-suite/MultiSource/Benchmarks/7zip/CPP/myWindows -I/home/ed/mcsema-testing/llvm-test-suite/MultiSource/Benchmarks/7zip/CPP/include_windows -I/home/ed/mcsema-testing/llvm-test-suite/MultiSource/Benchmarks/7zip/CPP -I. -D_FILE_OFFSET_BITS=64 -D_LARGEFILE_SOURCE -DNDEBUG -D_REENTRANT -DENV_UNIX -D_7ZIP_LARGE_PAGES -pthread -O3  -c /home/ed/mcsema-testing/llvm-test-suite/MultiSource/Benchmarks/7zip/CPP/7zip/Common/InBuffer.cpp -o Output/InBuffer.llvm.o
/home/ed/mcsema-testing/llvm-test-suite/RunSafely.sh --show-errors -t "/home/ed/mcsema-testing/SANDBOX/test-2015-12-21_15-36-50/tools/timeit" 500 /dev/null Output/InOutTempBuffer.llvm.o.compile /usr/bin/clang++ -I/home/ed/mcsema-testing/SANDBOX/test-2015-12-21_15-36-50/MultiSource/Benchmarks/7zip -I/home/ed/mcsema-testing/llvm-test-suite/MultiSource/Benchmarks/7zip -I/home/ed/mcsema-testing/llvm-test-suite/include -I../../../include -D_GNU_SOURCE -D__STDC_LIMIT_MACROS -DNDEBUG -DBREAK_HANDLER -DUNICODE -D_UNICODE -I/home/ed/mcsema-testing/llvm-test-suite/MultiSource/Benchmarks/7zip/C -I/home/ed/mcsema-testing/llvm-test-suite/MultiSource/Benchmarks/7zip/CPP/myWindows -I/home/ed/mcsema-testing/llvm-test-suite/MultiSource/Benchmarks/7zip/CPP/include_windows -I/home/ed/mcsema-testing/llvm-test-suite/MultiSource/Benchmarks/7zip/CPP -I. -D_FILE_OFFSET_BITS=64 -D_LARGEFILE_SOURCE -DNDEBUG -D_REENTRANT -DENV_UNIX -D_7ZIP_LARGE_PAGES -pthread -O3  -c /home/ed/mcsema-testing/llvm-test-suite/MultiSource/Benchmarks/7zip/CPP/7zip/Common/InOutTempBuffer.cpp -o Output/InOutTempBuffer.llvm.o
/home/ed/mcsema-testing/llvm-test-suite/RunSafely.sh --show-errors -t "/home/ed/mcsema-testing/SANDBOX/test-2015-12-21_15-36-50/tools/timeit" 500 /dev/null Output/InStreamWithCRC.llvm.o.compile /usr/bin/clang++ -I/home/ed/mcsema-testing/SANDBOX/test-2015-12-21_15-36-50/MultiSource/Benchmarks/7zip -I/home/ed/mcsema-testing/llvm-test-suite/MultiSource/Benchmarks/7zip -I/home/ed/mcsema-testing/llvm-test-suite/include -I../../../include -D_GNU_SOURCE -D__STDC_LIMIT_MACROS -DNDEBUG -DBREAK_HANDLER -DUNICODE -D_UNICODE -I/home/ed/mcsema-testing/llvm-test-suite/MultiSource/Benchmarks/7zip/C -I/home/ed/mcsema-testing/llvm-test-suite/MultiSource/Benchmarks/7zip/CPP/myWindows -I/home/ed/mcsema-testing/llvm-test-suite/MultiSource/Benchmarks/7zip/CPP/include_windows -I/home/ed/mcsema-testing/llvm-test-suite/MultiSource/Benchmarks/7zip/CPP -I. -D_FILE_OFFSET_BITS=64 -D_LARGEFILE_SOURCE -DNDEBUG -D_REENTRANT -DENV_UNIX -D_7ZIP_LARGE_PAGES -pthread -O3  -c /home/ed/mcsema-testing/llvm-test-suite/MultiSource/Benchmarks/7zip/CPP/7zip/Archive/Common/InStreamWithCRC.cpp -o Output/InStreamWithCRC.llvm.o
/home/ed/mcsema-testing/llvm-test-suite/RunSafely.sh --show-errors -t "/home/ed/mcsema-testing/SANDBOX/test-2015-12-21_15-36-50/tools/timeit" 500 /dev/null Output/IntToString.llvm.o.compile /usr/bin/clang++ -I/home/ed/mcsema-testing/SANDBOX/test-2015-12-21_15-36-50/MultiSource/Benchmarks/7zip -I/home/ed/mcsema-testing/llvm-test-suite/MultiSource/Benchmarks/7zip -I/home/ed/mcsema-testing/llvm-test-suite/include -I../../../include -D_GNU_SOURCE -D__STDC_LIMIT_MACROS -DNDEBUG -DBREAK_HANDLER -DUNICODE -D_UNICODE -I/home/ed/mcsema-testing/llvm-test-suite/MultiSource/Benchmarks/7zip/C -I/home/ed/mcsema-testing/llvm-test-suite/MultiSource/Benchmarks/7zip/CPP/myWindows -I/home/ed/mcsema-testing/llvm-test-suite/MultiSource/Benchmarks/7zip/CPP/include_windows -I/home/ed/mcsema-testing/llvm-test-suite/MultiSource/Benchmarks/7zip/CPP -I. -D_FILE_OFFSET_BITS=64 -D_LARGEFILE_SOURCE -DNDEBUG -D_REENTRANT -DENV_UNIX -D_7ZIP_LARGE_PAGES -pthread -O3  -c /home/ed/mcsema-testing/llvm-test-suite/MultiSource/Benchmarks/7zip/CPP/Common/IntToString.cpp -o Output/IntToString.llvm.o
/home/ed/mcsema-testing/llvm-test-suite/RunSafely.sh --show-errors -t "/home/ed/mcsema-testing/SANDBOX/test-2015-12-21_15-36-50/tools/timeit" 500 /dev/null Output/ItemNameUtils.llvm.o.compile /usr/bin/clang++ -I/home/ed/mcsema-testing/SANDBOX/test-2015-12-21_15-36-50/MultiSource/Benchmarks/7zip -I/home/ed/mcsema-testing/llvm-test-suite/MultiSource/Benchmarks/7zip -I/home/ed/mcsema-testing/llvm-test-suite/include -I../../../include -D_GNU_SOURCE -D__STDC_LIMIT_MACROS -DNDEBUG -DBREAK_HANDLER -DUNICODE -D_UNICODE -I/home/ed/mcsema-testing/llvm-test-suite/MultiSource/Benchmarks/7zip/C -I/home/ed/mcsema-testing/llvm-test-suite/MultiSource/Benchmarks/7zip/CPP/myWindows -I/home/ed/mcsema-testing/llvm-test-suite/MultiSource/Benchmarks/7zip/CPP/include_windows -I/home/ed/mcsema-testing/llvm-test-suite/MultiSource/Benchmarks/7zip/CPP -I. -D_FILE_OFFSET_BITS=64 -D_LARGEFILE_SOURCE -DNDEBUG -D_REENTRANT -DENV_UNIX -D_7ZIP_LARGE_PAGES -pthread -O3  -c /home/ed/mcsema-testing/llvm-test-suite/MultiSource/Benchmarks/7zip/CPP/7zip/Archive/Common/ItemNameUtils.cpp -o Output/ItemNameUtils.llvm.o
/home/ed/mcsema-testing/llvm-test-suite/RunSafely.sh --show-errors -t "/home/ed/mcsema-testing/SANDBOX/test-2015-12-21_15-36-50/tools/timeit" 500 /dev/null Output/LimitedStreams.llvm.o.compile /usr/bin/clang++ -I/home/ed/mcsema-testing/SANDBOX/test-2015-12-21_15-36-50/MultiSource/Benchmarks/7zip -I/home/ed/mcsema-testing/llvm-test-suite/MultiSource/Benchmarks/7zip -I/home/ed/mcsema-testing/llvm-test-suite/include -I../../../include -D_GNU_SOURCE -D__STDC_LIMIT_MACROS -DNDEBUG -DBREAK_HANDLER -DUNICODE -D_UNICODE -I/home/ed/mcsema-testing/llvm-test-suite/MultiSource/Benchmarks/7zip/C -I/home/ed/mcsema-testing/llvm-test-suite/MultiSource/Benchmarks/7zip/CPP/myWindows -I/home/ed/mcsema-testing/llvm-test-suite/MultiSource/Benchmarks/7zip/CPP/include_windows -I/home/ed/mcsema-testing/llvm-test-suite/MultiSource/Benchmarks/7zip/CPP -I. -D_FILE_OFFSET_BITS=64 -D_LARGEFILE_SOURCE -DNDEBUG -D_REENTRANT -DENV_UNIX -D_7ZIP_LARGE_PAGES -pthread -O3  -c /home/ed/mcsema-testing/llvm-test-suite/MultiSource/Benchmarks/7zip/CPP/7zip/Common/LimitedStreams.cpp -o Output/LimitedStreams.llvm.o
/home/ed/mcsema-testing/llvm-test-suite/RunSafely.sh --show-errors -t "/home/ed/mcsema-testing/SANDBOX/test-2015-12-21_15-36-50/tools/timeit" 500 /dev/null Output/List.llvm.o.compile /usr/bin/clang++ -I/home/ed/mcsema-testing/SANDBOX/test-2015-12-21_15-36-50/MultiSource/Benchmarks/7zip -I/home/ed/mcsema-testing/llvm-test-suite/MultiSource/Benchmarks/7zip -I/home/ed/mcsema-testing/llvm-test-suite/include -I../../../include -D_GNU_SOURCE -D__STDC_LIMIT_MACROS -DNDEBUG -DBREAK_HANDLER -DUNICODE -D_UNICODE -I/home/ed/mcsema-testing/llvm-test-suite/MultiSource/Benchmarks/7zip/C -I/home/ed/mcsema-testing/llvm-test-suite/MultiSource/Benchmarks/7zip/CPP/myWindows -I/home/ed/mcsema-testing/llvm-test-suite/MultiSource/Benchmarks/7zip/CPP/include_windows -I/home/ed/mcsema-testing/llvm-test-suite/MultiSource/Benchmarks/7zip/CPP -I. -D_FILE_OFFSET_BITS=64 -D_LARGEFILE_SOURCE -DNDEBUG -D_REENTRANT -DENV_UNIX -D_7ZIP_LARGE_PAGES -pthread -O3  -c /home/ed/mcsema-testing/llvm-test-suite/MultiSource/Benchmarks/7zip/CPP/7zip/UI/Console/List.cpp -o Output/List.llvm.o
/home/ed/mcsema-testing/llvm-test-suite/RunSafely.sh --show-errors -t "/home/ed/mcsema-testing/SANDBOX/test-2015-12-21_15-36-50/tools/timeit" 500 /dev/null Output/ListFileUtils.llvm.o.compile /usr/bin/clang++ -I/home/ed/mcsema-testing/SANDBOX/test-2015-12-21_15-36-50/MultiSource/Benchmarks/7zip -I/home/ed/mcsema-testing/llvm-test-suite/MultiSource/Benchmarks/7zip -I/home/ed/mcsema-testing/llvm-test-suite/include -I../../../include -D_GNU_SOURCE -D__STDC_LIMIT_MACROS -DNDEBUG -DBREAK_HANDLER -DUNICODE -D_UNICODE -I/home/ed/mcsema-testing/llvm-test-suite/MultiSource/Benchmarks/7zip/C -I/home/ed/mcsema-testing/llvm-test-suite/MultiSource/Benchmarks/7zip/CPP/myWindows -I/home/ed/mcsema-testing/llvm-test-suite/MultiSource/Benchmarks/7zip/CPP/include_windows -I/home/ed/mcsema-testing/llvm-test-suite/MultiSource/Benchmarks/7zip/CPP -I. -D_FILE_OFFSET_BITS=64 -D_LARGEFILE_SOURCE -DNDEBUG -D_REENTRANT -DENV_UNIX -D_7ZIP_LARGE_PAGES -pthread -O3  -c /home/ed/mcsema-testing/llvm-test-suite/MultiSource/Benchmarks/7zip/CPP/Common/ListFileUtils.cpp -o Output/ListFileUtils.llvm.o
/home/ed/mcsema-testing/llvm-test-suite/RunSafely.sh --show-errors -t "/home/ed/mcsema-testing/SANDBOX/test-2015-12-21_15-36-50/tools/timeit" 500 /dev/null Output/LoadCodecs.llvm.o.compile /usr/bin/clang++ -I/home/ed/mcsema-testing/SANDBOX/test-2015-12-21_15-36-50/MultiSource/Benchmarks/7zip -I/home/ed/mcsema-testing/llvm-test-suite/MultiSource/Benchmarks/7zip -I/home/ed/mcsema-testing/llvm-test-suite/include -I../../../include -D_GNU_SOURCE -D__STDC_LIMIT_MACROS -DNDEBUG -DBREAK_HANDLER -DUNICODE -D_UNICODE -I/home/ed/mcsema-testing/llvm-test-suite/MultiSource/Benchmarks/7zip/C -I/home/ed/mcsema-testing/llvm-test-suite/MultiSource/Benchmarks/7zip/CPP/myWindows -I/home/ed/mcsema-testing/llvm-test-suite/MultiSource/Benchmarks/7zip/CPP/include_windows -I/home/ed/mcsema-testing/llvm-test-suite/MultiSource/Benchmarks/7zip/CPP -I. -D_FILE_OFFSET_BITS=64 -D_LARGEFILE_SOURCE -DNDEBUG -D_REENTRANT -DENV_UNIX -D_7ZIP_LARGE_PAGES -pthread -O3  -c /home/ed/mcsema-testing/llvm-test-suite/MultiSource/Benchmarks/7zip/CPP/7zip/UI/Common/LoadCodecs.cpp -o Output/LoadCodecs.llvm.o
/home/ed/mcsema-testing/llvm-test-suite/RunSafely.sh --show-errors -t "/home/ed/mcsema-testing/SANDBOX/test-2015-12-21_15-36-50/tools/timeit" 500 /dev/null Output/LockedStream.llvm.o.compile /usr/bin/clang++ -I/home/ed/mcsema-testing/SANDBOX/test-2015-12-21_15-36-50/MultiSource/Benchmarks/7zip -I/home/ed/mcsema-testing/llvm-test-suite/MultiSource/Benchmarks/7zip -I/home/ed/mcsema-testing/llvm-test-suite/include -I../../../include -D_GNU_SOURCE -D__STDC_LIMIT_MACROS -DNDEBUG -DBREAK_HANDLER -DUNICODE -D_UNICODE -I/home/ed/mcsema-testing/llvm-test-suite/MultiSource/Benchmarks/7zip/C -I/home/ed/mcsema-testing/llvm-test-suite/MultiSource/Benchmarks/7zip/CPP/myWindows -I/home/ed/mcsema-testing/llvm-test-suite/MultiSource/Benchmarks/7zip/CPP/include_windows -I/home/ed/mcsema-testing/llvm-test-suite/MultiSource/Benchmarks/7zip/CPP -I. -D_FILE_OFFSET_BITS=64 -D_LARGEFILE_SOURCE -DNDEBUG -D_REENTRANT -DENV_UNIX -D_7ZIP_LARGE_PAGES -pthread -O3  -c /home/ed/mcsema-testing/llvm-test-suite/MultiSource/Benchmarks/7zip/CPP/7zip/Common/LockedStream.cpp -o Output/LockedStream.llvm.o
/home/ed/mcsema-testing/llvm-test-suite/RunSafely.sh --show-errors -t "/home/ed/mcsema-testing/SANDBOX/test-2015-12-21_15-36-50/tools/timeit" 500 /dev/null Output/LzFind.llvm.o.compile /usr/bin/clang -I/home/ed/mcsema-testing/SANDBOX/test-2015-12-21_15-36-50/MultiSource/Benchmarks/7zip -I/home/ed/mcsema-testing/llvm-test-suite/MultiSource/Benchmarks/7zip -I/home/ed/mcsema-testing/llvm-test-suite/include -I../../../include -D_GNU_SOURCE -D__STDC_LIMIT_MACROS -DNDEBUG -DBREAK_HANDLER -DUNICODE -D_UNICODE -I/home/ed/mcsema-testing/llvm-test-suite/MultiSource/Benchmarks/7zip/C -I/home/ed/mcsema-testing/llvm-test-suite/MultiSource/Benchmarks/7zip/CPP/myWindows -I/home/ed/mcsema-testing/llvm-test-suite/MultiSource/Benchmarks/7zip/CPP/include_windows -I/home/ed/mcsema-testing/llvm-test-suite/MultiSource/Benchmarks/7zip/CPP -I. -D_FILE_OFFSET_BITS=64 -D_LARGEFILE_SOURCE -DNDEBUG -D_REENTRANT -DENV_UNIX -D_7ZIP_LARGE_PAGES -pthread -O3  -c /home/ed/mcsema-testing/llvm-test-suite/MultiSource/Benchmarks/7zip/C/LzFind.c -o Output/LzFind.llvm.o
/home/ed/mcsema-testing/llvm-test-suite/RunSafely.sh --show-errors -t "/home/ed/mcsema-testing/SANDBOX/test-2015-12-21_15-36-50/tools/timeit" 500 /dev/null Output/LzFindMt.llvm.o.compile /usr/bin/clang -I/home/ed/mcsema-testing/SANDBOX/test-2015-12-21_15-36-50/MultiSource/Benchmarks/7zip -I/home/ed/mcsema-testing/llvm-test-suite/MultiSource/Benchmarks/7zip -I/home/ed/mcsema-testing/llvm-test-suite/include -I../../../include -D_GNU_SOURCE -D__STDC_LIMIT_MACROS -DNDEBUG -DBREAK_HANDLER -DUNICODE -D_UNICODE -I/home/ed/mcsema-testing/llvm-test-suite/MultiSource/Benchmarks/7zip/C -I/home/ed/mcsema-testing/llvm-test-suite/MultiSource/Benchmarks/7zip/CPP/myWindows -I/home/ed/mcsema-testing/llvm-test-suite/MultiSource/Benchmarks/7zip/CPP/include_windows -I/home/ed/mcsema-testing/llvm-test-suite/MultiSource/Benchmarks/7zip/CPP -I. -D_FILE_OFFSET_BITS=64 -D_LARGEFILE_SOURCE -DNDEBUG -D_REENTRANT -DENV_UNIX -D_7ZIP_LARGE_PAGES -pthread -O3  -c /home/ed/mcsema-testing/llvm-test-suite/MultiSource/Benchmarks/7zip/C/LzFindMt.c -o Output/LzFindMt.llvm.o
/home/ed/mcsema-testing/llvm-test-suite/RunSafely.sh --show-errors -t "/home/ed/mcsema-testing/SANDBOX/test-2015-12-21_15-36-50/tools/timeit" 500 /dev/null Output/LzOutWindow.llvm.o.compile /usr/bin/clang++ -I/home/ed/mcsema-testing/SANDBOX/test-2015-12-21_15-36-50/MultiSource/Benchmarks/7zip -I/home/ed/mcsema-testing/llvm-test-suite/MultiSource/Benchmarks/7zip -I/home/ed/mcsema-testing/llvm-test-suite/include -I../../../include -D_GNU_SOURCE -D__STDC_LIMIT_MACROS -DNDEBUG -DBREAK_HANDLER -DUNICODE -D_UNICODE -I/home/ed/mcsema-testing/llvm-test-suite/MultiSource/Benchmarks/7zip/C -I/home/ed/mcsema-testing/llvm-test-suite/MultiSource/Benchmarks/7zip/CPP/myWindows -I/home/ed/mcsema-testing/llvm-test-suite/MultiSource/Benchmarks/7zip/CPP/include_windows -I/home/ed/mcsema-testing/llvm-test-suite/MultiSource/Benchmarks/7zip/CPP -I. -D_FILE_OFFSET_BITS=64 -D_LARGEFILE_SOURCE -DNDEBUG -D_REENTRANT -DENV_UNIX -D_7ZIP_LARGE_PAGES -pthread -O3  -c /home/ed/mcsema-testing/llvm-test-suite/MultiSource/Benchmarks/7zip/CPP/7zip/Compress/LzOutWindow.cpp -o Output/LzOutWindow.llvm.o
/home/ed/mcsema-testing/llvm-test-suite/RunSafely.sh --show-errors -t "/home/ed/mcsema-testing/SANDBOX/test-2015-12-21_15-36-50/tools/timeit" 500 /dev/null Output/Lzma2Dec.llvm.o.compile /usr/bin/clang -I/home/ed/mcsema-testing/SANDBOX/test-2015-12-21_15-36-50/MultiSource/Benchmarks/7zip -I/home/ed/mcsema-testing/llvm-test-suite/MultiSource/Benchmarks/7zip -I/home/ed/mcsema-testing/llvm-test-suite/include -I../../../include -D_GNU_SOURCE -D__STDC_LIMIT_MACROS -DNDEBUG -DBREAK_HANDLER -DUNICODE -D_UNICODE -I/home/ed/mcsema-testing/llvm-test-suite/MultiSource/Benchmarks/7zip/C -I/home/ed/mcsema-testing/llvm-test-suite/MultiSource/Benchmarks/7zip/CPP/myWindows -I/home/ed/mcsema-testing/llvm-test-suite/MultiSource/Benchmarks/7zip/CPP/include_windows -I/home/ed/mcsema-testing/llvm-test-suite/MultiSource/Benchmarks/7zip/CPP -I. -D_FILE_OFFSET_BITS=64 -D_LARGEFILE_SOURCE -DNDEBUG -D_REENTRANT -DENV_UNIX -D_7ZIP_LARGE_PAGES -pthread -O3  -c /home/ed/mcsema-testing/llvm-test-suite/MultiSource/Benchmarks/7zip/C/Lzma2Dec.c -o Output/Lzma2Dec.llvm.o
/home/ed/mcsema-testing/llvm-test-suite/RunSafely.sh --show-errors -t "/home/ed/mcsema-testing/SANDBOX/test-2015-12-21_15-36-50/tools/timeit" 500 /dev/null Output/Lzma2Decoder.llvm.o.compile /usr/bin/clang++ -I/home/ed/mcsema-testing/SANDBOX/test-2015-12-21_15-36-50/MultiSource/Benchmarks/7zip -I/home/ed/mcsema-testing/llvm-test-suite/MultiSource/Benchmarks/7zip -I/home/ed/mcsema-testing/llvm-test-suite/include -I../../../include -D_GNU_SOURCE -D__STDC_LIMIT_MACROS -DNDEBUG -DBREAK_HANDLER -DUNICODE -D_UNICODE -I/home/ed/mcsema-testing/llvm-test-suite/MultiSource/Benchmarks/7zip/C -I/home/ed/mcsema-testing/llvm-test-suite/MultiSource/Benchmarks/7zip/CPP/myWindows -I/home/ed/mcsema-testing/llvm-test-suite/MultiSource/Benchmarks/7zip/CPP/include_windows -I/home/ed/mcsema-testing/llvm-test-suite/MultiSource/Benchmarks/7zip/CPP -I. -D_FILE_OFFSET_BITS=64 -D_LARGEFILE_SOURCE -DNDEBUG -D_REENTRANT -DENV_UNIX -D_7ZIP_LARGE_PAGES -pthread -O3  -c /home/ed/mcsema-testing/llvm-test-suite/MultiSource/Benchmarks/7zip/CPP/7zip/Compress/Lzma2Decoder.cpp -o Output/Lzma2Decoder.llvm.o
/home/ed/mcsema-testing/llvm-test-suite/RunSafely.sh --show-errors -t "/home/ed/mcsema-testing/SANDBOX/test-2015-12-21_15-36-50/tools/timeit" 500 /dev/null Output/Lzma2Enc.llvm.o.compile /usr/bin/clang -I/home/ed/mcsema-testing/SANDBOX/test-2015-12-21_15-36-50/MultiSource/Benchmarks/7zip -I/home/ed/mcsema-testing/llvm-test-suite/MultiSource/Benchmarks/7zip -I/home/ed/mcsema-testing/llvm-test-suite/include -I../../../include -D_GNU_SOURCE -D__STDC_LIMIT_MACROS -DNDEBUG -DBREAK_HANDLER -DUNICODE -D_UNICODE -I/home/ed/mcsema-testing/llvm-test-suite/MultiSource/Benchmarks/7zip/C -I/home/ed/mcsema-testing/llvm-test-suite/MultiSource/Benchmarks/7zip/CPP/myWindows -I/home/ed/mcsema-testing/llvm-test-suite/MultiSource/Benchmarks/7zip/CPP/include_windows -I/home/ed/mcsema-testing/llvm-test-suite/MultiSource/Benchmarks/7zip/CPP -I. -D_FILE_OFFSET_BITS=64 -D_LARGEFILE_SOURCE -DNDEBUG -D_REENTRANT -DENV_UNIX -D_7ZIP_LARGE_PAGES -pthread -O3  -c /home/ed/mcsema-testing/llvm-test-suite/MultiSource/Benchmarks/7zip/C/Lzma2Enc.c -o Output/Lzma2Enc.llvm.o
/home/ed/mcsema-testing/llvm-test-suite/RunSafely.sh --show-errors -t "/home/ed/mcsema-testing/SANDBOX/test-2015-12-21_15-36-50/tools/timeit" 500 /dev/null Output/Lzma2Encoder.llvm.o.compile /usr/bin/clang++ -I/home/ed/mcsema-testing/SANDBOX/test-2015-12-21_15-36-50/MultiSource/Benchmarks/7zip -I/home/ed/mcsema-testing/llvm-test-suite/MultiSource/Benchmarks/7zip -I/home/ed/mcsema-testing/llvm-test-suite/include -I../../../include -D_GNU_SOURCE -D__STDC_LIMIT_MACROS -DNDEBUG -DBREAK_HANDLER -DUNICODE -D_UNICODE -I/home/ed/mcsema-testing/llvm-test-suite/MultiSource/Benchmarks/7zip/C -I/home/ed/mcsema-testing/llvm-test-suite/MultiSource/Benchmarks/7zip/CPP/myWindows -I/home/ed/mcsema-testing/llvm-test-suite/MultiSource/Benchmarks/7zip/CPP/include_windows -I/home/ed/mcsema-testing/llvm-test-suite/MultiSource/Benchmarks/7zip/CPP -I. -D_FILE_OFFSET_BITS=64 -D_LARGEFILE_SOURCE -DNDEBUG -D_REENTRANT -DENV_UNIX -D_7ZIP_LARGE_PAGES -pthread -O3  -c /home/ed/mcsema-testing/llvm-test-suite/MultiSource/Benchmarks/7zip/CPP/7zip/Compress/Lzma2Encoder.cpp -o Output/Lzma2Encoder.llvm.o
/home/ed/mcsema-testing/llvm-test-suite/RunSafely.sh --show-errors -t "/home/ed/mcsema-testing/SANDBOX/test-2015-12-21_15-36-50/tools/timeit" 500 /dev/null Output/Lzma2Register.llvm.o.compile /usr/bin/clang++ -I/home/ed/mcsema-testing/SANDBOX/test-2015-12-21_15-36-50/MultiSource/Benchmarks/7zip -I/home/ed/mcsema-testing/llvm-test-suite/MultiSource/Benchmarks/7zip -I/home/ed/mcsema-testing/llvm-test-suite/include -I../../../include -D_GNU_SOURCE -D__STDC_LIMIT_MACROS -DNDEBUG -DBREAK_HANDLER -DUNICODE -D_UNICODE -I/home/ed/mcsema-testing/llvm-test-suite/MultiSource/Benchmarks/7zip/C -I/home/ed/mcsema-testing/llvm-test-suite/MultiSource/Benchmarks/7zip/CPP/myWindows -I/home/ed/mcsema-testing/llvm-test-suite/MultiSource/Benchmarks/7zip/CPP/include_windows -I/home/ed/mcsema-testing/llvm-test-suite/MultiSource/Benchmarks/7zip/CPP -I. -D_FILE_OFFSET_BITS=64 -D_LARGEFILE_SOURCE -DNDEBUG -D_REENTRANT -DENV_UNIX -D_7ZIP_LARGE_PAGES -pthread -O3  -c /home/ed/mcsema-testing/llvm-test-suite/MultiSource/Benchmarks/7zip/CPP/7zip/Compress/Lzma2Register.cpp -o Output/Lzma2Register.llvm.o
/home/ed/mcsema-testing/llvm-test-suite/RunSafely.sh --show-errors -t "/home/ed/mcsema-testing/SANDBOX/test-2015-12-21_15-36-50/tools/timeit" 500 /dev/null Output/LzmaDec.llvm.o.compile /usr/bin/clang -I/home/ed/mcsema-testing/SANDBOX/test-2015-12-21_15-36-50/MultiSource/Benchmarks/7zip -I/home/ed/mcsema-testing/llvm-test-suite/MultiSource/Benchmarks/7zip -I/home/ed/mcsema-testing/llvm-test-suite/include -I../../../include -D_GNU_SOURCE -D__STDC_LIMIT_MACROS -DNDEBUG -DBREAK_HANDLER -DUNICODE -D_UNICODE -I/home/ed/mcsema-testing/llvm-test-suite/MultiSource/Benchmarks/7zip/C -I/home/ed/mcsema-testing/llvm-test-suite/MultiSource/Benchmarks/7zip/CPP/myWindows -I/home/ed/mcsema-testing/llvm-test-suite/MultiSource/Benchmarks/7zip/CPP/include_windows -I/home/ed/mcsema-testing/llvm-test-suite/MultiSource/Benchmarks/7zip/CPP -I. -D_FILE_OFFSET_BITS=64 -D_LARGEFILE_SOURCE -DNDEBUG -D_REENTRANT -DENV_UNIX -D_7ZIP_LARGE_PAGES -pthread -O3  -c /home/ed/mcsema-testing/llvm-test-suite/MultiSource/Benchmarks/7zip/C/LzmaDec.c -o Output/LzmaDec.llvm.o
/home/ed/mcsema-testing/llvm-test-suite/RunSafely.sh --show-errors -t "/home/ed/mcsema-testing/SANDBOX/test-2015-12-21_15-36-50/tools/timeit" 500 /dev/null Output/LzmaDecoder.llvm.o.compile /usr/bin/clang++ -I/home/ed/mcsema-testing/SANDBOX/test-2015-12-21_15-36-50/MultiSource/Benchmarks/7zip -I/home/ed/mcsema-testing/llvm-test-suite/MultiSource/Benchmarks/7zip -I/home/ed/mcsema-testing/llvm-test-suite/include -I../../../include -D_GNU_SOURCE -D__STDC_LIMIT_MACROS -DNDEBUG -DBREAK_HANDLER -DUNICODE -D_UNICODE -I/home/ed/mcsema-testing/llvm-test-suite/MultiSource/Benchmarks/7zip/C -I/home/ed/mcsema-testing/llvm-test-suite/MultiSource/Benchmarks/7zip/CPP/myWindows -I/home/ed/mcsema-testing/llvm-test-suite/MultiSource/Benchmarks/7zip/CPP/include_windows -I/home/ed/mcsema-testing/llvm-test-suite/MultiSource/Benchmarks/7zip/CPP -I. -D_FILE_OFFSET_BITS=64 -D_LARGEFILE_SOURCE -DNDEBUG -D_REENTRANT -DENV_UNIX -D_7ZIP_LARGE_PAGES -pthread -O3  -c /home/ed/mcsema-testing/llvm-test-suite/MultiSource/Benchmarks/7zip/CPP/7zip/Compress/LzmaDecoder.cpp -o Output/LzmaDecoder.llvm.o
/home/ed/mcsema-testing/llvm-test-suite/RunSafely.sh --show-errors -t "/home/ed/mcsema-testing/SANDBOX/test-2015-12-21_15-36-50/tools/timeit" 500 /dev/null Output/LzmaEnc.llvm.o.compile /usr/bin/clang -I/home/ed/mcsema-testing/SANDBOX/test-2015-12-21_15-36-50/MultiSource/Benchmarks/7zip -I/home/ed/mcsema-testing/llvm-test-suite/MultiSource/Benchmarks/7zip -I/home/ed/mcsema-testing/llvm-test-suite/include -I../../../include -D_GNU_SOURCE -D__STDC_LIMIT_MACROS -DNDEBUG -DBREAK_HANDLER -DUNICODE -D_UNICODE -I/home/ed/mcsema-testing/llvm-test-suite/MultiSource/Benchmarks/7zip/C -I/home/ed/mcsema-testing/llvm-test-suite/MultiSource/Benchmarks/7zip/CPP/myWindows -I/home/ed/mcsema-testing/llvm-test-suite/MultiSource/Benchmarks/7zip/CPP/include_windows -I/home/ed/mcsema-testing/llvm-test-suite/MultiSource/Benchmarks/7zip/CPP -I. -D_FILE_OFFSET_BITS=64 -D_LARGEFILE_SOURCE -DNDEBUG -D_REENTRANT -DENV_UNIX -D_7ZIP_LARGE_PAGES -pthread -O3  -c /home/ed/mcsema-testing/llvm-test-suite/MultiSource/Benchmarks/7zip/C/LzmaEnc.c -o Output/LzmaEnc.llvm.o
/home/ed/mcsema-testing/llvm-test-suite/RunSafely.sh --show-errors -t "/home/ed/mcsema-testing/SANDBOX/test-2015-12-21_15-36-50/tools/timeit" 500 /dev/null Output/LzmaEncoder.llvm.o.compile /usr/bin/clang++ -I/home/ed/mcsema-testing/SANDBOX/test-2015-12-21_15-36-50/MultiSource/Benchmarks/7zip -I/home/ed/mcsema-testing/llvm-test-suite/MultiSource/Benchmarks/7zip -I/home/ed/mcsema-testing/llvm-test-suite/include -I../../../include -D_GNU_SOURCE -D__STDC_LIMIT_MACROS -DNDEBUG -DBREAK_HANDLER -DUNICODE -D_UNICODE -I/home/ed/mcsema-testing/llvm-test-suite/MultiSource/Benchmarks/7zip/C -I/home/ed/mcsema-testing/llvm-test-suite/MultiSource/Benchmarks/7zip/CPP/myWindows -I/home/ed/mcsema-testing/llvm-test-suite/MultiSource/Benchmarks/7zip/CPP/include_windows -I/home/ed/mcsema-testing/llvm-test-suite/MultiSource/Benchmarks/7zip/CPP -I. -D_FILE_OFFSET_BITS=64 -D_LARGEFILE_SOURCE -DNDEBUG -D_REENTRANT -DENV_UNIX -D_7ZIP_LARGE_PAGES -pthread -O3  -c /home/ed/mcsema-testing/llvm-test-suite/MultiSource/Benchmarks/7zip/CPP/7zip/Compress/LzmaEncoder.cpp -o Output/LzmaEncoder.llvm.o
/home/ed/mcsema-testing/llvm-test-suite/RunSafely.sh --show-errors -t "/home/ed/mcsema-testing/SANDBOX/test-2015-12-21_15-36-50/tools/timeit" 500 /dev/null Output/LzmaHandler.llvm.o.compile /usr/bin/clang++ -I/home/ed/mcsema-testing/SANDBOX/test-2015-12-21_15-36-50/MultiSource/Benchmarks/7zip -I/home/ed/mcsema-testing/llvm-test-suite/MultiSource/Benchmarks/7zip -I/home/ed/mcsema-testing/llvm-test-suite/include -I../../../include -D_GNU_SOURCE -D__STDC_LIMIT_MACROS -DNDEBUG -DBREAK_HANDLER -DUNICODE -D_UNICODE -I/home/ed/mcsema-testing/llvm-test-suite/MultiSource/Benchmarks/7zip/C -I/home/ed/mcsema-testing/llvm-test-suite/MultiSource/Benchmarks/7zip/CPP/myWindows -I/home/ed/mcsema-testing/llvm-test-suite/MultiSource/Benchmarks/7zip/CPP/include_windows -I/home/ed/mcsema-testing/llvm-test-suite/MultiSource/Benchmarks/7zip/CPP -I. -D_FILE_OFFSET_BITS=64 -D_LARGEFILE_SOURCE -DNDEBUG -D_REENTRANT -DENV_UNIX -D_7ZIP_LARGE_PAGES -pthread -O3  -c /home/ed/mcsema-testing/llvm-test-suite/MultiSource/Benchmarks/7zip/CPP/7zip/Archive/LzmaHandler.cpp -o Output/LzmaHandler.llvm.o
/home/ed/mcsema-testing/llvm-test-suite/RunSafely.sh --show-errors -t "/home/ed/mcsema-testing/SANDBOX/test-2015-12-21_15-36-50/tools/timeit" 500 /dev/null Output/LzmaRegister.llvm.o.compile /usr/bin/clang++ -I/home/ed/mcsema-testing/SANDBOX/test-2015-12-21_15-36-50/MultiSource/Benchmarks/7zip -I/home/ed/mcsema-testing/llvm-test-suite/MultiSource/Benchmarks/7zip -I/home/ed/mcsema-testing/llvm-test-suite/include -I../../../include -D_GNU_SOURCE -D__STDC_LIMIT_MACROS -DNDEBUG -DBREAK_HANDLER -DUNICODE -D_UNICODE -I/home/ed/mcsema-testing/llvm-test-suite/MultiSource/Benchmarks/7zip/C -I/home/ed/mcsema-testing/llvm-test-suite/MultiSource/Benchmarks/7zip/CPP/myWindows -I/home/ed/mcsema-testing/llvm-test-suite/MultiSource/Benchmarks/7zip/CPP/include_windows -I/home/ed/mcsema-testing/llvm-test-suite/MultiSource/Benchmarks/7zip/CPP -I. -D_FILE_OFFSET_BITS=64 -D_LARGEFILE_SOURCE -DNDEBUG -D_REENTRANT -DENV_UNIX -D_7ZIP_LARGE_PAGES -pthread -O3  -c /home/ed/mcsema-testing/llvm-test-suite/MultiSource/Benchmarks/7zip/CPP/7zip/Compress/LzmaRegister.cpp -o Output/LzmaRegister.llvm.o
/home/ed/mcsema-testing/llvm-test-suite/RunSafely.sh --show-errors -t "/home/ed/mcsema-testing/SANDBOX/test-2015-12-21_15-36-50/tools/timeit" 500 /dev/null Output/Lzx86Converter.llvm.o.compile /usr/bin/clang++ -I/home/ed/mcsema-testing/SANDBOX/test-2015-12-21_15-36-50/MultiSource/Benchmarks/7zip -I/home/ed/mcsema-testing/llvm-test-suite/MultiSource/Benchmarks/7zip -I/home/ed/mcsema-testing/llvm-test-suite/include -I../../../include -D_GNU_SOURCE -D__STDC_LIMIT_MACROS -DNDEBUG -DBREAK_HANDLER -DUNICODE -D_UNICODE -I/home/ed/mcsema-testing/llvm-test-suite/MultiSource/Benchmarks/7zip/C -I/home/ed/mcsema-testing/llvm-test-suite/MultiSource/Benchmarks/7zip/CPP/myWindows -I/home/ed/mcsema-testing/llvm-test-suite/MultiSource/Benchmarks/7zip/CPP/include_windows -I/home/ed/mcsema-testing/llvm-test-suite/MultiSource/Benchmarks/7zip/CPP -I. -D_FILE_OFFSET_BITS=64 -D_LARGEFILE_SOURCE -DNDEBUG -D_REENTRANT -DENV_UNIX -D_7ZIP_LARGE_PAGES -pthread -O3  -c /home/ed/mcsema-testing/llvm-test-suite/MultiSource/Benchmarks/7zip/CPP/7zip/Compress/Lzx86Converter.cpp -o Output/Lzx86Converter.llvm.o
/home/ed/mcsema-testing/llvm-test-suite/RunSafely.sh --show-errors -t "/home/ed/mcsema-testing/SANDBOX/test-2015-12-21_15-36-50/tools/timeit" 500 /dev/null Output/LzxDecoder.llvm.o.compile /usr/bin/clang++ -I/home/ed/mcsema-testing/SANDBOX/test-2015-12-21_15-36-50/MultiSource/Benchmarks/7zip -I/home/ed/mcsema-testing/llvm-test-suite/MultiSource/Benchmarks/7zip -I/home/ed/mcsema-testing/llvm-test-suite/include -I../../../include -D_GNU_SOURCE -D__STDC_LIMIT_MACROS -DNDEBUG -DBREAK_HANDLER -DUNICODE -D_UNICODE -I/home/ed/mcsema-testing/llvm-test-suite/MultiSource/Benchmarks/7zip/C -I/home/ed/mcsema-testing/llvm-test-suite/MultiSource/Benchmarks/7zip/CPP/myWindows -I/home/ed/mcsema-testing/llvm-test-suite/MultiSource/Benchmarks/7zip/CPP/include_windows -I/home/ed/mcsema-testing/llvm-test-suite/MultiSource/Benchmarks/7zip/CPP -I. -D_FILE_OFFSET_BITS=64 -D_LARGEFILE_SOURCE -DNDEBUG -D_REENTRANT -DENV_UNIX -D_7ZIP_LARGE_PAGES -pthread -O3  -c /home/ed/mcsema-testing/llvm-test-suite/MultiSource/Benchmarks/7zip/CPP/7zip/Compress/LzxDecoder.cpp -o Output/LzxDecoder.llvm.o
/home/ed/mcsema-testing/llvm-test-suite/RunSafely.sh --show-errors -t "/home/ed/mcsema-testing/SANDBOX/test-2015-12-21_15-36-50/tools/timeit" 500 /dev/null Output/Main.llvm.o.compile /usr/bin/clang++ -I/home/ed/mcsema-testing/SANDBOX/test-2015-12-21_15-36-50/MultiSource/Benchmarks/7zip -I/home/ed/mcsema-testing/llvm-test-suite/MultiSource/Benchmarks/7zip -I/home/ed/mcsema-testing/llvm-test-suite/include -I../../../include -D_GNU_SOURCE -D__STDC_LIMIT_MACROS -DNDEBUG -DBREAK_HANDLER -DUNICODE -D_UNICODE -I/home/ed/mcsema-testing/llvm-test-suite/MultiSource/Benchmarks/7zip/C -I/home/ed/mcsema-testing/llvm-test-suite/MultiSource/Benchmarks/7zip/CPP/myWindows -I/home/ed/mcsema-testing/llvm-test-suite/MultiSource/Benchmarks/7zip/CPP/include_windows -I/home/ed/mcsema-testing/llvm-test-suite/MultiSource/Benchmarks/7zip/CPP -I. -D_FILE_OFFSET_BITS=64 -D_LARGEFILE_SOURCE -DNDEBUG -D_REENTRANT -DENV_UNIX -D_7ZIP_LARGE_PAGES -pthread -O3  -c /home/ed/mcsema-testing/llvm-test-suite/MultiSource/Benchmarks/7zip/CPP/7zip/UI/Console/Main.cpp -o Output/Main.llvm.o
/home/ed/mcsema-testing/llvm-test-suite/RunSafely.sh --show-errors -t "/home/ed/mcsema-testing/SANDBOX/test-2015-12-21_15-36-50/tools/timeit" 500 /dev/null Output/MainAr.llvm.o.compile /usr/bin/clang++ -I/home/ed/mcsema-testing/SANDBOX/test-2015-12-21_15-36-50/MultiSource/Benchmarks/7zip -I/home/ed/mcsema-testing/llvm-test-suite/MultiSource/Benchmarks/7zip -I/home/ed/mcsema-testing/llvm-test-suite/include -I../../../include -D_GNU_SOURCE -D__STDC_LIMIT_MACROS -DNDEBUG -DBREAK_HANDLER -DUNICODE -D_UNICODE -I/home/ed/mcsema-testing/llvm-test-suite/MultiSource/Benchmarks/7zip/C -I/home/ed/mcsema-testing/llvm-test-suite/MultiSource/Benchmarks/7zip/CPP/myWindows -I/home/ed/mcsema-testing/llvm-test-suite/MultiSource/Benchmarks/7zip/CPP/include_windows -I/home/ed/mcsema-testing/llvm-test-suite/MultiSource/Benchmarks/7zip/CPP -I. -D_FILE_OFFSET_BITS=64 -D_LARGEFILE_SOURCE -DNDEBUG -D_REENTRANT -DENV_UNIX -D_7ZIP_LARGE_PAGES -pthread -O3  -c /home/ed/mcsema-testing/llvm-test-suite/MultiSource/Benchmarks/7zip/CPP/7zip/UI/Console/MainAr.cpp -o Output/MainAr.llvm.o
/home/ed/mcsema-testing/llvm-test-suite/RunSafely.sh --show-errors -t "/home/ed/mcsema-testing/SANDBOX/test-2015-12-21_15-36-50/tools/timeit" 500 /dev/null Output/MemBlocks.llvm.o.compile /usr/bin/clang++ -I/home/ed/mcsema-testing/SANDBOX/test-2015-12-21_15-36-50/MultiSource/Benchmarks/7zip -I/home/ed/mcsema-testing/llvm-test-suite/MultiSource/Benchmarks/7zip -I/home/ed/mcsema-testing/llvm-test-suite/include -I../../../include -D_GNU_SOURCE -D__STDC_LIMIT_MACROS -DNDEBUG -DBREAK_HANDLER -DUNICODE -D_UNICODE -I/home/ed/mcsema-testing/llvm-test-suite/MultiSource/Benchmarks/7zip/C -I/home/ed/mcsema-testing/llvm-test-suite/MultiSource/Benchmarks/7zip/CPP/myWindows -I/home/ed/mcsema-testing/llvm-test-suite/MultiSource/Benchmarks/7zip/CPP/include_windows -I/home/ed/mcsema-testing/llvm-test-suite/MultiSource/Benchmarks/7zip/CPP -I. -D_FILE_OFFSET_BITS=64 -D_LARGEFILE_SOURCE -DNDEBUG -D_REENTRANT -DENV_UNIX -D_7ZIP_LARGE_PAGES -pthread -O3  -c /home/ed/mcsema-testing/llvm-test-suite/MultiSource/Benchmarks/7zip/CPP/7zip/Common/MemBlocks.cpp -o Output/MemBlocks.llvm.o
/home/ed/mcsema-testing/llvm-test-suite/RunSafely.sh --show-errors -t "/home/ed/mcsema-testing/SANDBOX/test-2015-12-21_15-36-50/tools/timeit" 500 /dev/null Output/MethodId.llvm.o.compile /usr/bin/clang++ -I/home/ed/mcsema-testing/SANDBOX/test-2015-12-21_15-36-50/MultiSource/Benchmarks/7zip -I/home/ed/mcsema-testing/llvm-test-suite/MultiSource/Benchmarks/7zip -I/home/ed/mcsema-testing/llvm-test-suite/include -I../../../include -D_GNU_SOURCE -D__STDC_LIMIT_MACROS -DNDEBUG -DBREAK_HANDLER -DUNICODE -D_UNICODE -I/home/ed/mcsema-testing/llvm-test-suite/MultiSource/Benchmarks/7zip/C -I/home/ed/mcsema-testing/llvm-test-suite/MultiSource/Benchmarks/7zip/CPP/myWindows -I/home/ed/mcsema-testing/llvm-test-suite/MultiSource/Benchmarks/7zip/CPP/include_windows -I/home/ed/mcsema-testing/llvm-test-suite/MultiSource/Benchmarks/7zip/CPP -I. -D_FILE_OFFSET_BITS=64 -D_LARGEFILE_SOURCE -DNDEBUG -D_REENTRANT -DENV_UNIX -D_7ZIP_LARGE_PAGES -pthread -O3  -c /home/ed/mcsema-testing/llvm-test-suite/MultiSource/Benchmarks/7zip/CPP/7zip/Common/MethodId.cpp -o Output/MethodId.llvm.o
/home/ed/mcsema-testing/llvm-test-suite/RunSafely.sh --show-errors -t "/home/ed/mcsema-testing/SANDBOX/test-2015-12-21_15-36-50/tools/timeit" 500 /dev/null Output/MethodProps.llvm.o.compile /usr/bin/clang++ -I/home/ed/mcsema-testing/SANDBOX/test-2015-12-21_15-36-50/MultiSource/Benchmarks/7zip -I/home/ed/mcsema-testing/llvm-test-suite/MultiSource/Benchmarks/7zip -I/home/ed/mcsema-testing/llvm-test-suite/include -I../../../include -D_GNU_SOURCE -D__STDC_LIMIT_MACROS -DNDEBUG -DBREAK_HANDLER -DUNICODE -D_UNICODE -I/home/ed/mcsema-testing/llvm-test-suite/MultiSource/Benchmarks/7zip/C -I/home/ed/mcsema-testing/llvm-test-suite/MultiSource/Benchmarks/7zip/CPP/myWindows -I/home/ed/mcsema-testing/llvm-test-suite/MultiSource/Benchmarks/7zip/CPP/include_windows -I/home/ed/mcsema-testing/llvm-test-suite/MultiSource/Benchmarks/7zip/CPP -I. -D_FILE_OFFSET_BITS=64 -D_LARGEFILE_SOURCE -DNDEBUG -D_REENTRANT -DENV_UNIX -D_7ZIP_LARGE_PAGES -pthread -O3  -c /home/ed/mcsema-testing/llvm-test-suite/MultiSource/Benchmarks/7zip/CPP/7zip/Common/MethodProps.cpp -o Output/MethodProps.llvm.o
/home/ed/mcsema-testing/llvm-test-suite/RunSafely.sh --show-errors -t "/home/ed/mcsema-testing/SANDBOX/test-2015-12-21_15-36-50/tools/timeit" 500 /dev/null Output/MtCoder.llvm.o.compile /usr/bin/clang -I/home/ed/mcsema-testing/SANDBOX/test-2015-12-21_15-36-50/MultiSource/Benchmarks/7zip -I/home/ed/mcsema-testing/llvm-test-suite/MultiSource/Benchmarks/7zip -I/home/ed/mcsema-testing/llvm-test-suite/include -I../../../include -D_GNU_SOURCE -D__STDC_LIMIT_MACROS -DNDEBUG -DBREAK_HANDLER -DUNICODE -D_UNICODE -I/home/ed/mcsema-testing/llvm-test-suite/MultiSource/Benchmarks/7zip/C -I/home/ed/mcsema-testing/llvm-test-suite/MultiSource/Benchmarks/7zip/CPP/myWindows -I/home/ed/mcsema-testing/llvm-test-suite/MultiSource/Benchmarks/7zip/CPP/include_windows -I/home/ed/mcsema-testing/llvm-test-suite/MultiSource/Benchmarks/7zip/CPP -I. -D_FILE_OFFSET_BITS=64 -D_LARGEFILE_SOURCE -DNDEBUG -D_REENTRANT -DENV_UNIX -D_7ZIP_LARGE_PAGES -pthread -O3  -c /home/ed/mcsema-testing/llvm-test-suite/MultiSource/Benchmarks/7zip/C/MtCoder.c -o Output/MtCoder.llvm.o
/home/ed/mcsema-testing/llvm-test-suite/RunSafely.sh --show-errors -t "/home/ed/mcsema-testing/SANDBOX/test-2015-12-21_15-36-50/tools/timeit" 500 /dev/null Output/MultiStream.llvm.o.compile /usr/bin/clang++ -I/home/ed/mcsema-testing/SANDBOX/test-2015-12-21_15-36-50/MultiSource/Benchmarks/7zip -I/home/ed/mcsema-testing/llvm-test-suite/MultiSource/Benchmarks/7zip -I/home/ed/mcsema-testing/llvm-test-suite/include -I../../../include -D_GNU_SOURCE -D__STDC_LIMIT_MACROS -DNDEBUG -DBREAK_HANDLER -DUNICODE -D_UNICODE -I/home/ed/mcsema-testing/llvm-test-suite/MultiSource/Benchmarks/7zip/C -I/home/ed/mcsema-testing/llvm-test-suite/MultiSource/Benchmarks/7zip/CPP/myWindows -I/home/ed/mcsema-testing/llvm-test-suite/MultiSource/Benchmarks/7zip/CPP/include_windows -I/home/ed/mcsema-testing/llvm-test-suite/MultiSource/Benchmarks/7zip/CPP -I. -D_FILE_OFFSET_BITS=64 -D_LARGEFILE_SOURCE -DNDEBUG -D_REENTRANT -DENV_UNIX -D_7ZIP_LARGE_PAGES -pthread -O3  -c /home/ed/mcsema-testing/llvm-test-suite/MultiSource/Benchmarks/7zip/CPP/7zip/Archive/Common/MultiStream.cpp -o Output/MultiStream.llvm.o
/home/ed/mcsema-testing/llvm-test-suite/RunSafely.sh --show-errors -t "/home/ed/mcsema-testing/SANDBOX/test-2015-12-21_15-36-50/tools/timeit" 500 /dev/null Output/MyAes.llvm.o.compile /usr/bin/clang++ -I/home/ed/mcsema-testing/SANDBOX/test-2015-12-21_15-36-50/MultiSource/Benchmarks/7zip -I/home/ed/mcsema-testing/llvm-test-suite/MultiSource/Benchmarks/7zip -I/home/ed/mcsema-testing/llvm-test-suite/include -I../../../include -D_GNU_SOURCE -D__STDC_LIMIT_MACROS -DNDEBUG -DBREAK_HANDLER -DUNICODE -D_UNICODE -I/home/ed/mcsema-testing/llvm-test-suite/MultiSource/Benchmarks/7zip/C -I/home/ed/mcsema-testing/llvm-test-suite/MultiSource/Benchmarks/7zip/CPP/myWindows -I/home/ed/mcsema-testing/llvm-test-suite/MultiSource/Benchmarks/7zip/CPP/include_windows -I/home/ed/mcsema-testing/llvm-test-suite/MultiSource/Benchmarks/7zip/CPP -I. -D_FILE_OFFSET_BITS=64 -D_LARGEFILE_SOURCE -DNDEBUG -D_REENTRANT -DENV_UNIX -D_7ZIP_LARGE_PAGES -pthread -O3  -c /home/ed/mcsema-testing/llvm-test-suite/MultiSource/Benchmarks/7zip/CPP/7zip/Crypto/MyAes.cpp -o Output/MyAes.llvm.o
/home/ed/mcsema-testing/llvm-test-suite/RunSafely.sh --show-errors -t "/home/ed/mcsema-testing/SANDBOX/test-2015-12-21_15-36-50/tools/timeit" 500 /dev/null Output/MyString.llvm.o.compile /usr/bin/clang++ -I/home/ed/mcsema-testing/SANDBOX/test-2015-12-21_15-36-50/MultiSource/Benchmarks/7zip -I/home/ed/mcsema-testing/llvm-test-suite/MultiSource/Benchmarks/7zip -I/home/ed/mcsema-testing/llvm-test-suite/include -I../../../include -D_GNU_SOURCE -D__STDC_LIMIT_MACROS -DNDEBUG -DBREAK_HANDLER -DUNICODE -D_UNICODE -I/home/ed/mcsema-testing/llvm-test-suite/MultiSource/Benchmarks/7zip/C -I/home/ed/mcsema-testing/llvm-test-suite/MultiSource/Benchmarks/7zip/CPP/myWindows -I/home/ed/mcsema-testing/llvm-test-suite/MultiSource/Benchmarks/7zip/CPP/include_windows -I/home/ed/mcsema-testing/llvm-test-suite/MultiSource/Benchmarks/7zip/CPP -I. -D_FILE_OFFSET_BITS=64 -D_LARGEFILE_SOURCE -DNDEBUG -D_REENTRANT -DENV_UNIX -D_7ZIP_LARGE_PAGES -pthread -O3  -c /home/ed/mcsema-testing/llvm-test-suite/MultiSource/Benchmarks/7zip/CPP/Common/MyString.cpp -o Output/MyString.llvm.o
/home/ed/mcsema-testing/llvm-test-suite/RunSafely.sh --show-errors -t "/home/ed/mcsema-testing/SANDBOX/test-2015-12-21_15-36-50/tools/timeit" 500 /dev/null Output/MyVector.llvm.o.compile /usr/bin/clang++ -I/home/ed/mcsema-testing/SANDBOX/test-2015-12-21_15-36-50/MultiSource/Benchmarks/7zip -I/home/ed/mcsema-testing/llvm-test-suite/MultiSource/Benchmarks/7zip -I/home/ed/mcsema-testing/llvm-test-suite/include -I../../../include -D_GNU_SOURCE -D__STDC_LIMIT_MACROS -DNDEBUG -DBREAK_HANDLER -DUNICODE -D_UNICODE -I/home/ed/mcsema-testing/llvm-test-suite/MultiSource/Benchmarks/7zip/C -I/home/ed/mcsema-testing/llvm-test-suite/MultiSource/Benchmarks/7zip/CPP/myWindows -I/home/ed/mcsema-testing/llvm-test-suite/MultiSource/Benchmarks/7zip/CPP/include_windows -I/home/ed/mcsema-testing/llvm-test-suite/MultiSource/Benchmarks/7zip/CPP -I. -D_FILE_OFFSET_BITS=64 -D_LARGEFILE_SOURCE -DNDEBUG -D_REENTRANT -DENV_UNIX -D_7ZIP_LARGE_PAGES -pthread -O3  -c /home/ed/mcsema-testing/llvm-test-suite/MultiSource/Benchmarks/7zip/CPP/Common/MyVector.cpp -o Output/MyVector.llvm.o
/home/ed/mcsema-testing/llvm-test-suite/RunSafely.sh --show-errors -t "/home/ed/mcsema-testing/SANDBOX/test-2015-12-21_15-36-50/tools/timeit" 500 /dev/null Output/MyWindows.llvm.o.compile /usr/bin/clang++ -I/home/ed/mcsema-testing/SANDBOX/test-2015-12-21_15-36-50/MultiSource/Benchmarks/7zip -I/home/ed/mcsema-testing/llvm-test-suite/MultiSource/Benchmarks/7zip -I/home/ed/mcsema-testing/llvm-test-suite/include -I../../../include -D_GNU_SOURCE -D__STDC_LIMIT_MACROS -DNDEBUG -DBREAK_HANDLER -DUNICODE -D_UNICODE -I/home/ed/mcsema-testing/llvm-test-suite/MultiSource/Benchmarks/7zip/C -I/home/ed/mcsema-testing/llvm-test-suite/MultiSource/Benchmarks/7zip/CPP/myWindows -I/home/ed/mcsema-testing/llvm-test-suite/MultiSource/Benchmarks/7zip/CPP/include_windows -I/home/ed/mcsema-testing/llvm-test-suite/MultiSource/Benchmarks/7zip/CPP -I. -D_FILE_OFFSET_BITS=64 -D_LARGEFILE_SOURCE -DNDEBUG -D_REENTRANT -DENV_UNIX -D_7ZIP_LARGE_PAGES -pthread -O3  -c /home/ed/mcsema-testing/llvm-test-suite/MultiSource/Benchmarks/7zip/CPP/Common/MyWindows.cpp -o Output/MyWindows.llvm.o
/home/ed/mcsema-testing/llvm-test-suite/RunSafely.sh --show-errors -t "/home/ed/mcsema-testing/SANDBOX/test-2015-12-21_15-36-50/tools/timeit" 500 /dev/null Output/OffsetStream.llvm.o.compile /usr/bin/clang++ -I/home/ed/mcsema-testing/SANDBOX/test-2015-12-21_15-36-50/MultiSource/Benchmarks/7zip -I/home/ed/mcsema-testing/llvm-test-suite/MultiSource/Benchmarks/7zip -I/home/ed/mcsema-testing/llvm-test-suite/include -I../../../include -D_GNU_SOURCE -D__STDC_LIMIT_MACROS -DNDEBUG -DBREAK_HANDLER -DUNICODE -D_UNICODE -I/home/ed/mcsema-testing/llvm-test-suite/MultiSource/Benchmarks/7zip/C -I/home/ed/mcsema-testing/llvm-test-suite/MultiSource/Benchmarks/7zip/CPP/myWindows -I/home/ed/mcsema-testing/llvm-test-suite/MultiSource/Benchmarks/7zip/CPP/include_windows -I/home/ed/mcsema-testing/llvm-test-suite/MultiSource/Benchmarks/7zip/CPP -I. -D_FILE_OFFSET_BITS=64 -D_LARGEFILE_SOURCE -DNDEBUG -D_REENTRANT -DENV_UNIX -D_7ZIP_LARGE_PAGES -pthread -O3  -c /home/ed/mcsema-testing/llvm-test-suite/MultiSource/Benchmarks/7zip/CPP/7zip/Common/OffsetStream.cpp -o Output/OffsetStream.llvm.o
/home/ed/mcsema-testing/llvm-test-suite/RunSafely.sh --show-errors -t "/home/ed/mcsema-testing/SANDBOX/test-2015-12-21_15-36-50/tools/timeit" 500 /dev/null Output/OpenArchive.llvm.o.compile /usr/bin/clang++ -I/home/ed/mcsema-testing/SANDBOX/test-2015-12-21_15-36-50/MultiSource/Benchmarks/7zip -I/home/ed/mcsema-testing/llvm-test-suite/MultiSource/Benchmarks/7zip -I/home/ed/mcsema-testing/llvm-test-suite/include -I../../../include -D_GNU_SOURCE -D__STDC_LIMIT_MACROS -DNDEBUG -DBREAK_HANDLER -DUNICODE -D_UNICODE -I/home/ed/mcsema-testing/llvm-test-suite/MultiSource/Benchmarks/7zip/C -I/home/ed/mcsema-testing/llvm-test-suite/MultiSource/Benchmarks/7zip/CPP/myWindows -I/home/ed/mcsema-testing/llvm-test-suite/MultiSource/Benchmarks/7zip/CPP/include_windows -I/home/ed/mcsema-testing/llvm-test-suite/MultiSource/Benchmarks/7zip/CPP -I. -D_FILE_OFFSET_BITS=64 -D_LARGEFILE_SOURCE -DNDEBUG -D_REENTRANT -DENV_UNIX -D_7ZIP_LARGE_PAGES -pthread -O3  -c /home/ed/mcsema-testing/llvm-test-suite/MultiSource/Benchmarks/7zip/CPP/7zip/UI/Common/OpenArchive.cpp -o Output/OpenArchive.llvm.o
/home/ed/mcsema-testing/llvm-test-suite/RunSafely.sh --show-errors -t "/home/ed/mcsema-testing/SANDBOX/test-2015-12-21_15-36-50/tools/timeit" 500 /dev/null Output/OpenCallbackConsole.llvm.o.compile /usr/bin/clang++ -I/home/ed/mcsema-testing/SANDBOX/test-2015-12-21_15-36-50/MultiSource/Benchmarks/7zip -I/home/ed/mcsema-testing/llvm-test-suite/MultiSource/Benchmarks/7zip -I/home/ed/mcsema-testing/llvm-test-suite/include -I../../../include -D_GNU_SOURCE -D__STDC_LIMIT_MACROS -DNDEBUG -DBREAK_HANDLER -DUNICODE -D_UNICODE -I/home/ed/mcsema-testing/llvm-test-suite/MultiSource/Benchmarks/7zip/C -I/home/ed/mcsema-testing/llvm-test-suite/MultiSource/Benchmarks/7zip/CPP/myWindows -I/home/ed/mcsema-testing/llvm-test-suite/MultiSource/Benchmarks/7zip/CPP/include_windows -I/home/ed/mcsema-testing/llvm-test-suite/MultiSource/Benchmarks/7zip/CPP -I. -D_FILE_OFFSET_BITS=64 -D_LARGEFILE_SOURCE -DNDEBUG -D_REENTRANT -DENV_UNIX -D_7ZIP_LARGE_PAGES -pthread -O3  -c /home/ed/mcsema-testing/llvm-test-suite/MultiSource/Benchmarks/7zip/CPP/7zip/UI/Console/OpenCallbackConsole.cpp -o Output/OpenCallbackConsole.llvm.o
/home/ed/mcsema-testing/llvm-test-suite/RunSafely.sh --show-errors -t "/home/ed/mcsema-testing/SANDBOX/test-2015-12-21_15-36-50/tools/timeit" 500 /dev/null Output/OutBuffer.llvm.o.compile /usr/bin/clang++ -I/home/ed/mcsema-testing/SANDBOX/test-2015-12-21_15-36-50/MultiSource/Benchmarks/7zip -I/home/ed/mcsema-testing/llvm-test-suite/MultiSource/Benchmarks/7zip -I/home/ed/mcsema-testing/llvm-test-suite/include -I../../../include -D_GNU_SOURCE -D__STDC_LIMIT_MACROS -DNDEBUG -DBREAK_HANDLER -DUNICODE -D_UNICODE -I/home/ed/mcsema-testing/llvm-test-suite/MultiSource/Benchmarks/7zip/C -I/home/ed/mcsema-testing/llvm-test-suite/MultiSource/Benchmarks/7zip/CPP/myWindows -I/home/ed/mcsema-testing/llvm-test-suite/MultiSource/Benchmarks/7zip/CPP/include_windows -I/home/ed/mcsema-testing/llvm-test-suite/MultiSource/Benchmarks/7zip/CPP -I. -D_FILE_OFFSET_BITS=64 -D_LARGEFILE_SOURCE -DNDEBUG -D_REENTRANT -DENV_UNIX -D_7ZIP_LARGE_PAGES -pthread -O3  -c /home/ed/mcsema-testing/llvm-test-suite/MultiSource/Benchmarks/7zip/CPP/7zip/Common/OutBuffer.cpp -o Output/OutBuffer.llvm.o
/home/ed/mcsema-testing/llvm-test-suite/RunSafely.sh --show-errors -t "/home/ed/mcsema-testing/SANDBOX/test-2015-12-21_15-36-50/tools/timeit" 500 /dev/null Output/OutMemStream.llvm.o.compile /usr/bin/clang++ -I/home/ed/mcsema-testing/SANDBOX/test-2015-12-21_15-36-50/MultiSource/Benchmarks/7zip -I/home/ed/mcsema-testing/llvm-test-suite/MultiSource/Benchmarks/7zip -I/home/ed/mcsema-testing/llvm-test-suite/include -I../../../include -D_GNU_SOURCE -D__STDC_LIMIT_MACROS -DNDEBUG -DBREAK_HANDLER -DUNICODE -D_UNICODE -I/home/ed/mcsema-testing/llvm-test-suite/MultiSource/Benchmarks/7zip/C -I/home/ed/mcsema-testing/llvm-test-suite/MultiSource/Benchmarks/7zip/CPP/myWindows -I/home/ed/mcsema-testing/llvm-test-suite/MultiSource/Benchmarks/7zip/CPP/include_windows -I/home/ed/mcsema-testing/llvm-test-suite/MultiSource/Benchmarks/7zip/CPP -I. -D_FILE_OFFSET_BITS=64 -D_LARGEFILE_SOURCE -DNDEBUG -D_REENTRANT -DENV_UNIX -D_7ZIP_LARGE_PAGES -pthread -O3  -c /home/ed/mcsema-testing/llvm-test-suite/MultiSource/Benchmarks/7zip/CPP/7zip/Common/OutMemStream.cpp -o Output/OutMemStream.llvm.o
/home/ed/mcsema-testing/llvm-test-suite/RunSafely.sh --show-errors -t "/home/ed/mcsema-testing/SANDBOX/test-2015-12-21_15-36-50/tools/timeit" 500 /dev/null Output/OutStreamWithCRC.llvm.o.compile /usr/bin/clang++ -I/home/ed/mcsema-testing/SANDBOX/test-2015-12-21_15-36-50/MultiSource/Benchmarks/7zip -I/home/ed/mcsema-testing/llvm-test-suite/MultiSource/Benchmarks/7zip -I/home/ed/mcsema-testing/llvm-test-suite/include -I../../../include -D_GNU_SOURCE -D__STDC_LIMIT_MACROS -DNDEBUG -DBREAK_HANDLER -DUNICODE -D_UNICODE -I/home/ed/mcsema-testing/llvm-test-suite/MultiSource/Benchmarks/7zip/C -I/home/ed/mcsema-testing/llvm-test-suite/MultiSource/Benchmarks/7zip/CPP/myWindows -I/home/ed/mcsema-testing/llvm-test-suite/MultiSource/Benchmarks/7zip/CPP/include_windows -I/home/ed/mcsema-testing/llvm-test-suite/MultiSource/Benchmarks/7zip/CPP -I. -D_FILE_OFFSET_BITS=64 -D_LARGEFILE_SOURCE -DNDEBUG -D_REENTRANT -DENV_UNIX -D_7ZIP_LARGE_PAGES -pthread -O3  -c /home/ed/mcsema-testing/llvm-test-suite/MultiSource/Benchmarks/7zip/CPP/7zip/Archive/Common/OutStreamWithCRC.cpp -o Output/OutStreamWithCRC.llvm.o
/home/ed/mcsema-testing/llvm-test-suite/RunSafely.sh --show-errors -t "/home/ed/mcsema-testing/SANDBOX/test-2015-12-21_15-36-50/tools/timeit" 500 /dev/null Output/ParseProperties.llvm.o.compile /usr/bin/clang++ -I/home/ed/mcsema-testing/SANDBOX/test-2015-12-21_15-36-50/MultiSource/Benchmarks/7zip -I/home/ed/mcsema-testing/llvm-test-suite/MultiSource/Benchmarks/7zip -I/home/ed/mcsema-testing/llvm-test-suite/include -I../../../include -D_GNU_SOURCE -D__STDC_LIMIT_MACROS -DNDEBUG -DBREAK_HANDLER -DUNICODE -D_UNICODE -I/home/ed/mcsema-testing/llvm-test-suite/MultiSource/Benchmarks/7zip/C -I/home/ed/mcsema-testing/llvm-test-suite/MultiSource/Benchmarks/7zip/CPP/myWindows -I/home/ed/mcsema-testing/llvm-test-suite/MultiSource/Benchmarks/7zip/CPP/include_windows -I/home/ed/mcsema-testing/llvm-test-suite/MultiSource/Benchmarks/7zip/CPP -I. -D_FILE_OFFSET_BITS=64 -D_LARGEFILE_SOURCE -DNDEBUG -D_REENTRANT -DENV_UNIX -D_7ZIP_LARGE_PAGES -pthread -O3  -c /home/ed/mcsema-testing/llvm-test-suite/MultiSource/Benchmarks/7zip/CPP/7zip/Archive/Common/ParseProperties.cpp -o Output/ParseProperties.llvm.o
/home/ed/mcsema-testing/llvm-test-suite/RunSafely.sh --show-errors -t "/home/ed/mcsema-testing/SANDBOX/test-2015-12-21_15-36-50/tools/timeit" 500 /dev/null Output/Pbkdf2HmacSha1.llvm.o.compile /usr/bin/clang++ -I/home/ed/mcsema-testing/SANDBOX/test-2015-12-21_15-36-50/MultiSource/Benchmarks/7zip -I/home/ed/mcsema-testing/llvm-test-suite/MultiSource/Benchmarks/7zip -I/home/ed/mcsema-testing/llvm-test-suite/include -I../../../include -D_GNU_SOURCE -D__STDC_LIMIT_MACROS -DNDEBUG -DBREAK_HANDLER -DUNICODE -D_UNICODE -I/home/ed/mcsema-testing/llvm-test-suite/MultiSource/Benchmarks/7zip/C -I/home/ed/mcsema-testing/llvm-test-suite/MultiSource/Benchmarks/7zip/CPP/myWindows -I/home/ed/mcsema-testing/llvm-test-suite/MultiSource/Benchmarks/7zip/CPP/include_windows -I/home/ed/mcsema-testing/llvm-test-suite/MultiSource/Benchmarks/7zip/CPP -I. -D_FILE_OFFSET_BITS=64 -D_LARGEFILE_SOURCE -DNDEBUG -D_REENTRANT -DENV_UNIX -D_7ZIP_LARGE_PAGES -pthread -O3  -c /home/ed/mcsema-testing/llvm-test-suite/MultiSource/Benchmarks/7zip/CPP/7zip/Crypto/Pbkdf2HmacSha1.cpp -o Output/Pbkdf2HmacSha1.llvm.o
/home/ed/mcsema-testing/llvm-test-suite/RunSafely.sh --show-errors -t "/home/ed/mcsema-testing/SANDBOX/test-2015-12-21_15-36-50/tools/timeit" 500 /dev/null Output/PercentPrinter.llvm.o.compile /usr/bin/clang++ -I/home/ed/mcsema-testing/SANDBOX/test-2015-12-21_15-36-50/MultiSource/Benchmarks/7zip -I/home/ed/mcsema-testing/llvm-test-suite/MultiSource/Benchmarks/7zip -I/home/ed/mcsema-testing/llvm-test-suite/include -I../../../include -D_GNU_SOURCE -D__STDC_LIMIT_MACROS -DNDEBUG -DBREAK_HANDLER -DUNICODE -D_UNICODE -I/home/ed/mcsema-testing/llvm-test-suite/MultiSource/Benchmarks/7zip/C -I/home/ed/mcsema-testing/llvm-test-suite/MultiSource/Benchmarks/7zip/CPP/myWindows -I/home/ed/mcsema-testing/llvm-test-suite/MultiSource/Benchmarks/7zip/CPP/include_windows -I/home/ed/mcsema-testing/llvm-test-suite/MultiSource/Benchmarks/7zip/CPP -I. -D_FILE_OFFSET_BITS=64 -D_LARGEFILE_SOURCE -DNDEBUG -D_REENTRANT -DENV_UNIX -D_7ZIP_LARGE_PAGES -pthread -O3  -c /home/ed/mcsema-testing/llvm-test-suite/MultiSource/Benchmarks/7zip/CPP/7zip/UI/Console/PercentPrinter.cpp -o Output/PercentPrinter.llvm.o
/home/ed/mcsema-testing/llvm-test-suite/RunSafely.sh --show-errors -t "/home/ed/mcsema-testing/SANDBOX/test-2015-12-21_15-36-50/tools/timeit" 500 /dev/null Output/Ppmd7.llvm.o.compile /usr/bin/clang -I/home/ed/mcsema-testing/SANDBOX/test-2015-12-21_15-36-50/MultiSource/Benchmarks/7zip -I/home/ed/mcsema-testing/llvm-test-suite/MultiSource/Benchmarks/7zip -I/home/ed/mcsema-testing/llvm-test-suite/include -I../../../include -D_GNU_SOURCE -D__STDC_LIMIT_MACROS -DNDEBUG -DBREAK_HANDLER -DUNICODE -D_UNICODE -I/home/ed/mcsema-testing/llvm-test-suite/MultiSource/Benchmarks/7zip/C -I/home/ed/mcsema-testing/llvm-test-suite/MultiSource/Benchmarks/7zip/CPP/myWindows -I/home/ed/mcsema-testing/llvm-test-suite/MultiSource/Benchmarks/7zip/CPP/include_windows -I/home/ed/mcsema-testing/llvm-test-suite/MultiSource/Benchmarks/7zip/CPP -I. -D_FILE_OFFSET_BITS=64 -D_LARGEFILE_SOURCE -DNDEBUG -D_REENTRANT -DENV_UNIX -D_7ZIP_LARGE_PAGES -pthread -O3  -c /home/ed/mcsema-testing/llvm-test-suite/MultiSource/Benchmarks/7zip/C/Ppmd7.c -o Output/Ppmd7.llvm.o
/home/ed/mcsema-testing/llvm-test-suite/RunSafely.sh --show-errors -t "/home/ed/mcsema-testing/SANDBOX/test-2015-12-21_15-36-50/tools/timeit" 500 /dev/null Output/Ppmd7Dec.llvm.o.compile /usr/bin/clang -I/home/ed/mcsema-testing/SANDBOX/test-2015-12-21_15-36-50/MultiSource/Benchmarks/7zip -I/home/ed/mcsema-testing/llvm-test-suite/MultiSource/Benchmarks/7zip -I/home/ed/mcsema-testing/llvm-test-suite/include -I../../../include -D_GNU_SOURCE -D__STDC_LIMIT_MACROS -DNDEBUG -DBREAK_HANDLER -DUNICODE -D_UNICODE -I/home/ed/mcsema-testing/llvm-test-suite/MultiSource/Benchmarks/7zip/C -I/home/ed/mcsema-testing/llvm-test-suite/MultiSource/Benchmarks/7zip/CPP/myWindows -I/home/ed/mcsema-testing/llvm-test-suite/MultiSource/Benchmarks/7zip/CPP/include_windows -I/home/ed/mcsema-testing/llvm-test-suite/MultiSource/Benchmarks/7zip/CPP -I. -D_FILE_OFFSET_BITS=64 -D_LARGEFILE_SOURCE -DNDEBUG -D_REENTRANT -DENV_UNIX -D_7ZIP_LARGE_PAGES -pthread -O3  -c /home/ed/mcsema-testing/llvm-test-suite/MultiSource/Benchmarks/7zip/C/Ppmd7Dec.c -o Output/Ppmd7Dec.llvm.o
/home/ed/mcsema-testing/llvm-test-suite/RunSafely.sh --show-errors -t "/home/ed/mcsema-testing/SANDBOX/test-2015-12-21_15-36-50/tools/timeit" 500 /dev/null Output/Ppmd7Enc.llvm.o.compile /usr/bin/clang -I/home/ed/mcsema-testing/SANDBOX/test-2015-12-21_15-36-50/MultiSource/Benchmarks/7zip -I/home/ed/mcsema-testing/llvm-test-suite/MultiSource/Benchmarks/7zip -I/home/ed/mcsema-testing/llvm-test-suite/include -I../../../include -D_GNU_SOURCE -D__STDC_LIMIT_MACROS -DNDEBUG -DBREAK_HANDLER -DUNICODE -D_UNICODE -I/home/ed/mcsema-testing/llvm-test-suite/MultiSource/Benchmarks/7zip/C -I/home/ed/mcsema-testing/llvm-test-suite/MultiSource/Benchmarks/7zip/CPP/myWindows -I/home/ed/mcsema-testing/llvm-test-suite/MultiSource/Benchmarks/7zip/CPP/include_windows -I/home/ed/mcsema-testing/llvm-test-suite/MultiSource/Benchmarks/7zip/CPP -I. -D_FILE_OFFSET_BITS=64 -D_LARGEFILE_SOURCE -DNDEBUG -D_REENTRANT -DENV_UNIX -D_7ZIP_LARGE_PAGES -pthread -O3  -c /home/ed/mcsema-testing/llvm-test-suite/MultiSource/Benchmarks/7zip/C/Ppmd7Enc.c -o Output/Ppmd7Enc.llvm.o
/home/ed/mcsema-testing/llvm-test-suite/RunSafely.sh --show-errors -t "/home/ed/mcsema-testing/SANDBOX/test-2015-12-21_15-36-50/tools/timeit" 500 /dev/null Output/Ppmd8.llvm.o.compile /usr/bin/clang -I/home/ed/mcsema-testing/SANDBOX/test-2015-12-21_15-36-50/MultiSource/Benchmarks/7zip -I/home/ed/mcsema-testing/llvm-test-suite/MultiSource/Benchmarks/7zip -I/home/ed/mcsema-testing/llvm-test-suite/include -I../../../include -D_GNU_SOURCE -D__STDC_LIMIT_MACROS -DNDEBUG -DBREAK_HANDLER -DUNICODE -D_UNICODE -I/home/ed/mcsema-testing/llvm-test-suite/MultiSource/Benchmarks/7zip/C -I/home/ed/mcsema-testing/llvm-test-suite/MultiSource/Benchmarks/7zip/CPP/myWindows -I/home/ed/mcsema-testing/llvm-test-suite/MultiSource/Benchmarks/7zip/CPP/include_windows -I/home/ed/mcsema-testing/llvm-test-suite/MultiSource/Benchmarks/7zip/CPP -I. -D_FILE_OFFSET_BITS=64 -D_LARGEFILE_SOURCE -DNDEBUG -D_REENTRANT -DENV_UNIX -D_7ZIP_LARGE_PAGES -pthread -O3  -c /home/ed/mcsema-testing/llvm-test-suite/MultiSource/Benchmarks/7zip/C/Ppmd8.c -o Output/Ppmd8.llvm.o
/home/ed/mcsema-testing/llvm-test-suite/RunSafely.sh --show-errors -t "/home/ed/mcsema-testing/SANDBOX/test-2015-12-21_15-36-50/tools/timeit" 500 /dev/null Output/Ppmd8Dec.llvm.o.compile /usr/bin/clang -I/home/ed/mcsema-testing/SANDBOX/test-2015-12-21_15-36-50/MultiSource/Benchmarks/7zip -I/home/ed/mcsema-testing/llvm-test-suite/MultiSource/Benchmarks/7zip -I/home/ed/mcsema-testing/llvm-test-suite/include -I../../../include -D_GNU_SOURCE -D__STDC_LIMIT_MACROS -DNDEBUG -DBREAK_HANDLER -DUNICODE -D_UNICODE -I/home/ed/mcsema-testing/llvm-test-suite/MultiSource/Benchmarks/7zip/C -I/home/ed/mcsema-testing/llvm-test-suite/MultiSource/Benchmarks/7zip/CPP/myWindows -I/home/ed/mcsema-testing/llvm-test-suite/MultiSource/Benchmarks/7zip/CPP/include_windows -I/home/ed/mcsema-testing/llvm-test-suite/MultiSource/Benchmarks/7zip/CPP -I. -D_FILE_OFFSET_BITS=64 -D_LARGEFILE_SOURCE -DNDEBUG -D_REENTRANT -DENV_UNIX -D_7ZIP_LARGE_PAGES -pthread -O3  -c /home/ed/mcsema-testing/llvm-test-suite/MultiSource/Benchmarks/7zip/C/Ppmd8Dec.c -o Output/Ppmd8Dec.llvm.o
/home/ed/mcsema-testing/llvm-test-suite/RunSafely.sh --show-errors -t "/home/ed/mcsema-testing/SANDBOX/test-2015-12-21_15-36-50/tools/timeit" 500 /dev/null Output/Ppmd8Enc.llvm.o.compile /usr/bin/clang -I/home/ed/mcsema-testing/SANDBOX/test-2015-12-21_15-36-50/MultiSource/Benchmarks/7zip -I/home/ed/mcsema-testing/llvm-test-suite/MultiSource/Benchmarks/7zip -I/home/ed/mcsema-testing/llvm-test-suite/include -I../../../include -D_GNU_SOURCE -D__STDC_LIMIT_MACROS -DNDEBUG -DBREAK_HANDLER -DUNICODE -D_UNICODE -I/home/ed/mcsema-testing/llvm-test-suite/MultiSource/Benchmarks/7zip/C -I/home/ed/mcsema-testing/llvm-test-suite/MultiSource/Benchmarks/7zip/CPP/myWindows -I/home/ed/mcsema-testing/llvm-test-suite/MultiSource/Benchmarks/7zip/CPP/include_windows -I/home/ed/mcsema-testing/llvm-test-suite/MultiSource/Benchmarks/7zip/CPP -I. -D_FILE_OFFSET_BITS=64 -D_LARGEFILE_SOURCE -DNDEBUG -D_REENTRANT -DENV_UNIX -D_7ZIP_LARGE_PAGES -pthread -O3  -c /home/ed/mcsema-testing/llvm-test-suite/MultiSource/Benchmarks/7zip/C/Ppmd8Enc.c -o Output/Ppmd8Enc.llvm.o
/home/ed/mcsema-testing/llvm-test-suite/RunSafely.sh --show-errors -t "/home/ed/mcsema-testing/SANDBOX/test-2015-12-21_15-36-50/tools/timeit" 500 /dev/null Output/PpmdDecoder.llvm.o.compile /usr/bin/clang++ -I/home/ed/mcsema-testing/SANDBOX/test-2015-12-21_15-36-50/MultiSource/Benchmarks/7zip -I/home/ed/mcsema-testing/llvm-test-suite/MultiSource/Benchmarks/7zip -I/home/ed/mcsema-testing/llvm-test-suite/include -I../../../include -D_GNU_SOURCE -D__STDC_LIMIT_MACROS -DNDEBUG -DBREAK_HANDLER -DUNICODE -D_UNICODE -I/home/ed/mcsema-testing/llvm-test-suite/MultiSource/Benchmarks/7zip/C -I/home/ed/mcsema-testing/llvm-test-suite/MultiSource/Benchmarks/7zip/CPP/myWindows -I/home/ed/mcsema-testing/llvm-test-suite/MultiSource/Benchmarks/7zip/CPP/include_windows -I/home/ed/mcsema-testing/llvm-test-suite/MultiSource/Benchmarks/7zip/CPP -I. -D_FILE_OFFSET_BITS=64 -D_LARGEFILE_SOURCE -DNDEBUG -D_REENTRANT -DENV_UNIX -D_7ZIP_LARGE_PAGES -pthread -O3  -c /home/ed/mcsema-testing/llvm-test-suite/MultiSource/Benchmarks/7zip/CPP/7zip/Compress/PpmdDecoder.cpp -o Output/PpmdDecoder.llvm.o
/home/ed/mcsema-testing/llvm-test-suite/RunSafely.sh --show-errors -t "/home/ed/mcsema-testing/SANDBOX/test-2015-12-21_15-36-50/tools/timeit" 500 /dev/null Output/PpmdEncoder.llvm.o.compile /usr/bin/clang++ -I/home/ed/mcsema-testing/SANDBOX/test-2015-12-21_15-36-50/MultiSource/Benchmarks/7zip -I/home/ed/mcsema-testing/llvm-test-suite/MultiSource/Benchmarks/7zip -I/home/ed/mcsema-testing/llvm-test-suite/include -I../../../include -D_GNU_SOURCE -D__STDC_LIMIT_MACROS -DNDEBUG -DBREAK_HANDLER -DUNICODE -D_UNICODE -I/home/ed/mcsema-testing/llvm-test-suite/MultiSource/Benchmarks/7zip/C -I/home/ed/mcsema-testing/llvm-test-suite/MultiSource/Benchmarks/7zip/CPP/myWindows -I/home/ed/mcsema-testing/llvm-test-suite/MultiSource/Benchmarks/7zip/CPP/include_windows -I/home/ed/mcsema-testing/llvm-test-suite/MultiSource/Benchmarks/7zip/CPP -I. -D_FILE_OFFSET_BITS=64 -D_LARGEFILE_SOURCE -DNDEBUG -D_REENTRANT -DENV_UNIX -D_7ZIP_LARGE_PAGES -pthread -O3  -c /home/ed/mcsema-testing/llvm-test-suite/MultiSource/Benchmarks/7zip/CPP/7zip/Compress/PpmdEncoder.cpp -o Output/PpmdEncoder.llvm.o
/home/ed/mcsema-testing/llvm-test-suite/RunSafely.sh --show-errors -t "/home/ed/mcsema-testing/SANDBOX/test-2015-12-21_15-36-50/tools/timeit" 500 /dev/null Output/PpmdHandler.llvm.o.compile /usr/bin/clang++ -I/home/ed/mcsema-testing/SANDBOX/test-2015-12-21_15-36-50/MultiSource/Benchmarks/7zip -I/home/ed/mcsema-testing/llvm-test-suite/MultiSource/Benchmarks/7zip -I/home/ed/mcsema-testing/llvm-test-suite/include -I../../../include -D_GNU_SOURCE -D__STDC_LIMIT_MACROS -DNDEBUG -DBREAK_HANDLER -DUNICODE -D_UNICODE -I/home/ed/mcsema-testing/llvm-test-suite/MultiSource/Benchmarks/7zip/C -I/home/ed/mcsema-testing/llvm-test-suite/MultiSource/Benchmarks/7zip/CPP/myWindows -I/home/ed/mcsema-testing/llvm-test-suite/MultiSource/Benchmarks/7zip/CPP/include_windows -I/home/ed/mcsema-testing/llvm-test-suite/MultiSource/Benchmarks/7zip/CPP -I. -D_FILE_OFFSET_BITS=64 -D_LARGEFILE_SOURCE -DNDEBUG -D_REENTRANT -DENV_UNIX -D_7ZIP_LARGE_PAGES -pthread -O3  -c /home/ed/mcsema-testing/llvm-test-suite/MultiSource/Benchmarks/7zip/CPP/7zip/Archive/PpmdHandler.cpp -o Output/PpmdHandler.llvm.o
/home/ed/mcsema-testing/llvm-test-suite/RunSafely.sh --show-errors -t "/home/ed/mcsema-testing/SANDBOX/test-2015-12-21_15-36-50/tools/timeit" 500 /dev/null Output/PpmdRegister.llvm.o.compile /usr/bin/clang++ -I/home/ed/mcsema-testing/SANDBOX/test-2015-12-21_15-36-50/MultiSource/Benchmarks/7zip -I/home/ed/mcsema-testing/llvm-test-suite/MultiSource/Benchmarks/7zip -I/home/ed/mcsema-testing/llvm-test-suite/include -I../../../include -D_GNU_SOURCE -D__STDC_LIMIT_MACROS -DNDEBUG -DBREAK_HANDLER -DUNICODE -D_UNICODE -I/home/ed/mcsema-testing/llvm-test-suite/MultiSource/Benchmarks/7zip/C -I/home/ed/mcsema-testing/llvm-test-suite/MultiSource/Benchmarks/7zip/CPP/myWindows -I/home/ed/mcsema-testing/llvm-test-suite/MultiSource/Benchmarks/7zip/CPP/include_windows -I/home/ed/mcsema-testing/llvm-test-suite/MultiSource/Benchmarks/7zip/CPP -I. -D_FILE_OFFSET_BITS=64 -D_LARGEFILE_SOURCE -DNDEBUG -D_REENTRANT -DENV_UNIX -D_7ZIP_LARGE_PAGES -pthread -O3  -c /home/ed/mcsema-testing/llvm-test-suite/MultiSource/Benchmarks/7zip/CPP/7zip/Compress/PpmdRegister.cpp -o Output/PpmdRegister.llvm.o
/home/ed/mcsema-testing/llvm-test-suite/RunSafely.sh --show-errors -t "/home/ed/mcsema-testing/SANDBOX/test-2015-12-21_15-36-50/tools/timeit" 500 /dev/null Output/PpmdZip.llvm.o.compile /usr/bin/clang++ -I/home/ed/mcsema-testing/SANDBOX/test-2015-12-21_15-36-50/MultiSource/Benchmarks/7zip -I/home/ed/mcsema-testing/llvm-test-suite/MultiSource/Benchmarks/7zip -I/home/ed/mcsema-testing/llvm-test-suite/include -I../../../include -D_GNU_SOURCE -D__STDC_LIMIT_MACROS -DNDEBUG -DBREAK_HANDLER -DUNICODE -D_UNICODE -I/home/ed/mcsema-testing/llvm-test-suite/MultiSource/Benchmarks/7zip/C -I/home/ed/mcsema-testing/llvm-test-suite/MultiSource/Benchmarks/7zip/CPP/myWindows -I/home/ed/mcsema-testing/llvm-test-suite/MultiSource/Benchmarks/7zip/CPP/include_windows -I/home/ed/mcsema-testing/llvm-test-suite/MultiSource/Benchmarks/7zip/CPP -I. -D_FILE_OFFSET_BITS=64 -D_LARGEFILE_SOURCE -DNDEBUG -D_REENTRANT -DENV_UNIX -D_7ZIP_LARGE_PAGES -pthread -O3  -c /home/ed/mcsema-testing/llvm-test-suite/MultiSource/Benchmarks/7zip/CPP/7zip/Compress/PpmdZip.cpp -o Output/PpmdZip.llvm.o
/home/ed/mcsema-testing/llvm-test-suite/RunSafely.sh --show-errors -t "/home/ed/mcsema-testing/SANDBOX/test-2015-12-21_15-36-50/tools/timeit" 500 /dev/null Output/ProgressMt.llvm.o.compile /usr/bin/clang++ -I/home/ed/mcsema-testing/SANDBOX/test-2015-12-21_15-36-50/MultiSource/Benchmarks/7zip -I/home/ed/mcsema-testing/llvm-test-suite/MultiSource/Benchmarks/7zip -I/home/ed/mcsema-testing/llvm-test-suite/include -I../../../include -D_GNU_SOURCE -D__STDC_LIMIT_MACROS -DNDEBUG -DBREAK_HANDLER -DUNICODE -D_UNICODE -I/home/ed/mcsema-testing/llvm-test-suite/MultiSource/Benchmarks/7zip/C -I/home/ed/mcsema-testing/llvm-test-suite/MultiSource/Benchmarks/7zip/CPP/myWindows -I/home/ed/mcsema-testing/llvm-test-suite/MultiSource/Benchmarks/7zip/CPP/include_windows -I/home/ed/mcsema-testing/llvm-test-suite/MultiSource/Benchmarks/7zip/CPP -I. -D_FILE_OFFSET_BITS=64 -D_LARGEFILE_SOURCE -DNDEBUG -D_REENTRANT -DENV_UNIX -D_7ZIP_LARGE_PAGES -pthread -O3  -c /home/ed/mcsema-testing/llvm-test-suite/MultiSource/Benchmarks/7zip/CPP/7zip/Common/ProgressMt.cpp -o Output/ProgressMt.llvm.o
/home/ed/mcsema-testing/llvm-test-suite/RunSafely.sh --show-errors -t "/home/ed/mcsema-testing/SANDBOX/test-2015-12-21_15-36-50/tools/timeit" 500 /dev/null Output/ProgressUtils.llvm.o.compile /usr/bin/clang++ -I/home/ed/mcsema-testing/SANDBOX/test-2015-12-21_15-36-50/MultiSource/Benchmarks/7zip -I/home/ed/mcsema-testing/llvm-test-suite/MultiSource/Benchmarks/7zip -I/home/ed/mcsema-testing/llvm-test-suite/include -I../../../include -D_GNU_SOURCE -D__STDC_LIMIT_MACROS -DNDEBUG -DBREAK_HANDLER -DUNICODE -D_UNICODE -I/home/ed/mcsema-testing/llvm-test-suite/MultiSource/Benchmarks/7zip/C -I/home/ed/mcsema-testing/llvm-test-suite/MultiSource/Benchmarks/7zip/CPP/myWindows -I/home/ed/mcsema-testing/llvm-test-suite/MultiSource/Benchmarks/7zip/CPP/include_windows -I/home/ed/mcsema-testing/llvm-test-suite/MultiSource/Benchmarks/7zip/CPP -I. -D_FILE_OFFSET_BITS=64 -D_LARGEFILE_SOURCE -DNDEBUG -D_REENTRANT -DENV_UNIX -D_7ZIP_LARGE_PAGES -pthread -O3  -c /home/ed/mcsema-testing/llvm-test-suite/MultiSource/Benchmarks/7zip/CPP/7zip/Common/ProgressUtils.cpp -o Output/ProgressUtils.llvm.o
/home/ed/mcsema-testing/llvm-test-suite/RunSafely.sh --show-errors -t "/home/ed/mcsema-testing/SANDBOX/test-2015-12-21_15-36-50/tools/timeit" 500 /dev/null Output/PropIDUtils.llvm.o.compile /usr/bin/clang++ -I/home/ed/mcsema-testing/SANDBOX/test-2015-12-21_15-36-50/MultiSource/Benchmarks/7zip -I/home/ed/mcsema-testing/llvm-test-suite/MultiSource/Benchmarks/7zip -I/home/ed/mcsema-testing/llvm-test-suite/include -I../../../include -D_GNU_SOURCE -D__STDC_LIMIT_MACROS -DNDEBUG -DBREAK_HANDLER -DUNICODE -D_UNICODE -I/home/ed/mcsema-testing/llvm-test-suite/MultiSource/Benchmarks/7zip/C -I/home/ed/mcsema-testing/llvm-test-suite/MultiSource/Benchmarks/7zip/CPP/myWindows -I/home/ed/mcsema-testing/llvm-test-suite/MultiSource/Benchmarks/7zip/CPP/include_windows -I/home/ed/mcsema-testing/llvm-test-suite/MultiSource/Benchmarks/7zip/CPP -I. -D_FILE_OFFSET_BITS=64 -D_LARGEFILE_SOURCE -DNDEBUG -D_REENTRANT -DENV_UNIX -D_7ZIP_LARGE_PAGES -pthread -O3  -c /home/ed/mcsema-testing/llvm-test-suite/MultiSource/Benchmarks/7zip/CPP/7zip/UI/Common/PropIDUtils.cpp -o Output/PropIDUtils.llvm.o
/home/ed/mcsema-testing/llvm-test-suite/RunSafely.sh --show-errors -t "/home/ed/mcsema-testing/SANDBOX/test-2015-12-21_15-36-50/tools/timeit" 500 /dev/null Output/PropVariant.llvm.o.compile /usr/bin/clang++ -I/home/ed/mcsema-testing/SANDBOX/test-2015-12-21_15-36-50/MultiSource/Benchmarks/7zip -I/home/ed/mcsema-testing/llvm-test-suite/MultiSource/Benchmarks/7zip -I/home/ed/mcsema-testing/llvm-test-suite/include -I../../../include -D_GNU_SOURCE -D__STDC_LIMIT_MACROS -DNDEBUG -DBREAK_HANDLER -DUNICODE -D_UNICODE -I/home/ed/mcsema-testing/llvm-test-suite/MultiSource/Benchmarks/7zip/C -I/home/ed/mcsema-testing/llvm-test-suite/MultiSource/Benchmarks/7zip/CPP/myWindows -I/home/ed/mcsema-testing/llvm-test-suite/MultiSource/Benchmarks/7zip/CPP/include_windows -I/home/ed/mcsema-testing/llvm-test-suite/MultiSource/Benchmarks/7zip/CPP -I. -D_FILE_OFFSET_BITS=64 -D_LARGEFILE_SOURCE -DNDEBUG -D_REENTRANT -DENV_UNIX -D_7ZIP_LARGE_PAGES -pthread -O3  -c /home/ed/mcsema-testing/llvm-test-suite/MultiSource/Benchmarks/7zip/CPP/Windows/PropVariant.cpp -o Output/PropVariant.llvm.o
/home/ed/mcsema-testing/llvm-test-suite/RunSafely.sh --show-errors -t "/home/ed/mcsema-testing/SANDBOX/test-2015-12-21_15-36-50/tools/timeit" 500 /dev/null Output/PropVariantConversions.llvm.o.compile /usr/bin/clang++ -I/home/ed/mcsema-testing/SANDBOX/test-2015-12-21_15-36-50/MultiSource/Benchmarks/7zip -I/home/ed/mcsema-testing/llvm-test-suite/MultiSource/Benchmarks/7zip -I/home/ed/mcsema-testing/llvm-test-suite/include -I../../../include -D_GNU_SOURCE -D__STDC_LIMIT_MACROS -DNDEBUG -DBREAK_HANDLER -DUNICODE -D_UNICODE -I/home/ed/mcsema-testing/llvm-test-suite/MultiSource/Benchmarks/7zip/C -I/home/ed/mcsema-testing/llvm-test-suite/MultiSource/Benchmarks/7zip/CPP/myWindows -I/home/ed/mcsema-testing/llvm-test-suite/MultiSource/Benchmarks/7zip/CPP/include_windows -I/home/ed/mcsema-testing/llvm-test-suite/MultiSource/Benchmarks/7zip/CPP -I. -D_FILE_OFFSET_BITS=64 -D_LARGEFILE_SOURCE -DNDEBUG -D_REENTRANT -DENV_UNIX -D_7ZIP_LARGE_PAGES -pthread -O3  -c /home/ed/mcsema-testing/llvm-test-suite/MultiSource/Benchmarks/7zip/CPP/Windows/PropVariantConversions.cpp -o Output/PropVariantConversions.llvm.o
/home/ed/mcsema-testing/llvm-test-suite/RunSafely.sh --show-errors -t "/home/ed/mcsema-testing/SANDBOX/test-2015-12-21_15-36-50/tools/timeit" 500 /dev/null Output/QuantumDecoder.llvm.o.compile /usr/bin/clang++ -I/home/ed/mcsema-testing/SANDBOX/test-2015-12-21_15-36-50/MultiSource/Benchmarks/7zip -I/home/ed/mcsema-testing/llvm-test-suite/MultiSource/Benchmarks/7zip -I/home/ed/mcsema-testing/llvm-test-suite/include -I../../../include -D_GNU_SOURCE -D__STDC_LIMIT_MACROS -DNDEBUG -DBREAK_HANDLER -DUNICODE -D_UNICODE -I/home/ed/mcsema-testing/llvm-test-suite/MultiSource/Benchmarks/7zip/C -I/home/ed/mcsema-testing/llvm-test-suite/MultiSource/Benchmarks/7zip/CPP/myWindows -I/home/ed/mcsema-testing/llvm-test-suite/MultiSource/Benchmarks/7zip/CPP/include_windows -I/home/ed/mcsema-testing/llvm-test-suite/MultiSource/Benchmarks/7zip/CPP -I. -D_FILE_OFFSET_BITS=64 -D_LARGEFILE_SOURCE -DNDEBUG -D_REENTRANT -DENV_UNIX -D_7ZIP_LARGE_PAGES -pthread -O3  -c /home/ed/mcsema-testing/llvm-test-suite/MultiSource/Benchmarks/7zip/CPP/7zip/Compress/QuantumDecoder.cpp -o Output/QuantumDecoder.llvm.o
/home/ed/mcsema-testing/llvm-test-suite/RunSafely.sh --show-errors -t "/home/ed/mcsema-testing/SANDBOX/test-2015-12-21_15-36-50/tools/timeit" 500 /dev/null Output/RandGen.llvm.o.compile /usr/bin/clang++ -I/home/ed/mcsema-testing/SANDBOX/test-2015-12-21_15-36-50/MultiSource/Benchmarks/7zip -I/home/ed/mcsema-testing/llvm-test-suite/MultiSource/Benchmarks/7zip -I/home/ed/mcsema-testing/llvm-test-suite/include -I../../../include -D_GNU_SOURCE -D__STDC_LIMIT_MACROS -DNDEBUG -DBREAK_HANDLER -DUNICODE -D_UNICODE -I/home/ed/mcsema-testing/llvm-test-suite/MultiSource/Benchmarks/7zip/C -I/home/ed/mcsema-testing/llvm-test-suite/MultiSource/Benchmarks/7zip/CPP/myWindows -I/home/ed/mcsema-testing/llvm-test-suite/MultiSource/Benchmarks/7zip/CPP/include_windows -I/home/ed/mcsema-testing/llvm-test-suite/MultiSource/Benchmarks/7zip/CPP -I. -D_FILE_OFFSET_BITS=64 -D_LARGEFILE_SOURCE -DNDEBUG -D_REENTRANT -DENV_UNIX -D_7ZIP_LARGE_PAGES -pthread -O3  -c /home/ed/mcsema-testing/llvm-test-suite/MultiSource/Benchmarks/7zip/CPP/7zip/Crypto/RandGen.cpp -o Output/RandGen.llvm.o
/home/ed/mcsema-testing/llvm-test-suite/RunSafely.sh --show-errors -t "/home/ed/mcsema-testing/SANDBOX/test-2015-12-21_15-36-50/tools/timeit" 500 /dev/null Output/SetProperties.llvm.o.compile /usr/bin/clang++ -I/home/ed/mcsema-testing/SANDBOX/test-2015-12-21_15-36-50/MultiSource/Benchmarks/7zip -I/home/ed/mcsema-testing/llvm-test-suite/MultiSource/Benchmarks/7zip -I/home/ed/mcsema-testing/llvm-test-suite/include -I../../../include -D_GNU_SOURCE -D__STDC_LIMIT_MACROS -DNDEBUG -DBREAK_HANDLER -DUNICODE -D_UNICODE -I/home/ed/mcsema-testing/llvm-test-suite/MultiSource/Benchmarks/7zip/C -I/home/ed/mcsema-testing/llvm-test-suite/MultiSource/Benchmarks/7zip/CPP/myWindows -I/home/ed/mcsema-testing/llvm-test-suite/MultiSource/Benchmarks/7zip/CPP/include_windows -I/home/ed/mcsema-testing/llvm-test-suite/MultiSource/Benchmarks/7zip/CPP -I. -D_FILE_OFFSET_BITS=64 -D_LARGEFILE_SOURCE -DNDEBUG -D_REENTRANT -DENV_UNIX -D_7ZIP_LARGE_PAGES -pthread -O3  -c /home/ed/mcsema-testing/llvm-test-suite/MultiSource/Benchmarks/7zip/CPP/7zip/UI/Common/SetProperties.cpp -o Output/SetProperties.llvm.o
/home/ed/mcsema-testing/llvm-test-suite/RunSafely.sh --show-errors -t "/home/ed/mcsema-testing/SANDBOX/test-2015-12-21_15-36-50/tools/timeit" 500 /dev/null Output/Sha1.llvm.o.compile /usr/bin/clang++ -I/home/ed/mcsema-testing/SANDBOX/test-2015-12-21_15-36-50/MultiSource/Benchmarks/7zip -I/home/ed/mcsema-testing/llvm-test-suite/MultiSource/Benchmarks/7zip -I/home/ed/mcsema-testing/llvm-test-suite/include -I../../../include -D_GNU_SOURCE -D__STDC_LIMIT_MACROS -DNDEBUG -DBREAK_HANDLER -DUNICODE -D_UNICODE -I/home/ed/mcsema-testing/llvm-test-suite/MultiSource/Benchmarks/7zip/C -I/home/ed/mcsema-testing/llvm-test-suite/MultiSource/Benchmarks/7zip/CPP/myWindows -I/home/ed/mcsema-testing/llvm-test-suite/MultiSource/Benchmarks/7zip/CPP/include_windows -I/home/ed/mcsema-testing/llvm-test-suite/MultiSource/Benchmarks/7zip/CPP -I. -D_FILE_OFFSET_BITS=64 -D_LARGEFILE_SOURCE -DNDEBUG -D_REENTRANT -DENV_UNIX -D_7ZIP_LARGE_PAGES -pthread -O3  -c /home/ed/mcsema-testing/llvm-test-suite/MultiSource/Benchmarks/7zip/CPP/7zip/Crypto/Sha1.cpp -o Output/Sha1.llvm.o
/home/ed/mcsema-testing/llvm-test-suite/RunSafely.sh --show-errors -t "/home/ed/mcsema-testing/SANDBOX/test-2015-12-21_15-36-50/tools/timeit" 500 /dev/null Output/Sha256.llvm.o.compile /usr/bin/clang -I/home/ed/mcsema-testing/SANDBOX/test-2015-12-21_15-36-50/MultiSource/Benchmarks/7zip -I/home/ed/mcsema-testing/llvm-test-suite/MultiSource/Benchmarks/7zip -I/home/ed/mcsema-testing/llvm-test-suite/include -I../../../include -D_GNU_SOURCE -D__STDC_LIMIT_MACROS -DNDEBUG -DBREAK_HANDLER -DUNICODE -D_UNICODE -I/home/ed/mcsema-testing/llvm-test-suite/MultiSource/Benchmarks/7zip/C -I/home/ed/mcsema-testing/llvm-test-suite/MultiSource/Benchmarks/7zip/CPP/myWindows -I/home/ed/mcsema-testing/llvm-test-suite/MultiSource/Benchmarks/7zip/CPP/include_windows -I/home/ed/mcsema-testing/llvm-test-suite/MultiSource/Benchmarks/7zip/CPP -I. -D_FILE_OFFSET_BITS=64 -D_LARGEFILE_SOURCE -DNDEBUG -D_REENTRANT -DENV_UNIX -D_7ZIP_LARGE_PAGES -pthread -O3  -c /home/ed/mcsema-testing/llvm-test-suite/MultiSource/Benchmarks/7zip/C/Sha256.c -o Output/Sha256.llvm.o
/home/ed/mcsema-testing/llvm-test-suite/RunSafely.sh --show-errors -t "/home/ed/mcsema-testing/SANDBOX/test-2015-12-21_15-36-50/tools/timeit" 500 /dev/null Output/ShrinkDecoder.llvm.o.compile /usr/bin/clang++ -I/home/ed/mcsema-testing/SANDBOX/test-2015-12-21_15-36-50/MultiSource/Benchmarks/7zip -I/home/ed/mcsema-testing/llvm-test-suite/MultiSource/Benchmarks/7zip -I/home/ed/mcsema-testing/llvm-test-suite/include -I../../../include -D_GNU_SOURCE -D__STDC_LIMIT_MACROS -DNDEBUG -DBREAK_HANDLER -DUNICODE -D_UNICODE -I/home/ed/mcsema-testing/llvm-test-suite/MultiSource/Benchmarks/7zip/C -I/home/ed/mcsema-testing/llvm-test-suite/MultiSource/Benchmarks/7zip/CPP/myWindows -I/home/ed/mcsema-testing/llvm-test-suite/MultiSource/Benchmarks/7zip/CPP/include_windows -I/home/ed/mcsema-testing/llvm-test-suite/MultiSource/Benchmarks/7zip/CPP -I. -D_FILE_OFFSET_BITS=64 -D_LARGEFILE_SOURCE -DNDEBUG -D_REENTRANT -DENV_UNIX -D_7ZIP_LARGE_PAGES -pthread -O3  -c /home/ed/mcsema-testing/llvm-test-suite/MultiSource/Benchmarks/7zip/CPP/7zip/Compress/ShrinkDecoder.cpp -o Output/ShrinkDecoder.llvm.o
/home/ed/mcsema-testing/llvm-test-suite/RunSafely.sh --show-errors -t "/home/ed/mcsema-testing/SANDBOX/test-2015-12-21_15-36-50/tools/timeit" 500 /dev/null Output/Sort.llvm.o.compile /usr/bin/clang -I/home/ed/mcsema-testing/SANDBOX/test-2015-12-21_15-36-50/MultiSource/Benchmarks/7zip -I/home/ed/mcsema-testing/llvm-test-suite/MultiSource/Benchmarks/7zip -I/home/ed/mcsema-testing/llvm-test-suite/include -I../../../include -D_GNU_SOURCE -D__STDC_LIMIT_MACROS -DNDEBUG -DBREAK_HANDLER -DUNICODE -D_UNICODE -I/home/ed/mcsema-testing/llvm-test-suite/MultiSource/Benchmarks/7zip/C -I/home/ed/mcsema-testing/llvm-test-suite/MultiSource/Benchmarks/7zip/CPP/myWindows -I/home/ed/mcsema-testing/llvm-test-suite/MultiSource/Benchmarks/7zip/CPP/include_windows -I/home/ed/mcsema-testing/llvm-test-suite/MultiSource/Benchmarks/7zip/CPP -I. -D_FILE_OFFSET_BITS=64 -D_LARGEFILE_SOURCE -DNDEBUG -D_REENTRANT -DENV_UNIX -D_7ZIP_LARGE_PAGES -pthread -O3  -c /home/ed/mcsema-testing/llvm-test-suite/MultiSource/Benchmarks/7zip/C/Sort.c -o Output/Sort.llvm.o
/home/ed/mcsema-testing/llvm-test-suite/RunSafely.sh --show-errors -t "/home/ed/mcsema-testing/SANDBOX/test-2015-12-21_15-36-50/tools/timeit" 500 /dev/null Output/SortUtils.llvm.o.compile /usr/bin/clang++ -I/home/ed/mcsema-testing/SANDBOX/test-2015-12-21_15-36-50/MultiSource/Benchmarks/7zip -I/home/ed/mcsema-testing/llvm-test-suite/MultiSource/Benchmarks/7zip -I/home/ed/mcsema-testing/llvm-test-suite/include -I../../../include -D_GNU_SOURCE -D__STDC_LIMIT_MACROS -DNDEBUG -DBREAK_HANDLER -DUNICODE -D_UNICODE -I/home/ed/mcsema-testing/llvm-test-suite/MultiSource/Benchmarks/7zip/C -I/home/ed/mcsema-testing/llvm-test-suite/MultiSource/Benchmarks/7zip/CPP/myWindows -I/home/ed/mcsema-testing/llvm-test-suite/MultiSource/Benchmarks/7zip/CPP/include_windows -I/home/ed/mcsema-testing/llvm-test-suite/MultiSource/Benchmarks/7zip/CPP -I. -D_FILE_OFFSET_BITS=64 -D_LARGEFILE_SOURCE -DNDEBUG -D_REENTRANT -DENV_UNIX -D_7ZIP_LARGE_PAGES -pthread -O3  -c /home/ed/mcsema-testing/llvm-test-suite/MultiSource/Benchmarks/7zip/CPP/7zip/UI/Common/SortUtils.cpp -o Output/SortUtils.llvm.o
/home/ed/mcsema-testing/llvm-test-suite/RunSafely.sh --show-errors -t "/home/ed/mcsema-testing/SANDBOX/test-2015-12-21_15-36-50/tools/timeit" 500 /dev/null Output/SplitHandler.llvm.o.compile /usr/bin/clang++ -I/home/ed/mcsema-testing/SANDBOX/test-2015-12-21_15-36-50/MultiSource/Benchmarks/7zip -I/home/ed/mcsema-testing/llvm-test-suite/MultiSource/Benchmarks/7zip -I/home/ed/mcsema-testing/llvm-test-suite/include -I../../../include -D_GNU_SOURCE -D__STDC_LIMIT_MACROS -DNDEBUG -DBREAK_HANDLER -DUNICODE -D_UNICODE -I/home/ed/mcsema-testing/llvm-test-suite/MultiSource/Benchmarks/7zip/C -I/home/ed/mcsema-testing/llvm-test-suite/MultiSource/Benchmarks/7zip/CPP/myWindows -I/home/ed/mcsema-testing/llvm-test-suite/MultiSource/Benchmarks/7zip/CPP/include_windows -I/home/ed/mcsema-testing/llvm-test-suite/MultiSource/Benchmarks/7zip/CPP -I. -D_FILE_OFFSET_BITS=64 -D_LARGEFILE_SOURCE -DNDEBUG -D_REENTRANT -DENV_UNIX -D_7ZIP_LARGE_PAGES -pthread -O3  -c /home/ed/mcsema-testing/llvm-test-suite/MultiSource/Benchmarks/7zip/CPP/7zip/Archive/SplitHandler.cpp -o Output/SplitHandler.llvm.o
/home/ed/mcsema-testing/llvm-test-suite/RunSafely.sh --show-errors -t "/home/ed/mcsema-testing/SANDBOX/test-2015-12-21_15-36-50/tools/timeit" 500 /dev/null Output/StdInStream.llvm.o.compile /usr/bin/clang++ -I/home/ed/mcsema-testing/SANDBOX/test-2015-12-21_15-36-50/MultiSource/Benchmarks/7zip -I/home/ed/mcsema-testing/llvm-test-suite/MultiSource/Benchmarks/7zip -I/home/ed/mcsema-testing/llvm-test-suite/include -I../../../include -D_GNU_SOURCE -D__STDC_LIMIT_MACROS -DNDEBUG -DBREAK_HANDLER -DUNICODE -D_UNICODE -I/home/ed/mcsema-testing/llvm-test-suite/MultiSource/Benchmarks/7zip/C -I/home/ed/mcsema-testing/llvm-test-suite/MultiSource/Benchmarks/7zip/CPP/myWindows -I/home/ed/mcsema-testing/llvm-test-suite/MultiSource/Benchmarks/7zip/CPP/include_windows -I/home/ed/mcsema-testing/llvm-test-suite/MultiSource/Benchmarks/7zip/CPP -I. -D_FILE_OFFSET_BITS=64 -D_LARGEFILE_SOURCE -DNDEBUG -D_REENTRANT -DENV_UNIX -D_7ZIP_LARGE_PAGES -pthread -O3  -c /home/ed/mcsema-testing/llvm-test-suite/MultiSource/Benchmarks/7zip/CPP/Common/StdInStream.cpp -o Output/StdInStream.llvm.o
/home/ed/mcsema-testing/llvm-test-suite/RunSafely.sh --show-errors -t "/home/ed/mcsema-testing/SANDBOX/test-2015-12-21_15-36-50/tools/timeit" 500 /dev/null Output/StdOutStream.llvm.o.compile /usr/bin/clang++ -I/home/ed/mcsema-testing/SANDBOX/test-2015-12-21_15-36-50/MultiSource/Benchmarks/7zip -I/home/ed/mcsema-testing/llvm-test-suite/MultiSource/Benchmarks/7zip -I/home/ed/mcsema-testing/llvm-test-suite/include -I../../../include -D_GNU_SOURCE -D__STDC_LIMIT_MACROS -DNDEBUG -DBREAK_HANDLER -DUNICODE -D_UNICODE -I/home/ed/mcsema-testing/llvm-test-suite/MultiSource/Benchmarks/7zip/C -I/home/ed/mcsema-testing/llvm-test-suite/MultiSource/Benchmarks/7zip/CPP/myWindows -I/home/ed/mcsema-testing/llvm-test-suite/MultiSource/Benchmarks/7zip/CPP/include_windows -I/home/ed/mcsema-testing/llvm-test-suite/MultiSource/Benchmarks/7zip/CPP -I. -D_FILE_OFFSET_BITS=64 -D_LARGEFILE_SOURCE -DNDEBUG -D_REENTRANT -DENV_UNIX -D_7ZIP_LARGE_PAGES -pthread -O3  -c /home/ed/mcsema-testing/llvm-test-suite/MultiSource/Benchmarks/7zip/CPP/Common/StdOutStream.cpp -o Output/StdOutStream.llvm.o
/home/ed/mcsema-testing/llvm-test-suite/RunSafely.sh --show-errors -t "/home/ed/mcsema-testing/SANDBOX/test-2015-12-21_15-36-50/tools/timeit" 500 /dev/null Output/StreamBinder.llvm.o.compile /usr/bin/clang++ -I/home/ed/mcsema-testing/SANDBOX/test-2015-12-21_15-36-50/MultiSource/Benchmarks/7zip -I/home/ed/mcsema-testing/llvm-test-suite/MultiSource/Benchmarks/7zip -I/home/ed/mcsema-testing/llvm-test-suite/include -I../../../include -D_GNU_SOURCE -D__STDC_LIMIT_MACROS -DNDEBUG -DBREAK_HANDLER -DUNICODE -D_UNICODE -I/home/ed/mcsema-testing/llvm-test-suite/MultiSource/Benchmarks/7zip/C -I/home/ed/mcsema-testing/llvm-test-suite/MultiSource/Benchmarks/7zip/CPP/myWindows -I/home/ed/mcsema-testing/llvm-test-suite/MultiSource/Benchmarks/7zip/CPP/include_windows -I/home/ed/mcsema-testing/llvm-test-suite/MultiSource/Benchmarks/7zip/CPP -I. -D_FILE_OFFSET_BITS=64 -D_LARGEFILE_SOURCE -DNDEBUG -D_REENTRANT -DENV_UNIX -D_7ZIP_LARGE_PAGES -pthread -O3  -c /home/ed/mcsema-testing/llvm-test-suite/MultiSource/Benchmarks/7zip/CPP/7zip/Common/StreamBinder.cpp -o Output/StreamBinder.llvm.o
/home/ed/mcsema-testing/llvm-test-suite/RunSafely.sh --show-errors -t "/home/ed/mcsema-testing/SANDBOX/test-2015-12-21_15-36-50/tools/timeit" 500 /dev/null Output/StreamObjects.llvm.o.compile /usr/bin/clang++ -I/home/ed/mcsema-testing/SANDBOX/test-2015-12-21_15-36-50/MultiSource/Benchmarks/7zip -I/home/ed/mcsema-testing/llvm-test-suite/MultiSource/Benchmarks/7zip -I/home/ed/mcsema-testing/llvm-test-suite/include -I../../../include -D_GNU_SOURCE -D__STDC_LIMIT_MACROS -DNDEBUG -DBREAK_HANDLER -DUNICODE -D_UNICODE -I/home/ed/mcsema-testing/llvm-test-suite/MultiSource/Benchmarks/7zip/C -I/home/ed/mcsema-testing/llvm-test-suite/MultiSource/Benchmarks/7zip/CPP/myWindows -I/home/ed/mcsema-testing/llvm-test-suite/MultiSource/Benchmarks/7zip/CPP/include_windows -I/home/ed/mcsema-testing/llvm-test-suite/MultiSource/Benchmarks/7zip/CPP -I. -D_FILE_OFFSET_BITS=64 -D_LARGEFILE_SOURCE -DNDEBUG -D_REENTRANT -DENV_UNIX -D_7ZIP_LARGE_PAGES -pthread -O3  -c /home/ed/mcsema-testing/llvm-test-suite/MultiSource/Benchmarks/7zip/CPP/7zip/Common/StreamObjects.cpp -o Output/StreamObjects.llvm.o
/home/ed/mcsema-testing/llvm-test-suite/RunSafely.sh --show-errors -t "/home/ed/mcsema-testing/SANDBOX/test-2015-12-21_15-36-50/tools/timeit" 500 /dev/null Output/StreamUtils.llvm.o.compile /usr/bin/clang++ -I/home/ed/mcsema-testing/SANDBOX/test-2015-12-21_15-36-50/MultiSource/Benchmarks/7zip -I/home/ed/mcsema-testing/llvm-test-suite/MultiSource/Benchmarks/7zip -I/home/ed/mcsema-testing/llvm-test-suite/include -I../../../include -D_GNU_SOURCE -D__STDC_LIMIT_MACROS -DNDEBUG -DBREAK_HANDLER -DUNICODE -D_UNICODE -I/home/ed/mcsema-testing/llvm-test-suite/MultiSource/Benchmarks/7zip/C -I/home/ed/mcsema-testing/llvm-test-suite/MultiSource/Benchmarks/7zip/CPP/myWindows -I/home/ed/mcsema-testing/llvm-test-suite/MultiSource/Benchmarks/7zip/CPP/include_windows -I/home/ed/mcsema-testing/llvm-test-suite/MultiSource/Benchmarks/7zip/CPP -I. -D_FILE_OFFSET_BITS=64 -D_LARGEFILE_SOURCE -DNDEBUG -D_REENTRANT -DENV_UNIX -D_7ZIP_LARGE_PAGES -pthread -O3  -c /home/ed/mcsema-testing/llvm-test-suite/MultiSource/Benchmarks/7zip/CPP/7zip/Common/StreamUtils.cpp -o Output/StreamUtils.llvm.o
/home/ed/mcsema-testing/llvm-test-suite/RunSafely.sh --show-errors -t "/home/ed/mcsema-testing/SANDBOX/test-2015-12-21_15-36-50/tools/timeit" 500 /dev/null Output/StringConvert.llvm.o.compile /usr/bin/clang++ -I/home/ed/mcsema-testing/SANDBOX/test-2015-12-21_15-36-50/MultiSource/Benchmarks/7zip -I/home/ed/mcsema-testing/llvm-test-suite/MultiSource/Benchmarks/7zip -I/home/ed/mcsema-testing/llvm-test-suite/include -I../../../include -D_GNU_SOURCE -D__STDC_LIMIT_MACROS -DNDEBUG -DBREAK_HANDLER -DUNICODE -D_UNICODE -I/home/ed/mcsema-testing/llvm-test-suite/MultiSource/Benchmarks/7zip/C -I/home/ed/mcsema-testing/llvm-test-suite/MultiSource/Benchmarks/7zip/CPP/myWindows -I/home/ed/mcsema-testing/llvm-test-suite/MultiSource/Benchmarks/7zip/CPP/include_windows -I/home/ed/mcsema-testing/llvm-test-suite/MultiSource/Benchmarks/7zip/CPP -I. -D_FILE_OFFSET_BITS=64 -D_LARGEFILE_SOURCE -DNDEBUG -D_REENTRANT -DENV_UNIX -D_7ZIP_LARGE_PAGES -pthread -O3  -c /home/ed/mcsema-testing/llvm-test-suite/MultiSource/Benchmarks/7zip/CPP/Common/StringConvert.cpp -o Output/StringConvert.llvm.o
/home/ed/mcsema-testing/llvm-test-suite/RunSafely.sh --show-errors -t "/home/ed/mcsema-testing/SANDBOX/test-2015-12-21_15-36-50/tools/timeit" 500 /dev/null Output/StringToInt.llvm.o.compile /usr/bin/clang++ -I/home/ed/mcsema-testing/SANDBOX/test-2015-12-21_15-36-50/MultiSource/Benchmarks/7zip -I/home/ed/mcsema-testing/llvm-test-suite/MultiSource/Benchmarks/7zip -I/home/ed/mcsema-testing/llvm-test-suite/include -I../../../include -D_GNU_SOURCE -D__STDC_LIMIT_MACROS -DNDEBUG -DBREAK_HANDLER -DUNICODE -D_UNICODE -I/home/ed/mcsema-testing/llvm-test-suite/MultiSource/Benchmarks/7zip/C -I/home/ed/mcsema-testing/llvm-test-suite/MultiSource/Benchmarks/7zip/CPP/myWindows -I/home/ed/mcsema-testing/llvm-test-suite/MultiSource/Benchmarks/7zip/CPP/include_windows -I/home/ed/mcsema-testing/llvm-test-suite/MultiSource/Benchmarks/7zip/CPP -I. -D_FILE_OFFSET_BITS=64 -D_LARGEFILE_SOURCE -DNDEBUG -D_REENTRANT -DENV_UNIX -D_7ZIP_LARGE_PAGES -pthread -O3  -c /home/ed/mcsema-testing/llvm-test-suite/MultiSource/Benchmarks/7zip/CPP/Common/StringToInt.cpp -o Output/StringToInt.llvm.o
/home/ed/mcsema-testing/llvm-test-suite/RunSafely.sh --show-errors -t "/home/ed/mcsema-testing/SANDBOX/test-2015-12-21_15-36-50/tools/timeit" 500 /dev/null Output/Synchronization.llvm.o.compile /usr/bin/clang++ -I/home/ed/mcsema-testing/SANDBOX/test-2015-12-21_15-36-50/MultiSource/Benchmarks/7zip -I/home/ed/mcsema-testing/llvm-test-suite/MultiSource/Benchmarks/7zip -I/home/ed/mcsema-testing/llvm-test-suite/include -I../../../include -D_GNU_SOURCE -D__STDC_LIMIT_MACROS -DNDEBUG -DBREAK_HANDLER -DUNICODE -D_UNICODE -I/home/ed/mcsema-testing/llvm-test-suite/MultiSource/Benchmarks/7zip/C -I/home/ed/mcsema-testing/llvm-test-suite/MultiSource/Benchmarks/7zip/CPP/myWindows -I/home/ed/mcsema-testing/llvm-test-suite/MultiSource/Benchmarks/7zip/CPP/include_windows -I/home/ed/mcsema-testing/llvm-test-suite/MultiSource/Benchmarks/7zip/CPP -I. -D_FILE_OFFSET_BITS=64 -D_LARGEFILE_SOURCE -DNDEBUG -D_REENTRANT -DENV_UNIX -D_7ZIP_LARGE_PAGES -pthread -O3  -c /home/ed/mcsema-testing/llvm-test-suite/MultiSource/Benchmarks/7zip/CPP/Windows/Synchronization.cpp -o Output/Synchronization.llvm.o
/home/ed/mcsema-testing/llvm-test-suite/RunSafely.sh --show-errors -t "/home/ed/mcsema-testing/SANDBOX/test-2015-12-21_15-36-50/tools/timeit" 500 /dev/null Output/System.llvm.o.compile /usr/bin/clang++ -I/home/ed/mcsema-testing/SANDBOX/test-2015-12-21_15-36-50/MultiSource/Benchmarks/7zip -I/home/ed/mcsema-testing/llvm-test-suite/MultiSource/Benchmarks/7zip -I/home/ed/mcsema-testing/llvm-test-suite/include -I../../../include -D_GNU_SOURCE -D__STDC_LIMIT_MACROS -DNDEBUG -DBREAK_HANDLER -DUNICODE -D_UNICODE -I/home/ed/mcsema-testing/llvm-test-suite/MultiSource/Benchmarks/7zip/C -I/home/ed/mcsema-testing/llvm-test-suite/MultiSource/Benchmarks/7zip/CPP/myWindows -I/home/ed/mcsema-testing/llvm-test-suite/MultiSource/Benchmarks/7zip/CPP/include_windows -I/home/ed/mcsema-testing/llvm-test-suite/MultiSource/Benchmarks/7zip/CPP -I. -D_FILE_OFFSET_BITS=64 -D_LARGEFILE_SOURCE -DNDEBUG -D_REENTRANT -DENV_UNIX -D_7ZIP_LARGE_PAGES -pthread -O3  -c /home/ed/mcsema-testing/llvm-test-suite/MultiSource/Benchmarks/7zip/CPP/Windows/System.cpp -o Output/System.llvm.o
/home/ed/mcsema-testing/llvm-test-suite/RunSafely.sh --show-errors -t "/home/ed/mcsema-testing/SANDBOX/test-2015-12-21_15-36-50/tools/timeit" 500 /dev/null Output/TarHandler.llvm.o.compile /usr/bin/clang++ -I/home/ed/mcsema-testing/SANDBOX/test-2015-12-21_15-36-50/MultiSource/Benchmarks/7zip -I/home/ed/mcsema-testing/llvm-test-suite/MultiSource/Benchmarks/7zip -I/home/ed/mcsema-testing/llvm-test-suite/include -I../../../include -D_GNU_SOURCE -D__STDC_LIMIT_MACROS -DNDEBUG -DBREAK_HANDLER -DUNICODE -D_UNICODE -I/home/ed/mcsema-testing/llvm-test-suite/MultiSource/Benchmarks/7zip/C -I/home/ed/mcsema-testing/llvm-test-suite/MultiSource/Benchmarks/7zip/CPP/myWindows -I/home/ed/mcsema-testing/llvm-test-suite/MultiSource/Benchmarks/7zip/CPP/include_windows -I/home/ed/mcsema-testing/llvm-test-suite/MultiSource/Benchmarks/7zip/CPP -I. -D_FILE_OFFSET_BITS=64 -D_LARGEFILE_SOURCE -DNDEBUG -D_REENTRANT -DENV_UNIX -D_7ZIP_LARGE_PAGES -pthread -O3  -c /home/ed/mcsema-testing/llvm-test-suite/MultiSource/Benchmarks/7zip/CPP/7zip/Archive/Tar/TarHandler.cpp -o Output/TarHandler.llvm.o
/home/ed/mcsema-testing/llvm-test-suite/RunSafely.sh --show-errors -t "/home/ed/mcsema-testing/SANDBOX/test-2015-12-21_15-36-50/tools/timeit" 500 /dev/null Output/TarHandlerOut.llvm.o.compile /usr/bin/clang++ -I/home/ed/mcsema-testing/SANDBOX/test-2015-12-21_15-36-50/MultiSource/Benchmarks/7zip -I/home/ed/mcsema-testing/llvm-test-suite/MultiSource/Benchmarks/7zip -I/home/ed/mcsema-testing/llvm-test-suite/include -I../../../include -D_GNU_SOURCE -D__STDC_LIMIT_MACROS -DNDEBUG -DBREAK_HANDLER -DUNICODE -D_UNICODE -I/home/ed/mcsema-testing/llvm-test-suite/MultiSource/Benchmarks/7zip/C -I/home/ed/mcsema-testing/llvm-test-suite/MultiSource/Benchmarks/7zip/CPP/myWindows -I/home/ed/mcsema-testing/llvm-test-suite/MultiSource/Benchmarks/7zip/CPP/include_windows -I/home/ed/mcsema-testing/llvm-test-suite/MultiSource/Benchmarks/7zip/CPP -I. -D_FILE_OFFSET_BITS=64 -D_LARGEFILE_SOURCE -DNDEBUG -D_REENTRANT -DENV_UNIX -D_7ZIP_LARGE_PAGES -pthread -O3  -c /home/ed/mcsema-testing/llvm-test-suite/MultiSource/Benchmarks/7zip/CPP/7zip/Archive/Tar/TarHandlerOut.cpp -o Output/TarHandlerOut.llvm.o
/home/ed/mcsema-testing/llvm-test-suite/RunSafely.sh --show-errors -t "/home/ed/mcsema-testing/SANDBOX/test-2015-12-21_15-36-50/tools/timeit" 500 /dev/null Output/TarHeader.llvm.o.compile /usr/bin/clang++ -I/home/ed/mcsema-testing/SANDBOX/test-2015-12-21_15-36-50/MultiSource/Benchmarks/7zip -I/home/ed/mcsema-testing/llvm-test-suite/MultiSource/Benchmarks/7zip -I/home/ed/mcsema-testing/llvm-test-suite/include -I../../../include -D_GNU_SOURCE -D__STDC_LIMIT_MACROS -DNDEBUG -DBREAK_HANDLER -DUNICODE -D_UNICODE -I/home/ed/mcsema-testing/llvm-test-suite/MultiSource/Benchmarks/7zip/C -I/home/ed/mcsema-testing/llvm-test-suite/MultiSource/Benchmarks/7zip/CPP/myWindows -I/home/ed/mcsema-testing/llvm-test-suite/MultiSource/Benchmarks/7zip/CPP/include_windows -I/home/ed/mcsema-testing/llvm-test-suite/MultiSource/Benchmarks/7zip/CPP -I. -D_FILE_OFFSET_BITS=64 -D_LARGEFILE_SOURCE -DNDEBUG -D_REENTRANT -DENV_UNIX -D_7ZIP_LARGE_PAGES -pthread -O3  -c /home/ed/mcsema-testing/llvm-test-suite/MultiSource/Benchmarks/7zip/CPP/7zip/Archive/Tar/TarHeader.cpp -o Output/TarHeader.llvm.o
/home/ed/mcsema-testing/llvm-test-suite/RunSafely.sh --show-errors -t "/home/ed/mcsema-testing/SANDBOX/test-2015-12-21_15-36-50/tools/timeit" 500 /dev/null Output/TarIn.llvm.o.compile /usr/bin/clang++ -I/home/ed/mcsema-testing/SANDBOX/test-2015-12-21_15-36-50/MultiSource/Benchmarks/7zip -I/home/ed/mcsema-testing/llvm-test-suite/MultiSource/Benchmarks/7zip -I/home/ed/mcsema-testing/llvm-test-suite/include -I../../../include -D_GNU_SOURCE -D__STDC_LIMIT_MACROS -DNDEBUG -DBREAK_HANDLER -DUNICODE -D_UNICODE -I/home/ed/mcsema-testing/llvm-test-suite/MultiSource/Benchmarks/7zip/C -I/home/ed/mcsema-testing/llvm-test-suite/MultiSource/Benchmarks/7zip/CPP/myWindows -I/home/ed/mcsema-testing/llvm-test-suite/MultiSource/Benchmarks/7zip/CPP/include_windows -I/home/ed/mcsema-testing/llvm-test-suite/MultiSource/Benchmarks/7zip/CPP -I. -D_FILE_OFFSET_BITS=64 -D_LARGEFILE_SOURCE -DNDEBUG -D_REENTRANT -DENV_UNIX -D_7ZIP_LARGE_PAGES -pthread -O3  -c /home/ed/mcsema-testing/llvm-test-suite/MultiSource/Benchmarks/7zip/CPP/7zip/Archive/Tar/TarIn.cpp -o Output/TarIn.llvm.o
/home/ed/mcsema-testing/llvm-test-suite/RunSafely.sh --show-errors -t "/home/ed/mcsema-testing/SANDBOX/test-2015-12-21_15-36-50/tools/timeit" 500 /dev/null Output/TarOut.llvm.o.compile /usr/bin/clang++ -I/home/ed/mcsema-testing/SANDBOX/test-2015-12-21_15-36-50/MultiSource/Benchmarks/7zip -I/home/ed/mcsema-testing/llvm-test-suite/MultiSource/Benchmarks/7zip -I/home/ed/mcsema-testing/llvm-test-suite/include -I../../../include -D_GNU_SOURCE -D__STDC_LIMIT_MACROS -DNDEBUG -DBREAK_HANDLER -DUNICODE -D_UNICODE -I/home/ed/mcsema-testing/llvm-test-suite/MultiSource/Benchmarks/7zip/C -I/home/ed/mcsema-testing/llvm-test-suite/MultiSource/Benchmarks/7zip/CPP/myWindows -I/home/ed/mcsema-testing/llvm-test-suite/MultiSource/Benchmarks/7zip/CPP/include_windows -I/home/ed/mcsema-testing/llvm-test-suite/MultiSource/Benchmarks/7zip/CPP -I. -D_FILE_OFFSET_BITS=64 -D_LARGEFILE_SOURCE -DNDEBUG -D_REENTRANT -DENV_UNIX -D_7ZIP_LARGE_PAGES -pthread -O3  -c /home/ed/mcsema-testing/llvm-test-suite/MultiSource/Benchmarks/7zip/CPP/7zip/Archive/Tar/TarOut.cpp -o Output/TarOut.llvm.o
/home/ed/mcsema-testing/llvm-test-suite/RunSafely.sh --show-errors -t "/home/ed/mcsema-testing/SANDBOX/test-2015-12-21_15-36-50/tools/timeit" 500 /dev/null Output/TarRegister.llvm.o.compile /usr/bin/clang++ -I/home/ed/mcsema-testing/SANDBOX/test-2015-12-21_15-36-50/MultiSource/Benchmarks/7zip -I/home/ed/mcsema-testing/llvm-test-suite/MultiSource/Benchmarks/7zip -I/home/ed/mcsema-testing/llvm-test-suite/include -I../../../include -D_GNU_SOURCE -D__STDC_LIMIT_MACROS -DNDEBUG -DBREAK_HANDLER -DUNICODE -D_UNICODE -I/home/ed/mcsema-testing/llvm-test-suite/MultiSource/Benchmarks/7zip/C -I/home/ed/mcsema-testing/llvm-test-suite/MultiSource/Benchmarks/7zip/CPP/myWindows -I/home/ed/mcsema-testing/llvm-test-suite/MultiSource/Benchmarks/7zip/CPP/include_windows -I/home/ed/mcsema-testing/llvm-test-suite/MultiSource/Benchmarks/7zip/CPP -I. -D_FILE_OFFSET_BITS=64 -D_LARGEFILE_SOURCE -DNDEBUG -D_REENTRANT -DENV_UNIX -D_7ZIP_LARGE_PAGES -pthread -O3  -c /home/ed/mcsema-testing/llvm-test-suite/MultiSource/Benchmarks/7zip/CPP/7zip/Archive/Tar/TarRegister.cpp -o Output/TarRegister.llvm.o
/home/ed/mcsema-testing/llvm-test-suite/RunSafely.sh --show-errors -t "/home/ed/mcsema-testing/SANDBOX/test-2015-12-21_15-36-50/tools/timeit" 500 /dev/null Output/TarUpdate.llvm.o.compile /usr/bin/clang++ -I/home/ed/mcsema-testing/SANDBOX/test-2015-12-21_15-36-50/MultiSource/Benchmarks/7zip -I/home/ed/mcsema-testing/llvm-test-suite/MultiSource/Benchmarks/7zip -I/home/ed/mcsema-testing/llvm-test-suite/include -I../../../include -D_GNU_SOURCE -D__STDC_LIMIT_MACROS -DNDEBUG -DBREAK_HANDLER -DUNICODE -D_UNICODE -I/home/ed/mcsema-testing/llvm-test-suite/MultiSource/Benchmarks/7zip/C -I/home/ed/mcsema-testing/llvm-test-suite/MultiSource/Benchmarks/7zip/CPP/myWindows -I/home/ed/mcsema-testing/llvm-test-suite/MultiSource/Benchmarks/7zip/CPP/include_windows -I/home/ed/mcsema-testing/llvm-test-suite/MultiSource/Benchmarks/7zip/CPP -I. -D_FILE_OFFSET_BITS=64 -D_LARGEFILE_SOURCE -DNDEBUG -D_REENTRANT -DENV_UNIX -D_7ZIP_LARGE_PAGES -pthread -O3  -c /home/ed/mcsema-testing/llvm-test-suite/MultiSource/Benchmarks/7zip/CPP/7zip/Archive/Tar/TarUpdate.cpp -o Output/TarUpdate.llvm.o
/home/ed/mcsema-testing/llvm-test-suite/RunSafely.sh --show-errors -t "/home/ed/mcsema-testing/SANDBOX/test-2015-12-21_15-36-50/tools/timeit" 500 /dev/null Output/TempFiles.llvm.o.compile /usr/bin/clang++ -I/home/ed/mcsema-testing/SANDBOX/test-2015-12-21_15-36-50/MultiSource/Benchmarks/7zip -I/home/ed/mcsema-testing/llvm-test-suite/MultiSource/Benchmarks/7zip -I/home/ed/mcsema-testing/llvm-test-suite/include -I../../../include -D_GNU_SOURCE -D__STDC_LIMIT_MACROS -DNDEBUG -DBREAK_HANDLER -DUNICODE -D_UNICODE -I/home/ed/mcsema-testing/llvm-test-suite/MultiSource/Benchmarks/7zip/C -I/home/ed/mcsema-testing/llvm-test-suite/MultiSource/Benchmarks/7zip/CPP/myWindows -I/home/ed/mcsema-testing/llvm-test-suite/MultiSource/Benchmarks/7zip/CPP/include_windows -I/home/ed/mcsema-testing/llvm-test-suite/MultiSource/Benchmarks/7zip/CPP -I. -D_FILE_OFFSET_BITS=64 -D_LARGEFILE_SOURCE -DNDEBUG -D_REENTRANT -DENV_UNIX -D_7ZIP_LARGE_PAGES -pthread -O3  -c /home/ed/mcsema-testing/llvm-test-suite/MultiSource/Benchmarks/7zip/CPP/7zip/UI/Common/TempFiles.cpp -o Output/TempFiles.llvm.o
/home/ed/mcsema-testing/llvm-test-suite/RunSafely.sh --show-errors -t "/home/ed/mcsema-testing/SANDBOX/test-2015-12-21_15-36-50/tools/timeit" 500 /dev/null Output/Threads.llvm.o.compile /usr/bin/clang -I/home/ed/mcsema-testing/SANDBOX/test-2015-12-21_15-36-50/MultiSource/Benchmarks/7zip -I/home/ed/mcsema-testing/llvm-test-suite/MultiSource/Benchmarks/7zip -I/home/ed/mcsema-testing/llvm-test-suite/include -I../../../include -D_GNU_SOURCE -D__STDC_LIMIT_MACROS -DNDEBUG -DBREAK_HANDLER -DUNICODE -D_UNICODE -I/home/ed/mcsema-testing/llvm-test-suite/MultiSource/Benchmarks/7zip/C -I/home/ed/mcsema-testing/llvm-test-suite/MultiSource/Benchmarks/7zip/CPP/myWindows -I/home/ed/mcsema-testing/llvm-test-suite/MultiSource/Benchmarks/7zip/CPP/include_windows -I/home/ed/mcsema-testing/llvm-test-suite/MultiSource/Benchmarks/7zip/CPP -I. -D_FILE_OFFSET_BITS=64 -D_LARGEFILE_SOURCE -DNDEBUG -D_REENTRANT -DENV_UNIX -D_7ZIP_LARGE_PAGES -pthread -O3  -c /home/ed/mcsema-testing/llvm-test-suite/MultiSource/Benchmarks/7zip/C/Threads.c -o Output/Threads.llvm.o
/home/ed/mcsema-testing/llvm-test-suite/RunSafely.sh --show-errors -t "/home/ed/mcsema-testing/SANDBOX/test-2015-12-21_15-36-50/tools/timeit" 500 /dev/null Output/Time.llvm.o.compile /usr/bin/clang++ -I/home/ed/mcsema-testing/SANDBOX/test-2015-12-21_15-36-50/MultiSource/Benchmarks/7zip -I/home/ed/mcsema-testing/llvm-test-suite/MultiSource/Benchmarks/7zip -I/home/ed/mcsema-testing/llvm-test-suite/include -I../../../include -D_GNU_SOURCE -D__STDC_LIMIT_MACROS -DNDEBUG -DBREAK_HANDLER -DUNICODE -D_UNICODE -I/home/ed/mcsema-testing/llvm-test-suite/MultiSource/Benchmarks/7zip/C -I/home/ed/mcsema-testing/llvm-test-suite/MultiSource/Benchmarks/7zip/CPP/myWindows -I/home/ed/mcsema-testing/llvm-test-suite/MultiSource/Benchmarks/7zip/CPP/include_windows -I/home/ed/mcsema-testing/llvm-test-suite/MultiSource/Benchmarks/7zip/CPP -I. -D_FILE_OFFSET_BITS=64 -D_LARGEFILE_SOURCE -DNDEBUG -D_REENTRANT -DENV_UNIX -D_7ZIP_LARGE_PAGES -pthread -O3  -c /home/ed/mcsema-testing/llvm-test-suite/MultiSource/Benchmarks/7zip/CPP/Windows/Time.cpp -o Output/Time.llvm.o
/home/ed/mcsema-testing/llvm-test-suite/RunSafely.sh --show-errors -t "/home/ed/mcsema-testing/SANDBOX/test-2015-12-21_15-36-50/tools/timeit" 500 /dev/null Output/UTFConvert.llvm.o.compile /usr/bin/clang++ -I/home/ed/mcsema-testing/SANDBOX/test-2015-12-21_15-36-50/MultiSource/Benchmarks/7zip -I/home/ed/mcsema-testing/llvm-test-suite/MultiSource/Benchmarks/7zip -I/home/ed/mcsema-testing/llvm-test-suite/include -I../../../include -D_GNU_SOURCE -D__STDC_LIMIT_MACROS -DNDEBUG -DBREAK_HANDLER -DUNICODE -D_UNICODE -I/home/ed/mcsema-testing/llvm-test-suite/MultiSource/Benchmarks/7zip/C -I/home/ed/mcsema-testing/llvm-test-suite/MultiSource/Benchmarks/7zip/CPP/myWindows -I/home/ed/mcsema-testing/llvm-test-suite/MultiSource/Benchmarks/7zip/CPP/include_windows -I/home/ed/mcsema-testing/llvm-test-suite/MultiSource/Benchmarks/7zip/CPP -I. -D_FILE_OFFSET_BITS=64 -D_LARGEFILE_SOURCE -DNDEBUG -D_REENTRANT -DENV_UNIX -D_7ZIP_LARGE_PAGES -pthread -O3  -c /home/ed/mcsema-testing/llvm-test-suite/MultiSource/Benchmarks/7zip/CPP/Common/UTFConvert.cpp -o Output/UTFConvert.llvm.o
/home/ed/mcsema-testing/llvm-test-suite/RunSafely.sh --show-errors -t "/home/ed/mcsema-testing/SANDBOX/test-2015-12-21_15-36-50/tools/timeit" 500 /dev/null Output/Update.llvm.o.compile /usr/bin/clang++ -I/home/ed/mcsema-testing/SANDBOX/test-2015-12-21_15-36-50/MultiSource/Benchmarks/7zip -I/home/ed/mcsema-testing/llvm-test-suite/MultiSource/Benchmarks/7zip -I/home/ed/mcsema-testing/llvm-test-suite/include -I../../../include -D_GNU_SOURCE -D__STDC_LIMIT_MACROS -DNDEBUG -DBREAK_HANDLER -DUNICODE -D_UNICODE -I/home/ed/mcsema-testing/llvm-test-suite/MultiSource/Benchmarks/7zip/C -I/home/ed/mcsema-testing/llvm-test-suite/MultiSource/Benchmarks/7zip/CPP/myWindows -I/home/ed/mcsema-testing/llvm-test-suite/MultiSource/Benchmarks/7zip/CPP/include_windows -I/home/ed/mcsema-testing/llvm-test-suite/MultiSource/Benchmarks/7zip/CPP -I. -D_FILE_OFFSET_BITS=64 -D_LARGEFILE_SOURCE -DNDEBUG -D_REENTRANT -DENV_UNIX -D_7ZIP_LARGE_PAGES -pthread -O3  -c /home/ed/mcsema-testing/llvm-test-suite/MultiSource/Benchmarks/7zip/CPP/7zip/UI/Common/Update.cpp -o Output/Update.llvm.o
/home/ed/mcsema-testing/llvm-test-suite/RunSafely.sh --show-errors -t "/home/ed/mcsema-testing/SANDBOX/test-2015-12-21_15-36-50/tools/timeit" 500 /dev/null Output/UpdateAction.llvm.o.compile /usr/bin/clang++ -I/home/ed/mcsema-testing/SANDBOX/test-2015-12-21_15-36-50/MultiSource/Benchmarks/7zip -I/home/ed/mcsema-testing/llvm-test-suite/MultiSource/Benchmarks/7zip -I/home/ed/mcsema-testing/llvm-test-suite/include -I../../../include -D_GNU_SOURCE -D__STDC_LIMIT_MACROS -DNDEBUG -DBREAK_HANDLER -DUNICODE -D_UNICODE -I/home/ed/mcsema-testing/llvm-test-suite/MultiSource/Benchmarks/7zip/C -I/home/ed/mcsema-testing/llvm-test-suite/MultiSource/Benchmarks/7zip/CPP/myWindows -I/home/ed/mcsema-testing/llvm-test-suite/MultiSource/Benchmarks/7zip/CPP/include_windows -I/home/ed/mcsema-testing/llvm-test-suite/MultiSource/Benchmarks/7zip/CPP -I. -D_FILE_OFFSET_BITS=64 -D_LARGEFILE_SOURCE -DNDEBUG -D_REENTRANT -DENV_UNIX -D_7ZIP_LARGE_PAGES -pthread -O3  -c /home/ed/mcsema-testing/llvm-test-suite/MultiSource/Benchmarks/7zip/CPP/7zip/UI/Common/UpdateAction.cpp -o Output/UpdateAction.llvm.o
/home/ed/mcsema-testing/llvm-test-suite/RunSafely.sh --show-errors -t "/home/ed/mcsema-testing/SANDBOX/test-2015-12-21_15-36-50/tools/timeit" 500 /dev/null Output/UpdateCallback.llvm.o.compile /usr/bin/clang++ -I/home/ed/mcsema-testing/SANDBOX/test-2015-12-21_15-36-50/MultiSource/Benchmarks/7zip -I/home/ed/mcsema-testing/llvm-test-suite/MultiSource/Benchmarks/7zip -I/home/ed/mcsema-testing/llvm-test-suite/include -I../../../include -D_GNU_SOURCE -D__STDC_LIMIT_MACROS -DNDEBUG -DBREAK_HANDLER -DUNICODE -D_UNICODE -I/home/ed/mcsema-testing/llvm-test-suite/MultiSource/Benchmarks/7zip/C -I/home/ed/mcsema-testing/llvm-test-suite/MultiSource/Benchmarks/7zip/CPP/myWindows -I/home/ed/mcsema-testing/llvm-test-suite/MultiSource/Benchmarks/7zip/CPP/include_windows -I/home/ed/mcsema-testing/llvm-test-suite/MultiSource/Benchmarks/7zip/CPP -I. -D_FILE_OFFSET_BITS=64 -D_LARGEFILE_SOURCE -DNDEBUG -D_REENTRANT -DENV_UNIX -D_7ZIP_LARGE_PAGES -pthread -O3  -c /home/ed/mcsema-testing/llvm-test-suite/MultiSource/Benchmarks/7zip/CPP/7zip/UI/Common/UpdateCallback.cpp -o Output/UpdateCallback.llvm.o
/home/ed/mcsema-testing/llvm-test-suite/RunSafely.sh --show-errors -t "/home/ed/mcsema-testing/SANDBOX/test-2015-12-21_15-36-50/tools/timeit" 500 /dev/null Output/UpdateCallbackConsole.llvm.o.compile /usr/bin/clang++ -I/home/ed/mcsema-testing/SANDBOX/test-2015-12-21_15-36-50/MultiSource/Benchmarks/7zip -I/home/ed/mcsema-testing/llvm-test-suite/MultiSource/Benchmarks/7zip -I/home/ed/mcsema-testing/llvm-test-suite/include -I../../../include -D_GNU_SOURCE -D__STDC_LIMIT_MACROS -DNDEBUG -DBREAK_HANDLER -DUNICODE -D_UNICODE -I/home/ed/mcsema-testing/llvm-test-suite/MultiSource/Benchmarks/7zip/C -I/home/ed/mcsema-testing/llvm-test-suite/MultiSource/Benchmarks/7zip/CPP/myWindows -I/home/ed/mcsema-testing/llvm-test-suite/MultiSource/Benchmarks/7zip/CPP/include_windows -I/home/ed/mcsema-testing/llvm-test-suite/MultiSource/Benchmarks/7zip/CPP -I. -D_FILE_OFFSET_BITS=64 -D_LARGEFILE_SOURCE -DNDEBUG -D_REENTRANT -DENV_UNIX -D_7ZIP_LARGE_PAGES -pthread -O3  -c /home/ed/mcsema-testing/llvm-test-suite/MultiSource/Benchmarks/7zip/CPP/7zip/UI/Console/UpdateCallbackConsole.cpp -o Output/UpdateCallbackConsole.llvm.o
/home/ed/mcsema-testing/llvm-test-suite/RunSafely.sh --show-errors -t "/home/ed/mcsema-testing/SANDBOX/test-2015-12-21_15-36-50/tools/timeit" 500 /dev/null Output/UpdatePair.llvm.o.compile /usr/bin/clang++ -I/home/ed/mcsema-testing/SANDBOX/test-2015-12-21_15-36-50/MultiSource/Benchmarks/7zip -I/home/ed/mcsema-testing/llvm-test-suite/MultiSource/Benchmarks/7zip -I/home/ed/mcsema-testing/llvm-test-suite/include -I../../../include -D_GNU_SOURCE -D__STDC_LIMIT_MACROS -DNDEBUG -DBREAK_HANDLER -DUNICODE -D_UNICODE -I/home/ed/mcsema-testing/llvm-test-suite/MultiSource/Benchmarks/7zip/C -I/home/ed/mcsema-testing/llvm-test-suite/MultiSource/Benchmarks/7zip/CPP/myWindows -I/home/ed/mcsema-testing/llvm-test-suite/MultiSource/Benchmarks/7zip/CPP/include_windows -I/home/ed/mcsema-testing/llvm-test-suite/MultiSource/Benchmarks/7zip/CPP -I. -D_FILE_OFFSET_BITS=64 -D_LARGEFILE_SOURCE -DNDEBUG -D_REENTRANT -DENV_UNIX -D_7ZIP_LARGE_PAGES -pthread -O3  -c /home/ed/mcsema-testing/llvm-test-suite/MultiSource/Benchmarks/7zip/CPP/7zip/UI/Common/UpdatePair.cpp -o Output/UpdatePair.llvm.o
/home/ed/mcsema-testing/llvm-test-suite/RunSafely.sh --show-errors -t "/home/ed/mcsema-testing/SANDBOX/test-2015-12-21_15-36-50/tools/timeit" 500 /dev/null Output/UpdateProduce.llvm.o.compile /usr/bin/clang++ -I/home/ed/mcsema-testing/SANDBOX/test-2015-12-21_15-36-50/MultiSource/Benchmarks/7zip -I/home/ed/mcsema-testing/llvm-test-suite/MultiSource/Benchmarks/7zip -I/home/ed/mcsema-testing/llvm-test-suite/include -I../../../include -D_GNU_SOURCE -D__STDC_LIMIT_MACROS -DNDEBUG -DBREAK_HANDLER -DUNICODE -D_UNICODE -I/home/ed/mcsema-testing/llvm-test-suite/MultiSource/Benchmarks/7zip/C -I/home/ed/mcsema-testing/llvm-test-suite/MultiSource/Benchmarks/7zip/CPP/myWindows -I/home/ed/mcsema-testing/llvm-test-suite/MultiSource/Benchmarks/7zip/CPP/include_windows -I/home/ed/mcsema-testing/llvm-test-suite/MultiSource/Benchmarks/7zip/CPP -I. -D_FILE_OFFSET_BITS=64 -D_LARGEFILE_SOURCE -DNDEBUG -D_REENTRANT -DENV_UNIX -D_7ZIP_LARGE_PAGES -pthread -O3  -c /home/ed/mcsema-testing/llvm-test-suite/MultiSource/Benchmarks/7zip/CPP/7zip/UI/Common/UpdateProduce.cpp -o Output/UpdateProduce.llvm.o
/home/ed/mcsema-testing/llvm-test-suite/RunSafely.sh --show-errors -t "/home/ed/mcsema-testing/SANDBOX/test-2015-12-21_15-36-50/tools/timeit" 500 /dev/null Output/UserInputUtils.llvm.o.compile /usr/bin/clang++ -I/home/ed/mcsema-testing/SANDBOX/test-2015-12-21_15-36-50/MultiSource/Benchmarks/7zip -I/home/ed/mcsema-testing/llvm-test-suite/MultiSource/Benchmarks/7zip -I/home/ed/mcsema-testing/llvm-test-suite/include -I../../../include -D_GNU_SOURCE -D__STDC_LIMIT_MACROS -DNDEBUG -DBREAK_HANDLER -DUNICODE -D_UNICODE -I/home/ed/mcsema-testing/llvm-test-suite/MultiSource/Benchmarks/7zip/C -I/home/ed/mcsema-testing/llvm-test-suite/MultiSource/Benchmarks/7zip/CPP/myWindows -I/home/ed/mcsema-testing/llvm-test-suite/MultiSource/Benchmarks/7zip/CPP/include_windows -I/home/ed/mcsema-testing/llvm-test-suite/MultiSource/Benchmarks/7zip/CPP -I. -D_FILE_OFFSET_BITS=64 -D_LARGEFILE_SOURCE -DNDEBUG -D_REENTRANT -DENV_UNIX -D_7ZIP_LARGE_PAGES -pthread -O3  -c /home/ed/mcsema-testing/llvm-test-suite/MultiSource/Benchmarks/7zip/CPP/7zip/UI/Console/UserInputUtils.cpp -o Output/UserInputUtils.llvm.o
/home/ed/mcsema-testing/llvm-test-suite/RunSafely.sh --show-errors -t "/home/ed/mcsema-testing/SANDBOX/test-2015-12-21_15-36-50/tools/timeit" 500 /dev/null Output/VirtThread.llvm.o.compile /usr/bin/clang++ -I/home/ed/mcsema-testing/SANDBOX/test-2015-12-21_15-36-50/MultiSource/Benchmarks/7zip -I/home/ed/mcsema-testing/llvm-test-suite/MultiSource/Benchmarks/7zip -I/home/ed/mcsema-testing/llvm-test-suite/include -I../../../include -D_GNU_SOURCE -D__STDC_LIMIT_MACROS -DNDEBUG -DBREAK_HANDLER -DUNICODE -D_UNICODE -I/home/ed/mcsema-testing/llvm-test-suite/MultiSource/Benchmarks/7zip/C -I/home/ed/mcsema-testing/llvm-test-suite/MultiSource/Benchmarks/7zip/CPP/myWindows -I/home/ed/mcsema-testing/llvm-test-suite/MultiSource/Benchmarks/7zip/CPP/include_windows -I/home/ed/mcsema-testing/llvm-test-suite/MultiSource/Benchmarks/7zip/CPP -I. -D_FILE_OFFSET_BITS=64 -D_LARGEFILE_SOURCE -DNDEBUG -D_REENTRANT -DENV_UNIX -D_7ZIP_LARGE_PAGES -pthread -O3  -c /home/ed/mcsema-testing/llvm-test-suite/MultiSource/Benchmarks/7zip/CPP/7zip/Common/VirtThread.cpp -o Output/VirtThread.llvm.o
/home/ed/mcsema-testing/llvm-test-suite/RunSafely.sh --show-errors -t "/home/ed/mcsema-testing/SANDBOX/test-2015-12-21_15-36-50/tools/timeit" 500 /dev/null Output/Wildcard.llvm.o.compile /usr/bin/clang++ -I/home/ed/mcsema-testing/SANDBOX/test-2015-12-21_15-36-50/MultiSource/Benchmarks/7zip -I/home/ed/mcsema-testing/llvm-test-suite/MultiSource/Benchmarks/7zip -I/home/ed/mcsema-testing/llvm-test-suite/include -I../../../include -D_GNU_SOURCE -D__STDC_LIMIT_MACROS -DNDEBUG -DBREAK_HANDLER -DUNICODE -D_UNICODE -I/home/ed/mcsema-testing/llvm-test-suite/MultiSource/Benchmarks/7zip/C -I/home/ed/mcsema-testing/llvm-test-suite/MultiSource/Benchmarks/7zip/CPP/myWindows -I/home/ed/mcsema-testing/llvm-test-suite/MultiSource/Benchmarks/7zip/CPP/include_windows -I/home/ed/mcsema-testing/llvm-test-suite/MultiSource/Benchmarks/7zip/CPP -I. -D_FILE_OFFSET_BITS=64 -D_LARGEFILE_SOURCE -DNDEBUG -D_REENTRANT -DENV_UNIX -D_7ZIP_LARGE_PAGES -pthread -O3  -c /home/ed/mcsema-testing/llvm-test-suite/MultiSource/Benchmarks/7zip/CPP/Common/Wildcard.cpp -o Output/Wildcard.llvm.o
/home/ed/mcsema-testing/llvm-test-suite/RunSafely.sh --show-errors -t "/home/ed/mcsema-testing/SANDBOX/test-2015-12-21_15-36-50/tools/timeit" 500 /dev/null Output/WzAes.llvm.o.compile /usr/bin/clang++ -I/home/ed/mcsema-testing/SANDBOX/test-2015-12-21_15-36-50/MultiSource/Benchmarks/7zip -I/home/ed/mcsema-testing/llvm-test-suite/MultiSource/Benchmarks/7zip -I/home/ed/mcsema-testing/llvm-test-suite/include -I../../../include -D_GNU_SOURCE -D__STDC_LIMIT_MACROS -DNDEBUG -DBREAK_HANDLER -DUNICODE -D_UNICODE -I/home/ed/mcsema-testing/llvm-test-suite/MultiSource/Benchmarks/7zip/C -I/home/ed/mcsema-testing/llvm-test-suite/MultiSource/Benchmarks/7zip/CPP/myWindows -I/home/ed/mcsema-testing/llvm-test-suite/MultiSource/Benchmarks/7zip/CPP/include_windows -I/home/ed/mcsema-testing/llvm-test-suite/MultiSource/Benchmarks/7zip/CPP -I. -D_FILE_OFFSET_BITS=64 -D_LARGEFILE_SOURCE -DNDEBUG -D_REENTRANT -DENV_UNIX -D_7ZIP_LARGE_PAGES -pthread -O3  -c /home/ed/mcsema-testing/llvm-test-suite/MultiSource/Benchmarks/7zip/CPP/7zip/Crypto/WzAes.cpp -o Output/WzAes.llvm.o
/home/ed/mcsema-testing/llvm-test-suite/RunSafely.sh --show-errors -t "/home/ed/mcsema-testing/SANDBOX/test-2015-12-21_15-36-50/tools/timeit" 500 /dev/null Output/Xz.llvm.o.compile /usr/bin/clang -I/home/ed/mcsema-testing/SANDBOX/test-2015-12-21_15-36-50/MultiSource/Benchmarks/7zip -I/home/ed/mcsema-testing/llvm-test-suite/MultiSource/Benchmarks/7zip -I/home/ed/mcsema-testing/llvm-test-suite/include -I../../../include -D_GNU_SOURCE -D__STDC_LIMIT_MACROS -DNDEBUG -DBREAK_HANDLER -DUNICODE -D_UNICODE -I/home/ed/mcsema-testing/llvm-test-suite/MultiSource/Benchmarks/7zip/C -I/home/ed/mcsema-testing/llvm-test-suite/MultiSource/Benchmarks/7zip/CPP/myWindows -I/home/ed/mcsema-testing/llvm-test-suite/MultiSource/Benchmarks/7zip/CPP/include_windows -I/home/ed/mcsema-testing/llvm-test-suite/MultiSource/Benchmarks/7zip/CPP -I. -D_FILE_OFFSET_BITS=64 -D_LARGEFILE_SOURCE -DNDEBUG -D_REENTRANT -DENV_UNIX -D_7ZIP_LARGE_PAGES -pthread -O3  -c /home/ed/mcsema-testing/llvm-test-suite/MultiSource/Benchmarks/7zip/C/Xz.c -o Output/Xz.llvm.o
/home/ed/mcsema-testing/llvm-test-suite/RunSafely.sh --show-errors -t "/home/ed/mcsema-testing/SANDBOX/test-2015-12-21_15-36-50/tools/timeit" 500 /dev/null Output/XzCrc64.llvm.o.compile /usr/bin/clang -I/home/ed/mcsema-testing/SANDBOX/test-2015-12-21_15-36-50/MultiSource/Benchmarks/7zip -I/home/ed/mcsema-testing/llvm-test-suite/MultiSource/Benchmarks/7zip -I/home/ed/mcsema-testing/llvm-test-suite/include -I../../../include -D_GNU_SOURCE -D__STDC_LIMIT_MACROS -DNDEBUG -DBREAK_HANDLER -DUNICODE -D_UNICODE -I/home/ed/mcsema-testing/llvm-test-suite/MultiSource/Benchmarks/7zip/C -I/home/ed/mcsema-testing/llvm-test-suite/MultiSource/Benchmarks/7zip/CPP/myWindows -I/home/ed/mcsema-testing/llvm-test-suite/MultiSource/Benchmarks/7zip/CPP/include_windows -I/home/ed/mcsema-testing/llvm-test-suite/MultiSource/Benchmarks/7zip/CPP -I. -D_FILE_OFFSET_BITS=64 -D_LARGEFILE_SOURCE -DNDEBUG -D_REENTRANT -DENV_UNIX -D_7ZIP_LARGE_PAGES -pthread -O3  -c /home/ed/mcsema-testing/llvm-test-suite/MultiSource/Benchmarks/7zip/C/XzCrc64.c -o Output/XzCrc64.llvm.o
/home/ed/mcsema-testing/llvm-test-suite/RunSafely.sh --show-errors -t "/home/ed/mcsema-testing/SANDBOX/test-2015-12-21_15-36-50/tools/timeit" 500 /dev/null Output/XzDec.llvm.o.compile /usr/bin/clang -I/home/ed/mcsema-testing/SANDBOX/test-2015-12-21_15-36-50/MultiSource/Benchmarks/7zip -I/home/ed/mcsema-testing/llvm-test-suite/MultiSource/Benchmarks/7zip -I/home/ed/mcsema-testing/llvm-test-suite/include -I../../../include -D_GNU_SOURCE -D__STDC_LIMIT_MACROS -DNDEBUG -DBREAK_HANDLER -DUNICODE -D_UNICODE -I/home/ed/mcsema-testing/llvm-test-suite/MultiSource/Benchmarks/7zip/C -I/home/ed/mcsema-testing/llvm-test-suite/MultiSource/Benchmarks/7zip/CPP/myWindows -I/home/ed/mcsema-testing/llvm-test-suite/MultiSource/Benchmarks/7zip/CPP/include_windows -I/home/ed/mcsema-testing/llvm-test-suite/MultiSource/Benchmarks/7zip/CPP -I. -D_FILE_OFFSET_BITS=64 -D_LARGEFILE_SOURCE -DNDEBUG -D_REENTRANT -DENV_UNIX -D_7ZIP_LARGE_PAGES -pthread -O3  -c /home/ed/mcsema-testing/llvm-test-suite/MultiSource/Benchmarks/7zip/C/XzDec.c -o Output/XzDec.llvm.o
/home/ed/mcsema-testing/llvm-test-suite/RunSafely.sh --show-errors -t "/home/ed/mcsema-testing/SANDBOX/test-2015-12-21_15-36-50/tools/timeit" 500 /dev/null Output/XzEnc.llvm.o.compile /usr/bin/clang -I/home/ed/mcsema-testing/SANDBOX/test-2015-12-21_15-36-50/MultiSource/Benchmarks/7zip -I/home/ed/mcsema-testing/llvm-test-suite/MultiSource/Benchmarks/7zip -I/home/ed/mcsema-testing/llvm-test-suite/include -I../../../include -D_GNU_SOURCE -D__STDC_LIMIT_MACROS -DNDEBUG -DBREAK_HANDLER -DUNICODE -D_UNICODE -I/home/ed/mcsema-testing/llvm-test-suite/MultiSource/Benchmarks/7zip/C -I/home/ed/mcsema-testing/llvm-test-suite/MultiSource/Benchmarks/7zip/CPP/myWindows -I/home/ed/mcsema-testing/llvm-test-suite/MultiSource/Benchmarks/7zip/CPP/include_windows -I/home/ed/mcsema-testing/llvm-test-suite/MultiSource/Benchmarks/7zip/CPP -I. -D_FILE_OFFSET_BITS=64 -D_LARGEFILE_SOURCE -DNDEBUG -D_REENTRANT -DENV_UNIX -D_7ZIP_LARGE_PAGES -pthread -O3  -c /home/ed/mcsema-testing/llvm-test-suite/MultiSource/Benchmarks/7zip/C/XzEnc.c -o Output/XzEnc.llvm.o
/home/ed/mcsema-testing/llvm-test-suite/RunSafely.sh --show-errors -t "/home/ed/mcsema-testing/SANDBOX/test-2015-12-21_15-36-50/tools/timeit" 500 /dev/null Output/XzHandler.llvm.o.compile /usr/bin/clang++ -I/home/ed/mcsema-testing/SANDBOX/test-2015-12-21_15-36-50/MultiSource/Benchmarks/7zip -I/home/ed/mcsema-testing/llvm-test-suite/MultiSource/Benchmarks/7zip -I/home/ed/mcsema-testing/llvm-test-suite/include -I../../../include -D_GNU_SOURCE -D__STDC_LIMIT_MACROS -DNDEBUG -DBREAK_HANDLER -DUNICODE -D_UNICODE -I/home/ed/mcsema-testing/llvm-test-suite/MultiSource/Benchmarks/7zip/C -I/home/ed/mcsema-testing/llvm-test-suite/MultiSource/Benchmarks/7zip/CPP/myWindows -I/home/ed/mcsema-testing/llvm-test-suite/MultiSource/Benchmarks/7zip/CPP/include_windows -I/home/ed/mcsema-testing/llvm-test-suite/MultiSource/Benchmarks/7zip/CPP -I. -D_FILE_OFFSET_BITS=64 -D_LARGEFILE_SOURCE -DNDEBUG -D_REENTRANT -DENV_UNIX -D_7ZIP_LARGE_PAGES -pthread -O3  -c /home/ed/mcsema-testing/llvm-test-suite/MultiSource/Benchmarks/7zip/CPP/7zip/Archive/XzHandler.cpp -o Output/XzHandler.llvm.o
/home/ed/mcsema-testing/llvm-test-suite/RunSafely.sh --show-errors -t "/home/ed/mcsema-testing/SANDBOX/test-2015-12-21_15-36-50/tools/timeit" 500 /dev/null Output/XzIn.llvm.o.compile /usr/bin/clang -I/home/ed/mcsema-testing/SANDBOX/test-2015-12-21_15-36-50/MultiSource/Benchmarks/7zip -I/home/ed/mcsema-testing/llvm-test-suite/MultiSource/Benchmarks/7zip -I/home/ed/mcsema-testing/llvm-test-suite/include -I../../../include -D_GNU_SOURCE -D__STDC_LIMIT_MACROS -DNDEBUG -DBREAK_HANDLER -DUNICODE -D_UNICODE -I/home/ed/mcsema-testing/llvm-test-suite/MultiSource/Benchmarks/7zip/C -I/home/ed/mcsema-testing/llvm-test-suite/MultiSource/Benchmarks/7zip/CPP/myWindows -I/home/ed/mcsema-testing/llvm-test-suite/MultiSource/Benchmarks/7zip/CPP/include_windows -I/home/ed/mcsema-testing/llvm-test-suite/MultiSource/Benchmarks/7zip/CPP -I. -D_FILE_OFFSET_BITS=64 -D_LARGEFILE_SOURCE -DNDEBUG -D_REENTRANT -DENV_UNIX -D_7ZIP_LARGE_PAGES -pthread -O3  -c /home/ed/mcsema-testing/llvm-test-suite/MultiSource/Benchmarks/7zip/C/XzIn.c -o Output/XzIn.llvm.o
/home/ed/mcsema-testing/llvm-test-suite/RunSafely.sh --show-errors -t "/home/ed/mcsema-testing/SANDBOX/test-2015-12-21_15-36-50/tools/timeit" 500 /dev/null Output/ZDecoder.llvm.o.compile /usr/bin/clang++ -I/home/ed/mcsema-testing/SANDBOX/test-2015-12-21_15-36-50/MultiSource/Benchmarks/7zip -I/home/ed/mcsema-testing/llvm-test-suite/MultiSource/Benchmarks/7zip -I/home/ed/mcsema-testing/llvm-test-suite/include -I../../../include -D_GNU_SOURCE -D__STDC_LIMIT_MACROS -DNDEBUG -DBREAK_HANDLER -DUNICODE -D_UNICODE -I/home/ed/mcsema-testing/llvm-test-suite/MultiSource/Benchmarks/7zip/C -I/home/ed/mcsema-testing/llvm-test-suite/MultiSource/Benchmarks/7zip/CPP/myWindows -I/home/ed/mcsema-testing/llvm-test-suite/MultiSource/Benchmarks/7zip/CPP/include_windows -I/home/ed/mcsema-testing/llvm-test-suite/MultiSource/Benchmarks/7zip/CPP -I. -D_FILE_OFFSET_BITS=64 -D_LARGEFILE_SOURCE -DNDEBUG -D_REENTRANT -DENV_UNIX -D_7ZIP_LARGE_PAGES -pthread -O3  -c /home/ed/mcsema-testing/llvm-test-suite/MultiSource/Benchmarks/7zip/CPP/7zip/Compress/ZDecoder.cpp -o Output/ZDecoder.llvm.o
/home/ed/mcsema-testing/llvm-test-suite/RunSafely.sh --show-errors -t "/home/ed/mcsema-testing/SANDBOX/test-2015-12-21_15-36-50/tools/timeit" 500 /dev/null Output/ZHandler.llvm.o.compile /usr/bin/clang++ -I/home/ed/mcsema-testing/SANDBOX/test-2015-12-21_15-36-50/MultiSource/Benchmarks/7zip -I/home/ed/mcsema-testing/llvm-test-suite/MultiSource/Benchmarks/7zip -I/home/ed/mcsema-testing/llvm-test-suite/include -I../../../include -D_GNU_SOURCE -D__STDC_LIMIT_MACROS -DNDEBUG -DBREAK_HANDLER -DUNICODE -D_UNICODE -I/home/ed/mcsema-testing/llvm-test-suite/MultiSource/Benchmarks/7zip/C -I/home/ed/mcsema-testing/llvm-test-suite/MultiSource/Benchmarks/7zip/CPP/myWindows -I/home/ed/mcsema-testing/llvm-test-suite/MultiSource/Benchmarks/7zip/CPP/include_windows -I/home/ed/mcsema-testing/llvm-test-suite/MultiSource/Benchmarks/7zip/CPP -I. -D_FILE_OFFSET_BITS=64 -D_LARGEFILE_SOURCE -DNDEBUG -D_REENTRANT -DENV_UNIX -D_7ZIP_LARGE_PAGES -pthread -O3  -c /home/ed/mcsema-testing/llvm-test-suite/MultiSource/Benchmarks/7zip/CPP/7zip/Archive/ZHandler.cpp -o Output/ZHandler.llvm.o
/home/ed/mcsema-testing/llvm-test-suite/RunSafely.sh --show-errors -t "/home/ed/mcsema-testing/SANDBOX/test-2015-12-21_15-36-50/tools/timeit" 500 /dev/null Output/ZipAddCommon.llvm.o.compile /usr/bin/clang++ -I/home/ed/mcsema-testing/SANDBOX/test-2015-12-21_15-36-50/MultiSource/Benchmarks/7zip -I/home/ed/mcsema-testing/llvm-test-suite/MultiSource/Benchmarks/7zip -I/home/ed/mcsema-testing/llvm-test-suite/include -I../../../include -D_GNU_SOURCE -D__STDC_LIMIT_MACROS -DNDEBUG -DBREAK_HANDLER -DUNICODE -D_UNICODE -I/home/ed/mcsema-testing/llvm-test-suite/MultiSource/Benchmarks/7zip/C -I/home/ed/mcsema-testing/llvm-test-suite/MultiSource/Benchmarks/7zip/CPP/myWindows -I/home/ed/mcsema-testing/llvm-test-suite/MultiSource/Benchmarks/7zip/CPP/include_windows -I/home/ed/mcsema-testing/llvm-test-suite/MultiSource/Benchmarks/7zip/CPP -I. -D_FILE_OFFSET_BITS=64 -D_LARGEFILE_SOURCE -DNDEBUG -D_REENTRANT -DENV_UNIX -D_7ZIP_LARGE_PAGES -pthread -O3  -c /home/ed/mcsema-testing/llvm-test-suite/MultiSource/Benchmarks/7zip/CPP/7zip/Archive/Zip/ZipAddCommon.cpp -o Output/ZipAddCommon.llvm.o
/home/ed/mcsema-testing/llvm-test-suite/RunSafely.sh --show-errors -t "/home/ed/mcsema-testing/SANDBOX/test-2015-12-21_15-36-50/tools/timeit" 500 /dev/null Output/ZipCrypto.llvm.o.compile /usr/bin/clang++ -I/home/ed/mcsema-testing/SANDBOX/test-2015-12-21_15-36-50/MultiSource/Benchmarks/7zip -I/home/ed/mcsema-testing/llvm-test-suite/MultiSource/Benchmarks/7zip -I/home/ed/mcsema-testing/llvm-test-suite/include -I../../../include -D_GNU_SOURCE -D__STDC_LIMIT_MACROS -DNDEBUG -DBREAK_HANDLER -DUNICODE -D_UNICODE -I/home/ed/mcsema-testing/llvm-test-suite/MultiSource/Benchmarks/7zip/C -I/home/ed/mcsema-testing/llvm-test-suite/MultiSource/Benchmarks/7zip/CPP/myWindows -I/home/ed/mcsema-testing/llvm-test-suite/MultiSource/Benchmarks/7zip/CPP/include_windows -I/home/ed/mcsema-testing/llvm-test-suite/MultiSource/Benchmarks/7zip/CPP -I. -D_FILE_OFFSET_BITS=64 -D_LARGEFILE_SOURCE -DNDEBUG -D_REENTRANT -DENV_UNIX -D_7ZIP_LARGE_PAGES -pthread -O3  -c /home/ed/mcsema-testing/llvm-test-suite/MultiSource/Benchmarks/7zip/CPP/7zip/Crypto/ZipCrypto.cpp -o Output/ZipCrypto.llvm.o
/home/ed/mcsema-testing/llvm-test-suite/RunSafely.sh --show-errors -t "/home/ed/mcsema-testing/SANDBOX/test-2015-12-21_15-36-50/tools/timeit" 500 /dev/null Output/ZipHandler.llvm.o.compile /usr/bin/clang++ -I/home/ed/mcsema-testing/SANDBOX/test-2015-12-21_15-36-50/MultiSource/Benchmarks/7zip -I/home/ed/mcsema-testing/llvm-test-suite/MultiSource/Benchmarks/7zip -I/home/ed/mcsema-testing/llvm-test-suite/include -I../../../include -D_GNU_SOURCE -D__STDC_LIMIT_MACROS -DNDEBUG -DBREAK_HANDLER -DUNICODE -D_UNICODE -I/home/ed/mcsema-testing/llvm-test-suite/MultiSource/Benchmarks/7zip/C -I/home/ed/mcsema-testing/llvm-test-suite/MultiSource/Benchmarks/7zip/CPP/myWindows -I/home/ed/mcsema-testing/llvm-test-suite/MultiSource/Benchmarks/7zip/CPP/include_windows -I/home/ed/mcsema-testing/llvm-test-suite/MultiSource/Benchmarks/7zip/CPP -I. -D_FILE_OFFSET_BITS=64 -D_LARGEFILE_SOURCE -DNDEBUG -D_REENTRANT -DENV_UNIX -D_7ZIP_LARGE_PAGES -pthread -O3  -c /home/ed/mcsema-testing/llvm-test-suite/MultiSource/Benchmarks/7zip/CPP/7zip/Archive/Zip/ZipHandler.cpp -o Output/ZipHandler.llvm.o
/home/ed/mcsema-testing/llvm-test-suite/RunSafely.sh --show-errors -t "/home/ed/mcsema-testing/SANDBOX/test-2015-12-21_15-36-50/tools/timeit" 500 /dev/null Output/ZipHandlerOut.llvm.o.compile /usr/bin/clang++ -I/home/ed/mcsema-testing/SANDBOX/test-2015-12-21_15-36-50/MultiSource/Benchmarks/7zip -I/home/ed/mcsema-testing/llvm-test-suite/MultiSource/Benchmarks/7zip -I/home/ed/mcsema-testing/llvm-test-suite/include -I../../../include -D_GNU_SOURCE -D__STDC_LIMIT_MACROS -DNDEBUG -DBREAK_HANDLER -DUNICODE -D_UNICODE -I/home/ed/mcsema-testing/llvm-test-suite/MultiSource/Benchmarks/7zip/C -I/home/ed/mcsema-testing/llvm-test-suite/MultiSource/Benchmarks/7zip/CPP/myWindows -I/home/ed/mcsema-testing/llvm-test-suite/MultiSource/Benchmarks/7zip/CPP/include_windows -I/home/ed/mcsema-testing/llvm-test-suite/MultiSource/Benchmarks/7zip/CPP -I. -D_FILE_OFFSET_BITS=64 -D_LARGEFILE_SOURCE -DNDEBUG -D_REENTRANT -DENV_UNIX -D_7ZIP_LARGE_PAGES -pthread -O3  -c /home/ed/mcsema-testing/llvm-test-suite/MultiSource/Benchmarks/7zip/CPP/7zip/Archive/Zip/ZipHandlerOut.cpp -o Output/ZipHandlerOut.llvm.o
/home/ed/mcsema-testing/llvm-test-suite/RunSafely.sh --show-errors -t "/home/ed/mcsema-testing/SANDBOX/test-2015-12-21_15-36-50/tools/timeit" 500 /dev/null Output/ZipHeader.llvm.o.compile /usr/bin/clang++ -I/home/ed/mcsema-testing/SANDBOX/test-2015-12-21_15-36-50/MultiSource/Benchmarks/7zip -I/home/ed/mcsema-testing/llvm-test-suite/MultiSource/Benchmarks/7zip -I/home/ed/mcsema-testing/llvm-test-suite/include -I../../../include -D_GNU_SOURCE -D__STDC_LIMIT_MACROS -DNDEBUG -DBREAK_HANDLER -DUNICODE -D_UNICODE -I/home/ed/mcsema-testing/llvm-test-suite/MultiSource/Benchmarks/7zip/C -I/home/ed/mcsema-testing/llvm-test-suite/MultiSource/Benchmarks/7zip/CPP/myWindows -I/home/ed/mcsema-testing/llvm-test-suite/MultiSource/Benchmarks/7zip/CPP/include_windows -I/home/ed/mcsema-testing/llvm-test-suite/MultiSource/Benchmarks/7zip/CPP -I. -D_FILE_OFFSET_BITS=64 -D_LARGEFILE_SOURCE -DNDEBUG -D_REENTRANT -DENV_UNIX -D_7ZIP_LARGE_PAGES -pthread -O3  -c /home/ed/mcsema-testing/llvm-test-suite/MultiSource/Benchmarks/7zip/CPP/7zip/Archive/Zip/ZipHeader.cpp -o Output/ZipHeader.llvm.o
/home/ed/mcsema-testing/llvm-test-suite/RunSafely.sh --show-errors -t "/home/ed/mcsema-testing/SANDBOX/test-2015-12-21_15-36-50/tools/timeit" 500 /dev/null Output/ZipIn.llvm.o.compile /usr/bin/clang++ -I/home/ed/mcsema-testing/SANDBOX/test-2015-12-21_15-36-50/MultiSource/Benchmarks/7zip -I/home/ed/mcsema-testing/llvm-test-suite/MultiSource/Benchmarks/7zip -I/home/ed/mcsema-testing/llvm-test-suite/include -I../../../include -D_GNU_SOURCE -D__STDC_LIMIT_MACROS -DNDEBUG -DBREAK_HANDLER -DUNICODE -D_UNICODE -I/home/ed/mcsema-testing/llvm-test-suite/MultiSource/Benchmarks/7zip/C -I/home/ed/mcsema-testing/llvm-test-suite/MultiSource/Benchmarks/7zip/CPP/myWindows -I/home/ed/mcsema-testing/llvm-test-suite/MultiSource/Benchmarks/7zip/CPP/include_windows -I/home/ed/mcsema-testing/llvm-test-suite/MultiSource/Benchmarks/7zip/CPP -I. -D_FILE_OFFSET_BITS=64 -D_LARGEFILE_SOURCE -DNDEBUG -D_REENTRANT -DENV_UNIX -D_7ZIP_LARGE_PAGES -pthread -O3  -c /home/ed/mcsema-testing/llvm-test-suite/MultiSource/Benchmarks/7zip/CPP/7zip/Archive/Zip/ZipIn.cpp -o Output/ZipIn.llvm.o
/home/ed/mcsema-testing/llvm-test-suite/RunSafely.sh --show-errors -t "/home/ed/mcsema-testing/SANDBOX/test-2015-12-21_15-36-50/tools/timeit" 500 /dev/null Output/ZipItem.llvm.o.compile /usr/bin/clang++ -I/home/ed/mcsema-testing/SANDBOX/test-2015-12-21_15-36-50/MultiSource/Benchmarks/7zip -I/home/ed/mcsema-testing/llvm-test-suite/MultiSource/Benchmarks/7zip -I/home/ed/mcsema-testing/llvm-test-suite/include -I../../../include -D_GNU_SOURCE -D__STDC_LIMIT_MACROS -DNDEBUG -DBREAK_HANDLER -DUNICODE -D_UNICODE -I/home/ed/mcsema-testing/llvm-test-suite/MultiSource/Benchmarks/7zip/C -I/home/ed/mcsema-testing/llvm-test-suite/MultiSource/Benchmarks/7zip/CPP/myWindows -I/home/ed/mcsema-testing/llvm-test-suite/MultiSource/Benchmarks/7zip/CPP/include_windows -I/home/ed/mcsema-testing/llvm-test-suite/MultiSource/Benchmarks/7zip/CPP -I. -D_FILE_OFFSET_BITS=64 -D_LARGEFILE_SOURCE -DNDEBUG -D_REENTRANT -DENV_UNIX -D_7ZIP_LARGE_PAGES -pthread -O3  -c /home/ed/mcsema-testing/llvm-test-suite/MultiSource/Benchmarks/7zip/CPP/7zip/Archive/Zip/ZipItem.cpp -o Output/ZipItem.llvm.o
/home/ed/mcsema-testing/llvm-test-suite/RunSafely.sh --show-errors -t "/home/ed/mcsema-testing/SANDBOX/test-2015-12-21_15-36-50/tools/timeit" 500 /dev/null Output/ZipOut.llvm.o.compile /usr/bin/clang++ -I/home/ed/mcsema-testing/SANDBOX/test-2015-12-21_15-36-50/MultiSource/Benchmarks/7zip -I/home/ed/mcsema-testing/llvm-test-suite/MultiSource/Benchmarks/7zip -I/home/ed/mcsema-testing/llvm-test-suite/include -I../../../include -D_GNU_SOURCE -D__STDC_LIMIT_MACROS -DNDEBUG -DBREAK_HANDLER -DUNICODE -D_UNICODE -I/home/ed/mcsema-testing/llvm-test-suite/MultiSource/Benchmarks/7zip/C -I/home/ed/mcsema-testing/llvm-test-suite/MultiSource/Benchmarks/7zip/CPP/myWindows -I/home/ed/mcsema-testing/llvm-test-suite/MultiSource/Benchmarks/7zip/CPP/include_windows -I/home/ed/mcsema-testing/llvm-test-suite/MultiSource/Benchmarks/7zip/CPP -I. -D_FILE_OFFSET_BITS=64 -D_LARGEFILE_SOURCE -DNDEBUG -D_REENTRANT -DENV_UNIX -D_7ZIP_LARGE_PAGES -pthread -O3  -c /home/ed/mcsema-testing/llvm-test-suite/MultiSource/Benchmarks/7zip/CPP/7zip/Archive/Zip/ZipOut.cpp -o Output/ZipOut.llvm.o
/home/ed/mcsema-testing/llvm-test-suite/RunSafely.sh --show-errors -t "/home/ed/mcsema-testing/SANDBOX/test-2015-12-21_15-36-50/tools/timeit" 500 /dev/null Output/ZipRegister.llvm.o.compile /usr/bin/clang++ -I/home/ed/mcsema-testing/SANDBOX/test-2015-12-21_15-36-50/MultiSource/Benchmarks/7zip -I/home/ed/mcsema-testing/llvm-test-suite/MultiSource/Benchmarks/7zip -I/home/ed/mcsema-testing/llvm-test-suite/include -I../../../include -D_GNU_SOURCE -D__STDC_LIMIT_MACROS -DNDEBUG -DBREAK_HANDLER -DUNICODE -D_UNICODE -I/home/ed/mcsema-testing/llvm-test-suite/MultiSource/Benchmarks/7zip/C -I/home/ed/mcsema-testing/llvm-test-suite/MultiSource/Benchmarks/7zip/CPP/myWindows -I/home/ed/mcsema-testing/llvm-test-suite/MultiSource/Benchmarks/7zip/CPP/include_windows -I/home/ed/mcsema-testing/llvm-test-suite/MultiSource/Benchmarks/7zip/CPP -I. -D_FILE_OFFSET_BITS=64 -D_LARGEFILE_SOURCE -DNDEBUG -D_REENTRANT -DENV_UNIX -D_7ZIP_LARGE_PAGES -pthread -O3  -c /home/ed/mcsema-testing/llvm-test-suite/MultiSource/Benchmarks/7zip/CPP/7zip/Archive/Zip/ZipRegister.cpp -o Output/ZipRegister.llvm.o
/home/ed/mcsema-testing/llvm-test-suite/RunSafely.sh --show-errors -t "/home/ed/mcsema-testing/SANDBOX/test-2015-12-21_15-36-50/tools/timeit" 500 /dev/null Output/ZipStrong.llvm.o.compile /usr/bin/clang++ -I/home/ed/mcsema-testing/SANDBOX/test-2015-12-21_15-36-50/MultiSource/Benchmarks/7zip -I/home/ed/mcsema-testing/llvm-test-suite/MultiSource/Benchmarks/7zip -I/home/ed/mcsema-testing/llvm-test-suite/include -I../../../include -D_GNU_SOURCE -D__STDC_LIMIT_MACROS -DNDEBUG -DBREAK_HANDLER -DUNICODE -D_UNICODE -I/home/ed/mcsema-testing/llvm-test-suite/MultiSource/Benchmarks/7zip/C -I/home/ed/mcsema-testing/llvm-test-suite/MultiSource/Benchmarks/7zip/CPP/myWindows -I/home/ed/mcsema-testing/llvm-test-suite/MultiSource/Benchmarks/7zip/CPP/include_windows -I/home/ed/mcsema-testing/llvm-test-suite/MultiSource/Benchmarks/7zip/CPP -I. -D_FILE_OFFSET_BITS=64 -D_LARGEFILE_SOURCE -DNDEBUG -D_REENTRANT -DENV_UNIX -D_7ZIP_LARGE_PAGES -pthread -O3  -c /home/ed/mcsema-testing/llvm-test-suite/MultiSource/Benchmarks/7zip/CPP/7zip/Crypto/ZipStrong.cpp -o Output/ZipStrong.llvm.o
/home/ed/mcsema-testing/llvm-test-suite/RunSafely.sh --show-errors -t "/home/ed/mcsema-testing/SANDBOX/test-2015-12-21_15-36-50/tools/timeit" 500 /dev/null Output/ZipUpdate.llvm.o.compile /usr/bin/clang++ -I/home/ed/mcsema-testing/SANDBOX/test-2015-12-21_15-36-50/MultiSource/Benchmarks/7zip -I/home/ed/mcsema-testing/llvm-test-suite/MultiSource/Benchmarks/7zip -I/home/ed/mcsema-testing/llvm-test-suite/include -I../../../include -D_GNU_SOURCE -D__STDC_LIMIT_MACROS -DNDEBUG -DBREAK_HANDLER -DUNICODE -D_UNICODE -I/home/ed/mcsema-testing/llvm-test-suite/MultiSource/Benchmarks/7zip/C -I/home/ed/mcsema-testing/llvm-test-suite/MultiSource/Benchmarks/7zip/CPP/myWindows -I/home/ed/mcsema-testing/llvm-test-suite/MultiSource/Benchmarks/7zip/CPP/include_windows -I/home/ed/mcsema-testing/llvm-test-suite/MultiSource/Benchmarks/7zip/CPP -I. -D_FILE_OFFSET_BITS=64 -D_LARGEFILE_SOURCE -DNDEBUG -D_REENTRANT -DENV_UNIX -D_7ZIP_LARGE_PAGES -pthread -O3  -c /home/ed/mcsema-testing/llvm-test-suite/MultiSource/Benchmarks/7zip/CPP/7zip/Archive/Zip/ZipUpdate.cpp -o Output/ZipUpdate.llvm.o
/home/ed/mcsema-testing/llvm-test-suite/RunSafely.sh --show-errors -t "/home/ed/mcsema-testing/SANDBOX/test-2015-12-21_15-36-50/tools/timeit" 500 /dev/null Output/myAddExeFlag.llvm.o.compile /usr/bin/clang++ -I/home/ed/mcsema-testing/SANDBOX/test-2015-12-21_15-36-50/MultiSource/Benchmarks/7zip -I/home/ed/mcsema-testing/llvm-test-suite/MultiSource/Benchmarks/7zip -I/home/ed/mcsema-testing/llvm-test-suite/include -I../../../include -D_GNU_SOURCE -D__STDC_LIMIT_MACROS -DNDEBUG -DBREAK_HANDLER -DUNICODE -D_UNICODE -I/home/ed/mcsema-testing/llvm-test-suite/MultiSource/Benchmarks/7zip/C -I/home/ed/mcsema-testing/llvm-test-suite/MultiSource/Benchmarks/7zip/CPP/myWindows -I/home/ed/mcsema-testing/llvm-test-suite/MultiSource/Benchmarks/7zip/CPP/include_windows -I/home/ed/mcsema-testing/llvm-test-suite/MultiSource/Benchmarks/7zip/CPP -I. -D_FILE_OFFSET_BITS=64 -D_LARGEFILE_SOURCE -DNDEBUG -D_REENTRANT -DENV_UNIX -D_7ZIP_LARGE_PAGES -pthread -O3  -c /home/ed/mcsema-testing/llvm-test-suite/MultiSource/Benchmarks/7zip/CPP/myWindows/myAddExeFlag.cpp -o Output/myAddExeFlag.llvm.o
/home/ed/mcsema-testing/llvm-test-suite/RunSafely.sh --show-errors -t "/home/ed/mcsema-testing/SANDBOX/test-2015-12-21_15-36-50/tools/timeit" 500 /dev/null Output/myGetTickCount.llvm.o.compile /usr/bin/clang++ -I/home/ed/mcsema-testing/SANDBOX/test-2015-12-21_15-36-50/MultiSource/Benchmarks/7zip -I/home/ed/mcsema-testing/llvm-test-suite/MultiSource/Benchmarks/7zip -I/home/ed/mcsema-testing/llvm-test-suite/include -I../../../include -D_GNU_SOURCE -D__STDC_LIMIT_MACROS -DNDEBUG -DBREAK_HANDLER -DUNICODE -D_UNICODE -I/home/ed/mcsema-testing/llvm-test-suite/MultiSource/Benchmarks/7zip/C -I/home/ed/mcsema-testing/llvm-test-suite/MultiSource/Benchmarks/7zip/CPP/myWindows -I/home/ed/mcsema-testing/llvm-test-suite/MultiSource/Benchmarks/7zip/CPP/include_windows -I/home/ed/mcsema-testing/llvm-test-suite/MultiSource/Benchmarks/7zip/CPP -I. -D_FILE_OFFSET_BITS=64 -D_LARGEFILE_SOURCE -DNDEBUG -D_REENTRANT -DENV_UNIX -D_7ZIP_LARGE_PAGES -pthread -O3  -c /home/ed/mcsema-testing/llvm-test-suite/MultiSource/Benchmarks/7zip/CPP/myWindows/myGetTickCount.cpp -o Output/myGetTickCount.llvm.o
/home/ed/mcsema-testing/llvm-test-suite/RunSafely.sh --show-errors -t "/home/ed/mcsema-testing/SANDBOX/test-2015-12-21_15-36-50/tools/timeit" 500 /dev/null Output/mySplitCommandLine.llvm.o.compile /usr/bin/clang++ -I/home/ed/mcsema-testing/SANDBOX/test-2015-12-21_15-36-50/MultiSource/Benchmarks/7zip -I/home/ed/mcsema-testing/llvm-test-suite/MultiSource/Benchmarks/7zip -I/home/ed/mcsema-testing/llvm-test-suite/include -I../../../include -D_GNU_SOURCE -D__STDC_LIMIT_MACROS -DNDEBUG -DBREAK_HANDLER -DUNICODE -D_UNICODE -I/home/ed/mcsema-testing/llvm-test-suite/MultiSource/Benchmarks/7zip/C -I/home/ed/mcsema-testing/llvm-test-suite/MultiSource/Benchmarks/7zip/CPP/myWindows -I/home/ed/mcsema-testing/llvm-test-suite/MultiSource/Benchmarks/7zip/CPP/include_windows -I/home/ed/mcsema-testing/llvm-test-suite/MultiSource/Benchmarks/7zip/CPP -I. -D_FILE_OFFSET_BITS=64 -D_LARGEFILE_SOURCE -DNDEBUG -D_REENTRANT -DENV_UNIX -D_7ZIP_LARGE_PAGES -pthread -O3  -c /home/ed/mcsema-testing/llvm-test-suite/MultiSource/Benchmarks/7zip/CPP/myWindows/mySplitCommandLine.cpp -o Output/mySplitCommandLine.llvm.o
/home/ed/mcsema-testing/llvm-test-suite/RunSafely.sh --show-errors -t "/home/ed/mcsema-testing/SANDBOX/test-2015-12-21_15-36-50/tools/timeit" 500 /dev/null Output/wine_date_and_time.llvm.o.compile /usr/bin/clang++ -I/home/ed/mcsema-testing/SANDBOX/test-2015-12-21_15-36-50/MultiSource/Benchmarks/7zip -I/home/ed/mcsema-testing/llvm-test-suite/MultiSource/Benchmarks/7zip -I/home/ed/mcsema-testing/llvm-test-suite/include -I../../../include -D_GNU_SOURCE -D__STDC_LIMIT_MACROS -DNDEBUG -DBREAK_HANDLER -DUNICODE -D_UNICODE -I/home/ed/mcsema-testing/llvm-test-suite/MultiSource/Benchmarks/7zip/C -I/home/ed/mcsema-testing/llvm-test-suite/MultiSource/Benchmarks/7zip/CPP/myWindows -I/home/ed/mcsema-testing/llvm-test-suite/MultiSource/Benchmarks/7zip/CPP/include_windows -I/home/ed/mcsema-testing/llvm-test-suite/MultiSource/Benchmarks/7zip/CPP -I. -D_FILE_OFFSET_BITS=64 -D_LARGEFILE_SOURCE -DNDEBUG -D_REENTRANT -DENV_UNIX -D_7ZIP_LARGE_PAGES -pthread -O3  -c /home/ed/mcsema-testing/llvm-test-suite/MultiSource/Benchmarks/7zip/CPP/myWindows/wine_date_and_time.cpp -o Output/wine_date_and_time.llvm.o
/usr/bin/clang++ -o Output/7zip-benchmark.simple Output/7zAes.llvm.o Output/7zAesRegister.llvm.o Output/7zCompressionMode.llvm.o Output/7zCrc.llvm.o Output/7zCrcOpt.llvm.o Output/7zDecode.llvm.o Output/7zEncode.llvm.o Output/7zExtract.llvm.o Output/7zFolderInStream.llvm.o Output/7zFolderOutStream.llvm.o Output/7zHandler.llvm.o Output/7zHandlerOut.llvm.o Output/7zHeader.llvm.o Output/7zIn.llvm.o Output/7zOut.llvm.o Output/7zProperties.llvm.o Output/7zRegister.llvm.o Output/7zSpecStream.llvm.o Output/7zStream.llvm.o Output/7zUpdate.llvm.o Output/Aes.llvm.o Output/Alloc.llvm.o Output/ArchiveCommandLine.llvm.o Output/ArchiveExtractCallback.llvm.o Output/ArchiveOpenCallback.llvm.o Output/BZip2Crc.llvm.o Output/BZip2Decoder.llvm.o Output/BZip2Encoder.llvm.o Output/BZip2Register.llvm.o Output/Bcj2Coder.llvm.o Output/Bcj2Register.llvm.o Output/BcjCoder.llvm.o Output/BcjRegister.llvm.o Output/Bench.llvm.o Output/BenchCon.llvm.o Output/BitlDecoder.llvm.o Output/Bra.llvm.o Output/Bra86.llvm.o Output/BraIA64.llvm.o Output/BranchCoder.llvm.o Output/BranchMisc.llvm.o Output/BranchRegister.llvm.o Output/BwtSort.llvm.o Output/ByteSwap.llvm.o Output/Bz2Handler.llvm.o Output/CRC.llvm.o Output/CWrappers.llvm.o Output/CabBlockInStream.llvm.o Output/CabHandler.llvm.o Output/CabHeader.llvm.o Output/CabIn.llvm.o Output/CabRegister.llvm.o Output/CoderMixer2.llvm.o Output/CoderMixer2MT.llvm.o Output/CommandLineParser.llvm.o Output/ConsoleClose.llvm.o Output/CopyCoder.llvm.o Output/CopyRegister.llvm.o Output/CreateCoder.llvm.o Output/CrossThreadProgress.llvm.o Output/DefaultName.llvm.o Output/Deflate64Register.llvm.o Output/DeflateDecoder.llvm.o Output/DeflateEncoder.llvm.o Output/DeflateProps.llvm.o Output/DeflateRegister.llvm.o Output/Delta.llvm.o Output/DeltaFilter.llvm.o Output/DummyOutStream.llvm.o Output/EnumDirItems.llvm.o Output/Error.llvm.o Output/Extract.llvm.o Output/ExtractCallbackConsole.llvm.o Output/ExtractingFilePath.llvm.o Output/FileDir.llvm.o Output/FileFind.llvm.o Output/FileIO.llvm.o Output/FileName.llvm.o Output/FilePathAutoRename.llvm.o Output/FileStreams.llvm.o Output/FilterCoder.llvm.o Output/FindSignature.llvm.o Output/GzHandler.llvm.o Output/HandlerOut.llvm.o Output/HmacSha1.llvm.o Output/HuffEnc.llvm.o Output/ImplodeDecoder.llvm.o Output/ImplodeHuffmanDecoder.llvm.o Output/InBuffer.llvm.o Output/InOutTempBuffer.llvm.o Output/InStreamWithCRC.llvm.o Output/IntToString.llvm.o Output/ItemNameUtils.llvm.o Output/LimitedStreams.llvm.o Output/List.llvm.o Output/ListFileUtils.llvm.o Output/LoadCodecs.llvm.o Output/LockedStream.llvm.o Output/LzFind.llvm.o Output/LzFindMt.llvm.o Output/LzOutWindow.llvm.o Output/Lzma2Dec.llvm.o Output/Lzma2Decoder.llvm.o Output/Lzma2Enc.llvm.o Output/Lzma2Encoder.llvm.o Output/Lzma2Register.llvm.o Output/LzmaDec.llvm.o Output/LzmaDecoder.llvm.o Output/LzmaEnc.llvm.o Output/LzmaEncoder.llvm.o Output/LzmaHandler.llvm.o Output/LzmaRegister.llvm.o Output/Lzx86Converter.llvm.o Output/LzxDecoder.llvm.o Output/Main.llvm.o Output/MainAr.llvm.o Output/MemBlocks.llvm.o Output/MethodId.llvm.o Output/MethodProps.llvm.o Output/MtCoder.llvm.o Output/MultiStream.llvm.o Output/MyAes.llvm.o Output/MyString.llvm.o Output/MyVector.llvm.o Output/MyWindows.llvm.o Output/OffsetStream.llvm.o Output/OpenArchive.llvm.o Output/OpenCallbackConsole.llvm.o Output/OutBuffer.llvm.o Output/OutMemStream.llvm.o Output/OutStreamWithCRC.llvm.o Output/ParseProperties.llvm.o Output/Pbkdf2HmacSha1.llvm.o Output/PercentPrinter.llvm.o Output/Ppmd7.llvm.o Output/Ppmd7Dec.llvm.o Output/Ppmd7Enc.llvm.o Output/Ppmd8.llvm.o Output/Ppmd8Dec.llvm.o Output/Ppmd8Enc.llvm.o Output/PpmdDecoder.llvm.o Output/PpmdEncoder.llvm.o Output/PpmdHandler.llvm.o Output/PpmdRegister.llvm.o Output/PpmdZip.llvm.o Output/ProgressMt.llvm.o Output/ProgressUtils.llvm.o Output/PropIDUtils.llvm.o Output/PropVariant.llvm.o Output/PropVariantConversions.llvm.o Output/QuantumDecoder.llvm.o Output/RandGen.llvm.o Output/SetProperties.llvm.o Output/Sha1.llvm.o Output/Sha256.llvm.o Output/ShrinkDecoder.llvm.o Output/Sort.llvm.o Output/SortUtils.llvm.o Output/SplitHandler.llvm.o Output/StdInStream.llvm.o Output/StdOutStream.llvm.o Output/StreamBinder.llvm.o Output/StreamObjects.llvm.o Output/StreamUtils.llvm.o Output/StringConvert.llvm.o Output/StringToInt.llvm.o Output/Synchronization.llvm.o Output/System.llvm.o Output/TarHandler.llvm.o Output/TarHandlerOut.llvm.o Output/TarHeader.llvm.o Output/TarIn.llvm.o Output/TarOut.llvm.o Output/TarRegister.llvm.o Output/TarUpdate.llvm.o Output/TempFiles.llvm.o Output/Threads.llvm.o Output/Time.llvm.o Output/UTFConvert.llvm.o Output/Update.llvm.o Output/UpdateAction.llvm.o Output/UpdateCallback.llvm.o Output/UpdateCallbackConsole.llvm.o Output/UpdatePair.llvm.o Output/UpdateProduce.llvm.o Output/UserInputUtils.llvm.o Output/VirtThread.llvm.o Output/Wildcard.llvm.o Output/WzAes.llvm.o Output/Xz.llvm.o Output/XzCrc64.llvm.o Output/XzDec.llvm.o Output/XzEnc.llvm.o Output/XzHandler.llvm.o Output/XzIn.llvm.o Output/ZDecoder.llvm.o Output/ZHandler.llvm.o Output/ZipAddCommon.llvm.o Output/ZipCrypto.llvm.o Output/ZipHandler.llvm.o Output/ZipHandlerOut.llvm.o Output/ZipHeader.llvm.o Output/ZipIn.llvm.o Output/ZipItem.llvm.o Output/ZipOut.llvm.o Output/ZipRegister.llvm.o Output/ZipStrong.llvm.o Output/ZipUpdate.llvm.o Output/myAddExeFlag.llvm.o Output/myGetTickCount.llvm.o Output/mySplitCommandLine.llvm.o Output/wine_date_and_time.llvm.o -lstdc++ -pthread -DBREAK_HANDLER -DUNICODE -D_UNICODE -I/home/ed/mcsema-testing/llvm-test-suite/MultiSource/Benchmarks/7zip/C -I/home/ed/mcsema-testing/llvm-test-suite/MultiSource/Benchmarks/7zip/CPP/myWindows -I/home/ed/mcsema-testing/llvm-test-suite/MultiSource/Benchmarks/7zip/CPP/include_windows -I/home/ed/mcsema-testing/llvm-test-suite/MultiSource/Benchmarks/7zip/CPP -I. -D_FILE_OFFSET_BITS=64 -D_LARGEFILE_SOURCE -DNDEBUG -D_REENTRANT -DENV_UNIX -D_7ZIP_LARGE_PAGES -pthread  -m64 -fomit-frame-pointer
/home/ed/mcsema-testing/llvm-test-suite/RunSafely.sh -t "/home/ed/mcsema-testing/SANDBOX/test-2015-12-21_15-36-50/tools/timeit-target" 500 /dev/null Output/7zip-benchmark.out-simple Output/7zip-benchmark.simple b
cp Output/7zip-benchmark.simple Output/7zip-benchmark.simple-hash; \
	strip --remove-section=.comment --remove-section='.note*' Output/7zip-benchmark.simple-hash; \
	/home/ed/mcsema-testing/llvm-test-suite/HashProgramOutput.sh Output/7zip-benchmark.simple-hash
if [ -f "/home/ed/mcsema-testing/llvm-test-suite/MultiSource/Benchmarks/7zip/7zip-benchmark.reference_output.little-endian." ]; then \
	  cp /home/ed/mcsema-testing/llvm-test-suite/MultiSource/Benchmarks/7zip/7zip-benchmark.reference_output.little-endian. Output/7zip-benchmark.out-nat; \
	elif [ -f "/home/ed/mcsema-testing/llvm-test-suite/MultiSource/Benchmarks/7zip/7zip-benchmark.reference_output." ]; then \
	  cp /home/ed/mcsema-testing/llvm-test-suite/MultiSource/Benchmarks/7zip/7zip-benchmark.reference_output. Output/7zip-benchmark.out-nat; \
	elif [ -f "/home/ed/mcsema-testing/llvm-test-suite/MultiSource/Benchmarks/7zip/7zip-benchmark.reference_output.little-endian" ]; then \
	  cp /home/ed/mcsema-testing/llvm-test-suite/MultiSource/Benchmarks/7zip/7zip-benchmark.reference_output.little-endian Output/7zip-benchmark.out-nat; \
	elif [ -f "/home/ed/mcsema-testing/llvm-test-suite/MultiSource/Benchmarks/7zip/7zip-benchmark.reference_output" ]; then \
	  cp /home/ed/mcsema-testing/llvm-test-suite/MultiSource/Benchmarks/7zip/7zip-benchmark.reference_output Output/7zip-benchmark.out-nat; \
	else \
	  printf "WARNING: %s: %s\n" "NO REFERENCE OUTPUT (using default)" "/home/ed/mcsema-testing/llvm-test-suite/MultiSource/Benchmarks/7zip/7zip-benchmark.reference_output" > Output/7zip-benchmark.out-nat; \
	  cp /home/ed/mcsema-testing/llvm-test-suite/default.reference_output Output/7zip-benchmark.out-nat; \
	  cat Output/7zip-benchmark.out-nat; \
	fi
exit 0
# Pretend that the reference output was produced instantaneously.
cp /home/ed/mcsema-testing/llvm-test-suite/instant.txt Output/7zip-benchmark.out-nat.time
touch Output/7zip-benchmark.diff-simple # simple 7zip-benchmark 
rm -f Output/7zip-benchmark.exe-simple
cp Output/7zip-benchmark.diff-simple Output/7zip-benchmark.exe-simple
if test -f Output/7zip-benchmark.extra-results.txt; then \
	  /home/ed/mcsema-testing/llvm-test-suite/ParseMultipleResults /home/ed/mcsema-testing/SANDBOX/test-2015-12-21_15-36-50/MultiSource/Benchmarks/7zip/7zip-benchmark Output/7zip-benchmark.extra-results.txt >> Output/7zip-benchmark.simple.exec.report.txt; \
	fi
cat Output/7zip-benchmark.simple.compile.report.txt Output/7zip-benchmark.simple.exec.report.txt >> Output/7zip-benchmark.simple.report.txt
---------------------------------------------------------------
>>> ========= '/home/ed/mcsema-testing/SANDBOX/test-2015-12-21_15-36-50/MultiSource/Benchmarks/7zip/7zip-benchmark' Program
---------------------------------------------------------------

TEST-PASS: compile /home/ed/mcsema-testing/SANDBOX/test-2015-12-21_15-36-50/MultiSource/Benchmarks/7zip/7zip-benchmark
TEST-RESULT-compile-success: pass
TEST-RESULT-compile-hash: c881c724689ec571165488df876d6562
TEST-RESULT-compile-time: user 30.778800
TEST-RESULT-compile-real-time: real 36.020700

TEST-PASS: exec /home/ed/mcsema-testing/SANDBOX/test-2015-12-21_15-36-50/MultiSource/Benchmarks/7zip/7zip-benchmark
TEST-RESULT-exec-success: pass
TEST-RESULT-exec-time: user       7.9717
TEST-RESULT-exec-real-time: real       8.0501
make[4]: Leaving directory `/home/ed/mcsema-testing/SANDBOX/test-2015-12-21_15-36-50/MultiSource/Benchmarks/7zip'
make[4]: Entering directory `/home/ed/mcsema-testing/SANDBOX/test-2015-12-21_15-36-50/MultiSource/Benchmarks/mafft'
/home/ed/mcsema-testing/llvm-test-suite/RunSafely.sh --show-errors -t "/home/ed/mcsema-testing/SANDBOX/test-2015-12-21_15-36-50/tools/timeit" 500 /dev/null Output/Calignm1.llvm.o.compile \
	  /usr/bin/clang -DLLVM -I/home/ed/mcsema-testing/SANDBOX/test-2015-12-21_15-36-50/MultiSource/Benchmarks/mafft -I/home/ed/mcsema-testing/llvm-test-suite/MultiSource/Benchmarks/mafft -I/home/ed/mcsema-testing/llvm-test-suite/include -I../../..//include -D_GNU_SOURCE -D__STDC_LIMIT_MACROS -DNDEBUG  -O3  -m64 -fomit-frame-pointer -c /home/ed/mcsema-testing/llvm-test-suite/MultiSource/Benchmarks/mafft/Calignm1.c -o Output/Calignm1.llvm.o
/home/ed/mcsema-testing/llvm-test-suite/RunSafely.sh --show-errors -t "/home/ed/mcsema-testing/SANDBOX/test-2015-12-21_15-36-50/tools/timeit" 500 /dev/null Output/Falign.llvm.o.compile \
	  /usr/bin/clang -DLLVM -I/home/ed/mcsema-testing/SANDBOX/test-2015-12-21_15-36-50/MultiSource/Benchmarks/mafft -I/home/ed/mcsema-testing/llvm-test-suite/MultiSource/Benchmarks/mafft -I/home/ed/mcsema-testing/llvm-test-suite/include -I../../..//include -D_GNU_SOURCE -D__STDC_LIMIT_MACROS -DNDEBUG  -O3  -m64 -fomit-frame-pointer -c /home/ed/mcsema-testing/llvm-test-suite/MultiSource/Benchmarks/mafft/Falign.c -o Output/Falign.llvm.o
/home/ed/mcsema-testing/llvm-test-suite/RunSafely.sh --show-errors -t "/home/ed/mcsema-testing/SANDBOX/test-2015-12-21_15-36-50/tools/timeit" 500 /dev/null Output/Galign11.llvm.o.compile \
	  /usr/bin/clang -DLLVM -I/home/ed/mcsema-testing/SANDBOX/test-2015-12-21_15-36-50/MultiSource/Benchmarks/mafft -I/home/ed/mcsema-testing/llvm-test-suite/MultiSource/Benchmarks/mafft -I/home/ed/mcsema-testing/llvm-test-suite/include -I../../..//include -D_GNU_SOURCE -D__STDC_LIMIT_MACROS -DNDEBUG  -O3  -m64 -fomit-frame-pointer -c /home/ed/mcsema-testing/llvm-test-suite/MultiSource/Benchmarks/mafft/Galign11.c -o Output/Galign11.llvm.o
/home/ed/mcsema-testing/llvm-test-suite/RunSafely.sh --show-errors -t "/home/ed/mcsema-testing/SANDBOX/test-2015-12-21_15-36-50/tools/timeit" 500 /dev/null Output/Halignmm.llvm.o.compile \
	  /usr/bin/clang -DLLVM -I/home/ed/mcsema-testing/SANDBOX/test-2015-12-21_15-36-50/MultiSource/Benchmarks/mafft -I/home/ed/mcsema-testing/llvm-test-suite/MultiSource/Benchmarks/mafft -I/home/ed/mcsema-testing/llvm-test-suite/include -I../../..//include -D_GNU_SOURCE -D__STDC_LIMIT_MACROS -DNDEBUG  -O3  -m64 -fomit-frame-pointer -c /home/ed/mcsema-testing/llvm-test-suite/MultiSource/Benchmarks/mafft/Halignmm.c -o Output/Halignmm.llvm.o
/home/ed/mcsema-testing/llvm-test-suite/RunSafely.sh --show-errors -t "/home/ed/mcsema-testing/SANDBOX/test-2015-12-21_15-36-50/tools/timeit" 500 /dev/null Output/Lalign11.llvm.o.compile \
	  /usr/bin/clang -DLLVM -I/home/ed/mcsema-testing/SANDBOX/test-2015-12-21_15-36-50/MultiSource/Benchmarks/mafft -I/home/ed/mcsema-testing/llvm-test-suite/MultiSource/Benchmarks/mafft -I/home/ed/mcsema-testing/llvm-test-suite/include -I../../..//include -D_GNU_SOURCE -D__STDC_LIMIT_MACROS -DNDEBUG  -O3  -m64 -fomit-frame-pointer -c /home/ed/mcsema-testing/llvm-test-suite/MultiSource/Benchmarks/mafft/Lalign11.c -o Output/Lalign11.llvm.o
/home/ed/mcsema-testing/llvm-test-suite/RunSafely.sh --show-errors -t "/home/ed/mcsema-testing/SANDBOX/test-2015-12-21_15-36-50/tools/timeit" 500 /dev/null Output/Lalignmm.llvm.o.compile \
	  /usr/bin/clang -DLLVM -I/home/ed/mcsema-testing/SANDBOX/test-2015-12-21_15-36-50/MultiSource/Benchmarks/mafft -I/home/ed/mcsema-testing/llvm-test-suite/MultiSource/Benchmarks/mafft -I/home/ed/mcsema-testing/llvm-test-suite/include -I../../..//include -D_GNU_SOURCE -D__STDC_LIMIT_MACROS -DNDEBUG  -O3  -m64 -fomit-frame-pointer -c /home/ed/mcsema-testing/llvm-test-suite/MultiSource/Benchmarks/mafft/Lalignmm.c -o Output/Lalignmm.llvm.o
/home/ed/mcsema-testing/llvm-test-suite/RunSafely.sh --show-errors -t "/home/ed/mcsema-testing/SANDBOX/test-2015-12-21_15-36-50/tools/timeit" 500 /dev/null Output/MSalign11.llvm.o.compile \
	  /usr/bin/clang -DLLVM -I/home/ed/mcsema-testing/SANDBOX/test-2015-12-21_15-36-50/MultiSource/Benchmarks/mafft -I/home/ed/mcsema-testing/llvm-test-suite/MultiSource/Benchmarks/mafft -I/home/ed/mcsema-testing/llvm-test-suite/include -I../../..//include -D_GNU_SOURCE -D__STDC_LIMIT_MACROS -DNDEBUG  -O3  -m64 -fomit-frame-pointer -c /home/ed/mcsema-testing/llvm-test-suite/MultiSource/Benchmarks/mafft/MSalign11.c -o Output/MSalign11.llvm.o
/home/ed/mcsema-testing/llvm-test-suite/RunSafely.sh --show-errors -t "/home/ed/mcsema-testing/SANDBOX/test-2015-12-21_15-36-50/tools/timeit" 500 /dev/null Output/MSalignmm.llvm.o.compile \
	  /usr/bin/clang -DLLVM -I/home/ed/mcsema-testing/SANDBOX/test-2015-12-21_15-36-50/MultiSource/Benchmarks/mafft -I/home/ed/mcsema-testing/llvm-test-suite/MultiSource/Benchmarks/mafft -I/home/ed/mcsema-testing/llvm-test-suite/include -I../../..//include -D_GNU_SOURCE -D__STDC_LIMIT_MACROS -DNDEBUG  -O3  -m64 -fomit-frame-pointer -c /home/ed/mcsema-testing/llvm-test-suite/MultiSource/Benchmarks/mafft/MSalignmm.c -o Output/MSalignmm.llvm.o
/home/ed/mcsema-testing/llvm-test-suite/RunSafely.sh --show-errors -t "/home/ed/mcsema-testing/SANDBOX/test-2015-12-21_15-36-50/tools/timeit" 500 /dev/null Output/Qalignmm.llvm.o.compile \
	  /usr/bin/clang -DLLVM -I/home/ed/mcsema-testing/SANDBOX/test-2015-12-21_15-36-50/MultiSource/Benchmarks/mafft -I/home/ed/mcsema-testing/llvm-test-suite/MultiSource/Benchmarks/mafft -I/home/ed/mcsema-testing/llvm-test-suite/include -I../../..//include -D_GNU_SOURCE -D__STDC_LIMIT_MACROS -DNDEBUG  -O3  -m64 -fomit-frame-pointer -c /home/ed/mcsema-testing/llvm-test-suite/MultiSource/Benchmarks/mafft/Qalignmm.c -o Output/Qalignmm.llvm.o
/home/ed/mcsema-testing/llvm-test-suite/RunSafely.sh --show-errors -t "/home/ed/mcsema-testing/SANDBOX/test-2015-12-21_15-36-50/tools/timeit" 500 /dev/null Output/Ralignmm.llvm.o.compile \
	  /usr/bin/clang -DLLVM -I/home/ed/mcsema-testing/SANDBOX/test-2015-12-21_15-36-50/MultiSource/Benchmarks/mafft -I/home/ed/mcsema-testing/llvm-test-suite/MultiSource/Benchmarks/mafft -I/home/ed/mcsema-testing/llvm-test-suite/include -I../../..//include -D_GNU_SOURCE -D__STDC_LIMIT_MACROS -DNDEBUG  -O3  -m64 -fomit-frame-pointer -c /home/ed/mcsema-testing/llvm-test-suite/MultiSource/Benchmarks/mafft/Ralignmm.c -o Output/Ralignmm.llvm.o
/home/ed/mcsema-testing/llvm-test-suite/RunSafely.sh --show-errors -t "/home/ed/mcsema-testing/SANDBOX/test-2015-12-21_15-36-50/tools/timeit" 500 /dev/null Output/SAalignmm.llvm.o.compile \
	  /usr/bin/clang -DLLVM -I/home/ed/mcsema-testing/SANDBOX/test-2015-12-21_15-36-50/MultiSource/Benchmarks/mafft -I/home/ed/mcsema-testing/llvm-test-suite/MultiSource/Benchmarks/mafft -I/home/ed/mcsema-testing/llvm-test-suite/include -I../../..//include -D_GNU_SOURCE -D__STDC_LIMIT_MACROS -DNDEBUG  -O3  -m64 -fomit-frame-pointer -c /home/ed/mcsema-testing/llvm-test-suite/MultiSource/Benchmarks/mafft/SAalignmm.c -o Output/SAalignmm.llvm.o
/home/ed/mcsema-testing/llvm-test-suite/RunSafely.sh --show-errors -t "/home/ed/mcsema-testing/SANDBOX/test-2015-12-21_15-36-50/tools/timeit" 500 /dev/null Output/Salignmm.llvm.o.compile \
	  /usr/bin/clang -DLLVM -I/home/ed/mcsema-testing/SANDBOX/test-2015-12-21_15-36-50/MultiSource/Benchmarks/mafft -I/home/ed/mcsema-testing/llvm-test-suite/MultiSource/Benchmarks/mafft -I/home/ed/mcsema-testing/llvm-test-suite/include -I../../..//include -D_GNU_SOURCE -D__STDC_LIMIT_MACROS -DNDEBUG  -O3  -m64 -fomit-frame-pointer -c /home/ed/mcsema-testing/llvm-test-suite/MultiSource/Benchmarks/mafft/Salignmm.c -o Output/Salignmm.llvm.o
/home/ed/mcsema-testing/llvm-test-suite/RunSafely.sh --show-errors -t "/home/ed/mcsema-testing/SANDBOX/test-2015-12-21_15-36-50/tools/timeit" 500 /dev/null Output/constants.llvm.o.compile \
	  /usr/bin/clang -DLLVM -I/home/ed/mcsema-testing/SANDBOX/test-2015-12-21_15-36-50/MultiSource/Benchmarks/mafft -I/home/ed/mcsema-testing/llvm-test-suite/MultiSource/Benchmarks/mafft -I/home/ed/mcsema-testing/llvm-test-suite/include -I../../..//include -D_GNU_SOURCE -D__STDC_LIMIT_MACROS -DNDEBUG  -O3  -m64 -fomit-frame-pointer -c /home/ed/mcsema-testing/llvm-test-suite/MultiSource/Benchmarks/mafft/constants.c -o Output/constants.llvm.o
/home/ed/mcsema-testing/llvm-test-suite/RunSafely.sh --show-errors -t "/home/ed/mcsema-testing/SANDBOX/test-2015-12-21_15-36-50/tools/timeit" 500 /dev/null Output/defs.llvm.o.compile \
	  /usr/bin/clang -DLLVM -I/home/ed/mcsema-testing/SANDBOX/test-2015-12-21_15-36-50/MultiSource/Benchmarks/mafft -I/home/ed/mcsema-testing/llvm-test-suite/MultiSource/Benchmarks/mafft -I/home/ed/mcsema-testing/llvm-test-suite/include -I../../..//include -D_GNU_SOURCE -D__STDC_LIMIT_MACROS -DNDEBUG  -O3  -m64 -fomit-frame-pointer -c /home/ed/mcsema-testing/llvm-test-suite/MultiSource/Benchmarks/mafft/defs.c -o Output/defs.llvm.o
/home/ed/mcsema-testing/llvm-test-suite/RunSafely.sh --show-errors -t "/home/ed/mcsema-testing/SANDBOX/test-2015-12-21_15-36-50/tools/timeit" 500 /dev/null Output/fft.llvm.o.compile \
	  /usr/bin/clang -DLLVM -I/home/ed/mcsema-testing/SANDBOX/test-2015-12-21_15-36-50/MultiSource/Benchmarks/mafft -I/home/ed/mcsema-testing/llvm-test-suite/MultiSource/Benchmarks/mafft -I/home/ed/mcsema-testing/llvm-test-suite/include -I../../..//include -D_GNU_SOURCE -D__STDC_LIMIT_MACROS -DNDEBUG  -O3  -m64 -fomit-frame-pointer -c /home/ed/mcsema-testing/llvm-test-suite/MultiSource/Benchmarks/mafft/fft.c -o Output/fft.llvm.o
/home/ed/mcsema-testing/llvm-test-suite/RunSafely.sh --show-errors -t "/home/ed/mcsema-testing/SANDBOX/test-2015-12-21_15-36-50/tools/timeit" 500 /dev/null Output/fftFunctions.llvm.o.compile \
	  /usr/bin/clang -DLLVM -I/home/ed/mcsema-testing/SANDBOX/test-2015-12-21_15-36-50/MultiSource/Benchmarks/mafft -I/home/ed/mcsema-testing/llvm-test-suite/MultiSource/Benchmarks/mafft -I/home/ed/mcsema-testing/llvm-test-suite/include -I../../..//include -D_GNU_SOURCE -D__STDC_LIMIT_MACROS -DNDEBUG  -O3  -m64 -fomit-frame-pointer -c /home/ed/mcsema-testing/llvm-test-suite/MultiSource/Benchmarks/mafft/fftFunctions.c -o Output/fftFunctions.llvm.o
/home/ed/mcsema-testing/llvm-test-suite/RunSafely.sh --show-errors -t "/home/ed/mcsema-testing/SANDBOX/test-2015-12-21_15-36-50/tools/timeit" 500 /dev/null Output/genGalign11.llvm.o.compile \
	  /usr/bin/clang -DLLVM -I/home/ed/mcsema-testing/SANDBOX/test-2015-12-21_15-36-50/MultiSource/Benchmarks/mafft -I/home/ed/mcsema-testing/llvm-test-suite/MultiSource/Benchmarks/mafft -I/home/ed/mcsema-testing/llvm-test-suite/include -I../../..//include -D_GNU_SOURCE -D__STDC_LIMIT_MACROS -DNDEBUG  -O3  -m64 -fomit-frame-pointer -c /home/ed/mcsema-testing/llvm-test-suite/MultiSource/Benchmarks/mafft/genGalign11.c -o Output/genGalign11.llvm.o
/home/ed/mcsema-testing/llvm-test-suite/RunSafely.sh --show-errors -t "/home/ed/mcsema-testing/SANDBOX/test-2015-12-21_15-36-50/tools/timeit" 500 /dev/null Output/genalign11.llvm.o.compile \
	  /usr/bin/clang -DLLVM -I/home/ed/mcsema-testing/SANDBOX/test-2015-12-21_15-36-50/MultiSource/Benchmarks/mafft -I/home/ed/mcsema-testing/llvm-test-suite/MultiSource/Benchmarks/mafft -I/home/ed/mcsema-testing/llvm-test-suite/include -I../../..//include -D_GNU_SOURCE -D__STDC_LIMIT_MACROS -DNDEBUG  -O3  -m64 -fomit-frame-pointer -c /home/ed/mcsema-testing/llvm-test-suite/MultiSource/Benchmarks/mafft/genalign11.c -o Output/genalign11.llvm.o
/home/ed/mcsema-testing/llvm-test-suite/RunSafely.sh --show-errors -t "/home/ed/mcsema-testing/SANDBOX/test-2015-12-21_15-36-50/tools/timeit" 500 /dev/null Output/io.llvm.o.compile \
	  /usr/bin/clang -DLLVM -I/home/ed/mcsema-testing/SANDBOX/test-2015-12-21_15-36-50/MultiSource/Benchmarks/mafft -I/home/ed/mcsema-testing/llvm-test-suite/MultiSource/Benchmarks/mafft -I/home/ed/mcsema-testing/llvm-test-suite/include -I../../..//include -D_GNU_SOURCE -D__STDC_LIMIT_MACROS -DNDEBUG  -O3  -m64 -fomit-frame-pointer -c /home/ed/mcsema-testing/llvm-test-suite/MultiSource/Benchmarks/mafft/io.c -o Output/io.llvm.o
/home/ed/mcsema-testing/llvm-test-suite/RunSafely.sh --show-errors -t "/home/ed/mcsema-testing/SANDBOX/test-2015-12-21_15-36-50/tools/timeit" 500 /dev/null Output/mltaln9.llvm.o.compile \
	  /usr/bin/clang -DLLVM -I/home/ed/mcsema-testing/SANDBOX/test-2015-12-21_15-36-50/MultiSource/Benchmarks/mafft -I/home/ed/mcsema-testing/llvm-test-suite/MultiSource/Benchmarks/mafft -I/home/ed/mcsema-testing/llvm-test-suite/include -I../../..//include -D_GNU_SOURCE -D__STDC_LIMIT_MACROS -DNDEBUG  -O3  -m64 -fomit-frame-pointer -c /home/ed/mcsema-testing/llvm-test-suite/MultiSource/Benchmarks/mafft/mltaln9.c -o Output/mltaln9.llvm.o
/home/ed/mcsema-testing/llvm-test-suite/RunSafely.sh --show-errors -t "/home/ed/mcsema-testing/SANDBOX/test-2015-12-21_15-36-50/tools/timeit" 500 /dev/null Output/mtxutl.llvm.o.compile \
	  /usr/bin/clang -DLLVM -I/home/ed/mcsema-testing/SANDBOX/test-2015-12-21_15-36-50/MultiSource/Benchmarks/mafft -I/home/ed/mcsema-testing/llvm-test-suite/MultiSource/Benchmarks/mafft -I/home/ed/mcsema-testing/llvm-test-suite/include -I../../..//include -D_GNU_SOURCE -D__STDC_LIMIT_MACROS -DNDEBUG  -O3  -m64 -fomit-frame-pointer -c /home/ed/mcsema-testing/llvm-test-suite/MultiSource/Benchmarks/mafft/mtxutl.c -o Output/mtxutl.llvm.o
/home/ed/mcsema-testing/llvm-test-suite/RunSafely.sh --show-errors -t "/home/ed/mcsema-testing/SANDBOX/test-2015-12-21_15-36-50/tools/timeit" 500 /dev/null Output/pairlocalalign.llvm.o.compile \
	  /usr/bin/clang -DLLVM -I/home/ed/mcsema-testing/SANDBOX/test-2015-12-21_15-36-50/MultiSource/Benchmarks/mafft -I/home/ed/mcsema-testing/llvm-test-suite/MultiSource/Benchmarks/mafft -I/home/ed/mcsema-testing/llvm-test-suite/include -I../../..//include -D_GNU_SOURCE -D__STDC_LIMIT_MACROS -DNDEBUG  -O3  -m64 -fomit-frame-pointer -c /home/ed/mcsema-testing/llvm-test-suite/MultiSource/Benchmarks/mafft/pairlocalalign.c -o Output/pairlocalalign.llvm.o
/home/ed/mcsema-testing/llvm-test-suite/RunSafely.sh --show-errors -t "/home/ed/mcsema-testing/SANDBOX/test-2015-12-21_15-36-50/tools/timeit" 500 /dev/null Output/partQalignmm.llvm.o.compile \
	  /usr/bin/clang -DLLVM -I/home/ed/mcsema-testing/SANDBOX/test-2015-12-21_15-36-50/MultiSource/Benchmarks/mafft -I/home/ed/mcsema-testing/llvm-test-suite/MultiSource/Benchmarks/mafft -I/home/ed/mcsema-testing/llvm-test-suite/include -I../../..//include -D_GNU_SOURCE -D__STDC_LIMIT_MACROS -DNDEBUG  -O3  -m64 -fomit-frame-pointer -c /home/ed/mcsema-testing/llvm-test-suite/MultiSource/Benchmarks/mafft/partQalignmm.c -o Output/partQalignmm.llvm.o
/home/ed/mcsema-testing/llvm-test-suite/RunSafely.sh --show-errors -t "/home/ed/mcsema-testing/SANDBOX/test-2015-12-21_15-36-50/tools/timeit" 500 /dev/null Output/partSalignmm.llvm.o.compile \
	  /usr/bin/clang -DLLVM -I/home/ed/mcsema-testing/SANDBOX/test-2015-12-21_15-36-50/MultiSource/Benchmarks/mafft -I/home/ed/mcsema-testing/llvm-test-suite/MultiSource/Benchmarks/mafft -I/home/ed/mcsema-testing/llvm-test-suite/include -I../../..//include -D_GNU_SOURCE -D__STDC_LIMIT_MACROS -DNDEBUG  -O3  -m64 -fomit-frame-pointer -c /home/ed/mcsema-testing/llvm-test-suite/MultiSource/Benchmarks/mafft/partSalignmm.c -o Output/partSalignmm.llvm.o
/home/ed/mcsema-testing/llvm-test-suite/RunSafely.sh --show-errors -t "/home/ed/mcsema-testing/SANDBOX/test-2015-12-21_15-36-50/tools/timeit" 500 /dev/null Output/rna.llvm.o.compile \
	  /usr/bin/clang -DLLVM -I/home/ed/mcsema-testing/SANDBOX/test-2015-12-21_15-36-50/MultiSource/Benchmarks/mafft -I/home/ed/mcsema-testing/llvm-test-suite/MultiSource/Benchmarks/mafft -I/home/ed/mcsema-testing/llvm-test-suite/include -I../../..//include -D_GNU_SOURCE -D__STDC_LIMIT_MACROS -DNDEBUG  -O3  -m64 -fomit-frame-pointer -c /home/ed/mcsema-testing/llvm-test-suite/MultiSource/Benchmarks/mafft/rna.c -o Output/rna.llvm.o
/home/ed/mcsema-testing/llvm-test-suite/RunSafely.sh --show-errors -t "/home/ed/mcsema-testing/SANDBOX/test-2015-12-21_15-36-50/tools/timeit" 500 /dev/null Output/suboptalign11.llvm.o.compile \
	  /usr/bin/clang -DLLVM -I/home/ed/mcsema-testing/SANDBOX/test-2015-12-21_15-36-50/MultiSource/Benchmarks/mafft -I/home/ed/mcsema-testing/llvm-test-suite/MultiSource/Benchmarks/mafft -I/home/ed/mcsema-testing/llvm-test-suite/include -I../../..//include -D_GNU_SOURCE -D__STDC_LIMIT_MACROS -DNDEBUG  -O3  -m64 -fomit-frame-pointer -c /home/ed/mcsema-testing/llvm-test-suite/MultiSource/Benchmarks/mafft/suboptalign11.c -o Output/suboptalign11.llvm.o
/home/ed/mcsema-testing/llvm-test-suite/RunSafely.sh --show-errors -t "/home/ed/mcsema-testing/SANDBOX/test-2015-12-21_15-36-50/tools/timeit" 500 /dev/null Output/tddis.llvm.o.compile \
	  /usr/bin/clang -DLLVM -I/home/ed/mcsema-testing/SANDBOX/test-2015-12-21_15-36-50/MultiSource/Benchmarks/mafft -I/home/ed/mcsema-testing/llvm-test-suite/MultiSource/Benchmarks/mafft -I/home/ed/mcsema-testing/llvm-test-suite/include -I../../..//include -D_GNU_SOURCE -D__STDC_LIMIT_MACROS -DNDEBUG  -O3  -m64 -fomit-frame-pointer -c /home/ed/mcsema-testing/llvm-test-suite/MultiSource/Benchmarks/mafft/tddis.c -o Output/tddis.llvm.o
/usr/bin/clang++ -o Output/pairlocalalign.simple Output/Calignm1.llvm.o Output/Falign.llvm.o Output/Galign11.llvm.o Output/Halignmm.llvm.o Output/Lalign11.llvm.o Output/Lalignmm.llvm.o Output/MSalign11.llvm.o Output/MSalignmm.llvm.o Output/Qalignmm.llvm.o Output/Ralignmm.llvm.o Output/SAalignmm.llvm.o Output/Salignmm.llvm.o Output/constants.llvm.o Output/defs.llvm.o Output/fft.llvm.o Output/fftFunctions.llvm.o Output/genGalign11.llvm.o Output/genalign11.llvm.o Output/io.llvm.o Output/mltaln9.llvm.o Output/mtxutl.llvm.o Output/pairlocalalign.llvm.o Output/partQalignmm.llvm.o Output/partSalignmm.llvm.o Output/rna.llvm.o Output/suboptalign11.llvm.o Output/tddis.llvm.o -lm   -m64 -fomit-frame-pointer
/home/ed/mcsema-testing/llvm-test-suite/RunSafely.sh -t "/home/ed/mcsema-testing/SANDBOX/test-2015-12-21_15-36-50/tools/timeit-target" 500 /home/ed/mcsema-testing/llvm-test-suite/MultiSource/Benchmarks/mafft/pyruvate_decarboxylase.fasta Output/pairlocalalign.out-simple Output/pairlocalalign.simple -b 62 -g 0.100 -f 2.00 -h 0.100 -L
/home/ed/mcsema-testing/llvm-test-suite/HashProgramOutput.sh Output/pairlocalalign.out-simple
cp Output/pairlocalalign.simple Output/pairlocalalign.simple-hash; \
	strip --remove-section=.comment --remove-section='.note*' Output/pairlocalalign.simple-hash; \
	/home/ed/mcsema-testing/llvm-test-suite/HashProgramOutput.sh Output/pairlocalalign.simple-hash
if [ -f "/home/ed/mcsema-testing/llvm-test-suite/MultiSource/Benchmarks/mafft/pairlocalalign.reference_output.little-endian." ]; then \
	  cp /home/ed/mcsema-testing/llvm-test-suite/MultiSource/Benchmarks/mafft/pairlocalalign.reference_output.little-endian. Output/pairlocalalign.out-nat; \
	elif [ -f "/home/ed/mcsema-testing/llvm-test-suite/MultiSource/Benchmarks/mafft/pairlocalalign.reference_output." ]; then \
	  cp /home/ed/mcsema-testing/llvm-test-suite/MultiSource/Benchmarks/mafft/pairlocalalign.reference_output. Output/pairlocalalign.out-nat; \
	elif [ -f "/home/ed/mcsema-testing/llvm-test-suite/MultiSource/Benchmarks/mafft/pairlocalalign.reference_output.little-endian" ]; then \
	  cp /home/ed/mcsema-testing/llvm-test-suite/MultiSource/Benchmarks/mafft/pairlocalalign.reference_output.little-endian Output/pairlocalalign.out-nat; \
	elif [ -f "/home/ed/mcsema-testing/llvm-test-suite/MultiSource/Benchmarks/mafft/pairlocalalign.reference_output" ]; then \
	  cp /home/ed/mcsema-testing/llvm-test-suite/MultiSource/Benchmarks/mafft/pairlocalalign.reference_output Output/pairlocalalign.out-nat; \
	else \
	  printf "WARNING: %s: %s\n" "NO REFERENCE OUTPUT (using default)" "/home/ed/mcsema-testing/llvm-test-suite/MultiSource/Benchmarks/mafft/pairlocalalign.reference_output" > Output/pairlocalalign.out-nat; \
	  cp /home/ed/mcsema-testing/llvm-test-suite/default.reference_output Output/pairlocalalign.out-nat; \
	  cat Output/pairlocalalign.out-nat; \
	fi
# Pretend that the reference output was produced instantaneously.
cp /home/ed/mcsema-testing/llvm-test-suite/instant.txt Output/pairlocalalign.out-nat.time
/home/ed/mcsema-testing/llvm-test-suite/DiffOutput.sh "/home/ed/mcsema-testing/SANDBOX/test-2015-12-21_15-36-50/tools/fpcmp " simple pairlocalalign 
rm -f Output/pairlocalalign.exe-simple
cp Output/pairlocalalign.diff-simple Output/pairlocalalign.exe-simple
if test -f Output/pairlocalalign.extra-results.txt; then \
	  /home/ed/mcsema-testing/llvm-test-suite/ParseMultipleResults /home/ed/mcsema-testing/SANDBOX/test-2015-12-21_15-36-50/MultiSource/Benchmarks/mafft/pairlocalalign Output/pairlocalalign.extra-results.txt >> Output/pairlocalalign.simple.exec.report.txt; \
	fi
cat Output/pairlocalalign.simple.compile.report.txt Output/pairlocalalign.simple.exec.report.txt >> Output/pairlocalalign.simple.report.txt
---------------------------------------------------------------
>>> ========= '/home/ed/mcsema-testing/SANDBOX/test-2015-12-21_15-36-50/MultiSource/Benchmarks/mafft/pairlocalalign' Program
---------------------------------------------------------------

TEST-PASS: compile /home/ed/mcsema-testing/SANDBOX/test-2015-12-21_15-36-50/MultiSource/Benchmarks/mafft/pairlocalalign
TEST-RESULT-compile-success: pass
TEST-RESULT-compile-hash: b783f5df85180605ae3a3ce7ad70de96
TEST-RESULT-compile-time: user 5.986200
TEST-RESULT-compile-real-time: real 6.717400

TEST-PASS: exec /home/ed/mcsema-testing/SANDBOX/test-2015-12-21_15-36-50/MultiSource/Benchmarks/mafft/pairlocalalign
TEST-RESULT-exec-success: pass
TEST-RESULT-exec-time: user       21.9158
TEST-RESULT-exec-real-time: real       22.1128
make[4]: Leaving directory `/home/ed/mcsema-testing/SANDBOX/test-2015-12-21_15-36-50/MultiSource/Benchmarks/mafft'
make[3]: Leaving directory `/home/ed/mcsema-testing/SANDBOX/test-2015-12-21_15-36-50/MultiSource/Benchmarks'
make[3]: Entering directory `/home/ed/mcsema-testing/SANDBOX/test-2015-12-21_15-36-50/MultiSource/UnitTests'
make[4]: Entering directory `/home/ed/mcsema-testing/SANDBOX/test-2015-12-21_15-36-50/MultiSource/UnitTests/C++11'
make[5]: Entering directory `/home/ed/mcsema-testing/SANDBOX/test-2015-12-21_15-36-50/MultiSource/UnitTests/C++11/frame_layout'
/home/ed/mcsema-testing/llvm-test-suite/RunSafely.sh --show-errors -t "/home/ed/mcsema-testing/SANDBOX/test-2015-12-21_15-36-50/tools/timeit" 500 /dev/null Output/frame_layout-2.llvm.o.compile \
	  /usr/bin/clang++ -std=c++11 -I/home/ed/mcsema-testing/SANDBOX/test-2015-12-21_15-36-50/MultiSource/UnitTests/C++11/frame_layout -I/home/ed/mcsema-testing/llvm-test-suite/MultiSource/UnitTests/C++11/frame_layout -I/home/ed/mcsema-testing/llvm-test-suite/include -I../../../../include -D_GNU_SOURCE -D__STDC_LIMIT_MACROS -DNDEBUG  -O3  -m64 -fomit-frame-pointer -c /home/ed/mcsema-testing/llvm-test-suite/MultiSource/UnitTests/C++11/frame_layout/frame_layout-2.cpp -o Output/frame_layout-2.llvm.o
/home/ed/mcsema-testing/llvm-test-suite/RunSafely.sh --show-errors -t "/home/ed/mcsema-testing/SANDBOX/test-2015-12-21_15-36-50/tools/timeit" 500 /dev/null Output/frame_layout.llvm.o.compile \
	  /usr/bin/clang++ -std=c++11 -I/home/ed/mcsema-testing/SANDBOX/test-2015-12-21_15-36-50/MultiSource/UnitTests/C++11/frame_layout -I/home/ed/mcsema-testing/llvm-test-suite/MultiSource/UnitTests/C++11/frame_layout -I/home/ed/mcsema-testing/llvm-test-suite/include -I../../../../include -D_GNU_SOURCE -D__STDC_LIMIT_MACROS -DNDEBUG  -O3  -m64 -fomit-frame-pointer -c /home/ed/mcsema-testing/llvm-test-suite/MultiSource/UnitTests/C++11/frame_layout/frame_layout.cpp -o Output/frame_layout.llvm.o
/usr/bin/clang++ -o Output/frame_layout.simple Output/frame_layout-2.llvm.o Output/frame_layout.llvm.o    -m64 -fomit-frame-pointer
/home/ed/mcsema-testing/llvm-test-suite/RunSafely.sh -t "/home/ed/mcsema-testing/SANDBOX/test-2015-12-21_15-36-50/tools/timeit-target" 500 /dev/null Output/frame_layout.out-simple Output/frame_layout.simple 
cp Output/frame_layout.simple Output/frame_layout.simple-hash; \
	strip --remove-section=.comment --remove-section='.note*' Output/frame_layout.simple-hash; \
	/home/ed/mcsema-testing/llvm-test-suite/HashProgramOutput.sh Output/frame_layout.simple-hash
if [ -f "/home/ed/mcsema-testing/llvm-test-suite/MultiSource/UnitTests/C++11/frame_layout/frame_layout.reference_output.little-endian." ]; then \
	  cp /home/ed/mcsema-testing/llvm-test-suite/MultiSource/UnitTests/C++11/frame_layout/frame_layout.reference_output.little-endian. Output/frame_layout.out-nat; \
	elif [ -f "/home/ed/mcsema-testing/llvm-test-suite/MultiSource/UnitTests/C++11/frame_layout/frame_layout.reference_output." ]; then \
	  cp /home/ed/mcsema-testing/llvm-test-suite/MultiSource/UnitTests/C++11/frame_layout/frame_layout.reference_output. Output/frame_layout.out-nat; \
	elif [ -f "/home/ed/mcsema-testing/llvm-test-suite/MultiSource/UnitTests/C++11/frame_layout/frame_layout.reference_output.little-endian" ]; then \
	  cp /home/ed/mcsema-testing/llvm-test-suite/MultiSource/UnitTests/C++11/frame_layout/frame_layout.reference_output.little-endian Output/frame_layout.out-nat; \
	elif [ -f "/home/ed/mcsema-testing/llvm-test-suite/MultiSource/UnitTests/C++11/frame_layout/frame_layout.reference_output" ]; then \
	  cp /home/ed/mcsema-testing/llvm-test-suite/MultiSource/UnitTests/C++11/frame_layout/frame_layout.reference_output Output/frame_layout.out-nat; \
	else \
	  printf "WARNING: %s: %s\n" "NO REFERENCE OUTPUT (using default)" "/home/ed/mcsema-testing/llvm-test-suite/MultiSource/UnitTests/C++11/frame_layout/frame_layout.reference_output" > Output/frame_layout.out-nat; \
	  cp /home/ed/mcsema-testing/llvm-test-suite/default.reference_output Output/frame_layout.out-nat; \
	  cat Output/frame_layout.out-nat; \
	fi
# Pretend that the reference output was produced instantaneously.
cp /home/ed/mcsema-testing/llvm-test-suite/instant.txt Output/frame_layout.out-nat.time
/home/ed/mcsema-testing/llvm-test-suite/DiffOutput.sh "/home/ed/mcsema-testing/SANDBOX/test-2015-12-21_15-36-50/tools/fpcmp " simple frame_layout 
rm -f Output/frame_layout.exe-simple
cp Output/frame_layout.diff-simple Output/frame_layout.exe-simple
if test -f Output/frame_layout.extra-results.txt; then \
	  /home/ed/mcsema-testing/llvm-test-suite/ParseMultipleResults /home/ed/mcsema-testing/SANDBOX/test-2015-12-21_15-36-50/MultiSource/UnitTests/C++11/frame_layout/frame_layout Output/frame_layout.extra-results.txt >> Output/frame_layout.simple.exec.report.txt; \
	fi
cat Output/frame_layout.simple.compile.report.txt Output/frame_layout.simple.exec.report.txt >> Output/frame_layout.simple.report.txt
---------------------------------------------------------------
>>> ========= '/home/ed/mcsema-testing/SANDBOX/test-2015-12-21_15-36-50/MultiSource/UnitTests/C++11/frame_layout/frame_layout' Program
---------------------------------------------------------------

TEST-PASS: compile /home/ed/mcsema-testing/SANDBOX/test-2015-12-21_15-36-50/MultiSource/UnitTests/C++11/frame_layout/frame_layout
TEST-RESULT-compile-success: pass
TEST-RESULT-compile-hash: 0402ec4414630e9baecada31f5e0c7cf
TEST-RESULT-compile-time: user 1.162300
TEST-RESULT-compile-real-time: real 1.328300

TEST-PASS: exec /home/ed/mcsema-testing/SANDBOX/test-2015-12-21_15-36-50/MultiSource/UnitTests/C++11/frame_layout/frame_layout
TEST-RESULT-exec-success: pass
TEST-RESULT-exec-time: user       0.0013
TEST-RESULT-exec-real-time: real       0.0027
make[5]: Leaving directory `/home/ed/mcsema-testing/SANDBOX/test-2015-12-21_15-36-50/MultiSource/UnitTests/C++11/frame_layout'
make[4]: Leaving directory `/home/ed/mcsema-testing/SANDBOX/test-2015-12-21_15-36-50/MultiSource/UnitTests/C++11'
make[3]: Leaving directory `/home/ed/mcsema-testing/SANDBOX/test-2015-12-21_15-36-50/MultiSource/UnitTests'
make[2]: Leaving directory `/home/ed/mcsema-testing/SANDBOX/test-2015-12-21_15-36-50/MultiSource'
make[2]: Entering directory `/home/ed/mcsema-testing/SANDBOX/test-2015-12-21_15-36-50/External'
make[3]: Entering directory `/home/ed/mcsema-testing/SANDBOX/test-2015-12-21_15-36-50/External/SPEC'
make[3]: Nothing to be done for `test'.
make[3]: Leaving directory `/home/ed/mcsema-testing/SANDBOX/test-2015-12-21_15-36-50/External/SPEC'
make[2]: Leaving directory `/home/ed/mcsema-testing/SANDBOX/test-2015-12-21_15-36-50/External'
make[1]: Leaving directory `/home/ed/mcsema-testing/SANDBOX/test-2015-12-21_15-36-50'
find . -name \*.simple.report.txt -exec cat {} \; | tee report.simple.raw.out
---------------------------------------------------------------
>>> ========= '/home/ed/mcsema-testing/SANDBOX/test-2015-12-21_15-36-50/MultiSource/Applications/ClamAV/clamscan' Program
---------------------------------------------------------------

TEST-PASS: compile /home/ed/mcsema-testing/SANDBOX/test-2015-12-21_15-36-50/MultiSource/Applications/ClamAV/clamscan
TEST-RESULT-compile-success: pass
TEST-RESULT-compile-hash: 7fa64146088d8cead3697ddfe7007771
TEST-RESULT-compile-time: user 10.850300
TEST-RESULT-compile-real-time: real 12.562100

TEST-PASS: exec /home/ed/mcsema-testing/SANDBOX/test-2015-12-21_15-36-50/MultiSource/Applications/ClamAV/clamscan
TEST-RESULT-exec-success: pass
TEST-RESULT-exec-time: user       0.0966
TEST-RESULT-exec-real-time: real       0.1286
---------------------------------------------------------------
>>> ========= '/home/ed/mcsema-testing/SANDBOX/test-2015-12-21_15-36-50/MultiSource/Applications/hbd/hbd' Program
---------------------------------------------------------------

TEST-PASS: compile /home/ed/mcsema-testing/SANDBOX/test-2015-12-21_15-36-50/MultiSource/Applications/hbd/hbd
TEST-RESULT-compile-success: pass
TEST-RESULT-compile-hash: a5c17fc50085617d6985158e5751c0e4
TEST-RESULT-compile-time: user 1.335000
TEST-RESULT-compile-real-time: real 1.705600

TEST-PASS: exec /home/ed/mcsema-testing/SANDBOX/test-2015-12-21_15-36-50/MultiSource/Applications/hbd/hbd
TEST-RESULT-exec-success: pass
TEST-RESULT-exec-time: user       0.0019
TEST-RESULT-exec-real-time: real       0.0030
---------------------------------------------------------------
>>> ========= '/home/ed/mcsema-testing/SANDBOX/test-2015-12-21_15-36-50/MultiSource/Applications/lemon/lemon' Program
---------------------------------------------------------------

TEST-PASS: compile /home/ed/mcsema-testing/SANDBOX/test-2015-12-21_15-36-50/MultiSource/Applications/lemon/lemon
TEST-RESULT-compile-success: pass
TEST-RESULT-compile-hash: 7effd3e74afcf964fe527921f91bd064
TEST-RESULT-compile-time: user 0.766900
TEST-RESULT-compile-real-time: real 0.796200

TEST-PASS: exec /home/ed/mcsema-testing/SANDBOX/test-2015-12-21_15-36-50/MultiSource/Applications/lemon/lemon
TEST-RESULT-exec-success: pass
TEST-RESULT-exec-time: user       0.8474
TEST-RESULT-exec-real-time: real       1.1059
---------------------------------------------------------------
>>> ========= '/home/ed/mcsema-testing/SANDBOX/test-2015-12-21_15-36-50/MultiSource/Applications/obsequi/Obsequi' Program
---------------------------------------------------------------

TEST-PASS: compile /home/ed/mcsema-testing/SANDBOX/test-2015-12-21_15-36-50/MultiSource/Applications/obsequi/Obsequi
TEST-RESULT-compile-success: pass
TEST-RESULT-compile-hash: 13d9968856abcbb914a78d2a87b41e9a
TEST-RESULT-compile-time: user 0.854400
TEST-RESULT-compile-real-time: real 1.091400

TEST-PASS: exec /home/ed/mcsema-testing/SANDBOX/test-2015-12-21_15-36-50/MultiSource/Applications/obsequi/Obsequi
TEST-RESULT-exec-success: pass
TEST-RESULT-exec-time: user       1.5456
TEST-RESULT-exec-real-time: real       2.1045
---------------------------------------------------------------
>>> ========= '/home/ed/mcsema-testing/SANDBOX/test-2015-12-21_15-36-50/MultiSource/Applications/treecc/treecc' Program
---------------------------------------------------------------

TEST-PASS: compile /home/ed/mcsema-testing/SANDBOX/test-2015-12-21_15-36-50/MultiSource/Applications/treecc/treecc
TEST-RESULT-compile-success: pass
TEST-RESULT-compile-hash: 8e5802e295daf81d40e7df44c2bb374e
TEST-RESULT-compile-time: user 1.601100
TEST-RESULT-compile-real-time: real 2.040100

TEST-PASS: exec /home/ed/mcsema-testing/SANDBOX/test-2015-12-21_15-36-50/MultiSource/Applications/treecc/treecc
TEST-RESULT-exec-success: pass
TEST-RESULT-exec-time: user       0.0010
TEST-RESULT-exec-real-time: real       0.0021
---------------------------------------------------------------
>>> ========= '/home/ed/mcsema-testing/SANDBOX/test-2015-12-21_15-36-50/MultiSource/Applications/minisat/minisat' Program
---------------------------------------------------------------

TEST-PASS: compile /home/ed/mcsema-testing/SANDBOX/test-2015-12-21_15-36-50/MultiSource/Applications/minisat/minisat
TEST-RESULT-compile-success: pass
TEST-RESULT-compile-hash: e14b546f7a96b12d09c663b80e3c8fcd
TEST-RESULT-compile-time: user 0.475200
TEST-RESULT-compile-real-time: real 0.521200

TEST-PASS: exec /home/ed/mcsema-testing/SANDBOX/test-2015-12-21_15-36-50/MultiSource/Applications/minisat/minisat
TEST-RESULT-exec-success: pass
TEST-RESULT-exec-time: user       6.5923
TEST-RESULT-exec-real-time: real       6.6418
---------------------------------------------------------------
>>> ========= '/home/ed/mcsema-testing/SANDBOX/test-2015-12-21_15-36-50/MultiSource/Applications/aha/aha' Program
---------------------------------------------------------------

TEST-PASS: compile /home/ed/mcsema-testing/SANDBOX/test-2015-12-21_15-36-50/MultiSource/Applications/aha/aha
TEST-RESULT-compile-success: pass
TEST-RESULT-compile-hash: 042a75b6e3344a68303f091555f5a97c
TEST-RESULT-compile-time: user 0.091000
TEST-RESULT-compile-real-time: real 0.119500

TEST-PASS: exec /home/ed/mcsema-testing/SANDBOX/test-2015-12-21_15-36-50/MultiSource/Applications/aha/aha
TEST-RESULT-exec-success: pass
TEST-RESULT-exec-time: user       1.9648
TEST-RESULT-exec-real-time: real       1.9687
---------------------------------------------------------------
>>> ========= '/home/ed/mcsema-testing/SANDBOX/test-2015-12-21_15-36-50/MultiSource/Applications/sqlite3/sqlite3' Program
---------------------------------------------------------------

TEST-PASS: compile /home/ed/mcsema-testing/SANDBOX/test-2015-12-21_15-36-50/MultiSource/Applications/sqlite3/sqlite3
TEST-RESULT-compile-success: pass
TEST-RESULT-compile-hash: 6ab91d9f7a72ed5bb9ef0cde87491fb2
TEST-RESULT-compile-time: user 13.885500
TEST-RESULT-compile-real-time: real 14.067300

TEST-PASS: exec /home/ed/mcsema-testing/SANDBOX/test-2015-12-21_15-36-50/MultiSource/Applications/sqlite3/sqlite3
TEST-RESULT-exec-success: pass
TEST-RESULT-exec-time: user       2.9695
TEST-RESULT-exec-real-time: real       3.0499
---------------------------------------------------------------
>>> ========= '/home/ed/mcsema-testing/SANDBOX/test-2015-12-21_15-36-50/MultiSource/Applications/Burg/burg' Program
---------------------------------------------------------------

TEST-PASS: compile /home/ed/mcsema-testing/SANDBOX/test-2015-12-21_15-36-50/MultiSource/Applications/Burg/burg
TEST-RESULT-compile-success: pass
TEST-RESULT-compile-hash: e92f33248d014d83efc3a02d34f23674
TEST-RESULT-compile-time: user 1.092900
TEST-RESULT-compile-real-time: real 1.422700

TEST-PASS: exec /home/ed/mcsema-testing/SANDBOX/test-2015-12-21_15-36-50/MultiSource/Applications/Burg/burg
TEST-RESULT-exec-success: pass
TEST-RESULT-exec-time: user       0.0012
TEST-RESULT-exec-real-time: real       0.0023
---------------------------------------------------------------
>>> ========= '/home/ed/mcsema-testing/SANDBOX/test-2015-12-21_15-36-50/MultiSource/Applications/SPASS/SPASS' Program
---------------------------------------------------------------

TEST-PASS: compile /home/ed/mcsema-testing/SANDBOX/test-2015-12-21_15-36-50/MultiSource/Applications/SPASS/SPASS
TEST-RESULT-compile-success: pass
TEST-RESULT-compile-hash: 37a11e6c8499452811ce0e085ea4ca05
TEST-RESULT-compile-time: user 10.337800
TEST-RESULT-compile-real-time: real 11.405300

TEST-PASS: exec /home/ed/mcsema-testing/SANDBOX/test-2015-12-21_15-36-50/MultiSource/Applications/SPASS/SPASS
TEST-RESULT-exec-success: pass
TEST-RESULT-exec-time: user       13.6290
TEST-RESULT-exec-real-time: real       13.7050
---------------------------------------------------------------
>>> ========= '/home/ed/mcsema-testing/SANDBOX/test-2015-12-21_15-36-50/MultiSource/Applications/lua/lua' Program
---------------------------------------------------------------

TEST-PASS: compile /home/ed/mcsema-testing/SANDBOX/test-2015-12-21_15-36-50/MultiSource/Applications/lua/lua
TEST-RESULT-compile-success: pass
TEST-RESULT-compile-hash: a4b0db8314ca2dbb6f29f62c653081c2
TEST-RESULT-compile-time: user 2.932500
TEST-RESULT-compile-real-time: real 3.458900

TEST-PASS: exec /home/ed/mcsema-testing/SANDBOX/test-2015-12-21_15-36-50/MultiSource/Applications/lua/lua
TEST-RESULT-exec-success: pass
TEST-RESULT-exec-time: user       17.6524
TEST-RESULT-exec-real-time: real       17.8098
---------------------------------------------------------------
>>> ========= '/home/ed/mcsema-testing/SANDBOX/test-2015-12-21_15-36-50/MultiSource/Applications/SIBsim4/SIBsim4' Program
---------------------------------------------------------------

TEST-PASS: compile /home/ed/mcsema-testing/SANDBOX/test-2015-12-21_15-36-50/MultiSource/Applications/SIBsim4/SIBsim4
TEST-RESULT-compile-success: pass
TEST-RESULT-compile-hash: e401f2dda4748acb2b84e1c8b8fc538a
TEST-RESULT-compile-time: user 0.944600
TEST-RESULT-compile-real-time: real 1.026200

TEST-PASS: exec /home/ed/mcsema-testing/SANDBOX/test-2015-12-21_15-36-50/MultiSource/Applications/SIBsim4/SIBsim4
TEST-RESULT-exec-success: pass
TEST-RESULT-exec-time: user       3.1050
TEST-RESULT-exec-real-time: real       3.1342
---------------------------------------------------------------
>>> ========= '/home/ed/mcsema-testing/SANDBOX/test-2015-12-21_15-36-50/MultiSource/Applications/spiff/spiff' Program
---------------------------------------------------------------

TEST-PASS: compile /home/ed/mcsema-testing/SANDBOX/test-2015-12-21_15-36-50/MultiSource/Applications/spiff/spiff
TEST-RESULT-compile-success: pass
TEST-RESULT-compile-hash: 50bf572478f2268f82d81fd6565510e2
TEST-RESULT-compile-time: user 0.770700
TEST-RESULT-compile-real-time: real 1.040200

TEST-PASS: exec /home/ed/mcsema-testing/SANDBOX/test-2015-12-21_15-36-50/MultiSource/Applications/spiff/spiff
TEST-RESULT-exec-success: pass
TEST-RESULT-exec-time: user       1.8967
TEST-RESULT-exec-real-time: real       3.7926
---------------------------------------------------------------
>>> ========= '/home/ed/mcsema-testing/SANDBOX/test-2015-12-21_15-36-50/MultiSource/Applications/viterbi/viterbi' Program
---------------------------------------------------------------

TEST-PASS: compile /home/ed/mcsema-testing/SANDBOX/test-2015-12-21_15-36-50/MultiSource/Applications/viterbi/viterbi
TEST-RESULT-compile-success: pass
TEST-RESULT-compile-hash: 4e705bc45073142f809cced530302e3f
TEST-RESULT-compile-time: user 0.179100
TEST-RESULT-compile-real-time: real 0.243100

TEST-PASS: exec /home/ed/mcsema-testing/SANDBOX/test-2015-12-21_15-36-50/MultiSource/Applications/viterbi/viterbi
TEST-RESULT-exec-success: pass
TEST-RESULT-exec-time: user       1.5781
TEST-RESULT-exec-real-time: real       1.5932
---------------------------------------------------------------
>>> ========= '/home/ed/mcsema-testing/SANDBOX/test-2015-12-21_15-36-50/MultiSource/Applications/ALAC/decode/alacconvert-decode' Program
---------------------------------------------------------------

TEST-PASS: compile /home/ed/mcsema-testing/SANDBOX/test-2015-12-21_15-36-50/MultiSource/Applications/ALAC/decode/alacconvert-decode
TEST-RESULT-compile-success: pass
TEST-RESULT-compile-hash: f655dd42570f66c4b8f67d0521a34e5a
TEST-RESULT-compile-time: user 0.816700
TEST-RESULT-compile-real-time: real 1.005600

TEST-PASS: exec /home/ed/mcsema-testing/SANDBOX/test-2015-12-21_15-36-50/MultiSource/Applications/ALAC/decode/alacconvert-decode
TEST-RESULT-exec-success: pass
TEST-RESULT-exec-time: user       0.0167
TEST-RESULT-exec-real-time: real       0.0191
---------------------------------------------------------------
>>> ========= '/home/ed/mcsema-testing/SANDBOX/test-2015-12-21_15-36-50/MultiSource/Applications/ALAC/encode/alacconvert-encode' Program
---------------------------------------------------------------

TEST-PASS: compile /home/ed/mcsema-testing/SANDBOX/test-2015-12-21_15-36-50/MultiSource/Applications/ALAC/encode/alacconvert-encode
TEST-RESULT-compile-success: pass
TEST-RESULT-compile-hash: f655dd42570f66c4b8f67d0521a34e5a
TEST-RESULT-compile-time: user 0.817500
TEST-RESULT-compile-real-time: real 1.009000

TEST-PASS: exec /home/ed/mcsema-testing/SANDBOX/test-2015-12-21_15-36-50/MultiSource/Applications/ALAC/encode/alacconvert-encode
TEST-RESULT-exec-success: pass
TEST-RESULT-exec-time: user       0.0356
TEST-RESULT-exec-real-time: real       0.0378
---------------------------------------------------------------
>>> ========= '/home/ed/mcsema-testing/SANDBOX/test-2015-12-21_15-36-50/MultiSource/Applications/JM/lencod/lencod' Program
---------------------------------------------------------------

TEST-PASS: compile /home/ed/mcsema-testing/SANDBOX/test-2015-12-21_15-36-50/MultiSource/Applications/JM/lencod/lencod
TEST-RESULT-compile-success: pass
TEST-RESULT-compile-hash: 66f34518db24e614920c76d1c2e5e1e9
TEST-RESULT-compile-time: user 10.332000
TEST-RESULT-compile-real-time: real 11.480200

TEST-PASS: exec /home/ed/mcsema-testing/SANDBOX/test-2015-12-21_15-36-50/MultiSource/Applications/JM/lencod/lencod
TEST-RESULT-exec-success: pass
TEST-RESULT-exec-time: user       5.1019
TEST-RESULT-exec-real-time: real       5.1319
---------------------------------------------------------------
>>> ========= '/home/ed/mcsema-testing/SANDBOX/test-2015-12-21_15-36-50/MultiSource/Applications/JM/ldecod/ldecod' Program
---------------------------------------------------------------

TEST-PASS: compile /home/ed/mcsema-testing/SANDBOX/test-2015-12-21_15-36-50/MultiSource/Applications/JM/ldecod/ldecod
TEST-RESULT-compile-success: pass
TEST-RESULT-compile-hash: faa0e1825f3d2d712df64061342601a8
TEST-RESULT-compile-time: user 4.679700
TEST-RESULT-compile-real-time: real 5.402100

TEST-PASS: exec /home/ed/mcsema-testing/SANDBOX/test-2015-12-21_15-36-50/MultiSource/Applications/JM/ldecod/ldecod
TEST-RESULT-exec-success: pass
TEST-RESULT-exec-time: user       0.0504
TEST-RESULT-exec-real-time: real       0.0673
---------------------------------------------------------------
>>> ========= '/home/ed/mcsema-testing/SANDBOX/test-2015-12-21_15-36-50/MultiSource/Applications/hexxagon/hexxagon' Program
---------------------------------------------------------------

TEST-PASS: compile /home/ed/mcsema-testing/SANDBOX/test-2015-12-21_15-36-50/MultiSource/Applications/hexxagon/hexxagon
TEST-RESULT-compile-success: pass
TEST-RESULT-compile-hash: 0d5675e2359c9cc1054fd287ed3d4e54
TEST-RESULT-compile-time: user 0.786000
TEST-RESULT-compile-real-time: real 0.907100

TEST-PASS: exec /home/ed/mcsema-testing/SANDBOX/test-2015-12-21_15-36-50/MultiSource/Applications/hexxagon/hexxagon
TEST-RESULT-exec-success: pass
TEST-RESULT-exec-time: user       8.9640
TEST-RESULT-exec-real-time: real       8.9817
---------------------------------------------------------------
>>> ========= '/home/ed/mcsema-testing/SANDBOX/test-2015-12-21_15-36-50/MultiSource/Applications/sgefa/sgefa' Program
---------------------------------------------------------------

TEST-PASS: compile /home/ed/mcsema-testing/SANDBOX/test-2015-12-21_15-36-50/MultiSource/Applications/sgefa/sgefa
TEST-RESULT-compile-success: pass
TEST-RESULT-compile-hash: 988ce270845c60be3b0188aff0bf2383
TEST-RESULT-compile-time: user 0.270600
TEST-RESULT-compile-real-time: real 0.332200

TEST-PASS: exec /home/ed/mcsema-testing/SANDBOX/test-2015-12-21_15-36-50/MultiSource/Applications/sgefa/sgefa
TEST-RESULT-exec-success: pass
TEST-RESULT-exec-time: user       0.2254
TEST-RESULT-exec-real-time: real       0.2275
---------------------------------------------------------------
>>> ========= '/home/ed/mcsema-testing/SANDBOX/test-2015-12-21_15-36-50/MultiSource/Applications/siod/siod' Program
---------------------------------------------------------------

TEST-PASS: compile /home/ed/mcsema-testing/SANDBOX/test-2015-12-21_15-36-50/MultiSource/Applications/siod/siod
TEST-RESULT-compile-success: pass
TEST-RESULT-compile-hash: 6a58ff510c65a191ed2524b0225e44dd
TEST-RESULT-compile-time: user 1.533500
TEST-RESULT-compile-real-time: real 1.697300

TEST-PASS: exec /home/ed/mcsema-testing/SANDBOX/test-2015-12-21_15-36-50/MultiSource/Applications/siod/siod
TEST-RESULT-exec-success: pass
TEST-RESULT-exec-time: user       2.4346
TEST-RESULT-exec-real-time: real       2.4447
---------------------------------------------------------------
>>> ========= '/home/ed/mcsema-testing/SANDBOX/test-2015-12-21_15-36-50/MultiSource/Applications/oggenc/oggenc' Program
---------------------------------------------------------------

TEST-PASS: compile /home/ed/mcsema-testing/SANDBOX/test-2015-12-21_15-36-50/MultiSource/Applications/oggenc/oggenc
TEST-RESULT-compile-success: pass
TEST-RESULT-compile-hash: 167733be5a0deea8cae403a38dd487b4
TEST-RESULT-compile-time: user 3.132900
TEST-RESULT-compile-real-time: real 3.232500

TEST-PASS: exec /home/ed/mcsema-testing/SANDBOX/test-2015-12-21_15-36-50/MultiSource/Applications/oggenc/oggenc
TEST-RESULT-exec-success: pass
TEST-RESULT-exec-time: user       0.1026
TEST-RESULT-exec-real-time: real       0.1296
---------------------------------------------------------------
>>> ========= '/home/ed/mcsema-testing/SANDBOX/test-2015-12-21_15-36-50/MultiSource/Applications/kimwitu++/kc' Program
---------------------------------------------------------------

TEST-PASS: compile /home/ed/mcsema-testing/SANDBOX/test-2015-12-21_15-36-50/MultiSource/Applications/kimwitu++/kc
TEST-RESULT-compile-success: pass
TEST-RESULT-compile-hash: 92d63720da4b7a7d25818daa5d89ea67
TEST-RESULT-compile-time: user 11.425000
TEST-RESULT-compile-real-time: real 12.069900

TEST-PASS: exec /home/ed/mcsema-testing/SANDBOX/test-2015-12-21_15-36-50/MultiSource/Applications/kimwitu++/kc
TEST-RESULT-exec-success: pass
TEST-RESULT-exec-time: user       0.0403
TEST-RESULT-exec-real-time: real       0.1237
---------------------------------------------------------------
>>> ========= '/home/ed/mcsema-testing/SANDBOX/test-2015-12-21_15-36-50/MultiSource/Applications/lambda-0.1.3/lambda' Program
---------------------------------------------------------------

TEST-PASS: compile /home/ed/mcsema-testing/SANDBOX/test-2015-12-21_15-36-50/MultiSource/Applications/lambda-0.1.3/lambda
TEST-RESULT-compile-success: pass
TEST-RESULT-compile-hash: 412a1601361e91011437843f5b1c7f86
TEST-RESULT-compile-time: user 0.505300
TEST-RESULT-compile-real-time: real 0.578800

TEST-PASS: exec /home/ed/mcsema-testing/SANDBOX/test-2015-12-21_15-36-50/MultiSource/Applications/lambda-0.1.3/lambda
TEST-RESULT-exec-success: pass
TEST-RESULT-exec-time: user       3.5042
TEST-RESULT-exec-real-time: real       3.5113
---------------------------------------------------------------
>>> ========= '/home/ed/mcsema-testing/SANDBOX/test-2015-12-21_15-36-50/MultiSource/Applications/d/make_dparser' Program
---------------------------------------------------------------

TEST-PASS: compile /home/ed/mcsema-testing/SANDBOX/test-2015-12-21_15-36-50/MultiSource/Applications/d/make_dparser
TEST-RESULT-compile-success: pass
TEST-RESULT-compile-hash: ebc83eaa2d2f23f75a8b6d56909b7992
TEST-RESULT-compile-time: user 2.228500
TEST-RESULT-compile-real-time: real 2.478500

TEST-PASS: exec /home/ed/mcsema-testing/SANDBOX/test-2015-12-21_15-36-50/MultiSource/Applications/d/make_dparser
TEST-RESULT-exec-success: pass
TEST-RESULT-exec-time: user       0.0199
TEST-RESULT-exec-real-time: real       0.0229
---------------------------------------------------------------
>>> ========= '/home/ed/mcsema-testing/SANDBOX/test-2015-12-21_15-36-50/MultiSource/UnitTests/C++11/frame_layout/frame_layout' Program
---------------------------------------------------------------

TEST-PASS: compile /home/ed/mcsema-testing/SANDBOX/test-2015-12-21_15-36-50/MultiSource/UnitTests/C++11/frame_layout/frame_layout
TEST-RESULT-compile-success: pass
TEST-RESULT-compile-hash: 0402ec4414630e9baecada31f5e0c7cf
TEST-RESULT-compile-time: user 1.162300
TEST-RESULT-compile-real-time: real 1.328300

TEST-PASS: exec /home/ed/mcsema-testing/SANDBOX/test-2015-12-21_15-36-50/MultiSource/UnitTests/C++11/frame_layout/frame_layout
TEST-RESULT-exec-success: pass
TEST-RESULT-exec-time: user       0.0013
TEST-RESULT-exec-real-time: real       0.0027
---------------------------------------------------------------
>>> ========= '/home/ed/mcsema-testing/SANDBOX/test-2015-12-21_15-36-50/MultiSource/Benchmarks/FreeBench/pcompress2/pcompress2' Program
---------------------------------------------------------------

TEST-PASS: compile /home/ed/mcsema-testing/SANDBOX/test-2015-12-21_15-36-50/MultiSource/Benchmarks/FreeBench/pcompress2/pcompress2
TEST-RESULT-compile-success: pass
TEST-RESULT-compile-hash: 798527792f9e055739c68ea55b600103
TEST-RESULT-compile-time: user 0.227300
TEST-RESULT-compile-real-time: real 0.306200

TEST-PASS: exec /home/ed/mcsema-testing/SANDBOX/test-2015-12-21_15-36-50/MultiSource/Benchmarks/FreeBench/pcompress2/pcompress2
TEST-RESULT-exec-success: pass
TEST-RESULT-exec-time: user       0.1127
TEST-RESULT-exec-real-time: real       0.1201
---------------------------------------------------------------
>>> ========= '/home/ed/mcsema-testing/SANDBOX/test-2015-12-21_15-36-50/MultiSource/Benchmarks/FreeBench/analyzer/analyzer' Program
---------------------------------------------------------------

TEST-PASS: compile /home/ed/mcsema-testing/SANDBOX/test-2015-12-21_15-36-50/MultiSource/Benchmarks/FreeBench/analyzer/analyzer
TEST-RESULT-compile-success: pass
TEST-RESULT-compile-hash: 8e3348fa8532b7d34acee92ddad30906
TEST-RESULT-compile-time: user 0.222600
TEST-RESULT-compile-real-time: real 0.298900

TEST-PASS: exec /home/ed/mcsema-testing/SANDBOX/test-2015-12-21_15-36-50/MultiSource/Benchmarks/FreeBench/analyzer/analyzer
TEST-RESULT-exec-success: pass
TEST-RESULT-exec-time: user       0.0568
TEST-RESULT-exec-real-time: real       0.0590
---------------------------------------------------------------
>>> ========= '/home/ed/mcsema-testing/SANDBOX/test-2015-12-21_15-36-50/MultiSource/Benchmarks/FreeBench/pifft/pifft' Program
---------------------------------------------------------------

TEST-PASS: compile /home/ed/mcsema-testing/SANDBOX/test-2015-12-21_15-36-50/MultiSource/Benchmarks/FreeBench/pifft/pifft
TEST-RESULT-compile-success: pass
TEST-RESULT-compile-hash: 61b236a6049561a0a80e7b64d3b9fd53
TEST-RESULT-compile-time: user 0.624500
TEST-RESULT-compile-real-time: real 0.665600

TEST-PASS: exec /home/ed/mcsema-testing/SANDBOX/test-2015-12-21_15-36-50/MultiSource/Benchmarks/FreeBench/pifft/pifft
TEST-RESULT-exec-success: pass
TEST-RESULT-exec-time: user       0.0815
TEST-RESULT-exec-real-time: real       0.0836
---------------------------------------------------------------
>>> ========= '/home/ed/mcsema-testing/SANDBOX/test-2015-12-21_15-36-50/MultiSource/Benchmarks/FreeBench/mason/mason' Program
---------------------------------------------------------------

TEST-PASS: compile /home/ed/mcsema-testing/SANDBOX/test-2015-12-21_15-36-50/MultiSource/Benchmarks/FreeBench/mason/mason
TEST-RESULT-compile-success: pass
TEST-RESULT-compile-hash: 934df38595a8969558c54e8af53cfe5f
TEST-RESULT-compile-time: user 0.051500
TEST-RESULT-compile-real-time: real 0.067500

TEST-PASS: exec /home/ed/mcsema-testing/SANDBOX/test-2015-12-21_15-36-50/MultiSource/Benchmarks/FreeBench/mason/mason
TEST-RESULT-exec-success: pass
TEST-RESULT-exec-time: user       0.1371
TEST-RESULT-exec-real-time: real       0.1390
---------------------------------------------------------------
>>> ========= '/home/ed/mcsema-testing/SANDBOX/test-2015-12-21_15-36-50/MultiSource/Benchmarks/FreeBench/fourinarow/fourinarow' Program
---------------------------------------------------------------

TEST-PASS: compile /home/ed/mcsema-testing/SANDBOX/test-2015-12-21_15-36-50/MultiSource/Benchmarks/FreeBench/fourinarow/fourinarow
TEST-RESULT-compile-success: pass
TEST-RESULT-compile-hash: 9b0918358b0e7a58ba6d8b7ad8f86af2
TEST-RESULT-compile-time: user 0.151300
TEST-RESULT-compile-real-time: real 0.169800

TEST-PASS: exec /home/ed/mcsema-testing/SANDBOX/test-2015-12-21_15-36-50/MultiSource/Benchmarks/FreeBench/fourinarow/fourinarow
TEST-RESULT-exec-success: pass
TEST-RESULT-exec-time: user       0.2645
TEST-RESULT-exec-real-time: real       0.2658
---------------------------------------------------------------
>>> ========= '/home/ed/mcsema-testing/SANDBOX/test-2015-12-21_15-36-50/MultiSource/Benchmarks/FreeBench/neural/neural' Program
---------------------------------------------------------------

TEST-PASS: compile /home/ed/mcsema-testing/SANDBOX/test-2015-12-21_15-36-50/MultiSource/Benchmarks/FreeBench/neural/neural
TEST-RESULT-compile-success: pass
TEST-RESULT-compile-hash: c274f98f7f366965ea4bd24b4ae32502
TEST-RESULT-compile-time: user 0.118000
TEST-RESULT-compile-real-time: real 0.136700

TEST-PASS: exec /home/ed/mcsema-testing/SANDBOX/test-2015-12-21_15-36-50/MultiSource/Benchmarks/FreeBench/neural/neural
TEST-RESULT-exec-success: pass
TEST-RESULT-exec-time: user       0.2129
TEST-RESULT-exec-real-time: real       0.2153
---------------------------------------------------------------
>>> ========= '/home/ed/mcsema-testing/SANDBOX/test-2015-12-21_15-36-50/MultiSource/Benchmarks/FreeBench/distray/distray' Program
---------------------------------------------------------------

TEST-PASS: compile /home/ed/mcsema-testing/SANDBOX/test-2015-12-21_15-36-50/MultiSource/Benchmarks/FreeBench/distray/distray
TEST-RESULT-compile-success: pass
TEST-RESULT-compile-hash: 021e5d52893ba6d46ab6e1f4d3297ddb
TEST-RESULT-compile-time: user 0.085200
TEST-RESULT-compile-real-time: real 0.103300

TEST-PASS: exec /home/ed/mcsema-testing/SANDBOX/test-2015-12-21_15-36-50/MultiSource/Benchmarks/FreeBench/distray/distray
TEST-RESULT-exec-success: pass
TEST-RESULT-exec-time: user       0.1208
TEST-RESULT-exec-real-time: real       0.1239
---------------------------------------------------------------
>>> ========= '/home/ed/mcsema-testing/SANDBOX/test-2015-12-21_15-36-50/MultiSource/Benchmarks/ASCI_Purple/SMG2000/smg2000' Program
---------------------------------------------------------------

TEST-PASS: compile /home/ed/mcsema-testing/SANDBOX/test-2015-12-21_15-36-50/MultiSource/Benchmarks/ASCI_Purple/SMG2000/smg2000
TEST-RESULT-compile-success: pass
TEST-RESULT-compile-hash: 13c775dc8f3dfd1a103962a565f62aa5
TEST-RESULT-compile-time: user 4.996900
TEST-RESULT-compile-real-time: real 5.930100

TEST-PASS: exec /home/ed/mcsema-testing/SANDBOX/test-2015-12-21_15-36-50/MultiSource/Benchmarks/ASCI_Purple/SMG2000/smg2000
TEST-RESULT-exec-success: pass
TEST-RESULT-exec-time: user       2.4762
TEST-RESULT-exec-real-time: real       2.5629
---------------------------------------------------------------
>>> ========= '/home/ed/mcsema-testing/SANDBOX/test-2015-12-21_15-36-50/MultiSource/Benchmarks/MallocBench/espresso/espresso' Program
---------------------------------------------------------------

TEST-PASS: compile /home/ed/mcsema-testing/SANDBOX/test-2015-12-21_15-36-50/MultiSource/Benchmarks/MallocBench/espresso/espresso
TEST-RESULT-compile-success: pass
TEST-RESULT-compile-hash: d5d4b3fb444f2ed1ae6e35dedeb44981
TEST-RESULT-compile-time: user 3.914000
TEST-RESULT-compile-real-time: real 4.663200

TEST-PASS: exec /home/ed/mcsema-testing/SANDBOX/test-2015-12-21_15-36-50/MultiSource/Benchmarks/MallocBench/espresso/espresso
TEST-RESULT-exec-success: pass
TEST-RESULT-exec-time: user       0.3550
TEST-RESULT-exec-real-time: real       0.3589
---------------------------------------------------------------
>>> ========= '/home/ed/mcsema-testing/SANDBOX/test-2015-12-21_15-36-50/MultiSource/Benchmarks/MallocBench/cfrac/cfrac' Program
---------------------------------------------------------------

TEST-PASS: compile /home/ed/mcsema-testing/SANDBOX/test-2015-12-21_15-36-50/MultiSource/Benchmarks/MallocBench/cfrac/cfrac
TEST-RESULT-compile-success: pass
TEST-RESULT-compile-hash: f699de8f69cb6fa841600f4ec460acab
TEST-RESULT-compile-time: user 0.882300
TEST-RESULT-compile-real-time: real 1.259400

TEST-PASS: exec /home/ed/mcsema-testing/SANDBOX/test-2015-12-21_15-36-50/MultiSource/Benchmarks/MallocBench/cfrac/cfrac
TEST-RESULT-exec-success: pass
TEST-RESULT-exec-time: user       0.9215
TEST-RESULT-exec-real-time: real       0.9243
---------------------------------------------------------------
>>> ========= '/home/ed/mcsema-testing/SANDBOX/test-2015-12-21_15-36-50/MultiSource/Benchmarks/MallocBench/gs/gs' Program
---------------------------------------------------------------

TEST-PASS: compile /home/ed/mcsema-testing/SANDBOX/test-2015-12-21_15-36-50/MultiSource/Benchmarks/MallocBench/gs/gs
TEST-RESULT-compile-success: pass
TEST-RESULT-compile-hash: ca3c277d53129beee3e36b20f7fe09ec
TEST-RESULT-compile-time: user 3.529800
TEST-RESULT-compile-real-time: real 4.514000

TEST-PASS: exec /home/ed/mcsema-testing/SANDBOX/test-2015-12-21_15-36-50/MultiSource/Benchmarks/MallocBench/gs/gs
TEST-RESULT-exec-success: pass
TEST-RESULT-exec-time: user       0.0347
TEST-RESULT-exec-real-time: real       0.0372
---------------------------------------------------------------
>>> ========= '/home/ed/mcsema-testing/SANDBOX/test-2015-12-21_15-36-50/MultiSource/Benchmarks/Bullet/bullet' Program
---------------------------------------------------------------

TEST-PASS: compile /home/ed/mcsema-testing/SANDBOX/test-2015-12-21_15-36-50/MultiSource/Benchmarks/Bullet/bullet
TEST-RESULT-compile-success: pass
TEST-RESULT-compile-hash: dee158f5ffb4678b2e40d0553cc28c16
TEST-RESULT-compile-time: user 22.233900
TEST-RESULT-compile-real-time: real 24.730000

TEST-PASS: exec /home/ed/mcsema-testing/SANDBOX/test-2015-12-21_15-36-50/MultiSource/Benchmarks/Bullet/bullet
TEST-RESULT-exec-success: pass
TEST-RESULT-exec-time: user       4.2553
TEST-RESULT-exec-real-time: real       4.2961
---------------------------------------------------------------
>>> ========= '/home/ed/mcsema-testing/SANDBOX/test-2015-12-21_15-36-50/MultiSource/Benchmarks/Fhourstones-3.1/fhourstones3.1' Program
---------------------------------------------------------------

TEST-PASS: compile /home/ed/mcsema-testing/SANDBOX/test-2015-12-21_15-36-50/MultiSource/Benchmarks/Fhourstones-3.1/fhourstones3.1
TEST-RESULT-compile-success: pass
TEST-RESULT-compile-hash: a2629f29b7f54580b2cce594716e2ba8
TEST-RESULT-compile-time: user 0.097200
TEST-RESULT-compile-real-time: real 0.114000

TEST-PASS: exec /home/ed/mcsema-testing/SANDBOX/test-2015-12-21_15-36-50/MultiSource/Benchmarks/Fhourstones-3.1/fhourstones3.1
TEST-RESULT-exec-success: pass
TEST-RESULT-exec-time: user       1.1064
TEST-RESULT-exec-real-time: real       1.1252
---------------------------------------------------------------
>>> ========= '/home/ed/mcsema-testing/SANDBOX/test-2015-12-21_15-36-50/MultiSource/Benchmarks/SciMark2-C/scimark2' Program
---------------------------------------------------------------

TEST-PASS: compile /home/ed/mcsema-testing/SANDBOX/test-2015-12-21_15-36-50/MultiSource/Benchmarks/SciMark2-C/scimark2
TEST-RESULT-compile-success: pass
TEST-RESULT-compile-hash: c7a877f7661c833afdb4c14bb267f52d
TEST-RESULT-compile-time: user 0.348600
TEST-RESULT-compile-real-time: real 0.488200

TEST-PASS: exec /home/ed/mcsema-testing/SANDBOX/test-2015-12-21_15-36-50/MultiSource/Benchmarks/SciMark2-C/scimark2
TEST-RESULT-exec-success: pass
TEST-RESULT-exec-time: user       35.9283
TEST-RESULT-exec-real-time: real       35.9971
---------------------------------------------------------------
>>> ========= '/home/ed/mcsema-testing/SANDBOX/test-2015-12-21_15-36-50/MultiSource/Benchmarks/BitBench/uudecode/uudecode' Program
---------------------------------------------------------------

TEST-PASS: compile /home/ed/mcsema-testing/SANDBOX/test-2015-12-21_15-36-50/MultiSource/Benchmarks/BitBench/uudecode/uudecode
TEST-RESULT-compile-success: pass
TEST-RESULT-compile-hash: 8753b85d7562bc76ea9eba327bbb6392
TEST-RESULT-compile-time: user 0.046700
TEST-RESULT-compile-real-time: real 0.063600

TEST-PASS: exec /home/ed/mcsema-testing/SANDBOX/test-2015-12-21_15-36-50/MultiSource/Benchmarks/BitBench/uudecode/uudecode
TEST-RESULT-exec-success: pass
TEST-RESULT-exec-time: user       0.0715
TEST-RESULT-exec-real-time: real       0.0738
---------------------------------------------------------------
>>> ========= '/home/ed/mcsema-testing/SANDBOX/test-2015-12-21_15-36-50/MultiSource/Benchmarks/BitBench/drop3/drop3' Program
---------------------------------------------------------------

TEST-PASS: compile /home/ed/mcsema-testing/SANDBOX/test-2015-12-21_15-36-50/MultiSource/Benchmarks/BitBench/drop3/drop3
TEST-RESULT-compile-success: pass
TEST-RESULT-compile-hash: d790e4c5c74bf2f60b16cefcd9e280a9
TEST-RESULT-compile-time: user 0.047800
TEST-RESULT-compile-real-time: real 0.063700

TEST-PASS: exec /home/ed/mcsema-testing/SANDBOX/test-2015-12-21_15-36-50/MultiSource/Benchmarks/BitBench/drop3/drop3
TEST-RESULT-exec-success: pass
TEST-RESULT-exec-time: user       0.2658
TEST-RESULT-exec-real-time: real       0.2715
---------------------------------------------------------------
>>> ========= '/home/ed/mcsema-testing/SANDBOX/test-2015-12-21_15-36-50/MultiSource/Benchmarks/BitBench/uuencode/uuencode' Program
---------------------------------------------------------------

TEST-PASS: compile /home/ed/mcsema-testing/SANDBOX/test-2015-12-21_15-36-50/MultiSource/Benchmarks/BitBench/uuencode/uuencode
TEST-RESULT-compile-success: pass
TEST-RESULT-compile-hash: 01a099f9580efaa9b41903daa4e871da
TEST-RESULT-compile-time: user 0.045700
TEST-RESULT-compile-real-time: real 0.060900

TEST-PASS: exec /home/ed/mcsema-testing/SANDBOX/test-2015-12-21_15-36-50/MultiSource/Benchmarks/BitBench/uuencode/uuencode
TEST-RESULT-exec-success: pass
TEST-RESULT-exec-time: user       0.0129
TEST-RESULT-exec-real-time: real       0.0140
---------------------------------------------------------------
>>> ========= '/home/ed/mcsema-testing/SANDBOX/test-2015-12-21_15-36-50/MultiSource/Benchmarks/BitBench/five11/five11' Program
---------------------------------------------------------------

TEST-PASS: compile /home/ed/mcsema-testing/SANDBOX/test-2015-12-21_15-36-50/MultiSource/Benchmarks/BitBench/five11/five11
TEST-RESULT-compile-success: pass
TEST-RESULT-compile-hash: 7f10d3c37947092e0c55c83682f82f7b
TEST-RESULT-compile-time: user 0.049700
TEST-RESULT-compile-real-time: real 0.064800

TEST-PASS: exec /home/ed/mcsema-testing/SANDBOX/test-2015-12-21_15-36-50/MultiSource/Benchmarks/BitBench/five11/five11
TEST-RESULT-exec-success: pass
TEST-RESULT-exec-time: user       1.5688
TEST-RESULT-exec-real-time: real       1.5728
---------------------------------------------------------------
>>> ========= '/home/ed/mcsema-testing/SANDBOX/test-2015-12-21_15-36-50/MultiSource/Benchmarks/NPB-serial/is/is' Program
---------------------------------------------------------------

TEST-PASS: compile /home/ed/mcsema-testing/SANDBOX/test-2015-12-21_15-36-50/MultiSource/Benchmarks/NPB-serial/is/is
TEST-RESULT-compile-success: pass
TEST-RESULT-compile-hash: a05682f26eea8a9c6f3203fca50f5743
TEST-RESULT-compile-time: user 0.054100
TEST-RESULT-compile-real-time: real 0.085800

TEST-PASS: exec /home/ed/mcsema-testing/SANDBOX/test-2015-12-21_15-36-50/MultiSource/Benchmarks/NPB-serial/is/is
TEST-RESULT-exec-success: pass
TEST-RESULT-exec-time: user       9.1127
TEST-RESULT-exec-real-time: real       9.4197
---------------------------------------------------------------
>>> ========= '/home/ed/mcsema-testing/SANDBOX/test-2015-12-21_15-36-50/MultiSource/Benchmarks/MiBench/telecomm-CRC32/telecomm-CRC32' Program
---------------------------------------------------------------

TEST-PASS: compile /home/ed/mcsema-testing/SANDBOX/test-2015-12-21_15-36-50/MultiSource/Benchmarks/MiBench/telecomm-CRC32/telecomm-CRC32
TEST-RESULT-compile-success: pass
TEST-RESULT-compile-hash: 71a3bfb9a8a528e96856d7edde39c26e
TEST-RESULT-compile-time: user 0.038000
TEST-RESULT-compile-real-time: real 0.062400

TEST-PASS: exec /home/ed/mcsema-testing/SANDBOX/test-2015-12-21_15-36-50/MultiSource/Benchmarks/MiBench/telecomm-CRC32/telecomm-CRC32
TEST-RESULT-exec-success: pass
TEST-RESULT-exec-time: user       0.1850
TEST-RESULT-exec-real-time: real       0.2781
---------------------------------------------------------------
>>> ========= '/home/ed/mcsema-testing/SANDBOX/test-2015-12-21_15-36-50/MultiSource/Benchmarks/MiBench/automotive-bitcount/automotive-bitcount' Program
---------------------------------------------------------------

TEST-PASS: compile /home/ed/mcsema-testing/SANDBOX/test-2015-12-21_15-36-50/MultiSource/Benchmarks/MiBench/automotive-bitcount/automotive-bitcount
TEST-RESULT-compile-success: pass
TEST-RESULT-compile-hash: bd5bf838b8c765abb15ee06898b7c02c
TEST-RESULT-compile-time: user 0.294900
TEST-RESULT-compile-real-time: real 0.461900

TEST-PASS: exec /home/ed/mcsema-testing/SANDBOX/test-2015-12-21_15-36-50/MultiSource/Benchmarks/MiBench/automotive-bitcount/automotive-bitcount
TEST-RESULT-exec-success: pass
TEST-RESULT-exec-time: user       0.0681
TEST-RESULT-exec-real-time: real       0.0689
---------------------------------------------------------------
>>> ========= '/home/ed/mcsema-testing/SANDBOX/test-2015-12-21_15-36-50/MultiSource/Benchmarks/MiBench/consumer-jpeg/consumer-jpeg' Program
---------------------------------------------------------------

TEST-PASS: compile /home/ed/mcsema-testing/SANDBOX/test-2015-12-21_15-36-50/MultiSource/Benchmarks/MiBench/consumer-jpeg/consumer-jpeg
TEST-RESULT-compile-success: pass
TEST-RESULT-compile-hash: da86a64b932aa92b02974e46ac1b7d64
TEST-RESULT-compile-time: user 3.828300
TEST-RESULT-compile-real-time: real 4.787900

TEST-PASS: exec /home/ed/mcsema-testing/SANDBOX/test-2015-12-21_15-36-50/MultiSource/Benchmarks/MiBench/consumer-jpeg/consumer-jpeg
TEST-RESULT-exec-success: pass
TEST-RESULT-exec-time: user       0.0036
TEST-RESULT-exec-real-time: real       0.0063
---------------------------------------------------------------
>>> ========= '/home/ed/mcsema-testing/SANDBOX/test-2015-12-21_15-36-50/MultiSource/Benchmarks/MiBench/telecomm-adpcm/telecomm-adpcm' Program
---------------------------------------------------------------

TEST-PASS: compile /home/ed/mcsema-testing/SANDBOX/test-2015-12-21_15-36-50/MultiSource/Benchmarks/MiBench/telecomm-adpcm/telecomm-adpcm
TEST-RESULT-compile-success: pass
TEST-RESULT-compile-hash: b5462b22a2276244d832eb547db9e442
TEST-RESULT-compile-time: user 0.060500
TEST-RESULT-compile-real-time: real 0.114300

TEST-PASS: exec /home/ed/mcsema-testing/SANDBOX/test-2015-12-21_15-36-50/MultiSource/Benchmarks/MiBench/telecomm-adpcm/telecomm-adpcm
TEST-RESULT-exec-success: pass
TEST-RESULT-exec-time: user       0.1381
TEST-RESULT-exec-real-time: real       0.2051
---------------------------------------------------------------
>>> ========= '/home/ed/mcsema-testing/SANDBOX/test-2015-12-21_15-36-50/MultiSource/Benchmarks/MiBench/network-dijkstra/network-dijkstra' Program
---------------------------------------------------------------

TEST-PASS: compile /home/ed/mcsema-testing/SANDBOX/test-2015-12-21_15-36-50/MultiSource/Benchmarks/MiBench/network-dijkstra/network-dijkstra
TEST-RESULT-compile-success: pass
TEST-RESULT-compile-hash: 21dcd847368a22514f0a8c9f8da3aaef
TEST-RESULT-compile-time: user 0.041400
TEST-RESULT-compile-real-time: real 0.057100

TEST-PASS: exec /home/ed/mcsema-testing/SANDBOX/test-2015-12-21_15-36-50/MultiSource/Benchmarks/MiBench/network-dijkstra/network-dijkstra
TEST-RESULT-exec-success: pass
TEST-RESULT-exec-time: user       0.0299
TEST-RESULT-exec-real-time: real       0.0496
---------------------------------------------------------------
>>> ========= '/home/ed/mcsema-testing/SANDBOX/test-2015-12-21_15-36-50/MultiSource/Benchmarks/MiBench/consumer-typeset/consumer-typeset' Program
---------------------------------------------------------------

TEST-PASS: compile /home/ed/mcsema-testing/SANDBOX/test-2015-12-21_15-36-50/MultiSource/Benchmarks/MiBench/consumer-typeset/consumer-typeset
TEST-RESULT-compile-success: pass
TEST-RESULT-compile-hash: 2bcba47e9867409c2ae19015a7b4885d
TEST-RESULT-compile-time: user 8.884000
TEST-RESULT-compile-real-time: real 10.154900

TEST-PASS: exec /home/ed/mcsema-testing/SANDBOX/test-2015-12-21_15-36-50/MultiSource/Benchmarks/MiBench/consumer-typeset/consumer-typeset
TEST-RESULT-exec-success: pass
TEST-RESULT-exec-time: user       0.1248
TEST-RESULT-exec-real-time: real       0.1956
---------------------------------------------------------------
>>> ========= '/home/ed/mcsema-testing/SANDBOX/test-2015-12-21_15-36-50/MultiSource/Benchmarks/MiBench/automotive-basicmath/automotive-basicmath' Program
---------------------------------------------------------------

TEST-PASS: compile /home/ed/mcsema-testing/SANDBOX/test-2015-12-21_15-36-50/MultiSource/Benchmarks/MiBench/automotive-basicmath/automotive-basicmath
TEST-RESULT-compile-success: pass
TEST-RESULT-compile-hash: cafe19562e79a02b425839d1767b13e4
TEST-RESULT-compile-time: user 0.162600
TEST-RESULT-compile-real-time: real 0.227800

TEST-PASS: exec /home/ed/mcsema-testing/SANDBOX/test-2015-12-21_15-36-50/MultiSource/Benchmarks/MiBench/automotive-basicmath/automotive-basicmath
TEST-RESULT-exec-success: pass
TEST-RESULT-exec-time: user       0.2560
TEST-RESULT-exec-real-time: real       0.2842
---------------------------------------------------------------
>>> ========= '/home/ed/mcsema-testing/SANDBOX/test-2015-12-21_15-36-50/MultiSource/Benchmarks/MiBench/office-stringsearch/office-stringsearch' Program
---------------------------------------------------------------

TEST-PASS: compile /home/ed/mcsema-testing/SANDBOX/test-2015-12-21_15-36-50/MultiSource/Benchmarks/MiBench/office-stringsearch/office-stringsearch
TEST-RESULT-compile-success: pass
TEST-RESULT-compile-hash: ee4b7d733522c888cf8bda0ab76986a1
TEST-RESULT-compile-time: user 0.148400
TEST-RESULT-compile-real-time: real 0.210400

TEST-PASS: exec /home/ed/mcsema-testing/SANDBOX/test-2015-12-21_15-36-50/MultiSource/Benchmarks/MiBench/office-stringsearch/office-stringsearch
TEST-RESULT-exec-success: pass
TEST-RESULT-exec-time: user       0.0014
TEST-RESULT-exec-real-time: real       0.0025
---------------------------------------------------------------
>>> ========= '/home/ed/mcsema-testing/SANDBOX/test-2015-12-21_15-36-50/MultiSource/Benchmarks/MiBench/security-blowfish/security-blowfish' Program
---------------------------------------------------------------

TEST-PASS: compile /home/ed/mcsema-testing/SANDBOX/test-2015-12-21_15-36-50/MultiSource/Benchmarks/MiBench/security-blowfish/security-blowfish
TEST-RESULT-compile-success: pass
TEST-RESULT-compile-hash: 3a1458d6189e4d66e91610eee6f6bb43
TEST-RESULT-compile-time: user 0.253800
TEST-RESULT-compile-real-time: real 0.391200

TEST-PASS: exec /home/ed/mcsema-testing/SANDBOX/test-2015-12-21_15-36-50/MultiSource/Benchmarks/MiBench/security-blowfish/security-blowfish
TEST-RESULT-exec-success: pass
TEST-RESULT-exec-time: user       0.0010
TEST-RESULT-exec-real-time: real       0.0018
---------------------------------------------------------------
>>> ========= '/home/ed/mcsema-testing/SANDBOX/test-2015-12-21_15-36-50/MultiSource/Benchmarks/MiBench/office-ispell/office-ispell' Program
---------------------------------------------------------------

TEST-PASS: compile /home/ed/mcsema-testing/SANDBOX/test-2015-12-21_15-36-50/MultiSource/Benchmarks/MiBench/office-ispell/office-ispell
TEST-RESULT-compile-success: pass
TEST-RESULT-compile-hash: 23450f5e98b368ec8159cd04f34e805f
TEST-RESULT-compile-time: user 1.315200
TEST-RESULT-compile-real-time: real 1.657300

TEST-PASS: exec /home/ed/mcsema-testing/SANDBOX/test-2015-12-21_15-36-50/MultiSource/Benchmarks/MiBench/office-ispell/office-ispell
TEST-RESULT-exec-success: pass
TEST-RESULT-exec-time: user       0.0009
TEST-RESULT-exec-real-time: real       0.0062
---------------------------------------------------------------
>>> ========= '/home/ed/mcsema-testing/SANDBOX/test-2015-12-21_15-36-50/MultiSource/Benchmarks/MiBench/automotive-susan/automotive-susan' Program
---------------------------------------------------------------

TEST-PASS: compile /home/ed/mcsema-testing/SANDBOX/test-2015-12-21_15-36-50/MultiSource/Benchmarks/MiBench/automotive-susan/automotive-susan
TEST-RESULT-compile-success: pass
TEST-RESULT-compile-hash: e3f6a3d057c39790b32d78f703c837f3
TEST-RESULT-compile-time: user 0.477900
TEST-RESULT-compile-real-time: real 0.510400

TEST-PASS: exec /home/ed/mcsema-testing/SANDBOX/test-2015-12-21_15-36-50/MultiSource/Benchmarks/MiBench/automotive-susan/automotive-susan
TEST-RESULT-exec-success: pass
TEST-RESULT-exec-time: user       0.0359
TEST-RESULT-exec-real-time: real       0.0789
---------------------------------------------------------------
>>> ========= '/home/ed/mcsema-testing/SANDBOX/test-2015-12-21_15-36-50/MultiSource/Benchmarks/MiBench/security-sha/security-sha' Program
---------------------------------------------------------------

TEST-PASS: compile /home/ed/mcsema-testing/SANDBOX/test-2015-12-21_15-36-50/MultiSource/Benchmarks/MiBench/security-sha/security-sha
TEST-RESULT-compile-success: pass
TEST-RESULT-compile-hash: 5f5489c5934c602f1dd42a1587107f18
TEST-RESULT-compile-time: user 0.085600
TEST-RESULT-compile-real-time: real 0.130000

TEST-PASS: exec /home/ed/mcsema-testing/SANDBOX/test-2015-12-21_15-36-50/MultiSource/Benchmarks/MiBench/security-sha/security-sha
TEST-RESULT-exec-success: pass
TEST-RESULT-exec-time: user       0.0151
TEST-RESULT-exec-real-time: real       0.0454
---------------------------------------------------------------
>>> ========= '/home/ed/mcsema-testing/SANDBOX/test-2015-12-21_15-36-50/MultiSource/Benchmarks/MiBench/network-patricia/network-patricia' Program
---------------------------------------------------------------

TEST-PASS: compile /home/ed/mcsema-testing/SANDBOX/test-2015-12-21_15-36-50/MultiSource/Benchmarks/MiBench/network-patricia/network-patricia
TEST-RESULT-compile-success: pass
TEST-RESULT-compile-hash: 4ac2284c845ae7f556c26056f0b34233
TEST-RESULT-compile-time: user 0.085900
TEST-RESULT-compile-real-time: real 0.153600

TEST-PASS: exec /home/ed/mcsema-testing/SANDBOX/test-2015-12-21_15-36-50/MultiSource/Benchmarks/MiBench/network-patricia/network-patricia
TEST-RESULT-exec-success: pass
TEST-RESULT-exec-time: user       0.0872
TEST-RESULT-exec-real-time: real       0.1173
---------------------------------------------------------------
>>> ========= '/home/ed/mcsema-testing/SANDBOX/test-2015-12-21_15-36-50/MultiSource/Benchmarks/MiBench/telecomm-FFT/telecomm-fft' Program
---------------------------------------------------------------

TEST-PASS: compile /home/ed/mcsema-testing/SANDBOX/test-2015-12-21_15-36-50/MultiSource/Benchmarks/MiBench/telecomm-FFT/telecomm-fft
TEST-RESULT-compile-success: pass
TEST-RESULT-compile-hash: 4f32f9756e80915305a84bc661842b8b
TEST-RESULT-compile-time: user 0.136800
TEST-RESULT-compile-real-time: real 0.194900

TEST-PASS: exec /home/ed/mcsema-testing/SANDBOX/test-2015-12-21_15-36-50/MultiSource/Benchmarks/MiBench/telecomm-FFT/telecomm-fft
TEST-RESULT-exec-success: pass
TEST-RESULT-exec-time: user       0.0320
TEST-RESULT-exec-real-time: real       0.0344
---------------------------------------------------------------
>>> ========= '/home/ed/mcsema-testing/SANDBOX/test-2015-12-21_15-36-50/MultiSource/Benchmarks/MiBench/security-rijndael/security-rijndael' Program
---------------------------------------------------------------

TEST-PASS: compile /home/ed/mcsema-testing/SANDBOX/test-2015-12-21_15-36-50/MultiSource/Benchmarks/MiBench/security-rijndael/security-rijndael
TEST-RESULT-compile-success: pass
TEST-RESULT-compile-hash: ad9cdb8eaccb928a3cda6eb15f3c00a0
TEST-RESULT-compile-time: user 0.364100
TEST-RESULT-compile-real-time: real 0.451400

TEST-PASS: exec /home/ed/mcsema-testing/SANDBOX/test-2015-12-21_15-36-50/MultiSource/Benchmarks/MiBench/security-rijndael/security-rijndael
TEST-RESULT-exec-success: pass
TEST-RESULT-exec-time: user       0.0285
TEST-RESULT-exec-real-time: real       0.0620
---------------------------------------------------------------
>>> ========= '/home/ed/mcsema-testing/SANDBOX/test-2015-12-21_15-36-50/MultiSource/Benchmarks/MiBench/consumer-lame/consumer-lame' Program
---------------------------------------------------------------

TEST-PASS: compile /home/ed/mcsema-testing/SANDBOX/test-2015-12-21_15-36-50/MultiSource/Benchmarks/MiBench/consumer-lame/consumer-lame
TEST-RESULT-compile-success: pass
TEST-RESULT-compile-hash: f5864f8a3f8f64bc157ae82366709aa9
TEST-RESULT-compile-time: user 3.084800
TEST-RESULT-compile-real-time: real 3.806000

TEST-PASS: exec /home/ed/mcsema-testing/SANDBOX/test-2015-12-21_15-36-50/MultiSource/Benchmarks/MiBench/consumer-lame/consumer-lame
TEST-RESULT-exec-success: pass
TEST-RESULT-exec-time: user       0.1941
TEST-RESULT-exec-real-time: real       0.2026
---------------------------------------------------------------
>>> ========= '/home/ed/mcsema-testing/SANDBOX/test-2015-12-21_15-36-50/MultiSource/Benchmarks/MiBench/telecomm-gsm/telecomm-gsm' Program
---------------------------------------------------------------

TEST-PASS: compile /home/ed/mcsema-testing/SANDBOX/test-2015-12-21_15-36-50/MultiSource/Benchmarks/MiBench/telecomm-gsm/telecomm-gsm
TEST-RESULT-compile-success: pass
TEST-RESULT-compile-hash: 17e040f4098232bd4ca172e27b57dd8a
TEST-RESULT-compile-time: user 1.027500
TEST-RESULT-compile-real-time: real 1.470000

TEST-PASS: exec /home/ed/mcsema-testing/SANDBOX/test-2015-12-21_15-36-50/MultiSource/Benchmarks/MiBench/telecomm-gsm/telecomm-gsm
TEST-RESULT-exec-success: pass
TEST-RESULT-exec-time: user       0.1330
TEST-RESULT-exec-real-time: real       0.1373
---------------------------------------------------------------
>>> ========= '/home/ed/mcsema-testing/SANDBOX/test-2015-12-21_15-36-50/MultiSource/Benchmarks/7zip/7zip-benchmark' Program
---------------------------------------------------------------

TEST-PASS: compile /home/ed/mcsema-testing/SANDBOX/test-2015-12-21_15-36-50/MultiSource/Benchmarks/7zip/7zip-benchmark
TEST-RESULT-compile-success: pass
TEST-RESULT-compile-hash: c881c724689ec571165488df876d6562
TEST-RESULT-compile-time: user 30.778800
TEST-RESULT-compile-real-time: real 36.020700

TEST-PASS: exec /home/ed/mcsema-testing/SANDBOX/test-2015-12-21_15-36-50/MultiSource/Benchmarks/7zip/7zip-benchmark
TEST-RESULT-exec-success: pass
TEST-RESULT-exec-time: user       7.9717
TEST-RESULT-exec-real-time: real       8.0501
---------------------------------------------------------------
>>> ========= '/home/ed/mcsema-testing/SANDBOX/test-2015-12-21_15-36-50/MultiSource/Benchmarks/ASC_Sequoia/IRSmk/IRSmk' Program
---------------------------------------------------------------

TEST-PASS: compile /home/ed/mcsema-testing/SANDBOX/test-2015-12-21_15-36-50/MultiSource/Benchmarks/ASC_Sequoia/IRSmk/IRSmk
TEST-RESULT-compile-success: pass
TEST-RESULT-compile-hash: 2d30b85d5b83d5bee6951193867737ce
TEST-RESULT-compile-time: user 0.105100
TEST-RESULT-compile-real-time: real 0.159600

TEST-PASS: exec /home/ed/mcsema-testing/SANDBOX/test-2015-12-21_15-36-50/MultiSource/Benchmarks/ASC_Sequoia/IRSmk/IRSmk
TEST-RESULT-exec-success: pass
TEST-RESULT-exec-time: user       4.0321
TEST-RESULT-exec-real-time: real       4.0455
---------------------------------------------------------------
>>> ========= '/home/ed/mcsema-testing/SANDBOX/test-2015-12-21_15-36-50/MultiSource/Benchmarks/ASC_Sequoia/CrystalMk/CrystalMk' Program
---------------------------------------------------------------

TEST-PASS: compile /home/ed/mcsema-testing/SANDBOX/test-2015-12-21_15-36-50/MultiSource/Benchmarks/ASC_Sequoia/CrystalMk/CrystalMk
TEST-RESULT-compile-success: pass
TEST-RESULT-compile-hash: ff1f24bd05bc1772159c55c5e0b382ac
TEST-RESULT-compile-time: user 0.211100
TEST-RESULT-compile-real-time: real 0.301000

TEST-PASS: exec /home/ed/mcsema-testing/SANDBOX/test-2015-12-21_15-36-50/MultiSource/Benchmarks/ASC_Sequoia/CrystalMk/CrystalMk
TEST-RESULT-exec-success: pass
TEST-RESULT-exec-time: user       5.0586
TEST-RESULT-exec-real-time: real       5.0672
---------------------------------------------------------------
>>> ========= '/home/ed/mcsema-testing/SANDBOX/test-2015-12-21_15-36-50/MultiSource/Benchmarks/ASC_Sequoia/AMGmk/AMGmk' Program
---------------------------------------------------------------

TEST-PASS: compile /home/ed/mcsema-testing/SANDBOX/test-2015-12-21_15-36-50/MultiSource/Benchmarks/ASC_Sequoia/AMGmk/AMGmk
TEST-RESULT-compile-success: pass
TEST-RESULT-compile-hash: c56a025309793b18646da1541e3c3050
TEST-RESULT-compile-time: user 0.460900
TEST-RESULT-compile-real-time: real 0.603200

TEST-PASS: exec /home/ed/mcsema-testing/SANDBOX/test-2015-12-21_15-36-50/MultiSource/Benchmarks/ASC_Sequoia/AMGmk/AMGmk
TEST-RESULT-exec-success: pass
TEST-RESULT-exec-time: user       8.8679
TEST-RESULT-exec-real-time: real       8.9306
---------------------------------------------------------------
>>> ========= '/home/ed/mcsema-testing/SANDBOX/test-2015-12-21_15-36-50/MultiSource/Benchmarks/PAQ8p/paq8p' Program
---------------------------------------------------------------

TEST-PASS: compile /home/ed/mcsema-testing/SANDBOX/test-2015-12-21_15-36-50/MultiSource/Benchmarks/PAQ8p/paq8p
TEST-RESULT-compile-success: pass
TEST-RESULT-compile-hash: 403343eeecc5f3ab894b275e4b3c0598
TEST-RESULT-compile-time: user 1.401200
TEST-RESULT-compile-real-time: real 1.448200

TEST-PASS: exec /home/ed/mcsema-testing/SANDBOX/test-2015-12-21_15-36-50/MultiSource/Benchmarks/PAQ8p/paq8p
TEST-RESULT-exec-success: pass
TEST-RESULT-exec-time: user       55.8113
TEST-RESULT-exec-real-time: real       56.0575
---------------------------------------------------------------
>>> ========= '/home/ed/mcsema-testing/SANDBOX/test-2015-12-21_15-36-50/MultiSource/Benchmarks/llubenchmark/llu' Program
---------------------------------------------------------------

TEST-PASS: compile /home/ed/mcsema-testing/SANDBOX/test-2015-12-21_15-36-50/MultiSource/Benchmarks/llubenchmark/llu
TEST-RESULT-compile-success: pass
TEST-RESULT-compile-hash: 88f670524cfd071bdad6fde3525a626c
TEST-RESULT-compile-time: user 0.045500
TEST-RESULT-compile-real-time: real 0.071900

TEST-PASS: exec /home/ed/mcsema-testing/SANDBOX/test-2015-12-21_15-36-50/MultiSource/Benchmarks/llubenchmark/llu
TEST-RESULT-exec-success: pass
TEST-RESULT-exec-time: user       8.3336
TEST-RESULT-exec-real-time: real       8.3641
---------------------------------------------------------------
>>> ========= '/home/ed/mcsema-testing/SANDBOX/test-2015-12-21_15-36-50/MultiSource/Benchmarks/Fhourstones/fhourstones' Program
---------------------------------------------------------------

TEST-PASS: compile /home/ed/mcsema-testing/SANDBOX/test-2015-12-21_15-36-50/MultiSource/Benchmarks/Fhourstones/fhourstones
TEST-RESULT-compile-success: pass
TEST-RESULT-compile-hash: 9ea48234e3e13bc88037ee8bbb96e12c
TEST-RESULT-compile-time: user 0.146300
TEST-RESULT-compile-real-time: real 0.214500

TEST-PASS: exec /home/ed/mcsema-testing/SANDBOX/test-2015-12-21_15-36-50/MultiSource/Benchmarks/Fhourstones/fhourstones
TEST-RESULT-exec-success: pass
TEST-RESULT-exec-time: user       0.9263
TEST-RESULT-exec-real-time: real       0.9334
---------------------------------------------------------------
>>> ========= '/home/ed/mcsema-testing/SANDBOX/test-2015-12-21_15-36-50/MultiSource/Benchmarks/Prolangs-C/assembler/assembler' Program
---------------------------------------------------------------

TEST-PASS: compile /home/ed/mcsema-testing/SANDBOX/test-2015-12-21_15-36-50/MultiSource/Benchmarks/Prolangs-C/assembler/assembler
TEST-RESULT-compile-success: pass
TEST-RESULT-compile-hash: 8f767808e3747cbc9dd4eba4f3ac8152
TEST-RESULT-compile-time: user 0.610000
TEST-RESULT-compile-real-time: real 0.920800

TEST-PASS: exec /home/ed/mcsema-testing/SANDBOX/test-2015-12-21_15-36-50/MultiSource/Benchmarks/Prolangs-C/assembler/assembler
TEST-RESULT-exec-success: pass
TEST-RESULT-exec-time: user       0.0008
TEST-RESULT-exec-real-time: real       0.0017
---------------------------------------------------------------
>>> ========= '/home/ed/mcsema-testing/SANDBOX/test-2015-12-21_15-36-50/MultiSource/Benchmarks/Prolangs-C/cdecl/cdecl' Program
---------------------------------------------------------------

TEST-PASS: compile /home/ed/mcsema-testing/SANDBOX/test-2015-12-21_15-36-50/MultiSource/Benchmarks/Prolangs-C/cdecl/cdecl
TEST-RESULT-compile-success: pass
TEST-RESULT-compile-hash: c722f0e3272d5b3422b67330ed53ea2e
TEST-RESULT-compile-time: user 0.292300
TEST-RESULT-compile-real-time: real 0.328200

TEST-PASS: exec /home/ed/mcsema-testing/SANDBOX/test-2015-12-21_15-36-50/MultiSource/Benchmarks/Prolangs-C/cdecl/cdecl
TEST-RESULT-exec-success: pass
TEST-RESULT-exec-time: user       0.0011
TEST-RESULT-exec-real-time: real       0.0030
---------------------------------------------------------------
>>> ========= '/home/ed/mcsema-testing/SANDBOX/test-2015-12-21_15-36-50/MultiSource/Benchmarks/Prolangs-C/unix-smail/unix-smail' Program
---------------------------------------------------------------

TEST-PASS: compile /home/ed/mcsema-testing/SANDBOX/test-2015-12-21_15-36-50/MultiSource/Benchmarks/Prolangs-C/unix-smail/unix-smail
TEST-RESULT-compile-success: pass
TEST-RESULT-compile-hash: 8518a41614c73d6dd75a50643f85cec7
TEST-RESULT-compile-time: user 0.573200
TEST-RESULT-compile-real-time: real 0.851900

TEST-PASS: exec /home/ed/mcsema-testing/SANDBOX/test-2015-12-21_15-36-50/MultiSource/Benchmarks/Prolangs-C/unix-smail/unix-smail
TEST-RESULT-exec-success: pass
TEST-RESULT-exec-time: user       0.0022
TEST-RESULT-exec-real-time: real       0.0058
---------------------------------------------------------------
>>> ========= '/home/ed/mcsema-testing/SANDBOX/test-2015-12-21_15-36-50/MultiSource/Benchmarks/Prolangs-C/plot2fig/plot2fig' Program
---------------------------------------------------------------

TEST-PASS: compile /home/ed/mcsema-testing/SANDBOX/test-2015-12-21_15-36-50/MultiSource/Benchmarks/Prolangs-C/plot2fig/plot2fig
TEST-RESULT-compile-success: pass
TEST-RESULT-compile-hash: 07956c704e1a335c01d40da19ff86e1b
TEST-RESULT-compile-time: user 0.616200
TEST-RESULT-compile-real-time: real 0.924300

TEST-PASS: exec /home/ed/mcsema-testing/SANDBOX/test-2015-12-21_15-36-50/MultiSource/Benchmarks/Prolangs-C/plot2fig/plot2fig
TEST-RESULT-exec-success: pass
TEST-RESULT-exec-time: user       0.0009
TEST-RESULT-exec-real-time: real       0.0018
---------------------------------------------------------------
>>> ========= '/home/ed/mcsema-testing/SANDBOX/test-2015-12-21_15-36-50/MultiSource/Benchmarks/Prolangs-C/unix-tbl/unix-tbl' Program
---------------------------------------------------------------

TEST-PASS: compile /home/ed/mcsema-testing/SANDBOX/test-2015-12-21_15-36-50/MultiSource/Benchmarks/Prolangs-C/unix-tbl/unix-tbl
TEST-RESULT-compile-success: pass
TEST-RESULT-compile-hash: 73b4c1bd2a0614cebda084eb35b1c247
TEST-RESULT-compile-time: user 1.046200
TEST-RESULT-compile-real-time: real 1.433000

TEST-PASS: exec /home/ed/mcsema-testing/SANDBOX/test-2015-12-21_15-36-50/MultiSource/Benchmarks/Prolangs-C/unix-tbl/unix-tbl
TEST-RESULT-exec-success: pass
TEST-RESULT-exec-time: user       0.0009
TEST-RESULT-exec-real-time: real       0.0018
---------------------------------------------------------------
>>> ========= '/home/ed/mcsema-testing/SANDBOX/test-2015-12-21_15-36-50/MultiSource/Benchmarks/Prolangs-C/TimberWolfMC/timberwolfmc' Program
---------------------------------------------------------------

TEST-PASS: compile /home/ed/mcsema-testing/SANDBOX/test-2015-12-21_15-36-50/MultiSource/Benchmarks/Prolangs-C/TimberWolfMC/timberwolfmc
TEST-RESULT-compile-success: pass
TEST-RESULT-compile-hash: 0ccb0a0b8aed5236293350d8fe48e0af
TEST-RESULT-compile-time: user 7.538100
TEST-RESULT-compile-real-time: real 9.717000

TEST-PASS: exec /home/ed/mcsema-testing/SANDBOX/test-2015-12-21_15-36-50/MultiSource/Benchmarks/Prolangs-C/TimberWolfMC/timberwolfmc
TEST-RESULT-exec-success: pass
TEST-RESULT-exec-time: user       0.0009
TEST-RESULT-exec-real-time: real       0.0018
---------------------------------------------------------------
>>> ========= '/home/ed/mcsema-testing/SANDBOX/test-2015-12-21_15-36-50/MultiSource/Benchmarks/Prolangs-C/compiler/compiler' Program
---------------------------------------------------------------

TEST-PASS: compile /home/ed/mcsema-testing/SANDBOX/test-2015-12-21_15-36-50/MultiSource/Benchmarks/Prolangs-C/compiler/compiler
TEST-RESULT-compile-success: pass
TEST-RESULT-compile-hash: ebd1e86b82fcaee09c3d7a21770832e2
TEST-RESULT-compile-time: user 0.380000
TEST-RESULT-compile-real-time: real 0.490300

TEST-PASS: exec /home/ed/mcsema-testing/SANDBOX/test-2015-12-21_15-36-50/MultiSource/Benchmarks/Prolangs-C/compiler/compiler
TEST-RESULT-exec-success: pass
TEST-RESULT-exec-time: user       0.0008
TEST-RESULT-exec-real-time: real       0.0017
---------------------------------------------------------------
>>> ========= '/home/ed/mcsema-testing/SANDBOX/test-2015-12-21_15-36-50/MultiSource/Benchmarks/Prolangs-C/simulator/simulator' Program
---------------------------------------------------------------

TEST-PASS: compile /home/ed/mcsema-testing/SANDBOX/test-2015-12-21_15-36-50/MultiSource/Benchmarks/Prolangs-C/simulator/simulator
TEST-RESULT-compile-success: pass
TEST-RESULT-compile-hash: 4628f22dfecee445eeb4ea71ad44bae0
TEST-RESULT-compile-time: user 0.693600
TEST-RESULT-compile-real-time: real 0.915500

TEST-PASS: exec /home/ed/mcsema-testing/SANDBOX/test-2015-12-21_15-36-50/MultiSource/Benchmarks/Prolangs-C/simulator/simulator
TEST-RESULT-exec-success: pass
TEST-RESULT-exec-time: user       0.0008
TEST-RESULT-exec-real-time: real       0.0018
---------------------------------------------------------------
>>> ========= '/home/ed/mcsema-testing/SANDBOX/test-2015-12-21_15-36-50/MultiSource/Benchmarks/Prolangs-C/agrep/agrep' Program
---------------------------------------------------------------

TEST-PASS: compile /home/ed/mcsema-testing/SANDBOX/test-2015-12-21_15-36-50/MultiSource/Benchmarks/Prolangs-C/agrep/agrep
TEST-RESULT-compile-success: pass
TEST-RESULT-compile-hash: 70062954bb1727b92105e0cbfc8d1698
TEST-RESULT-compile-time: user 1.037800
TEST-RESULT-compile-real-time: real 1.297900

TEST-PASS: exec /home/ed/mcsema-testing/SANDBOX/test-2015-12-21_15-36-50/MultiSource/Benchmarks/Prolangs-C/agrep/agrep
TEST-RESULT-exec-success: pass
TEST-RESULT-exec-time: user       0.0031
TEST-RESULT-exec-real-time: real       0.0058
---------------------------------------------------------------
>>> ========= '/home/ed/mcsema-testing/SANDBOX/test-2015-12-21_15-36-50/MultiSource/Benchmarks/Prolangs-C/fixoutput/fixoutput' Program
---------------------------------------------------------------

TEST-PASS: compile /home/ed/mcsema-testing/SANDBOX/test-2015-12-21_15-36-50/MultiSource/Benchmarks/Prolangs-C/fixoutput/fixoutput
TEST-RESULT-compile-success: pass
TEST-RESULT-compile-hash: 42bc6227df791dfe84c472a13a266bfd
TEST-RESULT-compile-time: user 0.073500
TEST-RESULT-compile-real-time: real 0.105700

TEST-PASS: exec /home/ed/mcsema-testing/SANDBOX/test-2015-12-21_15-36-50/MultiSource/Benchmarks/Prolangs-C/fixoutput/fixoutput
TEST-RESULT-exec-success: pass
TEST-RESULT-exec-time: user       0.0009
TEST-RESULT-exec-real-time: real       0.0018
---------------------------------------------------------------
>>> ========= '/home/ed/mcsema-testing/SANDBOX/test-2015-12-21_15-36-50/MultiSource/Benchmarks/Prolangs-C/archie-client/archie' Program
---------------------------------------------------------------

TEST-PASS: compile /home/ed/mcsema-testing/SANDBOX/test-2015-12-21_15-36-50/MultiSource/Benchmarks/Prolangs-C/archie-client/archie
TEST-RESULT-compile-success: pass
TEST-RESULT-compile-hash: 0088de35f389b8bf31a0cafe7f1b7fd9
TEST-RESULT-compile-time: user 0.614100
TEST-RESULT-compile-real-time: real 0.894400

TEST-PASS: exec /home/ed/mcsema-testing/SANDBOX/test-2015-12-21_15-36-50/MultiSource/Benchmarks/Prolangs-C/archie-client/archie
TEST-RESULT-exec-success: pass
TEST-RESULT-exec-time: user       0.0008
TEST-RESULT-exec-real-time: real       0.0018
---------------------------------------------------------------
>>> ========= '/home/ed/mcsema-testing/SANDBOX/test-2015-12-21_15-36-50/MultiSource/Benchmarks/Prolangs-C/bison/mybison' Program
---------------------------------------------------------------

TEST-PASS: compile /home/ed/mcsema-testing/SANDBOX/test-2015-12-21_15-36-50/MultiSource/Benchmarks/Prolangs-C/bison/mybison
TEST-RESULT-compile-success: pass
TEST-RESULT-compile-hash: 85f7c02803fbee8a7783b3b79fb0753c
TEST-RESULT-compile-time: user 1.223500
TEST-RESULT-compile-real-time: real 1.529500

TEST-PASS: exec /home/ed/mcsema-testing/SANDBOX/test-2015-12-21_15-36-50/MultiSource/Benchmarks/Prolangs-C/bison/mybison
TEST-RESULT-exec-success: pass
TEST-RESULT-exec-time: user       0.0023
TEST-RESULT-exec-real-time: real       0.0048
---------------------------------------------------------------
>>> ========= '/home/ed/mcsema-testing/SANDBOX/test-2015-12-21_15-36-50/MultiSource/Benchmarks/Prolangs-C/allroots/allroots' Program
---------------------------------------------------------------

TEST-PASS: compile /home/ed/mcsema-testing/SANDBOX/test-2015-12-21_15-36-50/MultiSource/Benchmarks/Prolangs-C/allroots/allroots
TEST-RESULT-compile-success: pass
TEST-RESULT-compile-hash: a017763ec665efff414bed98166b3a05
TEST-RESULT-compile-time: user 0.093800
TEST-RESULT-compile-real-time: real 0.139000

TEST-PASS: exec /home/ed/mcsema-testing/SANDBOX/test-2015-12-21_15-36-50/MultiSource/Benchmarks/Prolangs-C/allroots/allroots
TEST-RESULT-exec-success: pass
TEST-RESULT-exec-time: user       0.0009
TEST-RESULT-exec-real-time: real       0.0020
---------------------------------------------------------------
>>> ========= '/home/ed/mcsema-testing/SANDBOX/test-2015-12-21_15-36-50/MultiSource/Benchmarks/Prolangs-C/football/football' Program
---------------------------------------------------------------

TEST-PASS: compile /home/ed/mcsema-testing/SANDBOX/test-2015-12-21_15-36-50/MultiSource/Benchmarks/Prolangs-C/football/football
TEST-RESULT-compile-success: pass
TEST-RESULT-compile-hash: 6769dab37784331e3cc62d31116b3fcd
TEST-RESULT-compile-time: user 0.567300
TEST-RESULT-compile-real-time: real 0.647700

TEST-PASS: exec /home/ed/mcsema-testing/SANDBOX/test-2015-12-21_15-36-50/MultiSource/Benchmarks/Prolangs-C/football/football
TEST-RESULT-exec-success: pass
TEST-RESULT-exec-time: user       0.0008
TEST-RESULT-exec-real-time: real       0.0018
---------------------------------------------------------------
>>> ========= '/home/ed/mcsema-testing/SANDBOX/test-2015-12-21_15-36-50/MultiSource/Benchmarks/Prolangs-C/loader/loader' Program
---------------------------------------------------------------

TEST-PASS: compile /home/ed/mcsema-testing/SANDBOX/test-2015-12-21_15-36-50/MultiSource/Benchmarks/Prolangs-C/loader/loader
TEST-RESULT-compile-success: pass
TEST-RESULT-compile-hash: 5c7a6547ce51f7d1b5e0033023645c74
TEST-RESULT-compile-time: user 0.318600
TEST-RESULT-compile-real-time: real 0.449100

TEST-PASS: exec /home/ed/mcsema-testing/SANDBOX/test-2015-12-21_15-36-50/MultiSource/Benchmarks/Prolangs-C/loader/loader
TEST-RESULT-exec-success: pass
TEST-RESULT-exec-time: user       0.0009
TEST-RESULT-exec-real-time: real       0.0019
---------------------------------------------------------------
>>> ========= '/home/ed/mcsema-testing/SANDBOX/test-2015-12-21_15-36-50/MultiSource/Benchmarks/Prolangs-C/gnugo/gnugo' Program
---------------------------------------------------------------

TEST-PASS: compile /home/ed/mcsema-testing/SANDBOX/test-2015-12-21_15-36-50/MultiSource/Benchmarks/Prolangs-C/gnugo/gnugo
TEST-RESULT-compile-success: pass
TEST-RESULT-compile-hash: 9a15bade40cc766573a3038e87559d20
TEST-RESULT-compile-time: user 0.721700
TEST-RESULT-compile-real-time: real 1.136000

TEST-PASS: exec /home/ed/mcsema-testing/SANDBOX/test-2015-12-21_15-36-50/MultiSource/Benchmarks/Prolangs-C/gnugo/gnugo
TEST-RESULT-exec-success: pass
TEST-RESULT-exec-time: user       0.0355
TEST-RESULT-exec-real-time: real       0.0383
---------------------------------------------------------------
>>> ========= '/home/ed/mcsema-testing/SANDBOX/test-2015-12-21_15-36-50/MultiSource/Benchmarks/VersaBench/8b10b/8b10b' Program
---------------------------------------------------------------

TEST-PASS: compile /home/ed/mcsema-testing/SANDBOX/test-2015-12-21_15-36-50/MultiSource/Benchmarks/VersaBench/8b10b/8b10b
TEST-RESULT-compile-success: pass
TEST-RESULT-compile-hash: 7d5747fdca17909bbd3a18a94e5b4228
TEST-RESULT-compile-time: user 0.086500
TEST-RESULT-compile-real-time: real 0.139500

TEST-PASS: exec /home/ed/mcsema-testing/SANDBOX/test-2015-12-21_15-36-50/MultiSource/Benchmarks/VersaBench/8b10b/8b10b
TEST-RESULT-exec-success: pass
TEST-RESULT-exec-time: user       4.9564
TEST-RESULT-exec-real-time: real       4.9673
---------------------------------------------------------------
>>> ========= '/home/ed/mcsema-testing/SANDBOX/test-2015-12-21_15-36-50/MultiSource/Benchmarks/VersaBench/bmm/bmm' Program
---------------------------------------------------------------

TEST-PASS: compile /home/ed/mcsema-testing/SANDBOX/test-2015-12-21_15-36-50/MultiSource/Benchmarks/VersaBench/bmm/bmm
TEST-RESULT-compile-success: pass
TEST-RESULT-compile-hash: 781ee25d750f1009cfb18096f0ed5adc
TEST-RESULT-compile-time: user 0.055500
TEST-RESULT-compile-real-time: real 0.071400

TEST-PASS: exec /home/ed/mcsema-testing/SANDBOX/test-2015-12-21_15-36-50/MultiSource/Benchmarks/VersaBench/bmm/bmm
TEST-RESULT-exec-success: pass
TEST-RESULT-exec-time: user       1.8162
TEST-RESULT-exec-real-time: real       1.8269
---------------------------------------------------------------
>>> ========= '/home/ed/mcsema-testing/SANDBOX/test-2015-12-21_15-36-50/MultiSource/Benchmarks/VersaBench/ecbdes/ecbdes' Program
---------------------------------------------------------------

TEST-PASS: compile /home/ed/mcsema-testing/SANDBOX/test-2015-12-21_15-36-50/MultiSource/Benchmarks/VersaBench/ecbdes/ecbdes
TEST-RESULT-compile-success: pass
TEST-RESULT-compile-hash: 974114aa59f0fc40ec6a157926bf944f
TEST-RESULT-compile-time: user 0.203400
TEST-RESULT-compile-real-time: real 0.270400

TEST-PASS: exec /home/ed/mcsema-testing/SANDBOX/test-2015-12-21_15-36-50/MultiSource/Benchmarks/VersaBench/ecbdes/ecbdes
TEST-RESULT-exec-success: pass
TEST-RESULT-exec-time: user       2.1254
TEST-RESULT-exec-real-time: real       2.1304
---------------------------------------------------------------
>>> ========= '/home/ed/mcsema-testing/SANDBOX/test-2015-12-21_15-36-50/MultiSource/Benchmarks/VersaBench/dbms/dbms' Program
---------------------------------------------------------------

TEST-PASS: compile /home/ed/mcsema-testing/SANDBOX/test-2015-12-21_15-36-50/MultiSource/Benchmarks/VersaBench/dbms/dbms
TEST-RESULT-compile-success: pass
TEST-RESULT-compile-hash: 6c978c91cb172df3d6603d6c58b42137
TEST-RESULT-compile-time: user 1.106000
TEST-RESULT-compile-real-time: real 1.754000

TEST-PASS: exec /home/ed/mcsema-testing/SANDBOX/test-2015-12-21_15-36-50/MultiSource/Benchmarks/VersaBench/dbms/dbms
TEST-RESULT-exec-success: pass
TEST-RESULT-exec-time: user       1.3845
TEST-RESULT-exec-real-time: real       1.4737
---------------------------------------------------------------
>>> ========= '/home/ed/mcsema-testing/SANDBOX/test-2015-12-21_15-36-50/MultiSource/Benchmarks/VersaBench/beamformer/beamformer' Program
---------------------------------------------------------------

TEST-PASS: compile /home/ed/mcsema-testing/SANDBOX/test-2015-12-21_15-36-50/MultiSource/Benchmarks/VersaBench/beamformer/beamformer
TEST-RESULT-compile-success: pass
TEST-RESULT-compile-hash: 9d17ff9ba2330b3d9b899aab2aa0da3a
TEST-RESULT-compile-time: user 0.098200
TEST-RESULT-compile-real-time: real 0.117200

TEST-PASS: exec /home/ed/mcsema-testing/SANDBOX/test-2015-12-21_15-36-50/MultiSource/Benchmarks/VersaBench/beamformer/beamformer
TEST-RESULT-exec-success: pass
TEST-RESULT-exec-time: user       1.1349
TEST-RESULT-exec-real-time: real       1.1433
---------------------------------------------------------------
>>> ========= '/home/ed/mcsema-testing/SANDBOX/test-2015-12-21_15-36-50/MultiSource/Benchmarks/mafft/pairlocalalign' Program
---------------------------------------------------------------

TEST-PASS: compile /home/ed/mcsema-testing/SANDBOX/test-2015-12-21_15-36-50/MultiSource/Benchmarks/mafft/pairlocalalign
TEST-RESULT-compile-success: pass
TEST-RESULT-compile-hash: b783f5df85180605ae3a3ce7ad70de96
TEST-RESULT-compile-time: user 5.986200
TEST-RESULT-compile-real-time: real 6.717400

TEST-PASS: exec /home/ed/mcsema-testing/SANDBOX/test-2015-12-21_15-36-50/MultiSource/Benchmarks/mafft/pairlocalalign
TEST-RESULT-exec-success: pass
TEST-RESULT-exec-time: user       21.9158
TEST-RESULT-exec-real-time: real       22.1128
---------------------------------------------------------------
>>> ========= '/home/ed/mcsema-testing/SANDBOX/test-2015-12-21_15-36-50/MultiSource/Benchmarks/tramp3d-v4/tramp3d-v4' Program
---------------------------------------------------------------

TEST-PASS: compile /home/ed/mcsema-testing/SANDBOX/test-2015-12-21_15-36-50/MultiSource/Benchmarks/tramp3d-v4/tramp3d-v4
TEST-RESULT-compile-success: pass
TEST-RESULT-compile-hash: 99b80b17428155b694356d1a2363601d
TEST-RESULT-compile-time: user 16.404800
TEST-RESULT-compile-real-time: real 16.852500

TEST-PASS: exec /home/ed/mcsema-testing/SANDBOX/test-2015-12-21_15-36-50/MultiSource/Benchmarks/tramp3d-v4/tramp3d-v4
TEST-RESULT-exec-success: pass
TEST-RESULT-exec-time: user       0.3316
TEST-RESULT-exec-real-time: real       0.3391
---------------------------------------------------------------
>>> ========= '/home/ed/mcsema-testing/SANDBOX/test-2015-12-21_15-36-50/MultiSource/Benchmarks/Prolangs-C++/deriv2/deriv2' Program
---------------------------------------------------------------

TEST-PASS: compile /home/ed/mcsema-testing/SANDBOX/test-2015-12-21_15-36-50/MultiSource/Benchmarks/Prolangs-C++/deriv2/deriv2
TEST-RESULT-compile-success: pass
TEST-RESULT-compile-hash: 16542b78576f183bfdbcc743a023b70c
TEST-RESULT-compile-time: user 0.210100
TEST-RESULT-compile-real-time: real 0.243700

TEST-PASS: exec /home/ed/mcsema-testing/SANDBOX/test-2015-12-21_15-36-50/MultiSource/Benchmarks/Prolangs-C++/deriv2/deriv2
TEST-RESULT-exec-success: pass
TEST-RESULT-exec-time: user       0.0009
TEST-RESULT-exec-real-time: real       0.0018
---------------------------------------------------------------
>>> ========= '/home/ed/mcsema-testing/SANDBOX/test-2015-12-21_15-36-50/MultiSource/Benchmarks/Prolangs-C++/NP/np' Program
---------------------------------------------------------------

TEST-PASS: compile /home/ed/mcsema-testing/SANDBOX/test-2015-12-21_15-36-50/MultiSource/Benchmarks/Prolangs-C++/NP/np
TEST-RESULT-compile-success: pass
TEST-RESULT-compile-hash: 655b10fb8b7abe46a0e4a12e3e16b009
TEST-RESULT-compile-time: user 0.025500
TEST-RESULT-compile-real-time: real 0.039200

TEST-PASS: exec /home/ed/mcsema-testing/SANDBOX/test-2015-12-21_15-36-50/MultiSource/Benchmarks/Prolangs-C++/NP/np
TEST-RESULT-exec-success: pass
TEST-RESULT-exec-time: user       0.0008
TEST-RESULT-exec-real-time: real       0.0017
---------------------------------------------------------------
>>> ========= '/home/ed/mcsema-testing/SANDBOX/test-2015-12-21_15-36-50/MultiSource/Benchmarks/Prolangs-C++/life/life' Program
---------------------------------------------------------------

TEST-PASS: compile /home/ed/mcsema-testing/SANDBOX/test-2015-12-21_15-36-50/MultiSource/Benchmarks/Prolangs-C++/life/life
TEST-RESULT-compile-success: pass
TEST-RESULT-compile-hash: d39aa1aaa2f3b560a72cd11f66aca802
TEST-RESULT-compile-time: user 0.058600
TEST-RESULT-compile-real-time: real 0.072900

TEST-PASS: exec /home/ed/mcsema-testing/SANDBOX/test-2015-12-21_15-36-50/MultiSource/Benchmarks/Prolangs-C++/life/life
TEST-RESULT-exec-success: pass
TEST-RESULT-exec-time: user       0.9222
TEST-RESULT-exec-real-time: real       0.9255
---------------------------------------------------------------
>>> ========= '/home/ed/mcsema-testing/SANDBOX/test-2015-12-21_15-36-50/MultiSource/Benchmarks/Prolangs-C++/office/office' Program
---------------------------------------------------------------

TEST-PASS: compile /home/ed/mcsema-testing/SANDBOX/test-2015-12-21_15-36-50/MultiSource/Benchmarks/Prolangs-C++/office/office
TEST-RESULT-compile-success: pass
TEST-RESULT-compile-hash: 4be21cae2c035159d927337cd1a15014
TEST-RESULT-compile-time: user 0.177600
TEST-RESULT-compile-real-time: real 0.207600

TEST-PASS: exec /home/ed/mcsema-testing/SANDBOX/test-2015-12-21_15-36-50/MultiSource/Benchmarks/Prolangs-C++/office/office
TEST-RESULT-exec-success: pass
TEST-RESULT-exec-time: user       0.0010
TEST-RESULT-exec-real-time: real       0.0020
---------------------------------------------------------------
>>> ========= '/home/ed/mcsema-testing/SANDBOX/test-2015-12-21_15-36-50/MultiSource/Benchmarks/Prolangs-C++/objects/objects' Program
---------------------------------------------------------------

TEST-PASS: compile /home/ed/mcsema-testing/SANDBOX/test-2015-12-21_15-36-50/MultiSource/Benchmarks/Prolangs-C++/objects/objects
TEST-RESULT-compile-success: pass
TEST-RESULT-compile-hash: 15ad6f49d8b2f123e11963f98264e83a
TEST-RESULT-compile-time: user 0.064000
TEST-RESULT-compile-real-time: real 0.080400

TEST-PASS: exec /home/ed/mcsema-testing/SANDBOX/test-2015-12-21_15-36-50/MultiSource/Benchmarks/Prolangs-C++/objects/objects
TEST-RESULT-exec-success: pass
TEST-RESULT-exec-time: user       0.0009
TEST-RESULT-exec-real-time: real       0.0017
---------------------------------------------------------------
>>> ========= '/home/ed/mcsema-testing/SANDBOX/test-2015-12-21_15-36-50/MultiSource/Benchmarks/Prolangs-C++/trees/trees' Program
---------------------------------------------------------------

TEST-PASS: compile /home/ed/mcsema-testing/SANDBOX/test-2015-12-21_15-36-50/MultiSource/Benchmarks/Prolangs-C++/trees/trees
TEST-RESULT-compile-success: pass
TEST-RESULT-compile-hash: bced2138c4becb67588d70e08e97329f
TEST-RESULT-compile-time: user 0.065700
TEST-RESULT-compile-real-time: real 0.082400

TEST-PASS: exec /home/ed/mcsema-testing/SANDBOX/test-2015-12-21_15-36-50/MultiSource/Benchmarks/Prolangs-C++/trees/trees
TEST-RESULT-exec-success: pass
TEST-RESULT-exec-time: user       0.0009
TEST-RESULT-exec-real-time: real       0.0017
---------------------------------------------------------------
>>> ========= '/home/ed/mcsema-testing/SANDBOX/test-2015-12-21_15-36-50/MultiSource/Benchmarks/Prolangs-C++/deriv1/deriv1' Program
---------------------------------------------------------------

TEST-PASS: compile /home/ed/mcsema-testing/SANDBOX/test-2015-12-21_15-36-50/MultiSource/Benchmarks/Prolangs-C++/deriv1/deriv1
TEST-RESULT-compile-success: pass
TEST-RESULT-compile-hash: 497f0d168aa9c01a71e8abbfbe3e8510
TEST-RESULT-compile-time: user 0.179900
TEST-RESULT-compile-real-time: real 0.207600

TEST-PASS: exec /home/ed/mcsema-testing/SANDBOX/test-2015-12-21_15-36-50/MultiSource/Benchmarks/Prolangs-C++/deriv1/deriv1
TEST-RESULT-exec-success: pass
TEST-RESULT-exec-time: user       0.0009
TEST-RESULT-exec-real-time: real       0.0019
---------------------------------------------------------------
>>> ========= '/home/ed/mcsema-testing/SANDBOX/test-2015-12-21_15-36-50/MultiSource/Benchmarks/Prolangs-C++/vcirc/vcirc' Program
---------------------------------------------------------------

TEST-PASS: compile /home/ed/mcsema-testing/SANDBOX/test-2015-12-21_15-36-50/MultiSource/Benchmarks/Prolangs-C++/vcirc/vcirc
TEST-RESULT-compile-success: pass
TEST-RESULT-compile-hash: 7a200494eb7369d4c75b04678ed7cf5a
TEST-RESULT-compile-time: user 0.029400
TEST-RESULT-compile-real-time: real 0.043000

TEST-PASS: exec /home/ed/mcsema-testing/SANDBOX/test-2015-12-21_15-36-50/MultiSource/Benchmarks/Prolangs-C++/vcirc/vcirc
TEST-RESULT-exec-success: pass
TEST-RESULT-exec-time: user       0.0008
TEST-RESULT-exec-real-time: real       0.0016
---------------------------------------------------------------
>>> ========= '/home/ed/mcsema-testing/SANDBOX/test-2015-12-21_15-36-50/MultiSource/Benchmarks/Prolangs-C++/primes/primes' Program
---------------------------------------------------------------

TEST-PASS: compile /home/ed/mcsema-testing/SANDBOX/test-2015-12-21_15-36-50/MultiSource/Benchmarks/Prolangs-C++/primes/primes
TEST-RESULT-compile-success: pass
TEST-RESULT-compile-hash: 3c42cc60331d659c7b29fbe94996332c
TEST-RESULT-compile-time: user 0.027600
TEST-RESULT-compile-real-time: real 0.041700

TEST-PASS: exec /home/ed/mcsema-testing/SANDBOX/test-2015-12-21_15-36-50/MultiSource/Benchmarks/Prolangs-C++/primes/primes
TEST-RESULT-exec-success: pass
TEST-RESULT-exec-time: user       0.2520
TEST-RESULT-exec-real-time: real       0.2543
---------------------------------------------------------------
>>> ========= '/home/ed/mcsema-testing/SANDBOX/test-2015-12-21_15-36-50/MultiSource/Benchmarks/Prolangs-C++/city/city' Program
---------------------------------------------------------------

TEST-PASS: compile /home/ed/mcsema-testing/SANDBOX/test-2015-12-21_15-36-50/MultiSource/Benchmarks/Prolangs-C++/city/city
TEST-RESULT-compile-success: pass
TEST-RESULT-compile-hash: 2a4472d76e2ec9bfb5ce0e11d91555e5
TEST-RESULT-compile-time: user 1.254700
TEST-RESULT-compile-real-time: real 1.469700

TEST-PASS: exec /home/ed/mcsema-testing/SANDBOX/test-2015-12-21_15-36-50/MultiSource/Benchmarks/Prolangs-C++/city/city
TEST-RESULT-exec-success: pass
TEST-RESULT-exec-time: user       0.0059
TEST-RESULT-exec-real-time: real       0.0068
---------------------------------------------------------------
>>> ========= '/home/ed/mcsema-testing/SANDBOX/test-2015-12-21_15-36-50/MultiSource/Benchmarks/Prolangs-C++/ocean/ocean' Program
---------------------------------------------------------------

TEST-PASS: compile /home/ed/mcsema-testing/SANDBOX/test-2015-12-21_15-36-50/MultiSource/Benchmarks/Prolangs-C++/ocean/ocean
TEST-RESULT-compile-success: pass
TEST-RESULT-compile-hash: e900fdfd0f06dc2b0ae9d4af4554cefd
TEST-RESULT-compile-time: user 0.091100
TEST-RESULT-compile-real-time: real 0.121000

TEST-PASS: exec /home/ed/mcsema-testing/SANDBOX/test-2015-12-21_15-36-50/MultiSource/Benchmarks/Prolangs-C++/ocean/ocean
TEST-RESULT-exec-success: pass
TEST-RESULT-exec-time: user       0.0634
TEST-RESULT-exec-real-time: real       0.0812
---------------------------------------------------------------
>>> ========= '/home/ed/mcsema-testing/SANDBOX/test-2015-12-21_15-36-50/MultiSource/Benchmarks/Prolangs-C++/employ/employ' Program
---------------------------------------------------------------

TEST-PASS: compile /home/ed/mcsema-testing/SANDBOX/test-2015-12-21_15-36-50/MultiSource/Benchmarks/Prolangs-C++/employ/employ
TEST-RESULT-compile-success: pass
TEST-RESULT-compile-hash: fb55f98e9a120086aafd01476fc8bffa
TEST-RESULT-compile-time: user 0.239300
TEST-RESULT-compile-real-time: real 0.273400

TEST-PASS: exec /home/ed/mcsema-testing/SANDBOX/test-2015-12-21_15-36-50/MultiSource/Benchmarks/Prolangs-C++/employ/employ
TEST-RESULT-exec-success: pass
TEST-RESULT-exec-time: user       0.0063
TEST-RESULT-exec-real-time: real       0.0084
---------------------------------------------------------------
>>> ========= '/home/ed/mcsema-testing/SANDBOX/test-2015-12-21_15-36-50/MultiSource/Benchmarks/Prolangs-C++/garage/garage' Program
---------------------------------------------------------------

TEST-PASS: compile /home/ed/mcsema-testing/SANDBOX/test-2015-12-21_15-36-50/MultiSource/Benchmarks/Prolangs-C++/garage/garage
TEST-RESULT-compile-success: pass
TEST-RESULT-compile-hash: 174ebec950cfdfd3517d0a4bdb37946d
TEST-RESULT-compile-time: user 0.052200
TEST-RESULT-compile-real-time: real 0.068300

TEST-PASS: exec /home/ed/mcsema-testing/SANDBOX/test-2015-12-21_15-36-50/MultiSource/Benchmarks/Prolangs-C++/garage/garage
TEST-RESULT-exec-success: pass
TEST-RESULT-exec-time: user       0.0008
TEST-RESULT-exec-real-time: real       0.0017
---------------------------------------------------------------
>>> ========= '/home/ed/mcsema-testing/SANDBOX/test-2015-12-21_15-36-50/MultiSource/Benchmarks/Prolangs-C++/fsm/fsm' Program
---------------------------------------------------------------

TEST-PASS: compile /home/ed/mcsema-testing/SANDBOX/test-2015-12-21_15-36-50/MultiSource/Benchmarks/Prolangs-C++/fsm/fsm
TEST-RESULT-compile-success: pass
TEST-RESULT-compile-hash: fa3c421314de12a56d2e682c7b2f9975
TEST-RESULT-compile-time: user 0.046000
TEST-RESULT-compile-real-time: real 0.061200

TEST-PASS: exec /home/ed/mcsema-testing/SANDBOX/test-2015-12-21_15-36-50/MultiSource/Benchmarks/Prolangs-C++/fsm/fsm
TEST-RESULT-exec-success: pass
TEST-RESULT-exec-time: user       0.0009
TEST-RESULT-exec-real-time: real       0.0020
---------------------------------------------------------------
>>> ========= '/home/ed/mcsema-testing/SANDBOX/test-2015-12-21_15-36-50/MultiSource/Benchmarks/Prolangs-C++/family/family' Program
---------------------------------------------------------------

TEST-PASS: compile /home/ed/mcsema-testing/SANDBOX/test-2015-12-21_15-36-50/MultiSource/Benchmarks/Prolangs-C++/family/family
TEST-RESULT-compile-success: pass
TEST-RESULT-compile-hash: a56435942373a87c175119d78f2b8bf8
TEST-RESULT-compile-time: user 0.039700
TEST-RESULT-compile-real-time: real 0.054600

TEST-PASS: exec /home/ed/mcsema-testing/SANDBOX/test-2015-12-21_15-36-50/MultiSource/Benchmarks/Prolangs-C++/family/family
TEST-RESULT-exec-success: pass
TEST-RESULT-exec-time: user       0.0008
TEST-RESULT-exec-real-time: real       0.0017
---------------------------------------------------------------
>>> ========= '/home/ed/mcsema-testing/SANDBOX/test-2015-12-21_15-36-50/MultiSource/Benchmarks/Prolangs-C++/simul/simul' Program
---------------------------------------------------------------

TEST-PASS: compile /home/ed/mcsema-testing/SANDBOX/test-2015-12-21_15-36-50/MultiSource/Benchmarks/Prolangs-C++/simul/simul
TEST-RESULT-compile-success: pass
TEST-RESULT-compile-hash: e363b10bec0920ae049f0e326bcd9ff3
TEST-RESULT-compile-time: user 0.050700
TEST-RESULT-compile-real-time: real 0.074000

TEST-PASS: exec /home/ed/mcsema-testing/SANDBOX/test-2015-12-21_15-36-50/MultiSource/Benchmarks/Prolangs-C++/simul/simul
TEST-RESULT-exec-success: pass
TEST-RESULT-exec-time: user       0.0055
TEST-RESULT-exec-real-time: real       0.0065
---------------------------------------------------------------
>>> ========= '/home/ed/mcsema-testing/SANDBOX/test-2015-12-21_15-36-50/MultiSource/Benchmarks/Prolangs-C++/shapes/shapes' Program
---------------------------------------------------------------

TEST-PASS: compile /home/ed/mcsema-testing/SANDBOX/test-2015-12-21_15-36-50/MultiSource/Benchmarks/Prolangs-C++/shapes/shapes
TEST-RESULT-compile-success: pass
TEST-RESULT-compile-hash: 557524becdf29fd774f6e1979bf0c97e
TEST-RESULT-compile-time: user 0.219000
TEST-RESULT-compile-real-time: real 0.248100

TEST-PASS: exec /home/ed/mcsema-testing/SANDBOX/test-2015-12-21_15-36-50/MultiSource/Benchmarks/Prolangs-C++/shapes/shapes
TEST-RESULT-exec-success: pass
TEST-RESULT-exec-time: user       0.0010
TEST-RESULT-exec-real-time: real       0.0021
---------------------------------------------------------------
>>> ========= '/home/ed/mcsema-testing/SANDBOX/test-2015-12-21_15-36-50/MultiSource/Benchmarks/nbench/nbench' Program
---------------------------------------------------------------

TEST-PASS: compile /home/ed/mcsema-testing/SANDBOX/test-2015-12-21_15-36-50/MultiSource/Benchmarks/nbench/nbench
TEST-RESULT-compile-success: pass
TEST-RESULT-compile-hash: 2bd4c187c7115b2e6d9a4a942e0974cf
TEST-RESULT-compile-time: user 0.730500
TEST-RESULT-compile-real-time: real 0.856600

TEST-PASS: exec /home/ed/mcsema-testing/SANDBOX/test-2015-12-21_15-36-50/MultiSource/Benchmarks/nbench/nbench
TEST-RESULT-exec-success: pass
TEST-RESULT-exec-time: user       8.0367
TEST-RESULT-exec-real-time: real       8.0561
---------------------------------------------------------------
>>> ========= '/home/ed/mcsema-testing/SANDBOX/test-2015-12-21_15-36-50/MultiSource/Benchmarks/Olden/bh/bh' Program
---------------------------------------------------------------

TEST-PASS: compile /home/ed/mcsema-testing/SANDBOX/test-2015-12-21_15-36-50/MultiSource/Benchmarks/Olden/bh/bh
TEST-RESULT-compile-success: pass
TEST-RESULT-compile-hash: 23c448663346dcd0569b05840aa218c9
TEST-RESULT-compile-time: user 0.249000
TEST-RESULT-compile-real-time: real 0.334300

TEST-PASS: exec /home/ed/mcsema-testing/SANDBOX/test-2015-12-21_15-36-50/MultiSource/Benchmarks/Olden/bh/bh
TEST-RESULT-exec-success: pass
TEST-RESULT-exec-time: user       1.3736
TEST-RESULT-exec-real-time: real       1.3883
---------------------------------------------------------------
>>> ========= '/home/ed/mcsema-testing/SANDBOX/test-2015-12-21_15-36-50/MultiSource/Benchmarks/Olden/power/power' Program
---------------------------------------------------------------

TEST-PASS: compile /home/ed/mcsema-testing/SANDBOX/test-2015-12-21_15-36-50/MultiSource/Benchmarks/Olden/power/power
TEST-RESULT-compile-success: pass
TEST-RESULT-compile-hash: 8d45dbb3d6d6064e13a1d893fbafb381
TEST-RESULT-compile-time: user 0.123800
TEST-RESULT-compile-real-time: real 0.175500

TEST-PASS: exec /home/ed/mcsema-testing/SANDBOX/test-2015-12-21_15-36-50/MultiSource/Benchmarks/Olden/power/power
TEST-RESULT-exec-success: pass
TEST-RESULT-exec-time: user       1.1376
TEST-RESULT-exec-real-time: real       1.1419
---------------------------------------------------------------
>>> ========= '/home/ed/mcsema-testing/SANDBOX/test-2015-12-21_15-36-50/MultiSource/Benchmarks/Olden/tsp/tsp' Program
---------------------------------------------------------------

TEST-PASS: compile /home/ed/mcsema-testing/SANDBOX/test-2015-12-21_15-36-50/MultiSource/Benchmarks/Olden/tsp/tsp
TEST-RESULT-compile-success: pass
TEST-RESULT-compile-hash: 0370cd7d909dfca883454295174e23a2
TEST-RESULT-compile-time: user 0.128000
TEST-RESULT-compile-real-time: real 0.196600

TEST-PASS: exec /home/ed/mcsema-testing/SANDBOX/test-2015-12-21_15-36-50/MultiSource/Benchmarks/Olden/tsp/tsp
TEST-RESULT-exec-success: pass
TEST-RESULT-exec-time: user       1.0450
TEST-RESULT-exec-real-time: real       1.0819
---------------------------------------------------------------
>>> ========= '/home/ed/mcsema-testing/SANDBOX/test-2015-12-21_15-36-50/MultiSource/Benchmarks/Olden/health/health' Program
---------------------------------------------------------------

TEST-PASS: compile /home/ed/mcsema-testing/SANDBOX/test-2015-12-21_15-36-50/MultiSource/Benchmarks/Olden/health/health
TEST-RESULT-compile-success: pass
TEST-RESULT-compile-hash: 744ae68917187c064099e10a159486f6
TEST-RESULT-compile-time: user 0.147700
TEST-RESULT-compile-real-time: real 0.209200

TEST-PASS: exec /home/ed/mcsema-testing/SANDBOX/test-2015-12-21_15-36-50/MultiSource/Benchmarks/Olden/health/health
TEST-RESULT-exec-success: pass
TEST-RESULT-exec-time: user       0.4350
TEST-RESULT-exec-real-time: real       0.4772
---------------------------------------------------------------
>>> ========= '/home/ed/mcsema-testing/SANDBOX/test-2015-12-21_15-36-50/MultiSource/Benchmarks/Olden/voronoi/voronoi' Program
---------------------------------------------------------------

TEST-PASS: compile /home/ed/mcsema-testing/SANDBOX/test-2015-12-21_15-36-50/MultiSource/Benchmarks/Olden/voronoi/voronoi
TEST-RESULT-compile-success: pass
TEST-RESULT-compile-hash: 96457451d7e69cf7aa300c8e20dd835a
TEST-RESULT-compile-time: user 0.216000
TEST-RESULT-compile-real-time: real 0.279900

TEST-PASS: exec /home/ed/mcsema-testing/SANDBOX/test-2015-12-21_15-36-50/MultiSource/Benchmarks/Olden/voronoi/voronoi
TEST-RESULT-exec-success: pass
TEST-RESULT-exec-time: user       0.2313
TEST-RESULT-exec-real-time: real       0.3026
---------------------------------------------------------------
>>> ========= '/home/ed/mcsema-testing/SANDBOX/test-2015-12-21_15-36-50/MultiSource/Benchmarks/Olden/perimeter/perimeter' Program
---------------------------------------------------------------

TEST-PASS: compile /home/ed/mcsema-testing/SANDBOX/test-2015-12-21_15-36-50/MultiSource/Benchmarks/Olden/perimeter/perimeter
TEST-RESULT-compile-success: pass
TEST-RESULT-compile-hash: a4091d214305599efe271c3ce42e0942
TEST-RESULT-compile-time: user 0.087300
TEST-RESULT-compile-real-time: real 0.129800

TEST-PASS: exec /home/ed/mcsema-testing/SANDBOX/test-2015-12-21_15-36-50/MultiSource/Benchmarks/Olden/perimeter/perimeter
TEST-RESULT-exec-success: pass
TEST-RESULT-exec-time: user       0.2343
TEST-RESULT-exec-real-time: real       0.2799
---------------------------------------------------------------
>>> ========= '/home/ed/mcsema-testing/SANDBOX/test-2015-12-21_15-36-50/MultiSource/Benchmarks/Olden/mst/mst' Program
---------------------------------------------------------------

TEST-PASS: compile /home/ed/mcsema-testing/SANDBOX/test-2015-12-21_15-36-50/MultiSource/Benchmarks/Olden/mst/mst
TEST-RESULT-compile-success: pass
TEST-RESULT-compile-hash: 40545772feeb7a8c119fdce516963001
TEST-RESULT-compile-time: user 0.129800
TEST-RESULT-compile-real-time: real 0.189400

TEST-PASS: exec /home/ed/mcsema-testing/SANDBOX/test-2015-12-21_15-36-50/MultiSource/Benchmarks/Olden/mst/mst
TEST-RESULT-exec-success: pass
TEST-RESULT-exec-time: user       0.0994
TEST-RESULT-exec-real-time: real       0.1138
---------------------------------------------------------------
>>> ========= '/home/ed/mcsema-testing/SANDBOX/test-2015-12-21_15-36-50/MultiSource/Benchmarks/Olden/bisort/bisort' Program
---------------------------------------------------------------

TEST-PASS: compile /home/ed/mcsema-testing/SANDBOX/test-2015-12-21_15-36-50/MultiSource/Benchmarks/Olden/bisort/bisort
TEST-RESULT-compile-success: pass
TEST-RESULT-compile-hash: ce681b63eaa0abd77ff222943bce25cd
TEST-RESULT-compile-time: user 0.065900
TEST-RESULT-compile-real-time: real 0.096600

TEST-PASS: exec /home/ed/mcsema-testing/SANDBOX/test-2015-12-21_15-36-50/MultiSource/Benchmarks/Olden/bisort/bisort
TEST-RESULT-exec-success: pass
TEST-RESULT-exec-time: user       0.5405
TEST-RESULT-exec-real-time: real       0.5519
---------------------------------------------------------------
>>> ========= '/home/ed/mcsema-testing/SANDBOX/test-2015-12-21_15-36-50/MultiSource/Benchmarks/Olden/treeadd/treeadd' Program
---------------------------------------------------------------

TEST-PASS: compile /home/ed/mcsema-testing/SANDBOX/test-2015-12-21_15-36-50/MultiSource/Benchmarks/Olden/treeadd/treeadd
TEST-RESULT-compile-success: pass
TEST-RESULT-compile-hash: d24ddc27dca98bec28456cd8a8637a8c
TEST-RESULT-compile-time: user 0.065400
TEST-RESULT-compile-real-time: real 0.113000

TEST-PASS: exec /home/ed/mcsema-testing/SANDBOX/test-2015-12-21_15-36-50/MultiSource/Benchmarks/Olden/treeadd/treeadd
TEST-RESULT-exec-success: pass
TEST-RESULT-exec-time: user       0.1671
TEST-RESULT-exec-real-time: real       0.2329
---------------------------------------------------------------
>>> ========= '/home/ed/mcsema-testing/SANDBOX/test-2015-12-21_15-36-50/MultiSource/Benchmarks/Olden/em3d/em3d' Program
---------------------------------------------------------------

TEST-PASS: compile /home/ed/mcsema-testing/SANDBOX/test-2015-12-21_15-36-50/MultiSource/Benchmarks/Olden/em3d/em3d
TEST-RESULT-compile-success: pass
TEST-RESULT-compile-hash: dd25ab1a8a6d1d487dbc8a289eb8fb33
TEST-RESULT-compile-time: user 0.182700
TEST-RESULT-compile-real-time: real 0.266100

TEST-PASS: exec /home/ed/mcsema-testing/SANDBOX/test-2015-12-21_15-36-50/MultiSource/Benchmarks/Olden/em3d/em3d
TEST-RESULT-exec-success: pass
TEST-RESULT-exec-time: user       2.3230
TEST-RESULT-exec-real-time: real       2.3556
---------------------------------------------------------------
>>> ========= '/home/ed/mcsema-testing/SANDBOX/test-2015-12-21_15-36-50/MultiSource/Benchmarks/sim/sim' Program
---------------------------------------------------------------

TEST-PASS: compile /home/ed/mcsema-testing/SANDBOX/test-2015-12-21_15-36-50/MultiSource/Benchmarks/sim/sim
TEST-RESULT-compile-success: pass
TEST-RESULT-compile-hash: 94de7db6f0f849463c0d6e04bf7ea0e9
TEST-RESULT-compile-time: user 0.205600
TEST-RESULT-compile-real-time: real 0.235700

TEST-PASS: exec /home/ed/mcsema-testing/SANDBOX/test-2015-12-21_15-36-50/MultiSource/Benchmarks/sim/sim
TEST-RESULT-exec-success: pass
TEST-RESULT-exec-time: user       3.5121
TEST-RESULT-exec-real-time: real       3.5321
---------------------------------------------------------------
>>> ========= '/home/ed/mcsema-testing/SANDBOX/test-2015-12-21_15-36-50/MultiSource/Benchmarks/TSVC/CrossingThresholds-flt/CrossingThresholds-flt' Program
---------------------------------------------------------------

TEST-PASS: compile /home/ed/mcsema-testing/SANDBOX/test-2015-12-21_15-36-50/MultiSource/Benchmarks/TSVC/CrossingThresholds-flt/CrossingThresholds-flt
TEST-RESULT-compile-success: pass
TEST-RESULT-compile-hash: 53a9a0a7abe9a0ed8fa1aa43983adbf3
TEST-RESULT-compile-time: user 0.708000
TEST-RESULT-compile-real-time: real 0.753900

TEST-PASS: exec /home/ed/mcsema-testing/SANDBOX/test-2015-12-21_15-36-50/MultiSource/Benchmarks/TSVC/CrossingThresholds-flt/CrossingThresholds-flt
TEST-RESULT-exec-success: pass
TEST-RESULT-exec-time: user       2.6234
TEST-RESULT-exec-real-time: real       2.6304
---------------------------------------------------------------
>>> ========= '/home/ed/mcsema-testing/SANDBOX/test-2015-12-21_15-36-50/MultiSource/Benchmarks/TSVC/LoopRerolling-flt/LoopRerolling-flt' Program
---------------------------------------------------------------

TEST-PASS: compile /home/ed/mcsema-testing/SANDBOX/test-2015-12-21_15-36-50/MultiSource/Benchmarks/TSVC/LoopRerolling-flt/LoopRerolling-flt
TEST-RESULT-compile-success: pass
TEST-RESULT-compile-hash: e619ab930d521f169f09c2890360e21f
TEST-RESULT-compile-time: user 0.696300
TEST-RESULT-compile-real-time: real 0.740200

TEST-PASS: exec /home/ed/mcsema-testing/SANDBOX/test-2015-12-21_15-36-50/MultiSource/Benchmarks/TSVC/LoopRerolling-flt/LoopRerolling-flt
TEST-RESULT-exec-success: pass
TEST-RESULT-exec-time: user       2.3298
TEST-RESULT-exec-real-time: real       2.3364
---------------------------------------------------------------
>>> ========= '/home/ed/mcsema-testing/SANDBOX/test-2015-12-21_15-36-50/MultiSource/Benchmarks/TSVC/StatementReordering-flt/StatementReordering-flt' Program
---------------------------------------------------------------

TEST-PASS: compile /home/ed/mcsema-testing/SANDBOX/test-2015-12-21_15-36-50/MultiSource/Benchmarks/TSVC/StatementReordering-flt/StatementReordering-flt
TEST-RESULT-compile-success: pass
TEST-RESULT-compile-hash: 52fdd7b6112b66b0b6f900f2ae3d3a2b
TEST-RESULT-compile-time: user 0.681300
TEST-RESULT-compile-real-time: real 0.725600

TEST-PASS: exec /home/ed/mcsema-testing/SANDBOX/test-2015-12-21_15-36-50/MultiSource/Benchmarks/TSVC/StatementReordering-flt/StatementReordering-flt
TEST-RESULT-exec-success: pass
TEST-RESULT-exec-time: user       2.6682
TEST-RESULT-exec-real-time: real       2.6755
---------------------------------------------------------------
>>> ========= '/home/ed/mcsema-testing/SANDBOX/test-2015-12-21_15-36-50/MultiSource/Benchmarks/TSVC/IndirectAddressing-flt/IndirectAddressing-flt' Program
---------------------------------------------------------------

TEST-PASS: compile /home/ed/mcsema-testing/SANDBOX/test-2015-12-21_15-36-50/MultiSource/Benchmarks/TSVC/IndirectAddressing-flt/IndirectAddressing-flt
TEST-RESULT-compile-success: pass
TEST-RESULT-compile-hash: 93dbd5ace081beba8b403247fe4077d8
TEST-RESULT-compile-time: user 0.693400
TEST-RESULT-compile-real-time: real 0.746300

TEST-PASS: exec /home/ed/mcsema-testing/SANDBOX/test-2015-12-21_15-36-50/MultiSource/Benchmarks/TSVC/IndirectAddressing-flt/IndirectAddressing-flt
TEST-RESULT-exec-success: pass
TEST-RESULT-exec-time: user       3.3504
TEST-RESULT-exec-real-time: real       3.3602
---------------------------------------------------------------
>>> ========= '/home/ed/mcsema-testing/SANDBOX/test-2015-12-21_15-36-50/MultiSource/Benchmarks/TSVC/IndirectAddressing-dbl/IndirectAddressing-dbl' Program
---------------------------------------------------------------

TEST-PASS: compile /home/ed/mcsema-testing/SANDBOX/test-2015-12-21_15-36-50/MultiSource/Benchmarks/TSVC/IndirectAddressing-dbl/IndirectAddressing-dbl
TEST-RESULT-compile-success: pass
TEST-RESULT-compile-hash: ece142e647a2fce5539bb8b63c75972e
TEST-RESULT-compile-time: user 0.695700
TEST-RESULT-compile-real-time: real 0.742300

TEST-PASS: exec /home/ed/mcsema-testing/SANDBOX/test-2015-12-21_15-36-50/MultiSource/Benchmarks/TSVC/IndirectAddressing-dbl/IndirectAddressing-dbl
TEST-RESULT-exec-success: pass
TEST-RESULT-exec-time: user       3.8740
TEST-RESULT-exec-real-time: real       3.8824
---------------------------------------------------------------
>>> ========= '/home/ed/mcsema-testing/SANDBOX/test-2015-12-21_15-36-50/MultiSource/Benchmarks/TSVC/Packing-flt/Packing-flt' Program
---------------------------------------------------------------

TEST-PASS: compile /home/ed/mcsema-testing/SANDBOX/test-2015-12-21_15-36-50/MultiSource/Benchmarks/TSVC/Packing-flt/Packing-flt
TEST-RESULT-compile-success: pass
TEST-RESULT-compile-hash: 78015eca038173e3304e2a0851941df4
TEST-RESULT-compile-time: user 0.672500
TEST-RESULT-compile-real-time: real 0.718200

TEST-PASS: exec /home/ed/mcsema-testing/SANDBOX/test-2015-12-21_15-36-50/MultiSource/Benchmarks/TSVC/Packing-flt/Packing-flt
TEST-RESULT-exec-success: pass
TEST-RESULT-exec-time: user       3.1716
TEST-RESULT-exec-real-time: real       3.1807
---------------------------------------------------------------
>>> ========= '/home/ed/mcsema-testing/SANDBOX/test-2015-12-21_15-36-50/MultiSource/Benchmarks/TSVC/LoopRerolling-dbl/LoopRerolling-dbl' Program
---------------------------------------------------------------

TEST-PASS: compile /home/ed/mcsema-testing/SANDBOX/test-2015-12-21_15-36-50/MultiSource/Benchmarks/TSVC/LoopRerolling-dbl/LoopRerolling-dbl
TEST-RESULT-compile-success: pass
TEST-RESULT-compile-hash: 419ed144b121afe833e38800e5a8b49c
TEST-RESULT-compile-time: user 0.684900
TEST-RESULT-compile-real-time: real 0.729500

TEST-PASS: exec /home/ed/mcsema-testing/SANDBOX/test-2015-12-21_15-36-50/MultiSource/Benchmarks/TSVC/LoopRerolling-dbl/LoopRerolling-dbl
TEST-RESULT-exec-success: pass
TEST-RESULT-exec-time: user       3.8630
TEST-RESULT-exec-real-time: real       3.8729
---------------------------------------------------------------
>>> ========= '/home/ed/mcsema-testing/SANDBOX/test-2015-12-21_15-36-50/MultiSource/Benchmarks/TSVC/NodeSplitting-flt/NodeSplitting-flt' Program
---------------------------------------------------------------

TEST-PASS: compile /home/ed/mcsema-testing/SANDBOX/test-2015-12-21_15-36-50/MultiSource/Benchmarks/TSVC/NodeSplitting-flt/NodeSplitting-flt
TEST-RESULT-compile-success: pass
TEST-RESULT-compile-hash: 08e1cd75c215c8e27c39ae09649c7572
TEST-RESULT-compile-time: user 0.702800
TEST-RESULT-compile-real-time: real 0.748200

TEST-PASS: exec /home/ed/mcsema-testing/SANDBOX/test-2015-12-21_15-36-50/MultiSource/Benchmarks/TSVC/NodeSplitting-flt/NodeSplitting-flt
TEST-RESULT-exec-success: pass
TEST-RESULT-exec-time: user       2.8272
TEST-RESULT-exec-real-time: real       2.8364
---------------------------------------------------------------
>>> ========= '/home/ed/mcsema-testing/SANDBOX/test-2015-12-21_15-36-50/MultiSource/Benchmarks/TSVC/StatementReordering-dbl/StatementReordering-dbl' Program
---------------------------------------------------------------

TEST-PASS: compile /home/ed/mcsema-testing/SANDBOX/test-2015-12-21_15-36-50/MultiSource/Benchmarks/TSVC/StatementReordering-dbl/StatementReordering-dbl
TEST-RESULT-compile-success: pass
TEST-RESULT-compile-hash: cabd931d7e8bc80e2d9bb45f1a39daad
TEST-RESULT-compile-time: user 0.661200
TEST-RESULT-compile-real-time: real 0.702600

TEST-PASS: exec /home/ed/mcsema-testing/SANDBOX/test-2015-12-21_15-36-50/MultiSource/Benchmarks/TSVC/StatementReordering-dbl/StatementReordering-dbl
TEST-RESULT-exec-success: pass
TEST-RESULT-exec-time: user       3.6749
TEST-RESULT-exec-real-time: real       3.6846
---------------------------------------------------------------
>>> ========= '/home/ed/mcsema-testing/SANDBOX/test-2015-12-21_15-36-50/MultiSource/Benchmarks/TSVC/NodeSplitting-dbl/NodeSplitting-dbl' Program
---------------------------------------------------------------

TEST-PASS: compile /home/ed/mcsema-testing/SANDBOX/test-2015-12-21_15-36-50/MultiSource/Benchmarks/TSVC/NodeSplitting-dbl/NodeSplitting-dbl
TEST-RESULT-compile-success: pass
TEST-RESULT-compile-hash: c89b2540bdcc7677941525936e12671d
TEST-RESULT-compile-time: user 0.688500
TEST-RESULT-compile-real-time: real 0.733900

TEST-PASS: exec /home/ed/mcsema-testing/SANDBOX/test-2015-12-21_15-36-50/MultiSource/Benchmarks/TSVC/NodeSplitting-dbl/NodeSplitting-dbl
TEST-RESULT-exec-success: pass
TEST-RESULT-exec-time: user       3.8197
TEST-RESULT-exec-real-time: real       3.8294
---------------------------------------------------------------
>>> ========= '/home/ed/mcsema-testing/SANDBOX/test-2015-12-21_15-36-50/MultiSource/Benchmarks/TSVC/GlobalDataFlow-dbl/GlobalDataFlow-dbl' Program
---------------------------------------------------------------

TEST-PASS: compile /home/ed/mcsema-testing/SANDBOX/test-2015-12-21_15-36-50/MultiSource/Benchmarks/TSVC/GlobalDataFlow-dbl/GlobalDataFlow-dbl
TEST-RESULT-compile-success: pass
TEST-RESULT-compile-hash: 46e15e84b265460d3dbbf1898bdce543
TEST-RESULT-compile-time: user 0.724500
TEST-RESULT-compile-real-time: real 0.774400

TEST-PASS: exec /home/ed/mcsema-testing/SANDBOX/test-2015-12-21_15-36-50/MultiSource/Benchmarks/TSVC/GlobalDataFlow-dbl/GlobalDataFlow-dbl
TEST-RESULT-exec-success: pass
TEST-RESULT-exec-time: user       3.9620
TEST-RESULT-exec-real-time: real       3.9727
---------------------------------------------------------------
>>> ========= '/home/ed/mcsema-testing/SANDBOX/test-2015-12-21_15-36-50/MultiSource/Benchmarks/TSVC/Equivalencing-flt/Equivalencing-flt' Program
---------------------------------------------------------------

TEST-PASS: compile /home/ed/mcsema-testing/SANDBOX/test-2015-12-21_15-36-50/MultiSource/Benchmarks/TSVC/Equivalencing-flt/Equivalencing-flt
TEST-RESULT-compile-success: pass
TEST-RESULT-compile-hash: e94c76c7b525ef6d78fab01e0bdd358d
TEST-RESULT-compile-time: user 0.698600
TEST-RESULT-compile-real-time: real 0.742800

TEST-PASS: exec /home/ed/mcsema-testing/SANDBOX/test-2015-12-21_15-36-50/MultiSource/Benchmarks/TSVC/Equivalencing-flt/Equivalencing-flt
TEST-RESULT-exec-success: pass
TEST-RESULT-exec-time: user       1.6081
TEST-RESULT-exec-real-time: real       1.6131
---------------------------------------------------------------
>>> ========= '/home/ed/mcsema-testing/SANDBOX/test-2015-12-21_15-36-50/MultiSource/Benchmarks/TSVC/Searching-dbl/Searching-dbl' Program
---------------------------------------------------------------

TEST-PASS: compile /home/ed/mcsema-testing/SANDBOX/test-2015-12-21_15-36-50/MultiSource/Benchmarks/TSVC/Searching-dbl/Searching-dbl
TEST-RESULT-compile-success: pass
TEST-RESULT-compile-hash: f2f386fc8249f0d1c26deba9e3237e6b
TEST-RESULT-compile-time: user 0.659900
TEST-RESULT-compile-real-time: real 0.703900

TEST-PASS: exec /home/ed/mcsema-testing/SANDBOX/test-2015-12-21_15-36-50/MultiSource/Benchmarks/TSVC/Searching-dbl/Searching-dbl
TEST-RESULT-exec-success: pass
TEST-RESULT-exec-time: user       4.4624
TEST-RESULT-exec-real-time: real       4.4732
---------------------------------------------------------------
>>> ========= '/home/ed/mcsema-testing/SANDBOX/test-2015-12-21_15-36-50/MultiSource/Benchmarks/TSVC/Reductions-dbl/Reductions-dbl' Program
---------------------------------------------------------------

TEST-PASS: compile /home/ed/mcsema-testing/SANDBOX/test-2015-12-21_15-36-50/MultiSource/Benchmarks/TSVC/Reductions-dbl/Reductions-dbl
TEST-RESULT-compile-success: pass
TEST-RESULT-compile-hash: 71be7dbffb9512a68f62747365348efe
TEST-RESULT-compile-time: user 0.741800
TEST-RESULT-compile-real-time: real 0.787400

TEST-PASS: exec /home/ed/mcsema-testing/SANDBOX/test-2015-12-21_15-36-50/MultiSource/Benchmarks/TSVC/Reductions-dbl/Reductions-dbl
TEST-RESULT-exec-success: pass
TEST-RESULT-exec-time: user       3.3073
TEST-RESULT-exec-real-time: real       3.3162
---------------------------------------------------------------
>>> ========= '/home/ed/mcsema-testing/SANDBOX/test-2015-12-21_15-36-50/MultiSource/Benchmarks/TSVC/Symbolics-flt/Symbolics-flt' Program
---------------------------------------------------------------

TEST-PASS: compile /home/ed/mcsema-testing/SANDBOX/test-2015-12-21_15-36-50/MultiSource/Benchmarks/TSVC/Symbolics-flt/Symbolics-flt
TEST-RESULT-compile-success: pass
TEST-RESULT-compile-hash: c313a9337ced7a1ee5964d386726cb2b
TEST-RESULT-compile-time: user 0.700600
TEST-RESULT-compile-real-time: real 0.744200

TEST-PASS: exec /home/ed/mcsema-testing/SANDBOX/test-2015-12-21_15-36-50/MultiSource/Benchmarks/TSVC/Symbolics-flt/Symbolics-flt
TEST-RESULT-exec-success: pass
TEST-RESULT-exec-time: user       1.6173
TEST-RESULT-exec-real-time: real       1.6219
---------------------------------------------------------------
>>> ========= '/home/ed/mcsema-testing/SANDBOX/test-2015-12-21_15-36-50/MultiSource/Benchmarks/TSVC/Equivalencing-dbl/Equivalencing-dbl' Program
---------------------------------------------------------------

TEST-PASS: compile /home/ed/mcsema-testing/SANDBOX/test-2015-12-21_15-36-50/MultiSource/Benchmarks/TSVC/Equivalencing-dbl/Equivalencing-dbl
TEST-RESULT-compile-success: pass
TEST-RESULT-compile-hash: 19edd3aada8aef2db5b58bd5d8035ee8
TEST-RESULT-compile-time: user 0.703900
TEST-RESULT-compile-real-time: real 0.749900

TEST-PASS: exec /home/ed/mcsema-testing/SANDBOX/test-2015-12-21_15-36-50/MultiSource/Benchmarks/TSVC/Equivalencing-dbl/Equivalencing-dbl
TEST-RESULT-exec-success: pass
TEST-RESULT-exec-time: user       2.3069
TEST-RESULT-exec-real-time: real       2.3141
---------------------------------------------------------------
>>> ========= '/home/ed/mcsema-testing/SANDBOX/test-2015-12-21_15-36-50/MultiSource/Benchmarks/TSVC/LoopRestructuring-flt/LoopRestructuring-flt' Program
---------------------------------------------------------------

TEST-PASS: compile /home/ed/mcsema-testing/SANDBOX/test-2015-12-21_15-36-50/MultiSource/Benchmarks/TSVC/LoopRestructuring-flt/LoopRestructuring-flt
TEST-RESULT-compile-success: pass
TEST-RESULT-compile-hash: 5e7b771b3ddf8ba81431ede889a27498
TEST-RESULT-compile-time: user 0.721600
TEST-RESULT-compile-real-time: real 0.766000

TEST-PASS: exec /home/ed/mcsema-testing/SANDBOX/test-2015-12-21_15-36-50/MultiSource/Benchmarks/TSVC/LoopRestructuring-flt/LoopRestructuring-flt
TEST-RESULT-exec-success: pass
TEST-RESULT-exec-time: user       3.0699
TEST-RESULT-exec-real-time: real       3.0791
---------------------------------------------------------------
>>> ========= '/home/ed/mcsema-testing/SANDBOX/test-2015-12-21_15-36-50/MultiSource/Benchmarks/TSVC/ControlFlow-dbl/ControlFlow-dbl' Program
---------------------------------------------------------------

TEST-PASS: compile /home/ed/mcsema-testing/SANDBOX/test-2015-12-21_15-36-50/MultiSource/Benchmarks/TSVC/ControlFlow-dbl/ControlFlow-dbl
TEST-RESULT-compile-success: pass
TEST-RESULT-compile-hash: 3eedd46f338aaf56c0a41fd9c170ce5f
TEST-RESULT-compile-time: user 0.784300
TEST-RESULT-compile-real-time: real 0.829200

TEST-PASS: exec /home/ed/mcsema-testing/SANDBOX/test-2015-12-21_15-36-50/MultiSource/Benchmarks/TSVC/ControlFlow-dbl/ControlFlow-dbl
TEST-RESULT-exec-success: pass
TEST-RESULT-exec-time: user       4.0568
TEST-RESULT-exec-real-time: real       4.0682
---------------------------------------------------------------
>>> ========= '/home/ed/mcsema-testing/SANDBOX/test-2015-12-21_15-36-50/MultiSource/Benchmarks/TSVC/InductionVariable-flt/InductionVariable-flt' Program
---------------------------------------------------------------

TEST-PASS: compile /home/ed/mcsema-testing/SANDBOX/test-2015-12-21_15-36-50/MultiSource/Benchmarks/TSVC/InductionVariable-flt/InductionVariable-flt
TEST-RESULT-compile-success: pass
TEST-RESULT-compile-hash: 706e27891a9b2882dd6b861c5c449386
TEST-RESULT-compile-time: user 0.718400
TEST-RESULT-compile-real-time: real 0.762000

TEST-PASS: exec /home/ed/mcsema-testing/SANDBOX/test-2015-12-21_15-36-50/MultiSource/Benchmarks/TSVC/InductionVariable-flt/InductionVariable-flt
TEST-RESULT-exec-success: pass
TEST-RESULT-exec-time: user       2.8751
TEST-RESULT-exec-real-time: real       2.8831
---------------------------------------------------------------
>>> ========= '/home/ed/mcsema-testing/SANDBOX/test-2015-12-21_15-36-50/MultiSource/Benchmarks/TSVC/Recurrences-flt/Recurrences-flt' Program
---------------------------------------------------------------

TEST-PASS: compile /home/ed/mcsema-testing/SANDBOX/test-2015-12-21_15-36-50/MultiSource/Benchmarks/TSVC/Recurrences-flt/Recurrences-flt
TEST-RESULT-compile-success: pass
TEST-RESULT-compile-hash: 25c8e30f566d4c2d0bdc6d4e56d1555f
TEST-RESULT-compile-time: user 0.682500
TEST-RESULT-compile-real-time: real 0.728700

TEST-PASS: exec /home/ed/mcsema-testing/SANDBOX/test-2015-12-21_15-36-50/MultiSource/Benchmarks/TSVC/Recurrences-flt/Recurrences-flt
TEST-RESULT-exec-success: pass
TEST-RESULT-exec-time: user       2.8238
TEST-RESULT-exec-real-time: real       2.8332
---------------------------------------------------------------
>>> ========= '/home/ed/mcsema-testing/SANDBOX/test-2015-12-21_15-36-50/MultiSource/Benchmarks/TSVC/Expansion-dbl/Expansion-dbl' Program
---------------------------------------------------------------

TEST-PASS: compile /home/ed/mcsema-testing/SANDBOX/test-2015-12-21_15-36-50/MultiSource/Benchmarks/TSVC/Expansion-dbl/Expansion-dbl
TEST-RESULT-compile-success: pass
TEST-RESULT-compile-hash: 691f675c3262fcf6b1a6594a3ecc835f
TEST-RESULT-compile-time: user 0.723300
TEST-RESULT-compile-real-time: real 0.767700

TEST-PASS: exec /home/ed/mcsema-testing/SANDBOX/test-2015-12-21_15-36-50/MultiSource/Benchmarks/TSVC/Expansion-dbl/Expansion-dbl
TEST-RESULT-exec-success: pass
TEST-RESULT-exec-time: user       3.8994
TEST-RESULT-exec-real-time: real       3.9120
---------------------------------------------------------------
>>> ========= '/home/ed/mcsema-testing/SANDBOX/test-2015-12-21_15-36-50/MultiSource/Benchmarks/TSVC/CrossingThresholds-dbl/CrossingThresholds-dbl' Program
---------------------------------------------------------------

TEST-PASS: compile /home/ed/mcsema-testing/SANDBOX/test-2015-12-21_15-36-50/MultiSource/Benchmarks/TSVC/CrossingThresholds-dbl/CrossingThresholds-dbl
TEST-RESULT-compile-success: pass
TEST-RESULT-compile-hash: d89d39afb03280f806ed55be70aa492d
TEST-RESULT-compile-time: user 0.717300
TEST-RESULT-compile-real-time: real 0.763900

TEST-PASS: exec /home/ed/mcsema-testing/SANDBOX/test-2015-12-21_15-36-50/MultiSource/Benchmarks/TSVC/CrossingThresholds-dbl/CrossingThresholds-dbl
TEST-RESULT-exec-success: pass
TEST-RESULT-exec-time: user       3.9622
TEST-RESULT-exec-real-time: real       3.9717
---------------------------------------------------------------
>>> ========= '/home/ed/mcsema-testing/SANDBOX/test-2015-12-21_15-36-50/MultiSource/Benchmarks/TSVC/Expansion-flt/Expansion-flt' Program
---------------------------------------------------------------

TEST-PASS: compile /home/ed/mcsema-testing/SANDBOX/test-2015-12-21_15-36-50/MultiSource/Benchmarks/TSVC/Expansion-flt/Expansion-flt
TEST-RESULT-compile-success: pass
TEST-RESULT-compile-hash: b34292b21532b4c6c2a59e45d6235656
TEST-RESULT-compile-time: user 0.750900
TEST-RESULT-compile-real-time: real 0.798900

TEST-PASS: exec /home/ed/mcsema-testing/SANDBOX/test-2015-12-21_15-36-50/MultiSource/Benchmarks/TSVC/Expansion-flt/Expansion-flt
TEST-RESULT-exec-success: pass
TEST-RESULT-exec-time: user       2.4989
TEST-RESULT-exec-real-time: real       2.5064
---------------------------------------------------------------
>>> ========= '/home/ed/mcsema-testing/SANDBOX/test-2015-12-21_15-36-50/MultiSource/Benchmarks/TSVC/InductionVariable-dbl/InductionVariable-dbl' Program
---------------------------------------------------------------

TEST-PASS: compile /home/ed/mcsema-testing/SANDBOX/test-2015-12-21_15-36-50/MultiSource/Benchmarks/TSVC/InductionVariable-dbl/InductionVariable-dbl
TEST-RESULT-compile-success: pass
TEST-RESULT-compile-hash: 3f2593278b2ae6a0d419652b138a70e5
TEST-RESULT-compile-time: user 0.705700
TEST-RESULT-compile-real-time: real 0.758100

TEST-PASS: exec /home/ed/mcsema-testing/SANDBOX/test-2015-12-21_15-36-50/MultiSource/Benchmarks/TSVC/InductionVariable-dbl/InductionVariable-dbl
TEST-RESULT-exec-success: pass
TEST-RESULT-exec-time: user       4.1018
TEST-RESULT-exec-real-time: real       4.1122
---------------------------------------------------------------
>>> ========= '/home/ed/mcsema-testing/SANDBOX/test-2015-12-21_15-36-50/MultiSource/Benchmarks/TSVC/Packing-dbl/Packing-dbl' Program
---------------------------------------------------------------

TEST-PASS: compile /home/ed/mcsema-testing/SANDBOX/test-2015-12-21_15-36-50/MultiSource/Benchmarks/TSVC/Packing-dbl/Packing-dbl
TEST-RESULT-compile-success: pass
TEST-RESULT-compile-hash: 4153687fd98df999caebe3fe64343c8c
TEST-RESULT-compile-time: user 0.668600
TEST-RESULT-compile-real-time: real 0.713700

TEST-PASS: exec /home/ed/mcsema-testing/SANDBOX/test-2015-12-21_15-36-50/MultiSource/Benchmarks/TSVC/Packing-dbl/Packing-dbl
TEST-RESULT-exec-success: pass
TEST-RESULT-exec-time: user       4.2989
TEST-RESULT-exec-real-time: real       4.3119
---------------------------------------------------------------
>>> ========= '/home/ed/mcsema-testing/SANDBOX/test-2015-12-21_15-36-50/MultiSource/Benchmarks/TSVC/Symbolics-dbl/Symbolics-dbl' Program
---------------------------------------------------------------

TEST-PASS: compile /home/ed/mcsema-testing/SANDBOX/test-2015-12-21_15-36-50/MultiSource/Benchmarks/TSVC/Symbolics-dbl/Symbolics-dbl
TEST-RESULT-compile-success: pass
TEST-RESULT-compile-hash: 040efeb8cf68afd78ff90d904a50ae84
TEST-RESULT-compile-time: user 0.706800
TEST-RESULT-compile-real-time: real 0.752800

TEST-PASS: exec /home/ed/mcsema-testing/SANDBOX/test-2015-12-21_15-36-50/MultiSource/Benchmarks/TSVC/Symbolics-dbl/Symbolics-dbl
TEST-RESULT-exec-success: pass
TEST-RESULT-exec-time: user       3.2080
TEST-RESULT-exec-real-time: real       3.2167
---------------------------------------------------------------
>>> ========= '/home/ed/mcsema-testing/SANDBOX/test-2015-12-21_15-36-50/MultiSource/Benchmarks/TSVC/ControlLoops-dbl/ControlLoops-dbl' Program
---------------------------------------------------------------

TEST-PASS: compile /home/ed/mcsema-testing/SANDBOX/test-2015-12-21_15-36-50/MultiSource/Benchmarks/TSVC/ControlLoops-dbl/ControlLoops-dbl
TEST-RESULT-compile-success: pass
TEST-RESULT-compile-hash: 73612757e8e61c745cd953123d1735b6
TEST-RESULT-compile-time: user 0.732100
TEST-RESULT-compile-real-time: real 0.778000

TEST-PASS: exec /home/ed/mcsema-testing/SANDBOX/test-2015-12-21_15-36-50/MultiSource/Benchmarks/TSVC/ControlLoops-dbl/ControlLoops-dbl
TEST-RESULT-exec-success: pass
TEST-RESULT-exec-time: user       3.5854
TEST-RESULT-exec-real-time: real       3.5954
---------------------------------------------------------------
>>> ========= '/home/ed/mcsema-testing/SANDBOX/test-2015-12-21_15-36-50/MultiSource/Benchmarks/TSVC/Recurrences-dbl/Recurrences-dbl' Program
---------------------------------------------------------------

TEST-PASS: compile /home/ed/mcsema-testing/SANDBOX/test-2015-12-21_15-36-50/MultiSource/Benchmarks/TSVC/Recurrences-dbl/Recurrences-dbl
TEST-RESULT-compile-success: pass
TEST-RESULT-compile-hash: 62e239701d10add84df792123999be46
TEST-RESULT-compile-time: user 0.674900
TEST-RESULT-compile-real-time: real 0.719700

TEST-PASS: exec /home/ed/mcsema-testing/SANDBOX/test-2015-12-21_15-36-50/MultiSource/Benchmarks/TSVC/Recurrences-dbl/Recurrences-dbl
TEST-RESULT-exec-success: pass
TEST-RESULT-exec-time: user       3.2133
TEST-RESULT-exec-real-time: real       3.2240
---------------------------------------------------------------
>>> ========= '/home/ed/mcsema-testing/SANDBOX/test-2015-12-21_15-36-50/MultiSource/Benchmarks/TSVC/Searching-flt/Searching-flt' Program
---------------------------------------------------------------

TEST-PASS: compile /home/ed/mcsema-testing/SANDBOX/test-2015-12-21_15-36-50/MultiSource/Benchmarks/TSVC/Searching-flt/Searching-flt
TEST-RESULT-compile-success: pass
TEST-RESULT-compile-hash: 50398a696e0a2d5c0a354e21514d6c02
TEST-RESULT-compile-time: user 0.669600
TEST-RESULT-compile-real-time: real 0.714400

TEST-PASS: exec /home/ed/mcsema-testing/SANDBOX/test-2015-12-21_15-36-50/MultiSource/Benchmarks/TSVC/Searching-flt/Searching-flt
TEST-RESULT-exec-success: pass
TEST-RESULT-exec-time: user       4.4522
TEST-RESULT-exec-real-time: real       4.4616
---------------------------------------------------------------
>>> ========= '/home/ed/mcsema-testing/SANDBOX/test-2015-12-21_15-36-50/MultiSource/Benchmarks/TSVC/LinearDependence-flt/LinearDependence-flt' Program
---------------------------------------------------------------

TEST-PASS: compile /home/ed/mcsema-testing/SANDBOX/test-2015-12-21_15-36-50/MultiSource/Benchmarks/TSVC/LinearDependence-flt/LinearDependence-flt
TEST-RESULT-compile-success: pass
TEST-RESULT-compile-hash: b45cef0a9f6a503f47fdf984a260cfa6
TEST-RESULT-compile-time: user 0.740200
TEST-RESULT-compile-real-time: real 0.787700

TEST-PASS: exec /home/ed/mcsema-testing/SANDBOX/test-2015-12-21_15-36-50/MultiSource/Benchmarks/TSVC/LinearDependence-flt/LinearDependence-flt
TEST-RESULT-exec-success: pass
TEST-RESULT-exec-time: user       2.3723
TEST-RESULT-exec-real-time: real       2.3782
---------------------------------------------------------------
>>> ========= '/home/ed/mcsema-testing/SANDBOX/test-2015-12-21_15-36-50/MultiSource/Benchmarks/TSVC/GlobalDataFlow-flt/GlobalDataFlow-flt' Program
---------------------------------------------------------------

TEST-PASS: compile /home/ed/mcsema-testing/SANDBOX/test-2015-12-21_15-36-50/MultiSource/Benchmarks/TSVC/GlobalDataFlow-flt/GlobalDataFlow-flt
TEST-RESULT-compile-success: pass
TEST-RESULT-compile-hash: b714c484db1ada01eb358c8fec1fada6
TEST-RESULT-compile-time: user 0.717100
TEST-RESULT-compile-real-time: real 0.762200

TEST-PASS: exec /home/ed/mcsema-testing/SANDBOX/test-2015-12-21_15-36-50/MultiSource/Benchmarks/TSVC/GlobalDataFlow-flt/GlobalDataFlow-flt
TEST-RESULT-exec-success: pass
TEST-RESULT-exec-time: user       1.8148
TEST-RESULT-exec-real-time: real       1.8208
---------------------------------------------------------------
>>> ========= '/home/ed/mcsema-testing/SANDBOX/test-2015-12-21_15-36-50/MultiSource/Benchmarks/TSVC/LoopRestructuring-dbl/LoopRestructuring-dbl' Program
---------------------------------------------------------------

TEST-PASS: compile /home/ed/mcsema-testing/SANDBOX/test-2015-12-21_15-36-50/MultiSource/Benchmarks/TSVC/LoopRestructuring-dbl/LoopRestructuring-dbl
TEST-RESULT-compile-success: pass
TEST-RESULT-compile-hash: f358d541a778bebd0268acfe51dfeca3
TEST-RESULT-compile-time: user 0.709100
TEST-RESULT-compile-real-time: real 0.756000

TEST-PASS: exec /home/ed/mcsema-testing/SANDBOX/test-2015-12-21_15-36-50/MultiSource/Benchmarks/TSVC/LoopRestructuring-dbl/LoopRestructuring-dbl
TEST-RESULT-exec-success: pass
TEST-RESULT-exec-time: user       5.2774
TEST-RESULT-exec-real-time: real       5.2894
---------------------------------------------------------------
>>> ========= '/home/ed/mcsema-testing/SANDBOX/test-2015-12-21_15-36-50/MultiSource/Benchmarks/TSVC/ControlLoops-flt/ControlLoops-flt' Program
---------------------------------------------------------------

TEST-PASS: compile /home/ed/mcsema-testing/SANDBOX/test-2015-12-21_15-36-50/MultiSource/Benchmarks/TSVC/ControlLoops-flt/ControlLoops-flt
TEST-RESULT-compile-success: pass
TEST-RESULT-compile-hash: 7ac218c8560a8297b0246d29c02bb6a0
TEST-RESULT-compile-time: user 0.733200
TEST-RESULT-compile-real-time: real 0.779700

TEST-PASS: exec /home/ed/mcsema-testing/SANDBOX/test-2015-12-21_15-36-50/MultiSource/Benchmarks/TSVC/ControlLoops-flt/ControlLoops-flt
TEST-RESULT-exec-success: pass
TEST-RESULT-exec-time: user       2.6583
TEST-RESULT-exec-real-time: real       2.6678
---------------------------------------------------------------
>>> ========= '/home/ed/mcsema-testing/SANDBOX/test-2015-12-21_15-36-50/MultiSource/Benchmarks/TSVC/Reductions-flt/Reductions-flt' Program
---------------------------------------------------------------

TEST-PASS: compile /home/ed/mcsema-testing/SANDBOX/test-2015-12-21_15-36-50/MultiSource/Benchmarks/TSVC/Reductions-flt/Reductions-flt
TEST-RESULT-compile-success: pass
TEST-RESULT-compile-hash: ce97262f7199c83ad66757775446ffe9
TEST-RESULT-compile-time: user 0.746400
TEST-RESULT-compile-real-time: real 0.791900

TEST-PASS: exec /home/ed/mcsema-testing/SANDBOX/test-2015-12-21_15-36-50/MultiSource/Benchmarks/TSVC/Reductions-flt/Reductions-flt
TEST-RESULT-exec-success: pass
TEST-RESULT-exec-time: user       5.9079
TEST-RESULT-exec-real-time: real       5.9178
---------------------------------------------------------------
>>> ========= '/home/ed/mcsema-testing/SANDBOX/test-2015-12-21_15-36-50/MultiSource/Benchmarks/TSVC/ControlFlow-flt/ControlFlow-flt' Program
---------------------------------------------------------------

TEST-PASS: compile /home/ed/mcsema-testing/SANDBOX/test-2015-12-21_15-36-50/MultiSource/Benchmarks/TSVC/ControlFlow-flt/ControlFlow-flt
TEST-RESULT-compile-success: pass
TEST-RESULT-compile-hash: eb7135fae3580791eefa4eb925491a34
TEST-RESULT-compile-time: user 0.804000
TEST-RESULT-compile-real-time: real 0.849600

TEST-PASS: exec /home/ed/mcsema-testing/SANDBOX/test-2015-12-21_15-36-50/MultiSource/Benchmarks/TSVC/ControlFlow-flt/ControlFlow-flt
TEST-RESULT-exec-success: pass
TEST-RESULT-exec-time: user       3.2026
TEST-RESULT-exec-real-time: real       3.2121
---------------------------------------------------------------
>>> ========= '/home/ed/mcsema-testing/SANDBOX/test-2015-12-21_15-36-50/MultiSource/Benchmarks/TSVC/LinearDependence-dbl/LinearDependence-dbl' Program
---------------------------------------------------------------

TEST-PASS: compile /home/ed/mcsema-testing/SANDBOX/test-2015-12-21_15-36-50/MultiSource/Benchmarks/TSVC/LinearDependence-dbl/LinearDependence-dbl
TEST-RESULT-compile-success: pass
TEST-RESULT-compile-hash: add96e6625b76433c5263a32aa3855e7
TEST-RESULT-compile-time: user 0.722500
TEST-RESULT-compile-real-time: real 0.764800

TEST-PASS: exec /home/ed/mcsema-testing/SANDBOX/test-2015-12-21_15-36-50/MultiSource/Benchmarks/TSVC/LinearDependence-dbl/LinearDependence-dbl
TEST-RESULT-exec-success: pass
TEST-RESULT-exec-time: user       3.8854
TEST-RESULT-exec-real-time: real       3.8966
---------------------------------------------------------------
>>> ========= '/home/ed/mcsema-testing/SANDBOX/test-2015-12-21_15-36-50/MultiSource/Benchmarks/Trimaran/enc-3des/enc-3des' Program
---------------------------------------------------------------

TEST-PASS: compile /home/ed/mcsema-testing/SANDBOX/test-2015-12-21_15-36-50/MultiSource/Benchmarks/Trimaran/enc-3des/enc-3des
TEST-RESULT-compile-success: pass
TEST-RESULT-compile-hash: 4f8debbaaf3423cd39fbc693cae89ab4
TEST-RESULT-compile-time: user 0.218400
TEST-RESULT-compile-real-time: real 0.261800

TEST-PASS: exec /home/ed/mcsema-testing/SANDBOX/test-2015-12-21_15-36-50/MultiSource/Benchmarks/Trimaran/enc-3des/enc-3des
TEST-RESULT-exec-success: pass
TEST-RESULT-exec-time: user       1.5898
TEST-RESULT-exec-real-time: real       1.5942
---------------------------------------------------------------
>>> ========= '/home/ed/mcsema-testing/SANDBOX/test-2015-12-21_15-36-50/MultiSource/Benchmarks/Trimaran/enc-pc1/enc-pc1' Program
---------------------------------------------------------------

TEST-PASS: compile /home/ed/mcsema-testing/SANDBOX/test-2015-12-21_15-36-50/MultiSource/Benchmarks/Trimaran/enc-pc1/enc-pc1
TEST-RESULT-compile-success: pass
TEST-RESULT-compile-hash: d0e71e99e8b452af5d923e67e037c612
TEST-RESULT-compile-time: user 0.063500
TEST-RESULT-compile-real-time: real 0.081900

TEST-PASS: exec /home/ed/mcsema-testing/SANDBOX/test-2015-12-21_15-36-50/MultiSource/Benchmarks/Trimaran/enc-pc1/enc-pc1
TEST-RESULT-exec-success: pass
TEST-RESULT-exec-time: user       0.5538
TEST-RESULT-exec-real-time: real       0.5562
---------------------------------------------------------------
>>> ========= '/home/ed/mcsema-testing/SANDBOX/test-2015-12-21_15-36-50/MultiSource/Benchmarks/Trimaran/netbench-crc/netbench-crc' Program
---------------------------------------------------------------

TEST-PASS: compile /home/ed/mcsema-testing/SANDBOX/test-2015-12-21_15-36-50/MultiSource/Benchmarks/Trimaran/netbench-crc/netbench-crc
TEST-RESULT-compile-success: pass
TEST-RESULT-compile-hash: 067f6a97b53329baa41dbe824e86630d
TEST-RESULT-compile-time: user 0.086000
TEST-RESULT-compile-real-time: real 0.119000

TEST-PASS: exec /home/ed/mcsema-testing/SANDBOX/test-2015-12-21_15-36-50/MultiSource/Benchmarks/Trimaran/netbench-crc/netbench-crc
TEST-RESULT-exec-success: pass
TEST-RESULT-exec-time: user       0.6145
TEST-RESULT-exec-real-time: real       0.7276
---------------------------------------------------------------
>>> ========= '/home/ed/mcsema-testing/SANDBOX/test-2015-12-21_15-36-50/MultiSource/Benchmarks/Trimaran/enc-md5/enc-md5' Program
---------------------------------------------------------------

TEST-PASS: compile /home/ed/mcsema-testing/SANDBOX/test-2015-12-21_15-36-50/MultiSource/Benchmarks/Trimaran/enc-md5/enc-md5
TEST-RESULT-compile-success: pass
TEST-RESULT-compile-hash: 5a1230136fbbd698b7eb28fcea4c5206
TEST-RESULT-compile-time: user 0.101900
TEST-RESULT-compile-real-time: real 0.123400

TEST-PASS: exec /home/ed/mcsema-testing/SANDBOX/test-2015-12-21_15-36-50/MultiSource/Benchmarks/Trimaran/enc-md5/enc-md5
TEST-RESULT-exec-success: pass
TEST-RESULT-exec-time: user       1.4650
TEST-RESULT-exec-real-time: real       1.4694
---------------------------------------------------------------
>>> ========= '/home/ed/mcsema-testing/SANDBOX/test-2015-12-21_15-36-50/MultiSource/Benchmarks/Trimaran/enc-rc4/enc-rc4' Program
---------------------------------------------------------------

TEST-PASS: compile /home/ed/mcsema-testing/SANDBOX/test-2015-12-21_15-36-50/MultiSource/Benchmarks/Trimaran/enc-rc4/enc-rc4
TEST-RESULT-compile-success: pass
TEST-RESULT-compile-hash: f8bb949be1b9212af75ba15e2a74ec65
TEST-RESULT-compile-time: user 0.044900
TEST-RESULT-compile-real-time: real 0.060800

TEST-PASS: exec /home/ed/mcsema-testing/SANDBOX/test-2015-12-21_15-36-50/MultiSource/Benchmarks/Trimaran/enc-rc4/enc-rc4
TEST-RESULT-exec-success: pass
TEST-RESULT-exec-time: user       0.6989
TEST-RESULT-exec-real-time: real       0.7012
---------------------------------------------------------------
>>> ========= '/home/ed/mcsema-testing/SANDBOX/test-2015-12-21_15-36-50/MultiSource/Benchmarks/Trimaran/netbench-url/netbench-url' Program
---------------------------------------------------------------

TEST-PASS: compile /home/ed/mcsema-testing/SANDBOX/test-2015-12-21_15-36-50/MultiSource/Benchmarks/Trimaran/netbench-url/netbench-url
TEST-RESULT-compile-success: pass
TEST-RESULT-compile-hash: 80bb4761af2eda79d44183a7fe260bf4
TEST-RESULT-compile-time: user 0.189200
TEST-RESULT-compile-real-time: real 0.257300

TEST-PASS: exec /home/ed/mcsema-testing/SANDBOX/test-2015-12-21_15-36-50/MultiSource/Benchmarks/Trimaran/netbench-url/netbench-url
TEST-RESULT-exec-success: pass
TEST-RESULT-exec-time: user       2.7087
TEST-RESULT-exec-real-time: real       2.7169
---------------------------------------------------------------
>>> ========= '/home/ed/mcsema-testing/SANDBOX/test-2015-12-21_15-36-50/MultiSource/Benchmarks/mediabench/mpeg2/mpeg2dec/mpeg2decode' Program
---------------------------------------------------------------

TEST-PASS: compile /home/ed/mcsema-testing/SANDBOX/test-2015-12-21_15-36-50/MultiSource/Benchmarks/mediabench/mpeg2/mpeg2dec/mpeg2decode
TEST-RESULT-compile-success: pass
TEST-RESULT-compile-hash: 05b9f8a1db77a5c495c081c374da8277
TEST-RESULT-compile-time: user 1.027400
TEST-RESULT-compile-real-time: real 1.313000

TEST-PASS: exec /home/ed/mcsema-testing/SANDBOX/test-2015-12-21_15-36-50/MultiSource/Benchmarks/mediabench/mpeg2/mpeg2dec/mpeg2decode
TEST-RESULT-exec-success: pass
TEST-RESULT-exec-time: user       0.0106
TEST-RESULT-exec-real-time: real       0.0136
---------------------------------------------------------------
>>> ========= '/home/ed/mcsema-testing/SANDBOX/test-2015-12-21_15-36-50/MultiSource/Benchmarks/mediabench/g721/g721encode/encode' Program
---------------------------------------------------------------

TEST-PASS: compile /home/ed/mcsema-testing/SANDBOX/test-2015-12-21_15-36-50/MultiSource/Benchmarks/mediabench/g721/g721encode/encode
TEST-RESULT-compile-success: pass
TEST-RESULT-compile-hash: c150e1cd2b454d1011fc4ae674a461d3
TEST-RESULT-compile-time: user 0.204800
TEST-RESULT-compile-real-time: real 0.288000

TEST-PASS: exec /home/ed/mcsema-testing/SANDBOX/test-2015-12-21_15-36-50/MultiSource/Benchmarks/mediabench/g721/g721encode/encode
TEST-RESULT-exec-success: pass
TEST-RESULT-exec-time: user       0.0427
TEST-RESULT-exec-real-time: real       0.0531
---------------------------------------------------------------
>>> ========= '/home/ed/mcsema-testing/SANDBOX/test-2015-12-21_15-36-50/MultiSource/Benchmarks/mediabench/gsm/toast/toast' Program
---------------------------------------------------------------

TEST-PASS: compile /home/ed/mcsema-testing/SANDBOX/test-2015-12-21_15-36-50/MultiSource/Benchmarks/mediabench/gsm/toast/toast
TEST-RESULT-compile-success: pass
TEST-RESULT-compile-hash: c271b93955a8be5572293bd561f101f8
TEST-RESULT-compile-time: user 1.029700
TEST-RESULT-compile-real-time: real 1.408700

TEST-PASS: exec /home/ed/mcsema-testing/SANDBOX/test-2015-12-21_15-36-50/MultiSource/Benchmarks/mediabench/gsm/toast/toast
TEST-RESULT-exec-success: pass
TEST-RESULT-exec-time: user       0.0175
TEST-RESULT-exec-real-time: real       0.0204
---------------------------------------------------------------
>>> ========= '/home/ed/mcsema-testing/SANDBOX/test-2015-12-21_15-36-50/MultiSource/Benchmarks/mediabench/jpeg/jpeg-6a/cjpeg' Program
---------------------------------------------------------------

TEST-PASS: compile /home/ed/mcsema-testing/SANDBOX/test-2015-12-21_15-36-50/MultiSource/Benchmarks/mediabench/jpeg/jpeg-6a/cjpeg
TEST-RESULT-compile-success: pass
TEST-RESULT-compile-hash: d5bf7f732ba962c1f1cb122ed8e89728
TEST-RESULT-compile-time: user 3.851000
TEST-RESULT-compile-real-time: real 4.850900

TEST-PASS: exec /home/ed/mcsema-testing/SANDBOX/test-2015-12-21_15-36-50/MultiSource/Benchmarks/mediabench/jpeg/jpeg-6a/cjpeg
TEST-RESULT-exec-success: pass
TEST-RESULT-exec-time: user       0.0032
TEST-RESULT-exec-real-time: real       0.0156
---------------------------------------------------------------
>>> ========= '/home/ed/mcsema-testing/SANDBOX/test-2015-12-21_15-36-50/MultiSource/Benchmarks/mediabench/adpcm/rawdaudio/rawdaudio' Program
---------------------------------------------------------------

TEST-PASS: compile /home/ed/mcsema-testing/SANDBOX/test-2015-12-21_15-36-50/MultiSource/Benchmarks/mediabench/adpcm/rawdaudio/rawdaudio
TEST-RESULT-compile-success: pass
TEST-RESULT-compile-hash: 03c3bfb3d5cd05749b471c364c4f1c63
TEST-RESULT-compile-time: user 0.060500
TEST-RESULT-compile-real-time: real 0.090600

TEST-PASS: exec /home/ed/mcsema-testing/SANDBOX/test-2015-12-21_15-36-50/MultiSource/Benchmarks/mediabench/adpcm/rawdaudio/rawdaudio
TEST-RESULT-exec-success: pass
TEST-RESULT-exec-time: user       0.0025
TEST-RESULT-exec-real-time: real       0.0053
---------------------------------------------------------------
>>> ========= '/home/ed/mcsema-testing/SANDBOX/test-2015-12-21_15-36-50/MultiSource/Benchmarks/mediabench/adpcm/rawcaudio/rawcaudio' Program
---------------------------------------------------------------

TEST-PASS: compile /home/ed/mcsema-testing/SANDBOX/test-2015-12-21_15-36-50/MultiSource/Benchmarks/mediabench/adpcm/rawcaudio/rawcaudio
TEST-RESULT-compile-success: pass
TEST-RESULT-compile-hash: 5255acd24c012311ac0b4be3b9bc7f5c
TEST-RESULT-compile-time: user 0.061800
TEST-RESULT-compile-real-time: real 0.095700

TEST-PASS: exec /home/ed/mcsema-testing/SANDBOX/test-2015-12-21_15-36-50/MultiSource/Benchmarks/mediabench/adpcm/rawcaudio/rawcaudio
TEST-RESULT-exec-success: pass
TEST-RESULT-exec-time: user       0.0033
TEST-RESULT-exec-real-time: real       0.0129
---------------------------------------------------------------
>>> ========= '/home/ed/mcsema-testing/SANDBOX/test-2015-12-21_15-36-50/MultiSource/Benchmarks/McCat/15-trie/trie' Program
---------------------------------------------------------------

TEST-PASS: compile /home/ed/mcsema-testing/SANDBOX/test-2015-12-21_15-36-50/MultiSource/Benchmarks/McCat/15-trie/trie
TEST-RESULT-compile-success: pass
TEST-RESULT-compile-hash: ce9ae372d831e7fccf730d594bcd0fb2
TEST-RESULT-compile-time: user 0.053900
TEST-RESULT-compile-real-time: real 0.070400

TEST-PASS: exec /home/ed/mcsema-testing/SANDBOX/test-2015-12-21_15-36-50/MultiSource/Benchmarks/McCat/15-trie/trie
TEST-RESULT-exec-success: pass
TEST-RESULT-exec-time: user       0.0015
TEST-RESULT-exec-real-time: real       0.0034
---------------------------------------------------------------
>>> ========= '/home/ed/mcsema-testing/SANDBOX/test-2015-12-21_15-36-50/MultiSource/Benchmarks/McCat/03-testtrie/testtrie' Program
---------------------------------------------------------------

TEST-PASS: compile /home/ed/mcsema-testing/SANDBOX/test-2015-12-21_15-36-50/MultiSource/Benchmarks/McCat/03-testtrie/testtrie
TEST-RESULT-compile-success: pass
TEST-RESULT-compile-hash: c01d80bf5d319411045209bfbc0ed3bb
TEST-RESULT-compile-time: user 0.104100
TEST-RESULT-compile-real-time: real 0.152000

TEST-PASS: exec /home/ed/mcsema-testing/SANDBOX/test-2015-12-21_15-36-50/MultiSource/Benchmarks/McCat/03-testtrie/testtrie
TEST-RESULT-exec-success: pass
TEST-RESULT-exec-time: user       0.0067
TEST-RESULT-exec-real-time: real       0.0179
---------------------------------------------------------------
>>> ========= '/home/ed/mcsema-testing/SANDBOX/test-2015-12-21_15-36-50/MultiSource/Benchmarks/McCat/04-bisect/bisect' Program
---------------------------------------------------------------

TEST-PASS: compile /home/ed/mcsema-testing/SANDBOX/test-2015-12-21_15-36-50/MultiSource/Benchmarks/McCat/04-bisect/bisect
TEST-RESULT-compile-success: pass
TEST-RESULT-compile-hash: f1f869628419a6b87364b818dd585095
TEST-RESULT-compile-time: user 0.132500
TEST-RESULT-compile-real-time: real 0.190800

TEST-PASS: exec /home/ed/mcsema-testing/SANDBOX/test-2015-12-21_15-36-50/MultiSource/Benchmarks/McCat/04-bisect/bisect
TEST-RESULT-exec-success: pass
TEST-RESULT-exec-time: user       0.0870
TEST-RESULT-exec-real-time: real       0.0895
---------------------------------------------------------------
>>> ========= '/home/ed/mcsema-testing/SANDBOX/test-2015-12-21_15-36-50/MultiSource/Benchmarks/McCat/17-bintr/bintr' Program
---------------------------------------------------------------

TEST-PASS: compile /home/ed/mcsema-testing/SANDBOX/test-2015-12-21_15-36-50/MultiSource/Benchmarks/McCat/17-bintr/bintr
TEST-RESULT-compile-success: pass
TEST-RESULT-compile-hash: 49081281af868a693f91b1d492f89587
TEST-RESULT-compile-time: user 0.074400
TEST-RESULT-compile-real-time: real 0.113100

TEST-PASS: exec /home/ed/mcsema-testing/SANDBOX/test-2015-12-21_15-36-50/MultiSource/Benchmarks/McCat/17-bintr/bintr
TEST-RESULT-exec-success: pass
TEST-RESULT-exec-time: user       0.0944
TEST-RESULT-exec-real-time: real       0.0984
---------------------------------------------------------------
>>> ========= '/home/ed/mcsema-testing/SANDBOX/test-2015-12-21_15-36-50/MultiSource/Benchmarks/McCat/08-main/main' Program
---------------------------------------------------------------

TEST-PASS: compile /home/ed/mcsema-testing/SANDBOX/test-2015-12-21_15-36-50/MultiSource/Benchmarks/McCat/08-main/main
TEST-RESULT-compile-success: pass
TEST-RESULT-compile-hash: 9d2a12b6c3a6a9ad7ea89d3546587e50
TEST-RESULT-compile-time: user 0.237600
TEST-RESULT-compile-real-time: real 0.307000

TEST-PASS: exec /home/ed/mcsema-testing/SANDBOX/test-2015-12-21_15-36-50/MultiSource/Benchmarks/McCat/08-main/main
TEST-RESULT-exec-success: pass
TEST-RESULT-exec-time: user       0.0344
TEST-RESULT-exec-real-time: real       0.0473
---------------------------------------------------------------
>>> ========= '/home/ed/mcsema-testing/SANDBOX/test-2015-12-21_15-36-50/MultiSource/Benchmarks/McCat/12-IOtest/iotest' Program
---------------------------------------------------------------

TEST-PASS: compile /home/ed/mcsema-testing/SANDBOX/test-2015-12-21_15-36-50/MultiSource/Benchmarks/McCat/12-IOtest/iotest
TEST-RESULT-compile-success: pass
TEST-RESULT-compile-hash: 7ffd233d73482306b890e291be969071
TEST-RESULT-compile-time: user 0.104400
TEST-RESULT-compile-real-time: real 0.182600

TEST-PASS: exec /home/ed/mcsema-testing/SANDBOX/test-2015-12-21_15-36-50/MultiSource/Benchmarks/McCat/12-IOtest/iotest
TEST-RESULT-exec-success: pass
TEST-RESULT-exec-time: user       0.2852
TEST-RESULT-exec-real-time: real       0.2880
---------------------------------------------------------------
>>> ========= '/home/ed/mcsema-testing/SANDBOX/test-2015-12-21_15-36-50/MultiSource/Benchmarks/McCat/09-vor/vor' Program
---------------------------------------------------------------

TEST-PASS: compile /home/ed/mcsema-testing/SANDBOX/test-2015-12-21_15-36-50/MultiSource/Benchmarks/McCat/09-vor/vor
TEST-RESULT-compile-success: pass
TEST-RESULT-compile-hash: 36f1e5a39bf0351a5f458699c230d456
TEST-RESULT-compile-time: user 0.294500
TEST-RESULT-compile-real-time: real 0.407200

TEST-PASS: exec /home/ed/mcsema-testing/SANDBOX/test-2015-12-21_15-36-50/MultiSource/Benchmarks/McCat/09-vor/vor
TEST-RESULT-exec-success: pass
TEST-RESULT-exec-time: user       0.0961
TEST-RESULT-exec-real-time: real       0.1073
---------------------------------------------------------------
>>> ========= '/home/ed/mcsema-testing/SANDBOX/test-2015-12-21_15-36-50/MultiSource/Benchmarks/McCat/05-eks/eks' Program
---------------------------------------------------------------

TEST-PASS: compile /home/ed/mcsema-testing/SANDBOX/test-2015-12-21_15-36-50/MultiSource/Benchmarks/McCat/05-eks/eks
TEST-RESULT-compile-success: pass
TEST-RESULT-compile-hash: 2507c957ee0c67076a6712034e36c83f
TEST-RESULT-compile-time: user 0.460000
TEST-RESULT-compile-real-time: real 0.622600

TEST-PASS: exec /home/ed/mcsema-testing/SANDBOX/test-2015-12-21_15-36-50/MultiSource/Benchmarks/McCat/05-eks/eks
TEST-RESULT-exec-success: pass
TEST-RESULT-exec-time: user       0.0030
TEST-RESULT-exec-real-time: real       0.0039
---------------------------------------------------------------
>>> ========= '/home/ed/mcsema-testing/SANDBOX/test-2015-12-21_15-36-50/MultiSource/Benchmarks/McCat/01-qbsort/qbsort' Program
---------------------------------------------------------------

TEST-PASS: compile /home/ed/mcsema-testing/SANDBOX/test-2015-12-21_15-36-50/MultiSource/Benchmarks/McCat/01-qbsort/qbsort
TEST-RESULT-compile-success: pass
TEST-RESULT-compile-hash: 4cdb3761f0e7fca4e00ed240ca72f4eb
TEST-RESULT-compile-time: user 0.104600
TEST-RESULT-compile-real-time: real 0.158400

TEST-PASS: exec /home/ed/mcsema-testing/SANDBOX/test-2015-12-21_15-36-50/MultiSource/Benchmarks/McCat/01-qbsort/qbsort
TEST-RESULT-exec-success: pass
TEST-RESULT-exec-time: user       0.0544
TEST-RESULT-exec-real-time: real       0.0704
---------------------------------------------------------------
>>> ========= '/home/ed/mcsema-testing/SANDBOX/test-2015-12-21_15-36-50/MultiSource/Benchmarks/McCat/18-imp/imp' Program
---------------------------------------------------------------

TEST-PASS: compile /home/ed/mcsema-testing/SANDBOX/test-2015-12-21_15-36-50/MultiSource/Benchmarks/McCat/18-imp/imp
TEST-RESULT-compile-success: pass
TEST-RESULT-compile-hash: fb320babc276e791dda4c914f7e995a6
TEST-RESULT-compile-time: user 0.293100
TEST-RESULT-compile-real-time: real 0.365600

TEST-PASS: exec /home/ed/mcsema-testing/SANDBOX/test-2015-12-21_15-36-50/MultiSource/Benchmarks/McCat/18-imp/imp
TEST-RESULT-exec-success: pass
TEST-RESULT-exec-time: user       0.0500
TEST-RESULT-exec-real-time: real       0.0554
---------------------------------------------------------------
>>> ========= '/home/ed/mcsema-testing/SANDBOX/test-2015-12-21_15-36-50/MultiSource/Benchmarks/Ptrdist/ft/ft' Program
---------------------------------------------------------------

TEST-PASS: compile /home/ed/mcsema-testing/SANDBOX/test-2015-12-21_15-36-50/MultiSource/Benchmarks/Ptrdist/ft/ft
TEST-RESULT-compile-success: pass
TEST-RESULT-compile-hash: 790e3d303d76f8083e69c450af5ed391
TEST-RESULT-compile-time: user 0.195100
TEST-RESULT-compile-real-time: real 0.272100

TEST-PASS: exec /home/ed/mcsema-testing/SANDBOX/test-2015-12-21_15-36-50/MultiSource/Benchmarks/Ptrdist/ft/ft
TEST-RESULT-exec-success: pass
TEST-RESULT-exec-time: user       0.9011
TEST-RESULT-exec-real-time: real       0.9164
---------------------------------------------------------------
>>> ========= '/home/ed/mcsema-testing/SANDBOX/test-2015-12-21_15-36-50/MultiSource/Benchmarks/Ptrdist/bc/bc' Program
---------------------------------------------------------------

TEST-PASS: compile /home/ed/mcsema-testing/SANDBOX/test-2015-12-21_15-36-50/MultiSource/Benchmarks/Ptrdist/bc/bc
TEST-RESULT-compile-success: pass
TEST-RESULT-compile-hash: 15421b7d5e6a76fed3bb05bd7070d480
TEST-RESULT-compile-time: user 0.903900
TEST-RESULT-compile-real-time: real 1.123500

TEST-PASS: exec /home/ed/mcsema-testing/SANDBOX/test-2015-12-21_15-36-50/MultiSource/Benchmarks/Ptrdist/bc/bc
TEST-RESULT-exec-success: pass
TEST-RESULT-exec-time: user       0.4680
TEST-RESULT-exec-real-time: real       0.4839
---------------------------------------------------------------
>>> ========= '/home/ed/mcsema-testing/SANDBOX/test-2015-12-21_15-36-50/MultiSource/Benchmarks/Ptrdist/ks/ks' Program
---------------------------------------------------------------

TEST-PASS: compile /home/ed/mcsema-testing/SANDBOX/test-2015-12-21_15-36-50/MultiSource/Benchmarks/Ptrdist/ks/ks
TEST-RESULT-compile-success: pass
TEST-RESULT-compile-hash: 7579b8219c374e7c253434efb841f3a6
TEST-RESULT-compile-time: user 0.127000
TEST-RESULT-compile-real-time: real 0.163000

TEST-PASS: exec /home/ed/mcsema-testing/SANDBOX/test-2015-12-21_15-36-50/MultiSource/Benchmarks/Ptrdist/ks/ks
TEST-RESULT-exec-success: pass
TEST-RESULT-exec-time: user       1.6944
TEST-RESULT-exec-real-time: real       1.6998
---------------------------------------------------------------
>>> ========= '/home/ed/mcsema-testing/SANDBOX/test-2015-12-21_15-36-50/MultiSource/Benchmarks/Ptrdist/yacr2/yacr2' Program
---------------------------------------------------------------

TEST-PASS: compile /home/ed/mcsema-testing/SANDBOX/test-2015-12-21_15-36-50/MultiSource/Benchmarks/Ptrdist/yacr2/yacr2
TEST-RESULT-compile-success: pass
TEST-RESULT-compile-hash: ca2cdd57afd1b26c087f7038d660e927
TEST-RESULT-compile-time: user 0.486700
TEST-RESULT-compile-real-time: real 0.607500

TEST-PASS: exec /home/ed/mcsema-testing/SANDBOX/test-2015-12-21_15-36-50/MultiSource/Benchmarks/Ptrdist/yacr2/yacr2
TEST-RESULT-exec-success: pass
TEST-RESULT-exec-time: user       0.5596
TEST-RESULT-exec-real-time: real       0.5714
---------------------------------------------------------------
>>> ========= '/home/ed/mcsema-testing/SANDBOX/test-2015-12-21_15-36-50/MultiSource/Benchmarks/Ptrdist/anagram/anagram' Program
---------------------------------------------------------------

TEST-PASS: compile /home/ed/mcsema-testing/SANDBOX/test-2015-12-21_15-36-50/MultiSource/Benchmarks/Ptrdist/anagram/anagram
TEST-RESULT-compile-success: pass
TEST-RESULT-compile-hash: e1db5a3cfef3a55c0fa71fab63cd9fb0
TEST-RESULT-compile-time: user 0.082900
TEST-RESULT-compile-real-time: real 0.139100

TEST-PASS: exec /home/ed/mcsema-testing/SANDBOX/test-2015-12-21_15-36-50/MultiSource/Benchmarks/Ptrdist/anagram/anagram
TEST-RESULT-exec-success: pass
TEST-RESULT-exec-time: user       0.7716
TEST-RESULT-exec-real-time: real       0.8086
---------------------------------------------------------------
>>> ========= '/home/ed/mcsema-testing/SANDBOX/test-2015-12-21_15-36-50/SingleSource/UnitTests/C++11/stdthreadbug' Program
---------------------------------------------------------------

TEST-PASS: compile /home/ed/mcsema-testing/SANDBOX/test-2015-12-21_15-36-50/SingleSource/UnitTests/C++11/stdthreadbug
TEST-RESULT-compile-success: pass
TEST-RESULT-compile-hash: a8d15fcc3f4fd959ab5d9d9540f6494e
TEST-RESULT-compile-time: user       0.0158
TEST-RESULT-compile-real-time: real       0.0274

TEST-PASS: exec /home/ed/mcsema-testing/SANDBOX/test-2015-12-21_15-36-50/SingleSource/UnitTests/C++11/stdthreadbug
TEST-RESULT-exec-success: pass
TEST-RESULT-exec-time: user       0.0009
TEST-RESULT-exec-real-time: real       0.0018
---------------------------------------------------------------
>>> ========= '/home/ed/mcsema-testing/SANDBOX/test-2015-12-21_15-36-50/SingleSource/UnitTests/TestLoop' Program
---------------------------------------------------------------

TEST-PASS: compile /home/ed/mcsema-testing/SANDBOX/test-2015-12-21_15-36-50/SingleSource/UnitTests/TestLoop
TEST-RESULT-compile-success: pass
TEST-RESULT-compile-hash: f1605611b3a4c3ebbdc6da8f930fcfcb
TEST-RESULT-compile-time: user       0.0229
TEST-RESULT-compile-real-time: real       0.0372

TEST-PASS: exec /home/ed/mcsema-testing/SANDBOX/test-2015-12-21_15-36-50/SingleSource/UnitTests/TestLoop
TEST-RESULT-exec-success: pass
TEST-RESULT-exec-time: user       0.0008
TEST-RESULT-exec-real-time: real       0.0017
---------------------------------------------------------------
>>> ========= '/home/ed/mcsema-testing/SANDBOX/test-2015-12-21_15-36-50/SingleSource/UnitTests/2008-04-20-LoopBug2' Program
---------------------------------------------------------------

TEST-PASS: compile /home/ed/mcsema-testing/SANDBOX/test-2015-12-21_15-36-50/SingleSource/UnitTests/2008-04-20-LoopBug2
TEST-RESULT-compile-success: pass
TEST-RESULT-compile-hash: 73b6f20b324bad4923b70ee4981a06be
TEST-RESULT-compile-time: user       0.0203
TEST-RESULT-compile-real-time: real       0.0340

TEST-PASS: exec /home/ed/mcsema-testing/SANDBOX/test-2015-12-21_15-36-50/SingleSource/UnitTests/2008-04-20-LoopBug2
TEST-RESULT-exec-success: pass
TEST-RESULT-exec-time: user       0.0008
TEST-RESULT-exec-real-time: real       0.0018
---------------------------------------------------------------
>>> ========= '/home/ed/mcsema-testing/SANDBOX/test-2015-12-21_15-36-50/SingleSource/UnitTests/2002-05-02-ArgumentTest' Program
---------------------------------------------------------------

TEST-PASS: compile /home/ed/mcsema-testing/SANDBOX/test-2015-12-21_15-36-50/SingleSource/UnitTests/2002-05-02-ArgumentTest
TEST-RESULT-compile-success: pass
TEST-RESULT-compile-hash: 2691aeda9ee37279f3176635977d5781
TEST-RESULT-compile-time: user       0.0171
TEST-RESULT-compile-real-time: real       0.0295

TEST-PASS: exec /home/ed/mcsema-testing/SANDBOX/test-2015-12-21_15-36-50/SingleSource/UnitTests/2002-05-02-ArgumentTest
TEST-RESULT-exec-success: pass
TEST-RESULT-exec-time: user       0.0009
TEST-RESULT-exec-real-time: real       0.0017
---------------------------------------------------------------
>>> ========= '/home/ed/mcsema-testing/SANDBOX/test-2015-12-21_15-36-50/SingleSource/UnitTests/2003-05-02-DependentPHI' Program
---------------------------------------------------------------

TEST-PASS: compile /home/ed/mcsema-testing/SANDBOX/test-2015-12-21_15-36-50/SingleSource/UnitTests/2003-05-02-DependentPHI
TEST-RESULT-compile-success: pass
TEST-RESULT-compile-hash: 690a92ae1f4e017a15c8d464bc17b1ec
TEST-RESULT-compile-time: user       0.0224
TEST-RESULT-compile-real-time: real       0.0364

TEST-PASS: exec /home/ed/mcsema-testing/SANDBOX/test-2015-12-21_15-36-50/SingleSource/UnitTests/2003-05-02-DependentPHI
TEST-RESULT-exec-success: pass
TEST-RESULT-exec-time: user       0.0009
TEST-RESULT-exec-real-time: real       0.0019
---------------------------------------------------------------
>>> ========= '/home/ed/mcsema-testing/SANDBOX/test-2015-12-21_15-36-50/SingleSource/UnitTests/2002-05-02-CastTest1' Program
---------------------------------------------------------------

TEST-PASS: compile /home/ed/mcsema-testing/SANDBOX/test-2015-12-21_15-36-50/SingleSource/UnitTests/2002-05-02-CastTest1
TEST-RESULT-compile-success: pass
TEST-RESULT-compile-hash: 282b903032b7d9fb700287adc39c7b8a
TEST-RESULT-compile-time: user       0.0161
TEST-RESULT-compile-real-time: real       0.0285

TEST-PASS: exec /home/ed/mcsema-testing/SANDBOX/test-2015-12-21_15-36-50/SingleSource/UnitTests/2002-05-02-CastTest1
TEST-RESULT-exec-success: pass
TEST-RESULT-exec-time: user       0.0009
TEST-RESULT-exec-real-time: real       0.0017
---------------------------------------------------------------
>>> ========= '/home/ed/mcsema-testing/SANDBOX/test-2015-12-21_15-36-50/SingleSource/UnitTests/2006-12-11-LoadConstants' Program
---------------------------------------------------------------

TEST-PASS: compile /home/ed/mcsema-testing/SANDBOX/test-2015-12-21_15-36-50/SingleSource/UnitTests/2006-12-11-LoadConstants
TEST-RESULT-compile-success: pass
TEST-RESULT-compile-hash: e2d0a341eb04334d89d2e4133d44bb38
TEST-RESULT-compile-time: user       0.0777
TEST-RESULT-compile-real-time: real       0.0932

TEST-PASS: exec /home/ed/mcsema-testing/SANDBOX/test-2015-12-21_15-36-50/SingleSource/UnitTests/2006-12-11-LoadConstants
TEST-RESULT-exec-success: pass
TEST-RESULT-exec-time: user       0.0008
TEST-RESULT-exec-real-time: real       0.0018
---------------------------------------------------------------
>>> ========= '/home/ed/mcsema-testing/SANDBOX/test-2015-12-21_15-36-50/SingleSource/UnitTests/2006-02-04-DivRem' Program
---------------------------------------------------------------

TEST-PASS: compile /home/ed/mcsema-testing/SANDBOX/test-2015-12-21_15-36-50/SingleSource/UnitTests/2006-02-04-DivRem
TEST-RESULT-compile-success: pass
TEST-RESULT-compile-hash: 6e731ee6bed212ff3e0feebe22bfcf6a
TEST-RESULT-compile-time: user       0.0229
TEST-RESULT-compile-real-time: real       0.0363

TEST-PASS: exec /home/ed/mcsema-testing/SANDBOX/test-2015-12-21_15-36-50/SingleSource/UnitTests/2006-02-04-DivRem
TEST-RESULT-exec-success: pass
TEST-RESULT-exec-time: user       0.0008
TEST-RESULT-exec-real-time: real       0.0017
---------------------------------------------------------------
>>> ========= '/home/ed/mcsema-testing/SANDBOX/test-2015-12-21_15-36-50/SingleSource/UnitTests/DefaultInitDynArrays' Program
---------------------------------------------------------------

TEST-PASS: compile /home/ed/mcsema-testing/SANDBOX/test-2015-12-21_15-36-50/SingleSource/UnitTests/DefaultInitDynArrays
TEST-RESULT-compile-success: pass
TEST-RESULT-compile-hash: fba41117093992aa49dfa440528e34ed
TEST-RESULT-compile-time: user       0.0175
TEST-RESULT-compile-real-time: real       0.0312

TEST-PASS: exec /home/ed/mcsema-testing/SANDBOX/test-2015-12-21_15-36-50/SingleSource/UnitTests/DefaultInitDynArrays
TEST-RESULT-exec-success: pass
TEST-RESULT-exec-time: user       0.0009
TEST-RESULT-exec-real-time: real       0.0018
---------------------------------------------------------------
>>> ========= '/home/ed/mcsema-testing/SANDBOX/test-2015-12-21_15-36-50/SingleSource/UnitTests/2007-01-04-KNR-Args' Program
---------------------------------------------------------------

TEST-PASS: compile /home/ed/mcsema-testing/SANDBOX/test-2015-12-21_15-36-50/SingleSource/UnitTests/2007-01-04-KNR-Args
TEST-RESULT-compile-success: pass
TEST-RESULT-compile-hash: ccc4f570965ec789ca3c4e6f2343cbaf
TEST-RESULT-compile-time: user       0.0228
TEST-RESULT-compile-real-time: real       0.0367

TEST-PASS: exec /home/ed/mcsema-testing/SANDBOX/test-2015-12-21_15-36-50/SingleSource/UnitTests/2007-01-04-KNR-Args
TEST-RESULT-exec-success: pass
TEST-RESULT-exec-time: user       0.0009
TEST-RESULT-exec-real-time: real       0.0019
---------------------------------------------------------------
>>> ========= '/home/ed/mcsema-testing/SANDBOX/test-2015-12-21_15-36-50/SingleSource/UnitTests/2004-11-28-GlobalBoolLayout' Program
---------------------------------------------------------------

TEST-PASS: compile /home/ed/mcsema-testing/SANDBOX/test-2015-12-21_15-36-50/SingleSource/UnitTests/2004-11-28-GlobalBoolLayout
TEST-RESULT-compile-success: pass
TEST-RESULT-compile-hash: c8866c6ecded3a04c94f1a7c97526375
TEST-RESULT-compile-time: user       0.0310
TEST-RESULT-compile-real-time: real       0.0457

TEST-PASS: exec /home/ed/mcsema-testing/SANDBOX/test-2015-12-21_15-36-50/SingleSource/UnitTests/2004-11-28-GlobalBoolLayout
TEST-RESULT-exec-success: pass
TEST-RESULT-exec-time: user       0.0009
TEST-RESULT-exec-real-time: real       0.0018
---------------------------------------------------------------
>>> ========= '/home/ed/mcsema-testing/SANDBOX/test-2015-12-21_15-36-50/SingleSource/UnitTests/2003-07-10-SignConversions' Program
---------------------------------------------------------------

TEST-PASS: compile /home/ed/mcsema-testing/SANDBOX/test-2015-12-21_15-36-50/SingleSource/UnitTests/2003-07-10-SignConversions
TEST-RESULT-compile-success: pass
TEST-RESULT-compile-hash: 1af20f76c41cdbb67dba8d421be2fcda
TEST-RESULT-compile-time: user       0.0219
TEST-RESULT-compile-real-time: real       0.0357

TEST-PASS: exec /home/ed/mcsema-testing/SANDBOX/test-2015-12-21_15-36-50/SingleSource/UnitTests/2003-07-10-SignConversions
TEST-RESULT-exec-success: pass
TEST-RESULT-exec-time: user       0.0008
TEST-RESULT-exec-real-time: real       0.0020
---------------------------------------------------------------
>>> ========= '/home/ed/mcsema-testing/SANDBOX/test-2015-12-21_15-36-50/SingleSource/UnitTests/2005-07-15-Bitfield-ABI' Program
---------------------------------------------------------------

TEST-PASS: compile /home/ed/mcsema-testing/SANDBOX/test-2015-12-21_15-36-50/SingleSource/UnitTests/2005-07-15-Bitfield-ABI
TEST-RESULT-compile-success: pass
TEST-RESULT-compile-hash: 0db6cef266b48920cba39d61019465f8
TEST-RESULT-compile-time: user       0.0173
TEST-RESULT-compile-real-time: real       0.0297

TEST-PASS: exec /home/ed/mcsema-testing/SANDBOX/test-2015-12-21_15-36-50/SingleSource/UnitTests/2005-07-15-Bitfield-ABI
TEST-RESULT-exec-success: pass
TEST-RESULT-exec-time: user       0.0008
TEST-RESULT-exec-real-time: real       0.0017
---------------------------------------------------------------
>>> ========= '/home/ed/mcsema-testing/SANDBOX/test-2015-12-21_15-36-50/SingleSource/UnitTests/2004-06-20-StaticBitfieldInit' Program
---------------------------------------------------------------

TEST-PASS: compile /home/ed/mcsema-testing/SANDBOX/test-2015-12-21_15-36-50/SingleSource/UnitTests/2004-06-20-StaticBitfieldInit
TEST-RESULT-compile-success: pass
TEST-RESULT-compile-hash: 46ac5b394c0d5b008151c2f261f02e11
TEST-RESULT-compile-time: user       0.0208
TEST-RESULT-compile-real-time: real       0.0339

TEST-PASS: exec /home/ed/mcsema-testing/SANDBOX/test-2015-12-21_15-36-50/SingleSource/UnitTests/2004-06-20-StaticBitfieldInit
TEST-RESULT-exec-success: pass
TEST-RESULT-exec-time: user       0.0009
TEST-RESULT-exec-real-time: real       0.0018
---------------------------------------------------------------
>>> ========= '/home/ed/mcsema-testing/SANDBOX/test-2015-12-21_15-36-50/SingleSource/UnitTests/2003-07-09-SignedArgs' Program
---------------------------------------------------------------

TEST-PASS: compile /home/ed/mcsema-testing/SANDBOX/test-2015-12-21_15-36-50/SingleSource/UnitTests/2003-07-09-SignedArgs
TEST-RESULT-compile-success: pass
TEST-RESULT-compile-hash: e3c037abca8e5bba1cb9e68586d28324
TEST-RESULT-compile-time: user       0.0315
TEST-RESULT-compile-real-time: real       0.0575

TEST-PASS: exec /home/ed/mcsema-testing/SANDBOX/test-2015-12-21_15-36-50/SingleSource/UnitTests/2003-07-09-SignedArgs
TEST-RESULT-exec-success: pass
TEST-RESULT-exec-time: user       0.0008
TEST-RESULT-exec-real-time: real       0.0019
---------------------------------------------------------------
>>> ========= '/home/ed/mcsema-testing/SANDBOX/test-2015-12-21_15-36-50/SingleSource/UnitTests/2009-04-16-BitfieldInitialization' Program
---------------------------------------------------------------

TEST-PASS: compile /home/ed/mcsema-testing/SANDBOX/test-2015-12-21_15-36-50/SingleSource/UnitTests/2009-04-16-BitfieldInitialization
TEST-RESULT-compile-success: pass
TEST-RESULT-compile-hash: 80eb3fa2410588a87e43268e2265c54e
TEST-RESULT-compile-time: user       0.0262
TEST-RESULT-compile-real-time: real       0.0410

TEST-PASS: exec /home/ed/mcsema-testing/SANDBOX/test-2015-12-21_15-36-50/SingleSource/UnitTests/2009-04-16-BitfieldInitialization
TEST-RESULT-exec-success: pass
TEST-RESULT-exec-time: user       0.0009
TEST-RESULT-exec-real-time: real       0.0017
---------------------------------------------------------------
>>> ========= '/home/ed/mcsema-testing/SANDBOX/test-2015-12-21_15-36-50/SingleSource/UnitTests/AtomicOps' Program
---------------------------------------------------------------

TEST-PASS: compile /home/ed/mcsema-testing/SANDBOX/test-2015-12-21_15-36-50/SingleSource/UnitTests/AtomicOps
TEST-RESULT-compile-success: pass
TEST-RESULT-compile-hash: a6d5478f8b00d722e6e96a5cb3c47ee0
TEST-RESULT-compile-time: user       0.0241
TEST-RESULT-compile-real-time: real       0.0398

TEST-PASS: exec /home/ed/mcsema-testing/SANDBOX/test-2015-12-21_15-36-50/SingleSource/UnitTests/AtomicOps
TEST-RESULT-exec-success: pass
TEST-RESULT-exec-time: user       0.0008
TEST-RESULT-exec-real-time: real       0.0018
---------------------------------------------------------------
>>> ========= '/home/ed/mcsema-testing/SANDBOX/test-2015-12-21_15-36-50/SingleSource/UnitTests/2003-10-29-ScalarReplBug' Program
---------------------------------------------------------------

TEST-PASS: compile /home/ed/mcsema-testing/SANDBOX/test-2015-12-21_15-36-50/SingleSource/UnitTests/2003-10-29-ScalarReplBug
TEST-RESULT-compile-success: pass
TEST-RESULT-compile-hash: d98d26f51c4cb7a2b359e482491ef579
TEST-RESULT-compile-time: user       0.0216
TEST-RESULT-compile-real-time: real       0.0358

TEST-PASS: exec /home/ed/mcsema-testing/SANDBOX/test-2015-12-21_15-36-50/SingleSource/UnitTests/2003-10-29-ScalarReplBug
TEST-RESULT-exec-success: pass
TEST-RESULT-exec-time: user       0.0009
TEST-RESULT-exec-real-time: real       0.0018
---------------------------------------------------------------
>>> ========= '/home/ed/mcsema-testing/SANDBOX/test-2015-12-21_15-36-50/SingleSource/UnitTests/block-call-r7674133' Program
---------------------------------------------------------------

TEST-PASS: compile /home/ed/mcsema-testing/SANDBOX/test-2015-12-21_15-36-50/SingleSource/UnitTests/block-call-r7674133
TEST-RESULT-compile-success: pass
TEST-RESULT-compile-hash: 7f7cd53e307b71517ab835b279337d8e
TEST-RESULT-compile-time: user       0.0160
TEST-RESULT-compile-real-time: real       0.0381

TEST-PASS: exec /home/ed/mcsema-testing/SANDBOX/test-2015-12-21_15-36-50/SingleSource/UnitTests/block-call-r7674133
TEST-RESULT-exec-success: pass
TEST-RESULT-exec-time: user       0.0009
TEST-RESULT-exec-real-time: real       0.0017
---------------------------------------------------------------
>>> ========= '/home/ed/mcsema-testing/SANDBOX/test-2015-12-21_15-36-50/SingleSource/UnitTests/2002-05-02-CastTest2' Program
---------------------------------------------------------------

TEST-PASS: compile /home/ed/mcsema-testing/SANDBOX/test-2015-12-21_15-36-50/SingleSource/UnitTests/2002-05-02-CastTest2
TEST-RESULT-compile-success: pass
TEST-RESULT-compile-hash: d231f4a613cf742a049deb22a0a43243
TEST-RESULT-compile-time: user       0.0260
TEST-RESULT-compile-real-time: real       0.0401

TEST-PASS: exec /home/ed/mcsema-testing/SANDBOX/test-2015-12-21_15-36-50/SingleSource/UnitTests/2002-05-02-CastTest2
TEST-RESULT-exec-success: pass
TEST-RESULT-exec-time: user       0.0008
TEST-RESULT-exec-real-time: real       0.0016
---------------------------------------------------------------
>>> ========= '/home/ed/mcsema-testing/SANDBOX/test-2015-12-21_15-36-50/SingleSource/UnitTests/2003-05-31-CastToBool' Program
---------------------------------------------------------------

TEST-PASS: compile /home/ed/mcsema-testing/SANDBOX/test-2015-12-21_15-36-50/SingleSource/UnitTests/2003-05-31-CastToBool
TEST-RESULT-compile-success: pass
TEST-RESULT-compile-hash: 7b3947936f24795910f1ad36047b7a88
TEST-RESULT-compile-time: user       0.0264
TEST-RESULT-compile-real-time: real       0.0411

TEST-PASS: exec /home/ed/mcsema-testing/SANDBOX/test-2015-12-21_15-36-50/SingleSource/UnitTests/2003-05-31-CastToBool
TEST-RESULT-exec-success: pass
TEST-RESULT-exec-time: user       0.0008
TEST-RESULT-exec-real-time: real       0.0017
---------------------------------------------------------------
>>> ========= '/home/ed/mcsema-testing/SANDBOX/test-2015-12-21_15-36-50/SingleSource/UnitTests/vla' Program
---------------------------------------------------------------

TEST-PASS: compile /home/ed/mcsema-testing/SANDBOX/test-2015-12-21_15-36-50/SingleSource/UnitTests/vla
TEST-RESULT-compile-success: pass
TEST-RESULT-compile-hash: f84d7a876ae243b0ee0b5df07b74ddf2
TEST-RESULT-compile-time: user       0.0358
TEST-RESULT-compile-real-time: real       0.0505

TEST-PASS: exec /home/ed/mcsema-testing/SANDBOX/test-2015-12-21_15-36-50/SingleSource/UnitTests/vla
TEST-RESULT-exec-success: pass
TEST-RESULT-exec-time: user       0.0009
TEST-RESULT-exec-real-time: real       0.0017
---------------------------------------------------------------
>>> ========= '/home/ed/mcsema-testing/SANDBOX/test-2015-12-21_15-36-50/SingleSource/UnitTests/2002-04-17-PrintfChar' Program
---------------------------------------------------------------

TEST-PASS: compile /home/ed/mcsema-testing/SANDBOX/test-2015-12-21_15-36-50/SingleSource/UnitTests/2002-04-17-PrintfChar
TEST-RESULT-compile-success: pass
TEST-RESULT-compile-hash: b3c47624360cf3a45ad2f2b895ff4474
TEST-RESULT-compile-time: user       0.0167
TEST-RESULT-compile-real-time: real       0.0292

TEST-PASS: exec /home/ed/mcsema-testing/SANDBOX/test-2015-12-21_15-36-50/SingleSource/UnitTests/2002-04-17-PrintfChar
TEST-RESULT-exec-success: pass
TEST-RESULT-exec-time: user       0.0008
TEST-RESULT-exec-real-time: real       0.0017
---------------------------------------------------------------
>>> ========= '/home/ed/mcsema-testing/SANDBOX/test-2015-12-21_15-36-50/SingleSource/UnitTests/2003-05-12-MinIntProblem' Program
---------------------------------------------------------------

TEST-PASS: compile /home/ed/mcsema-testing/SANDBOX/test-2015-12-21_15-36-50/SingleSource/UnitTests/2003-05-12-MinIntProblem
TEST-RESULT-compile-success: pass
TEST-RESULT-compile-hash: 09d7b8c632cbc85f9c1384e5e7d35036
TEST-RESULT-compile-time: user       0.0213
TEST-RESULT-compile-real-time: real       0.0345

TEST-PASS: exec /home/ed/mcsema-testing/SANDBOX/test-2015-12-21_15-36-50/SingleSource/UnitTests/2003-05-12-MinIntProblem
TEST-RESULT-exec-success: pass
TEST-RESULT-exec-time: user       0.0008
TEST-RESULT-exec-real-time: real       0.0017
---------------------------------------------------------------
>>> ========= '/home/ed/mcsema-testing/SANDBOX/test-2015-12-21_15-36-50/SingleSource/UnitTests/2008-07-13-InlineSetjmp' Program
---------------------------------------------------------------

TEST-PASS: compile /home/ed/mcsema-testing/SANDBOX/test-2015-12-21_15-36-50/SingleSource/UnitTests/2008-07-13-InlineSetjmp
TEST-RESULT-compile-success: pass
TEST-RESULT-compile-hash: 405910345032b697cefe8b1c5790f52c
TEST-RESULT-compile-time: user       0.0225
TEST-RESULT-compile-real-time: real       0.0453

TEST-PASS: exec /home/ed/mcsema-testing/SANDBOX/test-2015-12-21_15-36-50/SingleSource/UnitTests/2008-07-13-InlineSetjmp
TEST-RESULT-exec-success: pass
TEST-RESULT-exec-time: user       0.0009
TEST-RESULT-exec-real-time: real       0.0017
---------------------------------------------------------------
>>> ========= '/home/ed/mcsema-testing/SANDBOX/test-2015-12-21_15-36-50/SingleSource/UnitTests/blockstret' Program
---------------------------------------------------------------

TEST-PASS: compile /home/ed/mcsema-testing/SANDBOX/test-2015-12-21_15-36-50/SingleSource/UnitTests/blockstret
TEST-RESULT-compile-success: pass
TEST-RESULT-compile-hash: 7f7cd53e307b71517ab835b279337d8e
TEST-RESULT-compile-time: user       0.0152
TEST-RESULT-compile-real-time: real       0.0274

TEST-PASS: exec /home/ed/mcsema-testing/SANDBOX/test-2015-12-21_15-36-50/SingleSource/UnitTests/blockstret
TEST-RESULT-exec-success: pass
TEST-RESULT-exec-time: user       0.0009
TEST-RESULT-exec-real-time: real       0.0018
---------------------------------------------------------------
>>> ========= '/home/ed/mcsema-testing/SANDBOX/test-2015-12-21_15-36-50/SingleSource/UnitTests/2006-01-29-SimpleIndirectCall' Program
---------------------------------------------------------------

TEST-PASS: compile /home/ed/mcsema-testing/SANDBOX/test-2015-12-21_15-36-50/SingleSource/UnitTests/2006-01-29-SimpleIndirectCall
TEST-RESULT-compile-success: pass
TEST-RESULT-compile-hash: 7738d7246daa1d37ba74ba00f3cd3538
TEST-RESULT-compile-time: user       0.0212
TEST-RESULT-compile-real-time: real       0.0344

TEST-PASS: exec /home/ed/mcsema-testing/SANDBOX/test-2015-12-21_15-36-50/SingleSource/UnitTests/2006-01-29-SimpleIndirectCall
TEST-RESULT-exec-success: pass
TEST-RESULT-exec-time: user       0.0008
TEST-RESULT-exec-real-time: real       0.0016
---------------------------------------------------------------
>>> ========= '/home/ed/mcsema-testing/SANDBOX/test-2015-12-21_15-36-50/SingleSource/UnitTests/2007-04-10-BitfieldTest' Program
---------------------------------------------------------------

TEST-PASS: compile /home/ed/mcsema-testing/SANDBOX/test-2015-12-21_15-36-50/SingleSource/UnitTests/2007-04-10-BitfieldTest
TEST-RESULT-compile-success: pass
TEST-RESULT-compile-hash: 3d5f6f3733766b211af13ddb6fb5fcff
TEST-RESULT-compile-time: user       0.0257
TEST-RESULT-compile-real-time: real       0.0403

TEST-PASS: exec /home/ed/mcsema-testing/SANDBOX/test-2015-12-21_15-36-50/SingleSource/UnitTests/2007-04-10-BitfieldTest
TEST-RESULT-exec-success: pass
TEST-RESULT-exec-time: user       0.0008
TEST-RESULT-exec-real-time: real       0.0016
---------------------------------------------------------------
>>> ========= '/home/ed/mcsema-testing/SANDBOX/test-2015-12-21_15-36-50/SingleSource/UnitTests/conditional-gnu-ext' Program
---------------------------------------------------------------

TEST-PASS: compile /home/ed/mcsema-testing/SANDBOX/test-2015-12-21_15-36-50/SingleSource/UnitTests/conditional-gnu-ext
TEST-RESULT-compile-success: pass
TEST-RESULT-compile-hash: 5c842a1854da81f268ef10f1cc3158f9
TEST-RESULT-compile-time: user       0.0177
TEST-RESULT-compile-real-time: real       0.0302

TEST-PASS: exec /home/ed/mcsema-testing/SANDBOX/test-2015-12-21_15-36-50/SingleSource/UnitTests/conditional-gnu-ext
TEST-RESULT-exec-success: pass
TEST-RESULT-exec-time: user       0.0008
TEST-RESULT-exec-real-time: real       0.0017
---------------------------------------------------------------
>>> ========= '/home/ed/mcsema-testing/SANDBOX/test-2015-12-21_15-36-50/SingleSource/UnitTests/2005-05-11-Popcount-ffs-fls' Program
---------------------------------------------------------------

TEST-PASS: compile /home/ed/mcsema-testing/SANDBOX/test-2015-12-21_15-36-50/SingleSource/UnitTests/2005-05-11-Popcount-ffs-fls
TEST-RESULT-compile-success: pass
TEST-RESULT-compile-hash: 7c79702ecd149375f39728d14d800ae4
TEST-RESULT-compile-time: user       0.0384
TEST-RESULT-compile-real-time: real       0.0541

TEST-PASS: exec /home/ed/mcsema-testing/SANDBOX/test-2015-12-21_15-36-50/SingleSource/UnitTests/2005-05-11-Popcount-ffs-fls
TEST-RESULT-exec-success: pass
TEST-RESULT-exec-time: user       0.0009
TEST-RESULT-exec-real-time: real       0.0017
---------------------------------------------------------------
>>> ========= '/home/ed/mcsema-testing/SANDBOX/test-2015-12-21_15-36-50/SingleSource/UnitTests/ms_struct_pack_layout' Program
---------------------------------------------------------------

TEST-PASS: compile /home/ed/mcsema-testing/SANDBOX/test-2015-12-21_15-36-50/SingleSource/UnitTests/ms_struct_pack_layout
TEST-RESULT-compile-success: pass
TEST-RESULT-compile-hash: 7f7cd53e307b71517ab835b279337d8e
TEST-RESULT-compile-time: user       0.0243
TEST-RESULT-compile-real-time: real       0.0390

TEST-PASS: exec /home/ed/mcsema-testing/SANDBOX/test-2015-12-21_15-36-50/SingleSource/UnitTests/ms_struct_pack_layout
TEST-RESULT-exec-success: pass
TEST-RESULT-exec-time: user       0.0008
TEST-RESULT-exec-real-time: real       0.0017
---------------------------------------------------------------
>>> ========= '/home/ed/mcsema-testing/SANDBOX/test-2015-12-21_15-36-50/SingleSource/UnitTests/printargs' Program
---------------------------------------------------------------

TEST-PASS: compile /home/ed/mcsema-testing/SANDBOX/test-2015-12-21_15-36-50/SingleSource/UnitTests/printargs
TEST-RESULT-compile-success: pass
TEST-RESULT-compile-hash: aebc9aebc50c5f3a7e5f32703a092322
TEST-RESULT-compile-time: user       0.0229
TEST-RESULT-compile-real-time: real       0.0368

TEST-PASS: exec /home/ed/mcsema-testing/SANDBOX/test-2015-12-21_15-36-50/SingleSource/UnitTests/printargs
TEST-RESULT-exec-success: pass
TEST-RESULT-exec-time: user       0.0009
TEST-RESULT-exec-real-time: real       0.0017
---------------------------------------------------------------
>>> ========= '/home/ed/mcsema-testing/SANDBOX/test-2015-12-21_15-36-50/SingleSource/UnitTests/block-copied-in-cxxobj-1' Program
---------------------------------------------------------------

TEST-PASS: compile /home/ed/mcsema-testing/SANDBOX/test-2015-12-21_15-36-50/SingleSource/UnitTests/block-copied-in-cxxobj-1
TEST-RESULT-compile-success: pass
TEST-RESULT-compile-hash: 7f7cd53e307b71517ab835b279337d8e
TEST-RESULT-compile-time: user       0.0158
TEST-RESULT-compile-real-time: real       0.0350

TEST-PASS: exec /home/ed/mcsema-testing/SANDBOX/test-2015-12-21_15-36-50/SingleSource/UnitTests/block-copied-in-cxxobj-1
TEST-RESULT-exec-success: pass
TEST-RESULT-exec-time: user       0.0009
TEST-RESULT-exec-real-time: real       0.0018
---------------------------------------------------------------
>>> ========= '/home/ed/mcsema-testing/SANDBOX/test-2015-12-21_15-36-50/SingleSource/UnitTests/member-function-pointers' Program
---------------------------------------------------------------

TEST-PASS: compile /home/ed/mcsema-testing/SANDBOX/test-2015-12-21_15-36-50/SingleSource/UnitTests/member-function-pointers
TEST-RESULT-compile-success: pass
TEST-RESULT-compile-hash: e63db271a6637dd384eb17c784afae44
TEST-RESULT-compile-time: user       0.0248
TEST-RESULT-compile-real-time: real       0.0384

TEST-PASS: exec /home/ed/mcsema-testing/SANDBOX/test-2015-12-21_15-36-50/SingleSource/UnitTests/member-function-pointers
TEST-RESULT-exec-success: pass
TEST-RESULT-exec-time: user       0.0008
TEST-RESULT-exec-real-time: real       0.0018
---------------------------------------------------------------
>>> ========= '/home/ed/mcsema-testing/SANDBOX/test-2015-12-21_15-36-50/SingleSource/UnitTests/2002-10-12-StructureArgsSimple' Program
---------------------------------------------------------------

TEST-PASS: compile /home/ed/mcsema-testing/SANDBOX/test-2015-12-21_15-36-50/SingleSource/UnitTests/2002-10-12-StructureArgsSimple
TEST-RESULT-compile-success: pass
TEST-RESULT-compile-hash: 29a2a7e87bf86e8752236db462dbd3e6
TEST-RESULT-compile-time: user       0.0210
TEST-RESULT-compile-real-time: real       0.0348

TEST-PASS: exec /home/ed/mcsema-testing/SANDBOX/test-2015-12-21_15-36-50/SingleSource/UnitTests/2002-10-12-StructureArgsSimple
TEST-RESULT-exec-success: pass
TEST-RESULT-exec-time: user       0.0009
TEST-RESULT-exec-real-time: real       0.0018
---------------------------------------------------------------
>>> ========= '/home/ed/mcsema-testing/SANDBOX/test-2015-12-21_15-36-50/SingleSource/UnitTests/StructModifyTest' Program
---------------------------------------------------------------

TEST-PASS: compile /home/ed/mcsema-testing/SANDBOX/test-2015-12-21_15-36-50/SingleSource/UnitTests/StructModifyTest
TEST-RESULT-compile-success: pass
TEST-RESULT-compile-hash: 92f7de09666578defb20ab136ce0dc25
TEST-RESULT-compile-time: user       0.0175
TEST-RESULT-compile-real-time: real       0.0298

TEST-PASS: exec /home/ed/mcsema-testing/SANDBOX/test-2015-12-21_15-36-50/SingleSource/UnitTests/StructModifyTest
TEST-RESULT-exec-success: pass
TEST-RESULT-exec-time: user       0.0009
TEST-RESULT-exec-real-time: real       0.0017
---------------------------------------------------------------
>>> ========= '/home/ed/mcsema-testing/SANDBOX/test-2015-12-21_15-36-50/SingleSource/UnitTests/ms_struct-bitfield-init-1' Program
---------------------------------------------------------------

TEST-PASS: compile /home/ed/mcsema-testing/SANDBOX/test-2015-12-21_15-36-50/SingleSource/UnitTests/ms_struct-bitfield-init-1
TEST-RESULT-compile-success: pass
TEST-RESULT-compile-hash: a4d8c05b3ea78130970ec68541a36a11
TEST-RESULT-compile-time: user       0.0265
TEST-RESULT-compile-real-time: real       0.0435

TEST-PASS: exec /home/ed/mcsema-testing/SANDBOX/test-2015-12-21_15-36-50/SingleSource/UnitTests/ms_struct-bitfield-init-1
TEST-RESULT-exec-success: pass
TEST-RESULT-exec-time: user       0.0008
TEST-RESULT-exec-real-time: real       0.0016
---------------------------------------------------------------
>>> ========= '/home/ed/mcsema-testing/SANDBOX/test-2015-12-21_15-36-50/SingleSource/UnitTests/2006-12-07-Compare64BitConstant' Program
---------------------------------------------------------------

TEST-PASS: compile /home/ed/mcsema-testing/SANDBOX/test-2015-12-21_15-36-50/SingleSource/UnitTests/2006-12-07-Compare64BitConstant
TEST-RESULT-compile-success: pass
TEST-RESULT-compile-hash: fa54625e3e883a8f32a8b63426b5f8cf
TEST-RESULT-compile-time: user       0.0219
TEST-RESULT-compile-real-time: real       0.0355

TEST-PASS: exec /home/ed/mcsema-testing/SANDBOX/test-2015-12-21_15-36-50/SingleSource/UnitTests/2006-12-07-Compare64BitConstant
TEST-RESULT-exec-success: pass
TEST-RESULT-exec-time: user       0.0009
TEST-RESULT-exec-real-time: real       0.0017
---------------------------------------------------------------
>>> ========= '/home/ed/mcsema-testing/SANDBOX/test-2015-12-21_15-36-50/SingleSource/UnitTests/2003-10-13-SwitchTest' Program
---------------------------------------------------------------

TEST-PASS: compile /home/ed/mcsema-testing/SANDBOX/test-2015-12-21_15-36-50/SingleSource/UnitTests/2003-10-13-SwitchTest
TEST-RESULT-compile-success: pass
TEST-RESULT-compile-hash: 271090a45a82841da2a2c31ce2935abb
TEST-RESULT-compile-time: user       0.0209
TEST-RESULT-compile-real-time: real       0.0345

TEST-PASS: exec /home/ed/mcsema-testing/SANDBOX/test-2015-12-21_15-36-50/SingleSource/UnitTests/2003-10-13-SwitchTest
TEST-RESULT-exec-success: pass
TEST-RESULT-exec-time: user       0.0009
TEST-RESULT-exec-real-time: real       0.0019
---------------------------------------------------------------
>>> ========= '/home/ed/mcsema-testing/SANDBOX/test-2015-12-21_15-36-50/SingleSource/UnitTests/2002-10-12-StructureArgs' Program
---------------------------------------------------------------

TEST-PASS: compile /home/ed/mcsema-testing/SANDBOX/test-2015-12-21_15-36-50/SingleSource/UnitTests/2002-10-12-StructureArgs
TEST-RESULT-compile-success: pass
TEST-RESULT-compile-hash: 40c909eb3cfc870035c8606a3f4be0f9
TEST-RESULT-compile-time: user       0.0218
TEST-RESULT-compile-real-time: real       0.0357

TEST-PASS: exec /home/ed/mcsema-testing/SANDBOX/test-2015-12-21_15-36-50/SingleSource/UnitTests/2002-10-12-StructureArgs
TEST-RESULT-exec-success: pass
TEST-RESULT-exec-time: user       0.0008
TEST-RESULT-exec-real-time: real       0.0021
---------------------------------------------------------------
>>> ========= '/home/ed/mcsema-testing/SANDBOX/test-2015-12-21_15-36-50/SingleSource/UnitTests/block-byref-test' Program
---------------------------------------------------------------

TEST-PASS: compile /home/ed/mcsema-testing/SANDBOX/test-2015-12-21_15-36-50/SingleSource/UnitTests/block-byref-test
TEST-RESULT-compile-success: pass
TEST-RESULT-compile-hash: 7f7cd53e307b71517ab835b279337d8e
TEST-RESULT-compile-time: user       0.0154
TEST-RESULT-compile-real-time: real       0.0284

TEST-PASS: exec /home/ed/mcsema-testing/SANDBOX/test-2015-12-21_15-36-50/SingleSource/UnitTests/block-byref-test
TEST-RESULT-exec-success: pass
TEST-RESULT-exec-time: user       0.0008
TEST-RESULT-exec-real-time: real       0.0020
---------------------------------------------------------------
>>> ========= '/home/ed/mcsema-testing/SANDBOX/test-2015-12-21_15-36-50/SingleSource/UnitTests/2003-08-11-VaListArg' Program
---------------------------------------------------------------

TEST-PASS: compile /home/ed/mcsema-testing/SANDBOX/test-2015-12-21_15-36-50/SingleSource/UnitTests/2003-08-11-VaListArg
TEST-RESULT-compile-success: pass
TEST-RESULT-compile-hash: 1b4f1555ab27754cc1d30f3f32da21dc
TEST-RESULT-compile-time: user       0.0329
TEST-RESULT-compile-real-time: real       0.0471

TEST-PASS: exec /home/ed/mcsema-testing/SANDBOX/test-2015-12-21_15-36-50/SingleSource/UnitTests/2003-08-11-VaListArg
TEST-RESULT-exec-success: pass
TEST-RESULT-exec-time: user       0.0009
TEST-RESULT-exec-real-time: real       0.0017
---------------------------------------------------------------
>>> ========= '/home/ed/mcsema-testing/SANDBOX/test-2015-12-21_15-36-50/SingleSource/UnitTests/2007-03-02-VaCopy' Program
---------------------------------------------------------------

TEST-PASS: compile /home/ed/mcsema-testing/SANDBOX/test-2015-12-21_15-36-50/SingleSource/UnitTests/2007-03-02-VaCopy
TEST-RESULT-compile-success: pass
TEST-RESULT-compile-hash: b4decf8b4132f4680c9b52e74af4eb94
TEST-RESULT-compile-time: user       0.0230
TEST-RESULT-compile-real-time: real       0.0365

TEST-PASS: exec /home/ed/mcsema-testing/SANDBOX/test-2015-12-21_15-36-50/SingleSource/UnitTests/2007-03-02-VaCopy
TEST-RESULT-exec-success: pass
TEST-RESULT-exec-time: user       0.0009
TEST-RESULT-exec-real-time: real       0.0018
---------------------------------------------------------------
>>> ========= '/home/ed/mcsema-testing/SANDBOX/test-2015-12-21_15-36-50/SingleSource/UnitTests/2004-02-02-NegativeZero' Program
---------------------------------------------------------------

TEST-PASS: compile /home/ed/mcsema-testing/SANDBOX/test-2015-12-21_15-36-50/SingleSource/UnitTests/2004-02-02-NegativeZero
TEST-RESULT-compile-success: pass
TEST-RESULT-compile-hash: 31841ecb4cb3519e9bb9731b26520bce
TEST-RESULT-compile-time: user       0.0169
TEST-RESULT-compile-real-time: real       0.0293

TEST-PASS: exec /home/ed/mcsema-testing/SANDBOX/test-2015-12-21_15-36-50/SingleSource/UnitTests/2004-02-02-NegativeZero
TEST-RESULT-exec-success: pass
TEST-RESULT-exec-time: user       0.0009
TEST-RESULT-exec-real-time: real       0.0017
---------------------------------------------------------------
>>> ========= '/home/ed/mcsema-testing/SANDBOX/test-2015-12-21_15-36-50/SingleSource/UnitTests/2009-12-07-StructReturn' Program
---------------------------------------------------------------

TEST-PASS: compile /home/ed/mcsema-testing/SANDBOX/test-2015-12-21_15-36-50/SingleSource/UnitTests/2009-12-07-StructReturn
TEST-RESULT-compile-success: pass
TEST-RESULT-compile-hash: f598bf6e39f95c0bdda6e6d0109563f6
TEST-RESULT-compile-time: user       0.0188
TEST-RESULT-compile-real-time: real       0.0323

TEST-PASS: exec /home/ed/mcsema-testing/SANDBOX/test-2015-12-21_15-36-50/SingleSource/UnitTests/2009-12-07-StructReturn
TEST-RESULT-exec-success: pass
TEST-RESULT-exec-time: user       0.0008
TEST-RESULT-exec-real-time: real       0.0017
---------------------------------------------------------------
>>> ========= '/home/ed/mcsema-testing/SANDBOX/test-2015-12-21_15-36-50/SingleSource/UnitTests/stmtexpr' Program
---------------------------------------------------------------

TEST-PASS: compile /home/ed/mcsema-testing/SANDBOX/test-2015-12-21_15-36-50/SingleSource/UnitTests/stmtexpr
TEST-RESULT-compile-success: pass
TEST-RESULT-compile-hash: d7ab1fb493e31d02a3453ca53eab9eaf
TEST-RESULT-compile-time: user       0.0213
TEST-RESULT-compile-real-time: real       0.0346

TEST-PASS: exec /home/ed/mcsema-testing/SANDBOX/test-2015-12-21_15-36-50/SingleSource/UnitTests/stmtexpr
TEST-RESULT-exec-success: pass
TEST-RESULT-exec-time: user       0.0008
TEST-RESULT-exec-real-time: real       0.0017
---------------------------------------------------------------
>>> ========= '/home/ed/mcsema-testing/SANDBOX/test-2015-12-21_15-36-50/SingleSource/UnitTests/2008-04-18-LoopBug' Program
---------------------------------------------------------------

TEST-PASS: compile /home/ed/mcsema-testing/SANDBOX/test-2015-12-21_15-36-50/SingleSource/UnitTests/2008-04-18-LoopBug
TEST-RESULT-compile-success: pass
TEST-RESULT-compile-hash: 165d4df1a6d52be14d081c91aeaa3168
TEST-RESULT-compile-time: user       0.0199
TEST-RESULT-compile-real-time: real       0.0326

TEST-PASS: exec /home/ed/mcsema-testing/SANDBOX/test-2015-12-21_15-36-50/SingleSource/UnitTests/2008-04-18-LoopBug
TEST-RESULT-exec-success: pass
TEST-RESULT-exec-time: user       0.0008
TEST-RESULT-exec-real-time: real       0.0017
---------------------------------------------------------------
>>> ========= '/home/ed/mcsema-testing/SANDBOX/test-2015-12-21_15-36-50/SingleSource/UnitTests/ms_struct-bitfield-1' Program
---------------------------------------------------------------

TEST-PASS: compile /home/ed/mcsema-testing/SANDBOX/test-2015-12-21_15-36-50/SingleSource/UnitTests/ms_struct-bitfield-1
TEST-RESULT-compile-success: pass
TEST-RESULT-compile-hash: 7f7cd53e307b71517ab835b279337d8e
TEST-RESULT-compile-time: user       0.0162
TEST-RESULT-compile-real-time: real       0.0285

TEST-PASS: exec /home/ed/mcsema-testing/SANDBOX/test-2015-12-21_15-36-50/SingleSource/UnitTests/ms_struct-bitfield-1
TEST-RESULT-exec-success: pass
TEST-RESULT-exec-time: user       0.0009
TEST-RESULT-exec-real-time: real       0.0018
---------------------------------------------------------------
>>> ========= '/home/ed/mcsema-testing/SANDBOX/test-2015-12-21_15-36-50/SingleSource/UnitTests/2002-08-02-CastTest2' Program
---------------------------------------------------------------

TEST-PASS: compile /home/ed/mcsema-testing/SANDBOX/test-2015-12-21_15-36-50/SingleSource/UnitTests/2002-08-02-CastTest2
TEST-RESULT-compile-success: pass
TEST-RESULT-compile-hash: 8d1459bd67bd10559977af78d1d2321a
TEST-RESULT-compile-time: user       0.0166
TEST-RESULT-compile-real-time: real       0.0285

TEST-PASS: exec /home/ed/mcsema-testing/SANDBOX/test-2015-12-21_15-36-50/SingleSource/UnitTests/2002-08-02-CastTest2
TEST-RESULT-exec-success: pass
TEST-RESULT-exec-time: user       0.0009
TEST-RESULT-exec-real-time: real       0.0020
---------------------------------------------------------------
>>> ========= '/home/ed/mcsema-testing/SANDBOX/test-2015-12-21_15-36-50/SingleSource/UnitTests/2003-09-18-BitFieldTest' Program
---------------------------------------------------------------

TEST-PASS: compile /home/ed/mcsema-testing/SANDBOX/test-2015-12-21_15-36-50/SingleSource/UnitTests/2003-09-18-BitFieldTest
TEST-RESULT-compile-success: pass
TEST-RESULT-compile-hash: d9525718cec37177f8abd0186356acd2
TEST-RESULT-compile-time: user       0.0215
TEST-RESULT-compile-real-time: real       0.0344

TEST-PASS: exec /home/ed/mcsema-testing/SANDBOX/test-2015-12-21_15-36-50/SingleSource/UnitTests/2003-09-18-BitFieldTest
TEST-RESULT-exec-success: pass
TEST-RESULT-exec-time: user       0.0009
TEST-RESULT-exec-real-time: real       0.0018
---------------------------------------------------------------
>>> ========= '/home/ed/mcsema-testing/SANDBOX/test-2015-12-21_15-36-50/SingleSource/UnitTests/2005-07-17-INT-To-FP' Program
---------------------------------------------------------------

TEST-PASS: compile /home/ed/mcsema-testing/SANDBOX/test-2015-12-21_15-36-50/SingleSource/UnitTests/2005-07-17-INT-To-FP
TEST-RESULT-compile-success: pass
TEST-RESULT-compile-hash: 21fd09be69a66ea2dc04256e46b0417c
TEST-RESULT-compile-time: user       0.0245
TEST-RESULT-compile-real-time: real       0.0387

TEST-PASS: exec /home/ed/mcsema-testing/SANDBOX/test-2015-12-21_15-36-50/SingleSource/UnitTests/2005-07-17-INT-To-FP
TEST-RESULT-exec-success: pass
TEST-RESULT-exec-time: user       0.0012
TEST-RESULT-exec-real-time: real       0.0021
---------------------------------------------------------------
>>> ========= '/home/ed/mcsema-testing/SANDBOX/test-2015-12-21_15-36-50/SingleSource/UnitTests/ms_struct_pack_layout-1' Program
---------------------------------------------------------------

TEST-PASS: compile /home/ed/mcsema-testing/SANDBOX/test-2015-12-21_15-36-50/SingleSource/UnitTests/ms_struct_pack_layout-1
TEST-RESULT-compile-success: pass
TEST-RESULT-compile-hash: 7f7cd53e307b71517ab835b279337d8e
TEST-RESULT-compile-time: user       0.0161
TEST-RESULT-compile-real-time: real       0.0289

TEST-PASS: exec /home/ed/mcsema-testing/SANDBOX/test-2015-12-21_15-36-50/SingleSource/UnitTests/ms_struct_pack_layout-1
TEST-RESULT-exec-success: pass
TEST-RESULT-exec-time: user       0.0009
TEST-RESULT-exec-real-time: real       0.0019
---------------------------------------------------------------
>>> ========= '/home/ed/mcsema-testing/SANDBOX/test-2015-12-21_15-36-50/SingleSource/UnitTests/ms_struct-bitfield' Program
---------------------------------------------------------------

TEST-PASS: compile /home/ed/mcsema-testing/SANDBOX/test-2015-12-21_15-36-50/SingleSource/UnitTests/ms_struct-bitfield
TEST-RESULT-compile-success: pass
TEST-RESULT-compile-hash: c541b49f84703a78a6eff8d56e7c0496
TEST-RESULT-compile-time: user       0.0171
TEST-RESULT-compile-real-time: real       0.0293

TEST-PASS: exec /home/ed/mcsema-testing/SANDBOX/test-2015-12-21_15-36-50/SingleSource/UnitTests/ms_struct-bitfield
TEST-RESULT-exec-success: pass
TEST-RESULT-exec-time: user       0.0008
TEST-RESULT-exec-real-time: real       0.0016
---------------------------------------------------------------
>>> ========= '/home/ed/mcsema-testing/SANDBOX/test-2015-12-21_15-36-50/SingleSource/UnitTests/2003-05-14-AtExit' Program
---------------------------------------------------------------

TEST-PASS: compile /home/ed/mcsema-testing/SANDBOX/test-2015-12-21_15-36-50/SingleSource/UnitTests/2003-05-14-AtExit
TEST-RESULT-compile-success: pass
TEST-RESULT-compile-hash: 8872484c0cf624e3731e07d9aff83a70
TEST-RESULT-compile-time: user       0.0257
TEST-RESULT-compile-real-time: real       0.0402

TEST-PASS: exec /home/ed/mcsema-testing/SANDBOX/test-2015-12-21_15-36-50/SingleSource/UnitTests/2003-05-14-AtExit
TEST-RESULT-exec-success: pass
TEST-RESULT-exec-time: user       0.0009
TEST-RESULT-exec-real-time: real       0.0017
---------------------------------------------------------------
>>> ========= '/home/ed/mcsema-testing/SANDBOX/test-2015-12-21_15-36-50/SingleSource/UnitTests/2010-05-24-BitfieldTest' Program
---------------------------------------------------------------

TEST-PASS: compile /home/ed/mcsema-testing/SANDBOX/test-2015-12-21_15-36-50/SingleSource/UnitTests/2010-05-24-BitfieldTest
TEST-RESULT-compile-success: pass
TEST-RESULT-compile-hash: 7f7cd53e307b71517ab835b279337d8e
TEST-RESULT-compile-time: user       0.0168
TEST-RESULT-compile-real-time: real       0.0292

TEST-PASS: exec /home/ed/mcsema-testing/SANDBOX/test-2015-12-21_15-36-50/SingleSource/UnitTests/2010-05-24-BitfieldTest
TEST-RESULT-exec-success: pass
TEST-RESULT-exec-time: user       0.0009
TEST-RESULT-exec-real-time: real       0.0017
---------------------------------------------------------------
>>> ========= '/home/ed/mcsema-testing/SANDBOX/test-2015-12-21_15-36-50/SingleSource/UnitTests/ms_struct-bitfield-init' Program
---------------------------------------------------------------

TEST-PASS: compile /home/ed/mcsema-testing/SANDBOX/test-2015-12-21_15-36-50/SingleSource/UnitTests/ms_struct-bitfield-init
TEST-RESULT-compile-success: pass
TEST-RESULT-compile-hash: 53647cff1205e4b045eb5c45673947cf
TEST-RESULT-compile-time: user       0.0250
TEST-RESULT-compile-real-time: real       0.0419

TEST-PASS: exec /home/ed/mcsema-testing/SANDBOX/test-2015-12-21_15-36-50/SingleSource/UnitTests/ms_struct-bitfield-init
TEST-RESULT-exec-success: pass
TEST-RESULT-exec-time: user       0.0008
TEST-RESULT-exec-real-time: real       0.0016
---------------------------------------------------------------
>>> ========= '/home/ed/mcsema-testing/SANDBOX/test-2015-12-21_15-36-50/SingleSource/UnitTests/2002-05-02-ManyArguments' Program
---------------------------------------------------------------

TEST-PASS: compile /home/ed/mcsema-testing/SANDBOX/test-2015-12-21_15-36-50/SingleSource/UnitTests/2002-05-02-ManyArguments
TEST-RESULT-compile-success: pass
TEST-RESULT-compile-hash: a5d4e69a2fbd0f7103b4bc096dd4b084
TEST-RESULT-compile-time: user       0.0212
TEST-RESULT-compile-real-time: real       0.0339

TEST-PASS: exec /home/ed/mcsema-testing/SANDBOX/test-2015-12-21_15-36-50/SingleSource/UnitTests/2002-05-02-ManyArguments
TEST-RESULT-exec-success: pass
TEST-RESULT-exec-time: user       0.0009
TEST-RESULT-exec-real-time: real       0.0017
---------------------------------------------------------------
>>> ========= '/home/ed/mcsema-testing/SANDBOX/test-2015-12-21_15-36-50/SingleSource/UnitTests/FloatPrecision' Program
---------------------------------------------------------------

TEST-PASS: compile /home/ed/mcsema-testing/SANDBOX/test-2015-12-21_15-36-50/SingleSource/UnitTests/FloatPrecision
TEST-RESULT-compile-success: pass
TEST-RESULT-compile-hash: 1fe4ed071973a9db3b8628ffd4ab6dfe
TEST-RESULT-compile-time: user       0.0217
TEST-RESULT-compile-real-time: real       0.0358

TEST-PASS: exec /home/ed/mcsema-testing/SANDBOX/test-2015-12-21_15-36-50/SingleSource/UnitTests/FloatPrecision
TEST-RESULT-exec-success: pass
TEST-RESULT-exec-time: user       0.0009
TEST-RESULT-exec-real-time: real       0.0018
---------------------------------------------------------------
>>> ========= '/home/ed/mcsema-testing/SANDBOX/test-2015-12-21_15-36-50/SingleSource/UnitTests/2006-01-23-UnionInit' Program
---------------------------------------------------------------

TEST-PASS: compile /home/ed/mcsema-testing/SANDBOX/test-2015-12-21_15-36-50/SingleSource/UnitTests/2006-01-23-UnionInit
TEST-RESULT-compile-success: pass
TEST-RESULT-compile-hash: 944e87156f16ff93ab36a6e15881ed59
TEST-RESULT-compile-time: user       0.0274
TEST-RESULT-compile-real-time: real       0.0411

TEST-PASS: exec /home/ed/mcsema-testing/SANDBOX/test-2015-12-21_15-36-50/SingleSource/UnitTests/2006-01-23-UnionInit
TEST-RESULT-exec-success: pass
TEST-RESULT-exec-time: user       0.0008
TEST-RESULT-exec-real-time: real       0.0016
---------------------------------------------------------------
>>> ========= '/home/ed/mcsema-testing/SANDBOX/test-2015-12-21_15-36-50/SingleSource/UnitTests/2002-05-02-CastTest3' Program
---------------------------------------------------------------

TEST-PASS: compile /home/ed/mcsema-testing/SANDBOX/test-2015-12-21_15-36-50/SingleSource/UnitTests/2002-05-02-CastTest3
TEST-RESULT-compile-success: pass
TEST-RESULT-compile-hash: 1203aea400cf772820c185df546c9e4b
TEST-RESULT-compile-time: user       0.0161
TEST-RESULT-compile-real-time: real       0.0284

TEST-PASS: exec /home/ed/mcsema-testing/SANDBOX/test-2015-12-21_15-36-50/SingleSource/UnitTests/2002-05-02-CastTest3
TEST-RESULT-exec-success: pass
TEST-RESULT-exec-time: user       0.0008
TEST-RESULT-exec-real-time: real       0.0017
---------------------------------------------------------------
>>> ========= '/home/ed/mcsema-testing/SANDBOX/test-2015-12-21_15-36-50/SingleSource/UnitTests/2002-08-19-CodegenBug' Program
---------------------------------------------------------------

TEST-PASS: compile /home/ed/mcsema-testing/SANDBOX/test-2015-12-21_15-36-50/SingleSource/UnitTests/2002-08-19-CodegenBug
TEST-RESULT-compile-success: pass
TEST-RESULT-compile-hash: 7afcb9638b6f5f7b619bd66c79d63740
TEST-RESULT-compile-time: user       0.0249
TEST-RESULT-compile-real-time: real       0.0387

TEST-PASS: exec /home/ed/mcsema-testing/SANDBOX/test-2015-12-21_15-36-50/SingleSource/UnitTests/2002-08-19-CodegenBug
TEST-RESULT-exec-success: pass
TEST-RESULT-exec-time: user       0.0009
TEST-RESULT-exec-real-time: real       0.0017
---------------------------------------------------------------
>>> ========= '/home/ed/mcsema-testing/SANDBOX/test-2015-12-21_15-36-50/SingleSource/UnitTests/2003-08-05-CastFPToUint' Program
---------------------------------------------------------------

TEST-PASS: compile /home/ed/mcsema-testing/SANDBOX/test-2015-12-21_15-36-50/SingleSource/UnitTests/2003-08-05-CastFPToUint
TEST-RESULT-compile-success: pass
TEST-RESULT-compile-hash: 06d83442bd8b58cd9d4e4ba66f0ee4bd
TEST-RESULT-compile-time: user       0.0259
TEST-RESULT-compile-real-time: real       0.0399

TEST-PASS: exec /home/ed/mcsema-testing/SANDBOX/test-2015-12-21_15-36-50/SingleSource/UnitTests/2003-08-05-CastFPToUint
TEST-RESULT-exec-success: pass
TEST-RESULT-exec-time: user       0.0009
TEST-RESULT-exec-real-time: real       0.0017
---------------------------------------------------------------
>>> ========= '/home/ed/mcsema-testing/SANDBOX/test-2015-12-21_15-36-50/SingleSource/UnitTests/block-byref-cxxobj-test' Program
---------------------------------------------------------------

TEST-PASS: compile /home/ed/mcsema-testing/SANDBOX/test-2015-12-21_15-36-50/SingleSource/UnitTests/block-byref-cxxobj-test
TEST-RESULT-compile-success: pass
TEST-RESULT-compile-hash: 7f7cd53e307b71517ab835b279337d8e
TEST-RESULT-compile-time: user       0.0157
TEST-RESULT-compile-real-time: real       0.0282

TEST-PASS: exec /home/ed/mcsema-testing/SANDBOX/test-2015-12-21_15-36-50/SingleSource/UnitTests/block-byref-cxxobj-test
TEST-RESULT-exec-success: pass
TEST-RESULT-exec-time: user       0.0008
TEST-RESULT-exec-real-time: real       0.0016
---------------------------------------------------------------
>>> ========= '/home/ed/mcsema-testing/SANDBOX/test-2015-12-21_15-36-50/SingleSource/UnitTests/2002-10-13-BadLoad' Program
---------------------------------------------------------------

TEST-PASS: compile /home/ed/mcsema-testing/SANDBOX/test-2015-12-21_15-36-50/SingleSource/UnitTests/2002-10-13-BadLoad
TEST-RESULT-compile-success: pass
TEST-RESULT-compile-hash: a0271d0c58eda5bf9bdacb9e2fdc0ad4
TEST-RESULT-compile-time: user       0.0161
TEST-RESULT-compile-real-time: real       0.0282

TEST-PASS: exec /home/ed/mcsema-testing/SANDBOX/test-2015-12-21_15-36-50/SingleSource/UnitTests/2002-10-13-BadLoad
TEST-RESULT-exec-success: pass
TEST-RESULT-exec-time: user       0.0008
TEST-RESULT-exec-real-time: real       0.0017
---------------------------------------------------------------
>>> ========= '/home/ed/mcsema-testing/SANDBOX/test-2015-12-21_15-36-50/SingleSource/UnitTests/byval-alignment' Program
---------------------------------------------------------------

TEST-PASS: compile /home/ed/mcsema-testing/SANDBOX/test-2015-12-21_15-36-50/SingleSource/UnitTests/byval-alignment
TEST-RESULT-compile-success: pass
TEST-RESULT-compile-hash: 7cf80be40214fab207a0f2c48db07064
TEST-RESULT-compile-time: user       0.0225
TEST-RESULT-compile-real-time: real       0.0366

TEST-PASS: exec /home/ed/mcsema-testing/SANDBOX/test-2015-12-21_15-36-50/SingleSource/UnitTests/byval-alignment
TEST-RESULT-exec-success: pass
TEST-RESULT-exec-time: user       0.0009
TEST-RESULT-exec-real-time: real       0.0019
---------------------------------------------------------------
>>> ========= '/home/ed/mcsema-testing/SANDBOX/test-2015-12-21_15-36-50/SingleSource/UnitTests/2003-08-20-FoldBug' Program
---------------------------------------------------------------

TEST-PASS: compile /home/ed/mcsema-testing/SANDBOX/test-2015-12-21_15-36-50/SingleSource/UnitTests/2003-08-20-FoldBug
TEST-RESULT-compile-success: pass
TEST-RESULT-compile-hash: 731b527be1fee77c2d4def97d67845d4
TEST-RESULT-compile-time: user       0.0224
TEST-RESULT-compile-real-time: real       0.0359

TEST-PASS: exec /home/ed/mcsema-testing/SANDBOX/test-2015-12-21_15-36-50/SingleSource/UnitTests/2003-08-20-FoldBug
TEST-RESULT-exec-success: pass
TEST-RESULT-exec-time: user       0.0009
TEST-RESULT-exec-real-time: real       0.0017
---------------------------------------------------------------
>>> ========= '/home/ed/mcsema-testing/SANDBOX/test-2015-12-21_15-36-50/SingleSource/UnitTests/2003-05-26-Shorts' Program
---------------------------------------------------------------

TEST-PASS: compile /home/ed/mcsema-testing/SANDBOX/test-2015-12-21_15-36-50/SingleSource/UnitTests/2003-05-26-Shorts
TEST-RESULT-compile-success: pass
TEST-RESULT-compile-hash: 4147d3e408e821a195d51c4fc9b59b41
TEST-RESULT-compile-time: user       0.0239
TEST-RESULT-compile-real-time: real       0.0376

TEST-PASS: exec /home/ed/mcsema-testing/SANDBOX/test-2015-12-21_15-36-50/SingleSource/UnitTests/2003-05-26-Shorts
TEST-RESULT-exec-success: pass
TEST-RESULT-exec-time: user       0.0009
TEST-RESULT-exec-real-time: real       0.0019
---------------------------------------------------------------
>>> ========= '/home/ed/mcsema-testing/SANDBOX/test-2015-12-21_15-36-50/SingleSource/UnitTests/2002-05-02-CastTest' Program
---------------------------------------------------------------

TEST-PASS: compile /home/ed/mcsema-testing/SANDBOX/test-2015-12-21_15-36-50/SingleSource/UnitTests/2002-05-02-CastTest
TEST-RESULT-compile-success: pass
TEST-RESULT-compile-hash: 198c195e4c42f734350290fa5a721f71
TEST-RESULT-compile-time: user       0.0295
TEST-RESULT-compile-real-time: real       0.0446

TEST-PASS: exec /home/ed/mcsema-testing/SANDBOX/test-2015-12-21_15-36-50/SingleSource/UnitTests/2002-05-02-CastTest
TEST-RESULT-exec-success: pass
TEST-RESULT-exec-time: user       0.0008
TEST-RESULT-exec-real-time: real       0.0017
---------------------------------------------------------------
>>> ========= '/home/ed/mcsema-testing/SANDBOX/test-2015-12-21_15-36-50/SingleSource/UnitTests/2005-05-13-SDivTwo' Program
---------------------------------------------------------------

TEST-PASS: compile /home/ed/mcsema-testing/SANDBOX/test-2015-12-21_15-36-50/SingleSource/UnitTests/2005-05-13-SDivTwo
TEST-RESULT-compile-success: pass
TEST-RESULT-compile-hash: ee8f69fe181bd38135b6d135ecf493f1
TEST-RESULT-compile-time: user       0.0217
TEST-RESULT-compile-real-time: real       0.0353

TEST-PASS: exec /home/ed/mcsema-testing/SANDBOX/test-2015-12-21_15-36-50/SingleSource/UnitTests/2005-05-13-SDivTwo
TEST-RESULT-exec-success: pass
TEST-RESULT-exec-time: user       0.0008
TEST-RESULT-exec-real-time: real       0.0016
---------------------------------------------------------------
>>> ========= '/home/ed/mcsema-testing/SANDBOX/test-2015-12-21_15-36-50/SingleSource/UnitTests/block-copied-in-cxxobj' Program
---------------------------------------------------------------

TEST-PASS: compile /home/ed/mcsema-testing/SANDBOX/test-2015-12-21_15-36-50/SingleSource/UnitTests/block-copied-in-cxxobj
TEST-RESULT-compile-success: pass
TEST-RESULT-compile-hash: 7f7cd53e307b71517ab835b279337d8e
TEST-RESULT-compile-time: user       0.0156
TEST-RESULT-compile-real-time: real       0.0280

TEST-PASS: exec /home/ed/mcsema-testing/SANDBOX/test-2015-12-21_15-36-50/SingleSource/UnitTests/block-copied-in-cxxobj
TEST-RESULT-exec-success: pass
TEST-RESULT-exec-time: user       0.0008
TEST-RESULT-exec-real-time: real       0.0017
---------------------------------------------------------------
>>> ========= '/home/ed/mcsema-testing/SANDBOX/test-2015-12-21_15-36-50/SingleSource/UnitTests/2003-07-08-BitOpsTest' Program
---------------------------------------------------------------

TEST-PASS: compile /home/ed/mcsema-testing/SANDBOX/test-2015-12-21_15-36-50/SingleSource/UnitTests/2003-07-08-BitOpsTest
TEST-RESULT-compile-success: pass
TEST-RESULT-compile-hash: 77ef587d85da7e5543ec47fa4191eda5
TEST-RESULT-compile-time: user       0.0215
TEST-RESULT-compile-real-time: real       0.0346

TEST-PASS: exec /home/ed/mcsema-testing/SANDBOX/test-2015-12-21_15-36-50/SingleSource/UnitTests/2003-07-08-BitOpsTest
TEST-RESULT-exec-success: pass
TEST-RESULT-exec-time: user       0.0008
TEST-RESULT-exec-real-time: real       0.0016
---------------------------------------------------------------
>>> ========= '/home/ed/mcsema-testing/SANDBOX/test-2015-12-21_15-36-50/SingleSource/UnitTests/2003-07-06-IntOverflow' Program
---------------------------------------------------------------

TEST-PASS: compile /home/ed/mcsema-testing/SANDBOX/test-2015-12-21_15-36-50/SingleSource/UnitTests/2003-07-06-IntOverflow
TEST-RESULT-compile-success: pass
TEST-RESULT-compile-hash: 73b9754c85671ad4852fd156295c0c1d
TEST-RESULT-compile-time: user       0.0242
TEST-RESULT-compile-real-time: real       0.0379

TEST-PASS: exec /home/ed/mcsema-testing/SANDBOX/test-2015-12-21_15-36-50/SingleSource/UnitTests/2003-07-06-IntOverflow
TEST-RESULT-exec-success: pass
TEST-RESULT-exec-time: user       0.0008
TEST-RESULT-exec-real-time: real       0.0017
---------------------------------------------------------------
>>> ========= '/home/ed/mcsema-testing/SANDBOX/test-2015-12-21_15-36-50/SingleSource/UnitTests/2002-12-13-MishaTest' Program
---------------------------------------------------------------

TEST-PASS: compile /home/ed/mcsema-testing/SANDBOX/test-2015-12-21_15-36-50/SingleSource/UnitTests/2002-12-13-MishaTest
TEST-RESULT-compile-success: pass
TEST-RESULT-compile-hash: 971008a80773d14b532906e6b2dc15b5
TEST-RESULT-compile-time: user       0.0236
TEST-RESULT-compile-real-time: real       0.0378

TEST-PASS: exec /home/ed/mcsema-testing/SANDBOX/test-2015-12-21_15-36-50/SingleSource/UnitTests/2002-12-13-MishaTest
TEST-RESULT-exec-success: pass
TEST-RESULT-exec-time: user       0.0008
TEST-RESULT-exec-real-time: real       0.0016
---------------------------------------------------------------
>>> ========= '/home/ed/mcsema-testing/SANDBOX/test-2015-12-21_15-36-50/SingleSource/UnitTests/2002-05-03-NotTest' Program
---------------------------------------------------------------

TEST-PASS: compile /home/ed/mcsema-testing/SANDBOX/test-2015-12-21_15-36-50/SingleSource/UnitTests/2002-05-03-NotTest
TEST-RESULT-compile-success: pass
TEST-RESULT-compile-hash: 20506f35449a585fa1386eb2d2c74a27
TEST-RESULT-compile-time: user       0.0223
TEST-RESULT-compile-real-time: real       0.0354

TEST-PASS: exec /home/ed/mcsema-testing/SANDBOX/test-2015-12-21_15-36-50/SingleSource/UnitTests/2002-05-03-NotTest
TEST-RESULT-exec-success: pass
TEST-RESULT-exec-time: user       0.0008
TEST-RESULT-exec-real-time: real       0.0018
---------------------------------------------------------------
>>> ========= '/home/ed/mcsema-testing/SANDBOX/test-2015-12-21_15-36-50/SingleSource/UnitTests/2006-12-01-float_varg' Program
---------------------------------------------------------------

TEST-PASS: compile /home/ed/mcsema-testing/SANDBOX/test-2015-12-21_15-36-50/SingleSource/UnitTests/2006-12-01-float_varg
TEST-RESULT-compile-success: pass
TEST-RESULT-compile-hash: ca9b9143533075fb7b933c65d6a6dfc8
TEST-RESULT-compile-time: user       0.0203
TEST-RESULT-compile-real-time: real       0.0329

TEST-PASS: exec /home/ed/mcsema-testing/SANDBOX/test-2015-12-21_15-36-50/SingleSource/UnitTests/2006-12-01-float_varg
TEST-RESULT-exec-success: pass
TEST-RESULT-exec-time: user       0.0009
TEST-RESULT-exec-real-time: real       0.0017
---------------------------------------------------------------
>>> ========= '/home/ed/mcsema-testing/SANDBOX/test-2015-12-21_15-36-50/SingleSource/UnitTests/2003-07-09-LoadShorts' Program
---------------------------------------------------------------

TEST-PASS: compile /home/ed/mcsema-testing/SANDBOX/test-2015-12-21_15-36-50/SingleSource/UnitTests/2003-07-09-LoadShorts
TEST-RESULT-compile-success: pass
TEST-RESULT-compile-hash: 43023338e7e3b66f2aed7337b90ae75f
TEST-RESULT-compile-time: user       0.0279
TEST-RESULT-compile-real-time: real       0.0427

TEST-PASS: exec /home/ed/mcsema-testing/SANDBOX/test-2015-12-21_15-36-50/SingleSource/UnitTests/2003-07-09-LoadShorts
TEST-RESULT-exec-success: pass
TEST-RESULT-exec-time: user       0.0008
TEST-RESULT-exec-real-time: real       0.0017
---------------------------------------------------------------
>>> ========= '/home/ed/mcsema-testing/SANDBOX/test-2015-12-21_15-36-50/SingleSource/UnitTests/2003-05-31-LongShifts' Program
---------------------------------------------------------------

TEST-PASS: compile /home/ed/mcsema-testing/SANDBOX/test-2015-12-21_15-36-50/SingleSource/UnitTests/2003-05-31-LongShifts
TEST-RESULT-compile-success: pass
TEST-RESULT-compile-hash: 3b883c4d9494fb59a5967da443ab8b05
TEST-RESULT-compile-time: user       0.0199
TEST-RESULT-compile-real-time: real       0.0333

TEST-PASS: exec /home/ed/mcsema-testing/SANDBOX/test-2015-12-21_15-36-50/SingleSource/UnitTests/2003-05-31-LongShifts
TEST-RESULT-exec-success: pass
TEST-RESULT-exec-time: user       0.0009
TEST-RESULT-exec-real-time: real       0.0019
---------------------------------------------------------------
>>> ========= '/home/ed/mcsema-testing/SANDBOX/test-2015-12-21_15-36-50/SingleSource/UnitTests/2002-08-02-CastTest' Program
---------------------------------------------------------------

TEST-PASS: compile /home/ed/mcsema-testing/SANDBOX/test-2015-12-21_15-36-50/SingleSource/UnitTests/2002-08-02-CastTest
TEST-RESULT-compile-success: pass
TEST-RESULT-compile-hash: 5384adc317e82fe8cdf6bed85511b137
TEST-RESULT-compile-time: user       0.0208
TEST-RESULT-compile-real-time: real       0.0339

TEST-PASS: exec /home/ed/mcsema-testing/SANDBOX/test-2015-12-21_15-36-50/SingleSource/UnitTests/2002-08-02-CastTest
TEST-RESULT-exec-success: pass
TEST-RESULT-exec-time: user       0.0009
TEST-RESULT-exec-real-time: real       0.0018
---------------------------------------------------------------
>>> ========= '/home/ed/mcsema-testing/SANDBOX/test-2015-12-21_15-36-50/SingleSource/UnitTests/2005-11-29-LongSwitch' Program
---------------------------------------------------------------

TEST-PASS: compile /home/ed/mcsema-testing/SANDBOX/test-2015-12-21_15-36-50/SingleSource/UnitTests/2005-11-29-LongSwitch
TEST-RESULT-compile-success: pass
TEST-RESULT-compile-hash: 1dc3f58192e9dd62538f2963a344cd24
TEST-RESULT-compile-time: user       0.0214
TEST-RESULT-compile-real-time: real       0.0348

TEST-PASS: exec /home/ed/mcsema-testing/SANDBOX/test-2015-12-21_15-36-50/SingleSource/UnitTests/2005-11-29-LongSwitch
TEST-RESULT-exec-success: pass
TEST-RESULT-exec-time: user       0.0008
TEST-RESULT-exec-real-time: real       0.0016
---------------------------------------------------------------
>>> ========= '/home/ed/mcsema-testing/SANDBOX/test-2015-12-21_15-36-50/SingleSource/UnitTests/2003-05-07-VarArgs' Program
---------------------------------------------------------------

TEST-PASS: compile /home/ed/mcsema-testing/SANDBOX/test-2015-12-21_15-36-50/SingleSource/UnitTests/2003-05-07-VarArgs
TEST-RESULT-compile-success: pass
TEST-RESULT-compile-hash: aa0285039b4fdf935f60f5ae1b3a19c1
TEST-RESULT-compile-time: user       0.0318
TEST-RESULT-compile-real-time: real       0.0467

TEST-PASS: exec /home/ed/mcsema-testing/SANDBOX/test-2015-12-21_15-36-50/SingleSource/UnitTests/2003-05-07-VarArgs
TEST-RESULT-exec-success: pass
TEST-RESULT-exec-time: user       0.0009
TEST-RESULT-exec-real-time: real       0.0017
---------------------------------------------------------------
>>> ========= '/home/ed/mcsema-testing/SANDBOX/test-2015-12-21_15-36-50/SingleSource/UnitTests/2002-05-19-DivTest' Program
---------------------------------------------------------------

TEST-PASS: compile /home/ed/mcsema-testing/SANDBOX/test-2015-12-21_15-36-50/SingleSource/UnitTests/2002-05-19-DivTest
TEST-RESULT-compile-success: pass
TEST-RESULT-compile-hash: 3467415061217c8d7d61f83375986dd0
TEST-RESULT-compile-time: user       0.0200
TEST-RESULT-compile-real-time: real       0.0330

TEST-PASS: exec /home/ed/mcsema-testing/SANDBOX/test-2015-12-21_15-36-50/SingleSource/UnitTests/2002-05-19-DivTest
TEST-RESULT-exec-success: pass
TEST-RESULT-exec-time: user       0.0008
TEST-RESULT-exec-real-time: real       0.0016
---------------------------------------------------------------
>>> ========= '/home/ed/mcsema-testing/SANDBOX/test-2015-12-21_15-36-50/SingleSource/UnitTests/2003-04-22-Switch' Program
---------------------------------------------------------------

TEST-PASS: compile /home/ed/mcsema-testing/SANDBOX/test-2015-12-21_15-36-50/SingleSource/UnitTests/2003-04-22-Switch
TEST-RESULT-compile-success: pass
TEST-RESULT-compile-hash: 91f875838e36b7ea47ed6efd2af159bf
TEST-RESULT-compile-time: user       0.0227
TEST-RESULT-compile-real-time: real       0.0362

TEST-PASS: exec /home/ed/mcsema-testing/SANDBOX/test-2015-12-21_15-36-50/SingleSource/UnitTests/2003-04-22-Switch
TEST-RESULT-exec-success: pass
TEST-RESULT-exec-time: user       0.0008
TEST-RESULT-exec-real-time: real       0.0017
---------------------------------------------------------------
>>> ========= '/home/ed/mcsema-testing/SANDBOX/test-2015-12-21_15-36-50/SingleSource/UnitTests/2006-12-04-DynAllocAndRestore' Program
---------------------------------------------------------------

TEST-PASS: compile /home/ed/mcsema-testing/SANDBOX/test-2015-12-21_15-36-50/SingleSource/UnitTests/2006-12-04-DynAllocAndRestore
TEST-RESULT-compile-success: pass
TEST-RESULT-compile-hash: 7f7cd53e307b71517ab835b279337d8e
TEST-RESULT-compile-time: user       0.0187
TEST-RESULT-compile-real-time: real       0.0423

TEST-PASS: exec /home/ed/mcsema-testing/SANDBOX/test-2015-12-21_15-36-50/SingleSource/UnitTests/2006-12-04-DynAllocAndRestore
TEST-RESULT-exec-success: pass
TEST-RESULT-exec-time: user       0.0008
TEST-RESULT-exec-real-time: real       0.0016
---------------------------------------------------------------
>>> ========= '/home/ed/mcsema-testing/SANDBOX/test-2015-12-21_15-36-50/SingleSource/UnitTests/2007-04-25-weak' Program
---------------------------------------------------------------

TEST-PASS: compile /home/ed/mcsema-testing/SANDBOX/test-2015-12-21_15-36-50/SingleSource/UnitTests/2007-04-25-weak
TEST-RESULT-compile-success: pass
TEST-RESULT-compile-hash: 46975ae8e88c000b199207d55911e74a
TEST-RESULT-compile-time: user       0.0166
TEST-RESULT-compile-real-time: real       0.0328

TEST-PASS: exec /home/ed/mcsema-testing/SANDBOX/test-2015-12-21_15-36-50/SingleSource/UnitTests/2007-04-25-weak
TEST-RESULT-exec-success: pass
TEST-RESULT-exec-time: user       0.0008
TEST-RESULT-exec-real-time: real       0.0016
---------------------------------------------------------------
>>> ========= '/home/ed/mcsema-testing/SANDBOX/test-2015-12-21_15-36-50/SingleSource/UnitTests/conditional-gnu-ext-cxx' Program
---------------------------------------------------------------

TEST-PASS: compile /home/ed/mcsema-testing/SANDBOX/test-2015-12-21_15-36-50/SingleSource/UnitTests/conditional-gnu-ext-cxx
TEST-RESULT-compile-success: pass
TEST-RESULT-compile-hash: 5f0d1df9d3953ed93af6cd42f1767c25
TEST-RESULT-compile-time: user       0.0201
TEST-RESULT-compile-real-time: real       0.0335

TEST-PASS: exec /home/ed/mcsema-testing/SANDBOX/test-2015-12-21_15-36-50/SingleSource/UnitTests/conditional-gnu-ext-cxx
TEST-RESULT-exec-success: pass
TEST-RESULT-exec-time: user       0.0008
TEST-RESULT-exec-real-time: real       0.0016
---------------------------------------------------------------
>>> ========= '/home/ed/mcsema-testing/SANDBOX/test-2015-12-21_15-36-50/SingleSource/UnitTests/2002-10-09-ArrayResolution' Program
---------------------------------------------------------------

TEST-PASS: compile /home/ed/mcsema-testing/SANDBOX/test-2015-12-21_15-36-50/SingleSource/UnitTests/2002-10-09-ArrayResolution
TEST-RESULT-compile-success: pass
TEST-RESULT-compile-hash: cf8ca91304a76da11c0bd97ee0f69529
TEST-RESULT-compile-time: user       0.0224
TEST-RESULT-compile-real-time: real       0.0359

TEST-PASS: exec /home/ed/mcsema-testing/SANDBOX/test-2015-12-21_15-36-50/SingleSource/UnitTests/2002-10-09-ArrayResolution
TEST-RESULT-exec-success: pass
TEST-RESULT-exec-time: user       0.0008
TEST-RESULT-exec-real-time: real       0.0017
---------------------------------------------------------------
>>> ========= '/home/ed/mcsema-testing/SANDBOX/test-2015-12-21_15-36-50/SingleSource/UnitTests/initp1' Program
---------------------------------------------------------------

TEST-PASS: compile /home/ed/mcsema-testing/SANDBOX/test-2015-12-21_15-36-50/SingleSource/UnitTests/initp1
TEST-RESULT-compile-success: pass
TEST-RESULT-compile-hash: bf5d92fe2e91736c524ed66d183d687a
TEST-RESULT-compile-time: user       0.0421
TEST-RESULT-compile-real-time: real       0.0580

TEST-PASS: exec /home/ed/mcsema-testing/SANDBOX/test-2015-12-21_15-36-50/SingleSource/UnitTests/initp1
TEST-RESULT-exec-success: pass
TEST-RESULT-exec-time: user       0.0008
TEST-RESULT-exec-real-time: real       0.0017
---------------------------------------------------------------
>>> ========= '/home/ed/mcsema-testing/SANDBOX/test-2015-12-21_15-36-50/SingleSource/UnitTests/2005-05-12-Int64ToFP' Program
---------------------------------------------------------------

TEST-PASS: compile /home/ed/mcsema-testing/SANDBOX/test-2015-12-21_15-36-50/SingleSource/UnitTests/2005-05-12-Int64ToFP
TEST-RESULT-compile-success: pass
TEST-RESULT-compile-hash: ff7f8d6d72e645a7068d2edff405152e
TEST-RESULT-compile-time: user       0.0217
TEST-RESULT-compile-real-time: real       0.0353

TEST-PASS: exec /home/ed/mcsema-testing/SANDBOX/test-2015-12-21_15-36-50/SingleSource/UnitTests/2005-05-12-Int64ToFP
TEST-RESULT-exec-success: pass
TEST-RESULT-exec-time: user       0.0009
TEST-RESULT-exec-real-time: real       0.0017
---------------------------------------------------------------
>>> ========= '/home/ed/mcsema-testing/SANDBOX/test-2015-12-21_15-36-50/SingleSource/UnitTests/Vector/simple' Program
---------------------------------------------------------------

TEST-PASS: compile /home/ed/mcsema-testing/SANDBOX/test-2015-12-21_15-36-50/SingleSource/UnitTests/Vector/simple
TEST-RESULT-compile-success: pass
TEST-RESULT-compile-hash: f8169ebeeb41bbf5401bb2d6515cf3d8
TEST-RESULT-compile-time: user       0.0262
TEST-RESULT-compile-real-time: real       0.0416

TEST-PASS: exec /home/ed/mcsema-testing/SANDBOX/test-2015-12-21_15-36-50/SingleSource/UnitTests/Vector/simple
TEST-RESULT-exec-success: pass
TEST-RESULT-exec-time: user       0.0009
TEST-RESULT-exec-real-time: real       0.0019
---------------------------------------------------------------
>>> ========= '/home/ed/mcsema-testing/SANDBOX/test-2015-12-21_15-36-50/SingleSource/UnitTests/Vector/multiplies' Program
---------------------------------------------------------------

TEST-PASS: compile /home/ed/mcsema-testing/SANDBOX/test-2015-12-21_15-36-50/SingleSource/UnitTests/Vector/multiplies
TEST-RESULT-compile-success: pass
TEST-RESULT-compile-hash: 78511cc8a2b379f05e290635623eb1a0
TEST-RESULT-compile-time: user       0.0309
TEST-RESULT-compile-real-time: real       0.0450

TEST-PASS: exec /home/ed/mcsema-testing/SANDBOX/test-2015-12-21_15-36-50/SingleSource/UnitTests/Vector/multiplies
TEST-RESULT-exec-success: pass
TEST-RESULT-exec-time: user       1.1410
TEST-RESULT-exec-real-time: real       1.1446
---------------------------------------------------------------
>>> ========= '/home/ed/mcsema-testing/SANDBOX/test-2015-12-21_15-36-50/SingleSource/UnitTests/Vector/sumarray' Program
---------------------------------------------------------------

TEST-PASS: compile /home/ed/mcsema-testing/SANDBOX/test-2015-12-21_15-36-50/SingleSource/UnitTests/Vector/sumarray
TEST-RESULT-compile-success: pass
TEST-RESULT-compile-hash: b6a588e0881c521375bb107502a8d64a
TEST-RESULT-compile-time: user       0.0251
TEST-RESULT-compile-real-time: real       0.0432

TEST-PASS: exec /home/ed/mcsema-testing/SANDBOX/test-2015-12-21_15-36-50/SingleSource/UnitTests/Vector/sumarray
TEST-RESULT-exec-success: pass
TEST-RESULT-exec-time: user       0.0009
TEST-RESULT-exec-real-time: real       0.0020
---------------------------------------------------------------
>>> ========= '/home/ed/mcsema-testing/SANDBOX/test-2015-12-21_15-36-50/SingleSource/UnitTests/Vector/divides' Program
---------------------------------------------------------------

TEST-PASS: compile /home/ed/mcsema-testing/SANDBOX/test-2015-12-21_15-36-50/SingleSource/UnitTests/Vector/divides
TEST-RESULT-compile-success: pass
TEST-RESULT-compile-hash: 7ad174db2a4bdd5774f9487002dacb27
TEST-RESULT-compile-time: user       0.0227
TEST-RESULT-compile-real-time: real       0.0364

TEST-PASS: exec /home/ed/mcsema-testing/SANDBOX/test-2015-12-21_15-36-50/SingleSource/UnitTests/Vector/divides
TEST-RESULT-exec-success: pass
TEST-RESULT-exec-time: user       0.0009
TEST-RESULT-exec-real-time: real       0.0018
---------------------------------------------------------------
>>> ========= '/home/ed/mcsema-testing/SANDBOX/test-2015-12-21_15-36-50/SingleSource/UnitTests/Vector/sumarray-dbl' Program
---------------------------------------------------------------

TEST-PASS: compile /home/ed/mcsema-testing/SANDBOX/test-2015-12-21_15-36-50/SingleSource/UnitTests/Vector/sumarray-dbl
TEST-RESULT-compile-success: pass
TEST-RESULT-compile-hash: 5c8aacd6ad4b374ffc9fa38dbd88b493
TEST-RESULT-compile-time: user       0.0246
TEST-RESULT-compile-real-time: real       0.0390

TEST-PASS: exec /home/ed/mcsema-testing/SANDBOX/test-2015-12-21_15-36-50/SingleSource/UnitTests/Vector/sumarray-dbl
TEST-RESULT-exec-success: pass
TEST-RESULT-exec-time: user       0.0009
TEST-RESULT-exec-real-time: real       0.0020
---------------------------------------------------------------
>>> ========= '/home/ed/mcsema-testing/SANDBOX/test-2015-12-21_15-36-50/SingleSource/UnitTests/Vector/build2' Program
---------------------------------------------------------------

TEST-PASS: compile /home/ed/mcsema-testing/SANDBOX/test-2015-12-21_15-36-50/SingleSource/UnitTests/Vector/build2
TEST-RESULT-compile-success: pass
TEST-RESULT-compile-hash: 5596eeb5a4818e6211d4e3e1e7e6e667
TEST-RESULT-compile-time: user       0.0321
TEST-RESULT-compile-real-time: real       0.0477

TEST-PASS: exec /home/ed/mcsema-testing/SANDBOX/test-2015-12-21_15-36-50/SingleSource/UnitTests/Vector/build2
TEST-RESULT-exec-success: pass
TEST-RESULT-exec-time: user       1.0154
TEST-RESULT-exec-real-time: real       1.0182
---------------------------------------------------------------
>>> ========= '/home/ed/mcsema-testing/SANDBOX/test-2015-12-21_15-36-50/SingleSource/UnitTests/Vector/build' Program
---------------------------------------------------------------

TEST-PASS: compile /home/ed/mcsema-testing/SANDBOX/test-2015-12-21_15-36-50/SingleSource/UnitTests/Vector/build
TEST-RESULT-compile-success: pass
TEST-RESULT-compile-hash: 515b9b766ed4832a0d326fb2938ea933
TEST-RESULT-compile-time: user       0.0235
TEST-RESULT-compile-real-time: real       0.0373

TEST-PASS: exec /home/ed/mcsema-testing/SANDBOX/test-2015-12-21_15-36-50/SingleSource/UnitTests/Vector/build
TEST-RESULT-exec-success: pass
TEST-RESULT-exec-time: user       0.0009
TEST-RESULT-exec-real-time: real       0.0019
---------------------------------------------------------------
>>> ========= '/home/ed/mcsema-testing/SANDBOX/test-2015-12-21_15-36-50/SingleSource/UnitTests/Vector/SSE/sse.stepfft' Program
---------------------------------------------------------------

TEST-PASS: compile /home/ed/mcsema-testing/SANDBOX/test-2015-12-21_15-36-50/SingleSource/UnitTests/Vector/SSE/sse.stepfft
TEST-RESULT-compile-success: pass
TEST-RESULT-compile-hash: 4066aee356e04bfc2fb0ab11dfbfceb6
TEST-RESULT-compile-time: user       0.0832
TEST-RESULT-compile-real-time: real       0.1020

TEST-PASS: exec /home/ed/mcsema-testing/SANDBOX/test-2015-12-21_15-36-50/SingleSource/UnitTests/Vector/SSE/sse.stepfft
TEST-RESULT-exec-success: pass
TEST-RESULT-exec-time: user       0.3392
TEST-RESULT-exec-real-time: real       0.3410
---------------------------------------------------------------
>>> ========= '/home/ed/mcsema-testing/SANDBOX/test-2015-12-21_15-36-50/SingleSource/UnitTests/Vector/SSE/sse.shift' Program
---------------------------------------------------------------

TEST-PASS: compile /home/ed/mcsema-testing/SANDBOX/test-2015-12-21_15-36-50/SingleSource/UnitTests/Vector/SSE/sse.shift
TEST-RESULT-compile-success: pass
TEST-RESULT-compile-hash: 7dd0b5be86086c5bddb58c1ea2c5b5b0
TEST-RESULT-compile-time: user       0.0444
TEST-RESULT-compile-real-time: real       0.0597

TEST-PASS: exec /home/ed/mcsema-testing/SANDBOX/test-2015-12-21_15-36-50/SingleSource/UnitTests/Vector/SSE/sse.shift
TEST-RESULT-exec-success: pass
TEST-RESULT-exec-time: user       0.0008
TEST-RESULT-exec-real-time: real       0.0018
---------------------------------------------------------------
>>> ========= '/home/ed/mcsema-testing/SANDBOX/test-2015-12-21_15-36-50/SingleSource/UnitTests/Vector/SSE/sse.expandfft' Program
---------------------------------------------------------------

TEST-PASS: compile /home/ed/mcsema-testing/SANDBOX/test-2015-12-21_15-36-50/SingleSource/UnitTests/Vector/SSE/sse.expandfft
TEST-RESULT-compile-success: pass
TEST-RESULT-compile-hash: 325371f2b205e1f151fc7ae363148b4c
TEST-RESULT-compile-time: user       0.0937
TEST-RESULT-compile-real-time: real       0.1542

TEST-PASS: exec /home/ed/mcsema-testing/SANDBOX/test-2015-12-21_15-36-50/SingleSource/UnitTests/Vector/SSE/sse.expandfft
TEST-RESULT-exec-success: pass
TEST-RESULT-exec-time: user       0.2551
TEST-RESULT-exec-real-time: real       0.2565
---------------------------------------------------------------
>>> ========= '/home/ed/mcsema-testing/SANDBOX/test-2015-12-21_15-36-50/SingleSource/UnitTests/Vector/SSE/sse.isamax' Program
---------------------------------------------------------------

TEST-PASS: compile /home/ed/mcsema-testing/SANDBOX/test-2015-12-21_15-36-50/SingleSource/UnitTests/Vector/SSE/sse.isamax
TEST-RESULT-compile-success: pass
TEST-RESULT-compile-hash: 9b171e627481e5ed8c3ced2cf4c70d19
TEST-RESULT-compile-time: user       0.0747
TEST-RESULT-compile-real-time: real       0.1197

TEST-PASS: exec /home/ed/mcsema-testing/SANDBOX/test-2015-12-21_15-36-50/SingleSource/UnitTests/Vector/SSE/sse.isamax
TEST-RESULT-exec-success: pass
TEST-RESULT-exec-time: user       0.0008
TEST-RESULT-exec-real-time: real       0.0017
---------------------------------------------------------------
>>> ========= '/home/ed/mcsema-testing/SANDBOX/test-2015-12-21_15-36-50/SingleSource/UnitTests/Vectorizer/gcc-loops' Program
---------------------------------------------------------------

TEST-PASS: compile /home/ed/mcsema-testing/SANDBOX/test-2015-12-21_15-36-50/SingleSource/UnitTests/Vectorizer/gcc-loops
TEST-RESULT-compile-success: pass
TEST-RESULT-compile-hash: f4d7b5e66c550e1cf5b52e63cebe842d
TEST-RESULT-compile-time: user       0.3498
TEST-RESULT-compile-real-time: real       0.3939

TEST-PASS: exec /home/ed/mcsema-testing/SANDBOX/test-2015-12-21_15-36-50/SingleSource/UnitTests/Vectorizer/gcc-loops
TEST-RESULT-exec-success: pass
TEST-RESULT-exec-time: user       2.6907
TEST-RESULT-exec-real-time: real       2.6963
---------------------------------------------------------------
>>> ========= '/home/ed/mcsema-testing/SANDBOX/test-2015-12-21_15-36-50/SingleSource/UnitTests/Threads/2010-12-08-tls' Program
---------------------------------------------------------------

TEST-PASS: compile /home/ed/mcsema-testing/SANDBOX/test-2015-12-21_15-36-50/SingleSource/UnitTests/Threads/2010-12-08-tls
TEST-RESULT-compile-success: pass
TEST-RESULT-compile-hash: 2a6242b6951bbb2dfb91cdc35b92ed7b
TEST-RESULT-compile-time: user       0.0211
TEST-RESULT-compile-real-time: real       0.0359

TEST-PASS: exec /home/ed/mcsema-testing/SANDBOX/test-2015-12-21_15-36-50/SingleSource/UnitTests/Threads/2010-12-08-tls
TEST-RESULT-exec-success: pass
TEST-RESULT-exec-time: user       0.0009
TEST-RESULT-exec-real-time: real       0.0019
---------------------------------------------------------------
>>> ========= '/home/ed/mcsema-testing/SANDBOX/test-2015-12-21_15-36-50/SingleSource/UnitTests/Threads/tls' Program
---------------------------------------------------------------

TEST-PASS: compile /home/ed/mcsema-testing/SANDBOX/test-2015-12-21_15-36-50/SingleSource/UnitTests/Threads/tls
TEST-RESULT-compile-success: pass
TEST-RESULT-compile-hash: e05e39adf60155c8a5dae4bcfaa14d4f
TEST-RESULT-compile-time: user       0.0273
TEST-RESULT-compile-real-time: real       0.0440

TEST-PASS: exec /home/ed/mcsema-testing/SANDBOX/test-2015-12-21_15-36-50/SingleSource/UnitTests/Threads/tls
TEST-RESULT-exec-success: pass
TEST-RESULT-exec-time: user       0.0010
TEST-RESULT-exec-real-time: real       0.0022
---------------------------------------------------------------
>>> ========= '/home/ed/mcsema-testing/SANDBOX/test-2015-12-21_15-36-50/SingleSource/UnitTests/SignlessTypes/cast2' Program
---------------------------------------------------------------

TEST-PASS: compile /home/ed/mcsema-testing/SANDBOX/test-2015-12-21_15-36-50/SingleSource/UnitTests/SignlessTypes/cast2
TEST-RESULT-compile-success: pass
TEST-RESULT-compile-hash: f7b63560ce768f29100a57ed74366d9f
TEST-RESULT-compile-time: user       0.0227
TEST-RESULT-compile-real-time: real       0.0360

TEST-PASS: exec /home/ed/mcsema-testing/SANDBOX/test-2015-12-21_15-36-50/SingleSource/UnitTests/SignlessTypes/cast2
TEST-RESULT-exec-success: pass
TEST-RESULT-exec-time: user       0.0008
TEST-RESULT-exec-real-time: real       0.0016
---------------------------------------------------------------
>>> ========= '/home/ed/mcsema-testing/SANDBOX/test-2015-12-21_15-36-50/SingleSource/UnitTests/SignlessTypes/ccc' Program
---------------------------------------------------------------

TEST-PASS: compile /home/ed/mcsema-testing/SANDBOX/test-2015-12-21_15-36-50/SingleSource/UnitTests/SignlessTypes/ccc
TEST-RESULT-compile-success: pass
TEST-RESULT-compile-hash: a1298c5a85d84e827cb7b1c8f7f89d3c
TEST-RESULT-compile-time: user       0.0290
TEST-RESULT-compile-real-time: real       0.0441

TEST-PASS: exec /home/ed/mcsema-testing/SANDBOX/test-2015-12-21_15-36-50/SingleSource/UnitTests/SignlessTypes/ccc
TEST-RESULT-exec-success: pass
TEST-RESULT-exec-time: user       0.0009
TEST-RESULT-exec-real-time: real       0.0019
---------------------------------------------------------------
>>> ========= '/home/ed/mcsema-testing/SANDBOX/test-2015-12-21_15-36-50/SingleSource/UnitTests/SignlessTypes/cast-bug' Program
---------------------------------------------------------------

TEST-PASS: compile /home/ed/mcsema-testing/SANDBOX/test-2015-12-21_15-36-50/SingleSource/UnitTests/SignlessTypes/cast-bug
TEST-RESULT-compile-success: pass
TEST-RESULT-compile-hash: 03accae06b85ee6405a5aab1d1c8b8a1
TEST-RESULT-compile-time: user       0.0175
TEST-RESULT-compile-real-time: real       0.0296

TEST-PASS: exec /home/ed/mcsema-testing/SANDBOX/test-2015-12-21_15-36-50/SingleSource/UnitTests/SignlessTypes/cast-bug
TEST-RESULT-exec-success: pass
TEST-RESULT-exec-time: user       0.0008
TEST-RESULT-exec-real-time: real       0.0016
---------------------------------------------------------------
>>> ========= '/home/ed/mcsema-testing/SANDBOX/test-2015-12-21_15-36-50/SingleSource/UnitTests/SignlessTypes/factor' Program
---------------------------------------------------------------

TEST-PASS: compile /home/ed/mcsema-testing/SANDBOX/test-2015-12-21_15-36-50/SingleSource/UnitTests/SignlessTypes/factor
TEST-RESULT-compile-success: pass
TEST-RESULT-compile-hash: a2f291d635b5ed16d2b99814becb9d30
TEST-RESULT-compile-time: user       0.0328
TEST-RESULT-compile-real-time: real       0.0475

TEST-PASS: exec /home/ed/mcsema-testing/SANDBOX/test-2015-12-21_15-36-50/SingleSource/UnitTests/SignlessTypes/factor
TEST-RESULT-exec-success: pass
TEST-RESULT-exec-time: user       0.0008
TEST-RESULT-exec-real-time: real       0.0018
---------------------------------------------------------------
>>> ========= '/home/ed/mcsema-testing/SANDBOX/test-2015-12-21_15-36-50/SingleSource/UnitTests/SignlessTypes/div' Program
---------------------------------------------------------------

TEST-PASS: compile /home/ed/mcsema-testing/SANDBOX/test-2015-12-21_15-36-50/SingleSource/UnitTests/SignlessTypes/div
TEST-RESULT-compile-success: pass
TEST-RESULT-compile-hash: a7d4d2fc71f4976b2f4ea2695f188cea
TEST-RESULT-compile-time: user       0.0294
TEST-RESULT-compile-real-time: real       0.0431

TEST-PASS: exec /home/ed/mcsema-testing/SANDBOX/test-2015-12-21_15-36-50/SingleSource/UnitTests/SignlessTypes/div
TEST-RESULT-exec-success: pass
TEST-RESULT-exec-time: user       0.0009
TEST-RESULT-exec-real-time: real       0.0018
---------------------------------------------------------------
>>> ========= '/home/ed/mcsema-testing/SANDBOX/test-2015-12-21_15-36-50/SingleSource/UnitTests/SignlessTypes/shr' Program
---------------------------------------------------------------

TEST-PASS: compile /home/ed/mcsema-testing/SANDBOX/test-2015-12-21_15-36-50/SingleSource/UnitTests/SignlessTypes/shr
TEST-RESULT-compile-success: pass
TEST-RESULT-compile-hash: deb1151a324354f41b0bae3c0dc9be5b
TEST-RESULT-compile-time: user       0.0295
TEST-RESULT-compile-real-time: real       0.0432

TEST-PASS: exec /home/ed/mcsema-testing/SANDBOX/test-2015-12-21_15-36-50/SingleSource/UnitTests/SignlessTypes/shr
TEST-RESULT-exec-success: pass
TEST-RESULT-exec-time: user       0.0009
TEST-RESULT-exec-real-time: real       0.0017
---------------------------------------------------------------
>>> ========= '/home/ed/mcsema-testing/SANDBOX/test-2015-12-21_15-36-50/SingleSource/UnitTests/SignlessTypes/rem' Program
---------------------------------------------------------------

TEST-PASS: compile /home/ed/mcsema-testing/SANDBOX/test-2015-12-21_15-36-50/SingleSource/UnitTests/SignlessTypes/rem
TEST-RESULT-compile-success: pass
TEST-RESULT-compile-hash: 8fe495f202bca7a0b13e02776a4c7f42
TEST-RESULT-compile-time: user       0.0822
TEST-RESULT-compile-real-time: real       0.0994

TEST-PASS: exec /home/ed/mcsema-testing/SANDBOX/test-2015-12-21_15-36-50/SingleSource/UnitTests/SignlessTypes/rem
TEST-RESULT-exec-success: pass
TEST-RESULT-exec-time: user       0.0014
TEST-RESULT-exec-real-time: real       0.0022
---------------------------------------------------------------
>>> ========= '/home/ed/mcsema-testing/SANDBOX/test-2015-12-21_15-36-50/SingleSource/UnitTests/SignlessTypes/Large/cast' Program
---------------------------------------------------------------

TEST-PASS: compile /home/ed/mcsema-testing/SANDBOX/test-2015-12-21_15-36-50/SingleSource/UnitTests/SignlessTypes/Large/cast
TEST-RESULT-compile-success: pass
TEST-RESULT-compile-hash: 6a6fb94101d336dc1086ce7d6af3eb02
TEST-RESULT-compile-time: user       0.0509
TEST-RESULT-compile-real-time: real       0.0682

TEST-PASS: exec /home/ed/mcsema-testing/SANDBOX/test-2015-12-21_15-36-50/SingleSource/UnitTests/SignlessTypes/Large/cast
TEST-RESULT-exec-success: pass
TEST-RESULT-exec-time: user       0.0087
TEST-RESULT-exec-real-time: real       0.0114
---------------------------------------------------------------
>>> ========= '/home/ed/mcsema-testing/SANDBOX/test-2015-12-21_15-36-50/SingleSource/Regression/C++/2003-06-13-Crasher' Program
---------------------------------------------------------------

TEST-PASS: compile /home/ed/mcsema-testing/SANDBOX/test-2015-12-21_15-36-50/SingleSource/Regression/C++/2003-06-13-Crasher
TEST-RESULT-compile-success: pass
TEST-RESULT-compile-hash: 29ad544af4347bcb3e861e1d6b964eaf
TEST-RESULT-compile-time: user       0.0166
TEST-RESULT-compile-real-time: real       0.0293

TEST-PASS: exec /home/ed/mcsema-testing/SANDBOX/test-2015-12-21_15-36-50/SingleSource/Regression/C++/2003-06-13-Crasher
TEST-RESULT-exec-success: pass
TEST-RESULT-exec-time: user       0.0008
TEST-RESULT-exec-real-time: real       0.0016
---------------------------------------------------------------
>>> ========= '/home/ed/mcsema-testing/SANDBOX/test-2015-12-21_15-36-50/SingleSource/Regression/C++/global_type' Program
---------------------------------------------------------------

TEST-PASS: compile /home/ed/mcsema-testing/SANDBOX/test-2015-12-21_15-36-50/SingleSource/Regression/C++/global_type
TEST-RESULT-compile-success: pass
TEST-RESULT-compile-hash: b351929fe66470a95a5a1285b33158ec
TEST-RESULT-compile-time: user       0.0161
TEST-RESULT-compile-real-time: real       0.0285

TEST-PASS: exec /home/ed/mcsema-testing/SANDBOX/test-2015-12-21_15-36-50/SingleSource/Regression/C++/global_type
TEST-RESULT-exec-success: pass
TEST-RESULT-exec-time: user       0.0009
TEST-RESULT-exec-real-time: real       0.0018
---------------------------------------------------------------
>>> ========= '/home/ed/mcsema-testing/SANDBOX/test-2015-12-21_15-36-50/SingleSource/Regression/C++/global_ctor' Program
---------------------------------------------------------------

TEST-PASS: compile /home/ed/mcsema-testing/SANDBOX/test-2015-12-21_15-36-50/SingleSource/Regression/C++/global_ctor
TEST-RESULT-compile-success: pass
TEST-RESULT-compile-hash: ce3acbd6c7322bb22b703701cb6ef650
TEST-RESULT-compile-time: user       0.0266
TEST-RESULT-compile-real-time: real       0.0412

TEST-PASS: exec /home/ed/mcsema-testing/SANDBOX/test-2015-12-21_15-36-50/SingleSource/Regression/C++/global_ctor
TEST-RESULT-exec-success: pass
TEST-RESULT-exec-time: user       0.0009
TEST-RESULT-exec-real-time: real       0.0019
---------------------------------------------------------------
>>> ========= '/home/ed/mcsema-testing/SANDBOX/test-2015-12-21_15-36-50/SingleSource/Regression/C++/2003-08-20-EnumSizeProblem' Program
---------------------------------------------------------------

TEST-PASS: compile /home/ed/mcsema-testing/SANDBOX/test-2015-12-21_15-36-50/SingleSource/Regression/C++/2003-08-20-EnumSizeProblem
TEST-RESULT-compile-success: pass
TEST-RESULT-compile-hash: af69a0761e10864ba0419a799c96aa3a
TEST-RESULT-compile-time: user       0.0164
TEST-RESULT-compile-real-time: real       0.0283

TEST-PASS: exec /home/ed/mcsema-testing/SANDBOX/test-2015-12-21_15-36-50/SingleSource/Regression/C++/2003-08-20-EnumSizeProblem
TEST-RESULT-exec-success: pass
TEST-RESULT-exec-time: user       0.0009
TEST-RESULT-exec-real-time: real       0.0017
---------------------------------------------------------------
>>> ========= '/home/ed/mcsema-testing/SANDBOX/test-2015-12-21_15-36-50/SingleSource/Regression/C++/pointer_method' Program
---------------------------------------------------------------

TEST-PASS: compile /home/ed/mcsema-testing/SANDBOX/test-2015-12-21_15-36-50/SingleSource/Regression/C++/pointer_method
TEST-RESULT-compile-success: pass
TEST-RESULT-compile-hash: df80a67db8e327c096ec89c7d47cfaad
TEST-RESULT-compile-time: user       0.0242
TEST-RESULT-compile-real-time: real       0.0389

TEST-PASS: exec /home/ed/mcsema-testing/SANDBOX/test-2015-12-21_15-36-50/SingleSource/Regression/C++/pointer_method
TEST-RESULT-exec-success: pass
TEST-RESULT-exec-time: user       0.0008
TEST-RESULT-exec-real-time: real       0.0016
---------------------------------------------------------------
>>> ========= '/home/ed/mcsema-testing/SANDBOX/test-2015-12-21_15-36-50/SingleSource/Regression/C++/pointer_method2' Program
---------------------------------------------------------------

TEST-PASS: compile /home/ed/mcsema-testing/SANDBOX/test-2015-12-21_15-36-50/SingleSource/Regression/C++/pointer_method2
TEST-RESULT-compile-success: pass
TEST-RESULT-compile-hash: 02efb61fee41ec362d0d46186250224b
TEST-RESULT-compile-time: user       0.0280
TEST-RESULT-compile-real-time: real       0.0423

TEST-PASS: exec /home/ed/mcsema-testing/SANDBOX/test-2015-12-21_15-36-50/SingleSource/Regression/C++/pointer_method2
TEST-RESULT-exec-success: pass
TEST-RESULT-exec-time: user       0.0008
TEST-RESULT-exec-real-time: real       0.0017
---------------------------------------------------------------
>>> ========= '/home/ed/mcsema-testing/SANDBOX/test-2015-12-21_15-36-50/SingleSource/Regression/C++/2008-01-29-ParamAliasesReturn' Program
---------------------------------------------------------------

TEST-PASS: compile /home/ed/mcsema-testing/SANDBOX/test-2015-12-21_15-36-50/SingleSource/Regression/C++/2008-01-29-ParamAliasesReturn
TEST-RESULT-compile-success: pass
TEST-RESULT-compile-hash: 44ce4d0e7546c8f58405e68cbe250749
TEST-RESULT-compile-time: user       0.0251
TEST-RESULT-compile-real-time: real       0.0387

TEST-PASS: exec /home/ed/mcsema-testing/SANDBOX/test-2015-12-21_15-36-50/SingleSource/Regression/C++/2008-01-29-ParamAliasesReturn
TEST-RESULT-exec-success: pass
TEST-RESULT-exec-time: user       0.0008
TEST-RESULT-exec-real-time: real       0.0017
---------------------------------------------------------------
>>> ========= '/home/ed/mcsema-testing/SANDBOX/test-2015-12-21_15-36-50/SingleSource/Regression/C++/ofstream_ctor' Program
---------------------------------------------------------------

TEST-PASS: compile /home/ed/mcsema-testing/SANDBOX/test-2015-12-21_15-36-50/SingleSource/Regression/C++/ofstream_ctor
TEST-RESULT-compile-success: pass
TEST-RESULT-compile-hash: 727bf9817a0fda42de1590665e852742
TEST-RESULT-compile-time: user       0.1800
TEST-RESULT-compile-real-time: real       0.5691

TEST-PASS: exec /home/ed/mcsema-testing/SANDBOX/test-2015-12-21_15-36-50/SingleSource/Regression/C++/ofstream_ctor
TEST-RESULT-exec-success: pass
TEST-RESULT-exec-time: user       0.0009
TEST-RESULT-exec-real-time: real       0.0019
---------------------------------------------------------------
>>> ========= '/home/ed/mcsema-testing/SANDBOX/test-2015-12-21_15-36-50/SingleSource/Regression/C++/2003-09-29-NonPODsByValue' Program
---------------------------------------------------------------

TEST-PASS: compile /home/ed/mcsema-testing/SANDBOX/test-2015-12-21_15-36-50/SingleSource/Regression/C++/2003-09-29-NonPODsByValue
TEST-RESULT-compile-success: pass
TEST-RESULT-compile-hash: 3ed160514ceec931607747d120aa344c
TEST-RESULT-compile-time: user       0.0228
TEST-RESULT-compile-real-time: real       0.0366

TEST-PASS: exec /home/ed/mcsema-testing/SANDBOX/test-2015-12-21_15-36-50/SingleSource/Regression/C++/2003-09-29-NonPODsByValue
TEST-RESULT-exec-success: pass
TEST-RESULT-exec-time: user       0.0008
TEST-RESULT-exec-real-time: real       0.0017
---------------------------------------------------------------
>>> ========= '/home/ed/mcsema-testing/SANDBOX/test-2015-12-21_15-36-50/SingleSource/Regression/C++/pointer_member' Program
---------------------------------------------------------------

TEST-PASS: compile /home/ed/mcsema-testing/SANDBOX/test-2015-12-21_15-36-50/SingleSource/Regression/C++/pointer_member
TEST-RESULT-compile-success: pass
TEST-RESULT-compile-hash: 52a79276b95fcaf1c4cc12e9cc8997fb
TEST-RESULT-compile-time: user       0.0226
TEST-RESULT-compile-real-time: real       0.0368

TEST-PASS: exec /home/ed/mcsema-testing/SANDBOX/test-2015-12-21_15-36-50/SingleSource/Regression/C++/pointer_member
TEST-RESULT-exec-success: pass
TEST-RESULT-exec-time: user       0.0009
TEST-RESULT-exec-real-time: real       0.0018
---------------------------------------------------------------
>>> ========= '/home/ed/mcsema-testing/SANDBOX/test-2015-12-21_15-36-50/SingleSource/Regression/C++/2003-06-08-VirtualFunctions' Program
---------------------------------------------------------------

TEST-PASS: compile /home/ed/mcsema-testing/SANDBOX/test-2015-12-21_15-36-50/SingleSource/Regression/C++/2003-06-08-VirtualFunctions
TEST-RESULT-compile-success: pass
TEST-RESULT-compile-hash: 28ec86388232d85f53b241201b5110f2
TEST-RESULT-compile-time: user       0.0177
TEST-RESULT-compile-real-time: real       0.0300

TEST-PASS: exec /home/ed/mcsema-testing/SANDBOX/test-2015-12-21_15-36-50/SingleSource/Regression/C++/2003-06-08-VirtualFunctions
TEST-RESULT-exec-success: pass
TEST-RESULT-exec-time: user       0.0008
TEST-RESULT-exec-real-time: real       0.0018
---------------------------------------------------------------
>>> ========= '/home/ed/mcsema-testing/SANDBOX/test-2015-12-21_15-36-50/SingleSource/Regression/C++/2003-06-08-BaseType' Program
---------------------------------------------------------------

TEST-PASS: compile /home/ed/mcsema-testing/SANDBOX/test-2015-12-21_15-36-50/SingleSource/Regression/C++/2003-06-08-BaseType
TEST-RESULT-compile-success: pass
TEST-RESULT-compile-hash: 29ad544af4347bcb3e861e1d6b964eaf
TEST-RESULT-compile-time: user       0.0163
TEST-RESULT-compile-real-time: real       0.0282

TEST-PASS: exec /home/ed/mcsema-testing/SANDBOX/test-2015-12-21_15-36-50/SingleSource/Regression/C++/2003-06-08-BaseType
TEST-RESULT-exec-success: pass
TEST-RESULT-exec-time: user       0.0009
TEST-RESULT-exec-real-time: real       0.0019
---------------------------------------------------------------
>>> ========= '/home/ed/mcsema-testing/SANDBOX/test-2015-12-21_15-36-50/SingleSource/Regression/C++/fixups' Program
---------------------------------------------------------------

TEST-PASS: compile /home/ed/mcsema-testing/SANDBOX/test-2015-12-21_15-36-50/SingleSource/Regression/C++/fixups
TEST-RESULT-compile-success: pass
TEST-RESULT-compile-hash: 8351e46411bf84773ce7202da7268825
TEST-RESULT-compile-time: user       0.0281
TEST-RESULT-compile-real-time: real       0.0431

TEST-PASS: exec /home/ed/mcsema-testing/SANDBOX/test-2015-12-21_15-36-50/SingleSource/Regression/C++/fixups
TEST-RESULT-exec-success: pass
TEST-RESULT-exec-time: user       0.0009
TEST-RESULT-exec-real-time: real       0.0018
---------------------------------------------------------------
>>> ========= '/home/ed/mcsema-testing/SANDBOX/test-2015-12-21_15-36-50/SingleSource/Regression/C++/2003-05-14-expr_stmt' Program
---------------------------------------------------------------

TEST-PASS: compile /home/ed/mcsema-testing/SANDBOX/test-2015-12-21_15-36-50/SingleSource/Regression/C++/2003-05-14-expr_stmt
TEST-RESULT-compile-success: pass
TEST-RESULT-compile-hash: fba41117093992aa49dfa440528e34ed
TEST-RESULT-compile-time: user       0.0161
TEST-RESULT-compile-real-time: real       0.0554

TEST-PASS: exec /home/ed/mcsema-testing/SANDBOX/test-2015-12-21_15-36-50/SingleSource/Regression/C++/2003-05-14-expr_stmt
TEST-RESULT-exec-success: pass
TEST-RESULT-exec-time: user       0.0008
TEST-RESULT-exec-real-time: real       0.0018
---------------------------------------------------------------
>>> ========= '/home/ed/mcsema-testing/SANDBOX/test-2015-12-21_15-36-50/SingleSource/Regression/C++/2011-03-28-Bitfield' Program
---------------------------------------------------------------

TEST-PASS: compile /home/ed/mcsema-testing/SANDBOX/test-2015-12-21_15-36-50/SingleSource/Regression/C++/2011-03-28-Bitfield
TEST-RESULT-compile-success: pass
TEST-RESULT-compile-hash: 268ff3d904dee132d205c4be2a2ff57c
TEST-RESULT-compile-time: user       0.0243
TEST-RESULT-compile-real-time: real       0.0381

TEST-PASS: exec /home/ed/mcsema-testing/SANDBOX/test-2015-12-21_15-36-50/SingleSource/Regression/C++/2011-03-28-Bitfield
TEST-RESULT-exec-success: pass
TEST-RESULT-exec-time: user       0.0008
TEST-RESULT-exec-real-time: real       0.0017
---------------------------------------------------------------
>>> ========= '/home/ed/mcsema-testing/SANDBOX/test-2015-12-21_15-36-50/SingleSource/Regression/C++/BuiltinTypeInfo' Program
---------------------------------------------------------------

TEST-PASS: compile /home/ed/mcsema-testing/SANDBOX/test-2015-12-21_15-36-50/SingleSource/Regression/C++/BuiltinTypeInfo
TEST-RESULT-compile-success: pass
TEST-RESULT-compile-hash: 25cbeae41bae0f1508b360eb02a9b450
TEST-RESULT-compile-time: user       0.0252
TEST-RESULT-compile-real-time: real       0.0488

TEST-PASS: exec /home/ed/mcsema-testing/SANDBOX/test-2015-12-21_15-36-50/SingleSource/Regression/C++/BuiltinTypeInfo
TEST-RESULT-exec-success: pass
TEST-RESULT-exec-time: user       0.0008
TEST-RESULT-exec-real-time: real       0.0017
---------------------------------------------------------------
>>> ========= '/home/ed/mcsema-testing/SANDBOX/test-2015-12-21_15-36-50/SingleSource/Regression/C++/2003-05-14-array-init' Program
---------------------------------------------------------------

TEST-PASS: compile /home/ed/mcsema-testing/SANDBOX/test-2015-12-21_15-36-50/SingleSource/Regression/C++/2003-05-14-array-init
TEST-RESULT-compile-success: pass
TEST-RESULT-compile-hash: f55d16dde1c3ef1302c6e9f222202e97
TEST-RESULT-compile-time: user       0.0223
TEST-RESULT-compile-real-time: real       0.0358

TEST-PASS: exec /home/ed/mcsema-testing/SANDBOX/test-2015-12-21_15-36-50/SingleSource/Regression/C++/2003-05-14-array-init
TEST-RESULT-exec-success: pass
TEST-RESULT-exec-time: user       0.0008
TEST-RESULT-exec-real-time: real       0.0019
---------------------------------------------------------------
>>> ========= '/home/ed/mcsema-testing/SANDBOX/test-2015-12-21_15-36-50/SingleSource/Regression/C++/short_circuit_dtor' Program
---------------------------------------------------------------

TEST-PASS: compile /home/ed/mcsema-testing/SANDBOX/test-2015-12-21_15-36-50/SingleSource/Regression/C++/short_circuit_dtor
TEST-RESULT-compile-success: pass
TEST-RESULT-compile-hash: 626bba5ed8d5ee896efb50fbdd28ac2c
TEST-RESULT-compile-time: user       0.0240
TEST-RESULT-compile-real-time: real       0.0378

TEST-PASS: exec /home/ed/mcsema-testing/SANDBOX/test-2015-12-21_15-36-50/SingleSource/Regression/C++/short_circuit_dtor
TEST-RESULT-exec-success: pass
TEST-RESULT-exec-time: user       0.0008
TEST-RESULT-exec-real-time: real       0.0016
---------------------------------------------------------------
>>> ========= '/home/ed/mcsema-testing/SANDBOX/test-2015-12-21_15-36-50/SingleSource/Regression/C++/EH/simple_rethrow' Program
---------------------------------------------------------------

TEST-PASS: compile /home/ed/mcsema-testing/SANDBOX/test-2015-12-21_15-36-50/SingleSource/Regression/C++/EH/simple_rethrow
TEST-RESULT-compile-success: pass
TEST-RESULT-compile-hash: 28bc917e42c649fdaeacf2ed2aaeb7ed
TEST-RESULT-compile-time: user       0.0252
TEST-RESULT-compile-real-time: real       0.0392

TEST-PASS: exec /home/ed/mcsema-testing/SANDBOX/test-2015-12-21_15-36-50/SingleSource/Regression/C++/EH/simple_rethrow
TEST-RESULT-exec-success: pass
TEST-RESULT-exec-time: user       0.0009
TEST-RESULT-exec-real-time: real       0.0018
---------------------------------------------------------------
>>> ========= '/home/ed/mcsema-testing/SANDBOX/test-2015-12-21_15-36-50/SingleSource/Regression/C++/EH/ctor_dtor_count' Program
---------------------------------------------------------------

TEST-PASS: compile /home/ed/mcsema-testing/SANDBOX/test-2015-12-21_15-36-50/SingleSource/Regression/C++/EH/ctor_dtor_count
TEST-RESULT-compile-success: pass
TEST-RESULT-compile-hash: 2d8ce47d792da7aa6a1aa9256b5e0f18
TEST-RESULT-compile-time: user       0.0368
TEST-RESULT-compile-real-time: real       0.0523

TEST-PASS: exec /home/ed/mcsema-testing/SANDBOX/test-2015-12-21_15-36-50/SingleSource/Regression/C++/EH/ctor_dtor_count
TEST-RESULT-exec-success: pass
TEST-RESULT-exec-time: user       0.0009
TEST-RESULT-exec-real-time: real       0.0017
---------------------------------------------------------------
>>> ========= '/home/ed/mcsema-testing/SANDBOX/test-2015-12-21_15-36-50/SingleSource/Regression/C++/EH/inlined_cleanup' Program
---------------------------------------------------------------

TEST-PASS: compile /home/ed/mcsema-testing/SANDBOX/test-2015-12-21_15-36-50/SingleSource/Regression/C++/EH/inlined_cleanup
TEST-RESULT-compile-success: pass
TEST-RESULT-compile-hash: 97d109771248bdf8712542f9face6f56
TEST-RESULT-compile-time: user       0.0321
TEST-RESULT-compile-real-time: real       0.0467

TEST-PASS: exec /home/ed/mcsema-testing/SANDBOX/test-2015-12-21_15-36-50/SingleSource/Regression/C++/EH/inlined_cleanup
TEST-RESULT-exec-success: pass
TEST-RESULT-exec-time: user       0.0009
TEST-RESULT-exec-real-time: real       0.0019
---------------------------------------------------------------
>>> ========= '/home/ed/mcsema-testing/SANDBOX/test-2015-12-21_15-36-50/SingleSource/Regression/C++/EH/throw_rethrow_test' Program
---------------------------------------------------------------

TEST-PASS: compile /home/ed/mcsema-testing/SANDBOX/test-2015-12-21_15-36-50/SingleSource/Regression/C++/EH/throw_rethrow_test
TEST-RESULT-compile-success: pass
TEST-RESULT-compile-hash: c996dc01fb4731f9944cc46648c94879
TEST-RESULT-compile-time: user       0.0283
TEST-RESULT-compile-real-time: real       0.0426

TEST-PASS: exec /home/ed/mcsema-testing/SANDBOX/test-2015-12-21_15-36-50/SingleSource/Regression/C++/EH/throw_rethrow_test
TEST-RESULT-exec-success: pass
TEST-RESULT-exec-time: user       0.0010
TEST-RESULT-exec-real-time: real       0.0019
---------------------------------------------------------------
>>> ========= '/home/ed/mcsema-testing/SANDBOX/test-2015-12-21_15-36-50/SingleSource/Regression/C++/EH/recursive-throw' Program
---------------------------------------------------------------

TEST-PASS: compile /home/ed/mcsema-testing/SANDBOX/test-2015-12-21_15-36-50/SingleSource/Regression/C++/EH/recursive-throw
TEST-RESULT-compile-success: pass
TEST-RESULT-compile-hash: 6d62ba111c46c018edcc9945e755dc53
TEST-RESULT-compile-time: user       0.0286
TEST-RESULT-compile-real-time: real       0.0433

TEST-PASS: exec /home/ed/mcsema-testing/SANDBOX/test-2015-12-21_15-36-50/SingleSource/Regression/C++/EH/recursive-throw
TEST-RESULT-exec-success: pass
TEST-RESULT-exec-time: user       0.0009
TEST-RESULT-exec-real-time: real       0.0017
---------------------------------------------------------------
>>> ========= '/home/ed/mcsema-testing/SANDBOX/test-2015-12-21_15-36-50/SingleSource/Regression/C++/EH/ctor_dtor_count-2' Program
---------------------------------------------------------------

TEST-PASS: compile /home/ed/mcsema-testing/SANDBOX/test-2015-12-21_15-36-50/SingleSource/Regression/C++/EH/ctor_dtor_count-2
TEST-RESULT-compile-success: pass
TEST-RESULT-compile-hash: d1f416a3385aa709618f0a6602413956
TEST-RESULT-compile-time: user       0.0268
TEST-RESULT-compile-real-time: real       0.0408

TEST-PASS: exec /home/ed/mcsema-testing/SANDBOX/test-2015-12-21_15-36-50/SingleSource/Regression/C++/EH/ctor_dtor_count-2
TEST-RESULT-exec-success: pass
TEST-RESULT-exec-time: user       0.0009
TEST-RESULT-exec-real-time: real       0.0020
---------------------------------------------------------------
>>> ========= '/home/ed/mcsema-testing/SANDBOX/test-2015-12-21_15-36-50/SingleSource/Regression/C++/EH/function_try_block' Program
---------------------------------------------------------------

TEST-PASS: compile /home/ed/mcsema-testing/SANDBOX/test-2015-12-21_15-36-50/SingleSource/Regression/C++/EH/function_try_block
TEST-RESULT-compile-success: pass
TEST-RESULT-compile-hash: 0f4592eebd360d00dca808212f36101d
TEST-RESULT-compile-time: user       0.0308
TEST-RESULT-compile-real-time: real       0.0453

TEST-PASS: exec /home/ed/mcsema-testing/SANDBOX/test-2015-12-21_15-36-50/SingleSource/Regression/C++/EH/function_try_block
TEST-RESULT-exec-success: pass
TEST-RESULT-exec-time: user       0.0009
TEST-RESULT-exec-real-time: real       0.0018
---------------------------------------------------------------
>>> ========= '/home/ed/mcsema-testing/SANDBOX/test-2015-12-21_15-36-50/SingleSource/Regression/C++/EH/class_hierarchy' Program
---------------------------------------------------------------

TEST-PASS: compile /home/ed/mcsema-testing/SANDBOX/test-2015-12-21_15-36-50/SingleSource/Regression/C++/EH/class_hierarchy
TEST-RESULT-compile-success: pass
TEST-RESULT-compile-hash: 7d926d89649716e6a980ab348e314b1d
TEST-RESULT-compile-time: user       0.0407
TEST-RESULT-compile-real-time: real       0.1412

TEST-PASS: exec /home/ed/mcsema-testing/SANDBOX/test-2015-12-21_15-36-50/SingleSource/Regression/C++/EH/class_hierarchy
TEST-RESULT-exec-success: pass
TEST-RESULT-exec-time: user       0.0011
TEST-RESULT-exec-real-time: real       0.0204
---------------------------------------------------------------
>>> ========= '/home/ed/mcsema-testing/SANDBOX/test-2015-12-21_15-36-50/SingleSource/Regression/C++/EH/simple_throw' Program
---------------------------------------------------------------

TEST-PASS: compile /home/ed/mcsema-testing/SANDBOX/test-2015-12-21_15-36-50/SingleSource/Regression/C++/EH/simple_throw
TEST-RESULT-compile-success: pass
TEST-RESULT-compile-hash: cfd1dde133cf85223819843421678593
TEST-RESULT-compile-time: user       0.0230
TEST-RESULT-compile-real-time: real       0.0369

TEST-PASS: exec /home/ed/mcsema-testing/SANDBOX/test-2015-12-21_15-36-50/SingleSource/Regression/C++/EH/simple_throw
TEST-RESULT-exec-success: pass
TEST-RESULT-exec-time: user       0.0009
TEST-RESULT-exec-real-time: real       0.0019
---------------------------------------------------------------
>>> ========= '/home/ed/mcsema-testing/SANDBOX/test-2015-12-21_15-36-50/SingleSource/Regression/C++/EH/exception_spec_test' Program
---------------------------------------------------------------

TEST-PASS: compile /home/ed/mcsema-testing/SANDBOX/test-2015-12-21_15-36-50/SingleSource/Regression/C++/EH/exception_spec_test
TEST-RESULT-compile-success: pass
TEST-RESULT-compile-hash: 387d8783b9a33112d83d350b4991e641
TEST-RESULT-compile-time: user       0.0351
TEST-RESULT-compile-real-time: real       0.0505

TEST-PASS: exec /home/ed/mcsema-testing/SANDBOX/test-2015-12-21_15-36-50/SingleSource/Regression/C++/EH/exception_spec_test
TEST-RESULT-exec-success: pass
TEST-RESULT-exec-time: user       0.0010
TEST-RESULT-exec-real-time: real       0.0018
---------------------------------------------------------------
>>> ========= '/home/ed/mcsema-testing/SANDBOX/test-2015-12-21_15-36-50/SingleSource/Regression/C++/EH/ConditionalExpr' Program
---------------------------------------------------------------

TEST-PASS: compile /home/ed/mcsema-testing/SANDBOX/test-2015-12-21_15-36-50/SingleSource/Regression/C++/EH/ConditionalExpr
TEST-RESULT-compile-success: pass
TEST-RESULT-compile-hash: 07c1ea0f3d9ebac5cfeebcc88b19c783
TEST-RESULT-compile-time: user       0.0262
TEST-RESULT-compile-real-time: real       0.0397

TEST-PASS: exec /home/ed/mcsema-testing/SANDBOX/test-2015-12-21_15-36-50/SingleSource/Regression/C++/EH/ConditionalExpr
TEST-RESULT-exec-success: pass
TEST-RESULT-exec-time: user       0.0008
TEST-RESULT-exec-real-time: real       0.0016
---------------------------------------------------------------
>>> ========= '/home/ed/mcsema-testing/SANDBOX/test-2015-12-21_15-36-50/SingleSource/Regression/C++/EH/dead_try_block' Program
---------------------------------------------------------------

TEST-PASS: compile /home/ed/mcsema-testing/SANDBOX/test-2015-12-21_15-36-50/SingleSource/Regression/C++/EH/dead_try_block
TEST-RESULT-compile-success: pass
TEST-RESULT-compile-hash: 129c982c8be1c47eec36f1ec3d95b100
TEST-RESULT-compile-time: user       0.0221
TEST-RESULT-compile-real-time: real       0.0372

TEST-PASS: exec /home/ed/mcsema-testing/SANDBOX/test-2015-12-21_15-36-50/SingleSource/Regression/C++/EH/dead_try_block
TEST-RESULT-exec-success: pass
TEST-RESULT-exec-time: user       0.0009
TEST-RESULT-exec-real-time: real       0.0018
---------------------------------------------------------------
>>> ========= '/home/ed/mcsema-testing/SANDBOX/test-2015-12-21_15-36-50/SingleSource/Regression/C/PR640' Program
---------------------------------------------------------------

TEST-PASS: compile /home/ed/mcsema-testing/SANDBOX/test-2015-12-21_15-36-50/SingleSource/Regression/C/PR640
TEST-RESULT-compile-success: pass
TEST-RESULT-compile-hash: 023f488131041b859ee108264e701406
TEST-RESULT-compile-time: user       0.0287
TEST-RESULT-compile-real-time: real       0.0440

TEST-PASS: exec /home/ed/mcsema-testing/SANDBOX/test-2015-12-21_15-36-50/SingleSource/Regression/C/PR640
TEST-RESULT-exec-success: pass
TEST-RESULT-exec-time: user       0.0008
TEST-RESULT-exec-real-time: real       0.0016
---------------------------------------------------------------
>>> ========= '/home/ed/mcsema-testing/SANDBOX/test-2015-12-21_15-36-50/SingleSource/Regression/C/2003-05-22-LocalTypeTest' Program
---------------------------------------------------------------

TEST-PASS: compile /home/ed/mcsema-testing/SANDBOX/test-2015-12-21_15-36-50/SingleSource/Regression/C/2003-05-22-LocalTypeTest
TEST-RESULT-compile-success: pass
TEST-RESULT-compile-hash: 69e7ab80044d0ee237d745339e9afe77
TEST-RESULT-compile-time: user       0.0208
TEST-RESULT-compile-real-time: real       0.0342

TEST-PASS: exec /home/ed/mcsema-testing/SANDBOX/test-2015-12-21_15-36-50/SingleSource/Regression/C/2003-05-22-LocalTypeTest
TEST-RESULT-exec-success: pass
TEST-RESULT-exec-time: user       0.0009
TEST-RESULT-exec-real-time: real       0.0017
---------------------------------------------------------------
>>> ========= '/home/ed/mcsema-testing/SANDBOX/test-2015-12-21_15-36-50/SingleSource/Regression/C/2003-06-16-VolatileError' Program
---------------------------------------------------------------

TEST-PASS: compile /home/ed/mcsema-testing/SANDBOX/test-2015-12-21_15-36-50/SingleSource/Regression/C/2003-06-16-VolatileError
TEST-RESULT-compile-success: pass
TEST-RESULT-compile-hash: 7f7cd53e307b71517ab835b279337d8e
TEST-RESULT-compile-time: user       0.0152
TEST-RESULT-compile-real-time: real       0.0271

TEST-PASS: exec /home/ed/mcsema-testing/SANDBOX/test-2015-12-21_15-36-50/SingleSource/Regression/C/2003-06-16-VolatileError
TEST-RESULT-exec-success: pass
TEST-RESULT-exec-time: user       0.0009
TEST-RESULT-exec-real-time: real       0.0018
---------------------------------------------------------------
>>> ========= '/home/ed/mcsema-testing/SANDBOX/test-2015-12-21_15-36-50/SingleSource/Regression/C/casts' Program
---------------------------------------------------------------

TEST-PASS: compile /home/ed/mcsema-testing/SANDBOX/test-2015-12-21_15-36-50/SingleSource/Regression/C/casts
TEST-RESULT-compile-success: pass
TEST-RESULT-compile-hash: 311ca05725bd3183f8f47fd07580e19d
TEST-RESULT-compile-time: user       0.0362
TEST-RESULT-compile-real-time: real       0.0672

TEST-PASS: exec /home/ed/mcsema-testing/SANDBOX/test-2015-12-21_15-36-50/SingleSource/Regression/C/casts
TEST-RESULT-exec-success: pass
TEST-RESULT-exec-time: user       0.0009
TEST-RESULT-exec-real-time: real       0.0018
---------------------------------------------------------------
>>> ========= '/home/ed/mcsema-testing/SANDBOX/test-2015-12-21_15-36-50/SingleSource/Regression/C/test_indvars' Program
---------------------------------------------------------------

TEST-PASS: compile /home/ed/mcsema-testing/SANDBOX/test-2015-12-21_15-36-50/SingleSource/Regression/C/test_indvars
TEST-RESULT-compile-success: pass
TEST-RESULT-compile-hash: 850b45df5576cf59199f3f980ba08c39
TEST-RESULT-compile-time: user       0.0279
TEST-RESULT-compile-real-time: real       0.0419

TEST-PASS: exec /home/ed/mcsema-testing/SANDBOX/test-2015-12-21_15-36-50/SingleSource/Regression/C/test_indvars
TEST-RESULT-exec-success: pass
TEST-RESULT-exec-time: user       0.0009
TEST-RESULT-exec-real-time: real       0.0018
---------------------------------------------------------------
>>> ========= '/home/ed/mcsema-testing/SANDBOX/test-2015-12-21_15-36-50/SingleSource/Regression/C/2003-05-23-TransparentUnion' Program
---------------------------------------------------------------

TEST-PASS: compile /home/ed/mcsema-testing/SANDBOX/test-2015-12-21_15-36-50/SingleSource/Regression/C/2003-05-23-TransparentUnion
TEST-RESULT-compile-success: pass
TEST-RESULT-compile-hash: 23b08893a2ff0180cb8a1ab1b8d874dc
TEST-RESULT-compile-time: user       0.0209
TEST-RESULT-compile-real-time: real       0.0336

TEST-PASS: exec /home/ed/mcsema-testing/SANDBOX/test-2015-12-21_15-36-50/SingleSource/Regression/C/2003-05-23-TransparentUnion
TEST-RESULT-exec-success: pass
TEST-RESULT-exec-time: user       0.0008
TEST-RESULT-exec-real-time: real       0.0018
---------------------------------------------------------------
>>> ========= '/home/ed/mcsema-testing/SANDBOX/test-2015-12-21_15-36-50/SingleSource/Regression/C/bigstack' Program
---------------------------------------------------------------

TEST-PASS: compile /home/ed/mcsema-testing/SANDBOX/test-2015-12-21_15-36-50/SingleSource/Regression/C/bigstack
TEST-RESULT-compile-success: pass
TEST-RESULT-compile-hash: 9c4d3ed471df82545067de5778bcd0c1
TEST-RESULT-compile-time: user       0.0377
TEST-RESULT-compile-real-time: real       0.0528

TEST-PASS: exec /home/ed/mcsema-testing/SANDBOX/test-2015-12-21_15-36-50/SingleSource/Regression/C/bigstack
TEST-RESULT-exec-success: pass
TEST-RESULT-exec-time: user       0.0009
TEST-RESULT-exec-real-time: real       0.0017
---------------------------------------------------------------
>>> ========= '/home/ed/mcsema-testing/SANDBOX/test-2015-12-21_15-36-50/SingleSource/Regression/C/compare' Program
---------------------------------------------------------------

TEST-PASS: compile /home/ed/mcsema-testing/SANDBOX/test-2015-12-21_15-36-50/SingleSource/Regression/C/compare
TEST-RESULT-compile-success: pass
TEST-RESULT-compile-hash: aab416294edb96fd68b203a95a9e469c
TEST-RESULT-compile-time: user       0.0270
TEST-RESULT-compile-real-time: real       0.0410

TEST-PASS: exec /home/ed/mcsema-testing/SANDBOX/test-2015-12-21_15-36-50/SingleSource/Regression/C/compare
TEST-RESULT-exec-success: pass
TEST-RESULT-exec-time: user       0.0009
TEST-RESULT-exec-real-time: real       0.0019
---------------------------------------------------------------
>>> ========= '/home/ed/mcsema-testing/SANDBOX/test-2015-12-21_15-36-50/SingleSource/Regression/C/matrixTranspose' Program
---------------------------------------------------------------

TEST-PASS: compile /home/ed/mcsema-testing/SANDBOX/test-2015-12-21_15-36-50/SingleSource/Regression/C/matrixTranspose
TEST-RESULT-compile-success: pass
TEST-RESULT-compile-hash: ed157f04ac4feb121a54ef1f3f15fc29
TEST-RESULT-compile-time: user       0.0247
TEST-RESULT-compile-real-time: real       0.0377

TEST-PASS: exec /home/ed/mcsema-testing/SANDBOX/test-2015-12-21_15-36-50/SingleSource/Regression/C/matrixTranspose
TEST-RESULT-exec-success: pass
TEST-RESULT-exec-time: user       0.0009
TEST-RESULT-exec-real-time: real       0.0017
---------------------------------------------------------------
>>> ========= '/home/ed/mcsema-testing/SANDBOX/test-2015-12-21_15-36-50/SingleSource/Regression/C/callargs' Program
---------------------------------------------------------------

TEST-PASS: compile /home/ed/mcsema-testing/SANDBOX/test-2015-12-21_15-36-50/SingleSource/Regression/C/callargs
TEST-RESULT-compile-success: pass
TEST-RESULT-compile-hash: dd356ad9ed7c28d9e97a77a8b84de74b
TEST-RESULT-compile-time: user       0.0225
TEST-RESULT-compile-real-time: real       0.0352

TEST-PASS: exec /home/ed/mcsema-testing/SANDBOX/test-2015-12-21_15-36-50/SingleSource/Regression/C/callargs
TEST-RESULT-exec-success: pass
TEST-RESULT-exec-time: user       0.0009
TEST-RESULT-exec-real-time: real       0.0018
---------------------------------------------------------------
>>> ========= '/home/ed/mcsema-testing/SANDBOX/test-2015-12-21_15-36-50/SingleSource/Regression/C/sumarray' Program
---------------------------------------------------------------

TEST-PASS: compile /home/ed/mcsema-testing/SANDBOX/test-2015-12-21_15-36-50/SingleSource/Regression/C/sumarray
TEST-RESULT-compile-success: pass
TEST-RESULT-compile-hash: 86a04518804b5e284b6527548b90f832
TEST-RESULT-compile-time: user       0.0316
TEST-RESULT-compile-real-time: real       0.0458

TEST-PASS: exec /home/ed/mcsema-testing/SANDBOX/test-2015-12-21_15-36-50/SingleSource/Regression/C/sumarray
TEST-RESULT-exec-success: pass
TEST-RESULT-exec-time: user       0.0009
TEST-RESULT-exec-real-time: real       0.0017
---------------------------------------------------------------
>>> ========= '/home/ed/mcsema-testing/SANDBOX/test-2015-12-21_15-36-50/SingleSource/Regression/C/2004-08-12-InlinerAndAllocas' Program
---------------------------------------------------------------

TEST-PASS: compile /home/ed/mcsema-testing/SANDBOX/test-2015-12-21_15-36-50/SingleSource/Regression/C/2004-08-12-InlinerAndAllocas
TEST-RESULT-compile-success: pass
TEST-RESULT-compile-hash: 82ba18568ee95f9a5e7a1f42c6a4a7a8
TEST-RESULT-compile-time: user       0.0234
TEST-RESULT-compile-real-time: real       0.0378

TEST-PASS: exec /home/ed/mcsema-testing/SANDBOX/test-2015-12-21_15-36-50/SingleSource/Regression/C/2004-08-12-InlinerAndAllocas
TEST-RESULT-exec-success: pass
TEST-RESULT-exec-time: user       0.0017
TEST-RESULT-exec-real-time: real       0.0025
---------------------------------------------------------------
>>> ========= '/home/ed/mcsema-testing/SANDBOX/test-2015-12-21_15-36-50/SingleSource/Regression/C/PR10189' Program
---------------------------------------------------------------

TEST-PASS: compile /home/ed/mcsema-testing/SANDBOX/test-2015-12-21_15-36-50/SingleSource/Regression/C/PR10189
TEST-RESULT-compile-success: pass
TEST-RESULT-compile-hash: c463bd94074cdc06762e28a97c272ba2
TEST-RESULT-compile-time: user       0.0247
TEST-RESULT-compile-real-time: real       0.0378

TEST-PASS: exec /home/ed/mcsema-testing/SANDBOX/test-2015-12-21_15-36-50/SingleSource/Regression/C/PR10189
TEST-RESULT-exec-success: pass
TEST-RESULT-exec-time: user       0.0011
TEST-RESULT-exec-real-time: real       0.0021
---------------------------------------------------------------
>>> ========= '/home/ed/mcsema-testing/SANDBOX/test-2015-12-21_15-36-50/SingleSource/Regression/C/globalrefs' Program
---------------------------------------------------------------

TEST-PASS: compile /home/ed/mcsema-testing/SANDBOX/test-2015-12-21_15-36-50/SingleSource/Regression/C/globalrefs
TEST-RESULT-compile-success: pass
TEST-RESULT-compile-hash: 20cde4ac230496d2efe2cb1782b4bb40
TEST-RESULT-compile-time: user       0.0243
TEST-RESULT-compile-real-time: real       0.0380

TEST-PASS: exec /home/ed/mcsema-testing/SANDBOX/test-2015-12-21_15-36-50/SingleSource/Regression/C/globalrefs
TEST-RESULT-exec-success: pass
TEST-RESULT-exec-time: user       0.0008
TEST-RESULT-exec-real-time: real       0.0018
---------------------------------------------------------------
>>> ========= '/home/ed/mcsema-testing/SANDBOX/test-2015-12-21_15-36-50/SingleSource/Regression/C/sumarraymalloc' Program
---------------------------------------------------------------

TEST-PASS: compile /home/ed/mcsema-testing/SANDBOX/test-2015-12-21_15-36-50/SingleSource/Regression/C/sumarraymalloc
TEST-RESULT-compile-success: pass
TEST-RESULT-compile-hash: a8340a9795da165b001a2c1b63df8667
TEST-RESULT-compile-time: user       0.0325
TEST-RESULT-compile-real-time: real       0.0472

TEST-PASS: exec /home/ed/mcsema-testing/SANDBOX/test-2015-12-21_15-36-50/SingleSource/Regression/C/sumarraymalloc
TEST-RESULT-exec-success: pass
TEST-RESULT-exec-time: user       0.0009
TEST-RESULT-exec-real-time: real       0.0017
---------------------------------------------------------------
>>> ========= '/home/ed/mcsema-testing/SANDBOX/test-2015-12-21_15-36-50/SingleSource/Regression/C/testtrace' Program
---------------------------------------------------------------

TEST-PASS: compile /home/ed/mcsema-testing/SANDBOX/test-2015-12-21_15-36-50/SingleSource/Regression/C/testtrace
TEST-RESULT-compile-success: pass
TEST-RESULT-compile-hash: 6db2a7517202852079c65f5d1b6c2d49
TEST-RESULT-compile-time: user       0.0324
TEST-RESULT-compile-real-time: real       0.0468

TEST-PASS: exec /home/ed/mcsema-testing/SANDBOX/test-2015-12-21_15-36-50/SingleSource/Regression/C/testtrace
TEST-RESULT-exec-success: pass
TEST-RESULT-exec-time: user       0.0009
TEST-RESULT-exec-real-time: real       0.0018
---------------------------------------------------------------
>>> ========= '/home/ed/mcsema-testing/SANDBOX/test-2015-12-21_15-36-50/SingleSource/Regression/C/2003-05-21-BitfieldHandling' Program
---------------------------------------------------------------

TEST-PASS: compile /home/ed/mcsema-testing/SANDBOX/test-2015-12-21_15-36-50/SingleSource/Regression/C/2003-05-21-BitfieldHandling
TEST-RESULT-compile-success: pass
TEST-RESULT-compile-hash: 1180dcc16a767069385258b320134dc0
TEST-RESULT-compile-time: user       0.0200
TEST-RESULT-compile-real-time: real       0.0326

TEST-PASS: exec /home/ed/mcsema-testing/SANDBOX/test-2015-12-21_15-36-50/SingleSource/Regression/C/2003-05-21-BitfieldHandling
TEST-RESULT-exec-success: pass
TEST-RESULT-exec-time: user       0.0008
TEST-RESULT-exec-real-time: real       0.0017
---------------------------------------------------------------
>>> ========= '/home/ed/mcsema-testing/SANDBOX/test-2015-12-21_15-36-50/SingleSource/Regression/C/2005-05-06-LongLongSignedShift' Program
---------------------------------------------------------------

TEST-PASS: compile /home/ed/mcsema-testing/SANDBOX/test-2015-12-21_15-36-50/SingleSource/Regression/C/2005-05-06-LongLongSignedShift
TEST-RESULT-compile-success: pass
TEST-RESULT-compile-hash: 9ed1e13431bb40300325bbd91132e85a
TEST-RESULT-compile-time: user       0.0159
TEST-RESULT-compile-real-time: real       0.0300

TEST-PASS: exec /home/ed/mcsema-testing/SANDBOX/test-2015-12-21_15-36-50/SingleSource/Regression/C/2005-05-06-LongLongSignedShift
TEST-RESULT-exec-success: pass
TEST-RESULT-exec-time: user       0.0008
TEST-RESULT-exec-real-time: real       0.0017
---------------------------------------------------------------
>>> ========= '/home/ed/mcsema-testing/SANDBOX/test-2015-12-21_15-36-50/SingleSource/Regression/C/DuffsDevice' Program
---------------------------------------------------------------

TEST-PASS: compile /home/ed/mcsema-testing/SANDBOX/test-2015-12-21_15-36-50/SingleSource/Regression/C/DuffsDevice
TEST-RESULT-compile-success: pass
TEST-RESULT-compile-hash: 93628a78d30f27ac283ae141b19232c9
TEST-RESULT-compile-time: user       0.0281
TEST-RESULT-compile-real-time: real       0.0424

TEST-PASS: exec /home/ed/mcsema-testing/SANDBOX/test-2015-12-21_15-36-50/SingleSource/Regression/C/DuffsDevice
TEST-RESULT-exec-success: pass
TEST-RESULT-exec-time: user       0.0008
TEST-RESULT-exec-real-time: real       0.0017
---------------------------------------------------------------
>>> ========= '/home/ed/mcsema-testing/SANDBOX/test-2015-12-21_15-36-50/SingleSource/Regression/C/badidx' Program
---------------------------------------------------------------

TEST-PASS: compile /home/ed/mcsema-testing/SANDBOX/test-2015-12-21_15-36-50/SingleSource/Regression/C/badidx
TEST-RESULT-compile-success: pass
TEST-RESULT-compile-hash: 47ae3c56fa8e28f6846030c618c7b8ec
TEST-RESULT-compile-time: user       0.0307
TEST-RESULT-compile-real-time: real       0.0683

TEST-PASS: exec /home/ed/mcsema-testing/SANDBOX/test-2015-12-21_15-36-50/SingleSource/Regression/C/badidx
TEST-RESULT-exec-success: pass
TEST-RESULT-exec-time: user       0.0009
TEST-RESULT-exec-real-time: real       0.0018
---------------------------------------------------------------
>>> ========= '/home/ed/mcsema-testing/SANDBOX/test-2015-12-21_15-36-50/SingleSource/Regression/C/2003-06-16-InvalidInitializer' Program
---------------------------------------------------------------

TEST-PASS: compile /home/ed/mcsema-testing/SANDBOX/test-2015-12-21_15-36-50/SingleSource/Regression/C/2003-06-16-InvalidInitializer
TEST-RESULT-compile-success: pass
TEST-RESULT-compile-hash: 837752b5b9443e9e091f280bd307f194
TEST-RESULT-compile-time: user       0.0158
TEST-RESULT-compile-real-time: real       0.0278

TEST-PASS: exec /home/ed/mcsema-testing/SANDBOX/test-2015-12-21_15-36-50/SingleSource/Regression/C/2003-06-16-InvalidInitializer
TEST-RESULT-exec-success: pass
TEST-RESULT-exec-time: user       0.0009
TEST-RESULT-exec-real-time: real       0.0017
---------------------------------------------------------------
>>> ========= '/home/ed/mcsema-testing/SANDBOX/test-2015-12-21_15-36-50/SingleSource/Regression/C/2003-05-21-UnionTest' Program
---------------------------------------------------------------

TEST-PASS: compile /home/ed/mcsema-testing/SANDBOX/test-2015-12-21_15-36-50/SingleSource/Regression/C/2003-05-21-UnionTest
TEST-RESULT-compile-success: pass
TEST-RESULT-compile-hash: 2aeb35ada12e0ebf56e43a94435358c4
TEST-RESULT-compile-time: user       0.0220
TEST-RESULT-compile-real-time: real       0.0354

TEST-PASS: exec /home/ed/mcsema-testing/SANDBOX/test-2015-12-21_15-36-50/SingleSource/Regression/C/2003-05-21-UnionTest
TEST-RESULT-exec-success: pass
TEST-RESULT-exec-time: user       0.0008
TEST-RESULT-exec-real-time: real       0.0016
---------------------------------------------------------------
>>> ========= '/home/ed/mcsema-testing/SANDBOX/test-2015-12-21_15-36-50/SingleSource/Regression/C/PR491' Program
---------------------------------------------------------------

TEST-PASS: compile /home/ed/mcsema-testing/SANDBOX/test-2015-12-21_15-36-50/SingleSource/Regression/C/PR491
TEST-RESULT-compile-success: pass
TEST-RESULT-compile-hash: 03f0d9ba431f4f825ac429335d8d6918
TEST-RESULT-compile-time: user       0.0213
TEST-RESULT-compile-real-time: real       0.0341

TEST-PASS: exec /home/ed/mcsema-testing/SANDBOX/test-2015-12-21_15-36-50/SingleSource/Regression/C/PR491
TEST-RESULT-exec-success: pass
TEST-RESULT-exec-time: user       0.0009
TEST-RESULT-exec-real-time: real       0.0017
---------------------------------------------------------------
>>> ========= '/home/ed/mcsema-testing/SANDBOX/test-2015-12-21_15-36-50/SingleSource/Regression/C/2003-10-12-GlobalVarInitializers' Program
---------------------------------------------------------------

TEST-PASS: compile /home/ed/mcsema-testing/SANDBOX/test-2015-12-21_15-36-50/SingleSource/Regression/C/2003-10-12-GlobalVarInitializers
TEST-RESULT-compile-success: pass
TEST-RESULT-compile-hash: 54fe8257c2f1e55ba75b5c4d68e09d51
TEST-RESULT-compile-time: user       0.0210
TEST-RESULT-compile-real-time: real       0.0344

TEST-PASS: exec /home/ed/mcsema-testing/SANDBOX/test-2015-12-21_15-36-50/SingleSource/Regression/C/2003-10-12-GlobalVarInitializers
TEST-RESULT-exec-success: pass
TEST-RESULT-exec-time: user       0.0009
TEST-RESULT-exec-real-time: real       0.0019
---------------------------------------------------------------
>>> ========= '/home/ed/mcsema-testing/SANDBOX/test-2015-12-21_15-36-50/SingleSource/Regression/C/2003-05-22-VarSizeArray' Program
---------------------------------------------------------------

TEST-PASS: compile /home/ed/mcsema-testing/SANDBOX/test-2015-12-21_15-36-50/SingleSource/Regression/C/2003-05-22-VarSizeArray
TEST-RESULT-compile-success: pass
TEST-RESULT-compile-hash: 2eb4f84ef6559b3b51b001c49555b876
TEST-RESULT-compile-time: user       0.0209
TEST-RESULT-compile-real-time: real       0.0343

TEST-PASS: exec /home/ed/mcsema-testing/SANDBOX/test-2015-12-21_15-36-50/SingleSource/Regression/C/2003-05-22-VarSizeArray
TEST-RESULT-exec-success: pass
TEST-RESULT-exec-time: user       0.0008
TEST-RESULT-exec-real-time: real       0.0017
---------------------------------------------------------------
>>> ========= '/home/ed/mcsema-testing/SANDBOX/test-2015-12-21_15-36-50/SingleSource/Regression/C/2003-05-21-UnionBitfields' Program
---------------------------------------------------------------

TEST-PASS: compile /home/ed/mcsema-testing/SANDBOX/test-2015-12-21_15-36-50/SingleSource/Regression/C/2003-05-21-UnionBitfields
TEST-RESULT-compile-success: pass
TEST-RESULT-compile-hash: 24a3df4de2572fded73ba93dde8e52a6
TEST-RESULT-compile-time: user       0.0304
TEST-RESULT-compile-real-time: real       0.0453

TEST-PASS: exec /home/ed/mcsema-testing/SANDBOX/test-2015-12-21_15-36-50/SingleSource/Regression/C/2003-05-21-UnionBitfields
TEST-RESULT-exec-success: pass
TEST-RESULT-exec-time: user       0.0008
TEST-RESULT-exec-real-time: real       0.0016
---------------------------------------------------------------
>>> ========= '/home/ed/mcsema-testing/SANDBOX/test-2015-12-21_15-36-50/SingleSource/Regression/C/2004-02-03-AggregateCopy' Program
---------------------------------------------------------------

TEST-PASS: compile /home/ed/mcsema-testing/SANDBOX/test-2015-12-21_15-36-50/SingleSource/Regression/C/2004-02-03-AggregateCopy
TEST-RESULT-compile-success: pass
TEST-RESULT-compile-hash: 48e2d8a2b58c7d1396b855e7cfa97e7a
TEST-RESULT-compile-time: user       0.0208
TEST-RESULT-compile-real-time: real       0.0343

TEST-PASS: exec /home/ed/mcsema-testing/SANDBOX/test-2015-12-21_15-36-50/SingleSource/Regression/C/2004-02-03-AggregateCopy
TEST-RESULT-exec-success: pass
TEST-RESULT-exec-time: user       0.0008
TEST-RESULT-exec-real-time: real       0.0017
---------------------------------------------------------------
>>> ========= '/home/ed/mcsema-testing/SANDBOX/test-2015-12-21_15-36-50/SingleSource/Regression/C/sumarray2d' Program
---------------------------------------------------------------

TEST-PASS: compile /home/ed/mcsema-testing/SANDBOX/test-2015-12-21_15-36-50/SingleSource/Regression/C/sumarray2d
TEST-RESULT-compile-success: pass
TEST-RESULT-compile-hash: 99a2da2a654b4bfb0c915a0d0fa5985b
TEST-RESULT-compile-time: user       0.0343
TEST-RESULT-compile-real-time: real       0.0489

TEST-PASS: exec /home/ed/mcsema-testing/SANDBOX/test-2015-12-21_15-36-50/SingleSource/Regression/C/sumarray2d
TEST-RESULT-exec-success: pass
TEST-RESULT-exec-time: user       0.0009
TEST-RESULT-exec-real-time: real       0.0020
---------------------------------------------------------------
>>> ========= '/home/ed/mcsema-testing/SANDBOX/test-2015-12-21_15-36-50/SingleSource/Regression/C/2008-01-07-LongDouble' Program
---------------------------------------------------------------

TEST-PASS: compile /home/ed/mcsema-testing/SANDBOX/test-2015-12-21_15-36-50/SingleSource/Regression/C/2008-01-07-LongDouble
TEST-RESULT-compile-success: pass
TEST-RESULT-compile-hash: 2d93d2de7ed81904430b365282903388
TEST-RESULT-compile-time: user       0.0208
TEST-RESULT-compile-real-time: real       0.0342

TEST-PASS: exec /home/ed/mcsema-testing/SANDBOX/test-2015-12-21_15-36-50/SingleSource/Regression/C/2008-01-07-LongDouble
TEST-RESULT-exec-success: pass
TEST-RESULT-exec-time: user       0.0009
TEST-RESULT-exec-real-time: real       0.0017
---------------------------------------------------------------
>>> ========= '/home/ed/mcsema-testing/SANDBOX/test-2015-12-21_15-36-50/SingleSource/Regression/C/pointer_arithmetic' Program
---------------------------------------------------------------

TEST-PASS: compile /home/ed/mcsema-testing/SANDBOX/test-2015-12-21_15-36-50/SingleSource/Regression/C/pointer_arithmetic
TEST-RESULT-compile-success: pass
TEST-RESULT-compile-hash: 29ad544af4347bcb3e861e1d6b964eaf
TEST-RESULT-compile-time: user       0.0164
TEST-RESULT-compile-real-time: real       0.0280

TEST-PASS: exec /home/ed/mcsema-testing/SANDBOX/test-2015-12-21_15-36-50/SingleSource/Regression/C/pointer_arithmetic
TEST-RESULT-exec-success: pass
TEST-RESULT-exec-time: user       0.0008
TEST-RESULT-exec-real-time: real       0.0018
---------------------------------------------------------------
>>> ========= '/home/ed/mcsema-testing/SANDBOX/test-2015-12-21_15-36-50/SingleSource/Regression/C/ConstructorDestructorAttributes' Program
---------------------------------------------------------------

TEST-PASS: compile /home/ed/mcsema-testing/SANDBOX/test-2015-12-21_15-36-50/SingleSource/Regression/C/ConstructorDestructorAttributes
TEST-RESULT-compile-success: pass
TEST-RESULT-compile-hash: ba592ffb1aeebc78e3331a2582c77657
TEST-RESULT-compile-time: user       0.0212
TEST-RESULT-compile-real-time: real       0.0339

TEST-PASS: exec /home/ed/mcsema-testing/SANDBOX/test-2015-12-21_15-36-50/SingleSource/Regression/C/ConstructorDestructorAttributes
TEST-RESULT-exec-success: pass
TEST-RESULT-exec-time: user       0.0008
TEST-RESULT-exec-real-time: real       0.0017
---------------------------------------------------------------
>>> ========= '/home/ed/mcsema-testing/SANDBOX/test-2015-12-21_15-36-50/SingleSource/Regression/C/2003-05-14-initialize-string' Program
---------------------------------------------------------------

TEST-PASS: compile /home/ed/mcsema-testing/SANDBOX/test-2015-12-21_15-36-50/SingleSource/Regression/C/2003-05-14-initialize-string
TEST-RESULT-compile-success: pass
TEST-RESULT-compile-hash: bcd062767b285f5458c137e9da5555e3
TEST-RESULT-compile-time: user       0.0163
TEST-RESULT-compile-real-time: real       0.0287

TEST-PASS: exec /home/ed/mcsema-testing/SANDBOX/test-2015-12-21_15-36-50/SingleSource/Regression/C/2003-05-14-initialize-string
TEST-RESULT-exec-success: pass
TEST-RESULT-exec-time: user       0.0008
TEST-RESULT-exec-real-time: real       0.0017
---------------------------------------------------------------
>>> ========= '/home/ed/mcsema-testing/SANDBOX/test-2015-12-21_15-36-50/SingleSource/Regression/C/2004-03-15-IndirectGoto' Program
---------------------------------------------------------------

TEST-PASS: compile /home/ed/mcsema-testing/SANDBOX/test-2015-12-21_15-36-50/SingleSource/Regression/C/2004-03-15-IndirectGoto
TEST-RESULT-compile-success: pass
TEST-RESULT-compile-hash: 71dc950514fd59fc8732e3342d880f4b
TEST-RESULT-compile-time: user       0.0216
TEST-RESULT-compile-real-time: real       0.0350

TEST-PASS: exec /home/ed/mcsema-testing/SANDBOX/test-2015-12-21_15-36-50/SingleSource/Regression/C/2004-03-15-IndirectGoto
TEST-RESULT-exec-success: pass
TEST-RESULT-exec-time: user       0.0008
TEST-RESULT-exec-real-time: real       0.0016
---------------------------------------------------------------
>>> ========= '/home/ed/mcsema-testing/SANDBOX/test-2015-12-21_15-36-50/SingleSource/Regression/C/uint64_to_float' Program
---------------------------------------------------------------

TEST-PASS: compile /home/ed/mcsema-testing/SANDBOX/test-2015-12-21_15-36-50/SingleSource/Regression/C/uint64_to_float
TEST-RESULT-compile-success: pass
TEST-RESULT-compile-hash: a64e6786384f2b78de60f6df8e5c534c
TEST-RESULT-compile-time: user       0.0364
TEST-RESULT-compile-real-time: real       0.1536

TEST-PASS: exec /home/ed/mcsema-testing/SANDBOX/test-2015-12-21_15-36-50/SingleSource/Regression/C/uint64_to_float
TEST-RESULT-exec-success: pass
TEST-RESULT-exec-time: user       0.3436
TEST-RESULT-exec-real-time: real       0.3455
---------------------------------------------------------------
>>> ========= '/home/ed/mcsema-testing/SANDBOX/test-2015-12-21_15-36-50/SingleSource/Regression/C/PR1386' Program
---------------------------------------------------------------

TEST-PASS: compile /home/ed/mcsema-testing/SANDBOX/test-2015-12-21_15-36-50/SingleSource/Regression/C/PR1386
TEST-RESULT-compile-success: pass
TEST-RESULT-compile-hash: c22b50a523a6087daecb18018b70261f
TEST-RESULT-compile-time: user       0.0208
TEST-RESULT-compile-real-time: real       0.0339

TEST-PASS: exec /home/ed/mcsema-testing/SANDBOX/test-2015-12-21_15-36-50/SingleSource/Regression/C/PR1386
TEST-RESULT-exec-success: pass
TEST-RESULT-exec-time: user       0.0008
TEST-RESULT-exec-real-time: real       0.0018
---------------------------------------------------------------
>>> ========= '/home/ed/mcsema-testing/SANDBOX/test-2015-12-21_15-36-50/SingleSource/Benchmarks/Shootout/fib2' Program
---------------------------------------------------------------

TEST-PASS: compile /home/ed/mcsema-testing/SANDBOX/test-2015-12-21_15-36-50/SingleSource/Benchmarks/Shootout/fib2
TEST-RESULT-compile-success: pass
TEST-RESULT-compile-hash: fdff59455f1fe116e4819489ad44e6fb
TEST-RESULT-compile-time: user       0.0228
TEST-RESULT-compile-real-time: real       0.0448

TEST-PASS: exec /home/ed/mcsema-testing/SANDBOX/test-2015-12-21_15-36-50/SingleSource/Benchmarks/Shootout/fib2
TEST-RESULT-exec-success: pass
TEST-RESULT-exec-time: user       2.1778
TEST-RESULT-exec-real-time: real       2.1824
---------------------------------------------------------------
>>> ========= '/home/ed/mcsema-testing/SANDBOX/test-2015-12-21_15-36-50/SingleSource/Benchmarks/Shootout/ackermann' Program
---------------------------------------------------------------

TEST-PASS: compile /home/ed/mcsema-testing/SANDBOX/test-2015-12-21_15-36-50/SingleSource/Benchmarks/Shootout/ackermann
TEST-RESULT-compile-success: pass
TEST-RESULT-compile-hash: 16d0486e336238409205e14d566c6586
TEST-RESULT-compile-time: user       0.0277
TEST-RESULT-compile-real-time: real       0.0418

TEST-PASS: exec /home/ed/mcsema-testing/SANDBOX/test-2015-12-21_15-36-50/SingleSource/Benchmarks/Shootout/ackermann
TEST-RESULT-exec-success: pass
TEST-RESULT-exec-time: user       0.0045
TEST-RESULT-exec-real-time: real       0.0053
---------------------------------------------------------------
>>> ========= '/home/ed/mcsema-testing/SANDBOX/test-2015-12-21_15-36-50/SingleSource/Benchmarks/Shootout/random' Program
---------------------------------------------------------------

TEST-PASS: compile /home/ed/mcsema-testing/SANDBOX/test-2015-12-21_15-36-50/SingleSource/Benchmarks/Shootout/random
TEST-RESULT-compile-success: pass
TEST-RESULT-compile-hash: 50af650b6775e596e9b5555ee63e544e
TEST-RESULT-compile-time: user       0.0360
TEST-RESULT-compile-real-time: real       0.0510

TEST-PASS: exec /home/ed/mcsema-testing/SANDBOX/test-2015-12-21_15-36-50/SingleSource/Benchmarks/Shootout/random
TEST-RESULT-exec-success: pass
TEST-RESULT-exec-time: user       2.5100
TEST-RESULT-exec-real-time: real       2.5146
---------------------------------------------------------------
>>> ========= '/home/ed/mcsema-testing/SANDBOX/test-2015-12-21_15-36-50/SingleSource/Benchmarks/Shootout/hello' Program
---------------------------------------------------------------

TEST-PASS: compile /home/ed/mcsema-testing/SANDBOX/test-2015-12-21_15-36-50/SingleSource/Benchmarks/Shootout/hello
TEST-RESULT-compile-success: pass
TEST-RESULT-compile-hash: bacc2d1d80fe6f9feefcb40d3fa0e39d
TEST-RESULT-compile-time: user       0.0198
TEST-RESULT-compile-real-time: real       0.0326

TEST-PASS: exec /home/ed/mcsema-testing/SANDBOX/test-2015-12-21_15-36-50/SingleSource/Benchmarks/Shootout/hello
TEST-RESULT-exec-success: pass
TEST-RESULT-exec-time: user       0.0008
TEST-RESULT-exec-real-time: real       0.0017
---------------------------------------------------------------
>>> ========= '/home/ed/mcsema-testing/SANDBOX/test-2015-12-21_15-36-50/SingleSource/Benchmarks/Shootout/ary3' Program
---------------------------------------------------------------

TEST-PASS: compile /home/ed/mcsema-testing/SANDBOX/test-2015-12-21_15-36-50/SingleSource/Benchmarks/Shootout/ary3
TEST-RESULT-compile-success: pass
TEST-RESULT-compile-hash: ebf73b56a9939531b9fcbb401fa11a60
TEST-RESULT-compile-time: user       0.0336
TEST-RESULT-compile-real-time: real       0.0495

TEST-PASS: exec /home/ed/mcsema-testing/SANDBOX/test-2015-12-21_15-36-50/SingleSource/Benchmarks/Shootout/ary3
TEST-RESULT-exec-success: pass
TEST-RESULT-exec-time: user       1.4603
TEST-RESULT-exec-real-time: real       1.4792
---------------------------------------------------------------
>>> ========= '/home/ed/mcsema-testing/SANDBOX/test-2015-12-21_15-36-50/SingleSource/Benchmarks/Shootout/methcall' Program
---------------------------------------------------------------

TEST-PASS: compile /home/ed/mcsema-testing/SANDBOX/test-2015-12-21_15-36-50/SingleSource/Benchmarks/Shootout/methcall
TEST-RESULT-compile-success: pass
TEST-RESULT-compile-hash: 1a02999fe4ae811c1d21a8069692947e
TEST-RESULT-compile-time: user       0.0345
TEST-RESULT-compile-real-time: real       0.0492

TEST-PASS: exec /home/ed/mcsema-testing/SANDBOX/test-2015-12-21_15-36-50/SingleSource/Benchmarks/Shootout/methcall
TEST-RESULT-exec-success: pass
TEST-RESULT-exec-time: user       3.0385
TEST-RESULT-exec-real-time: real       3.0445
---------------------------------------------------------------
>>> ========= '/home/ed/mcsema-testing/SANDBOX/test-2015-12-21_15-36-50/SingleSource/Benchmarks/Shootout/hash' Program
---------------------------------------------------------------

TEST-PASS: compile /home/ed/mcsema-testing/SANDBOX/test-2015-12-21_15-36-50/SingleSource/Benchmarks/Shootout/hash
TEST-RESULT-compile-success: pass
TEST-RESULT-compile-hash: a38920134b42aac0790cf7d2428ac684
TEST-RESULT-compile-time: user       0.0564
TEST-RESULT-compile-real-time: real       0.0768

TEST-PASS: exec /home/ed/mcsema-testing/SANDBOX/test-2015-12-21_15-36-50/SingleSource/Benchmarks/Shootout/hash
TEST-RESULT-exec-success: pass
TEST-RESULT-exec-time: user       4.0823
TEST-RESULT-exec-real-time: real       4.6347
---------------------------------------------------------------
>>> ========= '/home/ed/mcsema-testing/SANDBOX/test-2015-12-21_15-36-50/SingleSource/Benchmarks/Shootout/matrix' Program
---------------------------------------------------------------

TEST-PASS: compile /home/ed/mcsema-testing/SANDBOX/test-2015-12-21_15-36-50/SingleSource/Benchmarks/Shootout/matrix
TEST-RESULT-compile-success: pass
TEST-RESULT-compile-hash: bf3d9f9cc3d090183ecfc3089335f548
TEST-RESULT-compile-time: user       0.0573
TEST-RESULT-compile-real-time: real       0.0723

TEST-PASS: exec /home/ed/mcsema-testing/SANDBOX/test-2015-12-21_15-36-50/SingleSource/Benchmarks/Shootout/matrix
TEST-RESULT-exec-success: pass
TEST-RESULT-exec-time: user       2.0094
TEST-RESULT-exec-real-time: real       2.0144
---------------------------------------------------------------
>>> ========= '/home/ed/mcsema-testing/SANDBOX/test-2015-12-21_15-36-50/SingleSource/Benchmarks/Shootout/nestedloop' Program
---------------------------------------------------------------

TEST-PASS: compile /home/ed/mcsema-testing/SANDBOX/test-2015-12-21_15-36-50/SingleSource/Benchmarks/Shootout/nestedloop
TEST-RESULT-compile-success: pass
TEST-RESULT-compile-hash: 482f0e82908c5fd0ea9ae73d086d81af
TEST-RESULT-compile-time: user       0.0317
TEST-RESULT-compile-real-time: real       0.0460

TEST-PASS: exec /home/ed/mcsema-testing/SANDBOX/test-2015-12-21_15-36-50/SingleSource/Benchmarks/Shootout/nestedloop
TEST-RESULT-exec-success: pass
TEST-RESULT-exec-time: user       0.0338
TEST-RESULT-exec-real-time: real       0.0354
---------------------------------------------------------------
>>> ========= '/home/ed/mcsema-testing/SANDBOX/test-2015-12-21_15-36-50/SingleSource/Benchmarks/Shootout/sieve' Program
---------------------------------------------------------------

TEST-PASS: compile /home/ed/mcsema-testing/SANDBOX/test-2015-12-21_15-36-50/SingleSource/Benchmarks/Shootout/sieve
TEST-RESULT-compile-success: pass
TEST-RESULT-compile-hash: 2221b20d5f949efd0b9410bc60974813
TEST-RESULT-compile-time: user       0.0296
TEST-RESULT-compile-real-time: real       0.0446

TEST-PASS: exec /home/ed/mcsema-testing/SANDBOX/test-2015-12-21_15-36-50/SingleSource/Benchmarks/Shootout/sieve
TEST-RESULT-exec-success: pass
TEST-RESULT-exec-time: user       4.9325
TEST-RESULT-exec-real-time: real       4.9409
---------------------------------------------------------------
>>> ========= '/home/ed/mcsema-testing/SANDBOX/test-2015-12-21_15-36-50/SingleSource/Benchmarks/Shootout/heapsort' Program
---------------------------------------------------------------

TEST-PASS: compile /home/ed/mcsema-testing/SANDBOX/test-2015-12-21_15-36-50/SingleSource/Benchmarks/Shootout/heapsort
TEST-RESULT-compile-success: pass
TEST-RESULT-compile-hash: 2a0d43cd399b63beb64e18910fb15f5b
TEST-RESULT-compile-time: user       0.0433
TEST-RESULT-compile-real-time: real       0.0603

TEST-PASS: exec /home/ed/mcsema-testing/SANDBOX/test-2015-12-21_15-36-50/SingleSource/Benchmarks/Shootout/heapsort
TEST-RESULT-exec-success: pass
TEST-RESULT-exec-time: user       2.6999
TEST-RESULT-exec-real-time: real       3.1915
---------------------------------------------------------------
>>> ========= '/home/ed/mcsema-testing/SANDBOX/test-2015-12-21_15-36-50/SingleSource/Benchmarks/Shootout/objinst' Program
---------------------------------------------------------------

TEST-PASS: compile /home/ed/mcsema-testing/SANDBOX/test-2015-12-21_15-36-50/SingleSource/Benchmarks/Shootout/objinst
TEST-RESULT-compile-success: pass
TEST-RESULT-compile-hash: edb0fece33431ad54453b6ae885471ae
TEST-RESULT-compile-time: user       0.0390
TEST-RESULT-compile-real-time: real       0.0535

TEST-PASS: exec /home/ed/mcsema-testing/SANDBOX/test-2015-12-21_15-36-50/SingleSource/Benchmarks/Shootout/objinst
TEST-RESULT-exec-success: pass
TEST-RESULT-exec-time: user       0.0008
TEST-RESULT-exec-real-time: real       0.0018
---------------------------------------------------------------
>>> ========= '/home/ed/mcsema-testing/SANDBOX/test-2015-12-21_15-36-50/SingleSource/Benchmarks/Shootout/strcat' Program
---------------------------------------------------------------

TEST-PASS: compile /home/ed/mcsema-testing/SANDBOX/test-2015-12-21_15-36-50/SingleSource/Benchmarks/Shootout/strcat
TEST-RESULT-compile-success: pass
TEST-RESULT-compile-hash: cc3a0424e2745b52a24a92502c394bfe
TEST-RESULT-compile-time: user       0.0333
TEST-RESULT-compile-real-time: real       0.0485

TEST-PASS: exec /home/ed/mcsema-testing/SANDBOX/test-2015-12-21_15-36-50/SingleSource/Benchmarks/Shootout/strcat
TEST-RESULT-exec-success: pass
TEST-RESULT-exec-time: user       0.1147
TEST-RESULT-exec-real-time: real       0.1318
---------------------------------------------------------------
>>> ========= '/home/ed/mcsema-testing/SANDBOX/test-2015-12-21_15-36-50/SingleSource/Benchmarks/Shootout/lists' Program
---------------------------------------------------------------

TEST-PASS: compile /home/ed/mcsema-testing/SANDBOX/test-2015-12-21_15-36-50/SingleSource/Benchmarks/Shootout/lists
TEST-RESULT-compile-success: pass
TEST-RESULT-compile-hash: 93f1eec5d2b3fbf474a799e9b3c1cdc4
TEST-RESULT-compile-time: user       0.0583
TEST-RESULT-compile-real-time: real       0.0741

TEST-PASS: exec /home/ed/mcsema-testing/SANDBOX/test-2015-12-21_15-36-50/SingleSource/Benchmarks/Shootout/lists
TEST-RESULT-exec-success: pass
TEST-RESULT-exec-time: user       4.8724
TEST-RESULT-exec-real-time: real       4.8811
---------------------------------------------------------------
>>> ========= '/home/ed/mcsema-testing/SANDBOX/test-2015-12-21_15-36-50/SingleSource/Benchmarks/BenchmarkGame/recursive' Program
---------------------------------------------------------------

TEST-PASS: compile /home/ed/mcsema-testing/SANDBOX/test-2015-12-21_15-36-50/SingleSource/Benchmarks/BenchmarkGame/recursive
TEST-RESULT-compile-success: pass
TEST-RESULT-compile-hash: b1eedd732894e99053cbe9170e3cd1e4
TEST-RESULT-compile-time: user       0.0283
TEST-RESULT-compile-real-time: real       0.0423

TEST-PASS: exec /home/ed/mcsema-testing/SANDBOX/test-2015-12-21_15-36-50/SingleSource/Benchmarks/BenchmarkGame/recursive
TEST-RESULT-exec-success: pass
TEST-RESULT-exec-time: user       0.9076
TEST-RESULT-exec-real-time: real       0.9103
---------------------------------------------------------------
>>> ========= '/home/ed/mcsema-testing/SANDBOX/test-2015-12-21_15-36-50/SingleSource/Benchmarks/BenchmarkGame/fannkuch' Program
---------------------------------------------------------------

TEST-PASS: compile /home/ed/mcsema-testing/SANDBOX/test-2015-12-21_15-36-50/SingleSource/Benchmarks/BenchmarkGame/fannkuch
TEST-RESULT-compile-success: pass
TEST-RESULT-compile-hash: bac89f8ccec1f4826108568de26b0c0e
TEST-RESULT-compile-time: user       0.0448
TEST-RESULT-compile-real-time: real       0.0601

TEST-PASS: exec /home/ed/mcsema-testing/SANDBOX/test-2015-12-21_15-36-50/SingleSource/Benchmarks/BenchmarkGame/fannkuch
TEST-RESULT-exec-success: pass
TEST-RESULT-exec-time: user       2.1463
TEST-RESULT-exec-real-time: real       2.1516
---------------------------------------------------------------
>>> ========= '/home/ed/mcsema-testing/SANDBOX/test-2015-12-21_15-36-50/SingleSource/Benchmarks/BenchmarkGame/puzzle' Program
---------------------------------------------------------------

TEST-PASS: compile /home/ed/mcsema-testing/SANDBOX/test-2015-12-21_15-36-50/SingleSource/Benchmarks/BenchmarkGame/puzzle
TEST-RESULT-compile-success: pass
TEST-RESULT-compile-hash: e32c7b25d6997b632393ee78ac46b84e
TEST-RESULT-compile-time: user       0.0481
TEST-RESULT-compile-real-time: real       0.0640

TEST-PASS: exec /home/ed/mcsema-testing/SANDBOX/test-2015-12-21_15-36-50/SingleSource/Benchmarks/BenchmarkGame/puzzle
TEST-RESULT-exec-success: pass
TEST-RESULT-exec-time: user       0.2213
TEST-RESULT-exec-real-time: real       0.2249
---------------------------------------------------------------
>>> ========= '/home/ed/mcsema-testing/SANDBOX/test-2015-12-21_15-36-50/SingleSource/Benchmarks/BenchmarkGame/partialsums' Program
---------------------------------------------------------------

TEST-PASS: compile /home/ed/mcsema-testing/SANDBOX/test-2015-12-21_15-36-50/SingleSource/Benchmarks/BenchmarkGame/partialsums
TEST-RESULT-compile-success: pass
TEST-RESULT-compile-hash: 6f4c38db26c04dd38f669a996996bc19
TEST-RESULT-compile-time: user       0.0352
TEST-RESULT-compile-real-time: real       0.0506

TEST-PASS: exec /home/ed/mcsema-testing/SANDBOX/test-2015-12-21_15-36-50/SingleSource/Benchmarks/BenchmarkGame/partialsums
TEST-RESULT-exec-success: pass
TEST-RESULT-exec-time: user       0.8029
TEST-RESULT-exec-real-time: real       0.8056
---------------------------------------------------------------
>>> ========= '/home/ed/mcsema-testing/SANDBOX/test-2015-12-21_15-36-50/SingleSource/Benchmarks/BenchmarkGame/nsieve-bits' Program
---------------------------------------------------------------

TEST-PASS: compile /home/ed/mcsema-testing/SANDBOX/test-2015-12-21_15-36-50/SingleSource/Benchmarks/BenchmarkGame/nsieve-bits
TEST-RESULT-compile-success: pass
TEST-RESULT-compile-hash: 32f5d4ae690ad7d9e2bcda358701d3f2
TEST-RESULT-compile-time: user       0.0356
TEST-RESULT-compile-real-time: real       0.0505

TEST-PASS: exec /home/ed/mcsema-testing/SANDBOX/test-2015-12-21_15-36-50/SingleSource/Benchmarks/BenchmarkGame/nsieve-bits
TEST-RESULT-exec-success: pass
TEST-RESULT-exec-time: user       0.7290
TEST-RESULT-exec-real-time: real       0.7330
---------------------------------------------------------------
>>> ========= '/home/ed/mcsema-testing/SANDBOX/test-2015-12-21_15-36-50/SingleSource/Benchmarks/BenchmarkGame/n-body' Program
---------------------------------------------------------------

TEST-PASS: compile /home/ed/mcsema-testing/SANDBOX/test-2015-12-21_15-36-50/SingleSource/Benchmarks/BenchmarkGame/n-body
TEST-RESULT-compile-success: pass
TEST-RESULT-compile-hash: b7db072b3ba362f9194cd9fa86f332d9
TEST-RESULT-compile-time: user       0.0595
TEST-RESULT-compile-real-time: real       0.0767

TEST-PASS: exec /home/ed/mcsema-testing/SANDBOX/test-2015-12-21_15-36-50/SingleSource/Benchmarks/BenchmarkGame/n-body
TEST-RESULT-exec-success: pass
TEST-RESULT-exec-time: user       1.0951
TEST-RESULT-exec-real-time: real       1.0983
---------------------------------------------------------------
>>> ========= '/home/ed/mcsema-testing/SANDBOX/test-2015-12-21_15-36-50/SingleSource/Benchmarks/BenchmarkGame/spectral-norm' Program
---------------------------------------------------------------

TEST-PASS: compile /home/ed/mcsema-testing/SANDBOX/test-2015-12-21_15-36-50/SingleSource/Benchmarks/BenchmarkGame/spectral-norm
TEST-RESULT-compile-success: pass
TEST-RESULT-compile-hash: 0e56d57b74c832a5775b05cd69fa13d9
TEST-RESULT-compile-time: user       0.0513
TEST-RESULT-compile-real-time: real       0.0674

TEST-PASS: exec /home/ed/mcsema-testing/SANDBOX/test-2015-12-21_15-36-50/SingleSource/Benchmarks/BenchmarkGame/spectral-norm
TEST-RESULT-exec-success: pass
TEST-RESULT-exec-time: user       1.0384
TEST-RESULT-exec-real-time: real       1.0413
---------------------------------------------------------------
>>> ========= '/home/ed/mcsema-testing/SANDBOX/test-2015-12-21_15-36-50/SingleSource/Benchmarks/BenchmarkGame/Large/fasta' Program
---------------------------------------------------------------

TEST-PASS: compile /home/ed/mcsema-testing/SANDBOX/test-2015-12-21_15-36-50/SingleSource/Benchmarks/BenchmarkGame/Large/fasta
TEST-RESULT-compile-success: pass
TEST-RESULT-compile-hash: d1f6697b725ba753ee9225f930b02de2
TEST-RESULT-compile-time: user       0.0428
TEST-RESULT-compile-real-time: real       0.0594

TEST-PASS: exec /home/ed/mcsema-testing/SANDBOX/test-2015-12-21_15-36-50/SingleSource/Benchmarks/BenchmarkGame/Large/fasta
TEST-RESULT-exec-success: pass
TEST-RESULT-exec-time: user       0.7433
TEST-RESULT-exec-real-time: real       0.8007
---------------------------------------------------------------
>>> ========= '/home/ed/mcsema-testing/SANDBOX/test-2015-12-21_15-36-50/SingleSource/Benchmarks/Dhrystone/fldry' Program
---------------------------------------------------------------

TEST-PASS: compile /home/ed/mcsema-testing/SANDBOX/test-2015-12-21_15-36-50/SingleSource/Benchmarks/Dhrystone/fldry
TEST-RESULT-compile-success: pass
TEST-RESULT-compile-hash: 7fc9ddff873599eb7e779f650c596fd7
TEST-RESULT-compile-time: user       0.0477
TEST-RESULT-compile-real-time: real       0.0646

TEST-PASS: exec /home/ed/mcsema-testing/SANDBOX/test-2015-12-21_15-36-50/SingleSource/Benchmarks/Dhrystone/fldry
TEST-RESULT-exec-success: pass
TEST-RESULT-exec-time: user       0.3673
TEST-RESULT-exec-real-time: real       0.3694
---------------------------------------------------------------
>>> ========= '/home/ed/mcsema-testing/SANDBOX/test-2015-12-21_15-36-50/SingleSource/Benchmarks/Dhrystone/dry' Program
---------------------------------------------------------------

TEST-PASS: compile /home/ed/mcsema-testing/SANDBOX/test-2015-12-21_15-36-50/SingleSource/Benchmarks/Dhrystone/dry
TEST-RESULT-compile-success: pass
TEST-RESULT-compile-hash: 654f3dd73908b9ac6f30250edde9836e
TEST-RESULT-compile-time: user       0.0452
TEST-RESULT-compile-real-time: real       0.0621

TEST-PASS: exec /home/ed/mcsema-testing/SANDBOX/test-2015-12-21_15-36-50/SingleSource/Benchmarks/Dhrystone/dry
TEST-RESULT-exec-success: pass
TEST-RESULT-exec-time: user       0.4809
TEST-RESULT-exec-real-time: real       0.4828
---------------------------------------------------------------
>>> ========= '/home/ed/mcsema-testing/SANDBOX/test-2015-12-21_15-36-50/SingleSource/Benchmarks/CoyoteBench/fftbench' Program
---------------------------------------------------------------

TEST-PASS: compile /home/ed/mcsema-testing/SANDBOX/test-2015-12-21_15-36-50/SingleSource/Benchmarks/CoyoteBench/fftbench
TEST-RESULT-compile-success: pass
TEST-RESULT-compile-hash: b84b1ce92793ab1ac921641272097833
TEST-RESULT-compile-time: user       0.2866
TEST-RESULT-compile-real-time: real       0.3329

TEST-PASS: exec /home/ed/mcsema-testing/SANDBOX/test-2015-12-21_15-36-50/SingleSource/Benchmarks/CoyoteBench/fftbench
TEST-RESULT-exec-success: pass
TEST-RESULT-exec-time: user       1.0972
TEST-RESULT-exec-real-time: real       1.2610
---------------------------------------------------------------
>>> ========= '/home/ed/mcsema-testing/SANDBOX/test-2015-12-21_15-36-50/SingleSource/Benchmarks/CoyoteBench/almabench' Program
---------------------------------------------------------------

TEST-PASS: compile /home/ed/mcsema-testing/SANDBOX/test-2015-12-21_15-36-50/SingleSource/Benchmarks/CoyoteBench/almabench
TEST-RESULT-compile-success: pass
TEST-RESULT-compile-hash: 58b5c718552124326eab39e0ec601a91
TEST-RESULT-compile-time: user       0.0615
TEST-RESULT-compile-real-time: real       0.1009

TEST-PASS: exec /home/ed/mcsema-testing/SANDBOX/test-2015-12-21_15-36-50/SingleSource/Benchmarks/CoyoteBench/almabench
TEST-RESULT-exec-success: pass
TEST-RESULT-exec-time: user       11.3820
TEST-RESULT-exec-real-time: real       11.4008
---------------------------------------------------------------
>>> ========= '/home/ed/mcsema-testing/SANDBOX/test-2015-12-21_15-36-50/SingleSource/Benchmarks/CoyoteBench/huffbench' Program
---------------------------------------------------------------

TEST-PASS: compile /home/ed/mcsema-testing/SANDBOX/test-2015-12-21_15-36-50/SingleSource/Benchmarks/CoyoteBench/huffbench
TEST-RESULT-compile-success: pass
TEST-RESULT-compile-hash: 512af22db44d236d5f236873720a8da8
TEST-RESULT-compile-time: user       0.0778
TEST-RESULT-compile-real-time: real       0.0967

TEST-PASS: exec /home/ed/mcsema-testing/SANDBOX/test-2015-12-21_15-36-50/SingleSource/Benchmarks/CoyoteBench/huffbench
TEST-RESULT-exec-success: pass
TEST-RESULT-exec-time: user       13.4608
TEST-RESULT-exec-real-time: real       13.6973
---------------------------------------------------------------
>>> ========= '/home/ed/mcsema-testing/SANDBOX/test-2015-12-21_15-36-50/SingleSource/Benchmarks/CoyoteBench/lpbench' Program
---------------------------------------------------------------

TEST-PASS: compile /home/ed/mcsema-testing/SANDBOX/test-2015-12-21_15-36-50/SingleSource/Benchmarks/CoyoteBench/lpbench
TEST-RESULT-compile-success: pass
TEST-RESULT-compile-hash: 1d2127e9f025bba0645a7e3fe66c8cf6
TEST-RESULT-compile-time: user       0.1047
TEST-RESULT-compile-real-time: real       0.1234

TEST-PASS: exec /home/ed/mcsema-testing/SANDBOX/test-2015-12-21_15-36-50/SingleSource/Benchmarks/CoyoteBench/lpbench
TEST-RESULT-exec-success: pass
TEST-RESULT-exec-time: user       5.4028
TEST-RESULT-exec-real-time: real       5.4562
---------------------------------------------------------------
>>> ========= '/home/ed/mcsema-testing/SANDBOX/test-2015-12-21_15-36-50/SingleSource/Benchmarks/Linpack/linpack-pc' Program
---------------------------------------------------------------

TEST-PASS: compile /home/ed/mcsema-testing/SANDBOX/test-2015-12-21_15-36-50/SingleSource/Benchmarks/Linpack/linpack-pc
TEST-RESULT-compile-success: pass
TEST-RESULT-compile-hash: 96ff890a4b59706e83196532d7ccf725
TEST-RESULT-compile-time: user       0.1891
TEST-RESULT-compile-real-time: real       0.2273

TEST-PASS: exec /home/ed/mcsema-testing/SANDBOX/test-2015-12-21_15-36-50/SingleSource/Benchmarks/Linpack/linpack-pc
TEST-RESULT-exec-success: pass
TEST-RESULT-exec-time: user       1.8158
TEST-RESULT-exec-real-time: real       1.8267
---------------------------------------------------------------
>>> ========= '/home/ed/mcsema-testing/SANDBOX/test-2015-12-21_15-36-50/SingleSource/Benchmarks/Adobe-C++/simple_types_loop_invariant' Program
---------------------------------------------------------------

TEST-PASS: compile /home/ed/mcsema-testing/SANDBOX/test-2015-12-21_15-36-50/SingleSource/Benchmarks/Adobe-C++/simple_types_loop_invariant
TEST-RESULT-compile-success: pass
TEST-RESULT-compile-hash: 04987c9cbd72926b4e824033d4b0d625
TEST-RESULT-compile-time: user       1.2249
TEST-RESULT-compile-real-time: real       1.2600

TEST-PASS: exec /home/ed/mcsema-testing/SANDBOX/test-2015-12-21_15-36-50/SingleSource/Benchmarks/Adobe-C++/simple_types_loop_invariant
TEST-RESULT-exec-success: pass
TEST-RESULT-exec-time: user       1.8666
TEST-RESULT-exec-real-time: real       1.8707
---------------------------------------------------------------
>>> ========= '/home/ed/mcsema-testing/SANDBOX/test-2015-12-21_15-36-50/SingleSource/Benchmarks/Adobe-C++/stepanov_abstraction' Program
---------------------------------------------------------------

TEST-PASS: compile /home/ed/mcsema-testing/SANDBOX/test-2015-12-21_15-36-50/SingleSource/Benchmarks/Adobe-C++/stepanov_abstraction
TEST-RESULT-compile-success: pass
TEST-RESULT-compile-hash: aa2e0a0ef1eff97683f701d9239c8e7b
TEST-RESULT-compile-time: user       0.3522
TEST-RESULT-compile-real-time: real       0.3773

TEST-PASS: exec /home/ed/mcsema-testing/SANDBOX/test-2015-12-21_15-36-50/SingleSource/Benchmarks/Adobe-C++/stepanov_abstraction
TEST-RESULT-exec-success: pass
TEST-RESULT-exec-time: user       3.6202
TEST-RESULT-exec-real-time: real       3.6274
---------------------------------------------------------------
>>> ========= '/home/ed/mcsema-testing/SANDBOX/test-2015-12-21_15-36-50/SingleSource/Benchmarks/Adobe-C++/simple_types_constant_folding' Program
---------------------------------------------------------------

TEST-PASS: compile /home/ed/mcsema-testing/SANDBOX/test-2015-12-21_15-36-50/SingleSource/Benchmarks/Adobe-C++/simple_types_constant_folding
TEST-RESULT-compile-success: pass
TEST-RESULT-compile-hash: 2f5d731e773e5ec38a8890c4a5d2ecfa
TEST-RESULT-compile-time: user       1.6159
TEST-RESULT-compile-real-time: real       1.6568

TEST-PASS: exec /home/ed/mcsema-testing/SANDBOX/test-2015-12-21_15-36-50/SingleSource/Benchmarks/Adobe-C++/simple_types_constant_folding
TEST-RESULT-exec-success: pass
TEST-RESULT-exec-time: user       0.6671
TEST-RESULT-exec-real-time: real       0.6697
---------------------------------------------------------------
>>> ========= '/home/ed/mcsema-testing/SANDBOX/test-2015-12-21_15-36-50/SingleSource/Benchmarks/Adobe-C++/functionobjects' Program
---------------------------------------------------------------

TEST-PASS: compile /home/ed/mcsema-testing/SANDBOX/test-2015-12-21_15-36-50/SingleSource/Benchmarks/Adobe-C++/functionobjects
TEST-RESULT-compile-success: pass
TEST-RESULT-compile-hash: 9ed3e4f39ca66312d7227674604e2849
TEST-RESULT-compile-time: user       0.3135
TEST-RESULT-compile-real-time: real       0.3404

TEST-PASS: exec /home/ed/mcsema-testing/SANDBOX/test-2015-12-21_15-36-50/SingleSource/Benchmarks/Adobe-C++/functionobjects
TEST-RESULT-exec-success: pass
TEST-RESULT-exec-time: user       2.8922
TEST-RESULT-exec-real-time: real       2.8992
---------------------------------------------------------------
>>> ========= '/home/ed/mcsema-testing/SANDBOX/test-2015-12-21_15-36-50/SingleSource/Benchmarks/Adobe-C++/loop_unroll' Program
---------------------------------------------------------------

TEST-PASS: compile /home/ed/mcsema-testing/SANDBOX/test-2015-12-21_15-36-50/SingleSource/Benchmarks/Adobe-C++/loop_unroll
TEST-RESULT-compile-success: pass
TEST-RESULT-compile-hash: 22459f03ab10d2b8e740c7fc5fb789ba
TEST-RESULT-compile-time: user       2.2332
TEST-RESULT-compile-real-time: real       2.2956

TEST-PASS: exec /home/ed/mcsema-testing/SANDBOX/test-2015-12-21_15-36-50/SingleSource/Benchmarks/Adobe-C++/loop_unroll
TEST-RESULT-exec-success: pass
TEST-RESULT-exec-time: user       1.3738
TEST-RESULT-exec-real-time: real       1.3781
---------------------------------------------------------------
>>> ========= '/home/ed/mcsema-testing/SANDBOX/test-2015-12-21_15-36-50/SingleSource/Benchmarks/Adobe-C++/stepanov_vector' Program
---------------------------------------------------------------

TEST-PASS: compile /home/ed/mcsema-testing/SANDBOX/test-2015-12-21_15-36-50/SingleSource/Benchmarks/Adobe-C++/stepanov_vector
TEST-RESULT-compile-success: pass
TEST-RESULT-compile-hash: 85aad945f77b7a0241d2df275bef9768
TEST-RESULT-compile-time: user       0.4930
TEST-RESULT-compile-real-time: real       0.5216

TEST-PASS: exec /home/ed/mcsema-testing/SANDBOX/test-2015-12-21_15-36-50/SingleSource/Benchmarks/Adobe-C++/stepanov_vector
TEST-RESULT-exec-success: pass
TEST-RESULT-exec-time: user       2.1299
TEST-RESULT-exec-real-time: real       2.1345
---------------------------------------------------------------
>>> ========= '/home/ed/mcsema-testing/SANDBOX/test-2015-12-21_15-36-50/SingleSource/Benchmarks/Shootout-C++/sumcol' Program
---------------------------------------------------------------

TEST-PASS: compile /home/ed/mcsema-testing/SANDBOX/test-2015-12-21_15-36-50/SingleSource/Benchmarks/Shootout-C++/sumcol
TEST-RESULT-compile-success: pass
TEST-RESULT-compile-hash: a73afaf236ae832032a1e22ac74607b7
TEST-RESULT-compile-time: user       0.1803
TEST-RESULT-compile-real-time: real       0.2061

TEST-PASS: exec /home/ed/mcsema-testing/SANDBOX/test-2015-12-21_15-36-50/SingleSource/Benchmarks/Shootout-C++/sumcol
TEST-RESULT-exec-success: pass
TEST-RESULT-exec-time: user       0.0009
TEST-RESULT-exec-real-time: real       0.0018
---------------------------------------------------------------
>>> ========= '/home/ed/mcsema-testing/SANDBOX/test-2015-12-21_15-36-50/SingleSource/Benchmarks/Shootout-C++/ackermann' Program
---------------------------------------------------------------

TEST-PASS: compile /home/ed/mcsema-testing/SANDBOX/test-2015-12-21_15-36-50/SingleSource/Benchmarks/Shootout-C++/ackermann
TEST-RESULT-compile-success: pass
TEST-RESULT-compile-hash: c948bb2b12189e76a2090df0f6757d65
TEST-RESULT-compile-time: user       0.1658
TEST-RESULT-compile-real-time: real       0.1917

TEST-PASS: exec /home/ed/mcsema-testing/SANDBOX/test-2015-12-21_15-36-50/SingleSource/Benchmarks/Shootout-C++/ackermann
TEST-RESULT-exec-success: pass
TEST-RESULT-exec-time: user       0.8573
TEST-RESULT-exec-real-time: real       0.8609
---------------------------------------------------------------
>>> ========= '/home/ed/mcsema-testing/SANDBOX/test-2015-12-21_15-36-50/SingleSource/Benchmarks/Shootout-C++/random' Program
---------------------------------------------------------------

TEST-PASS: compile /home/ed/mcsema-testing/SANDBOX/test-2015-12-21_15-36-50/SingleSource/Benchmarks/Shootout-C++/random
TEST-RESULT-compile-success: pass
TEST-RESULT-compile-hash: 78b22c21bcc24c2bf3ae71f616a31527
TEST-RESULT-compile-time: user       0.1704
TEST-RESULT-compile-real-time: real       0.1943

TEST-PASS: exec /home/ed/mcsema-testing/SANDBOX/test-2015-12-21_15-36-50/SingleSource/Benchmarks/Shootout-C++/random
TEST-RESULT-exec-success: pass
TEST-RESULT-exec-time: user       2.5206
TEST-RESULT-exec-real-time: real       2.5269
---------------------------------------------------------------
>>> ========= '/home/ed/mcsema-testing/SANDBOX/test-2015-12-21_15-36-50/SingleSource/Benchmarks/Shootout-C++/ary2' Program
---------------------------------------------------------------

TEST-PASS: compile /home/ed/mcsema-testing/SANDBOX/test-2015-12-21_15-36-50/SingleSource/Benchmarks/Shootout-C++/ary2
TEST-RESULT-compile-success: pass
TEST-RESULT-compile-hash: 9f05f50864bce7e4807e60b2d64a9c35
TEST-RESULT-compile-time: user       0.2031
TEST-RESULT-compile-real-time: real       0.2606

TEST-PASS: exec /home/ed/mcsema-testing/SANDBOX/test-2015-12-21_15-36-50/SingleSource/Benchmarks/Shootout-C++/ary2
TEST-RESULT-exec-success: pass
TEST-RESULT-exec-time: user       0.0302
TEST-RESULT-exec-real-time: real       0.0556
---------------------------------------------------------------
>>> ========= '/home/ed/mcsema-testing/SANDBOX/test-2015-12-21_15-36-50/SingleSource/Benchmarks/Shootout-C++/lists1' Program
---------------------------------------------------------------

TEST-PASS: compile /home/ed/mcsema-testing/SANDBOX/test-2015-12-21_15-36-50/SingleSource/Benchmarks/Shootout-C++/lists1
TEST-RESULT-compile-success: pass
TEST-RESULT-compile-hash: e4b1076b0823de04ad821acf86096b2a
TEST-RESULT-compile-time: user       0.2454
TEST-RESULT-compile-real-time: real       0.2989

TEST-PASS: exec /home/ed/mcsema-testing/SANDBOX/test-2015-12-21_15-36-50/SingleSource/Benchmarks/Shootout-C++/lists1
TEST-RESULT-exec-success: pass
TEST-RESULT-exec-time: user       0.2003
TEST-RESULT-exec-real-time: real       0.2292
---------------------------------------------------------------
>>> ========= '/home/ed/mcsema-testing/SANDBOX/test-2015-12-21_15-36-50/SingleSource/Benchmarks/Shootout-C++/hello' Program
---------------------------------------------------------------

TEST-PASS: compile /home/ed/mcsema-testing/SANDBOX/test-2015-12-21_15-36-50/SingleSource/Benchmarks/Shootout-C++/hello
TEST-RESULT-compile-success: pass
TEST-RESULT-compile-hash: 119542f3033220af8b74974533c2c71b
TEST-RESULT-compile-time: user       0.1574
TEST-RESULT-compile-real-time: real       0.1826

TEST-PASS: exec /home/ed/mcsema-testing/SANDBOX/test-2015-12-21_15-36-50/SingleSource/Benchmarks/Shootout-C++/hello
TEST-RESULT-exec-success: pass
TEST-RESULT-exec-time: user       0.0009
TEST-RESULT-exec-real-time: real       0.0017
---------------------------------------------------------------
>>> ========= '/home/ed/mcsema-testing/SANDBOX/test-2015-12-21_15-36-50/SingleSource/Benchmarks/Shootout-C++/ary3' Program
---------------------------------------------------------------

TEST-PASS: compile /home/ed/mcsema-testing/SANDBOX/test-2015-12-21_15-36-50/SingleSource/Benchmarks/Shootout-C++/ary3
TEST-RESULT-compile-success: pass
TEST-RESULT-compile-hash: 094ec11a4717009981cecf18c57abf08
TEST-RESULT-compile-time: user       0.2061
TEST-RESULT-compile-real-time: real       0.2332

TEST-PASS: exec /home/ed/mcsema-testing/SANDBOX/test-2015-12-21_15-36-50/SingleSource/Benchmarks/Shootout-C++/ary3
TEST-RESULT-exec-success: pass
TEST-RESULT-exec-time: user       1.3493
TEST-RESULT-exec-real-time: real       1.3615
---------------------------------------------------------------
>>> ========= '/home/ed/mcsema-testing/SANDBOX/test-2015-12-21_15-36-50/SingleSource/Benchmarks/Shootout-C++/methcall' Program
---------------------------------------------------------------

TEST-PASS: compile /home/ed/mcsema-testing/SANDBOX/test-2015-12-21_15-36-50/SingleSource/Benchmarks/Shootout-C++/methcall
TEST-RESULT-compile-success: pass
TEST-RESULT-compile-hash: 08a6856b2cc7f388acd27f6faac0e8f6
TEST-RESULT-compile-time: user       0.1684
TEST-RESULT-compile-real-time: real       0.1935

TEST-PASS: exec /home/ed/mcsema-testing/SANDBOX/test-2015-12-21_15-36-50/SingleSource/Benchmarks/Shootout-C++/methcall
TEST-RESULT-exec-success: pass
TEST-RESULT-exec-time: user       3.8306
TEST-RESULT-exec-real-time: real       3.8394
---------------------------------------------------------------
>>> ========= '/home/ed/mcsema-testing/SANDBOX/test-2015-12-21_15-36-50/SingleSource/Benchmarks/Shootout-C++/hash' Program
---------------------------------------------------------------

TEST-PASS: compile /home/ed/mcsema-testing/SANDBOX/test-2015-12-21_15-36-50/SingleSource/Benchmarks/Shootout-C++/hash
TEST-RESULT-compile-success: pass
TEST-RESULT-compile-hash: 4275b585292eaf59d783c0eba6ac2901
TEST-RESULT-compile-time: user       0.3062
TEST-RESULT-compile-real-time: real       0.3396

TEST-PASS: exec /home/ed/mcsema-testing/SANDBOX/test-2015-12-21_15-36-50/SingleSource/Benchmarks/Shootout-C++/hash
TEST-RESULT-exec-success: pass
TEST-RESULT-exec-time: user       0.4474
TEST-RESULT-exec-real-time: real       0.4858
---------------------------------------------------------------
>>> ========= '/home/ed/mcsema-testing/SANDBOX/test-2015-12-21_15-36-50/SingleSource/Benchmarks/Shootout-C++/matrix' Program
---------------------------------------------------------------

TEST-PASS: compile /home/ed/mcsema-testing/SANDBOX/test-2015-12-21_15-36-50/SingleSource/Benchmarks/Shootout-C++/matrix
TEST-RESULT-compile-success: pass
TEST-RESULT-compile-hash: 7849d993d7590bfb0447200a4c7b58d5
TEST-RESULT-compile-time: user       0.1891
TEST-RESULT-compile-real-time: real       0.2162

TEST-PASS: exec /home/ed/mcsema-testing/SANDBOX/test-2015-12-21_15-36-50/SingleSource/Benchmarks/Shootout-C++/matrix
TEST-RESULT-exec-success: pass
TEST-RESULT-exec-time: user       2.2937
TEST-RESULT-exec-real-time: real       2.2993
---------------------------------------------------------------
>>> ========= '/home/ed/mcsema-testing/SANDBOX/test-2015-12-21_15-36-50/SingleSource/Benchmarks/Shootout-C++/nestedloop' Program
---------------------------------------------------------------

TEST-PASS: compile /home/ed/mcsema-testing/SANDBOX/test-2015-12-21_15-36-50/SingleSource/Benchmarks/Shootout-C++/nestedloop
TEST-RESULT-compile-success: pass
TEST-RESULT-compile-hash: ef8d65dcf4c2c2d78177693c67e574b1
TEST-RESULT-compile-time: user       0.1635
TEST-RESULT-compile-real-time: real       0.1883

TEST-PASS: exec /home/ed/mcsema-testing/SANDBOX/test-2015-12-21_15-36-50/SingleSource/Benchmarks/Shootout-C++/nestedloop
TEST-RESULT-exec-success: pass
TEST-RESULT-exec-time: user       0.0340
TEST-RESULT-exec-real-time: real       0.0354
---------------------------------------------------------------
>>> ========= '/home/ed/mcsema-testing/SANDBOX/test-2015-12-21_15-36-50/SingleSource/Benchmarks/Shootout-C++/moments' Program
---------------------------------------------------------------

TEST-PASS: compile /home/ed/mcsema-testing/SANDBOX/test-2015-12-21_15-36-50/SingleSource/Benchmarks/Shootout-C++/moments
TEST-RESULT-compile-success: pass
TEST-RESULT-compile-hash: 3026c7d4d81f8f705cd5be26f83afbba
TEST-RESULT-compile-time: user       0.2943
TEST-RESULT-compile-real-time: real       0.3268

TEST-PASS: exec /home/ed/mcsema-testing/SANDBOX/test-2015-12-21_15-36-50/SingleSource/Benchmarks/Shootout-C++/moments
TEST-RESULT-exec-success: pass
TEST-RESULT-exec-time: user       0.0820
TEST-RESULT-exec-real-time: real       0.1099
---------------------------------------------------------------
>>> ========= '/home/ed/mcsema-testing/SANDBOX/test-2015-12-21_15-36-50/SingleSource/Benchmarks/Shootout-C++/hash2' Program
---------------------------------------------------------------

TEST-PASS: compile /home/ed/mcsema-testing/SANDBOX/test-2015-12-21_15-36-50/SingleSource/Benchmarks/Shootout-C++/hash2
TEST-RESULT-compile-success: pass
TEST-RESULT-compile-hash: 08ca394f2b881726bbd0a306bf2a0c70
TEST-RESULT-compile-time: user       0.3268
TEST-RESULT-compile-real-time: real       0.5485

TEST-PASS: exec /home/ed/mcsema-testing/SANDBOX/test-2015-12-21_15-36-50/SingleSource/Benchmarks/Shootout-C++/hash2
TEST-RESULT-exec-success: pass
TEST-RESULT-exec-time: user       2.2399
TEST-RESULT-exec-real-time: real       2.2462
---------------------------------------------------------------
>>> ========= '/home/ed/mcsema-testing/SANDBOX/test-2015-12-21_15-36-50/SingleSource/Benchmarks/Shootout-C++/sieve' Program
---------------------------------------------------------------

TEST-PASS: compile /home/ed/mcsema-testing/SANDBOX/test-2015-12-21_15-36-50/SingleSource/Benchmarks/Shootout-C++/sieve
TEST-RESULT-compile-success: pass
TEST-RESULT-compile-hash: 37dbafcd3a70d917829ab60dd483e0bb
TEST-RESULT-compile-time: user       0.2263
TEST-RESULT-compile-real-time: real       0.2552

TEST-PASS: exec /home/ed/mcsema-testing/SANDBOX/test-2015-12-21_15-36-50/SingleSource/Benchmarks/Shootout-C++/sieve
TEST-RESULT-exec-success: pass
TEST-RESULT-exec-time: user       1.3512
TEST-RESULT-exec-real-time: real       1.3547
---------------------------------------------------------------
>>> ========= '/home/ed/mcsema-testing/SANDBOX/test-2015-12-21_15-36-50/SingleSource/Benchmarks/Shootout-C++/heapsort' Program
---------------------------------------------------------------

TEST-PASS: compile /home/ed/mcsema-testing/SANDBOX/test-2015-12-21_15-36-50/SingleSource/Benchmarks/Shootout-C++/heapsort
TEST-RESULT-compile-success: pass
TEST-RESULT-compile-hash: 5655425b2a93f53bc50f6ad04b612e2f
TEST-RESULT-compile-time: user       0.1792
TEST-RESULT-compile-real-time: real       0.2059

TEST-PASS: exec /home/ed/mcsema-testing/SANDBOX/test-2015-12-21_15-36-50/SingleSource/Benchmarks/Shootout-C++/heapsort
TEST-RESULT-exec-success: pass
TEST-RESULT-exec-time: user       2.6150
TEST-RESULT-exec-real-time: real       2.6425
---------------------------------------------------------------
>>> ========= '/home/ed/mcsema-testing/SANDBOX/test-2015-12-21_15-36-50/SingleSource/Benchmarks/Shootout-C++/wc' Program
---------------------------------------------------------------

TEST-PASS: compile /home/ed/mcsema-testing/SANDBOX/test-2015-12-21_15-36-50/SingleSource/Benchmarks/Shootout-C++/wc
TEST-RESULT-compile-success: pass
TEST-RESULT-compile-hash: 0093cad231df09f01326b60d9988b7a9
TEST-RESULT-compile-time: user       0.1878
TEST-RESULT-compile-real-time: real       0.2144

TEST-PASS: exec /home/ed/mcsema-testing/SANDBOX/test-2015-12-21_15-36-50/SingleSource/Benchmarks/Shootout-C++/wc
TEST-RESULT-exec-success: pass
TEST-RESULT-exec-time: user       0.0009
TEST-RESULT-exec-real-time: real       0.0018
---------------------------------------------------------------
>>> ========= '/home/ed/mcsema-testing/SANDBOX/test-2015-12-21_15-36-50/SingleSource/Benchmarks/Shootout-C++/ary' Program
---------------------------------------------------------------

TEST-PASS: compile /home/ed/mcsema-testing/SANDBOX/test-2015-12-21_15-36-50/SingleSource/Benchmarks/Shootout-C++/ary
TEST-RESULT-compile-success: pass
TEST-RESULT-compile-hash: 14d36ca412bda590e2284705f9945b51
TEST-RESULT-compile-time: user       0.2055
TEST-RESULT-compile-real-time: real       0.2334

TEST-PASS: exec /home/ed/mcsema-testing/SANDBOX/test-2015-12-21_15-36-50/SingleSource/Benchmarks/Shootout-C++/ary
TEST-RESULT-exec-success: pass
TEST-RESULT-exec-time: user       0.0267
TEST-RESULT-exec-real-time: real       0.0524
---------------------------------------------------------------
>>> ========= '/home/ed/mcsema-testing/SANDBOX/test-2015-12-21_15-36-50/SingleSource/Benchmarks/Shootout-C++/objinst' Program
---------------------------------------------------------------

TEST-PASS: compile /home/ed/mcsema-testing/SANDBOX/test-2015-12-21_15-36-50/SingleSource/Benchmarks/Shootout-C++/objinst
TEST-RESULT-compile-success: pass
TEST-RESULT-compile-hash: 8bf0a9325be926863d99152806507e8b
TEST-RESULT-compile-time: user       0.1741
TEST-RESULT-compile-real-time: real       0.2001

TEST-PASS: exec /home/ed/mcsema-testing/SANDBOX/test-2015-12-21_15-36-50/SingleSource/Benchmarks/Shootout-C++/objinst
TEST-RESULT-exec-success: pass
TEST-RESULT-exec-time: user       0.0010
TEST-RESULT-exec-real-time: real       0.0020
---------------------------------------------------------------
>>> ========= '/home/ed/mcsema-testing/SANDBOX/test-2015-12-21_15-36-50/SingleSource/Benchmarks/Shootout-C++/strcat' Program
---------------------------------------------------------------

TEST-PASS: compile /home/ed/mcsema-testing/SANDBOX/test-2015-12-21_15-36-50/SingleSource/Benchmarks/Shootout-C++/strcat
TEST-RESULT-compile-success: pass
TEST-RESULT-compile-hash: 3ed475b30731121d0c47ff9085a3a709
TEST-RESULT-compile-time: user       0.1747
TEST-RESULT-compile-real-time: real       0.2017

TEST-PASS: exec /home/ed/mcsema-testing/SANDBOX/test-2015-12-21_15-36-50/SingleSource/Benchmarks/Shootout-C++/strcat
TEST-RESULT-exec-success: pass
TEST-RESULT-exec-time: user       0.0681
TEST-RESULT-exec-real-time: real       0.0843
---------------------------------------------------------------
>>> ========= '/home/ed/mcsema-testing/SANDBOX/test-2015-12-21_15-36-50/SingleSource/Benchmarks/Shootout-C++/spellcheck' Program
---------------------------------------------------------------

TEST-PASS: compile /home/ed/mcsema-testing/SANDBOX/test-2015-12-21_15-36-50/SingleSource/Benchmarks/Shootout-C++/spellcheck
TEST-RESULT-compile-success: pass
TEST-RESULT-compile-hash: 67a96ee71c42b7a3c6b9a91458559856
TEST-RESULT-compile-time: user       0.2897
TEST-RESULT-compile-real-time: real       0.3244

TEST-PASS: exec /home/ed/mcsema-testing/SANDBOX/test-2015-12-21_15-36-50/SingleSource/Benchmarks/Shootout-C++/spellcheck
TEST-RESULT-exec-success: pass
TEST-RESULT-exec-time: user       0.0009
TEST-RESULT-exec-real-time: real       0.0020
---------------------------------------------------------------
>>> ========= '/home/ed/mcsema-testing/SANDBOX/test-2015-12-21_15-36-50/SingleSource/Benchmarks/Shootout-C++/lists' Program
---------------------------------------------------------------

TEST-PASS: compile /home/ed/mcsema-testing/SANDBOX/test-2015-12-21_15-36-50/SingleSource/Benchmarks/Shootout-C++/lists
TEST-RESULT-compile-success: pass
TEST-RESULT-compile-hash: 32c95e7bea346f27d4a73f2cbe612a26
TEST-RESULT-compile-time: user       0.2071
TEST-RESULT-compile-real-time: real       0.2347

TEST-PASS: exec /home/ed/mcsema-testing/SANDBOX/test-2015-12-21_15-36-50/SingleSource/Benchmarks/Shootout-C++/lists
TEST-RESULT-exec-success: pass
TEST-RESULT-exec-time: user       4.0359
TEST-RESULT-exec-real-time: real       4.0445
---------------------------------------------------------------
>>> ========= '/home/ed/mcsema-testing/SANDBOX/test-2015-12-21_15-36-50/SingleSource/Benchmarks/Shootout-C++/reversefile' Program
---------------------------------------------------------------

TEST-PASS: compile /home/ed/mcsema-testing/SANDBOX/test-2015-12-21_15-36-50/SingleSource/Benchmarks/Shootout-C++/reversefile
TEST-RESULT-compile-success: pass
TEST-RESULT-compile-hash: 50fc772d2f2d701bd8a13451bf446d62
TEST-RESULT-compile-time: user       0.2698
TEST-RESULT-compile-real-time: real       0.3128

TEST-PASS: exec /home/ed/mcsema-testing/SANDBOX/test-2015-12-21_15-36-50/SingleSource/Benchmarks/Shootout-C++/reversefile
TEST-RESULT-exec-success: pass
TEST-RESULT-exec-time: user       0.0010
TEST-RESULT-exec-real-time: real       0.0020
---------------------------------------------------------------
>>> ========= '/home/ed/mcsema-testing/SANDBOX/test-2015-12-21_15-36-50/SingleSource/Benchmarks/Shootout-C++/wordfreq' Program
---------------------------------------------------------------

TEST-PASS: compile /home/ed/mcsema-testing/SANDBOX/test-2015-12-21_15-36-50/SingleSource/Benchmarks/Shootout-C++/wordfreq
TEST-RESULT-compile-success: pass
TEST-RESULT-compile-hash: 6b9ad3efeff3b75c1334f77b77d885e0
TEST-RESULT-compile-time: user       0.2316
TEST-RESULT-compile-real-time: real       0.2575

TEST-PASS: exec /home/ed/mcsema-testing/SANDBOX/test-2015-12-21_15-36-50/SingleSource/Benchmarks/Shootout-C++/wordfreq
TEST-RESULT-exec-success: pass
TEST-RESULT-exec-time: user       0.0008
TEST-RESULT-exec-real-time: real       0.0016
---------------------------------------------------------------
>>> ========= '/home/ed/mcsema-testing/SANDBOX/test-2015-12-21_15-36-50/SingleSource/Benchmarks/Shootout-C++/fibo' Program
---------------------------------------------------------------

TEST-PASS: compile /home/ed/mcsema-testing/SANDBOX/test-2015-12-21_15-36-50/SingleSource/Benchmarks/Shootout-C++/fibo
TEST-RESULT-compile-success: pass
TEST-RESULT-compile-hash: ebf43d445f5d2b25e4defac323078f32
TEST-RESULT-compile-time: user       0.1604
TEST-RESULT-compile-real-time: real       0.1854

TEST-PASS: exec /home/ed/mcsema-testing/SANDBOX/test-2015-12-21_15-36-50/SingleSource/Benchmarks/Shootout-C++/fibo
TEST-RESULT-exec-success: pass
TEST-RESULT-exec-time: user       1.9306
TEST-RESULT-exec-real-time: real       1.9352
---------------------------------------------------------------
>>> ========= '/home/ed/mcsema-testing/SANDBOX/test-2015-12-21_15-36-50/SingleSource/Benchmarks/Shootout-C++/EH/except' Program
---------------------------------------------------------------

TEST-PASS: compile /home/ed/mcsema-testing/SANDBOX/test-2015-12-21_15-36-50/SingleSource/Benchmarks/Shootout-C++/EH/except
TEST-RESULT-compile-success: pass
TEST-RESULT-compile-hash: d65d5248bd1899cd72a7f0baa5f06fe0
TEST-RESULT-compile-time: user       0.1761
TEST-RESULT-compile-real-time: real       0.2026

TEST-PASS: exec /home/ed/mcsema-testing/SANDBOX/test-2015-12-21_15-36-50/SingleSource/Benchmarks/Shootout-C++/EH/except
TEST-RESULT-exec-success: pass
TEST-RESULT-exec-time: user       0.1729
TEST-RESULT-exec-real-time: real       0.1743
---------------------------------------------------------------
>>> ========= '/home/ed/mcsema-testing/SANDBOX/test-2015-12-21_15-36-50/SingleSource/Benchmarks/Misc/richards_benchmark' Program
---------------------------------------------------------------

TEST-PASS: compile /home/ed/mcsema-testing/SANDBOX/test-2015-12-21_15-36-50/SingleSource/Benchmarks/Misc/richards_benchmark
TEST-RESULT-compile-success: pass
TEST-RESULT-compile-hash: 8491bbf14e05f66a968eff8436995041
TEST-RESULT-compile-time: user       0.0575
TEST-RESULT-compile-real-time: real       0.0737

TEST-PASS: exec /home/ed/mcsema-testing/SANDBOX/test-2015-12-21_15-36-50/SingleSource/Benchmarks/Misc/richards_benchmark
TEST-RESULT-exec-success: pass
TEST-RESULT-exec-time: user       0.8080
TEST-RESULT-exec-real-time: real       0.8109
---------------------------------------------------------------
>>> ========= '/home/ed/mcsema-testing/SANDBOX/test-2015-12-21_15-36-50/SingleSource/Benchmarks/Misc/himenobmtxpa' Program
---------------------------------------------------------------

TEST-PASS: compile /home/ed/mcsema-testing/SANDBOX/test-2015-12-21_15-36-50/SingleSource/Benchmarks/Misc/himenobmtxpa
TEST-RESULT-compile-success: pass
TEST-RESULT-compile-hash: 923987aee648c8cd6fe8df5528f851e8
TEST-RESULT-compile-time: user       0.1294
TEST-RESULT-compile-real-time: real       0.1469

TEST-PASS: exec /home/ed/mcsema-testing/SANDBOX/test-2015-12-21_15-36-50/SingleSource/Benchmarks/Misc/himenobmtxpa
TEST-RESULT-exec-success: pass
TEST-RESULT-exec-time: user       0.8540
TEST-RESULT-exec-real-time: real       0.8674
---------------------------------------------------------------
>>> ========= '/home/ed/mcsema-testing/SANDBOX/test-2015-12-21_15-36-50/SingleSource/Benchmarks/Misc/fbench' Program
---------------------------------------------------------------

TEST-PASS: compile /home/ed/mcsema-testing/SANDBOX/test-2015-12-21_15-36-50/SingleSource/Benchmarks/Misc/fbench
TEST-RESULT-compile-success: pass
TEST-RESULT-compile-hash: 0ca290f3d414aa974eab062574028101
TEST-RESULT-compile-time: user       0.0595
TEST-RESULT-compile-real-time: real       0.0770

TEST-PASS: exec /home/ed/mcsema-testing/SANDBOX/test-2015-12-21_15-36-50/SingleSource/Benchmarks/Misc/fbench
TEST-RESULT-exec-success: pass
TEST-RESULT-exec-time: user       1.3646
TEST-RESULT-exec-real-time: real       1.3677
---------------------------------------------------------------
>>> ========= '/home/ed/mcsema-testing/SANDBOX/test-2015-12-21_15-36-50/SingleSource/Benchmarks/Misc/fp-convert' Program
---------------------------------------------------------------

TEST-PASS: compile /home/ed/mcsema-testing/SANDBOX/test-2015-12-21_15-36-50/SingleSource/Benchmarks/Misc/fp-convert
TEST-RESULT-compile-success: pass
TEST-RESULT-compile-hash: dc4c312ee78afc4292a1082cba502b63
TEST-RESULT-compile-time: user       0.0313
TEST-RESULT-compile-real-time: real       0.0459

TEST-PASS: exec /home/ed/mcsema-testing/SANDBOX/test-2015-12-21_15-36-50/SingleSource/Benchmarks/Misc/fp-convert
TEST-RESULT-exec-success: pass
TEST-RESULT-exec-time: user       1.5313
TEST-RESULT-exec-real-time: real       1.5363
---------------------------------------------------------------
>>> ========= '/home/ed/mcsema-testing/SANDBOX/test-2015-12-21_15-36-50/SingleSource/Benchmarks/Misc/oourafft' Program
---------------------------------------------------------------

TEST-PASS: compile /home/ed/mcsema-testing/SANDBOX/test-2015-12-21_15-36-50/SingleSource/Benchmarks/Misc/oourafft
TEST-RESULT-compile-success: pass
TEST-RESULT-compile-hash: 8a0dd2bd49de940e6f5ae833f58be7b6
TEST-RESULT-compile-time: user       0.1538
TEST-RESULT-compile-real-time: real       0.1742

TEST-PASS: exec /home/ed/mcsema-testing/SANDBOX/test-2015-12-21_15-36-50/SingleSource/Benchmarks/Misc/oourafft
TEST-RESULT-exec-success: pass
TEST-RESULT-exec-time: user       3.4761
TEST-RESULT-exec-real-time: real       3.4829
---------------------------------------------------------------
>>> ========= '/home/ed/mcsema-testing/SANDBOX/test-2015-12-21_15-36-50/SingleSource/Benchmarks/Misc/flops' Program
---------------------------------------------------------------

TEST-PASS: compile /home/ed/mcsema-testing/SANDBOX/test-2015-12-21_15-36-50/SingleSource/Benchmarks/Misc/flops
TEST-RESULT-compile-success: pass
TEST-RESULT-compile-hash: 338f44491ab30eab5fa378117833178a
TEST-RESULT-compile-time: user       0.0717
TEST-RESULT-compile-real-time: real       0.0899

TEST-PASS: exec /home/ed/mcsema-testing/SANDBOX/test-2015-12-21_15-36-50/SingleSource/Benchmarks/Misc/flops
TEST-RESULT-exec-success: pass
TEST-RESULT-exec-time: user       7.1086
TEST-RESULT-exec-real-time: real       7.1210
---------------------------------------------------------------
>>> ========= '/home/ed/mcsema-testing/SANDBOX/test-2015-12-21_15-36-50/SingleSource/Benchmarks/Misc/pi' Program
---------------------------------------------------------------

TEST-PASS: compile /home/ed/mcsema-testing/SANDBOX/test-2015-12-21_15-36-50/SingleSource/Benchmarks/Misc/pi
TEST-RESULT-compile-success: pass
TEST-RESULT-compile-hash: 5ef17f5305b8a382ef585bf5a54c764c
TEST-RESULT-compile-time: user       0.0241
TEST-RESULT-compile-real-time: real       0.0381

TEST-PASS: exec /home/ed/mcsema-testing/SANDBOX/test-2015-12-21_15-36-50/SingleSource/Benchmarks/Misc/pi
TEST-RESULT-exec-success: pass
TEST-RESULT-exec-time: user       0.5077
TEST-RESULT-exec-real-time: real       0.5096
---------------------------------------------------------------
>>> ========= '/home/ed/mcsema-testing/SANDBOX/test-2015-12-21_15-36-50/SingleSource/Benchmarks/Misc/whetstone' Program
---------------------------------------------------------------

TEST-PASS: compile /home/ed/mcsema-testing/SANDBOX/test-2015-12-21_15-36-50/SingleSource/Benchmarks/Misc/whetstone
TEST-RESULT-compile-success: pass
TEST-RESULT-compile-hash: ec87dd304468e6af31fc4eed72febb79
TEST-RESULT-compile-time: user       0.0669
TEST-RESULT-compile-real-time: real       0.0849

TEST-PASS: exec /home/ed/mcsema-testing/SANDBOX/test-2015-12-21_15-36-50/SingleSource/Benchmarks/Misc/whetstone
TEST-RESULT-exec-success: pass
TEST-RESULT-exec-time: user       1.0273
TEST-RESULT-exec-real-time: real       1.0297
---------------------------------------------------------------
>>> ========= '/home/ed/mcsema-testing/SANDBOX/test-2015-12-21_15-36-50/SingleSource/Benchmarks/Misc/flops-5' Program
---------------------------------------------------------------

TEST-PASS: compile /home/ed/mcsema-testing/SANDBOX/test-2015-12-21_15-36-50/SingleSource/Benchmarks/Misc/flops-5
TEST-RESULT-compile-success: pass
TEST-RESULT-compile-hash: 49d57ed01d377f08fd0771e5f3b58e1d
TEST-RESULT-compile-time: user       0.0341
TEST-RESULT-compile-real-time: real       0.0492

TEST-PASS: exec /home/ed/mcsema-testing/SANDBOX/test-2015-12-21_15-36-50/SingleSource/Benchmarks/Misc/flops-5
TEST-RESULT-exec-success: pass
TEST-RESULT-exec-time: user       1.3458
TEST-RESULT-exec-real-time: real       1.3495
---------------------------------------------------------------
>>> ========= '/home/ed/mcsema-testing/SANDBOX/test-2015-12-21_15-36-50/SingleSource/Benchmarks/Misc/flops-3' Program
---------------------------------------------------------------

TEST-PASS: compile /home/ed/mcsema-testing/SANDBOX/test-2015-12-21_15-36-50/SingleSource/Benchmarks/Misc/flops-3
TEST-RESULT-compile-success: pass
TEST-RESULT-compile-hash: 37b6c62a9dfdeb59364349362d2c6df1
TEST-RESULT-compile-time: user       0.0325
TEST-RESULT-compile-real-time: real       0.0474

TEST-PASS: exec /home/ed/mcsema-testing/SANDBOX/test-2015-12-21_15-36-50/SingleSource/Benchmarks/Misc/flops-3
TEST-RESULT-exec-success: pass
TEST-RESULT-exec-time: user       1.6456
TEST-RESULT-exec-real-time: real       1.6506
---------------------------------------------------------------
>>> ========= '/home/ed/mcsema-testing/SANDBOX/test-2015-12-21_15-36-50/SingleSource/Benchmarks/Misc/dt' Program
---------------------------------------------------------------

TEST-PASS: compile /home/ed/mcsema-testing/SANDBOX/test-2015-12-21_15-36-50/SingleSource/Benchmarks/Misc/dt
TEST-RESULT-compile-success: pass
TEST-RESULT-compile-hash: 3a6848a149a5fd539e69d0737e2b580f
TEST-RESULT-compile-time: user       0.0391
TEST-RESULT-compile-real-time: real       0.0545

TEST-PASS: exec /home/ed/mcsema-testing/SANDBOX/test-2015-12-21_15-36-50/SingleSource/Benchmarks/Misc/dt
TEST-RESULT-exec-success: pass
TEST-RESULT-exec-time: user       0.8336
TEST-RESULT-exec-real-time: real       0.8357
---------------------------------------------------------------
>>> ========= '/home/ed/mcsema-testing/SANDBOX/test-2015-12-21_15-36-50/SingleSource/Benchmarks/Misc/perlin' Program
---------------------------------------------------------------

TEST-PASS: compile /home/ed/mcsema-testing/SANDBOX/test-2015-12-21_15-36-50/SingleSource/Benchmarks/Misc/perlin
TEST-RESULT-compile-success: pass
TEST-RESULT-compile-hash: 0a818de6bcdde2bd440af5afa231128a
TEST-RESULT-compile-time: user       0.0496
TEST-RESULT-compile-real-time: real       0.0660

TEST-PASS: exec /home/ed/mcsema-testing/SANDBOX/test-2015-12-21_15-36-50/SingleSource/Benchmarks/Misc/perlin
TEST-RESULT-exec-success: pass
TEST-RESULT-exec-time: user       3.8606
TEST-RESULT-exec-real-time: real       3.8675
---------------------------------------------------------------
>>> ========= '/home/ed/mcsema-testing/SANDBOX/test-2015-12-21_15-36-50/SingleSource/Benchmarks/Misc/matmul_f64_4x4' Program
---------------------------------------------------------------

TEST-PASS: compile /home/ed/mcsema-testing/SANDBOX/test-2015-12-21_15-36-50/SingleSource/Benchmarks/Misc/matmul_f64_4x4
TEST-RESULT-compile-success: pass
TEST-RESULT-compile-hash: cc0c6f65e8ff3adf3ddb912f732beaa3
TEST-RESULT-compile-time: user       0.0317
TEST-RESULT-compile-real-time: real       0.0462

TEST-PASS: exec /home/ed/mcsema-testing/SANDBOX/test-2015-12-21_15-36-50/SingleSource/Benchmarks/Misc/matmul_f64_4x4
TEST-RESULT-exec-success: pass
TEST-RESULT-exec-time: user       0.6203
TEST-RESULT-exec-real-time: real       0.6230
---------------------------------------------------------------
>>> ========= '/home/ed/mcsema-testing/SANDBOX/test-2015-12-21_15-36-50/SingleSource/Benchmarks/Misc/flops-8' Program
---------------------------------------------------------------

TEST-PASS: compile /home/ed/mcsema-testing/SANDBOX/test-2015-12-21_15-36-50/SingleSource/Benchmarks/Misc/flops-8
TEST-RESULT-compile-success: pass
TEST-RESULT-compile-hash: c7f311334786b9938b90e4d7093a7889
TEST-RESULT-compile-time: user       0.0334
TEST-RESULT-compile-real-time: real       0.0480

TEST-PASS: exec /home/ed/mcsema-testing/SANDBOX/test-2015-12-21_15-36-50/SingleSource/Benchmarks/Misc/flops-8
TEST-RESULT-exec-success: pass
TEST-RESULT-exec-time: user       1.5617
TEST-RESULT-exec-real-time: real       1.5653
---------------------------------------------------------------
>>> ========= '/home/ed/mcsema-testing/SANDBOX/test-2015-12-21_15-36-50/SingleSource/Benchmarks/Misc/lowercase' Program
---------------------------------------------------------------

TEST-PASS: compile /home/ed/mcsema-testing/SANDBOX/test-2015-12-21_15-36-50/SingleSource/Benchmarks/Misc/lowercase
TEST-RESULT-compile-success: pass
TEST-RESULT-compile-hash: 26db638753e46b61f6a062d6eb8cf624
TEST-RESULT-compile-time: user       0.0285
TEST-RESULT-compile-real-time: real       0.0428

TEST-PASS: exec /home/ed/mcsema-testing/SANDBOX/test-2015-12-21_15-36-50/SingleSource/Benchmarks/Misc/lowercase
TEST-RESULT-exec-success: pass
TEST-RESULT-exec-time: user       0.0009
TEST-RESULT-exec-real-time: real       0.0019
---------------------------------------------------------------
>>> ========= '/home/ed/mcsema-testing/SANDBOX/test-2015-12-21_15-36-50/SingleSource/Benchmarks/Misc/flops-4' Program
---------------------------------------------------------------

TEST-PASS: compile /home/ed/mcsema-testing/SANDBOX/test-2015-12-21_15-36-50/SingleSource/Benchmarks/Misc/flops-4
TEST-RESULT-compile-success: pass
TEST-RESULT-compile-hash: b6ccaf2b0c523807c25b1624123e9ef0
TEST-RESULT-compile-time: user       0.0327
TEST-RESULT-compile-real-time: real       0.0476

TEST-PASS: exec /home/ed/mcsema-testing/SANDBOX/test-2015-12-21_15-36-50/SingleSource/Benchmarks/Misc/flops-4
TEST-RESULT-exec-success: pass
TEST-RESULT-exec-time: user       0.7308
TEST-RESULT-exec-real-time: real       0.7332
---------------------------------------------------------------
>>> ========= '/home/ed/mcsema-testing/SANDBOX/test-2015-12-21_15-36-50/SingleSource/Benchmarks/Misc/flops-7' Program
---------------------------------------------------------------

TEST-PASS: compile /home/ed/mcsema-testing/SANDBOX/test-2015-12-21_15-36-50/SingleSource/Benchmarks/Misc/flops-7
TEST-RESULT-compile-success: pass
TEST-RESULT-compile-hash: 69c41da7c04bf2eea9314ac709893319
TEST-RESULT-compile-time: user       0.0323
TEST-RESULT-compile-real-time: real       0.0474

TEST-PASS: exec /home/ed/mcsema-testing/SANDBOX/test-2015-12-21_15-36-50/SingleSource/Benchmarks/Misc/flops-7
TEST-RESULT-exec-success: pass
TEST-RESULT-exec-time: user       2.9066
TEST-RESULT-exec-real-time: real       2.9124
---------------------------------------------------------------
>>> ========= '/home/ed/mcsema-testing/SANDBOX/test-2015-12-21_15-36-50/SingleSource/Benchmarks/Misc/ReedSolomon' Program
---------------------------------------------------------------

TEST-PASS: compile /home/ed/mcsema-testing/SANDBOX/test-2015-12-21_15-36-50/SingleSource/Benchmarks/Misc/ReedSolomon
TEST-RESULT-compile-success: pass
TEST-RESULT-compile-hash: 3203991f4165654176414cc597a85858
TEST-RESULT-compile-time: user       0.1312
TEST-RESULT-compile-real-time: real       0.1497

TEST-PASS: exec /home/ed/mcsema-testing/SANDBOX/test-2015-12-21_15-36-50/SingleSource/Benchmarks/Misc/ReedSolomon
TEST-RESULT-exec-success: pass
TEST-RESULT-exec-time: user       4.5614
TEST-RESULT-exec-real-time: real       4.5688
---------------------------------------------------------------
>>> ========= '/home/ed/mcsema-testing/SANDBOX/test-2015-12-21_15-36-50/SingleSource/Benchmarks/Misc/salsa20' Program
---------------------------------------------------------------

TEST-PASS: compile /home/ed/mcsema-testing/SANDBOX/test-2015-12-21_15-36-50/SingleSource/Benchmarks/Misc/salsa20
TEST-RESULT-compile-success: pass
TEST-RESULT-compile-hash: 49902d4d8e25751dfc71a76a39d5a52c
TEST-RESULT-compile-time: user       0.0420
TEST-RESULT-compile-real-time: real       0.0568

TEST-PASS: exec /home/ed/mcsema-testing/SANDBOX/test-2015-12-21_15-36-50/SingleSource/Benchmarks/Misc/salsa20
TEST-RESULT-exec-success: pass
TEST-RESULT-exec-time: user       6.1850
TEST-RESULT-exec-real-time: real       6.1986
---------------------------------------------------------------
>>> ========= '/home/ed/mcsema-testing/SANDBOX/test-2015-12-21_15-36-50/SingleSource/Benchmarks/Misc/flops-1' Program
---------------------------------------------------------------

TEST-PASS: compile /home/ed/mcsema-testing/SANDBOX/test-2015-12-21_15-36-50/SingleSource/Benchmarks/Misc/flops-1
TEST-RESULT-compile-success: pass
TEST-RESULT-compile-hash: 5ff7d170278a37932acabd326f277fd0
TEST-RESULT-compile-time: user       0.0327
TEST-RESULT-compile-real-time: real       0.0475

TEST-PASS: exec /home/ed/mcsema-testing/SANDBOX/test-2015-12-21_15-36-50/SingleSource/Benchmarks/Misc/flops-1
TEST-RESULT-exec-success: pass
TEST-RESULT-exec-time: user       1.9413
TEST-RESULT-exec-real-time: real       1.9454
---------------------------------------------------------------
>>> ========= '/home/ed/mcsema-testing/SANDBOX/test-2015-12-21_15-36-50/SingleSource/Benchmarks/Misc/ffbench' Program
---------------------------------------------------------------

TEST-PASS: compile /home/ed/mcsema-testing/SANDBOX/test-2015-12-21_15-36-50/SingleSource/Benchmarks/Misc/ffbench
TEST-RESULT-compile-success: pass
TEST-RESULT-compile-hash: 8b3e1252a87f146e1ded564a583dbfb4
TEST-RESULT-compile-time: user       0.0610
TEST-RESULT-compile-real-time: real       0.0777

TEST-PASS: exec /home/ed/mcsema-testing/SANDBOX/test-2015-12-21_15-36-50/SingleSource/Benchmarks/Misc/ffbench
TEST-RESULT-exec-success: pass
TEST-RESULT-exec-time: user       0.7390
TEST-RESULT-exec-real-time: real       0.7424
---------------------------------------------------------------
>>> ========= '/home/ed/mcsema-testing/SANDBOX/test-2015-12-21_15-36-50/SingleSource/Benchmarks/Misc/mandel-2' Program
---------------------------------------------------------------

TEST-PASS: compile /home/ed/mcsema-testing/SANDBOX/test-2015-12-21_15-36-50/SingleSource/Benchmarks/Misc/mandel-2
TEST-RESULT-compile-success: pass
TEST-RESULT-compile-hash: c927e16e7e07eee82c5eef886e128de9
TEST-RESULT-compile-time: user       0.0336
TEST-RESULT-compile-real-time: real       0.0500

TEST-PASS: exec /home/ed/mcsema-testing/SANDBOX/test-2015-12-21_15-36-50/SingleSource/Benchmarks/Misc/mandel-2
TEST-RESULT-exec-success: pass
TEST-RESULT-exec-time: user       0.5772
TEST-RESULT-exec-real-time: real       0.5790
---------------------------------------------------------------
>>> ========= '/home/ed/mcsema-testing/SANDBOX/test-2015-12-21_15-36-50/SingleSource/Benchmarks/Misc/flops-6' Program
---------------------------------------------------------------

TEST-PASS: compile /home/ed/mcsema-testing/SANDBOX/test-2015-12-21_15-36-50/SingleSource/Benchmarks/Misc/flops-6
TEST-RESULT-compile-success: pass
TEST-RESULT-compile-hash: 8d04b893b267ac008cf96891fcd00e85
TEST-RESULT-compile-time: user       0.0343
TEST-RESULT-compile-real-time: real       0.0495

TEST-PASS: exec /home/ed/mcsema-testing/SANDBOX/test-2015-12-21_15-36-50/SingleSource/Benchmarks/Misc/flops-6
TEST-RESULT-exec-success: pass
TEST-RESULT-exec-time: user       1.3030
TEST-RESULT-exec-real-time: real       1.3068
---------------------------------------------------------------
>>> ========= '/home/ed/mcsema-testing/SANDBOX/test-2015-12-21_15-36-50/SingleSource/Benchmarks/Misc/mandel' Program
---------------------------------------------------------------

TEST-PASS: compile /home/ed/mcsema-testing/SANDBOX/test-2015-12-21_15-36-50/SingleSource/Benchmarks/Misc/mandel
TEST-RESULT-compile-success: pass
TEST-RESULT-compile-hash: 8f3c89112ffe0b209e8131d641e6c8da
TEST-RESULT-compile-time: user       0.0482
TEST-RESULT-compile-real-time: real       0.0812

TEST-PASS: exec /home/ed/mcsema-testing/SANDBOX/test-2015-12-21_15-36-50/SingleSource/Benchmarks/Misc/mandel
TEST-RESULT-exec-success: pass
TEST-RESULT-exec-time: user       0.8128
TEST-RESULT-exec-real-time: real       0.8156
---------------------------------------------------------------
>>> ========= '/home/ed/mcsema-testing/SANDBOX/test-2015-12-21_15-36-50/SingleSource/Benchmarks/Misc/flops-2' Program
---------------------------------------------------------------

TEST-PASS: compile /home/ed/mcsema-testing/SANDBOX/test-2015-12-21_15-36-50/SingleSource/Benchmarks/Misc/flops-2
TEST-RESULT-compile-success: pass
TEST-RESULT-compile-hash: 4d4384bfd8088bd4daf072c68c26d4d2
TEST-RESULT-compile-time: user       0.0330
TEST-RESULT-compile-real-time: real       0.0483

TEST-PASS: exec /home/ed/mcsema-testing/SANDBOX/test-2015-12-21_15-36-50/SingleSource/Benchmarks/Misc/flops-2
TEST-RESULT-exec-success: pass
TEST-RESULT-exec-time: user       1.1015
TEST-RESULT-exec-real-time: real       1.1043
---------------------------------------------------------------
>>> ========= '/home/ed/mcsema-testing/SANDBOX/test-2015-12-21_15-36-50/SingleSource/Benchmarks/SmallPT/smallpt' Program
---------------------------------------------------------------

TEST-PASS: compile /home/ed/mcsema-testing/SANDBOX/test-2015-12-21_15-36-50/SingleSource/Benchmarks/SmallPT/smallpt
TEST-RESULT-compile-success: pass
TEST-RESULT-compile-hash: 38cb7e660d6f1aedaa4eaf182f18bf30
TEST-RESULT-compile-time: user       0.0971
TEST-RESULT-compile-real-time: real       0.1193

TEST-PASS: exec /home/ed/mcsema-testing/SANDBOX/test-2015-12-21_15-36-50/SingleSource/Benchmarks/SmallPT/smallpt
TEST-RESULT-exec-success: pass
TEST-RESULT-exec-time: user       8.6234
TEST-RESULT-exec-real-time: real       8.6450
---------------------------------------------------------------
>>> ========= '/home/ed/mcsema-testing/SANDBOX/test-2015-12-21_15-36-50/SingleSource/Benchmarks/Misc-C++/stepanov_v1p2' Program
---------------------------------------------------------------

TEST-PASS: compile /home/ed/mcsema-testing/SANDBOX/test-2015-12-21_15-36-50/SingleSource/Benchmarks/Misc-C++/stepanov_v1p2
TEST-RESULT-compile-success: pass
TEST-RESULT-compile-hash: 54e699cb7e1cc79f4a2a8c431b85d522
TEST-RESULT-compile-time: user       0.1275
TEST-RESULT-compile-real-time: real       0.1468

TEST-PASS: exec /home/ed/mcsema-testing/SANDBOX/test-2015-12-21_15-36-50/SingleSource/Benchmarks/Misc-C++/stepanov_v1p2
TEST-RESULT-exec-success: pass
TEST-RESULT-exec-time: user       5.4529
TEST-RESULT-exec-real-time: real       5.4639
---------------------------------------------------------------
>>> ========= '/home/ed/mcsema-testing/SANDBOX/test-2015-12-21_15-36-50/SingleSource/Benchmarks/Misc-C++/stepanov_container' Program
---------------------------------------------------------------

TEST-PASS: compile /home/ed/mcsema-testing/SANDBOX/test-2015-12-21_15-36-50/SingleSource/Benchmarks/Misc-C++/stepanov_container
TEST-RESULT-compile-success: pass
TEST-RESULT-compile-hash: dc695118fb2e52d704cd4a12f9c3cb99
TEST-RESULT-compile-time: user       0.5755
TEST-RESULT-compile-real-time: real       0.6140

TEST-PASS: exec /home/ed/mcsema-testing/SANDBOX/test-2015-12-21_15-36-50/SingleSource/Benchmarks/Misc-C++/stepanov_container
TEST-RESULT-exec-success: pass
TEST-RESULT-exec-time: user       4.0688
TEST-RESULT-exec-real-time: real       4.0833
---------------------------------------------------------------
>>> ========= '/home/ed/mcsema-testing/SANDBOX/test-2015-12-21_15-36-50/SingleSource/Benchmarks/Misc-C++/bigfib' Program
---------------------------------------------------------------

TEST-PASS: compile /home/ed/mcsema-testing/SANDBOX/test-2015-12-21_15-36-50/SingleSource/Benchmarks/Misc-C++/bigfib
TEST-RESULT-compile-success: pass
TEST-RESULT-compile-hash: 101cb7b0c97a954cce79dcacf918a195
TEST-RESULT-compile-time: user       0.4531
TEST-RESULT-compile-real-time: real       0.4916

TEST-PASS: exec /home/ed/mcsema-testing/SANDBOX/test-2015-12-21_15-36-50/SingleSource/Benchmarks/Misc-C++/bigfib
TEST-RESULT-exec-success: pass
TEST-RESULT-exec-time: user       0.2559
TEST-RESULT-exec-real-time: real       0.3884
---------------------------------------------------------------
>>> ========= '/home/ed/mcsema-testing/SANDBOX/test-2015-12-21_15-36-50/SingleSource/Benchmarks/Misc-C++/mandel-text' Program
---------------------------------------------------------------

TEST-PASS: compile /home/ed/mcsema-testing/SANDBOX/test-2015-12-21_15-36-50/SingleSource/Benchmarks/Misc-C++/mandel-text
TEST-RESULT-compile-success: pass
TEST-RESULT-compile-hash: 72394e70438066bb9e81e6adcf0af953
TEST-RESULT-compile-time: user       0.0274
TEST-RESULT-compile-real-time: real       0.0418

TEST-PASS: exec /home/ed/mcsema-testing/SANDBOX/test-2015-12-21_15-36-50/SingleSource/Benchmarks/Misc-C++/mandel-text
TEST-RESULT-exec-success: pass
TEST-RESULT-exec-time: user       1.3978
TEST-RESULT-exec-real-time: real       1.4009
---------------------------------------------------------------
>>> ========= '/home/ed/mcsema-testing/SANDBOX/test-2015-12-21_15-36-50/SingleSource/Benchmarks/Misc-C++/oopack_v1p8' Program
---------------------------------------------------------------

TEST-PASS: compile /home/ed/mcsema-testing/SANDBOX/test-2015-12-21_15-36-50/SingleSource/Benchmarks/Misc-C++/oopack_v1p8
TEST-RESULT-compile-success: pass
TEST-RESULT-compile-hash: 32eb390da999125ebf5c7f2595155967
TEST-RESULT-compile-time: user       0.0978
TEST-RESULT-compile-real-time: real       0.1169

TEST-PASS: exec /home/ed/mcsema-testing/SANDBOX/test-2015-12-21_15-36-50/SingleSource/Benchmarks/Misc-C++/oopack_v1p8
TEST-RESULT-exec-success: pass
TEST-RESULT-exec-time: user       0.1366
TEST-RESULT-exec-real-time: real       0.1383
---------------------------------------------------------------
>>> ========= '/home/ed/mcsema-testing/SANDBOX/test-2015-12-21_15-36-50/SingleSource/Benchmarks/Misc-C++/Large/sphereflake' Program
---------------------------------------------------------------

TEST-PASS: compile /home/ed/mcsema-testing/SANDBOX/test-2015-12-21_15-36-50/SingleSource/Benchmarks/Misc-C++/Large/sphereflake
TEST-RESULT-compile-success: pass
TEST-RESULT-compile-hash: dd588bb6512b506960be38ebe43172fc
TEST-RESULT-compile-time: user       0.2459
TEST-RESULT-compile-real-time: real       0.2721

TEST-PASS: exec /home/ed/mcsema-testing/SANDBOX/test-2015-12-21_15-36-50/SingleSource/Benchmarks/Misc-C++/Large/sphereflake
TEST-RESULT-exec-success: pass
TEST-RESULT-exec-time: user       4.6921
TEST-RESULT-exec-real-time: real       4.7104
---------------------------------------------------------------
>>> ========= '/home/ed/mcsema-testing/SANDBOX/test-2015-12-21_15-36-50/SingleSource/Benchmarks/Misc-C++/Large/ray' Program
---------------------------------------------------------------

TEST-PASS: compile /home/ed/mcsema-testing/SANDBOX/test-2015-12-21_15-36-50/SingleSource/Benchmarks/Misc-C++/Large/ray
TEST-RESULT-compile-success: pass
TEST-RESULT-compile-hash: 6f17e49fa298a119f595651439a4787b
TEST-RESULT-compile-time: user       0.2511
TEST-RESULT-compile-real-time: real       0.3002

TEST-PASS: exec /home/ed/mcsema-testing/SANDBOX/test-2015-12-21_15-36-50/SingleSource/Benchmarks/Misc-C++/Large/ray
TEST-RESULT-exec-success: pass
TEST-RESULT-exec-time: user       2.3649
TEST-RESULT-exec-real-time: real       2.3709
---------------------------------------------------------------
>>> ========= '/home/ed/mcsema-testing/SANDBOX/test-2015-12-21_15-36-50/SingleSource/Benchmarks/Stanford/Queens' Program
---------------------------------------------------------------

TEST-PASS: compile /home/ed/mcsema-testing/SANDBOX/test-2015-12-21_15-36-50/SingleSource/Benchmarks/Stanford/Queens
TEST-RESULT-compile-success: pass
TEST-RESULT-compile-hash: be4dd1daffa03e9be37e41f7416d7d30
TEST-RESULT-compile-time: user       0.0389
TEST-RESULT-compile-real-time: real       0.0544

TEST-PASS: exec /home/ed/mcsema-testing/SANDBOX/test-2015-12-21_15-36-50/SingleSource/Benchmarks/Stanford/Queens
TEST-RESULT-exec-success: pass
TEST-RESULT-exec-time: user       0.0268
TEST-RESULT-exec-real-time: real       0.0280
---------------------------------------------------------------
>>> ========= '/home/ed/mcsema-testing/SANDBOX/test-2015-12-21_15-36-50/SingleSource/Benchmarks/Stanford/Oscar' Program
---------------------------------------------------------------

TEST-PASS: compile /home/ed/mcsema-testing/SANDBOX/test-2015-12-21_15-36-50/SingleSource/Benchmarks/Stanford/Oscar
TEST-RESULT-compile-success: pass
TEST-RESULT-compile-hash: f36f66b84a6c102d66a21a042db8660e
TEST-RESULT-compile-time: user       0.0508
TEST-RESULT-compile-real-time: real       0.0672

TEST-PASS: exec /home/ed/mcsema-testing/SANDBOX/test-2015-12-21_15-36-50/SingleSource/Benchmarks/Stanford/Oscar
TEST-RESULT-exec-success: pass
TEST-RESULT-exec-time: user       0.0025
TEST-RESULT-exec-real-time: real       0.0036
---------------------------------------------------------------
>>> ========= '/home/ed/mcsema-testing/SANDBOX/test-2015-12-21_15-36-50/SingleSource/Benchmarks/Stanford/Treesort' Program
---------------------------------------------------------------

TEST-PASS: compile /home/ed/mcsema-testing/SANDBOX/test-2015-12-21_15-36-50/SingleSource/Benchmarks/Stanford/Treesort
TEST-RESULT-compile-success: pass
TEST-RESULT-compile-hash: 0242686a6c95d77124aa94e7848003a4
TEST-RESULT-compile-time: user       0.0395
TEST-RESULT-compile-real-time: real       0.0541

TEST-PASS: exec /home/ed/mcsema-testing/SANDBOX/test-2015-12-21_15-36-50/SingleSource/Benchmarks/Stanford/Treesort
TEST-RESULT-exec-success: pass
TEST-RESULT-exec-time: user       0.0554
TEST-RESULT-exec-real-time: real       0.0640
---------------------------------------------------------------
>>> ========= '/home/ed/mcsema-testing/SANDBOX/test-2015-12-21_15-36-50/SingleSource/Benchmarks/Stanford/IntMM' Program
---------------------------------------------------------------

TEST-PASS: compile /home/ed/mcsema-testing/SANDBOX/test-2015-12-21_15-36-50/SingleSource/Benchmarks/Stanford/IntMM
TEST-RESULT-compile-success: pass
TEST-RESULT-compile-hash: d983c915564ce402799d6612242144dc
TEST-RESULT-compile-time: user       0.0383
TEST-RESULT-compile-real-time: real       0.0536

TEST-PASS: exec /home/ed/mcsema-testing/SANDBOX/test-2015-12-21_15-36-50/SingleSource/Benchmarks/Stanford/IntMM
TEST-RESULT-exec-success: pass
TEST-RESULT-exec-time: user       0.0015
TEST-RESULT-exec-real-time: real       0.0023
---------------------------------------------------------------
>>> ========= '/home/ed/mcsema-testing/SANDBOX/test-2015-12-21_15-36-50/SingleSource/Benchmarks/Stanford/RealMM' Program
---------------------------------------------------------------

TEST-PASS: compile /home/ed/mcsema-testing/SANDBOX/test-2015-12-21_15-36-50/SingleSource/Benchmarks/Stanford/RealMM
TEST-RESULT-compile-success: pass
TEST-RESULT-compile-hash: 05ff3cce70809b8e714c3c4688bcab3e
TEST-RESULT-compile-time: user       0.0385
TEST-RESULT-compile-real-time: real       0.0537

TEST-PASS: exec /home/ed/mcsema-testing/SANDBOX/test-2015-12-21_15-36-50/SingleSource/Benchmarks/Stanford/RealMM
TEST-RESULT-exec-success: pass
TEST-RESULT-exec-time: user       0.0018
TEST-RESULT-exec-real-time: real       0.0028
---------------------------------------------------------------
>>> ========= '/home/ed/mcsema-testing/SANDBOX/test-2015-12-21_15-36-50/SingleSource/Benchmarks/Stanford/Towers' Program
---------------------------------------------------------------

TEST-PASS: compile /home/ed/mcsema-testing/SANDBOX/test-2015-12-21_15-36-50/SingleSource/Benchmarks/Stanford/Towers
TEST-RESULT-compile-success: pass
TEST-RESULT-compile-hash: cfd3448c3bfcf5254bf65ac3680248df
TEST-RESULT-compile-time: user       0.0424
TEST-RESULT-compile-real-time: real       0.0573

TEST-PASS: exec /home/ed/mcsema-testing/SANDBOX/test-2015-12-21_15-36-50/SingleSource/Benchmarks/Stanford/Towers
TEST-RESULT-exec-success: pass
TEST-RESULT-exec-time: user       0.0134
TEST-RESULT-exec-real-time: real       0.0143
---------------------------------------------------------------
>>> ========= '/home/ed/mcsema-testing/SANDBOX/test-2015-12-21_15-36-50/SingleSource/Benchmarks/Stanford/Perm' Program
---------------------------------------------------------------

TEST-PASS: compile /home/ed/mcsema-testing/SANDBOX/test-2015-12-21_15-36-50/SingleSource/Benchmarks/Stanford/Perm
TEST-RESULT-compile-success: pass
TEST-RESULT-compile-hash: cce24578a05cf176dbc70aa58a24222d
TEST-RESULT-compile-time: user       0.0336
TEST-RESULT-compile-real-time: real       0.0487

TEST-PASS: exec /home/ed/mcsema-testing/SANDBOX/test-2015-12-21_15-36-50/SingleSource/Benchmarks/Stanford/Perm
TEST-RESULT-exec-success: pass
TEST-RESULT-exec-time: user       0.0193
TEST-RESULT-exec-real-time: real       0.0205
---------------------------------------------------------------
>>> ========= '/home/ed/mcsema-testing/SANDBOX/test-2015-12-21_15-36-50/SingleSource/Benchmarks/Stanford/Quicksort' Program
---------------------------------------------------------------

TEST-PASS: compile /home/ed/mcsema-testing/SANDBOX/test-2015-12-21_15-36-50/SingleSource/Benchmarks/Stanford/Quicksort
TEST-RESULT-compile-success: pass
TEST-RESULT-compile-hash: 896d1138beb4b6b145d78e790bc22be6
TEST-RESULT-compile-time: user       0.0358
TEST-RESULT-compile-real-time: real       0.0511

TEST-PASS: exec /home/ed/mcsema-testing/SANDBOX/test-2015-12-21_15-36-50/SingleSource/Benchmarks/Stanford/Quicksort
TEST-RESULT-exec-success: pass
TEST-RESULT-exec-time: user       0.0323
TEST-RESULT-exec-real-time: real       0.0334
---------------------------------------------------------------
>>> ========= '/home/ed/mcsema-testing/SANDBOX/test-2015-12-21_15-36-50/SingleSource/Benchmarks/Stanford/FloatMM' Program
---------------------------------------------------------------

TEST-PASS: compile /home/ed/mcsema-testing/SANDBOX/test-2015-12-21_15-36-50/SingleSource/Benchmarks/Stanford/FloatMM
TEST-RESULT-compile-success: pass
TEST-RESULT-compile-hash: 400230c35cd219763438259287777280
TEST-RESULT-compile-time: user       0.0393
TEST-RESULT-compile-real-time: real       0.0555

TEST-PASS: exec /home/ed/mcsema-testing/SANDBOX/test-2015-12-21_15-36-50/SingleSource/Benchmarks/Stanford/FloatMM
TEST-RESULT-exec-success: pass
TEST-RESULT-exec-time: user       0.4048
TEST-RESULT-exec-real-time: real       0.4069
---------------------------------------------------------------
>>> ========= '/home/ed/mcsema-testing/SANDBOX/test-2015-12-21_15-36-50/SingleSource/Benchmarks/Stanford/Puzzle' Program
---------------------------------------------------------------

TEST-PASS: compile /home/ed/mcsema-testing/SANDBOX/test-2015-12-21_15-36-50/SingleSource/Benchmarks/Stanford/Puzzle
TEST-RESULT-compile-success: pass
TEST-RESULT-compile-hash: f6d20d5898024c443fd6f295674abe77
TEST-RESULT-compile-time: user       0.0754
TEST-RESULT-compile-real-time: real       0.0924

TEST-PASS: exec /home/ed/mcsema-testing/SANDBOX/test-2015-12-21_15-36-50/SingleSource/Benchmarks/Stanford/Puzzle
TEST-RESULT-exec-success: pass
TEST-RESULT-exec-time: user       0.1167
TEST-RESULT-exec-real-time: real       0.1182
---------------------------------------------------------------
>>> ========= '/home/ed/mcsema-testing/SANDBOX/test-2015-12-21_15-36-50/SingleSource/Benchmarks/Stanford/Bubblesort' Program
---------------------------------------------------------------

TEST-PASS: compile /home/ed/mcsema-testing/SANDBOX/test-2015-12-21_15-36-50/SingleSource/Benchmarks/Stanford/Bubblesort
TEST-RESULT-compile-success: pass
TEST-RESULT-compile-hash: 650cead57caefbe1d5ca6a030aa4309a
TEST-RESULT-compile-time: user       0.0364
TEST-RESULT-compile-real-time: real       0.0519

TEST-PASS: exec /home/ed/mcsema-testing/SANDBOX/test-2015-12-21_15-36-50/SingleSource/Benchmarks/Stanford/Bubblesort
TEST-RESULT-exec-success: pass
TEST-RESULT-exec-time: user       0.0366
TEST-RESULT-exec-real-time: real       0.0376
---------------------------------------------------------------
>>> ========= '/home/ed/mcsema-testing/SANDBOX/test-2015-12-21_15-36-50/SingleSource/Benchmarks/Polybench/linear-algebra/kernels/3mm/3mm' Program
---------------------------------------------------------------

TEST-PASS: compile /home/ed/mcsema-testing/SANDBOX/test-2015-12-21_15-36-50/SingleSource/Benchmarks/Polybench/linear-algebra/kernels/3mm/3mm
TEST-RESULT-compile-success: pass
TEST-RESULT-compile-hash: dcd35521f70215e5e96c1ad7dec45381
TEST-RESULT-compile-time: user       0.0733
TEST-RESULT-compile-real-time: real       0.0921

TEST-PASS: exec /home/ed/mcsema-testing/SANDBOX/test-2015-12-21_15-36-50/SingleSource/Benchmarks/Polybench/linear-algebra/kernels/3mm/3mm
TEST-RESULT-exec-success: pass
TEST-RESULT-exec-time: user       33.4221
TEST-RESULT-exec-real-time: real       33.5443
---------------------------------------------------------------
>>> ========= '/home/ed/mcsema-testing/SANDBOX/test-2015-12-21_15-36-50/SingleSource/Benchmarks/Polybench/linear-algebra/kernels/2mm/2mm' Program
---------------------------------------------------------------

TEST-PASS: compile /home/ed/mcsema-testing/SANDBOX/test-2015-12-21_15-36-50/SingleSource/Benchmarks/Polybench/linear-algebra/kernels/2mm/2mm
TEST-RESULT-compile-success: pass
TEST-RESULT-compile-hash: 9304120983581a81766d277721e0349e
TEST-RESULT-compile-time: user       0.0690
TEST-RESULT-compile-real-time: real       0.0873

TEST-PASS: exec /home/ed/mcsema-testing/SANDBOX/test-2015-12-21_15-36-50/SingleSource/Benchmarks/Polybench/linear-algebra/kernels/2mm/2mm
TEST-RESULT-exec-success: pass
TEST-RESULT-exec-time: user       21.9017
TEST-RESULT-exec-real-time: real       21.9855
---------------------------------------------------------------
>>> ========= '/home/ed/mcsema-testing/SANDBOX/test-2015-12-21_15-36-50/SingleSource/Benchmarks/Polybench/linear-algebra/kernels/atax/atax' Program
---------------------------------------------------------------

TEST-PASS: compile /home/ed/mcsema-testing/SANDBOX/test-2015-12-21_15-36-50/SingleSource/Benchmarks/Polybench/linear-algebra/kernels/atax/atax
TEST-RESULT-compile-success: pass
TEST-RESULT-compile-hash: 274ef78ab1e6b7918e117ce69e69ca7c
TEST-RESULT-compile-time: user       0.0637
TEST-RESULT-compile-real-time: real       0.0831

TEST-PASS: exec /home/ed/mcsema-testing/SANDBOX/test-2015-12-21_15-36-50/SingleSource/Benchmarks/Polybench/linear-algebra/kernels/atax/atax
TEST-RESULT-exec-success: pass
TEST-RESULT-exec-time: user       0.1465
TEST-RESULT-exec-real-time: real       0.1920
---------------------------------------------------------------
>>> ========= '/home/ed/mcsema-testing/SANDBOX/test-2015-12-21_15-36-50/SingleSource/Benchmarks/Polybench/linear-algebra/kernels/syrk/syrk' Program
---------------------------------------------------------------

TEST-PASS: compile /home/ed/mcsema-testing/SANDBOX/test-2015-12-21_15-36-50/SingleSource/Benchmarks/Polybench/linear-algebra/kernels/syrk/syrk
TEST-RESULT-compile-success: pass
TEST-RESULT-compile-hash: c6929a2a3d3b7c7fc37d1421d6458f77
TEST-RESULT-compile-time: user       0.0629
TEST-RESULT-compile-real-time: real       0.0806

TEST-PASS: exec /home/ed/mcsema-testing/SANDBOX/test-2015-12-21_15-36-50/SingleSource/Benchmarks/Polybench/linear-algebra/kernels/syrk/syrk
TEST-RESULT-exec-success: pass
TEST-RESULT-exec-time: user       1.1094
TEST-RESULT-exec-real-time: real       1.1292
---------------------------------------------------------------
>>> ========= '/home/ed/mcsema-testing/SANDBOX/test-2015-12-21_15-36-50/SingleSource/Benchmarks/Polybench/linear-algebra/kernels/gemm/gemm' Program
---------------------------------------------------------------

TEST-PASS: compile /home/ed/mcsema-testing/SANDBOX/test-2015-12-21_15-36-50/SingleSource/Benchmarks/Polybench/linear-algebra/kernels/gemm/gemm
TEST-RESULT-compile-success: pass
TEST-RESULT-compile-hash: 05fd7d9d5994d90650b1f88dd314a7d9
TEST-RESULT-compile-time: user       0.0636
TEST-RESULT-compile-real-time: real       0.0820

TEST-PASS: exec /home/ed/mcsema-testing/SANDBOX/test-2015-12-21_15-36-50/SingleSource/Benchmarks/Polybench/linear-algebra/kernels/gemm/gemm
TEST-RESULT-exec-success: pass
TEST-RESULT-exec-time: user       10.7325
TEST-RESULT-exec-real-time: real       10.7793
---------------------------------------------------------------
>>> ========= '/home/ed/mcsema-testing/SANDBOX/test-2015-12-21_15-36-50/SingleSource/Benchmarks/Polybench/linear-algebra/kernels/doitgen/doitgen' Program
---------------------------------------------------------------

TEST-PASS: compile /home/ed/mcsema-testing/SANDBOX/test-2015-12-21_15-36-50/SingleSource/Benchmarks/Polybench/linear-algebra/kernels/doitgen/doitgen
TEST-RESULT-compile-success: pass
TEST-RESULT-compile-hash: 5775e339568ecb16056f290ba882f67f
TEST-RESULT-compile-time: user       0.0685
TEST-RESULT-compile-real-time: real       0.0869

TEST-PASS: exec /home/ed/mcsema-testing/SANDBOX/test-2015-12-21_15-36-50/SingleSource/Benchmarks/Polybench/linear-algebra/kernels/doitgen/doitgen
TEST-RESULT-exec-success: pass
TEST-RESULT-exec-time: user       0.3977
TEST-RESULT-exec-real-time: real       0.4078
---------------------------------------------------------------
>>> ========= '/home/ed/mcsema-testing/SANDBOX/test-2015-12-21_15-36-50/SingleSource/Benchmarks/Polybench/linear-algebra/kernels/symm/symm' Program
---------------------------------------------------------------

TEST-PASS: compile /home/ed/mcsema-testing/SANDBOX/test-2015-12-21_15-36-50/SingleSource/Benchmarks/Polybench/linear-algebra/kernels/symm/symm
TEST-RESULT-compile-success: pass
TEST-RESULT-compile-hash: 9ea7f11e42900c6b4e57eff3c0d2c3ee
TEST-RESULT-compile-time: user       0.0642
TEST-RESULT-compile-real-time: real       0.0827

TEST-PASS: exec /home/ed/mcsema-testing/SANDBOX/test-2015-12-21_15-36-50/SingleSource/Benchmarks/Polybench/linear-algebra/kernels/symm/symm
TEST-RESULT-exec-success: pass
TEST-RESULT-exec-time: user       14.8978
TEST-RESULT-exec-real-time: real       14.9549
---------------------------------------------------------------
>>> ========= '/home/ed/mcsema-testing/SANDBOX/test-2015-12-21_15-36-50/SingleSource/Benchmarks/Polybench/linear-algebra/kernels/mvt/mvt' Program
---------------------------------------------------------------

TEST-PASS: compile /home/ed/mcsema-testing/SANDBOX/test-2015-12-21_15-36-50/SingleSource/Benchmarks/Polybench/linear-algebra/kernels/mvt/mvt
TEST-RESULT-compile-success: pass
TEST-RESULT-compile-hash: e089f0cf8109fdcfaec2f8d0c4a909e6
TEST-RESULT-compile-time: user       0.0659
TEST-RESULT-compile-real-time: real       0.0848

TEST-PASS: exec /home/ed/mcsema-testing/SANDBOX/test-2015-12-21_15-36-50/SingleSource/Benchmarks/Polybench/linear-algebra/kernels/mvt/mvt
TEST-RESULT-exec-success: pass
TEST-RESULT-exec-time: user       0.5090
TEST-RESULT-exec-real-time: real       0.5850
---------------------------------------------------------------
>>> ========= '/home/ed/mcsema-testing/SANDBOX/test-2015-12-21_15-36-50/SingleSource/Benchmarks/Polybench/linear-algebra/kernels/syr2k/syr2k' Program
---------------------------------------------------------------

TEST-PASS: compile /home/ed/mcsema-testing/SANDBOX/test-2015-12-21_15-36-50/SingleSource/Benchmarks/Polybench/linear-algebra/kernels/syr2k/syr2k
TEST-RESULT-compile-success: pass
TEST-RESULT-compile-hash: 5347a5e98fb0efb4cd6ded43e25ff08f
TEST-RESULT-compile-time: user       0.0644
TEST-RESULT-compile-real-time: real       0.0832

TEST-PASS: exec /home/ed/mcsema-testing/SANDBOX/test-2015-12-21_15-36-50/SingleSource/Benchmarks/Polybench/linear-algebra/kernels/syr2k/syr2k
TEST-RESULT-exec-success: pass
TEST-RESULT-exec-time: user       3.4998
TEST-RESULT-exec-real-time: real       3.5485
---------------------------------------------------------------
>>> ========= '/home/ed/mcsema-testing/SANDBOX/test-2015-12-21_15-36-50/SingleSource/Benchmarks/Polybench/linear-algebra/kernels/bicg/bicg' Program
---------------------------------------------------------------

TEST-PASS: compile /home/ed/mcsema-testing/SANDBOX/test-2015-12-21_15-36-50/SingleSource/Benchmarks/Polybench/linear-algebra/kernels/bicg/bicg
TEST-RESULT-compile-success: pass
TEST-RESULT-compile-hash: a460d248f81ee9e6d969b2e5fded4de2
TEST-RESULT-compile-time: user       0.0649
TEST-RESULT-compile-real-time: real       0.0838

TEST-PASS: exec /home/ed/mcsema-testing/SANDBOX/test-2015-12-21_15-36-50/SingleSource/Benchmarks/Polybench/linear-algebra/kernels/bicg/bicg
TEST-RESULT-exec-success: pass
TEST-RESULT-exec-time: user       0.1594
TEST-RESULT-exec-real-time: real       0.2467
---------------------------------------------------------------
>>> ========= '/home/ed/mcsema-testing/SANDBOX/test-2015-12-21_15-36-50/SingleSource/Benchmarks/Polybench/linear-algebra/kernels/cholesky/cholesky' Program
---------------------------------------------------------------

TEST-PASS: compile /home/ed/mcsema-testing/SANDBOX/test-2015-12-21_15-36-50/SingleSource/Benchmarks/Polybench/linear-algebra/kernels/cholesky/cholesky
TEST-RESULT-compile-success: pass
TEST-RESULT-compile-hash: 1aab2fc893076f102b5bdff92bdf276a
TEST-RESULT-compile-time: user       0.0654
TEST-RESULT-compile-real-time: real       0.0839

TEST-PASS: exec /home/ed/mcsema-testing/SANDBOX/test-2015-12-21_15-36-50/SingleSource/Benchmarks/Polybench/linear-algebra/kernels/cholesky/cholesky
TEST-RESULT-exec-success: pass
TEST-RESULT-exec-time: user       0.1730
TEST-RESULT-exec-real-time: real       0.1840
---------------------------------------------------------------
>>> ========= '/home/ed/mcsema-testing/SANDBOX/test-2015-12-21_15-36-50/SingleSource/Benchmarks/Polybench/linear-algebra/kernels/gesummv/gesummv' Program
---------------------------------------------------------------

TEST-PASS: compile /home/ed/mcsema-testing/SANDBOX/test-2015-12-21_15-36-50/SingleSource/Benchmarks/Polybench/linear-algebra/kernels/gesummv/gesummv
TEST-RESULT-compile-success: pass
TEST-RESULT-compile-hash: 3cb1d93966366a9a9b46e642e62d45fc
TEST-RESULT-compile-time: user       0.0606
TEST-RESULT-compile-real-time: real       0.0782

TEST-PASS: exec /home/ed/mcsema-testing/SANDBOX/test-2015-12-21_15-36-50/SingleSource/Benchmarks/Polybench/linear-algebra/kernels/gesummv/gesummv
TEST-RESULT-exec-success: pass
TEST-RESULT-exec-time: user       0.1828
TEST-RESULT-exec-real-time: real       0.3348
---------------------------------------------------------------
>>> ========= '/home/ed/mcsema-testing/SANDBOX/test-2015-12-21_15-36-50/SingleSource/Benchmarks/Polybench/linear-algebra/kernels/gemver/gemver' Program
---------------------------------------------------------------

TEST-PASS: compile /home/ed/mcsema-testing/SANDBOX/test-2015-12-21_15-36-50/SingleSource/Benchmarks/Polybench/linear-algebra/kernels/gemver/gemver
TEST-RESULT-compile-success: pass
TEST-RESULT-compile-hash: 6e96b64f8c8c0a8fb1d22a4a55b80230
TEST-RESULT-compile-time: user       0.0709
TEST-RESULT-compile-real-time: real       0.0896

TEST-PASS: exec /home/ed/mcsema-testing/SANDBOX/test-2015-12-21_15-36-50/SingleSource/Benchmarks/Polybench/linear-algebra/kernels/gemver/gemver
TEST-RESULT-exec-success: pass
TEST-RESULT-exec-time: user       0.5596
TEST-RESULT-exec-real-time: real       0.6101
---------------------------------------------------------------
>>> ========= '/home/ed/mcsema-testing/SANDBOX/test-2015-12-21_15-36-50/SingleSource/Benchmarks/Polybench/linear-algebra/kernels/trmm/trmm' Program
---------------------------------------------------------------

TEST-PASS: compile /home/ed/mcsema-testing/SANDBOX/test-2015-12-21_15-36-50/SingleSource/Benchmarks/Polybench/linear-algebra/kernels/trmm/trmm
TEST-RESULT-compile-success: pass
TEST-RESULT-compile-hash: 49a0e2166e30f99343db47df3c1b8780
TEST-RESULT-compile-time: user       0.0612
TEST-RESULT-compile-real-time: real       0.0812

TEST-PASS: exec /home/ed/mcsema-testing/SANDBOX/test-2015-12-21_15-36-50/SingleSource/Benchmarks/Polybench/linear-algebra/kernels/trmm/trmm
TEST-RESULT-exec-success: pass
TEST-RESULT-exec-time: user       0.6119
TEST-RESULT-exec-real-time: real       0.6273
---------------------------------------------------------------
>>> ========= '/home/ed/mcsema-testing/SANDBOX/test-2015-12-21_15-36-50/SingleSource/Benchmarks/Polybench/linear-algebra/kernels/trisolv/trisolv' Program
---------------------------------------------------------------

TEST-PASS: compile /home/ed/mcsema-testing/SANDBOX/test-2015-12-21_15-36-50/SingleSource/Benchmarks/Polybench/linear-algebra/kernels/trisolv/trisolv
TEST-RESULT-compile-success: pass
TEST-RESULT-compile-hash: b1b2cfb1c9ab32633bef4a45ab320737
TEST-RESULT-compile-time: user       0.0606
TEST-RESULT-compile-real-time: real       0.0831

TEST-PASS: exec /home/ed/mcsema-testing/SANDBOX/test-2015-12-21_15-36-50/SingleSource/Benchmarks/Polybench/linear-algebra/kernels/trisolv/trisolv
TEST-RESULT-exec-success: pass
TEST-RESULT-exec-time: user       0.1251
TEST-RESULT-exec-real-time: real       0.1675
---------------------------------------------------------------
>>> ========= '/home/ed/mcsema-testing/SANDBOX/test-2015-12-21_15-36-50/SingleSource/Benchmarks/Polybench/linear-algebra/solvers/dynprog/dynprog' Program
---------------------------------------------------------------

TEST-PASS: compile /home/ed/mcsema-testing/SANDBOX/test-2015-12-21_15-36-50/SingleSource/Benchmarks/Polybench/linear-algebra/solvers/dynprog/dynprog
TEST-RESULT-compile-success: pass
TEST-RESULT-compile-hash: 1e0f1a9cb2b3f7521e31fd45bf6664fc
TEST-RESULT-compile-time: user       0.0637
TEST-RESULT-compile-real-time: real       0.0974

TEST-PASS: exec /home/ed/mcsema-testing/SANDBOX/test-2015-12-21_15-36-50/SingleSource/Benchmarks/Polybench/linear-algebra/solvers/dynprog/dynprog
TEST-RESULT-exec-success: pass
TEST-RESULT-exec-time: user       0.4004
TEST-RESULT-exec-real-time: real       0.4036
---------------------------------------------------------------
>>> ========= '/home/ed/mcsema-testing/SANDBOX/test-2015-12-21_15-36-50/SingleSource/Benchmarks/Polybench/linear-algebra/solvers/durbin/durbin' Program
---------------------------------------------------------------

TEST-PASS: compile /home/ed/mcsema-testing/SANDBOX/test-2015-12-21_15-36-50/SingleSource/Benchmarks/Polybench/linear-algebra/solvers/durbin/durbin
TEST-RESULT-compile-success: pass
TEST-RESULT-compile-hash: cf0d79bf1045023ebe0c3c219775a707
TEST-RESULT-compile-time: user       0.0655
TEST-RESULT-compile-real-time: real       0.0839

TEST-PASS: exec /home/ed/mcsema-testing/SANDBOX/test-2015-12-21_15-36-50/SingleSource/Benchmarks/Polybench/linear-algebra/solvers/durbin/durbin
TEST-RESULT-exec-success: pass
TEST-RESULT-exec-time: user       0.8730
TEST-RESULT-exec-real-time: real       1.4301
---------------------------------------------------------------
>>> ========= '/home/ed/mcsema-testing/SANDBOX/test-2015-12-21_15-36-50/SingleSource/Benchmarks/Polybench/linear-algebra/solvers/lu/lu' Program
---------------------------------------------------------------

TEST-PASS: compile /home/ed/mcsema-testing/SANDBOX/test-2015-12-21_15-36-50/SingleSource/Benchmarks/Polybench/linear-algebra/solvers/lu/lu
TEST-RESULT-compile-success: pass
TEST-RESULT-compile-hash: 27cf13a2bc205281ba8237ba9bf48fda
TEST-RESULT-compile-time: user       0.0680
TEST-RESULT-compile-real-time: real       0.1011

TEST-PASS: exec /home/ed/mcsema-testing/SANDBOX/test-2015-12-21_15-36-50/SingleSource/Benchmarks/Polybench/linear-algebra/solvers/lu/lu
TEST-RESULT-exec-success: pass
TEST-RESULT-exec-time: user       0.0019
TEST-RESULT-exec-real-time: real       0.0030
---------------------------------------------------------------
>>> ========= '/home/ed/mcsema-testing/SANDBOX/test-2015-12-21_15-36-50/SingleSource/Benchmarks/Polybench/linear-algebra/solvers/gramschmidt/gramschmidt' Program
---------------------------------------------------------------

TEST-PASS: compile /home/ed/mcsema-testing/SANDBOX/test-2015-12-21_15-36-50/SingleSource/Benchmarks/Polybench/linear-algebra/solvers/gramschmidt/gramschmidt
TEST-RESULT-compile-success: pass
TEST-RESULT-compile-hash: f0f5690abe7244a1d5091b7f71e83493
TEST-RESULT-compile-time: user       0.0811
TEST-RESULT-compile-real-time: real       0.1010

TEST-PASS: exec /home/ed/mcsema-testing/SANDBOX/test-2015-12-21_15-36-50/SingleSource/Benchmarks/Polybench/linear-algebra/solvers/gramschmidt/gramschmidt
TEST-RESULT-exec-success: pass
TEST-RESULT-exec-time: user       2.1656
TEST-RESULT-exec-real-time: real       3.5874
---------------------------------------------------------------
>>> ========= '/home/ed/mcsema-testing/SANDBOX/test-2015-12-21_15-36-50/SingleSource/Benchmarks/Polybench/datamining/correlation/correlation' Program
---------------------------------------------------------------

TEST-PASS: compile /home/ed/mcsema-testing/SANDBOX/test-2015-12-21_15-36-50/SingleSource/Benchmarks/Polybench/datamining/correlation/correlation
TEST-RESULT-compile-success: pass
TEST-RESULT-compile-hash: 3550166e4226a8e90802b1bcf296dd76
TEST-RESULT-compile-time: user       0.0691
TEST-RESULT-compile-real-time: real       0.0885

TEST-PASS: exec /home/ed/mcsema-testing/SANDBOX/test-2015-12-21_15-36-50/SingleSource/Benchmarks/Polybench/datamining/correlation/correlation
TEST-RESULT-exec-success: pass
TEST-RESULT-exec-time: user       6.2332
TEST-RESULT-exec-real-time: real       6.2614
---------------------------------------------------------------
>>> ========= '/home/ed/mcsema-testing/SANDBOX/test-2015-12-21_15-36-50/SingleSource/Benchmarks/Polybench/datamining/covariance/covariance' Program
---------------------------------------------------------------

TEST-PASS: compile /home/ed/mcsema-testing/SANDBOX/test-2015-12-21_15-36-50/SingleSource/Benchmarks/Polybench/datamining/covariance/covariance
TEST-RESULT-compile-success: pass
TEST-RESULT-compile-hash: c2d3e56862ee902c46942c14cdabefcf
TEST-RESULT-compile-time: user       0.0668
TEST-RESULT-compile-real-time: real       0.0849

TEST-PASS: exec /home/ed/mcsema-testing/SANDBOX/test-2015-12-21_15-36-50/SingleSource/Benchmarks/Polybench/datamining/covariance/covariance
TEST-RESULT-exec-success: pass
TEST-RESULT-exec-time: user       6.3986
TEST-RESULT-exec-real-time: real       6.4301
---------------------------------------------------------------
>>> ========= '/home/ed/mcsema-testing/SANDBOX/test-2015-12-21_15-36-50/SingleSource/Benchmarks/Polybench/medley/floyd-warshall/floyd-warshall' Program
---------------------------------------------------------------

TEST-PASS: compile /home/ed/mcsema-testing/SANDBOX/test-2015-12-21_15-36-50/SingleSource/Benchmarks/Polybench/medley/floyd-warshall/floyd-warshall
TEST-RESULT-compile-success: pass
TEST-RESULT-compile-hash: ab606331b5b1ec9a6c28f81f53a714cf
TEST-RESULT-compile-time: user       0.0665
TEST-RESULT-compile-real-time: real       0.1155

TEST-PASS: exec /home/ed/mcsema-testing/SANDBOX/test-2015-12-21_15-36-50/SingleSource/Benchmarks/Polybench/medley/floyd-warshall/floyd-warshall
TEST-RESULT-exec-success: pass
TEST-RESULT-exec-time: user       1.1847
TEST-RESULT-exec-real-time: real       1.2219
---------------------------------------------------------------
>>> ========= '/home/ed/mcsema-testing/SANDBOX/test-2015-12-21_15-36-50/SingleSource/Benchmarks/Polybench/medley/reg_detect/reg_detect' Program
---------------------------------------------------------------

TEST-PASS: compile /home/ed/mcsema-testing/SANDBOX/test-2015-12-21_15-36-50/SingleSource/Benchmarks/Polybench/medley/reg_detect/reg_detect
TEST-RESULT-compile-success: pass
TEST-RESULT-compile-hash: fba676348f4798d72f6d8da0a25be65d
TEST-RESULT-compile-time: user       0.1180
TEST-RESULT-compile-real-time: real       0.1697

TEST-PASS: exec /home/ed/mcsema-testing/SANDBOX/test-2015-12-21_15-36-50/SingleSource/Benchmarks/Polybench/medley/reg_detect/reg_detect
TEST-RESULT-exec-success: pass
TEST-RESULT-exec-time: user       0.0195
TEST-RESULT-exec-real-time: real       0.0204
---------------------------------------------------------------
>>> ========= '/home/ed/mcsema-testing/SANDBOX/test-2015-12-21_15-36-50/SingleSource/Benchmarks/Polybench/stencils/jacobi-2d-imper/jacobi-2d-imper' Program
---------------------------------------------------------------

TEST-PASS: compile /home/ed/mcsema-testing/SANDBOX/test-2015-12-21_15-36-50/SingleSource/Benchmarks/Polybench/stencils/jacobi-2d-imper/jacobi-2d-imper
TEST-RESULT-compile-success: pass
TEST-RESULT-compile-hash: e2b2e6c082ff52a557cb33dfd4f21dbc
TEST-RESULT-compile-time: user       0.0748
TEST-RESULT-compile-real-time: real       0.0958

TEST-PASS: exec /home/ed/mcsema-testing/SANDBOX/test-2015-12-21_15-36-50/SingleSource/Benchmarks/Polybench/stencils/jacobi-2d-imper/jacobi-2d-imper
TEST-RESULT-exec-success: pass
TEST-RESULT-exec-time: user       0.1287
TEST-RESULT-exec-real-time: real       0.1457
---------------------------------------------------------------
>>> ========= '/home/ed/mcsema-testing/SANDBOX/test-2015-12-21_15-36-50/SingleSource/Benchmarks/Polybench/stencils/seidel-2d/seidel-2d' Program
---------------------------------------------------------------

TEST-PASS: compile /home/ed/mcsema-testing/SANDBOX/test-2015-12-21_15-36-50/SingleSource/Benchmarks/Polybench/stencils/seidel-2d/seidel-2d
TEST-RESULT-compile-success: pass
TEST-RESULT-compile-hash: 709e740d844a1d14d270107498021d14
TEST-RESULT-compile-time: user       0.0621
TEST-RESULT-compile-real-time: real       0.0942

TEST-PASS: exec /home/ed/mcsema-testing/SANDBOX/test-2015-12-21_15-36-50/SingleSource/Benchmarks/Polybench/stencils/seidel-2d/seidel-2d
TEST-RESULT-exec-success: pass
TEST-RESULT-exec-time: user       0.2527
TEST-RESULT-exec-real-time: real       0.2883
---------------------------------------------------------------
>>> ========= '/home/ed/mcsema-testing/SANDBOX/test-2015-12-21_15-36-50/SingleSource/Benchmarks/Polybench/stencils/fdtd-2d/fdtd-2d' Program
---------------------------------------------------------------

TEST-PASS: compile /home/ed/mcsema-testing/SANDBOX/test-2015-12-21_15-36-50/SingleSource/Benchmarks/Polybench/stencils/fdtd-2d/fdtd-2d
TEST-RESULT-compile-success: pass
TEST-RESULT-compile-hash: b2f829de26e2beb8911229f785076d01
TEST-RESULT-compile-time: user       0.0915
TEST-RESULT-compile-real-time: real       0.1192

TEST-PASS: exec /home/ed/mcsema-testing/SANDBOX/test-2015-12-21_15-36-50/SingleSource/Benchmarks/Polybench/stencils/fdtd-2d/fdtd-2d
TEST-RESULT-exec-success: pass
TEST-RESULT-exec-time: user       0.5732
TEST-RESULT-exec-real-time: real       0.6723
---------------------------------------------------------------
>>> ========= '/home/ed/mcsema-testing/SANDBOX/test-2015-12-21_15-36-50/SingleSource/Benchmarks/Polybench/stencils/fdtd-apml/fdtd-apml' Program
---------------------------------------------------------------

TEST-PASS: compile /home/ed/mcsema-testing/SANDBOX/test-2015-12-21_15-36-50/SingleSource/Benchmarks/Polybench/stencils/fdtd-apml/fdtd-apml
TEST-RESULT-compile-success: pass
TEST-RESULT-compile-hash: 05cdea0623e6f6f451c65cb62ed5882b
TEST-RESULT-compile-time: user       0.0990
TEST-RESULT-compile-real-time: real       0.1306

TEST-PASS: exec /home/ed/mcsema-testing/SANDBOX/test-2015-12-21_15-36-50/SingleSource/Benchmarks/Polybench/stencils/fdtd-apml/fdtd-apml
TEST-RESULT-exec-success: pass
TEST-RESULT-exec-time: user       1.1879
TEST-RESULT-exec-real-time: real       3.0593
---------------------------------------------------------------
>>> ========= '/home/ed/mcsema-testing/SANDBOX/test-2015-12-21_15-36-50/SingleSource/Benchmarks/Polybench/stencils/jacobi-1d-imper/jacobi-1d-imper' Program
---------------------------------------------------------------

TEST-PASS: compile /home/ed/mcsema-testing/SANDBOX/test-2015-12-21_15-36-50/SingleSource/Benchmarks/Polybench/stencils/jacobi-1d-imper/jacobi-1d-imper
TEST-RESULT-compile-success: pass
TEST-RESULT-compile-hash: f036cd74bbf91607919f8e8dd5ceceed
TEST-RESULT-compile-time: user       0.0681
TEST-RESULT-compile-real-time: real       0.1056

TEST-PASS: exec /home/ed/mcsema-testing/SANDBOX/test-2015-12-21_15-36-50/SingleSource/Benchmarks/Polybench/stencils/jacobi-1d-imper/jacobi-1d-imper
TEST-RESULT-exec-success: pass
TEST-RESULT-exec-time: user       0.0022
TEST-RESULT-exec-real-time: real       0.0033
---------------------------------------------------------------
>>> ========= '/home/ed/mcsema-testing/SANDBOX/test-2015-12-21_15-36-50/SingleSource/Benchmarks/Polybench/stencils/adi/adi' Program
---------------------------------------------------------------

TEST-PASS: compile /home/ed/mcsema-testing/SANDBOX/test-2015-12-21_15-36-50/SingleSource/Benchmarks/Polybench/stencils/adi/adi
TEST-RESULT-compile-success: pass
TEST-RESULT-compile-hash: 7ecc06f81ae7c8c2ae1436121ed53b9c
TEST-RESULT-compile-time: user       0.0929
TEST-RESULT-compile-real-time: real       0.1498

TEST-PASS: exec /home/ed/mcsema-testing/SANDBOX/test-2015-12-21_15-36-50/SingleSource/Benchmarks/Polybench/stencils/adi/adi
TEST-RESULT-exec-success: pass
TEST-RESULT-exec-time: user       1.6542
TEST-RESULT-exec-real-time: real       1.7075
---------------------------------------------------------------
>>> ========= '/home/ed/mcsema-testing/SANDBOX/test-2015-12-21_15-36-50/SingleSource/Benchmarks/McGill/queens' Program
---------------------------------------------------------------

TEST-PASS: compile /home/ed/mcsema-testing/SANDBOX/test-2015-12-21_15-36-50/SingleSource/Benchmarks/McGill/queens
TEST-RESULT-compile-success: pass
TEST-RESULT-compile-hash: 5dd0ff443e85f9787401e12814ff1f71
TEST-RESULT-compile-time: user       0.0444
TEST-RESULT-compile-real-time: real       0.0605

TEST-PASS: exec /home/ed/mcsema-testing/SANDBOX/test-2015-12-21_15-36-50/SingleSource/Benchmarks/McGill/queens
TEST-RESULT-exec-success: pass
TEST-RESULT-exec-time: user       1.7021
TEST-RESULT-exec-real-time: real       1.7057
---------------------------------------------------------------
>>> ========= '/home/ed/mcsema-testing/SANDBOX/test-2015-12-21_15-36-50/SingleSource/Benchmarks/McGill/misr' Program
---------------------------------------------------------------

TEST-PASS: compile /home/ed/mcsema-testing/SANDBOX/test-2015-12-21_15-36-50/SingleSource/Benchmarks/McGill/misr
TEST-RESULT-compile-success: pass
TEST-RESULT-compile-hash: 97e911e5238683f08956dababd76f8ae
TEST-RESULT-compile-time: user       0.0549
TEST-RESULT-compile-real-time: real       0.0712

TEST-PASS: exec /home/ed/mcsema-testing/SANDBOX/test-2015-12-21_15-36-50/SingleSource/Benchmarks/McGill/misr
TEST-RESULT-exec-success: pass
TEST-RESULT-exec-time: user       0.1542
TEST-RESULT-exec-real-time: real       0.1557
---------------------------------------------------------------
>>> ========= '/home/ed/mcsema-testing/SANDBOX/test-2015-12-21_15-36-50/SingleSource/Benchmarks/McGill/chomp' Program
---------------------------------------------------------------

TEST-PASS: compile /home/ed/mcsema-testing/SANDBOX/test-2015-12-21_15-36-50/SingleSource/Benchmarks/McGill/chomp
TEST-RESULT-compile-success: pass
TEST-RESULT-compile-hash: a4a41860fbd02c1525c3ba6c3cdfeb3a
TEST-RESULT-compile-time: user       0.1314
TEST-RESULT-compile-real-time: real       0.1493

TEST-PASS: exec /home/ed/mcsema-testing/SANDBOX/test-2015-12-21_15-36-50/SingleSource/Benchmarks/McGill/chomp
TEST-RESULT-exec-success: pass
TEST-RESULT-exec-time: user       2.1358
TEST-RESULT-exec-real-time: real       2.1534
---------------------------------------------------------------
>>> ========= '/home/ed/mcsema-testing/SANDBOX/test-2015-12-21_15-36-50/SingleSource/Benchmarks/McGill/exptree' Program
---------------------------------------------------------------

TEST-PASS: compile /home/ed/mcsema-testing/SANDBOX/test-2015-12-21_15-36-50/SingleSource/Benchmarks/McGill/exptree
TEST-RESULT-compile-success: pass
TEST-RESULT-compile-hash: 8e2446aea7ba26c140d12ed482574e7d
TEST-RESULT-compile-time: user       0.0662
TEST-RESULT-compile-real-time: real       0.0828

TEST-PASS: exec /home/ed/mcsema-testing/SANDBOX/test-2015-12-21_15-36-50/SingleSource/Benchmarks/McGill/exptree
TEST-RESULT-exec-success: pass
TEST-RESULT-exec-time: user       0.0009
TEST-RESULT-exec-real-time: real       0.0017
---------------------------------------------------------------
>>> ========= '/home/ed/mcsema-testing/SANDBOX/test-2015-12-21_15-36-50/SingleSource/Benchmarks/Misc-C++-EH/spirit' Program
---------------------------------------------------------------

TEST-PASS: compile /home/ed/mcsema-testing/SANDBOX/test-2015-12-21_15-36-50/SingleSource/Benchmarks/Misc-C++-EH/spirit
TEST-RESULT-compile-success: pass
TEST-RESULT-compile-hash: eb13f0038727ace8954a50fa9dfc8cff
TEST-RESULT-compile-time: user       3.4792
TEST-RESULT-compile-real-time: real       3.6124

TEST-PASS: exec /home/ed/mcsema-testing/SANDBOX/test-2015-12-21_15-36-50/SingleSource/Benchmarks/Misc-C++-EH/spirit
TEST-RESULT-exec-success: pass
TEST-RESULT-exec-time: user       3.3066
TEST-RESULT-exec-real-time: real       3.3133
/home/ed/mcsema-testing/llvm-test-suite/GenerateReport.pl /home/ed/mcsema-testing/llvm-test-suite/TEST.simple.report  < report.simple.raw.out > report.simple.txt
Program                                                                          | CC   CC_Time CC_Real_Time CC_Hash                          Exec Exec_Time Exec_Real_Time
MultiSource/Applications/ALAC/decode/alacconvert-decode                          | pass  0.8167  1.0056      f655dd42570f66c4b8f67d0521a34e5a pass  0.0167    0.0191 
MultiSource/Applications/ALAC/encode/alacconvert-encode                          | pass  0.8175  1.0090      f655dd42570f66c4b8f67d0521a34e5a pass  0.0356    0.0378 
MultiSource/Applications/Burg/burg                                               | pass  1.0929  1.4227      e92f33248d014d83efc3a02d34f23674 pass  0.0012    0.0023 
MultiSource/Applications/ClamAV/clamscan                                         | pass 10.8503 12.5621      7fa64146088d8cead3697ddfe7007771 pass  0.0966    0.1286 
MultiSource/Applications/JM/ldecod/ldecod                                        | pass  4.6797  5.4021      faa0e1825f3d2d712df64061342601a8 pass  0.0504    0.0673 
MultiSource/Applications/JM/lencod/lencod                                        | pass 10.3320 11.4802      66f34518db24e614920c76d1c2e5e1e9 pass  5.1019    5.1319 
MultiSource/Applications/SIBsim4/SIBsim4                                         | pass  0.9446  1.0262      e401f2dda4748acb2b84e1c8b8fc538a pass  3.1050    3.1342 
MultiSource/Applications/SPASS/SPASS                                             | pass 10.3378 11.4053      37a11e6c8499452811ce0e085ea4ca05 pass 13.6290   13.7050 
MultiSource/Applications/aha/aha                                                 | pass  0.0910  0.1195      042a75b6e3344a68303f091555f5a97c pass  1.9648    1.9687 
MultiSource/Applications/d/make_dparser                                          | pass  2.2285  2.4785      ebc83eaa2d2f23f75a8b6d56909b7992 pass  0.0199    0.0229 
MultiSource/Applications/hbd/hbd                                                 | pass  1.3350  1.7056      a5c17fc50085617d6985158e5751c0e4 pass  0.0019    0.0030 
MultiSource/Applications/hexxagon/hexxagon                                       | pass  0.7860  0.9071      0d5675e2359c9cc1054fd287ed3d4e54 pass  8.9640    8.9817 
MultiSource/Applications/kimwitu++/kc                                            | pass 11.4250 12.0699      92d63720da4b7a7d25818daa5d89ea67 pass  0.0403    0.1237 
MultiSource/Applications/lambda-0.1.3/lambda                                     | pass  0.5053  0.5788      412a1601361e91011437843f5b1c7f86 pass  3.5042    3.5113 
MultiSource/Applications/lemon/lemon                                             | pass  0.7669  0.7962      7effd3e74afcf964fe527921f91bd064 pass  0.8474    1.1059 
MultiSource/Applications/lua/lua                                                 | pass  2.9325  3.4589      a4b0db8314ca2dbb6f29f62c653081c2 pass 17.6524   17.8098 
MultiSource/Applications/minisat/minisat                                         | pass  0.4752  0.5212      e14b546f7a96b12d09c663b80e3c8fcd pass  6.5923    6.6418 
MultiSource/Applications/obsequi/Obsequi                                         | pass  0.8544  1.0914      13d9968856abcbb914a78d2a87b41e9a pass  1.5456    2.1045 
MultiSource/Applications/oggenc/oggenc                                           | pass  3.1329  3.2325      167733be5a0deea8cae403a38dd487b4 pass  0.1026    0.1296 
MultiSource/Applications/sgefa/sgefa                                             | pass  0.2706  0.3322      988ce270845c60be3b0188aff0bf2383 pass  0.2254    0.2275 
MultiSource/Applications/siod/siod                                               | pass  1.5335  1.6973      6a58ff510c65a191ed2524b0225e44dd pass  2.4346    2.4447 
MultiSource/Applications/spiff/spiff                                             | pass  0.7707  1.0402      50bf572478f2268f82d81fd6565510e2 pass  1.8967    3.7926 
MultiSource/Applications/sqlite3/sqlite3                                         | pass 13.8855 14.0673      6ab91d9f7a72ed5bb9ef0cde87491fb2 pass  2.9695    3.0499 
MultiSource/Applications/treecc/treecc                                           | pass  1.6011  2.0401      8e5802e295daf81d40e7df44c2bb374e pass  0.0010    0.0021 
MultiSource/Applications/viterbi/viterbi                                         | pass  0.1791  0.2431      4e705bc45073142f809cced530302e3f pass  1.5781    1.5932 
MultiSource/Benchmarks/7zip/7zip-benchmark                                       | pass 30.7788 36.0207      c881c724689ec571165488df876d6562 pass  7.9717    8.0501 
MultiSource/Benchmarks/ASCI_Purple/SMG2000/smg2000                               | pass  4.9969  5.9301      13c775dc8f3dfd1a103962a565f62aa5 pass  2.4762    2.5629 
MultiSource/Benchmarks/ASC_Sequoia/AMGmk/AMGmk                                   | pass  0.4609  0.6032      c56a025309793b18646da1541e3c3050 pass  8.8679    8.9306 
MultiSource/Benchmarks/ASC_Sequoia/CrystalMk/CrystalMk                           | pass  0.2111  0.3010      ff1f24bd05bc1772159c55c5e0b382ac pass  5.0586    5.0672 
MultiSource/Benchmarks/ASC_Sequoia/IRSmk/IRSmk                                   | pass  0.1051  0.1596      2d30b85d5b83d5bee6951193867737ce pass  4.0321    4.0455 
MultiSource/Benchmarks/BitBench/drop3/drop3                                      | pass  0.0478  0.0637      d790e4c5c74bf2f60b16cefcd9e280a9 pass  0.2658    0.2715 
MultiSource/Benchmarks/BitBench/five11/five11                                    | pass  0.0497  0.0648      7f10d3c37947092e0c55c83682f82f7b pass  1.5688    1.5728 
MultiSource/Benchmarks/BitBench/uudecode/uudecode                                | pass  0.0467  0.0636      8753b85d7562bc76ea9eba327bbb6392 pass  0.0715    0.0738 
MultiSource/Benchmarks/BitBench/uuencode/uuencode                                | pass  0.0457  0.0609      01a099f9580efaa9b41903daa4e871da pass  0.0129    0.0140 
MultiSource/Benchmarks/Bullet/bullet                                             | pass 22.2339 24.7300      dee158f5ffb4678b2e40d0553cc28c16 pass  4.2553    4.2961 
MultiSource/Benchmarks/Fhourstones-3.1/fhourstones3.1                            | pass  0.0972  0.1140      a2629f29b7f54580b2cce594716e2ba8 pass  1.1064    1.1252 
MultiSource/Benchmarks/Fhourstones/fhourstones                                   | pass  0.1463  0.2145      9ea48234e3e13bc88037ee8bbb96e12c pass  0.9263    0.9334 
MultiSource/Benchmarks/FreeBench/analyzer/analyzer                               | pass  0.2226  0.2989      8e3348fa8532b7d34acee92ddad30906 pass  0.0568    0.0590 
MultiSource/Benchmarks/FreeBench/distray/distray                                 | pass  0.0852  0.1033      021e5d52893ba6d46ab6e1f4d3297ddb pass  0.1208    0.1239 
MultiSource/Benchmarks/FreeBench/fourinarow/fourinarow                           | pass  0.1513  0.1698      9b0918358b0e7a58ba6d8b7ad8f86af2 pass  0.2645    0.2658 
MultiSource/Benchmarks/FreeBench/mason/mason                                     | pass  0.0515  0.0675      934df38595a8969558c54e8af53cfe5f pass  0.1371    0.1390 
MultiSource/Benchmarks/FreeBench/neural/neural                                   | pass  0.1180  0.1367      c274f98f7f366965ea4bd24b4ae32502 pass  0.2129    0.2153 
MultiSource/Benchmarks/FreeBench/pcompress2/pcompress2                           | pass  0.2273  0.3062      798527792f9e055739c68ea55b600103 pass  0.1127    0.1201 
MultiSource/Benchmarks/FreeBench/pifft/pifft                                     | pass  0.6245  0.6656      61b236a6049561a0a80e7b64d3b9fd53 pass  0.0815    0.0836 
MultiSource/Benchmarks/MallocBench/cfrac/cfrac                                   | pass  0.8823  1.2594      f699de8f69cb6fa841600f4ec460acab pass  0.9215    0.9243 
MultiSource/Benchmarks/MallocBench/espresso/espresso                             | pass  3.9140  4.6632      d5d4b3fb444f2ed1ae6e35dedeb44981 pass  0.3550    0.3589 
MultiSource/Benchmarks/MallocBench/gs/gs                                         | pass  3.5298  4.5140      ca3c277d53129beee3e36b20f7fe09ec pass  0.0347    0.0372 
MultiSource/Benchmarks/McCat/01-qbsort/qbsort                                    | pass  0.1046  0.1584      4cdb3761f0e7fca4e00ed240ca72f4eb pass  0.0544    0.0704 
MultiSource/Benchmarks/McCat/03-testtrie/testtrie                                | pass  0.1041  0.1520      c01d80bf5d319411045209bfbc0ed3bb pass  0.0067    0.0179 
MultiSource/Benchmarks/McCat/04-bisect/bisect                                    | pass  0.1325  0.1908      f1f869628419a6b87364b818dd585095 pass  0.0870    0.0895 
MultiSource/Benchmarks/McCat/05-eks/eks                                          | pass  0.4600  0.6226      2507c957ee0c67076a6712034e36c83f pass  0.0030    0.0039 
MultiSource/Benchmarks/McCat/08-main/main                                        | pass  0.2376  0.3070      9d2a12b6c3a6a9ad7ea89d3546587e50 pass  0.0344    0.0473 
MultiSource/Benchmarks/McCat/09-vor/vor                                          | pass  0.2945  0.4072      36f1e5a39bf0351a5f458699c230d456 pass  0.0961    0.1073 
MultiSource/Benchmarks/McCat/12-IOtest/iotest                                    | pass  0.1044  0.1826      7ffd233d73482306b890e291be969071 pass  0.2852    0.2880 
MultiSource/Benchmarks/McCat/15-trie/trie                                        | pass  0.0539  0.0704      ce9ae372d831e7fccf730d594bcd0fb2 pass  0.0015    0.0034 
MultiSource/Benchmarks/McCat/17-bintr/bintr                                      | pass  0.0744  0.1131      49081281af868a693f91b1d492f89587 pass  0.0944    0.0984 
MultiSource/Benchmarks/McCat/18-imp/imp                                          | pass  0.2931  0.3656      fb320babc276e791dda4c914f7e995a6 pass  0.0500    0.0554 
MultiSource/Benchmarks/MiBench/automotive-basicmath/automotive-basicmath         | pass  0.1626  0.2278      cafe19562e79a02b425839d1767b13e4 pass  0.2560    0.2842 
MultiSource/Benchmarks/MiBench/automotive-bitcount/automotive-bitcount           | pass  0.2949  0.4619      bd5bf838b8c765abb15ee06898b7c02c pass  0.0681    0.0689 
MultiSource/Benchmarks/MiBench/automotive-susan/automotive-susan                 | pass  0.4779  0.5104      e3f6a3d057c39790b32d78f703c837f3 pass  0.0359    0.0789 
MultiSource/Benchmarks/MiBench/consumer-jpeg/consumer-jpeg                       | pass  3.8283  4.7879      da86a64b932aa92b02974e46ac1b7d64 pass  0.0036    0.0063 
MultiSource/Benchmarks/MiBench/consumer-lame/consumer-lame                       | pass  3.0848  3.8060      f5864f8a3f8f64bc157ae82366709aa9 pass  0.1941    0.2026 
MultiSource/Benchmarks/MiBench/consumer-typeset/consumer-typeset                 | pass  8.8840 10.1549      2bcba47e9867409c2ae19015a7b4885d pass  0.1248    0.1956 
MultiSource/Benchmarks/MiBench/network-dijkstra/network-dijkstra                 | pass  0.0414  0.0571      21dcd847368a22514f0a8c9f8da3aaef pass  0.0299    0.0496 
MultiSource/Benchmarks/MiBench/network-patricia/network-patricia                 | pass  0.0859  0.1536      4ac2284c845ae7f556c26056f0b34233 pass  0.0872    0.1173 
MultiSource/Benchmarks/MiBench/office-ispell/office-ispell                       | pass  1.3152  1.6573      23450f5e98b368ec8159cd04f34e805f pass  0.0009    0.0062 
MultiSource/Benchmarks/MiBench/office-stringsearch/office-stringsearch           | pass  0.1484  0.2104      ee4b7d733522c888cf8bda0ab76986a1 pass  0.0014    0.0025 
MultiSource/Benchmarks/MiBench/security-blowfish/security-blowfish               | pass  0.2538  0.3912      3a1458d6189e4d66e91610eee6f6bb43 pass  0.0010    0.0018 
MultiSource/Benchmarks/MiBench/security-rijndael/security-rijndael               | pass  0.3641  0.4514      ad9cdb8eaccb928a3cda6eb15f3c00a0 pass  0.0285    0.0620 
MultiSource/Benchmarks/MiBench/security-sha/security-sha                         | pass  0.0856  0.1300      5f5489c5934c602f1dd42a1587107f18 pass  0.0151    0.0454 
MultiSource/Benchmarks/MiBench/telecomm-CRC32/telecomm-CRC32                     | pass  0.0380  0.0624      71a3bfb9a8a528e96856d7edde39c26e pass  0.1850    0.2781 
MultiSource/Benchmarks/MiBench/telecomm-FFT/telecomm-fft                         | pass  0.1368  0.1949      4f32f9756e80915305a84bc661842b8b pass  0.0320    0.0344 
MultiSource/Benchmarks/MiBench/telecomm-adpcm/telecomm-adpcm                     | pass  0.0605  0.1143      b5462b22a2276244d832eb547db9e442 pass  0.1381    0.2051 
MultiSource/Benchmarks/MiBench/telecomm-gsm/telecomm-gsm                         | pass  1.0275  1.4700      17e040f4098232bd4ca172e27b57dd8a pass  0.1330    0.1373 
MultiSource/Benchmarks/NPB-serial/is/is                                          | pass  0.0541  0.0858      a05682f26eea8a9c6f3203fca50f5743 pass  9.1127    9.4197 
MultiSource/Benchmarks/Olden/bh/bh                                               | pass  0.2490  0.3343      23c448663346dcd0569b05840aa218c9 pass  1.3736    1.3883 
MultiSource/Benchmarks/Olden/bisort/bisort                                       | pass  0.0659  0.0966      ce681b63eaa0abd77ff222943bce25cd pass  0.5405    0.5519 
MultiSource/Benchmarks/Olden/em3d/em3d                                           | pass  0.1827  0.2661      dd25ab1a8a6d1d487dbc8a289eb8fb33 pass  2.3230    2.3556 
MultiSource/Benchmarks/Olden/health/health                                       | pass  0.1477  0.2092      744ae68917187c064099e10a159486f6 pass  0.4350    0.4772 
MultiSource/Benchmarks/Olden/mst/mst                                             | pass  0.1298  0.1894      40545772feeb7a8c119fdce516963001 pass  0.0994    0.1138 
MultiSource/Benchmarks/Olden/perimeter/perimeter                                 | pass  0.0873  0.1298      a4091d214305599efe271c3ce42e0942 pass  0.2343    0.2799 
MultiSource/Benchmarks/Olden/power/power                                         | pass  0.1238  0.1755      8d45dbb3d6d6064e13a1d893fbafb381 pass  1.1376    1.1419 
MultiSource/Benchmarks/Olden/treeadd/treeadd                                     | pass  0.0654  0.1130      d24ddc27dca98bec28456cd8a8637a8c pass  0.1671    0.2329 
MultiSource/Benchmarks/Olden/tsp/tsp                                             | pass  0.1280  0.1966      0370cd7d909dfca883454295174e23a2 pass  1.0450    1.0819 
MultiSource/Benchmarks/Olden/voronoi/voronoi                                     | pass  0.2160  0.2799      96457451d7e69cf7aa300c8e20dd835a pass  0.2313    0.3026 
MultiSource/Benchmarks/PAQ8p/paq8p                                               | pass  1.4012  1.4482      403343eeecc5f3ab894b275e4b3c0598 pass 55.8113   56.0575 
MultiSource/Benchmarks/Prolangs-C++/NP/np                                        | pass  0.0255  0.0392      655b10fb8b7abe46a0e4a12e3e16b009 pass  0.0008    0.0017 
MultiSource/Benchmarks/Prolangs-C++/city/city                                    | pass  1.2547  1.4697      2a4472d76e2ec9bfb5ce0e11d91555e5 pass  0.0059    0.0068 
MultiSource/Benchmarks/Prolangs-C++/deriv1/deriv1                                | pass  0.1799  0.2076      497f0d168aa9c01a71e8abbfbe3e8510 pass  0.0009    0.0019 
MultiSource/Benchmarks/Prolangs-C++/deriv2/deriv2                                | pass  0.2101  0.2437      16542b78576f183bfdbcc743a023b70c pass  0.0009    0.0018 
MultiSource/Benchmarks/Prolangs-C++/employ/employ                                | pass  0.2393  0.2734      fb55f98e9a120086aafd01476fc8bffa pass  0.0063    0.0084 
MultiSource/Benchmarks/Prolangs-C++/family/family                                | pass  0.0397  0.0546      a56435942373a87c175119d78f2b8bf8 pass  0.0008    0.0017 
MultiSource/Benchmarks/Prolangs-C++/fsm/fsm                                      | pass  0.0460  0.0612      fa3c421314de12a56d2e682c7b2f9975 pass  0.0009    0.0020 
MultiSource/Benchmarks/Prolangs-C++/garage/garage                                | pass  0.0522  0.0683      174ebec950cfdfd3517d0a4bdb37946d pass  0.0008    0.0017 
MultiSource/Benchmarks/Prolangs-C++/life/life                                    | pass  0.0586  0.0729      d39aa1aaa2f3b560a72cd11f66aca802 pass  0.9222    0.9255 
MultiSource/Benchmarks/Prolangs-C++/objects/objects                              | pass  0.0640  0.0804      15ad6f49d8b2f123e11963f98264e83a pass  0.0009    0.0017 
MultiSource/Benchmarks/Prolangs-C++/ocean/ocean                                  | pass  0.0911  0.1210      e900fdfd0f06dc2b0ae9d4af4554cefd pass  0.0634    0.0812 
MultiSource/Benchmarks/Prolangs-C++/office/office                                | pass  0.1776  0.2076      4be21cae2c035159d927337cd1a15014 pass  0.0010    0.0020 
MultiSource/Benchmarks/Prolangs-C++/primes/primes                                | pass  0.0276  0.0417      3c42cc60331d659c7b29fbe94996332c pass  0.2520    0.2543 
MultiSource/Benchmarks/Prolangs-C++/shapes/shapes                                | pass  0.2190  0.2481      557524becdf29fd774f6e1979bf0c97e pass  0.0010    0.0021 
MultiSource/Benchmarks/Prolangs-C++/simul/simul                                  | pass  0.0507  0.0740      e363b10bec0920ae049f0e326bcd9ff3 pass  0.0055    0.0065 
MultiSource/Benchmarks/Prolangs-C++/trees/trees                                  | pass  0.0657  0.0824      bced2138c4becb67588d70e08e97329f pass  0.0009    0.0017 
MultiSource/Benchmarks/Prolangs-C++/vcirc/vcirc                                  | pass  0.0294  0.0430      7a200494eb7369d4c75b04678ed7cf5a pass  0.0008    0.0016 
MultiSource/Benchmarks/Prolangs-C/TimberWolfMC/timberwolfmc                      | pass  7.5381  9.7170      0ccb0a0b8aed5236293350d8fe48e0af pass  0.0009    0.0018 
MultiSource/Benchmarks/Prolangs-C/agrep/agrep                                    | pass  1.0378  1.2979      70062954bb1727b92105e0cbfc8d1698 pass  0.0031    0.0058 
MultiSource/Benchmarks/Prolangs-C/allroots/allroots                              | pass  0.0938  0.1390      a017763ec665efff414bed98166b3a05 pass  0.0009    0.0020 
MultiSource/Benchmarks/Prolangs-C/archie-client/archie                           | pass  0.6141  0.8944      0088de35f389b8bf31a0cafe7f1b7fd9 pass  0.0008    0.0018 
MultiSource/Benchmarks/Prolangs-C/assembler/assembler                            | pass  0.6100  0.9208      8f767808e3747cbc9dd4eba4f3ac8152 pass  0.0008    0.0017 
MultiSource/Benchmarks/Prolangs-C/bison/mybison                                  | pass  1.2235  1.5295      85f7c02803fbee8a7783b3b79fb0753c pass  0.0023    0.0048 
MultiSource/Benchmarks/Prolangs-C/cdecl/cdecl                                    | pass  0.2923  0.3282      c722f0e3272d5b3422b67330ed53ea2e pass  0.0011    0.0030 
MultiSource/Benchmarks/Prolangs-C/compiler/compiler                              | pass  0.3800  0.4903      ebd1e86b82fcaee09c3d7a21770832e2 pass  0.0008    0.0017 
MultiSource/Benchmarks/Prolangs-C/fixoutput/fixoutput                            | pass  0.0735  0.1057      42bc6227df791dfe84c472a13a266bfd pass  0.0009    0.0018 
MultiSource/Benchmarks/Prolangs-C/football/football                              | pass  0.5673  0.6477      6769dab37784331e3cc62d31116b3fcd pass  0.0008    0.0018 
MultiSource/Benchmarks/Prolangs-C/gnugo/gnugo                                    | pass  0.7217  1.1360      9a15bade40cc766573a3038e87559d20 pass  0.0355    0.0383 
MultiSource/Benchmarks/Prolangs-C/loader/loader                                  | pass  0.3186  0.4491      5c7a6547ce51f7d1b5e0033023645c74 pass  0.0009    0.0019 
MultiSource/Benchmarks/Prolangs-C/plot2fig/plot2fig                              | pass  0.6162  0.9243      07956c704e1a335c01d40da19ff86e1b pass  0.0009    0.0018 
MultiSource/Benchmarks/Prolangs-C/simulator/simulator                            | pass  0.6936  0.9155      4628f22dfecee445eeb4ea71ad44bae0 pass  0.0008    0.0018 
MultiSource/Benchmarks/Prolangs-C/unix-smail/unix-smail                          | pass  0.5732  0.8519      8518a41614c73d6dd75a50643f85cec7 pass  0.0022    0.0058 
MultiSource/Benchmarks/Prolangs-C/unix-tbl/unix-tbl                              | pass  1.0462  1.4330      73b4c1bd2a0614cebda084eb35b1c247 pass  0.0009    0.0018 
MultiSource/Benchmarks/Ptrdist/anagram/anagram                                   | pass  0.0829  0.1391      e1db5a3cfef3a55c0fa71fab63cd9fb0 pass  0.7716    0.8086 
MultiSource/Benchmarks/Ptrdist/bc/bc                                             | pass  0.9039  1.1235      15421b7d5e6a76fed3bb05bd7070d480 pass  0.4680    0.4839 
MultiSource/Benchmarks/Ptrdist/ft/ft                                             | pass  0.1951  0.2721      790e3d303d76f8083e69c450af5ed391 pass  0.9011    0.9164 
MultiSource/Benchmarks/Ptrdist/ks/ks                                             | pass  0.1270  0.1630      7579b8219c374e7c253434efb841f3a6 pass  1.6944    1.6998 
MultiSource/Benchmarks/Ptrdist/yacr2/yacr2                                       | pass  0.4867  0.6075      ca2cdd57afd1b26c087f7038d660e927 pass  0.5596    0.5714 
MultiSource/Benchmarks/SciMark2-C/scimark2                                       | pass  0.3486  0.4882      c7a877f7661c833afdb4c14bb267f52d pass 35.9283   35.9971 
MultiSource/Benchmarks/TSVC/ControlFlow-dbl/ControlFlow-dbl                      | pass  0.7843  0.8292      3eedd46f338aaf56c0a41fd9c170ce5f pass  4.0568    4.0682 
MultiSource/Benchmarks/TSVC/ControlFlow-flt/ControlFlow-flt                      | pass  0.8040  0.8496      eb7135fae3580791eefa4eb925491a34 pass  3.2026    3.2121 
MultiSource/Benchmarks/TSVC/ControlLoops-dbl/ControlLoops-dbl                    | pass  0.7321  0.7780      73612757e8e61c745cd953123d1735b6 pass  3.5854    3.5954 
MultiSource/Benchmarks/TSVC/ControlLoops-flt/ControlLoops-flt                    | pass  0.7332  0.7797      7ac218c8560a8297b0246d29c02bb6a0 pass  2.6583    2.6678 
MultiSource/Benchmarks/TSVC/CrossingThresholds-dbl/CrossingThresholds-dbl        | pass  0.7173  0.7639      d89d39afb03280f806ed55be70aa492d pass  3.9622    3.9717 
MultiSource/Benchmarks/TSVC/CrossingThresholds-flt/CrossingThresholds-flt        | pass  0.7080  0.7539      53a9a0a7abe9a0ed8fa1aa43983adbf3 pass  2.6234    2.6304 
MultiSource/Benchmarks/TSVC/Equivalencing-dbl/Equivalencing-dbl                  | pass  0.7039  0.7499      19edd3aada8aef2db5b58bd5d8035ee8 pass  2.3069    2.3141 
MultiSource/Benchmarks/TSVC/Equivalencing-flt/Equivalencing-flt                  | pass  0.6986  0.7428      e94c76c7b525ef6d78fab01e0bdd358d pass  1.6081    1.6131 
MultiSource/Benchmarks/TSVC/Expansion-dbl/Expansion-dbl                          | pass  0.7233  0.7677      691f675c3262fcf6b1a6594a3ecc835f pass  3.8994    3.9120 
MultiSource/Benchmarks/TSVC/Expansion-flt/Expansion-flt                          | pass  0.7509  0.7989      b34292b21532b4c6c2a59e45d6235656 pass  2.4989    2.5064 
MultiSource/Benchmarks/TSVC/GlobalDataFlow-dbl/GlobalDataFlow-dbl                | pass  0.7245  0.7744      46e15e84b265460d3dbbf1898bdce543 pass  3.9620    3.9727 
MultiSource/Benchmarks/TSVC/GlobalDataFlow-flt/GlobalDataFlow-flt                | pass  0.7171  0.7622      b714c484db1ada01eb358c8fec1fada6 pass  1.8148    1.8208 
MultiSource/Benchmarks/TSVC/IndirectAddressing-dbl/IndirectAddressing-dbl        | pass  0.6957  0.7423      ece142e647a2fce5539bb8b63c75972e pass  3.8740    3.8824 
MultiSource/Benchmarks/TSVC/IndirectAddressing-flt/IndirectAddressing-flt        | pass  0.6934  0.7463      93dbd5ace081beba8b403247fe4077d8 pass  3.3504    3.3602 
MultiSource/Benchmarks/TSVC/InductionVariable-dbl/InductionVariable-dbl          | pass  0.7057  0.7581      3f2593278b2ae6a0d419652b138a70e5 pass  4.1018    4.1122 
MultiSource/Benchmarks/TSVC/InductionVariable-flt/InductionVariable-flt          | pass  0.7184  0.7620      706e27891a9b2882dd6b861c5c449386 pass  2.8751    2.8831 
MultiSource/Benchmarks/TSVC/LinearDependence-dbl/LinearDependence-dbl            | pass  0.7225  0.7648      add96e6625b76433c5263a32aa3855e7 pass  3.8854    3.8966 
MultiSource/Benchmarks/TSVC/LinearDependence-flt/LinearDependence-flt            | pass  0.7402  0.7877      b45cef0a9f6a503f47fdf984a260cfa6 pass  2.3723    2.3782 
MultiSource/Benchmarks/TSVC/LoopRerolling-dbl/LoopRerolling-dbl                  | pass  0.6849  0.7295      419ed144b121afe833e38800e5a8b49c pass  3.8630    3.8729 
MultiSource/Benchmarks/TSVC/LoopRerolling-flt/LoopRerolling-flt                  | pass  0.6963  0.7402      e619ab930d521f169f09c2890360e21f pass  2.3298    2.3364 
MultiSource/Benchmarks/TSVC/LoopRestructuring-dbl/LoopRestructuring-dbl          | pass  0.7091  0.7560      f358d541a778bebd0268acfe51dfeca3 pass  5.2774    5.2894 
MultiSource/Benchmarks/TSVC/LoopRestructuring-flt/LoopRestructuring-flt          | pass  0.7216  0.7660      5e7b771b3ddf8ba81431ede889a27498 pass  3.0699    3.0791 
MultiSource/Benchmarks/TSVC/NodeSplitting-dbl/NodeSplitting-dbl                  | pass  0.6885  0.7339      c89b2540bdcc7677941525936e12671d pass  3.8197    3.8294 
MultiSource/Benchmarks/TSVC/NodeSplitting-flt/NodeSplitting-flt                  | pass  0.7028  0.7482      08e1cd75c215c8e27c39ae09649c7572 pass  2.8272    2.8364 
MultiSource/Benchmarks/TSVC/Packing-dbl/Packing-dbl                              | pass  0.6686  0.7137      4153687fd98df999caebe3fe64343c8c pass  4.2989    4.3119 
MultiSource/Benchmarks/TSVC/Packing-flt/Packing-flt                              | pass  0.6725  0.7182      78015eca038173e3304e2a0851941df4 pass  3.1716    3.1807 
MultiSource/Benchmarks/TSVC/Recurrences-dbl/Recurrences-dbl                      | pass  0.6749  0.7197      62e239701d10add84df792123999be46 pass  3.2133    3.2240 
MultiSource/Benchmarks/TSVC/Recurrences-flt/Recurrences-flt                      | pass  0.6825  0.7287      25c8e30f566d4c2d0bdc6d4e56d1555f pass  2.8238    2.8332 
MultiSource/Benchmarks/TSVC/Reductions-dbl/Reductions-dbl                        | pass  0.7418  0.7874      71be7dbffb9512a68f62747365348efe pass  3.3073    3.3162 
MultiSource/Benchmarks/TSVC/Reductions-flt/Reductions-flt                        | pass  0.7464  0.7919      ce97262f7199c83ad66757775446ffe9 pass  5.9079    5.9178 
MultiSource/Benchmarks/TSVC/Searching-dbl/Searching-dbl                          | pass  0.6599  0.7039      f2f386fc8249f0d1c26deba9e3237e6b pass  4.4624    4.4732 
MultiSource/Benchmarks/TSVC/Searching-flt/Searching-flt                          | pass  0.6696  0.7144      50398a696e0a2d5c0a354e21514d6c02 pass  4.4522    4.4616 
MultiSource/Benchmarks/TSVC/StatementReordering-dbl/StatementReordering-dbl      | pass  0.6612  0.7026      cabd931d7e8bc80e2d9bb45f1a39daad pass  3.6749    3.6846 
MultiSource/Benchmarks/TSVC/StatementReordering-flt/StatementReordering-flt      | pass  0.6813  0.7256      52fdd7b6112b66b0b6f900f2ae3d3a2b pass  2.6682    2.6755 
MultiSource/Benchmarks/TSVC/Symbolics-dbl/Symbolics-dbl                          | pass  0.7068  0.7528      040efeb8cf68afd78ff90d904a50ae84 pass  3.2080    3.2167 
MultiSource/Benchmarks/TSVC/Symbolics-flt/Symbolics-flt                          | pass  0.7006  0.7442      c313a9337ced7a1ee5964d386726cb2b pass  1.6173    1.6219 
MultiSource/Benchmarks/Trimaran/enc-3des/enc-3des                                | pass  0.2184  0.2618      4f8debbaaf3423cd39fbc693cae89ab4 pass  1.5898    1.5942 
MultiSource/Benchmarks/Trimaran/enc-md5/enc-md5                                  | pass  0.1019  0.1234      5a1230136fbbd698b7eb28fcea4c5206 pass  1.4650    1.4694 
MultiSource/Benchmarks/Trimaran/enc-pc1/enc-pc1                                  | pass  0.0635  0.0819      d0e71e99e8b452af5d923e67e037c612 pass  0.5538    0.5562 
MultiSource/Benchmarks/Trimaran/enc-rc4/enc-rc4                                  | pass  0.0449  0.0608      f8bb949be1b9212af75ba15e2a74ec65 pass  0.6989    0.7012 
MultiSource/Benchmarks/Trimaran/netbench-crc/netbench-crc                        | pass  0.0860  0.1190      067f6a97b53329baa41dbe824e86630d pass  0.6145    0.7276 
MultiSource/Benchmarks/Trimaran/netbench-url/netbench-url                        | pass  0.1892  0.2573      80bb4761af2eda79d44183a7fe260bf4 pass  2.7087    2.7169 
MultiSource/Benchmarks/VersaBench/8b10b/8b10b                                    | pass  0.0865  0.1395      7d5747fdca17909bbd3a18a94e5b4228 pass  4.9564    4.9673 
MultiSource/Benchmarks/VersaBench/beamformer/beamformer                          | pass  0.0982  0.1172      9d17ff9ba2330b3d9b899aab2aa0da3a pass  1.1349    1.1433 
MultiSource/Benchmarks/VersaBench/bmm/bmm                                        | pass  0.0555  0.0714      781ee25d750f1009cfb18096f0ed5adc pass  1.8162    1.8269 
MultiSource/Benchmarks/VersaBench/dbms/dbms                                      | pass  1.1060  1.7540      6c978c91cb172df3d6603d6c58b42137 pass  1.3845    1.4737 
MultiSource/Benchmarks/VersaBench/ecbdes/ecbdes                                  | pass  0.2034  0.2704      974114aa59f0fc40ec6a157926bf944f pass  2.1254    2.1304 
MultiSource/Benchmarks/llubenchmark/llu                                          | pass  0.0455  0.0719      88f670524cfd071bdad6fde3525a626c pass  8.3336    8.3641 
MultiSource/Benchmarks/mafft/pairlocalalign                                      | pass  5.9862  6.7174      b783f5df85180605ae3a3ce7ad70de96 pass 21.9158   22.1128 
MultiSource/Benchmarks/mediabench/adpcm/rawcaudio/rawcaudio                      | pass  0.0618  0.0957      5255acd24c012311ac0b4be3b9bc7f5c pass  0.0033    0.0129 
MultiSource/Benchmarks/mediabench/adpcm/rawdaudio/rawdaudio                      | pass  0.0605  0.0906      03c3bfb3d5cd05749b471c364c4f1c63 pass  0.0025    0.0053 
MultiSource/Benchmarks/mediabench/g721/g721encode/encode                         | pass  0.2048  0.2880      c150e1cd2b454d1011fc4ae674a461d3 pass  0.0427    0.0531 
MultiSource/Benchmarks/mediabench/gsm/toast/toast                                | pass  1.0297  1.4087      c271b93955a8be5572293bd561f101f8 pass  0.0175    0.0204 
MultiSource/Benchmarks/mediabench/jpeg/jpeg-6a/cjpeg                             | pass  3.8510  4.8509      d5bf7f732ba962c1f1cb122ed8e89728 pass  0.0032    0.0156 
MultiSource/Benchmarks/mediabench/mpeg2/mpeg2dec/mpeg2decode                     | pass  1.0274  1.3130      05b9f8a1db77a5c495c081c374da8277 pass  0.0106    0.0136 
MultiSource/Benchmarks/nbench/nbench                                             | pass  0.7305  0.8566      2bd4c187c7115b2e6d9a4a942e0974cf pass  8.0367    8.0561 
MultiSource/Benchmarks/sim/sim                                                   | pass  0.2056  0.2357      94de7db6f0f849463c0d6e04bf7ea0e9 pass  3.5121    3.5321 
MultiSource/Benchmarks/tramp3d-v4/tramp3d-v4                                     | pass 16.4048 16.8525      99b80b17428155b694356d1a2363601d pass  0.3316    0.3391 
MultiSource/UnitTests/C++11/frame_layout/frame_layout                            | pass  1.1623  1.3283      0402ec4414630e9baecada31f5e0c7cf pass  0.0013    0.0027 
SingleSource/Benchmarks/Adobe-C++/functionobjects                                | pass  0.3135  0.3404      9ed3e4f39ca66312d7227674604e2849 pass  2.8922    2.8992 
SingleSource/Benchmarks/Adobe-C++/loop_unroll                                    | pass  2.2332  2.2956      22459f03ab10d2b8e740c7fc5fb789ba pass  1.3738    1.3781 
SingleSource/Benchmarks/Adobe-C++/simple_types_constant_folding                  | pass  1.6159  1.6568      2f5d731e773e5ec38a8890c4a5d2ecfa pass  0.6671    0.6697 
SingleSource/Benchmarks/Adobe-C++/simple_types_loop_invariant                    | pass  1.2249  1.2600      04987c9cbd72926b4e824033d4b0d625 pass  1.8666    1.8707 
SingleSource/Benchmarks/Adobe-C++/stepanov_abstraction                           | pass  0.3522  0.3773      aa2e0a0ef1eff97683f701d9239c8e7b pass  3.6202    3.6274 
SingleSource/Benchmarks/Adobe-C++/stepanov_vector                                | pass  0.4930  0.5216      85aad945f77b7a0241d2df275bef9768 pass  2.1299    2.1345 
SingleSource/Benchmarks/BenchmarkGame/Large/fasta                                | pass  0.0428  0.0594      d1f6697b725ba753ee9225f930b02de2 pass  0.7433    0.8007 
SingleSource/Benchmarks/BenchmarkGame/fannkuch                                   | pass  0.0448  0.0601      bac89f8ccec1f4826108568de26b0c0e pass  2.1463    2.1516 
SingleSource/Benchmarks/BenchmarkGame/n-body                                     | pass  0.0595  0.0767      b7db072b3ba362f9194cd9fa86f332d9 pass  1.0951    1.0983 
SingleSource/Benchmarks/BenchmarkGame/nsieve-bits                                | pass  0.0356  0.0505      32f5d4ae690ad7d9e2bcda358701d3f2 pass  0.7290    0.7330 
SingleSource/Benchmarks/BenchmarkGame/partialsums                                | pass  0.0352  0.0506      6f4c38db26c04dd38f669a996996bc19 pass  0.8029    0.8056 
SingleSource/Benchmarks/BenchmarkGame/puzzle                                     | pass  0.0481  0.0640      e32c7b25d6997b632393ee78ac46b84e pass  0.2213    0.2249 
SingleSource/Benchmarks/BenchmarkGame/recursive                                  | pass  0.0283  0.0423      b1eedd732894e99053cbe9170e3cd1e4 pass  0.9076    0.9103 
SingleSource/Benchmarks/BenchmarkGame/spectral-norm                              | pass  0.0513  0.0674      0e56d57b74c832a5775b05cd69fa13d9 pass  1.0384    1.0413 
SingleSource/Benchmarks/CoyoteBench/almabench                                    | pass  0.0615  0.1009      58b5c718552124326eab39e0ec601a91 pass 11.3820   11.4008 
SingleSource/Benchmarks/CoyoteBench/fftbench                                     | pass  0.2866  0.3329      b84b1ce92793ab1ac921641272097833 pass  1.0972    1.2610 
SingleSource/Benchmarks/CoyoteBench/huffbench                                    | pass  0.0778  0.0967      512af22db44d236d5f236873720a8da8 pass 13.4608   13.6973 
SingleSource/Benchmarks/CoyoteBench/lpbench                                      | pass  0.1047  0.1234      1d2127e9f025bba0645a7e3fe66c8cf6 pass  5.4028    5.4562 
SingleSource/Benchmarks/Dhrystone/dry                                            | pass  0.0452  0.0621      654f3dd73908b9ac6f30250edde9836e pass  0.4809    0.4828 
SingleSource/Benchmarks/Dhrystone/fldry                                          | pass  0.0477  0.0646      7fc9ddff873599eb7e779f650c596fd7 pass  0.3673    0.3694 
SingleSource/Benchmarks/Linpack/linpack-pc                                       | pass  0.1891  0.2273      96ff890a4b59706e83196532d7ccf725 pass  1.8158    1.8267 
SingleSource/Benchmarks/McGill/chomp                                             | pass  0.1314  0.1493      a4a41860fbd02c1525c3ba6c3cdfeb3a pass  2.1358    2.1534 
SingleSource/Benchmarks/McGill/exptree                                           | pass  0.0662  0.0828      8e2446aea7ba26c140d12ed482574e7d pass  0.0009    0.0017 
SingleSource/Benchmarks/McGill/misr                                              | pass  0.0549  0.0712      97e911e5238683f08956dababd76f8ae pass  0.1542    0.1557 
SingleSource/Benchmarks/McGill/queens                                            | pass  0.0444  0.0605      5dd0ff443e85f9787401e12814ff1f71 pass  1.7021    1.7057 
SingleSource/Benchmarks/Misc-C++-EH/spirit                                       | pass  3.4792  3.6124      eb13f0038727ace8954a50fa9dfc8cff pass  3.3066    3.3133 
SingleSource/Benchmarks/Misc-C++/Large/ray                                       | pass  0.2511  0.3002      6f17e49fa298a119f595651439a4787b pass  2.3649    2.3709 
SingleSource/Benchmarks/Misc-C++/Large/sphereflake                               | pass  0.2459  0.2721      dd588bb6512b506960be38ebe43172fc pass  4.6921    4.7104 
SingleSource/Benchmarks/Misc-C++/bigfib                                          | pass  0.4531  0.4916      101cb7b0c97a954cce79dcacf918a195 pass  0.2559    0.3884 
SingleSource/Benchmarks/Misc-C++/mandel-text                                     | pass  0.0274  0.0418      72394e70438066bb9e81e6adcf0af953 pass  1.3978    1.4009 
SingleSource/Benchmarks/Misc-C++/oopack_v1p8                                     | pass  0.0978  0.1169      32eb390da999125ebf5c7f2595155967 pass  0.1366    0.1383 
SingleSource/Benchmarks/Misc-C++/stepanov_container                              | pass  0.5755  0.6140      dc695118fb2e52d704cd4a12f9c3cb99 pass  4.0688    4.0833 
SingleSource/Benchmarks/Misc-C++/stepanov_v1p2                                   | pass  0.1275  0.1468      54e699cb7e1cc79f4a2a8c431b85d522 pass  5.4529    5.4639 
SingleSource/Benchmarks/Misc/ReedSolomon                                         | pass  0.1312  0.1497      3203991f4165654176414cc597a85858 pass  4.5614    4.5688 
SingleSource/Benchmarks/Misc/dt                                                  | pass  0.0391  0.0545      3a6848a149a5fd539e69d0737e2b580f pass  0.8336    0.8357 
SingleSource/Benchmarks/Misc/fbench                                              | pass  0.0595  0.0770      0ca290f3d414aa974eab062574028101 pass  1.3646    1.3677 
SingleSource/Benchmarks/Misc/ffbench                                             | pass  0.0610  0.0777      8b3e1252a87f146e1ded564a583dbfb4 pass  0.7390    0.7424 
SingleSource/Benchmarks/Misc/flops                                               | pass  0.0717  0.0899      338f44491ab30eab5fa378117833178a pass  7.1086    7.1210 
SingleSource/Benchmarks/Misc/flops-1                                             | pass  0.0327  0.0475      5ff7d170278a37932acabd326f277fd0 pass  1.9413    1.9454 
SingleSource/Benchmarks/Misc/flops-2                                             | pass  0.0330  0.0483      4d4384bfd8088bd4daf072c68c26d4d2 pass  1.1015    1.1043 
SingleSource/Benchmarks/Misc/flops-3                                             | pass  0.0325  0.0474      37b6c62a9dfdeb59364349362d2c6df1 pass  1.6456    1.6506 
SingleSource/Benchmarks/Misc/flops-4                                             | pass  0.0327  0.0476      b6ccaf2b0c523807c25b1624123e9ef0 pass  0.7308    0.7332 
SingleSource/Benchmarks/Misc/flops-5                                             | pass  0.0341  0.0492      49d57ed01d377f08fd0771e5f3b58e1d pass  1.3458    1.3495 
SingleSource/Benchmarks/Misc/flops-6                                             | pass  0.0343  0.0495      8d04b893b267ac008cf96891fcd00e85 pass  1.3030    1.3068 
SingleSource/Benchmarks/Misc/flops-7                                             | pass  0.0323  0.0474      69c41da7c04bf2eea9314ac709893319 pass  2.9066    2.9124 
SingleSource/Benchmarks/Misc/flops-8                                             | pass  0.0334  0.0480      c7f311334786b9938b90e4d7093a7889 pass  1.5617    1.5653 
SingleSource/Benchmarks/Misc/fp-convert                                          | pass  0.0313  0.0459      dc4c312ee78afc4292a1082cba502b63 pass  1.5313    1.5363 
SingleSource/Benchmarks/Misc/himenobmtxpa                                        | pass  0.1294  0.1469      923987aee648c8cd6fe8df5528f851e8 pass  0.8540    0.8674 
SingleSource/Benchmarks/Misc/lowercase                                           | pass  0.0285  0.0428      26db638753e46b61f6a062d6eb8cf624 pass  0.0009    0.0019 
SingleSource/Benchmarks/Misc/mandel                                              | pass  0.0482  0.0812      8f3c89112ffe0b209e8131d641e6c8da pass  0.8128    0.8156 
SingleSource/Benchmarks/Misc/mandel-2                                            | pass  0.0336  0.0500      c927e16e7e07eee82c5eef886e128de9 pass  0.5772    0.5790 
SingleSource/Benchmarks/Misc/matmul_f64_4x4                                      | pass  0.0317  0.0462      cc0c6f65e8ff3adf3ddb912f732beaa3 pass  0.6203    0.6230 
SingleSource/Benchmarks/Misc/oourafft                                            | pass  0.1538  0.1742      8a0dd2bd49de940e6f5ae833f58be7b6 pass  3.4761    3.4829 
SingleSource/Benchmarks/Misc/perlin                                              | pass  0.0496  0.0660      0a818de6bcdde2bd440af5afa231128a pass  3.8606    3.8675 
SingleSource/Benchmarks/Misc/pi                                                  | pass  0.0241  0.0381      5ef17f5305b8a382ef585bf5a54c764c pass  0.5077    0.5096 
SingleSource/Benchmarks/Misc/richards_benchmark                                  | pass  0.0575  0.0737      8491bbf14e05f66a968eff8436995041 pass  0.8080    0.8109 
SingleSource/Benchmarks/Misc/salsa20                                             | pass  0.0420  0.0568      49902d4d8e25751dfc71a76a39d5a52c pass  6.1850    6.1986 
SingleSource/Benchmarks/Misc/whetstone                                           | pass  0.0669  0.0849      ec87dd304468e6af31fc4eed72febb79 pass  1.0273    1.0297 
SingleSource/Benchmarks/Polybench/datamining/correlation/correlation             | pass  0.0691  0.0885      3550166e4226a8e90802b1bcf296dd76 pass  6.2332    6.2614 
SingleSource/Benchmarks/Polybench/datamining/covariance/covariance               | pass  0.0668  0.0849      c2d3e56862ee902c46942c14cdabefcf pass  6.3986    6.4301 
SingleSource/Benchmarks/Polybench/linear-algebra/kernels/2mm/2mm                 | pass  0.0690  0.0873      9304120983581a81766d277721e0349e pass 21.9017   21.9855 
SingleSource/Benchmarks/Polybench/linear-algebra/kernels/3mm/3mm                 | pass  0.0733  0.0921      dcd35521f70215e5e96c1ad7dec45381 pass 33.4221   33.5443 
SingleSource/Benchmarks/Polybench/linear-algebra/kernels/atax/atax               | pass  0.0637  0.0831      274ef78ab1e6b7918e117ce69e69ca7c pass  0.1465    0.1920 
SingleSource/Benchmarks/Polybench/linear-algebra/kernels/bicg/bicg               | pass  0.0649  0.0838      a460d248f81ee9e6d969b2e5fded4de2 pass  0.1594    0.2467 
SingleSource/Benchmarks/Polybench/linear-algebra/kernels/cholesky/cholesky       | pass  0.0654  0.0839      1aab2fc893076f102b5bdff92bdf276a pass  0.1730    0.1840 
SingleSource/Benchmarks/Polybench/linear-algebra/kernels/doitgen/doitgen         | pass  0.0685  0.0869      5775e339568ecb16056f290ba882f67f pass  0.3977    0.4078 
SingleSource/Benchmarks/Polybench/linear-algebra/kernels/gemm/gemm               | pass  0.0636  0.0820      05fd7d9d5994d90650b1f88dd314a7d9 pass 10.7325   10.7793 
SingleSource/Benchmarks/Polybench/linear-algebra/kernels/gemver/gemver           | pass  0.0709  0.0896      6e96b64f8c8c0a8fb1d22a4a55b80230 pass  0.5596    0.6101 
SingleSource/Benchmarks/Polybench/linear-algebra/kernels/gesummv/gesummv         | pass  0.0606  0.0782      3cb1d93966366a9a9b46e642e62d45fc pass  0.1828    0.3348 
SingleSource/Benchmarks/Polybench/linear-algebra/kernels/mvt/mvt                 | pass  0.0659  0.0848      e089f0cf8109fdcfaec2f8d0c4a909e6 pass  0.5090    0.5850 
SingleSource/Benchmarks/Polybench/linear-algebra/kernels/symm/symm               | pass  0.0642  0.0827      9ea7f11e42900c6b4e57eff3c0d2c3ee pass 14.8978   14.9549 
SingleSource/Benchmarks/Polybench/linear-algebra/kernels/syr2k/syr2k             | pass  0.0644  0.0832      5347a5e98fb0efb4cd6ded43e25ff08f pass  3.4998    3.5485 
SingleSource/Benchmarks/Polybench/linear-algebra/kernels/syrk/syrk               | pass  0.0629  0.0806      c6929a2a3d3b7c7fc37d1421d6458f77 pass  1.1094    1.1292 
SingleSource/Benchmarks/Polybench/linear-algebra/kernels/trisolv/trisolv         | pass  0.0606  0.0831      b1b2cfb1c9ab32633bef4a45ab320737 pass  0.1251    0.1675 
SingleSource/Benchmarks/Polybench/linear-algebra/kernels/trmm/trmm               | pass  0.0612  0.0812      49a0e2166e30f99343db47df3c1b8780 pass  0.6119    0.6273 
SingleSource/Benchmarks/Polybench/linear-algebra/solvers/durbin/durbin           | pass  0.0655  0.0839      cf0d79bf1045023ebe0c3c219775a707 pass  0.8730    1.4301 
SingleSource/Benchmarks/Polybench/linear-algebra/solvers/dynprog/dynprog         | pass  0.0637  0.0974      1e0f1a9cb2b3f7521e31fd45bf6664fc pass  0.4004    0.4036 
SingleSource/Benchmarks/Polybench/linear-algebra/solvers/gramschmidt/gramschmidt | pass  0.0811  0.1010      f0f5690abe7244a1d5091b7f71e83493 pass  2.1656    3.5874 
SingleSource/Benchmarks/Polybench/linear-algebra/solvers/lu/lu                   | pass  0.0680  0.1011      27cf13a2bc205281ba8237ba9bf48fda pass  0.0019    0.0030 
SingleSource/Benchmarks/Polybench/medley/floyd-warshall/floyd-warshall           | pass  0.0665  0.1155      ab606331b5b1ec9a6c28f81f53a714cf pass  1.1847    1.2219 
SingleSource/Benchmarks/Polybench/medley/reg_detect/reg_detect                   | pass  0.1180  0.1697      fba676348f4798d72f6d8da0a25be65d pass  0.0195    0.0204 
SingleSource/Benchmarks/Polybench/stencils/adi/adi                               | pass  0.0929  0.1498      7ecc06f81ae7c8c2ae1436121ed53b9c pass  1.6542    1.7075 
SingleSource/Benchmarks/Polybench/stencils/fdtd-2d/fdtd-2d                       | pass  0.0915  0.1192      b2f829de26e2beb8911229f785076d01 pass  0.5732    0.6723 
SingleSource/Benchmarks/Polybench/stencils/fdtd-apml/fdtd-apml                   | pass  0.0990  0.1306      05cdea0623e6f6f451c65cb62ed5882b pass  1.1879    3.0593 
SingleSource/Benchmarks/Polybench/stencils/jacobi-1d-imper/jacobi-1d-imper       | pass  0.0681  0.1056      f036cd74bbf91607919f8e8dd5ceceed pass  0.0022    0.0033 
SingleSource/Benchmarks/Polybench/stencils/jacobi-2d-imper/jacobi-2d-imper       | pass  0.0748  0.0958      e2b2e6c082ff52a557cb33dfd4f21dbc pass  0.1287    0.1457 
SingleSource/Benchmarks/Polybench/stencils/seidel-2d/seidel-2d                   | pass  0.0621  0.0942      709e740d844a1d14d270107498021d14 pass  0.2527    0.2883 
SingleSource/Benchmarks/Shootout-C++/EH/except                                   | pass  0.1761  0.2026      d65d5248bd1899cd72a7f0baa5f06fe0 pass  0.1729    0.1743 
SingleSource/Benchmarks/Shootout-C++/ackermann                                   | pass  0.1658  0.1917      c948bb2b12189e76a2090df0f6757d65 pass  0.8573    0.8609 
SingleSource/Benchmarks/Shootout-C++/ary                                         | pass  0.2055  0.2334      14d36ca412bda590e2284705f9945b51 pass  0.0267    0.0524 
SingleSource/Benchmarks/Shootout-C++/ary2                                        | pass  0.2031  0.2606      9f05f50864bce7e4807e60b2d64a9c35 pass  0.0302    0.0556 
SingleSource/Benchmarks/Shootout-C++/ary3                                        | pass  0.2061  0.2332      094ec11a4717009981cecf18c57abf08 pass  1.3493    1.3615 
SingleSource/Benchmarks/Shootout-C++/fibo                                        | pass  0.1604  0.1854      ebf43d445f5d2b25e4defac323078f32 pass  1.9306    1.9352 
SingleSource/Benchmarks/Shootout-C++/hash                                        | pass  0.3062  0.3396      4275b585292eaf59d783c0eba6ac2901 pass  0.4474    0.4858 
SingleSource/Benchmarks/Shootout-C++/hash2                                       | pass  0.3268  0.5485      08ca394f2b881726bbd0a306bf2a0c70 pass  2.2399    2.2462 
SingleSource/Benchmarks/Shootout-C++/heapsort                                    | pass  0.1792  0.2059      5655425b2a93f53bc50f6ad04b612e2f pass  2.6150    2.6425 
SingleSource/Benchmarks/Shootout-C++/hello                                       | pass  0.1574  0.1826      119542f3033220af8b74974533c2c71b pass  0.0009    0.0017 
SingleSource/Benchmarks/Shootout-C++/lists                                       | pass  0.2071  0.2347      32c95e7bea346f27d4a73f2cbe612a26 pass  4.0359    4.0445 
SingleSource/Benchmarks/Shootout-C++/lists1                                      | pass  0.2454  0.2989      e4b1076b0823de04ad821acf86096b2a pass  0.2003    0.2292 
SingleSource/Benchmarks/Shootout-C++/matrix                                      | pass  0.1891  0.2162      7849d993d7590bfb0447200a4c7b58d5 pass  2.2937    2.2993 
SingleSource/Benchmarks/Shootout-C++/methcall                                    | pass  0.1684  0.1935      08a6856b2cc7f388acd27f6faac0e8f6 pass  3.8306    3.8394 
SingleSource/Benchmarks/Shootout-C++/moments                                     | pass  0.2943  0.3268      3026c7d4d81f8f705cd5be26f83afbba pass  0.0820    0.1099 
SingleSource/Benchmarks/Shootout-C++/nestedloop                                  | pass  0.1635  0.1883      ef8d65dcf4c2c2d78177693c67e574b1 pass  0.0340    0.0354 
SingleSource/Benchmarks/Shootout-C++/objinst                                     | pass  0.1741  0.2001      8bf0a9325be926863d99152806507e8b pass  0.0010    0.0020 
SingleSource/Benchmarks/Shootout-C++/random                                      | pass  0.1704  0.1943      78b22c21bcc24c2bf3ae71f616a31527 pass  2.5206    2.5269 
SingleSource/Benchmarks/Shootout-C++/reversefile                                 | pass  0.2698  0.3128      50fc772d2f2d701bd8a13451bf446d62 pass  0.0010    0.0020 
SingleSource/Benchmarks/Shootout-C++/sieve                                       | pass  0.2263  0.2552      37dbafcd3a70d917829ab60dd483e0bb pass  1.3512    1.3547 
SingleSource/Benchmarks/Shootout-C++/spellcheck                                  | pass  0.2897  0.3244      67a96ee71c42b7a3c6b9a91458559856 pass  0.0009    0.0020 
SingleSource/Benchmarks/Shootout-C++/strcat                                      | pass  0.1747  0.2017      3ed475b30731121d0c47ff9085a3a709 pass  0.0681    0.0843 
SingleSource/Benchmarks/Shootout-C++/sumcol                                      | pass  0.1803  0.2061      a73afaf236ae832032a1e22ac74607b7 pass  0.0009    0.0018 
SingleSource/Benchmarks/Shootout-C++/wc                                          | pass  0.1878  0.2144      0093cad231df09f01326b60d9988b7a9 pass  0.0009    0.0018 
SingleSource/Benchmarks/Shootout-C++/wordfreq                                    | pass  0.2316  0.2575      6b9ad3efeff3b75c1334f77b77d885e0 pass  0.0008    0.0016 
SingleSource/Benchmarks/Shootout/ackermann                                       | pass  0.0277  0.0418      16d0486e336238409205e14d566c6586 pass  0.0045    0.0053 
SingleSource/Benchmarks/Shootout/ary3                                            | pass  0.0336  0.0495      ebf73b56a9939531b9fcbb401fa11a60 pass  1.4603    1.4792 
SingleSource/Benchmarks/Shootout/fib2                                            | pass  0.0228  0.0448      fdff59455f1fe116e4819489ad44e6fb pass  2.1778    2.1824 
SingleSource/Benchmarks/Shootout/hash                                            | pass  0.0564  0.0768      a38920134b42aac0790cf7d2428ac684 pass  4.0823    4.6347 
SingleSource/Benchmarks/Shootout/heapsort                                        | pass  0.0433  0.0603      2a0d43cd399b63beb64e18910fb15f5b pass  2.6999    3.1915 
SingleSource/Benchmarks/Shootout/hello                                           | pass  0.0198  0.0326      bacc2d1d80fe6f9feefcb40d3fa0e39d pass  0.0008    0.0017 
SingleSource/Benchmarks/Shootout/lists                                           | pass  0.0583  0.0741      93f1eec5d2b3fbf474a799e9b3c1cdc4 pass  4.8724    4.8811 
SingleSource/Benchmarks/Shootout/matrix                                          | pass  0.0573  0.0723      bf3d9f9cc3d090183ecfc3089335f548 pass  2.0094    2.0144 
SingleSource/Benchmarks/Shootout/methcall                                        | pass  0.0345  0.0492      1a02999fe4ae811c1d21a8069692947e pass  3.0385    3.0445 
SingleSource/Benchmarks/Shootout/nestedloop                                      | pass  0.0317  0.0460      482f0e82908c5fd0ea9ae73d086d81af pass  0.0338    0.0354 
SingleSource/Benchmarks/Shootout/objinst                                         | pass  0.0390  0.0535      edb0fece33431ad54453b6ae885471ae pass  0.0008    0.0018 
SingleSource/Benchmarks/Shootout/random                                          | pass  0.0360  0.0510      50af650b6775e596e9b5555ee63e544e pass  2.5100    2.5146 
SingleSource/Benchmarks/Shootout/sieve                                           | pass  0.0296  0.0446      2221b20d5f949efd0b9410bc60974813 pass  4.9325    4.9409 
SingleSource/Benchmarks/Shootout/strcat                                          | pass  0.0333  0.0485      cc3a0424e2745b52a24a92502c394bfe pass  0.1147    0.1318 
SingleSource/Benchmarks/SmallPT/smallpt                                          | pass  0.0971  0.1193      38cb7e660d6f1aedaa4eaf182f18bf30 pass  8.6234    8.6450 
SingleSource/Benchmarks/Stanford/Bubblesort                                      | pass  0.0364  0.0519      650cead57caefbe1d5ca6a030aa4309a pass  0.0366    0.0376 
SingleSource/Benchmarks/Stanford/FloatMM                                         | pass  0.0393  0.0555      400230c35cd219763438259287777280 pass  0.4048    0.4069 
SingleSource/Benchmarks/Stanford/IntMM                                           | pass  0.0383  0.0536      d983c915564ce402799d6612242144dc pass  0.0015    0.0023 
SingleSource/Benchmarks/Stanford/Oscar                                           | pass  0.0508  0.0672      f36f66b84a6c102d66a21a042db8660e pass  0.0025    0.0036 
SingleSource/Benchmarks/Stanford/Perm                                            | pass  0.0336  0.0487      cce24578a05cf176dbc70aa58a24222d pass  0.0193    0.0205 
SingleSource/Benchmarks/Stanford/Puzzle                                          | pass  0.0754  0.0924      f6d20d5898024c443fd6f295674abe77 pass  0.1167    0.1182 
SingleSource/Benchmarks/Stanford/Queens                                          | pass  0.0389  0.0544      be4dd1daffa03e9be37e41f7416d7d30 pass  0.0268    0.0280 
SingleSource/Benchmarks/Stanford/Quicksort                                       | pass  0.0358  0.0511      896d1138beb4b6b145d78e790bc22be6 pass  0.0323    0.0334 
SingleSource/Benchmarks/Stanford/RealMM                                          | pass  0.0385  0.0537      05ff3cce70809b8e714c3c4688bcab3e pass  0.0018    0.0028 
SingleSource/Benchmarks/Stanford/Towers                                          | pass  0.0424  0.0573      cfd3448c3bfcf5254bf65ac3680248df pass  0.0134    0.0143 
SingleSource/Benchmarks/Stanford/Treesort                                        | pass  0.0395  0.0541      0242686a6c95d77124aa94e7848003a4 pass  0.0554    0.0640 
SingleSource/Regression/C++/2003-05-14-array-init                                | pass  0.0223  0.0358      f55d16dde1c3ef1302c6e9f222202e97 pass  0.0008    0.0019 
SingleSource/Regression/C++/2003-05-14-expr_stmt                                 | pass  0.0161  0.0554      fba41117093992aa49dfa440528e34ed pass  0.0008    0.0018 
SingleSource/Regression/C++/2003-06-08-BaseType                                  | pass  0.0163  0.0282      29ad544af4347bcb3e861e1d6b964eaf pass  0.0009    0.0019 
SingleSource/Regression/C++/2003-06-08-VirtualFunctions                          | pass  0.0177  0.0300      28ec86388232d85f53b241201b5110f2 pass  0.0008    0.0018 
SingleSource/Regression/C++/2003-06-13-Crasher                                   | pass  0.0166  0.0293      29ad544af4347bcb3e861e1d6b964eaf pass  0.0008    0.0016 
SingleSource/Regression/C++/2003-08-20-EnumSizeProblem                           | pass  0.0164  0.0283      af69a0761e10864ba0419a799c96aa3a pass  0.0009    0.0017 
SingleSource/Regression/C++/2003-09-29-NonPODsByValue                            | pass  0.0228  0.0366      3ed160514ceec931607747d120aa344c pass  0.0008    0.0017 
SingleSource/Regression/C++/2008-01-29-ParamAliasesReturn                        | pass  0.0251  0.0387      44ce4d0e7546c8f58405e68cbe250749 pass  0.0008    0.0017 
SingleSource/Regression/C++/2011-03-28-Bitfield                                  | pass  0.0243  0.0381      268ff3d904dee132d205c4be2a2ff57c pass  0.0008    0.0017 
SingleSource/Regression/C++/BuiltinTypeInfo                                      | pass  0.0252  0.0488      25cbeae41bae0f1508b360eb02a9b450 pass  0.0008    0.0017 
SingleSource/Regression/C++/EH/ConditionalExpr                                   | pass  0.0262  0.0397      07c1ea0f3d9ebac5cfeebcc88b19c783 pass  0.0008    0.0016 
SingleSource/Regression/C++/EH/class_hierarchy                                   | pass  0.0407  0.1412      7d926d89649716e6a980ab348e314b1d pass  0.0011    0.0204 
SingleSource/Regression/C++/EH/ctor_dtor_count                                   | pass  0.0368  0.0523      2d8ce47d792da7aa6a1aa9256b5e0f18 pass  0.0009    0.0017 
SingleSource/Regression/C++/EH/ctor_dtor_count-2                                 | pass  0.0268  0.0408      d1f416a3385aa709618f0a6602413956 pass  0.0009    0.0020 
SingleSource/Regression/C++/EH/dead_try_block                                    | pass  0.0221  0.0372      129c982c8be1c47eec36f1ec3d95b100 pass  0.0009    0.0018 
SingleSource/Regression/C++/EH/exception_spec_test                               | pass  0.0351  0.0505      387d8783b9a33112d83d350b4991e641 pass  0.0010    0.0018 
SingleSource/Regression/C++/EH/function_try_block                                | pass  0.0308  0.0453      0f4592eebd360d00dca808212f36101d pass  0.0009    0.0018 
SingleSource/Regression/C++/EH/inlined_cleanup                                   | pass  0.0321  0.0467      97d109771248bdf8712542f9face6f56 pass  0.0009    0.0019 
SingleSource/Regression/C++/EH/recursive-throw                                   | pass  0.0286  0.0433      6d62ba111c46c018edcc9945e755dc53 pass  0.0009    0.0017 
SingleSource/Regression/C++/EH/simple_rethrow                                    | pass  0.0252  0.0392      28bc917e42c649fdaeacf2ed2aaeb7ed pass  0.0009    0.0018 
SingleSource/Regression/C++/EH/simple_throw                                      | pass  0.0230  0.0369      cfd1dde133cf85223819843421678593 pass  0.0009    0.0019 
SingleSource/Regression/C++/EH/throw_rethrow_test                                | pass  0.0283  0.0426      c996dc01fb4731f9944cc46648c94879 pass  0.0010    0.0019 
SingleSource/Regression/C++/fixups                                               | pass  0.0281  0.0431      8351e46411bf84773ce7202da7268825 pass  0.0009    0.0018 
SingleSource/Regression/C++/global_ctor                                          | pass  0.0266  0.0412      ce3acbd6c7322bb22b703701cb6ef650 pass  0.0009    0.0019 
SingleSource/Regression/C++/global_type                                          | pass  0.0161  0.0285      b351929fe66470a95a5a1285b33158ec pass  0.0009    0.0018 
SingleSource/Regression/C++/ofstream_ctor                                        | pass  0.1800  0.5691      727bf9817a0fda42de1590665e852742 pass  0.0009    0.0019 
SingleSource/Regression/C++/pointer_member                                       | pass  0.0226  0.0368      52a79276b95fcaf1c4cc12e9cc8997fb pass  0.0009    0.0018 
SingleSource/Regression/C++/pointer_method                                       | pass  0.0242  0.0389      df80a67db8e327c096ec89c7d47cfaad pass  0.0008    0.0016 
SingleSource/Regression/C++/pointer_method2                                      | pass  0.0280  0.0423      02efb61fee41ec362d0d46186250224b pass  0.0008    0.0017 
SingleSource/Regression/C++/short_circuit_dtor                                   | pass  0.0240  0.0378      626bba5ed8d5ee896efb50fbdd28ac2c pass  0.0008    0.0016 
SingleSource/Regression/C/2003-05-14-initialize-string                           | pass  0.0163  0.0287      bcd062767b285f5458c137e9da5555e3 pass  0.0008    0.0017 
SingleSource/Regression/C/2003-05-21-BitfieldHandling                            | pass  0.0200  0.0326      1180dcc16a767069385258b320134dc0 pass  0.0008    0.0017 
SingleSource/Regression/C/2003-05-21-UnionBitfields                              | pass  0.0304  0.0453      24a3df4de2572fded73ba93dde8e52a6 pass  0.0008    0.0016 
SingleSource/Regression/C/2003-05-21-UnionTest                                   | pass  0.0220  0.0354      2aeb35ada12e0ebf56e43a94435358c4 pass  0.0008    0.0016 
SingleSource/Regression/C/2003-05-22-LocalTypeTest                               | pass  0.0208  0.0342      69e7ab80044d0ee237d745339e9afe77 pass  0.0009    0.0017 
SingleSource/Regression/C/2003-05-22-VarSizeArray                                | pass  0.0209  0.0343      2eb4f84ef6559b3b51b001c49555b876 pass  0.0008    0.0017 
SingleSource/Regression/C/2003-05-23-TransparentUnion                            | pass  0.0209  0.0336      23b08893a2ff0180cb8a1ab1b8d874dc pass  0.0008    0.0018 
SingleSource/Regression/C/2003-06-16-InvalidInitializer                          | pass  0.0158  0.0278      837752b5b9443e9e091f280bd307f194 pass  0.0009    0.0017 
SingleSource/Regression/C/2003-06-16-VolatileError                               | pass  0.0152  0.0271      7f7cd53e307b71517ab835b279337d8e pass  0.0009    0.0018 
SingleSource/Regression/C/2003-10-12-GlobalVarInitializers                       | pass  0.0210  0.0344      54fe8257c2f1e55ba75b5c4d68e09d51 pass  0.0009    0.0019 
SingleSource/Regression/C/2004-02-03-AggregateCopy                               | pass  0.0208  0.0343      48e2d8a2b58c7d1396b855e7cfa97e7a pass  0.0008    0.0017 
SingleSource/Regression/C/2004-03-15-IndirectGoto                                | pass  0.0216  0.0350      71dc950514fd59fc8732e3342d880f4b pass  0.0008    0.0016 
SingleSource/Regression/C/2004-08-12-InlinerAndAllocas                           | pass  0.0234  0.0378      82ba18568ee95f9a5e7a1f42c6a4a7a8 pass  0.0017    0.0025 
SingleSource/Regression/C/2005-05-06-LongLongSignedShift                         | pass  0.0159  0.0300      9ed1e13431bb40300325bbd91132e85a pass  0.0008    0.0017 
SingleSource/Regression/C/2008-01-07-LongDouble                                  | pass  0.0208  0.0342      2d93d2de7ed81904430b365282903388 pass  0.0009    0.0017 
SingleSource/Regression/C/ConstructorDestructorAttributes                        | pass  0.0212  0.0339      ba592ffb1aeebc78e3331a2582c77657 pass  0.0008    0.0017 
SingleSource/Regression/C/DuffsDevice                                            | pass  0.0281  0.0424      93628a78d30f27ac283ae141b19232c9 pass  0.0008    0.0017 
SingleSource/Regression/C/PR10189                                                | pass  0.0247  0.0378      c463bd94074cdc06762e28a97c272ba2 pass  0.0011    0.0021 
SingleSource/Regression/C/PR1386                                                 | pass  0.0208  0.0339      c22b50a523a6087daecb18018b70261f pass  0.0008    0.0018 
SingleSource/Regression/C/PR491                                                  | pass  0.0213  0.0341      03f0d9ba431f4f825ac429335d8d6918 pass  0.0009    0.0017 
SingleSource/Regression/C/PR640                                                  | pass  0.0287  0.0440      023f488131041b859ee108264e701406 pass  0.0008    0.0016 
SingleSource/Regression/C/badidx                                                 | pass  0.0307  0.0683      47ae3c56fa8e28f6846030c618c7b8ec pass  0.0009    0.0018 
SingleSource/Regression/C/bigstack                                               | pass  0.0377  0.0528      9c4d3ed471df82545067de5778bcd0c1 pass  0.0009    0.0017 
SingleSource/Regression/C/callargs                                               | pass  0.0225  0.0352      dd356ad9ed7c28d9e97a77a8b84de74b pass  0.0009    0.0018 
SingleSource/Regression/C/casts                                                  | pass  0.0362  0.0672      311ca05725bd3183f8f47fd07580e19d pass  0.0009    0.0018 
SingleSource/Regression/C/compare                                                | pass  0.0270  0.0410      aab416294edb96fd68b203a95a9e469c pass  0.0009    0.0019 
SingleSource/Regression/C/globalrefs                                             | pass  0.0243  0.0380      20cde4ac230496d2efe2cb1782b4bb40 pass  0.0008    0.0018 
SingleSource/Regression/C/matrixTranspose                                        | pass  0.0247  0.0377      ed157f04ac4feb121a54ef1f3f15fc29 pass  0.0009    0.0017 
SingleSource/Regression/C/pointer_arithmetic                                     | pass  0.0164  0.0280      29ad544af4347bcb3e861e1d6b964eaf pass  0.0008    0.0018 
SingleSource/Regression/C/sumarray                                               | pass  0.0316  0.0458      86a04518804b5e284b6527548b90f832 pass  0.0009    0.0017 
SingleSource/Regression/C/sumarray2d                                             | pass  0.0343  0.0489      99a2da2a654b4bfb0c915a0d0fa5985b pass  0.0009    0.0020 
SingleSource/Regression/C/sumarraymalloc                                         | pass  0.0325  0.0472      a8340a9795da165b001a2c1b63df8667 pass  0.0009    0.0017 
SingleSource/Regression/C/test_indvars                                           | pass  0.0279  0.0419      850b45df5576cf59199f3f980ba08c39 pass  0.0009    0.0018 
SingleSource/Regression/C/testtrace                                              | pass  0.0324  0.0468      6db2a7517202852079c65f5d1b6c2d49 pass  0.0009    0.0018 
SingleSource/Regression/C/uint64_to_float                                        | pass  0.0364  0.1536      a64e6786384f2b78de60f6df8e5c534c pass  0.3436    0.3455 
SingleSource/UnitTests/2002-04-17-PrintfChar                                     | pass  0.0167  0.0292      b3c47624360cf3a45ad2f2b895ff4474 pass  0.0008    0.0017 
SingleSource/UnitTests/2002-05-02-ArgumentTest                                   | pass  0.0171  0.0295      2691aeda9ee37279f3176635977d5781 pass  0.0009    0.0017 
SingleSource/UnitTests/2002-05-02-CastTest                                       | pass  0.0295  0.0446      198c195e4c42f734350290fa5a721f71 pass  0.0008    0.0017 
SingleSource/UnitTests/2002-05-02-CastTest1                                      | pass  0.0161  0.0285      282b903032b7d9fb700287adc39c7b8a pass  0.0009    0.0017 
SingleSource/UnitTests/2002-05-02-CastTest2                                      | pass  0.0260  0.0401      d231f4a613cf742a049deb22a0a43243 pass  0.0008    0.0016 
SingleSource/UnitTests/2002-05-02-CastTest3                                      | pass  0.0161  0.0284      1203aea400cf772820c185df546c9e4b pass  0.0008    0.0017 
SingleSource/UnitTests/2002-05-02-ManyArguments                                  | pass  0.0212  0.0339      a5d4e69a2fbd0f7103b4bc096dd4b084 pass  0.0009    0.0017 
SingleSource/UnitTests/2002-05-03-NotTest                                        | pass  0.0223  0.0354      20506f35449a585fa1386eb2d2c74a27 pass  0.0008    0.0018 
SingleSource/UnitTests/2002-05-19-DivTest                                        | pass  0.0200  0.0330      3467415061217c8d7d61f83375986dd0 pass  0.0008    0.0016 
SingleSource/UnitTests/2002-08-02-CastTest                                       | pass  0.0208  0.0339      5384adc317e82fe8cdf6bed85511b137 pass  0.0009    0.0018 
SingleSource/UnitTests/2002-08-02-CastTest2                                      | pass  0.0166  0.0285      8d1459bd67bd10559977af78d1d2321a pass  0.0009    0.0020 
SingleSource/UnitTests/2002-08-19-CodegenBug                                     | pass  0.0249  0.0387      7afcb9638b6f5f7b619bd66c79d63740 pass  0.0009    0.0017 
SingleSource/UnitTests/2002-10-09-ArrayResolution                                | pass  0.0224  0.0359      cf8ca91304a76da11c0bd97ee0f69529 pass  0.0008    0.0017 
SingleSource/UnitTests/2002-10-12-StructureArgs                                  | pass  0.0218  0.0357      40c909eb3cfc870035c8606a3f4be0f9 pass  0.0008    0.0021 
SingleSource/UnitTests/2002-10-12-StructureArgsSimple                            | pass  0.0210  0.0348      29a2a7e87bf86e8752236db462dbd3e6 pass  0.0009    0.0018 
SingleSource/UnitTests/2002-10-13-BadLoad                                        | pass  0.0161  0.0282      a0271d0c58eda5bf9bdacb9e2fdc0ad4 pass  0.0008    0.0017 
SingleSource/UnitTests/2002-12-13-MishaTest                                      | pass  0.0236  0.0378      971008a80773d14b532906e6b2dc15b5 pass  0.0008    0.0016 
SingleSource/UnitTests/2003-04-22-Switch                                         | pass  0.0227  0.0362      91f875838e36b7ea47ed6efd2af159bf pass  0.0008    0.0017 
SingleSource/UnitTests/2003-05-02-DependentPHI                                   | pass  0.0224  0.0364      690a92ae1f4e017a15c8d464bc17b1ec pass  0.0009    0.0019 
SingleSource/UnitTests/2003-05-07-VarArgs                                        | pass  0.0318  0.0467      aa0285039b4fdf935f60f5ae1b3a19c1 pass  0.0009    0.0017 
SingleSource/UnitTests/2003-05-12-MinIntProblem                                  | pass  0.0213  0.0345      09d7b8c632cbc85f9c1384e5e7d35036 pass  0.0008    0.0017 
SingleSource/UnitTests/2003-05-14-AtExit                                         | pass  0.0257  0.0402      8872484c0cf624e3731e07d9aff83a70 pass  0.0009    0.0017 
SingleSource/UnitTests/2003-05-26-Shorts                                         | pass  0.0239  0.0376      4147d3e408e821a195d51c4fc9b59b41 pass  0.0009    0.0019 
SingleSource/UnitTests/2003-05-31-CastToBool                                     | pass  0.0264  0.0411      7b3947936f24795910f1ad36047b7a88 pass  0.0008    0.0017 
SingleSource/UnitTests/2003-05-31-LongShifts                                     | pass  0.0199  0.0333      3b883c4d9494fb59a5967da443ab8b05 pass  0.0009    0.0019 
SingleSource/UnitTests/2003-07-06-IntOverflow                                    | pass  0.0242  0.0379      73b9754c85671ad4852fd156295c0c1d pass  0.0008    0.0017 
SingleSource/UnitTests/2003-07-08-BitOpsTest                                     | pass  0.0215  0.0346      77ef587d85da7e5543ec47fa4191eda5 pass  0.0008    0.0016 
SingleSource/UnitTests/2003-07-09-LoadShorts                                     | pass  0.0279  0.0427      43023338e7e3b66f2aed7337b90ae75f pass  0.0008    0.0017 
SingleSource/UnitTests/2003-07-09-SignedArgs                                     | pass  0.0315  0.0575      e3c037abca8e5bba1cb9e68586d28324 pass  0.0008    0.0019 
SingleSource/UnitTests/2003-07-10-SignConversions                                | pass  0.0219  0.0357      1af20f76c41cdbb67dba8d421be2fcda pass  0.0008    0.0020 
SingleSource/UnitTests/2003-08-05-CastFPToUint                                   | pass  0.0259  0.0399      06d83442bd8b58cd9d4e4ba66f0ee4bd pass  0.0009    0.0017 
SingleSource/UnitTests/2003-08-11-VaListArg                                      | pass  0.0329  0.0471      1b4f1555ab27754cc1d30f3f32da21dc pass  0.0009    0.0017 
SingleSource/UnitTests/2003-08-20-FoldBug                                        | pass  0.0224  0.0359      731b527be1fee77c2d4def97d67845d4 pass  0.0009    0.0017 
SingleSource/UnitTests/2003-09-18-BitFieldTest                                   | pass  0.0215  0.0344      d9525718cec37177f8abd0186356acd2 pass  0.0009    0.0018 
SingleSource/UnitTests/2003-10-13-SwitchTest                                     | pass  0.0209  0.0345      271090a45a82841da2a2c31ce2935abb pass  0.0009    0.0019 
SingleSource/UnitTests/2003-10-29-ScalarReplBug                                  | pass  0.0216  0.0358      d98d26f51c4cb7a2b359e482491ef579 pass  0.0009    0.0018 
SingleSource/UnitTests/2004-02-02-NegativeZero                                   | pass  0.0169  0.0293      31841ecb4cb3519e9bb9731b26520bce pass  0.0009    0.0017 
SingleSource/UnitTests/2004-06-20-StaticBitfieldInit                             | pass  0.0208  0.0339      46ac5b394c0d5b008151c2f261f02e11 pass  0.0009    0.0018 
SingleSource/UnitTests/2004-11-28-GlobalBoolLayout                               | pass  0.0310  0.0457      c8866c6ecded3a04c94f1a7c97526375 pass  0.0009    0.0018 
SingleSource/UnitTests/2005-05-11-Popcount-ffs-fls                               | pass  0.0384  0.0541      7c79702ecd149375f39728d14d800ae4 pass  0.0009    0.0017 
SingleSource/UnitTests/2005-05-12-Int64ToFP                                      | pass  0.0217  0.0353      ff7f8d6d72e645a7068d2edff405152e pass  0.0009    0.0017 
SingleSource/UnitTests/2005-05-13-SDivTwo                                        | pass  0.0217  0.0353      ee8f69fe181bd38135b6d135ecf493f1 pass  0.0008    0.0016 
SingleSource/UnitTests/2005-07-15-Bitfield-ABI                                   | pass  0.0173  0.0297      0db6cef266b48920cba39d61019465f8 pass  0.0008    0.0017 
SingleSource/UnitTests/2005-07-17-INT-To-FP                                      | pass  0.0245  0.0387      21fd09be69a66ea2dc04256e46b0417c pass  0.0012    0.0021 
SingleSource/UnitTests/2005-11-29-LongSwitch                                     | pass  0.0214  0.0348      1dc3f58192e9dd62538f2963a344cd24 pass  0.0008    0.0016 
SingleSource/UnitTests/2006-01-23-UnionInit                                      | pass  0.0274  0.0411      944e87156f16ff93ab36a6e15881ed59 pass  0.0008    0.0016 
SingleSource/UnitTests/2006-01-29-SimpleIndirectCall                             | pass  0.0212  0.0344      7738d7246daa1d37ba74ba00f3cd3538 pass  0.0008    0.0016 
SingleSource/UnitTests/2006-02-04-DivRem                                         | pass  0.0229  0.0363      6e731ee6bed212ff3e0feebe22bfcf6a pass  0.0008    0.0017 
SingleSource/UnitTests/2006-12-01-float_varg                                     | pass  0.0203  0.0329      ca9b9143533075fb7b933c65d6a6dfc8 pass  0.0009    0.0017 
SingleSource/UnitTests/2006-12-04-DynAllocAndRestore                             | pass  0.0187  0.0423      7f7cd53e307b71517ab835b279337d8e pass  0.0008    0.0016 
SingleSource/UnitTests/2006-12-07-Compare64BitConstant                           | pass  0.0219  0.0355      fa54625e3e883a8f32a8b63426b5f8cf pass  0.0009    0.0017 
SingleSource/UnitTests/2006-12-11-LoadConstants                                  | pass  0.0777  0.0932      e2d0a341eb04334d89d2e4133d44bb38 pass  0.0008    0.0018 
SingleSource/UnitTests/2007-01-04-KNR-Args                                       | pass  0.0228  0.0367      ccc4f570965ec789ca3c4e6f2343cbaf pass  0.0009    0.0019 
SingleSource/UnitTests/2007-03-02-VaCopy                                         | pass  0.0230  0.0365      b4decf8b4132f4680c9b52e74af4eb94 pass  0.0009    0.0018 
SingleSource/UnitTests/2007-04-10-BitfieldTest                                   | pass  0.0257  0.0403      3d5f6f3733766b211af13ddb6fb5fcff pass  0.0008    0.0016 
SingleSource/UnitTests/2007-04-25-weak                                           | pass  0.0166  0.0328      46975ae8e88c000b199207d55911e74a pass  0.0008    0.0016 
SingleSource/UnitTests/2008-04-18-LoopBug                                        | pass  0.0199  0.0326      165d4df1a6d52be14d081c91aeaa3168 pass  0.0008    0.0017 
SingleSource/UnitTests/2008-04-20-LoopBug2                                       | pass  0.0203  0.0340      73b6f20b324bad4923b70ee4981a06be pass  0.0008    0.0018 
SingleSource/UnitTests/2008-07-13-InlineSetjmp                                   | pass  0.0225  0.0453      405910345032b697cefe8b1c5790f52c pass  0.0009    0.0017 
SingleSource/UnitTests/2009-04-16-BitfieldInitialization                         | pass  0.0262  0.0410      80eb3fa2410588a87e43268e2265c54e pass  0.0009    0.0017 
SingleSource/UnitTests/2009-12-07-StructReturn                                   | pass  0.0188  0.0323      f598bf6e39f95c0bdda6e6d0109563f6 pass  0.0008    0.0017 
SingleSource/UnitTests/2010-05-24-BitfieldTest                                   | pass  0.0168  0.0292      7f7cd53e307b71517ab835b279337d8e pass  0.0009    0.0017 
SingleSource/UnitTests/AtomicOps                                                 | pass  0.0241  0.0398      a6d5478f8b00d722e6e96a5cb3c47ee0 pass  0.0008    0.0018 
SingleSource/UnitTests/C++11/stdthreadbug                                        | pass  0.0158  0.0274      a8d15fcc3f4fd959ab5d9d9540f6494e pass  0.0009    0.0018 
SingleSource/UnitTests/DefaultInitDynArrays                                      | pass  0.0175  0.0312      fba41117093992aa49dfa440528e34ed pass  0.0009    0.0018 
SingleSource/UnitTests/FloatPrecision                                            | pass  0.0217  0.0358      1fe4ed071973a9db3b8628ffd4ab6dfe pass  0.0009    0.0018 
SingleSource/UnitTests/SignlessTypes/Large/cast                                  | pass  0.0509  0.0682      6a6fb94101d336dc1086ce7d6af3eb02 pass  0.0087    0.0114 
SingleSource/UnitTests/SignlessTypes/cast-bug                                    | pass  0.0175  0.0296      03accae06b85ee6405a5aab1d1c8b8a1 pass  0.0008    0.0016 
SingleSource/UnitTests/SignlessTypes/cast2                                       | pass  0.0227  0.0360      f7b63560ce768f29100a57ed74366d9f pass  0.0008    0.0016 
SingleSource/UnitTests/SignlessTypes/ccc                                         | pass  0.0290  0.0441      a1298c5a85d84e827cb7b1c8f7f89d3c pass  0.0009    0.0019 
SingleSource/UnitTests/SignlessTypes/div                                         | pass  0.0294  0.0431      a7d4d2fc71f4976b2f4ea2695f188cea pass  0.0009    0.0018 
SingleSource/UnitTests/SignlessTypes/factor                                      | pass  0.0328  0.0475      a2f291d635b5ed16d2b99814becb9d30 pass  0.0008    0.0018 
SingleSource/UnitTests/SignlessTypes/rem                                         | pass  0.0822  0.0994      8fe495f202bca7a0b13e02776a4c7f42 pass  0.0014    0.0022 
SingleSource/UnitTests/SignlessTypes/shr                                         | pass  0.0295  0.0432      deb1151a324354f41b0bae3c0dc9be5b pass  0.0009    0.0017 
SingleSource/UnitTests/StructModifyTest                                          | pass  0.0175  0.0298      92f7de09666578defb20ab136ce0dc25 pass  0.0009    0.0017 
SingleSource/UnitTests/TestLoop                                                  | pass  0.0229  0.0372      f1605611b3a4c3ebbdc6da8f930fcfcb pass  0.0008    0.0017 
SingleSource/UnitTests/Threads/2010-12-08-tls                                    | pass  0.0211  0.0359      2a6242b6951bbb2dfb91cdc35b92ed7b pass  0.0009    0.0019 
SingleSource/UnitTests/Threads/tls                                               | pass  0.0273  0.0440      e05e39adf60155c8a5dae4bcfaa14d4f pass  0.0010    0.0022 
SingleSource/UnitTests/Vector/SSE/sse.expandfft                                  | pass  0.0937  0.1542      325371f2b205e1f151fc7ae363148b4c pass  0.2551    0.2565 
SingleSource/UnitTests/Vector/SSE/sse.isamax                                     | pass  0.0747  0.1197      9b171e627481e5ed8c3ced2cf4c70d19 pass  0.0008    0.0017 
SingleSource/UnitTests/Vector/SSE/sse.shift                                      | pass  0.0444  0.0597      7dd0b5be86086c5bddb58c1ea2c5b5b0 pass  0.0008    0.0018 
SingleSource/UnitTests/Vector/SSE/sse.stepfft                                    | pass  0.0832  0.1020      4066aee356e04bfc2fb0ab11dfbfceb6 pass  0.3392    0.3410 
SingleSource/UnitTests/Vector/build                                              | pass  0.0235  0.0373      515b9b766ed4832a0d326fb2938ea933 pass  0.0009    0.0019 
SingleSource/UnitTests/Vector/build2                                             | pass  0.0321  0.0477      5596eeb5a4818e6211d4e3e1e7e6e667 pass  1.0154    1.0182 
SingleSource/UnitTests/Vector/divides                                            | pass  0.0227  0.0364      7ad174db2a4bdd5774f9487002dacb27 pass  0.0009    0.0018 
SingleSource/UnitTests/Vector/multiplies                                         | pass  0.0309  0.0450      78511cc8a2b379f05e290635623eb1a0 pass  1.1410    1.1446 
SingleSource/UnitTests/Vector/simple                                             | pass  0.0262  0.0416      f8169ebeeb41bbf5401bb2d6515cf3d8 pass  0.0009    0.0019 
SingleSource/UnitTests/Vector/sumarray                                           | pass  0.0251  0.0432      b6a588e0881c521375bb107502a8d64a pass  0.0009    0.0020 
SingleSource/UnitTests/Vector/sumarray-dbl                                       | pass  0.0246  0.0390      5c8aacd6ad4b374ffc9fa38dbd88b493 pass  0.0009    0.0020 
SingleSource/UnitTests/Vectorizer/gcc-loops                                      | pass  0.3498  0.3939      f4d7b5e66c550e1cf5b52e63cebe842d pass  2.6907    2.6963 
SingleSource/UnitTests/block-byref-cxxobj-test                                   | pass  0.0157  0.0282      7f7cd53e307b71517ab835b279337d8e pass  0.0008    0.0016 
SingleSource/UnitTests/block-byref-test                                          | pass  0.0154  0.0284      7f7cd53e307b71517ab835b279337d8e pass  0.0008    0.0020 
SingleSource/UnitTests/block-call-r7674133                                       | pass  0.0160  0.0381      7f7cd53e307b71517ab835b279337d8e pass  0.0009    0.0017 
SingleSource/UnitTests/block-copied-in-cxxobj                                    | pass  0.0156  0.0280      7f7cd53e307b71517ab835b279337d8e pass  0.0008    0.0017 
SingleSource/UnitTests/block-copied-in-cxxobj-1                                  | pass  0.0158  0.0350      7f7cd53e307b71517ab835b279337d8e pass  0.0009    0.0018 
SingleSource/UnitTests/blockstret                                                | pass  0.0152  0.0274      7f7cd53e307b71517ab835b279337d8e pass  0.0009    0.0018 
SingleSource/UnitTests/byval-alignment                                           | pass  0.0225  0.0366      7cf80be40214fab207a0f2c48db07064 pass  0.0009    0.0019 
SingleSource/UnitTests/conditional-gnu-ext                                       | pass  0.0177  0.0302      5c842a1854da81f268ef10f1cc3158f9 pass  0.0008    0.0017 
SingleSource/UnitTests/conditional-gnu-ext-cxx                                   | pass  0.0201  0.0335      5f0d1df9d3953ed93af6cd42f1767c25 pass  0.0008    0.0016 
SingleSource/UnitTests/initp1                                                    | pass  0.0421  0.0580      bf5d92fe2e91736c524ed66d183d687a pass  0.0008    0.0017 
SingleSource/UnitTests/member-function-pointers                                  | pass  0.0248  0.0384      e63db271a6637dd384eb17c784afae44 pass  0.0008    0.0018 
SingleSource/UnitTests/ms_struct-bitfield                                        | pass  0.0171  0.0293      c541b49f84703a78a6eff8d56e7c0496 pass  0.0008    0.0016 
SingleSource/UnitTests/ms_struct-bitfield-1                                      | pass  0.0162  0.0285      7f7cd53e307b71517ab835b279337d8e pass  0.0009    0.0018 
SingleSource/UnitTests/ms_struct-bitfield-init                                   | pass  0.0250  0.0419      53647cff1205e4b045eb5c45673947cf pass  0.0008    0.0016 
SingleSource/UnitTests/ms_struct-bitfield-init-1                                 | pass  0.0265  0.0435      a4d8c05b3ea78130970ec68541a36a11 pass  0.0008    0.0016 
SingleSource/UnitTests/ms_struct_pack_layout                                     | pass  0.0243  0.0390      7f7cd53e307b71517ab835b279337d8e pass  0.0008    0.0017 
SingleSource/UnitTests/ms_struct_pack_layout-1                                   | pass  0.0161  0.0289      7f7cd53e307b71517ab835b279337d8e pass  0.0009    0.0019 
SingleSource/UnitTests/printargs                                                 | pass  0.0229  0.0368      aebc9aebc50c5f3a7e5f32703a092322 pass  0.0009    0.0017 
SingleSource/UnitTests/stmtexpr                                                  | pass  0.0213  0.0346      d7ab1fb493e31d02a3453ca53eab9eaf pass  0.0008    0.0017 
SingleSource/UnitTests/vla                                                       | pass  0.0358  0.0505      f84d7a876ae243b0ee0b5df07b74ddf2 pass  0.0009    0.0017 
/home/ed/mcsema-testing/llvm-test-suite/GenerateReport.pl -csv /home/ed/mcsema-testing/llvm-test-suite/TEST.simple.report  < report.simple.raw.out > report.simple.csv
7f7cd53e307b71517ab835b279337d8e pass  0.0009    0.0017 
SingleSource/UnitTests/AtomicOps                                                 | pass  0.0241  0.0398      a6d5478f8b00d722e6e96a5cb3c47ee0 pass  0.0008    0.0018 
SingleSource/UnitTests/C++11/stdthreadbug                                        | pass  0.0158  0.0274      a8d15fcc3f4fd959ab5d9d9540f6494e pass  0.0009    0.0018 
SingleSource/UnitTests/DefaultInitDynArrays                                      | pass  0.0175  0.0312      fba41117093992aa49dfa440528e34ed pass  0.0009    0.0018 
SingleSource/UnitTests/FloatPrecision                                            | pass  0.0217  0.0358      1fe4ed071973a9db3b8628ffd4ab6dfe pass  0.0009    0.0018 
SingleSource/UnitTests/SignlessTypes/Large/cast                                  | pass  0.0509  0.0682      6a6fb94101d336dc1086ce7d6af3eb02 pass  0.0087    0.0114 
SingleSource/UnitTests/SignlessTypes/cast-bug                                    | pass  0.0175  0.0296      03accae06b85ee6405a5aab1d1c8b8a1 pass  0.0008    0.0016 
SingleSource/UnitTests/SignlessTypes/cast2                                       | pass  0.0227  0.0360      f7b63560ce768f29100a57ed74366d9f pass  0.0008    0.0016 
SingleSource/UnitTests/SignlessTypes/ccc                                         | pass  0.0290  0.0441      a1298c5a85d84e827cb7b1c8f7f89d3c pass  0.0009    0.0019 
SingleSource/UnitTests/SignlessTypes/div                                         | pass  0.0294  0.0431      a7d4d2fc71f4976b2f4ea2695f188cea pass  0.0009    0.0018 
SingleSource/UnitTests/SignlessTypes/factor                                      | pass  0.0328  0.0475      a2f291d635b5ed16d2b99814becb9d30 pass  0.0008    0.0018 
SingleSource/UnitTests/SignlessTypes/rem                                         | pass  0.0822  0.0994      8fe495f202bca7a0b13e02776a4c7f42 pass  0.0014    0.0022 
SingleSource/UnitTests/SignlessTypes/shr                                         | pass  0.0295  0.0432      deb1151a324354f41b0bae3c0dc9be5b pass  0.0009    0.0017 
SingleSource/UnitTests/StructModifyTest                                          | pass  0.0175  0.0298      92f7de09666578defb20ab136ce0dc25 pass  0.0009    0.0017 
SingleSource/UnitTests/TestLoop                                                  | pass  0.0229  0.0372      f1605611b3a4c3ebbdc6da8f930fcfcb pass  0.0008    0.0017 
SingleSource/UnitTests/Threads/2010-12-08-tls                                    | pass  0.0211  0.0359      2a6242b6951bbb2dfb91cdc35b92ed7b pass  0.0009    0.0019 
SingleSource/UnitTests/Threads/tls                                               | pass  0.0273  0.0440      e05e39adf60155c8a5dae4bcfaa14d4f pass  0.0010    0.0022 
SingleSource/UnitTests/Vector/SSE/sse.expandfft                                  | pass  0.0937  0.1542      325371f2b205e1f151fc7ae363148b4c pass  0.2551    0.2565 
SingleSource/UnitTests/Vector/SSE/sse.isamax                                     | pass  0.0747  0.1197      9b171e627481e5ed8c3ced2cf4c70d19 pass  0.0008    0.0017 
SingleSource/UnitTests/Vector/SSE/sse.shift                                      | pass  0.0444  0.0597      7dd0b5be86086c5bddb58c1ea2c5b5b0 pass  0.0008    0.0018 
SingleSource/UnitTests/Vector/SSE/sse.stepfft                                    | pass  0.0832  0.1020      4066aee356e04bfc2fb0ab11dfbfceb6 pass  0.3392    0.3410 
SingleSource/UnitTests/Vector/build                                              | pass  0.0235  0.0373      515b9b766ed4832a0d326fb2938ea933 pass  0.0009    0.0019 
SingleSource/UnitTests/Vector/build2                                             | pass  0.0321  0.0477      5596eeb5a4818e6211d4e3e1e7e6e667 pass  1.0154    1.0182 
SingleSource/UnitTests/Vector/divides                                            | pass  0.0227  0.0364      7ad174db2a4bdd5774f9487002dacb27 pass  0.0009    0.0018 
SingleSource/UnitTests/Vector/multiplies                                         | pass  0.0309  0.0450      78511cc8a2b379f05e290635623eb1a0 pass  1.1410    1.1446 
SingleSource/UnitTests/Vector/simple                                             | pass  0.0262  0.0416      f8169ebeeb41bbf5401bb2d6515cf3d8 pass  0.0009    0.0019 
SingleSource/UnitTests/Vector/sumarray                                           | pass  0.0251  0.0432      b6a588e0881c521375bb107502a8d64a pass  0.0009    0.0020 
SingleSource/UnitTests/Vector/sumarray-dbl                                       | pass  0.0246  0.0390      5c8aacd6ad4b374ffc9fa38dbd88b493 pass  0.0009    0.0020 
SingleSource/UnitTests/Vectorizer/gcc-loops                                      | pass  0.3498  0.3939      f4d7b5e66c550e1cf5b52e63cebe842d pass  2.6907    2.6963 
SingleSource/UnitTests/block-byref-cxxobj-test                                   | pass  0.0157  0.0282      7f7cd53e307b71517ab835b279337d8e pass  0.0008    0.0016 
SingleSource/UnitTests/block-byref-test                                          | pass  0.0154  0.0284      7f7cd53e307b71517ab835b279337d8e pass  0.0008    0.0020 
SingleSource/UnitTests/block-call-r7674133                                       | pass  0.0160  0.0381      7f7cd53e307b71517ab835b279337d8e pass  0.0009    0.0017 
SingleSource/UnitTests/block-copied-in-cxxobj                                    | pass  0.0156  0.0280      7f7cd53e307b71517ab835b279337d8e pass  0.0008    0.0017 
SingleSource/UnitTests/block-copied-in-cxxobj-1                                  | pass  0.0158  0.0350      7f7cd53e307b71517ab835b279337d8e pass  0.0009    0.0018 
SingleSource/UnitTests/blockstret                                                | pass  0.0152  0.0274      7f7cd53e307b71517ab835b279337d8e pass  0.0009    0.0018 
SingleSource/UnitTests/byval-alignment                                           | pass  0.0225  0.0366      7cf80be40214fab207a0f2c48db07064 pass  0.0009    0.0019 
SingleSource/UnitTests/conditional-gnu-ext                                       | pass  0.0177  0.0302      5c842a1854da81f268ef10f1cc3158f9 pass  0.0008    0.0017 
SingleSource/UnitTests/conditional-gnu-ext-cxx                                   | pass  0.0201  0.0335      5f0d1df9d3953ed93af6cd42f1767c25 pass  0.0008    0.0016 
SingleSource/UnitTests/initp1                                                    | pass  0.0421  0.0580      bf5d92fe2e91736c524ed66d183d687a pass  0.0008    0.0017 
SingleSource/UnitTests/member-function-pointers                                  | pass  0.0248  0.0384      e63db271a6637dd384eb17c784afae44 pass  0.0008    0.0018 
SingleSource/UnitTests/ms_struct-bitfield                                        | pass  0.0171  0.0293      c541b49f84703a78a6eff8d56e7c0496 pass  0.0008    0.0016 
SingleSource/UnitTests/ms_struct-bitfield-1                                      | pass  0.0162  0.0285      7f7cd53e307b71517ab835b279337d8e pass  0.0009    0.0018 
SingleSource/UnitTests/ms_struct-bitfield-init                                   | pass  0.0250  0.0419      53647cff1205e4b045eb5c45673947cf pass  0.0008    0.0016 
SingleSource/UnitTests/ms_struct-bitfield-init-1                                 | pass  0.0265  0.0435      a4d8c05b3ea78130970ec68541a36a11 pass  0.0008    0.0016 
SingleSource/UnitTests/ms_struct_pack_layout                                     | pass  0.0243  0.0390      7f7cd53e307b71517ab835b279337d8e pass  0.0008    0.0017 
SingleSource/UnitTests/ms_struct_pack_layout-1                                   | pass  0.0161  0.0289      7f7cd53e307b71517ab835b279337d8e pass  0.0009    0.0019 
SingleSource/UnitTests/printargs                                                 | pass  0.0229  0.0368      aebc9aebc50c5f3a7e5f32703a092322 pass  0.0009    0.0017 
SingleSource/UnitTests/stmtexpr                                                  | pass  0.0213  0.0346      d7ab1fb493e31d02a3453ca53eab9eaf pass  0.0008    0.0017 
SingleSource/UnitTests/vla                                                       | pass  0.0358  0.0505      f84d7a876ae243b0ee0b5df07b74ddf2 pass  0.0009    0.0017 
/home/ed/mcsema-testing/llvm-test-suite/GenerateReport.pl -csv /home/ed/mcsema-testing/llvm-test-suite/TEST.simple.report  < report.simple.raw.out > report.simple.csv
